[MCS8 A] 97 FW 3.104 SV 1.257 
range=1024
periods=2
sweepmode=27e20d0
fstchan=0
holdafter=0
streamstatus=3
calreg0=0
calreg1=0
calreg2=0
calreg3=0
swpreset=8000        
prena=1
syncout=0
cycles=18
sequences=1
tagbits=16
vdac0=92c
vdac1=807
vdac2=8c8
vdac3=8c8
vdac4=8c8
vdac5=8c8
vdac6=8c8
vdac7=8c8
timepreset=150.000     
digio=0
digval=0
autoinc=0 
savedata=2 
mpafmt=asc
sephead=0 
fmt=asc
smoothpts=5 
[CHN1]
REPORT-FILE from 07/02/2026 12:35:02.833  written 07/02/2026 12:35:02
cmline0=07/02/2026 12:35:02.833 
cmline1=A1
range=1024
active=1
bitshift=4
cftfak=2580100
evpreset=10          
roimin=0
roimax=1000
caloff=0.800000
calfact=12.800000
calfact2=0
calfact3=0
calunit=nsec
caluse=1 
[CHN2]
REPORT-FILE from  written 07/02/2026 12:35:02
cmline1=A2
range=1024
active=0
bitshift=4
cftfak=2580100
evpreset=10          
roimin=0
roimax=1000
caloff=0.800000
calfact=12.800000
calfact2=0
calfact3=0
calunit=nsec
caluse=1 
[CHN3]
REPORT-FILE from  written 07/02/2026 12:35:02
cmline1=A3
range=1024
active=0
bitshift=4
cftfak=2580100
evpreset=10          
roimin=0
roimax=1000
caloff=0.800000
calfact=12.800000
calfact2=0
calfact3=0
calunit=nsec
caluse=1 
[CHN4]
REPORT-FILE from  written 07/02/2026 12:35:02
cmline1=A4
range=1024
active=0
bitshift=4
cftfak=2580100
evpreset=10          
roimin=0
roimax=1000
caloff=0.800000
calfact=12.800000
calfact2=0
calfact3=0
calunit=nsec
caluse=1 
[CHN5]
REPORT-FILE from  written 07/02/2026 12:35:02
cmline1=A5
range=1024
active=0
bitshift=4
cftfak=2580100
evpreset=10          
roimin=0
roimax=1000
caloff=0.800000
calfact=12.800000
calfact2=0
calfact3=0
calunit=nsec
caluse=1 
[CHN6]
REPORT-FILE from  written 07/02/2026 12:35:02
cmline1=A6
range=1024
active=0
bitshift=4
cftfak=2580100
evpreset=10          
roimin=0
roimax=1000
caloff=0.800000
calfact=12.800000
calfact2=0
calfact3=0
calunit=nsec
caluse=1 
[CHN7]
REPORT-FILE from  written 07/02/2026 12:35:02
cmline1=A7
range=1024
active=0
bitshift=4
cftfak=2580100
evpreset=0           
roimin=0
roimax=1000
caloff=0.800000
calfact=12.800000
calfact2=0
calfact3=0
calunit=nsec
caluse=1 
[CHN8]
REPORT-FILE from  written 07/02/2026 12:35:02
cmline1=A8
range=1024
active=0
bitshift=4
cftfak=2580100
evpreset=0           
roimin=0
roimax=1000
caloff=0.800000
calfact=12.800000
calfact2=0
calfact3=0
calunit=nsec
caluse=1 
;MCS8 #97 Sversion=1.257 Fversion=3.68
time_patch=1
;datalength=8 bytes
;bit0..3: channel# 1..8 ( 4 bit)
;bit4: edge 0=up / 1=dn ( 1 bit)
;bit5 ..57: timedata    (53 bit), max sweep length 2001.6 h
;bit58..62: tag0..tag4  ( 5 bit)
;bit63:     data_lost   ( 1 bit)
[DATA]
0000000000000016
00000000bf02fad9
00000021570a2b61
0000000002214671
0000000000000181
0000001290c70959
00000033f774f561
0000000002214671
0000000000000181
0000001af5f0f9d9
000000213b0ad099
0000004697dfc061
0000000002214671
0000000000000181
000000291b4014d9
0000002c23b07059
00000059384a8a61
0000000002214671
0000000000000181
0000002d03deead9
0000006bd8b55561
0000000002214671
0000000000000181
0000007e79201f61
0000000002214671
0000000000000181
000000413c7b0539
000000419835ce99
00000043ef49a519
00000091198aea61
0000000002214671
0000000000000181
000000a3b9f5b461
0000000002214671
0000000000000181
000000b65a607f61
0000000002214671
0000000000000181
000000606ceebd59
000000c8facb4a61
0000000002214671
0000000000000181
0000006546689f99
0000006869e6dfd9
000000db9b361561
0000000002214671
0000000000000181
000000768c60de99
000000ee3ba0df61
0000000002214671
0000000000000181
00000079ebc9ffd9
0000007beee34459
000000803c793d99
00000100dc0baa61
0000000002214671
0000000000000181
000001137c767561
0000000002214671
0000000000000181
000001261ce13f61
0000000002214671
0000000000000181
00000097e00a42b9
0000009915bb39d9
0000009bc2e93459
00000138bd4c0a61
0000000002214671
0000000000000181
000000a4e6016439
0000014b5db6d561
0000000002214671
0000000000000181
000000ad8d549fb9
0000015dfe21a061
0000000002214671
0000000000000181
000000b4a29b2859
000001709e8c6b61
0000000002214671
0000000000000181
000001833ef73661
0000000002214671
0000000000000181
000000c325bbd519
000000c93c22c3b9
00000195df620061
0000000002214671
0000000000000181
000000d23a36f939
000001a87fcccb61
0000000002214671
0000000000000181
000000d72dde5a59
000001bb20379661
0000000002214671
0000000000000181
000000e44e98cbf9
000001cdc0a26161
0000000002214671
0000000000000181
000001e0610d2c61
0000000002214671
0000000000000181
000001f30177f761
0000000002214671
0000000000000181
000000fc5f99df99
00000205a1e2c261
0000000002214671
0000000000000181
0000010ba85af1f9
00000218424d8d61
0000000002214671
0000000000000181
0000022ae2b85961
0000000002214671
0000000000000181
00000117b01a87b9
0000011821a46819
00000119de2948f9
0000023d83232461
0000000002214671
0000000000000181
0000012774c26839
00000250238def61
0000000002214671
0000000000000181
0000012e7bfb5f79
00000262c3f8ba61
0000000002214671
0000000000000181
0000013162c8f819
00000139454ea959
0000027564638561
0000000002214671
0000000000000181
0000028804ce5061
0000000002214671
0000000000000181
000001453561abb9
000001479c9e3b39
0000029aa5391b61
0000000002214671
0000000000000181
0000015339155df9
00000155a39bf039
000002ad45a3e661
0000000002214671
0000000000000181
000002bfe60eb261
0000000002214671
0000000000000181
000002d286797d61
0000000002214671
0000000000000181
000002e526e44861
0000000002214671
0000000000000181
000002f7c74f1361
0000000002214671
0000000000000181
0000030a67b9df61
0000000002214671
0000000000000181
00000187cfd33619
0000018d091662b9
0000018dfd474b39
0000031d0824aa61
0000000002214671
0000000000000181
0000019386dd7519
0000032fa88f7561
0000000002214671
0000000000000181
0000034248fa4161
0000000002214671
0000000000000181
000001a1d03dd919
00000354e9650c61
0000000002214671
0000000000000181
000001ab41ecc579
000001acb4f48259
000001ad3e243279
000001b060cecc79
0000036789cfd861
0000000002214671
0000000000000181
0000037a2a3aa361
0000000002214671
0000000000000181
000001c4ea210df9
0000038ccaa56f61
0000000002214671
0000000000000181
0000039f6b103a61
0000000002214671
0000000000000181
000001d1c9c41a59
000001d4e7f12259
000003b20b7b0661
0000000002214671
0000000000000181
000001db22157f59
000003c4abe5d161
0000000002214671
0000000000000181
000003d74c509d61
0000000002214671
0000000000000181
000003e9ecbb6961
0000000002214671
0000000000000181
000001f52c9aa359
000001fadcc15819
000003fc8d263461
0000000002214671
0000000000000181
00000200c006a1f9
0000040f2d910061
0000000002214671
0000000000000181
00000421cdfbcc61
0000000002214671
0000000000000181
00000212a4cd2619
00000214db400039
000004346e669761
0000000002214671
0000000000000181
0000021af85b5f99
000004470ed16361
0000000002214671
0000000000000181
00000459af3c2f61
0000000002214671
0000000000000181
0000046c4fa6fb61
0000000002214671
0000000000000181
0000023f364b6239
0000047ef011c761
0000000002214671
0000000000000181
00000246a01f1299
00000491907c9261
0000000002214671
0000000000000181
0000024ed66edb59
000004a430e75e61
0000000002214671
0000000000000181
000002531073bc59
0000025804211119
000004b6d1522a61
0000000002214671
0000000000000181
0000025cea81e919
000004c971bcf661
0000000002214671
0000000000000181
00000264fc277839
00000267adc33fd9
0000026962054959
000004dc1227c261
0000000002214671
0000000000000181
0000026ededc4ff9
00000275a04afad9
000004eeb2928e61
0000000002214671
0000000000000181
000002800e24f099
0000050152fd5a61
0000000002214671
0000000000000181
00000513f3682661
0000000002214671
0000000000000181
0000028a2aa7c799
0000028a8946e799
0000028bd9c4fd19
0000028dc183d0f9
000002913fa70859
0000052693d2f261
0000000002214671
0000000000000181
00000539343dbe61
0000000002214671
0000000000000181
0000054bd4a88a61
0000000002214671
0000000000000181
000002ab6e1780b9
0000055e75135661
0000000002214671
0000000000000181
00000571157e2261
0000000002214671
0000000000000181
000002bb884c3099
000002c074ac1879
000002c166a933f9
00000583b5e8ef61
0000000002214671
0000000000000181
000002ca0493cfd9
000005965653bb61
0000000002214671
0000000000000181
000002cee195be99
000005a8f6be8761
0000000002214671
0000000000000181
000005bb97295461
0000000002214671
0000000000000181
000005ce37942061
0000000002214671
0000000000000181
000005e0d7feec61
0000000002214671
0000000000000181
000002f4c5797ed9
000002f88bf173b9
000005f37869b961
0000000002214671
0000000000000181
000002fb30d26779
000002fdf2ac8cd9
00000302a1ba35d9
0000060618d48561
0000000002214671
0000000000000181
000003043d904df9
000003062b146939
00000618b93f5261
0000000002214671
0000000000000181
000003153cdfb8b9
0000062b59aa1e61
0000000002214671
0000000000000181
0000063dfa14eb61
0000000002214671
0000000000000181
00000321630b3379
000006509a7fb761
0000000002214671
0000000000000181
000006633aea8461
0000000002214671
0000000000000181
00000334a416f519
00000675db555161
0000000002214671
0000000000000181
0000033f612518b9
000006887bc01d61
0000000002214671
0000000000000181
00000347ad756219
0000034cf6d831f9
0000069b1c2aea61
0000000002214671
0000000000000181
00000351772e6c39
000006adbc95b761
0000000002214671
0000000000000181
0000035de3cbd039
000006c05d008461
0000000002214671
0000000000000181
0000036256498e19
000006d2fd6b5061
0000000002214671
0000000000000181
0000036bb2f25eb9
0000036fe92dc719
000006e59dd61d61
0000000002214671
0000000000000181
000003730b1a0859
00000377cf36bf79
000006f83e40ea61
0000000002214671
0000000000000181
0000038308aa7c39
0000038442e69999
0000070adeabb761
0000000002214671
0000000000000181
00000387669f6899
0000071d7f168461
0000000002214671
0000000000000181
000007301f815161
0000000002214671
0000000000000181
00000742bfec1e61
0000000002214671
0000000000000181
000007556056eb61
0000000002214671
0000000000000181
000003b1529d6eb9
0000076800c1b861
0000000002214671
0000000000000181
000003b68edebd39
0000077aa12c8561
0000000002214671
0000000000000181
000003bde7b6d8d9
0000078d41975261
0000000002214671
0000000000000181
000003cc5ebf5ef9
000003cd94734a39
0000079fe2021f61
0000000002214671
0000000000000181
000003d0da8e3fd9
000007b2826cec61
0000000002214671
0000000000000181
000007c522d7b961
0000000002214671
0000000000000181
000007d7c3428761
0000000002214671
0000000000000181
000003f2eada8739
000003f3d7d8ad19
000007ea63ad5461
0000000002214671
0000000000000181
000003f5893bc079
000007fd04182161
0000000002214671
0000000000000181
000004012c5b28d9
0000080fa482ee61
0000000002214671
0000000000000181
0000040bc83d1eb9
0000082244edbc61
0000000002214671
0000000000000181
00000834e5588961
0000000002214671
0000000000000181
0000042328442b99
0000084785c35661
0000000002214671
0000000000000181
0000042750f5b5d9
0000042b50e5c9f9
0000085a262e2461
0000000002214671
0000000000000181
0000042ebddeea59
0000086cc698f161
0000000002214671
0000000000000181
0000087f6703bf61
0000000002214671
0000000000000181
00000440f5b6fd39
00000892076e8c61
0000000002214671
0000000000000181
0000044f2d1dc319
000008a4a7d95a61
0000000002214671
0000000000000181
00000453078f9439
000008b748442761
0000000002214671
0000000000000181
0000045d6b225939
0000045d98ef6679
000008c9e8aef561
0000000002214671
0000000000000181
000008dc8919c261
0000000002214671
0000000000000181
0000046eba1cd879
0000047510294a99
000008ef29849061
0000000002214671
0000000000000181
00000478997a1ad9
0000047cf16ee879
0000047d377cb399
00000901c9ef5d61
0000000002214671
0000000000000181
00000487b9ee3b79
0000048a0eeed339
000009146a5a2b61
0000000002214671
0000000000000181
000009270ac4f961
0000000002214671
0000000000000181
0000049723f5f079
00000497b87bfb39
00000939ab2fc661
0000000002214671
0000000000000181
0000094c4b9a9461
0000000002214671
0000000000000181
0000095eec056261
0000000002214671
0000000000000181
000009718c703061
0000000002214671
0000000000000181
000004be371cdc19
000009842cdafd61
0000000002214671
0000000000000181
000004c25f171779
000004c33d587cd9
000004c8ba894259
000004ca1c06d819
000004ca81504b59
00000996cd45cb61
0000000002214671
0000000000000181
000004cbc93459f9
000009a96db09961
0000000002214671
0000000000000181
000004d5075cc1b9
000004d857f978b9
000004db38dea779
000009bc0e1b6761
0000000002214671
0000000000000181
000004e2a7305659
000009ceae863561
0000000002214671
0000000000000181
000004ec4471bf59
000009e14ef10361
0000000002214671
0000000000000181
000004f250ac3ab9
000004f843160159
000004f89cb11919
000004f9c334d719
000009f3ef5bd161
0000000002214671
0000000000000181
00000500732c9df9
00000a068fc69f61
0000000002214671
0000000000000181
00000a1930316d61
0000000002214671
0000000000000181
00000513a56a6519
00000a2bd09c3b61
0000000002214671
0000000000000181
00000a3e71070961
0000000002214671
0000000000000181
000005229f55e839
00000a511171d761
0000000002214671
0000000000000181
00000a63b1dca561
0000000002214671
0000000000000181
00000a7652477361
0000000002214671
0000000000000181
0000053becba7c19
0000054057f648b9
000005438f5e3f79
00000a88f2b24161
0000000002214671
0000000000000181
0000054835fe4979
00000549f8476cf9
00000a9b931d0f61
0000000002214671
0000000000000181
00000551c0b8d899
00000aae3387dd61
0000000002214671
0000000000000181
0000055aa275ac59
0000055e4cde1c39
00000ac0d3f2ab61
0000000002214671
0000000000000181
00000ad3745d7a61
0000000002214671
0000000000000181
00000ae614c84861
0000000002214671
0000000000000181
000005747ea0a839
00000aeb35201c61
0000000002214671
0000000000000181
