[MCS8 A] 97 FW 3.104 SV 1.257 
range=1024
periods=2
sweepmode=27e20d0
fstchan=0
holdafter=0
streamstatus=3
calreg0=0
calreg1=0
calreg2=0
calreg3=0
swpreset=8000        
prena=1
syncout=0
cycles=18
sequences=1
tagbits=16
vdac0=92c
vdac1=807
vdac2=8c8
vdac3=8c8
vdac4=8c8
vdac5=8c8
vdac6=8c8
vdac7=8c8
timepreset=150.000     
digio=0
digval=0
autoinc=0 
savedata=2 
mpafmt=asc
sephead=0 
fmt=asc
smoothpts=5 
[CHN1]
REPORT-FILE from 07/02/2026 13:34:29.928  written 07/02/2026 13:34:29
cmline0=07/02/2026 13:34:29.928 
cmline1=A1
range=1024
active=1
bitshift=4
cftfak=2580100
evpreset=10          
roimin=0
roimax=1000
caloff=0.800000
calfact=12.800000
calfact2=0
calfact3=0
calunit=nsec
caluse=1 
[CHN2]
REPORT-FILE from  written 07/02/2026 13:34:29
cmline1=A2
range=1024
active=0
bitshift=4
cftfak=2580100
evpreset=10          
roimin=0
roimax=1000
caloff=0.800000
calfact=12.800000
calfact2=0
calfact3=0
calunit=nsec
caluse=1 
[CHN3]
REPORT-FILE from  written 07/02/2026 13:34:29
cmline1=A3
range=1024
active=0
bitshift=4
cftfak=2580100
evpreset=10          
roimin=0
roimax=1000
caloff=0.800000
calfact=12.800000
calfact2=0
calfact3=0
calunit=nsec
caluse=1 
[CHN4]
REPORT-FILE from  written 07/02/2026 13:34:29
cmline1=A4
range=1024
active=0
bitshift=4
cftfak=2580100
evpreset=10          
roimin=0
roimax=1000
caloff=0.800000
calfact=12.800000
calfact2=0
calfact3=0
calunit=nsec
caluse=1 
[CHN5]
REPORT-FILE from  written 07/02/2026 13:34:29
cmline1=A5
range=1024
active=0
bitshift=4
cftfak=2580100
evpreset=10          
roimin=0
roimax=1000
caloff=0.800000
calfact=12.800000
calfact2=0
calfact3=0
calunit=nsec
caluse=1 
[CHN6]
REPORT-FILE from  written 07/02/2026 13:34:29
cmline1=A6
range=1024
active=0
bitshift=4
cftfak=2580100
evpreset=10          
roimin=0
roimax=1000
caloff=0.800000
calfact=12.800000
calfact2=0
calfact3=0
calunit=nsec
caluse=1 
[CHN7]
REPORT-FILE from  written 07/02/2026 13:34:29
cmline1=A7
range=1024
active=0
bitshift=4
cftfak=2580100
evpreset=0           
roimin=0
roimax=1000
caloff=0.800000
calfact=12.800000
calfact2=0
calfact3=0
calunit=nsec
caluse=1 
[CHN8]
REPORT-FILE from  written 07/02/2026 13:34:29
cmline1=A8
range=1024
active=0
bitshift=4
cftfak=2580100
evpreset=0           
roimin=0
roimax=1000
caloff=0.800000
calfact=12.800000
calfact2=0
calfact3=0
calunit=nsec
caluse=1 
;MCS8 #97 Sversion=1.257 Fversion=3.68
time_patch=1
;datalength=8 bytes
;bit0..3: channel# 1..8 ( 4 bit)
;bit4: edge 0=up / 1=dn ( 1 bit)
;bit5 ..57: timedata    (53 bit), max sweep length 2001.6 h
;bit58..62: tag0..tag4  ( 5 bit)
;bit63:     data_lost   ( 1 bit)
[DATA]
0000000000000016
00000001add99559
000000041e045279
0000000517982999
0000000617f95839
0000000666a16199
000000066d9b7939
00000007714274d9
00000007b69c8fd9
00000008e75b5eb9
0000000983bf4739
0000000a8fcd1a39
0000000b1e5e4b19
0000000bf8111a39
0000000c310671b9
0000000c47fd2ad9
0000000c5aa33c39
0000000c7de5c919
0000000d99f15a99
0000000e30864859
0000000f238b01b9
0000000fcde96e79
0000001059812519
0000002156d62061
0000000001d1eb71
0000000000000181
000000114b7dac79
000000116111c619
00000011c01190d9
00000011cd0e3c99
00000012170b3c39
000000134af22b19
00000014492cf4f9
0000001558a791d9
0000001647a34a99
00000016676bcc79
00000017904903d9
00000018d8275079
0000001985ebe699
0000001996860c59
00000033f740ec61
0000000001d1eb71
0000000000000181
0000001a0950f0f9
0000001a63cfcfb9
0000001a824554d9
0000001b3eca89f9
0000001c7d520119
0000001cb8d40e99
0000001f485eb299
000000203f813db9
0000002197e569f9
00000022d3bf33b9
00000022f40c4bd9
00000022f9b186d9
0000004697abb861
0000000001d1eb71
0000000000000181
0000002433da6659
0000002459da9619
00000024a9af1099
00000024f55e2d99
00000025027826f9
000000251ebf5159
00000025f76ea259
00000028806e7bb9
0000002982c8b259
00000029d639ff19
0000002af8972839
0000002b7e73b359
0000005938168361
0000000001d1eb71
0000000000000181
0000002e93ee5a59
0000002e988167d9
0000002e9e3dd079
0000002f64fea659
0000002f6b6a0659
0000002f71eba199
00000030bb0e2e59
00000030c5784599
000000314f7d1759
00000031d4d7e719
000000326e456f19
000000328f97b259
00000034fb542839
0000006bd8814f61
0000000001d1eb71
0000000000000181
00000035f0d1ecf9
00000036781b26b9
00000037a7581b79
0000003870148c99
00000038895eedd9
0000003a4c469c79
0000003a6fc92839
0000003b5e515319
0000003c29a24999
0000003c307e5179
0000003c40c5db39
0000003cb3f2c899
0000003ce92fc079
0000003d63c5b019
0000003d91b2e479
0000003e4d12dab9
0000007e78ec1b61
0000000001d1eb71
0000000000000181
0000003f415a5af9
000000401443fcf9
00000040391f7879
000000406218e219
00000040ff3e0279
00000041dc4556b9
00000042603db839
000000428d2906d9
00000042bcdd7c59
000000437636a819
000000441ab65259
0000004524d19599
00000045c5202979
0000004633910fb9
00000046528b1119
0000004720cdb899
000000484865ad19
000000911956e761
0000000001d1eb71
0000000000000181
00000048f9593439
0000004905bb9859
0000004936ecc299
00000049db158cb9
0000004a005995f9
0000004a3385e7d9
0000004a560ceab9
0000004ba1906a19
0000004bfb356359
0000004c0d07c419
0000004c12e30ab9
0000004d17363b19
0000004d9d09f139
0000004de49c3739
0000004e2756bc39
0000004eb8615839
0000004f43a14339
0000004f55d6d2b9
0000004fadc14419
0000004fd03da639
000000500128a279
00000050195be679
00000050b6ff1599
000000514221ce39
000000517af763b9
00000051aa728319
000000a3b9c1b361
0000000001d1eb71
0000000000000181
00000051e63f2a19
000000521afc8f39
00000052901182f9
00000052b4dfa919
000000542b41b559
00000054c4ad2379
00000054ed34d5d9
000000558ab4fcf9
00000056578a6ab9
00000056da24f8b9
00000057295a0079
000000575180a539
0000005768c1eeb9
000000581245b239
000000583b266599
00000058adb24819
0000005a47ff8099
0000005b2a4e7f19
000000b65a2c7e61
0000000001d1eb71
0000000000000181
0000005b4d9dfb59
0000005b924b1579
0000005c32cad159
0000005c6a0dc199
0000005ccaf2b7d9
0000005cd1b6f8f9
0000005cd3698f59
0000005d337a4159
0000005d6e30cff9
0000005d70d41319
0000005f080d26b9
0000005feb62b959
000000610dafc179
00000061c95f8639
00000062097a6019
000000620c5987b9
00000062f2435079
0000006319e18439
000000646f64c099
000000c8fa974a61
0000000001d1eb71
0000000000000181
0000006546b3dd79
0000006558adf2f9
00000065e93ef4b9
000000666fa04679
00000066bc8ead59
00000066d3c25699
00000067aeb81479
00000067ecff57f9
0000006831f20439
00000068c6e0cc59
00000068c7ed5ef9
00000069ab0b15b9
0000006b1b11e019
0000006c8cc63399
0000006cc0aa7879
0000006ccc02ded9
0000006d9a2ac5d9
000000db9b021661
0000000001d1eb71
0000000000000181
0000006de2fc7599
0000006e22c698d9
0000007023cc3af9
00000071331b08f9
0000007147d91cf9
000000716f4edbb9
00000071e04efad9
000000720ce63299
00000072bf2a16b9
0000007388607739
00000073be8af499
000000741ec44c19
00000074dbf2b4f9
000000753b8a7439
00000075884a1a59
00000075b85bb159
000000760637b019
000000ee3b6ce261
0000000001d1eb71
0000000000000181
0000007813672d59
00000078d70e2e99
000000796a00d0b9
0000007a469f3cb9
0000007ad9d247d9
0000007af9c07859
0000007bb14ab6b9
0000007ce7ced119
0000007cecc31259
0000007e8000fbd9
0000007e87f392b9
0000007e89ae7979
0000007ea8ce88b9
0000007f75fe0bf9
0000007f98701a59
00000080108db759
0000008052fbd779
00000100dbd7ae61
0000000001d1eb71
0000000000000181
0000008130db9059
000000827efb7679
000000837ec4f4d9
00000085298fb899
0000008588653139
000000859ce47f19
00000085b4cf02d9
00000085f7de21f9
0000008609bf75f9
000000866c7b3dd9
00000086b2d96599
0000008712c4ad99
0000008750ca51b9
00000087cda75579
0000008806f2a0d9
000000883e7c8499
0000008889026bb9
00000088a5f80cf9
000000897e0ba4b9
000001137c427a61
0000000001d1eb71
0000000000000181
0000008a1983bd59
0000008c9f9a0df9
0000008cb6121f19
0000008d0b5b7879
0000008d96c3bef9
0000008e5c3b1319
000000902e1ff379
00000090738c0c59
00000090e5ffa5d9
000000918038d6d9
0000009198e7d999
000000924f091199
00000092d0d8f979
000001261cad4761
0000000001d1eb71
0000000000000181
00000093cd133bd9
000000948c4b12d9
000000956f956719
0000009674482f79
00000096e2d32799
00000096f4628ed9
00000097dcd507b9
0000009922b0df79
000000998b89d0f9
0000009a08cb43d9
0000009ac94723b9
0000009afdd8f9b9
0000009b0d9ced99
00000138bd181361
0000000001d1eb71
0000000000000181
0000009d1ed13639
0000009ddadae979
0000009e8c953059
0000009ec60a5259
0000009efa3a8399
0000009fbbcf8019
000000a070a97399
000000a092267199
000000a0bcdf08b9
000000a0fb1478f9
000000a14cacb579
000000a1ad0d2639
000000a2b02bd539
000000a2be0ea379
000000a2c67a4679
000000a36746ff19
000000a492a6f959
000000a5750755f9
0000014b5d82df61
0000000001d1eb71
0000000000000181
000000a5ae741e39
000000a5d3d00b59
000000a6c87ae299
000000a6e33c1639
000000a6ff8f7d99
000000a75da78dd9
000000a7b78c62d9
000000a8d68603f9
000000a9c2d590f9
000000aa487600b9
000000ac7ab4c499
000000ac7f2805d9
000000ad47eb4459
000000ae08f32e99
000000ae7741f679
000000ae87cd49d9
000000aed6c27c99
0000015dfdedab61
0000000001d1eb71
0000000000000181
000000af16850bd9
000000afe098def9
000000b16f3109b9
000000b1972ee019
000000b2acd8f2b9
000000b2f0d5f379
000000b3aa291a99
000000b48e8f6d99
000000b6b7dfca39
000000b702a83ab9
000000b7df7d1e39
000000b7e5d9bd39
000000b8307bc119
000000b848817979
000001709e587761
0000000001d1eb71
0000000000000181
000000b90bfb06d9
000000b9346aaff9
000000b998e90e59
000000ba67070a19
000000baa0acaf79
000000bc02c54af9
000000bc289e8f59
000000bc9a0afe39
000000bca09b9bd9
000000bdcec22f19
000000bde6b8f7d9
000000c096ade079
000000c18eb188d9
000001833ec34461
0000000001d1eb71
0000000000000181
000000c23cc6e219
000000c283739079
000000c312f62539
000000c458f4ee39
000000c50035ec79
000000c535c67619
000000c543944c19
000000c59ac49bd9
000000c619e89db9
000000c65494cb39
000000c6cae0d6d9
000000c6f5f794d9
000000c70c86eed9
000000c899031779
00000195df2e1061
0000000001d1eb71
0000000000000181
000000cbc8fbe959
000000cc0d625839
000000cc86dd9479
000000ce4a4e5b99
000000ce76af4ff9
000000cea65b8819
000000cf5e235259
000000d02279a099
000000d034c095b9
000000d0c0893db9
000000d163ca0d59
000000d1f3e81059
000000d2f61df5f9
000000d35b96c079
000001a87f98dc61
0000000001d1eb71
0000000000000181
000000d63a937959
000000d665f5d3d9
000000d68b112b99
000000d6c10a0099
000000d768b9ccf9
000000d79b4eb379
000000d80a488559
000000d80c9e4599
000000d825b0cf99
000000d8f642ca79
000000d9abdf2439
000000da40718a79
000000da7393b239
000000dabb20a5f9
000000db7d8d73b9
000000dba28988b9
000000dba55f8419
000000dc1183bf79
000000dd05ef9639
000001bb2003a961
0000000001d1eb71
0000000000000181
000000ddc8994db9
000000de3bf99979
000000de499f2e79
000000dee73c9fb9
000000df2e8a1f39
000000dfb7fca059
000000e07fd07959
000000e097891e39
000000e29895b3f9
000000e2a4c05bf9
000000e2f5797199
000000e426f7f099
000000e4c39cd799
000000e4c8864919
000000e4ffd34239
000000e54de84939
000000e5557f4599
000000e5a3763c19
000000e5bbfca359
000000e64deafe19
000000e66b2baa99
000000e69c6206f9
000000e6c11e6699
000000e6c60bdff9
000001cdc06e7561
0000000001d1eb71
0000000000000181
000000e734531f19
000000e739d84cd9
000000e794dcd979
000000e9c4c400b9
000000e9de5de459
000000eac5b34639
000000ebecb72f79
000000ec43862a39
000000ecbac6dcf9
000000ecc002e359
000000ecd3287119
000000ed2a7b8359
000000eff07f6b79
000000f023eb6c59
000001e060d94261
0000000001d1eb71
0000000000000181
000000f08121c0d9
000000f10f949f79
000000f12f4c87b9
000000f1f1bca559
000000f22b880d79
000000f22f90cf79
000000f25ca8d059
000000f27d99b039
000000f3b299c219
000000f3ecf144d9
000000f43284d1f9
000000f4aa466259
000000f50be855f9
000000f59e8d0a59
000000f5e59ae0b9
000000f601720b79
000000f66fdae6f9
000000f686eb86b9
000000f6ad258979
000000f6e7816ef9
000000f76632d4b9
000000f7712c4839
000000f9656eb959
000001f301440e61
0000000001d1eb71
0000000000000181
000000f9bd928a19
000000f9cecaec39
000000fa182deab9
000000fa6210e3b9
000000faf17f6939
000000fb0ae6eb39
000000fb1cfb0999
000000fbb2414439
000000fcf3ab3a39
000000fd0c4b2b79
000000fd406e1179
000000ff04acfa39
000001007db59379
000001009bbebad9
00000101e7e6ca19
000001025979cf39
00000205a1aedb61
0000000001d1eb71
0000000000000181
00000102ea9baa39
000001043ae05899
000001048ffc29b9
000001056cce7e59
000001058213dbb9
000001064a0a2499
00000106abc04bb9
00000107c83fa2d9
000001087e260af9
00000109c1c437d9
0000010ac0ca1e99
000002184219a761
0000000001d1eb71
0000000000000181
0000010c54baaef9
0000010c8d425059
0000010e6fd53b59
0000010eef2e41d9
0000010eefb90999
0000010efcc7b6f9
0000010f3eddb7d9
00000110880a9019
00000110b79669b9
000001114dc76c59
00000111eeb4bc19
0000011258857bf9
000001130b1612f9
000001146589a319
0000011522d416d9
0000022ae2847461
0000000001d1eb71
0000000000000181
00000115ad57d2d9
0000011684b49779
00000117b7ce14b9
00000117d8dd4999
0000011828161179
000001185444a019
000001191a8030d9
00000119f7427779
0000011a06848799
0000011a3b14fa79
0000011a7efa1459
0000011b0b0b1719
0000011b359f8a99
0000011b6348c0d9
0000011ba0c43379
0000011c12bb66f9
0000011c1ddb6b79
0000011ce50b8579
0000011d111c05d9
0000011d4ba5bab9
0000011de6bf0e19
0000011eb61dce19
0000023d82ef4061
0000000001d1eb71
0000000000000181
0000011f29b1c559
0000011f8c7497f9
0000011fb69f9379
0000011fbb816af9
0000011fee77ed39
00000120513f7ef9
000001216af58259
00000121bcdef839
000001221ea22cf9
00000122de083079
0000012346ff8bb9
0000012391e2a079
00000124523f2c99
000001258b86bfd9
00000125ba644ad9
00000125ed2495d9
000001260c3235d9
000001268160d4d9
0000012732a1a839
00000127cadac2d9
00000127ef79f3d9
00000250235a0d61
0000000001d1eb71
0000000000000181
0000012883f106b9
0000012b0fd70eb9
0000012b35aad139
0000012b69bab199
0000012bdac4b779
0000012c5a4f5119
0000012cd6a7e759
0000012f19a30a59
00000130800cc939
00000130f2a20919
00000262c3c4da61
0000000001d1eb71
0000000000000181
000001319ec95959
00000131a4c616d9
00000133baaa8319
00000133e2e938b9
00000134634af259
00000134bd9f2499
00000135186f49f9
00000135ccd69499
000001371d017cf9
00000137a6554eb9
00000137b2707c79
000001384e1dd159
000001388269d059
00000138deee9ab9
0000013937b37e79
000001395131c5f9
0000013963239639
00000275642fa661
0000000001d1eb71
0000000000000181
0000013b033a4279
0000013b1dda0f19
0000013cb66a1819
0000013ce7d93ed9
0000013d478b9d59
0000013d7fe92459
0000013e50cd8279
0000013f892e6839
00000140ab6ae6f9
00000140e19956d9
000001411902fbb9
00000141cab2fe59
000001424389dd39
00000142ac818299
000001432750e1f9
000001432f1d4239
00000288049a7361
0000000001d1eb71
0000000000000181
000001443709e579
00000145a0e5f339
00000145b053c619
00000145f6466879
000001465763fe99
0000014711607b79
00000148d46ee399
00000148e2298db9
0000014af21ec199
0000014bdf822f39
0000014d24d6e879
0000029aa5054061
0000000001d1eb71
0000000000000181
0000014ef2fcdb39
0000014f030e5dd9
0000014f418f90b9
000001500003d799
00000150e70f1439
00000151300e1ab9
00000151af85aa99
00000152cdee8d59
00000152ec473cd9
00000152f3940439
00000154398b8eb9
0000015522675819
00000155b63099b9
00000155cd5c62f9
000001563a965419
000002ad45700d61
0000000001d1eb71
0000000000000181
000001576b22cbb9
00000157ddf10919
00000157f4afce79
000001596abc2579
00000159b4c43939
00000159cb10c6d9
0000015ae94a1299
0000015b558c7399
0000015b983941b9
0000015bfd0036f9
0000015d4a5c0eb9
0000015ee7e50a19
0000015f1d928459
0000015f5ef348d9
0000015fa2d1f499
000002bfe5dada61
0000000001d1eb71
0000000000000181
0000016100f2fb79
000001620c8cce39
000001626f5b9a19
0000016325f12bb9
0000016511fa19b9
000001652ba31259
0000016563af6679
00000165e8a59979
00000166e56140f9
000001676462d4b9
000001678c125c19
00000167e35c6679
00000168a7b096d9
000002d28645a761
0000000001d1eb71
0000000000000181
0000016a5df63bf9
0000016ab86cdd59
0000016b25796499
0000016b5eedb3d9
0000016be674e539
0000016c61964399
0000016d6b70fa19
0000016eac8f9ed9
0000016f2e19b859
0000016fb3c91299
000001720d757e99
000002e526b07461
0000000001d1eb71
0000000000000181
0000017320da61b9
000001732a0dba39
00000173792fe2b9
000001737d598b79
00000173e238bc59
000001744fb56bf9
000001749f627379
00000174a54ceeb9
00000174b4a08379
0000017534c05719
0000017535c4fcd9
000001758cdf1319
00000175e8a35b19
00000175f01ba719
00000175fd089c19
000001761e0612d9
0000017786cea3f9
000001794b370fb9
0000017a2a8dc099
0000017ab6965359
0000017b48036719
000002f7c71b4161
0000000001d1eb71
0000000000000181
0000017c8c891e79
0000017d26672d39
0000017d2b228c59
0000017df8c8da99
0000017e392e61d9
0000017ed024e9b9
0000017ee27079d9
0000017f4103ae19
00000180f120df99
00000181610c39d9
00000181751c8759
000001818d028fd9
00000181c06b7e79
00000181d27d02d9
00000181ed3d8f39
000001822058c1f9
0000018280035a39
00000183d5a0c159
00000183dd1a48f9
0000018400eef339
00000184e0046f39
0000030a67860e61
0000000001d1eb71
0000000000000181
0000018591ad3e79
00000185cb5736b9
00000185fea60cb9
000001864c3d8b79
000001876978d439
00000188c96e9859
00000188ff5022f9
0000018c9a3c2059
0000018c9f92c0b9
0000018dd964ea39
0000018e7af836d9
0000031d07f0db61
0000000001d1eb71
0000000000000181
0000018ff07ba859
000001907fdd8c99
00000190abec34b9
000001913cbb33f9
0000019697816f99
00000196eaade4d9
00000197712ee0d9
00000197716b0199
0000019773c8f139
0000032fa85ba861
0000000001d1eb71
0000000000000181
00000197dbd78a39
000001980c0d6f19
0000019824def539
000001987e84c339
00000199002622f9
0000019910c4acd9
000001991723d719
0000019b0a81eb39
0000019b1dd96859
0000019b87283759
0000019bc7d22479
0000019bfdd58659
0000019cb221a679
0000019d4dc3f839
0000019fec24d559
0000019fede5ffb9
000001a022e0cf79
000001a077793259
000001a107a118b9
0000034248c67561
0000000001d1eb71
0000000000000181
000001a1587ac7b9
000001a3a8aa07d9
000001a46b7eff39
000001a4bbd60559
000001a4cd64fa19
000001a596b4e8f9
000001a5ddbf13f9
000001a6499527f9
000001a67bcb5fb9
000001a68b78b019
000001a69aebec59
000001a7e23e4639
000001a85c94ebf9
000001a87301f299
00000354e9314261
0000000001d1eb71
0000000000000181
000001ab0890df99
000001ac3cd82a19
000001ace8028579
000001aec5f81579
000001afb27bedb9
000001b2345509f9
000001b2513a4a99
000001b275c64ab9
000001b295f6c179
000001b343457719
000001b3bbf8f2d9
00000367899c0f61
0000000001d1eb71
0000000000000181
000001b44dd7dbf9
000001b4e7581cd9
000001b5102ce9b9
000001b5e7bbc379
000001b6e4abe759
000001b6e5111619
000001b8a4e00939
000001b991767239
000001bb5d86ecf9
000001bcedc6e5f9
0000037a2a06dc61
0000000001d1eb71
0000000000000181
000001be0868e8b9
000001be1e3268d9
000001befd07e879
000001bfe7f621b9
000001c048647019
000001c0910ac959
000001c1d7f5b259
000001c359b41799
000001c3de01a599
000001c402134959
000001c42d10f399
000001c54c4d76f9
0000038cca71aa61
0000000001d1eb71
0000000000000181
000001c68a365c19
000001c7159ad539
000001c77ea26a59
000001c794dfe6f9
000001c84a2f23d9
000001c889a9faf9
000001c8c0f59ab9
000001c94e8ec199
000001c9601129f9
000001c9c746dcb9
000001ca4f88c839
000001cc2c472959
000001cc664062d9
000001ccf290c259
000001cda67fb519
000001cdca11e859
000001ce4668f979
000001ce967c76f9
000001cf953fbd19
0000039f6adc7761
0000000001d1eb71
0000000000000181
000001cfd1699fb9
000001cfe9255b59
000001d0765de759
000001d0b593fb79
000001d10c9672d9
000001d24d529739
000001d291866579
000001d357cee1b9
000001d445cf3159
000001d473dadf79
000001d4d7d74959
000001d5b96ff699
000001d603506d99
000001d72ccbcf39
000001d7301c5219
000001d74b014a79
000001d808e0e3d9
000001d8e864d899
000003b20b474461
0000000001d1eb71
0000000000000181
000001d9d6ba61b9
000001db54fa6179
000001dbee9817b9
000001dc896cac99
000001dcd1312a19
000001dd29f4ddf9
000001df5885ce39
000001dfcd9c00f9
000001dfd62b0579
000001e03e9be059
000001e049613fb9
000001e15eade419
000001e198443f99
000001e1bce91a59
000003c4abb21261
0000000001d1eb71
0000000000000181
000001e27b6edab9
000001e284134999
000001e2fee66459
000001e32b969ff9
000001e438c24979
000001e47dab70f9
000001e4a7cc4fb9
000001e4e65ef939
000001e6bac97859
000001e6f68cf259
000001e6ffb5fdd9
000001e7759e42f9
000001e78b198b19
000001e7a98c62f9
000001e7cba6aad9
000001ea805e9459
000001eafd571a59
000001eb1a9b02d9
000001eba15b2a99
000003d74c1cdf61
0000000001d1eb71
0000000000000181
000001ecd8531859
000001ece7072d39
000001ed66437e19
000001edc27e8bb9
000001ee95c72a39
000001eeefe02619
000001efa39416d9
000001f019513859
000001f03e8148d9
000001f1448fb879
000001f2f7b38039
000001f326ee2af9
000001f448d3ebd9
000001f4cca6f9b9
000003e9ec87ad61
0000000001d1eb71
0000000000000181
000001f5cf276779
000001f6a1468c39
000001f7475b0379
000001f860ea6a99
000001f942ea8bd9
000001f951f09af9
000001fafa0d9399
000001fb2f485dd9
000001fc23f231d9
000001fc9197c219
000001fcd659eb19
000001fd0245b939
000001fd50f43c59
000003fc8cf27a61
0000000001d1eb71
0000000000000181
000001fe4c5e0299
000001fe9ae4b819
000001ff349e5ed9
000001ff9b848eb9
000001ffc8883759
000001ffedb60ab9
0000020138c92539
000002023bae74d9
00000202503b82b9
00000203173015b9
0000020328233df9
00000203429743b9
00000203dbc4e0d9
000002040014c559
0000020428a691d9
000002044e4fcff9
0000020456a26139
000002047ee0a419
00000205d9b40f19
00000206a28cd359
00000206b2569bf9
000002070e60c779
0000020789806eb9
0000040f2d5d4861
0000000001d1eb71
0000000000000181
00000207f13b6bd9
00000208a4814e19
00000209a30bdfd9
00000209e5066a19
0000020aa4757719
0000020aa4e7a799
0000020b0ea0be39
0000020b13bcbdd9
0000020c04a76ef9
0000020d6d907f19
0000020d9f2f33b9
0000020df56f18f9
0000020ea269c999
0000020ef6d85559
0000020f2868b719
0000021044b4d1b9
00000210c50e7699
00000421cdc81561
0000000001d1eb71
0000000000000181
000002119638a119
00000211d7085a19
000002145046d939
00000214a99c3cd9
00000214b96d86f9
000002150f7d7199
000002159e8a62d9
00000215d7456859
000002172327c519
0000021733ab69b9
00000218021a60d9
0000021865096b59
00000219603dac99
000002198bdd5419
00000219a6212e19
0000021a0ce32a79
000004346e32e361
0000000001d1eb71
0000000000000181
0000021a95bde099
0000021ae16096f9
0000021b58318ff9
0000021b86b940f9
0000021b8bd249f9
0000021bbe1bac59
0000021bd5e9c619
0000021c2a3b2d79
0000021d29f5b259
0000021d57eb9e99
0000021dbcefc8d9
000002202566fff9
0000022041245bd9
00000220fa76bf99
0000022107979879
00000221f3f59d19
000002231b875699
0000022334d28339
000004470e9db161
0000000001d1eb71
0000000000000181
000002238ab97c19
0000022474013579
0000022484e1ab99
00000224e13d9059
00000225d4cfdff9
000002266b33cbd9
000002273e8f27f9
000002296d111719
00000229a9ab3c99
0000022a4db63359
0000022a57d20299
0000022a9c45c239
0000022bd2035199
00000459af087e61
0000000001d1eb71
0000000000000181
0000022d87d50119
0000022eaf1a1299
0000022ebcdeffb9
00000230ba3e4199
00000231a52e4c39
000002327972b099
00000233d6377a79
00000234004c1059
000002344e10da19
0000023553ca31b9
0000023609b99439
0000046c4f734c61
0000000001d1eb71
0000000000000181
00000236cba945d9
000002377d7f9cf9
0000023786a60bd9
00000237c0df4859
00000237d408aed9
00000237fe36ed99
000002383ca10c99
000002386dd88f39
00000239423b3079
000002396ac493b9
0000023970972cd9
00000239f25d5bd9
0000023b27b2a1d9
0000023ddf90e0f9
0000023f05c66879
0000023f44ad17d9
0000047eefde1a61
0000000001d1eb71
0000000000000181
00000240b0803d79
00000240e8755e79
0000024175ec49d9
00000241ac0aba99
000002425137b419
0000024319e97eb9
00000243524ab1b9
00000243c771d5b9
000002443c2ce239
0000024470150a19
00000244ec64a959
00000245a96775b9
00000245c53ead79
00000245e76eaef9
000002471a5d5d59
0000024790a48479
00000247a7660b59
000004919048e861
0000000001d1eb71
0000000000000181
000002498fa9d6d9
0000024b3327b099
0000024baa7bc7f9
0000024c88ec78b9
0000024db0bf51f9
0000024e1fae8a59
0000025002988f79
00000250343f2459
00000250a17b11f9
00000250ad9a5e19
00000251ce528fb9
000004a430b3b661
0000000001d1eb71
0000000000000181
000002524802dff9
000002531a46f4f9
000002533362d9f9
00000255ea9b2879
00000256202ddf59
000002563bd910b9
0000025742bb2819
00000257c6fc5639
00000257ddb8cd99
000002589d260d19
000002590b5378d9
00000259c908d999
0000025a90ed22f9
000004b6d11e8361
0000000001d1eb71
0000000000000181
0000025c692f27b9
0000025c8bafe799
0000025cacf2e579
0000025ceb496339
0000025dc6baeaf9
0000025f61d12d39
000002602df9e119
00000260b74f1a39
00000261bcd54039
0000026251d6c6d9
00000262c4d089b9
00000263e2559039
000004c971895161
0000000001d1eb71
0000000000000181
00000264eb9b39d9
00000265e05cd5b9
00000265ed76a799
0000026628690839
0000026711944819
00000267df18e859
0000026844a932d9
000002698bc11099
0000026bbcbbe4d9
0000026cafaff799
0000026d0d302679
0000026d7b888cd9
000004dc11f41f61
0000000001d1eb71
0000000000000181
0000026e3eb607d9
0000026ebbc16a19
0000027099a91ef9
00000271652b2099
000002719d36b799
00000272395780f9
000002724eff1079
000002733ec421b9
0000027363e96759
0000027567966c99
00000276c9a7bb19
000004eeb25eed61
0000000001d1eb71
0000000000000181
000002776095d259
0000027775747f79
000002782ba161f9
000002786bbfde39
000002789719c099
0000027a6546a439
0000027a7f57f5f9
0000027a96785a19
0000027b9ef84e19
0000027cc93ac5f9
0000027d2384d359
0000027d47deb719
0000027d6fcb6bb9
0000027d7ff701f9
0000027d8440d119
0000027e8b1a5539
0000027ea0252359
0000027f2f42a899
0000027fc79f62b9
000002800cb18579
0000050152c9bc61
0000000001d1eb71
0000000000000181
00000280ce02a239
000002811f84fcb9
000002819d012e59
0000028287a1e8b9
00000282956242d9
000002832b01b2f9
00000284a5f292b9
00000284f6e00b19
000002851a8c3479
000002854a70e739
00000285692573f9
0000028679fd7259
00000286de13ef99
0000028731d7bc79
00000288ac90bdb9
000002892b5336b9
0000028996df1f39
00000513f3348a61
0000000001d1eb71
0000000000000181
0000028a17c7c6d9
0000028a444e1a79
0000028b5979a6b9
0000028bad85c379
0000028c0a1c0479
0000028c3028d3d9
0000028c81c5c8d9
0000028c95ddd839
0000028d55307379
0000028e38cf8939
00000526939f5861
0000000001d1eb71
0000000000000181
00000293557ae1d9
00000294bf76ec39
00000294e3121b59
00000295dae008d9
0000029679acb3b9
0000029727388c59
00000297353538b9
000002976d240219
000002989caf3539
00000298a20d4b99
00000299ad4a7bb9
0000029a5e44be79
0000029aa6e5e959
0000029aca0e89d9
0000029b24ed9c99
0000029b66a97f99
0000029c7d817d19
00000539340a2661
0000000001d1eb71
0000000000000181
0000029cd4f36ef9
0000029ce6a84539
0000029d08e89f79
0000029de06c9879
0000029dee027459
0000029e6153cf79
0000029e8a1f6019
0000029ec9607119
0000029f12b23ef9
0000029f5876bab9
000002a1bc9a9e79
000002a1bdea70f9
000002a1c8649ad9
000002a1cfc690d9
000002a3973eea39
000002a3bc87c6d9
000002a404be93d9
000002a4d04e7219
000002a53e4645d9
000002a568fb2179
0000054bd474f461
0000000001d1eb71
0000000000000181
000002a616942439
000002a624a99d79
000002a6cec694f9
000002a77f9cd159
000002a78c024cd9
000002a83bff7499
000002a85bab5799
000002a8ae4a4599
000002a927819a79
000002a9449c8f39
000002aa0615c7b9
000002adc2ed3f19
000002add19d86d9
000002ade6ebc519
000002ae0e930959
000002af33834659
0000055e74dfc261
0000000001d1eb71
0000000000000181
000002af528055d9
000002af582a84b9
000002afeea2be59
000002b088113499
000002b0d44a7c99
000002b10f755d99
000002b3471a6359
000002b478ed6f99
000002b4be1254d9
000002b4c0363259
000002b542e99e19
000002b624b871d9
000002b6d34d4ff9
000002b7a3911379
000002b7fd95b9b9
000002b83e63a279
000002b8417643b9
000002b844c1a1d9
000002b86482c839
000002b8717ea979
00000571154a9161
0000000001d1eb71
0000000000000181
000002b8fae87f19
000002bbdfe22a19
000002bbfb5c8d39
000002be53413fb9
000002bea2980959
000002bec2e3e539
000002bf6d429d79
000002c008ae5c39
000002c05e24aff9
000002c0b2e3b819
000002c0e6cc5e79
000002c18b014699
00000583b5b55f61
0000000001d1eb71
0000000000000181
000002c2be427b19
000002c3a6bc87f9
000002c3d2129219
000002c48d25f859
000002c586cf0f39
000002c5c77eacf9
000002c5fb4ca2d9
000002c665a8b999
000002c89cf1f1f9
000002c901427ad9
000002c93b0f1479
000002c9ace857b9
000002ca8ecdf2d9
0000059656202d61
0000000001d1eb71
0000000000000181
000002cb6a115839
000002cb7276f799
000002cc4812a899
000002ccf309b279
000002cdd4c898b9
000002ce9c63e079
000002cea38669b9
000002cee2608359
000002cf77dd8579
000002cf8ddcb679
000002d0598d8d19
000002d1a5e949f9
000002d2166325b9
000002d219c3db19
000002d34c124699
000002d3c6314359
000002d46055fef9
000005a8f68afc61
0000000001d1eb71
0000000000000181
000002d4d6117419
000002d534880099
000002d5bbda5579
000002d5ed62db19
000002d8232eead9
000002d8a79f0db9
000002d951d50d19
000002dcab5c0d59
000002dcdcc3adb9
000002dd13b1c279
000002dd2f5254d9
000002dd6ef720f9
000005bb96f5ca61
0000000001d1eb71
0000000000000181
000002de61a771d9
000002dfb5cd9ab9
000002dfc43cfc99
000002e0a01a3a79
000002e0c9522319
000002e0fe44e439
000002e200b92899
000002e24bb44339
000002e2aba7a419
000002e306c72b59
000002e4105b8719
000002e436d78db9
000002e46c9d6579
000002e6e2f03459
000005ce37609961
0000000001d1eb71
0000000000000181
000002e71bc3d9d9
000002e79cb0bbb9
000002e7aad315d9
000002e9239613b9
000002ea1efa87f9
000002ec7f87e779
000002ecbb12d059
000002ee08fa7299
000002ee5a884619
000002ef3668bb59
000005e0d7cb6861
0000000001d1eb71
0000000000000181
000002f08fdae419
000002f1230b07f9
000002f159bd2df9
000002f1862bfbd9
000002f1ba0d6459
000002f1c93babd9
000002f2ff3de219
000002f40957cdb9
000002f4ef120219
000002f4f21882d9
000002f5312f14b9
000002f63c150d19
000002f672202b59
000002f72c068b19
000002f74d11d7f9
000002f780354859
000002f7f6f330d9
000002f8ae2231d9
000005f378363661
0000000001d1eb71
0000000000000181
000002f9c27af2f9
000002fa4056e9f9
000002fa43552b19
000002fb37b61619
000002fba0b90639
000002fcfbf65fd9
000002fd24c3e1d9
000002fd3dc6f9b9
000002fdfe8b4299
000002fed5306059
000002ff197a75f9
000002ffb5554099
00000300c25a48f9
0000030123b7a0f9
00000301ecc41399
000003025f2fa339
00000302ae1cb6d9
0000060618a10561
0000000001d1eb71
0000000000000181
000003031f22c519
00000304c584bed9
000003051c13c2f9
0000030570ad2ef9
0000030641a3da59
00000306669ce359
00000306a96010b9
000003071396c459
000003078b659439
00000307e2bb1079
00000309e3d70039
0000030afa8a4599
0000030b1a4ccf39
0000030b65c5c659
0000030b837d5c79
00000618b90bd361
0000000001d1eb71
0000000000000181
0000030daf850159
0000030dce967ff9
0000030ddfdea359
0000030de21d0f39
0000030e82cef7b9
000003104156b939
00000310b9e25ed9
00000310bae62579
000003113e825a19
000003117cb205b9
00000312ac33fc59
00000313c3fe2839
00000313d3df21b9
00000313e6092db9
00000314432dbf79
0000031489f29919
00000314cf476e99
000003154884b019
000003158787afb9
0000031599146279
0000062b5976a261
0000000001d1eb71
0000000000000181
000003162dd8e039
000003163c3ba359
000003166bfe1a99
00000317bc44cf79
0000031860774919
00000318ed892f79
00000318f3980119
000003192b0960d9
0000031a679804d9
0000031a6e5469d9
0000031b47159719
0000031d0118cff9
0000031db7eabd99
0000031dd6f0a0f9
0000031e4f7da439
0000031e685b3399
0000031eb79e71b9
0000063df9e17161
0000000001d1eb71
0000000000000181
0000031f995d8b59
000003212f7d8139
000003219079a879
0000032247b9a339
0000032377cad379
000003240889c159
00000324585aee59
0000032607dd7679
00000326673e6959
00000326710db239
00000326a9267839
00000326bd4ca799
0000032723486019
000003276c20b3f9
0000032772b73bd9
0000032778c32d99
00000327b4b3f359
00000327cd47b079
000006509a4c4061
0000000001d1eb71
0000000000000181
000003284fc961b9
0000032880677719
0000032882f2b1b9
0000032908a4aff9
000003297b73d199
00000329b525ee59
0000032c6267fd19
0000032c6b5a9159
0000032c7ab66379
0000032d5f300039
0000032d8e388ad9
0000032da1bbc839
0000032df2d5f179
0000032e5bd390d9
0000032eb1505e99
0000032f056a6019
0000032f243cfc79
00000330122cf339
000003309183ee59
00000330cfb3bf99
0000033194350279
000006633ab70f61
0000000001d1eb71
0000000000000181
00000331b306add9
0000033212af17b9
00000333e1314e79
00000333ef7f6619
0000033404e19d19
000003344dd840d9
00000334613c6b39
00000335c4282399
00000335cf1b9d39
00000335d25b2db9
00000337d6ce1d39
000003382ae681d9
000003392d226859
00000339966cd839
0000033a1ac220b9
0000033a55d3e5d9
0000033a8b7c0e59
0000033add404979
00000675db21de61
0000000001d1eb71
0000000000000181
0000033bbf8bd759
0000033bcbe303d9
0000033bfb04e359
0000033cd4e90959
0000033cf9da8e99
0000033db33106d9
0000033e7d331c19
0000033ec44aa819
0000033f8eff7839
0000033fe1a60099
00000341a9ed0dd9
00000341b36a4a39
0000034219c36b39
000003423bfd9e59
00000342722c9af9
000003427aa86899
00000342bb7478b9
00000343a29c2199
00000343bcbc4439
00000343c938b3d9
00000344169d7e19
000006887b8cac61
0000000001d1eb71
0000000000000181
0000034466d15439
00000345ab2d7739
00000349a032ee99
00000349ab3e4859
00000349f59da719
0000034a1d24cff9
0000034a5aa47ed9
0000034b280ba959
0000034b8da96459
0000034cba827f59
0000034cc6c907d9
0000034d05cd25b9
0000069b1bf77b61
0000000001d1eb71
0000000000000181
0000034ddf2298b9
0000034e34328ab9
0000034efc02e339
0000034fec516939
0000035061bc03f9
0000035122b88b59
00000351405e1cb9
00000351a8a87a19
0000035300221619
00000353705c96d9
000003543fc67779
000003548b68eb39
00000354ac784659
00000354f8c8aa99
000003555bdd6c79
00000355951a42f9
00000355cefcfdd9
000003560baced39
0000035633b56bd9
000006adbc624a61
0000000001d1eb71
0000000000000181
00000357c18eca59
00000358590898b9
0000035867caf239
00000359c116e699
00000359eee37d99
0000035a73808939
0000035b0ba18b99
0000035b14e009b9
0000035ba58a4f19
0000035c5763ea59
0000035dad6210f9
0000035dc65d7ad9
0000035f4f1e5579
0000035f8f01a939
000006c05ccd1961
0000000001d1eb71
0000000000000181
000003605e3347b9
0000036080f9aa79
0000036097688c79
0000036230713ab9
000003626eace959
0000036336baf5d9
0000036346631639
00000363e18241b9
00000364213514f9
0000036474207ff9
000003647596bb99
00000364e72ae2b9
00000364f123a5d9
000003654d3a4c39
00000365af5f7a59
00000365e0834819
000003663f2c57f9
000003665dea2319
000003667768e199
00000366cf6b25f9
00000367328c8b79
0000036766186d39
0000036768e515d9
0000036785c50359
00000367c0f99fb9
00000367d8a0ad59
00000368736a9179
000003692d07ded9
000006d2fd37e961
0000000001d1eb71
0000000000000181
0000036a36b2e5b9
0000036aaefda559
0000036ae948cbb9
0000036b14714a59
0000036b23266ab9
0000036b3ba50279
0000036b7dcedbb9
0000036d7af8aef9
0000036f24ff67b9
0000037045464b99
00000371166a8979
00000371f4faa279
000003720d9c8d19
0000037224e28f79
0000037241f05b99
000003729ba19739
000006e59da2b861
0000000001d1eb71
0000000000000181
000003731bf1d3d9
000003732ce0b5f9
000003733140b2d9
000003736e7b69f9
0000037636fdbc19
000003767459d099
000003778fc6a4d9
0000037990517959
0000037a1b5a4b39
0000037a31025539
0000037a8fc19dd9
0000037c0ea9dc59
000006f83e0d8761
0000000001d1eb71
0000000000000181
0000037c60928339
0000037ca82d2079
0000037cf1818c59
0000037de63efb79
0000037e69870019
0000037ea0f6d0b9
0000037f1f6f69b9
0000037fcf4c3779
00000381a5079319
000003834cf24999
00000383a0ee5df9
00000383e52ad4b9
0000070ade785661
0000000001d1eb71
0000000000000181
00000386594f3759
00000386ce291cb9
0000038793cc7499
00000387ada638d9
000003883689c639
0000038940fe97d9
0000038a226ee719
0000038a7e32f099
0000038a9849d0d9
0000038a997aca79
0000038ac3888639
0000038c3fdabc39
0000038caea57039
0000038cb8a78b19
0000038ccd3fdcf9
0000038d44b48a19
0000038e3a43f519
0000038e7da922b9
0000071d7ee32561
0000000001d1eb71
0000000000000181
0000039033445159
00000391ea598559
000003923f60c7d9
00000392f585edf9
00000392fa323219
00000393571d89b9
000003951b078779
000003953c61fa19
0000039644c61b39
00000396e6b86899
00000397cbd5f159
000007301f4df461
0000000001d1eb71
0000000000000181
000003988e2c5039
00000398c1322c19
00000398dc3f0b59
00000399fc6b4739
0000039a13050139
0000039baa967419
0000039d154bbeb9
0000039d2ac6cdf9
0000039d49eb72f9
0000039d60a2c4d9
0000039de1b7c079
0000039ea64586f9
0000039f11363b39
0000039fbacdb119
000003a0496614f9
000003a0f6e03bd9
000003a13a39a059
000003a1570a1799
00000742bfb8c461
0000000001d1eb71
0000000000000181
000003a237918179
000003a280ebddf9
000003a2b86da3b9
000003a2f5f55399
000003a3327111b9
000003a49f3b34d9
000003a5079e7df9
000003a53a64d339
000003a5b7111019
000003a6240cb759
000003a7fb9ea0d9
000003a829ab2459
000003a83f8b2ed9
000003a84dd26699
000003a8ae663d59
000003a94266df79
000003a9f68f1579
0000075560239361
0000000001d1eb71
0000000000000181
000003aba049a5d9
000003abcd3e0619
000003ac4a850219
000003ac77438bd9
000003ad5cac2339
000003ae129fa819
000003ae23e54df9
000003ae42f1d5f9
000003ae59f85599
000003aea51d19b9
000003aeaa8eb0d9
000003b0dc6bd519
000003b1405b4cd9
000003b1f82d1239
000003b2a1fadc99
000003b2eef36819
000003b306ae6dd9
000003b3082ca219
000003b373b11e99
000003b3a6284699
00000768008e6361
0000000001d1eb71
0000000000000181
000003b5019c2cd9
000003b546f6d199
000003b60b9cf919
000003b657d25459
000003b68670e499
000003b6f1cc0919
000003b7e8069d79
000003b7e9800c79
000003b80ab05d19
000003b82d3535b9
000003b89ae07899
000003b8b7c458b9
000003b9059efc39
000003b96b79b839
000003ba7afc9179
000003ba8fdd4ff9
000003bb215441b9
000003bb3ee6b779
000003bb45ae30f9
000003bbcff22bf9
0000077aa0f93261
0000000001d1eb71
0000000000000181
000003bf330be399
000003bfe2cef159
000003c18122adb9
000003c21d8bd4f9
000003c3040be8d9
000003c3672f0c19
000003c3d409cb59
000003c67a7ba8b9
0000078d41640261
0000000001d1eb71
0000000000000181
000003c82ad85b19
000003c86f39ca99
000003c9818b4359
000003c9fc7b7759
000003cad8e13c79
000003cade472099
000003cbaf310259
000003ccd88b2199
000003cd1e3ba559
000003cd4a703359
000003cdc990b819
000003cf4903c959
0000079fe1ced161
0000000001d1eb71
0000000000000181
000003d0c3fe97f9
000003d0ec1ddaf9
000003d15d609599
000003d16940ed59
000003d1a296ff59
000003d1f614cf19
000003d1fa69ae79
000003d2e74d41f9
000003d2ffa02559
000003d355a0bbf9
000003d4044caf39
000003d47796e319
000003d491bbd5d9
000003d5297e54d9
000003d59729fe99
000003d71a6d7af9
000003d78c076e99
000007b28239a161
0000000001d1eb71
0000000000000181
000003d98fa9c299
000003d9e5eee9b9
000003daff5bea99
000003dc26879319
000003dc4febb8b9
000003dcd6e85a39
000003dd502439b9
000003dd58c133f9
000003dd72b09479
000003ddd633d0f9
000003e11c35cbf9
000003e131832a19
000003e1ebf267f9
000003e1f8d83b39
000007c522a47061
0000000001d1eb71
0000000000000181
000003e33bd87af9
000003e341555239
000003e379666399
000003e3ca3c85b9
000003e41c3bb379
000003e4629b02b9
000003e46e9b1ad9
000003e5748b8979
000003e629b25c19
000003e925567e99
000003e9bdfdaa19
000003ea256545b9
000003ea40c03db9
000003ea4b5323b9
000003ead83c0659
000003ead91a0359
000003eb7e5eaa59
000007d7c30f4061
0000000001d1eb71
0000000000000181
000003ec997dd4b9
000003ed22ddd599
000003ee12a6ddd9
000003eec152bbf9
000003eec75e0359
000003ef2da2b799
000003f1034d9299
000003f16db6f859
000003f17ea56099
000003f264f5e9d9
000003f2acf5f479
000003f36e8557d9
000003f37b0a0d19
000003f49e728f39
000007ea637a0f61
0000000001d1eb71
0000000000000181
000003f6b4f403d9
000003f6da36a239
000003f7f60775f9
000003f8690aa499
000003f9aed1f0b9
000003f9f1ea6519
000003fb69c018b9
000003fb83fb17d9
000003fc35f7f059
000003fe14cfca79
000007fd03e4df61
0000000001d1eb71
0000000000000181
000003fe8691cfb9
000003fecfeb4c39
0000040016b8f7d9
00000400215fa139
0000040095e2cad9
00000402294477f9
00000402d87034b9
000004037d1fa519
00000403b54b2cf9
00000403bec50539
00000405d0b72419
00000406fa9c1379
000004075bbdcbd9
0000080fa44faf61
0000000001d1eb71
0000000000000181
00000408369cfe39
000004087bbedc99
00000408ef82c0f9
00000408f85816b9
000004090ba5d299
0000040aabec8419
0000040ab4cd1859
0000040b7e050239
0000040b8e71c379
0000040be01490b9
0000040dc4cf96d9
0000040e20c48299
0000040e2c8f81d9
0000040f82547c79
0000040fa1adeb99
000004105b71e219
000004106c4f7619
00000410700cf3b9
0000082244ba7f61
0000000001d1eb71
0000000000000181
0000041141f38679
00000411b5299c79
00000411bbf7d9f9
00000411cc138539
000004123e01e4f9
0000041287853a59
00000412b567cff9
00000412c927bc39
00000412e7f47af9
000004145a115039
0000041463c99ef9
00000415209d2499
000004159e873679
00000415a2ce2ad9
00000415d85643b9
0000041633ffa919
000004188868ee99
000004190eb84119
000004192409c699
00000834e5254e61
0000000001d1eb71
0000000000000181
0000041aa70d1f79
0000041adab28c39
0000041ae79d9e19
0000041b81c49019
0000041b9081b2f9
0000041d306cc4b9
0000041df0e63f19
0000041ee7fc7299
00000420307a3ad9
000004213f5f6779
00000423421e5c99
0000084785901e61
0000000001d1eb71
0000000000000181
0000042500fb8859
000004261df6bdf9
00000426d0769a79
00000427a54a9339
000004285b84ee99
0000042861294d99
000004291f74b899
000004294ab34099
000004298ac108b9
00000429a4e32419
00000429e5d310f9
0000042a9d493999
0000042afacef0b9
0000042b7cf23d19
0000042be1375e99
0000042c06dd25d9
0000042c28ba4b59
0000042c89e9e819
0000042cca06d1d9
0000085a25faee61
0000000001d1eb71
0000000000000181
0000042e4a567b39
0000042e6e8a30f9
0000042ef0c1f0d9
0000043035851279
000004321e068dd9
0000043230e49639
000004326062b679
000004334e45f7b9
00000434119509d9
000004343e473f19
00000434a23824b9
000004359959b879
0000043643181299
0000086cc665be61
0000000001d1eb71
0000000000000181
0000043765993539
00000437d047dc19
00000437d9e0b039
00000437e0406719
00000437ffd3ed79
000004380305c4b9
000004380fd9edf9
00000438bd8f2679
00000439b65ab0d9
0000043a4d85c6d9
0000043aced27479
0000043bce4ddd39
0000043cf96dee59
0000043d24288f79
0000043d52af73b9
0000043d5571ca39
0000043e0e0d9e39
0000043e68d316f9
0000043e84d48699
0000043ecd543979
0000043fa2e28f39
0000087f66d08e61
0000000001d1eb71
0000000000000181
000004416e95f179
000004424fde4859
00000443d544c8b9
0000044527cf4039
000004462a47c599
000004465f079bf9
0000044675f7e019
00000446f2ee7ed9
0000044878396b99
00000892073b5e61
0000000001d1eb71
0000000000000181
000004495ca94a59
00000449a7c33059
00000449ebf0ee79
0000044a5d6ef319
0000044b042d6b59
0000044b2f7625b9
0000044bbb7096f9
0000044c3e589899
0000044c81340b99
0000044cb1dc62f9
0000044cfda74ef9
0000044d5dbb12b9
0000044d6543b5b9
0000044d8ec4da19
0000044ef10ab8f9
0000044f05b3bb19
0000044f8affa0d9
0000044fab381439
0000044fceb3bf39
0000044fd9364859
000004516033a479
00000451ba2bb079
000008a4a7a62e61
0000000001d1eb71
0000000000000181
00000452722b6979
00000453108387b9
0000045311b39dd9
00000454582ec999
0000045465e01619
000004548db78b99
00000454dc79c7d9
0000045535884ad9
00000456b9349319
0000045754378899
00000457e00f6859
0000045886764139
00000458d8bf5959
0000045925c8c199
000004596ed25f39
00000459898106b9
00000459e13163d9
0000045a10ba3619
0000045a6e808539
0000045b43c714f9
000008b74810fe61
0000000001d1eb71
0000000000000181
0000045bf0fbe919
0000045c2ee4b8d9
0000045caf3fa5f9
0000045e34084e79
0000045ef32dab39
0000045f15246079
0000045f2a686bd9
0000045f3e181cf9
0000045f745e1fd9
00000460c23edef9
00000460d4ffd719
000004610427f579
00000461d4f3a139
00000463947094d9
0000046432bb1699
00000464460890f9
00000464bd06b5b9
00000464cb327db9
000008c9e87bce61
0000000001d1eb71
0000000000000181
000004651d048db9
000004658d53b439
000004664b4ac739
000004665ce6ef59
000004668b7667f9
0000046754c2e079
000004681f2af319
00000468ceef87f9
00000469694972f9
000004697a89d839
00000469a027ba99
0000046b31ed5859
0000046b67af07d9
0000046b69e38599
0000046baf513139
0000046d5e73b4d9
0000046da237a7f9
0000046e03c11119
000008dc88e69e61
0000000001d1eb71
0000000000000181
0000046e4d428459
0000046ef0be5599
0000046f27dd5d59
000004700f3eccb9
000004703e1a00d9
0000047200e1d6f9
0000047220446619
000004739d150db9
00000476181c5539
0000047697fb5159
000008ef29516e61
0000000001d1eb71
0000000000000181
000004785a571f79
00000478af1c8b79
00000479bb4a87d9
0000047a179d2a99
0000047a66288ab9
0000047a910880b9
0000047aef225439
0000047afc544619
0000047b34de7f79
0000047b99ad4599
0000047be35c3499
0000047c933b4d79
0000047c9b0ca0d9
0000047d42faf779
0000047e22272a39
0000047f38bf18f9
0000047faa3c6519
00000480381d71b9
0000048057138339
000004806b515b39
000004808d32e219
00000901c9bc3f61
0000000001d1eb71
0000000000000181
00000480e589a4f9
00000482438e57f9
00000482ebdd72f9
00000484751a4a79
000004854e289179
00000485be129299
00000485d4da4439
00000486322e35f9
0000048676f3b3d9
000004874c3ab979
0000048752ce45d9
00000487600fddb9
0000048770aee119
00000487f6b5ecb9
0000048873a611b9
00000489505ce6f9
000004895bb90bf9
00000489e4a290b9
0000048a18747819
000009146a270f61
0000000001d1eb71
0000000000000181
0000048b23ea73b9
0000048b85dcabb9
0000048bbe562c19
0000048bcdf7f1d9
0000048bd7f926f9
0000048c58ff2d79
0000048c71690899
0000048ca4b47cf9
0000048de846e2d9
0000048e97449b59
0000048f93de0979
000004908bb94c99
00000492153709b9
000004923150f619
00000492991633b9
0000049336ff6739
000009270a91df61
0000000001d1eb71
0000000000000181
000004944ce0a5d9
0000049460613cb9
00000494ad984a59
00000495878a8819
00000496a2a93a59
000004971041fc19
000004977ac44e79
000004978c0e1659
00000497ce3b2199
0000049835494999
000004984df065f9
0000049853076999
00000498775fe319
00000498d2646719
00000498d8057519
00000499307e1fb9
000004994a0aef39
00000499dfa100d9
0000049a055a0fd9
0000049b60cf5999
0000049c2353a8f9
0000049c4e2256f9
0000049c9decf119
00000939aafcaf61
0000000001d1eb71
0000000000000181
0000049d39c265d9
0000049d40cfa259
0000049db8c264f9
0000049e8b47d699
0000049e97a68279
0000049ea70c7d99
000004a0457208d9
000004a07575bc19
000004a1a5a78a79
000004a404f514b9
000004a41fa81239
000004a4502807b9
000004a48caf2939
000004a52798c2f9
000004a527ca9f19
000004a54cbe6899
000004a5b3d362b9
000004a6041d00d9
0000094c4b678061
0000000001d1eb71
0000000000000181
000004a6440cd3d9
000004a6cd4c72b9
000004a71c169b59
000004a888a4e619
000004a8f321d359
000004a90ea51259
000004a92e185b39
000004a9408e2df9
000004a9e1634c59
000004aa54704eb9
000004aa6cdef659
000004ab519a1e19
000004ab63d94d39
000004ad209f12b9
000004ad9b399599
000004ae8066e759
0000095eebd25061
0000000001d1eb71
0000000000000181
000004af806fb2f9
000004afb29dcb99
000004b066f030d9
000004b09ba39dd9
000004b2f0e88459
000004b357076299
000004b5265797d9
000004b5fb198f79
000004b6e46cea39
000004b88ca71d59
000009718c3d2061
0000000001d1eb71
0000000000000181
000004b8e4479519
000004b8fe55d379
000004b9bfe0e979
000004bbab06a9b9
000004bc19fbd339
000004bc946cd619
000004bcc7d8cfd9
000004bdf02b0359
000004bebaa26b39
000004bec3854779
000004bf28c16f39
000004bf7782c259
000004bffc4f28f9
000004c1693d8d19
000009842ca7f161
0000000001d1eb71
0000000000000181
000004c23675d099
000004c289b27df9
000004c38d6875b9
000004c3e1490499
000004c3e81106b9
000004c3f9032379
000004c54a1c5d39
000004c5e3081ed9
000004c5fe85f499
000004c6722bfc59
000004c6b23f66b9
000004c6b3f32b79
000004c6b71a4239
000004c716960159
000004c77df88859
000004c8c3cd9e99
000004c960b17299
000004c98fadcc99
000004ca2ec59fb9
000004ca713f56f9
000004cb51903cd9
00000996cd12c161
0000000001d1eb71
0000000000000181
000004cb68babc19
000004cdc3757119
000004d03d2eb139
000004d0fa1f0699
000004d1025ca6f9
000004d10c663ef9
000004d199855ff9
000004d265f48239
000004d2a826fb19
000004d31b1acd39
000004d328df8d59
000009a96d7d9261
0000000001d1eb71
0000000000000181
000004d4d6ba2df9
000004d4e8394619
000004d5ecd44d99
000004d702fba3d9
000004d70e41c579
000004d754a49819
000004d88cd15459
000004d8e02d6879
000004da09f63bb9
000004da3c4ded19
000004db9e156639
000004dbacc90f59
000004dc04803679
000004dd508619f9
000004dd9a68fb19
000004dda33d6b59
000004ddd8871379
000009bc0de86261
0000000001d1eb71
0000000000000181
000004dead97ddd9
000004df92936b39
000004dfb9570799
000004e16f7cbcb9
000004e1afd3e419
000004e202e28719
000004e2171d1bd9
000004e2423e3a19
000004e2a982ffb9
000004e32c373f19
000004e39a9ee9f9
000004e3b6ee1219
000004e52e127339
000004e53fc49fb9
000004e5c9b575f9
000004e61c57b359
000004e68b8ef7f9
000004e6b3bb5399
000009ceae533361
0000000001d1eb71
0000000000000181
000004e7e4ea12b9
000004e9df13c779
000004e9ff3cfe79
000004ea789eeb79
000004ea93ed8e59
000004eb84794df9
000004ebc4406e59
000004eccfcbf419
000004ecde4d7f39
000004ed3ce44fd9
000004ee17524eb9
000004ee8bb43019
000004eef2eb5ef9
000004efe63cc1f9
000004f03006a819
000009e14ebe0361
0000000001d1eb71
0000000000000181
000004f220b63fb9
000004f248089eb9
000004f2b2259c39
000004f450ee98f9
000004f4d7c466b9
000004f52415b0b9
000004f5b8abe9d9
000004f5fddf9dd9
000004f76f0b8df9
000004f7c520d859
000004f8b4c5b639
000004f971c01d79
000009f3ef28d461
0000000001d1eb71
0000000000000181
000004fa1914f799
000004fab090dd59
000004faecc42dd9
000004fb008a05b9
000004fb27d089d9
000004fbddfe1ff9
000004fbe675c219
000004fbf87067f9
000004fbfb8ad7f9
000004fca4197759
000004fca523a519
000004fcc7651a19
000004fd0e51ab59
000004fde19b91b9
000004fe14932319
000004fe32a3e1b9
000004feb563ab59
000004fee94b5ad9
000004ff958f5239
00000500b90025b9
00000500ca1cfd59
00000501d7248059
0000050223b5b319
000005022a1091d9
00000502468bbf59
0000050260b5df59
000005029f8e06d9
00000502d3b0ecb9
00000a068f93a561
0000000001d1eb71
0000000000000181
0000050388b37a19
00000503b7219699
00000503d01bb8f9
000005045ed229d9
000005055780e8d9
0000050560c87e99
0000050628f75c59
0000050675b7ffb9
000005069d5be739
00000506b4e63499
000005078a3389d9
0000050896bca5f9
0000050a642e78f9
0000050a7d339199
0000050af13297f9
0000050bf0ebb8d9
0000050c85c02c99
00000a192ffe7561
0000000001d1eb71
0000000000000181
0000050d8fbc4079
0000050e6605d8b9
0000050e67dbcff9
0000050f133a0b99
0000050fe06209d9
000005102976f319
00000510c7a49db9
00000510caf0a479
0000051138bf3fd9
000005113ab540b9
00000511d3242ff9
0000051271757099
00000513b09d7979
00000513bb041499
0000051410b18819
000005141ecf2c99
0000051441d73c79
00000a2bd0694661
0000000001d1eb71
0000000000000181
00000515e80a9339
000005164af80fd9
000005165ec590d9
00000517368d72f9
00000517f56fb7d9
0000051805d81979
0000051818c687f9
0000051865cc8999
00000519c398a0d9
0000051a1bb9e4f9
0000051b10553739
0000051b6bf531d9
0000051bb05199f9
0000051ced71d4d9
0000051d4911a7f9
0000051e759f8499
0000051ee29ec7b9
00000a3e70d41761
0000000001d1eb71
0000000000000181
0000051f646509b9
0000051fdc247939
000005201545e559
0000052171d5c379
00000521d7023899
0000052260186bb9
000005229b8171f9
00000522f0c91119
000005232f75c379
0000052386142a39
000005243f3e6059
0000052490246439
00000524d0237039
0000052578ff5099
000005258293e279
00000525a4a43639
000005269453a199
00000526f5de8f19
0000052718e819f9
0000052730bef259
000005285c0bd599
00000a51113ee861
0000000001d1eb71
0000000000000181
00000528eac638d9
000005297d13dcf9
00000529a7437999
0000052ad009b039
0000052ae300f1d9
0000052b3e74b6f9
0000052b7a4d65f9
0000052c382343d9
0000052df1c9ad79
0000052e0b93a579
0000052eb5d88ef9
0000052f46507dd9
0000052f4cbcc119
0000052f90cc8c79
000005309fa350d9
00000530a5a35059
00000531caa53179
00000a63b1a9b861
0000000001d1eb71
0000000000000181
00000532fac336d9
00000534087840b9
0000053435d6a079
00000534b7b24c39
00000534c8b84fd9
00000534e04ad199
0000053522efd499
000005360fcb8c39
000005361d80da79
00000536dceb4579
00000539062033f9
0000053991da9b59
00000a7652148961
0000000001d1eb71
0000000000000181
0000053baf9d40b9
0000053c4296eab9
0000053c45a18fb9
0000053d4dded139
0000053e62c49459
0000053eb19b9a39
0000053eb3f42539
0000053f303f6a19
0000053f47f56f19
00000540252d5799
00000541147e77b9
00000542d1c26a39
00000542ec0fd059
0000054326169279
0000054379570eb9
00000543c63e82f9
00000543f18df279
000005440f5d6b39
00000a88f27f5a61
0000000001d1eb71
0000000000000181
000005449611cc99
00000544fcdb6199
000005450a1b5a59
00000545408c3a19
00000545a37c4619
000005468dcba679
000005474f03b459
00000547bc0e3e19
000005488af84bb9
00000548f6480339
0000054942f4f8b9
000005498ddac0d9
00000549b9efbef9
0000054a6d276179
0000054a98e991f9
0000054ac909de39
0000054bbb0b6d59
0000054c2424d939
0000054d1f003c59
0000054d886c0079
0000054db3af7c39
00000a9b92ea2b61
0000000001d1eb71
0000000000000181
0000054defdec3d9
0000054e9653ae59
0000054edf76c4d9
0000054f422b2299
0000054fa507b1f9
00000550015e9919
00000550223cb3f9
0000055100823759
000005510fc870d9
00000552256d5ef9
00000552a97b46f9
00000553539f8dd9
000005544da1a759
00000554df583079
000005558cf85799
00000555e7b8f5b9
00000aae3354fc61
0000000001d1eb71
0000000000000181
0000055738bddc39
000005583c77c8d9
00000558926e9539
00000559f3995f99
0000055a4ac27539
0000055a7bece599
0000055aa5f447d9
0000055acc85b699
0000055ca7e6dad9
0000055d34772979
0000055d4ae80e79
0000055df84d8219
0000055e15fc3599
0000055e7d425bf9
0000055e8d32ec99
0000055f3a95c779
00000ac0d3bfcd61
0000000001d1eb71
0000000000000181
000005606a22bb99
00000560731a8c79
00000560cd3aa5b9
00000561d58c0759
000005625d653f59
000005631fde05b9
0000056489f4bf39
00000564c0c2a399
00000564c38275b9
00000564fed54a79
00000565fddf8079
000005668e9a1299
00000567118309f9
0000056725219e19
0000056825169f79
0000056827039579
0000056889009e19
0000056952526639
00000ad3742a9e61
0000000001d1eb71
0000000000000181
0000056a1abc1139
0000056a84767f19
0000056a8ba41bf9
0000056ba6737c59
0000056bd589e9b9
0000056be7845879
0000056c2757e579
0000056c6efcb6d9
0000056c960a4a59
0000056d0b123a99
0000056d381fd559
0000056ddf874f79
0000056e7eb491b9
0000056ea316c679
0000056ea9eb1239
0000056f0737f539
000005714acd0fd9
00000571fc96b439
000005728bd52919
00000ae614956f61
0000000001d1eb71
0000000000000181
00000576ead078d9
00000577cc7fd619
00000af207bf1561
0000000001d1eb71
0000000000000181
