[MCS8 A] 97 FW 3.104 SV 1.257 
range=1024
periods=2
sweepmode=27e20d0
fstchan=0
holdafter=0
streamstatus=3
calreg0=0
calreg1=0
calreg2=0
calreg3=0
swpreset=8000        
prena=1
syncout=0
cycles=18
sequences=1
tagbits=16
vdac0=92c
vdac1=807
vdac2=8c8
vdac3=8c8
vdac4=8c8
vdac5=8c8
vdac6=8c8
vdac7=8c8
timepreset=150.000     
digio=0
digval=0
autoinc=0 
savedata=2 
mpafmt=asc
sephead=0 
fmt=asc
smoothpts=5 
[CHN1]
REPORT-FILE from 07/02/2026 12:55:08.777  written 07/02/2026 12:55:08
cmline0=07/02/2026 12:55:08.777 
cmline1=A1
range=1024
active=1
bitshift=4
cftfak=2580100
evpreset=10          
roimin=0
roimax=1000
caloff=0.800000
calfact=12.800000
calfact2=0
calfact3=0
calunit=nsec
caluse=1 
[CHN2]
REPORT-FILE from  written 07/02/2026 12:55:08
cmline1=A2
range=1024
active=0
bitshift=4
cftfak=2580100
evpreset=10          
roimin=0
roimax=1000
caloff=0.800000
calfact=12.800000
calfact2=0
calfact3=0
calunit=nsec
caluse=1 
[CHN3]
REPORT-FILE from  written 07/02/2026 12:55:08
cmline1=A3
range=1024
active=0
bitshift=4
cftfak=2580100
evpreset=10          
roimin=0
roimax=1000
caloff=0.800000
calfact=12.800000
calfact2=0
calfact3=0
calunit=nsec
caluse=1 
[CHN4]
REPORT-FILE from  written 07/02/2026 12:55:08
cmline1=A4
range=1024
active=0
bitshift=4
cftfak=2580100
evpreset=10          
roimin=0
roimax=1000
caloff=0.800000
calfact=12.800000
calfact2=0
calfact3=0
calunit=nsec
caluse=1 
[CHN5]
REPORT-FILE from  written 07/02/2026 12:55:08
cmline1=A5
range=1024
active=0
bitshift=4
cftfak=2580100
evpreset=10          
roimin=0
roimax=1000
caloff=0.800000
calfact=12.800000
calfact2=0
calfact3=0
calunit=nsec
caluse=1 
[CHN6]
REPORT-FILE from  written 07/02/2026 12:55:08
cmline1=A6
range=1024
active=0
bitshift=4
cftfak=2580100
evpreset=10          
roimin=0
roimax=1000
caloff=0.800000
calfact=12.800000
calfact2=0
calfact3=0
calunit=nsec
caluse=1 
[CHN7]
REPORT-FILE from  written 07/02/2026 12:55:08
cmline1=A7
range=1024
active=0
bitshift=4
cftfak=2580100
evpreset=0           
roimin=0
roimax=1000
caloff=0.800000
calfact=12.800000
calfact2=0
calfact3=0
calunit=nsec
caluse=1 
[CHN8]
REPORT-FILE from  written 07/02/2026 12:55:08
cmline1=A8
range=1024
active=0
bitshift=4
cftfak=2580100
evpreset=0           
roimin=0
roimax=1000
caloff=0.800000
calfact=12.800000
calfact2=0
calfact3=0
calunit=nsec
caluse=1 
;MCS8 #97 Sversion=1.257 Fversion=3.68
time_patch=1
;datalength=8 bytes
;bit0..3: channel# 1..8 ( 4 bit)
;bit4: edge 0=up / 1=dn ( 1 bit)
;bit5 ..57: timedata    (53 bit), max sweep length 2001.6 h
;bit58..62: tag0..tag4  ( 5 bit)
;bit63:     data_lost   ( 1 bit)
[DATA]
0000000000000016
00000004eb16ef39
0000000ba6f56f59
0000002157672c61
0000000002715571
0000000000000181
00000019027007d9
00000033f7d1fe61
0000000002715571
0000000000000181
0000001a00d38239
0000001e38d7a1f9
00000021a78bfc79
00000046983cd161
0000000002715571
0000000000000181
0000002869351e99
00000028d1a5a819
00000029bd47ac99
0000002c4aeda4b9
0000005938a7a361
0000000002715571
0000000000000181
0000002e187a8d99
00000032e2a971d9
000000337c42c739
00000034f7c30639
0000006bd9127661
0000000002715571
0000000000000181
0000003698e15839
0000003b7c37db79
0000003d4f5b16d9
0000007e797d4861
0000000002715571
0000000000000181
0000004836b8ff19
0000009119e81b61
0000000002715571
0000000000000181
0000004b4cac3379
0000004f4400b2f9
0000004fba2db219
00000051c0088039
000000a3ba52ed61
0000000002715571
0000000000000181
0000005357a880d9
0000005415281b39
00000057eded4a39
0000005a8ecf7e39
000000b65abdc061
0000000002715571
0000000000000181
0000005bb16e1f19
0000005f0a988d59
00000060581deef9
00000060e42bb139
000000c8fb289261
0000000002715571
0000000000000181
00000068a1c8b899
0000006a74ed4699
0000006a9b7a8639
0000006b414f08f9
0000006c279b9059
0000006d03f4afd9
000000db9b936561
0000000002715571
0000000000000181
0000006fdae79f79
0000007062b29159
0000007179580319
00000076594ad119
000000767b857a99
000000767dc66f39
00000076b38a7fd9
000000ee3bfe3761
0000000002715571
0000000000000181
0000007b36101699
0000007b5625d779
00000100dc690a61
0000000002715571
0000000000000181
00000087a2f9cb99
000001137cd3dc61
0000000002715571
0000000000000181
0000008adad6eb59
0000008ba951ce39
0000008cea975d39
0000008d235466b9
0000009194529799
00000091a06ca3b9
000001261d3eaf61
0000000002715571
0000000000000181
00000097f0fd2979
0000009b1554b659
0000009b55bd7039
0000009c53db6519
00000138bda98161
0000000002715571
0000000000000181
0000009e37b0ae19
0000009eefd86439
0000009f0c0389b9
000000a0a07496f9
000000a2d7142719
000000a3b5689bf9
000000a5ab3b9bf9
0000014b5e145461
0000000002715571
0000000000000181
000000a8dc257219
0000015dfe7f2761
0000000002715571
0000000000000181
000000b2dd42c0b9
000000b3263b36d9
000000b3c2ad6919
000000b3efa69919
000000b42ad84919
000000b759f6c499
000001709ee9f961
0000000002715571
0000000000000181
000000b9dd9c5319
000000c11807a9d9
000001833f54cc61
0000000002715571
0000000000000181
000000c216a57af9
00000195dfbf9f61
0000000002715571
0000000000000181
000000cbc0f62779
000000d0e055fdf9
000001a8802a7161
0000000002715571
0000000000000181
000000d49179f199
000000d71a3be2b9
000000dc180d0119
000000dcf99c3cd9
000001bb20954461
0000000002715571
0000000000000181
000000defa543bd9
000000e3723f3659
000000e5f124cd39
000001cdc1001761
0000000002715571
0000000000000181
000001e0616aea61
0000000002715571
0000000000000181
000000f210eaad39
000000f326929c99
000000f4692a8f19
000000f4f74b2bd9
000000f915b11799
000001f301d5bc61
0000000002715571
0000000000000181
000000fc1280ad19
000000fc375d3159
000000fe36b95c59
000000ff5c3795d9
00000205a2408f61
0000000002715571
0000000000000181
00000103dbecf3f9
0000021842ab6261
0000000002715571
0000000000000181
0000010e2e621699
0000010e41571e59
0000010f48f53799
000001100d66c4b9
00000113b4a55899
000001140d0380f9
0000011441660859
0000022ae3163561
0000000002715571
0000000000000181
000001176c831979
0000023d83810861
0000000002715571
0000000000000181
0000012070fd3ab9
0000025023ebda61
0000000002715571
0000000000000181
0000012ac856be59
0000012b5335b759
0000012d93668759
0000012dc1c76619
0000012f73146959
0000013153fc72b9
00000262c456ad61
0000000002715571
0000000000000181
000001335db50d39
000001349f384619
00000137390ead19
0000027564c18061
0000000002715571
0000000000000181
0000013b1eab1099
0000013c531aebb9
00000140233a96f9
00000140e0335159
00000288052c5361
0000000002715571
0000000000000181
00000146c85c6c79
0000014910baaed9
0000014b619f1359
0000014c4d9d4c19
0000014c85298299
0000029aa5972661
0000000002715571
0000000000000181
000001509cb13139
00000152a327f139
0000015420aec9b9
000001556a081af9
000002ad4601f961
0000000002715571
0000000000000181
00000159a736db39
000002bfe66ccc61
0000000002715571
0000000000000181
00000165d708c339
000002d286d79f61
0000000002715571
0000000000000181
0000016c19c0f419
0000016d6eb96479
00000171395f2219
000002e527427261
0000000002715571
0000000000000181
000002f7c7ad4561
0000000002715571
0000000000000181
0000017ed1ef8b99
000001815536fd39
0000018217267399
00000183734aa559
00000183f28c3639
0000030a68181861
0000000002715571
0000000000000181
00000187ded5e119
000001899d4a9c39
0000018b050803b9
0000031d0882eb61
0000000002715571
0000000000000181
000001910595ab79
00000192239fa739
00000192510cd6d9
00000194ac0f90f9
0000032fa8edbe61
0000000002715571
0000000000000181
00000198d419c5b9
0000019b1ee07119
0000019b32f600b9
0000019bf8f99339
0000019c2b2344f9
0000034249589161
0000000002715571
0000000000000181
000001a5e8568d19
000001a852060c19
000001a9070a1cf9
000001a985c12db9
00000354e9c36461
0000000002715571
0000000000000181
000001adafd70fb9
000001b38faeab39
000003678a2e3861
0000000002715571
0000000000000181
000001b461539539
000001b585917359
000001b5cc001df9
000001b687359c59
000001bb37f3bbb9
000001bb61b28999
0000037a2a990b61
0000000002715571
0000000000000181
000001beb725d7d9
000001bece437ed9
000001bf60754079
000001c20b6ff979
000001c234e66179
000001c2c19d8f19
000001c4a99b0f19
0000038ccb03de61
0000000002715571
0000000000000181
000001cdee7a07f9
000001ce3ad3e6d9
0000039f6b6eb161
0000000002715571
0000000000000181
000001d1a2aec459
000001d44f187cd9
000001d4bf528b59
000003b20bd98461
0000000002715571
0000000000000181
000001d98be08439
000001e0a380e6f9
000003c4ac445761
0000000002715571
0000000000000181
000001e4bc8d0499
000001e57daeadb9
000001e7341b1ab9
000001e9666a39f9
000003d74caf2a61
0000000002715571
0000000000000181
000001f151764699
000001f4117206f9
000001f44d04f279
000003e9ed19fe61
0000000002715571
0000000000000181
000001f607a9aed9
000001f799756fb9
000001f812a42839
000001f86ae18d79
000001f96dc05ed9
000001fc7fd5c219
000001fd6a5b6d39
000003fc8d84d161
0000000002715571
0000000000000181
000001ff720bf559
00000204e14ca139
00000206ba1abd59
0000040f2defa461
0000000002715571
0000000000000181
00000207b3d45379
0000020921a159d9
0000020a7a6c8cf9
0000020d152bb019
0000020d1d911b19
0000020f55695459
00000421ce5a7761
0000000002715571
0000000000000181
00000214bb2fa879
00000217d9981979
000004346ec54b61
0000000002715571
0000000000000181
0000021d2d613699
0000021ec0bf84d9
000002202d72b6f9
000004470f301e61
0000000002715571
0000000000000181
0000022510c04039
0000022536e88cd9
000002257af2ec79
00000226979d5999
00000226fc93f019
00000227bb502a99
00000227e8f2a0d9
000002284c72cc39
000002292bda1379
0000022a925029d9
0000022c5c0a8ff9
00000459af9af161
0000000002715571
0000000000000181
0000022db6f027d9
0000022e52bd9e39
0000022f2958bc59
00000233a1228dd9
00000234a62eae39
000002353a3f8239
0000046c5005c561
0000000002715571
0000000000000181
000002385ea8d8b9
0000023a5d98e3f9
0000023a61091399
0000047ef0709861
0000000002715571
0000000000000181
00000240433b3c79
0000024394be4739
00000246b40b8819
00000246b51acb39
0000049190db6b61
0000000002715571
0000000000000181
0000024b23d5b719
0000024bb1901579
000004a431463f61
0000000002715571
0000000000000181
0000025234445739
0000025716745859
000004b6d1b11261
0000000002715571
0000000000000181
000004c9721be561
0000000002715571
0000000000000181
00000265da0e2599
000004dc1286b961
0000000002715571
0000000000000181
0000026f5683c439
0000027044379bf9
00000270e34742b9
000004eeb2f18c61
0000000002715571
0000000000000181
00000277b01140b9
0000027868ee5e39
00000278c7f6c9d9
0000027e5a5bcd39
0000027e66069019
00000501535c6061
0000000002715571
0000000000000181
0000028503546899
00000513f3c73361
0000000002715571
0000000000000181
0000028a8386c999
00000290983597d9
00000291c7d8f099
0000052694320761
0000000002715571
0000000000000181
0000029349df3799
00000297c796e3b9
00000297cb110119
00000299b3e04639
0000029b23739e39
0000029b585b3eb9
00000539349cda61
0000000002715571
0000000000000181
0000054bd507ae61
0000000002715571
0000000000000181
000002a6f90fdc19
000002ad0330fd79
000002addcab6039
000002aeb06c60f9
0000055e75728161
0000000002715571
0000000000000181
000002b0a615f9d9
000002b6db00ca79
0000057115dd5561
0000000002715571
0000000000000181
000002b95078a1b9
000002bb5b9d7bd9
000002bee3441299
000002bf670a3259
000002c0dfad11f9
00000583b6482861
0000000002715571
0000000000000181
000002c48ff703f9
000002c748306959
000002ca27c8e499
0000059656b2fc61
0000000002715571
0000000000000181
000002ce3ae88839
000005a8f71dcf61
0000000002715571
0000000000000181
000002d6beaadfb9
000005bb9788a361
0000000002715571
0000000000000181
000002de353b8179
000002deabcea479
000002e018966759
000002e0a8f8b419
000002e13910ad19
000002e2a24dfdf9
000002e6a2b79359
000002e6bf7947f9
000005ce37f37761
0000000002715571
0000000000000181
000002e7996dc1d9
000002e93dc6fdf9
000002e9b86d3199
000002f03bf8b679
000005e0d85e4a61
0000000002715571
0000000000000181
000002f6d85a58d9
000002f6e677f639
000002f91555cdd9
000005f378c91e61
0000000002715571
0000000000000181
000002fba0500e39
000002fc42adfab9
00000300106bd079
0000030050f635d9
000006061933f261
0000000002715571
0000000000000181
00000303d9816719
0000030a83015179
0000030bd1659d39
00000618b99ec561
0000000002715571
0000000000000181
0000030df3199599
0000062b5a099961
0000000002715571
0000000000000181
00000315ac562539
0000031d8ab308b9
0000031e88820d39
0000063dfa746d61
0000000002715571
0000000000000181
00000320647dc399
000003257b89b559
00000325daf5e339
00000326a57bd039
00000327495e22d9
0000032763d049f9
000006509adf4161
0000000002715571
0000000000000181
000003289bc45d39
0000032988e718d9
0000032e21c54cf9
0000032fb8cc9659
000006633b4a1561
0000000002715571
0000000000000181
00000331d9e89ab9
0000033743f41cf9
00000675dbb4e961
0000000002715571
0000000000000181
0000033b181da8f9
0000033cc21ebd19
0000033cda6655b9
000003428b0e9839
000006887c1fbc61
0000000002715571
0000000000000181
0000034496ce2b79
00000346553747d9
0000034801a78cf9
00000349254a6b79
0000069b1c8a9061
0000000002715571
0000000000000181
0000034e9af56379
000003517fdb6859
00000352b7463c19
000003530d570a59
000003534c8f4039
000003551ee405f9
000006adbcf56461
0000000002715571
0000000000000181
000003585f25a219
000003598b99ab39
0000035a719eedb9
0000035bd22ae2b9
0000035c04d9f279
0000035dabc67179
0000035fe023f9f9
000006c05d603861
0000000002715571
0000000000000181
0000036348a85679
000006d2fdcb0d61
0000000002715571
0000000000000181
0000036a0d01d7b9
0000036c56588259
0000037122fdcc79
0000037128c05739
0000037224023d79
000006e59e35e161
0000000002715571
0000000000000181
00000373f1cdbc79
0000037917067b39
00000379c3488e19
0000037ac2c87a59
000006f83ea0b561
0000000002715571
0000000000000181
0000037d7588ea39
000003848222e9f9
000003853005de99
0000070adf0b8961
0000000002715571
0000000000000181
00000386ed89d6d9
000003885fe78739
0000071d7f765d61
0000000002715571
0000000000000181
000003905eba80d9
00000390f4e21879
0000039641618319
000007301fe13161
0000000002715571
0000000000000181
000003998d10a799
00000742c04c0561
0000000002715571
0000000000000181
000003a3c57b7399
000003a4c863f4b9
000003a649448df9
000003a98a2ac879
0000075560b6d961
0000000002715571
0000000000000181
000003ae41f0de19
000003b1bb8edaf9
000007680121ae61
0000000002715571
0000000000000181
000003b74983c759
000003b8a69ffbd9
000003b8d24213b9
000003bb24e94c39
0000077aa18c8261
0000000002715571
0000000000000181
000003c35e0dac99
000003c5c6f82319
0000078d41f75661
0000000002715571
0000000000000181
000003c756c8ae39
000003ccc507f679
000003cd587af659
0000079fe2622b61
0000000002715571
0000000000000181
000003d1f39bb0d9
000003d7651021b9
000003d7f22c9679
000003d83223e7d9
000007b282ccff61
0000000002715571
0000000000000181
000003da0e9fb299
000003db88aebef9
000003dc1d38e539
000003ddae93f7b9
000007c52337d361
0000000002715571
0000000000000181
000003e7ae12f459
000003e81ed5d779
000003e832c2bed9
000003eb86ca20f9
000007d7c3a2a861
0000000002715571
0000000000000181
000003ec01f28159
000003ed2bbc7699
000007ea640d7c61
0000000002715571
0000000000000181
000003f5d9974c59
000003fc179981d9
000003fc245539f9
000007fd04785061
0000000002715571
0000000000000181
00000404501c0979
0000080fa4e32561
0000000002715571
0000000000000181
00000408770a6cb9
0000040a512e06b9
0000040dfc12e6f9
0000040fed1df2b9
00000822454df961
0000000002715571
0000000000000181
000004174ab50579
00000417813a61f9
00000417a1a952d9
000004198ab36919
00000419bfad0fb9
00000834e5b8ce61
0000000002715571
0000000000000181
0000041ae5747819
0000041b97a5a159
0000041da7215d79
00000420a0c245d9
000008478623a261
0000000002715571
0000000000000181
00000423fd5f5899
00000426370ba019
00000428401dc599
0000042873d6d079
0000085a268e7761
0000000002715571
0000000000000181
0000042ea2528399
000004354df4fc39
0000086cc6f94c61
0000000002715571
0000000000000181
000004386c62c819
00000438fcb59bd9
0000043f571de919
0000087f67642061
0000000002715571
0000000000000181
000004421cc09839
000004489a9c7dd9
0000089207cef561
0000000002715571
0000000000000181
0000044f7dbff579
0000045096825b19
000004521a503cd9
000008a4a839c961
0000000002715571
0000000000000181
00000455c43a3e39
0000045649326eb9
00000459ec920499
0000045a41377639
000008b748a49e61
0000000002715571
0000000000000181
00000462b1c03ab9
0000046426a288f9
000008c9e90f7361
0000000002715571
0000000000000181
0000046a73350db9
000008dc897a4761
0000000002715571
0000000000000181
0000047389ddaed9
00000475117a8139
000008ef29e51c61
0000000002715571
0000000000000181
000004783a572499
0000047a1ac2ce79
0000047bda53e599
0000047db4220c19
0000048012bd6479
00000901ca4ff161
0000000002715571
0000000000000181
0000048634e70059
000009146abac661
0000000002715571
0000000000000181
0000048a47a38959
0000048ae5e997d9
0000048b87632899
0000048b9954b739
0000048f5dc760d9
000004933cb02ed9
000009270b259a61
0000000002715571
0000000000000181
00000494c7ef85f9
00000497fb72d5b9
00000939ab906f61
0000000002715571
0000000000000181
0000049f3d2db7b9
000004a371587239
000004a3e670c979
000004a510c481f9
0000094c4bfb4461
0000000002715571
0000000000000181
000004a827d45f59
0000095eec661961
0000000002715571
0000000000000181
000004afed329d39
000004b6be5da899
000004b76eec6719
000009718cd0ee61
0000000002715571
0000000000000181
000009842d3bc361
0000000002715571
0000000000000181
000004c3cbf3a879
000004c4316075d9
000004ca6d6292d9
00000996cda69861
0000000002715571
0000000000000181
000004d3ed46faf9
000004d406a26fb9
000009a96e116d61
0000000002715571
0000000000000181
000004da0f87eed9
000004dae08ff539
000004dba6d9ad39
000004ddd700b159
000009bc0e7c4261
0000000002715571
0000000000000181
000004defb9e27f9
000004e6680fed39
000004e6dc2d81f9
000009ceaee71761
0000000002715571
0000000000000181
000004edb0e5edd9
000004f0a442b099
000009e14f51ec61
0000000002715571
0000000000000181
000004f57a1a1679
000009f3efbcc161
0000000002715571
0000000000000181
000004fb206a6079
000004fd2330fd99
0000050198a26179
00000503446a0879
00000a0690279761
0000000002715571
0000000000000181
00000507a9a165b9
00000507e76d38d9
00000a1930926c61
0000000002715571
0000000000000181
0000050dca657279
000005131a551d19
00000a2bd0fd4161
0000000002715571
0000000000000181
0000051988ef4359
0000051ba2e00939
0000051cb8ffd979
00000a3e71681661
0000000002715571
0000000000000181
0000052516373bb9
000005259d1b9179
00000a5111d2eb61
0000000002715571
0000000000000181
00000528e66f3a59
00000529e5971f99
0000052a7a6fba79
0000052d23f277f9
0000053051dd57f9
00000a63b23dc161
0000000002715571
0000000000000181
00000534d848a0d9
0000053681061399
00000a7652a89661
0000000002715571
0000000000000181
0000053ebabcb3f9
000005412b5be239
00000541e365afb9
00000a88f3136b61
0000000002715571
0000000000000181
0000054519023459
0000054668da6859
000005480c91d2f9
00000548296a7ff9
0000054acc7fdbd9
0000054cb5f95d39
00000a9b937e4161
0000000002715571
0000000000000181
0000055377660b79
000005547583cb79
00000554fc93fe79
00000aae33e91661
0000000002715571
0000000000000181
00000557fd6e7a39
000005590e36a599
0000055d099ebe99
0000055e959f6219
00000ac0d453ec61
0000000002715571
0000000000000181
00000564528d36f9
00000564cf0b61f9
00000568c30e7439
00000568cc90ad99
00000ad374bec161
0000000002715571
0000000000000181
0000056cf55122f9
0000056ee6420fd9
0000056f9021d9d9
00000ae615299761
0000000002715571
0000000000000181
00000576c1c015d9
00000af0cbe4b261
0000000002715571
0000000000000181
