[MCS8 A] 97 FW 3.104 SV 1.257 
range=1024
periods=2
sweepmode=27e20d0
fstchan=0
holdafter=0
streamstatus=3
calreg0=0
calreg1=0
calreg2=0
calreg3=0
swpreset=8000        
prena=1
syncout=0
cycles=18
sequences=1
tagbits=16
vdac0=92c
vdac1=807
vdac2=8c8
vdac3=8c8
vdac4=8c8
vdac5=8c8
vdac6=8c8
vdac7=8c8
timepreset=150.000     
digio=0
digval=0
autoinc=0 
savedata=2 
mpafmt=asc
sephead=0 
fmt=asc
smoothpts=5 
[CHN1]
REPORT-FILE from 07/02/2026 12:16:46.584  written 07/02/2026 12:16:46
cmline0=07/02/2026 12:16:46.584 
cmline1=A1
range=1024
active=1
bitshift=4
cftfak=2580100
evpreset=10          
roimin=0
roimax=1000
caloff=0.800000
calfact=12.800000
calfact2=0
calfact3=0
calunit=nsec
caluse=1 
[CHN2]
REPORT-FILE from  written 07/02/2026 12:16:46
cmline1=A2
range=1024
active=0
bitshift=4
cftfak=2580100
evpreset=10          
roimin=0
roimax=1000
caloff=0.800000
calfact=12.800000
calfact2=0
calfact3=0
calunit=nsec
caluse=1 
[CHN3]
REPORT-FILE from  written 07/02/2026 12:16:46
cmline1=A3
range=1024
active=0
bitshift=4
cftfak=2580100
evpreset=10          
roimin=0
roimax=1000
caloff=0.800000
calfact=12.800000
calfact2=0
calfact3=0
calunit=nsec
caluse=1 
[CHN4]
REPORT-FILE from  written 07/02/2026 12:16:46
cmline1=A4
range=1024
active=0
bitshift=4
cftfak=2580100
evpreset=10          
roimin=0
roimax=1000
caloff=0.800000
calfact=12.800000
calfact2=0
calfact3=0
calunit=nsec
caluse=1 
[CHN5]
REPORT-FILE from  written 07/02/2026 12:16:46
cmline1=A5
range=1024
active=0
bitshift=4
cftfak=2580100
evpreset=10          
roimin=0
roimax=1000
caloff=0.800000
calfact=12.800000
calfact2=0
calfact3=0
calunit=nsec
caluse=1 
[CHN6]
REPORT-FILE from  written 07/02/2026 12:16:46
cmline1=A6
range=1024
active=0
bitshift=4
cftfak=2580100
evpreset=10          
roimin=0
roimax=1000
caloff=0.800000
calfact=12.800000
calfact2=0
calfact3=0
calunit=nsec
caluse=1 
[CHN7]
REPORT-FILE from  written 07/02/2026 12:16:46
cmline1=A7
range=1024
active=0
bitshift=4
cftfak=2580100
evpreset=0           
roimin=0
roimax=1000
caloff=0.800000
calfact=12.800000
calfact2=0
calfact3=0
calunit=nsec
caluse=1 
[CHN8]
REPORT-FILE from  written 07/02/2026 12:16:46
cmline1=A8
range=1024
active=0
bitshift=4
cftfak=2580100
evpreset=0           
roimin=0
roimax=1000
caloff=0.800000
calfact=12.800000
calfact2=0
calfact3=0
calunit=nsec
caluse=1 
;MCS8 #97 Sversion=1.257 Fversion=3.68
time_patch=1
;datalength=8 bytes
;bit0..3: channel# 1..8 ( 4 bit)
;bit4: edge 0=up / 1=dn ( 1 bit)
;bit5 ..57: timedata    (53 bit), max sweep length 2001.6 h
;bit58..62: tag0..tag4  ( 5 bit)
;bit63:     data_lost   ( 1 bit)
[DATA]
0000000000000016
0000002157081261
00000000020d5b71
0000000000000181
00000033f772df61
00000000020d5b71
0000000000000181
0000004697ddad61
00000000020d5b71
0000000000000181
00000025bca4a559
0000005938487b61
00000000020d5b71
0000000000000181
0000006bd8b34961
00000000020d5b71
0000000000000181
000000379b5fd5d9
00000037e6778059
0000007e791e1761
00000000020d5b71
0000000000000181
00000040ed2464d9
000000911988e561
00000000020d5b71
0000000000000181
0000004b2ec9be39
0000004ec39d5019
000000a3b9f3b261
00000000020d5b71
0000000000000181
000000b65a5e8061
00000000020d5b71
0000000000000181
000000c8fac94e61
00000000020d5b71
0000000000000181
000000db9b341c61
00000000020d5b71
0000000000000181
00000071ce4bdf79
000000ee3b9eea61
00000000020d5b71
0000000000000181
00000100dc09b861
00000000020d5b71
0000000000000181
00000087dde53159
000001137c748661
00000000020d5b71
0000000000000181
000001261cdf5461
00000000020d5b71
0000000000000181
00000138bd4a2261
00000000020d5b71
0000000000000181
0000014b5db4f061
00000000020d5b71
0000000000000181
0000015dfe1fbe61
00000000020d5b71
0000000000000181
000001709e8a8c61
00000000020d5b71
0000000000000181
000001833ef55a61
00000000020d5b71
0000000000000181
000000c8e4b3eff9
00000195df602861
00000000020d5b71
0000000000000181
000001a87fcaf661
00000000020d5b71
0000000000000181
000000d864d55bd9
000001bb2035c461
00000000020d5b71
0000000000000181
000001cdc0a09261
00000000020d5b71
0000000000000181
000001e0610b6061
00000000020d5b71
0000000000000181
000000f624e6ed79
000000f7cdedcf99
000001f301762f61
00000000020d5b71
0000000000000181
00000205a1e0fd61
00000000020d5b71
0000000000000181
00000218424bcb61
00000000020d5b71
0000000000000181
0000022ae2b69961
00000000020d5b71
0000000000000181
0000023d83216761
00000000020d5b71
0000000000000181
0000011f382ce979
00000250238c3661
00000000020d5b71
0000000000000181
00000262c3f70461
00000000020d5b71
0000000000000181
0000013aa743d359
000002756461d261
00000000020d5b71
0000000000000181
0000028804cca061
00000000020d5b71
0000000000000181
00000144aada5619
00000145ada4ee99
0000014d506ae679
0000029aa5376f61
00000000020d5b71
0000000000000181
000002ad45a23d61
00000000020d5b71
0000000000000181
0000015cf6c85b79
000002bfe60d0b61
00000000020d5b71
0000000000000181
000002d28677da61
00000000020d5b71
0000000000000181
000002e526e2a861
00000000020d5b71
0000000000000181
000002f7c74d7761
00000000020d5b71
0000000000000181
0000030a67b84561
00000000020d5b71
0000000000000181
0000018a137ddc39
0000031d08231461
00000000020d5b71
0000000000000181
00000193aca9d8d9
0000032fa88de261
00000000020d5b71
0000000000000181
0000034248f8b161
00000000020d5b71
0000000000000181
000001a51272f159
000001aa5d517419
00000354e9637f61
00000000020d5b71
0000000000000181
0000036789ce4e61
00000000020d5b71
0000000000000181
000001bc2782e5d9
0000037a2a391c61
00000000020d5b71
0000000000000181
000001c09e9e05f9
0000038ccaa3eb61
00000000020d5b71
0000000000000181
0000039f6b0eba61
00000000020d5b71
0000000000000181
000003b20b798861
00000000020d5b71
0000000000000181
000003c4abe45761
00000000020d5b71
0000000000000181
000001e58124abf9
000003d74c4f2661
00000000020d5b71
0000000000000181
000003e9ecb9f461
00000000020d5b71
0000000000000181
000001f686066879
000001fe29d01c39
000003fc8d24c361
00000000020d5b71
0000000000000181
00000200e4016db9
0000040f2d8f9261
00000000020d5b71
0000000000000181
00000421cdfa6061
00000000020d5b71
0000000000000181
000004346e652f61
00000000020d5b71
0000000000000181
00000221696ec2b9
000004470ecffe61
00000000020d5b71
0000000000000181
00000459af3acd61
00000000020d5b71
0000000000000181
0000046c4fa59c61
00000000020d5b71
0000000000000181
0000047ef0106b61
00000000020d5b71
0000000000000181
00000491907b3a61
00000000020d5b71
0000000000000181
000004a430e60961
00000000020d5b71
0000000000000181
00000254522a3fd9
000004b6d150d861
00000000020d5b71
0000000000000181
000004c971bba761
00000000020d5b71
0000000000000181
000004dc12267661
00000000020d5b71
0000000000000181
000004eeb2914561
00000000020d5b71
0000000000000181
0000050152fc1461
00000000020d5b71
0000000000000181
00000513f366e361
00000000020d5b71
0000000000000181
0000052693d1b261
00000000020d5b71
0000000000000181
000002962e22ca99
0000029a5ef928f9
00000539343c8161
00000000020d5b71
0000000000000181
0000029fbfbbdbd9
000002a014bcc1f9
0000054bd4a75061
00000000020d5b71
0000000000000181
0000055e75122061
00000000020d5b71
0000000000000181
00000571157cef61
00000000020d5b71
0000000000000181
00000583b5e7be61
00000000020d5b71
0000000000000181
000002c48840cb79
000002c54302e459
0000059656528d61
00000000020d5b71
0000000000000181
000005a8f6bd5d61
00000000020d5b71
0000000000000181
000005bb97282c61
00000000020d5b71
0000000000000181
000002e1fbdbfbb9
000005ce3792fb61
00000000020d5b71
0000000000000181
000005e0d7fdcb61
00000000020d5b71
0000000000000181
000005f378689a61
00000000020d5b71
0000000000000181
0000060618d36961
00000000020d5b71
0000000000000181
00000618b93e3961
00000000020d5b71
0000000000000181
0000062b59a90861
00000000020d5b71
0000000000000181
00000316402415b9
0000063dfa13d861
00000000020d5b71
0000000000000181
000006509a7ea761
00000000020d5b71
0000000000000181
000006633ae97761
00000000020d5b71
0000000000000181
00000333f04a1ad9
00000675db544761
00000000020d5b71
0000000000000181
000006887bbf1661
00000000020d5b71
0000000000000181
000003493eb72359
0000069b1c29e661
00000000020d5b71
0000000000000181
000006adbc94b561
00000000020d5b71
0000000000000181
000006c05cff8561
00000000020d5b71
0000000000000181
000006d2fd6a5561
00000000020d5b71
0000000000000181
0000036e549d1a19
000006e59dd52461
00000000020d5b71
0000000000000181
000006f83e3ff461
00000000020d5b71
0000000000000181
00000383fa9a8c79
000003851d4c3ab9
0000070adeaac461
00000000020d5b71
0000000000000181
0000071d7f159461
00000000020d5b71
0000000000000181
000007301f806361
00000000020d5b71
0000000000000181
00000742bfeb3361
00000000020d5b71
0000000000000181
000003a437e9c019
0000075560560361
00000000020d5b71
0000000000000181
000003b1042fee59
0000076800c0d361
00000000020d5b71
0000000000000181
0000077aa12ba361
00000000020d5b71
0000000000000181
0000078d41967361
00000000020d5b71
0000000000000181
000003cb1a1efbd9
0000079fe2014361
00000000020d5b71
0000000000000181
000007b2826c1361
00000000020d5b71
0000000000000181
000007c522d6e361
00000000020d5b71
0000000000000181
000007d7c341b361
00000000020d5b71
0000000000000181
000003ed85381a79
000007ea63ac8361
00000000020d5b71
0000000000000181
000007fd04175361
00000000020d5b71
0000000000000181
0000080fa4822361
00000000020d5b71
0000000000000181
0000040bbdd1a879
0000040c259d4119
000004104dda17d9
0000082244ecf361
00000000020d5b71
0000000000000181
00000834e557c361
00000000020d5b71
0000000000000181
0000084785c29361
00000000020d5b71
0000000000000181
0000085a262d6361
00000000020d5b71
0000000000000181
0000086cc6983361
00000000020d5b71
0000000000000181
0000043e7b6589d9
0000087f67030461
00000000020d5b71
0000000000000181
00000448d3aacbb9
00000892076dd461
00000000020d5b71
0000000000000181
000008a4a7d8a461
00000000020d5b71
0000000000000181
000008b748437561
00000000020d5b71
0000000000000181
0000046117005f79
0000046147b15ef9
000008c9e8ae4561
00000000020d5b71
0000000000000181
0000046b4cd502b9
000008dc89191561
00000000020d5b71
0000000000000181
000008ef2983e661
00000000020d5b71
0000000000000181
00000479b1f51839
00000901c9eeb661
00000000020d5b71
0000000000000181
000009146a598661
00000000020d5b71
0000000000000181
000009270ac45761
00000000020d5b71
0000000000000181
00000497592b2f19
00000939ab2f2761
00000000020d5b71
0000000000000181
0000094c4b99f861
00000000020d5b71
0000000000000181
000004ad8fd5f0b9
0000095eec04c961
00000000020d5b71
0000000000000181
000009718c6f9961
00000000020d5b71
0000000000000181
000009842cda6a61
00000000020d5b71
0000000000000181
00000996cd453a61
00000000020d5b71
0000000000000181
000009a96db00b61
00000000020d5b71
0000000000000181
000009bc0e1adb61
00000000020d5b71
0000000000000181
000009ceae85ac61
00000000020d5b71
0000000000000181
000009e14ef07d61
00000000020d5b71
0000000000000181
000009f3ef5b4d61
00000000020d5b71
0000000000000181
00000a068fc61e61
00000000020d5b71
0000000000000181
00000a193030ef61
00000000020d5b71
0000000000000181
000005124e0735f9
00000a2bd09bc061
00000000020d5b71
0000000000000181
00000a3e71069161
00000000020d5b71
0000000000000181
00000a5111716261
00000000020d5b71
0000000000000181
00000a63b1dc3261
00000000020d5b71
0000000000000181
000005370c60c359
0000053739af6af9
00000a7652470361
00000000020d5b71
0000000000000181
00000a88f2b1d461
00000000020d5b71
0000000000000181
00000a9b931ca561
00000000020d5b71
0000000000000181
00000aae33877661
00000000020d5b71
0000000000000181
000005597f1cc339
0000055d399d8039
0000055f77027299
00000ac0d3f24761
00000000020d5b71
0000000000000181
00000ad3745d1861
00000000020d5b71
0000000000000181
000005705e79cfd9
00000ae614c7ea61
00000000020d5b71
0000000000000181
00000aec01556e61
00000000020d5b71
0000000000000181
