[MCS8 A] 97 FW 3.104 SV 1.257 
range=1024
periods=2
sweepmode=27e20d0
fstchan=0
holdafter=0
streamstatus=3
calreg0=0
calreg1=0
calreg2=0
calreg3=0
swpreset=8000        
prena=1
syncout=0
cycles=18
sequences=1
tagbits=16
vdac0=92c
vdac1=807
vdac2=8c8
vdac3=8c8
vdac4=8c8
vdac5=8c8
vdac6=8c8
vdac7=8c8
timepreset=150.000     
digio=0
digval=0
autoinc=0 
savedata=2 
mpafmt=asc
sephead=0 
fmt=asc
smoothpts=5 
[CHN1]
REPORT-FILE from 07/02/2026 13:15:11.794  written 07/02/2026 13:15:11
cmline0=07/02/2026 13:15:11.794 
cmline1=A1
range=1024
active=1
bitshift=4
cftfak=2580100
evpreset=10          
roimin=0
roimax=1000
caloff=0.800000
calfact=12.800000
calfact2=0
calfact3=0
calunit=nsec
caluse=1 
[CHN2]
REPORT-FILE from  written 07/02/2026 13:15:11
cmline1=A2
range=1024
active=0
bitshift=4
cftfak=2580100
evpreset=10          
roimin=0
roimax=1000
caloff=0.800000
calfact=12.800000
calfact2=0
calfact3=0
calunit=nsec
caluse=1 
[CHN3]
REPORT-FILE from  written 07/02/2026 13:15:11
cmline1=A3
range=1024
active=0
bitshift=4
cftfak=2580100
evpreset=10          
roimin=0
roimax=1000
caloff=0.800000
calfact=12.800000
calfact2=0
calfact3=0
calunit=nsec
caluse=1 
[CHN4]
REPORT-FILE from  written 07/02/2026 13:15:11
cmline1=A4
range=1024
active=0
bitshift=4
cftfak=2580100
evpreset=10          
roimin=0
roimax=1000
caloff=0.800000
calfact=12.800000
calfact2=0
calfact3=0
calunit=nsec
caluse=1 
[CHN5]
REPORT-FILE from  written 07/02/2026 13:15:11
cmline1=A5
range=1024
active=0
bitshift=4
cftfak=2580100
evpreset=10          
roimin=0
roimax=1000
caloff=0.800000
calfact=12.800000
calfact2=0
calfact3=0
calunit=nsec
caluse=1 
[CHN6]
REPORT-FILE from  written 07/02/2026 13:15:11
cmline1=A6
range=1024
active=0
bitshift=4
cftfak=2580100
evpreset=10          
roimin=0
roimax=1000
caloff=0.800000
calfact=12.800000
calfact2=0
calfact3=0
calunit=nsec
caluse=1 
[CHN7]
REPORT-FILE from  written 07/02/2026 13:15:11
cmline1=A7
range=1024
active=0
bitshift=4
cftfak=2580100
evpreset=0           
roimin=0
roimax=1000
caloff=0.800000
calfact=12.800000
calfact2=0
calfact3=0
calunit=nsec
caluse=1 
[CHN8]
REPORT-FILE from  written 07/02/2026 13:15:11
cmline1=A8
range=1024
active=0
bitshift=4
cftfak=2580100
evpreset=0           
roimin=0
roimax=1000
caloff=0.800000
calfact=12.800000
calfact2=0
calfact3=0
calunit=nsec
caluse=1 
;MCS8 #97 Sversion=1.257 Fversion=3.68
time_patch=1
;datalength=8 bytes
;bit0..3: channel# 1..8 ( 4 bit)
;bit4: edge 0=up / 1=dn ( 1 bit)
;bit5 ..57: timedata    (53 bit), max sweep length 2001.6 h
;bit58..62: tag0..tag4  ( 5 bit)
;bit63:     data_lost   ( 1 bit)
[DATA]
0000000000000016
000000002e145b79
00000002763c2d99
000000034ec80df9
00000005628598f9
00000007edf9fcf9
00000008b52dfb79
0000000988afb019
0000000a1678ab59
0000000a6c314f59
0000000c9f33ec99
0000000f12804c59
000000101eb21279
00000021579ae761
0000000002d38d71
0000000000000181
00000012f97fcd99
000000145b708659
00000014f07a3219
00000015bbc7a499
00000016837b4079
00000018b6f74b99
00000033f805b261
0000000002d38d71
0000000000000181
0000001ac8d006b9
0000001be2360ff9
0000001c075709f9
0000001c4c0477f9
0000001e6c05da79
0000001f921a8999
000000209f46dfd9
000000219c509659
0000004698707d61
0000000002d38d71
0000000000000181
0000002af9f14f79
0000002bd49dfbb9
0000005938db4961
0000000002d38d71
0000000000000181
0000002d22272479
0000002d8594e4d9
0000002e4af81d39
0000002e82ecd6f9
0000002e8ceb33b9
0000002f2ff7de59
00000030110f96d9
00000030337f3d59
00000031e0768199
00000035d0875ff9
0000006bd9461461
0000000002d38d71
0000000000000181
0000003633cd3c39
0000003839a4f319
0000003995a04859
0000003a3463d879
0000003b438ea779
0000003b9b400f19
0000007e79b0df61
0000000002d38d71
0000000000000181
00000041dcc95a59
00000044a2468b59
00000044d231b819
000000476c7d9e59
000000911a1bab61
0000000002d38d71
0000000000000181
0000004b89ed0b39
0000004b9670a6b9
0000004c30ebdd39
0000004cfda61b59
0000004dad376f39
0000004db1f0cc39
000000a3ba867661
0000000002d38d71
0000000000000181
0000005583970119
000000568a180279
000000b65af14261
0000000002d38d71
0000000000000181
0000005e4f7bd7d9
0000005f086011b9
000000600d9275d9
00000061bb26ddf9
000000645e167759
000000c8fb5c0e61
0000000002d38d71
0000000000000181
00000064f2db7359
00000067ff985f19
00000069609757b9
000000696c421319
00000069e5e93039
0000006b519c61b9
0000006be370c0d9
0000006c5038f6b9
0000006c61a54219
0000006cb74f9479
0000006d6c1ace19
000000db9bc6d961
0000000002d38d71
0000000000000181
000000731fdeafd9
00000075f6f16ed9
0000007645c6fa19
000000ee3c31a561
0000000002d38d71
0000000000000181
00000078c775e019
00000079a7ce5359
00000079b9b68ad9
0000007afeeb4779
0000007d0df023b9
0000007ef91fb039
00000100dc9c7161
0000000002d38d71
0000000000000181
000000807dfebf99
00000084802fbc19
000000848c3b6f59
000000865b260659
00000086c72cfc99
000000873c63d419
000000893af7b7d9
000000894ef66f59
000001137d073c61
0000000002d38d71
0000000000000181
00000089dc61f1d9
0000008a1cf52959
0000008b6bd64e39
0000008ba71f1ed9
0000008cefce9939
0000008f472b0779
0000008f4ad87199
0000008f895da5d9
00000090020596d9
000000905b575d19
00000091878e5fd9
000001261d720861
0000000002d38d71
0000000000000181
0000009367942359
00000095847d9dd9
00000095effb2319
000000971f49cf39
000000985cda6d99
0000009955475b99
0000009a1ae25839
0000009a7adce319
0000009a7ee3d479
00000138bddcd461
0000000002d38d71
0000000000000181
0000009dadcd9559
000000a091a527d9
000000a3045fe619
000000a4ec9a2ad9
000000a529fbb239
0000014b5e47a061
0000000002d38d71
0000000000000181
000000a688e09119
000000a699c508b9
000000a8f6e8db19
000000aad50a9539
000000ab593603d9
000000abcf6b2e99
000000abfbd0f8d9
000000ac8950e4d9
000000ac9185e8f9
0000015dfeb26c61
0000000002d38d71
0000000000000181
000000b04a249119
000000b08a21c939
000000b0d2f49939
000000b1d9e00b79
000000b23af6dbb9
000000b403b83cb9
000000b72b35bc39
000001709f1d3861
0000000002d38d71
0000000000000181
000000b89b399d19
000000b9af009b39
000000bcfbe7bcd9
000000bee0b40319
000000bee713d6b9
000001833f880461
0000000002d38d71
0000000000000181
000000c2600ee3d9
000000c28f0a71b9
000000c326156df9
000000c3b82cf179
000000c53013f479
000000c5d6fb62f9
000000c6c0e7bad9
000000c70ec48dd9
000000c74e9dff39
000000c7af425c19
000000c989ebaaf9
000000c9db368339
000000ca4d7ca8f9
000000caa60fa179
00000195dff2d061
0000000002d38d71
0000000000000181
000000cc8e9d13d9
000000ce335576f9
000000cfb8e92419
000000d34ce3e2f9
000001a8805d9c61
0000000002d38d71
0000000000000181
000000d4a12606d9
000000d7212878f9
000000da3a379879
000000dc07eba679
000000dce0ab6299
000000dd3d06c979
000001bb20c86861
0000000002d38d71
0000000000000181
000000dfc50d49f9
000000e10fa4ecd9
000000e239c50699
000000e3a75e08d9
000000e51ce6d979
000000e616395a79
000000e6b7feab99
000001cdc1333461
0000000002d38d71
0000000000000181
000000e943fbc1b9
000000e9fc7b8a39
000000ea3c55f699
000000ea83f62259
000000eaae477ff9
000000ebecd82419
000000ecfa9f3159
000000edd1c3ccb9
000000ef8910d0f9
000001e0619e0061
0000000002d38d71
0000000000000181
000000f085b6f979
000000f0be355139
000000f11b5bcad9
000000f183024599
000000f18501e2f9
000000f27740cc99
000000f283f17759
000000f41a6296d9
000000f493efc119
000000f90623d379
000000f951997619
000000f95a739099
000001f30208cd61
0000000002d38d71
0000000000000181
000000faf2d85bb9
000000fd3f40cb39
000000fda4304eb9
000000fee45340d9
0000010053ce5159
000001027035e8f9
000001029bef0239
00000205a2739961
0000000002d38d71
0000000000000181
00000103056f5079
000001041f1f40d9
00000104fcce8fd9
0000010722a6def9
000001091c9eec79
00000109e967d359
0000010a5d18b6d9
0000010af38e44d9
0000010b0836d279
0000010b1291d9b9
0000010b8d4d1199
0000010b95593799
0000021842de6561
0000000002d38d71
0000000000000181
0000010c2859b899
0000010c8bfa4e39
0000010ecfd3f899
000001110eda2c99
0000011223594639
0000022ae3493161
0000000002d38d71
0000000000000181
00000115abab24d9
00000117ef352959
0000011a85af1779
0000011ac0b8a059
0000011ebc3d6f19
0000023d83b3fe61
0000000002d38d71
0000000000000181
00000120759dc0b9
00000122e43ca899
000001241a06c139
00000125f2be7a39
00000125f6ec0b59
00000126725a8079
000001274afe58d9
00000250241eca61
0000000002d38d71
0000000000000181
0000012bf4907799
0000012d0bd43b59
0000012e409f21d9
0000012eed42fcf9
00000130e2de6679
00000130f0b7d5f9
00000262c4899761
0000000002d38d71
0000000000000181
000001317a0af379
00000133c187a779
00000134ba061859
00000134c6465af9
000001371692cd19
00000137374cc639
0000027564f46361
0000000002d38d71
0000000000000181
0000013b257d1bd9
0000013bead33f59
0000013ca8ee4659
0000013f9e4c9179
00000140246832b9
000001407867dd99
00000142c1b69bf9
00000288055f3061
0000000002d38d71
0000000000000181
000001452c9b57b9
000001452f6dd259
000001456b0b3a39
00000147fdbace99
000001481f3527d9
00000148c27d9459
0000014a5e51c3b9
0000029aa5c9fd61
0000000002d38d71
0000000000000181
0000014d9b664199
0000014f52a26279
00000150a54ba499
0000015134ea9339
000001519db8f039
00000151ed554a19
000002ad4634c961
0000000002d38d71
0000000000000181
000001571b886ad9
00000157da83f1b9
000001599c93ccb9
00000159e4bacd59
0000015a70cc2499
0000015b9c57e279
0000015dd3d72a39
0000015dfeca3e79
0000015f7e876639
0000015f9689c539
000002bfe69f9661
0000000002d38d71
0000000000000181
000001618b04c2f9
0000016253ccec19
00000162922390f9
00000162ffba1899
00000165278c7999
00000165de16cbd9
0000016600aff9d9
000001676f346cf9
00000168100eebf9
000001685e425779
000002d2870a6361
0000000002d38d71
0000000000000181
0000016b8a4dd699
0000016ec5f04ad9
0000017135d12179
000002e527752f61
0000000002d38d71
0000000000000181
000001763e72e419
0000017699d3df79
000001784139d3d9
0000017a9f941539
0000017adee65239
0000017b8f32f8d9
000002f7c7dffc61
0000000002d38d71
0000000000000181
0000017c7ddd7799
0000017caa6c0219
0000017e29b14019
0000017ed26e8fb9
0000017ee3ed0199
0000017f75ef65d9
000001801fd5bb59
000001851b2066b9
0000030a684ac961
0000000002d38d71
0000000000000181
0000018795b8a3d9
000001882ff5e6d9
0000018a4bdb1e79
0000018a84b7cdf9
0000018ab77e5859
0000018b6b67e3b9
0000018e66be7119
0000031d08b59661
0000000002d38d71
0000000000000181
0000018f1c4175d9
00000190b41b82f9
00000192710ab259
0000032fa9206361
0000000002d38d71
0000000000000181
00000198fd0c0579
0000019919769559
0000019a6bb9b079
0000019ab193aa99
0000019c246d0919
0000019c686b42f9
00000342498b3061
0000000002d38d71
0000000000000181
000001a440fb0199
000001a4aab7ab39
000001a4cfc43419
000001a532b739d9
000001a55c19c679
000001a5befec379
000001a5dac1a019
000001a7a7d8f5b9
000001a8aa435fd9
00000354e9f5fd61
0000000002d38d71
0000000000000181
000001abafa8fcd9
000001ac18f12ff9
000001acada491f9
000001aef9b5d6d9
000001b0de404bb9
000001b386abbe99
000003678a60ca61
0000000002d38d71
0000000000000181
000001b4084a1139
000001b6d0d77c99
000001b812ce6fd9
000001bcc4f5ed59
0000037a2acb9761
0000000002d38d71
0000000000000181
000001bf6c668cb9
000001bf9f4990f9
000001bfc3722d79
000001c0b6ca89d9
000001c0dffa31b9
000001c15c4f6cf9
000001c23d659cf9
000001c3c20d5359
000001c416cd7b99
000001c5e933dc39
0000038ccb366461
0000000002d38d71
0000000000000181
000001c73415caf9
000001c7982423b9
000001c8f2f57639
000001cb7b5d75f9
000001cbe3727479
000001cc455ce8f9
000001cf244663b9
0000039f6ba13161
0000000002d38d71
0000000000000181
000001d08d584c99
000001d3b06c8639
000001d6b9155919
000001d705fdbf19
000001d744c99b99
000001d878a1b4f9
000003b20c0bff61
0000000002d38d71
0000000000000181
000001d99fca5999
000001d9d69eb5f9
000001daac8edf19
000001dc56a472d9
000001dd42af6179
000001e1ca03f419
000003c4ac76cc61
0000000002d38d71
0000000000000181
000001e2bb388c39
000001e351c35ef9
000001e482c95c99
000001e49f0808b9
000001e7ea3eb6d9
000001e8b426acd9
000001e8c1afd439
000001e90c1ff4b9
000001e91a3a6639
000003d74ce19961
0000000002d38d71
0000000000000181
000001ebef010359
000001ec30072df9
000001ef97a2ae39
000001f10805c5f9
000001f34b7d9879
000001f3ed4727b9
000003e9ed4c6661
0000000002d38d71
0000000000000181
000001f548a0dcb9
000001f6e222c5d9
000001f70de6ead9
000001f8e3e02af9
000001fc1596a7f9
000001fd5723d5f9
000003fc8db73461
0000000002d38d71
0000000000000181
000001fe5ea933f9
000001fef216e8f9
0000020132322b79
000002041c48e199
00000204b4d8add9
00000206a19a9019
00000206b7f6d759
00000207871f7d19
0000040f2e220161
0000000002d38d71
0000000000000181
0000020960f07cf9
0000020a8f87ac79
0000020db0abf3f9
00000421ce8ccf61
0000000002d38d71
0000000000000181
0000021301f0fe99
00000213e3be9c99
000002144db27979
000002144decf219
00000216717ef239
00000216c9bf7f79
000002190109d979
00000219a9e8d319
0000021a21b1eb19
000004346ef79c61
0000000002d38d71
0000000000000181
0000021e35e57b59
0000021e5db36099
0000022089f661d9
00000220c45b1499
00000222c78c17d9
00000222ec7eb819
000004470f626961
0000000002d38d71
0000000000000181
00000224fac8dc79
0000022553cc80b9
000002272479a019
00000227eeee90f9
000002287c676779
0000022b360ab8d9
0000022b4c437659
0000022b9e6c0219
0000022c2740bb99
00000459afcd3761
0000000002d38d71
0000000000000181
0000022ea8365c39
0000022ff0343d99
00000231f39343d9
000002321b840e39
0000046c50380561
0000000002d38d71
0000000000000181
00000236c5fafc59
0000023889d4cd59
0000023c99d9a3d9
0000023dbdc69959
0000023dc4dfba99
0000047ef0a2d261
0000000002d38d71
0000000000000181
00000241af676d39
0000024301eb7d59
00000243b09314d9
000002467d165719
000002479033eeb9
00000247e3d53699
000002485299b179
00000248995a9ed9
00000491910da061
0000000002d38d71
0000000000000181
0000024913c1a979
0000024c9c3ac919
0000024cea79cdb9
0000024e7dedbbb9
0000024f18cbacf9
0000025083e335f9
00000251828ef879
000004a431786e61
0000000002d38d71
0000000000000181
00000252757af459
00000252c07499d9
00000253748c3439
000002539bf9f539
000002539f2d8af9
00000254ec27fa19
00000255164d0d99
000002551c58f499
0000025587cfb6f9
0000025669f0c9d9
00000257cbe3b9f9
00000257ea1a56b9
000002583795db79
00000258b2dcced9
000004b6d1e33b61
0000000002d38d71
0000000000000181
0000025c69f05819
0000025c6b5898b9
0000025f418c7359
0000025f4430e999
00000260017c2d59
00000260b5dbc639
0000026123fa1219
00000261483e5419
000002627c71dcd9
000004c9724e0961
0000000002d38d71
0000000000000181
000002667fda9299
000002687bace779
00000268c5a71df9
00000269d83593d9
0000026a436ebb99
0000026b75b3bf59
0000026c05cc6039
0000026c8ccfd119
0000026dd2cbe059
000004dc12b8d761
0000000002d38d71
0000000000000181
0000026ef0d2e3d9
0000026f3fee1af9
0000026f873e1ef9
000002714892e039
00000271ebc400f9
0000027322873d59
00000273344cbb79
00000273e6213ad9
000004eeb323a561
0000000002d38d71
0000000000000181
00000279418e2639
0000027b53094bb9
0000027c1f6a5cd9
0000027c30eb2e39
0000027cd6648e79
0000027dc7b7e579
0000027e668832d9
0000027fb00e7ed9
00000501538e7361
0000000002d38d71
0000000000000181
00000281d7832019
00000282f7ef97d9
0000028341ab0cf9
00000283b9a260f9
00000284c2728b19
00000284ff98bd19
000002852ed88c79
0000028537e9d879
0000028539b0fb39
00000286af4935f9
00000513f3f94161
0000000002d38d71
0000000000000181
0000028ad2a5ebd9
0000028b77656579
0000028e13b35059
00000291696d9899
0000029340d0e3b9
0000052694640f61
0000000002d38d71
0000000000000181
000002937ca16919
0000029ab9a00039
0000029b5cd1d6f9
0000029c091d9059
0000029c23c51dd9
0000053934cedd61
0000000002d38d71
0000000000000181
0000029d44ecb5b9
0000029f47881459
000002a03686dff9
000002a091103459
000002a124a55fb9
0000054bd539ab61
0000000002d38d71
0000000000000181
000002a833847099
000002a91d6cd179
000002a9f4608d39
000002aa9481cfd9
000002aae6dc6d19
0000055e75a47961
0000000002d38d71
0000000000000181
000002affcfb88d9
000002b0a69b42b9
000002b2db70c919
000002b3620196b9
000002b6b03bd599
000002b794d26779
000002b814fa2a39
000002b872fd2339
000002b87747dd59
00000571160f4861
0000000002d38d71
0000000000000181
000002b949c69999
000002b9563e4eb9
000002bc22df8c99
000002bcbe897ab9
000002bd8ecc9839
000002c020226859
000002c05b1cdc39
000002c0814c37f9
000002c0e697dd39
000002c161a3c719
00000583b67a1661
0000000002d38d71
0000000000000181
000002c2938d71b9
000002c43724c2b9
000002c70b3fb479
000002c77f6eedd9
000002c845fe30d9
000002c84b9d0699
000002c8aeeb2499
000002c8f3b41dd9
000002c90fbf3059
000002caefc39cb9
0000059656e4e461
0000000002d38d71
0000000000000181
000002cc8acc74b9
000002ceabbc8c39
000002cf83f1feb9
000002d312623099
000002d469eafa59
000005a8f74fb261
0000000002d38d71
0000000000000181
000002d684717559
000002d68b64d5f9
000002d6c7c333b9
000002d6dcc8f039
000002d79fbeff39
000002d7faa33159
000002d93439d119
000002da9c4ad0d9
000002db00059339
000002dca91d2839
000002dda2ddf9b9
000005bb97ba8161
0000000002d38d71
0000000000000181
000002e2c2776d39
000005ce38254f61
0000000002d38d71
0000000000000181
000002e79e90d6d9
000002e860cd9ad9
000002e8ac0b8f79
000002e8ce5595d9
000002e9577c8c99
000002ec39f108b9
000002ede17b41f9
000002ee1aea4bb9
000002eed1b41f59
000002ef8d33f9f9
000005e0d8901d61
0000000002d38d71
0000000000000181
000002f0cd85ea19
000002f0dcc2c8f9
000002f3097967f9
000002f438018579
000002f46e948f59
000002f5bff9b079
000002f5c46821d9
000002f798915239
000002f8aea294d9
000005f378faec61
0000000002d38d71
0000000000000181
000002f9d594a019
000002fb19036b99
000002fb9056d9b9
000002fba9fb91f9
000002fd98be7e19
000002fe5aac4e19
000002fe7b563199
000003021ddf30d9
000006061965ba61
0000000002d38d71
0000000000000181
00000303d3f61c19
0000030437833ab9
00000304cfcd7d99
00000304d3f440f9
00000307bbd71839
000003082d4b8e79
00000308d4a31d19
00000309ab121819
0000030a1f9fed19
0000030a7d6b26d9
0000030a9ef7abd9
0000030b6b62a319
0000030c3ec9e819
00000618b9d08961
0000000002d38d71
0000000000000181
0000030c5bedd779
0000030f3cb324d9
0000030f88ca0539
000003101ef088f9
00000310342d2899
0000031058d6c379
0000031115c88cf9
0000031237ccff99
00000312fe0eb039
000003130288b3b9
0000031317de44b9
0000031363484eb9
00000313d7b1eab9
0000031546721619
000003155f70fcd9
0000062b5a3b5761
0000000002d38d71
0000000000000181
00000315ace5b1b9
00000315becf5b19
00000316217f95b9
00000317194274d9
00000319079e32d9
0000031a95371699
0000031c8fcb3d99
0000031d34f6d019
0000031e9c4ce659
0000031edd136ab9
0000063dfaa62661
0000000002d38d71
0000000000000181
000003202cf3e2b9
00000320319ce2d9
000003208eef4839
000003219afdd319
00000324089f2619
000003259a35b379
000003262b444719
00000326a63efc19
00000327e428d859
000006509b10f561
0000000002d38d71
0000000000000181
0000032928fde339
00000329c23fbed9
0000032b206cdf19
0000032b57d48ad9
0000032b9bc66a19
0000032c9ad60879
0000032e223d3719
0000032e2f6a66b9
0000032f3e1a5cd9
0000032f4985edd9
0000033042486599
000003318bd99cf9
000006633b7bc461
0000000002d38d71
0000000000000181
000003320fdceb39
00000332632c06f9
000003347a36f6b9
00000335cacb84d9
00000336e5d2fab9
0000033a639d9a59
00000675dbe69261
0000000002d38d71
0000000000000181
0000033b132da059
0000033b75315459
0000033fc152b759
000003415f3feaf9
00000343162bcf99
000006887c516161
0000000002d38d71
0000000000000181
0000034591daf759
00000348e57e06d9
00000349984a1899
0000034c4ac10a99
0000034d3c490d99
0000069b1cbc3061
0000000002d38d71
0000000000000181
0000034d8fe73af9
00000352fc72f2b9
000003535f667939
000003567e23c4d9
000006adbd26ff61
0000000002d38d71
0000000000000181
00000357b72f5659
00000357cc60cd19
00000358b8f06a39
000003593b38c639
000003594bf6af19
00000359a40d7639
0000035a28c7c219
0000035b35b65679
0000035e8d69f399
0000035ed8145039
000003601fc4c199
000006c05d91ce61
0000000002d38d71
0000000000000181
00000362c8574179
000003630b0fd5d9
0000036578919d79
00000365a6ad8279
0000036855a48f79
000006d2fdfc9d61
0000000002d38d71
0000000000000181
000003699a261799
0000036a680f70b9
0000036ad6fa19b9
0000036b60fd08f9
0000036d005d0ad9
0000036d6d042e99
0000036df125d059
0000036e110cb179
0000036e41fffbd9
0000036eab752cb9
00000372932a5499
000006e59e676c61
0000000002d38d71
0000000000000181
00000375a6d18039
00000376a522d879
0000037bb7976759
000006f83ed23b61
0000000002d38d71
0000000000000181
0000037c36aa19b9
0000037d0b1664d9
0000037d54dbaed9
0000037ef1771bb9
0000037f44556039
0000037fb0ac98f9
000003823df314f9
000003829ff8e599
00000382a7f2da79
000003847d006f39
0000038564a91a59
0000070adf3d0a61
0000000002d38d71
0000000000000181
00000386e88d5c99
0000038768c336b9
0000038dea546019
0000038e528b8ab9
0000071d7fa7da61
0000000002d38d71
0000000000000181
0000038f91f70919
0000038ff402ebd9
0000039099da01b9
00000391982f13d9
00000391b9795859
00000391dea82a59
00000392c6d1dc79
00000393ae5926f9
00000394092e83b9
00000394797561b9
000003950ed117d9
000003963001c3d9
0000039697fec0d9
00000396a4b35bd9
000003971c7d0a19
000003980de344f9
000007302012a961
0000000002d38d71
0000000000000181
000003983c1c6479
000003995dff32b9
000003999e3bd499
000003999f89bf99
0000039bb9bcd199
0000039ca88aad99
0000039e32528039
00000742c07d7861
0000000002d38d71
0000000000000181
000003a1a24caa79
000003a300b5e779
000003a40f290179
000003a56eb61e19
000003a728a6e2f9
000003a72a46f3d9
000003a7b46d7ef9
000003a7b60bf959
000003a97a98e879
000003aa0a98ded9
000003aa3e169299
0000075560e84761
0000000002d38d71
0000000000000181
000003acbcbbad39
000003ad18ff1cf9
000003ad4e48ed99
000003ad87852d19
000003b06c3a2ef9
000003b14fcdd1f9
000003b1840e1559
0000076801531761
0000000002d38d71
0000000000000181
000003b4aa2783f9
000003b5727dca39
000003b641c80ef9
000003b6ce363c99
000003b6f2305a39
000003b89c522019
000003bab1e37c59
000003bbafb71659
000003bc2ba520d9
000003bc98d6c579
0000077aa1bde661
0000000002d38d71
0000000000000181
000003be182e7f59
000003be66bbac19
000003c0243fcfd9
000003c082185fd9
000003c091c6fcb9
000003c0dcab9cb9
000003c4e7910bf9
0000078d4228b561
0000000002d38d71
0000000000000181
000003c778e44099
000003ca9c42bcf9
000003cc630db579
000003cc99b79819
000003cd34ebd6f9
0000079fe2938561
0000000002d38d71
0000000000000181
000003d00a6e1279
000003d058cd0ef9
000003d1b35f34b9
000003d436c3ef59
000003d5b2a7abb9
000003d7aa836999
000007b282fe5461
0000000002d38d71
0000000000000181
000003dce8e265f9
000003de9f79b9d9
000003def50bdfb9
000007c523692461
0000000002d38d71
0000000000000181
000003e2b74200f9
000003e4003bde79
000003e44eaa93b9
000003e4d9c0b999
000003eae21ecc39
000003eb6cebad59
000003eb8c0faa59
000007d7c3d3f461
0000000002d38d71
0000000000000181
000003f0848b9199
000003f29f4f2a99
000003f34fcb59f9
000003f410a93ff9
000007ea643ec361
0000000002d38d71
0000000000000181
000003f64015e7b9
000003f71018c959
000003f973d13479
000003fb2ac5e3b9
000007fd04a99361
0000000002d38d71
0000000000000181
000003ff70edb2b9
00000400048ec0b9
000004020d068d99
0000040396af7d39
00000405a9c046f9
0000040635d21339
000004074a882f59
0000080fa5146361
0000000002d38d71
0000000000000181
0000040994416399
0000040a22640a79
0000040a97b9ca19
0000040b5a8ae919
0000040c53207739
0000040d1232afd9
0000040d7b97d239
0000040dd80972f9
0000040f656264f9
00000822457f3361
0000000002d38d71
0000000000000181
00000413715464f9
000004141752b7f9
00000414b2eaa179
000004156fe65819
00000419a33739d9
00000834e5ea0261
0000000002d38d71
0000000000000181
0000041fd5fab179
00000420e9e86b39
00000421ab8c2e99
000008478654d261
0000000002d38d71
0000000000000181
00000425643f1439
0000042572c9d2d9
000004273436f939
00000427b4096519
000004286180aef9
00000428cff294b9
000004290cf85179
00000429a52bcd99
0000042aeb110979
0000042af813f739
0000042b9d311759
0000042bb2aee999
0000042ca6de6119
0000042cc54af799
0000085a26bfa261
0000000002d38d71
0000000000000181
0000042dd6760ed9
0000042e128e9c99
0000042ef3733db9
0000042ffd17e999
0000043188faa199
0000043236bd36f9
00000435d8b053b9
0000086cc72a7261
0000000002d38d71
0000000000000181
000004372f408839
00000437b6f480f9
00000437c7b5fef9
0000043979722c79
0000043a5ef28839
0000043b03f9d779
0000043ce619ea39
0000043e3d696439
0000043f75340539
0000087f67954261
0000000002d38d71
0000000000000181
0000044067a6c779
0000044091522bf9
000004417d0a7ed9
0000044426157979
00000445b7b956b9
00000445d5357699
00000446febbe479
00000448ab667f59
00000448afa1acb9
0000089208001261
0000000002d38d71
0000000000000181
0000044d16796c19
0000044e49413a79
00000450c0828d19
00000450c1fa9659
000008a4a86ae261
0000000002d38d71
0000000000000181
00000455adcaf519
000004563d2337f9
00000456e7bc04d9
00000456f6c840d9
0000045840df9b39
0000045b4edfb1d9
000008b748d5b261
0000000002d38d71
0000000000000181
0000045c50a5f9d9
0000045daa454499
0000045e40059299
0000045ed8f39e99
0000045ef0adf259
0000045fe6cc10b9
00000460fcfee839
00000461c3c235b9
000008c9e9408261
0000000002d38d71
0000000000000181
000004650f156a19
0000046529507419
00000466b3998e99
0000046725b99fd9
0000046816ed6559
00000468d95a6559
0000046a22cd12f9
0000046bf0ae1b39
0000046bf93c0a99
0000046cd8eabd79
000008dc89ab5261
0000000002d38d71
0000000000000181
00000472fb04c799
000004731994d239
0000047437730199
0000047461ec3f19
00000475179e81f9
000004769833bef9
000004773ae87b99
000008ef2a162261
0000000002d38d71
0000000000000181
000004779dd8b8d9
00000477d0906019
0000047b55a09d99
0000047bd8357fb9
0000047bfd06af39
0000047f54d0ce39
00000901ca80f361
0000000002d38d71
0000000000000181
00000481467b5ed9
00000482a3d12859
00000482cc255b79
000004845679ba99
0000048617dde259
00000489c641f199
000009146aebc361
0000000002d38d71
0000000000000181
0000048ab01b3d59
0000048b95c66f99
0000048c433ecf79
0000048c4c600f19
0000048c819d6db9
0000048cc0690519
0000048e81cfdd19
0000048eb112f6f9
0000048f21602ad9
000004911df70539
0000049214b8c5b9
00000492b0bf2f79
000009270b569361
0000000002d38d71
0000000000000181
00000493fc8988f9
000004951626e159
00000495f125e259
0000049a9ad513d9
00000939abc16461
0000000002d38d71
0000000000000181
0000049dfadef599
000004a04fe40e19
000004a1c0472a79
000004a29b9378d9
000004a2f58cdb99
0000094c4c2c3461
0000000002d38d71
0000000000000181
000004a6b24598f9
000004a7fd8b6819
000004a942a26279
000004ab0c9a0e99
000004ac66780ef9
000004ad3e0a4e99
000004ae094613b9
000004aecd381f99
000004af10c4bcf9
000004af71d5e6f9
0000095eec970461
0000000002d38d71
0000000000000181
000004af87124499
000004b0673c3b79
000004b09d9c3dd9
000004b0c1f08d99
000004b10ac91b59
000004b1ce07d5f9
000004b5a40e36d9
000004b722060f39
000009718d01d561
0000000002d38d71
0000000000000181
000004ba82353af9
000004bac7eeac19
000004bb4c7cc6f9
000004bbfe31c4b9
000004bc22a04cb9
000004bc2cb14ef9
000004be756941d9
000004beb3c0d8b9
000004bf3f4d4fd9
000004bf887e61f9
000004bfcc210d19
000004c1aec4d719
000009842d6ca561
0000000002d38d71
0000000000000181
000004c37764af59
000004c38a508819
000004c5f1ba85d9
000004c693ce4419
000004c6f4c6cc79
000004c7221670b9
00000996cdd77661
0000000002d38d71
0000000000000181
000004cbb0a30119
000004cc1c7f5f99
000004ce2bfff1b9
000004cea8169979
000004d02bda5b59
000004d0ebb2d6f9
000004d24d1ab819
000009a96e424661
0000000002d38d71
0000000000000181
000004d69b4b6419
000004d75fe4ee39
000004d76f217619
000004d7d0e69c59
000004d95a0cc799
000004d9a73f8979
000004dc64a5e9b9
000004dc86e65b19
000004dd13935719
000009bc0ead1761
0000000002d38d71
0000000000000181
000004dea1a63fd9
000004e00619d879
000004e0afa11e59
000004e5a896e2d9
000004e5b3533df9
000004e6cbe48d79
000009ceaf17e861
0000000002d38d71
0000000000000181
000004e7ff302739
000004ea3b701019
000004ed7da0e039
000004ef07680cd9
000009e14f82b861
0000000002d38d71
0000000000000181
000004f16a9d25f9
000004f185afa019
000004f1fb58c079
000004f25d19dbf9
000004f2b26e7b39
000004f2d3c81039
000004f33ea90199
000004f62126bdf9
000004f8e5b8e939
000004f973648179
000004f97ce5c8d9
000009f3efed8961
0000000002d38d71
0000000000000181
000004fa80adc479
000004ff0f095bf9
000004ffd9a921d9
000005019a3e47f9
00000a0690585a61
0000000002d38d71
0000000000000181
000005040ad98cf9
000005061da4d3b9
00000506cd84c6f9
00000506e2a76bf9
00000507b6fe7919
0000050907e0c259
0000050970c86b39
0000050adb5ceab9
0000050b6b7cbab9
0000050c575a42b9
00000a1930c32b61
0000000002d38d71
0000000000000181
0000050d4081ce39
0000050e92f1cd39
0000050fd75c5bb9
0000051507a168f9
00000a2bd12dfb61
0000000002d38d71
0000000000000181
0000051695988599
000005171d0b4919
0000051760e18319
00000517fcddc779
00000518593b89b9
0000051b3d2c9859
0000051ce8f0d299
00000a3e7198cc61
0000000002d38d71
0000000000000181
0000051f7997c079
000005203a78d199
00000520a8c95979
000005210872ad19
00000521731acb19
00000522c82974f9
000005236bcee9d9
00000524b00bccd9
000005274520cf19
00000a5112039d61
0000000002d38d71
0000000000000181
0000052a64036df9
0000052b79bdc659
0000052b8d2ccdd9
0000052d4119e799
0000052e1aa95299
0000053109804479
00000a63b26e6e61
0000000002d38d71
0000000000000181
000005324bb57659
0000053314ea61f9
00000533a27e3c99
0000053607eaf2f9
00000536515b6899
00000536848ef1d9
0000053687dd4ab9
0000053772a833b9
000005379f8e95d9
00000537b8d644b9
0000053961836159
00000a7652d93f61
0000000002d38d71
0000000000000181
0000053b8473c0b9
0000053bb18263d9
0000053bcec03f39
0000053be5993719
0000053e042b1d79
0000053e14eb39b9
0000053f02d54659
00000a88f3441061
0000000002d38d71
0000000000000181
00000544a479ecb9
000005482c71a4f9
00000548ca54de59
0000054b07338859
0000054b0d88a2b9
0000054d5b81b6f9
00000a9b93aee161
0000000002d38d71
0000000000000181
0000054ef97e9899
0000054f0112be59
0000054fa2e3cd39
0000054feb54e2f9
000005513795ff19
0000055207c4fab9
000005522111f079
00000553b7e13c99
00000555ce4a8d39
00000aae3419b261
0000000002d38d71
0000000000000181
0000055a19a1f6f9
0000055b8b2b6df9
0000055b995f1db9
0000055d1f103c59
0000055e9f3203d9
0000055fcabf5439
00000ac0d4848361
0000000002d38d71
0000000000000181
0000056298553f79
0000056992db8979
00000ad374ef5461
0000000002d38d71
0000000000000181
0000056a1603cfd9
0000056bbafcccf9
0000056c11b65e19
0000056d44e3f619
0000056f60941419
0000057013103d19
000005706f00e159
00000570d0b8b419
0000057183c9d879
00000ae6155a2661
0000000002d38d71
0000000000000181
000005737f667f79
000005757c69f4b9
00000aebdf948261
0000000002d38d71
0000000000000181
