[MCS8 A] 97 FW 3.104 SV 1.257 
range=1024
periods=2
sweepmode=27e20d0
fstchan=0
holdafter=0
streamstatus=3
calreg0=0
calreg1=0
calreg2=0
calreg3=0
swpreset=8000        
prena=1
syncout=0
cycles=18
sequences=1
tagbits=16
vdac0=92c
vdac1=807
vdac2=8c8
vdac3=8c8
vdac4=8c8
vdac5=8c8
vdac6=8c8
vdac7=8c8
timepreset=150.000     
digio=0
digval=0
autoinc=0 
savedata=2 
mpafmt=asc
sephead=0 
fmt=asc
smoothpts=5 
[CHN1]
REPORT-FILE from 07/01/2026 14:26:51.590  written 07/01/2026 14:26:51
cmline0=07/01/2026 14:26:51.590 
cmline1=A1
range=1024
active=1
bitshift=4
cftfak=2580100
evpreset=10          
roimin=0
roimax=1000
caloff=0.800000
calfact=12.800000
calfact2=0
calfact3=0
calunit=nsec
caluse=1 
[CHN2]
REPORT-FILE from  written 07/01/2026 14:26:51
cmline1=A2
range=1024
active=0
bitshift=4
cftfak=2580100
evpreset=10          
roimin=0
roimax=1000
caloff=0.800000
calfact=12.800000
calfact2=0
calfact3=0
calunit=nsec
caluse=1 
[CHN3]
REPORT-FILE from  written 07/01/2026 14:26:51
cmline1=A3
range=1024
active=0
bitshift=4
cftfak=2580100
evpreset=10          
roimin=0
roimax=1000
caloff=0.800000
calfact=12.800000
calfact2=0
calfact3=0
calunit=nsec
caluse=1 
[CHN4]
REPORT-FILE from  written 07/01/2026 14:26:51
cmline1=A4
range=1024
active=0
bitshift=4
cftfak=2580100
evpreset=10          
roimin=0
roimax=1000
caloff=0.800000
calfact=12.800000
calfact2=0
calfact3=0
calunit=nsec
caluse=1 
[CHN5]
REPORT-FILE from  written 07/01/2026 14:26:51
cmline1=A5
range=1024
active=0
bitshift=4
cftfak=2580100
evpreset=10          
roimin=0
roimax=1000
caloff=0.800000
calfact=12.800000
calfact2=0
calfact3=0
calunit=nsec
caluse=1 
[CHN6]
REPORT-FILE from  written 07/01/2026 14:26:51
cmline1=A6
range=1024
active=0
bitshift=4
cftfak=2580100
evpreset=10          
roimin=0
roimax=1000
caloff=0.800000
calfact=12.800000
calfact2=0
calfact3=0
calunit=nsec
caluse=1 
[CHN7]
REPORT-FILE from  written 07/01/2026 14:26:51
cmline1=A7
range=1024
active=0
bitshift=4
cftfak=2580100
evpreset=0           
roimin=0
roimax=1000
caloff=0.800000
calfact=12.800000
calfact2=0
calfact3=0
calunit=nsec
caluse=1 
[CHN8]
REPORT-FILE from  written 07/01/2026 14:26:51
cmline1=A8
range=1024
active=0
bitshift=4
cftfak=2580100
evpreset=0           
roimin=0
roimax=1000
caloff=0.800000
calfact=12.800000
calfact2=0
calfact3=0
calunit=nsec
caluse=1 
;MCS8 #97 Sversion=1.257 Fversion=3.68
time_patch=1
;datalength=8 bytes
;bit0..3: channel# 1..8 ( 4 bit)
;bit4: edge 0=up / 1=dn ( 1 bit)
;bit5 ..57: timedata    (53 bit), max sweep length 2001.6 h
;bit58..62: tag0..tag4  ( 5 bit)
;bit63:     data_lost   ( 1 bit)
[DATA]
0000000000000016
0000002157509c61
00000000025c7f71
0000000000000181
000000189c937559
00000033f7bb3461
00000000025c7f71
0000000000000181
0000001ce4d91e59
0000001e3e025459
000000469825cc61
00000000025c7f71
0000000000000181
00000025fe09bf39
0000005938906461
00000000025c7f71
0000000000000181
0000006bd8fafc61
00000000025c7f71
0000000000000181
0000007e79659561
00000000025c7f71
0000000000000181
0000009119d02d61
00000000025c7f71
0000000000000181
000000a3ba3ac561
00000000025c7f71
0000000000000181
000000b65aa55d61
00000000025c7f71
0000000000000181
000000c8fb0ff561
00000000025c7f71
0000000000000181
00000065bc2cf999
000000db9b7a8c61
00000000025c7f71
0000000000000181
000000ee3be52461
00000000025c7f71
0000000000000181
00000100dc4fbc61
00000000025c7f71
0000000000000181
000000819e4145f9
000000822d434839
000000863ebfba59
000001137cba5461
00000000025c7f71
0000000000000181
0000008a583002f9
000001261d24ec61
00000000025c7f71
0000000000000181
0000009addbd2a19
00000138bd8f8461
00000000025c7f71
0000000000000181
0000014b5dfa1c61
00000000025c7f71
0000000000000181
0000015dfe64b461
00000000025c7f71
0000000000000181
000001709ecf4c61
00000000025c7f71
0000000000000181
000000c1812807d9
000001833f39e361
00000000025c7f71
0000000000000181
00000195dfa47b61
00000000025c7f71
0000000000000181
000000d1bd69da39
000001a8800f1361
00000000025c7f71
0000000000000181
000001bb2079ab61
00000000025c7f71
0000000000000181
000001cdc0e44361
00000000025c7f71
0000000000000181
000000ea40ae6199
000000ebf74df6f9
000001e0614eda61
00000000025c7f71
0000000000000181
000001f301b97261
00000000025c7f71
0000000000000181
00000205a2240a61
00000000025c7f71
0000000000000181
00000218428ea161
00000000025c7f71
0000000000000181
0000010d0ffb4c19
0000022ae2f93961
00000000025c7f71
0000000000000181
0000023d8363d061
00000000025c7f71
0000000000000181
000001206006e2d9
0000025023ce6861
00000000025c7f71
0000000000000181
00000262c438ff61
00000000025c7f71
0000000000000181
00000139181f2d79
0000027564a39761
00000000025c7f71
0000000000000181
0000013dcf7f6d79
00000288050e2f61
00000000025c7f71
0000000000000181
0000029aa578c661
00000000025c7f71
0000000000000181
000002ad45e35e61
00000000025c7f71
0000000000000181
000002bfe64df561
00000000025c7f71
0000000000000181
00000163c9f07d59
000002d286b88d61
00000000025c7f71
0000000000000181
000002e527232461
00000000025c7f71
0000000000000181
00000173a5ace839
000002f7c78dbb61
00000000025c7f71
0000000000000181
0000030a67f85361
00000000025c7f71
0000000000000181
0000031d0862ea61
00000000025c7f71
0000000000000181
0000032fa8cd8261
00000000025c7f71
0000000000000181
0000034249381961
00000000025c7f71
0000000000000181
00000354e9a2b061
00000000025c7f71
0000000000000181
000003678a0d4761
00000000025c7f71
0000000000000181
0000037a2a77df61
00000000025c7f71
0000000000000181
000001beca72f1b9
0000038ccae27661
00000000025c7f71
0000000000000181
0000039f6b4d0d61
00000000025c7f71
0000000000000181
000003b20bb7a461
00000000025c7f71
0000000000000181
000003c4ac223b61
00000000025c7f71
0000000000000181
000003d74c8cd261
00000000025c7f71
0000000000000181
000003e9ecf76961
00000000025c7f71
0000000000000181
000003fc8d620161
00000000025c7f71
0000000000000181
0000040f2dcc9761
00000000025c7f71
0000000000000181
00000421ce372e61
00000000025c7f71
0000000000000181
000004346ea1c561
00000000025c7f71
0000000000000181
0000022184d1deb9
000002223eaf4699
000004470f0c5c61
00000000025c7f71
0000000000000181
00000459af76f361
00000000025c7f71
0000000000000181
0000046c4fe18a61
00000000025c7f71
0000000000000181
0000047ef04c2161
00000000025c7f71
0000000000000181
0000049190b6b761
00000000025c7f71
0000000000000181
0000025163d6b039
000004a431214e61
00000000025c7f71
0000000000000181
000004b6d18be561
00000000025c7f71
0000000000000181
00000261a03208b9
000004c971f67b61
00000000025c7f71
0000000000000181
000004dc12611261
00000000025c7f71
0000000000000181
0000026fca057239
000004eeb2cba861
00000000025c7f71
0000000000000181
0000050153363f61
00000000025c7f71
0000000000000181
00000513f3a0d661
00000000025c7f71
0000000000000181
000002932cf7d159
00000526940b6c61
00000000025c7f71
0000000000000181
0000053934760261
00000000025c7f71
0000000000000181
0000054bd4e09961
00000000025c7f71
0000000000000181
0000055e754b2f61
00000000025c7f71
0000000000000181
0000057115b5c661
00000000025c7f71
0000000000000181
000002c07a22f819
00000583b6205c61
00000000025c7f71
0000000000000181
00000596568af261
00000000025c7f71
0000000000000181
000002d03f99b239
000002d3fb2b2b79
000005a8f6f58961
00000000025c7f71
0000000000000181
000002d8cc5facb9
000005bb97601f61
00000000025c7f71
0000000000000181
000002e68c4126f9
000005ce37cab661
00000000025c7f71
0000000000000181
000005e0d8354c61
00000000025c7f71
0000000000000181
000002f35d6a76d9
000002f887ed5299
000005f3789fe261
00000000025c7f71
0000000000000181
00000300a28a0f99
00000606190a7861
00000000025c7f71
0000000000000181
00000618b9750f61
00000000025c7f71
0000000000000181
000003109544f4b9
0000062b59dfa561
00000000025c7f71
0000000000000181
0000063dfa4a3b61
00000000025c7f71
0000000000000181
000003242c0effb9
000006509ab4d161
00000000025c7f71
0000000000000181
000006633b1f6861
00000000025c7f71
0000000000000181
00000675db89fe61
00000000025c7f71
0000000000000181
000006887bf49461
00000000025c7f71
0000000000000181
0000069b1c5f2a61
00000000025c7f71
0000000000000181
000006adbcc9c161
00000000025c7f71
0000000000000181
0000035bebdce4d9
000006c05d345761
00000000025c7f71
0000000000000181
00000361edfdc599
000006d2fd9eed61
00000000025c7f71
0000000000000181
000006e59e098361
00000000025c7f71
0000000000000181
000003758396e019
000006f83e741961
00000000025c7f71
0000000000000181
0000070adedeb061
00000000025c7f71
0000000000000181
0000038832d9c559
0000038895fae8f9
0000071d7f494661
00000000025c7f71
0000000000000181
00000391e7bdf6b9
000007301fb3dc61
00000000025c7f71
0000000000000181
000003a05d061b99
000003a09bd3d479
00000742c01e7261
00000000025c7f71
0000000000000181
000003a1bb49a099
0000075560890861
00000000025c7f71
0000000000000181
0000076800f39e61
00000000025c7f71
0000000000000181
0000077aa15e3461
00000000025c7f71
0000000000000181
0000078d41c8ca61
00000000025c7f71
0000000000000181
0000079fe2336161
00000000025c7f71
0000000000000181
000007b2829df761
00000000025c7f71
0000000000000181
000007c523088d61
00000000025c7f71
0000000000000181
000007d7c3732361
00000000025c7f71
0000000000000181
000007ea63ddb861
00000000025c7f71
0000000000000181
000007fd04484e61
00000000025c7f71
0000000000000181
00000401eb220a59
0000080fa4b2e461
00000000025c7f71
0000000000000181
00000822451d7a61
00000000025c7f71
0000000000000181
00000419c4bc1d19
00000834e5881061
00000000025c7f71
0000000000000181
0000084785f2a661
00000000025c7f71
0000000000000181
0000085a265d3c61
00000000025c7f71
0000000000000181
00000432238b8fb9
0000086cc6c7d261
00000000025c7f71
0000000000000181
0000087f67326761
00000000025c7f71
0000000000000181
00000892079cfd61
00000000025c7f71
0000000000000181
000008a4a8079361
00000000025c7f71
0000000000000181
000008b748722961
00000000025c7f71
0000000000000181
000008c9e8dcbe61
00000000025c7f71
0000000000000181
000008dc89475461
00000000025c7f71
0000000000000181
000008ef29b1e961
00000000025c7f71
0000000000000181
00000901ca1c7f61
00000000025c7f71
0000000000000181
000009146a871461
00000000025c7f71
0000000000000181
000009270af1aa61
00000000025c7f71
0000000000000181
0000049a675837b9
00000939ab5c3f61
00000000025c7f71
0000000000000181
0000094c4bc6d561
00000000025c7f71
0000000000000181
0000095eec316a61
00000000025c7f71
0000000000000181
000009718c9bff61
00000000025c7f71
0000000000000181
000009842d069461
00000000025c7f71
0000000000000181
00000996cd712961
00000000025c7f71
0000000000000181
000009a96ddbbf61
00000000025c7f71
0000000000000181
000004d51ba2e3d9
000009bc0e465461
00000000025c7f71
0000000000000181
000004e23e99fe39
000004e245784fd9
000009ceaeb0e961
00000000025c7f71
0000000000000181
000009e14f1b7e61
00000000025c7f71
0000000000000181
000004f303626699
000004f46ab0e6d9
000009f3ef861461
00000000025c7f71
0000000000000181
00000a068ff0a961
00000000025c7f71
0000000000000181
0000050b18251119
00000a19305b3e61
00000000025c7f71
0000000000000181
00000a2bd0c5d361
00000000025c7f71
0000000000000181
00000a3e71306861
00000000025c7f71
0000000000000181
00000a51119afd61
00000000025c7f71
0000000000000181
00000a63b2059261
00000000025c7f71
0000000000000181
00000a7652702761
00000000025c7f71
0000000000000181
000005439391da59
00000a88f2dabc61
00000000025c7f71
0000000000000181
000005452014f459
00000a9b93455061
00000000025c7f71
0000000000000181
00000aae33afe561
00000000025c7f71
0000000000000181
00000ac0d41a7a61
00000000025c7f71
0000000000000181
0000056892c02ad9
00000ad374850f61
00000000025c7f71
0000000000000181
00000ae614efa461
00000000025c7f71
0000000000000181
00000aebf2484061
00000000025c7f71
0000000000000181
