[MCS8 A] 97 FW 3.104 SV 1.257 
range=1024
periods=2
sweepmode=27e20d0
fstchan=0
holdafter=0
streamstatus=3
calreg0=0
calreg1=0
calreg2=0
calreg3=0
swpreset=8000        
prena=1
syncout=0
cycles=18
sequences=1
tagbits=16
vdac0=92c
vdac1=807
vdac2=8c8
vdac3=8c8
vdac4=8c8
vdac5=8c8
vdac6=8c8
vdac7=8c8
timepreset=100.000     
digio=0
digval=0
autoinc=0 
savedata=2 
mpafmt=asc
sephead=0 
fmt=asc
smoothpts=5 
[CHN1]
REPORT-FILE from 07/27/2026 15:53:04.330  written 07/27/2026 15:53:04
cmline0=07/27/2026 15:53:04.330 
cmline1=A1
range=1024
active=1
bitshift=4
cftfak=2580100
evpreset=10          
roimin=0
roimax=1000
caloff=0.800000
calfact=12.800000
calfact2=0
calfact3=0
calunit=nsec
caluse=1 
[CHN2]
REPORT-FILE from  written 07/27/2026 15:53:04
cmline1=A2
range=1024
active=0
bitshift=4
cftfak=2580100
evpreset=10          
roimin=0
roimax=1000
caloff=0.800000
calfact=12.800000
calfact2=0
calfact3=0
calunit=nsec
caluse=1 
[CHN3]
REPORT-FILE from  written 07/27/2026 15:53:04
cmline1=A3
range=1024
active=0
bitshift=4
cftfak=2580100
evpreset=10          
roimin=0
roimax=1000
caloff=0.800000
calfact=12.800000
calfact2=0
calfact3=0
calunit=nsec
caluse=1 
[CHN4]
REPORT-FILE from  written 07/27/2026 15:53:04
cmline1=A4
range=1024
active=0
bitshift=4
cftfak=2580100
evpreset=10          
roimin=0
roimax=1000
caloff=0.800000
calfact=12.800000
calfact2=0
calfact3=0
calunit=nsec
caluse=1 
[CHN5]
REPORT-FILE from  written 07/27/2026 15:53:04
cmline1=A5
range=1024
active=0
bitshift=4
cftfak=2580100
evpreset=10          
roimin=0
roimax=1000
caloff=0.800000
calfact=12.800000
calfact2=0
calfact3=0
calunit=nsec
caluse=1 
[CHN6]
REPORT-FILE from  written 07/27/2026 15:53:04
cmline1=A6
range=1024
active=0
bitshift=4
cftfak=2580100
evpreset=10          
roimin=0
roimax=1000
caloff=0.800000
calfact=12.800000
calfact2=0
calfact3=0
calunit=nsec
caluse=1 
[CHN7]
REPORT-FILE from  written 07/27/2026 15:53:04
cmline1=A7
range=1024
active=0
bitshift=4
cftfak=2580100
evpreset=0           
roimin=0
roimax=1000
caloff=0.800000
calfact=12.800000
calfact2=0
calfact3=0
calunit=nsec
caluse=1 
[CHN8]
REPORT-FILE from  written 07/27/2026 15:53:04
cmline1=A8
range=1024
active=0
bitshift=4
cftfak=2580100
evpreset=0           
roimin=0
roimax=1000
caloff=0.800000
calfact=12.800000
calfact2=0
calfact3=0
calunit=nsec
caluse=1 
;MCS8 #97 Sversion=1.257 Fversion=3.68
time_patch=1
;datalength=8 bytes
;bit0..3: channel# 1..8 ( 4 bit)
;bit4: edge 0=up / 1=dn ( 1 bit)
;bit5 ..57: timedata    (53 bit), max sweep length 2001.6 h
;bit58..62: tag0..tag4  ( 5 bit)
;bit63:     data_lost   ( 1 bit)
[DATA]
0000000000000016
000000000a1a2959
0000000018cd2e39
0000000018cd9959
0000000020e61c39
000000005356fa79
000000007741e8b9
0000000121ec9c19
00000001475300f9
00000001de4143f9
00000001e5575ed9
00000001e5576079
00000001ec0dde19
000000021e5ca099
0000000329d0cb99
0000000342e05a79
000000035db509f9
00000003b5687119
00000003c2da8a39
00000003f0ad8619
0000000420d5d359
00000004b6c9e059
00000004cd90ab99
00000004ebd63f19
00000004f3606e39
000000053bfaad79
00000005fbb9f939
000000060add4819
0000000628adb6f9
0000000662484cf9
0000000675f34159
00000006ad87b479
00000006c61d82f9
000000071ee7ead9
0000000740078259
000000074f0a5299
000000077a793339
00000007c33c54b9
00000007ceed0319
00000007d40dadf9
00000007e22a2cf9
00000007f2a31419
0000000803e47a59
0000000847d6b379
00000008a2c38019
00000008a2c390f9
00000008a2c39499
00000008e1470999
000000090bd101b9
0000000910233dd9
00000009335ef319
000000094ae96f99
0000000a60f088f9
0000000ab78463b9
0000000ac0e21159
0000000ba3520139
0000000bea1d9d79
0000000c2a09da19
0000000c2a09eb39
0000000c66625f39
0000000c66627459
0000000c66627b79
0000000caa13baf9
0000000d0da3e2d9
0000000d1b2994d9
0000000d2f1b6099
0000000dbcc3d0f9
0000000e0f13d779
0000000e623c3f79
0000000e64318479
0000000e75bca5b9
0000000e75bca779
0000000e8d5e9e19
0000000f1ab45299
0000000f1ab45a19
0000000f1f92d979
0000000f6a6d5d79
0000000fd0d43579
0000000ff258f4d9
0000000ffaab61f9
0000001017efc5d9
000000109a341519
000000215798ec61
0000000002bcc271
0000000000000181
00000010b0739cb9
00000010e2d79199
000000110dec2eb9
00000011109301d9
00000011477c2979
000000116f4c2999
00000011bf5c8a99
00000012ff096df9
0000001377aa2f39
000000137b641fd9
00000013911ee699
00000013911eef79
00000013c2cbd379
000000142c4282d9
000000142c428bb9
0000001445bacf59
000000148b6cb199
000000148b6cc379
000000148e5735b9
00000014998408d9
00000014dd36b1d9
0000001533fdd519
0000001533fdec39
0000001595dcb059
0000001596ffc459
00000015c53e2899
00000015ebe86439
000000162870acd9
000000162870c239
0000001645960b99
00000016487030f9
000000164fa316f9
0000001667df43f9
0000001728907779
000000172e5ae299
0000001793dfdeb9
0000001854ef9679
00000018674b13d9
00000018674b4379
00000019235e8939
0000001978556cb9
00000019988f9e19
00000019c8584619
00000019e6fa1f19
00000033f8038761
0000000002bcc271
0000000000000181
0000001a23ba42b9
0000001a3caa5539
0000001ab726f6d9
0000001b08f7cb19
0000001b40d10839
0000001b43a896f9
0000001ba2e4de19
0000001be43949d9
0000001c5d532079
0000001c6c371d19
0000001ca2e95ad9
0000001ce4304339
0000001cf7907199
0000001d9412d199
0000001da4fe4439
0000001da4fe4c39
0000001da4fe5d19
0000001da4fe5db9
0000001da4fe5ed9
0000001da4fe5dd9
0000001da4fe6479
0000001e1b506839
0000001e1f9d2879
0000001e61fdb479
0000001e61fdb639
0000001e61fdc5b9
0000001e97551c39
0000001e97bff699
0000001eaa347cf9
0000001eaccfda19
0000001ebba15719
0000001ef6dc3c99
0000001f2d741459
0000001f50e85d59
0000001fe81d62b9
0000001ff1fbf6d9
00000020679a89d9
000000207ef2a339
0000002138d81059
000000217b3c8d79
000000217b3ce419
0000002186eb28b9
00000021dbc4e519
00000021dbc51619
0000002214419f79
0000002250cfc559
00000022a0fc9a39
00000022a615f419
00000022d0ea67f9
00000022e5d11e19
00000046986e2161
0000000002bcc271
0000000000000181
000000234cfb6259
000000235d9e3579
000000235d9e4919
00000023615a9239
000000238bee3c19
000000238f25e1d9
000000243d493459
0000002469b41c39
0000002469b42399
00000024961ecf39
00000024d7d8e139
00000024df53fe19
00000024df5410f9
00000024e3cb43f9
00000024e3cb4479
00000025ab291cf9
000000261d9fba79
0000002678699f79
000000269ae11b59
00000026c2de6b79
00000026cc212539
00000026dee97d19
000000274f6aa719
0000002767d000b9
000000279c6cdc19
00000027c394f619
00000028558d9ad9
0000002901e69939
0000002901e6d279
00000029050677f9
00000029436c0fd9
000000294a5aff99
000000296b169a19
000000298c8ceed9
00000029be7a5199
00000029f924b239
0000002a0470ff59
0000002ae83e9259
0000002ae83ea6f9
0000002b16d4cc19
0000002b51b1e839
0000002b74dabfd9
0000002b7820b939
0000002c1488d519
0000002c3c3c1199
0000002c57a36eb9
0000002c5b5f5e19
0000005938d8bb61
0000000002bcc271
0000000000000181
0000002d08e33079
0000002d1b5fb379
0000002d67ba5b99
0000002d8773aaf9
0000002d9595ead9
0000002d95960039
0000002e2e4abc39
0000002e694012b9
0000002e7f3aae99
0000002e8079f3b9
0000002e807a3139
0000002ea98ca939
0000002ec6cf86b9
0000002ec7826af9
0000002ed25e6e99
0000002ee3bd1eb9
0000002ee3bd3339
0000002f8cc08979
0000002f9aa570b9
0000002fa0fa6a19
0000002fe51f7619
0000003037e87ff9
0000003037e881d9
00000030cf3dc939
0000003149913a59
00000031b1ea4899
00000031bf48f7b9
00000031c144ebf9
00000031c144f359
00000031cf1f7719
00000031e9c880f9
00000032aade02b9
00000032efc84df9
00000033195e7ef9
00000033558a2b19
00000033876e4a19
000000339aff8d39
00000033a8965a19
00000033e2f91939
000000341b60a9b9
0000003463901499
0000003473414779
000000349d219e99
00000034e5918899
000000351089c419
00000035244efed9
00000035ccbee019
00000035ccbf36d9
0000006bd9435561
0000000002bcc271
0000000000000181
0000003610f44979
000000361e23bad9
000000362ee11d39
000000362ee124b9
000000363f7f2919
000000367e389119
00000036b4567399
00000036bdd3fa19
00000036c74f8279
00000036f7d491f9
0000003728c75ed9
0000003728c77159
0000003728c7c419
0000003733ea56f9
0000003788492219
00000037915982f9
0000003791598fd9
00000037c352fe59
00000037f1b98739
00000037f1b988f9
00000038077cfed9
000000385f3f66d9
00000038e5f74f39
0000003934f87e79
000000397736ff39
000000398a1a8979
0000003a9667d7f9
0000003aaf13c119
0000003aaf13d619
0000003aaf13d6b9
0000003aaf145b39
0000003ac9112139
0000003b398d6619
0000003b40c725b9
0000003bfcb67f39
0000003c708af419
0000003c94215439
0000003cfe1a0d59
0000003d3528bd39
0000003d361fc459
0000003d50f46379
0000003d618608d9
0000003d7e6b8239
0000003dd47b5db9
0000003ddad12ad9
0000003df0828499
0000003e7a5859d9
0000003e958800f9
0000003e95881179
0000003eb5229a19
0000003eb522b119
0000003f0b818099
0000007e79adef61
0000000002bcc271
0000000000000181
0000003f824341f9
0000003f9299e279
0000003ff62b1899
000000400ee7b439
000000400ee7b5f9
000000402e2badd9
0000004108aed7f9
000000410c3833f9
00000041862add59
00000041862ae5d9
00000041a0f494b9
00000041bb1d8739
0000004227fb77f9
00000042319f6199
000000427243bb79
000000427c584899
000000428ab2c099
00000042b2db4e59
0000004370d719f9
00000043c526f339
000000443dc9f639
000000446dab4ab9
000000446dab5399
000000450f652e39
000000451c18cd79
0000004523f58bd9
00000045d4d12159
00000045dd0d7cd9
00000045f5a2d399
00000045f91ec6f9
0000004623b79539
0000004664fab5f9
000000466f230219
000000468a9250b9
00000046bacfc0f9
0000004741dacf19
0000004798d6db59
00000047e2a28eb9
0000004870e45b79
000000911a188a61
0000000002bcc271
0000000000000181
0000004893d16a79
00000048bd638839
00000048e0448499
00000048e04494b9
00000048eb7252f9
0000004920d484b9
0000004983df7c19
0000004983dfa199
00000049a8489199
00000049b57f8379
00000049dee5b3f9
0000004a7b4b1119
0000004a8ed2f459
0000004af0b1bd59
0000004b41c4c579
0000004b8cf28799
0000004ba52326d9
0000004bcdc32b39
0000004bcdc3a0b9
0000004cc97dc4d9
0000004d0ed1f9b9
0000004d42c10559
0000004d75a7cdd9
0000004d79ecc9b9
0000004dad46e0d9
0000004daf4acab9
0000004debea5bd9
0000004debea5c79
0000004debea6339
0000004debea6e59
0000004debea7899
0000004debea7c19
0000004debeabdd9
0000004e500cd519
0000004e81ae78d9
0000004e8c0308d9
0000004faab8e059
0000004fbe863ed9
0000004fe838f299
0000004feb8273f9
0000004fed6c5659
0000005002f5b439
000000501fa63059
000000503e2e2ed9
000000506e33b319
00000050cae8e5f9
00000050e9ca9cf9
000000510b4ffd99
000000512e7bc6d9
00000051421242f9
000000514b6fad99
000000515b3ed279
0000005164acced9
0000005164ad0f59
0000005164ad1eb9
00000051723b84d9
00000051a6b1f919
00000051cf9cb2d9
00000051cf9cc4f9
000000a3ba832461
0000000002bcc271
0000000000000181
00000051f65ec959
0000005248eb1739
000000526997b239
000000526b5571f9
00000052b81dfd99
000000530cdf0259
000000530cdf2bf9
0000005416a6d459
00000054298fef59
0000005489128319
00000054f9655079
00000055240d7dd9
000000554d9d0099
00000055fb2bdbd9
000000562282c079
0000005622831739
0000005651dc63b9
00000056eea3a0f9
000000575ee53d39
00000057adcd3779
00000057c1d99579
000000580a2c6339
000000584f1f96b9
0000005851be8079
00000058af378a59
000000590d0c7639
00000059961f2199
00000059c9191a39
0000005a065aaef9
0000005a278b13b9
0000005a278b1b19
0000005a632cccd9
0000005a750d2c59
0000005ae91606d9
000000b65aedbe61
0000000002bcc271
0000000000000181
0000005c04c59399
0000005c2439bdf9
0000005cbcceebd9
0000005cbcceedb9
0000005ce08310b9
0000005ce2b38bb9
0000005d0be05e39
0000005d5de8acf9
0000005e029e33f9
0000005e2881ea79
0000005e77563679
0000005ec06efe99
0000005ee28d4439
0000005ef6c07af9
0000005f4a00fd59
0000005fc2fc9259
000000607dd7a5b9
0000006168a27119
000000617c0a86b9
00000061a2b720f9
00000061a3a24259
00000061cb479cd9
000000621547bbb9
000000622d8cbc39
000000622d8ccd19
000000622d8cce19
000000629aa75579
000000629aa78159
0000006330051cb9
0000006330052c99
000000638624c999
000000646b5b04d9
000000c8fb585961
0000000002bcc271
0000000000000181
000000649c6ad199
000000649c6adf79
00000064d3292d79
0000006567b3d9d9
0000006577b56e59
000000658cb97099
00000065e946d139
000000665ecddeb9
000000665ecde619
00000066b13aa1d9
000000678062e1d9
0000006783b744d9
0000006783b74d99
00000067962c9c39
0000006881c17339
00000068c2b1a779
000000692e8c8519
00000069944b58b9
00000069cff12759
00000069fff6c1d9
0000006a090c2ff9
0000006a2acb57f9
0000006a4ecdacb9
0000006aa27f6059
0000006abea4b619
0000006ac46b75d9
0000006b39dbf6b9
0000006b7a9ede99
0000006c099294b9
0000006c26542779
0000006c557114b9
0000006c94255059
0000006caa93c779
0000006d375830f9
0000006d6b4a0399
0000006d7650c799
0000006dc5e396b9
000000db9bc2f361
0000000002bcc271
0000000000000181
0000006e2a0af139
0000006e5d1b9359
0000006e78d16bd9
0000006e9b816a39
0000006f2daae799
0000006f54848af9
0000006f6dab6e79
0000006f6dabb6d9
0000006fdd25ab19
0000006fdd25bbf9
0000006fdd25bc79
0000006fdd25bf99
0000007039867759
00000070683595d9
000000709240d819
00000070afd0d959
00000070cea73d39
00000070e0300df9
00000071a158b559
00000071cd4a45b9
000000720ec93dd9
00000072479d76d9
0000007252aaaeb9
000000726445d199
000000733471e459
000000733a6b0c99
000000736ab10b39
00000073b97c6c39
0000007455001599
00000074a2e2ded9
00000074b5468cd9
00000074b93ab999
000000750b576bf9
000000750b578039
00000075267930b9
00000076396a3c99
00000076464ec7b9
000000769a39c359
00000076db3097d9
000000ee3c2d8d61
0000000002bcc271
0000000000000181
0000007841d220b9
0000007859b544b9
0000007873e49eb9
0000007873e4b339
0000007873e4c679
00000078d2f8f199
000000791e041b39
0000007976049ff9
000000797604c799
00000079938d1339
0000007a4dc49bf9
0000007a8b03f5f9
0000007a97048c99
0000007ab6ed09d9
0000007ac7837439
0000007b5c16c9b9
0000007bfbcb2b59
0000007c603c74b9
0000007c9186c3f9
0000007d10dedc59
0000007d10deef19
0000007d10df5bb9
0000007d58a94139
0000007d6b12d939
0000007d76847699
0000007daea9b1d9
0000007de19092d9
0000007e071b1bb9
0000007e12c31759
0000007e38d08639
0000007e5377cd19
0000007f378b6699
0000007f378b7819
0000007f378b7ed9
0000007f6d1f6c19
0000007f6d276db9
0000007f6d276f99
0000007f79804eb9
0000007fda6ad339
0000007fda6adc79
00000100dc982761
0000000002bcc271
0000000000000181
0000008098f821b9
00000080de1857f9
00000080f487ad79
00000080f487ddb9
0000008116ed1499
0000008132c1d759
00000081702c3cf9
00000081727bb219
0000008219307b19
00000082478cac39
000000828c70fd79
00000082a09b4219
000000838d3066b9
00000083af5c3379
00000083af5c3ad9
00000083b0fb6979
00000083ba11e099
00000083ca411759
00000083ec0d0079
00000083f2cb9b79
00000083f2cbacb9
000000846aa6e4d9
000000848fde4a19
00000084c03747f9
000000853fa888d9
000000855f5b2459
000000855f5b2bb9
000000855f5b47f9
000000858ed28dd9
00000085b66b5859
00000085c4601719
00000085dfd90079
00000085dfd907d9
00000085dfd9a099
000000862bc98e79
000000866eb75c99
000000866eb77319
0000008695bae2b9
00000086fc70e019
00000087021a1cd9
0000008721021779
0000008770d2fb59
0000008798af71b9
00000088785fc039
00000088a4288ed9
00000088dfc32b79
000000895167e239
000000898ac00199
000000899ebb5439
000000899ebb7a99
000001137d02c261
0000000002bcc271
0000000000000181
00000089d7ada859
00000089d7c879d9
0000008a094fee79
0000008a5d906459
0000008aab418a59
0000008b4a076ff9
0000008b6c0caed9
0000008b9649a4d9
0000008b9a97bdd9
0000008c19bb3d39
0000008c6bdf4c79
0000008c73478f59
0000008c7347a159
0000008c78134339
0000008cfeb35839
0000008d9942acd9
0000008dac72cf39
0000008db323e539
0000008e0a9f8899
0000008e0a9f9779
0000008e14f09f59
0000008ed8061cf9
0000008ee64564d9
0000008ef4b913f9
0000008ef4b928f9
0000008f12f1a179
0000008f6a82f8f9
0000008f70121899
0000008f8a9514d9
0000008f8a953099
0000008fef5dd939
0000008fef5ded39
0000008fef5df199
0000008fef5e4959
0000008ff0d65319
000000917a68ce79
000000918aecd259
00000091e053e359
000000922a58d699
000000926eb7b099
000000927e26c739
00000092936d2539
00000092ca6fd519
000000930ce619d9
000001261d6d5c61
0000000002bcc271
0000000000000181
000000935ef0f739
000000941058d639
000000942ce380b9
000000948aca97b9
00000094984b2059
00000094d341a619
00000094d341c5b9
00000094dc5d6539
000000955d79a079
00000095635772d9
000000956ef83d99
000000958c182699
00000095c84a6859
00000095ecc4f6b9
0000009618c11419
000000967f1cc879
00000096c921a639
00000096e67d8519
00000096f9d93479
00000097799ce959
000000978d6b5dd9
00000097b5741339
00000097fdb6ead9
0000009801bd9ff9
0000009877dee139
000000988a775cf9
00000098ab4dea59
00000099552165b9
000000995ffb5d39
000000996356af99
0000009974224339
00000099c8af4299
0000009a0d317639
0000009a363d8299
0000009a645ae3d9
0000009b5e0db399
0000009b6c4512f9
0000009b6c451a59
0000009b9d154c19
0000009baf9a13d9
0000009bfde57f59
0000009c27784fb9
0000009c30c327d9
0000009c3f4239d9
00000138bdd7f661
0000000002bcc271
0000000000000181
0000009c7d7d33f9
0000009c7e5c6c39
0000009c7e5c74f9
0000009c91ee2559
0000009c98e075d9
0000009cd4063c99
0000009d66a9b079
0000009d80a6c1d9
0000009d80a6c939
0000009d80a6e3d9
0000009dbabf8379
0000009dc2284df9
0000009dc56f2bf9
0000009deb240a59
0000009deb241bd9
0000009deb243379
0000009dfa6f11f9
0000009dfa6f3d99
0000009e52186979
0000009e95b803b9
0000009e95b85699
0000009ee22501f9
0000009f371ad859
0000009f64129079
0000009f7fd141b9
0000009f7fd15319
0000009fce3f7fb9
0000009fdbbac199
0000009fe3931719
000000a006353619
000000a03f103f99
000000a04d477bb9
000000a11dd51e79
000000a1480e5e19
000000a152dc8a19
000000a15f8b8099
000000a16776c199
000000a1851e56f9
000000a1a13ad499
000000a1fcbd1c19
000000a2024fe7b9
000000a239623fd9
000000a2546f3b39
000000a272f5bb79
000000a29c4300b9
000000a2a8a92999
000000a34b249eb9
000000a35abcf119
000000a36e7ad259
000000a3c665ec39
000000a3cd7cf2f9
000000a49cfa10b9
000000a4f5d51db9
000000a54fa424f9
000000a57f867099
000000a57f868599
0000014b5e429061
0000000002bcc271
0000000000000181
000000a5e54244f9
000000a5e5425679
000000a626d24579
000000a627bd9f59
000000a63a52bf39
000000a63b27f3f9
000000a646d22db9
000000a646d233b9
000000a732207379
000000a76653a6b9
000000a76653be99
000000a781ddef39
000000a8423e18b9
000000a8423e75d9
000000a851e23a79
000000a8791878b9
000000a89c624479
000000a8c00836b9
000000a8ddd16059
000000a8eff91519
000000a8f63cfab9
000000a926fc6679
000000a94266c839
000000a94266de79
000000aa508d7999
000000aa508e3799
000000aa508e62b9
000000aaabd2ae99
000000aab7a556d9
000000ab36e47419
000000ab5bc79999
000000ab908663f9
000000aba177a8b9
000000aba177aa79
000000abef57c539
000000abef8fb139
000000ac5100c399
000000accc8e2e79
000000acd93e3bb9
000000acd93e50b9
000000ad3fa81fb9
000000ad67d6cd79
000000adb55d0d59
000000ae22dd7d79
000000ae85cec639
000000aed27ee239
000000aee8ce7b79
000000aee8ceac79
000000aef84e8d19
0000015dfead2b61
0000000002bcc271
0000000000000181
000000af37c16c59
000000af518f65f9
000000afe29d27f9
000000b0116cf9d9
000000b0116d0979
000000b037e8d479
000000b0c1f1bcd9
000000b0c1f1cdf9
000000b0e8b3e979
000000b0ed4d2af9
000000b0fcce7359
000000b162feea59
000000b2785c3a79
000000b2942d7039
000000b2b117e199
000000b3161a3a99
000000b395ed6fd9
000000b39cf68759
000000b41dc6d5f9
000000b42f1e7899
000000b491378399
000000b4a46b46f9
000000b51c53e299
000000b5238e6ef9
000000b5295acd59
000000b5a33eccf9
000000b5a33ed479
000000b5ca150159
000000b608fbedd9
000000b639146c79
000000b6448a47f9
000000b66dd29559
000000b677fc1af9
000000b67c2fbd99
000000b67ee0d039
000000b6afc7ad39
000000b6fb62b1d9
000000b6ff16e239
000000b73ab346d9
000000b7707b3999
000001709f17c561
0000000002bcc271
0000000000000181
000000b84f2083f9
000000b8965e3919
000000b8a2aadfd9
000000b8aa6a73f9
000000b8d1806e39
000000b8edb7ab59
000000b96f1a6eb9
000000b9cee9f739
000000b9e34e1f39
000000b9eff5c339
000000b9eff5d339
000000ba14efc979
000000ba25014d39
000000ba468aa699
000000ba585f33d9
000000ba5e7a87b9
000000ba79828359
000000bab87c9f19
000000bb07be6339
000000bb1121f959
000000bb414550d9
000000bb8adfe339
000000bc0a6f2cb9
000000bc5f4f1279
000000bc76cb9739
000000bcea7e1ef9
000000bd012b4059
000000bd567a0f19
000000bd61825359
000000bd75f17399
000000be16b16879
000000be8fbea1d9
000000beb563a4b9
000000bed3dc2a19
000000bf4363d2b9
000000bf4f6c9bf9
000000bf7d9706d9
000000bf9b6afeb9
000000bfca001239
000000bfd1430479
000000bfda904759
000000c0189fce59
000000c053f3eeb9
000000c0620720d9
000000c0ebdfad79
000000c0ebe294d9
000000c102635bf9
000000c13498bd79
000000c17a608399
000000c17a608579
000000c17a609bb9
000000c17fe24c59
000000c18e94a599
000001833f825f61
0000000002bcc271
0000000000000181
000000c1b2854eb9
000000c1b285d779
000000c1d5b3e419
000000c22c7aa839
000000c262a619b9
000000c27d1cfbf9
000000c28b18d9f9
000000c2d1180099
000000c2d18ebd39
000000c2deeec879
000000c2f139f8d9
000000c2f13a2f19
000000c2f13a41f9
000000c2fadfaed9
000000c316772039
000000c35fab0b59
000000c35fab1db9
000000c3b5778379
000000c4b2726239
000000c4c5344539
000000c4ff504379
000000c53f0155d9
000000c5e3a31f39
000000c5f4f58c19
000000c683a45659
000000c6da60a9d9
000000c6da60b219
000000c6da60bdd9
000000c6da60bfb9
000000c713861659
000000c764e23139
000000c7da6845f9
000000c89fa34859
000000c8b8f71c19
000000c8ed7476f9
000000c902294f79
000000c973cbac79
000000c9a5a2a659
000000ca097bc919
000000ca18ff5fb9
000000ca21857d79
000000ca678044b9
000000cad01d48d9
00000195dfecfa61
0000000002bcc271
0000000000000181
000000cb362baff9
000000cb3cdc7939
000000cb73ab75f9
000000cb79000eb9
000000cc3b4cfa99
000000cc70baaad9
000000cd316b4d79
000000cd6b257f19
000000cd90053d79
000000cd9927d7b9
000000ce585679f9
000000ce59880059
000000cf89e43ab9
000000cf9f6517b9
000000cfd5eae919
000000cfef212599
000000d0910b0d19
000000d09935c959
000000d099366ff9
000000d0a2d0f839
000000d0a2d0fa19
000000d0bb4186b9
000000d0c5f00259
000000d0d3214359
000000d0f43db6b9
000000d0f5284539
000000d0f5efd1f9
000000d10d2bf399
000000d166f898b9
000000d177c46c19
000000d177c48dd9
000000d1933777d9
000000d1ba54c299
000000d2053348d9
000000d24c964f79
000000d24c965179
000000d258cd7ab9
000000d270a5c499
000000d27b9f29b9
000000d2c81e3b79
000000d2f03ba619
000000d33967a219
000000d3e0ff7ed9
000001a880579461
0000000002bcc271
0000000000000181
000000d473d45b39
000000d4793ba379
000000d48bf57079
000000d4be3db279
000000d5262010f9
000000d54022ded9
000000d58d6e22d9
000000d61d80cbf9
000000d647320c59
000000d6473269f9
000000d709124459
000000d71f5baff9
000000d72b4537d9
000000d75325b5b9
000000d7f9ac7a59
000000d82b8b3d99
000000d833785999
000000d8556809d9
000000d86c23f3b9
000000d89d5ab399
000000d89d5ac719
000000d89d5ac7b9
000000d89d5ace99
000000d939b45059
000000d939b4a479
000000dab7128219
000000dadf45ead9
000000dadf460799
000000db0eedd059
000000db5bbdb439
000000dc332a8499
000000dc5f7830b9
000000dc62108459
000000dc8a8267f9
000000dcb5d61159
000000dcc13d0959
000000dcf4a366d9
000000dcfb3ebeb9
000000dd0afb6d19
000001bb20c22e61
0000000002bcc271
0000000000000181
000000dd94b9e699
000000ddc8d11bb9
000000ddd9bfdd39
000000de06ae9b99
000000de50d22f79
000000dec95a9579
000000deea570719
000000deec786b19
000000df59cc49f9
000000df8a7f6e19
000000e019bc1b99
000000e019bc1d19
000000e03d58aad9
000000e07fb6ded9
000000e0a14a1d99
000000e0dc0c3739
000000e10549f6d9
000000e114ca6399
000000e116f636f9
000000e17d8e67f9
000000e21c743319
000000e2830981b9
000000e2f9ef23b9
000000e34a2e1059
000000e34a2e3959
000000e35ec932d9
000000e3779b0639
000000e3779b18b9
000000e3c8ce6859
000000e3e8781699
000000e3eda77f79
000000e4398f9e99
000000e4398fae19
000000e44c36dc59
000000e45f7e0a19
000000e4f7dec719
000000e4fef11999
000000e5470e81b9
000000e5470e83d9
000000e56cb55dd9
000000e5c1d5bbb9
000000e5ecd27cb9
000000e5f4559919
000000e630a56839
000000e65ea5c1f9
000001cdc12cc861
0000000002bcc271
0000000000000181
000000e7222d12b9
000000e778872219
000000e7d9b41f99
000000e80ac5c4b9
000000e80ac5c6d9
000000e821954939
000000e835247cf9
000000e8b2597959
000000e8b2598b39
000000e8b82de679
000000e925c6fc79
000000e9786a0479
000000e9786a0bd9
000000e9b0c33719
000000e9fa4c27f9
000000ea5e40f8b9
000000ea5e410cf9
000000ea697fe779
000000eae9a3f599
000000eaffd58539
000000eaffd586d9
000000eb29598799
000000eb29599759
000000eb295997f9
000000eb29599819
000000eb29599eb9
000000eb9ac27a99
000000eba8542199
000000ebd9b81f19
000000ec2a1619d9
000000ec2c85fff9
000000ec2c861179
000000ecf7f78419
000000ed02c9fa79
000000ed2bc28459
000000ee62971019
000000ee7dafd399
000000eeee96c179
000000eeffb3a9f9
000000ef066435b9
000000ef06644939
000000ef06644a19
000000ef06652639
000000ef71734159
000000ef8d5a3079
000000efac885399
000000efd5cd20d9
000000efe92c0439
000001e061976361
0000000002bcc271
0000000000000181
000000f09008d1b9
000000f09b4a2bf9
000000f09b4a3d19
000000f0ed00d539
000000f114613c59
000000f14c2b0ef9
000000f15d67f619
000000f1bcfb3ad9
000000f1ec77edf9
000000f22a6a6c79
000000f29c987e99
000000f2b7c2e8b9
000000f30c610e99
000000f38e242dd9
000000f3acd95cb9
000000f416e683d9
000000f4171e8a19
000000f465dbbb99
000000f468ee9239
000000f496b111b9
000000f4a356e539
000000f51bb778b9
000000f51bb77a39
000000f58f0e5b39
000000f59f05c839
000000f5ed851f59
000000f62a1b93d9
000000f66062aad9
000000f6bc9dd819
000000f6df926e59
000000f6df9275b9
000000f6f32d6879
000000f6f32d7c79
000000f82adafe79
000000f836ce87f9
000000f87c1340f9
000000f87c134299
000000f94e63d759
000000f9548a11f9
000000f970779e99
000001f30201fd61
0000000002bcc271
0000000000000181
000000fa04697ff9
000000fb029b11d9
000000fb37fa1759
000000fba1cf9799
000000fbd43a6999
000000fc0b943c79
000000fc3a464099
000000fc4bf446b9
000000fc51a0af79
000000fcd304b9d9
000000fcd304c8d9
000000fd25efd719
000000fd28bb9939
000000fd28bbb539
000000fe045f04f9
000000fe11602559
000000fe1afc0419
000000ff3471d079
000000ff42343279
000000ff56a88999
000000ff8ed5c159
000000ffc6cdcf79
0000010012cbb3b9
000001005338afb9
00000100687ff1d9
0000010073242d99
0000010073243f99
000001009369f799
00000100d0753459
00000100ebd54f99
0000010102f881b9
000001011cc4a519
0000010128eded79
000001012e739e19
000001012e73c2b9
00000101d34cdab9
00000101d34d44f9
0000010217503fd9
000001022350c0d9
000001024f092339
0000010254c9fe19
0000010254ca5d19
0000010254ca5f19
000001025a7d3e79
00000102874cbdb9
00000205a26c9761
0000000002bcc271
0000000000000181
000001030a55dd39
000001031f13d6d9
0000010395ab7799
00000103c05a5e59
000001047dd3f119
00000104ced75819
00000104e4c0de39
00000105429b9919
000001058e9b39b9
000001058faec479
000001058faed219
0000010592a1e039
00000105cee58f99
00000105cee5a1b9
00000105d7225f59
000001061f17b919
00000106b06ffd79
00000106bbafad19
00000106da0a3699
00000106da0a4af9
0000010701fe2439
000001070ef49599
000001072b978f39
00000107431a2b59
000001075808a139
00000107a80efa79
00000107bf5d2d39
00000107fdb67e79
000001084a9ec1d9
00000108a7a3c819
00000109349024d9
000001099f3ad019
00000109b3d17ed9
00000109e6c2d5d9
00000109f3cd4119
0000010a0bf169d9
0000010a1e27e8f9
0000010a1ebe4139
0000010a7683b279
0000010ac7ab27f9
0000010adfe4ab79
0000010ae4ef89f9
0000010aecf407b9
0000010bd527ca39
0000010bd527dcb9
0000021842d73261
0000000002bcc271
0000000000000181
0000010cddd21a39
0000010dad5aeb39
0000010db9e9fa19
0000010dbaa88b99
0000010dbb1a85d9
0000010ddd10b4f9
0000010e03d47a39
0000010e3fc19db9
0000010e3fc1a539
0000010e478898d9
0000010e52196bf9
0000010e65f8d179
0000010e65f95c19
0000010e85ddaab9
0000010e93d80299
0000010ee7fcc919
0000010fe462e5d9
000001100b03f779
000001101a37a7f9
000001101c64aa79
000001107e652b39
0000011087fdf699
0000011087fdf839
0000011087fdff59
00000110a1651999
00000110ed50f3f9
000001112aacd3d9
000001118f8bfc39
000001118f8c45d9
00000111b7151139
00000111b7152699
00000111b7152779
00000111b7153b39
00000111b7154979
0000011208655e19
000001124921ea79
000001127e281939
000001127e2832f9
00000112bcc99f99
00000112c11777f9
0000011332be49f9
000001134cb49d59
0000011407623d79
0000011407624fb9
0000011407625079
0000011407626299
000001142eb30fd9
0000022ae341cc61
0000000002bcc271
0000000000000181
0000011587cb32f9
0000011587cb5ef9
000001164f71b5b9
000001164f71c2f9
00000116f32e5659
00000116f38a4119
00000116f3dfb279
0000011738849c39
000001176faf9df9
00000117eff206d9
000001182d7bfa39
000001184fdf9879
0000011885ea4a99
00000118e77ad3d9
00000118efbc80b9
00000118f18d63f9
000001192ceea839
000001193db43cb9
00000119a6a60879
0000011a340ab299
0000011adab32479
0000011adab34419
0000011b09184ff9
0000011b3d98bad9
0000011b6d18b119
0000011bc3ce0479
0000011c09db9879
0000011c33ec2eb9
0000011c3d4b4f19
0000011c5062e959
0000011c8b1b60d9
0000011c8c6fe2f9
0000011c9fcf2019
0000011c9fcf32f9
0000011ca429cf39
0000011cb1825359
0000011cdfaf14f9
0000011d153513d9
0000011da7688ad9
0000011dd4145859
0000011dd4145a19
0000011e9f1ee239
0000023d83ac6761
0000000002bcc271
0000000000000181
0000011ed3285779
0000011eda34d539
0000011ef349f999
0000011f1ac9d839
0000011f8f9c64d9
0000011fa1f07639
0000011ffe65f7b9
0000012022644df9
000001207be409f9
0000012083f6ce39
0000012083f6f579
000001208ce4dbd9
0000012188dac979
0000012192ecf1d9
00000121cef74f79
00000121e0256259
0000012209c7e739
0000012252ba89d9
00000122c6539139
00000123189340b9
000001231e264d39
00000123930a7f79
0000012430c4be19
0000012430c4ccd9
0000012430c4d059
0000012489c0b219
000001253d7fdc19
0000012551290b19
0000012560015ff9
00000125eeb635d9
0000012621949379
0000012621949b79
000001262de6cf19
000001268ef598d9
00000126d4556e79
0000012702703479
0000012702703619
000001272805baf9
000001272805c239
0000012728062c19
00000127280687d9
00000127772f78b9
000001279ee1f099
00000127b165e899
0000025024170161
0000000002bcc271
0000000000000181
0000012816a2c479
0000012870228e59
000001289a8bf659
00000128b13a6fb9
0000012931c02479
000001295df917f9
000001297b2aae59
000001298517d519
00000129893cb339
0000012a0ca926b9
0000012a10e9a2f9
0000012a1b626899
0000012a55867979
0000012a8e2141f9
0000012a9dadb899
0000012afabec019
0000012b10e632d9
0000012b10e65899
0000012b29161b39
0000012b47d77ed9
0000012ba86a5719
0000012bd92ed799
0000012bd92eeff9
0000012c0fa17319
0000012c0fa175b9
0000012c6cd718d9
0000012cea4f9d19
0000012d0f5efc19
0000012da7c5d499
0000012da7c5ea59
0000012dca24af99
0000012dd5d226b9
0000012e26e56199
0000012eadc7aab9
0000012ed0916699
0000012f0400c2f9
0000012f27869059
0000012f2f660299
0000012f51cbaa39
0000012f61d4b279
0000012f934da8d9
0000012fa3d3b2b9
0000012fd0bbf359
0000013005260539
0000013082449559
0000013083235339
0000013090821939
00000262c4819b61
0000000002bcc271
0000000000000181
0000013167b5a0d9
000001317e172019
00000131ea635c59
0000013273c9c679
000001327c8255d9
00000132b35fd739
00000132f0e8b959
00000133386c8259
00000133408bc259
00000133408bc9d9
00000133727c9179
00000133a21b9df9
00000133aa1480d9
00000133b9d880f9
0000013462c423b9
000001346c1ee399
00000134888570d9
0000013488858ab9
0000013488859db9
00000134bc5827f9
00000134e879a7d9
00000134fa2cb199
0000013523378219
0000013523379639
00000135aee8fb79
00000135bbd44cb9
00000135bbd45459
00000135f1e7daf9
000001363a357519
00000136f98d4459
0000013770c48419
0000013834ab2b79
0000013834ab4539
000001383a7dd299
00000138587e6439
00000138caedb3d9
00000138d9605db9
00000138e003ca19
00000138f55d0159
00000138f8fde3b9
00000139189bd219
00000139189be599
000001394a4a7699
000001397b2c91d9
00000139c690a0f9
0000027564ec3661
0000000002bcc271
0000000000000181
0000013ad6651879
0000013ad6655c99
0000013ad6655d19
0000013b65ae0ed9
0000013b65ae1739
0000013bddd20499
0000013be42949f9
0000013bec748559
0000013cd9060779
0000013cfcf54fb9
0000013d107c5fb9
0000013d14699839
0000013d154c5eb9
0000013d38281a79
0000013d38281c19
0000013d382821d9
0000013d59f82819
0000013e2fd00939
0000013e76132ff9
0000013eeed44e99
0000014007eb2dd9
0000014007eb4239
0000014055d5c319
00000140567a9419
0000014060a48bb9
0000014091521f19
00000140cc087839
00000140edbdc3b9
00000140f8e9c3b9
0000014112d056d9
0000014112d06a79
0000014114539b59
0000014171f59739
0000014171f5a499
000001419519ceb9
00000141988a5939
000001419b777819
00000141d08b9939
00000141d8d7fdf9
00000141f31533d9
00000142348947f9
0000014250267b59
0000014250267cd9
000001432ebda859
0000014351a50759
00000143c11b0359
000002880556d061
0000000002bcc271
0000000000000181
000001441bfe3f99
000001444f3a2bf9
0000014468de7ff9
00000144c470a5b9
000001451a54e299
0000014540bc5379
000001454b9b0f79
00000145557e1c59
000001455fd08619
00000145a75245f9
00000145a7524819
000001464acd6d19
0000014687c6c779
0000014687c6ecf9
00000146912f2279
0000014696eb8439
000001469fcef019
00000146ce3800b9
00000146f227ee39
0000014701337a79
0000014701337c99
000001470ad5bdf9
0000014729e671d9
000001472d823179
000001481718cb99
00000148293a2bd9
00000148293a42b9
000001484b161a59
0000014858aa0659
00000148a4f05739
0000014903245bd9
00000149eb77aab9
0000014a29666399
0000014bbe0c18f9
0000014beaebbd59
0000014bf54e9f79
0000014bf668ac39
0000014c64af41f9
0000014ca216b459
0000014cd946b799
0000014cd946c7b9
0000029aa5c16b61
0000000002bcc271
0000000000000181
0000014d5419b119
0000014dc28c5759
0000014de3cb3e99
0000014e614f0ff9
0000014e9df14d59
0000014eb17b0519
0000014ed3122579
0000014f1d9f61b9
0000014f5747a339
0000014fdc663bb9
000001503c6d99f9
00000150562b6099
000001505dc50d79
00000150969fa9f9
00000150bc67b4d9
00000150d97e1019
00000151f7af4779
000001521e5c0119
00000152371107d9
0000015291c7a2d9
00000152fc716139
0000015308257919
0000015308259899
000001530825aa19
0000015337cced19
0000015337ef5ad9
000001536bfcc339
00000153a3942059
0000015433fa7c59
000001545771d539
0000015494b8d139
00000154e2c1e7b9
00000154e2c1f0b9
00000155328ce8b9
00000155b9043c99
0000015639ea6ff9
0000015681c84ed9
000001568a4d0659
000002ad462c0561
0000000002bcc271
0000000000000181
00000156c3e5d499
00000156c3e5f3b9
00000156dcd91b99
0000015781c2a7f9
00000157b944f379
000001592a0490d9
000001594a43fbf9
00000159eabd1319
00000159f811e7f9
00000159fdb03619
0000015a029e7a39
0000015a029e7c19
0000015a029e8f19
0000015a21589f39
0000015a3586d139
0000015a69bdaf39
0000015a9d190019
0000015ae37846d9
0000015aeb98d5f9
0000015b0f25dbd9
0000015b5063e9d9
0000015c034ca899
0000015cc630ce19
0000015ce326ef59
0000015d2716b619
0000015d410a4219
0000015d4ea4d0b9
0000015da1b8a799
0000015e8eca40b9
0000015f033459f9
0000015f2f8cb179
0000015f5fa584f9
0000015fa5585d59
000002bfe696a061
0000000002bcc271
0000000000000181
00000161f2bac1d9
00000161fd8ca6f9
0000016228957cb9
000001622d4e7ab9
00000162304cd259
000001624dc00959
000001626fbc2899
000001628112efd9
0000016292ad53f9
0000016292ad5b99
00000162ee664559
0000016302cfea39
00000163aec7da19
00000163aec7dab9
00000163b5b7cb59
00000163b5b7e779
00000163f5aedb59
000001640538de99
000001648a424039
000001648a424799
000001648a425319
000001648a42adf9
00000164a6d3e999
00000164a6d40479
0000016519dfb139
0000016569960719
0000016579d7be59
00000165808576d9
00000165c9beb6b9
00000165d9443279
00000165d94439d9
00000165df3e3bb9
00000165f90a35b9
0000016616c04279
000001663e8ab399
00000166713bf939
00000166a4841e59
0000016720ce5dd9
0000016797341419
00000167a4606b39
00000167b9146c79
00000168154135b9
0000016854bb0239
000001689d56eb39
00000168af244a79
00000168afc77979
000001691085a699
00000169241160b9
000002d287013a61
0000000002bcc271
0000000000000181
00000169734cfc99
000001699b548499
00000169bfef83d9
00000169f5861359
0000016a2ede4f19
0000016a3c3b4e79
0000016ab3964fb9
0000016ad70c6c59
0000016aea510579
0000016b591195d9
0000016bc1378219
0000016bc6444e79
0000016c05407d79
0000016c306d6a79
0000016c379c12d9
0000016c522ba679
0000016c83f01a99
0000016c83f01d19
0000016c83f02c19
0000016ca43d3959
0000016ca43d3b19
0000016ca43d3c79
0000016cc0578299
0000016cdd65c899
0000016cdd65dd19
0000016ceb43afd9
0000016dbd9678b9
0000016dbd971979
0000016e44bcdfb9
0000016ed6d4b539
0000016f117733d9
0000016f39c6a9d9
0000016f7cc93639
0000016f84035479
0000016fd2d07cb9
0000016fda435779
0000016fda435f99
0000016ffdec73b9
00000170224bd7d9
0000017026834d39
0000017026834ef9
00000170354bc999
000001703eb766b9
000001705384bf19
000001705bc0cbf9
0000017060043d19
0000017060044479
0000017060045199
000001707dbd0f79
00000170aa2460f9
00000170d219a8f9
000001714e403b59
000001717ae69c59
00000171808fdf39
00000171a950c679
00000171f0f8d899
0000017221aec7f9
000002e5276bd461
0000000002bcc271
0000000000000181
00000172a4d58499
00000172e6bfd899
00000172f0b02079
00000173e32f7c59
00000173f41a89d9
0000017402999ad9
00000174a0167679
00000174a827cd39
00000174e6a83eb9
00000174eda662b9
00000174eda69a59
0000017513c8e759
000001752fada799
000001752fadc299
000001752fae0439
00000175771c7339
00000175a21780b9
00000175f932bb39
00000177004b75f9
000001772c756e39
00000177313f5859
000001773a3eed39
0000017766a001b9
0000017777203599
000001779682bb59
00000177a15ee959
00000177b3f5bd99
00000177ba1148b9
000001782290cd19
00000178455a0b99
0000017858181999
0000017888e5e8b9
00000178a773b879
00000178c676f939
00000178f57eac39
0000017995e85c19
0000017a341df259
0000017a54c34919
0000017b32308519
0000017b323096d9
0000017b68c00199
0000017b7cfdb4d9
0000017b7f112c59
000002f7c7d66f61
0000000002bcc271
0000000000000181
0000017c685d9279
0000017cb2f53c79
0000017cb2f53e39
0000017cb2f53fd9
0000017cb2f559f9
0000017cffe53899
0000017e1f172039
0000017e34907bd9
0000017e7f79d159
0000017e7f79e3d9
0000017e8e53bcb9
0000017ef115d979
0000017f480125b9
0000017fc21999b9
00000180d150ba79
0000018181b00b99
0000018186b8eaf9
00000181888aa299
00000181888ab539
00000181df05c119
00000182773b37d9
00000182c99417b9
00000182ca10d659
00000182e2c858b9
00000183004659b9
000001835bf42439
000001837b5e20d9
00000183828c7919
000001838507e8f9
0000018395c96b79
00000184254305f9
00000184b9741759
00000184b9742919
0000030a68410a61
0000000002bcc271
0000000000000181
0000018595f477d9
00000185b37f8879
00000185d1321e99
000001868399d6f9
00000186efafd719
00000186efafe019
00000186f14d6e19
00000186f9b828f9
00000187271955d9
00000187394967d9
000001875a5716f9
000001875ccebbd9
00000187b5e92e79
00000187b5e93379
00000187d75f3159
00000187ef92c1f9
000001880867d259
0000018814f33a39
0000018814f39a79
0000018814f3d279
0000018814f3d439
00000188baddfcb9
00000188c0a65379
00000188c0a65419
00000188c0a65ad9
00000188c0a6a799
00000188c5015779
00000188cc5ce1d9
00000188e7f18259
000001895cf93c59
0000018961e5d3f9
0000018961e5db39
000001897611d719
00000189807254d9
00000189f30f20b9
0000018a36a80f99
0000018a87f31339
0000018a9cf7c979
0000018a9cf7ed19
0000018b0f057e99
0000018b599a9139
0000018b7b40a2f9
0000018b7b40a4b9
0000018b9005e9b9
0000018b92e26bf9
0000018c909a9639
0000018cf6b61079
0000018d2ca69379
0000018d437047d9
0000018d611fff99
0000018d7c6843b9
0000018db1aa5a79
0000018dbe1269f9
0000018e1d6a0519
0000031d08aba461
0000000002bcc271
0000000000000181
0000018ea773b7d9
0000018eaedfd739
0000018eaee02a19
0000018eb943ce19
0000018ec23d21b9
0000018eea252699
0000018f0bb54e99
0000018f43d32cd9
0000018f5fcc6759
0000018f75ac9019
0000018f85673859
0000018fba4afb59
0000018ffcadc7b9
0000019016275cb9
0000019044c09619
0000019067e046f9
0000019081c65959
0000019081c660d9
00000190b2a24579
00000190ed17cb19
0000019114ba9919
000001915ad43799
000001918fa0b2f9
00000191fccaae79
0000019220b27df9
0000019220b28e19
000001928aeda7f9
000001928bdf7f39
000001928bdf90b9
00000192b05f9719
0000019353777719
000001938ddce8b9
0000019396331919
00000193d16adfb9
00000193de0de919
00000193defecd79
00000193e9140fb9
0000019420c112d9
000001948fd64a59
0000019511aa74d9
000001952c57b759
000001952c57b8f9
000001958951f0f9
00000195f91996d9
0000019625995ed9
000001968a4c26f9
00000196fed45939
00000197048d1db9
0000019714da0c99
00000197557177d9
000001976992efd9
00000197a0aa69f9
00000197c5e9e959
0000032fa9163f61
0000000002bcc271
0000000000000181
00000197f445d6d9
00000197f7003579
0000019830ef9ef9
0000019858da5b79
0000019858da9999
00000198c9ac5499
0000019960605f79
00000199e0c646d9
00000199ee7084b9
00000199ff73ec39
00000199ff746b99
0000019a2d282b39
0000019a2d2870d9
0000019a76e518b9
0000019ad7394bf9
0000019af1f09339
0000019b5ad44a99
0000019b8a82c5f9
0000019b977d3af9
0000019ba6700699
0000019bab2fea39
0000019c0dac30d9
0000019ca92e5799
0000019ca92eb5b9
0000019caa9daa99
0000019cbc0ad8f9
0000019cdf006a79
0000019cf2195679
0000019cfc319999
0000019d722f2759
0000019dbc196699
0000019dcda1f3d9
0000019df2530fb9
0000019e0f4cc759
0000019e46883999
0000019e46883b79
0000019e53de3df9
0000019ea757a599
0000019ec44dd1f9
0000019f9fc59cf9
000001a05b821659
000001a05b8262b9
000001a0948c4239
000001a09dc68399
000001a0c0558219
000003424980d961
0000000002bcc271
0000000000000181
000001a20d208799
000001a20f8af559
000001a20f8b00f9
000001a287899479
000001a2b1397ed9
000001a2b3cbdc19
000001a2f6e177f9
000001a3075f1c99
000001a31b41e399
000001a35fb50ef9
000001a3bc837cb9
000001a3f49b8bf9
000001a4204fce79
000001a43be9b919
000001a45a5844f9
000001a45daf6ab9
000001a4946f18d9
000001a5872d2f79
000001a5b9ab7ab9
000001a5d6809bf9
000001a614f41339
000001a652b0bef9
000001a652b0c0b9
000001a668161df9
000001a6b8c6aa79
000001a6c0f54999
000001a6e0f0bc39
000001a89e486779
000001a8a14c6999
000001a8bc6a7ff9
000001a8eb1d00d9
000001a9178cd3b9
000001a91cc30a79
000001a934b6b119
000001a9b31802f9
000001a9ffb7e619
000001aa37a83a19
00000354e9eb7461
0000000002bcc271
0000000000000181
000001aabd55e3b9
000001aad0c74ef9
000001aadfe00d19
000001aae1014599
000001ab2ce80b39
000001aba6c62bd9
000001aba6c632b9
000001abd9c51819
000001ac225c51d9
000001ac80ecf199
000001acdc8293d9
000001acdc830bd9
000001ad07966239
000001ad0e732cd9
000001ad48add1d9
000001ad9f177c99
000001adbae3c3d9
000001ade25156d9
000001ae5d0856d9
000001aeb2f45799
000001af28dbaab9
000001afd3afb299
000001afe552ea39
000001b048a3bad9
000001b091909d99
000001b0b0e59cf9
000001b0b2038ad9
000001b14a8e4879
000001b1968665f9
000001b1ab3b1759
000001b1bbd5b1d9
000001b1dc883679
000001b229685799
000001b25af66c59
000001b25c688c99
000001b34cefba39
000001b3bb7a6319
000003678a560e61
0000000002bcc271
0000000000000181
000001b3e03622d9
000001b4161aa9f9
000001b4478855d9
000001b46b3c1519
000001b493e2c4b9
000001b4b9fffd79
000001b565b48dd9
000001b58c68f059
000001b5b087c5d9
000001b5e0914779
000001b6136d2a99
000001b6b0f80a99
000001b6b6064b59
000001b6d9c4fe99
000001b6d9c50059
000001b6e2b636d9
000001b71c130f59
000001b786ee86b9
000001b786ee9c99
000001b7fbfad259
000001b86f2264b9
000001b8b99a31f9
000001b8c47d8c19
000001b8cd20d979
000001b903595c39
000001b92b81fc39
000001b934703bd9
000001b9462d0d59
000001b9ccc2f4d9
000001ba39fe9659
000001ba57e76ed9
000001bac3a5c699
000001bacf743979
000001bacf745c59
000001bbea57b279
000001bc08aa8439
000001bc3bcb4119
000001bc5b2219d9
000001bcf9ca6619
000001bcf9ca67b9
0000037a2ac0a961
0000000002bcc271
0000000000000181
000001bd4b1fcbf9
000001bdd5991b39
000001be25dd0779
000001be51ce2df9
000001be7d3dbbd9
000001bec0c956d9
000001bec65d11d9
000001bf091852f9
000001bf679188f9
000001bfe0912059
000001bfe09131b9
000001bfe0918b59
000001bffa02d719
000001c0779c8c99
000001c081ac88f9
000001c0aef84e59
000001c131126bf9
000001c20cf073f9
000001c20dd9b359
000001c2286fe3b9
000001c273b3ec59
000001c273b40379
000001c273b41299
000001c2836cdf39
000001c28fa5fef9
000001c2b9eb52b9
000001c2f363c259
000001c3082b5479
000001c30acbaa79
000001c37f13bf39
000001c399947259
000001c3be0a4499
000001c3c6091099
000001c3c6091299
000001c3c71e5d59
000001c3c807f9d9
000001c4222397b9
000001c42653c859
000001c43e6a42f9
000001c48cc8c3f9
000001c4cc263839
000001c4cc264bf9
000001c4dbab9539
000001c55977b0f9
000001c58106f919
000001c5fb9fb579
000001c622c4b1d9
000001c6256226f9
0000038ccb2b4461
0000000002bcc271
0000000000000181
000001c6b7d76a59
000001c6d17418f9
000001c710c160f9
000001c7197b81d9
000001c71c28eaf9
000001c765c489d9
000001c77d4ed819
000001c807420179
000001c80c3715f9
000001c80ffad859
000001c80ffae9b9
000001c82520b2f9
000001c86eb22379
000001c8f9ea93b9
000001c972368659
000001c9756401b9
000001c99c111a59
000001c9c5bbfdf9
000001c9cfe27c99
000001c9d3db4ad9
000001c9f927bdd9
000001ca030fe6d9
000001cad47bc919
000001cb658c72d9
000001cb8b050039
000001cb96846939
000001cbeea6dd59
000001cbeff575b9
000001cc29d9b499
000001cc4cda52d9
000001cc6e8abbf9
000001cc9d886219
000001cc9d887b59
000001ccb4057479
000001ccf4147379
000001cd18bc6859
000001cd2afe5699
000001cd41d26c19
000001cd6a1acd79
000001cd76049f19
000001cda13f4359
000001cdcd7f9df9
000001cde54a4119
000001ce81ee0379
000001ced87b4dd9
000001ceeea785b9
000001cefb662f39
000001cf3ba4d999
0000039f6b95de61
0000000002bcc271
0000000000000181
000001cfbe38b979
000001d00e6c8159
000001d00e828819
000001d0153c74b9
000001d080434179
000001d08bae3ed9
000001d0ad579dd9
000001d0ad57a539
000001d0b0b8fb79
000001d0b0b902f9
000001d0fa1ba019
000001d134a0ef39
000001d14ca456d9
000001d188cf3e39
000001d1b94c0a79
000001d1ec698ab9
000001d2013f0b59
000001d20c9ed279
000001d2515545f9
000001d2b22638b9
000001d2f9439d59
000001d32f54cf39
000001d34dd7cb59
000001d35cacb579
000001d3662984d9
000001d3ad1ed459
000001d3e5bdf5b9
000001d3e5bdf799
000001d3e72c28b9
000001d43c9ffe19
000001d47c4b4c19
000001d49f272fb9
000001d54f944db9
000001d56564a1d9
000001d56564b979
000001d5dd1c9079
000001d5e22dfd19
000001d5e93f75d9
000001d62f400699
000001d638060319
000001d72b1624f9
000001d72b162c59
000001d754e60d99
000001d758325c39
000001d7699babd9
000001d76a8642d9
000001d7ecf10ed9
000001d83f798319
000001d86ca61f19
000001d86ca65339
000001d8bbdf8d79
000001d8cd298319
000001d8cd2993f9
000001d8cd299499
000001d8cd2994d9
000001d8cd299b79
000001d8cd29a859
000001d8d0594e59
000001d8d1f70619
000003b20c007961
0000000002bcc271
0000000000000181
000001d94c76d739
000001d9599323d9
000001d95a32f6d9
000001d9ce6387b9
000001d9da149b39
000001d9da14a299
000001da61238179
000001da97019179
000001dab3754119
000001dad39b1719
000001db19944919
000001dbb1a9f639
000001dbb1aa1299
000001dbf38e25b9
000001dc18e59e59
000001dc5ed0ac79
000001dc993e4939
000001dcb444f0f9
000001dd66061439
000001dda78a95d9
000001ddcfb1c519
000001ddefb64c19
000001de20428059
000001de20429ed9
000001de5db6f7d9
000001de9a7472f9
000001dead2419b9
000001dead242c79
000001dead244c19
000001decc0a7139
000001ded5898359
000001df28f69e99
000001df58a217b9
000001df5d210b39
000001e0083e54b9
000001e061bd95b9
000001e0a72901d9
000001e123f27099
000001e13cc99ff9
000001e1c7257e79
000001e1da897cf9
000001e1ff664699
000001e1ff666d19
000001e1ff667d39
000003c4ac6b1461
0000000002bcc271
0000000000000181
000001e2a2a6b6b9
000001e2bde2fab9
000001e36be75339
000001e3d87cfb99
000001e3f9a8f019
000001e3fff7bf39
000001e3fff7c0f9
000001e3fff7c699
000001e3fff7ce39
000001e3fff7d379
000001e4002d6019
000001e40915be39
000001e54affe479
000001e569fb2b59
000001e56fb07f79
000001e597fa2259
000001e5b582d1b9
000001e5d1d1bf99
000001e5d1d1ddb9
000001e674a55479
000001e688ec7a19
000001e68d96be59
000001e692c28019
000001e699b75af9
000001e6fde08999
000001e741370699
000001e7613e0eb9
000001e761c17a59
000001e7f9b010f9
000001e9a0db9bf9
000001e9c15b12d9
000001ea399bc4b9
000001ea7ee96ff9
000001eafc436539
000001eb2d841699
000001eb2d841839
000001eb2e2637b9
000001eb95cea0f9
000001eb95ceb139
000003d74cd5ae61
0000000002bcc271
0000000000000181
000001ebab786c99
000001ebc064a2b9
000001ebc064aa39
000001ec19973eb9
000001ec199763d9
000001ec25904439
000001ec49fa87d9
000001ed30149579
000001ed63d89199
000001ed6874f7d9
000001ed6874fb79
000001eda57bdb79
000001eda87e0a99
000001ede1a73ef9
000001ee4238e639
000001ee7b5d9859
000001eea4b68f19
000001eeab758239
000001eeeea6df79
000001ef32fa0059
000001ef97a045b9
000001efa7452eb9
000001efcd444af9
000001efe106b319
000001f00de01b99
000001f07b4c88b9
000001f098573859
000001f0a7b67979
000001f0c51fe959
000001f0e27a5db9
000001f0ef07a5f9
000001f0f06f6059
000001f0f06f72d9
000001f0f06f74d9
000001f1c0d7ce99
000001f1def35619
000001f216546899
000001f29806f079
000001f2df0db739
000001f2e9c946f9
000001f3271a55d9
000001f332a648d9
000001f33a9eb739
000001f33aa012f9
000001f382544539
000001f38fbaca99
000001f397c41919
000001f41470c339
000001f4736a2a79
000001f4784e1a19
000001f4cae73199
000003e9ed404961
0000000002bcc271
0000000000000181
000001f585834c59
000001f63ad8be39
000001f6b9966699
000001f6bbab6219
000001f6f0d504b9
000001f704ca7499
000001f70f77df19
000001f73b811139
000001f759ff1719
000001f79a401899
000001f7caed6ed9
000001f7cffb2879
000001f848f98bb9
000001f8a8fbd399
000001f9666c65b9
000001f996bbcd19
000001f99f78ced9
000001f9bfcadcb9
000001f9d15258b9
000001f9fc6577d9
000001fa19ec78b9
000001fa498afc99
000001facb9e5179
000001faf9219559
000001faf921a7b9
000001fbff531739
000001fce74537d9
000001fd1ec2a9d9
000001fd49f58af9
000001fdc74d8319
000003fc8daae461
0000000002bcc271
0000000000000181
000001fe664ae279
000001fec0c25d59
000001fed51f50d9
000001ff070c1b59
000001ff529bf2d9
000001ff797bb139
000001ff8d1f9719
000001ffa41e2e99
000001ffa41e3e59
000001ffae319399
000002001d13b1b9
000002004ca32419
00000200c0c68d99
0000020100e8ca39
0000020142f3c1f9
000002021f649ab9
00000202400e1cd9
0000020270a64719
00000202739d7579
0000020289727fb9
00000202afe55279
00000202afe576b9
00000202afe5a899
00000202c52d1699
000002032bac3db9
0000020337684db9
000002033e5fc839
000002034ff705b9
000002039a4a8659
00000203b6fde159
00000203c66279d9
00000203c6c0b259
000002044123aeb9
000002044b292199
00000204a3f30c19
00000204ae5541b9
00000204c8059399
00000204d08e5299
0000020551f67799
0000020580af9299
00000206017aa219
000002063770c3d9
000002068fd8ab39
0000040f2e157e61
0000000002bcc271
0000000000000181
00000207cd6c5099
0000020842852899
000002084be198b9
00000208c090b159
00000209c89541f9
00000209efbc5659
00000209f4b05939
00000209f4eb8c19
0000020a55a88079
0000020a8ecbb579
0000020b0c2bc339
0000020b3c51c4d9
0000020b3c51d759
0000020b654ab659
0000020b6be071f9
0000020b6be089d9
0000020b6be09a19
0000020b72f51cd9
0000020b7fd1e059
0000020d33b14939
0000020d33b16419
0000020d3770aff9
0000020d92d50619
0000020df1bcad39
0000020e16e49c79
0000020e16e4dfd9
0000020e4541fab9
0000020e478cf8f9
0000020e7a4ca379
0000020e9b6e7639
0000020e9b6e84b9
0000020ea804d2d9
0000020ef0ae4659
0000020f0cb5cc99
0000020f4fb17259
0000020f61c04499
0000020f67c941d9
0000020f8efaa839
0000020fa9607ed9
0000020fa9609239
0000020fae1655f9
0000020fc1c4b259
0000020fd95d5d79
0000021039519139
000002104433fbf9
00000210ce693cb9
00000210ce6955d9
00000210df2cc499
00000210df2ccc79
00000421ce801961
0000000002bcc271
0000000000000181
000002115bd81659
0000021160025079
00000211ba754759
00000211cc22e819
00000211ebdf4959
00000212200ad5d9
00000212af05f3f9
00000212cacc3cf9
00000213059ba6f9
00000213059bc159
000002130b225539
000002134276e999
000002135f3e8959
000002135f3e9cd9
0000021398590179
00000213c9998a39
0000021412a9ab59
0000021456781999
000002146233e059
0000021481cf4559
00000214cc725c79
0000021530389739
000002153162ba59
000002154ce94e79
000002159310e339
0000021672b429f9
00000216facca999
000002171e28d159
000002171f47d599
000002171f480519
00000217677dcf99
00000217d2f2e059
000002186d892ff9
00000218e1b5e199
0000021923875d39
00000219ac937fb9
0000021a0111b899
000004346eeab461
0000000002bcc271
0000000000000181
0000021a46576399
0000021a7027ccd9
0000021aa1d72319
0000021aa34e7f99
0000021ab3a84c99
0000021ac4639839
0000021b195ad2f9
0000021b36e2aa39
0000021b36e2be39
0000021b6d242919
0000021b6d243c99
0000021b84a30d59
0000021b84a32219
0000021b84a323b9
0000021bab766a79
0000021bab76dff9
0000021c4b6da7f9
0000021c5f5572f9
0000021c601e4f39
0000021cb2a55bb9
0000021ce8e754f9
0000021dcab03259
0000021e96b017f9
0000021f33ac7739
0000021f33ac8499
0000021f593f0b39
0000021f593f0cd9
0000021f98baf7b9
0000021fbb2bca99
00000220cc9b7a99
0000022157e53499
00000222104fb639
0000022227424559
000002224f88bdd9
00000222819b9cb9
0000022286f5cd19
00000222af80a5d9
00000222b5779c39
00000222d70eaa99
00000222e32ff499
00000222e3300819
00000223574e1b79
000004470f554e61
0000000002bcc271
0000000000000181
00000223fcfe7139
0000022443db10f9
0000022443db2f79
0000022476e21499
00000224ad75a8b9
00000225117cc3d9
0000022535cb5b39
0000022535cb6c59
00000225d0230d79
00000226181c4179
0000022652ca6099
0000022657f4cc99
0000022666cbcc59
000002271e47a5b9
0000022731750559
000002274cf91599
00000227d7db41b9
0000022869bb66b9
00000228d012f5b9
00000228d96406f9
00000228e76677b9
0000022926534319
0000022931c018d9
00000229aaa1d999
0000022a0882eeb9
0000022a156179f9
0000022a9c853979
0000022ac14ce959
0000022ae291ee99
0000022af3c0bdb9
0000022b240f6079
0000022b52eafdf9
0000022b52eb0719
0000022bb1f16b59
0000022bef604e39
0000022c3f0b75f9
0000022c4de51519
0000022c56983859
0000022cbef024d9
0000022ccda9faf9
0000022ccdc2a739
00000459afbfe961
0000000002bcc271
0000000000000181
0000022d73d0b3f9
0000022d9b83db59
0000022da1169919
0000022da116aa19
0000022db7381b59
0000022e0d7e1e19
0000022e3a2de859
0000022e9d36d959
0000022f618888b9
0000022fe0f66c59
0000022ff486d759
000002300482a7b9
0000023042546db9
00000230bf371479
00000230cceb7cf9
00000230cceb8479
00000231b19ab859
00000232729865f9
000002329143b5b9
0000023293c55f59
0000023299e096b9
000002330a4692d9
000002330a46c619
000002330a46d659
000002332b773199
000002336aeaa799
00000233bce815f9
00000233f5699319
00000233f8375e79
000002342600e879
0000023437254a59
0000023445f73f99
00000234c48adcb9
00000234c48af4b9
00000234d853c259
000002355e641739
00000235694c3179
000002358100f759
00000235bd159699
00000235d9f24199
00000235d9f250d9
00000235d9f25219
00000235f53bce59
0000046c502a8461
0000000002bcc271
0000000000000181
000002366eedb0b9
000002369a080619
00000236d6110e79
00000236d6111d59
00000236e9d3f099
000002371cea7619
000002371d85b439
000002372f56f339
00000237761578d9
00000237c50d8039
00000237cd5b65d9
00000237d7e16819
00000237d7e169b9
00000238144aa839
000002389bde29d9
00000238c64e4039
00000238ec0a0759
00000238f7429239
0000023916fc49f9
000002398b665bd9
000002399ccef1d9
000002399d68bff9
00000239c6356ad9
00000239e6c31539
0000023a47e0f9d9
0000023a88849259
0000023adcfbd299
0000023b0d1f24f9
0000023b0f57d3d9
0000023b9b9826b9
0000023bb86022b9
0000023c976523f9
0000023c97652679
0000023cefe51d59
0000023cefe571b9
0000023d03921bf9
0000023d2a47f219
0000023d41129339
0000023d55bc5199
0000023d6d132e59
0000023e020bad79
0000023e87901559
0000023ec16dac19
0000047ef0951e61
0000000002bcc271
0000000000000181
0000023f7c001d79
00000240d3daf839
00000240fe2c5b59
00000240fe2c6fd9
000002414edb5399
00000241b20cedd9
00000241e7247539
00000241e72488d9
00000241e951b539
00000241e951bc99
00000241e95208b9
00000241eb2f4579
0000024247c6e879
00000242af0447b9
00000242dcb0e419
0000024312482179
000002433fb8c1b9
0000024384133ad9
0000024392697e39
00000243bb54b439
00000243d9018339
0000024431ea0139
00000244f57b6519
000002451e08dbf9
000002451e094899
0000024540bbee39
000002457ace3319
0000024593918ef9
00000245faa5a579
0000024624c313b9
000002465d7d0399
000002465d7d0559
00000246a6aef0b9
00000246ac84b4b9
000002478fe8ac19
00000247c8eb9cf9
00000248379aea79
0000049190ffb961
0000000002bcc271
0000000000000181
00000248d5836a59
0000024918e4d5b9
0000024932c2b099
00000249a2676b99
00000249cea8d819
00000249eeefdc99
0000024a405439b9
0000024a4ed634d9
0000024ae0e436d9
0000024ae0e43879
0000024aee1f9c79
0000024b26cf6cf9
0000024b3a85a0b9
0000024b5be4a3f9
0000024c6d31c7d9
0000024c78c10079
0000024cf317b0f9
0000024cf317e419
0000024d0a4047f9
0000024d38b7bfb9
0000024d6a8db659
0000024dac4c61d9
0000024daee9b319
0000024db126a939
0000024e26e17ef9
0000024e3b38b079
0000024e902c9bd9
0000024ec2f51e99
0000024ecd738139
0000024f60b22439
0000024f97c1ad79
0000024fc4047119
000002500709ab79
000002500b399019
0000025062a994b9
000002507e8c0079
000002508a6d8179
0000025107ee9cd9
000002515bc9ba99
000002518c3bed99
00000251fda9def9
000004a4316a5461
0000000002bcc271
0000000000000181
000002522b55db79
000002522dabafb9
000002524a3fc259
000002526889e4b9
0000025275733599
000002531072e579
0000025353d26a19
000002536ab56619
00000253df50d199
00000253df50e879
00000253f5ff45b9
00000253f5ff5ab9
00000253fc292399
000002542a82bfb9
00000254657dc039
0000025489b90e59
00000254ccbcdb19
00000254ccbd32f9
00000254f05a8ff9
00000254f05a9779
00000255588cd499
0000025578092219
00000255a9021ff9
00000255ca559eb9
00000256097bd459
0000025622a5b4d9
000002563ea56199
0000025645996639
0000025683034b39
00000256d21e1c79
000002572c540799
000002580ff0ba19
00000258473fc8d9
0000025852655af9
0000025875362e39
00000258e68cdbb9
000002592acdbb59
0000025932705019
000002596b70ffb9
00000259d564aff9
0000025ab0745a39
0000025ab07471f9
0000025ab0748359
0000025b0972f719
0000025b4517def9
000004b6d1d4ef61
0000000002bcc271
0000000000000181
0000025b716bc279
0000025bbe637ab9
0000025bfdb4b1f9
0000025c0d1df7f9
0000025c56f96c99
0000025cb2a9cd59
0000025d2766b999
0000025d375dde39
0000025d6326af39
0000025d7859e059
0000025d80ac1d19
0000025e1a5da619
0000025f511e1af9
0000025f84a68359
000002604753ca99
0000026097f20919
00000260b5222c99
00000260cbeaf0f9
00000260f0e6c979
00000261105e0919
000002612e2bd9f9
00000261412c0b39
000002614f72b479
0000026155856999
00000261576c3899
00000261ab721379
00000261c8401159
00000261d5631e59
00000262811179f9
00000262dc6a5c99
00000263144f7559
000002631ece6199
00000263448b37f9
000002638905a2d9
0000026432acdff9
00000264744a71d9
000002649c840ab9
000004c9723f8961
0000000002bcc271
0000000000000181
000002652413ad59
0000026529f54299
00000265760e8299
000002659ee424d9
000002661b2c08d9
00000266dd8cf2f9
00000266e6b30b59
00000266fd2b0459
0000026740023dd9
00000267c61c0979
000002682f52ed39
00000268923d16f9
00000268a4ffdc99
00000268c0415099
0000026903152f19
00000269031530f9
0000026916738dd9
00000269786cad59
000002699c34a659
00000269a4b185d9
00000269def242d9
0000026a3646e019
0000026a36472a39
0000026a9ea9d3d9
0000026aa01a6b39
0000026ad50f1f39
0000026aeae87319
0000026b0b9d8159
0000026b29445499
0000026b2efd07d9
0000026b6ef7feb9
0000026b8c373819
0000026baf2dc319
0000026c40aa4559
0000026c40aa4919
0000026c40aa4999
0000026c40d49a19
0000026c4ee71919
0000026c7a3a2059
0000026c8aee7bf9
0000026d1d84c139
0000026d2d472819
0000026dc0cc1739
0000026dd1663759
000004dc12aa2461
0000000002bcc271
0000000000000181
0000026e3e9c7479
0000026e72f95119
0000026f0e1fce79
0000026f27f6f6b9
0000026f55cb6f59
0000026f941994f9
0000026fed0b5e59
0000027028ebc559
000002703f64bbd9
000002705590d3f9
0000027062925919
0000027079f561b9
000002711e99d7f9
00000271a78f1e19
00000272205b4e39
0000027283073599
00000272841da2f9
00000272845f6519
00000272a7d5e099
00000272a7d63999
00000272fe7fc939
0000027323d54219
00000273712b5459
00000273cb5f2599
00000273f03b2d99
00000273f0733539
0000027408080c39
0000027408082179
0000027461003399
0000027461004a19
00000274cecf9499
00000274da572f59
00000274ead3cf39
00000274ead3faf9
00000275013f6cb9
000002755d2731b9
00000276b04b32d9
00000277174e8499
000002774c886499
000004eeb314bf61
0000000002bcc271
0000000000000181
00000277d06b6139
00000277d66fe979
00000277e1db2459
00000277e1db8399
000002786aec5299
0000027871dc3979
0000027871dc57d9
00000278b33371f9
00000279ac615919
00000279b5b9b659
0000027a2f438179
0000027a92adf439
0000027a96f22cb9
0000027a96f24039
0000027ac4b60719
0000027ac4b68dd9
0000027ac4b68f79
0000027aec7cbe39
0000027b34497619
0000027bcc759439
0000027bd0a8bab9
0000027c17bccc19
0000027c78e96119
0000027c78e971f9
0000027c92c916f9
0000027c98cd0c59
0000027ca0be8a59
0000027caa52c319
0000027cdbede039
0000027d5c6755f9
0000027dce4cb3d9
0000027dfdadb779
0000027e69cb26b9
0000027eb11b48d9
0000027ec8c2e779
0000027ec8c2e939
0000027ec8c2f939
0000027ed3c2f639
0000027f018be3f9
0000027f7595c599
0000027fda865979
000002806d98c219
000002809c9e8df9
00000501537f5a61
0000000002bcc271
0000000000000181
00000280cb21a619
00000281b7a80c39
00000281b908faf9
00000281c8500119
0000028280d6f079
0000028281154899
000002829c89fcb9
000002829e106df9
00000282a02867b9
00000282cea0b3f9
00000282ddae06d9
0000028322293a59
00000283867365f9
0000028395dec1f9
00000283b766a039
0000028409c30d39
000002842285b759
000002842285c859
000002843761f479
000002847e41cd19
0000028572a2a139
0000028590eaf879
00000285ac88d979
00000285d7364459
0000028642207a59
00000286592bf1f9
000002865a8017d9
000002866c1d8c19
000002866f47d7f9
0000028700b01099
000002872227fc19
000002878508ddd9
00000287d02a11d9
0000028822721ad9
000002882bfdbed9
0000028867ddf359
000002897a46fb59
0000028985281239
00000289eb3ae919
00000513f3e9f561
0000000002bcc271
0000000000000181
0000028a11966b99
0000028a167dde59
0000028a3eafb859
0000028a945ce819
0000028b2a2c8bd9
0000028b5576a6f9
0000028b9d342619
0000028bb5fc9c39
0000028bb5fcaf59
0000028bcdf27e79
0000028beb459fd9
0000028bfebcddf9
0000028bfebcf159
0000028c1d634779
0000028c40836079
0000028c73b15339
0000028c769bc079
0000028c8627a359
0000028c9f627999
0000028ca9458359
0000028cbe1867f9
0000028cf2386c99
0000028d33a18f39
0000028d44b64e19
0000028d5ce3d8d9
0000028d7afdb179
0000028d9d1467b9
0000028d9d148479
0000028d9d14d359
0000028d9d14dbd9
0000028debf50df9
0000028debf524b9
0000028e9da0c199
0000028ece0f2859
0000028efd2f20f9
0000028f32141719
0000028f3c09da39
000002903a3e0459
0000029045a610d9
00000290cc7702f9
00000290e6b2fad9
00000291224bc919
00000291388b1819
000002919bb45ed9
000002919bb47279
000002919bb472f9
000002919bb47439
00000291d0c0d539
00000292a8a97a39
0000052694548f61
0000000002bcc271
0000000000000181
0000029365bb1c99
00000293792b5519
0000029437fd36b9
0000029462e15f59
0000029490a2ffb9
00000294a3590819
0000029501d23379
000002954b7820f9
00000295b9e26459
00000295b9e2b0d9
00000295c549cb39
00000295c8a003f9
0000029620e655b9
0000029620e66b79
0000029657a0eb19
0000029696ffd5d9
00000296afc7a839
00000296dd7126f9
000002970b5eccb9
00000297179eb019
000002973690f379
000002978a729399
00000297993d52d9
00000297adce7a79
00000297d05d2479
00000297e85782b9
00000298c9e7f299
00000298c9e7f319
00000298c9e7f9f9
00000298c9e80599
0000029971b47cb9
0000029985391199
00000299cc0654d9
0000029a52fdbdf9
0000029a742e0f39
0000029aaea78119
0000029ac7503279
0000029ac75032f9
0000029ac7505bf9
0000029adb47aab9
0000029ae0f3aa99
0000029b47611b39
0000029bb95aa199
0000029bc3cd9179
0000029be5013bf9
0000029c70e28cb9
0000053934bf2a61
0000000002bcc271
0000000000000181
0000029d7a098d39
0000029d7a09a999
0000029d7a0a02b9
0000029d900393d9
0000029e8202f1f9
0000029e8ba0f7d9
0000029e9329eef9
0000029ea687d759
0000029f71442bb9
0000029ff2a13df9
000002a012fc60f9
000002a0170b6df9
000002a02fcb02f9
000002a034082259
000002a09a901179
000002a13e182479
000002a16b47e4d9
000002a19110bc19
000002a2aae36479
000002a2b8306f19
000002a2c9928899
000002a3087629b9
000002a34de44b59
000002a34de45bd9
000002a34de45cb9
000002a389093d39
000002a3e48acf59
000002a426a43f39
000002a426a45019
000002a4837fc7f9
000002a49b84d559
000002a49b84d6f9
000002a4f0c44bf9
000002a4fb0d1af9
000002a58ea24919
000002a591396a39
000002a5a43f6b19
000002a5adf93059
000002a5b365ce39
0000054bd529c561
0000000002bcc271
0000000000000181
000002a63ee64379
000002a64a3b1579
000002a6dc7da319
000002a6eced0359
000002a70fb0d1f9
000002a7576be199
000002a7576c4e39
000002a7759f39d9
000002a818c04ed9
000002a84046c139
000002a8ad638d59
000002a91e2e8ad9
000002a91e2e9c39
000002a95c202179
000002a977ec45b9
000002a97cd80099
000002a9b5287c79
000002a9b528e359
000002a9d31dd2b9
000002aa017b1fb9
000002aa017b33f9
000002aa4ea94199
000002aa4ea952d9
000002aa4ea95459
000002aa773c18d9
000002aa8db10539
000002aa8db11219
000002aa8db12359
000002aa8db12699
000002aaaba36939
000002aaaba37119
000002aaaba38059
000002aac30f4919
000002aac30f4af9
000002ab72bb1799
000002abbd994119
000002abbf4eaf39
000002abff22e7d9
000002ac02794459
000002ac1ab6f719
000002ac51818ab9
000002acdaaff2d9
000002acdd120499
000002ad24b4aa99
000002ad8b8e85b9
000002adac3b5459
000002adac3bd0f9
000002ae27a5da59
000002ae71d84b39
000002ae9722adf9
000002aea0f17899
000002aecf9e9539
000002aed2b6a1f9
000002af10e8a0d9
0000055e75946061
0000000002bcc271
0000000000000181
000002af510038d9
000002af587e6299
000002af92867379
000002afa78f9779
000002afa78fb6f9
000002b02434ed99
000002b02a09ccb9
000002b049ed6239
000002b06904d259
000002b0f207e759
000002b104e2c639
000002b104e2d759
000002b17748ae79
000002b177492719
000002b2113571f9
000002b211358eb9
000002b21ee403b9
000002b274caf4d9
000002b2820ea8d9
000002b2c5bf8f79
000002b2d8823dd9
000002b30b0e3859
000002b3abf7b339
000002b3b78c9e39
000002b3c305be99
000002b3eaa311d9
000002b41641abd9
000002b4259a3f19
000002b466f7c859
000002b467916039
000002b4de3ce4d9
000002b5158d44f9
000002b540ee23d9
000002b565015e99
000002b5b8550d79
000002b60a57d1d9
000002b613fc9e59
000002b629350db9
000002b63bc94879
000002b6831b3179
000002b7069f8df9
000002b7103c5a39
000002b7103c6079
000002b7103c6d19
000002b7a2b32fb9
000002b7d02ccf19
000002b8378fc7d9
000002b83ae28659
0000057115fefb61
0000000002bcc271
0000000000000181
000002b8ba59c719
000002b908349c79
000002b926b9b6b9
000002b949a50679
000002b949a521b9
000002b9a871d519
000002b9dd205ad9
000002ba14620b59
000002ba2c71e159
000002ba9599ef39
000002ba9599f0f9
000002bb126bae79
000002bb64a37e39
000002bb64a386d9
000002bba5fbbe99
000002bbd9deb839
000002bc28953ab9
000002bc40e90e19
000002bc41a85dd9
000002bccb7a3419
000002bd2631f259
000002bd28afd1f9
000002bd368fdf99
000002bd368ff2b9
000002bd481239f9
000002bdd460e8f9
000002bde0682339
000002bdf86d2179
000002be4eb7d939
000002be4eb7f119
000002be692f5679
000002be8015f619
000002beff06f3f9
000002bf8468a619
000002bf8cd0b479
000002bf8cd13f79
000002bfb46ad5d9
000002bfbadd9bd9
000002c03dd1a399
000002c085a5f359
000002c121267559
000002c12f657f79
000002c132f43939
000002c132f44eb9
000002c1670f7899
000002c19fe5f699
000002c1b59aeb39
000002c1c8671b39
000002c1c99992b9
00000583b6699661
0000000002bcc271
0000000000000181
000002c289085179
000002c31cad00b9
000002c31cca0c79
000002c31cca0e59
000002c3934a18d9
000002c39a849339
000002c43a7e0c59
000002c49bd9f919
000002c49bda23f9
000002c4a48fb899
000002c53e1bbab9
000002c541b95a39
000002c543a4ee39
000002c58c993639
000002c5b57a1319
000002c5b57a2699
000002c5cae30d19
000002c5d6013719
000002c61b1e95d9
000002c61b1e97b9
000002c61d0169b9
000002c622a1a679
000002c69968cf39
000002c6aaec81f9
000002c6cc944679
000002c72f050e19
000002c7c5552d79
000002c84a1bc9d9
000002c87bf4f819
000002c8e3ec4b59
000002c8fba87059
000002c9001baab9
000002c90d20a4b9
000002c95bb2f219
000002c9874efc19
000002c9874f0379
000002c98a8a8fb9
000002c98a8a9199
000002ca0ef21dd9
000002ca0ef27e99
000002caac2bc2b9
000002cae9970a59
0000059656d43061
0000000002bcc271
0000000000000181
000002cb9002a659
000002cc003845f9
000002ccf2a1f319
000002cd2a2e3979
000002cd5840a2f9
000002cd58590919
000002cd74e675f9
000002cdc2d08b19
000002cdc8b7c3b9
000002cefab90ab9
000002cf38c8e3f9
000002cf59803db9
000002cfd4470ef9
000002cfd4472679
000002cfda908779
000002cfe0634359
000002d02ff1a039
000002d05e0dc699
000002d0640c90d9
000002d0aac2c8b9
000002d0ae24b239
000002d0f0a60459
000002d0f0a60619
000002d17acdb399
000002d1bcb11d19
000002d201ddb959
000002d2166bfc99
000002d253c46d59
000002d3085b6e59
000002d36c7df859
000002d40dec8cb9
000002d40dec9f59
000005a8f73ecb61
0000000002bcc271
0000000000000181
000002d49c6fdc99
000002d4cf41c1f9
000002d4eb063a59
000002d4f5840ad9
000002d559a62099
000002d58bf81c79
000002d5a443ed19
000002d5a443eef9
000002d5c510a719
000002d5e0d761f9
000002d6797db059
000002d6797dc5f9
000002d69275aa19
000002d6a19dc459
000002d6bce289f9
000002d6bce28b99
000002d6eae43059
000002d6fe6ffcd9
000002d71bd2a499
000002d7395a6519
000002d7395a8459
000002d75b637cb9
000002d75b638479
000002d75b638ad9
000002d75b639c59
000002d75b63d539
000002d75be4eed9
000002d79e82b279
000002d7b37a5b39
000002d8047f68d9
000002d820189779
000002d8536b0d59
000002d8536b0eb9
000002d8843cc219
000002d88baaaff9
000002d8ace9f019
000002d8acea4859
000002d918d8c459
000002d94fc88b99
000002d98d054e59
000002d9aa82e179
000002d9bee881d9
000002d9cb9a4919
000002d9ebb3e0f9
000002da104dcf19
000002daba6c2f59
000002db68a745f9
000002dba1b7b479
000002dbf5f14219
000002dbf5f143b9
000002dc8aed8459
000002dd0688aff9
000002ddbd2340f9
000005bb97a96661
0000000002bcc271
0000000000000181
000002de82799359
000002de876f5099
000002de876f5239
000002deee111819
000002df2a352919
000002df3d5090b9
000002df7441b699
000002df744266f9
000002df8eb509d9
000002dfa3bb8c59
000002dfa8c09139
000002dfaeb64a99
000002dfb6f4ae79
000002dfb9624239
000002e02720d779
000002e0ea5a5e39
000002e1259ae099
000002e126bc4ad9
000002e17797d8f9
000002e22762bad9
000002e22762c1d9
000002e25fdc5e19
000002e28d22c8b9
000002e2adf19079
000002e3f8e08b39
000002e3fd718439
000002e425785999
000002e425787519
000002e433c59e59
000002e468673139
000002e4d5007939
000002e4d5009839
000002e4d5009e99
000002e4dadfad99
000002e4dae02c19
000002e53ff89c59
000002e5ee5590f9
000002e62ef60159
000002e642382139
000002e6616b5059
000002e67fb131f9
000002e6862f9ab9
000002e6862ff139
000002e6a67fb759
000002e6a67fd7d9
000005ce38140161
0000000002bcc271
0000000000000181
000002e7cdc118f9
000002e82bba0279
000002e83448c5b9
000002e8530270b9
000002e855df8479
000002e855df8659
000002e8793606b9
000002e879365c59
000002e89bc8a359
000002e8a03b2b19
000002e8d1ee63f9
000002e8f94d0b39
000002e8f94d0cf9
000002e944c7e0b9
000002e99b5b8839
000002e9b8b86cb9
000002e9bbe94d79
000002e9d13617f9
000002ea0959afd9
000002ea977dc499
000002eab515e199
000002eaffbfb339
000002eb566eea39
000002eb70d4adf9
000002ebce88af79
000002ebddb37219
000002ec7d4338d9
000002eca66f32f9
000002eca66f3db9
000002ecc80b9799
000002ed49d293d9
000002ed8e8d5399
000002edd5e9f679
000002ede4209e79
000002ede8223039
000002edfedb5099
000002ee459a3a99
000002ee459a4e59
000002ee8c1ad7d9
000002ee8e78fd19
000002eeb17acab9
000002ef1ad6dfd9
000002ef9f7989d9
000002eff43e40b9
000002f0105ec0d9
000002f03d673a79
000002f03d6749f9
000005e0d87e9c61
0000000002bcc271
0000000000000181
000002f076c662b9
000002f0791a2019
000002f0cba2d2b9
000002f0cba2d5b9
000002f14028d559
000002f158cafef9
000002f158cb10b9
000002f159caea39
000002f15c8c1059
000002f15c8c22d9
000002f1e7222259
000002f1ec7c7779
000002f21d112139
000002f248097c59
000002f249dae719
000002f266ad45f9
000002f266ad6399
000002f2998ff4b9
000002f3cc79da39
000002f3dded6fd9
000002f40e065fb9
000002f41163fb59
000002f4887487d9
000002f4b3043539
000002f4b8190e79
000002f4badbdad9
000002f534f79299
000002f595f78859
000002f5b34d8799
000002f6198cca59
000002f642220e99
000002f65d0f3bf9
000002f6e7621979
000002f75b08b2f9
000002f79d032219
000002f7fe0eac19
000002f809fae979
000002f875972879
000002f875973859
000002f89c0ed4b9
000002f8bda56599
000002f8bda56e59
000002f8f8fd7559
000002f9440f4b39
000002f95a383bb9
000002f98c42ecd9
000005f378e93761
0000000002bcc271
0000000000000181
000002f9c7ddf259
000002f9ceaf3b19
000002fa21e5c959
000002fa5d3e6639
000002fa8c452679
000002faf3360e79
000002fb137b7fb9
000002fb354c3f99
000002fb354c46f9
000002fb354c5439
000002fb354c54b9
000002fb3639fcb9
000002fb363a24f9
000002fb56b10519
000002fb760f9bb9
000002fb936d0539
000002fb9e551cf9
000002fbae18ddb9
000002fbae195eb9
000002fbeed55319
000002fc0d0c1f19
000002fceacb31f9
000002fd92744e39
000002fd9f1b36d9
000002fdc7b5e2d9
000002fdd2a1c3b9
000002fde5800699
000002fdf4a77159
000002fdf4a77319
000002fdfbbf3f79
000002fe0ab31c39
000002fe2685f199
000002fe5f4c3499
000002fec782e759
000002fed7545d39
000002fef90ea5f9
000002ff41190499
000002ff8f8b2e79
000002ffede2a3b9
00000300147e8e79
00000300c7a62e59
00000300ce106659
00000300e00df899
00000301298f6079
0000030138f0f2f9
0000030185dcd7b9
00000301d3bc4b79
000003024c91b4d9
000003029bfb34f9
00000302b1e3ca59
00000302d4461eb9
00000302ec1c1139
000006061953d261
0000000002bcc271
0000000000000181
0000030363ad50b9
00000303aa9d0899
00000303be5bead9
00000303c758b919
00000303ff55c6b9
000003040ce7f759
000003040ce816d9
000003045fe88e99
0000030466e9d439
00000304b7abb539
0000030531a4cf99
0000030578b77299
0000030592c9ba99
00000305f12380f9
000003066c3851f9
0000030708ba2399
00000307858b7a59
00000307b1f02679
00000307b499ca79
00000307b499de79
00000307cb699c59
00000307d10aaf39
00000307d9466d99
000003081eee66b9
00000308acdceaf9
00000308afaa2099
00000308f9d256b9
000003090216bc19
000003090216eb59
00000309021717f9
0000030968ab82b9
0000030969bb54d9
000003098d2c6e79
000003098d2c8039
00000309b0fa6cb9
00000309dd96ccd9
00000309ddedc2b9
0000030aab1bb339
0000030acdfa2779
0000030acdfa3899
0000030af765cc99
0000030b9c96fdf9
0000030bba0330b9
0000030bc28b4379
0000030be21b2619
0000030c18c869f9
0000030c1ff94a59
00000618b9be6d61
0000000002bcc271
0000000000000181
0000030cacc4aef9
0000030d4c9720b9
0000030d59b83959
0000030e077aa2b9
0000030e243297b9
0000030e582f9ff9
0000030e582fbcb9
0000030e5f3f4459
0000030e806ecfd9
0000030e95420439
0000030f573fe239
0000031020250299
0000031020251319
000003104a586ed9
000003104ace2219
0000031080423a99
00000310a82e1d59
00000310c7393479
00000310c73963b9
00000311500703b9
0000031150070659
0000031195cb1379
00000311f4444cf9
0000031213af3cf9
000003124c109b99
000003127629d759
00000312944327d9
000003135ad29499
000003135ad2c8d9
0000031397014599
0000031429289a19
00000314785198b9
0000062b5a290861
0000000002bcc271
0000000000000181
00000316652aff79
00000316cf07ccb9
00000316f2e962d9
00000316f42e4359
000003170f04b199
0000031729ebec59
000003172de5bc59
0000031790f94379
0000031790f95779
00000317b6c509f9
00000317f4524339
00000317f4525499
000003194e0c4359
00000319d2c34279
0000031a0ca63199
0000031a6f9f2bd9
0000031aadedf999
0000031ad2246b59
0000031adbdcda79
0000031ae8515c39
0000031ae8515dd9
0000031ae8516fd9
0000031ae85190f9
0000031b3ecfbd79
0000031b747bd799
0000031b7a3656f9
0000031b8592e879
0000031bbf72e1f9
0000031c2684a699
0000031c5d24c5d9
0000031c8d802679
0000031c8dc82459
0000031ca5359259
0000031d224cc0d9
0000031d2fe16cd9
0000031d2fe180d9
0000031d4dfacdb9
0000031d7aec1e39
0000031dbb578f59
0000031e001b44f9
0000031e30fbe099
0000063dfa93a361
0000000002bcc271
0000000000000181
0000031fc00193d9
0000031fc001e0b9
0000031fc001f119
0000031fe05987b9
0000031ff6667259
000003205a9959f9
000003205b859e59
000003205b85a5d9
000003205b85b419
000003207d796eb9
00000320969431b9
00000320ace51f19
0000032148d14319
00000321e55209d9
0000032269a9ec39
00000322adb981f9
00000322d09d5c39
00000322d09d73d9
000003232e318539
000003235d405bb9
00000323ddcda939
0000032479f01199
00000324f01525b9
0000032507ca67f9
0000032565422079
00000325a9f60899
000003266dfb1dd9
000003268cf6ff99
00000326c2c6b219
00000326c2c6b3f9
0000032704a5a599
0000032753bfc8b9
0000032753bfca79
000003277c7aa979
0000032803aba7b9
000003283cb2bd59
000006509afe3e61
0000000002bcc271
0000000000000181
00000328955aa079
00000328a4bd5919
0000032932bfa2b9
00000329344516f9
00000329a39f7ab9
00000329b08eea19
00000329b08f4af9
00000329b5831019
00000329bd032019
00000329bdb3ac39
00000329bdb3fd79
0000032a25350599
0000032a253516f9
0000032ad8ceb3d9
0000032b1128e7f9
0000032b32eed639
0000032b338d2fb9
0000032b6c8f1459
0000032b6c8f3219
0000032b876ee779
0000032ba745b0f9
0000032bc2cffd59
0000032bc8f21cb9
0000032bca2fcef9
0000032be2e246b9
0000032be2e24879
0000032c1ee2f999
0000032c4e241799
0000032cf1f633d9
0000032d5611f999
0000032d56295559
0000032dc47c73f9
0000032dddea4c19
0000032e1eda38d9
0000032e7dc2b879
0000032e7dc2cd79
0000032ea2e6c499
0000032ea2e6def9
0000032ebcbce959
0000032ec82d0459
0000032ed54278f9
0000032f2bf2c719
0000032f3c7dd059
0000032f3c7de199
0000032f419a40b9
0000032f419a5779
0000032f7d0f1a59
0000032f99a2e039
0000032f9db3a139
0000032fc2b8dd79
0000032fc821ef79
0000032fcd858cb9
0000032fed085519
0000032ff5a77d59
0000032ffb95d6b9
0000032ffb95ecd9
00000330281ec899
00000330281edd19
00000330c8ce1e39
00000330f25652b9
00000330f256cf79
0000033102ce2499
000003311bc5f6b9
00000331486422b9
000003314ea93bd9
0000033151d5a6f9
000006633b68d961
0000000002bcc271
0000000000000181
00000331d524ef19
000003320e8df519
000003320e8e42f9
000003322cc08419
000003323e49f859
000003325ee66799
000003325ee685b9
00000332abf076b9
00000332ac9a9099
00000332cb8354d9
000003336454c899
0000033375de7739
00000333ea1bbf19
000003341a87f6f9
00000334665b5dd9
00000334a810c9d9
00000335211b0259
0000033533874b19
0000033533874cf9
0000033533d84df9
000003354c64ab39
00000335af8df9d9
00000335af8e64f9
00000335b5af81f9
00000335d2692179
0000033617858959
000003361b2db019
000003365a562379
000003365be316b9
0000033660544059
00000336662b6ef9
000003369531a479
00000337664eded9
000003377285db39
000003377812f319
00000337d9e8c3d9
00000337dd6bbb19
00000337dd6be259
0000033858bf7879
0000033864d00219
00000338ab9076b9
00000338c0ad4799
00000339aff86f79
0000033a832de499
0000033aae040459
0000033adab5b5d9
0000033adab5b779
00000675dbd37461
0000000002bcc271
0000000000000181
0000033b31b86359
0000033ba49045b9
0000033bd056f9d9
0000033bd96bac99
0000033c6ae9e119
0000033cbe918c79
0000033d48a78179
0000033d79d8abf9
0000033dc59e7899
0000033deb592999
0000033df9f71639
0000033e22f878d9
0000033e7c2a2ef9
0000033e8ede9b79
0000033eb6fbf2b9
0000033f79499f79
000003405fb8e4f9
00000340829509b9
00000340896edd79
000003410b7b81b9
00000341727a8d39
00000341727aa079
00000341a92d3459
00000341ac23bcd9
00000341d9efa6f9
0000034272f18e19
00000342d6eb5419
00000342dd1c5d99
00000342dd725c59
00000343896d1019
00000343b64501b9
00000343f49329b9
00000343f6a9e059
00000343f6a9f319
00000343fefc1379
000006887c3e0f61
0000000002bcc271
0000000000000181
0000034524082b59
0000034529e083d9
0000034542a6ebd9
00000345572840b9
000003456bd93b99
000003464897f379
0000034648984b19
00000346a2eb8c19
0000034738f4ccb9
0000034744681c39
000003474d6d89b9
000003474d6de319
00000347f2b67379
00000347f2b6f139
0000034806245339
0000034828b91639
0000034851920219
00000348519211d9
00000348fd5f9919
000003491b175039
0000034929cd6ff9
000003497fe016f9
000003497fe027d9
00000349c8227d59
0000034a4a50d339
0000034a604a5db9
0000034a6a4d67f9
0000034aa4c50339
0000034b0ce46a39
0000034b15ca3139
0000034b59ca3479
0000034b7c411259
0000034ba91472b9
0000034be06c5719
0000034c3395b739
0000034c85367379
0000034cef2a0ff9
0000034d6b90dad9
0000069b1ca8aa61
0000000002bcc271
0000000000000181
0000034dd469d7b9
0000034e2dd1de19
0000034e79c4a739
0000034e7c0cd159
0000034e9164bdb9
0000034ec487f419
0000034ed4225219
0000034f05541ff9
0000034f067ef799
0000034f0b36a1b9
0000034f0b36b4b9
0000034f1f18fb19
0000034f335a6679
0000034f41acbf79
0000034f72dc2f39
0000034feafad7d9
00000350090a81f9
00000350090a9799
000003504bd5d7f9
000003505d285bd9
0000035062c388d9
00000350acfc08d9
0000035172d2d779
000003517499b079
00000351775471d9
00000351796830f9
000003517ad665b9
000003517b7e4759
00000351b302a2d9
0000035214ea3b59
000003522f193fd9
00000352db268799
00000352e761a539
000003531a18e779
000003531a18f779
000003531ff88139
0000035352dd6ef9
0000035352e78cd9
0000035352e7a119
000003538629b1f9
00000353af20ce99
000003542b011199
000003548bc9e2f9
00000354b8acc2b9
0000035542b3a959
00000355de07f259
0000035685871559
000003568ace45b9
000003569ffb3db9
000006adbd134561
0000000002bcc271
0000000000000181
00000356f2ec4dd9
00000357075d5ad9
0000035776706b99
00000357c5384399
00000357d65c5219
00000358137dc079
00000358137dc219
00000358137dc7d9
00000359225df2f9
0000035924f6e779
0000035924f70439
000003598c7b7119
0000035a10370659
0000035a64259979
0000035a6425a759
0000035a8eecf799
0000035a8eed0b39
0000035a93b02f79
0000035ab7b13ef9
0000035ab8430479
0000035ad20b3e79
0000035ad20b47b9
0000035adddd5259
0000035b206e4799
0000035b35085df9
0000035b440b9939
0000035bc6254dd9
0000035bc6255fb9
0000035c2222f719
0000035c2222fe79
0000035c5cf4cf39
0000035c81d0c999
0000035d3f276019
0000035d3f798219
0000035d5e437c79
0000035d9c9fb959
0000035db4524b39
0000035df723f519
0000035e2d953f99
0000035e88db4e79
0000035f08c17619
0000035f53556519
0000035fec999ef9
000006c05d7de061
0000000002bcc271
0000000000000181
000003609a1d7b59
000003610dda9279
0000036132cf8119
0000036156187959
0000036163c290b9
00000361c1a9d359
0000036208fbf5f9
000003623aa58f39
000003624e4bbb79
000003625a5f8199
0000036284e89239
0000036317dcc6d9
000003633e4ee939
000003633e4efb79
000003633e4efcf9
0000036383c2ec39
0000036383c2f4b9
000003645c032619
000003646ebcc839
0000036471dac299
00000364eac4c9f9
00000364fa73e1d9
00000365559fee99
00000365c3f94199
00000365d0338799
00000365fafdf7b9
0000036600aaee39
000003665862d1f9
00000366a2d7a4b9
00000366d0f9b579
00000367fa492a99
0000036820dfc1b9
0000036820dfec39
0000036863ebab59
0000036887f4d0f9
000003691938ce99
000003691cdd0139
000003691e0d02d9
00000369465fd659
00000369465ff7f9
000006d2fde87b61
0000000002bcc271
0000000000000181
00000369e648e659
00000369e648f699
0000036a0d440bb9
0000036a0d442b39
0000036a0d4444f9
0000036a0d445eb9
0000036a1c7cb8b9
0000036a352c4a99
0000036b830c02d9
0000036b945bff19
0000036bc88c41f9
0000036c1301bb79
0000036c1301bd59
0000036c1301d4d9
0000036c28548999
0000036c28549239
0000036c381e12f9
0000036c68755b59
0000036c7ba9f4b9
0000036cb2b5db79
0000036cc1a85eb9
0000036cedc5ec19
0000036d3c0a8ad9
0000036d42861719
0000036d918df119
0000036d918e6579
0000036db271e619
0000036eb0331cf9
0000036f1c95ae59
00000370ea888ff9
000003710626a2b9
000003722de101f9
000003723a82e3d9
0000037242c8ab99
000006e59e531661
0000000002bcc271
0000000000000181
000003737104db39
000003737ed6d239
00000373d8a67279
00000373e7caf739
00000374071699b9
0000037418b47359
000003745f5a7079
000003747667d1d9
00000374db03cc79
0000037520349979
000003753290fa39
00000375cb4fd899
0000037613364a99
00000376859598b9
00000376ed872099
0000037704f32179
0000037704f331b9
000003778af85c79
000003782bc23739
000003785ac67a59
00000378d5e76cd9
00000378d957dd79
000003790e16b779
000003790e16c599
000003796dfd2bf9
000003799d0fa4d9
0000037a03119ef9
0000037a2aa83fd9
0000037a436f9859
0000037a77793459
0000037a9034d459
0000037ad4339639
0000037afcd7eeb9
0000037b2e628a79
0000037b6f862679
0000037b70f1e3d9
0000037bd7dd6cb9
0000037bffd411b9
000006f83ebdb161
0000000002bcc271
0000000000000181
0000037c363ff179
0000037c59ab6eb9
0000037cbcdd6d19
0000037d7612e6f9
0000037db837ddb9
0000037dbaa3d7d9
0000037e188db419
0000037e2ece2519
0000037e2ece92d9
0000037e61df4e59
0000037e72270ef9
0000037e80dc08f9
0000037ef083e9b9
0000037f33678099
0000037f60e4e079
0000037f7dc33ab9
0000037f7fb09279
0000037fc7eed079
0000037fc7ef3599
0000037fdcfb17f9
000003803b3f7539
0000038070358679
00000380e8f41039
00000381a0e9f819
00000381bd6ed419
00000381ff39f559
000003820e28fcf9
0000038210069779
00000382325f2699
0000038250245319
00000382f59eb399
00000382f7bf0ad9
0000038304d9c979
000003833e612479
000003836ec97679
00000383b4e8ac59
00000383c98f1079
00000383d39b23b9
000003843105ee79
0000038439556359
00000384d9ece299
00000384e2c748d9
00000384fb887df9
000003853180e0d9
0000070adf284c61
0000000002bcc271
0000000000000181
00000385806cecf9
000003860d7d84d9
0000038682a4eed9
00000386a872a8f9
0000038704a561b9
0000038706b417d9
000003870ec47ef9
000003874b8264b9
00000387701042b9
00000387811001f9
000003879d1d82b9
0000038894fc08b9
0000038936ef8d99
000003897aa61139
0000038997bd4db9
00000389da389eb9
00000389da38ae59
00000389da38bcb9
0000038a110ee4b9
0000038a7fb80159
0000038b8eddd719
0000038baef1d5f9
0000038c467ee7f9
0000038c6c606099
0000038ccc386bb9
0000038d25e704f9
0000038d46fee339
0000038d4a0dddd9
0000038d5da31c79
0000038da4c20e59
0000038da5d4f259
0000038dab44f619
0000038dd4a25479
0000038dd561b9f9
0000038dd7bc4379
0000038e0b5d8439
0000038e0b5d9759
0000038e0b5da739
0000038e57b4b699
0000038eb5545139
0000071d7f92e761
0000000002bcc271
0000000000000181
0000038ed2ab3ef9
0000038ee8f372f9
0000038ef45c5179
0000038ef45c6859
0000038ef9a84f79
0000038f0020cbb9
0000038f0020de79
0000038f03c3d299
0000038f1b272a19
0000038fafff75d9
000003907982efb9
00000390d674ff99
000003910a65dd59
0000039123d694d9
000003912a6d7299
0000039145b661f9
000003917ddbadf9
000003918992ec59
00000391c3d68ed9
000003928f3b5cd9
000003928f3bbe39
00000392e8923ad9
0000039322d2aed9
0000039322d2c6d9
00000393346087f9
00000393d8c03799
00000393e5a0e399
000003942f9af379
0000039441484599
00000394623e51d9
00000394800cacb9
00000394800cba99
00000394800cbb19
0000039491fdc5d9
000003950ab82a19
0000039557cba639
000003955d6a3779
000003955d6a37f9
000003959f825199
000003964fb99739
00000396921bb0f9
00000396a7b58319
00000396e70699f9
00000396e706be99
000003971fa7b1b9
0000039723bdbd39
0000039764b08e99
00000397a11fa0f9
000007301ffd8261
0000000002bcc271
0000000000000181
0000039833ff75b9
000003983d0a01b9
000003983d0a0fd9
000003989c2d8939
000003989c2d9c39
0000039982a78e99
00000399d5c01ed9
00000399d5c02f99
0000039a2fa8fa59
0000039a3554da99
0000039a550dbaf9
0000039a5c10d959
0000039ad147d8d9
0000039b35cb4599
0000039b50aabcf9
0000039c62891e99
0000039cc98ac739
0000039d62541259
0000039d83e99d99
0000039d8fbf7419
0000039d9f16d279
0000039dff2c4679
0000039e47ce7fd9
0000039e52df9399
0000039e60090d19
0000039e8d7d4699
0000039efd3061d9
0000039f0f84d259
0000039f0f84f1b9
0000039fc9680619
000003a039e766f9
000003a0b306bcf9
000003a114d9fc79
000003a1314fdc99
00000742c0681d61
0000000002bcc271
0000000000000181
000003a1863ef639
000003a1d939a1b9
000003a1ed3e93d9
000003a228141a79
000003a269803299
000003a26d5e2139
000003a28eb32319
000003a303861659
000003a3038666b9
000003a366e37e79
000003a381e9d739
000003a3a632ec59
000003a3bda7f4b9
000003a3d029a719
000003a40c430859
000003a4b8d90399
0000074a1ca21661
0000000002bcc271
0000000000000181
