[MCS8 A] 97 FW 3.104 SV 1.257 
range=1024
periods=2
sweepmode=27e20d0
fstchan=0
holdafter=0
streamstatus=3
calreg0=0
calreg1=0
calreg2=0
calreg3=0
swpreset=8000        
prena=1
syncout=0
cycles=18
sequences=1
tagbits=16
vdac0=92c
vdac1=807
vdac2=8c8
vdac3=8c8
vdac4=8c8
vdac5=8c8
vdac6=8c8
vdac7=8c8
timepreset=150.000     
digio=0
digval=0
autoinc=0 
savedata=2 
mpafmt=asc
sephead=0 
fmt=asc
smoothpts=5 
[CHN1]
REPORT-FILE from 07/27/2026 12:32:33.101  written 07/27/2026 12:32:33
cmline0=07/27/2026 12:32:33.101 
cmline1=A1
range=1024
active=1
bitshift=4
cftfak=2580100
evpreset=10          
roimin=0
roimax=1000
caloff=0.800000
calfact=12.800000
calfact2=0
calfact3=0
calunit=nsec
caluse=1 
[CHN2]
REPORT-FILE from  written 07/27/2026 12:32:33
cmline1=A2
range=1024
active=0
bitshift=4
cftfak=2580100
evpreset=10          
roimin=0
roimax=1000
caloff=0.800000
calfact=12.800000
calfact2=0
calfact3=0
calunit=nsec
caluse=1 
[CHN3]
REPORT-FILE from  written 07/27/2026 12:32:33
cmline1=A3
range=1024
active=0
bitshift=4
cftfak=2580100
evpreset=10          
roimin=0
roimax=1000
caloff=0.800000
calfact=12.800000
calfact2=0
calfact3=0
calunit=nsec
caluse=1 
[CHN4]
REPORT-FILE from  written 07/27/2026 12:32:33
cmline1=A4
range=1024
active=0
bitshift=4
cftfak=2580100
evpreset=10          
roimin=0
roimax=1000
caloff=0.800000
calfact=12.800000
calfact2=0
calfact3=0
calunit=nsec
caluse=1 
[CHN5]
REPORT-FILE from  written 07/27/2026 12:32:33
cmline1=A5
range=1024
active=0
bitshift=4
cftfak=2580100
evpreset=10          
roimin=0
roimax=1000
caloff=0.800000
calfact=12.800000
calfact2=0
calfact3=0
calunit=nsec
caluse=1 
[CHN6]
REPORT-FILE from  written 07/27/2026 12:32:33
cmline1=A6
range=1024
active=0
bitshift=4
cftfak=2580100
evpreset=10          
roimin=0
roimax=1000
caloff=0.800000
calfact=12.800000
calfact2=0
calfact3=0
calunit=nsec
caluse=1 
[CHN7]
REPORT-FILE from  written 07/27/2026 12:32:33
cmline1=A7
range=1024
active=0
bitshift=4
cftfak=2580100
evpreset=0           
roimin=0
roimax=1000
caloff=0.800000
calfact=12.800000
calfact2=0
calfact3=0
calunit=nsec
caluse=1 
[CHN8]
REPORT-FILE from  written 07/27/2026 12:32:33
cmline1=A8
range=1024
active=0
bitshift=4
cftfak=2580100
evpreset=0           
roimin=0
roimax=1000
caloff=0.800000
calfact=12.800000
calfact2=0
calfact3=0
calunit=nsec
caluse=1 
;MCS8 #97 Sversion=1.257 Fversion=3.68
time_patch=1
;datalength=8 bytes
;bit0..3: channel# 1..8 ( 4 bit)
;bit4: edge 0=up / 1=dn ( 1 bit)
;bit5 ..57: timedata    (53 bit), max sweep length 2001.6 h
;bit58..62: tag0..tag4  ( 5 bit)
;bit63:     data_lost   ( 1 bit)
[DATA]
0000000000000016
00000007512d40b9
0000000af3ceae99
0000000b29da9139
0000000f857d26d9
0000000ff4c34c79
0000002157924661
0000000002af8371
0000000000000181
00000011d8f02c99
0000001386068f59
00000033f7fcd461
0000000002af8371
0000000000000181
00000022a240fa99
0000004698676361
0000000002af8371
0000000000000181
00000024b1fd8379
000000255c793c39
00000028a0f0ccf9
0000002c4b596059
0000005938d1f161
0000000002af8371
0000000000000181
00000030b69cb2b9
0000003182d0f2b9
0000006bd93c7f61
0000000002af8371
0000000000000181
0000003dbd8608d9
0000003edbb449b9
0000007e79a70e61
0000000002af8371
0000000000000181
000000410bcd6b19
00000041d0407eb9
000000444f4b01f9
000000455253a3d9
0000004739381c79
000000911a119c61
0000000002af8371
0000000000000181
000000a3ba7c2b61
0000000002af8371
0000000000000181
000000569c87ead9
000000b65ae6b961
0000000002af8371
0000000000000181
0000005bf78aa9f9
0000005f8cc7fdd9
0000005f955fed79
0000005f955fff79
000000c8fb514761
0000000002af8371
0000000000000181
0000006b5f969179
000000db9bbbd561
0000000002af8371
0000000000000181
000000723429c819
000000754c717179
000000ee3c266361
0000000002af8371
0000000000000181
0000007b47991619
0000007b6eca5659
0000007b6ecab2d9
00000100dc90f261
0000000002af8371
0000000000000181
000000812f903999
0000008313cda899
0000008407f7a7d9
0000008407f7f139
000001137cfb8061
0000000002af8371
0000000000000181
0000008d517ca979
0000008d517cb0b9
0000008eef3537d9
000001261d660e61
0000000002af8371
0000000000000181
000000976bf86d39
000000976bf87499
000000976bf87f99
00000098d5da12b9
00000138bdd09c61
0000000002af8371
0000000000000181
000000a4c306b419
0000014b5e3b2a61
0000000002af8371
0000000000000181
000000a79eb88379
000000a9555e3079
0000015dfea5b861
0000000002af8371
0000000000000181
000000b1aac69379
000000b454dbbb59
000000b655dab2b9
000001709f104661
0000000002af8371
0000000000000181
000000b9bd76ccf9
000000bb1a065d19
000000bc9c6682d9
000001833f7ad461
0000000002af8371
0000000000000181
000000c2141de259
000000c57816db59
000000c62c5907b9
00000195dfe56261
0000000002af8371
0000000000000181
000000cdc87cc059
000000d0b8bf0ff9
000000d274d16d99
000001a8804ff061
0000000002af8371
0000000000000181
000001bb20ba7e61
0000000002af8371
0000000000000181
000000df3b1f3519
000000df3b1f3c79
000001cdc1250b61
0000000002af8371
0000000000000181
000000e8538c3fd9
000000ecf4afe219
000000f00aa6a3b9
000001e0618f9961
0000000002af8371
0000000000000181
000000f2e5944159
000000f6b603e9f9
000000f92e98a639
000001f301fa2761
0000000002af8371
0000000000000181
000000fbc85d4cb9
00000205a264b561
0000000002af8371
0000000000000181
0000010815b76c99
0000010816eb5279
0000010816eb59d9
0000021842cf4361
0000000002af8371
0000000000000181
0000010e1b5bff39
0000010e1b5c1499
0000011425696a99
0000022ae339d061
0000000002af8371
0000000000000181
0000023d83a45e61
0000000002af8371
0000000000000181
0000011ef0447bb9
00000123c781b6d9
00000124ecd291f9
00000250240eec61
0000000002af8371
0000000000000181
0000012d14d76cd9
0000012edfc392d9
0000012f5ee7a2f9
00000262c4797a61
0000000002af8371
0000000000000181
00000132728e0eb9
00000132728e1ed9
00000135b5b98a79
0000013a42ae4259
0000027564e40861
0000000002af8371
0000000000000181
0000013f86b002f9
0000013f86b00379
0000013f86b00a59
00000288054e9561
0000000002af8371
0000000000000181
0000014a2783a6d9
0000029aa5b92361
0000000002af8371
0000000000000181
0000014ee1872179
00000150f157a319
00000152b596ad79
000002ad4623b161
0000000002af8371
0000000000000181
000002bfe68e3e61
0000000002af8371
0000000000000181
000001611f46d1b9
0000016162cdbed9
0000016162cdc719
00000162320e3019
00000163124bcf19
000002d286f8cc61
0000000002af8371
0000000000000181
000002e527635a61
0000000002af8371
0000000000000181
0000017a4b601ff9
000002f7c7cde761
0000000002af8371
0000000000000181
0000018453b2caf9
0000030a68387561
0000000002af8371
0000000000000181
00000188773fa719
0000018892af9dd9
00000188b609b839
0000031d08a30261
0000000002af8371
0000000000000181
0000032fa90d9061
0000000002af8371
0000000000000181
0000019bc168c279
0000019eb24bff99
0000034249781d61
0000000002af8371
0000000000000181
000001a211745d19
000001a55384e3b9
00000354e9e2ab61
0000000002af8371
0000000000000181
000001ac9e557c39
000001ad02f64bd9
000001b1d2fe1a39
000001b3440a4299
000003678a4d3861
0000000002af8371
0000000000000181
0000037a2ab7c661
0000000002af8371
0000000000000181
000001bd9257cf59
000001c041feea59
000001c5acab9179
0000038ccb225361
0000000002af8371
0000000000000181
000001cdf9a85079
000001cdf9a85879
000001ce9bdf2d99
000001ce9bdf3519
000001cf294ecb59
0000039f6b8ce161
0000000002af8371
0000000000000181
000001d2dd328fd9
000001d83d63ebd9
000003b20bf76e61
0000000002af8371
0000000000000181
000001da9e12f2d9
000003c4ac61fc61
0000000002af8371
0000000000000181
000001e9bf8ef219
000001e9daefe5f9
000003d74ccc8961
0000000002af8371
0000000000000181
000001f147703819
000001f14ffc7679
000003e9ed371661
0000000002af8371
0000000000000181
000003fc8da1a461
0000000002af8371
0000000000000181
0000040f2e0c3161
0000000002af8371
0000000000000181
0000020c77865439
00000421ce76be61
0000000002af8371
0000000000000181
0000021151ed1539
0000021949ffbc99
0000021a211e3cb9
000004346ee14b61
0000000002af8371
0000000000000181
0000021defc26d99
0000021f39043cd9
000004470f4bd961
0000000002af8371
0000000000000181
00000229c3a714f9
00000459afb66661
0000000002af8371
0000000000000181
000002327f911679
000002349f9631f9
0000046c5020f361
0000000002af8371
0000000000000181
00000238ee31f999
0000023a2533ae99
0000047ef08b8061
0000000002af8371
0000000000000181
000002437f1011b9
00000248b65e8f39
0000049190f60e61
0000000002af8371
0000000000000181
0000024a2a836a39
0000025026adc619
000004a431609b61
0000000002af8371
0000000000000181
0000025806cf4c19
000004b6d1cb2861
0000000002af8371
0000000000000181
0000025c69007d59
000002621640d499
000004c97235b561
0000000002af8371
0000000000000181
0000026d950800d9
000004dc12a04261
0000000002af8371
0000000000000181
000002744fb55f79
00000275d688f059
000004eeb30acf61
0000000002af8371
0000000000000181
0000027d5cb69579
0000027e593e6579
0000027ea57f2fb9
0000050153755c61
0000000002af8371
0000000000000181
00000287b1278959
00000287c3e98759
00000513f3dfe961
0000000002af8371
0000000000000181
0000028c30e1f2d9
00000290278bab19
0000029037acee99
00000291cffe6199
00000526944a7761
0000000002af8371
0000000000000181
0000029630600a39
0000029630601d19
00000298ef4bd7d9
0000053934b50361
0000000002af8371
0000000000000181
000002a1649519b9
000002a24f73a519
0000054bd51f9061
0000000002af8371
0000000000000181
000002a5f3f50639
000002accba46b99
0000055e758a1e61
0000000002af8371
0000000000000181
000002b26ebbb679
0000057115f4ab61
0000000002af8371
0000000000000181
000002bb578c4419
00000583b65f3861
0000000002af8371
0000000000000181
0000059656c9c561
0000000002af8371
0000000000000181
000002cc5e581b19
000002cc5e584539
000002cc9b166239
000002cdfffa6ff9
000002d1f75a0739
000002d2d2cf0899
000002d42cd22f19
000005a8f7345261
0000000002af8371
0000000000000181
000002d57b5acb99
000002d6dc2e47f9
000005bb979edf61
0000000002af8371
0000000000000181
000005ce38096c61
0000000002af8371
0000000000000181
000002e71bc8e479
000002eab0b19c79
000002eef3de8479
000005e0d873f961
0000000002af8371
0000000000000181
000002f230bb7319
000002f257ec0519
000002f376f564d9
000005f378de8661
0000000002af8371
0000000000000181
000002fcaf221af9
00000300e7c69179
0000060619491361
0000000002af8371
0000000000000181
00000309f222d279
0000030a2894d159
0000030afce27a79
00000618b9b3a061
0000000002af8371
0000000000000181
0000030e25c8c8b9
00000312e5505bb9
0000062b5a1e2c61
0000000002af8371
0000000000000181
000003167c97d4d9
0000031d54ddff39
0000063dfa88b961
0000000002af8371
0000000000000181
0000032456def639
000006509af34661
0000000002af8371
0000000000000181
0000032f46630879
000006633b5dd361
0000000002af8371
0000000000000181
000003379e3e8c19
00000337afcd0dd9
000003398bc35159
000003398bc36839
00000675dbc86061
0000000002af8371
0000000000000181
0000033edbc47959
000006887c32ed61
0000000002af8371
0000000000000181
000003446fef8439
0000069b1c9d7a61
0000000002af8371
0000000000000181
00000350fa197e99
000006adbd080761
0000000002af8371
0000000000000181
0000035d516cbb79
000006c05d729461
0000000002af8371
0000000000000181
0000036192b31d39
00000364c5c46759
000006d2fddd2061
0000000002af8371
0000000000000181
0000036cd275e2f9
0000036ff3968399
00000372c4382339
000006e59e47ad61
0000000002af8371
0000000000000181
00000373b83fbdd9
00000373b83fc2f9
00000373ee5d9a79
00000377a6cc65f9
0000037aec4c0159
0000037b66c52bd9
000006f83eb23a61
0000000002af8371
0000000000000181
0000070adf1cc761
0000000002af8371
0000000000000181
000003870b555339
000003874c808539
0000038ba977d399
0000071d7f875461
0000000002af8371
0000000000000181
0000038f646a7c19
00000390fe3a7e19
00000391dbe0a939
000003960925a079
000007301ff1e161
0000000002af8371
0000000000000181
000003981b65e9d9
000003981b65eb99
00000742c05c6d61
0000000002af8371
0000000000000181
000003a2f3e7a2d9
000003a3ce470599
000003a8b9cbc419
0000075560c6fa61
0000000002af8371
0000000000000181
000003ac04aa4c79
000003b1360c9059
000003b1360ca219
0000076801318761
0000000002af8371
0000000000000181
000003b7a6675379
000003bcdee963f9
0000077aa19c1461
0000000002af8371
0000000000000181
000003bfaf022699
000003c4f9d96bd9
000003c50c11b619
000003c61e14b739
0000078d4206a161
0000000002af8371
0000000000000181
000003cf7797db19
0000079fe2712e61
0000000002af8371
0000000000000181
000007b282dbbb61
0000000002af8371
0000000000000181
000003d959f241d9
000003ded4d1d2f9
000003e02743be39
000003e02743bfb9
000007c523464761
0000000002af8371
0000000000000181
000007d7c3b0d461
0000000002af8371
0000000000000181
000007ea641b6161
0000000002af8371
0000000000000181
000003f6b633d0b9
000003fa414f3ff9
000007fd0485ee61
0000000002af8371
0000000000000181
000003fff1a530f9
000003fff1a53859
0000040413263b79
00000406688b3599
0000080fa4f07b61
0000000002af8371
0000000000000181
0000040aebebc159
0000040fc4f19959
000004107efb9139
000004107efbf2b9
00000822455b0861
0000000002af8371
0000000000000181
000004171e440099
00000834e5c59461
0000000002af8371
0000000000000181
0000041fac121a19
0000041fac121bf9
0000041fec3bb7f9
0000041fec3bc819
0000084786302161
0000000002af8371
0000000000000181
000004248fa42f59
0000085a269aae61
0000000002af8371
0000000000000181
000004315cc842d9
00000433c41bd219
0000086cc7053b61
0000000002af8371
0000000000000181
0000043ba8c8b0b9
0000043d0e8dc8b9
0000087f676fc861
0000000002af8371
0000000000000181
000004400b4608d9
000004403a6bde99
00000443518a50f9
0000089207da5561
0000000002af8371
0000000000000181
000008a4a844e261
0000000002af8371
0000000000000181
00000454afeef499
000008b748af6e61
0000000002af8371
0000000000000181
000008c9e919fb61
0000000002af8371
0000000000000181
0000046979c22579
000008dc89848861
0000000002af8371
0000000000000181
00000470dd0f40d9
000008ef29ef1561
0000000002af8371
0000000000000181
00000477ba0e9a79
00000477c3a9e739
00000478a61434f9
000004792d1c00d9
0000047c6ff23fd9
0000047f51fd5039
00000901ca59a261
0000000002af8371
0000000000000181
000004853f4bab39
000009146ac42f61
0000000002af8371
0000000000000181
0000048b020f2d59
000004919315dd99
000009270b2ebc61
0000000002af8371
0000000000000181
000004954e6b87f9
000004954e6b8a19
00000939ab994861
0000000002af8371
0000000000000181
000004a2592ac779
0000094c4c03d561
0000000002af8371
0000000000000181
0000095eec6e6261
0000000002af8371
0000000000000181
000009718cd8ef61
0000000002af8371
0000000000000181
000004be667751f9
000004c04e84a639
000009842d437c61
0000000002af8371
0000000000000181
000004c870aa31b9
000004c870aa76f9
000004ca96189379
000004cae9808139
00000996cdae0961
0000000002af8371
0000000000000181
000004cdeb1d8a39
000004cefb5fab99
000009a96e189561
0000000002af8371
0000000000000181
000004d4c41c8439
000009bc0e832261
0000000002af8371
0000000000000181
000004e1715b6979
000004e636a776f9
000004e636a78e39
000004e636a78ed9
000009ceaeedaf61
0000000002af8371
0000000000000181
000004e86735dcd9
000004ea5810b819
000004eb7f83b119
000004ecf5e2a899
000004ecf5e2aa79
000004ef2af71959
000009e14f583c61
0000000002af8371
0000000000000181
000009f3efc2c961
0000000002af8371
0000000000000181
0000050005447459
00000a06902d5661
0000000002af8371
0000000000000181
00000504e01d3679
00000a193097e361
0000000002af8371
0000000000000181
00000a2bd1027061
0000000002af8371
0000000000000181
0000051b2b6e1239
0000051bda511099
0000051dfc8474f9
00000a3e716cfc61
0000000002af8371
0000000000000181
00000527697424f9
00000a5111d78961
0000000002af8371
0000000000000181
0000052b4ebe3cd9
0000052eae69a459
0000052fd5a4aff9
00000a63b2421661
0000000002af8371
0000000000000181
00000a7652aca361
0000000002af8371
0000000000000181
00000541aa7b1259
00000a88f3173061
0000000002af8371
0000000000000181
0000054cf954c639
0000054cf954dc19
0000054cf9553bb9
0000054cfcf53699
00000a9b9381bd61
0000000002af8371
0000000000000181
00000551496c23d9
00000554f62aa7d9
00000554f62aa9b9
00000aae33ec4a61
0000000002af8371
0000000000000181
0000055e44ffc8d9
00000ac0d456d761
0000000002af8371
0000000000000181
00000560ce421059
000005619466abd9
00000561e1419bf9
00000569203927d9
0000056968dd0ef9
00000ad374c16461
0000000002af8371
0000000000000181
00000569daad7079
0000056ada192919
0000056b529ee179
0000056b7307f5f9
00000572d2e2cd99
00000ae6152bf161
0000000002af8371
0000000000000181
000005738c0c2619
000005738c0c27d9
00000575eaf6e939
000005763281b659
00000aedfd05ed61
0000000002af8371
0000000000000181
