[MCS8 A] 97 FW 3.104 SV 1.257 
range=1024
periods=2
sweepmode=27e20d0
fstchan=0
holdafter=0
streamstatus=3
calreg0=0
calreg1=0
calreg2=0
calreg3=0
swpreset=8000        
prena=1
syncout=0
cycles=18
sequences=1
tagbits=16
vdac0=92c
vdac1=807
vdac2=8c8
vdac3=8c8
vdac4=8c8
vdac5=8c8
vdac6=8c8
vdac7=8c8
timepreset=150.000     
digio=0
digval=0
autoinc=0 
savedata=2 
mpafmt=asc
sephead=0 
fmt=asc
smoothpts=5 
[CHN1]
REPORT-FILE from 07/27/2026 12:36:13.942  written 07/27/2026 12:36:13
cmline0=07/27/2026 12:36:13.942 
cmline1=A1
range=1024
active=1
bitshift=4
cftfak=2580100
evpreset=10          
roimin=0
roimax=1000
caloff=0.800000
calfact=12.800000
calfact2=0
calfact3=0
calunit=nsec
caluse=1 
[CHN2]
REPORT-FILE from  written 07/27/2026 12:36:13
cmline1=A2
range=1024
active=0
bitshift=4
cftfak=2580100
evpreset=10          
roimin=0
roimax=1000
caloff=0.800000
calfact=12.800000
calfact2=0
calfact3=0
calunit=nsec
caluse=1 
[CHN3]
REPORT-FILE from  written 07/27/2026 12:36:13
cmline1=A3
range=1024
active=0
bitshift=4
cftfak=2580100
evpreset=10          
roimin=0
roimax=1000
caloff=0.800000
calfact=12.800000
calfact2=0
calfact3=0
calunit=nsec
caluse=1 
[CHN4]
REPORT-FILE from  written 07/27/2026 12:36:13
cmline1=A4
range=1024
active=0
bitshift=4
cftfak=2580100
evpreset=10          
roimin=0
roimax=1000
caloff=0.800000
calfact=12.800000
calfact2=0
calfact3=0
calunit=nsec
caluse=1 
[CHN5]
REPORT-FILE from  written 07/27/2026 12:36:13
cmline1=A5
range=1024
active=0
bitshift=4
cftfak=2580100
evpreset=10          
roimin=0
roimax=1000
caloff=0.800000
calfact=12.800000
calfact2=0
calfact3=0
calunit=nsec
caluse=1 
[CHN6]
REPORT-FILE from  written 07/27/2026 12:36:13
cmline1=A6
range=1024
active=0
bitshift=4
cftfak=2580100
evpreset=10          
roimin=0
roimax=1000
caloff=0.800000
calfact=12.800000
calfact2=0
calfact3=0
calunit=nsec
caluse=1 
[CHN7]
REPORT-FILE from  written 07/27/2026 12:36:13
cmline1=A7
range=1024
active=0
bitshift=4
cftfak=2580100
evpreset=0           
roimin=0
roimax=1000
caloff=0.800000
calfact=12.800000
calfact2=0
calfact3=0
calunit=nsec
caluse=1 
[CHN8]
REPORT-FILE from  written 07/27/2026 12:36:13
cmline1=A8
range=1024
active=0
bitshift=4
cftfak=2580100
evpreset=0           
roimin=0
roimax=1000
caloff=0.800000
calfact=12.800000
calfact2=0
calfact3=0
calunit=nsec
caluse=1 
;MCS8 #97 Sversion=1.257 Fversion=3.68
time_patch=1
;datalength=8 bytes
;bit0..3: channel# 1..8 ( 4 bit)
;bit4: edge 0=up / 1=dn ( 1 bit)
;bit5 ..57: timedata    (53 bit), max sweep length 2001.6 h
;bit58..62: tag0..tag4  ( 5 bit)
;bit63:     data_lost   ( 1 bit)
[DATA]
0000000000000016
00000000700cf5b9
000000009b64dc59
00000000abe24d19
00000000adf99b59
00000000adf9a2b9
00000001b3aa3fd9
00000001e2b8e139
00000001e2b96e79
00000001e3839e39
00000001fa009ab9
0000000268408e19
00000002fcfb3539
00000003689e5279
0000000387975739
00000003f2546b99
00000004043e1e99
000000043e373519
00000004acf20bf9
00000004d1e09819
0000000599a2a339
00000005c011d8b9
000000063f81b0f9
000000064090c7b9
000000071b094999
000000073381b4f9
000000073381bc59
000000087cc56e19
000000094e5cbd79
0000000a250c2819
0000000a4591abb9
0000000a5a8951b9
0000000a8d1a7279
0000000a8d1a72f9
0000000a8d1a7e79
0000000a8d1a8e19
0000000a8f75b4b9
0000000af56d1d39
0000000c9074f319
0000000cd6245979
0000000d8076c6d9
0000000d881e11f9
0000000dbd0cd379
0000000decbd1779
0000000dfae39d19
0000000eb91eefd9
0000000ebf6a8c39
0000000f54eaa959
0000000f54eabd19
0000000fd60893f9
0000001003023459
0000001003023899
000000107d085c59
000000107d086d19
0000001093f945b9
0000002156268f61
0000000000f88371
0000000000000181
00000010ec7a6239
00000010ff138af9
000000115d9d10b9
000000115f815739
00000012318e4079
00000012a6cfabd9
00000013480f81f9
000000146aa6ec39
000000147a9d5339
00000014d47138b9
00000014d7a94b59
00000014d7a95cb9
00000014efb33b99
00000014efb34cd9
000000159cfffcd9
00000015aa09b439
00000015bbe51199
0000001602c06f59
000000161f6b6839
00000016206d42f9
00000016206d57b9
000000166dc35279
000000166dc37219
00000017b08f3c79
00000017e5667139
00000017e6ff58f9
0000001864824319
00000018648244f9
000000188ed0e799
00000018c741d639
00000019735111b9
00000019b1fa3439
00000033f6911d61
0000000000f88371
0000000000000181
0000001a2a9e8579
0000001a2a9e8779
0000001a2ea50a19
0000001a6463a399
0000001a64640519
0000001a64643539
0000001adbc92f79
0000001b131e45f9
0000001b18a16bb9
0000001b9d128b99
0000001ba1692ad9
0000001bd3cfd2d9
0000001be0299bb9
0000001c587c56f9
0000001c5b87ea79
0000001cac0f57f9
0000001ccdb76ad9
0000001d3cbe1639
0000001d3cbe61b9
0000001d3cbe7f99
0000001d3cbe91d9
0000001d48f08bf9
0000001da3abc679
0000001e7400f579
0000001ec1c29d79
0000001ede954df9
0000001ede956459
0000001f4cce8b19
0000001f4ccea499
00000020557ce599
00000020ba642ab9
00000021221aa759
00000021817bb3f9
00000021ca351419
000000224c61a2f9
00000022b1e05499
00000022b1e08d59
000000231dbaeef9
0000004696fbab61
0000000000f88371
0000000000000181
00000023c7b211b9
000000246c184539
000000246c185619
00000024b3067b39
00000024e9e8f179
00000026312a8a99
00000026312ac6f9
000000269e505e79
000000269e507059
000000274d1789d9
000000277d85bf99
000000278dabaa99
0000002870147699
000000288503fcb9
00000028b909f539
00000028bc75ac59
00000028cba4bf79
000000292679c1b9
000000296b705af9
000000296b707119
00000029e8d89f39
00000029e8d8a7b9
00000029f341feb9
0000002a0c8e5979
0000002a6d536a19
0000002b021e14f9
0000002b1c7410b9
0000002b9cee61d9
0000002bbb5fcb39
0000005937663961
0000000000f88371
0000000000000181
0000002cb53bd799
0000002da148b459
0000002da148cbd9
0000002db2ce01b9
0000002dbae59399
0000002ddcfea3b9
0000002e29b11d79
0000002e29b19d39
0000002e8d77e3b9
0000002e92988039
0000002ed6d0ff59
0000002f946d1f39
0000002f946d30d9
0000002f946d3279
0000003053368719
0000003053368879
00000030aac44859
00000030ae43cd39
0000003119fd3219
000000318869d3b9
00000032384ab4b9
0000003245025059
00000032867c74b9
00000032b0d52379
00000033b3aebcb9
00000033d0297f79
00000033dcca1c59
00000033dcca1e59
00000034cf1dbed9
00000035e2ba8539
0000006bd7d0c661
0000000000f88371
0000000000000181
00000035f67ac619
0000003604710199
0000003715aad0b9
000000380a3fd819
000000393998ac39
000000393998c139
00000039415d74d9
000000394e0f3e39
00000039ac7cdaf9
00000039bbaf8319
0000003a9cc241b9
0000003ae5b0ff99
0000003ae5b106f9
0000003ae5cc91d9
0000003d46792579
0000003e18b258f9
0000003ee87f5879
0000003f2926daf9
0000007e783b5461
0000000000f88371
0000000000000181
0000003fe9ab4619
0000004057394179
000000409146af19
000000409146b0f9
00000041008e9339
0000004119186a59
000000411b921b99
0000004129cb7499
000000416255f9f9
0000004162560bf9
00000041625682f9
0000004162568379
00000041d4b0d9d9
000000425ffc3399
000000427f8d3079
00000043331da479
0000004381fe5999
00000043b62f5239
00000043b62f52b9
00000043bae06639
00000043e7b8f399
0000004448531ef9
000000444991a0f9
000000449ded9939
00000046612f0619
00000046612f5d39
00000046eda12899
00000047727c5b99
00000047727c5cb9
00000048488f7839
0000004856fb4ad9
0000004856fb5eb9
0000009118a5e261
0000000000f88371
0000000000000181
00000048ea4f0ed9
00000048ea4f2759
0000004911f17139
00000049348930b9
00000049348947f9
00000049348948b9
0000004986abe499
00000049aee58519
00000049aee59499
00000049c5886439
00000049d453c5f9
0000004a0e784339
0000004a409302f9
0000004ac509b459
0000004ac509b579
0000004af239c3d9
0000004b4fc407f9
0000004b4fc41919
0000004c33e46099
0000004c43fa51d9
0000004c509beaf9
0000004c6f2617d9
0000004c6f262d59
0000004c706c8c79
0000004da441aa59
0000004db68bf4d9
0000004db68bf599
0000004db68c6419
0000004dd645de19
0000004defc5e179
0000004e7f661cf9
0000004f41a9b779
0000004f4c787b79
0000005018363bb9
0000005132c7a719
00000051645078f9
0000005169bbc879
00000051c52eb899
000000a3b9107061
0000000000f88371
0000000000000181
000000525b9149b9
000000526200f0f9
000000529101d6b9
00000052d18b8259
0000005329f2ee39
00000053eb09cf59
00000054cdc51d99
00000055ff370779
000000567a1f75d9
0000005681bf1899
00000056a5548af9
000000570485b419
0000005792b654b9
0000005792b665b9
0000005811c121d9
0000005811c134b9
0000005817228d39
0000005857457319
00000058892780d9
0000005889279579
00000058bf3651d9
00000058ee82ca79
0000005b1ed1a439
0000005b1ed1b6d9
000000b6597afe61
0000000000f88371
0000000000000181
0000005b77617959
0000005bb5a0fab9
0000005c5e120cd9
0000005cef8bf8f9
0000005eb3ffdd59
0000005ef6290699
0000005f553aa939
0000005f5a50f619
0000006027ab3299
0000006083b362d9
00000060f38f2879
00000061e5f1e2d9
00000062bc8c13d9
00000063795a42d9
0000006385d4fc39
00000063a1a2d959
00000063c4535b39
00000063c4535cf9
00000063c4536299
0000006463403999
000000c8f9e58c61
0000000000f88371
0000000000000181
00000064ecc106f9
000000650feee019
000000650feee1b9
0000006532ebff59
00000065728a6399
00000065c5504899
00000065c5504ff9
00000065ffcfd9b9
0000006643195b59
0000006777ff2e19
000000677f74d0b9
0000006784023819
0000006785269a79
00000067fba4e299
00000068b6dca3d9
00000068d7e7f719
000000697de71f39
00000069b3ce0199
00000069fcbd8179
0000006a346114b9
0000006a4d485439
0000006a92f00ff9
0000006a9665d9f9
0000006a973345d9
0000006ad78bf699
0000006b57c0adf9
0000006b899036f9
0000006bab482239
0000006bfa5d37d9
0000006c59172399
0000006d031f9c39
0000006dc25baa79
0000006dc25bbcd9
000000db9a501961
0000000000f88371
0000000000000181
0000006e9e073eb9
0000006ea9c91539
0000006f0849a659
0000006fb4c53af9
0000006fc8c894b9
00000070169325b9
00000070567fc979
00000070567fe2d9
000000706e896919
0000007088a33bf9
000000708a341af9
00000070ab7e97b9
00000070bbeadbf9
0000007121b45419
0000007127f38919
000000713f67c099
00000071461160f9
0000007146116a39
0000007162c40b39
000000718ce49679
000000727be32db9
000000728188fa99
000000743f84d8f9
0000007441cbc1f9
0000007482427af9
00000074b755fd39
00000074b7561119
00000074beb341d9
00000074beb35779
00000074beb35819
00000074beb35839
00000074beb35bb9
00000074beb36c99
00000074beb39b39
0000007526bd4c59
0000007526bd4dd9
000000752997f4d9
00000076ebd76419
00000076ebd76499
00000076fea8ad19
000000ee3abaa761
0000000000f88371
0000000000000181
000000777f616659
000000782652f119
000000782652f879
000000782fc36eb9
000000787ad28d19
00000078808f0239
00000078fc06e519
0000007929b112f9
00000079f0d669f9
0000007a5186fa39
0000007ac86cca19
0000007acd0bf719
0000007affed10b9
0000007b32ad60b9
0000007b834040d9
0000007b90a709b9
0000007b90a70b79
0000007bc4f0c319
0000007d3059e2d9
0000007d67b312f9
0000007d79fbf299
0000007d8b5d1d99
0000007d8b5d2fb9
0000007d8b5d3479
0000007da91b0a19
0000007dd2b93199
0000007e5c22d959
0000007ec1754219
0000007f1f0faa99
0000007f4fba1a39
00000080059d9ad9
00000100db253561
0000000000f88371
0000000000000181
000000809e965f59
00000081810f9f79
00000082abf12f59
00000082c3599519
00000082e681db99
0000008320405539
000000836de68319
00000083d31124f9
00000083db52cc99
00000083db530e99
000000848236bab9
00000084bd8ed819
0000008518260c19
00000085601d58d9
00000085a07c9239
00000085f3645359
00000085f95794d9
000000860d66a999
000000860d66ab59
000000860d66b0f9
0000008631f57b99
00000086c49e3dd9
00000086d6a7a679
0000008734baecf9
00000087431f85d9
000000886ffea339
00000088a8763ed9
000000892c6ee359
0000008995f818f9
0000008999bc08d9
00000089a5863a19
000001137b8fc361
0000000000f88371
0000000000000181
0000008a7123c899
0000008a7123dd59
0000008b10a34e59
0000008b2d53ec59
0000008b3f0a7179
0000008b439b6d79
0000008b439b80b9
0000008c54f9d919
0000008ca14c01d9
0000008ca14c0b39
0000008ca14c25b9
0000008d20fc5059
0000008dafe36619
0000008dafe37a39
0000008df76f6d19
0000008ecf4722f9
0000008eef3bab19
0000008efc9c0b59
0000008f1ab38d39
0000008f87912a19
0000008fcffa7319
0000008fe9a764b9
0000008ffa999c79
00000090270e1e99
0000009047f41939
000000906e05dad9
00000090838b4ad9
000000909b0fb0f9
00000090f68f2899
00000091116f99f9
000000914841a219
0000009205f61659
0000009293bae519
000001261bfa5161
0000000000f88371
0000000000000181
0000009378330db9
0000009378332a79
00000093d136f2f9
00000093d1d8f0d9
00000093d1d93859
00000093d67f39d9
00000093f74bf939
000000944cea2f39
000000944cead4d9
00000094574a48b9
00000094c0f50e99
00000095b3318c59
00000095c0412219
000000960150c599
00000096892ec0f9
0000009757c795b9
00000097895468f9
000000978954bd19
00000098285a2f59
00000098561722b9
00000098c07f5c19
00000098cdb406f9
00000098cdb41939
00000098cdb41b59
00000098cdb435b9
00000099426cf1b9
00000099783b8099
00000099c12ab159
00000099c918ed79
0000009a7d609639
0000009aa73c2979
0000009aefa19d79
0000009aefa1ab59
0000009b004de7b9
0000009b8253a099
0000009bd6b2d839
0000009bf3d157f9
0000009c232eb6d9
00000138bc64df61
0000000000f88371
0000000000000181
0000009d56f58c59
0000009d791324b9
0000009d855c7ab9
0000009ddc82d099
0000009ddc834119
0000009dfc8e2f19
0000009dfc8e3fd9
0000009dfc8e4139
0000009e62d696b9
0000009e9f28f0d9
0000009eba97c6d9
0000009ebb6235f9
0000009ec8d72eb9
0000009ec8d73eb9
0000009ec8d743d9
0000009ee6f7a5d9
0000009f092afcd9
0000009f092afeb9
0000009f092b0459
0000009f310dfa59
0000009f8e5c9259
0000009fc6e52ad9
000000a0ad123b79
000000a0ad123d39
000000a0c983d019
000000a0cfcc4f19
000000a1261bb2b9
000000a14bf6da39
000000a14bf6e019
000000a174dbfbd9
000000a1a2714e39
000000a1fa0767d9
000000a2eecc9399
000000a2f07dd4f9
000000a31bcc17d9
000000a36ff17359
000000a404524f39
000000a404526459
000000a404527cb9
000000a40452c799
000000a47f913bf9
000000a5ab5c1859
0000014b5ccf6d61
0000000000f88371
0000000000000181
000000a64db731f9
000000a6572d4b39
000000a6b5d4f479
000000a71dcb8a79
000000a7716e65b9
000000a7815fe819
000000a79dc72139
000000a79dc73279
000000a79dc73399
000000a83014ad19
000000a84c6f0359
000000a84c6f1179
000000a861f38b39
000000a8f24f0899
000000a8f24f1ad9
000000a91ade4139
000000aaa61b6b19
000000aae4edc5b9
000000ab8a751239
000000ab8a752e79
000000ac02ed9099
000000ac2849cc79
000000ac85388a99
000000ad15c57c99
000000ad648bdc19
000000ad8a551559
000000ad8d0e6dd9
000000ade023bb79
000000ade023bd39
0000015dfd39fb61
0000000000f88371
0000000000000181
000000aeffed7f99
000000af3823cab9
000000afb2c0a759
000000b09ba9e0f9
000000b0f31ee839
000000b10c07ea99
000000b1838ba499
000000b18a626819
000000b1f85c8e39
000000b2929d5b19
000000b2dd46af39
000000b2e39be639
000000b2f6c0fa99
000000b321da0219
000000b4140e2919
000000b496068179
000000b4dd7d3819
000000b4fe7994f9
000000b503305439
000000b503305639
000000b503306699
000000b564da7f39
000000b564da8699
000000b598eeea99
000000b600a28899
000000b633d93eb9
000000b66123c479
000000b66123d639
000000b66b1eec39
000000b66b1efff9
000000b6e7925eb9
000000b700446cf9
000000b713ee1799
000000b740f4f939
000000b7aa11fa99
000000b7aa120bb9
000000b7aa122039
000000b830ee7099
000001709da48961
0000000000f88371
0000000000000181
000000b874e8bf39
000000b8e05d74f9
000000b91c3fe099
000000b93f25c099
000000b98256d519
000000b9c03a7b19
000000b9d8fcedb9
000000baff9a07d9
000000baff9a1139
000000bb4c69b559
000000bbb75a2939
000000bbc4334559
000000bbe6427619
000000bbe64288d9
000000bbf524d719
000000bbfd60b0d9
000000bcd66c88f9
000000bd6acd1139
000000bd6acd2579
000000bde0338d19
000000be2c7a5b19
000000be45b87539
000000be50b92299
000000be50b94099
000000be59eecd59
000000bef5a3e339
000000bef5a3f6d9
000000bef5a3f899
000000c098b258b9
000000c1294dc2f9
000001833e0f1761
0000000000f88371
0000000000000181
000000c2418ed4d9
000000c25d7f8639
000000c282e91319
000000c2c8b8f959
000000c2cba8f2d9
000000c342e02ed9
000000c3b14df4d9
000000c3b14e08f9
000000c433176eb9
000000c441398d99
000000c462355e79
000000c4d85ccd39
000000c4dd5812d9
000000c5879e0e79
000000c5884a1e59
000000c5d73aeaf9
000000c5e799d579
000000c63870eb99
000000c6984ce719
000000c6e5f643d9
000000c712042959
000000c71e396399
000000c7635b32f9
000000c772d043d9
000000c85077be99
000000c8fd947879
000000c903098059
000000c9eb55f799
000000ca2df15119
000000ca439b08d9
00000195de79a561
0000000000f88371
0000000000000181
000000cb07942c79
000000cb07944139
000000ccaa94f4f9
000000ccc1c28a59
000000ccf2819bf9
000000ccf281ab99
000000cd2c6d2ef9
000000cd59bee8f9
000000cd59f70439
000000cd86a02519
000000cdea3e6c59
000000ce9326a0d9
000000cee3ee6399
000000cf0cc69bf9
000000cf7d358fd9
000000cf870d08f9
000000cfc53c1d39
000000cfe7888159
000000d02a80a499
000000d0849c1cd9
000000d36ffe37d9
000000d37439e679
000000d376d4cb79
000000d3c52a1519
000000d3c52a4179
000000d3c52a5059
000000d3c52a50d9
000000d3c52a55b9
000000d3f4b808b9
000000d40aabf5d9
000001a87ee43361
0000000000f88371
0000000000000181
000000d4ec88c719
000000d595405559
000000d5abf54e59
000000d5b6f6e359
000000d5bda335b9
000000d6878e3d59
000000d6878e4f19
000000d6878e7bd9
000000d7ac8842d9
000000d9543aef59
000000da13c46839
000000da13c4b219
000000da23d19a99
000000dadb2e4a79
000000db14c45339
000000db1f16cfb9
000000dbccdde399
000000dbccddf539
000000dca741b7b9
000000dd81a813f9
000001bb1f4ec161
0000000000f88371
0000000000000181
000000dd98a154d9
000000dd9b6d77f9
000000ddb7f40a19
000000de939f18b9
000000dec1df1b39
000000df21b288d9
000000dffc4ed319
000000e00b046a99
000000e0154fc619
000000e06068ccb9
000000e09ae4d4f9
000000e0f2bed7d9
000000e12f434ad9
000000e1a4f025f9
000000e1bd1b6d79
000000e1c18df4b9
000000e1c18df679
000000e1c18dfc19
000000e1c18e0cb9
000000e1fb281999
000000e27a380219
000000e3035bd419
000000e316465d39
000000e387ff5b59
000000e4a7dac1b9
000000e5aa530e79
000000e666da20f9
000000e6795a97d9
000000e69bc3c619
000001cdbfb95061
0000000000f88371
0000000000000181
000000e71cde3a99
000000e71cde3d79
000000e71cde40b9
000000e71cde41f9
000000e741f76439
000000e7c758a979
000000e7d797b679
000000e7e1629459
000000e888487d19
000000e888488c19
000000e8b8f89d99
000000e8b8f8a6b9
000000e8b8f8a899
000000e934bf7459
000000ea3d1aa219
000000ea49f2e679
000000ea6b97cc79
000000eb4b1da5f9
000000ec350f0279
000000ece8f7b939
000000ed32024d39
000000ed32026f39
000000eddb3ce0f9
000000eddfb8d719
000000ee0c02f019
000000ee3b924619
000000ee83e12979
000000ee91fd7279
000000efa16ce3b9
000000f01285e919
000001e06023de61
0000000000f88371
0000000000000181
000000f06eb642f9
000000f0873c4f59
000000f10e9fe4b9
000000f11acb80f9
000000f14ac8c879
000000f1b8c08bf9
000000f201686e19
000000f226ca3b59
000000f2b6db3f79
000000f32a9dfc79
000000f32a9e03d9
000000f35706aff9
000000f35f1281d9
000000f49ceaf339
000000f49ceb2079
000000f4c2f89cd9
000000f517adb779
000000f533118ed9
000000f5331200d9
000000f53dd15df9
000000f6fc605eb9
000000f6fc606f79
000000f6fc606ff9
000000f6fc607ed9
000000f759b05259
000000f825ef9b19
000000f85a74d399
000000f89e882239
000001f3008e6c61
0000000000f88371
0000000000000181
000000f980ffbcd9
000000f9b337dfb9
000000fa43f28e99
000000fae9353b99
000000fc4d5aae39
000000fc91e3c0f9
000000fccef6fb79
000000fd9216a859
000000fed9f84059
000000fed9f847d9
000000fed9f85419
000000fed9f85559
000000fed9f87039
000000ff008444b9
000000ff2bd6edb9
000000ffb3476a59
000000ffe40d54b9
000000ffe40d6779
000001000ddcf519
0000010043cd1d99
000001005a2681f9
000001008feadc59
00000100df0824b9
00000100f48bd279
000001010f193779
000001011ddda439
000001015d60fdf9
000001015d610f39
000001015d611859
000001015d612679
00000101a215da59
00000101fb255f59
000001024e85c139
000001026e7c2bf9
000001027eb47419
00000102c04c8ad9
00000205a0f8fa61
0000000000f88371
0000000000000181
000001036290e959
0000010385383d59
000001038ec6e199
000001038ec6f999
000001038ec6fb99
000001038ec71119
00000103ad6eadb9
00000103d30e0139
00000103fd8c8319
0000010691311a39
00000106b863e7f9
00000107328017d9
00000107cd5db639
0000010812977bb9
0000010833de9059
0000010855f423d9
00000108b666cab9
00000108b666cd79
00000108b666d359
000001093fa684d9
0000010a119e4599
0000010a119e5519
0000010a119e6499
0000010a119e6699
0000010a29818fd9
0000010a44f01ab9
0000010af43a6899
0000010b23c14ff9
0000010b23c164b9
0000010b4b963119
0000010b4b96a9f9
0000010b9ca4ced9
0000010b9ca4e119
0000021841638861
0000000000f88371
0000000000000181
0000010c40a5f4f9
0000010c74fb4a19
0000010c74fb64b9
0000010c874c44b9
0000010c874c6779
0000010d1453cf19
0000010d828b6239
0000010dd8f9c739
0000010e43541599
0000010e815c5bd9
0000010ffc3bae59
0000010ffc3bc3b9
00000110455ecb19
00000110749a46f9
00000110749a4e59
00000110ce888579
0000011130474f79
0000011189b31f79
0000011263c38139
00000112d2e6c279
00000112d2e72439
00000112eeb17a59
00000112f4ffd359
00000113fec8d539
000001143ca805d9
00000114742d74d9
000001149effec19
00000114c5d24479
000001151a922119
000001151a926c59
000001152df6f059
0000022ae1ce1761
0000000000f88371
0000000000000181
00000115ee8a6739
0000011676d2afd9
0000011735041cf9
00000117b2ae0419
00000117d9b34a39
00000117d9b36979
000001188d888d79
0000011a81e1e779
0000011a85bad199
0000011a85bb2099
0000011b03f27539
0000011b4f8347b9
0000011b4f835779
0000011b99a37079
0000011c8cb3ad19
0000011d9a8376f9
0000011e33ff4499
0000011e97504e59
0000023d8238a561
0000000000f88371
0000000000000181
0000011f106896f9
0000011f8d282f59
0000012028df9439
000001204684d5f9
00000120575cd2d9
00000120ccc0b339
00000120ccc0ca19
00000120dfed3e59
0000012118c0c3b9
00000121e26133d9
00000121ff9fa1d9
000001229224d819
00000122bf524499
00000122bf524d79
0000012352971579
0000012377c61359
00000123847fb019
00000123a6d31619
00000123ead388d9
00000123ead39039
000001242ad48cf9
0000012438ba8bd9
00000124fbea47f9
00000125821a01d9
00000125bb7fd0b9
0000012624251f79
0000012624253119
0000012688359a99
00000126cf8faf19
00000127ab5d01b9
0000025022a33361
0000000000f88371
0000000000000181
000001283e73dcb9
00000129a0ce5059
0000012a0b7260d9
0000012abfa3d119
0000012b5889ef39
0000012b7286fd19
0000012ba7235a19
0000012c00e16dd9
0000012c00e17df9
0000012c59c498b9
0000012c59c4a6b9
0000012c651f3f79
0000012cd39d83d9
0000012ce95cd0d9
0000012d263002b9
0000012d2bad34b9
0000012d81715e59
0000012d962c66f9
0000012dc7d8ae79
0000012df1bcb6d9
0000012df1bcc9b9
0000012df1bcda79
0000012ee4c7b759
0000012ee4c7f5f9
0000012ee4c7feb9
0000012ef7e7ee19
0000012f3298c019
0000012f61ca8c39
0000012f87bb1119
0000012f87bb9bb9
0000013005c04bd9
0000013005d78019
00000131192cb139
0000013150fa1359
0000013150fa1ab9
00000262c30dc161
0000000000f88371
0000000000000181
00000132ebc3e799
00000133890b3d79
000001340cc79d19
00000134aec89ad9
000001352cf8e459
0000013547f531b9
00000135c13fd799
00000136072b1599
000001361369bcd9
000001363806aed9
00000136921d3ad9
00000136ad4705f9
00000136f3044af9
000001370a869859
000001385d1f9379
00000138ceff2b99
00000138f8cd6f79
00000138f8cd9619
0000013941858f39
000001398b191b19
00000139b588c919
00000139b5893fb9
0000013a5cd1d919
0000013a88995b79
0000027563785061
0000000000f88371
0000000000000181
0000013abeea7b79
0000013b9f3d69b9
0000013ba90aca59
0000013ba90add19
0000013bccc23df9
0000013c8891c199
0000013c8891dfd9
0000013c9615e099
0000013d166713d9
0000013d7c956e39
0000013d7c957599
0000013d863fbb99
0000013dc65a3df9
0000013f06237e99
0000013f1c56cf19
0000013f1f77fcb9
0000013fc42b2239
0000014040f41939
0000014040f43059
0000014040f43779
000001406d130459
00000140efad8899
000001413ba93ad9
000001414f2d8339
00000141ea6a3db9
000001429aee8c59
00000142ab37bd79
00000142c11628d9
00000142de877e39
00000142de8785b9
00000143711bde59
00000143a673c599
00000143a673da79
00000143bc904e59
0000028803e2de61
0000000000f88371
0000000000000181
000001452da28b79
00000145865b41b9
00000145f7c5b179
00000147b9423ef9
00000147cfe1b6b9
000001483e6541b9
0000014892d959b9
0000014911aadc59
000001496c996379
000001497fbcc459
00000149ebb9d859
0000014a585ea359
0000014b29763af9
0000014bc90b84d9
0000014bc90b9479
0000014c02308099
0000014c4db40b79
0000014c4db42439
0000014d066fac19
0000014d0c517899
0000014d4df7f419
0000029aa44d6c61
0000000000f88371
0000000000000181
0000014d5e3e2419
0000014d7390d139
0000014da99a20f9
0000014dab43ee79
0000014dcb717a39
0000014e096717f9
0000014e2cd1d679
0000014e714a4139
0000014e84ceb699
0000014e91968899
0000014f3381f1f9
0000014f63b7d799
000001514796cb99
0000015170aab879
0000015179dd28f9
00000151c4ef70f9
00000151ee1c60d9
000001521432ad39
0000015217ead719
0000015231e06219
00000152542c6619
0000015466932eb9
000001555e9194b9
000001555e91a879
00000155f113fd39
000001567ede4e39
000001567ede5059
000001569df9e559
000001569df9f939
000001569df9fa79
000002ad44b7fb61
0000000000f88371
0000000000000181
00000156c8d92739
000001572f2bfed9
000001572f2c0ff9
00000157507746b9
000001575e732ed9
00000157943864f9
0000015833dc4df9
00000158703d3699
0000015934282fd9
00000159438669d9
00000159db063559
0000015a3b79ac19
0000015a5d9b16b9
0000015a8e87b239
0000015a90335e19
0000015aaa9a7999
0000015ab0d837b9
0000015ab6a9de59
0000015ace2ca039
0000015ace2cb1d9
0000015bc05e3ef9
0000015c4c0da6b9
0000015d01846859
0000015d23d63a19
0000015d34fc00d9
0000015d7e054eb9
0000015d8594c679
0000015d8dc694f9
0000015e5fbed6f9
0000015ec83d3d39
0000015efa072719
0000015efa073799
0000015efa073ef9
0000015fe99f5a19
000002bfe5228961
0000000000f88371
0000000000000181
000001609d9e1cd9
000001614b584e79
000001624c85a359
0000016261e0a6f9
00000162edbd55f9
000001638a04fc19
000001639a0498b9
00000163b30120b9
000001641c0174d9
000001641c017df9
00000164304e75f9
000001645da580b9
00000164dce54659
0000016537ab68d9
000001657c8e3e79
000001659c1297b9
00000165cdca5879
0000016653559079
0000016675c482d9
00000166b11ca759
0000016740912479
000001674a212c79
00000167f87a22d9
0000016853dc69b9
000001685a8969b9
000001685beea199
000002d2858d1861
0000000000f88371
0000000000000181
00000169b734e899
00000169b7f2ac99
00000169bbfa4899
0000016a23d665d9
0000016a23d66759
0000016a6c91c7f9
0000016a7766e2f9
0000016ae176a2b9
0000016b04cd3a39
0000016b04cd9019
0000016bad135759
0000016c0494bdd9
0000016c246f3879
0000016c9b70ca59
0000016d442952b9
0000016d70704ed9
0000016d7db91d79
0000016d7db93099
0000016e2db2f159
0000016e4baa1379
0000016e9e83e639
0000016ea87827b9
0000016ea8789f19
0000016ec6f67af9
0000016eef8e4519
0000016f00959439
0000016f8f8fc679
0000016f8f8fdd79
0000017050e7b619
000001708300f799
00000171492adf79
000001714e638359
000001717399a059
0000017199cbc7f9
0000017245bef639
000001725d17f3f9
000001725d17f979
000002e525f7a661
0000000000f88371
0000000000000181
00000172f525b059
000001730ca2c819
00000173507a63b9
000001736a63e019
00000174290455f9
0000017438fe4d39
0000017438fe5d79
0000017438fe5fb9
000001747ef7eed9
0000017485734319
0000017485734ff9
00000174a5c23599
000001752dbe33b9
00000175e3eba119
00000175e3ebe479
000001766db321f9
0000017695332a99
00000176bdd93b79
00000176e1bb5b99
00000177a946e3f9
00000177aa650dd9
00000178638ed999
000001787d134899
00000178d70d8059
000001795e5007d9
0000017a0a224259
0000017a0a225d19
0000017a0a225db9
0000017a0a226479
0000017a129e1639
0000017a129e2779
0000017a129e2ed9
0000017a129e37b9
0000017a29bfcb39
0000017aa567e9f9
0000017ac1a08dd9
0000017ac1a0abb9
0000017b00932139
0000017b7c8c73d9
0000017bb67ea599
000002f7c6623461
0000000000f88371
0000000000000181
0000017bfdbbf2f9
0000017c1da074f9
0000017cac612879
0000017cb8d95139
0000017cc9e4dd19
0000017d11414eb9
0000017df3d626b9
0000017f02837e79
0000017f1a5f4999
0000017f41d73199
0000017f468750b9
0000017f76571839
0000017f77156699
0000017f77156df9
000001800024d939
000001800024e099
0000018000254d59
0000018011258db9
00000180abf0e879
00000181801ee799
00000181ff569c79
00000182223fa6d9
00000182583be859
00000182debac639
00000182e05ccc99
00000182fab5ded9
0000018325c60459
000001832f17d199
000001832f17e539
00000183551a3079
000001835c83abf9
00000183a3627239
00000183bc703ed9
000001842fe5dbb9
000001842fe5e319
000001845f290d59
00000184740bc979
0000018483bbb899
00000184ab8df739
00000184b4594439
00000184ea893639
000001851af239d9
0000018525e9c099
0000030a66ccc361
0000000000f88371
0000000000000181
000001858d118739
000001866912f519
000001869981f2f9
00000186d865d4b9
0000018708a70e99
0000018723d46a99
00000187b071f099
000001881459b339
00000188855e58d9
00000188a95e8e59
00000188e09b3999
00000189870ebbd9
0000018a130350d9
0000018afc3eccb9
0000018afc3ece79
0000018b1e2c3359
0000018b1e2c4cf9
0000018bfe559e59
0000018c6a066979
0000018d0a410cf9
0000018d37ee9919
0000018d98f3f9d9
0000018de2747199
0000018e2f182879
0000018e33182e19
0000031d07375261
0000000000f88371
0000000000000181
0000018f4255ac99
0000018f532a9379
0000018f532a9519
00000190ae271d99
00000190d86cd0b9
0000019109288eb9
00000191a28926d9
00000191b2f1af19
00000191dc17aab9
00000191dc17bd59
0000019233bb7d39
0000019233bb8fb9
000001923bbfca99
000001925e44e999
00000193afbd5c39
00000193b1ed4d79
000001941482f4f9
0000019430583db9
000001947356d8f9
0000019531193919
000001955e07b339
000001955f827599
000001958a814b79
000001958a815f19
00000195a5abe6d9
00000195b73dce39
000001962ebc54f9
000001968f92b339
00000196a70837f9
00000196babd5199
00000196cd61d739
00000196e06af2d9
000001979a06eb99
0000032fa7a1e061
0000000000f88371
0000000000000181
000001989494e1b9
000001992cb94a39
000001992d002c39
000001992d004599
00000199ffc7e799
0000019a54839b79
0000019a5dce6219
0000019a6c08c819
0000019b201f3759
0000019b26d57559
0000019b32c66ff9
0000019b42caf379
0000019b96d43279
0000019b9bf77b79
0000019cbd57a8f9
0000019cbf0a8ed9
0000019ccae12d19
0000019d0c6fb759
0000019d39413f79
0000019d76e59979
0000019db448e259
0000019dee8e3cb9
0000019f2d35f7b9
0000019fa802c059
000001a06313b459
000001a0885336b9
000001a0cc506939
000001a0dba76359
000001a11aa97379
00000342480c6f61
0000000000f88371
0000000000000181
000001a1a54248d9
000001a1ab3405b9
000001a1dd1bf2d9
000001a27fc2de59
000001a2f40cd939
000001a34499c299
000001a3c734ac39
000001a42abacf99
000001a481455379
000001a481729139
000001a48ecce959
000001a51fc20519
000001a5227bcd39
000001a54444b939
000001a5922c6439
000001a5b35d3bd9
000001a5b35d5199
000001a641866e39
000001a7b1903ab9
000001a8cbf93b39
000001a905e5cbd9
000001a939a06db9
000001a9516b64b9
000001a979a57b19
000001aa087b2399
00000354e876fd61
0000000000f88371
0000000000000181
000001aa760b79d9
000001aaab859339
000001ab07ba9039
000001ab5cee9b59
000001abb86a58d9
000001acdd9813f9
000001ad03c87039
000001ad1b58ee79
000001ad217ca839
000001ad217cbb79
000001ad266787d9
000001ad28710199
000001ad28711259
000001ad28711519
000001ad28712619
000001ad42b1c8b9
000001ad79e1c279
000001adbe3c5419
000001ade5dbd0f9
000001ae88db5859
000001afdf9416b9
000001b0323a8819
000001b098afbc79
000001b132c58f99
000001b14bb7a959
000001b24cee7259
000001b36beef639
000001b39c315bf9
000001b39c316df9
0000036788e18c61
0000000000f88371
0000000000000181
000001b434b129f9
000001b595b931d9
000001b6040e8899
000001b684bde439
000001b73401a6b9
000001b80ff75bf9
000001b82d1344b9
000001b8faa5bd59
000001b9e2f46499
000001ba1787add9
000001bae2a17239
000001bc08ca7e39
000001bcba765119
0000037a294c1b61
0000000000f88371
0000000000000181
000001bd2303f879
000001bd2c1c80d9
000001bd2c1c82b9
000001bd2c1c8379
000001bd2c1c9839
000001bd41f10bd9
000001bd41f13bb9
000001bd7f87a959
000001bd91c229d9
000001bd91c242b9
000001bdaf2f1099
000001bddb376bb9
000001bddb377319
000001bdf010b019
000001be3eb4e2d9
000001be7e747199
000001be7e748479
000001be7e74bed9
000001be850628d9
000001be85063059
000001be850639d9
000001bf3cca1079
000001c08620c1b9
000001c08620c3b9
000001c0ac965b79
000001c0ac96aef9
000001c1178e2979
000001c11e7fb099
000001c163a89b99
000001c1833520d9
000001c19242e779
000001c233fcf919
000001c250b41f39
000001c2929d68f9
000001c2e6b440b9
000001c31bfc31f9
000001c498696399
000001c4a87a5139
000001c534fd2a99
000001c54efe1039
000001c555f88759
000001c582e5cd99
000001c5851a7df9
000001c5b6a97e39
000001c604b1ef19
0000038cc9b6a961
0000000000f88371
0000000000000181
000001c6bb31b419
000001c6f2d12199
000001c71bde3939
000001c79d47ce59
000001c7ce52c939
000001c7e3bbcd39
000001c7f0ad92d9
000001c81407faf9
000001c844cd0919
000001c848b7d5f9
000001c848b7e819
000001c8583e9a39
000001c94f9ad119
000001c957edd499
000001c9d516c159
000001ca2654ac59
000001ca6f778119
000001ca7e59bd79
000001cac83bcf19
000001cb425240d9
000001cb57d5ebd9
000001cb6a1ca419
000001cb6a1cab79
000001cb9e823ed9
000001cbd27ac6b9
000001cbd6d89cb9
000001cc7f37e459
000001cc7f380dd9
000001ccc26b5319
000001cdf3224cb9
000001cdfe4f6919
000001cec53ba499
000001cec53bb5d9
000001cec53bd2d9
000001cee5e5d1b9
000001ceed683799
000001ceef42aad9
000001cf045ab219
000001cf3710bc19
000001cf46fb62f9
000001cf4c776339
000001cf4d1df3d9
0000039f6a213861
0000000000f88371
0000000000000181
000001cfe4df7119
000001d023274f99
000001d04d8d82f9
000001d0595afcb9
000001d06f57cb99
000001d1117bb319
000001d11d0c09b9
000001d1210c98d9
000001d1c0311af9
000001d2046135b9
000001d22ad5c8d9
000001d25aebc759
000001d28594c479
000001d28594e5b9
000001d2e9cf04b9
000001d37c2a28b9
000001d45d5d4519
000001d5c68a2879
000001d607be7b79
000001d6b5a8e3d9
000001d6b5a8eb39
000001d6f62e2539
000001d7743efd19
000001d790e2a2b9
000001d7bbeeb039
000001d818cf0499
000001d81f028a99
000001d84ebb6b99
000001d8eb15b079
000003b20a8bc761
0000000000f88371
0000000000000181
000001d91ce2ae79
000001d9550b3279
000001d9550b4339
000001d967ba6bf9
000001d977e97ad9
000001d97a5e27d9
000001da04256419
000001da04257779
000001db336c6ad9
000001db88b9e119
000001db9fb1ea99
000001dbc902e219
000001dc0ffaa1d9
000001dc43756bf9
000001dc50c82019
000001dc651a47d9
000001dce81c1399
000001dd1289c899
000001dd1289da39
000001dd1289dbf9
000001dd21205479
000001dd4f56eab9
000001ddcbdd5479
000001ddfdc27b59
000001de01019d59
000001de6324bfb9
000001de7127de79
000001de7f2fb2b9
000001dee5ef2259
000001df1578c239
000001df2618ff39
000001df5e7ffff9
000001dfc86d6259
000001e04d9eb979
000001e04d9eccb9
000001e07a50f8f9
000001e081d90e59
000001e081d915b9
000001e08b8868b9
000001e08b887759
000001e08b8888b9
000001e0de8269b9
000001e0de827e59
000001e0e9fd40b9
000001e1491a3ff9
000001e150784c19
000001e150785eb9
000001e1de1f7799
000001e1f30b66f9
000001e1f30b7999
000001e2179f88d9
000003c4aaf65661
0000000000f88371
0000000000000181
000001e27adbc619
000001e34cbbe1b9
000001e4b5816e79
000001e4b58186b9
000001e4b58192d9
000001e599896319
000001e606cb3939
000001e608d81b79
000001e67db80f39
000001e6c96a1bf9
000001e71d224a39
000001e71e6cf479
000001e79372d379
000001e82d492b19
000001e84fb3b859
000001e890df7af9
000001e8e8135df9
000001e9234a76f9
000001e958ef3e39
000001e958ef4599
000001ea5abf7099
000001eaa00e0199
000001eae1984819
000001eb3acb07f9
000003d74b60e461
0000000000f88371
0000000000000181
000001ebf9475af9
000001ebf9476b59
000001ebf94772f9
000001ec0c39f239
000001ec4832ab59
000001ec7d9e47d9
000001ed0af1d739
000001ed744b8519
000001ee95f14279
000001ee9bd17539
000001eef3286839
000001ef0fccdd19
000001efac3bb799
000001f02f047139
000001f0cb5d6179
000001f11885c699
000001f1545427b9
000001f17d7cc399
000001f1dc6d1b79
000001f32a5afc59
000001f371e6fdf9
000001f3a3982fd9
000001f3b965b779
000001f3f92d4ef9
000001f40b3d6159
000001f410ecf7b9
000001f43248ee39
000003e9ebcb7361
0000000000f88371
0000000000000181
000001f521fc4759
000001f521fc48f9
000001f597dd1ad9
000001f597f01af9
000001f64f9e8939
000001f669b6ea59
000001f67b7d4379
000001f787426279
000001f7c32b3df9
000001f7c32b4559
000001f82449df19
000001f82449e679
000001f82a19e6d9
000001f82a1a22f9
000001f82a1a24d9
000001f8684bae79
000001f8b446a939
000001f8f1459159
000001f9249130d9
000001f93c2cd299
000001f9b1d0d3b9
000001f9ec06d9b9
000001f9fa898ad9
000001fb79ea7a19
000001fb7e8d5419
000001fbc2832439
000001fbe3dbdab9
000001fc7bdf41d9
000001fcd61b8ad9
000001fd813f1fb9
000001fd8fbc4959
000001fdd13ff159
000001fe1862f339
000003fc8c360261
0000000000f88371
0000000000000181
000001fed3270a19
000001fed3271d79
000001fed3272039
000001feda926b19
000001ff13f1eb19
000001ff1bbf92f9
000001ff1bbfa7d9
000001ff2efc15b9
00000200384775d9
000002004f095af9
000002007a53e479
00000200d966f3d9
000002014a52add9
000002020dff89d9
00000202fc552219
00000203161fa499
00000203faf62c99
0000020477b1f999
00000204ec6e07d9
00000204ec6e17f9
00000204f8dc4e79
0000020587cb0e79
00000205f58c7f19
00000205fa8306f9
000002062b07e439
000002067ac73d39
00000206aec69e39
0000040f2ca09161
0000000000f88371
0000000000000181
00000207f6e77599
00000208ed3b03f9
000002091e97ad79
000002091e97b4d9
000002094a70afb9
000002097c4b5479
00000209da441b39
0000020a1a31e299
0000020b4693bd59
0000020b4693cc99
0000020b4d4bc5b9
0000020b56e9df79
0000020b9b447f59
0000020c221ac3f9
0000020d05c578b9
0000020d05c589b9
0000020d14fbceb9
0000020d5dea4439
0000020d7b3a2839
0000020dcf88d839
0000020e5f775ef9
0000020e5f777419
0000020e8b74fbf9
0000020eb77e9859
0000021064eb1259
00000421cd0b2061
0000000000f88371
0000000000000181
00000211919ae1f9
00000211aa68df99
00000211ccc14c99
00000211ec48fd79
00000211faa7f019
00000211faa86879
00000211fad59119
0000021295d5eb19
00000212c4b26c59
00000213353184b9
00000213bceaf1f9
00000213e18b4859
00000214234e4639
0000021423ece2b9
000002151e333059
0000021531d07b59
0000021540b4d0d9
000002156c49ffd9
000002159443def9
00000215994f5919
00000215ce265739
0000021625b1b759
0000021843c2bc99
0000021843c30359
0000021880ee39d9
000002189cc3bdd9
00000218f6b83e19
0000021941027c79
00000219665ba5d9
00000219b0fb6959
00000219b0fb7b19
00000219d36152b9
000004346d75af61
0000000000f88371
0000000000000181
0000021a46b9b4f9
0000021a62a43659
0000021a9e7fdbb9
0000021ae31f98b9
0000021aefa80559
0000021c3ac079f9
0000021c819383b9
0000021cfe9d32f9
0000021daa614f59
0000021e159d9739
0000021e38cd43f9
0000021e89653639
0000021ed84c8739
0000021efe604899
0000021fb4fb1639
00000220e87f43d9
000002210dd648b9
00000221378e2b79
0000022176930e39
000002218e27eeb9
000002222dcdc719
0000022254938539
0000022288513dd9
00000222bc3149d9
00000222c6bc9299
000004470de03d61
0000000000f88371
0000000000000181
00000223881433d9
000002241241b219
000002241f46c399
000002242d729659
000002242d729819
00000224813f5539
0000022603becdf9
000002260bfd7619
000002260bfd7ef9
00000226391b15b9
0000022663a5fe79
000002266c320af9
0000022675be41b9
0000022675be4239
0000022675be4919
000002281273cdf9
00000228145cd8d9
000002291c3ee519
00000229285403d9
000002292e6e9d99
0000022945e5f2b9
0000022951e44db9
0000022963a0c1d9
00000229b3807cb9
00000229b703dd99
0000022a5dbf3079
0000022af441e919
0000022b4d8ac019
0000022b652b9599
0000022b9cae2499
0000022ba9ca1739
0000022ba9ca1f99
0000022cb5cc9af9
0000022cc1314279
00000459ae4acc61
0000000000f88371
0000000000000181
0000022cea8b7fd9
0000022d1f3f2db9
0000022d1ffa3059
0000022d44afa119
0000022d47570479
0000022d47571ad9
0000022d47571f79
0000022d6d53a8b9
0000022dc2835bd9
0000022dc29e7d79
0000022e2f3f0039
0000022e7860acd9
0000022e88706959
0000022ede549719
0000022ede54b039
0000022f1b9a0679
0000022f84922679
0000022fbd2e9179
0000022fbf0df6f9
0000023012473739
0000023051ea2239
00000230dc4a7cd9
00000231f102d399
0000023211ccc5f9
00000232e2fed719
00000233395e8e59
0000023420672819
0000023435b5cd39
00000234626b1579
0000023497a629b9
00000235490fb119
0000046c4eb55b61
0000000000f88371
0000000000000181
00000236a899a779
0000023705a8ba79
00000238158f6139
000002386e251719
000002386e257779
0000023875eadb59
00000238afaae4b9
0000023905f6f719
00000239978d8819
00000239cc247d59
00000239cc247ed9
00000239db9301f9
0000023a5af77899
0000023ac9310d59
0000023af8912f39
0000023b1b2623b9
0000023b6c257579
0000023bafa67a19
0000023be2f43699
0000023c22b06899
0000023c7c83db59
0000023cde70bd39
0000023d243fcd99
0000023d74415d19
0000023d74417539
0000023db285aed9
0000023dbf332759
0000023e2315af79
0000023f09ff3059
0000023f09ff49b9
0000023f1c3baa39
0000047eef1fea61
0000000000f88371
0000000000000181
0000023f7d7be399
0000023fb19ae639
00000240038555f9
00000240797773b9
00000240e530f8d9
0000024119c071d9
000002414e8ce799
000002418b41c119
00000241b3757df9
00000241ece61399
0000024215f9b359
000002425144adf9
00000242fbea80b9
000002430a98b059
000002435195d179
0000024384ab1f39
00000243a054c3f9
000002443a4ff4d9
000002447c223b79
00000244b990f0f9
000002450a3bde99
000002460355d1d9
000002467cb03cb9
000002477688d219
000002480c288579
000002485a87a639
0000024869875ef9
000004918f8a7961
0000000000f88371
0000000000000181
000002493ccdb2b9
000002494abb3619
0000024a3cf84379
0000024b3da720f9
0000024b6f090f19
0000024b913b1f79
0000024bfc928059
0000024c51308899
0000024c5130a119
0000024c90c15a79
0000024d48731639
0000024d48738bf9
0000024dc73ccbb9
0000024dd31da7f9
0000024dd40fdc39
0000024e0f967019
0000024e6592f959
0000024e841685f9
0000024ea7f30059
0000024eaecc2a99
0000024f261e2b59
0000024f54e40639
0000024f54e41999
0000024f980b4f79
0000024fe44198b9
000002508240c139
00000250c5e12cd9
0000025102b4a0d9
00000251106bb699
0000025133a82e99
0000025133a83df9
000002516ef541d9
000002516ef549f9
000002516ef55139
00000251b7954899
00000251bcd5be39
00000251d9f433f9
000002520071cf99
000002520d35b4b9
000004a42ff50861
0000000000f88371
0000000000000181
000002524e502e79
0000025451e7a019
000002549a29ec39
000002574ef5a899
000002575955d519
000002575955e419
000002575955e879
0000025790b5f679
00000257afea88d9
000002580848ab19
0000025862b89d79
000002586be5fb39
00000258a5e7ec99
000002591b6fafd9
000002597fc88d99
0000025a0cb16459
0000025a175030d9
0000025a2974f1f9
000004b6d05f9761
0000000000f88371
0000000000000181
0000025b6a6a2d39
0000025b6a6a3499
0000025c1ff34079
0000025c5b7e7fd9
0000025c76b45d59
0000025c76b45f39
0000025ccd789999
0000025ccd790d59
0000025d5f264279
0000025d5f2649d9
0000025d6cd2e879
0000025d81e9d799
0000025dc6b097b9
0000025ed4709bb9
0000025ee1095bd9
0000025fed09f959
00000260463b9239
00000260a22ea8f9
00000260a61642b9
00000261015cba99
00000261015cea99
00000261015cebb9
0000026106040a19
00000261d7abdc79
00000262e5640499
00000262e5642fb9
00000263564b47f9
000002635cf3c199
00000263b9c5f899
0000026416b77f79
000002646874b679
00000264a049f8b9
000004c970ca2661
0000000000f88371
0000000000000181
00000265027309d9
000002653ce48dd9
000002655476c799
00000265c13b55d9
00000265d2867df9
00000265e6d52d59
00000265ec120559
000002663353de99
000002664687cc99
0000026657a1e219
00000266b22aa579
00000266ec7eef59
00000268100c3519
000002686925e559
0000026883765b19
00000268af57b819
00000268cfa1fb99
00000268cfa25199
00000269325a2df9
0000026937c03319
0000026937c08759
0000026937c0d9b9
0000026954a5c099
000002696475b399
0000026985161f99
000002698b0831f9
00000269c3f81579
00000269da8b8a59
0000026a13b53f39
0000026a4486f1b9
0000026a4486f3d9
0000026af61409f9
0000026b0d17e699
0000026b32fb8b39
0000026b32fba0f9
0000026b588ad799
0000026bbd0aaa79
0000026bd29ee959
0000026c65c27559
000004dc1134b661
0000000000f88371
0000000000000181
0000026f7a411239
0000026fc12ff0b9
000002703fee37d9
0000027049b7a139
00000270affa4679
00000270fc74a2d9
000002723bcd1959
00000272aa880c79
000002730efea599
0000027310a79cb9
000002738d1dc719
00000273a8e3d279
00000273e2578519
00000274613b5339
00000274613b54b9
00000275424de159
000002764739edd9
000002768ea2acf9
000002768ea2c0b9
000002768ea2c559
00000276ddb44fd9
00000276ee78d7d9
000004eeb19f4561
0000000000f88371
0000000000000181
000002776af2f299
00000277a427dcd9
000002787af10779
000002787af10819
000002787af10979
000002787af10ed9
000002787af11099
00000279526de7d9
0000027984013a79
00000279840141d9
0000027ac268e799
0000027b8be212d9
0000027bf7b9d779
0000027c229765d9
0000027c99075979
0000027cc56d4af9
0000027d1dba9d99
0000027de89927f9
0000027e483ba3b9
0000027e483bb9f9
0000027e7b84fa59
0000027e975ac4d9
0000027f66c1fe59
0000027f66c20059
0000027f77fbad19
0000027f841f5bf9
0000027fbab5a8f9
0000027fbab5bb99
0000027fbab5d3b9
000002800c595999
000002800c595b19
000002801424ba79
000005015209d461
0000000000f88371
0000000000000181
0000028100a18d79
0000028147ddc299
0000028246e05bf9
0000028246e0d179
00000282727f64b9
000002829430a139
00000282da29f579
00000282f233acd9
000002837f904cd9
000002841f4a98d9
00000284ac7b12b9
0000028556d49ad9
00000285f002a039
000002863c05a159
000002864509d4b9
0000028676a6f9d9
000002874162bc19
0000028764c7ff59
0000028799cd0479
0000028799cd22f9
0000028830c564d9
0000028887197e79
00000288f6fa6b59
00000289d30d6dd9
00000289dba4b2f9
00000513f2746361
0000000000f88371
0000000000000181
0000028a0a625c99
0000028a309e5379
0000028a30b90cd9
0000028afa242599
0000028b462aa639
0000028ba71f8879
0000028bc7022cf9
0000028c72b8ef59
0000028c72b90399
0000028c72b94ff9
0000028c7eaba1d9
0000028c86e35339
0000028d050088d9
0000028d74d4f619
0000028d85f6a3f9
0000028d85f6c6d9
0000028e2d496fb9
0000028e8aff5999
0000028edd512499
0000028edd512bf9
0000028edd513779
0000028f20d48499
000002905ced28b9
000002911bd24e99
0000029144f066f9
000002920c62d959
00000292614f7db9
00000292885447f9
00000292885466f9
0000029311bba9b9
0000052692def261
0000000000f88371
0000000000000181
00000294027409d9
0000029473cfb8b9
000002954c9c7919
000002959ae5e979
00000296ae3ee2b9
00000296ae3efa19
00000296ae3f0d19
00000296ae3f6b39
00000296e91a4359
0000029705f5e959
000002971c19ccd9
000002975a91fb79
0000029788d38bb9
0000029894ffc979
0000029904264c99
0000029933a09579
00000299e62d2a99
0000029a0e572f99
0000029a2a228cd9
0000029adbaaa779
0000029b38e8a459
0000029b38e8b5f9
0000029b4b1609d9
0000029b9b9fb939
0000029ba83240b9
0000029ba83256f9
0000029bb0f25519
0000029bb0f2bbf9
0000029c3fdc70f9
0000029c553751d9
0000029c7f996139
0000053933498261
0000000000f88371
0000000000000181
0000029ca536f799
0000029ce462bd19
0000029d28572539
0000029e24afca79
0000029e44ff69f9
0000029e563033d9
0000029e7b3b62d9
0000029ea4645439
0000029ebb6a1219
0000029f68ffae39
0000029f6cddc359
0000029f8665c999
000002a024318179
000002a04741cbb9
000002a083c669d9
000002a0a8b47c39
000002a130eb0ed9
000002a1a2fe51f9
000002a1bda66e19
000002a1e7718579
000002a1e7718799
000002a1e7719919
000002a2097e6579
000002a27b489939
000002a27b48b7b9
000002a2a4dd72b9
000002a333b3b399
000002a34fadf679
000002a351330ef9
000002a3f066a939
000002a4401fafd9
000002a46c43d959
000002a481b533f9
000002a4c8282ab9
000002a4ebbf4a19
000002a541ba3c99
000002a54c4e5499
000002a59cacb3f9
000002a5a80b3399
000002a5acfa35b9
0000054bd3b41161
0000000000f88371
0000000000000181
000002a5ea99dcb9
000002a6444bd479
000002a6648451d9
000002a6a58123f9
000002a727bd19d9
000002a739e82659
000002a739e844f9
000002a8821001b9
000002a885f6aa79
000002a8de6dd4f9
000002a94147f879
000002aa259bb619
000002aa7addbf19
000002aa9cbaa519
000002aae89d68f9
000002aba7bf46d9
000002acba4054f9
000002ad163e6e39
000002ad278a5659
000002ad2e1b9e19
000002ad48b20ef9
000002adb2e36379
000002ae11bd3279
000002ae1bec55d9
000002aea5785399
000002aeabc515d9
000002aeabc530b9
0000055e741ea061
0000000000f88371
0000000000000181
000002afabaaae19
000002afb9982379
000002afbf3dba59
000002b0acfad8d9
000002b0d016f279
000002b0e2705479
000002b0e83a6d59
000002b111852e79
000002b1feca69d9
000002b1feca7e59
000002b2e5c7bcf9
000002b30e838b79
000002b353443fb9
000002b353449159
000002b40500fdb9
000002b42708bcd9
000002b4c05994b9
000002b4ed2555b9
000002b5d535dc39
000002b5e695ad19
000002b5e695ae99
000002b61d6ec639
000002b61f237d19
000002b64b753639
000002b6cc9afd79
000002b6cc9b0679
000002b6cc9b0979
000002b7bfe0d419
000002b7d4beac39
000002b7d4bebf79
000002b882e86b19
000002b882e91699
0000057114892f61
0000000000f88371
0000000000000181
000002b90b1607b9
000002ba4cc646d9
000002bacec20b99
000002baffdee759
000002bb4ee9d719
000002bb61bec019
000002bb64835a39
000002bb86c47fb9
000002bc08b5ced9
000002bc08b5dd99
000002bc08b5ecd9
000002bc08b605b9
000002bc45392c99
000002bc4a2fde79
000002bc4a2ffd59
000002bc820a2499
000002bd53d3af19
000002bd8ec40c79
000002be013c7099
000002be281e96d9
000002bf6058e939
000002c0ee806879
000002c131362e39
000002c16acfea39
000002c18571ccd9
00000583b4f3bf61
0000000000f88371
0000000000000181
000002c1f7ac3db9
000002c2382e34f9
000002c2382e3dd9
000002c249f0d459
000002c2839dfc19
000002c2d8ae96d9
000002c2dc43ee79
000002c2f8f131f9
000002c33446d199
000002c372e56439
000002c410d10e39
000002c436ec5879
000002c4a7471859
000002c4a7472bd9
000002c4abf8ddb9
000002c4d7f92759
000002c674ecbfd9
000002c67fbeedb9
000002c6a87b6199
000002c6e175e159
000002c6e496e659
000002c6f4dec4f9
000002c758197759
000002c87b783879
000002c98ca9e679
000002ca1f70fbd9
000002cab71406f9
000002caff267df9
00000596555e4e61
0000000000f88371
0000000000000181
000002cb89ece719
000002cbb550c3b9
000002ccbdcec399
000002cd397cd739
000002cd720a0b59
000002cd846154d9
000002cdace98d99
000002cddf600af9
000002cdec46b8d9
000002ce48f3f2d9
000002cea31d9359
000002cf6e36ca79
000002cf6e36e8f9
000002d033fb6239
000002d096b84579
000002d1cecbf899
000002d1d0624fd9
000002d1e2a74859
000002d2120de599
000002d224c9b7d9
000002d224c9cb79
000002d224c9cd39
000002d26ef3d419
000002d283976e99
000002d2e2c20179
000002d3af073c59
000002d3af0757f9
000002d3b3001499
000002d3c8568119
000002d3d6d9f8b9
000002d400d21899
000005a8f5c8dd61
0000000000f88371
0000000000000181
000002d47fe83d99
000002d492c10bf9
000002d4a3ba2579
000002d4a3ba3ab9
000002d4b4ae6579
000002d4c19b4eb9
000002d53a992219
000002d567854799
000002d5767cf7f9
000002d5821fc479
000002d5dfd37dd9
000002d5e5dd4f19
000002d63f54a559
000002d649019739
000002d64901aa39
000002d6951db119
000002d6c50d14b9
000002d6c50d4319
000002d6c6f36d19
000002d724f1ed99
000002d7888f4219
000002d7b6e2cd39
000002d818bd9f39
000002d8308f3999
000002d8308f4b39
000002d929519e99
000002d93fe792d9
000002d942852519
000002d956cdb159
000002d96a8994f9
000002d9f4ad4419
000002da16151599
000002da16151e19
000002da161529f9
000002db64c53579
000002dc4f0ff879
000002dc5bddd599
000002dc5bdde939
000002dc7e1006f9
000002dc7e100899
000002dd6ecc28b9
000002dd79c2b019
000002dd7f48e4d9
000002dd9680f959
000002ddb1e361d9
000005bb96336d61
0000000000f88371
0000000000000181
000002ddfe4e78d9
000002deb2a02e79
000002df03670159
000002df036708b9
000002df3496d579
000002df3496f5d9
000002df349731b9
000002df34e9da39
000002df38327ad9
000002dfc89189d9
000002e04d1bc419
000002e0540d15d9
000002e0606a6e19
000002e11ec3a9d9
000002e1d5850f59
000002e28a41f219
000002e34f602f99
000002e34f603c59
000002e36a5fa3d9
000002e3e5ce64d9
000002e3f52afb99
000002e440e13939
000002e44a5b1b39
000002e4946c5cf9
000002e4946cd259
000002e4c8d86ef9
000002e54ea33559
000002e54ea34ad9
000002e5976e8219
000002e60c7d9619
000002e6262afdd9
000002e6951f67d9
000002e6b3693e39
000005ce369dfc61
0000000000f88371
0000000000000181
000002e71e6e0cb9
000002e74b200539
000002e7ba932799
000002e7c78aca99
000002e824465979
000002e82ae4c239
000002e83592c179
000002e83c841eb9
000002e8f7c0b459
000002e978c050b9
000002e9842aa039
000002eb261910d9
000002eb26191979
000002ec740fb419
000002ecbf3fad19
000002ecc006aff9
000002ed5ca06559
000002ed96754799
000002ed96755c19
000002edac4b4d19
000002ee5634c9d9
000002ee8b77e7b9
000002ef24727c19
000002ef24728f19
000002ef24729659
000002efee16f399
000002f040841bf9
000002f041ceff19
000005e0d7088c61
0000000000f88371
0000000000000181
000002f0830138d9
000002f083014399
000002f09eb52259
000002f0ef470ff9
000002f10b5bb619
000002f10b5bb859
000002f1855d0359
000002f2052438d9
000002f214d3e019
000002f2160da839
000002f2e76ad039
000002f3519ac919
000002f3519b1339
000002f36f1453f9
000002f46badb439
000002f4c2c27699
000002f4c9b4a579
000002f54f1059b9
000002f5906d90f9
000002f5d6671d99
000002f62bbe1d39
000002f64a0feb39
000002f64a0ffe19
000002f6e4ea92f9
000002f6e4eaeb99
000002f707d55899
000002f77bf675b9
000002f77bf70ab9
000002f7b18fd6b9
000002f8000fb219
000002f91bef2859
000002f93e169619
000002f953be6e79
000002f977ac97b9
000005f377731b61
0000000000f88371
0000000000000181
000002f9de2af839
000002fa6e0a2079
000002fa7241a1b9
000002facee98339
000002fb16da61f9
000002fb4997fbb9
000002fb79a65a19
000002fb85de5199
000002fb8ea299b9
000002fbc6dade79
000002fbf5a8d4f9
000002fcdeaeef99
000002fd2f9410d9
000002fd36d7dbd9
000002fdba1b25f9
000002fe727234b9
000002feb75517f9
000002fed659c799
000002ff0b9e5859
000002ff3f90fab9
000002ff825672d9
000002ff82568319
000002ff82569a19
0000030019374419
000003003fe7cc19
000003006afb3ad9
00000300e138a2b9
000003013fe041f9
0000030189b2bf99
00000301f9856cd9
00000302a1667d39
00000302a1667f39
00000302ed998cf9
0000060617ddab61
0000000000f88371
0000000000000181
0000030388eed779
00000303891408b9
0000030389142f79
00000303e0200e19
00000303f426a8f9
000003043bde5579
00000304f8d406f9
000003061f99e2d9
00000306244b9319
00000306244ba3d9
00000306244ba539
00000306a0ebfaf9
00000306bd20e659
000003079f3d1379
00000307fb286fd9
00000308f73d11d9
0000030915aa5b79
0000030a23e03059
0000030a871e5339
0000030ac94fea19
0000030b0ab87f79
0000030b31fc8019
0000030bb3bc0899
0000030bb3bc89d9
0000030c17d04dd9
00000618b8483a61
0000000000f88371
0000000000000181
0000030c6d599959
0000030cfe258a99
0000030e9dfa04d9
0000030fa6263dd9
0000030fa62652f9
00000310264a9e39
00000310b49fc099
000003113d53bf79
0000031153dbb459
000003118bcd9b99
000003118d5be039
0000031218c67899
00000312601e1bd9
00000312678d4d99
0000031268aacbd9
0000031268aae6d9
00000312af12c499
00000312af12e439
0000031334103a19
00000313389bc699
0000031355be0319
000003137da54cf9
0000031475215e59
000003149dd15519
00000314cb5767d9
00000314cb577839
0000031598ec7519
0000062b58b2ca61
0000000000f88371
0000000000000181
000003160ce1d5d9
000003160ce1f399
000003160ce1f419
000003160ce1faf9
0000031654abd6f9
000003166af15fb9
000003166af16179
00000316fac55f39
0000031767f5c3b9
000003176db3b459
000003176db3c519
0000031804624779
00000318423d6399
0000031847b2c599
000003189893ca39
00000319264c0959
000003192c3b8bd9
0000031936201639
00000319362032b9
00000319b2331b39
0000031a50b71a59
0000031a7c4cf119
0000031ab17361d9
0000031ab173bf79
0000031b29c669b9
0000031b686800f9
0000031c09d05479
0000031ce7925959
0000031d142ffcf9
0000031d2b1ed659
0000031dca353939
0000031e08f386d9
0000031e3260e699
0000031e3ca29959
0000031e4be833b9
0000063df91d5a61
0000000000f88371
0000000000000181
0000031f521163f9
0000031fbcd85f39
0000031fcba00759
0000031fcba00919
00000320716fce19
0000032100d9f259
0000032124424319
000003219d7fa5d9
00000321a7dbcad9
000003222cd0a719
00000322b1f598d9
00000322bc582459
0000032350e9b439
000003238a8d9839
000003246fbbae99
0000032553cfb799
0000032639615eb9
000003268e6cdb19
00000326caa92939
00000326caa93a39
00000326f0c45519
0000032703847719
0000032798a80eb9
00000327a7c46a59
0000032838b78b99
000006509987e961
0000000000f88371
0000000000000181
0000032852b2e459
000003288d4254f9
00000328c7ec1e39
000003290fb7d239
000003290fb7e4d9
000003292844c319
000003296be17359
00000329ca0946b9
00000329fd6e2cf9
0000032a96bebff9
0000032ae5c747d9
0000032b1927bbb9
0000032b3d0ead39
0000032b47a544b9
0000032bb81864d9
0000032bb81874f9
0000032bd4178ff9
0000032d58383d39
0000032d58384b99
0000032d5effc0d9
0000032e322508f9
0000032e9239de99
0000032e9ef71cf9
0000032eac326b99
0000032eb7c48c39
0000032ebafd6a79
0000032ebdc07e59
0000032ff6a987b9
0000033083489839
0000066339f27961
0000000000f88371
0000000000000181
00000331c812da39
00000331c812f779
00000333c21f3bd9
00000333c21f3d79
00000334230aea39
00000334230afdd9
00000335043f1fb9
000003353b35cf59
000003358132fbf9
00000335b9c70159
00000335cc670659
00000335cc6707f9
00000336f265e3f9
00000336ff52feb9
0000033742a72e79
000003378b221819
000003384b436b59
0000033895a5cad9
00000338b0cb7d39
00000338c2320999
00000338dcb0e479
000003390dd1c0b9
000003390dd1d199
00000339c1f32479
00000339cc5f0cd9
0000033a7278b2f9
0000033aaf8bf839
0000033ab25bc519
0000033ae6a69999
00000675da5d0961
0000000000f88371
0000000000000181
0000033afe04e319
0000033b1da989f9
0000033b843136f9
0000033be805bb79
0000033be805bd59
0000033c18ffd6b9
0000033c58fee459
0000033c784dc639
0000033cde642219
0000033cde6423b9
0000033d48c9b559
0000033d961a0b39
0000033e77da22f9
0000033e79df9ad9
0000033f084f76d9
0000033f2d149a99
0000033f434b2339
0000033f434b2539
0000033f562afd19
0000033f5650e9f9
0000033f6d5d0319
0000033f6d5d1539
0000033f75cff3b9
0000033fc77dae79
0000033fd46cf679
000003401d60a3f9
0000034029e11ff9
00000340ffb0b299
000003410a5793d9
000003410a57c279
00000341168a6819
00000341c731d839
00000342cd877119
00000343a2a951d9
00000343aea385d9
00000343b9d1f219
000006887ac79861
0000000000f88371
0000000000000181
000003444768f1d9
0000034449b16bb9
0000034497b20e79
000003449ca81b59
00000344f0c7a119
00000345b84a2c19
00000345c7058639
000003460f8f4119
0000034629934a59
000003467301c7f9
00000347053168d9
00000347f6a067f9
0000034821ca9799
000003487c3b23d9
0000034883814bf9
0000034891a043d9
00000348f757e639
00000348f757edb9
00000348f9d05e39
000003494e9ead59
000003494e9eb579
000003494e9ebf19
000003494e9f1dd9
000003496c17d659
0000034a6c36e879
0000034b2b6b0b39
0000034b422b6119
0000034bf0d840b9
0000034c52724739
0000034c93d7b139
0000034cdae0c179
0000034cde61b1f9
0000034cde61c8f9
0000034d082f2459
0000069b1b322861
0000000000f88371
0000000000000181
0000034dff934a39
0000034f18a34739
0000034f18a34979
0000034f68714779
0000034f824310f9
0000035067978f79
000003508ef070b9
00000350a938fe19
00000350c64b4539
00000350fd5c4cf9
0000035141f812d9
00000351951588b9
00000351c07426f9
00000351c5ecfb79
00000351d52f0d19
000003520b6f0059
000003536d52eeb9
0000035376ca8c39
0000035385bb7a99
00000353f26263b9
0000035419e598d9
000003542b15b2f9
00000355e209a019
000003561087a4b9
000003563031a639
00000356722541f9
00000356b144e4b9
000006adbb9cb861
0000000000f88371
0000000000000181
000003573d69e879
000003577c2da1d9
000003578c583659
00000357c16a3d79
00000357c16a5899
0000035881e461f9
00000358a5785919
00000358adb439d9
00000359e8bc5539
0000035a00cf05b9
0000035a1e74e899
0000035a1e74f599
0000035a23db7e19
0000035a47490eb9
0000035adaa1e2d9
0000035c26d281d9
0000035c4a1c8a19
0000035cb7bbefb9
0000035cc4ec7c39
0000035ce3120a19
0000035cea27c8d9
0000035d1c822479
0000035d5b576139
0000035d70e53719
0000035e4c24b699
0000035e50d5b539
0000035eacedacb9
0000035ee5915ed9
0000035f59944239
0000035f6f966cd9
0000035f83342c19
0000035fa011e4d9
0000035fed1e5799
000003600d28d259
0000036016ae6019
000006c05c074861
0000000000f88371
0000000000000181
0000036061bc2e79
00000360d55d2279
00000360ecdf4079
000003612917b039
000003621af5ec19
000003625777fbd9
000003625777fdb9
0000036399e588f9
0000036431715639
000003645bd206f9
000003649a5fc5d9
00000364d7f83399
000003654a220479
000003663759cff9
00000366375a3af9
00000367cb507659
000003681aa92cd9
000003681aa98319
00000368654e2bf9
000003686b503639
00000368d42a4439
00000368d42a4c79
000003693d0d0739
000003694837ff79
000003697aa07839
000003697aa0f279
000006d2fc71d761
0000000000f88371
0000000000000181
00000369e2f7eff9
0000036a19491e79
0000036a49263bb9
0000036b5c2639f9
0000036bced921f9
0000036be4146a79
0000036c5930a999
0000036d7984c8b9
0000036dbba066f9
0000036e32b09c79
0000036e41f22839
0000036e792a9d79
0000036ecf92e7b9
0000036ef55b2819
0000036f2bac4279
0000036f2bacaed9
0000036f881be9f9
0000036ff45cd159
0000037089192bf9
000003709749a099
00000372367678f9
000003724e1cb619
000003724e1cbd99
000003729b31c819
000006e59cdc6761
0000000000f88371
0000000000000181
0000037306da8679
0000037355092a79
00000373b6850179
00000374326974f9
000003745155fb99
00000375124dd0b9
0000037513fb8239
000003753f3cec59
000003761babfbb9
000003766b6c4259
000003770e40cad9
0000037735343559
000003775f5bd619
00000377af054e39
000003782f0ae5d9
00000378ae6367d9
00000378d5777d99
00000378e9d62979
00000378e9d63b39
000003790c173159
000003790c173fb9
000003790c174319
00000379cfecb2b9
00000379cfecb799
00000379d03a2799
0000037a1cbae939
0000037a1cbaf179
0000037a281b20d9
0000037acc6a3399
0000037b04e3bb39
0000037badfc85b9
0000037bc8c5d879
0000037bdd5a0599
0000037bdd5a5bd9
000006f83d46f761
0000000000f88371
0000000000000181
0000037c228671f9
0000037c4ae04e59
0000037c87bdaa59
0000037c87bdbbb9
0000037cb19d0139
0000037d1b3345b9
0000037d1b336c79
0000037d822645d9
0000037d9f5ad239
0000037e4a6f03b9
0000037e807622d9
0000037efd2553b9
0000037f913c9459
000003805bdb3599
00000381055c2a79
00000381895ad5f9
000003818aac6e79
000003818f4696d9
000003818f46bbd9
00000381c10fde39
0000038208a93899
000003825c617199
0000038298e834d9
000003830afdb279
00000383b04f88b9
00000384789182b9
0000038478918499
000003848884f699
000003849bf8abd9
00000384c4c63719
0000070addb18761
0000000000f88371
0000000000000181
000003862af42859
0000038664b9a7d9
0000038734202539
000003873b7398f9
00000387b3c8a2f9
00000388257b4839
000003889e350019
0000038905faba99
00000389b1a68a19
00000389b6b4fbd9
00000389e2de06b9
0000038a041aaed9
0000038a0ca7d579
0000038a758f5af9
0000038ae6f423f9
0000038ae6f426b9
0000038bcd7013f9
0000038bdc2027f9
0000038c1dc8e899
0000038c1dc8ea79
0000038c26dd1db9
0000038cd381c559
0000038cd381ccb9
0000038cd3820d19
0000038cd634d299
0000038cd915d3b9
0000038d25632d19
0000038e84b126b9
0000038e907c02b9
0000071d7e1c1761
0000000000f88371
0000000000000181
0000038f2d861fb9
0000038f5a3eb619
0000038f5a3ec819
0000038f67f7a299
0000038f7c5794f9
00000390271cecb9
000003904f076e99
000003904f077159
000003910af46659
00000391127f5df9
0000039194d38399
00000391e545f279
00000391f526de19
000003921eeed5d9
000003921eef6559
00000392752c2959
000003939e5a67f9
00000393c312f639
0000039444a96059
000003947fe084d9
000003949e79c639
00000394a9859599
00000394e33bc599
000003958a34f8f9
000003958a351199
00000395beafd299
00000395fb510f59
000003963bd2ed99
000003968b525799
00000396e39162b9
00000396ea4b3199
00000397374de8d9
0000039755b61e99
0000039764026619
0000039764027a59
000007301e86a761
0000000000f88371
0000000000000181
0000039811ee9cb9
000003988c211dd9
000003989bec7299
00000398e2afce39
000003990b3ef5f9
000003990b3f7cf9
0000039973649d19
00000399ca24c259
0000039a6674ea59
0000039a99b780f9
0000039ab9c188b9
0000039b2e7dcf99
0000039b3d3b84b9
0000039b55013739
0000039b61bd2dd9
0000039ba27d23d9
0000039bc9471459
0000039cbbdae079
0000039cf03dfb59
0000039e8d75bd79
0000039edffe5a19
0000039face30cf9
0000039fe3ee50f9
0000039fe977eb59
000003a0389e8059
000003a0459c98f9
000003a07cf8b199
000003a0ad90b639
000003a10da7f8f9
000003a140546959
00000742bef13761
0000000000f88371
0000000000000181
000003a2d038bb99
000003a2d038da99
000003a3335a40f9
000003a3b065e3f9
000003a3fe352b79
000003a50dd98559
000003a5184555d9
000003a518457a39
000003a5d9e00379
000003a7801f8179
000003a7a60de4b9
000003a7ff562759
000003a807adda79
000003a820bdb7d9
000003a907724319
000003a9077244d9
000003a907725719
000003a958499619
000003aa2bae4879
000003aa5e4a0a59
000007555f5bc761
0000000000f88371
0000000000000181
000003abb5baf9f9
000003ac1f533a19
000003ac95337019
000003ac953385f9
000003ac9533c219
000003ad176bf6f9
000003ad51979e99
000003ad8d091bb9
000003ae325750d9
000003ae6a4da0b9
000003af0ae17f39
000003af1b213df9
000003af42063fd9
000003af5895f159
000003afd6d2fbb9
000003aff45b0c39
000003b0035ea799
000003b0a6bd4e79
000003b0d581e0f9
000003b0e0a5ab99
000003b1371fed19
000003b164c33399
000003b168888519
000003b1b41550d9
000003b241fdd279
000003b287b07ff9
000003b2f3d360b9
000003b350a19b19
00000767ffc65761
0000000000f88371
0000000000000181
000003b40042d119
000003b4189530d9
000003b4de5f6799
000003b4e76bea39
000003b5b3de4559
000003b5bca11799
000003b688a302b9
000003b71348a3d9
000003b72f6520d9
000003b83db92639
000003b85dc8a739
000003b8830aeb99
000003b946588f19
000003b94bc475d9
000003b97c918b99
000003b983cacf79
000003b9c95ac4f9
000003ba4cb0f7f9
000003ba8c9384d9
000003bab3c2b8d9
000003babbd36bb9
000003bb07246839
000003bb80589d39
000003bb8058b319
000003bc0a2c4ad9
000003bc5418ddd9
000003bc5418dfb9
000003bc8aee6e99
000003bd317830d9
000003bd31787bb9
0000077aa030e761
0000000000f88371
0000000000000181
000003bd972c9d19
000003bd972caf19
000003bdd11159b9
000003bef7246c39
000003bf1e9061b9
000003bf1e9063b9
000003bf493f8bb9
000003bf4ca92699
000003bfcaf60c79
000003bfe7c94019
000003c070765319
000003c081a88af9
000003c141d38d59
000003c169e4d2f9
000003c234824f39
000003c249b9deb9
000003c2b7a5e959
000003c304dba2d9
000003c304dbb8d9
000003c304dbcef9
000003c304dbe1b9
000003c31ccd7139
000003c3bc115e99
000003c409b68439
000003c40fdebbb9
000003c4a1f5bff9
000003c4c088e779
000003c5096cdb59
000003c532d24e19
000003c532d26839
000003c532d2d8b9
000003c5c70495b9
000003c5fe5a6439
000003c5fe5a7919
000003c61f1c3899
000003c67a9b9f59
000003c688345859
0000078d409b7761
0000000000f88371
0000000000000181
000003c6d97044b9
000003c700e354d9
000003c73766fa19
000003c7d2128739
000003c81bcaec59
000003c918491a39
000003c936e2cfb9
000003c9859cc539
000003c9d7af82f9
000003ca0d601f99
000003ca0d602cd9
000003ca1f87e959
000003ca1f87ef99
000003ca9f62ec39
000003cb4f1a8839
000003cb79847f99
000003cbeeced5d9
000003cc5981fa39
000003cd076e26b9
000003cd076e3ab9
000003cee60f7c39
000003cf2d433919
000003cf2e0c8219
000003cf6e7f8c39
000003cf6e7fd6d9
000003cf7ac60a59
000003cfa7257959
000003cfb3ab3359
0000079fe1060761
0000000000f88371
0000000000000181
000003d002446f39
000003d02bc34419
000003d03176bf79
000003d0c6999139
000003d0c699a239
000003d0c69a1139
000003d0f3ba8bf9
000003d108ec4559
000003d10a332839
000003d14b2a8b59
000003d1946ee3b9
000003d1a8f39139
000003d1bce6c1b9
000003d1dc9a32f9
000003d28d884bf9
000003d2e2c0d519
000003d2e2c0d599
000003d319f14839
000003d47128f739
000003d4b5a88239
000003d4e3fb1ef9
000003d50f9cc839
000003d53ee71b79
000003d595a5a199
000003d5f2450139
000003d5f24524f9
000003d657c29cd9
000003d657c2b159
000003d678f292f9
000003d7281b4a99
000003d7281b5d99
000003d7281bae79
000003d73b51de99
000003d7473a18d9
000003d78fcfae39
000003d7a0bfae79
000003d7f65d03d9
000003d7f94c29d9
000003d89c293879
000003d8be0dd619
000003d8f7614a79
000007b281709761
0000000000f88371
0000000000000181
000003d97a954bd9
000003d9aa83a399
000003d9aa83abf9
000003d9aa83c699
000003d9aa83c719
000003da9071d6f9
000003daf66619f9
000003db0bbeea59
000003db2dfc5d59
000003db2dfc6ff9
000003db6a4a13b9
000003db6a4a2a59
000003db8c7a2e79
000003db8c7a32f9
000003db90bf55d9
000003dbf47b0059
000003dce93022b9
000003dce9304f59
000003dd40edb379
000003dd87787d79
000003de3e5778f9
000003dedc693719
000003df0213b2d9
000003df57008459
000003e0042c64f9
000003e144884bd9
000003e1f0bce619
000003e236360bb9
000007c521db2761
0000000000f88371
0000000000000181
000003e2adb76b59
000003e2bec38a79
000003e2bf9d1b19
000003e2bf9da179
000003e2ebda1b99
000003e2f99c1939
000003e31361fed9
000003e3db39c899
000003e3e41e3679
000003e489e82b79
000003e490ecafd9
000003e492968119
000003e497910699
000003e53add5259
000003e541ba4499
000003e54abd59f9
000003e5cb6bbc99
000003e5cb6bc3b9
000003e62a68e0d9
000003e6a433c159
000003e74a894079
000003e7bd4e2219
000003e7cb4b22f9
000003e7e1391679
000003ea05b10bb9
000003ea81addb79
000003eadf96a3f9
000003eb5d400db9
000007d7c245b861
0000000000f88371
0000000000000181
000003ebf2fc44b9
000003ed04a413b9
000003ee5cc1aa99
000003ee5cc1c1d9
000003ee5cc1c2f9
000003eead7882b9
000003ef6018da59
000003ef92a723f9
000003efe07f63b9
000003eff2b96d79
000003f02a1a0559
000003f0900b5799
000003f1b3686ed9
000003f22b8edcf9
000003f22dfa2439
000003f25b639959
000003f2bb16e2d9
000003f2bb16f539
000003f2bb171059
000003f2f22dc339
000003f34356fc99
000003f3701cf4f9
000007ea62b04861
0000000000f88371
0000000000000181
000003f5895cb2d9
000003f5895cc9d9
000003f5b2075519
000003f5e3c9f2d9
000003f61e67a359
000003f69f7f77b9
000003f73b7a49d9
000003f7eb938fb9
000003f98abdadf9
000003f9f13ec4b9
000003fa79940899
000003faa8b10219
000003faf81d9dd9
000003fb46b7bab9
000003fb799282f9
000003fc117d9799
000003fca2370d99
000003fce6d5a0f9
000003fd42c55239
000003fd5255fd39
000003fd52560cb9
000003fd85759879
000003fdb03796b9
000003fdc6d40fb9
000003fe2f5fb199
000007fd031ad861
0000000000f88371
0000000000000181
000003fed2067dd9
000003ff2f46beb9
0000040069d68199
00000400747fc979
00000400f486f679
00000401449fd5b9
000004014f44a519
000004022c1b0239
000004022c1b1619
0000040270ea72d9
000004027a5e54b9
000004044bedc879
00000404f324ccb9
00000406abacb7b9
00000406c11b50b9
000004071a2a8319
0000040750e32199
0000080fa3856861
0000000000f88371
0000000000000181
000004099e0d41b9
0000040a7071ffd9
0000040a9c319c19
0000040ab4652bb9
0000040af6f3dc59
0000040af6f3ed59
0000040b587ced19
0000040b587d4299
0000040c473a99b9
0000040c785433d9
0000040cf31a3359
0000040d5973bf39
0000040d6d26c439
0000040e021a6c99
0000040e1efd2df9
0000040e1efd3e19
0000040e3af41fd9
0000040e72845f39
0000040e72b19619
0000040e72b197d9
0000040f462a0139
0000040f4871d319
0000040f4ea70b39
0000040f5e0165f9
0000040f8f232219
0000040ffea54319
0000082243eff861
0000000000f88371
0000000000000181
00000411606bf099
000004118cf58eb9
0000041200ddc5b9
0000041248475619
000004136abb5d59
00000413aa035c79
00000413e27125f9
00000414180bdc99
00000414e991c999
000004150401b599
000004150401b819
000004150401c9f9
0000041531859939
00000415b7d27dd9
00000415b7d28b59
00000415b7d28d59
0000041621b44ad9
000004162aa69739
00000416f6c39cb9
0000041769ddc079
00000418a0f460d9
0000041904a902d9
0000041904a91379
000004192c92dd99
000004192c92df99
000004192c92e519
00000419464158d9
0000041946416d99
0000041961502599
00000419d8760619
0000041a021ad339
0000041a493e4ff9
0000041a57d93c59
0000041a5a9c8b79
0000041a6184d439
0000041a67b6aed9
00000834e45a8961
0000000000f88371
0000000000000181
0000041b6b29ce99
0000041b6b59d379
0000041b7feb9439
0000041bc6380659
0000041bcd6ee439
0000041c1f4b01f9
0000041c4c879959
0000041c4cab29d9
0000041d248cbfb9
0000041d47b2de39
0000041d4f9c17f9
0000041d735d45f9
0000041e46724b39
0000041e4698ef99
0000041ed11c2099
0000041ed1910dd9
0000041ed19152f9
0000041f51a6d7b9
0000041f5808da59
0000042032e374b9
000004204c200df9
000004204c201ab9
000004208f0ee1d9
000004208f0ef2d9
000004208f0f0359
00000420b94903d9
00000420b9490cb9
000004224911bc19
00000423601c90f9
00000423661a7c79
0000084784c51961
0000000000f88371
0000000000000181
00000423d63819b9
0000042408c5d979
000004240d6ca059
000004253e9572d9
0000042594727519
00000425ed13dd39
00000426ae9da7b9
00000426ee4ea219
000004276f428159
000004276f4288b9
00000428ac7a75d9
00000428d07556f9
00000429247e4bf9
00000429277ba599
00000429277bb839
000004293f23bcd9
00000429569bed79
0000042964a1f3d9
00000429da24f139
0000042a81e708d9
0000042ad71fe9f9
0000042ae1c63fb9
0000042b22867c59
0000042b8dca3279
0000042b8dcab039
0000042b90ce1759
0000042bc8beab39
0000042be07f3e79
0000042bff426f19
0000042c729521d9
0000042c95d0c919
0000085a252fa961
0000000000f88371
0000000000000181
0000042d766a5799
0000042e5d8b6b99
0000042f20962979
0000042f60d6ba79
0000042f6eda4d19
0000042f82be0179
0000042fcd0e3859
0000043040bb2659
00000430682121d9
000004309c473979
00000430a9a5e099
00000430d8772a39
000004315ac850f9
000004315ac865f9
0000043165075c79
00000431e1fe4639
00000432a2f857d9
00000432dd98c9b9
000004334173f439
000004335e55f5f9
0000043361e51219
00000433720692f9
00000433976a5299
0000043486d2f939
00000434bcf4a659
00000435360ea299
000004358c825419
000004358c826979
0000043651d9fbf9
0000086cc59a3a61
0000000000f88371
0000000000000181
000004366e43f499
00000436f9d31779
000004373038d379
00000437ba46d9d9
00000437da38a6d9
00000437fa13aab9
00000438e8360f19
00000438ef2e7d59
0000043924eb6a79
000004396d617a59
0000043a18b79c79
0000043a4ad10439
0000043a500c0779
0000043a65522659
0000043aaa418e99
0000043ae05859b9
0000043ae0586ef9
0000043aff8a98f9
0000043bb5b0efb9
0000043bca63e479
0000043c004f1739
0000043c388510d9
0000043c485868f9
0000043c914615f9
0000043ca385dff9
0000043cbea2e9b9
0000043ccd9b7379
0000043d9129be19
0000043d9129e279
0000043dc6358f39
0000043dfb181df9
0000043e10885fd9
0000043e533ead99
0000043e7fd8df19
0000043e7fd8f8d9
0000043ea4ee4b79
0000043ea4ee5b59
0000043ea4ee5d39
0000043ea6f26a39
0000043f1a124d39
0000043f44076079
0000043f44077099
0000043f7695cd19
0000087f6604ca61
0000000000f88371
0000000000000181
00000440420404b9
0000044042041739
0000044049eadad9
00000441b4894d19
0000044301a62839
0000044301a639f9
00000443a53b67d9
00000443a53b7e19
00000444334e34f9
000004444a78a8f9
0000044482c393f9
000004448da51d19
00000444cb094579
000004450c1a59d9
00000445c1569af9
000004460b627ed9
000004463e803f19
00000446d4ab4a99
00000447335c2879
0000044782075239
00000447d807e779
000004481bb2fd79
00000448a6287219
00000448b1333ef9
00000448dc04ce99
00000448de41e419
00000448e1090f19
00000448e10920d9
00000892066f5b61
0000000000f88371
0000000000000181
0000044924a5eed9
000004494f6c2db9
00000449ddbfa439
00000449e75dcf79
00000449fcd45b39
0000044a67bce479
0000044aab3683b9
0000044b01b05639
0000044bdfd22c19
0000044bf43df2f9
0000044c5f1cbab9
0000044c622cbd79
0000044c622cc599
0000044d0843d159
0000044d4ce9b1b9
0000044d7c010c39
0000044d944a31d9
0000044df489c4f9
0000044e0d3ef859
0000044ecb852b19
0000044ecce077b9
0000044ede5b44d9
0000044ef363fa39
0000044fc2def819
000004506b623299
000004506b6272b9
00000450fceaa3d9
00000451936cf639
00000451936d1bb9
000004522dc46659
000008a4a6d9eb61
0000000000f88371
0000000000000181
0000045328b99ed9
0000045330f42859
0000045330f46739
0000045330f47e79
000004546f4b8279
00000454f77e0ab9
00000454fba79159
00000454fba7ad99
0000045506741139
000004552ec75e39
00000455658a8739
000004556ba38539
00000455f814a539
00000456273f5c99
000004570b32f759
000004573d3d1839
00000457681cb639
00000458536c6879
0000045881caf079
0000045883568639
00000458ec4134d9
00000459459eebd9
00000459aff2bf19
0000045a05adaed9
0000045a0ea431d9
0000045a1f0cf639
0000045a6ca58119
0000045aa745c5b9
0000045aeaef2039
0000045b23df1599
0000045b2b4628f9
0000045b2d09abf9
0000045b91fc0579
000008b747447c61
0000000000f88371
0000000000000181
0000045ba55d40f9
0000045c13a404d9
0000045c13a40c59
0000045c13a40cd9
0000045c13a41459
0000045c13a42039
0000045c43bdf1f9
0000045c7967a8b9
0000045d03a9d919
0000045d03aa26d9
0000045d35a64cd9
0000045d60508f79
0000045d96e02339
0000045dc41b67b9
0000045e0ab0c6f9
0000045e532e7139
0000045e8b15cfd9
0000045eaedc6fd9
0000045ee2752039
0000045f62f2b519
0000045f9c1f9af9
0000045fc6c48179
0000045fca084f99
0000045fca08a4f9
000004602426e6d9
000004602426fed9
000004603b7e8ef9
000004603b7ef459
0000046170561379
00000462852b6059
00000462b0b04cf9
000004633c00ff79
000004633e329599
000004633e32caf9
000004633e32e3f9
00000463503fd0f9
00000463c50fc939
00000463fb9a99d9
000004640817a399
0000046412c24f19
00000464381d5579
000004645d639799
000004645d63a9f9
00000464f340b599
000008c9e7af0c61
0000000000f88371
0000000000000181
000004653736b459
000004653d2d6379
000004654fc879d9
000004665a00f5d9
0000046664b84719
0000046664b848d9
0000046664b84e79
000004666c2c2019
000004669f227599
00000466af639a99
00000466b253cf79
00000466d0c62a19
0000046745c876f9
0000046772521059
00000467a12517d9
000004697b0467b9
0000046a47f67199
0000046a47f68ed9
0000046a47f6c079
0000046b318000b9
0000046b4129efb9
0000046c004cb339
0000046c004cc819
0000046c22a0c4d9
0000046c8510fcf9
0000046cdb88f2f9
0000046d50215639
0000046d5ed89979
0000046d71d30cf9
000008dc88199d61
0000000000f88371
0000000000000181
0000046e58ef7ed9
0000046e58ef9cd9
0000046e6879edd9
0000046e70397859
0000046f01b10499
0000046f371b4819
0000046f8b31b159
0000046fb8da6279
000004705e64c9f9
0000047080e0b4b9
000004711fa64ef9
000004712e9d9079
000004713faf0c39
000004715a7c8df9
00000471822c6c59
00000471a5c9c6b9
0000047232e187b9
000004724db49cd9
00000473a0302739
00000474805b0679
00000474ccaf45f9
00000474ccaf55f9
00000475172e1579
000004769d986499
00000477178a8199
000008ef28842d61
0000000000f88371
0000000000000181
00000477a027ff39
00000478355e0ef9
0000047883968119
0000047896b6f7d9
00000478a1c7f579
0000047906bb4f79
0000047906bb6459
0000047906bb64d9
0000047906bb75f9
0000047906bb7739
0000047906bb8039
000004795d297ef9
00000479fff6a099
0000047a2129ad79
0000047a2129c359
0000047abadf7899
0000047abadf80f9
0000047abadf9819
0000047abadfcc59
0000047ac0a07539
0000047af0692cf9
0000047affa933f9
0000047b055b9639
0000047b4cc98999
0000047b4cc99979
0000047b80a23af9
0000047badaa0c19
0000047bb4425f79
0000047bfdce40f9
0000047c555b0839
0000047c985864d9
0000047ca0e56f99
0000047d36974719
0000047d36976679
0000047d68d56df9
0000047e075a1b39
0000047eb6ce2599
0000047f34f4cf39
0000047f8a50bb99
0000047fe358e6b9
0000048006c31779
000004807072bd79
00000480b1ce8f19
00000901c8eebe61
0000000000f88371
0000000000000181
00000480e91753b9
000004810cf34839
000004814221eb59
000004814221ed19
00000481f6ee3779
000004822d2dd419
00000482baaaf779
000004839aebfc39
000004839aec0a39
00000483fc00f259
0000048420a59539
0000048500be8859
000004850c87a3d9
0000048518ee9979
000004860d66b999
0000048673478c19
00000486c16b7959
00000486fa532599
0000048811d63e59
000004881ed66ad9
00000488f1111cd9
00000488f1112cb9
00000488f1112d99
00000488f1112e59
00000488f1113219
000004891fe44dd9
0000048968815619
00000489688172b9
0000048978020e39
00000489d1f5bcd9
0000091469594f61
0000000000f88371
0000000000000181
0000048ac60b9639
0000048ac60c1179
0000048af67a7ab9
0000048b04386419
0000048b3ff6e039
0000048b7ac13119
0000048bb8869019
0000048bea5a4419
0000048c8d211ad9
0000048cd207aa99
0000048cd207ff79
0000048d92ef7db9
0000048d9ab6abb9
0000048d9c8190d9
0000048e501a1599
0000048eb12eaf79
0000048f43a8de19
00000490f4d55d39
00000491145d8fb9
000004916dacc519
000004918a3097f9
00000491d9b3f379
00000491df612199
0000049290ff7359
00000492ec742d79
0000092709c3df61
0000000000f88371
0000000000000181
000004939cb16239
00000493aa8e7019
00000493b61470b9
00000494731ee459
000004949bfc88f9
0000049533b4e9d9
000004958ac73a59
00000495a6a551b9
00000495c19a7e99
00000496363eae39
00000496c8d7f219
000004977050dbd9
00000497807d8a39
000004985ac1b7f9
00000498973403b9
0000049897341d79
00000498c679bab9
000004991fbc6ff9
000004998bc32e99
000004999d59fc59
00000499a3fc5c59
0000049a0ca227d9
0000049a85746939
0000049a8574ca79
0000049ae718c159
0000049b13dab5d9
0000049b23f1a419
0000049b74aad5d9
0000049bd9bc1c39
0000049bdb646859
0000049c0414f239
0000049c65b424d9
0000049c9ea4a899
0000049cae159e99
0000049cba4c0e39
00000939aa2e7061
0000000000f88371
0000000000000181
0000049ce5c5f9d9
0000049d6af3e279
0000049d71bd36f9
0000049df658ccf9
0000049dfa352999
0000049dfacd0439
0000049e00670f99
0000049f0d5f2119
0000049fa08be359
0000049faa1bd479
000004a041527ed9
000004a053453939
000004a0b3633219
000004a0db329cb9
000004a0e95d3e99
000004a1642bd159
000004a1642bd8b9
000004a2cbcfbbf9
000004a2cbcfbdb9
000004a2e8a65c39
000004a34d369fb9
000004a3d5b0b599
000004a3e9448f79
000004a5370569f9
000004a537057a99
000004a547808f19
000004a58dbfa999
000004a60f4404f9
0000094c4a990161
0000000000f88371
0000000000000181
000004a637650919
000004a658630719
000004a6a9fcfc19
000004a6a9fd2bf9
000004a7b6354299
000004a7bfdbdbb9
000004a7c55e0219
000004a839af0419
000004a86faae739
000004a86faafbf9
000004a890fd4d79
000004a96c38ed19
000004a976fc3d59
000004a9facac379
000004aa0850f919
000004aae5962079
000004aafe9c5599
000004ab07e85379
000004acba136d39
000004acba138499
000004ad57ec6f19
000004ad8e82ec19
000004ae27779c99
000004af550d5319
000004af681c9419
0000095eeb039161
0000000000f88371
0000000000000181
000004afebb1e679
000004afed529b39
000004b047e44d79
000004b1d4fdc619
000004b28e7044b9
000004b2c5c39899
000004b2f9f157f9
000004b3100d1f99
000004b330f47779
000004b359f3c9d9
000004b3b1190ef9
000004b3d2ae2f19
000004b3e3043b59
000004b52f349a99
000004b537546279
000004b5637d32f9
000004b578350fd9
000004b57fd2eaf9
000004b6a1c9cc79
000004b6ec640c59
000004b888ceb1b9
000004b8a0daa779
000004b8c0ed66d9
000009718b6e2261
0000000000f88371
0000000000000181
000004b8ecee6799
000004b9367de879
000004b9367e00b9
000004b9367e0fd9
000004b9529702d9
000004b9529767b9
000004ba4eff2a19
000004ba901ac2d9
000004ba9ef91479
000004baee3cd6d9
000004bb1b7f1b99
000004bb37608819
000004bbdeb1a219
000004bbfcda0819
000004bc389514b9
000004bc41803599
000004bc4d1fde59
000004bc76ae9219
000004bcabb27c59
000004bcbecfb239
000004bcbfe96379
000004bd6ab2eb59
000004bd6ab2ed39
000004bd6ab311d9
000004be32720a79
000004be6e49b199
000004be8f843fd9
000004bee46ac1d9
000004c072d5a259
000004c072d60459
000004c0faebc3f9
000004c19d0606d9
000004c19fb51cf9
000009842bd8b361
0000000000f88371
0000000000000181
000004c2195b8939
000004c21ca213f9
000004c315d7f319
000004c389dab3b9
000004c389dac859
000004c3bb216fd9
000004c3bb217079
000004c3f4982f99
000004c413cfc119
000004c46d404f39
000004c48397cd39
000004c4ece56f59
000004c4f1f67cb9
000004c617da47f9
000004c7bb835219
000004c7bb83a459
000004c7f561a2f9
000004c8c4c0e8b9
000004c968458019
000004c9bbf47d39
000004ca7921f259
000004ca79220339
000004ca83ab92d9
000004ca83aba4b9
000004cb174037f9
000004cb21c0b699
00000996cc434461
0000000000f88371
0000000000000181
000004cb824bd0d9
000004cbabc31719
000004cbcef231d9
000004cbe6cf1819
000004cbec122739
000004cbec122919
000004cc7273c759
000004cc7273ceb9
000004cd46ae7539
000004cd52222699
000004cd7f75f239
000004ce5c122b99
000004cebd8e9479
000004ceecb7ff19
000004cf46b9bfb9
000004cf46b9d099
000004cf46b9f0d9
000004cfc173df79
000004cfecea1459
000004cff6e2d5d9
000004d0476b0ab9
000004d080d24f39
000004d09efdc8d9
000004d0d8a4ba79
000004d11213e0d9
000004d25b965119
000004d2f1570519
000004d3a098d5b9
000004d3e7289bf9
000004d3f42ac119
000004d3f42b38f9
000004d3f42b3d59
000004d3f42b4c59
000004d403a054f9
000004d41e5de8b9
000004d41e5e0bb9
000004d4a6f51f59
000004d4a6f528d9
000004d4b275c8b9
000009a96cadd561
0000000000f88371
0000000000000181
000004d534b20159
000004d55c734f79
000004d5731a1339
000004d59d562999
000004d59d566ad9
000004d5e17d53b9
000004d675f0b639
000004d678fa20b9
000004d6a366a3d9
000004d6b25c9879
000004d6e9bf5439
000004d6edff58b9
000004d71b516f59
000004d74a43c9d9
000004d79fabeef9
000004d7f0d643f9
000004d85e23a359
000004d87b52cc59
000004d919986f99
000004d9457421f9
000004d998b59ab9
000004d9a927cdd9
000004d9c57ff499
000004d9ed249ef9
000004d9ed24a0d9
000004da3ed6cf59
000004dbc94174b9
000004dbf1335b39
000004dc26968fd9
000004dc2713be79
000004dc4986c4d9
000004dc65d61059
000004dd0c0e6e79
000004dd0c0e8619
000004dd47755319
000004ddcafb28f9
000009bc0d186661
0000000000f88371
0000000000000181
000004de0cb44039
000004de0cb441f9
000004de3fb99779
000004de755136d9
000004dec2938d19
000004dfea89ed79
000004dfebf40bb9
000004e00ada4fd9
000004e05258c1d9
000004e0a1683999
000004e0a168b299
000004e11a5d2a79
000004e171ee1e59
000004e1e023c459
000004e24de02fd9
000004e2555e9a39
000004e28ef196f9
000004e3173f7b99
000004e3f54210b9
000004e4316c5d19
000004e454db49f9
000004e4715e91b9
000004e4fc1beb79
000004e527adccf9
000004e527addb19
000004e527adde39
000004e527addff9
000004e5887e5599
000004e5887e8059
000004e5ae333579
000004e631bd2ef9
000009cead82f661
0000000000f88371
0000000000000181
000004e7b983e259
000004e7f6e28d39
000004e7ff75e0d9
000004e8b5aaed19
000004e8b9503999
000004e8be746839
000004e8e70009d9
000004e920e7ccf9
000004e93cbef779
000004e942701d79
000004e95ce1ef79
000004e95ce1fe59
000004e9d703a459
000004ea4144f4d9
000004ea561cc7b9
000004ea9936d979
000004ead78b8e99
000004eb3a420fd9
000004eb5a9d6bd9
000004eb5a9de859
000004ec89b4ffb9
000004ec99b0bfb9
000004ec99b0c719
000004ed004dc1f9
000004ed130031d9
000004ed6a978b39
000004ed6fb1f5f9
000004edd01ac179
000004ee7c917e59
000004eebe8e8c79
000004eed857deb9
000004eed857e699
000004ef07cf0799
000004ef1929e8d9
000004ef876d9f19
000009e14ded8761
0000000000f88371
0000000000000181
000004f0a9c92c99
000004f0a9c933d9
000004f0ab6a2cd9
000004f0ae75f3f9
000004f0ae9c90b9
000004f0b29dbed9
000004f0df7c8f59
000004f10cebca99
000004f1740d8939
000004f175592239
000004f1d618a359
000004f203254bd9
000004f208922f19
000004f213935b99
000004f287cc2a19
000004f31a7615b9
000004f36529ddf9
000004f47653ffb9
000004f484081659
000004f51abc0ab9
000004f5298c75b9
000004f55a22ebf9
000004f598153c39
000004f5ca7aca39
000004f634a6db59
000004f6c84fc0f9
000004f6c85014b9
000004f725275219
000004f81fca4939
000004f860419579
000004f86041a7d9
000004f87782f259
000004f87ac55219
000004f87c42b239
000004f8a0d76a79
000004f8b082da39
000004f9b3cf5e99
000009f3ee581861
0000000000f88371
0000000000000181
000004fabb0afa79
000004fac8d69319
000004fafdaa48f9
000004fb695f8459
000004fbabab60b9
000004fbe50cff59
000004fc0b4c16b9
000004fc6067c059
000004fcf487e739
000004fd22358099
000004fd2235c539
000004fd36bb2859
000004fe15956f39
000004fe7942df79
000004ff853ffa19
000004ffd38e0b59
000005002815a1f9
000005005741f979
000005007ab5fe39
0000050116659f59
000005013c4758d9
000005013f92bab9
00000501a60bc139
00000501ca045a99
00000501f83efa59
0000050217b15979
000005027e6694d9
000005027e66aad9
0000050284690af9
0000050297c8a0d9
000005032414f1b9
0000050324151359
0000050328a6b839
00000a068ec2a961
0000000000f88371
0000000000000181
0000050377627d19
00000503e784adf9
0000050486652039
0000050486653699
00000504e02fd3b9
00000504ffab62d9
00000505299e4b59
000005053b4155f9
000005055d2d0c39
00000505695bdc79
0000050613e8dc79
00000506f2c7cc19
000005071da922f9
000005071da924b9
000005071db6da39
000005074ce13b59
000005074eebd539
00000507b7da8899
00000507de832199
00000507de834159
0000050811d285b9
0000050837e2e3b9
0000050837e2f419
000005088fccbfd9
0000050959b9c679
00000509aa76feb9
00000509ed81e559
0000050a010fdd99
0000050a58f544f9
0000050aaa52bfd9
0000050b05de0ff9
00000a192f2d3a61
0000000000f88371
0000000000000181
0000050d1ddaa059
0000050d76b918b9
0000050d76b93339
0000050dcc4440b9
0000050f39972099
0000050f590ae999
0000050f8c60a499
0000050f9df19579
0000050f9df1a199
0000050f9df1a919
0000050f9df1a9b9
0000050f9df1aa59
0000050f9df1b479
0000051005b267f9
0000051005b26fd9
0000051094f9ef59
00000510cc483fb9
00000510fc853819
00000510fc855679
0000051148b30359
0000051155925bb9
0000051168b75dd9
00000511881f4479
00000511881f4d59
00000511881f5839
00000511e1a68ef9
000005120528aa39
00000512761b12b9
000005128d521a19
0000051302381d39
00000513d83cbb39
00000513f109f6d9
00000513f10a40f9
0000051406cb0a99
00000514b46662d9
00000514b67d5939
000005155d2ac1d9
000005155d2adc59
00000515a218c239
00000515dd7a89b9
00000a2bcf97cc61
0000000000f88371
0000000000000181
00000515e99048b9
000005160bad4a19
000005160bad5af9
000005164c52d2d9
0000051690b04499
0000051690b05ef9
000005169dd3ab59
00000516ac4651b9
00000516bd47d9d9
00000516db9a7db9
000005173cddb8b9
00000517a9ce98b9
000005185dbdd039
000005185e547439
000005186bc659b9
00000518d7ce9699
0000051996e04659
00000519b17d63d9
0000051a39beedf9
0000051a93484059
0000051b0917bd59
0000051b2aa34b59
0000051b7961a059
0000051bf5cd62b9
0000051c018afb39
0000051d043d5519
0000051d86e6dd19
0000051dda0e8af9
00000a3e70025d61
0000000000f88371
0000000000000181
0000051fb6876d39
0000051ff8a439f9
000005205fef34f9
00000520a37bae79
00000520e616a019
000005222d48a699
000005222d48aa59
00000522a3551139
000005242183c6b9
0000052474696779
000005249b84eb19
00000524a12f1a39
00000524e423b339
00000524ea9b31d9
00000524ea9b3379
00000525693ff819
00000525c0f6d779
00000525fd5145f9
000005260fdecbd9
000005262afab5d9
00000526f8f441b9
00000526f8f454b9
00000526f8f45c59
000005277ee250f9
000005277ee26379
00000527f12e69b9
0000052817ac95b9
000005283d496519
00000a51106cee61
0000000000f88371
0000000000000181
000005289f5ab319
0000052929e050d9
0000052929e062f9
0000052937af7619
00000529cc8f6239
0000052a5c29d6d9
0000052a5c29ebd9
0000052a5c2a3559
0000052b35269eb9
0000052b3c5edd19
0000052be034a999
0000052c37387f59
0000052cdb7e42d9
0000052e279db059
0000052ed5d4f899
0000052f0807e3b9
0000052f1c138b99
0000052f1c13adb9
0000052fa3c86d79
0000052fac9691f9
000005300483ba99
000005308869f8f9
0000053099e04099
0000053099e052f9
0000053099e053d9
0000053099e060b9
0000053099e06479
00000530d1a40e79
000005312280b499
000005318c2d9099
00000531a04f0959
00000531a04f24d9
00000531a3b2eb39
00000531a3b2fe99
00000a63b0d77f61
0000000000f88371
0000000000000181
000005321e632799
000005333a1135b9
00000533b27bb5f9
0000053425af2299
0000053437f76679
000005347b53ee19
000005349a8954b9
00000534b36321d9
0000053513218899
00000535755f7e19
000005362d06e039
00000536b9233bb9
00000536b9233d59
000005373546ab19
000005373546c019
0000053757a79219
000005376dad3619
00000537e8f2f679
00000537fbe6f819
00000538036405b9
000005387372a319
00000538968ceef9
00000538ba880b79
00000538c180fe39
00000538c180fff9
00000538cb5bc159
00000539071ce3b9
000005391c0ff4f9
000005391c100b19
00000539d9df1c19
0000053a21bf2cd9
0000053a8d60ca19
00000a7651421061
0000000000f88371
0000000000000181
0000053bc2678cf9
0000053c1f3bc3d9
0000053c387a9559
0000053c7fa6f759
0000053c950fe659
0000053cbb3dd0b9
0000053d08097539
0000053e4878c339
0000053e8481ee99
0000053f39ddcf59
0000053f4922bbd9
0000053f51485db9
0000053f7ad79039
0000053f87874cd9
0000053ff4ac0479
0000054012a117d9
0000054017fc0439
00000540630c5559
0000054066adfb79
00000540b9f3ae19
00000541413af159
0000054168079779
0000054176548d79
00000541a2d52fd9
00000541c6c203d9
00000541d1e98159
0000054235db0199
00000543396ba059
0000054373bc6df9
0000054381468a59
00000544259e0539
000005445b30ec79
00000a88f1aca161
0000000000f88371
0000000000000181
00000544e811b059
00000545b94e01d9
00000545c84439f9
00000545f7b024d9
00000546a9241ef9
00000546c9293039
00000546c9293279
00000546dffe9b59
00000546e148c3b9
00000546e1491eb9
00000547c60931b9
00000547c6098d99
00000547ccf441f9
00000549183eea99
00000549183efb59
00000549183efcf9
00000549183efd79
00000549183f5b19
000005491f36f7f9
0000054959773bb9
00000549a03d6699
00000549bba5e979
00000549c03c39f9
00000549cbc96b59
00000549dc4aafb9
0000054a6a0492f9
0000054a6a04abb9
0000054a9c65b2f9
0000054ac02030d9
0000054b39478479
0000054b394789d9
0000054b394795d9
0000054b59fb7c59
0000054b7fc1aab9
0000054c496a7fd9
0000054c660b61f9
0000054c660bf499
0000054c67bcfbf9
0000054c95c45d59
0000054d0972b439
0000054d0972c879
0000054d8004fa59
00000a9b92173361
0000000000f88371
0000000000000181
0000054e011fb5d9
0000054e25fa3159
0000054ecc42b9d9
0000054eeb9cef39
0000054f258e9779
0000054f4e4949f9
0000054ff702ea79
00000550058a66d9
00000550058a8c99
0000055070635939
00000550706364b9
00000550a1bd7a99
00000552576c6fd9
000005528323bb59
000005528a7a8719
00000552a0beff19
00000553051fbc39
00000553051fcbf9
0000055395acb3b9
00000553d5281439
00000554279ca1f9
000005543231b4d9
00000554e6e675f9
00000555169405f9
00000555952d8199
000005559b7da739
000005559b7db839
00000555fe005079
0000055625ebee79
00000556714b1199
00000556827fd7b9
000005569e4586d9
00000aae3281c461
0000000000f88371
0000000000000181
00000557afafd299
000005584404e8b9
000005588fd76b19
000005588fd783b9
000005588fd78579
000005588fd79639
00000558ad4e5639
00000558d5df4639
0000055916363b79
000005591636b039
00000559554ea1b9
00000559554eb7f9
00000559c4f283b9
0000055a33d78819
0000055a35d8e7f9
0000055ada558f99
0000055adc8ea0d9
0000055b4a24c759
0000055b4a24c8b9
0000055b6cdd2c79
0000055b99ff1a99
0000055bc6ce2099
0000055c10e8b8f9
0000055c50f9db79
0000055cb5ce8479
0000055d563272d9
0000055d5d4bcb59
0000055d791f0839
0000055d8c9767b9
0000055d8c977af9
0000055e96a7f499
0000055e978dfb19
0000055f510c9239
0000055f8bb2d4b9
00000ac0d2ec5561
0000000000f88371
0000000000000181
00000560b282a959
000005619043aa19
00000561b7df1559
00000561fd05dd19
00000561fd05f879
00000562a320d499
00000562a6dba8d9
00000563cf0b72f9
00000563df56a7d9
00000563f0e7a4d9
00000563f72b8639
0000056495befeb9
000005657d505df9
00000565938613d9
00000566129e7919
00000566194e9579
00000566194ea899
00000566320f8679
00000566675dbef9
00000567376c7b39
00000567679d2a99
00000567b5ca1239
00000567e2a8b479
00000567ef4317d9
00000568b21ee559
00000568bb7e31b9
000005693271a979
000005694a6fce19
000005695eef4f19
00000ad37356e661
0000000000f88371
0000000000000181
0000056a713c7cf9
0000056b0a91ca79
0000056c5bbb8019
0000056c9b813259
0000056cff851d39
0000056d28a9b479
0000056d858a34b9
0000056e9fdb6979
0000056ea90928b9
0000056ec2ac3539
0000056f36863c79
000005708b7d5bb9
0000057105a5c599
00000571612dcf59
00000571f1b96cd9
000005721391a919
000005721476de39
00000572319a9b59
000005723b247699
00000572c7660f39
0000057304e2c0d9
0000057304e2dbb9
00000ae613c17861
0000000000f88371
0000000000000181
0000057365b4c359
0000057373882899
00000573b0007739
000005745ebaa619
00000574a7f95ab9
00000574f0f000b9
000005755d3fdf59
000005755d3fe879
0000057617fe2579
0000057617fe3919
00000aec464a8161
0000000000f88371
0000000000000181
