[MCS8 A] 97 FW 3.104 SV 1.257 
range=1024
periods=2
sweepmode=27e20d0
fstchan=0
holdafter=0
streamstatus=3
calreg0=0
calreg1=0
calreg2=0
calreg3=0
swpreset=8000        
prena=1
syncout=0
cycles=18
sequences=1
tagbits=16
vdac0=92c
vdac1=807
vdac2=8c8
vdac3=8c8
vdac4=8c8
vdac5=8c8
vdac6=8c8
vdac7=8c8
timepreset=100.000     
digio=0
digval=0
autoinc=0 
savedata=2 
mpafmt=asc
sephead=0 
fmt=asc
smoothpts=5 
[CHN1]
REPORT-FILE from 07/27/2026 15:55:10.343  written 07/27/2026 15:55:10
cmline0=07/27/2026 15:55:10.343 
cmline1=A1
range=1024
active=1
bitshift=4
cftfak=2580100
evpreset=10          
roimin=0
roimax=1000
caloff=0.800000
calfact=12.800000
calfact2=0
calfact3=0
calunit=nsec
caluse=1 
[CHN2]
REPORT-FILE from  written 07/27/2026 15:55:10
cmline1=A2
range=1024
active=0
bitshift=4
cftfak=2580100
evpreset=10          
roimin=0
roimax=1000
caloff=0.800000
calfact=12.800000
calfact2=0
calfact3=0
calunit=nsec
caluse=1 
[CHN3]
REPORT-FILE from  written 07/27/2026 15:55:10
cmline1=A3
range=1024
active=0
bitshift=4
cftfak=2580100
evpreset=10          
roimin=0
roimax=1000
caloff=0.800000
calfact=12.800000
calfact2=0
calfact3=0
calunit=nsec
caluse=1 
[CHN4]
REPORT-FILE from  written 07/27/2026 15:55:10
cmline1=A4
range=1024
active=0
bitshift=4
cftfak=2580100
evpreset=10          
roimin=0
roimax=1000
caloff=0.800000
calfact=12.800000
calfact2=0
calfact3=0
calunit=nsec
caluse=1 
[CHN5]
REPORT-FILE from  written 07/27/2026 15:55:10
cmline1=A5
range=1024
active=0
bitshift=4
cftfak=2580100
evpreset=10          
roimin=0
roimax=1000
caloff=0.800000
calfact=12.800000
calfact2=0
calfact3=0
calunit=nsec
caluse=1 
[CHN6]
REPORT-FILE from  written 07/27/2026 15:55:10
cmline1=A6
range=1024
active=0
bitshift=4
cftfak=2580100
evpreset=10          
roimin=0
roimax=1000
caloff=0.800000
calfact=12.800000
calfact2=0
calfact3=0
calunit=nsec
caluse=1 
[CHN7]
REPORT-FILE from  written 07/27/2026 15:55:10
cmline1=A7
range=1024
active=0
bitshift=4
cftfak=2580100
evpreset=0           
roimin=0
roimax=1000
caloff=0.800000
calfact=12.800000
calfact2=0
calfact3=0
calunit=nsec
caluse=1 
[CHN8]
REPORT-FILE from  written 07/27/2026 15:55:10
cmline1=A8
range=1024
active=0
bitshift=4
cftfak=2580100
evpreset=0           
roimin=0
roimax=1000
caloff=0.800000
calfact=12.800000
calfact2=0
calfact3=0
calunit=nsec
caluse=1 
;MCS8 #97 Sversion=1.257 Fversion=3.68
time_patch=1
;datalength=8 bytes
;bit0..3: channel# 1..8 ( 4 bit)
;bit4: edge 0=up / 1=dn ( 1 bit)
;bit5 ..57: timedata    (53 bit), max sweep length 2001.6 h
;bit58..62: tag0..tag4  ( 5 bit)
;bit63:     data_lost   ( 1 bit)
[DATA]
0000000000000016
000000008b541159
000000008cbcf739
00000000b3e6eb19
00000000b3e70119
00000000eb07acb9
00000001258b3599
000000018ae0d059
000000018ae0e899
00000001a093ccb9
00000001efe3af79
0000000200393cd9
0000000200395bd9
000000023526b699
000000025015f439
000000025c0a0db9
000000025c0a1e39
0000000308ae7cd9
000000035f8ac1b9
0000000415e8aab9
0000000418faf999
0000000484be6879
0000000487da89f9
00000004ae8924f9
0000000520440559
000000055da27a39
0000000593f3b619
00000005a71fccb9
00000005e30b5619
000000060fd13df9
0000000639ebaf39
0000000639ebc559
0000000648aa4f99
000000065efb1179
000000065efb1399
000000068be75a59
000000068be770b9
0000000691e57af9
00000006f97e2919
00000006f97e3639
0000000771518ed9
000000079b9a6299
00000007a52e26d9
00000007a6b539f9
00000007dcf16af9
000000088ee6d0d9
00000008a553ce39
00000008d14e7f59
00000008f45708b9
000000091caf9519
0000000939e17f99
0000000939e19319
000000094e0f0839
0000000952198899
00000009ee479339
00000009ee47aab9
00000009f3090a39
0000000a232c94d9
0000000a232c9879
0000000a39bbaa99
0000000a39bc2c39
0000000a6dc6fad9
0000000a94b95b39
0000000ac0478019
0000000ae58e1639
0000000aecad81b9
0000000b139496f9
0000000b2be3fad9
0000000b93d8a819
0000000bc72f8c59
0000000be187f199
0000000be1880319
0000000c0a955e99
0000000c1ead13d9
0000000cd6f3ef99
0000000cebd695f9
0000000cebd6eff9
0000000d06fee559
0000000dc7fbef39
0000000dd6114b99
0000000dd6116f99
0000000dd6119f79
0000000e6cff8af9
0000000e6cff8cb9
0000000e94486359
0000000ea7d10479
0000000ebdf07db9
0000000ecbb8e999
0000000f0cbd8679
0000000f0f5192f9
0000000f260ae7b9
0000000f7319bf19
0000000f77b7def9
0000001055fedf59
00000010927a86f9
000000109a4c2d99
00000021561d4461
0000000000ec0c71
0000000000000181
000000114ef21459
0000001150e487f9
0000001165598119
000000117ab32599
000000118a30a339
00000011ceb9d459
0000001295018679
00000012c1cf83d9
00000012fc2907d9
00000013bbbbebf9
00000013e28e6959
00000013e28e7e39
00000014a1bd5cf9
00000014c7a99899
00000014eb41a279
0000001540b9cdb9
000000155888fe19
0000001558891359
0000001558894079
000000156ef48cb9
0000001590fc5a79
00000015ac9d59d9
00000015c39813f9
00000015c3982779
00000015fa15a0b9
00000015ff865939
000000162d30cd79
0000001636304359
000000168f94f159
00000016abaca159
00000016b22ce8b9
00000016b9133499
00000016b9133639
00000017981f5c79
00000017ae542619
00000017e6354c99
000000181620dcb9
0000001851a0a8b9
0000001851a0bdb9
00000018b755fa59
00000018c1a1bd59
00000018eb272359
00000018edfa87b9
000000199ae3aa19
00000019cb497cf9
00000019d6bfbf39
00000033f687df61
0000000000ec0c71
0000000000000181
0000001a45c9cf99
0000001a4ff5ca39
0000001a9f8a7eb9
0000001aa486be59
0000001ad9333b39
0000001ae19c6539
0000001b695d7539
0000001b8b44dc99
0000001beadc8a19
0000001bf59a98f9
0000001c80f4aa99
0000001c9e45dfd9
0000001c9e45e739
0000001c9ff064b9
0000001c9ff06639
0000001ca4433239
0000001caabcae19
0000001cc07f8219
0000001d789417d9
0000001d7b97e859
0000001d8e8eead9
0000001da2016c99
0000001de81caf19
0000001df664d4d9
0000001e2d8f2d39
0000001e616ddc79
0000001e6711caf9
0000001edb262fd9
0000001eeaa5d099
0000001f8a9c1f99
0000001f9b876559
000000200379a599
00000020107f4379
00000020107f5859
0000002029216c79
0000002029216e59
0000002061ecf1b9
00000020c94a1f79
00000020cd571739
00000020ec86bb19
00000020ec86c3f9
000000210d5a41d9
000000210d5a5439
000000210d5a5519
000000218f350439
00000021b784b919
000000226442e2b9
000000226a217019
000000226d1c7bf9
00000022c4b95799
00000022efa658b9
0000004696f27a61
0000000000ec0c71
0000000000000181
0000002361ed9979
000000239d1d6339
00000023fc5551d9
000000240cd5c4f9
000000241e9f0739
000000241e9f0e59
000000241e9f2d39
000000244481fd99
00000024448206b9
00000024af893c59
00000024c455d6f9
00000024c6e0dc39
000000251d3d10d9
00000025c5036859
00000025ec23d999
0000002643e72579
00000026ab629dd9
000000271c9b1799
000000272d7de659
000000274123a0f9
00000027412412b9
00000027590d3e99
0000002764c30a39
000000276d6ed159
0000002779928059
0000002803bb46d9
0000002812ac7439
000000285d6ba4d9
000000285d6bba39
00000028c64b66f9
00000028ed87ca99
00000028f90ff979
00000028ff26fbf9
0000002963bb9279
000000298cf5fdb9
0000002a01984cb9
0000002a0753b459
0000002a102031d9
0000002a1c7168b9
0000002a6fd97159
0000002a6fd98779
0000002a84fce8d9
0000002ada77b459
0000002afb2bc699
0000002aff677f59
0000002b53368b39
0000002b793056b9
0000002beba711f9
0000002beba71959
0000002beba723d9
0000002beba739d9
0000002c393dd819
0000002c393de039
0000002c393df479
0000002c53d64eb9
0000002c74252799
0000002c94563939
00000059375d1561
0000000000ec0c71
0000000000000181
0000002cd8f109f9
0000002d36aa9999
0000002d4a550759
0000002d50a886d9
0000002d7c0cc959
0000002da62dc439
0000002e0708b9d9
0000002e07ebd259
0000002e39a3de99
0000002e5e61f9f9
0000002e6e824c39
0000002e93d258d9
0000002ebeb11319
0000002ebff3a479
0000002f43209919
0000002f4559d4f9
0000002f6f851d59
0000002f8a4fe1f9
0000002fca80a079
0000002fdcc74c99
0000002fe838de59
0000002ffaef0e19
0000003037f97939
0000003037f98099
00000030536f1899
00000030536f7339
000000307f84c899
00000030d8344159
00000030e2881ed9
000000313e9186b9
0000003149413919
00000031948342f9
00000031b650f539
00000031b6510bb9
00000031fe1041d9
0000003254122f59
00000032775a3ad9
00000032a5fcd9b9
00000032a74c2599
00000032d163e939
0000003329760659
0000003338c6ed19
000000333f9d75d9
000000333f9d7779
000000333f9d8019
000000333f9d85f9
000000335a0169f9
00000033784909b9
00000033a4e4c039
00000033c2906f19
00000033eb64a539
00000033fd546879
00000034296f7bd9
0000003486475bd9
00000034d3f4edf9
00000034f92d7879
000000359f8bfe19
00000035da1ba219
0000006bd7c7b161
0000000000ec0c71
0000000000000181
00000035f5999e99
000000363a66cd39
000000365d4b4a59
00000036709cfcd9
00000036d1b7b659
00000036d1b7d519
000000371357e979
000000371f590c59
000000374f5a16f9
000000377ba0cb79
00000037a95be1f9
00000037ac901379
00000037d050dcd9
0000003812cefd59
000000381ba8c6b9
000000381be61979
0000003822cb0659
0000003832b9efb9
00000038772d58b9
00000038772d6f79
00000038772d6ff9
000000390add5219
000000393daece39
000000395d7a08f9
00000039b8fc2459
00000039e330c939
0000003a0c0372d9
0000003a1e49e919
0000003a732c8ef9
0000003a8b9a4c79
0000003b37866699
0000003b4e15cb59
0000003b77e84959
0000003befe43799
0000003c0e9f0359
0000003c30115b99
0000003c30165059
0000003c7867e679
0000003c7867f379
0000003c7867fa79
0000003cd0963a99
0000003ce34a7f39
0000003d0e484459
0000003d384e36f9
0000003d53b85459
0000003d832c2459
0000003d832c31b9
0000003dab264419
0000003dd5abea19
0000003e70f31239
0000003e8bd9ff99
0000003eb03ca819
0000007e78324c61
0000000000ec0c71
0000000000000181
0000003f97349ff9
000000402688ba79
0000004032fdff59
00000040ab4a6379
00000040acc5aa99
0000004101a62899
0000004122dec9d9
0000004197ad1079
00000041ab8f1719
00000041db383cf9
0000004264ec9c59
0000004264eca899
00000042c5501c59
00000042cf709f59
00000042d5cd8359
00000042d5cd9159
000000432641e2d9
00000043800c0519
00000043edae75f9
0000004405512f99
0000004424596ad9
00000044351bb399
00000044351bc5f9
000000443f7e8259
00000044744d29d9
000000447c99fe59
000000451f869239
000000453f4b7719
000000455831dd79
00000045bbe79639
00000045d81ed9b9
00000045d9b24cb9
00000045f81cc8f9
0000004609fe8139
0000004614c7ce79
00000046316e3c79
00000046486d3f19
00000046a38ace79
00000046b776c439
00000046c9c5ecf9
000000474eccf779
000000475c1a21d9
000000475c265939
000000478d5cced9
000000479add8659
00000047f6160019
00000047f6160779
0000004828660499
000000486de35df9
00000091189ce761
0000000000ec0c71
0000000000000181
000000489329c5f9
00000048e832cab9
000000498bda1d59
00000049e0b2b039
00000049e6639bf9
00000049f7b40bb9
0000004a1e6af339
0000004a21699f59
0000004a2169a119
0000004a4495c2b9
0000004aa4e7d479
0000004ab5d39bd9
0000004b111627f9
0000004b56ed5659
0000004b766d5619
0000004c23845f79
0000004c238466d9
0000004c23851059
0000004c3ee1ba79
0000004cb3033e59
0000004d3c2732d9
0000004d6bb655d9
0000004d740e2df9
0000004d99f02db9
0000004d99f02f99
0000004da1abb459
0000004dc79d9459
0000004e5a5e28f9
0000004e67fab3f9
0000004e994c95d9
0000004f11fef279
0000004f2d11a639
0000004f40da0219
0000004f60037519
0000004f72e1c5b9
0000004ff1eaa439
0000004ffa62fbb9
000000501f8508d9
000000502782e1f9
0000005039803219
0000005087c10b79
00000050890e4819
00000050dfd1f839
00000050ee17e779
0000005148afe739
0000005187d37b99
000000518824eb39
00000051b60ed6d9
000000a3b9078261
0000000000ec0c71
0000000000000181
0000005251112d79
0000005266465f79
0000005351d22939
000000535a764579
0000005392cdfa19
000000543e1be019
000000544217e939
00000054489791d9
00000054b7955899
00000054d55496f9
00000055375da819
000000559ed6c539
00000055cb16f9f9
00000055d95e0db9
00000056a3f6a319
00000057016a5a99
000000572dd9fdd9
0000005761758d79
000000577b634219
000000578a1a1339
00000057bfdcdd99
00000057dc3f54b9
000000580819f2f9
00000058264f3a39
0000005839524af9
0000005844c9a7b9
00000058b79e1bb9
00000058cbd90e79
00000058ed1c6e19
000000590b0d4d59
0000005971707e19
00000059a7b42e79
00000059b63d2019
00000059c5546539
00000059d28d9659
0000005a481cb439
0000005acdb46a99
0000005af5593319
0000005af906afd9
0000005af906c239
0000005af906c2d9
0000005af906c319
0000005af906c9b9
0000005af906cc79
0000005af906d419
0000005b03f2bf19
0000005b0de344d9
000000b659721e61
0000000000ec0c71
0000000000000181
0000005b54063539
0000005b5ea5a859
0000005b656ca2d9
0000005b67aae1f9
0000005b79c7e659
0000005b79c7fa79
0000005baade7639
0000005bd3d67d59
0000005be5312059
0000005c05d49bd9
0000005c07a85cb9
0000005c1d703c59
0000005c5a92ca39
0000005c754a2719
0000005c801c0dd9
0000005c8327acb9
0000005cb7956379
0000005cdc9c7959
0000005cdc9c7af9
0000005cec375079
0000005cf246bfb9
0000005cfc04d759
0000005d041245b9
0000005d25c711b9
0000005d25c723d9
0000005da21329b9
0000005dc3ab8cb9
0000005dc3ab8e79
0000005dd9a406f9
0000005df07eb019
0000005e2d74e439
0000005f2b9b7a19
0000005f57010bb9
0000005f8badb919
000000600e9e2019
000000603a581f59
0000006050619639
000000605c3da019
000000607aabfb59
000000607aac1999
00000060a9e07d39
00000060a9e08f79
000000614c1b3399
000000614c1b47d9
000000615f1745f9
000000617a76d379
00000061f63e2f79
00000062033e8279
000000620d80d999
0000006214250a79
0000006227da0bf9
00000062322a1439
000000623cc9b2f9
0000006281cb5ff9
0000006284c20779
00000062a53260f9
0000006362675259
000000636a043139
000000638e2d9b59
000000639919f599
00000063b45cf2f9
00000063f46f9c79
000000640aea1179
000000641d651079
000000642e377b59
000000642e377d39
000000642e378759
000000642e3799f9
000000642e6c3779
0000006454b45db9
0000006454b46519
000000c8f9dcb961
0000000000ec0c71
0000000000000181
000000661400be39
000000666fefe719
0000006676f2bdb9
00000066b45f8419
00000066c7a3add9
00000066fab3acf9
0000006719c609f9
000000673bcea7d9
00000067673e29b9
000000678802d3f9
000000679509d199
000000679509d339
00000067950a01b9
00000067a5638b39
00000067a78a8959
00000067a78a9bb9
00000067aabda9f9
000000680ab4dbf9
000000680fb0f299
000000680fb106f9
000000681449fab9
000000682cdd5059
00000068946e2a99
00000068c9a567b9
000000694290fcd9
0000006942ad36d9
0000006981568319
00000069815692d9
00000069caba0f79
00000069caba2cb9
00000069ee7aa919
0000006a0c46cd99
0000006a1894fcd9
0000006a18950e79
0000006a29cac959
0000006a3540e279
0000006a35410f99
0000006a948bac79
0000006b19ce3c79
0000006b24a79e39
0000006b2d877039
0000006b8be6a759
0000006b8c0377d9
0000006bb29416f9
0000006c5d2408d9
0000006d1f248ed9
000000db9a475461
0000000000ec0c71
0000000000000181
0000006dd43b9d19
0000006df87e59d9
0000006e0b4b9299
0000006e433c36f9
0000006e82136099
0000006ef59f5959
0000006f695853b9
0000006fc9a1b519
0000006fcc507539
00000070429f6d39
0000007046bf1a39
00000070594dc459
0000007070cb6299
00000070c8cbeff9
00000070ceaf7759
0000007110738ff9
000000714641ca39
00000071977a16d9
00000071b29feb99
00000071b29ff399
00000071b70b1ad9
000000726d454179
000000726dac9e39
000000727f2b12f9
0000007291ee66b9
00000072c8821a59
0000007310451679
000000733acb7699
000000734796c759
0000007357b98799
0000007361164f79
000000736de61519
00000073992b29d9
00000073bec4c9b9
00000074a8f04979
00000074c2b13019
00000074c694d2f9
000000750f272ab9
000000750f273fb9
00000075e925b6b9
00000075e925b879
0000007613ee0eb9
0000007641fd2959
0000007641fd3199
00000076497215f9
0000007669a82339
00000076abd37699
00000076bdd321b9
000000ee3ab1ef61
0000000000ec0c71
0000000000000181
000000772b1ed039
00000077650a5b59
0000007767032459
000000777b3f7839
000000780079fd39
000000781256e7f9
0000007812575b79
0000007812575fd9
000000785268a499
000000789c07cbb9
00000078b26261f9
00000078cf711d19
00000078d7b4ef19
000000791d71ccb9
00000079b93c3859
00000079d125a259
00000079d125b079
0000007a5d4e6fb9
0000007a756d3019
0000007a766cbff9
0000007a7ca9dfd9
0000007a9f70eb99
0000007aa29a48f9
0000007ab59c4559
0000007acd625599
0000007acd625779
0000007acd625cf9
0000007b2417ccb9
0000007be7968819
0000007bf53619b9
0000007bf53696f9
0000007c002aa1d9
0000007c03876d79
0000007c1cd9f499
0000007c1cda0599
0000007c2014d419
0000007c94359f99
0000007cc2b535b9
0000007cd44298f9
0000007cdffa3b19
0000007ce119c259
0000007d115ed199
0000007dbd3250b9
0000007df2cd6bf9
0000007df5470899
0000007e453b9c99
0000007e81060ef9
0000007e8c9302d9
0000007e935cc299
0000007e935cd739
0000007e94dbf499
0000007ead0ac579
0000007ead0ad479
0000007ed8dfdb39
0000007ed8dfe399
0000007edf727ad9
0000008006f259d9
0000008022ae97b9
000000805bb15a99
000000805ca9d719
00000100db1c8b61
0000000000ec0c71
0000000000000181
00000080dd280a59
00000081304c1779
0000008143092db9
00000081649d56d9
0000008182bfc2d9
00000081ea737339
00000081ea7386f9
00000081f69abc19
000000824af7ce39
0000008278c24439
00000082e94bee99
00000082eec758f9
00000083246794b9
0000008345808f39
00000083465f8459
00000083538451b9
000000835b5d2419
0000008364333db9
00000083e5e25899
00000083fe6e14d9
000000842c9facb9
000000845c590d99
000000849f4c4cd9
0000008512952f79
00000085afd24cb9
000000863169cad9
0000008691015dd9
00000086f989cbf9
00000086f989de59
000000876b389499
00000087726398f9
00000088078389b9
0000008851863d59
0000008857d8ea39
000000886a3c5779
000000888c82acd9
00000088f610c959
000000896bca4839
000000896bca5539
000000896f0a4199
000000897e32bb99
00000089a86bc299
000001137b872661
0000000000ec0c71
0000000000000181
0000008a3d3f6419
0000008a409d9399
0000008b44741db9
0000008b63b887f9
0000008b8e5647d9
0000008b99618359
0000008b9ac73619
0000008bd1ed4d79
0000008bdf3dfd59
0000008be952d459
0000008c1ca606d9
0000008c1ca644d9
0000008c35bbc6d9
0000008c35bbce99
0000008c6f6ebe39
0000008c80887179
0000008cb071b599
0000008cbd9f2ad9
0000008cd01a9fd9
0000008cda38f639
0000008d0f06c4f9
0000008d3d91de99
0000008d466bbe19
0000008d8ed7d139
0000008dd0b6b9b9
0000008dd2bb2e99
0000008dee8ebfd9
0000008e5935a939
0000008e9f1c2339
0000008ea766c819
0000008ea766d879
0000008eb0bef0d9
0000008eb7b25819
0000008ebd2a1739
0000008ebd2a1a19
0000008ebd2a1e99
0000008ec2028f99
0000008ec46c8eb9
0000008ec46ca2f9
0000008ee345d639
0000008ee345f5f9
0000008f3d460c39
0000008f621f5c79
0000008f621f63d9
0000008f71763a99
0000008fb17adc79
0000008fb5ea9d19
0000008fc1770339
0000009005344559
0000009008884639
0000009057f34b59
000000905b68c2f9
000000906f5e3ad9
00000090a6f07939
00000090acc5d719
00000090ba482a99
00000090c8cf7259
0000009122fe9c99
00000091335d84b9
000000919326aef9
00000091978846d9
00000091bc014dd9
00000091edc492d9
000000921f197479
00000092a38d7b79
00000092f2af7ed9
000001261bf1c161
0000000000ec0c71
0000000000000181
000000939390f0b9
000000940a6acf19
000000943c2a5359
000000946c69a759
00000094a41b6a19
00000094e080d259
00000095982318f9
000000959df05279
00000095cb512b59
00000095d9888ed9
0000009624a46f19
0000009624a48379
0000009624a48c79
0000009624a4a079
000000962c5f0319
00000096349a4339
00000096555c52d9
00000096555c6a99
0000009693405d39
00000096c16c2ff9
00000096e5f23959
00000096e5f24759
00000096e5f24eb9
00000096e5f2a759
000000974a184d99
00000097641719f9
0000009764b5d4f9
0000009780fe6ff9
00000097b787a039
00000098401219d9
000000989cf8a479
00000098ceabd7d9
00000098ceabf299
00000098d249f239
00000098f0580759
000000991497c5d9
000000991497cd59
000000997ba2d9d9
000000998eccc139
000000998eccd519
00000099f6eefaf9
0000009a08ece519
0000009a362b1459
0000009a6e2c81f9
0000009a7ce03d19
0000009ac2d76fd9
0000009b25061219
0000009b2d948679
0000009b94584d79
0000009bc27291f9
0000009bf068c659
0000009c4921a659
0000009c4921a6f9
0000009c4921a719
0000009c4921adb9
00000138bc5c5d61
0000000000ec0c71
0000000000000181
0000009cce0bcf39
0000009ceb5f66d9
0000009cf5f270f9
0000009cf5f27ef9
0000009d895c2fb9
0000009d8bc30259
0000009da4089a39
0000009dc6ad7b59
0000009ded715979
0000009def7f1c39
0000009def7f1cd9
0000009def7f2399
0000009e2b623819
0000009e2b624a79
0000009e2b625679
0000009e2b625d99
0000009e440a68d9
0000009e703dae99
0000009f495146f9
0000009f6be6aad9
000000a00c2f4ed9
000000a08a4bc9f9
000000a0b0ee7e99
000000a16ee9e1d9
000000a19e755659
000000a28e13c599
000000a28e13cd19
000000a35b459cd9
000000a3a239ef59
000000a3a939f619
000000a3b0d9caf9
000000a3cd6a10d9
000000a406a15d19
000000a41df29bd9
000000a43622d4b9
000000a438fd29f9
000000a439618cf9
000000a4adc7b7f9
000000a4f5ad59f9
000000a53b0ed7b9
000000a53b0edb99
000000a597abb0f9
0000014b5cc6f861
0000000000ec0c71
0000000000000181
000000a5e30290d9
000000a6003461b9
000000a6c6878219
000000a6ce86f379
000000a6ce8738d9
000000a70371a039
000000a71894a659
000000a71894e2d9
000000a718952099
000000a75de13779
000000a7a4035bd9
000000a7a9e06e59
000000a7fc0a95d9
000000a8272827f9
000000a827283c99
000000a864c1dc79
000000a897e603d9
000000a897e60b39
000000a897e617f9
000000a8996b28b9
000000a8ad3dacb9
000000a8b670dd79
000000a8fe2a81b9
000000a903a37a39
000000a91ea9ccb9
000000a92b522ab9
000000a933411799
000000a959744cf9
000000a95d2d0319
000000a9b5dbb9d9
000000aa019d76b9
000000aa019db279
000000aa17aba839
000000aa5ca646d9
000000aa5ff4f259
000000aa9665b299
000000ab22ecb759
000000ab2b052d99
000000ab4f2d2559
000000abddc81e99
000000ac4da22479
000000ac6df76c59
000000ac823074f9
000000ac929853f9
000000acc8a90219
000000acdd823039
000000acf2c48999
000000ad10fa1df9
000000ad57676159
000000ad57677279
000000ad653262b9
000000adab89aff9
000000adb253d119
000000ae3bc6a0f9
000000ae4d70de59
000000ae6242b839
000000ae637e6bb9
000000ae8ea36a19
000000aea8761239
000000aefaf51999
0000015dfd319361
0000000000ec0c71
0000000000000181
000000af857452b9
000000af85746779
000000af9bc014d9
000000afd261fb59
000000afd261fcf9
000000b048d79b59
000000b048d7b639
000000b064ab6339
000000b0aca9d1d9
000000b0baeed2b9
000000b0df05bbf9
000000b0e43ef6b9
000000b0e855f699
000000b1076c5c39
000000b16c09e3d9
000000b17be6f9b9
000000b1eebc8b19
000000b200a36179
000000b23d1845f9
000000b23d1847b9
000000b23d184839
000000b2583197f9
000000b298cb5b19
000000b300b60119
000000b30675f399
000000b328649d19
000000b33a7acd79
000000b48b371479
000000b4c124a0d9
000000b513311799
000000b5263cf659
000000b52dd92b39
000000b55b71ce59
000000b5ac006119
000000b5ac007519
000000b5cdfa3339
000000b5f44b42d9
000000b642d15ef9
000000b680d4f259
000000b705c1d539
000000b709f262d9
000000b709f26379
000000b709f29779
000000b722b37fb9
000000b726954379
000000b730674719
000000b732afdcd9
000000b77bfd1339
000000b7ac7867b9
000001709d9c2f61
0000000000ec0c71
0000000000000181
000000b8595bd5d9
000000b8802df6d9
000000b93a86dcd9
000000b995318779
000000b9e5d360f9
000000b9e5d36179
000000ba418ce099
000000ba418cf6d9
000000ba5497d5b9
000000ba6a558cd9
000000ba6a558e79
000000ba6a559d79
000000ba6a55a399
000000ba8a0e9079
000000bac1e8a8b9
000000bac1e915b9
000000bac1e931b9
000000baf2651439
000000bb9b9ae719
000000bc36863679
000000bc368662f9
000000bc9cd41f99
000000bcaea64ef9
000000bcd515bab9
000000bcf199f859
000000bd0826fe39
000000bd2751c119
000000be0fc0cb59
000000be0fc0e579
000000be7e14e719
000000be8e862839
000000bec22a3199
000000becd979819
000000bf2305f599
000000bf23062eb9
000000bf53646bd9
000000bf56d10d99
000000bf67a31f79
000000bf67a35199
000000bf8c24c2f9
000000c0019a0d59
000000c01cae8d39
000000c0621c13d9
000000c08e180319
000000c0f608d039
000000c10f5357f9
000000c1516bc219
000000c1516c1299
000000c18883f7d9
000001833e06ca61
0000000000ec0c71
0000000000000181
000000c204a46219
000000c239904ff9
000000c2b21844b9
000000c2b2184679
000000c2e3909bf9
000000c2e390b319
000000c338f567f9
000000c3726d4699
000000c376d126d9
000000c376d137d9
000000c3bd8fe199
000000c3e7fcacf9
000000c3ed5b18d9
000000c40c002d99
000000c43ef59a99
000000c44f8aae39
000000c48520ebf9
000000c48fcc0439
000000c48fcc7979
000000c48fcc9719
000000c4cf9f9299
000000c552465939
000000c63fb1ae99
000000c63fb1e979
000000c670671ef9
000000c677d41479
000000c799617fb9
000000c7c5aaceb9
000000c7c9bccd59
000000c7c9bcda99
000000c7d9d0bbf9
000000c7fa2a5999
000000c818682c79
000000c8a24e03d9
000000c8c4cbb719
000000c8c4cc06b9
000000c9a6de69f9
000000c9f4c83419
000000ca30b001b9
000000ca3c141a59
000000cae272c2d9
00000195de716661
0000000000ec0c71
0000000000000181
000000cb0d925839
000000cb15d38259
000000cba92d78d9
000000cbfaf41379
000000cc157d0d39
000000ccd7387219
000000cd14b47d19
000000cd1f70d4f9
000000cda5c7a259
000000ce1fd90a59
000000ce47f519b9
000000ce4c229599
000000ce4c22bf19
000000ce4c22e399
000000ce5e3d32d9
000000cecd3a1339
000000cf0880d799
000000cf0880e119
000000cf1c3d5359
000000cf2dd07099
000000cfcb036959
000000cfcb037e59
000000d045e42579
000000d05c8345b9
000000d05c835979
000000d0872b46d9
000000d0e9abb179
000000d16adf95d9
000000d1a69e7919
000000d1b0bcab19
000000d1b0bcacf9
000000d1b3ef3d79
000000d1bd0d3219
000000d1ca8f8919
000000d1f7c525b9
000000d2198854d9
000000d239030f39
000000d27ce45899
000000d2aac80999
000000d2c85fdb59
000000d2d86f76f9
000000d33ce02719
000000d372b2cf59
000000d372b31b99
000000d385ef0b99
000000d3a9df3fd9
000000d427a14519
000000d43575bc59
000001a87edc0161
0000000000ec0c71
0000000000000181
000000d4b898cdb9
000000d4bdf509b9
000000d54084cfd9
000000d5d68cf5f9
000000d623d0fab9
000000d6814f7319
000000d6ad97add9
000000d6b423c9d9
000000d6dd98ff39
000000d6de97b8d9
000000d71a9e11b9
000000d71a9e1919
000000d733ee1019
000000d7bd03b359
000000d7def3d639
000000d82d093a39
000000d8b8406b99
000000d8c377a699
000000d8d69e3539
000000d90eb49df9
000000d90eb49fd9
000000d9b84e2f99
000000d9cf6bb419
000000d9dc817079
000000da14f63519
000000da4dfbd9b9
000000da8811a3f9
000000db0f2b66d9
000000db5746eab9
000000db57bf55b9
000000db971c9959
000000db9a068319
000000dbc428eed9
000000dbce693619
000000dc15706c79
000000dc71c7dab9
000000dcf1356cb9
000000dd079ef2d9
000000dd1b42d4f9
000001bb1f469c61
0000000000ec0c71
0000000000000181
000000ddbdfdf1f9
000000ddbdfdf979
000000ddff9d3459
000000de64595199
000000de64596af9
000000dea289a559
000000dee672ae19
000000df22cc1e79
000000dfd52ebd19
000000dfddd4c959
000000dfe36bc339
000000e00bcdd439
000000e165d38759
000000e165d38919
000000e190d035b9
000000e20830f859
000000e259bb2379
000000e2831c52d9
000000e2ac5a4259
000000e2cc8d5779
000000e301c62ff9
000000e301c64919
000000e3731544b9
000000e37f543d59
000000e3fe68e719
000000e41bf60159
000000e4282352d9
000000e42a9f4579
000000e47aeb9a39
000000e49cfb2279
000000e49cfb38f9
000000e49cfb9bd9
000000e4cb10e139
000000e4db1549d9
000000e62813ee99
000000e656f81039
000000e69aa1a1f9
000001cdbfb13861
0000000000ec0c71
0000000000000181
000000e71f8ca1b9
000000e7490e3a79
000000e794be9339
000000e7c5730839
000000e7e6361a19
000000e8169bb4b9
000000e827bad079
000000e88da2d619
000000e88f341a39
000000e8b5e69ef9
000000e8b5e6a459
000000e8ca9cf3f9
000000e8d7b118d9
000000e93608eb39
000000e9606c1d19
000000ea0ce5d5b9
000000ea5c35dcb9
000000ea63eb69d9
000000ea854f8af9
000000eb9a2d2379
000000ebcec40639
000000ec0d408299
000000eca0130db9
000000ece1ff5419
000000ed3ebbcdf9
000000ed586a4199
000000ed586a4219
000000ed8e6239f9
000000edac297639
000000ee02736d59
000000ee0e17ba79
000000ee19cb0879
000000ee259f2e79
000000eeec6430f9
000000ef11e84fd9
000000ef4a56b7d9
000000ef4a5737f9
000000ef4a573879
000000f00700a079
000001e0601bd361
0000000000ec0c71
0000000000000181
000000f038a73379
000000f04577b1b9
000000f066a6e4d9
000000f07e6de739
000000f0876f5879
000000f098264579
000000f098266619
000000f0b3def999
000000f0c2987bb9
000000f0c56f4339
000000f0d3dcfed9
000000f12b90b419
000000f15a8282b9
000000f16bbaa739
000000f19b2bc1f9
000000f19f271599
000000f19f272559
000000f1d2e1b579
000000f222500559
000000f297ff0a59
000000f297ff0bf9
000000f2b8bb3059
000000f2ca402e99
000000f2e6d25e39
000000f30f25c239
000000f313986b99
000000f375ab9479
000000f388085c59
000000f3c712f619
000000f411ca2919
000000f434c491d9
000000f434e96a59
000000f52b1798d9
000000f53ff94ed9
000000f551de3c19
000000f551de4379
000000f551de4ff9
000000f553ac5139
000000f59188f3f9
000000f60d7b6339
000000f61f3641f9
000000f63b918459
000000f69b5fbad9
000000f6a3f77a19
000000f6ae6740b9
000000f6ff8dc259
000000f710612519
000000f72f512b19
000000f79bda7a99
000000f7afd8e219
000000f7ccc75839
000000f7d86579d9
000000f7d8658139
000000f7e445ec59
000000f809f20779
000000f80bca3559
000000f836e35759
000000f84aa20d39
000000f84aa21f39
000000f84aa24939
000000f85699f819
000000f865d03d19
000000f865d0bff9
000000f88b21a8d9
000000f8b9a5d5d9
000000f8ec79d739
000000f95696e519
000000f958399219
000001f300866f61
0000000000ec0c71
0000000000000181
000000f9ae60ad79
000000f9fa3fced9
000000fa1d5d4059
000000fa2b961899
000000faf3aff4d9
000000fb57f0a9f9
000000fba9293eb9
000000fbcac32cb9
000000fbf6fa3a39
000000fc0bb024d9
000000fc24847dd9
000000fc3a3398f9
000000fc686582d9
000000fc686584b9
000000fcf5a83459
000000fd063eee99
000000fd26710399
000000fdbde95f99
000000fdd1642579
000000fe0f69b059
000000fe305bbc59
000000febd7bcdb9
000000fec72b5079
000000fee479e979
000000ff2b595839
000000ff3e9c8999
000000ff3e9c9619
000000ff3e9c9f59
000000ff56a7d4d9
000000ffa3a0b279
000000ffa3a10099
000000ffbd96d7b9
000000fff059e5b9
000000fff92ce939
000000fff92d1399
0000010083b9bf99
000001008b9beeb9
000001008f5cd0d9
000001008f5cd299
00000100be1ed319
00000100d2ad5699
00000100e76ed759
00000101021c0339
0000010123df3619
0000010129a45459
0000010129a45b59
0000010129a46979
0000010182c08339
00000101b3043a39
00000101b6f391d9
00000101c3fbc4d9
00000101e8f74d79
00000101f6d98db9
00000102309834b9
0000010264f9f999
00000205a0f10a61
0000000000ec0c71
0000000000000181
00000102ef1e6e19
00000102fb644b79
0000010379f89cf9
0000010379f8b2b9
00000103a0aee559
00000103a6f54f19
00000103ed305a79
0000010401139d19
000001042ae34d39
00000104a8a66c79
00000104c09284f9
00000104c0c05259
00000104c0c053d9
00000104cca816d9
000001051366dbd9
000001051b85d599
00000105c93f35d9
0000010647d8f7d9
00000106ec7cc499
0000010717b5aa39
0000010717b5b1f9
0000010780533079
00000107815109d9
00000107edf5ac59
0000010834bc8679
000001085c7a06b9
000001087679e0b9
000001089b846ad9
00000108a825ab79
0000010916af6519
0000010952db18d9
000001096c6db5d9
00000109a585a859
00000109de85ba39
0000010a77cf59f9
0000010aad3899f9
0000010aad38b519
0000010abb183519
0000010ac56a0319
0000010b0e628c59
0000010b276cd0d9
0000010be00b8079
0000010be649bd79
0000010c1a846679
00000218415ba661
0000000000ec0c71
0000000000000181
0000010c90727579
0000010c98830ed9
0000010cb0187eb9
0000010d7be3b039
0000010ddc8fcf39
0000010e05b661f9
0000010e05b67259
0000010e0aa2b9d9
0000010e6bbe5e99
0000010e9c1a7899
0000010ea4424a59
0000010ee409a519
0000010f0a9603f9
0000010f732f9e79
00000110153aeef9
000001106f42d7d9
00000110deaf84b9
000001110dae1239
0000011148c9aa79
00000111492a74f9
0000011164577099
000001118d1c5559
000001118d1c5e19
000001118d1c7299
000001121e8d0539
000001121e8d0c19
0000011247e74839
00000112533ba2f9
000001127c24bdf9
0000011284313cb9
00000112860ced79
0000011299123d19
00000112b25fee99
00000112c0a4e6d9
00000112dc87ded9
00000112f2a50359
000001133ca01879
000001134c426339
000001134c430159
0000011351cfdcf9
00000113c5bed999
00000113d1929639
00000113d90b8499
000001143458f899
000001145af5ed19
00000114e89065d9
0000011568914d19
0000022ae1c64161
0000000000ec0c71
0000000000000181
000001162e5bf0f9
000001163381e979
000001163381e9f9
000001163381fb39
000001163961b759
00000116afc91379
00000116e21c74d9
00000116fc441ab9
0000011709f8a699
00000117667fe179
000001176e461f99
00000117777d73f9
000001179c8d4499
00000117c1586339
00000117c72c8b79
000001190825a3d9
00000119288f7439
0000011959aaec99
0000011959ab2159
00000119af698279
00000119e2079679
0000011a4b066bf9
0000011ae8232919
0000011aeb9228b9
0000011afa6a4f19
0000011b17a6b219
0000011b382b1079
0000011bb0b74539
0000011bc7d8e9b9
0000011bd7603819
0000011c38f9e079
0000011c3e372dd9
0000011c8472aad9
0000011cc1dd4459
0000011cc1dd5699
0000011d19661159
0000011d5a91c459
0000011d93aa18f9
0000011d9c3d7539
0000011dae342b19
0000011dfff25a19
0000011e7f53fb99
0000011eac139839
0000023d8230dd61
0000000000ec0c71
0000000000000181
0000011ef24451d9
0000011ef244abf9
0000011f6c9b5919
000001201f014619
00000120aeeb67d9
00000120b4488b19
00000120bf077bd9
00000120d0353f59
000001211f8b18f9
00000121b191dc39
00000121b191e0f9
00000121d7c14039
000001220013dd59
000001220013f299
00000122007c0639
0000012265011439
0000012286c7e6d9
0000012296a0b619
00000122a17c4299
000001236830d859
000001236c7fb399
00000123bae39c59
00000123ef1b9bf9
0000012448979419
000001245f2131b9
00000124aeac51d9
00000124d05f45d9
000001251876ff39
0000012524fbe419
0000012532be94f9
0000012567f07579
00000125d4a5a439
00000125ff3b0539
00000126181d7079
000001261a3c2819
000001261b12a679
00000126680962b9
000001268b002539
00000126ddb6d359
00000126ddb6dc39
0000012708410f59
000001271048caf9
000001272d118479
00000127766d3059
00000127b4b3b559
00000127b4b3d119
00000250229b7861
0000000000ec0c71
0000000000000181
000001282d10c719
000001283bc6f439
00000128883b7d99
0000012892f58a19
00000128f7e1e139
00000129267d6279
00000129fa63d699
0000012a5e7f49f9
0000012b5fd21c59
0000012c1fa2ca39
0000012cda13b3b9
0000012cef33f559
0000012d20899099
0000012d290587d9
0000012d7dbff4b9
0000012dc4155ed9
0000012dc931bdb9
0000012dde306719
0000012dde3076f9
0000012df56ceb19
0000012e0ae8c639
0000012e0ae8f2f9
0000012e1c017499
0000012e24111cd9
0000012e8a6fded9
0000012e8d6b59f9
0000012e91f82e39
0000012ebdc6ec59
0000012ebdc6f359
0000012f18056df9
0000012f31f129d9
0000012f4847ef79
0000012f5e129699
0000012f87d09d79
0000012f946e8739
0000012fc4984279
0000012fed2743d9
000001300e2c2c39
000001303ac14cf9
000001305aa75259
0000013070b1fc59
0000013070b20eb9
000001307c0fffd9
0000013090a00f79
000001314e7e3d39
00000262c3061461
0000000000ec0c71
0000000000000181
00000131ae6dda99
00000131ae6df379
00000131d76d8e59
00000131e95d48f9
00000131f59e5f79
00000131f81af2b9
00000132164e4399
000001322ad38679
00000132936bfc19
000001329ec050f9
00000132aca472d9
00000132aca48f79
00000132f2fee3f9
00000133cfe34b59
000001341253db19
000001343a9ed059
000001344b0b4b59
0000013464797d99
000001346a711859
000001346a712c59
0000013478d9f339
000001349d5085b9
00000134cc51dd79
00000134cc51f499
00000134d49f1a79
0000013529732079
000001356b15d299
00000135a183c2f9
00000135ee6856b9
00000135ee686f19
00000135f1f21ff9
000001361437bfd9
0000013627772879
0000013664af5bf9
00000136a53d3c59
00000136f6891059
000001373d0735d9
000001380d7ce6f9
000001380d7d2919
0000013878da8f59
000001388797c999
00000138ca2e3fd9
00000138e702e179
00000138e7544679
00000138eea48759
00000138f8809b79
0000013910f4d7f9
000001394f2421f9
00000139557224d9
00000139d48e3239
00000139ff14aab9
0000013a65501eb9
0000013a75e89759
0000013a9a38e039
0000013aa182d4d9
000002756370af61
0000000000ec0c71
0000000000000181
0000013af26c5539
0000013af8f54ed9
0000013b0f9c6d99
0000013b0f9cd339
0000013b1ef43159
0000013bcab3fab9
0000013be11d5059
0000013beb836eb9
0000013beb838159
0000013c7a3bf279
0000013d6d6dba59
0000013d990e8059
0000013dda1fb659
0000013dda1fb819
0000013dda1fde99
0000013e29988899
0000013e2998ea79
0000013e4fd75199
0000013e6c278eb9
0000013e6f8f5c39
0000013e7d7714b9
0000013efc820179
0000013f3e58e1d9
0000013f3f0023f9
000001400c6a5c39
000001402c046979
000001402c84f219
0000014046c44399
000001406f88f139
000001406f890659
0000014077909a99
000001409270db99
00000140e88b3c39
00000140ed0bae79
00000140f37dd839
0000014164a9c0f9
000001417ca2a3f9
000001417ca2b519
000001418670fab9
00000141b27ed9d9
00000141b27ee299
000001421733e999
0000014217f6efd9
000001425a0fce99
000001425a0fead9
00000142d2af18b9
00000142f4f50219
0000014320380619
0000014345eef959
000001435a9f68f9
0000014361277b19
00000143a3504b79
00000143a3507159
00000143a350d699
00000143b2136099
00000143ce7a4db9
00000143ce7a5699
00000143fba94479
0000028803db4b61
0000000000ec0c71
0000000000000181
000001443a779fb9
000001443fa6a199
000001451e880db9
0000014569e36ad9
000001458f848419
00000145d3c26f39
000001461168cbb9
0000014663c9acb9
0000014663c9b959
00000146b6861eb9
00000146c28c45f9
00000146fa429959
000001471cd4d679
00000147426e0679
00000147c505bd59
00000147ccdb45b9
00000147ccdb5739
00000147da507119
00000148eee57219
000001491bb14c39
000001492f92e479
000001498e25f239
0000014998210139
0000014a99ec39d9
0000014ab36495d9
0000014ab47b17d9
0000014ab47b2099
0000014ab47b3379
0000014ab504f299
0000014ac2692c79
0000014ac2693c39
0000014bb5d59619
0000014bf7578159
0000014c8c08b559
0000014d159ff6b9
0000014d30f733f9
0000014d442abbb9
0000029aa445e661
0000000000ec0c71
0000000000000181
0000014de4970839
0000014e3152ea39
0000014e360fe499
0000014e58f22a19
0000014e8c639c39
0000014ef8f530d9
0000014f394359f9
0000014fa6a11d79
0000014fbf03c519
0000014fd76eaab9
000001505505e8b9
00000150cf8ec039
00000150f33398b9
00000151199c0999
000001512fa637b9
000001517ebdc0d9
00000151e4367fb9
0000015211239319
0000015212417299
000001521f76df79
000001522e3182b9
0000015278bc55d9
0000015281a11e19
0000015281a133d9
00000152de0edd59
00000152f8785579
0000015376745999
00000153b162fb19
00000153e16d4439
000001543e96ed99
000001543e96f4f9
000001544be437d9
00000154864980f9
00000154a3600099
00000154d17cae59
00000154d8f80d39
00000154ffe95cb9
0000015500f06ad9
0000015500f07d99
00000155307b2db9
0000015552b3e7b9
000001555dd61399
0000015578899f99
000001557b0b8179
0000015583d6d4f9
0000015583d6e819
00000155a961abf9
00000155f80c9ad9
0000015607b00cd9
000001565a03e999
000001569dcf3439
000002ad44b08261
0000000000ec0c71
0000000000000181
00000156c5142b59
00000156cfed5499
00000157b7c0b779
00000157c04b79f9
000001585f99ae79
000001585f99b5d9
00000158776522d9
00000158c9efdf99
00000158d5f2cff9
00000158d5f2d1b9
00000158e2396859
0000015966d81b19
00000159701aa519
00000159a54201d9
00000159cee340d9
0000015a3ec58899
0000015a626333f9
0000015a77c16df9
0000015a95d56479
0000015ad8f48b79
0000015ae9c9eeb9
0000015af4aaccf9
0000015b32024b99
0000015b9b002af9
0000015c11211919
0000015c11a0a2f9
0000015c1879e759
0000015c5ccfa4d9
0000015c870e6339
0000015c870e75f9
0000015ca55e2339
0000015ca8631b39
0000015caeffc039
0000015d0a780779
0000015e151ab699
0000015e5d0dafd9
0000015e9eb8dd59
0000015f2ebd0639
0000015f2f00d119
0000015f6b6eb199
0000015f6f7e9e59
0000015f9c5d3619
000002bfe51b1e61
0000000000ec0c71
0000000000000181
0000016031646159
00000160332dcb39
00000160332ddf39
000001609dad46f9
00000160c5464819
00000160c5465f79
00000160c8b2cf59
0000016175b85499
0000016182fcc299
000001618d31d9d9
000001618d31ec99
0000016192054f59
00000161b27514b9
00000161e2c15c39
00000161e2c16ef9
00000161f49fe3d9
00000161f6dd11f9
00000161f6dd43f9
000001622fbe18b9
000001622fbe29b9
000001623cb07179
0000016285a9ea59
00000162cf69b719
000001632e578f39
000001632e5790d9
0000016330ee18b9
000001638fefb0d9
000001642298e219
000001644abcbb19
00000164a6150ed9
00000164b30e86f9
00000164cfa43999
00000164e5bc2939
00000165a9f5c5f9
00000165b3b9fd19
00000165c716e399
00000165e610bdb9
00000166dcac3fb9
0000016719b597f9
00000167220ead19
0000016739464e99
000001678175b7f9
000001678eedae19
0000016798658a39
000001679cf76679
00000167f334d8b9
00000167f3716db9
000001683bc9bc39
00000168aef65879
00000168ee0d5399
000002d28585b961
0000000000ec0c71
0000000000000181
0000016aab17f859
0000016adf9674b9
0000016ae8e65f99
0000016b2e34e4b9
0000016b81abd379
0000016b855249d9
0000016c12d63af9
0000016c205b5af9
0000016c3985b9d9
0000016c85f8e279
0000016ccaf20959
0000016da0b747b9
0000016dafbcff39
0000016dd5f61999
0000016dfdd10479
0000016e21f70079
0000016e4cb15059
0000016e51310659
0000016e5675b839
0000016e5675ee99
0000016e8f7cc0f9
0000016eb302c8b9
0000016eb6e85159
0000016eb6e86459
0000016eb6e899d9
0000016f16e6b379
0000016f4eca41d9
0000016fa6b88519
0000016fa6b886d9
0000016fdc8e8eb9
0000016ff93d8999
00000170783e2339
00000170c6675a39
00000170f69a7219
00000171848ac8f9
00000171ee3b0cd9
0000017203b52f39
000001721e54e4b9
000002e525f05561
0000000000ec0c71
0000000000000181
0000017298b00cd9
00000172eefd93f9
0000017304902a99
000001732af8a359
000001734f9e0f99
0000017358cd9979
0000017358cdd419
000001736a162499
00000173acf55cf9
00000173acf5bbb9
00000173ff8265f9
0000017411091db9
000001742b5fd5f9
000001742b5fe359
000001743ad86c39
000001743ad8ebd9
000001749183b3b9
0000017494eb8339
000001751e082399
000001757cd265b9
0000017588c21999
00000175be4858d9
00000175be486059
00000175ff2789f9
0000017600e71939
000001762b27a339
00000176434b70b9
000001765bb8d859
000001765bb8d9f9
000001765bb8f1b9
00000176f1ac6739
000001770ba52ad9
00000177546afbf9
00000177af17e299
00000178053efb59
0000017807e0ee19
000001780c8a27f9
00000178d6517839
000001791792a0d9
00000179179335b9
000001793bd98df9
000001793bd99cf9
000001796a3cb6b9
000001796bf25d79
0000017989636419
00000179d116aa99
0000017a120a10d9
0000017a31a4b299
0000017aaab3d019
0000017b3087f7d9
0000017b464da599
0000017b72eaf299
000002f7c65af061
0000000000ec0c71
0000000000000181
0000017c2fc9c0d9
0000017c902f44f9
0000017c9e2a2459
0000017d3e6c5fb9
0000017d6db88cf9
0000017d943fad79
0000017db30a3a99
0000017dd9b58099
0000017dd9b60759
0000017df5388699
0000017e057034d9
0000017ecba19459
0000017f1e17dd39
0000017f1e17e9f9
0000017f951d3939
0000017f951d78d9
0000017fa14450d9
0000017fa85c0a19
0000017fc7bbd959
0000017fc7bc4699
0000017fc81811d9
0000017fe9c9d8d9
000001804aa22079
0000018069775179
000001807517feb9
00000180ac96fd39
00000180b39e4f19
00000180bb17be19
00000180bca06a99
00000181081ee2d9
000001812fc05939
0000018138698ad9
0000018159fc7859
0000018159fc92b9
00000181603da8f9
00000181621dcbb9
0000018164a00e99
0000018164a01039
000001818526da79
00000181e3455039
00000181ef6327b9
00000181ef632999
00000181ef634319
00000182049c2459
000001827f1b88f9
000001827f1b9c99
000001832c5a4f79
000001836d475a19
00000183bf7748f9
00000184064eb2f9
000001841db21879
00000184782776f9
0000018505b38c19
000001852b4cf2b9
0000030a66c58c61
0000000000ec0c71
0000000000000181
000001853d1e2e59
0000018582428759
00000185cea4b8b9
00000185fb104899
0000018601e0d719
000001861a641459
00000186638f8f79
000001867017b9d9
00000186b0e2acd9
00000186ef5a00d9
00000186ef5a0919
000001874aa2c879
0000018757ced4f9
00000187ab439f59
000001888a32c9b9
000001889364a359
000001889364b119
000001889364b1b9
000001889364b1f9
000001889364b879
0000018893652c99
00000188d8176759
000001894b0c2c99
000001895664b959
000001895cdd3979
000001895cdd49f9
000001897e64a579
0000018985775939
00000189973f7839
00000189a1ccb759
00000189a536c6d9
00000189b7fce359
0000018a415bfa19
0000018a5aa80639
0000018ae87ecf99
0000018af43bae39
0000018b199ffa99
0000018b854dde79
0000018bed182c39
0000018c00539c19
0000018c0053a379
0000018c0e78f179
0000018c2447fb99
0000018c8143ea39
0000018c837f0e99
0000018c837f2139
0000018ca2354cf9
0000018cfeea6379
0000018d229150b9
0000018d4c8ebc79
0000018d5ad78e99
0000018d71627839
0000018db031ba79
0000018e50506999
0000018e6da449f9
0000031d07302861
0000000000ec0c71
0000000000000181
0000018eb3f88e79
0000018ecdc39f59
0000018ee9839c39
0000018f6e99b239
0000018fe48a7e79
000001908a02f2f9
000001908b28d6d9
00000190bda4a899
00000191172ebdb9
000001912f973439
00000191363fc019
00000191363fc1f9
000001914ccd16d9
00000191a2e38299
00000191dfec9cb9
00000191e396ce19
00000191e396d019
00000191e39719d9
00000191e7583ed9
00000191e984c3f9
00000192323c1299
000001929eb6ccf9
0000019365fd85d9
0000019365fd9ad9
0000019365fdd399
000001938dce7719
000001938dce95d9
0000019392180d19
0000019393c78c59
00000193a06d6999
00000193c4c50519
00000193e566daf9
000001941c7a5859
000001947fec7f19
00000194999463f9
00000194ce53b819
00000194ce53c919
00000194ce543e39
0000019507a40c39
000001954cfb25b9
0000019594f4c339
00000195af355d19
0000019636ec1999
00000196a0e96079
00000196ed465739
00000196ed4668d9
000001972422d519
000001972422ebd9
00000197342d9659
000001977a7205b9
00000197cae49859
00000197cae4f7d9
0000032fa79ac361
0000000000ec0c71
0000000000000181
00000197feaf9659
000001982339e779
0000019839eccfb9
0000019862ac0cb9
000001986692d1f9
00000198dcaeb919
000001990f827019
000001995594e5f9
0000019a73af5f59
0000019a86e15339
0000019ab43c48f9
0000019b65af28d9
0000019b65af3799
0000019b65afa259
0000019bbb904f39
0000019bc32321b9
0000019bd9b8a8d9
0000019be32fc0f9
0000019c179848b9
0000019c2f39f979
0000019c4d16da19
0000019cea315c59
0000019d0e70c599
0000019d5badfdd9
0000019dd681efd9
0000019ddf7f3f59
0000019df37f94b9
0000019e4c786899
0000019e649306d9
0000019e678a7979
0000019eab424e39
0000019eab7e2579
0000019eb5faa9d9
0000019eb7c1d139
0000019f120c6599
0000019f5d96d699
000001a028c35139
000001a036e6feb9
000001a0471ddb59
000001a0471ddd19
000001a06ad2fdf9
000001a0ab406d19
000001a0b7f11e59
000001a0db277079
000001a10bced979
000001a11323ad39
0000034248055f61
0000000000ec0c71
0000000000000181
000001a15cda7939
000001a19f8ae179
000001a1b58a09f9
000001a1be1c58b9
000001a1d60288d9
000001a1feb44a59
000001a25d683259
000001a2cdbf5ff9
000001a2d72fc7d9
000001a2eec9a4b9
000001a2ff6e6c59
000001a3608cd059
000001a3636c2af9
000001a3cf1b13f9
000001a4164919b9
000001a416491d59
000001a429d0ad59
000001a45d8b6459
000001a45d8b8199
000001a46eeffe59
000001a4ac7e1159
000001a4ac7e20b9
000001a4bc6a4df9
000001a4bd0e0599
000001a4f0c98d39
000001a5495c7699
000001a56d359bb9
000001a5b5176b19
000001a5de07e899
000001a5f83a0f19
000001a60f742539
000001a63cd73999
000001a646e9adf9
000001a6b1f45299
000001a6b2f8d0f9
000001a6b2f8d279
000001a6b2f8e0b9
000001a6c7c56b19
000001a724b42d39
000001a724b44539
000001a75e8e1479
000001a7aee22b19
000001a7b506d379
000001a814cda559
000001a81ddccf19
000001a821414c39
000001a82c020019
000001a853124c79
000001a93c783499
000001a99cf60739
000001a9b07f03d9
000001a9c6970ef9
000001a9d5ae55b9
000001a9ddd06599
000001aa1e5976f9
00000354e86ffb61
0000000000ec0c71
0000000000000181
000001ab11d4f8f9
000001ab26cfc3d9
000001ab469cf3b9
000001ab469d08b9
000001ab469d0c19
000001ab78b11059
000001abf20e0019
000001ac0492c5f9
000001ac53287019
000001ac68c789b9
000001aca6862bb9
000001ad02ac7b59
000001ad02ac8d79
000001ad0ab388d9
000001ad129480d9
000001ad5c59e639
000001adb2256ef9
000001adb7a41cd9
000001add4583559
000001ae5080ba99
000001ae71909d59
000001ae9d5c8439
000001aeb200b2f9
000001aeb200c4d9
000001af416dcfb9
000001afb781eab9
000001afe0dd2059
000001aff6cc6a59
000001b015551919
000001b07cd34059
000001b0baaa51b9
000001b0c08c21f9
000001b10070f419
000001b129e3e119
000001b20e1f68b9
000001b226fc62b9
000001b27292ef19
000001b27292f119
000001b284d85f59
000001b2a76f0699
000001b2a76f2299
000001b2aa4ee2f9
000001b2b72aded9
000001b2c96155f9
000001b344cd47f9
000001b347d82759
000001b3493efd99
000001b36fb8ba99
000001b376708259
000001b377a2e199
000001b3874ca899
0000036788da9761
0000000000ec0c71
0000000000000181
000001b3df594b79
000001b3f0562199
000001b3fc1cebf9
000001b3fd0ff8f9
000001b3fd100ab9
000001b437898a39
000001b441f54099
000001b44b89d519
000001b49437e039
000001b4e594d119
000001b513281df9
000001b52279fbf9
000001b563611139
000001b563613619
000001b57d9fcc59
000001b5ad51f379
000001b652fcd2f9
000001b658a5cb99
000001b66c8ce039
000001b6de709579
000001b6e4e84b59
000001b759f21e19
000001b759f22f79
000001b759f28499
000001b77bf91479
000001b7daebca79
000001b7f5afb299
000001b823ad30d9
000001b82c8354f9
000001b849d5c259
000001b8778cba19
000001b8778cc179
000001b899baf199
000001b89d29f7b9
000001b8f4f7e839
000001b9455d9499
000001b95600c359
000001b9560132b9
000001b956014f99
000001b95d8dceb9
000001b98f435479
000001b9e3c846f9
000001ba4e80a659
000001ba72885079
000001babc62da79
000001bae87d1579
000001bb6bc72e79
000001bb6e9ccd19
000001bba84f3199
000001bbe5b1b2f9
000001bbe5b1b4d9
000001bbe5b1c639
000001bbe5b1deb9
000001bbe8367639
000001bc4af8fff9
000001bc4da01419
000001bc6d5b9cb9
000001bc87a21059
000001bcca47b279
000001bcda2b46d9
000001bcddfb27b9
000001bce4f71c39
0000037a29453361
0000000000ec0c71
0000000000000181
000001bd3bb6f979
000001bd7be7c3f9
000001bd90599c59
000001bdb04ea839
000001bdb5d5cd59
000001bdbbc8a739
000001be011cdfb9
000001be011cf539
000001be03540b59
000001be081e4419
000001be59b57019
000001be59b5c559
000001be918be279
000001bf26bbc2f9
000001bf28b377d9
000001bf28b3e3d9
000001bf52fc9c79
000001bf79db1c39
000001bfd2856c99
000001c041b4cb19
000001c0507164f9
000001c18477cbd9
000001c28cc02279
000001c28cc07fb9
000001c2af2057b9
000001c2b56d6a39
000001c2ff06f8d9
000001c4391f2079
000001c467175559
000001c4adebded9
000001c4b5f7baf9
000001c4dc734ab9
000001c52b2ec659
000001c54166dcf9
000001c55d5d4999
000001c589b81979
000001c5b9966d39
000001c5f55ac219
0000038cc9afce61
0000000000ec0c71
0000000000000181
000001c69a7a8839
000001c6cf9f40b9
000001c6d35f5819
000001c6f3b39d99
000001c728eb6219
000001c7373b0e19
000001c74e834119
000001c74e834899
000001c807ffbc19
000001c83af43119
000001c850895079
000001c8576ea999
000001c892afe439
000001c8d0d01d99
000001c8d0d09d59
000001c8ea22daf9
000001c9a045c9b9
000001c9a0e85139
000001c9a1a28219
000001c9e3183bd9
000001c9ecfdeaf9
000001c9fdecb559
000001c9fffdcb19
000001ca1b3653b9
000001ca1b366d99
000001cabbd44ad9
000001cacef1a0f9
000001cb0053c6f9
000001cb0a11f3b9
000001cb1fc5aa39
000001cb308b1819
000001cb354d5079
000001cb3d6a7179
000001cb93df24b9
000001cb93df37b9
000001cb94528d99
000001cb9556ccf9
000001cbba6acef9
000001cbbcd5b039
000001cc7ee1c039
000001ccadd595d9
000001ccadd5bcb9
000001cd4ee3a2f9
000001cd4ee3b159
000001cd8c7328d9
000001cdc4981a79
000001ce29f45419
000001ce598ec9d9
000001ce70294b99
000001ce7214a0f9
000001ce7214b479
000001ce8c27c539
000001cecd4d4d59
000001cee820d739
000001cf06759339
000001cf087b3a39
000001cf32682d19
000001cf76bc4019
0000039f6a1a6a61
0000000000ec0c71
0000000000000181
000001cfdd25c979
000001d09c421739
000001d0a1c34699
000001d0b3f19c99
000001d0cb116819
000001d0fcfa4119
000001d133614839
000001d133614f99
000001d134d10d19
000001d240ef7b59
000001d262327b79
000001d29dc46e59
000001d29dc47059
000001d2a0d9f079
000001d2a0da0339
000001d2a0da13d9
000001d2a7593299
000001d2bebf9d79
000001d32b547f19
000001d3abf20559
000001d3f3cd47b9
000001d3f3cd5cd9
000001d3f3cdfeb9
000001d41e423119
000001d41e4232d9
000001d41e423879
000001d515f4ef99
000001d518688979
000001d523047679
000001d5230488d9
000001d525196dd9
000001d58052a079
000001d5a38382d9
000001d5cb12dd79
000001d60fdd6439
000001d6401a58f9
000001d6454f0eb9
000001d64b7e9a19
000001d64b7ea1f9
000001d64c1ea4d9
000001d6e67d4699
000001d79e43dc39
000001d7f3a3f319
000001d811048099
000001d830f64e19
000001d87af0ff19
000003b20a850661
0000000000ec0c71
0000000000000181
000001d9b450c219
000001d9dd5f46f9
000001da34cc78f9
000001da4b2cb159
000001da6f3ce459
000001da7f19c0d9
000001da94f55ef9
000001da9eff3799
000001db29fff179
000001db58360b99
000001db666c1df9
000001db666c8fd9
000001db80c80b59
000001dcb410ec39
000001dcba1a0899
000001dce94c1439
000001dd3220f799
000001dd3f9407d9
000001dd3f9419f9
000001dd77824279
000001dd813719b9
000001ddb18d9019
000001de2d626459
000001de30d8d3b9
000001dea8c85779
000001dec910a399
000001dee0ffdf19
000001dee3ebef59
000001df71cd4fb9
000001df74f94959
000001dff5c920f9
000001e0300f8259
000001e035db3c59
000001e035db8cd9
000001e04bf6b419
000001e04bf6c879
000001e05125f6b9
000001e05dbd48b9
000001e064c6bd59
000001e064c71139
000001e064c720b9
000001e074b5e4d9
000001e07a54d499
000001e0967c4319
000001e0ccfb5c39
000001e0e7369c79
000001e106d22ab9
000001e16ba809d9
000001e1b7deff79
000001e1bf50a9f9
000001e1bf50b2b9
000001e1c4e5c419
000001e1c4e5d699
000001e1c5a7a699
000001e225256839
000001e230cdd7f9
000003c4aaefa261
0000000000ec0c71
0000000000000181
000001e29d9ff579
000001e30f380139
000001e343652b99
000001e343658379
000001e34fb850f9
000001e37d7a08d9
000001e37d7a0a79
000001e37d7a0af9
000001e37d7a1c39
000001e37d7a64b9
000001e37d7a6679
000001e3cb1ead19
000001e3d0dcf779
000001e3da4d4719
000001e401eaf7b9
000001e41d491919
000001e455d82599
000001e48dea40f9
000001e4f065d1f9
000001e52c9ec799
000001e5cf88e439
000001e5f577b399
000001e6b71fc859
000001e6c0969c59
000001e6c4f27ff9
000001e7158d6759
000001e7217b3a59
000001e72fd78d99
000001e744521039
000001e75f460879
000001e78f3d5eb9
000001e790d990b9
000001e7e9fe8f59
000001e7ed14bbd9
000001e7f764d9f9
000001e80c206bf9
000001e855901019
000001e86a302699
000001e8894302b9
000001e9188a90b9
000001e9188a9819
000001e97a2e3379
000001e97d6b8199
000001e97d8c6e59
000001e97d8c8579
000001e9a407a4b9
000001ea25cb6539
000001ea25cb7d39
000001ea25cb9579
000001ea25cc0579
000001ea3d301539
000001ea4e2b1699
000001ea7aa27179
000001eb23374b39
000001eb5b82c399
000001eb792a8a99
000001eb792a9b79
000003d74b5a3e61
0000000000ec0c71
0000000000000181
000001eba68286f9
000001ec27a79dd9
000001ec5a1620d9
000001ec5c9c9fd9
000001ec93ec39d9
000001ecf5b87b59
000001ed09e75cd9
000001ed4e897c79
000001ed50b80bb9
000001ed716ae579
000001ed75455ef9
000001ed98c667f9
000001edbef57db9
000001edca9c1359
000001ede2758cb9
000001ee7420f8f9
000001eebf7333d9
000001ef3fe0df39
000001ef6705f279
000001ef9f341519
000001efd356d5b9
000001efd356d759
000001effdff8459
000001f00652f199
000001f00c3cded9
000001f01014ceb9
000001f034558a99
000001f07cdb9b99
000001f0b7a8d719
000001f0c18530f9
000001f0e1698939
000001f0e1698a79
000001f11b32a759
000001f11b32acd9
000001f13c6eb3d9
000001f21330b739
000001f245c6c859
000001f245c6d839
000001f2828a0639
000001f28e216599
000001f28e216779
000001f28e217779
000001f2d4bef099
000001f306d8b239
000001f308a7ecf9
000001f30fd2f4b9
000001f3111728d9
000001f364252bf9
000001f3731a20b9
000001f38302d599
000001f3fa45e699
000001f41001fa59
000001f4100260f9
000001f410026739
000001f483744bd9
000001f4e8d9cdb9
000001f4e8d9e359
000003e9ebc4da61
0000000000ec0c71
0000000000000181
000001f52a9694f9
000001f52dcd63d9
000001f53c02eab9
000001f56391d1d9
000001f586911a39
000001f6154e8839
000001f62c0ee039
000001f68f015a79
000001f68f0161d9
000001f6d795c879
000001f7258adb19
000001f75062da59
000001f750635e59
000001f7582b2c79
000001f78c3eadf9
000001f7e64279f9
000001f7e6429199
000001f7f2be63f9
000001f7f2be7c39
000001f8990cbf99
000001f8990ccff9
000001f8a9d0ee39
000001f8c95f7879
000001f8df799259
000001f910b8b879
000001f93816d519
000001f95e109bf9
000001f95e10ad19
000001f969f55c79
000001f969f56ef9
000001f969f56f79
000001f996073199
000001f9960745d9
000001f9e3e37db9
000001f9e3e381f9
000001fa0e1ca4b9
000001fa154cf539
000001fa4392c139
000001fa8e013979
000001faafccdf39
000001faf1c9a659
000001fb453af8d9
000001fb4fb234d9
000001fb7d42fbd9
000001fb8c0d9079
000001fc3d57da39
000001fc3d57e1b9
000001fc583437b9
000001fc954ba659
000001fca725b199
000001fcd0536d79
000001fcf9f7da39
000001fcf9f7eb79
000001fd7d77c039
000001fdcf987ed9
000001fdec0c92d9
000001fdf5943679
000003fc8c2f7661
0000000000ec0c71
0000000000000181
000001fe72d1e039
000001fea1760959
000001ff0aa44179
000001ffbbccdf19
0000020067fc2219
00000201098c98f9
00000201098cacd9
00000201344d8bf9
000002013f9eceb9
00000201745ea119
00000201909cdb79
00000201ce2457b9
00000201e7d86779
00000201e7d87a39
00000201f6b6ea59
00000202153d7ff9
0000020276078e99
00000202896aad99
00000202896abed9
00000202896ac539
00000202b9f36eb9
00000202bd0b7d19
00000202d02c4e19
00000202d986adb9
00000202e3a98099
00000202f93ad599
00000202fea8beb9
000002034f98fa99
00000203b0f17ef9
00000203c0688659
00000203c0688ef9
00000204008d2779
0000020433749139
000002046246b739
00000204a3d85ff9
00000204b49dd1f9
00000204c6568739
00000204d5e92bf9
0000020503102259
0000020522aa9dd9
0000020522aaaef9
0000020587fa1799
0000020599f639f9
00000205e321ad39
00000205e89712d9
000002063c763d99
000002063c765079
0000020673809df9
00000206890cb579
00000206b4c37f79
000002075a16f259
000002075a21a739
000002076c400e19
0000040f2c9a1261
0000000000ec0c71
0000000000000181
00000207d93c2199
0000020807f7cb39
0000020830917519
000002084f6707f9
00000208707c0b79
00000208c0482439
00000209130568f9
0000020926afe979
000002092e7389b9
0000020932098d19
000002093d08bb99
0000020a727bfb99
0000020abbf00119
0000020abf4e5f39
0000020b09a206d9
0000020b10612039
0000020b96bb4cd9
0000020b96bb5fb9
0000020ba2e1ebd9
0000020bac152939
0000020bb8741279
0000020bb8743af9
0000020bb87455d9
0000020bbf757639
0000020bc7fade79
0000020c024f3b59
0000020c20c078d9
0000020c88aaee19
0000020c9477bfd9
0000020c9477d5f9
0000020d1b961059
0000020d23f65ef9
0000020dd0c814d9
0000020dd1d58fb9
0000020dd1d5e379
0000020dd64693d9
0000020e38b1f2d9
0000020e55f6d8d9
0000020e6b05e6b9
0000020e6b05f8b9
0000020e8e2b1639
0000020e8e2b6879
0000020e8e2b6919
0000020e8e2b6ff9
0000020e996c20f9
0000020eb39745f9
0000020eda3fe0f9
0000020ee20bfd79
0000020efaf4f579
0000020f3f7a9439
0000020f3f7b2d99
0000020f3f7b2e39
0000020fd72eb939
0000020fd72ebdf9
000002104f67b299
000002105cf49639
00000210cfabf1b9
00000210e440df59
00000421cd04ad61
0000000000ec0c71
0000000000000181
00000210edd42159
00000210ee96d8d9
000002114d26a2b9
00000211b8e38679
0000021206141b99
0000021207a1d2f9
000002122024dcd9
000002122ab43dd9
000002125ec79d19
00000212a0ba3759
00000212d5b0f479
00000212ef95ca39
00000212f88b6979
00000212f88b8999
000002130d98a659
0000021327b4ed19
0000021329bc26d9
0000021383195359
0000021383196919
00000213835b6439
000002138ccf5459
000002140456a0d9
000002145c6f7d99
00000214797c28b9
00000214a13047b9
00000214ce4b5e39
00000214e18e69f9
0000021511220999
0000021511f2b559
000002152bdd7339
000002155f541679
000002158c49f0b9
000002158c4a2499
000002158c4a2699
00000216094d4c79
0000021620ebf179
0000021627c88399
000002163e0f3eb9
0000021646fc09f9
0000021673fbe359
00000216e4819b39
00000216e9f3b8d9
000002178e570c99
000002179eef6379
00000217b9a3e739
00000217e8e728d9
00000218846efcb9
00000218846f0439
00000218846f1239
00000218959dde99
00000218b9cf6759
00000218e5d85059
00000218edfe1fb9
00000218edfe2199
00000218ee86f7b9
000002190408cd59
000002196539b799
0000021977441c39
0000021982b16599
0000021a060d9e19
000004346d6f4961
0000000000ec0c71
0000000000000181
0000021aee524dd9
0000021b49f5b0f9
0000021bd95df239
0000021bf73562f9
0000021bf7357859
0000021bf7358479
0000021c15c4f019
0000021cf1103079
0000021cf6dff9b9
0000021d457f7099
0000021d51af2799
0000021d6b485f39
0000021e0d654b59
0000021e19310719
0000021e3754f359
0000021e45ef5d59
0000021e55e833d9
0000021e8dc66579
0000021eca0454b9
0000021ee2119f79
0000021ef627a379
0000021efe681679
0000021f17f922b9
0000021f70b160b9
0000021f70b168f9
0000021f777d0719
0000021fd48cd179
0000021fd4eab7f9
0000021fd6328059
0000021fd63281f9
0000021fd6328a59
0000021fd632a0f9
0000021fef61a8b9
0000022003a0a1b9
0000022003b571f9
0000022003b57b59
00000220191a1159
000002206b16bb39
000002208dcb2979
00000220a8d097f9
00000220e04bd7d9
0000022105ae64d9
000002213ec6d019
000002213ec6ec39
0000022187dce119
0000022194388699
000002227424a7d9
0000022293032b99
00000222d83a0d99
00000222d83a8bb9
00000222ec376e59
000002230d6cbe79
000004470dd9e561
0000000000ec0c71
0000000000000181
00000223c8a9e4b9
00000223fbf18e99
000002241c8b4a19
00000224348df2d9
000002249f4f6559
00000224f9d55db9
000002255b776f59
000002255b7777d9
00000225ba1651f9
00000225ba16b9f9
00000225d2387139
000002261b00a879
000002261b00bed9
000002261b00bf79
0000022683c59a99
0000022685348ff9
0000022688af68b9
00000226998e1a79
0000022713967739
000002275b793899
000002275e633879
00000227d0240439
00000227dc387d19
00000227dc388ef9
000002285d943ed9
000002285d945159
00000228789616d9
00000228af656919
00000228b3cb6079
00000228bde1cb99
00000228bde1e779
00000228e6baf779
00000228e6bb4e79
0000022953e26c79
000002295bafe059
000002296be12899
000002296be13979
00000229c9290af9
0000022a2f6ba039
0000022a2f6bb099
0000022a63d35099
0000022aa1e68c19
0000022ac43d1af9
0000022acc5342b9
0000022ad6986939
0000022b81056979
0000022b869c67b9
0000022b88d09dd9
0000022b97f56459
0000022bbe8ad659
0000022bea8508d9
0000022c3d92fd99
0000022c7c1f21d9
00000459ae448161
0000000000ec0c71
0000000000000181
0000022d0cc26fb9
0000022d4c2295f9
0000022ddad2b679
0000022ddad2e0d9
0000022ddad2f419
0000022e66595179
0000022e7253da79
0000022e984bc6f9
0000022ea4428d79
0000022eef780939
0000022f1bc26bd9
0000022f2bbcd939
0000022f48519c99
0000022f4851a419
0000022f4c7fef59
0000022f4c800499
0000022f4c8026b9
0000022f6fb2d959
0000022f91bf7a19
0000022fd2db3ff9
0000023073359019
0000023087072259
000002311fa7ed59
000002312448ff59
0000023152bfc999
0000023169be1ab9
0000023169be86f9
000002318b730a59
00000231c74efa39
00000231c74f0199
00000231c74f17f9
00000231de406a39
0000023234305b39
0000023242ce2b99
00000232c5af37f9
000002330b55edd9
0000023314685459
000002334d8fdfd9
00000233e2cdabb9
000002341ff75819
000002343b775f39
0000023448722ab9
000002345c3b31d9
0000023498cce279
00000234aa673739
00000234e9dcd939
000002350236f9d9
0000023512b0af99
0000023522173a59
00000235a4475059
00000235b8a213b9
00000235ce8a7d39
0000046c4eaf1d61
0000000000ec0c71
0000000000000181
000002367f90a079
00000237c80cdcb9
00000238119892b9
0000023815661ab9
00000238778a1079
00000238db837a39
0000023937e81599
0000023938b89259
0000023989b0a9b9
00000239a4cc7399
0000023a2f714bf9
0000023a4d21b0b9
0000023aad1bfab9
0000023afa3e58f9
0000023afd906b99
0000023b07d45e39
0000023b1272b0d9
0000023b91bf66d9
0000023b967edf59
0000023c0aa3fb59
0000023c4cb33c39
0000023cd1353ff9
0000023d14139379
0000023d9dfad9f9
0000023dd51fe679
0000023dd51fe7d9
0000023e2499b6b9
0000023e43a9aa59
0000023e752ba1f9
0000023eb1dd8879
0000023eb30dd2b9
0000023eb4c64279
0000023edbc51499
0000023f181a0959
0000023f20949359
0000023f3329cb19
0000023f62b5d199
0000047eef19b961
0000000000ec0c71
0000000000000181
000002402f308739
00000240339821f9
0000024069411979
0000024069412979
00000240694134b9
00000240c5ce6839
00000240c82595f9
00000241006b2bb9
0000024114e3e9d9
0000024123bad999
0000024123baef99
00000241325c5119
000002413849fd99
000002414d83f479
00000241714d7299
000002417a3fe399
0000024185d4e579
00000241992cbed9
00000241e9217ff9
00000241f55a4e99
00000241f5ef8af9
000002422a405b79
000002423a110919
00000242ccf19af9
00000243bef7aab9
00000243f034a1d9
00000243fd8bfd79
0000024481ea2c39
00000244c527b799
00000244c527cbd9
000002450d160439
000002454f728599
00000245c1bc5879
00000245c9863059
000002463445a479
000002465ed9c179
000002467675e0b9
000002469c0182b9
00000246d6df2219
00000246f0b1e0f9
0000024701569819
0000024713646399
0000024795fb47d9
0000024837433a79
000002485107d679
0000024861211859
000004918f845561
0000000000ec0c71
0000000000000181
00000248fa684cd9
000002491a77e2d9
000002491dffcc39
000002492ccda8d9
000002492e4d9879
0000024957e50659
0000024957e567f9
000002497dfd7699
0000024994cbc8d9
0000024994cbcb19
00000249e2874e79
00000249e2876079
0000024b203cbab9
0000024b7045e699
0000024b922e76f9
0000024b922e8679
0000024c2bc2be39
0000024c85cdf879
0000024cd0ef0139
0000024d20193039
0000024d201966d9
0000024d92989a39
0000024dab1d3af9
0000024df002e779
0000024df002fb19
0000024e18ce3e99
0000024e1a5639b9
0000024e1a564af9
0000024e60741219
0000024eaa8080b9
0000024eb67da699
0000024f1283b3f9
0000024f694b1759
0000024f694b3a39
0000024f96546519
0000024fcd24d399
0000025057124f39
00000250b5750979
00000250d2716599
000002512071e539
000002514bbade19
0000025161bae1d9
000002517610fe79
00000251a3d98279
00000251a438f179
00000251f5f69df9
00000251f5f6b339
00000252042ec579
000004a42feef161
0000000000ec0c71
0000000000000181
0000025267754679
00000252bd83f619
00000252c0e8d619
00000252d60a7079
00000252d6d73f19
00000252e4cd4e39
00000252f445b2f9
00000252f445c719
00000252f445cbf9
00000252f445d3f9
00000252f4460fb9
00000253a4501fb9
00000253e0a7c739
00000253f02bc779
00000253f02c0539
000002548db97579
00000254a24e14b9
00000254d32bdfd9
000002553be4a539
00000255e0dccd59
00000255f1966439
000002565681ff39
00000256b019a2d9
00000256f85b3cd9
00000257465dabd9
00000257a48eef19
0000025807a7c8f9
0000025866f27659
000002587de86f19
0000025892c1a6d9
00000258cc104679
00000258d169b7b9
00000258db48e099
00000258e1454559
00000258ead7da39
00000258ebb67619
00000258ebb69059
00000259cd541b79
00000259d0ff56d9
0000025a2318d2d9
0000025a504e5e99
0000025a504e6679
0000025a504e73d9
0000025a5d925ef9
0000025a8073dc99
0000025a952de759
000004b6d0598d61
0000000000ec0c71
0000000000000181
0000025b7db44e39
0000025b9d3bf179
0000025ba35568f9
0000025bd7e6fb19
0000025c33cad339
0000025cf98708b9
0000025cff074ff9
0000025cff0763b9
0000025d0a69c499
0000025d0a6a0df9
0000025d26ab5b59
0000025d41bd8ad9
0000025d41bd9419
0000025d41bda219
0000025d90cf4ad9
0000025d94d653f9
0000025e28935859
0000025e28935a39
0000025e37462939
0000025e3f8a2319
0000025eb5a99679
0000025ebac29999
0000025ebac2b039
0000025f1041f479
0000025f36ae11d9
0000025f93f82279
0000025fb2cf0999
000002601f4d5119
000002601f4de0b9
000002605a71b179
00000260805e73f9
000002608d699059
00000260e40e3419
00000261384b5b99
00000261e0d357d9
000002623001de59
000002624dd60bf9
0000026257c58939
00000262bd2d7019
00000263885d95b9
00000263987903d9
00000263d2fea4f9
0000026414966a79
00000264ab8ff6d9
000004c970c42961
0000000000ec0c71
0000000000000181
00000264ead8d8d9
000002652ce849b9
000002653a60bd99
0000026569491eb9
00000265a0c46cd9
00000265c3ff0e19
000002662f58b979
00000266f1b4a519
0000026714f6a039
000002677f9c01f9
000002678c962db9
00000267e731b3f9
00000268a55aca39
00000268a55ae719
00000268c9130759
0000026944db2859
000002696e1836f9
00000269800ef179
00000269800f08d9
00000269bc8ef739
00000269d45f97b9
00000269f06f0699
0000026aab8669b9
0000026aab8672f9
0000026aab868199
0000026add63c8f9
0000026b24f75419
0000026b37d90d79
0000026b4086f659
0000026b669fea99
0000026b7ce689d9
0000026b8a9ece59
0000026bbdc62859
0000026c08617459
0000026c26ae1b79
0000026c387bf8d9
0000026cdb52ddf9
0000026cdb52edd9
0000026d5bde0bf9
0000026d9eb81919
000004dc112ec661
0000000000ec0c71
0000000000000181
0000026e0e4e3f19
0000026e2c823939
0000026e8c8b2679
0000026e8c8b3f79
0000026f5f3de699
0000026f5f3df859
0000026f6a7cd9b9
0000026f950a1679
0000026fc10a1799
000002700e91f779
0000027020f40859
0000027020f445f9
0000027044d58719
000002707a631439
000002710dcbf0b9
000002710dcc9ad9
000002711cbecfd9
00000271511131d9
00000271cc5a82d9
00000271cc5a9ed9
000002722efc5379
000002724790f419
0000027267e2f219
00000272a8ea0e99
00000272aa1f0a59
00000272d1820db9
00000272dc3120b9
00000272ff0dfb59
0000027313e5a2b9
0000027313e5d379
0000027349921219
0000027439046ff9
0000027439fb87d9
000002745cf78059
000002746def2679
000002749d0696d9
0000027507ae25f9
0000027511c7a139
000002753b6937d9
00000275b4e6c9d9
00000275d38954f9
00000275effbb3d9
0000027603856699
000002760bdaaff9
000002762178b3f9
00000276369a4079
00000276369a7339
00000276470d1179
000002765eb4cab9
000002768870a679
0000027688711bf9
0000027690f52519
00000276b5dac319
00000276e43a4439
00000276f4790a59
000004eeb1996261
0000000000ec0c71
0000000000000181
00000277d631e799
00000278001ede79
00000278001ee039
000002781c9058d9
000002788c65a099
000002788e9c0679
0000027898f92f59
00000278aa44f459
00000278cd0b8459
00000278f407cc59
00000279a6c63399
00000279b55837b9
00000279b5585619
00000279ce1e11d9
00000279ce1e22b9
0000027a3f0aa5f9
0000027a80d71299
0000027ab2ac1c79
0000027b02cea719
0000027b02cea8f9
0000027b04d23739
0000027b2f97aeb9
0000027b2f97c3f9
0000027b346ff479
0000027b3a4b9b59
0000027b3e7edff9
0000027b55362f99
0000027b84c0ce99
0000027bffda3659
0000027c1d4c3399
0000027c1d4c44d9
0000027c43ed71b9
0000027c65741e99
0000027c9a54b8d9
0000027c9f038259
0000027ccd651679
0000027d6e6fc539
0000027d7c920f79
0000027e86b9a8d9
0000027e9d15e9b9
0000027f3131d7f9
0000027f356ba639
0000027f61bd28b9
000002803948c6b9
000002805fe1dcd9
000002805fe1ef19
0000028083172319
000005015203fe61
0000000000ec0c71
0000000000000181
00000280e890af39
00000280facb9a19
00000280facba199
000002819814f879
00000281c30785d9
00000281e65dd359
00000281ed753c39
0000028208e842f9
00000282193c4cf9
00000282193c6b19
000002826738dd39
000002826738f279
0000028295e0e8d9
000002829e4160b9
00000282e46e8e39
000002831ac10db9
00000283694b28b9
00000283aaf968d9
00000283fb4392f9
00000283fb43a759
00000283fb43aeb9
000002841daa1199
000002844f317b19
00000284a9dd4639
00000284b85d3559
00000285168fd399
0000028553063339
000002858c7c39b9
000002859a8f7a39
000002859a8ff379
00000285e2a3d599
00000286d294c839
00000286d294c8b9
00000286d294cf99
0000028757e0d1b9
0000028757e0e359
0000028801350339
000002882f7bec39
000002882f7becb9
000002882f7bfa39
000002882f7c0239
000002883420cd59
000002883420e7d9
000002883d822f99
000002884d8a2239
000002884dd06ad9
000002884ef0c419
0000028870c71bf9
000002887f9d5ad9
00000289ca12ecf9
00000513f26e9a61
0000000000ec0c71
0000000000000181
0000028a41f7f0f9
0000028a4543a9b9
0000028afc5e6459
0000028b3dd8d839
0000028b84571cb9
0000028b84573e59
0000028bedca96f9
0000028bf75587b9
0000028c14cae559
0000028c9b9388d9
0000028d0787de59
0000028d1fbd93d9
0000028d2a9df3d9
0000028e26f99219
0000028e26f9abd9
0000028e56f72719
0000028e6873dc59
0000028ec0599619
0000028ec05997d9
0000028f313fd9b9
0000028f43196759
0000028fbf0ff9d9
00000290076511d9
00000290950558f9
000002909eb51159
00000290c3a51bb9
00000290cc9dc1d9
00000290e9e63a59
000002917031c9d9
00000291816d8bb9
0000029198658379
00000291c1774779
00000291efc47719
000002923c7e3fd9
000002923c7e5f39
00000292553ab039
000002927ab601b9
000002929b31dcd9
00000293195ee359
0000029319ce2f59
0000029325789b79
0000052692d93661
0000000000ec0c71
0000000000000181
0000029363878239
00000293a2d85859
00000293e469c959
00000294a3172f79
00000294db646339
000002957b0b6079
000002958d407d79
000002958d409219
00000295a64ab079
00000295e932ceb9
00000295e932e939
00000295eb45e259
00000295fb289a39
00000295fb28ab79
0000029620c7cd39
00000296414c03f9
0000029652819bb9
000002966edb50d9
000002966edb6719
00000296a57080d9
00000296c72edb99
0000029759638c59
00000297a92dfc39
00000297b189fd99
00000297d3d58b39
00000297e7cd09f9
00000297f8443cf9
00000297fb408759
000002984561dd19
0000029852e53719
00000298550c2559
00000298916839d9
00000298a2a07779
0000029912465859
000002995a503659
0000029961405559
0000029966388c59
00000299b1e344b9
00000299eba9ce19
00000299fbf7cbd9
0000029a01187c39
0000029ae3d212b9
0000029afd9c8e39
0000029b410c16f9
0000029b5e6ce699
0000029b6d1b47f9
0000029c39975479
0000029c88c62c79
0000029c95acfe79
0000029c95ad3179
000005393343d261
0000000000ec0c71
0000000000000181
0000029ca4584cd9
0000029cd5e93579
0000029cea5d0f19
0000029d06416039
0000029d404a4b99
0000029d52bd3d39
0000029d66533d39
0000029d80c21519
0000029da082c1b9
0000029e19d97579
0000029e25fa9519
0000029e2c83bed9
0000029e4c98b0b9
0000029e4c98b259
0000029e9cd54159
0000029eba995039
0000029ee28cd0d9
0000029ee9a4c1d9
0000029f966ed0f9
000002a027f82019
000002a0296c8cf9
000002a02d6e0259
000002a0305270d9
000002a079608299
000002a079608b39
000002a0aeb499f9
000002a0bd3c40d9
000002a0ce69ffd9
000002a104806d79
000002a10a226e99
000002a1535e1859
000002a155fd0099
000002a16cce56d9
000002a17d7b10d9
000002a186e62879
000002a1b2c80939
000002a1e6fbaa99
000002a22ce391d9
000002a2a263c059
000002a2a6f39539
000002a2b90e1af9
000002a2db22b579
000002a2db22cc99
000002a2fbb06979
000002a30ce32059
000002a32b68f119
000002a33af519b9
000002a3bf625d59
000002a3f68f4119
000002a412028939
000002a41bcdfc99
000002a42a42e939
000002a43a96ea99
000002a4a965ec39
000002a4f4f81599
000002a4f4f85299
000002a509b9aff9
000002a59147afd9
000002a5b11fd0f9
000002a5b11fd2b9
0000054bd3ae6e61
0000000000ec0c71
0000000000000181
000002a6416f5f99
000002a72ae56d79
000002a75eed8e79
000002a7c91db7f9
000002a7e14d2ef9
000002a7ebd64619
000002a7f0e87b99
000002a804157b39
000002a804158ff9
000002a8140c4ab9
000002a8140c6059
000002a8691937d9
000002a869193999
000002a886d82599
000002a8dbfc0639
000002a8f013dc39
000002a94176eb79
000002a98ec7d139
000002a99c55e999
000002aa4b4cf139
000002aa63254cd9
000002aa63255199
000002aa7ef84f79
000002aa9b8ffeb9
000002aac920bbf9
000002ab13f21db9
000002ab371353d9
000002ab37135cb9
000002ab4d0e8039
000002abc1ce2ff9
000002abffdef599
000002ac03ee8339
000002ac03ee8539
000002ac03eea239
000002ac58a49b99
000002ac674fbe59
000002ac72315819
000002ac8382f4d9
000002ac87816a19
000002ac8b69a079
000002ad2ad14599
000002ad3bcc3119
000002ad5f154ef9
000002ada383c179
000002ada69302d9
000002adddd9a759
000002ae41e26b59
000002ae41e27f19
000002aeb4419d79
000002aed6dcb019
000002aed6dd2019
000002aedbd83b39
0000055e74190b61
0000000000ec0c71
0000000000000181
000002afc86fb399
000002afd262e919
000002b0501b7dd9
000002b18f267c59
000002b1d4d67199
000002b1fd605a99
000002b2398167b9
000002b239817a99
000002b23dbb7099
000002b269cc5519
000002b273304779
000002b2c440f1d9
000002b2e8578839
000002b30a3664d9
000002b326a37eb9
000002b398d11a19
000002b3bbc0c1d9
000002b3dbda0c59
000002b429fd15f9
000002b458c8e2b9
000002b48fb29479
000002b48fb2add9
000002b4c6c9e019
000002b511036e39
000002b5af827fd9
000002b5df1fb479
000002b61ec80399
000002b61ec81539
000002b67aa3aef9
000002b68df70ab9
000002b69db5f7d9
000002b6ba986e39
000002b6ebabdb99
000002b703920bf9
000002b73672ab59
000002b7e34397f9
000002b7e343b1d9
000002b81f81da99
000002b85a78dbb9
000002b870c9f119
000005711483a761
0000000000ec0c71
0000000000000181
000002b8d11f0039
000002b903c07399
000002b92cdc5639
000002b92fcb5bd9
000002b92fcb7719
000002b93999ecf9
000002b96271db19
000002b9bd09a5b9
000002b9edcb0d59
000002ba77b1fd39
000002baa174fe79
000002baad8c2a39
000002bae2b15899
000002bb1b01c519
000002bb1c5aeb99
000002bb39727a19
000002bb913a6c99
000002bb913a8159
000002bbc66b9bf9
000002bc0e50c679
000002bc0e50d959
000002bc1b469b39
000002bc56858839
000002bcccc8be39
000002bd2f5d9039
000002bd50cb0439
000002bdbc43bc19
000002bdef0173d9
000002be13e21a99
000002be26c06079
000002be26c07179
000002be26c09119
000002be2d9e3d79
000002be41418f99
000002be41419a79
000002be41419d59
000002be4141dbf9
000002bf299251b9
000002bf299267b9
000002bf5835f559
000002bfc0530f19
000002c030499779
000002c0c601c8f9
000002c0f12c1df9
000002c10a85a799
000002c14b6ef4d9
000002c150d60079
000002c16dac9ef9
000002c1d8d10279
00000583b4ee4361
0000000000ec0c71
0000000000000181
000002c20ed2c5f9
000002c2148bacf9
000002c260cca139
000002c26e1b8479
000002c272e56f39
000002c2ac50d0d9
000002c329f7eb59
000002c365dfc879
000002c3b28261f9
000002c3b98dda59
000002c3cfaae859
000002c3e5425759
000002c3f3363ab9
000002c42591fd19
000002c42b59bcd9
000002c469b9f539
000002c50ad5f099
000002c50fd6e579
000002c52be281f9
000002c5586c6e79
000002c563f68759
000002c574f81399
000002c616f034d9
000002c66c4924d9
000002c66c493d39
000002c68376c899
000002c69388fa79
000002c6ff14dfd9
000002c6ff14f0b9
000002c6ff14f159
000002c78c4eeb79
000002c792ea79d9
000002c85dc62eb9
000002c88952ae99
000002c8deb48859
000002c91429abf9
000002c97da7c319
000002c97da7e639
000002c97f18cc39
000002c9ea4a0cd9
000002ca0e9f0fd9
000002ca832347b9
000002ca83235039
000002cad9968c59
000002cb072aead9
000002cb0dd74079
000005965558df61
0000000000ec0c71
0000000000000181
000002cb2b9545b9
000002cba00f8d59
000002cbdebef899
000002cbf4990019
000002cbf49916d9
000002cc4dbc0c19
000002cc4dbc68f9
000002cc4e206599
000002cc63eb95f9
000002cc668aff39
000002cca68df079
000002ccb37ed019
000002ccb37eead9
000002ccc60765f9
000002cda8a10119
000002cda8a11799
000002cda8a12af9
000002cde7f22fb9
000002ce0e4310b9
000002ce4237a739
000002ce44a3fa59
000002ce86ae8cf9
000002ce8d262f59
000002ced1ffbbf9
000002cf7e3a5219
000002cf822862f9
000002cfc75afc59
000002cfea1f3019
000002d011422e99
000002d032446d59
000002d05e5d2159
000002d0fa3055f9
000002d160812239
000002d1a0ba9519
000002d1bd7050d9
000002d1d8222cb9
000002d2bdbd3b99
000002d2f22cbcb9
000002d2f361a859
000002d33e283a19
000002d3568ad739
000002d370dbb139
000002d384c04ef9
000002d384c05099
000002d384c06599
000002d3c4c11a79
000002d3c9bc2ad9
000002d3e239ebb9
000005a8f5c37c61
0000000000ec0c71
0000000000000181
000002d49acd7259
000002d49ba5f059
000002d4aeb9ed19
000002d503d73799
000002d515d89679
000002d515d8b799
000002d515d933d9
000002d5312cb259
000002d562ab3159
000002d5f72a8df9
000002d67a132019
000002d6958f6d19
000002d6958f8a79
000002d6958f93b9
000002d6b9a9a119
000002d71763c419
000002d71763e8f9
000002d7324e3019
000002d762fcb4d9
000002d7b4a57e79
000002d7c6e48cd9
000002d8a9dd98b9
000002d8ce43d859
000002d965a33899
000002d9b7b19f79
000002d9b7b1e0f9
000002d9b86dec59
000002d9b86dfbf9
000002d9b86e1b19
000002da1dd59ff9
000002da43384fd9
000002da43386479
000002da4c140f99
000002da56f786f9
000002dabcac4799
000002dad7ba2819
000002dadd94a1d9
000002daea5766f9
000002daf1cce519
000002db221de1d9
000002db4e6b8ed9
000002db95c90eb9
000002dbd204f2f9
000002dc558e2419
000002dcfd009599
000002dd7a73c879
000002dd7a73db99
000005bb962e1861
0000000000ec0c71
0000000000000181
000002decefb3519
000002df0eaa9c19
000002df61eabcb9
000002e030b0c379
000002e044aa6119
000002e052e57bd9
000002e088128bf9
000002e0d4850619
000002e102303439
000002e114fd0ed9
000002e165908339
000002e246506219
000002e2488f7759
000002e2765d8e59
000002e2a79a9f59
000002e2fe7f0fd9
000002e3ad92bcb9
000002e3adba8ab9
000002e413fae3b9
000002e413fb43b9
000002e4311fc019
000002e47e87f5b9
000002e47e8834f9
000002e488ed9d39
000002e50d951799
000002e519e49599
000002e519e4aa59
000002e5c78297d9
000002e5c7829979
000002e5cefdf5f9
000002e665159f19
000002e6a9ebb839
000002e6a9ebcb39
000002e6cf868fd9
000005ce3698b461
0000000000ec0c71
0000000000000181
000002e71eda0459
000002e748139d59
000002e78880beb9
000002e78880d039
000002e796983299
000002e796983459
000002e7969842d9
000002e7969885d9
000002e7b1ddca59
000002e7c5549779
000002e7d355f099
000002e7f07175f9
000002e8b8406539
000002e8b8406e99
000002e8d50c93d9
000002e93dd23779
000002e9b7bc9b79
000002ea9c779339
000002ea9c77d699
000002ead07ce499
000002eb65ee1059
000002eb9c90aab9
000002ebbe9ec259
000002ecb87dfb99
000002ed11351179
000002ed214c4dd9
000002ed643a3b19
000002ed643a3cb9
000002ed643a4059
000002eda2fe4279
000002edd7711019
000002eddf4bd579
000002ee01db9b19
000002ee22a0b5f9
000002ee38cc07f9
000002ee41eabc99
000002ee669fe199
000002eede716eb9
000002eede718859
000002eeec350199
000002ef08248139
000002ef1edec479
000002ef29ab2139
000002ef82465a79
000002ef9cbd4819
000002efbbe5b559
000002eff42d4939
000002f030e9f2b9
000002f0647a98d9
000005e0d7035161
0000000000ec0c71
0000000000000181
000002f123375f19
000002f129f8fbf9
000002f186f41d19
000002f27e096d79
000002f2cc02be19
000002f2cc02d139
000002f316d7cfd9
000002f3214bcc19
000002f34356ac79
000002f355b3de79
000002f3bf14ab19
000002f512901079
000002f52da54919
000002f57cb97399
000002f5f85ac679
000002f608064159
000002f6080648b9
000002f608066119
000002f667439619
000002f67f05cb19
000002f67f05dd59
000002f6bbc3deb9
000002f6f2015b99
000002f784fadc59
000002f7c20f1839
000002f7e1f6c9b9
000002f84a0e0919
000002f878b2fb79
000002f8cb8dc919
000002f914441f99
000002f914442159
000002f94ce1f4d9
000002f98e5ac1b9
000002f99d1d9e39
000002f99d1daef9
000002f99d1daf99
000002f99d1dafb9
000002f99d1db659
000002f9b75b59d9
000005f3776ded61
0000000000ec0c71
0000000000000181
000002fa0c036699
000002fa3fc84ad9
000002fa6fd3d3f9
000002faee11ec99
000002fb223f0bb9
000002fb38e522b9
000002fb62fa57d9
000002fb8b5a7679
000002fb948f7799
000002fbfba9beb9
000002fc06ac3b39
000002fc60d39d79
000002fc89e15619
000002fccaba9179
000002fdbb2c2fd9
000002fe1d4c2b59
000002fe28e231d9
000002fe2a3634f9
000002feca544119
000002fed84bce99
000002ff2147b0f9
000002ff2d05ec39
000002ff379e34b9
000002ff5ef51979
000002ff5ef57639
000002ff88ebe699
000002ff88ebf699
000002ffd23d2379
000002fff62c6af9
000002fff62c6c79
000002fff62c7fd9
000002fffc7a6b19
000003001ecd8579
000003002a58fcb9
000003003c6829b9
000003006d2a95f9
000003008f32ae99
0000030149be92f9
00000301794931b9
000003018070abd9
00000301a1473c79
00000301add8e219
00000301e3788bf9
000003020eb12399
0000030275304379
0000030291ed95f9
00000302b1faf479
00000302bc35d1b9
0000060617d88961
0000000000ec0c71
0000000000000181
000003030c6344d9
000003030c895639
000003031904b279
000003034caba4b9
0000030364729d39
000003040483f359
0000030409a10ed9
0000030423c4f419
0000030423c50459
0000030424d5b279
000003044eb4dd99
000003045908fdf9
00000304ae088c59
000003051c0e5659
000003056dbd5679
00000305797f8cb9
0000030617ea61b9
000003066e166db9
0000030670ba55f9
00000307368635f9
0000030736863e79
00000307718b8fb9
00000307ba06ecf9
00000307bd05eef9
00000307c6bb7599
0000030806c51e79
000003081ab67699
0000030841cb4159
0000030841cb4379
000003085353c099
000003085509c5d9
0000030872b606b9
00000308d618a359
00000308eb506999
000003098f41af39
00000309a75356f9
00000309a75368f9
00000309f4c07c39
0000030a620f95b9
0000030a621009b9
0000030a633e3139
0000030a76e653d9
0000030a8ed5db79
0000030a96774439
0000030aa6829119
0000030b0a3b4ff9
0000030b1eef8f19
0000030b8a7a6259
0000030b8a7ac099
0000030b8f2a0bb9
0000030b90f603f9
0000030b930ffcd9
0000030b9ed24659
0000030ba2c53499
0000030bb72212f9
0000030bb7222999
0000030bc32a9359
0000030bd1cc0d99
0000030c38a27b19
00000618b8432661
0000000000ec0c71
0000000000000181
0000030c66fe8bf9
0000030cf81ab679
0000030d448f32b9
0000030d9977c7d9
0000030dbed54519
0000030dfcaf10d9
0000030e112b6399
0000030e3d02b539
0000030e94b62019
0000030eaabf3719
0000030f103190b9
0000030f468c8d99
0000030fc43fbf19
0000030fc725fef9
000003101d735119
000003105ed11ad9
0000031093417ad9
0000031093417cb9
00000310e09e9899
00000310e69a2019
00000310ecf65b19
00000310ffb141b9
0000031102490159
000003111a8eb0f9
000003112e54ff19
00000311386ab499
00000311bfd8baf9
00000311d1ad5a79
0000031208ad15b9
0000031208ad3859
000003120b727319
000003124d55ddb9
0000031255f15599
00000312a75a3219
0000031328cea179
000003134775e199
0000031381eba5d9
000003139d45ccd9
000003139e6d9df9
000003139e6e0139
00000313a995a119
00000313a995b439
00000313b07c9df9
00000313b07ce3f9
00000313b98889d9
00000313cba51259
00000314208cbb99
00000314208cccd9
00000314521f18b9
00000314812aa9b9
000003150c07d299
0000031522d72bd9
000003154e69b8d9
000003154e69bab9
0000031597fa63d9
00000315a99677d9
0000062b58adc261
0000000000ec0c71
0000000000000181
00000315fff13179
0000031668aae059
00000316adb59499
0000031700cedc79
0000031708726e39
0000031763f71459
0000031785d68299
00000317977221b9
00000317ec6d70f9
00000317f01f19b9
00000317f8fb37f9
00000317f8fb46f9
00000317fb689ef9
0000031844ffb4f9
00000318e3eebb79
0000031903806439
00000319362e9419
00000319ee0b0f19
0000031a0af637d9
0000031a2f960879
0000031a33b71ed9
0000031a3c3113f9
0000031a6ef213f9
0000031b2b358779
0000031b54d2c559
0000031b54d31479
0000031b906307f9
0000031b9bc63ed9
0000031bbb962df9
0000031c08290139
0000031c0e06c599
0000031c67f8c499
0000031c848eab59
0000031c95ea1f99
0000031d4dcde139
0000031d6636b4f9
0000031d847a5ad9
0000031d9544d579
0000031dd77cf199
0000031de563f059
0000031e21255979
0000031e4b2a13b9
0000031e4b2a26b9
0000031e776426d9
0000031e93b75379
0000063df9185f61
0000000000ec0c71
0000000000000181
0000031f40d199f9
0000031f5d918b79
0000031f7d7e9df9
0000031f933dfa39
000003203806b519
0000032076b27279
0000032096b7bb79
00000320ce7c7359
0000032102e66fd9
000003212307a939
000003212307bd39
00000321366177b9
0000032172263fd9
00000321a4d6cf19
00000321abcb82b9
00000321e582e5d9
000003224b85ccf9
00000322ac97d2b9
000003235442f319
000003237c43b5b9
000003237c43c659
000003239bbd8519
0000032452f276d9
0000032465dd7539
00000324ad3c10f9
00000324ae6e04f9
0000032507642f59
0000032534f9c0d9
000003253529e1d9
000003253529fa39
0000032560522419
000003268f8464b9
0000032720d069b9
00000327975a4979
00000327975a73d9
00000327e2b88dd9
00000327e6ba2159
0000032811b4e4d9
00000328131c7339
000003283e3ca4b9
000006509982fb61
0000000000ec0c71
0000000000000181
00000328b2f98c79
00000328c842d1b9
00000328d3265bb9
00000328d3266ed9
000003291309cdd9
00000329449d8439
0000032950399679
000003295039a7b9
000003297f2cd2f9
0000032993c512f9
00000329d36a8f39
00000329f7fcc7f9
0000032a34f4e639
0000032a34f4ed99
0000032ac42a1a59
0000032ad5b2bf19
0000032ad5b2ce79
0000032aeda6ef59
0000032b04c47079
0000032b187fd619
0000032b52a6eaf9
0000032b5838c159
0000032b91756cb9
0000032c0273b239
0000032c1ff64599
0000032c348eda79
0000032c4942bbf9
0000032c509cf679
0000032c99dc7059
0000032cbe2644f9
0000032cecee14b9
0000032dcc1c3439
0000032dcfaffa99
0000032dd0917ad9
0000032e1dac4479
0000032ec3f1ae39
0000032f0675bab9
0000032f4268eef9
0000032f4ef679f9
0000032f58ff8f79
0000032f62e2b819
0000033038120719
000003303db1ad19
000003303db1beb9
000003304ab1f019
0000033081dac099
00000330d4dcadb9
00000330da029319
00000330da02a159
00000330da591d79
00000330e1759bb9
00000330e3e4eef9
0000033129b910f9
0000066339ed9761
0000000000ec0c71
0000000000000181
00000331e0102439
00000331f67a8059
000003322afb9cf9
00000333a7b7d659
00000333d52860d9
000003347fd54539
0000033513303859
000003351a2ff699
00000335918b2459
000003360e2a2f99
00000336195ef3f9
000003363024a4d9
00000336412b25d9
00000336412b27f9
000003366206d819
000003367e5d8c99
00000336aaf26879
00000336cd1b3339
00000336f678bb59
0000033761748dd9
00000337d569f539
00000337f11b57d9
000003380111b919
000003381c19f9b9
000003381c19fbd9
000003381e4c8159
000003381e4ce399
000003381e4ce759
0000033853d65c59
0000033875192799
000003388af94e39
00000338cefd6499
00000339200e65d9
0000033994218eb9
000003399df62759
00000339c6f179d9
00000339d98ad3b9
0000033a261b4759
0000033a8712c7d9
0000033aa56db3b9
00000675da583461
0000000000ec0c71
0000000000000181
0000033b11137cb9
0000033b262f3359
0000033b4fed4999
0000033bc05b6019
0000033bdce60dd9
0000033be8075eb9
0000033c845889d9
0000033cd1d96459
0000033cd1d9f359
0000033cf4d221b9
0000033df4070e99
0000033eefb34719
0000033eefb39ab9
0000033f0fab22f9
0000033f0fab8439
0000033fa3e6fcd9
0000033ffb3675d9
000003401675d619
000003402e627979
0000034075edab19
000003407bf4f079
00000340b94a29d9
00000340b94a3139
00000340b94a31b9
00000340d26246f9
000003412eec3199
0000034168dea7b9
00000341748a9799
00000341bd1ddc59
00000341d42b86d9
000003420c701099
0000034215c9b4b9
000003424c542799
0000034261738e79
00000342a552f559
00000342a7d20079
00000343a77f1a59
00000343bcf02a59
00000343dbe8b3f9
00000343dbe8b5b9
000006887ac2d061
0000000000ec0c71
0000000000000181
000003444f6204d9
00000344610101b9
00000344bba5bf39
00000344bc97abf9
00000344e56df3b9
000003451c8ef379
0000034530528f99
00000345b7882a19
00000345e0000db9
00000345f1fa6579
00000345f1fa7cd9
00000346371d3939
000003475b76f359
00000347dfc22f39
00000348a261ed79
00000348d7048cf9
0000034907867799
000003490e00bbf9
0000034911950c19
0000034911950d99
0000034947ecb519
0000034947ecb6b9
000003495f0877f9
000003495f0892b9
0000034a4f89d6b9
0000034a4f89f319
0000034a686beb99
0000034b219996b9
0000034b6c083f59
0000034b74637b39
0000034b7d2f2cf9
0000034b98132659
0000034bc103b419
0000034c3f68aff9
0000034ce093ff79
0000034d0b62edb9
0000034d23ab7779
0000034d23abbdf9
0000034d26071339
0000034d26072639
0000034d5243c0b9
0000069b1b2d6d61
0000000000ec0c71
0000000000000181
0000034dc4956f59
0000034df282db59
0000034e32f69079
0000034e34068c99
0000034e74d39cb9
0000034ed23250f9
0000034eea8466d9
0000034f6401a519
0000034f663ea339
0000034f97b1e9f9
0000034f97b1ebd9
0000034fa6a672b9
000003502a34f879
000003502a34f9f9
00000350c170b539
00000350ca56e399
00000350f68c57d9
00000351616fa639
00000351a29bfad9
00000351ad9f3759
0000035225976e59
000003523836b3b9
00000352855325b9
00000352b614ce99
00000352b9435fb9
000003535846a3b9
000003535c9b1c39
00000353a086b7d9
000003548ef31b99
00000354be27ed39
00000354be280ef9
00000354c0787fb9
00000354c4c71699
00000354ca17a7b9
00000355014c1c19
000003554ee4a1b9
00000355924b2e99
00000355e1b56cf9
00000356605e0bf9
00000356cb794fb9
000006adbb980961
0000000000ec0c71
0000000000000181
00000356f35fd1f9
000003572c9aecf9
00000357318de9f9
000003575a3f9719
00000357790aaed9
000003577f3b70f9
00000357b4661059
000003580dcc9db9
000003581bb8fd39
000003584467cf59
000003584c23fbd9
0000035871f5fe59
000003587b83e0f9
00000358a1ed7dd9
00000358a71ade79
00000358c9b8c6b9
00000358c9b8d7f9
00000358e27c6ad9
00000358e7086f59
00000358fad30fb9
0000035953e5bed9
000003598609bff9
000003598af52ed9
000003599b6ca599
00000359f2246d39
00000359f8e90d79
0000035a270dd8b9
0000035a83c291f9
0000035b012f8d39
0000035b500d3eb9
0000035ba229d4f9
0000035bd39ff759
0000035c26e5ecb9
0000035c26e5ee79
0000035c26e60b19
0000035c67929ff9
0000035c6792a1b9
0000035d4fbad139
0000035dd652d419
0000035dd9df59d9
0000035e233bc199
0000035e5f366d19
0000035e64d9ced9
0000035e9069e2d9
0000035e9c2c5af9
0000035e9dfb7b39
0000035ec9029699
0000035ecbfab0d9
0000035eedbedd39
0000035f3997b859
0000035f3bef0639
0000035f9235a519
0000035f9235ac99
0000035f9235b679
0000035fbbf14759
0000035fd6aa67b9
0000035fd6aa78f9
000006c05c02a661
0000000000ec0c71
0000000000000181
000003607ff214b9
00000361a71db979
00000361ce891519
00000361fc8f07d9
0000036211a60039
000003623e76a1b9
000003624f73d3b9
00000362a694bcb9
00000362fc07e819
0000036305070f19
0000036305071c99
000003632b884a79
00000363491c2939
0000036380236c79
00000363bd2dda59
00000363bdb9e3d9
00000364415dfcb9
000003646fcc8939
000003649928cd99
00000364a3b30899
00000364d8f2e7b9
00000364d8f2ef39
0000036505bc4f99
0000036505bc65d9
0000036539fcf479
0000036546d294b9
0000036546d2a6d9
000003658e615b99
00000365adce6919
00000365e6c28499
00000365f666f3b9
0000036629169e59
0000036664364979
000003666eebf3f9
000003666eebfcb9
00000366d98a82b9
00000366db2770d9
00000367207c5399
00000367207c6f79
0000036731c2fc79
000003685c9610b9
000003689a813579
000003693f6e8f39
0000036950f06f19
00000369739dea39
000006d2fc6d4261
0000000000ec0c71
0000000000000181
00000369ab32f299
00000369ab32fa79
00000369ab32fb19
00000369ab330999
0000036a404530f9
0000036a4854e4f9
0000036abc0349f9
0000036b3535fcf9
0000036b8b05bf79
0000036bc7633399
0000036be93fad59
0000036c6e545c79
0000036cbfc05b19
0000036cc448c9b9
0000036d6259c1b9
0000036e1ca96399
0000036e7a3b97f9
0000036e89040719
0000036eb44c1f19
0000036ef602ec79
0000036f33edf319
0000036f91bdeb19
0000036f931255d9
0000036ff2fb8279
0000037041936859
0000037041936a19
000003705b8d1d19
00000370d844af19
00000371326fa599
000003716076bb59
0000037186ac1f99
00000371a9bf43b9
00000371d3602939
000003720404daf9
000003725235ded9
000003727ce1b7d9
00000372a4c949f9
000006e59cd7df61
0000000000ec0c71
0000000000000181
00000372d7b4c5f9
0000037300b00dd9
0000037355d97579
000003736d0da999
000003737202fa39
00000373a9a27a59
00000373b2b417f9
00000373dc721ef9
00000373dc723459
00000373dc727a59
000003740fddd7b9
00000374389e6b19
00000374c98e39b9
00000374f1e39f59
000003753939b919
000003753fd0ab59
0000037558385fb9
0000037584e459d9
000003759c05b679
00000375db620ef9
000003761ab53ed9
000003761ab5a099
0000037655052559
0000037664e8ff59
00000376661179d9
000003772809f519
000003772809fc79
00000377280a0979
0000037781aa6979
00000377d091cc59
00000378c837a939
00000378d9c410d9
00000378d9c417b9
00000378f3638ed9
00000378f3641279
0000037964534e39
00000379822128d9
0000037985cc47f9
00000379a69d4bd9
00000379d574e8b9
00000379f932e3d9
0000037a70663e79
0000037a70664ef9
0000037a70869259
0000037a70bccd39
0000037a825186f9
0000037a82519ad9
0000037a93dde8f9
0000037a9b236759
0000037a9d1a6ad9
0000037af6cef279
0000037af6cf0339
0000037b213a4999
0000037b32e570f9
0000037b44d713f9
0000037b7b433f99
0000037b8b43e519
000006f83d427c61
0000000000ec0c71
0000000000000181
0000037c5c09dad9
0000037c5c09ed99
0000037c6b49d4d9
0000037c7efbd7b9
0000037c8fbd2a19
0000037cabe458b9
0000037ccae56959
0000037cf4e6e059
0000037cf4e6ea39
0000037d4304ebd9
0000037d72aae539
0000037db6e73cb9
0000037e2a743e99
0000037e2a74df39
0000037e3fdeb1b9
0000037e84d07059
0000037e993251b9
0000037ea26c8d39
0000037ebff772f9
0000037ed5b84e19
0000037efe3bf4d9
0000037f27af4a79
0000037f2d76fb99
0000037f878358b9
0000037f98449279
0000037fc5be4ef9
00000380a6d6b959
00000380e114f219
00000381070bbff9
000003813596d9b9
0000038143aad219
00000381d1b41999
000003820ac9ad59
000003820b0f3719
0000038251d6f4f9
00000382772c61b9
000003829fcbe239
00000382d8700a79
00000382dba85179
000003830587ac39
000003837aa74639
00000383c5293c99
00000383d1b787b9
0000038421435859
000003847c8aaf19
0000038486a44039
00000384eae9beb9
0000070addad1861
0000000000ec0c71
0000000000000181
00000385b291eb79
0000038606448459
000003867ad0a8d9
000003868afb9b79
00000386fb903379
000003874f070679
0000038773595e19
000003877e0c4bf9
00000387871c4b19
00000387b4d4acb9
000003880e67b679
0000038830915839
000003886ae7f039
0000038890764f19
00000388b46ce1d9
00000388c2679a79
00000388feb71859
0000038955e83439
000003895b0eda59
000003897d393679
00000389840cf079
00000389872eef19
000003899ae88c39
00000389e4bc4039
00000389e4bc40b9
00000389f949b179
00000389fbe870f9
00000389fc5ac3f9
0000038a07d75599
0000038a38f0c699
0000038a4782f399
0000038a6b74e779
0000038a79102f59
0000038ac384cbf9
0000038adb731419
0000038ae088d4b9
0000038aee525139
0000038af69a62d9
0000038b2c592c39
0000038b437743b9
0000038b65a1edf9
0000038b6693db19
0000038bd07a8c59
0000038ccb6332b9
0000038d28420e59
0000038d46efd599
0000038d8b9887f9
0000038d929ce519
0000038de55e3899
0000038deac0f9f9
0000038e018d1959
0000038e018d1af9
0000038e102f8739
0000038e11e3b5f9
0000038e70432b19
0000038e7b006479
0000071d7e17b561
0000000000ec0c71
0000000000000181
0000038ec8c23c79
0000038ee07fefb9
0000038f04ad7399
0000038f1c4eebb9
0000038f21e438d9
0000038f626c1859
0000038f9d4c4cf9
0000038feb1127b9
0000039007f2fa99
00000390557887b9
000003908db38c79
000003908ef0c979
000003909bc2bf39
00000390dc4a1899
00000390dc4a2179
0000039132d8aad9
00000391c7e50ab9
0000039226571d59
00000392478bde39
00000392a5c2fcd9
00000392c2f0a259
00000392dbbe0c99
0000039357545b19
000003935782afb9
00000393a57b79d9
00000393fd9681b9
00000394271f04b9
000003948e6746f9
0000039494278599
000003949c3bcc79
0000039504935059
00000395412f2899
000003957c1f7e59
00000395c09a7059
000003961e83d399
000003965a2516d9
000003968a9dbf19
000003968a9dc7d9
00000396bb5ff959
00000396bb600059
000003973e9cdfd9
000003973e9cf279
000003977b27d839
00000397871c6039
00000397baecd459
00000397baece1b9
00000397e7151df9
00000397e7153639
00000397f0434ad9
00000397f0435999
00000397f27e6139
00000398021e32b9
000007301e825261
0000000000ec0c71
0000000000000181
000003981bc62c39
000003981bc64119
0000039898a95a79
000003989e7bf559
00000398b88dc3b9
00000398b94fb399
00000398c135bfb9
00000398d17b2579
0000039911237759
000003992571a459
000003992571e739
00000399dea01459
00000399dea04ff9
0000039a28d4b739
0000039a3bfd5af9
0000039a5bd528d9
0000039a6dfa10f9
0000039a7f3c7b99
0000039a7f3c9cf9
0000039a7f3c9ed9
0000039a8a9c26d9
0000039ae8183739
0000039b1cd0abb9
0000039b406fde59
0000039b748f70b9
0000039ba810a039
0000039be8b9f199
0000039c39e25d99
0000039c578c8b59
0000039c5e11d639
0000039cd692d3d9
0000039d4c5f0f19
0000039d692198f9
0000039da0cca859
0000039ddbc48139
0000039ddbc48e59
0000039e5f0a57d9
0000039ea9bcf0b9
0000039f3e2f9459
0000039fb7ada0f9
00000742beecee61
0000000000ec0c71
0000000000000181
000003a167a9fd39
000003a1afbd8139
000003a1ba5f6079
000003a1cd465739
000003a20a8354d9
000003a245d57459
000003a2de881e39
000003a36234d7b9
000003a3a84a86f9
000003a3b9f645f9
000003a3c84fc059
000003a3e97587d9
000003a429c702f9
000003a491e4a979
000003a4972b4f59
000003a4aae41cb9
000003a4ac282f99
00000749e875fd61
0000000000ec0c71
0000000000000181
