[MCS8 A] 97 FW 3.104 SV 1.257 
range=1024
periods=2
sweepmode=27e20d0
fstchan=0
holdafter=0
streamstatus=3
calreg0=0
calreg1=0
calreg2=0
calreg3=0
swpreset=8000        
prena=1
syncout=0
cycles=18
sequences=1
tagbits=16
vdac0=92c
vdac1=807
vdac2=8c8
vdac3=8c8
vdac4=8c8
vdac5=8c8
vdac6=8c8
vdac7=8c8
timepreset=150.000     
digio=0
digval=0
autoinc=0 
savedata=2 
mpafmt=asc
sephead=0 
fmt=asc
smoothpts=5 
[CHN1]
REPORT-FILE from 07/24/2026 11:50:43.783  written 07/24/2026 11:50:43
cmline0=07/24/2026 11:50:43.783 
cmline1=A1
range=1024
active=1
bitshift=4
cftfak=2580100
evpreset=10          
roimin=0
roimax=1000
caloff=0.800000
calfact=12.800000
calfact2=0
calfact3=0
calunit=nsec
caluse=1 
[CHN2]
REPORT-FILE from  written 07/24/2026 11:50:43
cmline1=A2
range=1024
active=0
bitshift=4
cftfak=2580100
evpreset=10          
roimin=0
roimax=1000
caloff=0.800000
calfact=12.800000
calfact2=0
calfact3=0
calunit=nsec
caluse=1 
[CHN3]
REPORT-FILE from  written 07/24/2026 11:50:43
cmline1=A3
range=1024
active=0
bitshift=4
cftfak=2580100
evpreset=10          
roimin=0
roimax=1000
caloff=0.800000
calfact=12.800000
calfact2=0
calfact3=0
calunit=nsec
caluse=1 
[CHN4]
REPORT-FILE from  written 07/24/2026 11:50:43
cmline1=A4
range=1024
active=0
bitshift=4
cftfak=2580100
evpreset=10          
roimin=0
roimax=1000
caloff=0.800000
calfact=12.800000
calfact2=0
calfact3=0
calunit=nsec
caluse=1 
[CHN5]
REPORT-FILE from  written 07/24/2026 11:50:43
cmline1=A5
range=1024
active=0
bitshift=4
cftfak=2580100
evpreset=10          
roimin=0
roimax=1000
caloff=0.800000
calfact=12.800000
calfact2=0
calfact3=0
calunit=nsec
caluse=1 
[CHN6]
REPORT-FILE from  written 07/24/2026 11:50:43
cmline1=A6
range=1024
active=0
bitshift=4
cftfak=2580100
evpreset=10          
roimin=0
roimax=1000
caloff=0.800000
calfact=12.800000
calfact2=0
calfact3=0
calunit=nsec
caluse=1 
[CHN7]
REPORT-FILE from  written 07/24/2026 11:50:43
cmline1=A7
range=1024
active=0
bitshift=4
cftfak=2580100
evpreset=0           
roimin=0
roimax=1000
caloff=0.800000
calfact=12.800000
calfact2=0
calfact3=0
calunit=nsec
caluse=1 
[CHN8]
REPORT-FILE from  written 07/24/2026 11:50:43
cmline1=A8
range=1024
active=0
bitshift=4
cftfak=2580100
evpreset=0           
roimin=0
roimax=1000
caloff=0.800000
calfact=12.800000
calfact2=0
calfact3=0
calunit=nsec
caluse=1 
;MCS8 #97 Sversion=1.257 Fversion=3.68
time_patch=1
;datalength=8 bytes
;bit0..3: channel# 1..8 ( 4 bit)
;bit4: edge 0=up / 1=dn ( 1 bit)
;bit5 ..57: timedata    (53 bit), max sweep length 2001.6 h
;bit58..62: tag0..tag4  ( 5 bit)
;bit63:     data_lost   ( 1 bit)
[DATA]
0000000000000016
000000034fc85eb9
00000009d1170739
00000009d11717b9
0000002157cdd861
00000000031a1371
0000000000000181
000000192ab55399
00000033f8384961
00000000031a1371
0000000000000181
0000001abf4850d9
0000001abf485479
0000001b7a2fa1f9
0000001ec61d8a59
0000004698a2ba61
00000000031a1371
0000000000000181
0000002b2cfbe619
00000059390d2a61
00000000031a1371
0000000000000181
000000303f5f06d9
000000303f5f0779
000000303f5f07b9
000000303f5f0e39
00000031ec03efb9
0000003293091bf9
0000006bd9779b61
00000000031a1371
0000000000000181
00000036fd04a1d9
0000003750dfc7f9
0000003deb4b27d9
0000007e79e20c61
00000000031a1371
0000000000000181
000000911a4c7d61
00000000031a1371
0000000000000181
0000004ae3cafb99
0000004ea4092ed9
0000004f25985c99
000000504ba2f2f9
000000504ba2f579
000000504ba2ff39
000000504ba30259
000000504ba303f9
000000504ba306b9
000000a3bab6ed61
00000000031a1371
0000000000000181
000000b65b215e61
00000000031a1371
0000000000000181
000000c8fb8bcf61
00000000031a1371
0000000000000181
000000666db8b239
000000db9bf64061
00000000031a1371
0000000000000181
0000006e63728c59
000000714dc9f5b9
0000007243b2d939
00000075c90f0fb9
000000762041ad99
00000076291e5d59
00000076291e84b9
000000ee3c60b261
00000000031a1371
0000000000000181
00000077607c3419
0000007b5bea8139
0000007b5bea81d9
00000100dccb2361
00000000031a1371
0000000000000181
000001137d359461
00000000031a1371
0000000000000181
000001261da00561
00000000031a1371
0000000000000181
00000138be0a7761
00000000031a1371
0000000000000181
0000014b5e74e861
00000000031a1371
0000000000000181
000000a653f675f9
0000015dfedf5a61
00000000031a1371
0000000000000181
000000b28d827219
000000b391087179
000000b62d9df699
000001709f49cb61
00000000031a1371
0000000000000181
000000bac5878ed9
000000bd147c48b9
000000bd758bbfd9
000001833fb43d61
00000000031a1371
0000000000000181
00000195e01eae61
00000000031a1371
0000000000000181
000001a880892061
00000000031a1371
0000000000000181
000000d89f7b5799
000001bb20f39261
00000000031a1371
0000000000000181
000000e41f9382b9
000001cdc15e0461
00000000031a1371
0000000000000181
000000ef7d334219
000001e061c87661
00000000031a1371
0000000000000181
000001f30232e761
00000000031a1371
0000000000000181
000000fa7c3f2279
000000fbbf2fde39
000000fdec6fdc79
000001001fb94e59
00000205a29d5961
00000000031a1371
0000000000000181
00000104b8292559
000002184307cc61
00000000031a1371
0000000000000181
000001129bce2459
0000022ae3723e61
00000000031a1371
0000000000000181
0000023d83dcb061
00000000031a1371
0000000000000181
0000025024472261
00000000031a1371
0000000000000181
00000262c4b19561
00000000031a1371
0000000000000181
0000013448d371b9
00000135242072d9
0000013524207379
000001358fdae539
00000137deb39759
00000275651c0761
00000000031a1371
0000000000000181
00000140450dd699
00000142e64879f9
00000142e6488e19
0000028805867961
00000000031a1371
0000000000000181
000001460464e5b9
0000029aa5f0ec61
00000000031a1371
0000000000000181
000002ad465b5e61
00000000031a1371
0000000000000181
000001590daad239
00000159afd24139
000002bfe6c5d161
00000000031a1371
0000000000000181
0000016136470219
000001631e68f659
000002d287304461
00000000031a1371
0000000000000181
0000016d9cd5c6b9
0000016d9cd5d9b9
000002e5279ab761
00000000031a1371
0000000000000181
000002f7c8052961
00000000031a1371
0000000000000181
0000017fd1de6ed9
000001808c93e2f9
0000018339bf18b9
0000030a686f9c61
00000000031a1371
0000000000000181
00000185c0a42a79
0000018717786719
0000018af2d7d739
0000018b4cc25939
0000031d08da0f61
00000000031a1371
0000000000000181
00000193e1e3d9b9
00000196a20b94f9
0000032fa9448261
00000000031a1371
0000000000000181
0000019b624bb8b9
0000019e2f7f21b9
0000034249aef561
00000000031a1371
0000000000000181
000001a4c8053839
000001a4c9961fb9
00000354ea196861
00000000031a1371
0000000000000181
000001ad1961bc99
000001ad1961bd39
000001ad1961bd59
000001ad1961c3f9
000001ad1961e399
000001b2bbcb0bd9
000001b2fe12bbd9
000003678a83dc61
00000000031a1371
0000000000000181
0000037a2aee4f61
00000000031a1371
0000000000000181
000001bd64113ff9
000001c48c168099
000001c5b0ee5cd9
0000038ccb58c261
00000000031a1371
0000000000000181
000001cdfca8b579
000001cdfca8b839
0000039f6bc33561
00000000031a1371
0000000000000181
000001d0c8593359
000001d3e0145439
000001d459ecbf59
000001d5a5c91c99
000001d5a5c920f9
000003b20c2da961
00000000031a1371
0000000000000181
000001d96d9e2219
000001da2110af39
000001db7a607459
000001dc2cad7459
000001dcd4dc8039
000003c4ac981c61
00000000031a1371
0000000000000181
000001e54dc45cf9
000001ea307803b9
000003d74d029061
00000000031a1371
0000000000000181
000001f15ae3ce19
000001f175eec199
000003e9ed6d0361
00000000031a1371
0000000000000181
000001f4fa30d0d9
000001f99aa69839
000001fb0eea9ff9
000001fe2fc23239
000003fc8dd77761
00000000031a1371
0000000000000181
00000202b3d2f459
00000202b3d2fbb9
0000040f2e41eb61
00000000031a1371
0000000000000181
000002097925dad9
0000020d2ed74cf9
00000421ceac5f61
00000000031a1371
0000000000000181
000004346f16d261
00000000031a1371
0000000000000181
0000021ad1ee99d9
00000222c9d92479
000004470f814661
00000000031a1371
0000000000000181
000002252711fbf9
0000022b099f3939
00000459afebba61
00000000031a1371
0000000000000181
0000022dd29a66d9
0000046c50562e61
00000000031a1371
0000000000000181
00000237e7ad36f9
0000023b5bf272b9
0000047ef0c0a261
00000000031a1371
0000000000000181
00000491912b1661
00000000031a1371
0000000000000181
000004a431958b61
00000000031a1371
0000000000000181
00000256bd01a1f9
00000259d2257bf9
0000025ade5d0cd9
000004b6d1ffff61
00000000031a1371
0000000000000181
0000025f16f99c99
0000025f16f9ad99
0000025f16f9b279
000002600f416379
00000260b7cdd779
00000260b7cdd7f9
00000260b7cdded9
00000260b7cde8b9
0000026400e6cdf9
000004c9726a7361
00000000031a1371
0000000000000181
00000267b833f899
000004dc12d4e861
00000000031a1371
0000000000000181
000004eeb33f5c61
00000000031a1371
0000000000000181
00000279f33f89d9
00000279f33f8b59
00000279fb2c3399
00000279fddaeeb9
000002802d297399
000002802d297a79
0000050153a9d161
00000000031a1371
0000000000000181
00000282a7ecfdd9
00000513f4144561
00000000031a1371
0000000000000181
00000526947eba61
00000000031a1371
0000000000000181
0000029bf75d6eb9
0000053934e92e61
00000000031a1371
0000000000000181
0000054bd553a361
00000000031a1371
0000000000000181
000002ac0a768699
0000055e75be1861
00000000031a1371
0000000000000181
000002b2902a83f9
000002b439bea339
000002b51a09a6b9
000002b5628fb759
0000057116288d61
00000000031a1371
0000000000000181
000002b9557c21b9
000002bd6cc84f39
000002bd6cc85099
00000583b6930261
00000000031a1371
0000000000000181
000002c452a99299
000002c6813690d9
0000059656fd7761
00000000031a1371
0000000000000181
000002cfc6a9a539
000002d0d88c11f9
000002d2242a6a99
000002d2242a7259
000002d2242ad0d9
000005a8f767ec61
00000000031a1371
0000000000000181
000002d75683ccd9
000005bb97d26161
00000000031a1371
0000000000000181
000005ce383cd661
00000000031a1371
0000000000000181
000002e74fe8c299
000002ec8e7fbbd9
000002efd25cae99
000005e0d8a74b61
00000000031a1371
0000000000000181
000002f7f5779dd9
000002f7f5779e59
000002f80ca713f9
000005f37911c161
00000000031a1371
0000000000000181
000002fa5c152219
0000030018808f79
00000606197c3661
00000000031a1371
0000000000000181
00000618b9e6ab61
00000000031a1371
0000000000000181
0000030ced8dca99
0000062b5a512161
00000000031a1371
0000000000000181
0000063dfabb9761
00000000031a1371
0000000000000181
00000324cdf7fe19
000006509b260c61
00000000031a1371
0000000000000181
0000032bc3c7f4f9
000006633b908261
00000000031a1371
0000000000000181
0000033aa8e43af9
00000675dbfaf861
00000000031a1371
0000000000000181
0000033c3a74e439
0000034409860499
000006887c656e61
00000000031a1371
0000000000000181
00000349dd8d21d9
0000069b1ccfe361
00000000031a1371
0000000000000181
000006adbd3a5961
00000000031a1371
0000000000000181
0000035869f7bab9
0000035c200a1fb9
000006c05da4cf61
00000000031a1371
0000000000000181
000006d2fe0f4661
00000000031a1371
0000000000000181
0000036a0748b179
000003728027efd9
000006e59e79bc61
00000000031a1371
0000000000000181
0000037962a3fdf9
0000037bdbd24119
0000037bdbd25699
000006f83ee43261
00000000031a1371
0000000000000181
00000382b253eb59
0000070adf4ea861
00000000031a1371
0000000000000181
0000038a38788399
0000038a90a296f9
0000038bd75f6579
0000038de0a4d7d9
0000071d7fb91f61
00000000031a1371
0000000000000181
0000038ed39cc159
000003926c1aaa19
00000396d5cca1f9
0000073020239561
00000000031a1371
0000000000000181
0000039aa7f9cb19
0000039b66c790f9
0000039f48e0ad39
000003a010e134d9
00000742c08e0b61
00000000031a1371
0000000000000181
000003a2ab86aaf9
000003a6bfcd0ff9
0000075560f88261
00000000031a1371
0000000000000181
000003ada41cc199
000003af0399ded9
000007680162f861
00000000031a1371
0000000000000181
000003bb6bd95179
0000077aa1cd6f61
00000000031a1371
0000000000000181
000003c00038b199
000003c00038b219
000003c411cd6259
000003c411cd7b19
000003c411cdf779
0000078d4237e661
00000000031a1371
0000000000000181
000003ce8ef21e99
0000079fe2a25c61
00000000031a1371
0000000000000181
000003d5e1401fb9
000003d5e1402019
000003d8fd2038b9
000007b2830cd361
00000000031a1371
0000000000000181
000003e0f3befc79
000007c523774a61
00000000031a1371
0000000000000181
000003e2eab771d9
000003e61e297f19
000007d7c3e1c161
00000000031a1371
0000000000000181
000003ec88986319
000007ea644c3861
00000000031a1371
0000000000000181
000003f5d4f37699
000003f762df3259
000003fd1f741319
000003fd1f7414f9
000007fd04b6af61
00000000031a1371
0000000000000181
000003fefb2a9cd9
000003ffa27c0879
000003ffaf36c6b9
00000405a71db919
0000080fa5212661
00000000031a1371
0000000000000181
0000040decc90ff9
0000040e61793519
0000040e61794079
00000822458b9d61
00000000031a1371
0000000000000181
00000411ca81fed9
00000419561ab179
00000834e5f61461
00000000031a1371
0000000000000181
0000041bc01aabb9
00000420ae5644b9
0000084786608b61
00000000031a1371
0000000000000181
00000425ec2b5bd9
000004271352d4f9
000004279ce0c8f9
000004293a7836d9
000004293a783779
000004293a783e59
000004293a784959
0000042992d662d9
00000429ac549cb9
00000429ac54ad59
0000042bfcbca159
0000085a26cb0361
00000000031a1371
0000000000000181
0000042d9ec0bcd9
0000042d9ec0d099
0000086cc7357a61
00000000031a1371
0000000000000181
00000437dd6ee5b9
0000087f679ff161
00000000031a1371
0000000000000181
00000440d06287b9
000004438ea8b759
00000892080a6961
00000000031a1371
0000000000000181
0000044f30f73bd9
0000044f30f74459
000008a4a874e061
00000000031a1371
0000000000000181
00000454531973d9
0000045453198c59
000008b748df5861
00000000031a1371
0000000000000181
0000045c67b46799
000008c9e949d061
00000000031a1371
0000000000000181
0000046ab4763f39
0000046cc5069939
0000046e35735759
000008dc89b44761
00000000031a1371
0000000000000181
00000476d1830d39
00000476d1831dd9
000008ef2a1ebf61
00000000031a1371
0000000000000181
00000901ca893761
00000000031a1371
0000000000000181
000009146af3af61
00000000031a1371
0000000000000181
0000048df2309099
0000048df2309119
0000048f08a88839
0000049023b9bbf9
0000049259e0b7d9
00000492c5e2f079
00000492c5e2f119
00000492c5e2f7f9
00000492c5e30079
00000492c5e30139
000009270b5e2761
00000000031a1371
0000000000000181
00000939abc89f61
00000000031a1371
0000000000000181
0000049d73f82839
0000049f1d117539
000004a53c52cef9
0000094c4c331761
00000000031a1371
0000000000000181
000004ab10cca3d9
000004ac7074f4d9
0000095eec9d8f61
00000000031a1371
0000000000000181
000004b149f785d9
000004b149f78939
000009718d080761
00000000031a1371
0000000000000181
000004b9c0710339
000004c0f8569319
000009842d727f61
00000000031a1371
0000000000000181
000004c9691f7339
00000996cddcf761
00000000031a1371
0000000000000181
000004d23e4bea59
000004d2dab818b9
000004d326612fd9
000009a96e477061
00000000031a1371
0000000000000181
000004d98d6c1439
000009bc0eb1e861
00000000031a1371
0000000000000181
000004de6aaf91b9
000004de6aaf9239
000004de6aaf9919
000004e4f99afdd9
000004e593f92059
000004e593f93139
000004e593f93bb9
000009ceaf1c6161
00000000031a1371
0000000000000181
000009e14f86d961
00000000031a1371
0000000000000181
000004f16de8b819
000004f22d7169b9
000004f5fa110859
000004f902ba8d59
000009f3eff15261
00000000031a1371
0000000000000181
000004fcee362539
000004fcee3637b9
00000503051ea2f9
00000503051ea379
00000a06905bca61
00000000031a1371
0000000000000181
0000050753e7db79
00000509f53d8159
0000050a3b0950b9
0000050a5fb5bd39
00000a1930c64361
00000000031a1371
0000000000000181
00000a2bd130bc61
00000000031a1371
0000000000000181
00000a3e719b3561
00000000031a1371
0000000000000181
00000a511205ae61
00000000031a1371
0000000000000181
00000529e7ead979
00000530cc794e19
00000a63b2702661
00000000031a1371
0000000000000181
00000534fa11c7f9
00000a7652da9f61
00000000031a1371
0000000000000181
0000053bd1d4a579
00000541c89f04f9
00000a88f3451961
00000000031a1371
0000000000000181
00000547d5e4e739
0000054cd545c0b9
00000a9b93af9261
00000000031a1371
0000000000000181
000005545a016b99
000005545a017839
000005566fe51239
000005566fe51399
00000aae341a0b61
00000000031a1371
0000000000000181
0000055bc0ce3679
00000ac0d4848461
00000000031a1371
0000000000000181
000005611a0ed9d9
00000566a227d179
00000ad374eefd61
00000000031a1371
0000000000000181
0000056b9147e079
0000056b9147e0f9
0000056bc6d4d019
0000056e408db7f9
00000ae615597761
00000000031a1371
0000000000000181
00000573332cd579
0000057429075899
00000575ce5454b9
00000aee09288761
00000000031a1371
0000000000000181
