[MCS8 A] 97 FW 3.104 SV 1.257 
range=1024
periods=2
sweepmode=27e20d0
fstchan=0
holdafter=0
streamstatus=3
calreg0=0
calreg1=0
calreg2=0
calreg3=0
swpreset=8000        
prena=1
syncout=0
cycles=18
sequences=1
tagbits=16
vdac0=92c
vdac1=807
vdac2=8c8
vdac3=8c8
vdac4=8c8
vdac5=8c8
vdac6=8c8
vdac7=8c8
timepreset=100.000     
digio=0
digval=0
autoinc=0 
savedata=2 
mpafmt=asc
sephead=0 
fmt=asc
smoothpts=5 
[CHN1]
REPORT-FILE from 07/27/2026 15:36:05.241  written 07/27/2026 15:36:05
cmline0=07/27/2026 15:36:05.241 
cmline1=A1
range=1024
active=1
bitshift=4
cftfak=2580100
evpreset=10          
roimin=0
roimax=1000
caloff=0.800000
calfact=12.800000
calfact2=0
calfact3=0
calunit=nsec
caluse=1 
[CHN2]
REPORT-FILE from  written 07/27/2026 15:36:05
cmline1=A2
range=1024
active=0
bitshift=4
cftfak=2580100
evpreset=10          
roimin=0
roimax=1000
caloff=0.800000
calfact=12.800000
calfact2=0
calfact3=0
calunit=nsec
caluse=1 
[CHN3]
REPORT-FILE from  written 07/27/2026 15:36:05
cmline1=A3
range=1024
active=0
bitshift=4
cftfak=2580100
evpreset=10          
roimin=0
roimax=1000
caloff=0.800000
calfact=12.800000
calfact2=0
calfact3=0
calunit=nsec
caluse=1 
[CHN4]
REPORT-FILE from  written 07/27/2026 15:36:05
cmline1=A4
range=1024
active=0
bitshift=4
cftfak=2580100
evpreset=10          
roimin=0
roimax=1000
caloff=0.800000
calfact=12.800000
calfact2=0
calfact3=0
calunit=nsec
caluse=1 
[CHN5]
REPORT-FILE from  written 07/27/2026 15:36:05
cmline1=A5
range=1024
active=0
bitshift=4
cftfak=2580100
evpreset=10          
roimin=0
roimax=1000
caloff=0.800000
calfact=12.800000
calfact2=0
calfact3=0
calunit=nsec
caluse=1 
[CHN6]
REPORT-FILE from  written 07/27/2026 15:36:05
cmline1=A6
range=1024
active=0
bitshift=4
cftfak=2580100
evpreset=10          
roimin=0
roimax=1000
caloff=0.800000
calfact=12.800000
calfact2=0
calfact3=0
calunit=nsec
caluse=1 
[CHN7]
REPORT-FILE from  written 07/27/2026 15:36:05
cmline1=A7
range=1024
active=0
bitshift=4
cftfak=2580100
evpreset=0           
roimin=0
roimax=1000
caloff=0.800000
calfact=12.800000
calfact2=0
calfact3=0
calunit=nsec
caluse=1 
[CHN8]
REPORT-FILE from  written 07/27/2026 15:36:05
cmline1=A8
range=1024
active=0
bitshift=4
cftfak=2580100
evpreset=0           
roimin=0
roimax=1000
caloff=0.800000
calfact=12.800000
calfact2=0
calfact3=0
calunit=nsec
caluse=1 
;MCS8 #97 Sversion=1.257 Fversion=3.68
time_patch=1
;datalength=8 bytes
;bit0..3: channel# 1..8 ( 4 bit)
;bit4: edge 0=up / 1=dn ( 1 bit)
;bit5 ..57: timedata    (53 bit), max sweep length 2001.6 h
;bit58..62: tag0..tag4  ( 5 bit)
;bit63:     data_lost   ( 1 bit)
[DATA]
0000000000000016
00000003bcfc2479
0000000456f90e99
0000000456f913f9
0000000615d58c79
0000000b8e093eb9
0000002157128a61
0000000002270471
0000000000000181
0000001405322079
000000142daa2f39
000000142daa3bd9
00000016284aeb39
000000167fae2c99
000000167fae6c59
00000019c2599d79
00000033f77d2061
0000000002270471
0000000000000181
0000001d9b821ab9
00000022867afed9
0000004697e7b561
0000000002270471
0000000000000181
0000002587de3679
0000002816a20679
000000288f98dcb9
0000002940edf5b9
0000005938524b61
0000000002270471
0000000000000181
0000002ef248c4f9
0000002ef248e679
0000002f1e7851d9
0000002f4079ee79
0000002fb11f7039
00000032eba55c79
00000032fe818bf9
000000341ad86bb9
00000035089657d9
0000006bd8bce061
0000000002270471
0000000000000181
000000371998a3b9
0000003c8b2f0459
0000003d87216899
0000003f0aa50999
0000007e79277661
0000000002270471
0000000000000181
0000009119920b61
0000000002270471
0000000000000181
0000004996341239
0000004ba78b1379
0000004d4603c699
0000004d46041df9
0000004f3191b599
000000a3b9fca161
0000000002270471
0000000000000181
000000524e677a59
00000059c4afac19
0000005ace5c03b9
000000b65a673661
0000000002270471
0000000000000181
000000606ebe9e19
00000063ff4099d9
00000063ff40adb9
0000006434256899
0000006434256939
0000006434256959
0000006434256ff9
000000c8fad1cc61
0000000002270471
0000000000000181
0000006616f4b959
00000066c07e7a39
000000679163d4b9
0000006b1c528c99
0000006cbfa250b9
000000db9b3c6161
0000000002270471
0000000000000181
0000006f5023b3d9
00000072440204f9
0000007244020719
00000072ddd4ea99
000000733f689219
000000763ab08659
000000ee3ba6f761
0000000002270471
0000000000000181
0000007a91de9a99
0000007b2f7e5e99
0000007ba5414279
0000007c21977999
000000801b3caa99
000000805eebb3f9
00000100dc118c61
0000000002270471
0000000000000181
00000080d249dd99
0000008174113d79
00000081f13074d9
00000081f1307679
00000081f1308a59
00000081f1308c59
00000081f1308f19
00000082310edc59
0000008269a30b39
00000083803c4279
00000083803c6dd9
00000083cc210cd9
00000089044b8bb9
000001137c7c2261
0000000002270471
0000000000000181
0000008a2a503dd9
0000008f7446e9b9
000000911bcd6fd9
000001261ce6b761
0000000002270471
0000000000000181
000000942add33b9
000000942add8259
000000996df26919
0000009b7e0a4b99
00000138bd514d61
0000000002270471
0000000000000181
0000009eb39621f9
0000009f02245619
000000a22f8bc8b9
000000a3007b3bd9
000000a3fd187679
000000a3fd189a99
000000a43c949359
000000a43c9494f9
0000014b5dbbe261
0000000002270471
0000000000000181
000000aecdaa21b9
0000015dfe267861
0000000002270471
0000000000000181
000000af5058bf99
000000b1b3593d79
000000b5af457319
000001709e910e61
0000000002270471
0000000000000181
000000b87db92a79
000000b9f62772b9
000000bae8a73a99
000000bc18f00f59
000000bcc37d2279
000001833efba361
0000000002270471
0000000000000181
000000c1e71c64f9
000000c8bd6297b9
00000195df663961
0000000002270471
0000000000000181
000000cafbedc459
000000cbdedd5419
000000ce2141c0b9
000000ce28da6ab9
000000d1f90c8c79
000000d1f90d0779
000000d370bd94f9
000000d370be0659
000000d38c0a4059
000001a87fd0ce61
0000000002270471
0000000000000181
000000d56db54cf9
000000d6b335e6f9
000000d773afced9
000000d7f64bde19
000000da0ee7ad59
000000da12f00479
000000da9ea990d9
000000dc23b596f9
000001bb203b6461
0000000002270471
0000000000000181
000000de12da1399
000000de12da14f9
000000df409532d9
000000dfe4329a39
000000e50bae33f9
000000e5a2767739
000000e658fbadb9
000000e658fbbef9
000000e658fbbf79
000001cdc0a5f961
0000000002270471
0000000000000181
000000ebd2e27e39
000001e061108f61
0000000002270471
0000000000000181
000000f032dad0f9
000000f17a3b5559
000000f222c34139
000000f5bc2f6679
000000f61575ed39
000000f699e3f2f9
000000f699e3fbb9
000001f3017b2561
0000000002270471
0000000000000181
000000f9c923fb59
000000fe96828219
000000fedbfd20d9
0000010276408039
00000205a1e5ba61
0000000002270471
0000000000000181
00000103a3b1b719
00000103a3b1bf99
0000010470ef3e19
00000104bfb2ff79
0000010806de4719
0000010a4201b7d9
0000010ae6616ef9
0000010bdd94dd99
0000010bfd517039
0000010bfd5184b9
0000010bfd518699
0000010c12a3a1f9
0000021842505061
0000000002270471
0000000000000181
0000010c7903d9b9
00000113023a22f9
00000113023a7099
000001154e9243d9
0000022ae2bae561
0000000002270471
0000000000000181
00000115d61df5d9
00000117087abf39
000001184fd844b9
0000011a40e67819
0000011af339d319
0000011bfc84e239
0000023d83257b61
0000000002270471
0000000000000181
0000011f52f2f6f9
00000120e29d4939
00000123ac1f1fd9
00000123ac1f3359
000001241b8d07b9
0000012440603ff9
0000012440609d59
0000012522c6dfd9
00000126e362ac39
0000025023901161
0000000002270471
0000000000000181
0000012a26999bb9
0000012c785b6d99
0000012d1419a279
0000012fdfe09c79
00000262c3faa661
0000000002270471
0000000000000181
00000131f6ffe2b9
000001365e589959
00000136e90b2cb9
00000138cebb6a99
00000138d8ddfe39
0000027564653c61
0000000002270471
0000000000000181
0000013c72b3fab9
0000013c72b40db9
0000013e620ac999
000001427a166ff9
0000028804cfd261
0000000002270471
0000000000000181
000001465e4bab39
0000014753775999
00000148b2af4099
0000014a32b22459
0000014c74dbad99
0000014cb2e470f9
0000029aa53a6861
0000000002270471
0000000000000181
0000014dc6c45519
0000014dff1a4b59
0000014e1cf51199
0000014e1cf51219
0000014e1cf518f9
0000014f466aea39
000001501c3bc599
000001520337cfb9
000001520be7ef39
0000015520563d59
000002ad45a4fd61
0000000002270471
0000000000000181
0000015be0b8e2d9
000002bfe60f9361
0000000002270471
0000000000000181
0000016070c3e2b9
0000016094a01179
00000164e81649d9
0000016519c2fd39
0000016744e83019
000002d2867a2961
0000000002270471
0000000000000181
00000169cd18c5d9
0000016ace212499
0000016b0061fcb9
0000016ec60b7579
000002e526e4bf61
0000000002270471
0000000000000181
000001740298f959
0000017402991639
00000176d3cdd679
0000017afe97a639
000002f7c74f5461
0000000002270471
0000000000000181
0000017e4e19b039
00000180b079fe19
0000030a67b9ea61
0000000002270471
0000000000000181
000001858d3d8b19
00000187a027fd19
000001897c57ac99
0000031d08248061
0000000002270471
0000000000000181
0000018f9465c599
0000018fca7fc639
000001936d47c579
000001936d47e059
0000032fa88f1661
0000000002270471
0000000000000181
00000198936fbb59
00000198936fbd19
00000198c4075b39
00000199b483f0d9
0000019c317619b9
0000019c4e622359
0000019d0ae9aa59
0000034248f9ab61
0000000002270471
0000000000000181
000001a39522c3b9
000001a7681e97f9
000001a826342799
00000354e9644161
0000000002270471
0000000000000181
000001ab20e65a99
000001ab3db22759
000001ab4ab20779
000001ab4ab26dd9
000001b20fa72bb9
0000036789ced761
0000000002270471
0000000000000181
000001b4640c5699
000001b4640cac19
000001b4d38a53d9
000001b5054f9519
000001b70cd2c3f9
000001b7237d1c19
000001b78a890199
0000037a2a396d61
0000000002270471
0000000000000181
000001c0db6a3739
000001c4438859d9
000001c5ad3836f9
0000038ccaa40261
0000000002270471
0000000000000181
000001cb5a5b74b9
000001ccc5d96a79
000001cf70403079
000001cf8b589a99
0000039f6b0e9861
0000000002270471
0000000000000181
000003b20b792e61
0000000002270471
0000000000000181
000001d92eea4359
000001daedc70f79
000001dec5b0cad9
000003c4abe3c461
0000000002270471
0000000000000181
000001e3958f9979
000001e646a9b379
000001e6bd32b3b9
000001e70f203ad9
000001e89aadd959
000001eb37021599
000003d74c4e5a61
0000000002270471
0000000000000181
000001ed9cf7e239
000001ef36e490b9
000001ef58f7c8d9
000001efaa1e5099
000001f0e2e90eb9
000001f0e2e97439
000001f166b82479
000001f3828cfe39
000001f3f20e5639
000003e9ecb8f061
0000000002270471
0000000000000181
000001f980f184f9
000001fb5ca28939
000001fc48804919
000001fd9f6ab299
000003fc8d238661
0000000002270471
0000000000000181
000001ff233ac979
000001ff233ac9f9
000001ff233b3119
00000201e6f6ca19
00000201e6f6df99
000002021159cdf9
00000204f4276639
00000205e7875479
00000205e7875619
0000020756b62279
0000040f2d8e1b61
0000000002270471
0000000000000181
00000209f1f7d5b9
0000020af1f94a39
000002102f991599
00000421cdf8b161
0000000002270471
0000000000000181
0000021285990d39
0000021522049359
00000216cdfc0cb9
00000217de144019
000002195a8b4199
000002197cf7ba79
000004346e634761
0000000002270471
0000000000000181
0000021a75da5239
0000021af93155d9
0000021d767255d9
0000021d767264b9
0000021e8cec7519
00000220ceeb1eb9
00000220d240db59
00000222b751a479
000004470ecddd61
0000000002270471
0000000000000181
00000227108d1519
00000227d25d4d39
0000022970402619
0000022c514e6759
0000022c514e6ed9
0000022c514e8319
00000459af387361
0000000002270471
0000000000000181
0000022dd9aa1e39
0000022de7233e99
0000022eb0691a59
0000022ec969a859
00000230e0eef739
00000230e9e55299
0000023161663fb9
0000023161669bb9
0000046c4fa30961
0000000002270471
0000000000000181
00000237b3ed4439
0000023b761311d9
0000047ef00d9f61
0000000002270471
0000000000000181
000002400ff98a59
000002400ff99b39
000002481240f679
00000248769f5e59
0000049190783561
0000000002270471
0000000000000181
0000024c0cf89139
0000024c31b066f9
0000024ccca0d279
0000024ff8d5deb9
000004a430e2cb61
0000000002270471
0000000000000181
000002568bc24719
00000258930a6ef9
000004b6d14d6161
0000000002270471
0000000000000181
0000025d5863d319
0000025e06ca1619
000002600cb07df9
000004c971b7f761
0000000002270471
0000000000000181
000002666c5b80d9
00000266e87f49b9
000002681cf484b9
0000026a31242119
0000026bfb925c39
0000026caac32b99
000004dc12228d61
0000000002270471
0000000000000181
0000026e5d5e5ad9
0000026eaef9c619
0000026ef92197d9
00000270f5ffe5f9
0000027279681e19
0000027507d76d99
0000027757ccd7b9
000004eeb28d2361
0000000002270471
0000000000000181
00000277700f0cf9
00000278d704cb39
00000278d704ccd9
00000278d704de19
0000027ab05eed39
0000027d5a669259
0000027e0e9cc519
0000050152f7b961
0000000002270471
0000000000000181
00000281d891ed79
00000285dd3e7619
00000513f3624f61
0000000002270471
0000000000000181
0000028b00dd8139
0000028b8e6a6979
0000052693cce561
0000000002270471
0000000000000181
0000029391e542d9
000002939d9fcc19
00000293cb839799
00000294e586aeb9
000002961b5d0f39
000002966506d099
0000029736aa2cd9
00000299a6c77039
0000053934377b61
0000000002270471
0000000000000181
0000029de6b18df9
0000029de6b1a3f9
000002a19fe0bed9
000002a1b876f3f9
000002a43164d159
0000054bd4a21161
0000000002270471
0000000000000181
000002a81c40b599
000002a81c40b619
000002a89cd6e119
000002ab4feaba19
000002ab4feac179
000002ab4feac7b9
000002ab5b694ed9
000002ad2d164819
000002adfa6ea439
0000055e750ca761
0000000002270471
0000000000000181
000002b3100ce739
000002b54ea7ccb9
000002b65e3834d9
000002b816fced59
0000057115773d61
0000000002270471
0000000000000181
000002b8aa481599
000002b8aa482219
000002b8aa4837d9
000002b8aa483979
000002b8aa485e79
000002b9b7489259
000002bd2119c5b9
000002c01d808b59
00000583b5e1d361
0000000002270471
0000000000000181
000002c33abacb99
000002c385c96959
000002c481f11f39
000002c4a77826d9
000002c538867f59
000002c538869019
000002c86ada5cd9
000002c86ada66d9
000002c88687d7b9
000002c88687e9d9
000002ca34a576b9
00000596564c6961
0000000002270471
0000000000000181
000002cbf24c91f9
000002cd3bc39dd9
000002cd5b98b299
000002cfdad51139
000002d1b142ad79
000005a8f6b6ff61
0000000002270471
0000000000000181
000002d91679d4f9
000002da0a558139
000002dc4094c719
000002dd82d14d19
000005bb97219661
0000000002270471
0000000000000181
000002e3c77142f9
000002e3d3108e39
000005ce378c2c61
0000000002270471
0000000000000181
000002e8d56bb039
000002e908183bb9
000002e908184d59
000002e9a2880579
000002ef1f93c879
000002f02e8d77f9
000005e0d7f6c261
0000000002270471
0000000000000181
000002f0d34be579
000002f303d4ac59
000002f3208d6579
000002f4aa7b35b9
000002f4afcfe239
000002f4b533b579
000002f649a236b9
000002f71bc36299
000002f79e0587d9
000002f99c639a59
000005f378615861
0000000002270471
0000000000000181
000002fa8138b619
000002ff53837739
000002ff7c2a41b9
00000300264efff9
0000060618cbee61
0000000002270471
0000000000000181
0000030326f785d9
00000303b6886839
00000306fef65d59
00000309196ac619
000003091ad13939
00000309435b02d9
0000030b4bc9f6f9
00000618b9368461
0000000002270471
0000000000000181
0000030d3a3f5e19
0000062b59a11a61
0000000002270471
0000000000000181
00000316d74b3a59
000003195b4d86b9
0000031bb0f6ce59
0000031bb0f6e699
0000031c7138b079
0000063dfa0bb161
0000000002270471
0000000000000181
0000032062de3539
00000321a0b4ab59
00000322420050d9
000003226f0f1659
000003256b0a9439
000006509a764761
0000000002270471
0000000000000181
0000032bcf9c17b9
0000032f4f464079
0000032fd359d719
000006633ae0dd61
0000000002270471
0000000000000181
000003348905bcd9
000003359ff658d9
000003398672d7b9
000003398672ecf9
00000675db4b7361
0000000002270471
0000000000000181
0000033e3052d6f9
0000033e3052ebb9
0000034193ca73d9
000003436b9ddab9
000003437c3a2a39
000006887bb60961
0000000002270471
0000000000000181
00000344c2790bf9
000003464bdf22b9
000003473c691eb9
00000348d537ae99
00000348f2ded639
0000034a0ab75199
0000034a8df2ba39
0000034bd1804679
0000034d7ce25ff9
0000069b1c209f61
0000000002270471
0000000000000181
0000034f88d5a139
000006adbc8b3661
0000000002270471
0000000000000181
0000035700f65c39
0000035eac01f9f9
0000035fe8e56139
000006c05cf5cc61
0000000002270471
0000000000000181
000003607c275c39
00000365d6dfe379
000003661c77fff9
00000367c0dfd199
00000367da5b2cf9
00000367fa856c59
00000367fa857d99
0000036851507d79
000006d2fd606261
0000000002270471
0000000000000181
0000036c1e039879
0000036e8dba8879
000006e59dcaf861
0000000002270471
0000000000000181
00000373a6aada19
000003783dd86bb9
0000037a9491b899
0000037a9c17f6d9
0000037bdf485539
0000037bdf48fef9
000006f83e358e61
0000000002270471
0000000000000181
0000037d35e77319
0000037e0aec4659
0000037e0aec65d9
00000380778b1679
00000382f4f34e59
000003841f66fef9
00000384283d7f19
00000384ddd6df99
00000384ddd6e159
0000070adea02461
0000000002270471
0000000000000181
0000038947c34ed9
0000038c496cb479
0000038d8bbeabd9
0000071d7f0abb61
0000000002270471
0000000000000181
0000038fb257e839
00000395d774b539
0000039731b261d9
0000039731b27379
0000039731b287f9
000007301f755161
0000000002270471
0000000000000181
000003981bcaa2b9
0000039b48b87759
00000742bfdfe761
0000000002270471
0000000000000181
000007485e519561
0000000002270471
0000000000000181
