[MCS8 A] 97 FW 3.104 SV 1.257 
range=1024
periods=2
sweepmode=27e20d0
fstchan=0
holdafter=0
streamstatus=3
calreg0=0
calreg1=0
calreg2=0
calreg3=0
swpreset=8000        
prena=1
syncout=0
cycles=18
sequences=1
tagbits=16
vdac0=92c
vdac1=807
vdac2=8c8
vdac3=8c8
vdac4=8c8
vdac5=8c8
vdac6=8c8
vdac7=8c8
timepreset=150.000     
digio=0
digval=0
autoinc=0 
savedata=2 
mpafmt=asc
sephead=0 
fmt=asc
smoothpts=5 
[CHN1]
REPORT-FILE from 07/27/2026 12:57:32.431  written 07/27/2026 12:57:32
cmline0=07/27/2026 12:57:32.431 
cmline1=A1
range=1024
active=1
bitshift=4
cftfak=2580100
evpreset=10          
roimin=0
roimax=1000
caloff=0.800000
calfact=12.800000
calfact2=0
calfact3=0
calunit=nsec
caluse=1 
[CHN2]
REPORT-FILE from  written 07/27/2026 12:57:32
cmline1=A2
range=1024
active=0
bitshift=4
cftfak=2580100
evpreset=10          
roimin=0
roimax=1000
caloff=0.800000
calfact=12.800000
calfact2=0
calfact3=0
calunit=nsec
caluse=1 
[CHN3]
REPORT-FILE from  written 07/27/2026 12:57:32
cmline1=A3
range=1024
active=0
bitshift=4
cftfak=2580100
evpreset=10          
roimin=0
roimax=1000
caloff=0.800000
calfact=12.800000
calfact2=0
calfact3=0
calunit=nsec
caluse=1 
[CHN4]
REPORT-FILE from  written 07/27/2026 12:57:32
cmline1=A4
range=1024
active=0
bitshift=4
cftfak=2580100
evpreset=10          
roimin=0
roimax=1000
caloff=0.800000
calfact=12.800000
calfact2=0
calfact3=0
calunit=nsec
caluse=1 
[CHN5]
REPORT-FILE from  written 07/27/2026 12:57:32
cmline1=A5
range=1024
active=0
bitshift=4
cftfak=2580100
evpreset=10          
roimin=0
roimax=1000
caloff=0.800000
calfact=12.800000
calfact2=0
calfact3=0
calunit=nsec
caluse=1 
[CHN6]
REPORT-FILE from  written 07/27/2026 12:57:32
cmline1=A6
range=1024
active=0
bitshift=4
cftfak=2580100
evpreset=10          
roimin=0
roimax=1000
caloff=0.800000
calfact=12.800000
calfact2=0
calfact3=0
calunit=nsec
caluse=1 
[CHN7]
REPORT-FILE from  written 07/27/2026 12:57:32
cmline1=A7
range=1024
active=0
bitshift=4
cftfak=2580100
evpreset=0           
roimin=0
roimax=1000
caloff=0.800000
calfact=12.800000
calfact2=0
calfact3=0
calunit=nsec
caluse=1 
[CHN8]
REPORT-FILE from  written 07/27/2026 12:57:32
cmline1=A8
range=1024
active=0
bitshift=4
cftfak=2580100
evpreset=0           
roimin=0
roimax=1000
caloff=0.800000
calfact=12.800000
calfact2=0
calfact3=0
calunit=nsec
caluse=1 
;MCS8 #97 Sversion=1.257 Fversion=3.68
time_patch=1
;datalength=8 bytes
;bit0..3: channel# 1..8 ( 4 bit)
;bit4: edge 0=up / 1=dn ( 1 bit)
;bit5 ..57: timedata    (53 bit), max sweep length 2001.6 h
;bit58..62: tag0..tag4  ( 5 bit)
;bit63:     data_lost   ( 1 bit)
[DATA]
0000000000000016
0000000086fecd39
0000000086fee099
0000000138f87479
0000000197b2f3f9
00000001ffe775f9
00000001ffe79719
000000023e4f9659
000000028e706c59
0000000316632659
00000003d28f49b9
000000094938c659
0000000a4d3ffaf9
0000000ba2ac29b9
0000000d4982fbd9
0000000dc34fde39
0000000df52d13d9
0000000e8dbeb819
0000000f44c11439
0000000f5bcfe299
0000002156cecc61
0000000001d0a071
0000000000000181
0000001137e4daf9
00000016157025d9
0000001688cc72f9
00000016d92b0779
000000180b0c2099
00000033f7395d61
0000000001d0a071
0000000000000181
0000001ae17b8a79
0000001c99e6e759
0000001f50690279
0000001fd8e17cd9
0000004697a3ef61
0000000001d0a071
0000000000000181
000000238417abf9
00000024e5560d39
00000025f2ab0659
00000025f2ab1799
0000002754b63219
000000276048b4f9
000000276048cfb9
00000027dc673eb9
00000028ac974639
00000028d50637b9
0000002c0bf565d9
0000002c4a68d3b9
00000059380e8061
0000000001d0a071
0000000000000181
0000002cdbd58bb9
0000002cdbd5a819
0000002de9803039
0000002e29a105d9
0000002e2f1d69b9
0000002ffdb2e1f9
00000030b8a35e19
00000030b8a37119
0000003164201d79
00000031aa86c459
00000031d29d0699
00000033145ecf79
000000334405c599
000000334405d839
00000033440614d9
00000033ce0aa4b9
000000345ee83999
00000034b3d0a679
00000034b3d0a839
00000034ccbeaed9
0000003560a7dc39
0000003560a7f479
0000006bd8791161
0000000001d0a071
0000000000000181
00000036d9d96a59
00000036d9d97d59
00000037afdeecf9
0000003872bb6d99
0000003913091c19
00000039d2a32f59
0000003c3f453c39
0000003c7e881ef9
0000003cd20d1d99
0000003eb23927d9
0000003f243e7c19
0000007e78e3a261
0000000001d0a071
0000000000000181
00000040621e1a39
00000040f495c699
0000004197151459
000000424fc00519
00000046713306b9
00000046de768719
0000004771b4a299
0000004771b4c3d9
0000004787c75ad9
00000047a8604c19
00000047a86063f9
000000488aed9c79
00000091194e3461
0000000001d0a071
0000000000000181
0000004953af1639
0000004953af1819
0000004ba6625ff9
0000004c21e099f9
0000004ef5ac5d19
0000004fea67ec39
0000005119d0da99
00000051529bd259
000000a3b9b8c561
0000000001d0a071
0000000000000181
00000054d0f220f9
00000055174ddcd9
00000055501c93f9
000000567248ae19
00000057130c0c79
00000057d0078459
00000057d0079719
00000057eff7b359
00000057eff7c9d9
00000058296135f9
000000591b090819
000000592ac5ad59
000000598d167bd9
0000005a6baa1659
000000b65a235661
0000000001d0a071
0000000000000181
0000005d038915d9
0000005dc330b759
0000005ef1928579
0000005f7e3c5799
000000611fd12839
000000617fef79b9
00000064405d75d9
000000c8fa8de861
0000000001d0a071
0000000000000181
000000659fc10e99
000000676744d439
0000006768cf9279
0000006768cf9879
00000067d1a62679
0000006823e75e19
00000068824c9d39
00000068c6425b19
00000069b1cc3b39
0000006b040136d9
0000006c2f18cfd9
0000006c524a5659
0000006d2a798559
000000db9af87961
0000000001d0a071
0000000000000181
0000006dde151c79
0000006ef6d1a5d9
0000006f8da8e299
0000006f8ef53d99
0000006fea73d539
0000006fea73f159
00000071370eddf9
0000007175970ff9
000000752cb91cf9
000000753d33e039
000000753d33f739
00000076aa684f39
00000076bba7b739
000000ee3b630b61
0000000001d0a071
0000000000000181
0000007961172339
00000079c330cb19
0000007a3fcfb1b9
0000007b5fa11019
0000007b8b366419
0000007c945e7059
0000007e44b9ae99
00000100dbcd9c61
0000000001d0a071
0000000000000181
00000083af9253d9
000000847d096939
00000085104d0699
0000008571032fd9
000000858883d2d9
000000858883d4d9
000000858fc6c819
0000008780353c79
0000008780354db9
000000879e657819
000000883a62c659
000000883a62c7d9
000000883a62d9b9
000000883a6359b9
0000008889ad0459
00000089b4770e79
000001137c382e61
0000000001d0a071
0000000000000181
0000008a5e142f39
0000008a5e14cbd9
0000008b58d15cb9
0000008e43b74819
0000008f5d117d39
00000090b03a8f19
000001261ca2bf61
0000000001d0a071
0000000000000181
0000009662e549d9
00000098fa77c0b9
000000999d879ed9
00000099d24a0159
0000009aeae2e0b9
0000009aeb121499
0000009af2164c99
0000009af21660b9
0000009b3e217779
0000009b422c29f9
0000009bbcc47fb9
0000009bf3054a59
00000138bd0d5161
0000000001d0a071
0000000000000181
0000009d5f3c5af9
0000009fc1c25859
0000009fc1c272f9
000000a0d3d074f9
000000a1db065919
000000a2affb9e39
000000a2f8e36819
000000a2f8e37879
0000014b5d77e261
0000000001d0a071
0000000000000181
000000a5e1538099
000000a6d02c5d19
000000a6ebc696d9
000000a8e9f5fc99
000000aa1bd02619
000000ad8571f4d9
000000ae55bc2659
0000015dfde27461
0000000001d0a071
0000000000000181
000000af16408bd9
000000b03603de19
000000b0ea24dd59
000000b120783d79
000000b15df63019
000000b1b29b02f9
000000b3154a1ad9
000000b46d936a59
000000b4c7724639
000000b52c96bf19
000000b54881cc99
000000b75361a0b9
000000b7da6ef6d9
000001709e4d0661
0000000001d0a071
0000000000000181
000000b8b41b98f9
000000b8d2b3c399
000000b8d87a3e59
000000b8d87a5519
000000b8f1a88ed9
000000b8fc7654d9
000000b8fc76e0f9
000000b9ad08c759
000000bc0b34f1f9
000000bc0b350079
000000bc2fd0cfd9
000000bdfa812d19
000000bf9c211bf9
000000c083c42059
000000c1994da3b9
000001833eb79761
0000000001d0a071
0000000000000181
000000c2051e9159
000000c387b63699
000000c38e085ed9
000000c46bed4f19
000000c4bc83a959
000000c500e987b9
000000c56f0384d9
000000c6cc911239
000000c6e553ea79
000000c79d961ff9
000000cacd949299
00000195df222961
0000000001d0a071
0000000000000181
000000cb6e889999
000000cb9abd29d9
000000cc05b40999
000000cd196925b9
000000ce003652b9
000000cf4895b0b9
000000cf54020c59
000000cf54022219
000000d1b9932e59
000000d1efc899d9
000000d25740fb59
000000d2e3918b39
000000d3b92fd4b9
000001a87f8cba61
0000000001d0a071
0000000000000181
000000d44e6c8619
000000d574c05499
000000d574c05699
000000d599e9f899
000000d599ea4a99
000000d5cf8a9139
000000d6f543be39
000000d7904881f9
000000d7aca95a79
000000d7de738fb9
000000d864e67639
000000d8afb90f19
000000d911903879
000000da1196aa39
000000da16d59919
000000da4435cd19
000000db440d9919
000000dba5579bb9
000000dc09c95c59
000000dc09c963b9
000000dc09c96ab9
000000dd616a4c39
000001bb1ff74c61
0000000001d0a071
0000000000000181
000000de440254f9
000000deffbadc19
000000deffbafa79
000000e05fcd6699
000000e0d80faa19
000000e206e2a439
000000e206e2f419
000000e235bfadb9
000000e2d0f813b9
000000e2dd28fe59
000000e2dd290b79
000000e3ab478d19
000000e635d4d299
000000e635d4e459
000001cdc061de61
0000000001d0a071
0000000000000181
000000e6eb24fb59
000000e8fc286599
000000e8fc286799
000000ea727fad79
000000ea727fbc39
000000eb06ee63f9
000000eb06ee74b9
000000eb06ee8139
000000eb06ee9319
000000eb70206279
000000eb89bfbb19
000000ebe80660f9
000000edfe58efd9
000000ee331763d9
000000ee65c15999
000000ef9afcfc39
000001e060cc7061
0000000001d0a071
0000000000000181
000000f1333f8079
000000f1ec066f99
000000f23bb67bb9
000000f23bb67db9
000000f2ae403f99
000000f4f4a3c599
000000f618ddc279
000000f618fd0b39
000000f863ee84d9
000000f909b6fb59
000001f301370161
0000000001d0a071
0000000000000181
000000f98a2513f9
000000fa77d4cdb9
000000fb6359dfd9
000000fc41ada1d9
000000fc5971c6f9
000000fc5971cf59
000000fc646ddeb9
000000fc6a6f2c59
000000fe563ad679
000000fe5c547f79
000000fec71db319
000000fef854faf9
00000100d7374f19
00000100ecac26d9
00000101b286a619
00000102902db259
00000205a1a19361
0000000001d0a071
0000000000000181
00000102f29bb379
0000010313c760f9
0000010336ce17b9
0000010338b20ed9
000001042e577dd9
00000104c88db679
00000105b23230f9
00000105b2323179
00000105b23243f9
0000010698a55b99
00000106c58072f9
00000107446a2539
00000107481eded9
00000107481ef6b9
00000107d7387e19
00000107eca61c59
00000107eca623b9
000001082e690619
000001083f9aad99
000001085f88d8d9
000001087dca1bd9
000001087dca2339
00000109852adeb9
000001098b3a71d9
0000010b84d54af9
0000010b90765319
0000010bdcf2d559
0000010bfebed139
0000010c0d375359
0000010c1af03539
00000218420c2561
0000000001d0a071
0000000000000181
0000010cc8d2b1f9
0000010d82ff1399
0000010daa8e14d9
0000010e11c30c79
0000010e20112099
0000010f39471039
000001105651fc39
000001107a49f6b9
000001120161bb39
0000011230ff2cd9
00000112852ba659
00000112d2fbceb9
00000112d2fbf599
00000112e2c47b79
0000011346a066f9
0000011346a0be79
000001134ac238d9
000001134ac24919
000001139840ef79
00000113abcdf739
00000113c7647a99
00000114752c40f9
00000114b2db3859
00000114b2db90d9
000001156fb30bb9
0000022ae276b761
0000000001d0a071
0000000000000181
00000116d2a92339
00000116fd827079
00000116fea055d9
00000117210aa239
00000117210b12f9
0000011869be3b99
00000118841b3019
00000118841b4cd9
0000011954358959
00000119c73e42d9
0000011a1f5ed419
0000011b00e63959
0000011c3e669139
0000011cd7da3ad9
0000011d23f0f619
0000011d384b8cd9
0000011d4c4f2b39
0000011d4c4f40d9
0000011e65789fd9
0000011eb2b25dd9
0000011eb2b2ba39
0000023d82e14961
0000000001d0a071
0000000000000181
0000011f52b525d9
00000121688297b9
00000121ed9f3219
00000121f8c25c99
0000012201ac4ed9
000001224504ca99
000001227c529a59
00000122b4745e39
0000012312cf2a79
00000124a8697b99
00000124e5934279
0000012516706f99
00000125c403dcb9
00000125c4041219
000001261da00619
0000012726786d39
00000250234bdb61
0000000001d0a071
0000000000000181
00000128807f1fd9
00000128bf8359d9
0000012965f69439
00000129a9de51d9
0000012a75265179
0000012a8d921379
0000012ab5b2bdb9
0000012acb8d4919
0000012afea674b9
0000012cf194c1f9
0000012cf194daf9
0000012d2e2b6379
0000012de8dbd059
0000012de8dbed39
0000012de8dbeef9
0000012ed9734ab9
000001312dfad619
00000262c3b66d61
0000000001d0a071
0000000000000181
00000131750fdb99
00000131ccefcd19
0000013222b66d19
00000132fd2f8f59
00000133ae0f9599
000001341a46e979
00000137047c4039
000001377f2bf0d9
00000137ae1cc2f9
00000137b8190819
00000138075f38f9
0000013818afc299
0000013825c610f9
00000138bcf3ed99
00000139eaa6a9d9
00000139eaa6c5d9
00000139f19c0c39
0000013a435754d9
0000013a44e03c59
0000013a46484459
0000013a5c40bdf9
0000013aa85a2559
000002756420fe61
0000000001d0a071
0000000000000181
0000013aeb531af9
0000013b0eb3d859
0000013b465bc3f9
0000013bafc5b799
0000013bf9590d59
0000013c53902239
0000013c53909e59
0000013c53911219
0000013ce663c179
0000013d5a92c499
0000013dc291eb59
0000013ddfe17bf9
0000013de2d70a79
0000013f9f26eef9
0000013fb4f83db9
0000013fe46708f9
0000013fe4671059
0000014051054bf9
0000014051055cd9
00000140f3a4eb19
000001415f794159
0000014174364099
00000142130d61f9
000001427bdf6559
00000142e678c979
0000014388825a19
00000143888275f9
00000143a2e71659
00000143c591f4f9
00000143c5c56919
00000143c9911d99
00000143f2b970f9
00000288048b9061
0000000001d0a071
0000000000000181
000001442108f939
0000014421090d79
0000014421097a39
000001443b528419
00000145dc6868b9
00000145dc6879b9
000001460d3c4d99
00000147aae4ef79
000001486c6959f9
00000148f12d7459
00000148ffacc199
000001490057a079
000001490057a119
000001490057a7f9
00000149cb8ff5b9
0000014a3e4306f9
0000014a3e4320b9
0000014bb590f579
0000014c0c6a3079
0000014c6b095fb9
0000029aa4f62261
0000000001d0a071
0000000000000181
0000014de53dc0d9
0000014e1abdd5b9
0000014e4d3a7739
0000014e642e11d9
0000014e642e20b9
0000014eafb49dd9
0000014eafb4b119
0000014eb1904a59
0000014fccac0d59
000001515e9f2fd9
00000151789654f9
00000152a5892099
00000152a589a239
00000152a589eeb9
00000152a589ef59
00000152b869e9f9
00000152d98b6839
00000153d2a4a879
00000153d2a4aab9
000001542203f4f9
000001549fe981b9
000001551e826199
000001555f10ded9
00000155b7889659
00000155fadfe1d9
00000156663d5499
000002ad4560b561
0000000001d0a071
0000000000000181
000001573f38b379
000001585e6c46d9
0000015944a52c19
0000015ac1f20879
0000015b258bc879
0000015b63f99c19
0000015b7bf634f9
0000015b9aaabcb9
0000015c50d640b9
0000015d037bcb79
0000015d037bcc19
0000015eb1aca719
0000015eb1aca799
0000015f1051cb19
0000015f4b3ab999
0000015f4b3abcf9
0000015f4b3ac459
0000015f5f2f2f39
0000015f90e4d0f9
0000015fca32ca59
0000015fd75ee519
0000015fe22645b9
000002bfe5cb4761
0000000001d0a071
0000000000000181
0000016026e17359
000001605047b179
00000160e303b259
0000016118de96f9
0000016140dd9879
0000016180b0b079
0000016180b0c3b9
000001626045c4d9
00000163037e2099
000001643f88c559
00000164dc1a6b59
00000165ac792e79
00000165e95e59f9
00000165f7e4b159
0000016633491439
0000016741fb1919
00000168338c2999
0000016885d6e4f9
00000168ca936f79
00000168ca93d699
000002d28635d961
0000000001d0a071
0000000000000181
000001694dbf4259
0000016979f84279
00000169873e8759
0000016a3b7cac39
0000016a3b7cc079
0000016c4d156359
0000016c54586159
0000016c5f9092b9
0000016c7c6cfc99
0000016cfd30c3b9
0000016cfd30d4f9
0000016d5d01f279
0000016da1acd519
0000016e13f5caf9
0000016f55dc6e19
0000016f71e426f9
0000017083c46b79
00000170b6b56b99
00000170c5d0d219
00000170c5d0d399
00000170c5d0e2d9
0000017147ae0039
00000171a0ecdbb9
00000171a0ecee79
0000017202884759
000001720b2b9f19
0000017260e37dd9
000002e526a06b61
0000000001d0a071
0000000000000181
00000173ab79f179
0000017438d02a19
000001746123eb39
00000175b85ea959
00000175c95b3bb9
0000017643b496f9
0000017803cdd819
00000178323c8119
00000178818e6ab9
000001788b7c9a99
0000017909e1f239
0000017993134179
00000179c8d00c19
0000017a531b7e79
0000017b6a129319
000002f7c70afd61
0000000001d0a071
0000000000000181
0000017bf35cdbd9
0000017c62ff8d79
0000017d6bddfeb9
0000017e59bddfb9
0000017f08899a79
0000017fa7bf03f9
00000180a249dc19
00000181039dbc79
0000018222267839
00000182b6d42379
00000183245f9959
000001832c4dfe39
000001832d67cc99
00000184262f4419
0000030a67758f61
0000000001d0a071
0000000000000181
000001854effd219
000001862274dd39
0000018632b9b399
000001869100c559
000001869100cc19
000001869100d379
000001872465ee99
00000187a72d5c19
00000187eb59a159
00000188941dc3b9
00000188bfd927f9
00000188e98c4a59
00000189b9051c79
0000018a7e9b6d59
0000018a91515f59
0000018aeba54359
0000018ba44cdcf9
0000018ca46cdd79
0000018d06d599b9
0000018d83a95c19
0000018d83a97039
0000031d07e02161
0000000001d0a071
0000000000000181
0000018eb23d9c79
0000018ebe89b2b9
0000018f11557e19
00000190cdcd9239
00000190e258fc19
00000192242144d9
000001922e496db9
000001922e498f39
00000192714e19d9
000001932bd01f19
0000019337072eb9
000001937d545959
00000193ac56fc99
00000193f304c3f9
0000019434be6d19
0000019434bec879
0000019434beca39
0000019434bed0b9
0000019434bed139
00000194468315b9
0000019462dad519
000001949e43bc59
00000195612c0179
00000195612c02f9
000001956f4214f9
00000195e391fd99
00000195e9100df9
00000197358140b9
0000019771b519f9
0000019771b53719
00000197757ea7f9
000001979d1ecb99
0000032fa84ab461
0000000001d0a071
0000000000000181
0000019838871cd9
00000198505350d9
000001985e4a36d9
000001985e4a56f9
000001985e4a5779
000001985e4aa479
000001988f0dec79
00000198a0ce3079
000001992a1296b9
000001999b8c0a19
00000199ccf9b6b9
00000199def1ebb9
0000019b0c7166f9
0000019b560a5e79
0000019bf9aad1d9
0000019c8783a8d9
0000019ca655a399
0000019cb4712479
0000019cc484b2d9
0000019d88d24cd9
0000019db1a8ba19
0000019e030a95b9
0000019e29bf7459
0000019e47d56119
0000019e8f913979
0000019f622e30b9
0000019fd9e2f659
0000019fd9e30639
000001a02b17c9b9
000001a0cc5b2dd9
0000034248b54661
0000000001d0a071
0000000000000181
000001a1d5420539
000001a1ebf60a39
000001a1f73674d9
000001a23b2a8d59
000001a24c92c9f9
000001a3c48a6359
000001a3c48a7459
000001a4b06206b9
000001a4c6070639
000001a50dcbae19
000001a59b6460b9
000001a5a952e679
000001a5a95323b9
000001a5a9b0c139
000001a6933891b9
000001a6fd74a1f9
000001a74c846d19
000001a7703a8cf9
000001a79bec2459
000001a8ce7fa5b9
000001aa18b83f59
000001aa18b846b9
000001aa2f572539
00000354e91fd861
0000000001d0a071
0000000000000181
000001aaad521e59
000001aba6eeb159
000001ac4a88fb59
000001acb706f7b9
000001ad58e04cb9
000001adc2b37879
000001aef85101d9
000001b11ab6ab59
000001b11ddb9fb9
000001b1a4eb4159
000001b2376a2219
000001b26cfb43d9
000001b2e4dfab79
000001b39e866679
00000367898a6a61
0000000001d0a071
0000000000000181
000001b4201e8639
000001b4201e8819
000001b44b757cb9
000001b4732cfcb9
000001b4ab6b8439
000001b52d417df9
000001b5f2fd9ab9
000001b5f2fe2319
000001b61adb2f79
000001b6fd865f39
000001b702680799
000001b734e43959
000001b743473fb9
000001b7f5418c59
000001b8127a4579
000001b8127a5899
000001b844ee8cb9
000001b86f0aea99
000001b86f2f15b9
000001b88b23b119
000001b8bb5b6f59
000001b94dcd6539
000001b971102f59
000001b9cbd27739
000001ba11f25459
000001ba225cc879
000001ba22a66bd9
000001ba441719b9
000001ba441766f9
000001ba57795699
000001bb6f563419
000001bb745860b9
000001bbf0f44399
000001bbf0f481d9
0000037a29f4fd61
0000000001d0a071
0000000000000181
000001bded143899
000001be15900659
000001be6eff3059
000001be6eff3799
000001be93ab77b9
000001bece32ca39
000001bf3ec7e6b9
000001bf537b83d9
000001bf7b0f2919
000001c05f5d97d9
000001c0acd487b9
000001c10af34b39
000001c10af3b2f9
000001c111668539
000001c201550ef9
000001c24c903259
000001c2a01c7a99
000001c31a7bba19
000001c35f0e2639
000001c3d0adac79
000001c3e92d5539
000001c4131f2c19
000001c420350ad9
000001c50df36d59
000001c543ff4619
000001c588d79af9
000001c588d7b379
000001c60b6883b9
0000038cca5f8f61
0000000001d0a071
0000000000000181
000001c66f988799
000001c7362584f9
000001c73f936679
000001c78c20c6b9
000001c7b4e6bbb9
000001c80a3c4639
000001c8142dc299
000001c8f4068ad9
000001c94f169c79
000001ca23147b59
000001ca6dcd3f99
000001ca756e4579
000001cabd465439
000001cb2998a639
000001cb4c399179
000001cb4de1af79
000001ccdbf78d19
000001ccdf6586b9
000001cd67fcbab9
000001cd72645c59
000001cda2128b59
000001cdc99065b9
000001cdfafb18d9
000001ce38b84f39
000001ce38b85539
000001cf581f2b99
000001cf581f3f59
000001cf581f46b9
000001cf581f52b9
000001cf581f5af9
000001cf95082b19
000001cf95084999
0000039f6aca2261
0000000001d0a071
0000000000000181
000001d0f376f6d9
000001d16f8c1a59
000001d1a71922d9
000001d305df75b9
000001d30fcbc819
000001d3965e1a19
000001d3a9d815d9
000001d3a9d826f9
000001d3b9160e79
000001d3b9160ff9
000001d3b91611b9
000001d3b9168e99
000001d4d9de7279
000001d4d9de7f39
000001d512cc06f9
000001d5af053b79
000001d5e64702f9
000001d5e6471e39
000001d715f640f9
000001d721afb499
000001d762144eb9
000001d84f036739
000003b20b34b461
0000000001d0a071
0000000000000181
000001d9669660d9
000001d98c9b3f39
000001d9b89297b9
000001d9d6045119
000001db7ae25839
000001dc10a02ad9
000001ddf31cbb99
000001de8ddd1799
000001debca40219
000001dec18af979
000001dec18b17d9
000001ded7624739
000001df81c2bb79
000001e08811e599
000001e0af5f5699
000001e1efc0ad79
000001e1efc0c0b9
000001e219592459
000003c4ab9f4661
0000000001d0a071
0000000000000181
000001e29b06a499
000001e3046a0a39
000001e368388099
000001e41cef4ab9
000001e4d0d8c539
000001e60dcd6279
000001e6620bda19
000001e6a3076239
000001e6a67a4899
000001e7a1759e59
000001e8aeb18419
000001e8c9224fd9
000001e9353f54b9
000001ea4f543079
000001ea7fb6dd19
000001ea7fb6ef59
000001eb807d55b9
000003d74c09d961
0000000001d0a071
0000000000000181
000001ebb5a6e939
000001ebce7dd799
000001ebce7df1f9
000001ebce7df3b9
000001ebe8554299
000001ebe8555619
000001ec249b41f9
000001ec355c8699
000001ed25491df9
000001ed408e6659
000001eda5800f19
000001eda5802319
000001edb9704e99
000001edbcd8f039
000001ee73ba8b79
000001ef4fd54f99
000001ef9b079f19
000001efa1a76d79
000001f04e61a079
000001f115f5a239
000001f11be81f39
000001f2a3229639
000001f32090fdd9
000001f3e618f919
000001f435f6c039
000001f452f09f59
000001f452f0ae79
000003e9ec746b61
0000000001d0a071
0000000000000181
000001f4fdf0df59
000001f6a463fbd9
000001f716691bd9
000001f722e368b9
000001f887b6dd39
000001f887b6ecb9
000001f8eac04e59
000001f965c9f3b9
000001f965c9f579
000001f96f690d99
000001f9fe9cd659
000001fa91b690f9
000001faf5c581d9
000001fb821c0799
000001fb821c10d9
000001fb86b077f9
000001fb86b07f59
000001fb86b08f39
000001fb8c6ff4f9
000001fbd8558439
000001fbe83a4699
000001fc334d1479
000001fcbe57c779
000001fe156ee099
000001fe1b2761f9
000001fe2a15f8f9
000003fc8cdefe61
0000000001d0a071
0000000000000181
000001fe995678f9
000001febfdc6a99
000001fec9ac73b9
00000201be61ffb9
0000020232489e99
0000020247513079
0000020261705fb9
00000202bbe86c59
000002032f36fcf9
0000020369c4ead9
000002037a2b1b59
0000020460a04519
0000020508c7ea19
0000020521396479
0000020570216919
00000205e5bed6d9
000002064f83e8b9
0000020655c07439
000002066debe979
0000020684226699
000002068422be39
00000206c2e43c39
00000206c2e45e59
00000206d47104f9
00000206f4a7c239
0000020770d4ff19
0000040f2d499061
0000000001d0a071
0000000000000181
000002081b3afe99
0000020861ec2e39
00000208b6caa599
00000208ef00c219
00000209603d14f9
0000020a3aa222d9
0000020a7e8d7819
0000020b075a7119
0000020b21c1ad79
0000020b42dd8119
0000020b5fcb1c19
0000020c63fba3f9
0000020c6b8eb879
0000020c82b1a099
0000020d967526f9
0000020e2df81df9
0000020e2df82579
0000020f205ed479
0000020f205ee559
0000020f7a80a9b9
0000020fd66addf9
00000421cdb42361
0000000001d0a071
0000000000000181
000002118bfea499
000002118c4d0879
0000021253f8a1f9
0000021253f8a3b9
00000212bcf50079
0000021329611039
000002133abe13f9
000002133abe2b59
00000213574efff9
0000021390acc679
00000213c42bd119
00000214a58262b9
00000215f4f0a619
0000021612e2f8f9
0000021632707079
00000216327087d9
0000021661aad4d9
0000021733e9cf79
0000021733e9e0f9
000002175fb315d9
000002175fb32679
000002175fb327f9
000002178ff23799
000002178ff23939
00000217c38e5779
00000217f0f9b0f9
0000021810495179
0000021852c2f6f9
0000021852c2f899
00000218b75c6659
00000218b75c6d19
00000218b8ffc5d9
0000021961216759
0000021965587b99
00000219655890b9
00000219f41950f9
00000219f4196f99
00000219f4197019
00000219f4197059
00000219f41976f9
0000021a01cb36d9
000004346e1eb661
0000000001d0a071
0000000000000181
0000021ad9e44cf9
0000021b5041fbd9
0000021b8fac88f9
0000021c0e74e919
0000021c29872599
0000021c690b4459
0000021c98e62939
0000021c9d89dbf9
0000021cff5503f9
0000021e22aa0bd9
0000021e47bb3959
0000021e5204ae19
0000021e8abb7319
0000021ea4fe5ed9
0000021ef637d5d9
0000021effefaff9
0000021f8377c999
0000021fd2cd9e99
000002201e2c95d9
00000220a64b4699
00000220aeddab59
00000220b6259f19
000002214371b159
00000221507c57f9
00000221507c6959
00000221507cd359
0000022153f5a3f9
00000221cf727079
00000221d4238b39
000002224a7dea19
0000022315d5b219
0000022315d5c719
0000022315d5ecd9
000002235e1d30b9
000004470e894861
0000000001d0a071
0000000000000181
00000224064e7a99
00000224643237f9
0000022485404079
0000022485405ad9
000002252f9d9079
0000022656e6ed19
000002267a5ba919
000002267a5bf279
000002269a258c79
0000022731c50db9
000002273b01ac59
0000022752224ff9
0000022784e39899
0000022784e3a6b9
0000022824f6d619
00000228ae9cb459
00000229de6fb239
0000022a8e4cb5f9
0000022a94062c79
0000022c477ea4d9
0000022c7772d259
00000459aef3db61
0000000001d0a071
0000000000000181
0000022cec0c2259
0000022cef3bae19
0000022cef3bafd9
0000022d7e7b9719
0000022e472796f9
0000022e797602b9
0000022e8bf55979
0000022f37e5c4d9
0000022f37e5c6b9
0000022f37e5d8f9
0000022f37e619d9
0000022f9ec991f9
0000022fdebea9f9
000002303acfcbb9
000002304e9644f9
000002306df39ed9
000002306df3a099
000002306df45cf9
00000230c68fc5d9
00000231434c27b9
00000231c272d799
00000231f611ceb9
00000232167f6b39
000002321b56fd39
0000023254ee87f9
00000232d3bab859
00000232d3bb2fb9
00000232e00a2659
0000023427371d59
000002345a9afb59
000002348611ead9
00000234b4c60f39
000002350620b599
000002355694a0d9
00000235893a75d9
00000235d0bd3099
00000235eee578d9
00000235eee58fd9
0000023605b75a79
0000046c4f5e6e61
0000000001d0a071
0000000000000181
00000236ed7dc519
00000237fcc0f699
00000238aa47a4d9
00000239944ef959
00000239944f0979
00000239944f19b9
00000239c4f78059
0000023a040e25f9
0000023b01e76639
0000023b9716ecd9
0000023c1a10c359
0000023c5ca22639
0000023c6ecce979
0000023da8516619
0000023e6760d6f9
0000023f176f8979
0000023f18da7c39
0000023f1fafe2d9
0000047eefc90061
0000000001d0a071
0000000000000181
000002416d9d9df9
0000024216126659
000002424ecac539
0000024298199539
00000242dfe86a59
00000242fae1ccd9
00000242fae1cd59
000002441660a979
000002464c25fb39
00000246c0e9dcd9
00000247d993da79
00000247fa43dc39
0000049190339361
0000000001d0a071
0000000000000181
00000248d3be3359
00000248ecb5e319
00000248ecb5f5d9
000002493c06c939
00000249e7eac979
0000024a54373539
0000024adb49da39
0000024af3db32b9
0000024b1a45dc19
0000024b1a465a39
0000024b209aa139
0000024bc5769679
0000024dd4f1d7f9
0000024e4485ffb9
0000024f29ae11f9
0000024f837b6e39
0000024fae723739
0000024fbd265a59
0000024fc02b2919
00000250af4101d9
000002514dd4d8d9
000002516a535479
000004a4309e2661
0000000001d0a071
0000000000000181
0000025224aa8379
0000025231e89d99
00000252606561d9
0000025260656379
000002529c893619
000002529db03239
00000252bf4cafb9
0000025329d5bfd9
00000253d783aa39
00000253e56b7039
00000254c1fdbed9
0000025518fc7939
000002559f297319
0000025629354339
00000256ea0bf7b9
0000025780fc1d59
00000257c6d18059
0000025892443519
00000258d33114f9
00000258f922a099
00000259241ad279
000002595a338cb9
00000259804189d9
0000025980419e39
0000025a216e6399
0000025acf710f99
0000025ae9126739
0000025aee618319
0000025b5cf1c8d9
000004b6d108b961
0000000001d0a071
0000000000000181
0000025beedd04d9
0000025d61b63bd9
0000025d946e9859
0000025d946ea9b9
0000025d946eab59
0000025d946ebd79
0000025daabf8919
0000025feb9962b9
000002604199f039
00000260419a0099
00000260530244b9
00000260a6c9c839
00000260bb2b7f59
0000026153a85239
0000026153a88999
00000261ded4ee19
00000261ded4f359
00000261ded57779
0000026248951f79
000002625dada1b9
000002625dadb8d9
00000263ad865259
00000263bb9da4d9
00000263dea095b9
00000263dea11399
000002646280e479
00000264684801b9
000004c971734c61
0000000001d0a071
0000000000000181
000002658f04e299
00000265a9ce9399
00000267bcff8839
00000267bcff9cd9
000002683a77a4b9
00000268978a9d99
00000268eac25bf9
00000268eafea7d9
000002696325e479
0000026a36447b79
0000026addb61bd9
0000026af6b4dcb9
0000026b06cdf159
0000026b58aaa0b9
0000026b58aac899
0000026ba9a48539
0000026c3a5bd9f9
0000026c3a5bdbb9
0000026d044d62b9
0000026d8a91e759
000004dc11ddde61
0000000001d0a071
0000000000000181
0000026ea4bea339
0000026f561f63d9
0000026f561f79b9
0000026f58c34a39
000002707e1f2e59
00000270e1e2fe59
000002711222d859
000002712735d4f9
0000027129352d99
000002714d184779
000002714d189ad9
0000027317e9a239
0000027360e5caf9
00000273731a1a39
00000273ab35b219
00000274d7ea4ff9
00000274d7ea6fb9
000002756f29cd39
00000275af39bd39
00000275af39c399
00000275e4733bf9
000002767d0bd879
00000276d28cd199
0000027710cd93d9
000004eeb2487161
0000000001d0a071
0000000000000181
00000277f5df80f9
000002785b3cffb9
0000027a0771cf79
0000027a08f08499
0000027a26595ff9
0000027ae6fa0759
0000027aecbaf179
0000027aecbaf339
0000027aecbb0099
0000027aecbb0459
0000027b815b2db9
0000027c56620159
0000027cfe3dfb59
0000027e5601eb59
0000027e5bfe3cd9
0000027efd2774d9
000002800310e339
0000028089c870f9
00000280941b7af9
00000280941b8d99
0000050152b30461
0000000001d0a071
0000000000000181
00000280b7281679
00000280db09aad9
000002810d677019
000002812eae9a39
00000281b91979b9
00000281b9198e79
00000281b9199eb9
00000281cf4385b9
00000281ff2af899
00000281ff2afa79
000002823db5c199
000002823db5d3f9
000002824847a5f9
000002824847bc19
000002824847d939
00000282fd06c379
00000282fd06c919
00000283433c93f9
00000283a450dc39
00000283a45a8119
000002843153e199
00000284e36d2a79
00000285bbfb0279
0000028717b4dad9
00000288b2fa0d99
00000288b2fa2119
00000288b436fe19
00000288b4370e99
00000513f31d9761
0000000001d0a071
0000000000000181
0000028b034607d9
0000028b7a3d6f79
0000028b7a3d8499
0000028bb2d6c179
0000028be6384159
0000028c00535099
0000028c0d0e31d9
0000028c0d0e4479
0000028cf5b7e339
0000028cf5b82b99
0000028d206f1b19
0000028d3678b699
0000028d3da1dc39
0000028db5487e99
0000028db80b4939
0000028de0de7559
0000028df1eab719
0000028edac09b59
0000028efbdbc239
0000029009ecf6d9
0000029021f9ec59
0000029048156359
00000290e9cbe639
0000029123ef3c19
00000291acdf88b9
00000291b3be7779
00000291dc2c9059
00000291dc2c9699
00000291dc2c9859
00000292905a16d9
00000292905a9d99
00000292f2d295d9
00000292f2d2c7f9
0000029309f0a119
000002932e616779
0000052693882a61
0000000001d0a071
0000000000000181
0000029394a75939
00000293b595b459
0000029431d4a179
000002946be3bc79
000002948ef0b299
00000295f63cc959
0000029626946019
000002964e919a19
000002965b09ff19
000002965b0a1e59
000002974769bcf9
000002974ba77639
0000029765cf7859
00000297bd46f979
00000298464fbdb9
00000298464fcff9
00000298464feb79
0000029874603e19
0000029a1deac139
0000029a1deb1dd9
0000029a670ef6b9
0000029a79b8e179
0000029a79b8f579
0000029c3613dfd9
0000053933f2bd61
0000000001d0a071
0000000000000181
0000029cd81ebbf9
0000029d87690e19
0000029e03e76159
0000029e0f989759
0000029e0f98a039
0000029e63944f79
0000029edb5651d9
0000029f425aae59
0000029fa6b89179
000002a03acc8419
000002a076a4f719
000002a09b8a1b39
000002a123539239
000002a13461b2b9
000002a1d118f119
000002a21c93e099
000002a3eb274db9
000002a414c0cbf9
0000054bd45d5061
0000000001d0a071
0000000000000181
000002a7afdb1779
000002a7d1243ef9
000002a7d1244f19
000002a7e5ecc3d9
000002a81baa27b9
000002a85f8ff6d9
000002a85f900ad9
000002a900a893b9
000002a92f500bf9
000002a94bf496b9
000002a95e66d379
000002a9c38d6459
000002aa1f85f919
000002aa8da50079
000002aa8da50299
000002aafcdc9339
000002ab08b03c99
000002ab939684d9
000002ac5a745ff9
000002ac5a74e2f9
000002acfc1771f9
000002ad422b9eb9
000002addc67b239
000002adfce26379
000002ae35cdc159
000002ae35cdc8b9
000002ae6195f319
000002ae829f09f9
000002ae829f0bb9
000002aefcdf5939
000002aefcdf6099
000002aefcdf6ff9
000002af0a467fb9
000002af1d3f4c19
0000055e74c7e461
0000000001d0a071
0000000000000181
000002af6ceea5b9
000002afa259e839
000002afe56bddf9
000002b007a09519
000002b042bef619
000002b06c8479f9
000002b0ddf6bff9
000002b16b067959
000002b1c4edd139
000002b22b4842d9
000002b2961d3e79
000002b351662219
000002b3ee3e0b59
000002b3ee3e0cd9
000002b45510be59
000002b4a7afcd79
000002b4feb8a719
000002b51149c6b9
000002b53bcd37b9
000002b540513799
000002b540516019
000002b595093099
000002b5f08e4199
000002b641b894f9
000002b669d334b9
000002b669d33cf9
000002b69a8929d9
000002b6a9bced39
000002b6edc65179
000002b79b2b4b59
000002b7ee4bc659
0000057115327761
0000000001d0a071
0000000000000181
000002b8ff382479
000002b9560b0379
000002ba1ed87959
000002ba87745e79
000002be9b8030f9
000002beb823b499
000002beeca810b9
000002bf2058f879
000002bf3e6623f9
000002bfda677399
000002c00f2b5d59
000002c03b2d8719
000002c056649639
000002c05664ab99
000002c14c7a0a79
000002c1a8a4e1b9
00000583b59d0a61
0000000001d0a071
0000000000000181
000002c1e2adbcb9
000002c21d098879
000002c26d2a0db9
000002c2e7369459
000002c35a69f7f9
000002c4cd371b79
000002c541ca7e19
000002c5bf24f599
000002c5bf24f779
000002c5e0866319
000002c637764f79
000002c6e6664339
000002c6e9f2b599
000002c72cdb5f79
000002c72cdb6519
000002c76010a059
000002c7b7c64a39
000002c86f3a7bf9
000002c9445f20b9
000002c9570c37d9
000002cb0993e119
000002cb0993e4d9
000002cb0993e859
000002cb09941fb9
0000059656079d61
0000000001d0a071
0000000000000181
000002cbce32f939
000002cd2f525019
000002cd789516b9
000002cdb29f3539
000002cde75a1df9
000002ce226d69f9
000002ce7023ee59
000002ce7023f5f9
000002ce7a5ddf39
000002cf67a936f9
000002cff8c64e59
000002cff8c66b99
000002cff8c68179
000002d08c879819
000002d0b1a63799
000002d1219c98f9
000002d154b4a239
000002d16e715279
000002d16e716559
000002d21acc7439
000002d297ba3ed9
000002d297ba4099
000002d2b11741b9
000002d3a3ec5f39
000002d3a3ec6fb9
000002d3c9a87899
000005a8f6723061
0000000001d0a071
0000000000000181
000002d5702d6cb9
000002d604aa6139
000002d7f33303f9
000002d8fda16639
000002d93e220099
000002da5bc17459
000002db029f6ff9
000002dc031f9519
000002dc353767d9
000002dc44d4edb9
000002dc6f4226b9
000002dcaa71e659
000002dcaa722239
000002dcf2fc0919
000002dd1ecf3a79
000002dda78c6d19
000005bb96dcc361
0000000001d0a071
0000000000000181
000002ddd45cf679
000002ddfec4ff19
000002de04b13259
000002de638e1919
000002def1df1b19
000002df015e9c79
000002df7a1b2b39
000002dfc6777b79
000002dfc6777dd9
000002e071879899
000002e07187a819
000002e089a7b139
000002e23e796499
000002e23e7974f9
000002e4258f9739
000002e46dda4bd9
000002e4e6ae6999
000002e673aedb59
000005ce37475761
0000000001d0a071
0000000000000181
000002e757def479
000002e7cb678e79
000002e8325f8479
000002e8610028b9
000002e8a825ded9
000002ea21acf299
000002ea21ad1299
000002ea2e28b9b9
000002ea3385a4b9
000002ea98f424b9
000002eaf483f619
000002eaf6de6659
000002eaf71e8e39
000002eb477c0299
000002eb79fab239
000002eb8e748379
000002eb9ebd4539
000002ec427d8219
000002ec609dcb39
000002ed9bd18579
000002ef1d623e99
000002efad8017b9
000002efb10d5f59
000002efb10dd439
000002f017c60b99
000005e0d7b1ea61
0000000001d0a071
0000000000000181
000002f09a017a79
000002f0d19b58f9
000002f15ca4bc99
000002f160248b39
000002f2c9c63379
000002f330061739
000002f333773d99
000002f346326619
000002f3463267f9
000002f3b51c94b9
000002f3ccaf4979
000002f42c6cf619
000002f42c6d10b9
000002f59dd1f0f9
000002f5d902ed79
000002f69c275ed9
000002f6a73b8679
000002f7e69f5c79
000002f8a64c13d9
000002f8b97884f9
000002f8dccc3379
000002f9081803f9
000002f9af463e39
000005f3781c7d61
0000000001d0a071
0000000000000181
000002fa8990aa79
000002fb62ea5619
000002fb7a18d379
000002fb7a18e379
000002fbc48f7299
000002fbc48f8cf9
000002fbc48fc419
000002fbc48fddf9
000002fbf1bda679
000002fc26c86219
000002fd27ce01f9
000002fd5723de39
000002fdb1b1cdb9
000002fdb1b1de99
000002fdb63b0fb9
000002fdb63b1039
000002fdb63b1719
000002fdb63b1c39
000002fe8c390839
000002fe97cff479
000002fef82626d9
000002fef8262899
000002ff881ff039
0000030018933339
0000030018933939
00000300306006f9
000003007d3d9af9
000003007d3dad39
000003014a204579
0000030170f250f9
000003017428d159
000003020f5fc759
0000060618871161
0000000001d0a071
0000000000000181
00000303f3151939
000003040076aed9
000003040076cb79
0000030416fd1d19
000003041eb372f9
0000030431901c79
0000030431904979
00000304ec25ff79
0000030524363919
00000305417310f9
00000305417323d9
0000030541732b99
000003057c7637b9
0000030644663a79
000003074f87a6d9
00000307aaa56e79
00000307aaa58b39
00000307d603e159
00000308df1d1879
00000309951c3d59
00000309c8ba5579
0000030a5db1b539
0000030aacca0699
0000030af1cbb819
0000030b923bb9f9
0000030ba421c839
00000618b8f1a461
0000000001d0a071
0000000000000181
0000030d49ea5a99
0000030d74cb5dd9
0000030e69e21fb9
0000030e69e22139
000003101143c619
000003104cad0159
00000310de3c1959
00000312341c2e39
00000315a7cc9659
0000062b595c3761
0000000001d0a071
0000000000000181
00000317630d93b9
00000317630dbc99
0000031891f36b59
00000318a5ab8f99
00000319b922ec19
00000319f7d84779
00000319f7d85ad9
0000031ad607f5d9
0000031d04b9d879
0000031daa2f1719
0000031daa2f3119
0000031e0f588a79
0000031e9c7f47f9
0000063df9c6cb61
0000000001d0a071
0000000000000181
0000031f59410759
0000031f60166db9
000003201c080399
00000320e0b4d1d9
000003222d547e79
000003222d549119
0000032261ea51f9
00000323d8f03b19
00000324612aac59
000003262eb76b39
00000326b79c2119
00000326c6d7da59
000003270a43d919
000006509a315e61
0000000001d0a071
0000000000000181
00000328c97eebb9
00000328c97ef5d9
0000032905be3839
0000032955030799
0000032983a8bb79
00000329c73b9879
00000329fdd887d9
0000032af25d0379
0000032ba81e57d9
0000032be36cd599
0000032c77bebdb9
0000032ca6e29019
0000032cc2421e39
0000032cc24225b9
0000032cc24226f9
0000032cd6ff9d59
0000032d0d6fff19
0000032e18f22059
0000032f84d62839
000003301b8e8599
000003303d1ab0f9
000003306d5b3959
000003307c4f4db9
000003308eef7dd9
0000033127546f59
00000331300d5039
000006633a9bf261
0000000001d0a071
0000000000000181
000003321a791359
00000332db958ab9
0000033326778539
000003355cafb499
0000033563fc7299
0000033573780b59
0000033594762739
00000336273ff999
0000033688d8e019
00000338aafef559
0000033a488bcad9
0000033ab3f82359
00000675db068561
0000000001d0a071
0000000000000181
0000033b96d6dc39
0000033c5e8d3679
0000033ccb9c2d59
0000033ccb9c45b9
0000033e703f8cb9
0000033f5a8a85f9
0000033f5a8ad919
0000033fa75afc39
0000034074eb2b19
000003407c43a879
0000034085ff2579
00000341d49b4019
00000342863ac9f9
0000034386c7c559
000003438a117599
0000034399fe5cd9
000006887b711961
0000000001d0a071
0000000000000181
000003455cd1ccf9
00000345f19247b9
00000346280e14d9
00000347d113e099
000003480b881419
00000348f1140079
00000348f11413b9
00000348f11484f9
00000349718613d9
00000349718615f9
0000034a2c5bc259
0000034a3c5c7c59
0000034a79efeb99
0000034a79f00739
0000034a79f05e59
0000034bb9a27559
0000034bb9a2c319
0000034bcebbe519
0000034d09c47f59
0000034d09c49d59
0000069b1bdbac61
0000000001d0a071
0000000000000181
0000034e3b616e99
0000034e468f2639
0000034e88027119
0000034f039ec2f9
0000034f039ed3b9
0000034f7e28d339
0000034fc45302b9
0000035043df58f9
0000035043df7919
0000035045f4b199
000003505da76639
00000350d7f452d9
000003511d0b74b9
000003522cac29b9
000003525f3eb379
00000352a4bd9959
000003532507ebf9
0000035343cb58f9
0000035356bfa8b9
0000035356bfb8f9
0000035356bfb979
000003553f008d79
00000355b9fa7219
000006adbc464061
0000000001d0a071
0000000000000181
000003580dff0919
000003587f7aeb39
0000035b0b0d4759
0000035b5aaadf59
0000035b5aaaf699
0000035bb90ddeb9
0000035e6d39e3d9
0000035e6d39f2d9
0000035f941b5899
000006c05cb0d461
0000000001d0a071
0000000000000181
000003609a17b819
00000360ab4dc879
00000361986da2b9
00000361b52e2cf9
00000362983eb119
00000362983ebb19
00000362fb1064d9
00000363f4baaeb9
000003645526ee19
00000364cbf45bf9
00000364cbf46499
0000036532937fd9
00000365703b56f9
000003659387d1b9
0000036662e33dd9
00000366a6bc7359
00000366f5c25659
0000036736914ff9
00000367bd21f099
00000367f838b839
0000036872155c79
0000036874dc3e99
0000036874dc5079
00000368a58a7699
000003697869c439
000006d2fd1b6761
0000000001d0a071
0000000000000181
000003699088e319
0000036a185160b9
0000036b563144f9
0000036b624820b9
0000036b786fd7b9
0000036c07fada59
0000036c5c7a4df9
0000036d0e67fef9
0000036e0a9f04f9
0000036e0e9ef099
0000036e9f9e0439
0000036e9f9e0d79
0000036f1d29d8f9
0000036f7cdf28f9
0000036f7cdf3d99
0000037111ab7799
0000037111ab7959
0000037135d67599
00000371afaa2b39
00000371f6778b19
00000371f677a019
0000037212bbce59
000006e59d85fb61
0000000001d0a071
0000000000000181
000003737bf2e2d9
000003750f1e7bd9
00000375f6096ef9
00000375f60970b9
00000375f6097c19
000003766fa64779
00000376c70a5ab9
000003774a3e27f9
000003775c3aaf59
000003777fb6d359
0000037794eae079
000003794f044159
0000037974dc3239
0000037a57e13a39
000006f83df08f61
0000000001d0a071
0000000000000181
0000037c946f2739
0000037cb4e5f6b9
0000037cb4e5f839
0000037ce5cb70b9
0000037d56793139
0000037de2a799d9
0000037e70dfd459
0000037ea2739e19
0000037fb55ae2b9
0000037ffadbb2d9
0000037ffe1ecc59
000003806aa7a3d9
000003826af33399
00000382a9185d19
00000382ac055699
00000382c7906b99
00000382c790d5d9
0000038321181c19
000003838aae4219
00000383975defd9
00000383975e18b9
000003847e02ec79
000003847e034659
000003847e036099
00000384b97bae59
00000384ed5d59d9
000003851406f579
00000385140705f9
0000038527beb2b9
000003852abd5819
0000038563d5dcd9
0000070ade5b2261
0000000001d0a071
0000000000000181
0000038645baeb79
000003864c0c63d9
00000386ca63e899
0000038742837659
000003880057aff9
000003880057fd19
00000388b7cbf199
00000388ccaefcf9
00000388cee53b59
00000388cee53d19
0000038a6200dc59
0000038bb8c61d59
0000038c175a2d99
0000038cfe784719
0000038d22ab9b59
0000038e233c3af9
0000071d7ec5b661
0000000001d0a071
0000000000000181
0000038f0e076919
0000038f0e077b59
00000390183b5439
00000390183b6819
000003905fb08a79
00000390b6a98c19
00000391896b87b9
00000393211517b9
0000039321152a99
000003948f440cb9
000003952f37b099
0000039585236479
00000395e21325f9
000003965e718b19
000003968d298939
000003970225d979
000003977cfeb4b9
000003977cfef3b9
00000397cf6547b9
00000397de76ef39
000007301f304a61
0000000001d0a071
0000000000000181
0000039823721799
00000398402492f9
000003997c8853b9
00000399ddd9c999
00000399fc0170f9
0000039a5e42f659
0000039abf57ab39
0000039b283622b9
0000039bdd9fadf9
0000039c1246a6b9
0000039da052e479
0000039f2ee70db9
0000039f3dc3c899
0000039fbc885ef9
0000039fe63f0d59
000003a024002419
000003a0560601f9
000003a06b750a39
000003a09a48f0f9
000003a123df1099
00000742bf9ade61
0000000001d0a071
0000000000000181
000003a4a9fb1f59
000003a55f43a119
000003a5ac5a55b9
000003a6a6c89c99
000003a6a6c89d39
000003a6a6c89d59
000003a710fd0d19
000003a73d1d9119
000003a76ad75af9
000003a7b8980d99
000003a7c0cfaf59
000003a7faff0b79
000003a894482ed9
000003a8a2bee479
000003a94e500059
000003a96f021e79
000003aa5b2b79f9
0000075560057261
0000000001d0a071
0000000000000181
000003aabe96f479
000003aaf524d659
000003accdff31f9
000003accdff6199
000003acecc9c2b9
000003adc46ccf79
000003ae0bcf9cb9
000003afb65788b9
000003b1b953e839
000003b1b95404f9
000003b2618f5a79
000003b33fae13b9
000003b36d3d6b79
0000076800700561
0000000001d0a071
0000000000000181
000003b404599879
000003b435836159
000003b4a54a29b9
000003b4aa282039
000003b4b7e7b099
000003b4e915ca79
000003b53a506ad9
000003b55d0a8599
000003b683b30979
000003b7057c8439
000003b7057c8d39
000003b7057c8dd9
000003b7057ca059
000003b712e70159
000003b743e09719
000003b823f1cef9
000003b882f02f59
000003ba7db30599
000003bb478c4519
000003bcd4370c99
000003bd117c0cf9
0000077aa0da9961
0000000001d0a071
0000000000000181
000003bdbcbd4c79
000003bf4db2d3d9
000003bf4db32339
000003bfb597fbb9
000003bfb5988519
000003c1c0bccdb9
000003c1eb116359
000003c25cada9d9
000003c25cae02f9
000003c26f9058d9
000003c35328de19
000003c39159e1f9
000003c3dcbc3c99
000003c4100a6519
000003c458177159
000003c499256db9
000003c499256f99
000003c4cc868959
000003c4d3fd0db9
000003c4d9301819
000003c4f0581899
000003c53abcb439
000003c5510d5cd9
000003c5d80ee7f9
0000078d41452d61
0000000001d0a071
0000000000000181
000003c7073d7859
000003c71aa46119
000003c71aa4ce99
000003c71bbcb0b9
000003c7618c1379
000003c7e29b5539
000003c84123e899
000003c8412445b9
000003c9f4eeaff9
000003ca1dff3e59
000003ca1dff4fb9
000003cabd121279
000003cac0addb99
000003cb34fe7c79
000003cbc0ea69d9
000003cc57d2df79
000003cdb8061099
000003cdb80636d9
000003ceced66539
000003cf5809fcd9
000003cf580a0c79
000003cf93378059
000003cfaa921d99
000003cfd15464b9
0000079fe1afc161
0000000001d0a071
0000000000000181
000003d119bf8639
000003d122b0f079
000003d1ab61c579
000003d1b350c579
000003d1c74eebd9
000003d29ee08179
000003d29ee092b9
000003d309fe7cf9
000003d496cd91b9
000003d4aa1cb959
000003d4f3694539
000003d5bada0e99
000003d5f0370159
000003d6005e2e59
000003d79148b339
000003d79148ba99
000003d79148bbd9
000003d79148c5f9
000003d7914932d9
000003d8ea657559
000007b2821a5561
0000000001d0a071
0000000000000181
000003d9992c2c79
000003da0889d8f9
000003da9feb3db9
000003db50056f19
000003dbbb215239
000003dbc07d3e19
000003dc39905859
000003dc3b232cb9
000003dcb9cb9c79
000003dd0509c7f9
000003dd15b4db39
000003dd93eb5959
000003ddbb6fa2f9
000003ddcc7977d9
000003ddcc797f19
000003dece9f7599
000003dff5036df9
000003e04ea690b9
000003e09836c319
000003e12573a579
000003e142eca679
000003e1bed61939
000003e1bed67119
000003e1c2f8a7d9
000003e231ad1299
000003e2894a4af9
000007c52284ea61
0000000001d0a071
0000000000000181
000003e42bb5bcb9
000003e59ceff999
000003e59e158fb9
000003e6069e2099
000003e63a1eaeb9
000003e63a1ec5b9
000003e6b2957ad9
000003e6e8dacd39
000003e7d69c2579
000003e80b8a9219
000003ea72a02ab9
000003eaf9524b39
000007d7c2ef7e61
0000000001d0a071
0000000000000181
000003ec2af00739
000003ec48ffc379
000003ecd1d70a19
000003ed3a332399
000003edea8ca0d9
000003ee124b6e59
000003eeebe81279
000003efa094a459
000003f0a3008299
000003f0aa085079
000003f0f3cdb4f9
000003f19ebab3f9
000003f1e70c5db9
000003f2057a6419
000003f25a075bd9
000003f29102b959
000003f29102cd39
000003f298f38679
000003f30e705a99
000003f448bc2139
000003f49ceebcd9
000003f4d1e414d9
000003f4e91e32b9
000003f5065aea59
000003f50ff3ec59
000007ea635a1261
0000000001d0a071
0000000000000181
000003f5413d0d99
000003f5413d16b9
000003f55587d319
000003f55587d4f9
000003f61726fb59
000003f75730d099
000003f7d4d63c79
000003f90c86f439
000003f9b0787cf9
000003fa12fa8179
000003fa12fab379
000003fa198c61b9
000003fa5d235a39
000003fa783c7c59
000003faab2ed6b9
000003fae3437659
000003fb9f09a6b9
000003fbcf549159
000003fc8502e8d9
000003fcd3e27f39
000003fd2cf3eef9
000003fd5d86d8f9
000007fd03c4a661
0000000001d0a071
0000000000000181
000003ff2b3df6f9
000003ff2b3e0799
000003ffc74ff139
0000040070ce6e19
00000400ef68d219
0000040151e0fc39
0000040168b37819
0000040172eeba39
000004024cb8df59
00000402d237e0b9
0000040332d305b9
00000403c41ad839
00000403d209df59
0000040433482a79
000004044a5ce139
000004044a5ce559
000004044a5cee79
000004044a5d4159
00000404df207919
00000404df20d079
00000405c1b41f79
00000405df1e3fb9
00000405e43b4b99
00000405e43b7919
00000405e43b9339
00000405e43babd9
0000040620777559
00000406900e5599
00000406c89473d9
00000406c8948799
00000406c8948979
00000406f1d81dd9
000004071526bf19
000004079338f559
00000407b0639499
00000407b063a599
0000080fa42f3a61
0000000001d0a071
0000000000000181
0000040815a56d79
0000040828063e39
0000040884b1ac99
000004088ad86d39
00000408dd66be39
000004098975b4d9
000004098dc317b9
00000409a7471739
00000409a7472a99
00000409ccb00539
00000409ea8daa19
0000040ac8f2aa19
0000040ce8eb7ed9
0000040de6d61419
0000040e8edaec39
0000040edcb99659
0000040fe008bfd9
0000040fecca9cd9
00000410b87f36f9
000008224499ce61
0000000001d0a071
0000000000000181
0000041159aaf7b9
00000411bb36b819
0000041396b3b399
0000041419c993d9
000004141de31f79
000004141de32119
00000414cdf60b59
00000415023e6679
00000415c90f9ad9
000004160a75a139
000004160a75c139
0000041627b8d139
0000041627b8e3d9
000004164324cb79
000004169d415499
00000417ba98b5b9
00000417e1287d19
00000417e46943d9
00000418ccd392b9
0000041a4ba196d9
0000041a6cda7f19
00000834e5046361
0000000001d0a071
0000000000000181
0000041a9686ec59
0000041afa108659
0000041b2e7df279
0000041b6ed06e39
0000041c439c66d9
0000041c805228d9
0000041cae23b6f9
0000041cae23d639
0000041e24f58319
0000041e9054e459
0000041f57beb799
0000042141b9d6d9
0000042179131fd9
0000042183348159
0000042228cc8699
00000847856ef761
0000000001d0a071
0000000000000181
00000423d3563e19
00000423d67d4a19
00000424143643d9
0000042508f71999
0000042515790579
000004252b1fec99
0000042588e72779
00000425e4f93e39
00000425e4f98b59
000004260e1aac99
0000042699607a39
00000426996091b9
00000427e720bb39
00000428cb6c51f9
00000429021221f9
0000042981415199
0000042aa3a78179
0000042b401db7b9
0000042b7a470c59
0000042cbfef5b39
0000085a25d98b61
0000000001d0a071
0000000000000181
0000042d489481d9
0000042dac3896d9
0000042db4c3efb9
0000042e8db2c019
0000042e9101ecd9
0000042eb0ea7599
0000042eb60c9e59
0000042ee97ab019
0000042f2090d859
0000042fc12cd7d9
0000042fffd418f9
000004304a39ad59
000004308e13d179
000004308e13d7f9
000004308e144b79
000004308e1452d9
000004308e145419
00000430b160fb59
0000043113725859
00000431e99cbf79
00000431e99cc159
00000431fd7acd59
0000043225de22d9
0000043225de9f99
000004326da74bf9
00000432920f91b9
00000432f57c96f9
00000433ccfade59
00000433e733c779
00000433e9602439
00000433f55accd9
00000433fdc25e99
000004340860f0b9
00000434286619f9
000004350d526459
000004353994a1d9
000004353994d479
00000435817ef9d9
00000435915b2e99
00000435e1a38ad9
00000435fb2c9b99
0000043616e696f9
0000043625a87619
0000086cc6442061
0000000001d0a071
0000000000000181
000004374f78a239
00000437527f7399
00000437dd61ec39
000004388f124379
000004391db8ddb9
000004393ee4c1d9
000004395dff1b59
000004395dff2c59
0000043975cff239
00000439e02a5179
00000439fd779e79
00000439fe0e9299
0000043a440d44b9
0000043ae6ddbe39
0000043b4aa80ab9
0000043c3f054b79
0000043c442b23b9
0000043cba4c8af9
0000043cbfe74b79
0000043d1c08d379
0000043d3f170cb9
0000043da0c88919
0000043de5b48a79
0000043e62030399
0000043e75f10239
0000043e9d7a2f99
0000043e9d7a8099
0000043ed8acd919
0000043f267f71b9
0000043f267f7f19
0000087f66aeb461
0000000001d0a071
0000000000000181
00000440bede3919
00000441d1aadb19
00000442ad7aa039
00000442e9aa1479
0000044307d6d739
00000443600c2a99
00000443eab5e2b9
00000445c92e72b9
000004466f64b7d9
0000044704b56ad9
000004471a8bc899
00000448d6795e39
00000448d6796d19
00000448df9f8c79
0000089207194961
0000000001d0a071
0000000000000181
0000044938d28099
000004496ee9e4f9
0000044a3c65c2f9
0000044a7d9de899
0000044a7d9e6379
0000044d874c4219
0000044de0ea4a19
0000044ded4a0df9
0000044e179269f9
0000044e4e5e7679
0000044e61f0f4d9
0000044eddcc8099
0000044eddcc9059
0000044f13545779
0000044f13545919
0000045046938cb9
00000450b10d10f9
000004524efc9d59
000004524efc9fb9
000008a4a783dd61
0000000001d0a071
0000000000000181
0000045273d021f9
000004536d6cc3b9
000004559a001159
0000045697d47299
00000457ab178a99
00000457ae3749f9
00000457de1f7979
00000458599d1e59
00000458d76ecd19
0000045a7ef2d539
0000045ad773a739
0000045b2485e1b9
0000045b27705df9
0000045b670b1eb9
000008b747ee7261
0000000001d0a071
0000000000000181
0000045cc1bb07b9
0000045cec7e3119
0000045d1cccc059
0000045d1cccda59
0000045d225d9139
0000045f0696e2d9
0000045f14013b79
000004610163f9f9
0000046112442ad9
000004623c184c79
00000462e94e1539
000004637c855ad9
00000463a2424499
00000463f6ee47d9
00000464cd304039
00000464cd305499
000008c9e8590661
0000000001d0a071
0000000000000181
00000466529dc039
00000466529dc799
0000046694c67339
000004672133c559
00000468298ad699
00000468920347d9
00000468ceec0df9
00000468eb4b1759
00000468fbe65c79
000004693c5f49d9
000004693c5f66b9
000004693c5f8a59
0000046943b1f7d9
0000046955eacd19
000004698cf7a199
000004699eb2b1f9
0000046a4bc38419
0000046a4bc39459
0000046ae83c61f9
0000046b65b8a5f9
0000046ba18f52b9
0000046d3ef43a79
0000046d3ef44f79
0000046d9c3426b9
0000046db49976d9
0000046dcae4de79
0000046e0e5701d9
000008dc88c39b61
0000000001d0a071
0000000000000181
0000046e5c4d47b9
0000046e67e372b9
0000046ed8820eb9
0000046ee8224e39
0000046f9a290f39
000004703ff505b9
0000047067fce939
00000470a3916a79
00000471070a4bd9
000004715fe3f2b9
00000471bde93a39
00000471d0f9ad19
0000047203c59a19
000004727eaa7959
00000472b4082eb9
00000472ceca9eb9
00000472d3775759
0000047349302c99
0000047390cde9d9
00000473e8f4c319
0000047400caf7f9
0000047400caf999
00000474b33c3fb9
00000475d4ec9c39
00000476d29f7659
000004773149a859
000008ef292e2f61
0000000001d0a071
0000000000000181
00000477ff937bf9
00000478a7f34f79
00000478d7dc10f9
000004792b318419
00000479f1faac79
00000479f59a41f9
0000047a84fb3d99
0000047aab6c9eb9
0000047aea3aa1d9
0000047c1eca7839
0000047c8bba56f9
0000047cb2ce87b9
0000047cdd905b79
0000047ebe0ddcb9
0000047ef00c9719
0000047f7d1887d9
0000047fc1130039
000004805fcbbab9
00000480a122daf9
00000480a122f6d9
00000480bb2a0039
00000901c998c461
0000000001d0a071
0000000000000181
0000048285972b19
00000482859732d9
000004829b238c39
00000483262b2279
0000048332462d99
00000483de6269d9
0000048411ff1559
000004841de65a59
0000048442cb3579
000004845b83afb9
00000484c306bad9
00000484c306ccf9
00000484d0ec4499
00000484e7f48eb9
0000048551949c19
00000485a65f1cf9
00000485baf039b9
000004864c2686f9
00000486774b99b9
000004867bb39819
00000486fdb66e99
00000487164be939
00000487548182b9
000004875fc03a99
000004885020e9b9
0000048887e69bf9
000004889327cf79
00000489ee906cf9
0000048a0f1db0f9
000009146a035861
0000000001d0a071
0000000000000181
0000048aa0bd82f9
0000048aabfa2ab9
0000048b208d3a39
0000048b78b39df9
0000048b832e2d19
0000048b832e4099
0000048bbb87b3b9
0000048c076edd19
0000048c7b9ac519
0000048d2d6fb039
0000048db7515059
0000048dbb685679
0000048e02abe1d9
0000048e04e33999
0000048e2ae15819
0000048fd56a9ad9
0000048feeb32399
000004902ff23c19
00000490572511f9
0000049086848579
00000490acf3a319
00000491dbc93959
00000491ef985cf9
00000491ef98d179
0000049256ba7359
000004926886fbb9
0000049285724239
000004929d6969b9
000009270a6ded61
0000000001d0a071
0000000000000181
000004938ca07259
00000493fc67aef9
0000049444611779
0000049444612819
00000495d8735a59
00000495f29b6279
000004965f04af99
0000049686ec0a19
0000049686ec3f19
0000049717bd2b39
00000497e4347539
000004983f1a04f9
00000498ad158839
00000498baf157f9
00000498c6717599
0000049901ef0819
00000499865b4239
00000499865b5759
00000499f059ec19
0000049a31e36f99
0000049a31e37199
0000049a8ca577b9
0000049ac893c779
0000049b535c6cf9
0000049b55c6d439
0000049b6d724339
0000049b7e62a639
0000049b96fe8d19
0000049b96fe9479
0000049cbc6aa2b9
0000049cbc6aaa19
00000939aad88261
0000000001d0a071
0000000000000181
0000049e1f5d4959
0000049e9fc0d0d9
0000049eb3532a19
0000049edc4c48f9
0000049fddd5fe79
000004a021eecb39
000004a022b5e759
000004a0f1430b39
000004a0f1436719
000004a1781200d9
000004a2455f26b9
000004a26ef2b019
000004a289ba3f59
000004a2921ebd59
000004a3ab66d719
000004a3bc05e859
000004a3f809eaf9
000004a3f809eb99
000004a3f809f259
000004a3f80a4e59
0000094c4b431661
0000000001d0a071
0000000000000181
000004a66ef5ea39
000004a6f9953a59
000004a72cecc899
000004a72ced4139
000004a72ced41b9
000004a72ced41f9
000004a72ced4899
000004a7474f2a19
000004a844318e19
000004a8654116b9
000004aa73e55c39
000004aa73e56f59
000004aa85e8e199
000004aacf9790b9
000004aafbe34119
000004aafdbc69f9
000004ab01a58219
000004ab01a5a119
000004ab47129e79
000004ab4712b5b9
000004aba7959259
000004ac4ece13b9
000004ac4ece2519
000004ac4ece3db9
000004ae4cc35b39
000004af52fd5979
0000095eebadab61
0000000001d0a071
0000000000000181
000004b0fb2764d9
000004b0fb276679
000004b163c66c99
000004b1732c71b9
000004b205f73c99
000004b287d29e19
000004b46d8b6a39
000004b4c5411b19
000004b6e7ba4af9
000004b76705b1d9
000004b7c7a32999
000009718c184061
0000000001d0a071
0000000000000181
000004b8ef7380f9
000004b9434803b9
000004b9834f1659
000004bb54209bf9
000004bc00a70759
000004bc2bbeb1f9
000004bc97f4c039
000004bc97f4d3f9
000004bcca977379
000004bd047740f9
000004be01be8959
000004be3c51fed9
000004bed260cdd9
000004bf994284d9
000004bf994296d9
000004bfd3481739
000004bfd3481e79
000004bfefd11eb9
000004bfefd183d9
000004c03e0531d9
000004c0f5bb3799
000004c1fc4c2df9
000004c2045d4fd9
000009842c82d561
0000000001d0a071
0000000000000181
000004c217c590b9
000004c241118b39
000004c241119bd9
000004c2616b0139
000004c2616b0939
000004c33c6dd419
000004c4a459a719
000004c4b73274f9
000004c4bc2a7c79
000004c4e4138e19
000004c5919dd019
000004c5a8005979
000004c5bd614e59
000004c677a6e319
000004c6e7e4b099
000004c75fb8dcf9
000004c79d4b0359
000004c85dead6d9
000004c868bd58d9
000004c86e22abf9
000004c86e22b399
000004ca34b358f9
000004ca4f456c39
000004caadd50019
000004cad6112719
00000996cced6961
0000000001d0a071
0000000000000181
000004cb73666ef9
000004cbdc5da439
000004cc1e1a0539
000004cc1e1a05b9
000004ccea7fe479
000004ccea7fef79
000004cd5a13e0d9
000004cdeaa46939
000004ce24e5c179
000004cf03b74db9
000004d09ba269d9
000004d186fcb039
000004d1870f6a19
000004d20889c0f9
000004d20889ee59
000004d3d3755ff9
000004d42abda219
000009a96d57fe61
0000000001d0a071
0000000000000181
000004d4ea136ef9
000004d50ab9f319
000004d586a4d139
000004d65f3dca19
000004d83fb39879
000004daa3e7fdb9
000004daa3e80ed9
000004dc0a76a919
000004dc6e902479
000004dd290ac859
000004ddd65fe2d9
000009bc0dc29361
0000000001d0a071
0000000000000181
000004df24fc6b79
000004df24fcd7f9
000004df960f9319
000004df960fa059
000004df960fa9d9
000004e0725c0eb9
000004e1b89a6d99
000004e36b03e939
000004e38eb716b9
000004e49f3b2db9
000004e4bbca22b9
000004e4bbca88b9
000004e597941f99
000004e59e886299
000004e59e887779
000004e5e068e999
000004e60f89e119
000004e60f935419
000004e6b31559b9
000004e6b315bab9
000004e721df8df9
000009ceae2d2861
0000000001d0a071
0000000000000181
000004e85c093099
000004e909845579
000004e98e44cc39
000004e9c1cf5199
000004ea473848b9
000004eb2471a4d9
000004ecf08cf679
000004ecf08cff59
000004ecf08d14d9
000004eda9381b79
000004ee46e46719
000004ee954005d9
000004eed3edbcb9
000004ef00788459
000004efff18c5f9
000004f03796d479
000009e14e97bd61
0000000001d0a071
0000000000000181
000004f149eb6159
000004f1cb880d79
000004f25b651059
000004f2849b34f9
000004f327a31579
000004f32f83b9d9
000004f32f83bb99
000004f42f2204d9
000004f5f3305039
000004f5fc078839
000004f662b7c079
000004f678e29eb9
000004f678e29f39
000004f7bfa90679
000004f9d1a9dff9
000009f3ef025261
0000000001d0a071
0000000000000181
000004fa499b7459
000004fabbb7fb79
000004fb4791dcb9
000004fca494bdf9
000004fce60ce079
000004fd0ae36819
000004fd14c8ecf9
000004fd7d519eb9
000004fd7ea69e59
000004fd812a7f19
000004fe72172119
000004feca4459b9
000004fef5520779
000004fef5525059
000004ff17e717b9
000004ffb0ffe599
000004ffcc8d5799
000004ffcc8d69f9
000004fffaa6c1d9
0000050037573699
000005005992dbb9
00000500e99af8d9
0000050195c542b9
00000501dade0439
000005027d877f19
00000a068f6ce761
0000000001d0a071
0000000000000181
00000503862a5d19
00000503862a5ef9
00000503cdfcd7f9
000005040a244e99
00000506832958d9
000005085c5e6439
000005085fa99299
0000050968d2d399
000005096cb02af9
0000050a2c4ea559
0000050a8204d359
0000050b0ba85199
0000050b3f3a4259
0000050b645f80d9
0000050b688816f9
0000050b88f69419
0000050baeee68d9
00000a192fd77c61
0000000001d0a071
0000000000000181
0000050de0040399
0000050e6bfaff19
0000050ed3d27c59
0000050f88d53c19
00000510226dc259
00000510226dff59
00000510226e1419
0000051044e7f879
0000051044e7fa59
00000510c3745519
00000511021f5bb9
000005113fec2eb9
00000511487647d9
00000511c999d6d9
00000511fde87899
00000512136a70f9
000005125c13e8b9
00000512aae17d79
00000512adde7c59
0000051313e7e799
00000513500c1c19
00000513500c86b9
00000513bbb5c9d9
00000513bc638bd9
0000051434a41ff9
000005144f905c59
0000051451353079
00000514612fb9b9
000005149bac27d9
00000514dfe99f59
00000515003028f9
000005152cf02d19
00000515ca886879
00000a2bd0421161
0000000001d0a071
0000000000000181
00000516dd16f399
000005184102ea19
00000518be2dba79
00000518eb4dfe99
00000518eb4e05f9
000005191a4594b9
000005191a45d3d9
000005191a45d479
000005191f4218f9
0000051993e1a379
0000051993e1a519
0000051993e1a6d9
0000051993e1b939
0000051aa29b32b9
0000051b46bf2d19
0000051beb350c39
0000051c3a000fd9
0000051c59167919
0000051caa9993b9
0000051d409aa659
0000051e0b3470f9
0000051f00facc79
0000051f00face19
00000a3e70aca661
0000000001d0a071
0000000000000181
000005211c96da39
0000052151d9adb9
000005216175ebf9
000005218c433bf9
0000052195bc1b19
00000521af0f0619
000005221920b579
00000522791887b9
0000052320ec3c99
000005242c332319
0000052468e9db39
00000524f3618ff9
0000052505f3e719
0000052505f3f859
0000052579c22339
00000525cc3c5a99
000005274cddab59
000005282c3afcd9
0000052841529479
000005284fd91299
00000a5111173b61
0000000001d0a071
0000000000000181
00000528b2196059
0000052a8db25839
0000052a8db26c59
0000052b31ccf539
0000052bb05ec059
0000052bef225f59
0000052caf402139
0000052cb06ee9d9
0000052d2145dd39
0000052de9ed3199
0000052deee39799
0000052eacac9359
0000053049f640d9
00000530d425ed99
00000531a59840f9
00000a63b181d061
0000000001d0a071
0000000000000181
00000531e996ac79
000005321aeaa999
000005322c110799
000005327eef77d9
00000532a29056d9
00000532f9bd30f9
00000534f6325619
00000535a8788379
00000535c9ff00b9
00000536966e9759
00000536966f06d9
000005374d6f3a39
000005374d6f4f79
000005376a74b819
00000537f3e6af99
00000538547b3d39
000005387488abf9
00000538fa807919
0000053991d375d9
0000053b056f3ed9
00000a7651ec6561
0000000001d0a071
0000000000000181
0000053bec1ddad9
0000053c5e19c219
0000053c7b91ea99
0000053c7b91f1f9
0000053e9395ba39
0000053ef16b6c79
0000053f798eb419
0000053fed6d6a19
0000053ff6295439
0000054024c40ed9
0000054062e41db9
00000540f129da39
00000541679aeb19
0000054325084579
00000543c8ca4139
00000543c8ca5319
00000543c8ca53b9
00000543c8ca54b9
00000543c8ca5a79
00000543c8cac3d9
00000543ccf5aed9
00000543fe210d99
00000a88f256fb61
0000000001d0a071
0000000000000181
00000544add925f9
00000544cfd80ef9
00000544ea963939
000005465e665a79
000005471784ef59
000005473eeef6d9
00000547771f7979
00000547ac1a9ab9
0000054828f8f079
00000548d1fddb79
00000548e76cf9b9
0000054907f33179
0000054916f29ad9
000005499339e9d9
00000549efa9e739
00000549f249c579
0000054addc59259
0000054be6a4b799
0000054c2a82e8f9
0000054cc20ab919
0000054cc20ac279
0000054cc20ac9d9
0000054cc20b43b9
0000054ce25b4939
0000054cf3b79699
0000054d0f371479
0000054d1b90e139
0000054d1c07b5b9
0000054d75e36439
0000054d9b758519
0000054da15ed979
0000054db7749b59
00000a9b92c19061
0000000001d0a071
0000000000000181
0000054ea79211f9
0000054ea7928c39
0000054ee5f8ec19
0000054f11720839
0000054f11720fb9
0000054f117217d9
0000054f117219f9
0000054f11e81939
0000054f27a596f9
0000054f7d4bef99
0000054f7e523e99
0000054f7e5254b9
00000550203ca919
00000550203cb1b9
00000550203cbe59
00000550203d2759
00000550fc0246d9
000005511d781c59
000005517b93f299
00000552c5c9b019
00000552fe641319
000005532addbcf9
00000553d95c4019
00000554cfe7bb79
00000555b0250739
0000055601a792f9
000005560c6d05d9
00000556644c6df9
00000556d719c459
00000aae332c2561
0000000001d0a071
0000000000000181
00000557972e29f9
00000557972e4679
0000055827904079
000005592f04a079
00000559ffa98339
0000055bcfdf62d9
0000055c2bd65cb9
0000055c3f0245f9
0000055c7fa60bf9
0000055ca38893d9
0000055cf1dc1039
0000055f8094cf39
0000055f8094e4f9
00000ac0d396ba61
0000000001d0a071
0000000000000181
0000056070fe0c19
0000056096f93f79
0000056113dc7dd9
000005618a9acdb9
0000056196e39d99
0000056196e3ad59
000005625d05a379
000005625d05b619
000005629b6e1c19
00000562da368539
00000562f58b6439
0000056359bf2bf9
000005639acb3ad9
00000564560134f9
00000564d57501b9
00000564d6717a59
000005654c117939
000005654c118239
0000056585b75179
0000056598af4719
00000565fae3c019
00000566218bfe19
0000056623c18b19
0000056661ef5659
00000567077aa3b9
000005676da1c1d9
00000ad374015061
0000000001d0a071
0000000000000181
0000056a456fbf19
0000056a80fc9bf9
0000056c8a17a9f9
0000056c8a17b159
0000056c8a17b8d9
0000056c8a181299
0000056d320621d9
0000056d4336ba39
0000056d4336ceb9
0000056de017bc99
0000056e4a652739
0000056ed77c1619
0000056fce36ecb9
0000056fce3748d9
0000056fd8268f79
0000057065eaa899
0000057071c37039
0000057071c41579
0000057071c42719
000005707d19f839
00000570891c46b9
00000570c0d7ff59
0000057110f6d5d9
000005712180a379
000005712180a539
00000571246d7b19
000005714f8ae219
00000572354cc6f9
0000057238755c39
00000572be0f8ef9
00000572ef8a9019
00000572ef8aa339
00000572f24e1279
00000ae6146be561
0000000001d0a071
0000000000000181
000005732cced059
000005736a353b99
000005743501dad9
000005745f717099
00000575cb225cb9
00000aec51549461
0000000001d0a071
0000000000000181
