[MCS8 A] 97 FW 3.104 SV 1.257 
range=1024
periods=2
sweepmode=27e20d0
fstchan=0
holdafter=0
streamstatus=3
calreg0=0
calreg1=0
calreg2=0
calreg3=0
swpreset=8000        
prena=1
syncout=0
cycles=18
sequences=1
tagbits=16
vdac0=92c
vdac1=807
vdac2=8c8
vdac3=8c8
vdac4=8c8
vdac5=8c8
vdac6=8c8
vdac7=8c8
timepreset=100.000     
digio=0
digval=0
autoinc=0 
savedata=2 
mpafmt=asc
sephead=0 
fmt=asc
smoothpts=5 
[CHN1]
REPORT-FILE from 07/27/2026 16:13:07.753  written 07/27/2026 16:13:07
cmline0=07/27/2026 16:13:07.753 
cmline1=A1
range=1024
active=1
bitshift=4
cftfak=2580100
evpreset=10          
roimin=0
roimax=1000
caloff=0.800000
calfact=12.800000
calfact2=0
calfact3=0
calunit=nsec
caluse=1 
[CHN2]
REPORT-FILE from  written 07/27/2026 16:13:07
cmline1=A2
range=1024
active=0
bitshift=4
cftfak=2580100
evpreset=10          
roimin=0
roimax=1000
caloff=0.800000
calfact=12.800000
calfact2=0
calfact3=0
calunit=nsec
caluse=1 
[CHN3]
REPORT-FILE from  written 07/27/2026 16:13:07
cmline1=A3
range=1024
active=0
bitshift=4
cftfak=2580100
evpreset=10          
roimin=0
roimax=1000
caloff=0.800000
calfact=12.800000
calfact2=0
calfact3=0
calunit=nsec
caluse=1 
[CHN4]
REPORT-FILE from  written 07/27/2026 16:13:07
cmline1=A4
range=1024
active=0
bitshift=4
cftfak=2580100
evpreset=10          
roimin=0
roimax=1000
caloff=0.800000
calfact=12.800000
calfact2=0
calfact3=0
calunit=nsec
caluse=1 
[CHN5]
REPORT-FILE from  written 07/27/2026 16:13:07
cmline1=A5
range=1024
active=0
bitshift=4
cftfak=2580100
evpreset=10          
roimin=0
roimax=1000
caloff=0.800000
calfact=12.800000
calfact2=0
calfact3=0
calunit=nsec
caluse=1 
[CHN6]
REPORT-FILE from  written 07/27/2026 16:13:07
cmline1=A6
range=1024
active=0
bitshift=4
cftfak=2580100
evpreset=10          
roimin=0
roimax=1000
caloff=0.800000
calfact=12.800000
calfact2=0
calfact3=0
calunit=nsec
caluse=1 
[CHN7]
REPORT-FILE from  written 07/27/2026 16:13:07
cmline1=A7
range=1024
active=0
bitshift=4
cftfak=2580100
evpreset=0           
roimin=0
roimax=1000
caloff=0.800000
calfact=12.800000
calfact2=0
calfact3=0
calunit=nsec
caluse=1 
[CHN8]
REPORT-FILE from  written 07/27/2026 16:13:07
cmline1=A8
range=1024
active=0
bitshift=4
cftfak=2580100
evpreset=0           
roimin=0
roimax=1000
caloff=0.800000
calfact=12.800000
calfact2=0
calfact3=0
calunit=nsec
caluse=1 
;MCS8 #97 Sversion=1.257 Fversion=3.68
time_patch=1
;datalength=8 bytes
;bit0..3: channel# 1..8 ( 4 bit)
;bit4: edge 0=up / 1=dn ( 1 bit)
;bit5 ..57: timedata    (53 bit), max sweep length 2001.6 h
;bit58..62: tag0..tag4  ( 5 bit)
;bit63:     data_lost   ( 1 bit)
[DATA]
0000000000000016
000000011eab5079
000000011eab6559
00000004aba1d0d9
00000006476d8859
00000008f2b2af79
00000008f2b2c419
00000009e3641439
00000021576aaf61
0000000002ede871
0000000000000181
00000011e1a2b659
00000011e1a2bf59
0000001591b3f639
0000001591b3f7f9
00000019031fb799
00000019031fb939
00000033f7d54461
0000000002ede871
0000000000000181
0000001a63118ef9
0000001bbe6b6859
0000001be7441d79
0000001dd3b730f9
0000001e53d39c99
0000001e5c1bf359
00000020d90c7ab9
00000046983fd961
0000000002ede871
0000000000000181
00000023766900f9
0000002385ce1a59
000000238bbf0179
0000002910e76079
0000002a70da64b9
0000002a70da6d19
0000002b90c42ef9
0000005938aa6e61
0000000002ede871
0000000000000181
0000002dec50b659
0000002dec50bad9
0000002e49a07939
0000002f483b21d9
0000002f483b23b9
00000031b85f4f19
000000343b53a639
000000346c667af9
00000034e3e75059
00000035b419c3d9
00000035b419c619
0000006bd9150361
0000000002ede871
0000000000000181
000000369ef25199
0000003779b6fbd9
000000383a99f559
000000397c85a359
00000039d971f139
0000003b39d67359
0000003b39d6c419
0000003b8cd76f99
0000003c2f4f4959
0000007e797f9861
0000000002ede871
0000000000000181
0000003fac569439
00000040a8734199
00000040e9e879d9
0000004221773319
0000004454b0f199
00000047bbb60d39
000000486b7e1559
0000009119ea2c61
0000000002ede871
0000000000000181
0000004952447e99
0000004aa79bd759
0000004e88752db9
0000004e88753d99
0000004e88753e19
0000004e94e6fe79
000000a3ba54c161
0000000002ede871
0000000000000181
00000051ff132339
000000536cc86df9
0000005675a0e7d9
0000005a66048379
0000005a83242b79
000000b65abf5661
0000000002ede871
0000000000000181
0000005e75e9eb99
0000005f879bce79
00000060dffa6839
00000061ce5f6819
000000c8fb29eb61
0000000002ede871
0000000000000181
00000065cf71d739
0000006689fcde99
0000006847a257d9
00000068961852b9
00000069e43cb979
0000006b2ec63199
000000db9b948061
0000000002ede871
0000000000000181
0000006ea5617179
0000007039ea2579
000000738e4d90f9
000000ee3bff1561
0000000002ede871
0000000000000181
0000007a4cc4b4b9
0000007a6451ac59
0000007a6451ae39
0000007c7f5607f9
0000007c856e49f9
0000007d1813bb79
00000100dc69aa61
0000000002ede871
0000000000000181
0000008082776e59
000000816f79e159
000001137cd43f61
0000000002ede871
0000000000000181
0000008c3d70c259
0000008d185ef719
0000008df322db19
00000090d2337319
000000914713d919
000001261d3ed461
0000000002ede871
0000000000000181
000000934a6f86f9
000000934a6f8f19
00000097beaa7e79
0000009c38fce019
00000138bda96961
0000000002ede871
0000000000000181
000000a091acf999
000000a434a09f79
000000a468180639
000000a4e4931a79
0000014b5e13fe61
0000000002ede871
0000000000000181
000000a8fbdd11b9
000000a8fbdd2619
000000a8fbdd7699
000000ac011b9cf9
000000ad4f996ef9
000000aecbeb7759
0000015dfe7e9261
0000000002ede871
0000000000000181
000000b5878df899
000001709ee92761
0000000002ede871
0000000000000181
000000ba8b21dbb9
000000be85723b79
000000bf5c36c979
000000bf71a29019
000001833f53bc61
0000000002ede871
0000000000000181
000000c21279d439
00000195dfbe5161
0000000002ede871
0000000000000181
000000cc87f0f3d9
000000ccdab5b4b9
000000cd926797d9
000000cf9b75d939
000001a88028e661
0000000002ede871
0000000000000181
000000d5ce932859
000000d7ba008919
000000d8afb49f59
000001bb20937b61
0000000002ede871
0000000000000181
000000e125ba2b99
000000e230a7a599
000000e34a3af619
000000e382879159
000000e5b6e38c79
000001cdc0fe1061
0000000002ede871
0000000000000181
000000e79cd226d9
000000e8d141d539
000000ee3d27cc99
000000ee8c0fb299
000000ee8c0fc439
000001e06168a561
0000000002ede871
0000000000000181
000000f0450cfab9
000000f56cc55519
000000f661666e39
000000f6962e8019
000000f750c4c8d9
000000f83b10b9d9
000000f83b115d59
000000f87d9584d9
000001f301d33a61
0000000002ede871
0000000000000181
000000f9f25bb959
000000fb135fbcd9
000000fbfae8c679
000000fc0b99fc99
000000fe2d94bc19
00000205a23dcf61
0000000002ede871
0000000000000181
00000106f839f539
0000010b6ef13b79
0000010c0f0c73b9
0000010c0f0c91d9
0000010c184deef9
0000010c184e0619
0000021842a86461
0000000002ede871
0000000000000181
0000010e55ca2eb9
000001106a1c7999
0000022ae312f961
0000000002ede871
0000000000000181
00000115cbb23a39
00000116a7444f39
0000011830ae60b9
00000119d64ce759
0000011c2b25d6b9
0000011e1833c379
0000023d837d8e61
0000000002ede871
0000000000000181
000001207dbec6b9
000001207dbece79
00000125c0f9b259
0000012644686479
0000025023e82361
0000000002ede871
0000000000000181
0000012ba72a5519
0000012d63e98719
0000012dc8ec6a99
0000012dc8ec71f9
0000012df850a979
0000012df850bbb9
000001300a1168d9
00000262c452b861
0000000002ede871
0000000000000181
0000013229e2f919
00000135b408c399
00000138ad485a79
0000013959c68959
000001396fcd2039
0000013a311ff159
0000027564bd4d61
0000000002ede871
0000000000000181
0000013b39ed6159
0000013e0de79399
0000014329d972f9
000002880527e261
0000000002ede871
0000000000000181
000001441cd1b839
0000014cb0fde8b9
0000029aa5927761
0000000002ede871
0000000000000181
0000015064260ed9
000002ad45fd0c61
0000000002ede871
0000000000000181
00000156ec15c2d9
00000159f08293d9
0000015a3f95af99
0000015b0519adb9
0000015c1ee2ef59
000002bfe667a161
0000000002ede871
0000000000000181
0000016262ec1859
00000165a1ea0619
000001675a4e97f9
000002d286d23561
0000000002ede871
0000000000000181
0000016979ce6399
0000016d81a71079
0000016e067b9439
000001709ce20dd9
000002e5273cca61
0000000002ede871
0000000000000181
000001745a7edc59
000001793a71d659
0000017a5a133039
000002f7c7a75f61
0000000002ede871
0000000000000181
0000017e6e8fca19
000001834ba136f9
0000030a6811f461
0000000002ede871
0000000000000181
00000189f679fbf9
0000018c6118c5d9
0000031d087c8961
0000000002ede871
0000000000000181
0000018fdd651e59
0000018fdd651ed9
0000018fdd653239
0000019459ddc539
0000019459dddc19
0000019459dddff9
00000194a8d73f99
0000032fa8e71e61
0000000002ede871
0000000000000181
0000019c63a2ad19
0000019c63a2c319
0000019ce051b639
000001a08a6d2d79
000003424951b361
0000000002ede871
0000000000000181
000001a23266ec79
000001a4b4b07139
000001a6662a8c19
000001a6662a9379
000001a7eafdfd59
00000354e9bc4861
0000000002ede871
0000000000000181
000001abe0922919
000001abe0922ad9
000001ad9e0f2299
000001b2a09677f9
000001b2a0967f59
000003678a26dd61
0000000002ede871
0000000000000181
000001b594202d39
000001ba5db24d59
000001ba86c01059
000001bca2fc8a79
000001bca2fc8c39
0000037a2a917261
0000000002ede871
0000000000000181
000001be056c1499
0000038ccafc0761
0000000002ede871
0000000000000181
000001c9a28b9839
000001cb02a39fd9
000001cd61d66799
000001cf19f51199
0000039f6b669c61
0000000002ede871
0000000000000181
000001d3c5a9d5b9
000001d8aacbd439
000001d8aacbd959
000003b20bd13161
0000000002ede871
0000000000000181
000001da850be339
000001daa9fea0b9
000001daa9feb439
000001daa9feb639
000001db2a0241f9
000001ddb4ebb3f9
000003c4ac3bc661
0000000002ede871
0000000000000181
000001e2962dbed9
000001e2962dec19
000001e718face59
000001e7aa52cbd9
000001e7aa52eab9
000001e8d805e819
000001ea32f29a39
000001eb03818719
000003d74ca65a61
0000000002ede871
0000000000000181
000001f268517b59
000001f3adb82cf9
000003e9ed10ef61
0000000002ede871
0000000000000181
000001f93c82bf39
000001f93c82d239
000001f941220799
000001fa53bfc3f9
000001fcb1582e39
000003fc8d7b8461
0000000002ede871
0000000000000181
000002023fef7899
000002023fef7a39
000002024e873cd9
000002075bdcf2b9
0000040f2de61961
0000000002ede871
0000000000000181
000002095196c339
00000209cbf910d9
00000421ce50ae61
0000000002ede871
0000000000000181
00000211afbd5219
00000212a3b65d59
0000021304f92359
0000021401c8a119
00000218407c86b9
00000218dc2ec339
000004346ebb4361
0000000002ede871
0000000000000181
0000021aad897839
0000021d48a38699
000004470f25d861
0000000002ede871
0000000000000181
00000226e3978c39
0000022764f637f9
00000227f25a0179
00000227f25a1a99
0000022836b24c59
00000229a9ff5239
00000229a9ff53f9
0000022a0b0e3399
0000022a0b0e4ab9
0000022a56ca6bd9
0000022b341084f9
0000022b9d943699
00000459af906d61
0000000002ede871
0000000000000181
0000022eed08cb39
0000022eed08f899
000002312d90b499
0000046c4ffb0261
0000000002ede871
0000000000000181
00000237a9071c19
00000237fc4dadb9
0000023933578c39
0000023cce08e339
0000023d203db4d9
0000023d87dc53f9
0000047ef0659761
0000000002ede871
0000000000000181
00000241d3929439
00000241d392ab39
00000246e285c299
00000248818a4e99
0000049190d02c61
0000000002ede871
0000000000000181
0000024b22286a59
0000024c04a92419
0000024c04a93819
0000024c1e256cb9
0000024c1e257f59
000004a4313ac161
0000000002ede871
0000000000000181
000002546a5eba99
00000254d73bcef9
000002553785dbd9
00000255a44301f9
000002578588af59
0000025831e042f9
0000025848692a59
00000259378b2339
000004b6d1a55561
0000000002ede871
0000000000000181
0000025cfb8d7e99
0000025d2aa2ac59
0000026164631179
0000026164632959
000002623d503f39
00000263fa1197d9
00000264481e8bb9
00000264881a6a59
00000264b4563199
000004c9720fea61
0000000002ede871
0000000000000181
00000264f5b6c7f9
00000264f8a36af9
000002681338b939
00000268d94b5399
0000026d00dbf899
000004dc127a7f61
0000000002ede871
0000000000000181
0000026e5ce42879
00000271a64927d9
000002758307ced9
000004eeb2e51461
0000000002ede871
0000000000000181
0000027b3ab22679
0000027b7ae201f9
0000027b7ae203b9
0000027b7ae25df9
0000027b9b7039d9
0000027ea0f43ef9
0000027f03f940d9
0000027f573563f9
0000027fc229e919
0000027fc22a92b9
0000027ffabdf959
00000501534fa961
0000000002ede871
0000000000000181
0000028270c7a559
000002866a2281b9
000002866a228fd9
00000288c69c95f9
00000513f3ba3d61
0000000002ede871
0000000000000181
0000028a27aa1439
0000028d51924859
0000028f005f4439
0000028f005f5479
00000291e4e68459
00000291e4e68bb9
0000029334cf46d9
000005269424d261
0000000002ede871
0000000000000181
0000029432dacc59
00000296f482aad9
0000029701a868b9
0000029b88f60e59
0000029b88f61e19
00000539348f6661
0000000002ede871
0000000000000181
000002a0c9ea3fd9
000002a148eff839
000002a342d74719
000002a5286765d9
000002a5e522ba99
0000054bd4f9fb61
0000000002ede871
0000000000000181
000002a7d186f519
000002a7d1875219
000002a85fda2b79
000002aaf9aa7619
000002acbcfe9579
000002ae31c51039
0000055e75649061
0000000002ede871
0000000000000181
000002b0d4a640f9
000002b0d4a65659
000002b192010c79
000002b2629d52b9
000002b52f732ff9
000002b5cd9ad739
000002b85f49fdd9
0000057115cf2461
0000000002ede871
0000000000000181
000002b8a32736f9
000002b8a32751f9
000002ba8bf131b9
000002bb9a166b39
000002bf28017ed9
000002bf88e7f419
000002bfcac7c119
00000583b639b961
0000000002ede871
0000000000000181
000002c335cf4d59
000002c3a80d52d9
000002c3a80d6619
000002caafb9f6b9
000002cac82de199
000002cac82de519
0000059656a44d61
0000000002ede871
0000000000000181
000002cd23ad7db9
000002cd6b159919
000002d00f29d9b9
000002d0173a6b19
000002d1c59099b9
000002d27cbf3559
000005a8f70ee261
0000000002ede871
0000000000000181
000002d4db1b3439
000002d74c19feb9
000002d74c1a3d19
000002db94b50219
000002dc72957479
000002dc8d51e359
000005bb97797661
0000000002ede871
0000000000000181
000002dddd7612f9
000002e0a6fe0db9
000002e23b9f1939
000002e268a1a999
000002e447927cd9
000002e4497ab159
000005ce37e40b61
0000000002ede871
0000000000000181
000002ea36a6f2b9
000002ef947cd999
000002ef947cedd9
000002ef947cf1f9
000005e0d84e9f61
0000000002ede871
0000000000000181
000002f551a014d9
000002f56f36c0d9
000002f5948ea7f9
000002f6905cc879
000002f6905d3219
000002f851b22219
000005f378b93461
0000000002ede871
0000000000000181
000002f9c296a539
000002fb6d64f339
000002fe0ec78c19
00000300e44ffff9
000006061923c861
0000000002ede871
0000000000000181
00000304188c6019
0000030a5e9cee79
0000030a5e9cff99
0000030ad7651f19
0000030b3b2bbc99
00000618b98e5d61
0000000002ede871
0000000000000181
0000062b59f8f261
0000000002ede871
0000000000000181
000003172e313759
000003177ad89a39
00000317e73e0b39
000003180af99a19
0000063dfa638661
0000000002ede871
0000000000000181
00000320e70a7719
0000032258721ed9
00000322b36440f9
000006509ace1b61
0000000002ede871
0000000000000181
00000328f4725c59
00000329de667b39
0000032ce0893f79
0000032df9732139
0000032e4f87da19
0000032fb6506939
0000033198b074d9
000006633b38b061
0000000002ede871
0000000000000181
000003333d704ed9
0000033429e1f259
000003343fc28bf9
0000033576a260b9
0000033576a27cd9
00000335db36de39
00000336779b15b9
0000033810602699
00000339f71abef9
0000033a73a0f0b9
00000675dba34561
0000000002ede871
0000000000000181
00000340a8c5eb19
0000034404326859
000006887c0dda61
0000000002ede871
0000000000000181
00000344522949f9
00000347f23fd4b9
0000034858fbc039
0000034b14ba7399
0000034b570d69d9
0000069b1c786f61
0000000002ede871
0000000000000181
0000034da9d140b9
0000034e37cad859
0000034e9abd1b99
0000035348806499
00000353db716199
000006adbce30461
0000000002ede871
0000000000000181
0000035b013d35f9
0000035e3f3f3e99
0000035e3f3f58d9
0000035e44b1c3d9
0000035e44b1d499
0000035e44b1d519
000006c05d4d9961
0000000002ede871
0000000000000181
000003629b9bd599
00000362ff587fb9
00000363075f7f19
0000036452fcfff9
000003646fd26ff9
000006d2fdb82e61
0000000002ede871
0000000000000181
0000036985dc0959
0000036a5eeef259
00000370b9a3d079
000003711c9f4319
000006e59e22c461
0000000002ede871
0000000000000181
00000373aaf11319
00000373aaf12d39
00000373aaf13499
0000037546e05659
00000376b760bc39
00000378586d4f19
00000378586d50d9
00000378586dba59
0000037a7438cbb9
000006f83e8d5961
0000000002ede871
0000000000000181
0000037c9f4dec79
0000037ca2b529f9
0000037d8292bb79
0000038253a54e19
00000383de55f2d9
0000070adef7ee61
0000000002ede871
0000000000000181
0000038b13a9b599
0000071d7f628361
0000000002ede871
0000000000000181
0000039008ac7cb9
0000039015974959
0000039350123359
000007301fcd1961
0000000002ede871
0000000000000181
00000398d5401139
0000039b321c5f59
0000039be1a4c219
00000742c037ae61
0000000002ede871
0000000000000181
000007487ec8c661
0000000002ede871
0000000000000181
