[MCS8 A] 97 FW 3.104 SV 1.257 
range=1024
periods=2
sweepmode=27e20d0
fstchan=0
holdafter=0
streamstatus=3
calreg0=0
calreg1=0
calreg2=0
calreg3=0
swpreset=8000        
prena=1
syncout=0
cycles=18
sequences=1
tagbits=16
vdac0=92c
vdac1=807
vdac2=8c8
vdac3=8c8
vdac4=8c8
vdac5=8c8
vdac6=8c8
vdac7=8c8
timepreset=100.000     
digio=0
digval=0
autoinc=0 
savedata=2 
mpafmt=asc
sephead=0 
fmt=asc
smoothpts=5 
[CHN1]
REPORT-FILE from 07/27/2026 15:38:02.890  written 07/27/2026 15:38:02
cmline0=07/27/2026 15:38:02.890 
cmline1=A1
range=1024
active=1
bitshift=4
cftfak=2580100
evpreset=10          
roimin=0
roimax=1000
caloff=0.800000
calfact=12.800000
calfact2=0
calfact3=0
calunit=nsec
caluse=1 
[CHN2]
REPORT-FILE from  written 07/27/2026 15:38:02
cmline1=A2
range=1024
active=0
bitshift=4
cftfak=2580100
evpreset=10          
roimin=0
roimax=1000
caloff=0.800000
calfact=12.800000
calfact2=0
calfact3=0
calunit=nsec
caluse=1 
[CHN3]
REPORT-FILE from  written 07/27/2026 15:38:02
cmline1=A3
range=1024
active=0
bitshift=4
cftfak=2580100
evpreset=10          
roimin=0
roimax=1000
caloff=0.800000
calfact=12.800000
calfact2=0
calfact3=0
calunit=nsec
caluse=1 
[CHN4]
REPORT-FILE from  written 07/27/2026 15:38:02
cmline1=A4
range=1024
active=0
bitshift=4
cftfak=2580100
evpreset=10          
roimin=0
roimax=1000
caloff=0.800000
calfact=12.800000
calfact2=0
calfact3=0
calunit=nsec
caluse=1 
[CHN5]
REPORT-FILE from  written 07/27/2026 15:38:02
cmline1=A5
range=1024
active=0
bitshift=4
cftfak=2580100
evpreset=10          
roimin=0
roimax=1000
caloff=0.800000
calfact=12.800000
calfact2=0
calfact3=0
calunit=nsec
caluse=1 
[CHN6]
REPORT-FILE from  written 07/27/2026 15:38:02
cmline1=A6
range=1024
active=0
bitshift=4
cftfak=2580100
evpreset=10          
roimin=0
roimax=1000
caloff=0.800000
calfact=12.800000
calfact2=0
calfact3=0
calunit=nsec
caluse=1 
[CHN7]
REPORT-FILE from  written 07/27/2026 15:38:02
cmline1=A7
range=1024
active=0
bitshift=4
cftfak=2580100
evpreset=0           
roimin=0
roimax=1000
caloff=0.800000
calfact=12.800000
calfact2=0
calfact3=0
calunit=nsec
caluse=1 
[CHN8]
REPORT-FILE from  written 07/27/2026 15:38:02
cmline1=A8
range=1024
active=0
bitshift=4
cftfak=2580100
evpreset=0           
roimin=0
roimax=1000
caloff=0.800000
calfact=12.800000
calfact2=0
calfact3=0
calunit=nsec
caluse=1 
;MCS8 #97 Sversion=1.257 Fversion=3.68
time_patch=1
;datalength=8 bytes
;bit0..3: channel# 1..8 ( 4 bit)
;bit4: edge 0=up / 1=dn ( 1 bit)
;bit5 ..57: timedata    (53 bit), max sweep length 2001.6 h
;bit58..62: tag0..tag4  ( 5 bit)
;bit63:     data_lost   ( 1 bit)
[DATA]
0000000000000016
000000032e0a4419
00000003e4492f79
000000049eaba8d9
000000053d9708f9
000000061ae45a99
000000061ae45b19
000000062a4edeb9
0000000673f13619
0000000673f13d79
00000006ebefec39
0000000e00be6df9
0000000e00be8259
0000000e5837ead9
0000002157979e61
0000000002e2cc71
0000000000000181
0000001274f8e899
000000145eeca339
000000145eed0a99
0000001484bfd7f9
00000016dd063459
000000172df5f819
00000033f8023461
0000000002e2cc71
0000000000000181
0000001aeb671a99
0000001bbe3a4c99
0000001bf2809359
00000046986ccb61
0000000002e2cc71
0000000000000181
00000023ea298f79
00000026e0a31179
00000026e0a31379
0000005938d76161
0000000002e2cc71
0000000000000181
00000030d202d899
0000003125cf1cd9
0000003125cf4479
0000003175d072b9
0000003175d08359
0000003175d084f9
0000003175d08579
00000033c3265659
0000006bd941f861
0000000002e2cc71
0000000000000181
00000036b8ab0b99
00000037d1be61b9
00000037d884d6d9
00000038defc46d9
0000003a2d37cc19
0000003f332f8919
0000007e79ac8e61
0000000002e2cc71
0000000000000181
00000040fcd60f19
00000041b1ab1939
00000043f3923b39
000000466e8daaf9
0000004788b760b9
000000488b312d99
000000911a172561
0000000002e2cc71
0000000000000181
00000049bf77d739
00000049dab99099
0000004b05463bd9
000000511eba1c79
000000a3ba81bb61
0000000002e2cc71
0000000000000181
00000058127423d9
000000595152bfb9
0000005a421ca559
0000005ac56be559
000000b65aec5161
0000000002e2cc71
0000000000000181
0000005f43e2c519
000000c8fb56e861
0000000002e2cc71
0000000000000181
0000006524040a19
000000697085b559
0000006d32b83a99
0000006d32b84c99
0000006d32b86a99
0000006d32b883d9
000000db9bc17e61
0000000002e2cc71
0000000000000181
0000006e44b4dad9
0000006e44b4e319
0000006f728c2e59
0000006f728c2ed9
0000006f728c35b9
00000072d4ef69f9
00000075fbe4c899
000000ee3c2c1561
0000000002e2cc71
0000000000000181
00000077e4b40e59
0000007912faec99
00000100dc96ab61
0000000002e2cc71
0000000000000181
00000081556c3899
00000081f6f23d39
00000087950ebc59
000001137d014261
0000000002e2cc71
0000000000000181
0000008b61cdae19
0000008bea4ec059
00000090390d79b9
00000092f695d779
000001261d6bd861
0000000002e2cc71
0000000000000181
00000093946cb399
000000959948e7f9
0000009605619a79
000000985cedd4f9
0000009a5ab99cd9
00000138bdd66f61
0000000002e2cc71
0000000000000181
0000009deb920419
000000a3f5f00b79
0000014b5e410561
0000000002e2cc71
0000000000000181
000000a9f19859d9
000000acae536599
0000015dfeab9c61
0000000002e2cc71
0000000000000181
000000b301754ad9
000000b667c04f19
000000b667c04f99
000000b667c05f79
000000b7f2a5b119
000001709f163261
0000000002e2cc71
0000000000000181
000000b9a6a78cd9
000000bbd5cd02b9
000000bc59af1d19
000000bdfc5abfb9
000000bee74c6ad9
000000bfa9bc5999
000001833f80c961
0000000002e2cc71
0000000000000181
000000c1dd49a339
000000c1dd49bcf9
000000c4cc1ecaf9
00000195dfeb5f61
0000000002e2cc71
0000000000000181
000000cbaab8d939
000000cd811f4379
000000d005cd0599
000000d08640a859
000001a88055f661
0000000002e2cc71
0000000000000181
000000d544f72b19
000000db1aec3d79
000001bb20c08d61
0000000002e2cc71
0000000000000181
000000ddd2ce4dd9
000000ddde4743d9
000000dfddc33b39
000000e5ff32bb99
000001cdc12b2361
0000000002e2cc71
0000000000000181
000000e7fb8dbbd9
000000e8cb32fe99
000000e9af2e7279
000000ed3c870ab9
000000ef509013b9
000000efe60bd779
000001e06195ba61
0000000002e2cc71
0000000000000181
000000f385447cb9
000001f302005061
0000000002e2cc71
0000000000000181
000000fac096c439
000000fac096d539
000000fd1c254379
000000fd1c2556d9
000000fd42297419
00000205a26ae761
0000000002e2cc71
0000000000000181
0000010304e61859
000001062ead7f39
0000010915b2e1f9
00000109171dd479
00000109171de3d9
00000109171df599
00000109171df639
0000021842d57e61
0000000002e2cc71
0000000000000181
0000010f1c1fa1f9
000001110f859319
000001135c5a80b9
00000114c2510ad9
0000022ae3401461
0000000002e2cc71
0000000000000181
000001168315ad39
0000011a6ef40c79
0000011a91efc979
0000011d3e758cf9
0000023d83aaab61
0000000002e2cc71
0000000000000181
0000011ff63dc219
000001207ce004b9
00000122bbf6aa99
0000025024154261
0000000002e2cc71
0000000000000181
00000128bc10e659
0000012b16367639
0000012ca4e494b9
0000012ee64c4499
00000262c47fd861
0000000002e2cc71
0000000000000181
00000131ca60b2d9
0000013456ce3099
000001348b30ca79
00000134e9070cb9
00000134e9070e59
00000135c4988839
0000027564ea6f61
0000000002e2cc71
0000000000000181
0000013d0882f379
0000013e3971b979
0000013e9994ff59
0000028805550661
0000000002e2cc71
0000000000000181
0000014be8c54bf9
0000014d1706d8f9
0000029aa5bf9d61
0000000002e2cc71
0000000000000181
0000015131e09819
00000152c67ba4b9
00000152ef4e8099
00000153a5c55b79
000002ad462a3361
0000000002e2cc71
0000000000000181
00000157a3ba5db9
0000015b0c32a039
0000015b0c32f8d9
0000015bc6830b39
0000015c54c45139
0000015d99210f39
0000015e1e1d6959
0000015ef5695299
0000015f681580d9
000002bfe694ca61
0000000002e2cc71
0000000000000181
000001652813a1b9
00000165a5d228d9
00000165e8c56239
000002d286ff6161
0000000002e2cc71
0000000000000181
0000016d2ee79499
0000016fb6be62d9
00000170212be579
000001703e650f59
000002e52769f861
0000000002e2cc71
0000000000000181
000001790d96d619
000002f7c7d48e61
0000000002e2cc71
0000000000000181
0000018317021859
00000183170228d9
00000183ced8aed9
00000183ced8ddd9
00000184d6542919
0000030a683f2561
0000000002e2cc71
0000000000000181
000001863e8f1179
00000187c6eefe79
00000187c6ef11d9
0000018aa30d1b99
0000018be4ae9af9
0000018ce73afaf9
0000018e4d2910d9
0000018e4d2929f9
0000031d08a9bc61
0000000002e2cc71
0000000000000181
0000018f0ee2ff99
0000018f915c2d19
0000019032ac8b39
0000019042ddb519
0000019095b3ec59
00000195c298e639
00000195cf2f73f9
000001972e9709d9
0000032fa9145361
0000000002e2cc71
0000000000000181
0000019e72e70579
0000019fe497acd9
000001a01a499539
000001a0d74fa979
00000342497eea61
0000000002e2cc71
0000000000000181
000001a4bd459579
000001a51fb88399
000001a5b018c999
000001a6f1bbf499
000001a8d261bcf9
00000354e9e98061
0000000002e2cc71
0000000000000181
000001aaa1640039
000001acfce41579
000001ad31535499
000001af308c9ab9
000001b102a38019
000001b2a7901419
000003678a541761
0000000002e2cc71
0000000000000181
000001b3ebc931d9
000001b6fd418bf9
000001b777258819
000001baf7cd6ab9
0000037a2abeae61
0000000002e2cc71
0000000000000181
000001bd349efeb9
000001c0670f7e19
000001c645b27039
0000038ccb294561
0000000002e2cc71
0000000000000181
000001c7e0c431d9
000001cb8c08f799
000001cb8c08f819
000001cce3a52519
000001cda58c6519
0000039f6b93dc61
0000000002e2cc71
0000000000000181
000001d260719e99
000001d3ec9edad9
000001d446bc3699
000001d46d891659
000001d5a59ebd39
000001d7e7484419
000001d7fc5be359
000001d89784a719
000003b20bfe7361
0000000002e2cc71
0000000000000181
000001d9f15a25b9
000001da65588b99
000001da65589f79
000001df10638d19
000001df10638db9
000001df10639499
000001e10cb60e99
000003c4ac690a61
0000000002e2cc71
0000000000000181
000001e25fed7239
000001e7a24d9e79
000001e7dab43519
000001e8f26dead9
000001e8f26e0fd9
000001e96508b6d9
000001e97ac3b639
000001e97ac3c6b9
000001e990c9af19
000003d74cd3a161
0000000002e2cc71
0000000000000181
000001ef27812cd9
000001ef7ce2d099
000001f0b10d78d9
000001f1663b8e39
000003e9ed3e3861
0000000002e2cc71
0000000000000181
000001f7fe1144d9
000001fc38ae2479
000003fc8da8cf61
0000000002e2cc71
0000000000000181
0000020119d832d9
0000020119d83c19
0000020119d875b9
00000202d5f02f19
00000204c412e9b9
00000206e0aefe99
000002072e66ebd9
000002077f15fbd9
0000040f2e136561
0000000002e2cc71
0000000000000181
0000020889b7f959
0000020ade9fe539
0000020b14092eb9
0000020d3de7fd79
00000210072b39d9
00000421ce7dfc61
0000000002e2cc71
0000000000000181
0000021390558b59
000002144e589fb9
00000215f1a77059
00000215f1a771f9
000004346ee89361
0000000002e2cc71
0000000000000181
0000021e85eefc79
0000022057d6aa59
000002229cbdc2d9
000004470f532a61
0000000002e2cc71
0000000000000181
0000022b4f6cff19
00000459afbdc161
0000000002e2cc71
0000000000000181
0000022dbd1d5479
0000023093d36559
00000231e6d32319
0000023492207359
000002353c762659
0000046c50285861
0000000002e2cc71
0000000000000181
000002362772e5b9
000002389db3b239
0000023af5491b39
0000023f0d0a7099
0000047ef092ef61
0000000002e2cc71
0000000000000181
0000024019b4b039
00000240973b5859
0000024761b5ed19
000002477679c419
000002479fd8add9
0000049190fd8661
0000000002e2cc71
0000000000000181
0000024d536ebfb9
0000024e7d6ca219
0000024f9e743059
000004a431681d61
0000000002e2cc71
0000000000000181
0000025679d4d4d9
000002594b425739
0000025abd18ccf9
0000025abf6b2859
000004b6d1d2b461
0000000002e2cc71
0000000000000181
0000025bfe1f13b9
0000025c274fc4b9
0000025d6ab60599
0000025feb302479
00000260f32e5d39
000002612eb29399
00000261bf116579
00000263b56734b9
000004c9723d4b61
0000000002e2cc71
0000000000000181
0000026580cdedf9
0000026580ce04f9
0000026838468039
000002688cc34459
0000026a4f4b87f9
0000026aefb842d9
000004dc12a7e261
0000000002e2cc71
0000000000000181
0000026ebcab2339
0000026f94264339
00000270cb20ab79
0000027327945259
0000027399125ff9
000004eeb3127961
0000000002e2cc71
0000000000000181
000002790f3e8379
0000027bbd068899
000002807dc7f8f9
00000501537d1061
0000000002e2cc71
0000000000000181
0000028182d32999
00000282b9930999
0000028319d1c859
0000028319d1dbf9
000002854350de59
00000285580c3419
00000286034dfc39
00000287b76df319
00000288e31e1a19
00000513f3e7a761
0000000002e2cc71
0000000000000181
0000028b7d302379
0000028c301aa499
0000052694523e61
0000000002e2cc71
0000000000000181
0000053934bcd561
0000000002e2cc71
0000000000000181
0000029cfec39279
0000029f66b6fa39
0000029f6f8523d9
0000029fb663e899
000002a37f897fd9
000002a51451f0f9
0000054bd5276c61
0000000002e2cc71
0000000000000181
000002a9fecbf219
000002ab5141bd99
000002abbee472f9
000002ac0b5d2dd9
0000055e75920361
0000000002e2cc71
0000000000000181
000002b576ee8339
000002b66c040779
000002b7b02cb6f9
000002b7b02cb879
0000057115fc9a61
0000000002e2cc71
0000000000000181
000002b8a2d0d539
000002bb0c82d8d9
000002bbf369c6b9
000002bc6847c4d9
000002c134aec659
00000583b6673161
0000000002e2cc71
0000000000000181
000002c440935cd9
000002c6cb6223f9
000002c913a54ed9
000002c92ddaff79
000002cabafe4679
0000059656d1c861
0000000002e2cc71
0000000000000181
000002cb80736c39
000002cbc783e779
000002d00a566879
000005a8f73c6061
0000000002e2cc71
0000000000000181
000002d5816df939
000002d907c90a79
000002da72b4f339
000002db72aff019
000002dbd68961f9
000005bb97a6f761
0000000002e2cc71
0000000000000181
000002ded4a8f4f9
000002df60bc24d9
000002e004bc8d79
000002e16ef2e519
000002e1776e5379
000002e2f97b6af9
000002e482d5f5b9
000005ce38118e61
0000000002e2cc71
0000000000000181
000002e722b9cbf9
000002eb8b111719
000005e0d87c2561
0000000002e2cc71
0000000000000181
000002f1367c85d9
000002f30bf00919
000002f46a34c659
000002f4fbcb9619
000002f5f587d139
000002f8b7367a79
000002f96d18f239
000005f378e6bc61
0000000002e2cc71
0000000000000181
00000301f12b22f9
0000060619515361
0000000002e2cc71
0000000000000181
0000030412589919
000003043dff80d9
000003045c3c1f79
0000030483a29cd9
00000305f3901039
00000306050f2059
00000306244c8df9
00000306244ca139
00000306244cb4b9
00000306e59b2d19
000003098b07f5f9
0000030a5ad74479
0000030b5836acb9
0000030b5836ad39
0000030b5836ad79
0000030b5836b419
00000618b9bbea61
0000000002e2cc71
0000000000000181
0000030e4a645df9
0000031269f2f359
0000062b5a268161
0000000002e2cc71
0000000000000181
00000318a26e2739
000003196576ee79
0000031ae8f200f9
0000031d32617499
0000031d8c112579
0000063dfa911861
0000000002e2cc71
0000000000000181
000003200b957eb9
000003200b959139
00000323b3117bd9
00000324cc321e99
000003263ee6e9d9
000006509afbaf61
0000000002e2cc71
0000000000000181
0000032888d5d5f9
0000032b8851be99
0000032ee32a4939
00000331070c6eb9
000006633b664661
0000000002e2cc71
0000000000000181
0000033288bde159
0000033817184a79
0000033849a83fd9
00000338540eb0b9
00000675dbd0dd61
0000000002e2cc71
0000000000000181
0000033b3760a999
0000033b9da92179
0000033cea2549f9
0000033fc8bafe39
000006887c3b7461
0000000002e2cc71
0000000000000181
0000034471730979
00000344717319d9
0000034607044ab9
00000347ca998579
0000034bde12a719
0000034ceda3f2f9
0000069b1ca60b61
0000000002e2cc71
0000000000000181
0000034e09f02b99
0000034e09f0a979
0000034e4fa9a4d9
000003525b1c2b39
000003534ed83599
0000035690fc6439
0000035690fc64b9
000006adbd10a261
0000000002e2cc71
0000000000000181
00000357578a4b99
0000035a8faedff9
0000035bd2ea4d59
0000035ccbe5c479
0000035d9b3f4499
000006c05d7b3961
0000000002e2cc71
0000000000000181
000003603d7781f9
000003611b3ea759
00000361d0a801b9
00000362ebfc2919
000003636380c8f9
0000036522d87759
0000036525a4d159
00000366101b3fd9
000006d2fde5d161
0000000002e2cc71
0000000000000181
0000036e0fce6e79
0000036e3049e7f9
0000036e572e0a59
000006e59e506861
0000000002e2cc71
0000000000000181
0000037506a18579
0000037506a19919
0000037506a1a5f9
0000037506a1d399
00000375a9388af9
000003779cc8dbf9
0000037a84657ef9
000006f83ebaff61
0000000002e2cc71
0000000000000181
0000037eb25ee719
00000380da6084d9
0000070adf259661
0000000002e2cc71
0000000000000181
00000385d9b8ebb9
0000038ab77b9ab9
0000038e6fde63d9
0000071d7f902d61
0000000002e2cc71
0000000000000181
0000038f8ce52439
0000039024129359
000003926bda4459
00000393b0b212d9
000003943d45e379
00000394f6c98139
000007301ffac561
0000000002e2cc71
0000000000000181
00000399ce876dd9
00000399ce876f99
00000399ce877f99
00000742c0655c61
0000000002e2cc71
0000000000000181
00000748b4102f61
0000000002e2cc71
0000000000000181
