[MCS8 A] 97 FW 3.104 SV 1.257 
range=1024
periods=2
sweepmode=27e20d0
fstchan=0
holdafter=0
streamstatus=3
calreg0=0
calreg1=0
calreg2=0
calreg3=0
swpreset=8000        
prena=1
syncout=0
cycles=18
sequences=1
tagbits=16
vdac0=92c
vdac1=807
vdac2=8c8
vdac3=8c8
vdac4=8c8
vdac5=8c8
vdac6=8c8
vdac7=8c8
timepreset=100.000     
digio=0
digval=0
autoinc=0 
savedata=2 
mpafmt=asc
sephead=0 
fmt=asc
smoothpts=5 
[CHN1]
REPORT-FILE from 07/27/2026 16:15:26.665  written 07/27/2026 16:15:26
cmline0=07/27/2026 16:15:26.665 
cmline1=A1
range=1024
active=1
bitshift=4
cftfak=2580100
evpreset=10          
roimin=0
roimax=1000
caloff=0.800000
calfact=12.800000
calfact2=0
calfact3=0
calunit=nsec
caluse=1 
[CHN2]
REPORT-FILE from  written 07/27/2026 16:15:26
cmline1=A2
range=1024
active=0
bitshift=4
cftfak=2580100
evpreset=10          
roimin=0
roimax=1000
caloff=0.800000
calfact=12.800000
calfact2=0
calfact3=0
calunit=nsec
caluse=1 
[CHN3]
REPORT-FILE from  written 07/27/2026 16:15:26
cmline1=A3
range=1024
active=0
bitshift=4
cftfak=2580100
evpreset=10          
roimin=0
roimax=1000
caloff=0.800000
calfact=12.800000
calfact2=0
calfact3=0
calunit=nsec
caluse=1 
[CHN4]
REPORT-FILE from  written 07/27/2026 16:15:26
cmline1=A4
range=1024
active=0
bitshift=4
cftfak=2580100
evpreset=10          
roimin=0
roimax=1000
caloff=0.800000
calfact=12.800000
calfact2=0
calfact3=0
calunit=nsec
caluse=1 
[CHN5]
REPORT-FILE from  written 07/27/2026 16:15:26
cmline1=A5
range=1024
active=0
bitshift=4
cftfak=2580100
evpreset=10          
roimin=0
roimax=1000
caloff=0.800000
calfact=12.800000
calfact2=0
calfact3=0
calunit=nsec
caluse=1 
[CHN6]
REPORT-FILE from  written 07/27/2026 16:15:26
cmline1=A6
range=1024
active=0
bitshift=4
cftfak=2580100
evpreset=10          
roimin=0
roimax=1000
caloff=0.800000
calfact=12.800000
calfact2=0
calfact3=0
calunit=nsec
caluse=1 
[CHN7]
REPORT-FILE from  written 07/27/2026 16:15:26
cmline1=A7
range=1024
active=0
bitshift=4
cftfak=2580100
evpreset=0           
roimin=0
roimax=1000
caloff=0.800000
calfact=12.800000
calfact2=0
calfact3=0
calunit=nsec
caluse=1 
[CHN8]
REPORT-FILE from  written 07/27/2026 16:15:26
cmline1=A8
range=1024
active=0
bitshift=4
cftfak=2580100
evpreset=0           
roimin=0
roimax=1000
caloff=0.800000
calfact=12.800000
calfact2=0
calfact3=0
calunit=nsec
caluse=1 
;MCS8 #97 Sversion=1.257 Fversion=3.68
time_patch=1
;datalength=8 bytes
;bit0..3: channel# 1..8 ( 4 bit)
;bit4: edge 0=up / 1=dn ( 1 bit)
;bit5 ..57: timedata    (53 bit), max sweep length 2001.6 h
;bit58..62: tag0..tag4  ( 5 bit)
;bit63:     data_lost   ( 1 bit)
[DATA]
0000000000000016
00000001565da699
00000002c2057359
00000004551bb759
00000008a8fc21d9
000000096cc81b19
000000096cc81cd9
0000000ab2bd3ad9
0000000c2e2c8a39
0000000d69aeb699
0000000dbe900059
0000000dbe9037f9
000000109873fd99
000000215901dd61
0000000004a04071
0000000000000181
00000011be32d619
0000001437753139
00000018eeb417d9
00000019c95a23f9
00000033f96c7461
0000000004a04071
0000000000000181
0000001e40afe2d9
0000001e8fa866d9
000000206368c659
00000021409b6919
00000021c5ccc259
0000004699d70b61
0000000004a04071
0000000000000181
000000235ee99579
00000025586b84b9
0000002721157119
000000290ead05b9
000000593a41a161
0000000004a04071
0000000000000181
0000002f8463f5f9
00000030825a2cf9
000000308668ae39
00000031cb751159
0000006bdaac3861
0000000004a04071
0000000000000181
0000003661cf5ed9
00000037b2b77779
0000003aa80be239
0000007e7b16ce61
0000000004a04071
0000000000000181
000000404189e679
00000040dafba459
000000435f97f579
00000044c9c79539
00000044c9c7a9b9
000000911b816561
0000000004a04071
0000000000000181
000000495634f619
0000004a2f7046b9
0000004b558bfa99
0000004d7ebd2099
0000004ed1b4e019
0000004f25748319
00000051138abf19
000000a3bbebfc61
0000000004a04071
0000000000000181
000000521b209e79
00000054cc291ad9
00000054cc292239
0000005677790a19
000000b65c569261
0000000004a04071
0000000000000181
0000005b827a2679
0000005dce1be939
0000005f05b6a3d9
000000611de897d9
000000611de89f39
00000061adb461f9
00000062def4e879
00000062fa930079
000000c8fcc12961
0000000004a04071
0000000000000181
00000065c95d1b39
00000065df7c9899
0000006653caaf39
000000685390a059
000000685390a0d9
000000685390a1f9
00000069317724b9
0000006a0efe39f9
0000006a0efe3a79
0000006d18bdb8d9
000000db9d2bc061
0000000004a04071
0000000000000181
0000007157e37c79
0000007157e39159
00000073b6b68019
00000073b6b691d9
00000073b6b69259
00000073b6b69939
00000073b6b6a139
0000007451d2f419
000000763b7edc19
000000ee3d965761
0000000004a04071
0000000000000181
00000077cf006db9
00000079c22b6479
0000007b0b133db9
0000007e5ea81cf9
0000007e5ea82e19
0000007fc2a58839
00000100de00ee61
0000000004a04071
0000000000000181
0000008402415559
00000084024157f9
0000008402415899
000000857ada3ff9
00000085a021fbd9
00000087b12b2519
000001137e6b8461
0000000004a04071
0000000000000181
0000008c5a211739
0000008c5a212ff9
0000008c919cb459
0000008e1f7fb4b9
0000008ee8fa3db9
000000906e06d939
00000090e2f06239
00000091de742939
00000091fb67eb79
00000092661b35f9
000001261ed61b61
0000000004a04071
0000000000000181
000000942a3b7159
00000095f0f76119
00000097792945d9
0000009981ddcfb9
000000999ab11c99
0000009c43790ab9
00000138bf40b261
0000000004a04071
0000000000000181
000000a3e57f7ad9
0000014b5fab4961
0000000004a04071
0000000000000181
000000a8ef7f0bf9
000000ae6e1be8b9
0000015e0015e061
0000000004a04071
0000000000000181
000000affdeb0959
000000affdeb7739
000000b04f366c59
000000b1d703d779
00000170a0807761
0000000004a04071
0000000000000181
000000b97e9f14b9
000000be1508eab9
000000c111868d59
0000018340eb0e61
0000000004a04071
0000000000000181
000000c1bd4ae7d9
000000c61328ce79
000000c739381619
000000c8472a42f9
00000195e155a561
0000000004a04071
0000000000000181
000000cc33e3d739
000000cc5be51459
000000d1345352d9
000000d13453aa19
000000d30e2bf059
000001a881c03c61
0000000004a04071
0000000000000181
000000d43feff9d9
000000d617714999
000000d628aec859
000000d628aed559
000000d9b594e7d9
000001bb222ad361
0000000004a04071
0000000000000181
000000e08f362139
000000e09deb5dd9
000000e2aad405b9
000000e32a012479
000000e3fac33039
000000e5f89496b9
000000e6a6899799
000001cdc2956a61
0000000004a04071
0000000000000181
000000e722312d79
000000e76d556719
000000ea565826f9
000000ee45fcd9f9
000000ee55a250b9
000000efe37c47f9
000001e063000261
0000000004a04071
0000000000000181
000000f2f09d1699
000000f62b09e0f9
000000f64718dd79
000000f8ddf7b539
000000f922223819
000001f3036a9961
0000000004a04071
0000000000000181
000000fc87d3dfd9
000000fc87d41759
000000ff73315a39
00000100dc1208d9
0000010144ea5959
00000101c19a8cf9
00000205a3d53061
0000000004a04071
0000000000000181
00000103eb5893f9
00000104b4e96419
00000105987f8359
00000105987f8c19
0000010a3b2a5039
0000010a3b2a51b9
0000010b3cee1079
0000010bec447c19
00000218443fc761
0000000004a04071
0000000000000181
0000010e77a3be79
00000112d5ad0d39
00000114ff85a719
00000115239e02d9
0000022ae4aa5e61
0000000004a04071
0000000000000181
000001169366e4d9
00000116a6294b19
0000011a63ddd719
0000011d55d6f479
0000011d55d6f639
0000011dfbad0d19
0000011e26939bd9
0000023d8514f561
0000000004a04071
0000000000000181
0000011fa9a683b9
00000121097f3d79
00000121097f3f39
000001223d43fcd9
000001223d445eb9
00000124fecdc3f9
000001257caa8f59
00000250257f8d61
0000000004a04071
0000000000000181
0000012a8f2e44b9
0000012bf104df79
0000012ddfb35b19
00000262c5ea2461
0000000004a04071
0000000000000181
00000132d315a359
000001341e1abc19
0000013665752a19
0000013686f505d9
0000013686f517f9
000001372bf98459
000002756654bb61
0000000004a04071
0000000000000181
0000013bfbc109f9
0000013e66ae6799
00000140748264f9
0000028806bf5261
0000000004a04071
0000000000000181
00000144b880ecb9
000001475f044a79
000001481e931579
00000148dc55f279
00000149b8235419
00000149d8578c59
0000014ac4f2d899
0000014b291987d9
0000029aa729ea61
0000000004a04071
0000000000000181
0000014ed15434b9
0000015107a11d59
000001510ebb57f9
000001510ebb5d19
00000151d7ee5b39
00000152b8734ef9
000001541c62bfb9
0000015579040e19
00000155f7429b99
000002ad47948161
0000000004a04071
0000000000000181
00000157297b3579
0000015845d29259
0000015845d2b579
00000158d5365159
000001595f6bf779
0000015c1e1d14b9
0000015c1e1d2379
000002bfe7ff1861
0000000004a04071
0000000000000181
00000167c560a4f9
00000167e7c9a579
00000168b6f5ef39
000002d28869b061
0000000004a04071
0000000000000181
0000016b79c31f59
0000016bdb80f5b9
0000016fcb3c6d39
0000017138437b19
00000171b909c3b9
000002e528d44761
0000000004a04071
0000000000000181
00000173af277d19
00000174693a8f79
0000017525732fd9
00000176a1abd0d9
00000178ca808079
00000178ca809d39
0000017b46299399
0000017b4629b6f9
000002f7c93ede61
0000000004a04071
0000000000000181
0000017db7f4b4b9
00000181c82cd959
00000181d1b3b2d9
00000181d1b3dff9
000001829db3e579
0000018428983a59
0000030a69a97661
0000000004a04071
0000000000000181
000001857c9278b9
00000189cc4d3639
00000189cc4d5279
0000018c8b3c3319
0000031d0a140d61
0000000004a04071
0000000000000181
0000018f0f859779
0000018f228953f9
0000018f22895d19
0000018fbe4332d9
0000019065330399
0000019755e242b9
0000032faa7ea461
0000000004a04071
0000000000000181
0000019935941c39
0000019cc1a7ad19
0000019cc220dbf9
0000019ce0137099
000003424ae93c61
0000000004a04071
0000000000000181
000001a23ba2cdf9
000001a64df10139
000001a64df101f9
000001a64df108b9
000001a6dc1facd9
000001a6ecae1fb9
000001a7a1942679
000001a8be845eb9
000001a8c1ce3bd9
000001a926b6f159
000001a940c18419
00000354eb53d361
0000000004a04071
0000000000000181
000001add14db639
000001ae7795d779
000001b1e25ef519
000001b1e25f41d9
000001b36d304399
000003678bbe6b61
0000000004a04071
0000000000000181
000001b6e48d5239
000001b762c66759
000001b9945fff59
000001bacd0e7eb9
0000037a2c290261
0000000004a04071
0000000000000181
000001be44d46ab9
000001c441390dd9
000001c595bec079
0000038ccc939a61
0000000004a04071
0000000000000181
000001c6cc890dd9
000001c92cf315d9
0000039f6cfe3161
0000000004a04071
0000000000000181
000001d0a02f4899
000001d0a02fb459
000001d103407639
000001d340c7e699
000001d47dc2e359
000001d518f53499
000001d6965ef339
000001d7acec5e79
000001d7f942cd99
000003b20d68c961
0000000004a04071
0000000000000181
000001dce5b98099
000001dd3dfcdc59
000001ded5b0d819
000003c4add36161
0000000004a04071
0000000000000181
000001e4220f13f9
000001e73120cbb9
000001e74f4114f9
000001e81b519e79
000003d74e3df861
0000000004a04071
0000000000000181
000003e9eea89061
0000000004a04071
0000000000000181
000001f511ef75b9
000001f6686ffbb9
000001f7abb9c539
000001fa4e850119
000001fcba229839
000001fe0c8b6b79
000003fc8f132761
0000000004a04071
0000000000000181
0000020049b8ea39
0000020049b8fad9
00000200fa0f4079
000002014c67c8f9
00000203aba06b39
00000203b4008a59
00000204db1e4cd9
0000040f2f7dbf61
0000000004a04071
0000000000000181
0000020b30f19e39
0000020b70fe19b9
00000421cfe85761
0000000004a04071
0000000000000181
00000212998d9939
00000216a8daec79
0000021700bf6b99
000002177cd28759
000002199e1337d9
000004347052ee61
0000000004a04071
0000000000000181
0000021b21ebd7f9
0000044710bd8661
0000000004a04071
0000000000000181
000002271ee156d9
0000022829004519
0000022b33f507f9
00000459b1281e61
0000000004a04071
0000000000000181
0000022e833163f9
00000234fc8df799
0000023565940f79
0000046c5192b561
0000000004a04071
0000000000000181
00000236d1fe50d9
0000023751239919
000002378cb868f9
00000237bb2c9039
00000238c73e8b59
00000238e4bd96b9
00000238e4bdf2b9
00000239c8d1f5d9
0000023dd59c1239
0000023e463e0d39
0000023f23886739
0000047ef1fd4d61
0000000004a04071
0000000000000181
0000024060305159
0000024060306df9
00000245a26009d9
000002479dc59c19
000004919267e561
0000000004a04071
0000000000000181
00000249188d8699
0000024be1fb15d9
00000251dcdcd139
000004a432d27d61
0000000004a04071
0000000000000181
0000025265a89c99
000002560db05bd9
000004b6d33d1461
0000000004a04071
0000000000000181
0000025cc6536db9
000002608cb65b99
000002608cb662d9
0000026228545699
0000026300c04059
000004c973a7ac61
0000000004a04071
0000000000000181
000002664499ef79
000004dc14124461
0000000004a04071
0000000000000181
0000026e8df09939
0000026e8df099b9
0000026e8df0a099
00000270bd0ec919
00000271b68d2c39
000002764a941a19
000004eeb47cdc61
0000000004a04071
0000000000000181
000002782ed50f39
0000027a45ef8e19
0000027c85ea6e39
0000027ef8e97d19
0000027ef8e993d9
0000050154e77361
0000000004a04071
0000000000000181
000002815655c1d9
000002830b8708f9
0000028488879039
0000028488879d59
000002866a1cbc39
00000289a516ea99
00000513f5520b61
0000000004a04071
0000000000000181
0000028c20873e99
0000028c7da69279
0000028d4e8c1d19
0000028e16784e99
0000028e95a9d8f9
0000028ee3291dd9
000002918954cf59
00000291f26b40b9
00000291f26b4979
00000291f26b5559
00000292e5b8fcd9
0000052695bca361
0000000004a04071
0000000000000181
0000029412431f59
0000029a6139ab19
0000029abc69dfd9
0000029b1360c4d9
0000029b1360d5b9
0000053936273b61
0000000004a04071
0000000000000181
0000029d3f3f89d9
0000029dd6322759
0000054bd691d361
0000000004a04071
0000000000000181
000002a8a900ef79
000002a9bd1dba99
000002ac86ef19b9
000002ac86ef1a59
000002ac86ef1a99
000002ac86ef2119
0000055e76fc6a61
0000000004a04071
0000000000000181
000002afd8d6e059
000002b66ea92b19
0000057117670261
0000000004a04071
0000000000000181
000002ba4e1a7ab9
000002bad6fef979
000002bc6250e279
000002bcdb069039
000002bd085790f9
00000583b7d19a61
0000000004a04071
0000000000000181
000002c6bcf30359
000002c886922899
000002c9c9dab719
00000596583c3261
0000000004a04071
0000000000000181
000002cbc4fee439
000002ccd8f68939
000002cd1f469139
000002cef809f319
000002cef80a0af9
000005a8f8a6ca61
0000000004a04071
0000000000000181
000002d6b678d359
000002d6b678d4f9
000002d71d641759
000002d71d641fb9
000002d7a924fa19
000002da297ce6f9
000002db61383339
000002dd28e01999
000005bb99116261
0000000004a04071
0000000000000181
000005ce397bfa61
0000000004a04071
0000000000000181
000002e98ea89799
000002e9c86b3dd9
000002ebde865b99
000002ee3ee8e679
000005e0d9e69161
0000000004a04071
0000000000000181
000002f34426d0b9
000002f41cf722b9
000002f41cf73a39
000002f43c02d259
000002f463918619
000002f46391a5b9
000002f647376439
000002f67797ec39
000002f6da454a19
000005f37a512961
0000000004a04071
0000000000000181
000002fb10551119
00000301517b9359
0000030153a56b99
00000301a10f6f79
000006061abbc161
0000000004a04071
0000000000000181
00000304909dd9d9
00000305c1796e39
000003063029c919
00000306a53b0c19
00000306dbd11539
000003091cc710b9
000003091cc73bb9
00000618bb265961
0000000004a04071
0000000000000181
0000030ff51c80b9
000003100016c6d9
000003118620b9f9
000003118620cc39
000003118620ebf9
0000062b5b90f161
0000000004a04071
0000000000000181
000003177366c499
000003179bb9c539
000003181f1ee159
00000318a235ce19
00000319756e46d9
000003198e168819
0000031caa4d9259
0000031d16f2e139
0000031dfa3e1cb9
0000031efaa3daf9
0000063dfbfb8961
0000000004a04071
0000000000000181
0000032143ec6fd9
0000032143ec80d9
000003224bcd9219
00000323f8d2b179
000003243c052ff9
00000324f3ff0359
00000325a71f9999
000003271cdf03f9
000006509c662161
0000000004a04071
0000000000000181
00000329b6aae4d9
0000032e0f35e839
00000330ecd31239
000006633cd0b961
0000000004a04071
0000000000000181
0000033460be6a59
0000033745c88139
00000338275cde59
0000033976423c39
0000033a0b1297b9
00000675dd3b5161
0000000004a04071
0000000000000181
0000033aef19de59
0000033ef77d61f9
00000341275c1b39
00000341275c1bb9
00000341275c2279
0000034134a340d9
000003434b269eb9
000006887da5e961
0000000004a04071
0000000000000181
00000344a99f1e39
0000034963c298b9
0000034cc47ddb39
0000034cc47dfa59
0000034cdef3b1d9
0000069b1e108161
0000000004a04071
0000000000000181
000003507b8e6619
000003507b8e7b79
00000351e77374d9
000003527fd18bf9
0000035355b55c99
000006adbe7b1961
0000000004a04071
0000000000000181
000003578f102239
0000035a8421b6d9
0000035bc8b9d319
0000035de9ee87b9
0000035f51ac6e79
000006c05ee5b161
0000000004a04071
0000000000000181
00000362f51e9af9
000003664539f259
00000366b73d3bb9
00000367b9ba4959
00000368ae307419
00000368cb611279
000006d2ff504961
0000000004a04071
0000000000000181
00000369bff01499
0000036ba6cf4039
0000036cafc36179
0000036f403c7579
000006e59fbae161
0000000004a04071
0000000000000181
00000372d79110d9
00000374e29f4b59
00000375f90f4579
00000378a310bd79
000003790d616979
0000037b2d6dd439
000006f840257961
0000000004a04071
0000000000000181
00000380d6438359
000003853d2b77b9
000003854df4d419
0000070ae0901161
0000000004a04071
0000000000000181
00000386e4ea9279
000003870ab488f9
0000038801ec2b19
00000388f3dec539
00000389cbc805d9
0000038e92e89999
0000071d80faa961
0000000004a04071
0000000000000181
00000396f0c09259
00000396f0c0a599
0000073021654161
0000000004a04071
0000000000000181
0000039817adec79
0000039bf65d8b79
00000742c1cfd961
0000000004a04071
0000000000000181
000003a38d374639
0000074852a23461
0000000004a04071
0000000000000181
