[MCS8 A] 97 FW 3.104 SV 1.257 
range=1024
periods=2
sweepmode=27e20d0
fstchan=0
holdafter=0
streamstatus=3
calreg0=0
calreg1=0
calreg2=0
calreg3=0
swpreset=8000        
prena=1
syncout=0
cycles=18
sequences=1
tagbits=16
vdac0=92c
vdac1=807
vdac2=8c8
vdac3=8c8
vdac4=8c8
vdac5=8c8
vdac6=8c8
vdac7=8c8
timepreset=150.000     
digio=0
digval=0
autoinc=0 
savedata=2 
mpafmt=asc
sephead=0 
fmt=asc
smoothpts=5 
[CHN1]
REPORT-FILE from 07/27/2026 13:04:02.385  written 07/27/2026 13:04:02
cmline0=07/27/2026 13:04:02.385 
cmline1=A1
range=1024
active=1
bitshift=4
cftfak=2580100
evpreset=10          
roimin=0
roimax=1000
caloff=0.800000
calfact=12.800000
calfact2=0
calfact3=0
calunit=nsec
caluse=1 
[CHN2]
REPORT-FILE from  written 07/27/2026 13:04:02
cmline1=A2
range=1024
active=0
bitshift=4
cftfak=2580100
evpreset=10          
roimin=0
roimax=1000
caloff=0.800000
calfact=12.800000
calfact2=0
calfact3=0
calunit=nsec
caluse=1 
[CHN3]
REPORT-FILE from  written 07/27/2026 13:04:02
cmline1=A3
range=1024
active=0
bitshift=4
cftfak=2580100
evpreset=10          
roimin=0
roimax=1000
caloff=0.800000
calfact=12.800000
calfact2=0
calfact3=0
calunit=nsec
caluse=1 
[CHN4]
REPORT-FILE from  written 07/27/2026 13:04:02
cmline1=A4
range=1024
active=0
bitshift=4
cftfak=2580100
evpreset=10          
roimin=0
roimax=1000
caloff=0.800000
calfact=12.800000
calfact2=0
calfact3=0
calunit=nsec
caluse=1 
[CHN5]
REPORT-FILE from  written 07/27/2026 13:04:02
cmline1=A5
range=1024
active=0
bitshift=4
cftfak=2580100
evpreset=10          
roimin=0
roimax=1000
caloff=0.800000
calfact=12.800000
calfact2=0
calfact3=0
calunit=nsec
caluse=1 
[CHN6]
REPORT-FILE from  written 07/27/2026 13:04:02
cmline1=A6
range=1024
active=0
bitshift=4
cftfak=2580100
evpreset=10          
roimin=0
roimax=1000
caloff=0.800000
calfact=12.800000
calfact2=0
calfact3=0
calunit=nsec
caluse=1 
[CHN7]
REPORT-FILE from  written 07/27/2026 13:04:02
cmline1=A7
range=1024
active=0
bitshift=4
cftfak=2580100
evpreset=0           
roimin=0
roimax=1000
caloff=0.800000
calfact=12.800000
calfact2=0
calfact3=0
calunit=nsec
caluse=1 
[CHN8]
REPORT-FILE from  written 07/27/2026 13:04:02
cmline1=A8
range=1024
active=0
bitshift=4
cftfak=2580100
evpreset=0           
roimin=0
roimax=1000
caloff=0.800000
calfact=12.800000
calfact2=0
calfact3=0
calunit=nsec
caluse=1 
;MCS8 #97 Sversion=1.257 Fversion=3.68
time_patch=1
;datalength=8 bytes
;bit0..3: channel# 1..8 ( 4 bit)
;bit4: edge 0=up / 1=dn ( 1 bit)
;bit5 ..57: timedata    (53 bit), max sweep length 2001.6 h
;bit58..62: tag0..tag4  ( 5 bit)
;bit63:     data_lost   ( 1 bit)
[DATA]
0000000000000016
0000000067c86f99
00000005a2f2e8f9
0000002157321061
000000000250d071
0000000000000181
00000033f79cae61
000000000250d071
0000000000000181
0000001adc37e3f9
0000001c396064d9
0000001d895810f9
0000001f257c7939
0000002298ab2639
0000004698074b61
000000000250d071
0000000000000181
000000264605acf9
000000289823dc79
000000292eb20559
000000593871e861
000000000250d071
0000000000000181
0000002f0e74c419
00000034d6d8c319
0000006bd8dc8561
000000000250d071
0000000000000181
0000003786fcc619
0000007e79472261
000000000250d071
0000000000000181
0000003feba7d639
0000003feba7e259
0000003ff08003d9
0000003ff0801759
00000040866fe699
000000418df4e5d9
00000044d12a7259
00000046c3bc53d9
0000009119b1c061
000000000250d071
0000000000000181
00000048dddec239
000000514b967379
000000a3ba1c5d61
000000000250d071
0000000000000181
000000533e9286d9
00000058f6615af9
000000b65a86fa61
000000000250d071
0000000000000181
0000005c2b3054d9
0000005cf7f3e379
0000005e6f575999
000000615a8766f9
000000c8faf19861
000000000250d071
0000000000000181
0000006610afe519
00000069039d3a19
00000069039d6099
0000006a78575a79
0000006be4324339
000000db9b5c3561
000000000250d071
0000000000000181
000000ee3bc6d361
000000000250d071
0000000000000181
00000100dc317061
000000000250d071
0000000000000181
000000829b0efe79
00000082a3c56ad9
000000851281f999
000000870aa50979
000001137c9c0d61
000000000250d071
0000000000000181
0000008c7ca14839
0000008e2f870a19
0000008ee66a13d9
000000903487f679
000001261d06ab61
000000000250d071
0000000000000181
00000098cea09299
00000138bd714961
000000000250d071
0000000000000181
0000009e565b2a39
000000a501baae19
000000a501bb12d9
0000014b5ddbe661
000000000250d071
0000000000000181
000000a757f290b9
000000adb24dc979
0000015dfe468461
000000000250d071
0000000000000181
000000b0ed12a6d9
000000b396d05379
000000b3d3a64859
000001709eb12161
000000000250d071
0000000000000181
000001833f1bbf61
000000000250d071
0000000000000181
00000195df865d61
000000000250d071
0000000000000181
000000cb3ea1c679
000000ce7d389d39
000001a87ff0fa61
000000000250d071
0000000000000181
000000da70d21a39
000000dcbd1a7159
000001bb205b9861
000000000250d071
0000000000000181
000000e13d86c899
000000e5888cdc39
000001cdc0c63661
000000000250d071
0000000000000181
000000ed43435439
000000ede162fcd9
000000ede162fd59
000000efddc8f679
000001e06130d361
000000000250d071
0000000000000181
000000f3325f4ad9
000000f517e221d9
000001f3019b7161
000000000250d071
0000000000000181
000000fa1eab6359
000000fff27ee2d9
00000205a2060f61
000000000250d071
0000000000000181
000002184270ad61
000000000250d071
0000000000000181
0000010f04c5f639
000001107283a5f9
0000022ae2db4b61
000000000250d071
0000000000000181
00000119aba9ead9
0000011a6cbb4f99
0000011a9b2c16f9
0000011a9b2c2a19
0000011a9b2c2c39
0000011bfff81399
0000011c03a282b9
0000011dd2e5b4f9
0000023d8345e961
000000000250d071
0000000000000181
00000122fe9c15d9
00000122fe9c1d39
000001239e33ee79
000001239e33f5b9
0000025023b08661
000000000250d071
0000000000000181
00000262c41b2461
000000000250d071
0000000000000181
00000132ee4278b9
00000134a73f9dd9
0000013a0b755cb9
000002756485c261
000000000250d071
0000000000000181
00000142fa054599
0000014395c46379
0000028804f06061
000000000250d071
0000000000000181
000001443fb6b379
00000146c6c1cc79
0000029aa55afe61
000000000250d071
0000000000000181
000001523d7e4d59
00000156157d1899
00000156157d3899
000001569398dd39
000002ad45c59c61
000000000250d071
0000000000000181
0000015b569262b9
0000015c54f5fd59
000002bfe6303a61
000000000250d071
0000000000000181
00000160f19ea199
00000160f19eaf59
00000165d664ab99
000002d2869ad861
000000000250d071
0000000000000181
0000016eba96c359
0000016f069ff999
0000016f06a01b39
000001728bfcd0d9
000002e527057661
000000000250d071
0000000000000181
00000172e9a52cd9
0000017389f47ad9
00000173d4958af9
0000017679c01519
0000017679c06959
00000176c359b419
00000178d05d9a39
0000017b0bebf0f9
000002f7c7701461
000000000250d071
0000000000000181
0000017cd26b1b99
0000017cd26b1d79
0000017cd26b2939
0000017db006dfb9
0000018088717dd9
00000182935cbdb9
0000030a67dab261
000000000250d071
0000000000000181
00000185cb131b99
00000188cdc93239
0000018a1cdad4f9
0000031d08455061
000000000250d071
0000000000000181
000001907859a959
0000019631c5d839
0000032fa8afee61
000000000250d071
0000000000000181
0000019887663199
0000019887669879
0000019887669cf9
000001997387dfb9
0000019e564daf39
000001a0116f3819
00000342491a8c61
000000000250d071
0000000000000181
000001a33dc073b9
000001a33dc0da99
000001a5cbc9b439
000001a636041139
000001a636048cb9
00000354e9852a61
000000000250d071
0000000000000181
000001ac0da20519
000001ae775f0719
000001b0490dfb39
000001b0490e48f9
000001b088497879
0000036789efc961
000000000250d071
0000000000000181
000001b7b0702f59
000001b7b0703259
000001b93b540a39
0000037a2a5a6761
000000000250d071
0000000000000181
000001bf3cc3c399
000001bf3cc3d6d9
0000038ccac50561
000000000250d071
0000000000000181
000001cef6ed71d9
0000039f6b2fa361
000000000250d071
0000000000000181
000001d017fde9f9
000001d249d87299
000001d2b9a142f9
000001d39c386799
000001d39c38b679
000003b20b9a4161
000000000250d071
0000000000000181
000001dcbe151a99
000001e12d170bd9
000001e1ec5386d9
000003c4ac04df61
000000000250d071
0000000000000181
000001e2e867fbd9
000001e7e6dcaa59
000003d74c6f7d61
000000000250d071
0000000000000181
000001ec5504da99
000001ed2628a419
000001edc05a8979
000003e9ecda1b61
000000000250d071
0000000000000181
000001f994cca3f9
000001fc4a663cd9
000003fc8d44b961
000000000250d071
0000000000000181
000002009728f9b9
00000200ef186859
00000201719881b9
0000020171989959
00000201ea4fd959
00000202de7d6cf9
000002037f524a59
0000040f2daf5761
000000000250d071
0000000000000181
0000020935ac2ab9
0000020bfc9e3459
0000020d6b18f139
0000021026c313b9
00000421ce19f661
000000000250d071
0000000000000181
0000021532bebbb9
000002170fbed3b9
000004346e849461
000000000250d071
0000000000000181
0000021b96d75c39
000004470eef3261
000000000250d071
0000000000000181
0000022397e1a5f9
0000022397e1a7d9
0000022397e1a859
0000022397e1af39
0000022397e1baf9
00000229914a3c99
0000022c2300ec19
00000459af59d061
000000000250d071
0000000000000181
0000022ffd8068d9
00000231b03cce19
00000232113128d9
0000023465647679
0000046c4fc46e61
000000000250d071
0000000000000181
0000023d93976619
0000047ef02f0c61
000000000250d071
0000000000000181
000002427fde0499
00000243dbe611f9
00000246617bdbd9
000004919099aa61
000000000250d071
0000000000000181
0000024f0998fc59
000004a431044861
000000000250d071
0000000000000181
00000255589afbd9
0000025aec1f55b9
000004b6d16ee661
000000000250d071
0000000000000181
0000026412fee779
000004c971d98461
000000000250d071
0000000000000181
000002667ae4b419
00000266f573b0f9
00000266f573c899
0000026a72def179
0000026d0f1fc419
000004dc12442161
000000000250d071
0000000000000181
0000027273b00d59
0000027686f43779
000004eeb2aebf61
000000000250d071
0000000000000181
0000050153195d61
000000000250d071
0000000000000181
000002810c2b7a39
000002849f3c7059
00000286f9e8b359
00000288592048f9
00000513f383fb61
000000000250d071
0000000000000181
0000028d9180c859
0000028d948602b9
0000052693ee9961
000000000250d071
0000000000000181
0000053934593761
000000000250d071
0000000000000181
000002a2797fce79
000002a3b28c1419
000002a3b28c2439
000002a3b28c24b9
000002a3b28c2b99
0000054bd4c3d561
000000000250d071
0000000000000181
000002a76c27eab9
000002a76c285599
000002ae9b0618d9
0000055e752e7361
000000000250d071
0000000000000181
000002b055650f79
000002b3467f9319
000002b8401224f9
0000057115991161
000000000250d071
0000000000000181
000002b97369f999
000002bd36c26719
000002be1b3864d9
000002be1b387839
00000583b603af61
000000000250d071
0000000000000181
000002c304351899
000002c3b7d20519
000002c5f7822099
000002c7dfb66299
000002c888cf1cd9
000002c90328b019
00000596566e4d61
000000000250d071
0000000000000181
000002cb3b510c59
000002cb3b511ad9
000002d3b177d799
000005a8f6d8ea61
000000000250d071
0000000000000181
000002dbc3a64a19
000005bb97438861
000000000250d071
0000000000000181
000002e46eddb4d9
000005ce37ae2661
000000000250d071
0000000000000181
000002ea39d2c8f9
000002eb0b6257b9
000002ebe0985259
000005e0d818c461
000000000250d071
0000000000000181
000002f24223e6b9
000002f419c51af9
000002f419c51cf9
000005f378836261
000000000250d071
0000000000000181
000002fa1361a659
000002fe687fcdf9
000002fffe1f5439
00000302977d25b9
0000060618ee0061
000000000250d071
0000000000000181
00000304296cbcd9
00000304a8c84ef9
0000030631433a59
0000030631435379
0000030673404959
0000030a02a8b839
00000618b9589e61
000000000250d071
0000000000000181
00000312b6808719
00000312b6809b19
000003159c55a439
00000315a606f519
0000062b59c33c61
000000000250d071
0000000000000181
000003191cd412d9
000003191cd42899
0000031b45cce679
0000031c939c3c19
0000031c939c86d9
0000063dfa2dd961
000000000250d071
0000000000000181
000006509a987761
000000000250d071
0000000000000181
00000329015e0c59
0000032f1816c459
00000330b9f009b9
000006633b031561
000000000250d071
0000000000000181
00000333ce206659
00000335f946b679
000003362c100e99
00000675db6db361
000000000250d071
0000000000000181
0000033ba21fc859
0000033ff56f1a39
0000034000f6ce99
000003410825ec59
00000341c191bed9
000006887bd85161
000000000250d071
0000000000000181
0000034a3258e2d9
0000034b51e49c59
0000069b1c42ee61
000000000250d071
0000000000000181
000003511b802399
000003517e930bf9
000003557a739bb9
000006adbcad8c61
000000000250d071
0000000000000181
0000035732392a79
0000035a404d2ad9
000006c05d182a61
000000000250d071
0000000000000181
00000362794b0e59
000003639cdef419
000006d2fd82c861
000000000250d071
0000000000000181
0000036b43acba39
0000037011e11c59
000006e59ded6561
000000000250d071
0000000000000181
00000373883d9ab9
000003743adb0a19
0000037870286819
00000379d55590b9
0000037bad877e19
000006f83e580361
000000000250d071
0000000000000181
00000381dba22a99
000003852da47559
0000070adec2a161
000000000250d071
0000000000000181
0000038968b981d9
0000071d7f2d3f61
000000000250d071
0000000000000181
00000391633c2999
00000392fec51e99
000007301f97dc61
000000000250d071
0000000000000181
0000039c1cfa0779
000003a0a0755419
00000742c0027a61
000000000250d071
0000000000000181
000003a5351c8619
000003a7c827a699
00000755606d1861
000000000250d071
0000000000000181
000003aaf391b9d9
000003aea2574c59
000003af69667559
000003b1726a1e79
0000076800d7b661
000000000250d071
0000000000000181
000003b5c5ca0e59
000003b860857959
0000077aa1425361
000000000250d071
0000000000000181
000003c59f88a799
0000078d41acf161
000000000250d071
0000000000000181
000003c8a265ab59
000003cca339d119
0000079fe2178f61
000000000250d071
0000000000000181
000007b282822c61
000000000250d071
0000000000000181
000003dc17e70539
000007c522ecca61
000000000250d071
0000000000000181
000003e3575391d9
000007d7c3576761
000000000250d071
0000000000000181
000003ef8f2ee5b9
000003f1f30c4739
000003f208174d39
000003f2f55d0639
000007ea63c20561
000000000250d071
0000000000000181
000003f87ba20b59
000003f87e046539
000003facf5b9659
000003fe3fb7f7b9
000007fd042ca361
000000000250d071
0000000000000181
00000400c0e25199
0000080fa4974061
000000000250d071
0000000000000181
000008224501de61
000000000250d071
0000000000000181
00000418d53f4f59
00000834e56c7b61
000000000250d071
0000000000000181
00000420f30767d9
000004230e430ed9
0000084785d71961
000000000250d071
0000000000000181
00000424d8d98919
00000427b3ba93d9
00000427b3ba9459
00000427b3ba9579
000004281854c159
000004281854dbd9
000004296151adb9
000004296151ebb9
0000085a2641b661
000000000250d071
0000000000000181
000004300c719d79
0000043540f27b19
000004358a0a3f99
0000086cc6ac5461
000000000250d071
0000000000000181
0000043664d48a39
00000437f5ad0af9
00000437f5ad0b79
000004380a473399
0000043970b83e99
0000043c3dc39b19
0000043eb7c0da39
0000043f8f778979
0000087f6716f161
000000000250d071
0000000000000181
0000044617d92f99
0000044857c4b819
0000089207818f61
000000000250d071
0000000000000181
00000451865adfb9
000008a4a7ec2c61
000000000250d071
0000000000000181
000004573c0c62f9
00000457abf94d19
0000045b31c8d5b9
000008b74856ca61
000000000250d071
0000000000000181
0000045d8fc3b819
0000045de8ed34f9
0000045f892f8c59
0000045f892ffd39
000004648461b499
000008c9e8c16761
000000000250d071
0000000000000181
000004656a6cdeb9
0000046908798fb9
0000046a301f4bd9
0000046ce2476f19
000008dc892c0561
000000000250d071
0000000000000181
0000046ef1e0f319
00000473ccd6ed59
0000047579827e79
000008ef2996a261
000000000250d071
0000000000000181
0000047878353af9
0000047878355019
00000478783556b9
000004787973a9d9
0000047af29054b9
0000047af2905559
0000047af2905579
0000047af2905c19
0000047af2906e19
0000047af290ccb9
0000047bf72c1e59
0000047c22eef039
0000047da8b8c959
0000047e5fdb0899
00000901ca014061
000000000250d071
0000000000000181
00000483bc30c919
0000048561f6b7d9
0000048561f6c5b9
00000486e965e6d9
000004881200d479
00000488120120f9
000009146a6bdd61
000000000250d071
0000000000000181
0000048d1a438419
00000492386f8659
000009270ad67b61
000000000250d071
0000000000000181
00000494f42f6119
000004975eb2a919
00000939ab411861
000000000250d071
0000000000000181
0000049d57af0839
0000049d57af11d9
0000094c4babb561
000000000250d071
0000000000000181
000004acc47a5039
000004ad3ee3b2f9
0000095eec165361
000000000250d071
0000000000000181
000004b261416e19
000004b3734047d9
000004b5210b6039
000004b8214460f9
000009718c80f061
000000000250d071
0000000000000181
000004bc7f5a5599
000004beb58731d9
000009842ceb8d61
000000000250d071
0000000000000181
000004c61af2c099
000004c6e48a2bd9
000004cb5ab28539
00000996cd562a61
000000000250d071
0000000000000181
000004d430ae7779
000009a96dc0c861
000000000250d071
0000000000000181
000004dbd908e259
000009bc0e2b6561
000000000250d071
0000000000000181
000004e0a5d4e9f9
000004e5e91a9f59
000009ceae960261
000000000250d071
0000000000000181
000004e91be96bf9
000004eaadef1ed9
000004ed4678b219
000004f08178bcd9
000009e14f009f61
000000000250d071
0000000000000181
000004f263478c39
000004f4456affb9
000009f3ef6b3d61
000000000250d071
0000000000000181
000004fdb2231a39
000004fe7fdc9cf9
000004ffdd5c1dd9
000004ffdd5c3599
00000a068fd5da61
000000000250d071
0000000000000181
00000a1930407761
000000000250d071
0000000000000181
00000510b58e3079
0000051101108119
00000511fde63b19
00000a2bd0ab1461
000000000250d071
0000000000000181
0000051886d67639
00000518f41e0299
0000051eaecd5af9
00000a3e7115b161
000000000250d071
0000000000000181
000005212b1a8cf9
00000523b00e42b9
00000527d5940699
00000a5111804e61
000000000250d071
0000000000000181
0000052a025dafd9
0000052cac278459
0000052de3db5b59
0000052ef4d82419
0000052fb0707ab9
0000052fbcbca0f9
0000053037db3d59
00000a63b1eaeb61
000000000250d071
0000000000000181
00000532ef616719
000005350c61faf9
000005392b432459
00000539d6f619d9
00000539d6f61b99
00000a7652558861
000000000250d071
0000000000000181
0000053b672b6b99
00000543874bacd9
00000a88f2c02561
000000000250d071
0000000000000181
0000054638b14979
0000054638b156f9
00000547d368a8d9
00000548a9fd1779
0000054c52ad4ed9
0000054cfe2a64b9
00000a9b932ac261
000000000250d071
0000000000000181
0000054e8bde7c99
0000054f5e0859b9
00000aae33956061
000000000250d071
0000000000000181
0000055c6d27b379
0000055d0d23d619
0000055e7b6bbdd9
000005604e0c4719
00000ac0d3fffc61
000000000250d071
0000000000000181
000005609fb64a59
000005635ee526d9
00000ad3746a9961
000000000250d071
0000000000000181
000005723ff07f79
00000ae614d53661
000000000250d071
0000000000000181
00000574c0fd63d9
00000576582d73b9
00000aed1583e261
000000000250d071
0000000000000181
