[MCS8 A] 97 FW 3.104 SV 1.257 
range=1024
periods=2
sweepmode=27e20d0
fstchan=0
holdafter=0
streamstatus=3
calreg0=0
calreg1=0
calreg2=0
calreg3=0
swpreset=8000        
prena=1
syncout=0
cycles=18
sequences=1
tagbits=16
vdac0=92c
vdac1=807
vdac2=8c8
vdac3=8c8
vdac4=8c8
vdac5=8c8
vdac6=8c8
vdac7=8c8
timepreset=100.000     
digio=0
digval=0
autoinc=0 
savedata=2 
mpafmt=asc
sephead=0 
fmt=asc
smoothpts=5 
[CHN1]
REPORT-FILE from 07/27/2026 15:40:11.267  written 07/27/2026 15:40:11
cmline0=07/27/2026 15:40:11.267 
cmline1=A1
range=1024
active=1
bitshift=4
cftfak=2580100
evpreset=10          
roimin=0
roimax=1000
caloff=0.800000
calfact=12.800000
calfact2=0
calfact3=0
calunit=nsec
caluse=1 
[CHN2]
REPORT-FILE from  written 07/27/2026 15:40:11
cmline1=A2
range=1024
active=0
bitshift=4
cftfak=2580100
evpreset=10          
roimin=0
roimax=1000
caloff=0.800000
calfact=12.800000
calfact2=0
calfact3=0
calunit=nsec
caluse=1 
[CHN3]
REPORT-FILE from  written 07/27/2026 15:40:11
cmline1=A3
range=1024
active=0
bitshift=4
cftfak=2580100
evpreset=10          
roimin=0
roimax=1000
caloff=0.800000
calfact=12.800000
calfact2=0
calfact3=0
calunit=nsec
caluse=1 
[CHN4]
REPORT-FILE from  written 07/27/2026 15:40:11
cmline1=A4
range=1024
active=0
bitshift=4
cftfak=2580100
evpreset=10          
roimin=0
roimax=1000
caloff=0.800000
calfact=12.800000
calfact2=0
calfact3=0
calunit=nsec
caluse=1 
[CHN5]
REPORT-FILE from  written 07/27/2026 15:40:11
cmline1=A5
range=1024
active=0
bitshift=4
cftfak=2580100
evpreset=10          
roimin=0
roimax=1000
caloff=0.800000
calfact=12.800000
calfact2=0
calfact3=0
calunit=nsec
caluse=1 
[CHN6]
REPORT-FILE from  written 07/27/2026 15:40:11
cmline1=A6
range=1024
active=0
bitshift=4
cftfak=2580100
evpreset=10          
roimin=0
roimax=1000
caloff=0.800000
calfact=12.800000
calfact2=0
calfact3=0
calunit=nsec
caluse=1 
[CHN7]
REPORT-FILE from  written 07/27/2026 15:40:11
cmline1=A7
range=1024
active=0
bitshift=4
cftfak=2580100
evpreset=0           
roimin=0
roimax=1000
caloff=0.800000
calfact=12.800000
calfact2=0
calfact3=0
calunit=nsec
caluse=1 
[CHN8]
REPORT-FILE from  written 07/27/2026 15:40:11
cmline1=A8
range=1024
active=0
bitshift=4
cftfak=2580100
evpreset=0           
roimin=0
roimax=1000
caloff=0.800000
calfact=12.800000
calfact2=0
calfact3=0
calunit=nsec
caluse=1 
;MCS8 #97 Sversion=1.257 Fversion=3.68
time_patch=1
;datalength=8 bytes
;bit0..3: channel# 1..8 ( 4 bit)
;bit4: edge 0=up / 1=dn ( 1 bit)
;bit5 ..57: timedata    (53 bit), max sweep length 2001.6 h
;bit58..62: tag0..tag4  ( 5 bit)
;bit63:     data_lost   ( 1 bit)
[DATA]
0000000000000016
00000000047a6ab9
00000005517902f9
00000007017cd3b9
0000000be09d6859
0000000cd0377799
0000001029317759
0000002157e11361
0000000003287471
0000000000000181
0000001187f970f9
000000121e369f99
00000012bacbe999
000000162d67d1b9
00000033f84bab61
0000000003287471
0000000000000181
0000001c18ff0939
0000004698b64261
0000000003287471
0000000000000181
00000029b28ce3f9
0000002a05ff3039
000000593920d961
0000000003287471
0000000000000181
0000003121340cf9
0000006bd98b7161
0000000003287471
0000000000000181
0000003b40bb1d59
0000003c22318039
0000003d89016db9
0000007e79f60861
0000000003287471
0000000000000181
0000003ff89405d9
00000040e8566ad9
000000420d3b2619
00000044cda66b19
00000044cda69019
00000044d0559ef9
00000044f3ae9fb9
000000471a705bf9
000000476cab3e79
000000476cab3f19
0000004828c141b9
000000487070d379
000000911a60a061
0000000003287471
0000000000000181
0000004b111c98b9
0000004f65d79d79
0000004fa43a8839
000000a3bacb3761
0000000003287471
0000000000000181
000000562b0d2379
00000056c42f0699
0000005879988959
000000b65b35cf61
0000000003287471
0000000000000181
0000005e8b234ab9
0000005f444fe559
000000630fe05a39
000000c8fba06661
0000000003287471
0000000000000181
00000066c265ecd9
00000066e55b3f99
0000006a70cd2559
0000006a9f9cc559
000000db9c0afe61
0000000003287471
0000000000000181
0000006dd3de8219
00000072d3d81e59
000000730e8eedf9
00000074198e21b9
000000756309b6b9
00000076d4449e59
00000076d444b4b9
000000ee3c759561
0000000003287471
0000000000000181
0000007b06897e99
0000007c13509cf9
00000100dce02d61
0000000003287471
0000000000000181
0000008499acdff9
00000084ddd00df9
00000087bf069979
00000087d6936079
000001137d4ac461
0000000003287471
0000000000000181
0000008ae02dd119
0000008bbb98b0f9
0000008bdfd86fb9
0000008bdfd88219
000001261db55c61
0000000003287471
0000000000000181
000000941842a779
00000094fb76c239
0000009612ec5a59
0000009a8a31fa39
00000138be1ff361
0000000003287471
0000000000000181
0000009d6d60e7b9
0000009e158c2e99
000000a2709943d9
000000a270994559
0000014b5e8a8b61
0000000003287471
0000000000000181
000000a65ab83b99
000000a8d4209f79
000000aa32ddec59
000000aa32ddfdf9
000000aab848e5d9
0000015dfef52261
0000000003287471
0000000000000181
000000b18aeba059
000000b25e35deb9
000000b344848a79
000000b566db42f9
000000b688006f59
000000b7ff4e5b59
000001709f5fba61
0000000003287471
0000000000000181
000000b885df0539
000000bba3a75159
000000bce3afc759
000000be339ded19
000000bf80117899
000001833fca5261
0000000003287471
0000000000000181
000000c1caffac19
000000c2a87b5879
000000c384c60199
000000c820709519
00000195e034e961
0000000003287471
0000000000000181
000000cdf4a61879
000000cdf4a61e59
000000cdf4a625b9
000000ce34161dd9
000000cea031b6b9
000001a8809f8161
0000000003287471
0000000000000181
000000da82181c39
000001bb210a1861
0000000003287471
0000000000000181
000000ddb88a12d9
000000dfe6f9d579
000000dfe6f9e819
000000e06a569819
000000e08524f959
000000e1347e3df9
000000e1347e4b39
000000e13ebcf399
000000e5a212fb59
000000e5eec42a79
000001cdc174b061
0000000003287471
0000000000000181
000000e6f7dccf79
000000e72ef4caf9
000000eb23869ed9
000000f024073879
000001e061df4861
0000000003287471
0000000000000181
000000f20ee52939
000000f57193ccf9
000000f6ddb08df9
000000f757bd3dd9
000000f94fa019d9
000001f30249df61
0000000003287471
0000000000000181
000000fadd6e9eb9
000000fea37f3679
000000ffc80ffcd9
0000010051bd9459
00000100bbd199f9
00000100d0820519
00000205a2b47761
0000000003287471
0000000000000181
00000102f9419299
00000104375aacb9
00000104a8a525d9
000001053a292a19
00000106aa84a159
00000108213fbcd9
00000108213fbe59
0000010a09f83b39
0000010b66403a59
00000218431f0f61
0000000003287471
0000000000000181
0000010c2e8acdd9
0000010c31015779
00000111a5f7a0b9
00000115330a6a99
0000022ae389a661
0000000003287471
0000000000000181
00000115946ad7f9
000001160b8a7b19
0000011676ca5df9
00000117440d8959
000001187a2fcf59
0000011e7a864379
0000023d83f43e61
0000000003287471
0000000000000181
0000011fd6904759
000001220310ef79
0000012203110999
000001224c351ab9
000001247464af39
00000124ac289ef9
00000127430fb3f9
00000250245ed661
0000000003287471
0000000000000181
000001291fb11879
00000129db031519
0000012a8a2b4999
0000012a9acebdd9
0000012bdb439d39
0000012d7e654b99
0000012e98c57179
000001301bc87779
00000130ab228939
00000262c4c96d61
0000000003287471
0000000000000181
000001322422aff9
00000132461f5b19
0000013311752739
000001384f6f8499
000001388cf052b9
0000013a32c3edf9
0000027565340561
0000000003287471
0000000000000181
0000013cf8d42ed9
0000014396297319
00000288059e9d61
0000000003287471
0000000000000181
000001474f7c5df9
0000014b67827e19
0000014c5c3abd59
0000029aa6093561
0000000003287471
0000000000000181
0000015422706899
000002ad4673cc61
0000000003287471
0000000000000181
00000158b0282859
000002bfe6de6461
0000000003287471
0000000000000181
000001610bb89099
00000161fcdcc019
0000016245f41a39
00000162c9d4f559
00000164bc5493f9
00000164e73c5479
000001664df0c439
00000168061be999
000002d28748fc61
0000000003287471
0000000000000181
00000171f9a62179
000002e527b39461
0000000003287471
0000000000000181
000001755edcf139
000001774f8dbb79
000001774f8dd679
000001774f8e7999
0000017817f7de79
0000017af21992f9
000002f7c81e2b61
0000000003287471
0000000000000181
0000017c2c5c96b9
0000017c74328db9
0000017d6dbf35f9
0000017dc13eab79
00000180a01659f9
0000030a6888c361
0000000003287471
0000000000000181
00000186bc69f5d9
00000187477d5239
00000188b9f322b9
0000018a1645b279
0000018b2b446af9
0000018cee7f1cb9
0000031d08f35b61
0000000003287471
0000000000000181
00000191379fec39
0000019256ea5ab9
00000193998e7f59
00000193c5375c79
0000032fa95df361
0000000003287471
0000000000000181
0000034249c88b61
0000000003287471
0000000000000181
000001a323f50b79
000001a3750fab19
000001a45fcf2cd9
000001a45fcf3b19
000001a5ab2d5c79
000001a8263cb259
000001a8aa572879
00000354ea332361
0000000003287471
0000000000000181
000001ab0fa2a0f9
000001add6edb699
000001add6edb879
000001aede15adb9
000001af3927f419
000001b0e66e9859
000003678a9dba61
0000000003287471
0000000000000181
000001b6a6259df9
000001b8fd52b8b9
0000037a2b085261
0000000003287471
0000000000000181
000001c235a59fb9
000001c235a5f5f9
0000038ccb72ea61
0000000003287471
0000000000000181
000001c7a9163239
000001ca4bdc1699
000001cc9afde239
000001cd87a52179
000001cf91485499
0000039f6bdd8261
0000000003287471
0000000000000181
000001d128628179
000001d6de390d19
000001d833049b59
000003b20c481a61
0000000003287471
0000000000000181
000001d965612b59
000001d98bae3ab9
000001df13937fd9
000003c4acb2b261
0000000003287471
0000000000000181
000001e294d81bb9
000001e538ccc819
000001e65928b2f9
000001e65928c479
000001e895563bf9
000001e96b8b9b39
000001e9c81e0bd9
000003d74d1d4a61
0000000003287471
0000000000000181
000001ecb691b4b9
000001ed16a9ce19
000001ee76dce519
000001ee76dcee19
000001f02fd412b9
000001f233cfff39
000001f4dd8b37f9
000003e9ed87e261
0000000003287471
0000000000000181
000001f6bd4daff9
000001f867daf6d9
000001fa0fbf5c99
000001fc651550d9
000001fc9b125a19
000001fd02d72659
000003fc8df27961
0000000003287471
0000000000000181
0000020089c7fef9
000002049ae8d439
00000205790c4739
00000205790c5739
00000205790c57b9
00000206700e5d39
0000040f2e5d1161
0000000003287471
0000000000000181
00000421cec7a961
0000000003287471
0000000000000181
00000215b2e9c099
000002188bcf2259
000004346f324161
0000000003287471
0000000000000181
0000021b199fc1f9
0000021b38c52a59
0000021c2a10b0b9
000004470f9cd961
0000000003287471
0000000000000181
00000223dd56d159
0000022571563739
000002271fc67f79
0000022ccf59e5d9
00000459b0077161
0000000003287471
0000000000000181
0000022e0d0a0559
0000046c50720961
0000000003287471
0000000000000181
00000236b5a51d79
00000238d76ddc59
0000023a3cafcbf9
0000023a65574099
0000023e534b3179
0000023e61925139
0000023eef95c9b9
0000047ef0dca161
0000000003287471
0000000000000181
00000240382cd699
000002415d426399
0000024199f61e19
0000024199f63b19
00000244bde32ed9
000002457ede9e99
00000245cb6a50d9
000002488e8adad9
0000049191473a61
0000000003287471
0000000000000181
0000024981059a39
0000024c80fe7879
0000024cb2212d19
0000024cb221a579
00000251396f2f19
00000251396f3b39
00000251b7286ff9
000004a431b1d261
0000000003287471
0000000000000181
000002563e44ab59
0000025833daa419
0000025872b4ca59
0000025ae4f15ef9
000004b6d21c6a61
0000000003287471
0000000000000181
0000025e707c9c99
0000025f5025c899
0000025f5025da99
000002601f01dd79
00000263bcfd8b39
000004c972870261
0000000003287471
0000000000000181
00000265e3c4fc19
000002660e2a2c99
00000267f9a85dd9
000002680b7bbbb9
0000026da95a2a19
000004dc12f19a61
0000000003287471
0000000000000181
0000026e5fe9dcb9
000002735dfdadd9
00000274e3e02e79
000002756be6c479
00000276c7fae339
0000027721baaff9
000004eeb35c3261
0000000003287471
0000000000000181
00000277f4d2c779
0000027a46696579
0000027cee4e2099
0000027cee4e3759
0000027d184c4119
0000027d184c7119
0000027ec4083499
0000027edca72899
00000280643bddd9
0000050153c6cb61
0000000003287471
0000000000000181
0000028104d8f0d9
0000028486359319
000002867db09519
000002893ab66e19
00000513f4316361
0000000003287471
0000000000000181
0000028cf4bf6cb9
0000028d284ffd99
00000292d92c3ed9
00000292d92c3f59
00000292d92c51f9
00000526949bfb61
0000000003287471
0000000000000181
000002937f450f99
000002941fa25919
000002952f362e99
0000029578cf3af9
0000029a65b46d59
0000029b07d46b99
0000029b26ed0839
0000029c8fdcf619
0000053935069361
0000000003287471
0000000000000181
0000029c9aaf5159
000002a0f3413019
000002a4ade49559
000002a5df4a6099
0000054bd5712c61
0000000003287471
0000000000000181
000002a60f5981f9
000002a7da115d99
000002a9aa3edc59
000002ac7797ff79
000002ad864321b9
0000055e75dbc461
0000000003287471
0000000000000181
000002b08d4e0039
000002b348376e19
000002b34aaa4959
000002b6aa412479
0000057116465c61
0000000003287471
0000000000000181
000002be2d4e87d9
000002be2d4e8f39
00000583b6b0f561
0000000003287471
0000000000000181
000002c2a91db4d9
000002c595f31759
000002c91898b999
00000596571b8d61
0000000003287471
0000000000000181
000002ccff29e479
000002cfb554d459
000002d0b521f319
000002d2c3320af9
000005a8f7862561
0000000003287471
0000000000000181
000002d6cfb507b9
000005bb97f0bd61
0000000003287471
0000000000000181
000002de912590b9
000002e16fb29399
000002e366b6ad19
000002e5f6c7daf9
000002e6874adf39
000002e6ce3a9399
000002e6ce3a95b9
000005ce385b5661
0000000003287471
0000000000000181
000002e87f988d39
000002ec51f1dfd9
000002ec6748c9f9
000005e0d8c5ee61
0000000003287471
0000000000000181
000002f283859fd9
000002f3da81c9d9
000002f3eb04f0f9
000002f47ce76979
000002f4f069c859
000002f68415e639
000002f6908914b9
000002f91284a259
000002f97c65a0b9
000005f379308661
0000000003287471
0000000000000181
000002fc34cdfab9
00000606199b1f61
0000000003287471
0000000000000181
000003065b247c59
0000030791138779
0000030969aa23b9
00000618ba05b761
0000000003287471
0000000000000181
0000030cbf6a0019
0000030f27adad79
0000030f430c0199
00000310d56c73b9
00000312a56f7559
000003147cbf7d19
00000314c6753d79
0000031585e810b9
0000062b5a705061
0000000003287471
0000000000000181
00000317c1f75379
0000031bccacd239
0000031df883e8b9
0000031e0338f699
0000063dfadae861
0000000003287471
0000000000000181
000003222250ab19
000003229c2100f9
000003274a7f1179
0000032753b74199
000006509b458161
0000000003287471
0000000000000181
0000032e92629dd9
0000032fdc510fb9
000003318f5307b9
000006633bb01961
0000000003287471
0000000000000181
000003335ed2ee79
0000033453092619
000003346014b659
000003356813d279
00000675dc1ab261
0000000003287471
0000000000000181
0000033cc9005019
0000033d6709a7d9
0000033ee1976f99
0000033f8d933e59
00000341653afe79
000006887c854a61
0000000003287471
0000000000000181
00000344b5ab0cd9
00000344b5ab1e39
00000344b5ab32d9
00000348900e31b9
00000349c40d5bd9
0000034bacbb58f9
0000069b1cefe361
0000000003287471
0000000000000181
0000034dc6539139
00000351c6be3f59
00000353cb45c6d9
000006adbd5a7b61
0000000003287471
0000000000000181
00000356fe16c4d9
00000359c9b51299
000006c05dc51461
0000000003287471
0000000000000181
0000036173854519
00000367c4bb97b9
000006d2fe2fac61
0000000003287471
0000000000000181
00000369a7775319
0000036ad43e2919
0000036ceddfe899
00000370475e9d79
00000372cd4fa219
000006e59e9a4561
0000000003287471
0000000000000181
0000037303712839
00000373b4bc7639
00000375aab62499
00000375aab63499
0000037af3352cf9
000006f83f04de61
0000000003287471
0000000000000181
0000037e09c60039
0000037e3f8fcff9
000003811e61e639
000003824f9e8c99
00000382f09c4659
00000382fce1f059
0000038309f6c879
0000070adf6f7661
0000000003287471
0000000000000181
000003866927ef39
0000038737965b19
0000038b54e49539
0000071d7fda0f61
0000000003287471
0000000000000181
000003923ea9af79
00000392a0d7adb9
000003933c5b5bf9
00000395a8e541f9
00000396a85b46b9
00000397ea89ad59
00000397f5f437f9
000007302044a861
0000000003287471
0000000000000181
0000039832cf7719
00000398e9e0aa59
0000039b583ed199
0000039c50db2db9
0000039d4a35e599
00000742c0af4061
0000000003287471
0000000000000181
000003a368d55739
000003a369eb6519
00000748d1c76161
0000000003287471
0000000000000181
