[MCS8 A] 97 FW 3.104 SV 1.257 
range=1024
periods=2
sweepmode=27e20d0
fstchan=0
holdafter=0
streamstatus=3
calreg0=0
calreg1=0
calreg2=0
calreg3=0
swpreset=8000        
prena=1
syncout=0
cycles=18
sequences=1
tagbits=16
vdac0=92c
vdac1=807
vdac2=8c8
vdac3=8c8
vdac4=8c8
vdac5=8c8
vdac6=8c8
vdac7=8c8
timepreset=100.000     
digio=0
digval=0
autoinc=0 
savedata=2 
mpafmt=asc
sephead=0 
fmt=asc
smoothpts=5 
[CHN1]
REPORT-FILE from 07/27/2026 15:42:09.886  written 07/27/2026 15:42:09
cmline0=07/27/2026 15:42:09.886 
cmline1=A1
range=1024
active=1
bitshift=4
cftfak=2580100
evpreset=10          
roimin=0
roimax=1000
caloff=0.800000
calfact=12.800000
calfact2=0
calfact3=0
calunit=nsec
caluse=1 
[CHN2]
REPORT-FILE from  written 07/27/2026 15:42:09
cmline1=A2
range=1024
active=0
bitshift=4
cftfak=2580100
evpreset=10          
roimin=0
roimax=1000
caloff=0.800000
calfact=12.800000
calfact2=0
calfact3=0
calunit=nsec
caluse=1 
[CHN3]
REPORT-FILE from  written 07/27/2026 15:42:09
cmline1=A3
range=1024
active=0
bitshift=4
cftfak=2580100
evpreset=10          
roimin=0
roimax=1000
caloff=0.800000
calfact=12.800000
calfact2=0
calfact3=0
calunit=nsec
caluse=1 
[CHN4]
REPORT-FILE from  written 07/27/2026 15:42:09
cmline1=A4
range=1024
active=0
bitshift=4
cftfak=2580100
evpreset=10          
roimin=0
roimax=1000
caloff=0.800000
calfact=12.800000
calfact2=0
calfact3=0
calunit=nsec
caluse=1 
[CHN5]
REPORT-FILE from  written 07/27/2026 15:42:09
cmline1=A5
range=1024
active=0
bitshift=4
cftfak=2580100
evpreset=10          
roimin=0
roimax=1000
caloff=0.800000
calfact=12.800000
calfact2=0
calfact3=0
calunit=nsec
caluse=1 
[CHN6]
REPORT-FILE from  written 07/27/2026 15:42:09
cmline1=A6
range=1024
active=0
bitshift=4
cftfak=2580100
evpreset=10          
roimin=0
roimax=1000
caloff=0.800000
calfact=12.800000
calfact2=0
calfact3=0
calunit=nsec
caluse=1 
[CHN7]
REPORT-FILE from  written 07/27/2026 15:42:09
cmline1=A7
range=1024
active=0
bitshift=4
cftfak=2580100
evpreset=0           
roimin=0
roimax=1000
caloff=0.800000
calfact=12.800000
calfact2=0
calfact3=0
calunit=nsec
caluse=1 
[CHN8]
REPORT-FILE from  written 07/27/2026 15:42:09
cmline1=A8
range=1024
active=0
bitshift=4
cftfak=2580100
evpreset=0           
roimin=0
roimax=1000
caloff=0.800000
calfact=12.800000
calfact2=0
calfact3=0
calunit=nsec
caluse=1 
;MCS8 #97 Sversion=1.257 Fversion=3.68
time_patch=1
;datalength=8 bytes
;bit0..3: channel# 1..8 ( 4 bit)
;bit4: edge 0=up / 1=dn ( 1 bit)
;bit5 ..57: timedata    (53 bit), max sweep length 2001.6 h
;bit58..62: tag0..tag4  ( 5 bit)
;bit63:     data_lost   ( 1 bit)
[DATA]
0000000000000016
0000000037829359
00000000ac229c19
00000001641f6ed9
00000001641f8eb9
00000001e5a03d59
00000001faba3459
00000002386b0bd9
000000024aa38b59
0000000419a014b9
000000051b8fedf9
000000057f2c0af9
00000005c7e90e99
00000007e30fcc99
0000002156cd3b61
0000000001c26871
0000000000000181
00000010bca04f19
0000001111e18fb9
0000001654a25119
00000017af8377f9
00000017e6d30bd9
000000185bd432b9
00000033f737d461
0000000001c26871
0000000000000181
0000001d794db9b9
0000001edf1ad7d9
00000021f4a555d9
00000021f4a55a19
0000004697a26c61
0000000001c26871
0000000000000181
00000024889f9299
00000024c294cc59
0000002c723a8fd9
00000059380d0561
0000000001c26871
0000000000000181
0000002de1d92579
0000002de1d93899
0000002edb5b8e59
0000002f7fa06039
0000002f8d272cd9
000000304c3bc7d9
0000003324848cf9
0000006bd8779e61
0000000001c26871
0000000000000181
0000003642c2cbf9
0000003847eb79b9
0000003a7946e759
0000003b0dd99979
0000003b7285e539
0000003b7285ea79
0000003bced3b419
0000003bced3e979
0000003bced40419
0000003e05f727f9
0000003ec67a5ab9
0000003ec67a6c39
0000003ec67a7179
0000007e78e23761
0000000001c26871
0000000000000181
00000043ccfe2279
00000045867ff819
00000047f76b81d9
00000091194cd061
0000000001c26871
0000000000000181
00000049f9872259
0000004a522b3519
0000004ae1ec4239
0000004aeadcaf39
0000004cf5987699
0000004dd0091699
000000a3b9b76961
0000000001c26871
0000000000000181
00000054cb267a39
00000054cb268299
00000054cb268e59
00000055f4cec999
00000056b7cb6d59
0000005a90867f59
000000b65a220261
0000000001c26871
0000000000000181
0000005bb7e19dd9
0000005be66708f9
0000005eb46eff99
000000c8fa8c9b61
0000000001c26871
0000000000000181
000000659ec17c79
00000066b5dbd4f9
000000682c2d13f9
0000006bbb9ee559
0000006bbb9efa59
0000006c72c49a19
000000db9af73461
0000000001c26871
0000000000000181
0000006f16082899
0000006ff0492279
0000007026a75819
00000070fe5e9f79
0000007145a49699
0000007176479d99
0000007677c1eb59
000000ee3b61cd61
0000000001c26871
0000000000000181
00000079365c68b9
00000079652a0599
0000007b17ca3879
0000007b17ca4b19
0000007b3eeb7cb9
0000007b61a0ae79
0000007beb1b5499
0000007c33ff7bb9
0000007c33ff9179
0000007e66b345d9
00000100dbcc6661
0000000001c26871
0000000000000181
00000081ae9ab8f9
00000081ae9acd19
000000832c25c899
000000872bde4599
000001137c36ff61
0000000001c26871
0000000000000181
00000089d4991d59
00000089f7335879
0000008d9f2f3099
0000008d9f2f3959
0000008ea9e00379
0000008fcfaeca99
000000910c3582f9
00000091a3384399
0000009263de3819
000001261ca19861
0000000001c26871
0000000000000181
000000933d9c48f9
000000933d9c5a99
00000094a00a8239
000000957014d879
000000957d35dff9
000000961e39a599
0000009861a06fb9
000000995a7f2d19
0000009b8a4efbd9
00000138bd0c3161
0000000001c26871
0000000000000181
0000009e16c98b99
0000009eb9bca0d9
0000009f93d1c879
000000a0ecc6ac19
000000a4a3273079
0000014b5d76ca61
0000000001c26871
0000000000000181
000000a7bef18199
000000a998bfb019
000000aa872a9d39
000000ab2abd6459
0000015dfde16361
0000000001c26871
0000000000000181
000000b7b116fad9
000001709e4bfc61
0000000001c26871
0000000000000181
000000b99b5e9bd9
000000ba1f163619
000000ba9f59cd99
000001833eb69561
0000000001c26871
0000000000000181
000000c1a3cf45f9
000000c24724c6f9
000000c2713f2d59
00000195df212e61
0000000001c26871
0000000000000181
000000ce6a6c4c19
000000d05f2570d9
000000d0b4f54ad9
000000d213f8b339
000001a87f8bc761
0000000001c26871
0000000000000181
000000d8786150b9
000000db34b591d9
000000db882eb6d9
000001bb1ff66061
0000000001c26871
0000000000000181
000000e07b9cee39
000000e316873f59
000000e4a2d597d9
000000e56a676a19
000001cdc060fa61
0000000001c26871
0000000000000181
000000e8c559f779
000000eca667feb9
000001e060cb9361
0000000001c26871
0000000000000181
000000f4bddacbb9
000000f6360e1059
000000f6360e22f9
000000f772e2f159
000000f8b85cd859
000000f979224f59
000001f301362c61
0000000001c26871
0000000000000181
000000facdb2ded9
000000fcc1a89fd9
00000101ca3abc99
00000101ca3aee19
0000010202951599
0000010220546ef9
000001028150c799
00000205a1a0c561
0000000001c26871
0000000000000181
000001055441c1b9
00000106170d23d9
000001086fa8f959
00000109469101b9
0000010985d03339
0000010985d04599
00000218420b5e61
0000000001c26871
0000000000000181
0000011271297fd9
00000112c5c82af9
0000022ae275f761
0000000001c26871
0000000000000181
00000116af779639
00000117921293b9
0000011792129779
0000011944293c19
0000011d98b61019
0000011deed90e59
0000023d82e09161
0000000001c26871
0000000000000181
00000250234b2a61
0000000001c26871
0000000000000181
000001297bfa9039
0000012c932632b9
0000012ec9d73bd9
00000262c3b5c361
0000000001c26871
0000000000000181
0000013428fea819
00000135eae0e319
00000136b7583219
000001389d8b2d39
000001389d8b84b9
0000027564205c61
0000000001c26871
0000000000000181
0000013bafce8279
0000013ebe9bd6f9
00000141f4352879
000001425184b4b9
000001429f7d9719
0000014340467ff9
0000014340468079
00000288048af561
0000000001c26871
0000000000000181
00000147be61e239
000001497a0b2b79
00000149f5655099
0000029aa4f58f61
0000000001c26871
0000000000000181
0000014deeed9439
0000015089cfb9b9
000001560f522ad9
000002ad45602861
0000000001c26871
0000000000000181
000001572d702299
0000015eaaa9e679
0000015ef15abdf9
0000015f2b80b059
000002bfe5cac161
0000000001c26871
0000000000000181
000001607027f959
000001634bc15639
000001687f69e0f9
000001687f6a1b79
000002d286355a61
0000000001c26871
0000000000000181
0000016a1f960e99
0000016b8af64119
0000016cdbc0cd79
00000170cba07019
00000170e4d9e479
000002e5269ff461
0000000001c26871
0000000000000181
00000173cc11a159
0000017439967619
00000175abda93b9
000001785507c259
000001785507c9b9
000001785507d1b9
0000017994b5c379
00000179eaa33479
0000017a364d2e99
0000017a5408b4b9
0000017a5408cab9
000002f7c70a8d61
0000000001c26871
0000000000000181
00000180f7d401d9
00000183aee2bd99
00000183aee2ddb9
000001841dd628b9
0000018467a9d619
00000184e53d5579
000001851b9857b9
000001851b985eb9
000001851b986a19
0000030a67752661
0000000001c26871
0000000000000181
0000018544f2f879
0000018570b7b2d9
0000018570b7d039
00000187a45841f9
00000187add6c679
00000188f2d02cb9
0000018b4fd2fbd9
0000018b8dc56419
0000018c7947daf9
0000031d07dfbf61
0000000001c26871
0000000000000181
0000018ea9602119
000001906ed1a739
00000194cc677039
0000032fa84a5961
0000000001c26871
0000000000000181
00000198e4bfbe39
0000019e7f2803d9
0000019ec21045d9
000001a08eb38ad9
0000034248b4f261
0000000001c26871
0000000000000181
000001a352f41cb9
000001a3c9775e39
000001a3c977a2d9
000001a3f00bf8f9
00000354e91f8b61
0000000001c26871
0000000000000181
000001ad5cd28499
000001ae4df4b5f9
000001af4f590ad9
000001af57b54839
000001b24aaed459
00000367898a2561
0000000001c26871
0000000000000181
000001b3ea6e35f9
000001b608308959
000001b6083089d9
000001b7a3650639
000001b96722f259
000001b967230279
000001b98b12b6b9
000001b98cd5dff9
000001bbae066b99
000001bbb446ef79
0000037a29f4be61
0000000001c26871
0000000000000181
000001bdc8874f99
000001bdf910d059
000001c1fff0f359
0000038cca5f5861
0000000001c26871
0000000000000181
000001ca50dde4f9
000001cb750f1a79
000001cbfd74ffb9
0000039f6ac9f161
0000000001c26871
0000000000000181
000001cfe58eaf19
000001d16f390899
000001d2c566f999
000001d2c5671299
000001d4ce33ec79
000001d4ce340299
000001d5b2249b99
000001d67e39b339
000001d8f06212f9
000003b20b348a61
0000000001c26871
0000000000000181
000001dcf7e4e059
000001dcf7e4ee99
000001dda0956579
000001de56806e19
000001df03489899
000001e011ee0bb9
000003c4ab9f2461
0000000001c26871
0000000000000181
000001e7815fc2b9
000001e9e766c239
000001ea6ee812f9
000001eae090f499
000003d74c09bd61
0000000001c26871
0000000000000181
000001ecd7d115d9
000001eda36ebb39
000001edcf610ef9
000001edffb40439
000001f13cf6e579
000003e9ec745761
0000000001c26871
0000000000000181
000001f62b687719
000001f8d50ae939
000001faa58ac379
000001faa58ad639
000001faa58ad759
000003fc8cdef061
0000000001c26871
0000000000000181
000002008e2383d9
00000200b58b8039
0000020129a7e3f9
000002026c480099
00000203ad12a699
000002042bcce719
00000204dd7e5ad9
0000020680a15959
0000020714fa7139
0000020714fa8659
0000020714fad939
000002073c74fed9
000002079201b4d9
0000040f2d498a61
0000000001c26871
0000000000000181
0000020ca7eb33b9
0000020ed1d5ee79
0000020f0e98ef59
0000020f0e9904b9
0000020f0e990539
000002107652acb9
00000421cdb42361
0000000001c26871
0000000000000181
0000021213ccbd19
00000212fc7fc4b9
000002166a470139
00000216bedb7299
00000218dddacd19
000002191edd5239
000004346e1ebc61
0000000001c26871
0000000000000181
0000021c36cede59
0000021e0cd558d9
0000021ec32792d9
0000021ec3279fb9
000002210b0c3e79
000002221762ee19
00000222be68d039
00000222be68d0d9
00000222be68d119
00000222be68d799
000004470e895661
0000000001c26871
0000000000000181
000002242e292939
000002254b2ef2f9
000002254b2ef399
000002254b2f1599
000002258e590c39
00000225f0f817d9
000002269bf48099
00000228ee5362f9
00000459aef3ef61
0000000001c26871
0000000000000181
0000022d9d7d07d9
0000023021177659
000002307e2e6ab9
0000046c4f5e8961
0000000001c26871
0000000000000181
000002399c06c199
00000239ded769f9
0000023ab10d8a39
0000023bf7f08df9
0000023d064488b9
0000023d06449b79
0000023d0644a2f9
0000047eefc92261
0000000001c26871
0000000000000181
0000024270a6e139
0000024283273419
00000244445fb699
00000245e01a9059
00000248bd9085d9
000004919033bc61
0000000001c26871
0000000000000181
00000249a3ba8099
0000024aa95599b9
0000024d1e520499
000002502c285339
000002502c286639
000002502c2868d9
000002505e6a0b99
000004a4309e5561
0000000001c26871
0000000000000181
000002523a6994f9
00000252a9baac99
000004b6d108ef61
0000000001c26871
0000000000000181
0000025caf479a19
0000025d53c29119
0000025d60b0f939
0000025d7f7348b9
0000025d7f735099
0000025d8fabc8f9
0000025dcb009c79
0000025dcb00b039
00000262e5342959
000004c971738861
0000000001c26871
0000000000000181
000002676dbf1939
00000269cec3d819
0000026b3c617df9
0000026b3c61b999
000004dc11de2261
0000000001c26871
0000000000000181
0000026e5142eb19
0000027159094a39
000002716bfb7519
00000272ed51e2d9
000002771b13f599
000004eeb248bb61
0000000001c26871
0000000000000181
00000278f5680079
00000279d7cf3fd9
0000027ee7d886b9
0000027f4785dc19
0000050152b35561
0000000001c26871
0000000000000181
000002843c3a6079
0000028551414439
0000028551414ed9
0000028551415ed9
00000513f31dee61
0000000001c26871
0000000000000181
0000028c0713fe19
0000028c3790e319
0000028dbf2bc7d9
0000028ef765b239
0000052693888861
0000000001c26871
0000000000000181
0000053933f32161
0000000001c26871
0000000000000181
0000029e3a9dadb9
000002a19ffe4a79
000002a234dff259
000002a4ffdc49f9
0000054bd45dbb61
0000000001c26871
0000000000000181
000002abc68bbed9
0000055e74c85461
0000000001c26871
0000000000000181
000002af85b15eb9
000002b06b9280d9
000002b40638fb59
000005711532ee61
0000000001c26871
0000000000000181
000002bb0d652439
000002bcd37c1c59
00000583b59d8761
0000000001c26871
0000000000000181
000002c41dc82799
000002c73a2fd5d9
000002c90129c7d9
000002c9d1bfffb9
000002c9d1c01139
000002c9d1c01339
0000059656082161
0000000001c26871
0000000000000181
000002cec05cdcd9
000002cef291b1d9
000005a8f672ba61
0000000001c26871
0000000000000181
000002d4a0855559
000002d7ad59efd9
000002d9494dd8f9
000002db8352b4d9
000005bb96dd5461
0000000001c26871
0000000000000181
000002df1e8b3dd9
000002e112d9d3d9
000002e1b8b4b139
000002e31c0ec439
000002e599b8e0b9
000002e599b97f39
000002e5ddaf4099
000005ce3747ee61
0000000001c26871
0000000000000181
000002e796bd5e79
000002ed3ff94e39
000002ed5d62fbd9
000002ef94932619
000005e0d7b28761
0000000001c26871
0000000000000181
000002f2bf4b8779
000002f3f5a34ed9
000002f8589b20d9
000005f3781d2161
0000000001c26871
0000000000000181
000002fb9ade2499
000002fdd7224499
000002fdfdcd4419
000002fe633bc159
000002fe633bde79
000002fe88d17279
000002ff45c83679
000003021ac28c39
00000302e7fdcb59
000006061887ba61
0000000001c26871
0000000000000181
00000307f9dd74f9
000003080fbd3d19
000003089f700f59
000003089f702439
00000308ae6fc279
000003090641e179
0000030906420599
00000309064265b9
000003090c480419
00000618b8f25461
0000000001c26871
0000000000000181
0000030d180d7f19
0000030e46ee9939
0000030eaefa03d9
0000031033b35799
00000311049ea1b9
000003114cc834f9
00000313eca24e19
0000062b595ced61
0000000001c26871
0000000000000181
00000315bd49e239
000003161c3c27b9
0000031869b1b459
00000319461739d9
0000031c0c31ac99
0000031c23b0a099
0000031caa5b58f9
0000031eae2be599
0000063df9c78761
0000000001c26871
0000000000000181
0000031f24894059
0000031ff0f863d9
00000325d8f02259
00000325dca803b9
00000327d758c5d9
000006509a322161
0000000001c26871
0000000000000181
00000328c0d588b9
00000328c0d60f39
0000032c2cbf7c79
0000032d61a033b9
00000330025fffd9
000006633a9cbb61
0000000001c26871
0000000000000181
000003333c30e859
0000033489a2f619
0000033489a2f7f9
0000033848267d39
00000675db075461
0000000001c26871
0000000000000181
0000033e9fa92bf9
00000340fcce4c99
00000342a6cba019
000006887b71ee61
0000000001c26871
0000000000000181
0000069b1bdc8861
0000000001c26871
0000000000000181
0000034f9c014d19
0000034ffaf545d9
00000351407e1179
00000351407e3019
00000351fccbf459
00000352058c1ed9
00000353eaf10959
000006adbc472161
0000000001c26871
0000000000000181
00000357ad141539
0000035a41e97619
000006c05cb1bb61
0000000001c26871
0000000000000181
00000363ce0ea959
000006d2fd1c5561
0000000001c26871
0000000000000181
0000036a3eb86a79
0000036acbae1039
000006e59d86ef61
0000000001c26871
0000000000000181
00000374128f3479
0000037bff2bebb9
000006f83df18961
0000000001c26871
0000000000000181
0000037ddc2e2479
00000380b80db959
00000381c443b519
0000038271d03f99
0000070ade5c2261
0000000001c26871
0000000000000181
00000387c0b466d9
00000389ba6483f9
00000389f10130b9
0000038e373f67b9
0000038e79e49479
0000071d7ec6bc61
0000000001c26871
0000000000000181
00000390ecb99839
000003924ba4d039
000007301f315661
0000000001c26871
0000000000000181
000003a06eb4ff59
00000742bf9bf061
0000000001c26871
0000000000000181
000003a221cc3c59
000003a23186fdd9
000003a231870f59
000003a36d106db9
000003a3d93e7739
000007486fd88861
0000000001c26871
0000000000000181
