[MCS8 A] 97 FW 3.104 SV 1.257 
range=1024
periods=2
sweepmode=27e20d0
fstchan=0
holdafter=0
streamstatus=3
calreg0=0
calreg1=0
calreg2=0
calreg3=0
swpreset=8000        
prena=1
syncout=0
cycles=18
sequences=1
tagbits=16
vdac0=92c
vdac1=807
vdac2=8c8
vdac3=8c8
vdac4=8c8
vdac5=8c8
vdac6=8c8
vdac7=8c8
timepreset=100.000     
digio=0
digval=0
autoinc=0 
savedata=2 
mpafmt=asc
sephead=0 
fmt=asc
smoothpts=5 
[CHN1]
REPORT-FILE from 07/27/2026 16:19:31.446  written 07/27/2026 16:19:31
cmline0=07/27/2026 16:19:31.446 
cmline1=A1
range=1024
active=1
bitshift=4
cftfak=2580100
evpreset=10          
roimin=0
roimax=1000
caloff=0.800000
calfact=12.800000
calfact2=0
calfact3=0
calunit=nsec
caluse=1 
[CHN2]
REPORT-FILE from  written 07/27/2026 16:19:31
cmline1=A2
range=1024
active=0
bitshift=4
cftfak=2580100
evpreset=10          
roimin=0
roimax=1000
caloff=0.800000
calfact=12.800000
calfact2=0
calfact3=0
calunit=nsec
caluse=1 
[CHN3]
REPORT-FILE from  written 07/27/2026 16:19:31
cmline1=A3
range=1024
active=0
bitshift=4
cftfak=2580100
evpreset=10          
roimin=0
roimax=1000
caloff=0.800000
calfact=12.800000
calfact2=0
calfact3=0
calunit=nsec
caluse=1 
[CHN4]
REPORT-FILE from  written 07/27/2026 16:19:31
cmline1=A4
range=1024
active=0
bitshift=4
cftfak=2580100
evpreset=10          
roimin=0
roimax=1000
caloff=0.800000
calfact=12.800000
calfact2=0
calfact3=0
calunit=nsec
caluse=1 
[CHN5]
REPORT-FILE from  written 07/27/2026 16:19:31
cmline1=A5
range=1024
active=0
bitshift=4
cftfak=2580100
evpreset=10          
roimin=0
roimax=1000
caloff=0.800000
calfact=12.800000
calfact2=0
calfact3=0
calunit=nsec
caluse=1 
[CHN6]
REPORT-FILE from  written 07/27/2026 16:19:31
cmline1=A6
range=1024
active=0
bitshift=4
cftfak=2580100
evpreset=10          
roimin=0
roimax=1000
caloff=0.800000
calfact=12.800000
calfact2=0
calfact3=0
calunit=nsec
caluse=1 
[CHN7]
REPORT-FILE from  written 07/27/2026 16:19:31
cmline1=A7
range=1024
active=0
bitshift=4
cftfak=2580100
evpreset=0           
roimin=0
roimax=1000
caloff=0.800000
calfact=12.800000
calfact2=0
calfact3=0
calunit=nsec
caluse=1 
[CHN8]
REPORT-FILE from  written 07/27/2026 16:19:31
cmline1=A8
range=1024
active=0
bitshift=4
cftfak=2580100
evpreset=0           
roimin=0
roimax=1000
caloff=0.800000
calfact=12.800000
calfact2=0
calfact3=0
calunit=nsec
caluse=1 
;MCS8 #97 Sversion=1.257 Fversion=3.68
time_patch=1
;datalength=8 bytes
;bit0..3: channel# 1..8 ( 4 bit)
;bit4: edge 0=up / 1=dn ( 1 bit)
;bit5 ..57: timedata    (53 bit), max sweep length 2001.6 h
;bit58..62: tag0..tag4  ( 5 bit)
;bit63:     data_lost   ( 1 bit)
[DATA]
0000000000000016
000000033b0cbfd9
00000007e3ade179
00000008c18ab419
00000008c18acaf9
0000000a043a1499
0000000a7ac1a019
0000000df8dbdb99
000000215707c861
00000000021b4671
0000000000000181
000000127d34b2d9
00000015b1358ed9
0000001811e55699
00000033f7726361
00000000021b4671
0000000000000181
0000001db80870f9
0000001db8088179
0000001db8088219
0000001db8088239
0000001db80888d9
0000001de4e76659
00000020b35ae1b9
0000004697dcfd61
00000000021b4671
0000000000000181
0000002489e18d79
00000025dc34f3f9
00000027d82d3419
00000028caeffab9
0000002ac5260a59
0000005938479861
00000000021b4671
0000000000000181
0000002edc3aea39
000000339762d079
000000339762dd39
0000003401141f59
00000035e08d0639
0000006bd8b23261
00000000021b4671
0000000000000181
0000003707da7af9
000000387da3abb9
00000038e5ad9279
0000003e5d09a059
0000003ec028d9d9
0000007e791ccd61
00000000021b4671
0000000000000181
0000003f641fca79
000000468a8e6a19
0000009119876761
00000000021b4671
0000000000000181
0000004959e01e39
00000049d79761d9
0000004bde14c4b9
0000004bde14e299
0000004d6090db59
000000506f3287f9
00000050fdac6cb9
00000050fdac8059
000000511efc65b9
000000a3b9f20261
00000000021b4671
0000000000000181
00000052605d6539
000000531df0d239
0000005372c6c419
0000005372c6e1d9
00000053dc8505f9
00000056398e0a19
00000056b52da4d9
00000056e6038239
000000b65a5c9c61
00000000021b4671
0000000000000181
0000005ba3179039
0000005ba317ac79
0000005ce301e0f9
00000062d78eed99
0000006365243079
0000006432aa0639
000000c8fac73761
00000000021b4671
0000000000000181
0000006661010b39
0000006766573a39
00000067665749f9
0000006aa51cbed9
000000db9b31d161
00000000021b4671
0000000000000181
0000006e0ca2d9b9
00000072162a5a79
0000007600ede179
000000ee3b9c6c61
00000000021b4671
0000000000000181
00000077e6aea459
00000079a8c75099
0000007c080327d9
0000007c08033f39
0000007c08033fd9
0000007f20c28539
00000100dc070761
00000000021b4671
0000000000000181
000000853d97a499
00000087d03c67d9
000001137c71a161
00000000021b4671
0000000000000181
0000008e1d709a59
0000008f85d83d79
000000914ede7d19
000001261cdc3c61
00000000021b4671
0000000000000181
00000094b1816a19
00000094b1816bd9
00000094b1817179
00000096a7d783b9
0000009a9fd5f8d9
0000009b775be779
00000138bd46d761
00000000021b4671
0000000000000181
0000009ec2c98a99
000000a16659f4b9
000000a1a259d1d9
000000a3c4779a59
000000a49236a719
000000a49236b979
000000a49236ba99
0000014b5db17161
00000000021b4671
0000000000000181
000000a78450e6d9
000000a8bae42279
000000a996a50b79
000000ab3f356819
0000015dfe1c0c61
00000000021b4671
0000000000000181
000000b0198305b9
000000b220a6add9
000000b26a1d2059
000000b4a9c2c0d9
000000b73d307879
000001709e86a761
00000000021b4671
0000000000000181
000000bb26cd2bb9
000000bb5551d779
000000bd541c14f9
000000c002e203b9
000000c19b61bcb9
000000c19b61bd59
000000c19b622579
000000c19bacc919
000001833ef14261
00000000021b4671
0000000000000181
000000c7032e3e39
000000c7032e5a19
00000195df5bdd61
00000000021b4671
0000000000000181
000000cb6f4103d9
000000cbacb81999
000000cbacb9a919
000000cc6d05f759
000000cc8552f5b9
000000cd9c3066b9
000000ce02148799
000000ce7ff15619
000001a87fc67761
00000000021b4671
0000000000000181
000000d45defe259
000000d45defe3f9
000000d97dd81b79
000000dab22c7979
000000db5be89599
000000db5be8b579
000000dd7ad3f739
000001bb20311261
00000000021b4671
0000000000000181
000000e037c2d619
000000e1c2a7e9d9
000000e2b2dd3579
000000e52ebf33b9
000001cdc09bad61
00000000021b4671
0000000000000181
000000e6e59d8799
000000e727be2d59
000000ea3819ac79
000000ebf2909f99
000000ed025e0979
000000eef932ddd9
000000eff10e7899
000001e061064861
00000000021b4671
0000000000000181
000000f4966bfd99
000000f4ae6fe859
000000f61c46c639
000000f77739e2f9
000001f30170e361
00000000021b4671
0000000000000181
000000fba2743cf9
00000205a1db7e61
00000000021b4671
0000000000000181
0000010358bab639
0000010358bab839
00000105281b2459
00000106931e0e19
00000106a5c73879
00000106f086e919
000001073f3ea019
000001073f3f3d59
000001076222f519
0000010762230639
0000010762233119
0000021842461961
00000000021b4671
0000000000000181
0000010d5d05da39
0000010f7987ad59
0000022ae2b0b461
00000000021b4671
0000000000000181
0000011578d758d9
0000011652f0acd9
0000011652f0c419
00000116ae47c259
0000011ba1fd48b9
0000011ba1fd4a79
0000011ba1fda679
0000011e08ccb8b9
0000011e27e7f3b9
0000023d831b4f61
00000000021b4671
0000000000000181
0000012056187d19
00000120c419fb79
0000012599943879
000001259dcbf079
0000012600f1b8b9
000002502385eb61
00000000021b4671
0000000000000181
000001298de75d59
0000012b3a64c379
0000012b5075e9f9
0000012bafab6499
0000012d10672719
0000012f64a894d9
00000262c3f08661
00000000021b4671
0000000000000181
000001349a5226d9
00000134d023d2d9
000001355a9c1e19
0000013a23a291d9
0000013a23a2a3f9
00000275645b2161
00000000021b4671
0000000000000181
0000013b590c4c79
0000013c4a7a71b9
0000013f9fe1a5d9
0000013f9fe1d299
0000013ff71e4dd9
000001412e9d9499
0000014149f55dd9
0000028804c5bc61
00000000021b4671
0000000000000181
000001471a9a6d99
00000149c610b099
00000149c610c919
0000014b1b461c59
0000014b2eec5859
0000014c816e8439
0000014c816e85f9
0000029aa5305761
00000000021b4671
0000000000000181
000001503e1d39d9
0000015425a59d39
00000154ab389ab9
00000154ab38a459
00000154d8917bb9
000001558d72a499
000002ad459af361
00000000021b4671
0000000000000181
00000159857644d9
000001599f4d6539
0000015aed1fbad9
0000015bd6e18bf9
0000015ee88b0bd9
0000015ee88b0c79
0000015ee88b8499
000002bfe6058e61
00000000021b4671
0000000000000181
0000016043604e79
000001606cf3f899
000001625b6df999
00000164646f5af9
000001678be3bf19
000002d286702961
00000000021b4671
0000000000000181
000001697c307959
0000016b4cf28cb9
0000016db9d1d4b9
0000016e161ba599
0000016ebfcbba39
000002e526dac561
00000000021b4671
0000000000000181
00000173e4295b79
00000173ecc11239
00000175310f6239
00000175cbeb5879
0000017633342b39
00000176c27e2399
0000017b09abed39
0000017b4a7b7b39
000002f7c7456061
00000000021b4671
0000000000000181
0000017d0ecdd999
00000181e138ab99
00000181e138ad79
0000030a67affc61
00000000021b4671
0000000000000181
000001859bfc3bd9
0000018887326e19
000001897297e9f9
0000018a86beca79
0000018ad01367f9
0000018cd4d37279
0000018cd4d38ab9
0000031d081a9761
00000000021b4671
0000000000000181
00000191a13d8db9
0000032fa8853361
00000000021b4671
0000000000000181
0000019a003c0db9
0000019b08c1bb59
0000019c8151af99
0000019cc6afe539
0000019d955161b9
0000019d95516379
0000019f1459c4d9
0000019f3bb53f19
0000019f8f899a79
0000019f8f89acf9
000001a06dfe5499
000001a0bcd57dd9
0000034248efce61
00000000021b4671
0000000000000181
000001a5ac484f39
000001a5b6c74e39
000001a6a737fb99
000001a6bb6ec8f9
000001a6bb6f4df9
000001a7c4346899
00000354e95a6a61
00000000021b4671
0000000000000181
000001b2c6155ad9
000001b2ee45d639
0000036789c50661
00000000021b4671
0000000000000181
000001b55bfa4b99
000001b84aa9f079
000001b978f41a19
000001ba4a9a4cd9
0000037a2a2fa161
00000000021b4671
0000000000000181
000001bf65d30e39
000001bf65d320f9
000001c0ba164d79
000001c21ce915b9
000001c3588ea999
000001c39bf60139
000001c39bf60319
000001c39bf60899
0000038cca9a3d61
00000000021b4671
0000000000000181
000001c801c8c7b9
000001cac004f279
000001cac0050719
0000039f6b04d961
00000000021b4671
0000000000000181
000001d2c7378659
000001d4401a48d9
000001d6c710a7f9
000001d6e6cbd199
000001d7ffa6bb39
000001d80c9f5e59
000001d828a9c679
000001d881c13499
000003b20b6f7561
00000000021b4671
0000000000000181
000001d96520ded9
000001d9ddbbf259
000001ddb923ec19
000003c4abda1061
00000000021b4671
0000000000000181
000001e3459bce99
000001e68502e9f9
000001e85b94d479
000003d74c44ac61
00000000021b4671
0000000000000181
000001ed32747039
000001ed32748379
000001ed3274a839
000001ed58348e99
000001ee9b51c779
000001f2bb9364d9
000001f2bb938779
000001f2d03ca579
000001f4b3148119
000001f4ca2c1559
000003e9ecaf4861
00000000021b4671
0000000000000181
000001f8c0f9b1b9
000001f9e11a3339
000001fc8db1bf39
000001fd101cd079
000003fc8d19e461
00000000021b4671
0000000000000181
00000201241ffcd9
0000020352d030b9
0000040f2d848061
00000000021b4671
0000000000000181
0000020a34254539
0000020a34254d59
0000020b00206c99
0000020b00206e79
0000020c20a18339
0000020ee9ddad19
0000021012482379
00000210cbc86799
00000421cdef1c61
00000000021b4671
0000000000000181
00000211bd6d80b9
00000213c3ddc779
000004346e59b761
00000000021b4671
0000000000000181
0000022230e160f9
0000022282abdfd9
00000222af0ab2d9
000004470ec45361
00000000021b4671
0000000000000181
0000022436b70ed9
00000224f5a7cb99
00000225f7a84459
000002287f709419
00000228b1db8599
0000022bb6cfd359
00000459af2eef61
00000000021b4671
0000000000000181
0000022d7974c259
0000022e54c42cb9
000002300ffdb2d9
000002303bd687d9
000002338ceff599
000002341b861ab9
0000046c4f998b61
00000000021b4671
0000000000000181
00000236afa31219
00000238355b7999
0000023a3e613759
0000023cb9a6fad9
0000023eba3b1099
0000047ef0042761
00000000021b4671
0000000000000181
00000245c451a819
00000491906ec461
00000000021b4671
0000000000000181
0000024aa6458ab9
0000024aa6459a59
0000024bc9dd6019
0000024cecf27079
00000251d833baf9
00000251d833d559
000004a430d96061
00000000021b4671
0000000000000181
00000255a5b1f079
0000025607ad80b9
000002581359c239
000004b6d143fc61
00000000021b4671
0000000000000181
0000025bdb43c579
0000026101216e99
000004c971ae9861
00000000021b4671
0000000000000181
000004dc12193561
00000000021b4671
0000000000000181
0000026fa81be7d9
000002715928be99
00000272309de0f9
00000272309df2f9
00000272f833e299
00000272f833e9f9
00000273516ad779
00000273702f7f19
000004eeb283d161
00000000021b4671
0000000000000181
00000279a9b25c59
0000027b2c9f8499
0000027f9d6718f9
0000050152ee6d61
00000000021b4671
0000000000000181
0000028333be69b9
00000283d98917f9
0000028532b517d9
0000028677527659
00000513f3590a61
00000000021b4671
0000000000000181
0000028b4a31e479
0000028b506a8f19
0000028bf70e4fb9
0000028d5c69c119
000002902676c9d9
0000052693c3a661
00000000021b4671
0000000000000181
00000295b188d919
00000299c3fdb159
0000029a8387b439
0000029ae7dbdc19
00000539342e4361
00000000021b4671
0000000000000181
0000029d57bfe939
000002a41b8144b9
000002a538689679
0000054bd498df61
00000000021b4671
0000000000000181
000002a84c62ff59
000002a8f9492a99
000002ac5e223ed9
0000055e75037c61
00000000021b4671
0000000000000181
000002b271dfeb19
000002b55d49cd99
00000571156e1861
00000000021b4671
0000000000000181
000002b88a2ebeb9
000002bccc2a0039
000002bed6e182d9
000002bf6742da99
00000583b5d8b561
00000000021b4671
0000000000000181
000002c8883bb5d9
000002caadf162d9
0000059656435261
00000000021b4671
0000000000000181
000002cc5354f559
000002cda9cd24b9
000002d115c05b79
000002d177591fb9
000005a8f6adee61
00000000021b4671
0000000000000181
000002d47b396b59
000002d47b397d39
000002d47b398a39
000002d4c6d22399
000002d4c6d22439
000002d4c6d22479
000002d4c6d22b19
000002d4c6d233b9
000002d58183e6b9
000002d5d89b1a79
000002d69e77b059
000002d6bf9150d9
000002d7663f0b39
000002daaa8877b9
000005bb97188b61
00000000021b4671
0000000000000181
000002df5c871f79
000002e284699739
000002e33e27a759
000002e33e27b9b9
000002e3d39d8bd9
000002e3d39d9df9
000002e52e6858d9
000005ce37832861
00000000021b4671
0000000000000181
000002eb77a38479
000002eeb8152a59
000005e0d7edc461
00000000021b4671
0000000000000181
000002f12dbeab59
000002f988e6b9f9
000005f378586161
00000000021b4671
0000000000000181
000002fab5dc5219
000002fab5dd4a19
0000030089cd0b59
0000030302972d19
0000060618c2fe61
00000000021b4671
0000000000000181
00000304a116cb99
000003052e7c59f9
00000305df968d59
00000307729d3679
00000307729d48f9
00000307ca988299
0000030a420f5f39
0000030af99af939
0000030af99b0ef9
0000030b25db5819
00000618b92d9b61
00000000021b4671
0000000000000181
0000030c71ab4339
0000062b59983861
00000000021b4671
0000000000000181
000003184e7e89b9
00000319a4845419
0000031b12a07a59
0000031c62e7d899
0000031d05dc6999
0000063dfa02d561
00000000021b4671
0000000000000181
00000320c53d2d59
00000323a802c599
00000323a802c779
00000323a802ccf9
00000327057689b9
0000032718e0a8b9
0000032718e0ae99
00000327f262a359
000006509a6d7261
00000000021b4671
0000000000000181
0000032e22add439
00000331731fd5f9
000006633ad80f61
00000000021b4671
0000000000000181
00000331ed503f79
0000033404de0b79
00000335a03b1fd9
000003372fe4cfd9
00000338edf782d9
00000339f2531879
0000033ac6199199
00000675db42ac61
00000000021b4671
0000000000000181
0000033c5311bd59
0000033d35655979
0000033e743b3e99
0000033eede89c79
00000340302859b9
00000340302861b9
0000034178090b19
0000034178090c79
000006887bad4961
00000000021b4671
0000000000000181
000003469f8a9db9
0000034719b7ab39
0000034a7368d4d9
0000034cf5c8f8f9
0000069b1c17e661
00000000021b4671
0000000000000181
0000034f9300a439
0000035058459139
0000035354579039
000006adbc828361
00000000021b4671
0000000000000181
0000035719736bd9
000003585f338019
0000035c17ac5259
0000035e5916e999
0000035e59170c59
0000035f39cc3d99
0000035f7a1b99d9
0000035fe05f47f9
000006c05ced2061
00000000021b4671
0000000000000181
00000363eb4fdeb9
000003640c803019
000003651b74a859
00000366e0aa6e19
00000366e0aa6e99
000006d2fd57bd61
00000000021b4671
0000000000000181
0000036cff57cdb9
0000036d946338f9
000003709ccde3b9
000006e59dc25a61
00000000021b4671
0000000000000181
00000375286aaa99
000003775b357d99
00000377a2147519
000006f83e2cf861
00000000021b4671
0000000000000181
0000037d30fb0359
0000037d3880aff9
0000038166150e79
0000038166150ff9
000003819d7ec339
0000070ade979561
00000000021b4671
0000000000000181
0000038a0619fab9
0000038a061a0c39
0000038ad94ca959
0000038c0b1a2ad9
0000038ebb920fd9
0000071d7f023261
00000000021b4671
0000000000000181
0000038f575bb459
00000394418771b9
000003944caf56b9
000007301f6cd061
00000000021b4671
0000000000000181
0000039947809e39
00000399889a4319
00000399b9ce5e59
00000399e88f03f9
0000039ed0c513b9
00000742bfd76d61
00000000021b4671
0000000000000181
000007486fe52c61
00000000021b4671
0000000000000181
