[MCS8 A] 97 FW 3.104 SV 1.257 
range=1024
periods=2
sweepmode=27e20d0
fstchan=0
holdafter=0
streamstatus=3
calreg0=0
calreg1=0
calreg2=0
calreg3=0
swpreset=8000        
prena=1
syncout=0
cycles=18
sequences=1
tagbits=16
vdac0=92c
vdac1=807
vdac2=8c8
vdac3=8c8
vdac4=8c8
vdac5=8c8
vdac6=8c8
vdac7=8c8
timepreset=150.000     
digio=0
digval=0
autoinc=0 
savedata=2 
mpafmt=asc
sephead=0 
fmt=asc
smoothpts=5 
[CHN1]
REPORT-FILE from 07/24/2026 11:55:21.325  written 07/24/2026 11:55:21
cmline0=07/24/2026 11:55:21.325 
cmline1=A1
range=1024
active=1
bitshift=4
cftfak=2580100
evpreset=10          
roimin=0
roimax=1000
caloff=0.800000
calfact=12.800000
calfact2=0
calfact3=0
calunit=nsec
caluse=1 
[CHN2]
REPORT-FILE from  written 07/24/2026 11:55:21
cmline1=A2
range=1024
active=0
bitshift=4
cftfak=2580100
evpreset=10          
roimin=0
roimax=1000
caloff=0.800000
calfact=12.800000
calfact2=0
calfact3=0
calunit=nsec
caluse=1 
[CHN3]
REPORT-FILE from  written 07/24/2026 11:55:21
cmline1=A3
range=1024
active=0
bitshift=4
cftfak=2580100
evpreset=10          
roimin=0
roimax=1000
caloff=0.800000
calfact=12.800000
calfact2=0
calfact3=0
calunit=nsec
caluse=1 
[CHN4]
REPORT-FILE from  written 07/24/2026 11:55:21
cmline1=A4
range=1024
active=0
bitshift=4
cftfak=2580100
evpreset=10          
roimin=0
roimax=1000
caloff=0.800000
calfact=12.800000
calfact2=0
calfact3=0
calunit=nsec
caluse=1 
[CHN5]
REPORT-FILE from  written 07/24/2026 11:55:21
cmline1=A5
range=1024
active=0
bitshift=4
cftfak=2580100
evpreset=10          
roimin=0
roimax=1000
caloff=0.800000
calfact=12.800000
calfact2=0
calfact3=0
calunit=nsec
caluse=1 
[CHN6]
REPORT-FILE from  written 07/24/2026 11:55:21
cmline1=A6
range=1024
active=0
bitshift=4
cftfak=2580100
evpreset=10          
roimin=0
roimax=1000
caloff=0.800000
calfact=12.800000
calfact2=0
calfact3=0
calunit=nsec
caluse=1 
[CHN7]
REPORT-FILE from  written 07/24/2026 11:55:21
cmline1=A7
range=1024
active=0
bitshift=4
cftfak=2580100
evpreset=0           
roimin=0
roimax=1000
caloff=0.800000
calfact=12.800000
calfact2=0
calfact3=0
calunit=nsec
caluse=1 
[CHN8]
REPORT-FILE from  written 07/24/2026 11:55:21
cmline1=A8
range=1024
active=0
bitshift=4
cftfak=2580100
evpreset=0           
roimin=0
roimax=1000
caloff=0.800000
calfact=12.800000
calfact2=0
calfact3=0
calunit=nsec
caluse=1 
;MCS8 #97 Sversion=1.257 Fversion=3.68
time_patch=1
;datalength=8 bytes
;bit0..3: channel# 1..8 ( 4 bit)
;bit4: edge 0=up / 1=dn ( 1 bit)
;bit5 ..57: timedata    (53 bit), max sweep length 2001.6 h
;bit58..62: tag0..tag4  ( 5 bit)
;bit63:     data_lost   ( 1 bit)
[DATA]
0000000000000016
0000000028f81e39
000000002bf4abd9
000000008cb44ab9
0000000103e75bd9
00000001b8989059
0000000252307859
00000002657a9c59
00000002e6603db9
00000002e6604539
0000000401e5c999
0000000425647fb9
00000004d37d0899
0000000518859719
000000059d9e4519
0000000745100b79
00000008281e56d9
000000090d007199
00000009332ca499
00000009332cf179
0000000c6f0c6d99
0000000c6f0c8059
0000000c6f0c8959
0000000c706f0859
0000000cfbf55019
0000000d31e30e59
0000000d4bf6c539
0000000d7ed7e519
0000000dce4bd139
0000000dce4be299
0000000dce4bf6f9
0000000dce4c5719
0000000de8b51799
0000000de8b52e19
0000000e43a1a839
0000000f50c42599
0000000f870f2b59
0000002156d17a61
0000000001e88471
0000000000000181
0000001102ecc839
00000011e25f15d9
00000012e01142d9
00000013189dc139
000000131d770fb9
000000151b4ced39
000000153676d0f9
0000001630d40cb9
000000166315fbb9
00000016766f03b9
00000016884a02b9
000000170a493999
000000182214a1d9
00000018ec296d59
0000001963b7fd39
00000019a0d498d9
00000019b51e5279
00000033f73bfa61
0000000001e88471
0000000000000181
0000001a46420259
0000001a46421579
0000001b10a4b799
0000001bb0aa2c19
0000001c504cdef9
0000001d53911719
0000001fad261779
0000001feedc9239
000000209acb2fb9
00000021c19c27b9
000000232f8a77b9
0000004697a67a61
0000000001e88471
0000000000000181
0000002406791c19
00000024d4618259
00000025d2a30f99
0000002605061339
00000026e2eeff59
000000297357ba59
0000002b5f91be99
0000002c6d781779
0000002c83786d79
0000002c83788699
0000002c83788739
0000002c8378a1d9
0000002c8378b859
000000593810fb61
0000000001e88471
0000000000000181
0000002d75589639
0000002dbb0f56d9
0000002e19607159
0000002ed6b03519
0000002f69b794d9
000000316aa80a39
000000316aa811f9
000000325e26e6b9
000000325e270259
00000032cfb401f9
00000032d70fc239
000000330954ebd9
000000330d014dd9
000000333a703579
00000033a3cd1b19
0000003449d4ccd9
000000351226a379
0000003531beb019
0000003531bec4f9
0000006bd87b7b61
0000000001e88471
0000000000000181
000000369b1133d9
00000037d79b1979
00000037d79b2a79
000000384117e0b9
00000038a0394179
00000038ccd279f9
00000038f94010f9
00000039a9944d79
0000003a2f7ef6b9
0000003a4d587bf9
0000003b96fdff99
0000003ba03b0ef9
0000003c29d27539
0000003c9ed16919
0000003d863fbbd9
0000003e6e602359
0000007e78e5fc61
0000000001e88471
0000000000000181
0000003f4a65cf79
0000003f5858cf99
0000004200c48a59
0000004200c4cef9
00000044c894e419
00000045a9a5fc19
00000045b39f75f9
00000045b39f8f39
00000045e0a10e59
00000045e0a10ff9
00000046e3100219
00000047189c1399
00000047189c32d9
0000009119507c61
0000000001e88471
0000000000000181
0000004a27f3fcb9
0000004a9e6b7c19
0000004ab4cf0639
0000004adb4bd339
0000004c27ee6619
0000004d068eb439
0000004d3389fc59
0000004d4543f1f9
0000004d4a134839
0000004d8aea3039
0000004da6a8e2d9
0000004dc49af619
0000004e0168c839
0000004e87c7a0f9
0000004e87c7bf39
0000004f4581abb9
0000004f47b0ec59
0000004f4abe6d19
0000004f4abecfd9
00000051165169f9
0000005116518af9
000000518528b999
00000051b7b1ac59
00000051bb0af919
00000051bb0b0e19
000000a3b9bafd61
0000000001e88471
0000000000000181
00000054216c9559
000000546b911f79
00000054eb758e79
000000551a750df9
00000055ebb802d9
000000564fe6bcf9
00000057df1736f9
0000005846843f99
00000058d1f3f099
00000059040694d9
0000005a7cd6e359
0000005ad98db2f9
000000b65a257e61
0000000001e88471
0000000000000181
0000005bfb8b43d9
0000005c557e7ad9
0000005ca205de59
0000005ca205fbd9
0000005ca2065499
0000005cfc447479
0000005d10c19e99
0000005dd000fa99
0000005e8446eb99
0000005f185c2ad9
0000005f9d7109f9
0000005fc1efa6b9
0000005fc1efb8b9
0000005fc1efb9b9
000000605cd358d9
000000605cd36939
00000060b0216f59
00000061fd948219
000000620bc2d2b9
00000064454a3019
000000c8fa8ffe61
0000000001e88471
0000000000000181
000000651e6a5ff9
000000676375a799
0000006819aa28d9
0000006c1eaf7ef9
0000006c21d1b819
000000db9afa7f61
0000000001e88471
0000000000000181
00000070e5bdb2d9
00000071511fa6b9
000000715fd934f9
00000071e51e39b9
00000072dac01e19
00000072f0df8379
000000735acfd119
000000735acfd899
000000735ad00779
000000735ad06df9
00000073c39762f9
0000007460b12b39
00000074d2da2399
00000075b15770b9
00000075caa09a99
0000007636d83dd9
000000ee3b650061
0000000001e88471
0000000000000181
000000772ad7eaf9
00000077d68af839
00000077d68b00b9
00000077e36fd999
000000789d4a6d79
000000796a312399
00000079fc934d19
0000007d0bd85939
00000100dbcf8161
0000000001e88471
0000000000000181
00000080e67e2779
00000083aa83d0f9
00000083f3e035b9
00000083f3e03bb9
00000085934c8cf9
00000085934ca559
00000085a7422739
00000085a74239b9
00000086a7761859
00000086a7762ef9
000000878df0bf59
0000008874c85239
0000008897ae5479
0000008897ae69b9
00000088ba9d08f9
00000089b9d6b639
000001137c3a0261
0000000001e88471
0000000000000181
0000008a30ad2579
0000008aecd7bd99
0000008b867af739
0000008b867b0959
0000008d4192a7b9
0000008d5ac58fb9
0000008e233efdb9
0000008e319993f9
0000008e91d03479
0000008ed4a1b659
0000008f7db3c259
0000008f9f67f0b9
00000090bd315b19
00000090c8cc9fd9
00000092a25d9439
00000092c218ded9
000001261ca48361
0000000001e88471
0000000000000181
00000094143ee7d9
000000960b94afb9
00000096ca6449b9
000000979a3d91d9
00000098b412a1d9
00000098e44e01b9
00000098ee9fe519
00000099cac7de39
0000009a3a5abef9
0000009b4d030b79
0000009b4d9291d9
0000009b70c36279
00000138bd0f0461
0000000001e88471
0000000000000181
0000009c73c4d5f9
0000009d294bc679
0000009d7e1dacd9
0000009e20647939
0000009e34d3c299
0000009f9c88b319
000000a0dcac9779
000000a0dcad38b9
000000a19814b879
000000a1d8cd9419
000000a1d8ce1519
000000a3b1f0f5b9
000000a59fd1ba99
0000014b5d798561
0000000001e88471
0000000000000181
000000a5d6440619
000000a672112db9
000000a69b1b8119
000000a6aa79bab9
000000a6f0fb5d39
000000a768f11c39
000000a81ad51d19
000000a883fcb599
000000aa38f95519
000000aa56b087b9
000000ab135aa819
000000ab1f5b1079
000000ac48dea279
000000ac668bacb9
000000ac73c6e879
000000ac73c729b9
000000adec676199
000000ae1a5d9cb9
000000aed245e079
0000015dfde40661
0000000001e88471
0000000000000181
000000b0012da979
000000b0ed585a99
000000b0ed5862f9
000000b21907fb79
000000b2246159b9
000000b2ac1bb779
000000b2c6d37a59
000000b339d25e99
000000b3e9a7fcb9
000000b3e9a81199
000000b4739555b9
000000b4f16a8f19
000000b514195ef9
000000b5141975b9
000000b58e8d4839
000000b5bc4155b9
000000b60e10c679
000000b639bc9f99
000000b672449179
000000b70104c9d9
000000b770d61039
000000b770d611f9
000000b7ea8985f9
000000b83e6fca19
000001709e4e8761
0000000001e88471
0000000000000181
000000b90c2eea59
000000b91b71b3f9
000000b9a17df2f9
000000b9a17e06f9
000000ba79f4d059
000000bb1114b7d9
000000bc36ef9559
000000bc8aeae6b9
000000bed496c359
000000bee25fa499
000000bee25fa679
000000bee25fabf9
000000bf1f3b98d9
000000c12c6c5b39
000000c165e2cb39
000001833eb90861
0000000001e88471
0000000000000181
000000c21c0f5679
000000c2a1d84699
000000c324acdcb9
000000c324ad05d9
000000c358f8db79
000000c3f601fe19
000000c51f654619
000000c69813b979
000000c71b5a41d9
000000c759573059
000000c79b4ba379
000000c79b4bb979
000000c816870079
000000c8bdd94d19
000000c8c96c30f9
000000c994cbfdd9
000000c9a4adb519
00000195df238961
0000000001e88471
0000000000000181
000000cb81dc0d79
000000cc4f1184f9
000000cc88daa119
000000cee45c7179
000000cf28f90f99
000000cf28f92239
000000cfd8b89bd9
000000d06de71bd9
000000d06fb59d19
000001a87f8e0b61
0000000001e88471
0000000000000181
000000d447dcc9d9
000000d4947e49f9
000000d537d93f39
000000d653796019
000000d6822b8a19
000000d6b5512f99
000000d6ca833af9
000000d83f6047b9
000000d9cb6937f9
000000d9dc348939
000000d9e9c3b7b9
000000db8ba11379
000000dc34441a99
000000dcaea33479
000000dd04a0bcf9
000000dd8afdb639
000001bb1ff88c61
0000000001e88471
0000000000000181
000000dda9ca9a19
000000dda9caac79
000000df02b1c519
000000e002779139
000000e025691799
000000e092eba419
000000e092ebcd59
000000e0f97bb7f9
000000e1570d9d59
000000e1a3fd7739
000000e1a3fd78f9
000000e3ea7b42b9
000000e4caf68bb9
000000e5ac3e61f9
000000e65941f319
000001cdc0630d61
0000000001e88471
0000000000000181
000000e8fdb249f9
000000e8fdb26839
000000e8fdb2f2f9
000000eb0642d019
000000eb91147239
000000ec16dfb7f9
000000ec3b2876d9
000000ecaec18cd9
000000ed66d90479
000000edaf3f4e79
000000eef1ba6a59
000000eef1ba7a59
000000eef1ba7ad9
000000ef14dad579
000000ef85baa399
000000efcdc59579
000001e060cd8f61
0000000001e88471
0000000000000181
000000f1060933d9
000000f2ac7038f9
000000f2dc3c9519
000000f2dd63d0d9
000000f2e9922bd9
000000f3b0346019
000000f4632c3cb9
000000f4acad8199
000000f564feb239
000000f5660589f9
000000f657012299
000000f66ab60599
000000f77a7ee5d9
000000f793222759
000000f7aecf3e59
000000f8379d7b99
000000f86feca379
000000f8d7e39559
000001f301381061
0000000001e88471
0000000000000181
000000fa141124b9
000000fb3410a2f9
000000fbee929979
000000fdf8a58cb9
000000fea7c518f9
000000ffe81f6f79
00000100235d82d9
00000101517319b9
000001015588b1f9
0000010244b194f9
00000205a1a29261
0000000001e88471
0000000000000181
00000103741c4439
000001045d07edf9
00000105c0ad2179
0000010607603b39
00000106cb98b4f9
000001078ff443b9
0000010809085059
000001080908c6f9
00000108c591d0d9
000001092524bbf9
0000010b329b6159
0000010b329be439
0000010ba4feaa59
0000010bde2682f9
00000218420d1361
0000000001e88471
0000000000000181
0000010e2a64d3b9
0000010e65b5b539
0000010f4c6a0219
0000010fce668e59
0000011115ac0699
0000011115ac0fb9
00000111fd7ff919
000001121b0801b9
0000011231cfdcb9
0000011405200b59
000001148eabfaf9
0000022ae2779561
0000000001e88471
0000000000000181
00000115eb41da19
0000011600dfc0b9
00000116a17656b9
00000116a1766bd9
0000011702f53539
00000117d0085279
0000011819eb4539
0000011a44c4fb99
0000011ae0c33099
0000011b25c40599
0000011b74272df9
0000011bca049ab9
0000011c66b6f3d9
0000011cf8e53759
0000011eb8b29419
0000023d82e21761
0000000001e88471
0000000000000181
0000011f146e0c59
0000011f65936559
0000011fbce1d279
00000120171171b9
0000012243671399
0000012268448919
000001232fa5b7d9
00000124acbed7f9
00000124f9ac0319
000001256bb47a39
00000125aa930b99
000001261b80bd99
000001263a2eab59
000001263a2ebdf9
000001268265efd9
00000126a807b779
00000126c9270a79
00000250234c9861
0000000001e88471
0000000000000181
0000012978a40159
000001298390f879
000001299c989639
0000012a2c2ff399
0000012a31ccf979
0000012aaae2d379
0000012b315cda99
0000012c1e68bb99
0000012c6637b339
0000012c899cfab9
0000012d664a5019
0000012eb3db69f9
000001302cd88899
00000262c3b71a61
0000000001e88471
0000000000000181
00000131c2b31e79
00000132a94ac2f9
00000132a94b40f9
00000132a94b5699
00000132a94b8059
00000133721006b9
00000133dc585339
00000134308e0279
0000013447c3a4b9
00000134c7a351b9
0000013597b0f119
000001369f9d4619
000001371c5f9539
00000139982b14b9
00000139ea71f839
0000013a0c7eab59
0000013a927d7599
0000027564219c61
0000000001e88471
0000000000000181
0000013bcef24739
0000013c6a529979
0000013d08967879
0000013dd9511419
0000013dd9517879
0000013ea2befc99
0000014074b37c79
00000141d8ba9a59
00000141d8ba9bf9
000001425eb0de19
000001426612dbd9
000001426612ee79
00000143de3550b9
00000288048c1e61
0000000001e88471
0000000000000181
00000144b1255c59
00000144d0b34859
000001453c325ab9
000001455aa255f9
0000014634ac1219
00000146f51c14f9
000001472064dbb9
000001474b4b9fb9
000001482c07ec79
000001482c083a59
00000148525926f9
00000148f95653d9
000001490f8c28d9
000001491be3e3d9
0000014a5572e0d9
0000014a5656fe99
0000014bd0eb05b9
0000014c14ce4c59
0000014cb905fa59
0000014cd6aa53f9
0000014cd6aa63f9
0000014cd6aa7059
0000029aa4f6a061
0000000001e88471
0000000000000181
000001507abc0639
000001507abd5d19
0000015088a44b59
000001515b3d9d59
0000015356327ab9
00000154244aae59
000001547b89e8b9
000001554e056cb9
0000015685662479
000002ad45612261
0000000001e88471
0000000000000181
00000157af75de59
000001583fa997d9
00000158a9ba96b9
00000158f9c988d9
00000159fc8742f9
0000015a6af56a39
0000015b33946939
0000015c350784d9
0000015c3507bad9
0000015c350860b9
0000015cbe0d3899
0000015e68b2ebf9
0000015e73d3f8b9
0000015f32d7c039
0000015f360c8879
0000015fc59c6df9
000002bfe5cba461
0000000001e88471
0000000000000181
00000160f7963dd9
0000016188f35e99
00000161dcec1159
00000161dcec1959
00000162d8b037d9
000001630e34f6d9
000001631a7802f9
00000163d439cdd9
000001640b5b4d39
000001653aa686f9
0000016623da5219
0000016694c24f79
00000166e0e5fe99
00000167460f87d9
0000016781244719
0000016853a8dd79
00000168594404d9
00000168ac9b80b9
000002d286362761
0000000001e88471
0000000000000181
0000016981d75399
00000169c9114839
0000016afd3c3419
0000016d778300b9
0000016d8ca19bd9
0000016e162626f9
0000016e7d372619
0000016ed94a7f99
0000016ee4ce19b9
0000016fd96b2a99
000001712a6727d9
000002e526a0a961
0000000001e88471
0000000000000181
0000017345b73699
00000174f4108c39
0000017580994079
0000017598e3dcd9
000001765338be39
000001767b275a99
000001769b829579
00000176a0c8b2b9
00000176a0c8c719
00000177672433f9
00000177a7e4cb19
00000177ed2036b9
000001782fd6e4d9
00000178c1a8abf9
00000178faafba19
00000179edd0af99
0000017a148213b9
0000017a43692ff9
0000017af2c7bbb9
000002f7c70b2b61
0000000001e88471
0000000000000181
0000017d0fdeb519
0000017e80db7e59
0000017efe011279
000001804fd33979
00000180597e9759
000001814970c119
00000181b50da879
00000181b839f019
00000181b83a0879
000001839f109139
000001844c23df39
00000184fd5b3cb9
0000030a6775ae61
0000000001e88471
0000000000000181
0000018543759cd9
00000186bff2cb79
000001870f6b95d9
000001886315f299
0000018b653331d9
0000018b855aff39
0000018cbf508ed9
0000018cbf511ab9
0000018cbf512439
0000018e34021259
0000031d07e03061
0000000001e88471
0000000000000181
0000018f00e9dff9
0000018f00e9fcb9
0000018f00ea1b79
0000018f1006bcd9
0000018f660c2399
0000018f92237599
00000190874a8d79
00000190874a9df9
00000193c99c2199
00000194937fa739
0000019499b1cbd9
00000194fe335c59
0000019508c648f9
00000195211fc499
000001956b0bc959
0000019579fb4979
0000019609807539
000001962f529899
00000196579bcb19
00000196fda95139
000001973fafbff9
000001973fafe899
0000032fa84ab261
0000000001e88471
0000000000000181
0000019806508d99
0000019857abcd39
00000198fef7e059
000001993ceb93f9
000001998674aa39
00000199b32ec659
0000019c1b57d5d9
0000019c1b57d659
0000019c1b57dd39
0000019c7780ce39
0000019ee1133599
0000019f7957ad79
0000019f7957be39
0000019fd8d7d459
0000019ffbd17139
000001a027720639
0000034248b53561
0000000001e88471
0000000000000181
000001a148304f99
000001a201183559
000001a277b1c539
000001a2b859a879
000001a3d34a36f9
000001a41ac48b39
000001a420315259
000001a472c7b559
000001a4d1acf499
000001a7255a01f9
000001a7255a1419
000001a756232799
000001a90aba94b9
000001aa3953b439
000001aa407dbed9
000001aa407dd2f9
00000354e91fb861
0000000001e88471
0000000000000181
000001aad7a408d9
000001ab8c922259
000001ab8c9229d9
000001abdcf5dad9
000001ac0720b5b9
000001ac0720cf99
000001ac224577b9
000001ad5118ae99
000001ad5118c419
000001ad724fc2f9
000001ae40cac879
000001ae439005f9
000001ae439007d9
000001aef630c039
000001af099338b9
000001af440f78d9
000001afce694339
000001b0914cb3d9
000001b0d0f6c579
000001b12d1c65b9
000001b17af2ad39
000001b285508159
000001b3215faad9
000001b35cd5a559
00000367898a3a61
0000000001e88471
0000000000000181
000001b42e333819
000001b42e335519
000001b526fbc759
000001b5acb20bd9
000001b6432a5219
000001b647e65039
000001b6661dc619
000001b799ac8a79
000001b809804d79
000001b80980b4f9
000001b80980d399
000001b8179dd759
000001b906ac5ab9
000001badc03f799
000001bc7183c419
000001bca2385a79
0000037a29f4bd61
0000000001e88471
0000000000000181
000001bd3802acd9
000001bff2a813b9
000001bff2a81b39
000001c00b119ff9
000001c05789ab39
000001c0dca16e99
000001c164c0c5b9
000001c25bd06579
000001c2d465b239
000001c2e47b6b59
000001c2f64b7379
000001c32db9c619
000001c34e101f99
000001c34e105ef9
000001c4233a0579
000001c4707efdb9
000001c5309a6659
000001c570646b19
000001c587d7d9d9
000001c5a305a499
000001c5e7ec2319
0000038cca5f3f61
0000000001e88471
0000000000000181
000001c71c7df2d9
000001c7f436cb99
000001c912c3c659
000001c99d228d59
000001c9c86b08d9
000001ca46d97b59
000001ca46d981f9
000001ca668773d9
000001cc11931c39
000001ccce5dd379
000001cdf0717d39
000001ce0c5bedb9
000001ce972012f9
000001cf0adcdd99
0000039f6ac9c261
0000000001e88471
0000000000000181
000001d09eebd199
000001d176ece2d9
000001d1e3998f39
000001d1e7a9ced9
000001d1f6c06d99
000001d250b06f19
000001d29aa1b6f9
000001d39faf1759
000001d5a7abe7d9
000001d690afda19
000001d6caecd5b9
000001d7f4cb90b9
000001d8d3ba8779
000003b20b344461
0000000001e88471
0000000000000181
000001d9cc3d4dd9
000001da625b2439
000001db012fafd9
000001dbe152b8b9
000001dc357a18b9
000001dc9f60ecf9
000001dd3f0c9df9
000001dd6daf5af9
000001ddcc8128f9
000001ddcc812979
000001ddcc813bb9
000001de2f4db7b9
000001df017fb619
000001df10e38839
000001e0905b2a19
000001e110f31f39
000001e22817dbb9
000001e22817e439
000003c4ab9ec761
0000000001e88471
0000000000000181
000001e2d89bc4d9
000001e3c2150ad9
000001e4f2178af9
000001e51942fc99
000001e519435579
000001e57980bbd9
000001e596670df9
000001e5c4ea2019
000001e642efa2b9
000001e6b33f11d9
000001e71b400639
000001e72993dd19
000001e781827fd9
000001e7aa656139
000001e7aacead79
000001e8100abcd9
000001e8100b6379
000001e81d1efe79
000001e926fc1e39
000001e926fc2fb9
000001ea11d7e0f9
000001eb4a2f8299
000003d74c094a61
0000000001e88471
0000000000000181
000001ec040562b9
000001ec04057799
000001ec313eedf9
000001ecf9c385b9
000001ef35d40539
000001f045db4779
000001f045dbdff9
000001f045dbef39
000001f045dbf539
000001f053acb019
000001f1ea96c3f9
000001f2f10d2df9
000001f312f69639
000001f3343e0819
000001f37b64e4f9
000001f41f9cbf19
000001f48c0afb39
000003e9ec73cc61
0000000001e88471
0000000000000181
000001f531688bb9
000001f62c043999
000001f70b4fe6d9
000001f76b3c65b9
000001f8ac9293b9
000001f8e15b6159
000001f8e15b76d9
000001f911cf7779
000001fa08e3ef79
000001fa75d136b9
000001faa216e579
000001fbfcea2b39
000001fc2ca62499
000001fce8e62819
000001fd839dc259
000001fdd2a7ca99
000003fc8cde4f61
0000000001e88471
0000000000000181
000002000a4b75f9
000002005fe720d9
00000201c46a86d9
00000202620ea9b9
000002027d294af9
00000202b66a9739
0000020346d5eef9
00000203d6a5f139
00000204f1344b19
000002058d8f6599
0000020739a8ccb9
0000040f2d48d261
0000000001e88471
0000000000000181
00000208b45cafb9
000002099eca0259
0000020eb2a02419
0000020f7b3fe5b9
00000210315369d9
0000021060a44b59
00000421cdb35461
0000000001e88471
0000000000000181
00000210f3703539
00000211354691f9
000002113861b3b9
000002122e1fec39
00000212dc788ef9
00000214a0a5bf99
00000215479a39b9
00000216af520cb9
000002173ccaf0f9
000002173ccb0599
000002174e88c5f9
0000021806f8ad59
000002184e6bca59
00000218729f8619
0000021888779b19
000002196c0b78b9
000002196c0b8b79
000004346e1dd761
0000000001e88471
0000000000000181
0000021a87176b99
0000021af4680559
0000021ba57b6399
0000021ba57b74b9
0000021ba57bd719
0000021bb89ea019
0000021d37131ef9
0000021d9b46ecf9
0000021de7a39219
0000021e4d815259
0000021ed941bc39
0000021f9bbf65f9
000002206ad8bbf9
00000221086e7379
0000022173ba5119
00000222395fb7d9
00000222d09f7b99
000002235f1cad59
000004470e885a61
0000000001e88471
0000000000000181
000002256b7243b9
0000022638f58839
0000022638f58a59
0000022638f59b99
0000022638f5b359
0000022639035139
00000226ed0c7899
000002275740fa39
00000228a14047d9
00000228dbf110f9
000002293d7fda39
00000229acddd079
0000022a4a16d0b9
0000022b4cdc2599
0000022b99b2ce59
0000022c39cd47f9
0000022cac646bf9
00000459aef2dc61
0000000001e88471
0000000000000181
0000022dcac08159
0000022e67f25c59
0000022fc1bc04b9
00000230e7453079
0000023125531db9
00000232773877b9
0000023277387959
0000023277391a59
00000232df3d4039
00000233ffc42af9
000002346e128979
00000234aa4b1f59
0000046c4f5d5f61
0000000001e88471
0000000000000181
000002366d0f62f9
0000023a3d42cdf9
0000023c04fbaf79
0000023c5db9e399
0000023d98b381d9
0000023e443b43d9
0000023ecac05b79
0000047eefc7e261
0000000001e88471
0000000000000181
0000023f998f60d9
0000023fe5577c79
0000023ff31adcb9
000002409d7aa099
0000024126e4fcd9
00000241905b31f9
00000241cbfea499
000002428771e879
0000024287720979
00000243fc193c79
00000243fc196679
000002443ba20c39
000002448fec05f9
00000244bc5ed7d9
00000244eca8daf9
00000245b395dc39
00000245d2bd7859
0000024822c84bb9
000002484611ca79
000002484611dd19
000002484611e059
000002485f965699
000002485f966739
000002485f969b59
0000024884619019
0000049190326561
0000000001e88471
0000000000000181
00000249bc06b6b9
00000249ce982dd9
0000024a666ba699
0000024b18deca79
0000024b4ed31b39
0000024c3f752759
0000024c3f752eb9
0000024c3f754379
0000024d3d212259
0000024dad0432d9
0000024dae794c59
0000024dc55a71b9
0000024e679211d9
0000024e67921ff9
0000024f489dba19
0000024f9d61ad99
0000024fb70072d9
0000024ff9ce70b9
000002505663ef99
0000025056640379
00000250566411d9
00000250566452f9
00000250731ffbd9
000002509cdb3219
000002512f7d0719
000004a4309ce861
0000000001e88471
0000000000000181
000002524a587e59
0000025257a45fb9
0000025279116899
000002527d12bd79
00000253944fe8d9
0000025576e7dcd9
0000025576e7f179
0000025633d57cb9
00000256663713d9
0000025704b59e19
000002574a40add9
000002576be53779
00000257704de479
00000257704df4b9
00000258041d1d39
000002590017dd19
0000025981e60db9
0000025a591e19d9
0000025afc70e039
0000025b63d50c99
000004b6d1076b61
0000000001e88471
0000000000000181
0000025c004645b9
0000025ca7cdc9d9
0000025ca7cdd2d9
0000025d8ab0e499
0000025e31e19219
0000025e31e19ad9
0000025e453eb479
0000025e70b2f999
0000025e92563839
0000025ee18d4bd9
000002602fc22c39
00000260dbcd2fb9
00000260dbcd3cb9
00000260dbcd4599
00000260ec30c6f9
000002618b114f99
0000026250f77a59
00000263d38ecbd9
00000263e81d4d79
0000026470dad199
000002649d41a699
000004c97171ee61
0000000001e88471
0000000000000181
0000026522ee14d9
00000265538bf999
0000026574f9f239
0000026574f9fbd9
0000026574fa13f9
0000026574fa4499
000002658dd0cfd9
00000265ab5d6899
00000265b1e38e59
0000026677648279
0000026811c6fb99
00000269af9953d9
0000026aa74b9b39
0000026ab4f278d9
0000026ab4f2e439
0000026b3326bd59
0000026b41b49d99
0000026b41b4afb9
0000026b875d6919
000004dc11dc7161
0000000001e88471
0000000000000181
0000026f928fdc59
00000270649e8819
0000027127ae74d9
0000027127ae7c39
00000271d3edecb9
00000271e1e3dbb9
00000272892e5cb9
00000272a2934939
00000274ded7e559
0000027576a6cff9
0000027623147119
000002769fc8e5d9
00000276a2535679
00000276b9672ff9
00000276e86b0519
00000276ed530f19
00000276ed5338d9
000004eeb246f461
0000000001e88471
0000000000000181
00000278423a50f9
00000278423a62b9
000002785a498399
000002785b19bd99
000002798eaeae19
0000027a29d5e0b9
0000027a3b2b4239
0000027a76a93e79
0000027abc5f86d9
0000027ad3ed6299
0000027b274d6819
0000027bb0464739
0000027c033ff6d9
0000027d3e6fd7d9
0000027db36ee099
0000027e720fb819
00000280133c4a19
00000280406c1399
0000050152b17761
0000000001e88471
0000000000000181
0000028385f82b79
0000028385f841d9
00000283a97a6fb9
000002862f06dbd9
000002864c1e32f9
0000028681927619
00000286aa162dd9
00000287c0b47b79
00000288e960fe59
00000289652b41b9
00000289652b5259
00000289652be279
00000513f31bfa61
0000000001e88471
0000000000000181
0000028ab3befcd9
0000028c20146139
0000028ea005ddf9
0000028f214bdfd9
0000028f61272439
0000028f61272619
0000028ffbfe9659
0000029096073c99
00000290c87e66f9
00000291ee693459
000002927a6c4f79
0000052693867e61
0000000001e88471
0000000000000181
0000029454e6af59
00000294905e0d19
000002968b7b8a99
00000296d07c5bb9
000002975af94d19
0000029785f76c79
00000297f8f5f1d9
00000297f8f65c79
00000298b932c679
0000029b660fa159
0000029b660faa19
0000029bace069d9
0000053933f10161
0000000001e88471
0000000000000181
0000029ce8d51759
0000029d7907ed99
0000029df7b10d19
0000029e456ce079
0000029fbff160d9
0000029ffa223739
000002a089294db9
000002a163349519
000002a1c0716279
000002a261aea9d9
000002a261aec099
000002a417137739
000002a51ede2f59
000002a564a9d239
0000054bd45b8461
0000000001e88471
0000000000000181
000002a5fcc7b5b9
000002a6146919f9
000002a6a3516dd9
000002a6a3516fb9
000002a97c4c5499
000002aa0ce4d959
000002aa0ce4e1d9
000002ab78b38499
000002abcac785f9
000002ac13b5c559
000002ac233f7619
000002adc2ff9919
000002ae723192b9
000002af0248cc19
000002af30e2f0f9
0000055e74c60861
0000000001e88471
0000000000000181
000002af406fb7d9
000002b00dfbc039
000002b02156cef9
000002b02156e079
000002b0661ec0f9
000002b0aa3a46d9
000002b1ce6a5039
000002b4dca40c39
000002b5668bac39
000002b5fd7786f9
000002b6229507f9
000002b680289eb9
000002b6acf91079
000002b7ea6d5339
000002b888fae919
0000057115308b61
0000000001e88471
0000000000000181
000002b9b0b041f9
000002b9e4d84c99
000002bb5672ef59
000002bd577be0d9
000002bd577be279
000002bdda1e7b99
000002bdef2d4499
000002beae8c5c59
000002bf1cc44dd9
000002bf7424e2d9
000002bfed67eef9
000002bff810e279
000002bff810f7b9
000002c0100308d9
000002c01224c3f9
000002c08f251cb9
000002c09c3be059
000002c09d1c83f9
000002c10d5ce359
000002c1aa4806f9
00000583b59b0f61
0000000001e88471
0000000000000181
000002c309c1c379
000002c339128979
000002c34ad66199
000002c34ad681b9
000002c35b2a4599
000002c48828bcb9
000002c4de7168b9
000002c5aa4c2c79
000002c62ad61f99
000002c6716ded79
000002c71a8a3d79
000002c7823411d9
000002c89bb99739
000002c9324926d9
000002c932499bf9
000002c959232799
000002c959233f99
000002c96a313a79
000002c96a313c39
000002c9f42bde59
000002c9f42c56b9
000002ca2bebd0d9
000002ca6deca359
000002ca932f6219
000002cab47fee59
000002cb1786a1b9
0000059656059261
0000000001e88471
0000000000000181
000002cb497c1ef9
000002cbed291c59
000002cbef3f3579
000002cd14b51c59
000002cd14b52e79
000002cd14b53d19
000002cd4c6a4039
000002ce396e57b9
000002cecc27e6f9
000002cf224d2ef9
000002cf2432e6d9
000002cf6d2d8399
000002cfd9a24e79
000002cfec447cd9
000002d04d7ad359
000002d05d6d1b19
000002d05d6d3859
000002d05d6d66d9
000002d088f70819
000002d18bdec6b9
000002d253450db9
000002d2589c9c39
000002d30dbebc39
000002d38a2b82d9
000002d39f9d7299
000002d416f8de39
000005a8f6701661
0000000001e88471
0000000000000181
000002d4a4d9c839
000002d629f475b9
000002d629f48779
000002d647b6b499
000002d6563a1479
000002d673c672b9
000002d6de18cc59
000002d6ea614e39
000002d7b3e6a719
000002d7dfccd939
000002d7ea4308b9
000002d87c9531b9
000002d98f9ec579
000002d9c9be7b99
000002db0d583739
000002dba304d119
000002dce3bdedf9
000002dcf61291b9
000002dd0bdf0f99
000002dd173b5979
000002dd173b7a99
000002dda6597a59
000005bb96da9a61
0000000001e88471
0000000000000181
000002de1f0018f9
000002de1f001bb9
000002deb5628259
000002df11f4ad59
000002df11f4af59
000002df11f4c359
000002df6bd98879
000002e01a4585f9
000002e05bd723f9
000002e092135539
000002e0d24a5f99
000002e158574ad9
000002e2229d30d9
000002e24796e4b9
000002e291c58c59
000002e36857e399
000002e3a28929b9
000002e4e7396cf9
000002e58950d2b9
000002e5e1fef2d9
000002e629f7ce39
000002e647a5c7b9
000002e67d7352f9
000002e6f3fdf639
000002e716a99219
000005ce37451d61
0000000001e88471
0000000000000181
000002e754a8f5d9
000002e754a908f9
000002e835e17539
000002e8e2ee2579
000002e90e701c99
000002ea93ddae79
000002ead0a33b59
000002ead0a33cd9
000002eb48995ed9
000002eb51b64df9
000002eb51b64fb9
000002eb51b66519
000002eb55ad3179
000002eba0ba31f9
000002eba6505eb9
000002ebb6d22759
000002ebb6d228f9
000002ec0d16b9d9
000002ec2ea52c59
000002ecb5937e59
000002ed4805b999
000002ed5d2514d9
000002eecf078059
000002eeece29f59
000002eef02f5ff9
000005e0d7afa161
0000000001e88471
0000000000000181
000002f0b7ed60b9
000002f26c0693b9
000002f2aa6a8639
000002f2eb2211f9
000002f3350fa139
000002f33b991bd9
000002f557b1d459
000002f56763e459
000002f6ca147719
000002f6cdeb4399
000002f797dad059
000005f3781a2561
0000000001e88471
0000000000000181
000002f9f703aad9
000002f9f703c399
000002fa01c5d6d9
000002fa4217b099
000002fc0a7d5779
000002fd5b26a5b9
000002fd5d631ab9
000002fe0d3c6059
000002fe0d3c66f9
000002ff8b4ca519
00000300c59b23f9
00000301645e07f9
000003018b9cea59
000003018b9cfcf9
00000302830e3cd9
00000302f95bf059
000006061884a961
0000000001e88471
0000000000000181
000003041ef83839
0000030477b3b999
00000304918c2639
000003055526f139
0000030577db2e39
00000307eddefeb9
00000308cfd5bc19
00000309245f1219
00000309245f3b99
00000309e6648599
0000030a114d8939
0000030a114d9959
0000030a888d2339
0000030a888d2759
0000030ae8580919
0000030b42de70f9
00000618b8ef2d61
0000000001e88471
0000000000000181
0000030c9d5932f9
0000030dec2d36d9
0000030ef2daf659
0000030ef2daff79
0000030f8072be39
0000030f8072de39
0000030fd0d64439
000003103c2b4119
00000310be8a45b9
0000031176911dd9
0000031176913679
0000031234e63d19
00000312e215aa99
000003138dd03299
00000313e2045299
000003150e69f919
000003157c730579
0000062b5959b161
0000000001e88471
0000000000000181
00000316181187d9
00000316f336f019
0000031778096239
000003177bd5dd59
00000319d78e8759
00000319d78e9c99
0000031a387a8699
0000031c6fc02759
0000031ce5939d79
0000031d1b3623d9
0000031dd1222d79
0000031e646f0039
0000031e646f01d9
0000031e652c2379
0000031eb4bab139
0000063df9c43561
0000000001e88471
0000000000000181
000003201ef902d9
00000320fa4829d9
00000322532ad3d9
00000322532b36f9
0000032258280f99
00000322714a4419
00000322aa3b1819
000003242d6a2519
0000032584a766d9
00000325f75bbd79
0000032693dd9719
000003269e703a59
00000326cba6a9b9
0000032710ada819
00000327f1b72919
0000032815f176b9
000006509a2eb961
0000000001e88471
0000000000000181
00000328e2e52c59
0000032960c295b9
00000329e03cd0b9
0000032b4c98baf9
0000032b4c98cb99
0000032b4c98cf99
0000032c21d62cf9
0000032c21d63619
0000032c29ed6d19
0000032d54a53a99
0000032e07e94f19
0000032f87c2fe79
0000032f87c30779
0000032f96211739
0000032fcfe28879
000003304f30bc19
00000330a706b019
00000330a706d7d9
00000330ccbfe139
000006633a993e61
0000000001e88471
0000000000000181
00000331be3c7b79
00000331f3510359
00000331fd8031f9
0000033273ac4b39
00000332f8e0a999
000003347bc7c639
000003349b933399
000003353e21edd9
00000336085aca19
000003367528a899
000003367dc6c0f9
00000336ac8e3a99
000003386428e6d9
0000033917155cf9
0000033939eaf639
0000033991a82139
0000033991a88a39
00000339b548f399
00000339eacebfd9
0000033a6fb43db9
0000033a77713c59
0000033a867d2479
0000033abeb3f579
00000675db03c261
0000000001e88471
0000000000000181
0000033b20ae3559
0000033d1e417319
0000033da4721b59
0000033e5488b4d9
0000033fa3819539
0000034010880279
00000341b05f5cb9
00000341f51f24f9
0000034359cbd9f9
0000034389650079
0000034435300b59
000006887b6e4661
0000000001e88471
0000000000000181
000003453d6048d9
00000346de352c99
000003472eedd6b9
00000347bd9a7679
00000348a9e2e199
00000348fc7e6b79
0000034903333c59
000003499cb90699
00000349af26fc59
0000034c2fb0bbb9
0000034c7170c5f9
0000034c8c336079
0000034d7fb54ab9
0000034d7fb568d9
0000069b1bd8cb61
0000000001e88471
0000000000000181
0000034fb4b2c5b9
0000034fb4b2fdd9
0000035070c6d6d9
000003507c658859
00000351a795f139
00000352184861b9
0000035236fce399
0000035278665599
00000354747993f9
000003552e012a99
0000035571b93479
00000355a48b0279
000006adbc434f61
0000000001e88471
0000000000000181
000003577ca81519
0000035801709119
0000035850f88ef9
000003593c46f9d9
0000035aeb97af59
0000035c5ce0dad9
0000035cbce66319
0000035dbdc2a539
0000035e41a063d9
0000035e764dc8f9
0000035e829b2ab9
000006c05cadd461
0000000001e88471
0000000000000181
00000360fa8ab119
000003620a6563d9
000003620a656599
000003636c60b0d9
00000363b96dbc59
00000364315b4839
000003655a3745d9
00000365ace8ef59
000003660cd5a239
000003660cd5c939
000003661d7282f9
0000036712f16a99
00000367836986f9
000003678d125779
000003678d1269b9
000003678d126af9
000003678d12a159
00000368fc581fb9
000006d2fd185861
0000000001e88471
0000000000000181
00000369d36a4879
0000036b73288039
0000036b73288239
0000036b81a96d19
0000036cf5704ad9
0000036d294b8699
0000036d4fc324f9
0000036d98abdb59
0000036e2f9ac399
0000036e68579ad9
0000036e6857b6b9
0000036fd5787e79
00000370bdad2559
000003719db27139
00000371b96360b9
00000371baeb6e79
00000371ca808ad9
000006e59d82dd61
0000000001e88471
0000000000000181
00000372df3ea2b9
00000372ed5dfb39
00000372f0ac22d9
00000373399ec0d9
00000373be449d79
00000373bf41ce79
0000037778e0d479
00000378b8f62fd9
00000378b8f631f9
0000037941166d39
000003794116a419
00000379a1dbc839
00000379dd761399
00000379ff7053d9
0000037a05fb0439
0000037b50d5c4f9
0000037c157bfcd9
000006f83ded6261
0000000001e88471
0000000000000181
0000037c6f697c99
0000037ead908c99
0000037ed093e039
0000037eeee2a699
0000037f282970f9
0000037f510dea19
0000037f6efb8779
0000037f6efb8819
0000037fcddeb2d9
000003808809f7b9
0000038230fee9b9
000003836e8faa79
0000038541804b39
0000038541805d19
000003856c9719d9
000003856c972d99
0000070ade57e761
0000000001e88471
0000000000000181
00000385f6b05099
0000038614816c99
0000038770250019
000003887b8cffd9
0000038969f02719
000003896e489e99
0000038a24157559
0000038a37cad6d9
0000038ade229139
0000038af72c3cb9
0000038b16974339
0000038b9fb04299
0000038bb5054179
0000038c2c82b339
0000038c8b46bb79
0000038dafa29179
0000038de8cff519
0000071d7ec26c61
0000000001e88471
0000000000000181
0000038eecfc6d99
000003906f0f4639
000003906f7e6299
0000039075f85cb9
0000039075f88779
00000390f60a8c19
0000039108dba1b9
0000039108dbb059
000003911a2bb479
000003911a2bca19
00000391aaad6a59
00000392e42ad139
0000039309143179
000003932ac7be39
000003932ac7c079
000003932ac7d739
000003945c6cb199
00000394d39f2359
0000039557611fb9
00000397314de519
0000039740cd6019
000003976f8e2639
000003980a5134b9
000007301f2cf161
0000000001e88471
0000000000000181
00000398cc1a8e59
00000398ecbdb299
000003991c5582d9
000003996966c579
00000399a35cdc99
00000399cb8affb9
00000399d63ce339
00000399d63cf5f9
00000399d93636d9
00000399e919a559
0000039b75dd5e99
0000039b7a6d4799
0000039c2600fd99
0000039e44d152b9
0000039e5763b019
0000039e97ed4979
0000039f3da06a79
0000039fc1210059
000003a008309099
000003a011dba259
00000742bf977661
0000000001e88471
0000000000000181
000003a1caf67939
000003a1db008779
000003a24215f779
000003a2cc23b5d9
000003a47ec9b4d9
000003a493c65c59
000003a493c6d759
000003a4cf011119
000003a4d720df19
000003a6501e7dd9
000003a6af1ab259
000003a6d75390f9
000003a88c9f15f9
000003a8a5252379
000003a8e5822e79
000003a8e5823f79
000003a9334259d9
000003a98f47f699
000003a9a18931d9
000003aa6444e019
000007556001fb61
0000000001e88471
0000000000000181
000003ab43dbe679
000003ac2adc8a19
000003ac6c9aab99
000003acb3f20eb9
000003acfebb6039
000003acfebb6199
000003ad948b2fb9
000003adbcaee999
000003ae332d36d9
000003ae5b8b9d59
000003ae5c195bb9
000003b02b2b6e39
000003b06d9ce519
000003b0798546d9
000003b176904fb9
000003b214152719
000003b2d687d479
000003b2d687d679
000003b32196be99
000003b3b8c547b9
00000768006c8161
0000000001e88471
0000000000000181
000003b4839a0059
000003b4e54924f9
000003b51238f0d9
000003b51238f9f9
000003b529137af9
000003b579de11b9
000003b5fd6ec3f9
000003b7624f8219
000003b7d74f35b9
000003b7fa9353d9
000003b86cc02f59
000003b969328879
000003ba0fae61b9
000003ba50ce6439
000003bb74dd3199
000003bc85c4c4d9
000003bc85c4d879
000003bc86212959
000003bccff9b019
000003bccff9c759
000003bccff9d579
0000077aa0d70661
0000000001e88471
0000000000000181
000003bdb0c9d459
000003bebda36b59
000003bf2b9056d9
000003c04afeafb9
000003c04bb2d919
000003c0eb329959
000003c1194da8d9
000003c1264fa539
000003c126504ef9
000003c175b5cb99
000003c18d4d6799
000003c1c158c9f9
000003c28305d759
000003c2c2aca619
000003c2d9b68519
000003c344e9db79
000003c345016599
000003c3561714d9
000003c3edd55099
000003c3f6654b79
000003c4bd9cd3d9
000003c5036915f9
000003c5bd9048d9
000003c62bae08f9
000003c6637bb839
0000078d41418b61
0000000001e88471
0000000000000181
000003c6df84b839
000003c6df84cd99
000003c731b4e6d9
000003c843d48899
000003c88705e859
000003c8c7244d59
000003c8cca09a79
000003c900565d59
000003c9c79b5699
000003cad7d0fd39
000003cba9843f99
000003cbe27ad439
000003cc036f4dd9
000003cce9bb19d9
000003cd1f04a1f9
000003cd66e970d9
000003cd8a1b1779
000003cd8a1b1939
000003cd8a1b40d9
000003cdb850b9d9
000003ce9b3bebd9
000003cef1468b99
000003cf67e307f9
000003cf7c8eea79
0000079fe1ac1161
0000000001e88471
0000000000000181
000003d1abf25e59
000003d31f33b899
000003d4e7c52019
000003d5087f54b9
000003d5087f6759
000003d5ae3de939
000003d60946a639
000003d672ce2c39
000003d6fdab2db9
000003d80065c4d9
000003d80065e439
000003d895d565b9
000003d8d12b74d9
000003d921b404f9
000007b282169661
0000000001e88471
0000000000000181
000003dba5a35299
000003dd053e65b9
000003dd12d26139
000003de2cc90379
000003df06bd3b79
000003df34169579
000003e13d85d5d9
000003e1b37fc939
000003e1ed51b3d9
000003e2403416f9
000007c522811c61
0000000001e88471
0000000000000181
000003e2a68adc79
000003e2a68b0679
000003e382be3159
000003e39990c719
000003e3c26ad119
000003e4819c59b9
000003e4877fd9d9
000003e4aabae759
000003e57aa34a79
000003e626732339
000003e7e7e61a59
000003e7fd1ea859
000003e80185f459
000003e87f64f439
000003e884300599
000003e8f8764059
000003e8fbade119
000003ea4cf2e4b9
000003eb38501d59
000003eb8d67f939
000003ebaf065819
000003ebaf0660f9
000007d7c2eba261
0000000001e88471
0000000000000181
000003ec64646099
000003ece250c579
000003eeeafea8b9
000003ef721e7379
000003ef7d405b99
000003f171eb8c59
000003f1841c1b39
000003f1be9edfb9
000003f20b5b36d9
000003f243f95979
000003f2c3478a59
000003f4261af4b9
000003f4ed539019
000007ea63562861
0000000001e88471
0000000000000181
000003f55a7d0b19
000003f5a648f559
000003f5c0976279
000003f784fe44d9
000003f791a57ed9
000003f791a590f9
000003f7b8956e79
000003f837db6979
000003f99be8bbd9
000003fa531b5019
000003fb00e33999
000003fb00e35b19
000003fb16965599
000003fc2b875139
000003fc7bc67bf9
000003fcb30c9f19
000003fd114d0199
000003fe1b8800d9
000003fe2e703219
000003fe40394299
000007fd03c0ad61
0000000001e88471
0000000000000181
000003febef4a799
00000400216ee9d9
0000040060524b19
00000400ce636a19
000004012142ff99
000004015e06e439
00000401a49892d9
00000401acaf5b39
000004029ce52299
00000403627f8c99
00000403862e70d9
000004039f93c6b9
00000404259547b9
000004043e792599
000004055c314df9
000004068e513b39
0000080fa42b3461
0000000001e88471
0000000000000181
00000407d43341d9
0000040800059399
000004099ce4baf9
0000040a6d01af79
0000040b152af1b9
0000040bc85812d9
0000040d392fbfd9
0000040d392fd299
0000040d392fd3b9
0000040d392feed9
0000040efadf56f9
0000040f164e33f9
000004103c576339
000004104fa5f399
000004110a94c879
000008224495ba61
0000000001e88471
0000000000000181
0000041128ef5d79
0000041133981219
00000412a7bc1879
000004135d2473b9
00000414d0eba859
00000414e2f33919
00000415ccefbd59
00000415ccefc639
000004179e3b8a99
00000417e31a3539
0000041941bbecd9
00000419de4eb0d9
00000834e5004061
0000000001e88471
0000000000000181
0000041a7d34c119
0000041ae6bf0db9
0000041af55daa79
0000041b59ef0999
0000041c4ef6cb79
0000041c4ef6cbf9
0000041c4ef6cc39
0000041c4ef6d2d9
0000041cf2c8d899
0000041d97089039
0000041d97089219
0000041e17a10b59
0000041e528af3d9
0000041e9cd74d99
0000041ec7abe7f9
0000041f893132b9
0000041f9d81a399
0000041f9fe06b19
00000420d4114439
000004213a1a5679
000004213a91e479
00000421813dba59
000004222098c739
00000422fc4eedf9
00000847856ac661
0000000001e88471
0000000000000181
000004241ffa2759
00000425b7b75bd9
00000425ed5d6559
000004265733b0d9
0000042698f94e19
00000426ddcec8d9
000004270953a899
00000427167848b9
00000427c7568679
00000429b624b0b9
00000429cf57bed9
0000042a7af27539
0000042b3af8f9b9
0000042c67d107b9
0000085a25d54c61
0000000001e88471
0000000000000181
0000042ddd584b19
0000042f2414e079
00000430d6002b59
00000430dcbc9639
00000430feff5b39
000004313c2de519
000004313c2deb79
0000043146678c79
00000431aeb69339
000004320d8941d9
000004320f1edbf9
000004320f1ef019
000004320f1f46b9
0000043348be1159
0000043348be6e39
000004338002ea99
0000043397ffbe19
000004340493fbf9
0000043430e6b939
000004344470ebf9
000004344eb6f159
0000086cc63fd361
0000000001e88471
0000000000000181
00000436cc5ad059
00000436e7d118b9
00000436e7d18199
000004385371c099
00000438d98c3719
000004396c0eaa79
0000043a643c1839
0000043acf543799
0000043c1d202a39
0000043c923c7d59
0000043ca6bb5d99
0000043d368f91f9
0000043d812669d9
0000043da93e9ef9
0000043db458eeb9
0000043e130c77b9
0000043e2cc6ed39
0000043eb28c23f9
0000043ec1c6ce39
0000043ee956c2b9
0000043ee956c479
0000043f2e918139
0000087f66aa5961
0000000001e88471
0000000000000181
0000043fc82a6759
0000043fc82a6959
0000043fc82a8a99
0000043fc82a9e19
0000043fc82aa1d9
0000043ffdbc4199
00000440cf5e3539
00000440daa6add9
0000044104987bd9
00000443590362b9
000004440b3168b9
0000044415425659
000004441542c3b9
0000044465953119
000004456c924279
000004457ba0ce19
00000447d89ba3b9
00000447d89bab19
000004481d5cb5f9
000008920714e061
0000000001e88471
0000000000000181
0000044929a5f9f9
0000044a4a52bcb9
0000044a85b616b9
0000044c67144359
0000044cab9a2519
0000044d3e173519
0000044d83e03719
0000044e9bf34939
0000044f5a49e479
0000044f7dece299
0000044fd3701f19
0000044fee260439
000004523ead9939
000004523eae03d9
000008a4a77f6761
0000000001e88471
0000000000000181
00000452d77f1ab9
0000045398ba8ab9
0000045425c7f139
000004556f038919
00000455fcbdd719
000004564a04bdd9
00000456e095ce79
0000045824394259
00000459398cc7d9
00000459398d4759
00000459cd1c1fb9
0000045a55b6a039
0000045a55b6af39
0000045addb1e2d9
0000045b95c76739
000008b747e9ed61
0000000001e88471
0000000000000181
0000045ca1b1fb99
0000045d74fa5fd9
0000045dc1ab68b9
0000045ec3947859
0000045ec394b139
0000045f5d357a99
00000461569f0719
00000461e1e38bd9
00000462be3c34d9
0000046355ac26f9
00000463bec89479
00000463cd47a059
00000463cd47a859
0000046463febad9
0000046463febb59
0000046463fec239
0000046479e68fb9
00000464b718fc19
00000464e6bf1639
000008c9e8547461
0000000001e88471
0000000000000181
000004650f62f679
00000465e204ccd9
000004667d309059
0000046787dcef79
00000467f3dd09f9
000004680dbaed59
0000046828eabbb9
000004687a724bb9
00000468aa5c3b99
00000468c254d019
000004690f0de1f9
0000046a16e3a299
0000046a16e3b759
0000046a67a085b9
0000046a7ae256f9
0000046aa6f639d9
0000046ae72e5579
0000046d729bd679
0000046df1128cd9
0000046e02758439
0000046e2929b439
0000046e2929c979
000008dc88befb61
0000000001e88471
0000000000000181
0000046e49981c79
0000046eef7c5199
0000046efa6bb779
000004702937a479
000004702cb8fcb9
000004703b79da79
000004710dc54919
00000471233648d9
000004713442a8d9
0000047249eb3ed9
00000472db9134f9
00000473945c6fb9
00000473a1f27939
00000473be0dabf9
00000473ef440af9
000004746acb5ad9
00000475802a1979
00000475a3284e79
00000475f179c979
00000476ca083e79
00000477254202f9
0000047780d323b9
0000047791fe3339
000008ef29298261
0000000001e88471
0000000000000181
0000047883df9899
00000478ac902f59
00000478bbe030d9
00000479829833b9
000004798d811379
0000047b02d1d019
0000047bee2bf0f9
0000047ce7844f39
0000047ce78466d9
0000047e2cfcebb9
0000047e2e288279
0000047f4a31e619
0000047f8b9c7a59
0000047fb344c699
00000480e017dcf9
00000901c9940961
0000000001e88471
0000000000000181
000004816097baf9
000004816097bd59
000004816097c279
000004820ee787d9
000004820ee7a3f9
000004820ee7a499
000004820ee7ab59
00000482d45171f9
00000482d4518639
00000482d492d319
00000482d492e199
00000483349cf599
00000483349d5e39
00000485ecb5c139
000004860c1af679
000004861e735c59
00000486476d86b9
00000486ac901d39
00000486ac903039
00000487de819ab9
00000487f9410a79
0000048873aacf59
00000488f73b46d9
00000488f73b4859
0000048948bcae99
0000048972cb5e19
000004899aaf1299
0000091469fe9061
0000000001e88471
0000000000000181
0000048be4dc6a59
0000048c499edc99
0000048c6663b0f9
0000048c8df4dd39
0000048c8df4f2b9
0000048cc69ca619
0000048cf2c69c39
0000048d49c0cb99
0000048dc16618d9
0000048ea3b40e99
0000048f76643679
0000048fcb4034d9
00000490217f6099
000004907ed3ceb9
000004909ebe9ad9
000004919f02df79
00000491f86d3979
0000049365b8a939
000009270a691761
0000000001e88471
0000000000000181
000004939fda9c59
00000494258af559
00000494c25d8df9
00000494c4764bf9
00000494f7d417f9
0000049580ce04d9
0000049679f3d399
0000049711e7f659
000004973d71cc99
00000497f5ae5d39
0000049855d86af9
0000049855d8b9d9
0000049929348619
0000049af1c33179
0000049af1c342f9
0000049af3d142b9
0000049b27895239
0000049b27898fb9
0000049bd1144059
0000049cad872b99
0000049cc3e40239
00000939aad39e61
0000000001e88471
0000000000000181
0000049e4cf93ed9
000004a152186a39
000004a26a8b1959
000004a2bf79ba79
000004a443c85659
000004a443c86919
000004a443c86c79
000004a446720d79
000004a446720f19
000004a584bee1d9
000004a6176e4bd9
0000094c4b3e2661
0000000001e88471
0000000000000181
000004a7dc646fb9
000004a82d5cbb79
000004a8d19667d9
000004a8e1c5bff9
000004a9de316579
000004a9de316739
000004aa19ab7319
000004aae1272c79
000004aae1274319
000004ae0155d6d9
000004ae0155e6f9
000004aef90cdbd9
000004af073cb799
000004af3547f159
0000095eeba8ad61
0000000001e88471
0000000000000181
000004afa8390979
000004aff7cc39d9
000004b144643039
000004b30cfbfd59
000004b318d20e79
000004b37ca380b9
000004b380ce89d9
000004b3d769e7d9
000004b414550c39
000004b45dde3d79
000004b45fb68f79
000004b45fb6a6d9
000004b45fb6af79
000004b45fb6bef9
000004b5dd6eebb9
000004b6758bb6f9
000004b728e9d599
000004b778a40719
000004b7d34609f9
000004b87c126299
000004b891cf1a39
000009718c133561
0000000001e88471
0000000000000181
000004b910e43a39
000004b9c404a879
000004bafa2862b9
000004bbf24356d9
000004bc247364f9
000004bd5dfd1979
000004be64c52799
000004be8a2eb059
000004bec1048e59
000004befaaa9979
000004bf48bc3219
000004bff036ca19
000004c081619e59
000004c0ae6f9b99
000004c151cf02d9
000004c1f6bf4a59
000004c1f6bf6039
000009842c7dbc61
0000000001e88471
0000000000000181
000004c24dda6bb9
000004c2511656d9
000004c28a986439
000004c28a98d159
000004c31261d0f9
000004c34eaa3f19
000004c382ac0db9
000004c43baeee79
000004c4812c8dd9
000004c4812ca4f9
000004c5405fc459
000004c79f6a4c99
000004caa44eb279
000004cadcebc639
000004cadcec33f9
000004caec791539
000004cb2b646359
00000996cce84461
0000000001e88471
0000000000000181
000004cbd28e8a79
000004cd99b80279
000004cdd3f6d579
000004ce558287f9
000004cfca2d6bd9
000004d06f40d379
000004d0724e77d9
000004d240e9feb9
000004d314a57019
000004d35ccfb719
000004d3a208e619
000004d3ef51e9f9
000004d3f1b5fb59
000004d3f1b60e19
000004d3fcdc8f19
000004d3fcdc97d9
000009a96d52cc61
0000000001e88471
0000000000000181
000004d4dfb6ca79
000004d5a7b34df9
000004d6c6a369d9
000004d6c6a3db19
000004d78f998b79
000004d78f999f59
000004d7a08a9439
000004d916105ff9
000004da57918e39
000004dba131cf79
000004dbda37ea99
000004dbda37fad9
000004dd13a83b39
000004dd50301e79
000004dd50302db9
000009bc0dbd5361
0000000001e88471
0000000000000181
000004de2d3b47d9
000004de48737779
000004dea3c37a79
000004e12c2c4179
000004e12d48b519
000004e180bcebf9
000004e298a39199
000004e298a3a939
000004e2c3447a39
000004e327da5799
000004e37f8a87f9
000004e4fbbb6139
000004e54f7859d9
000004e54f786a79
000004e6af74fbd9
000004e6af750099
000004e6ff31e3b9
000004e6ff31e859
000004e7384c5cf9
000004e73f43c319
000009ceae27db61
0000000001e88471
0000000000000181
000004e7a3b59919
000004e96b8908b9
000004e9e2a46599
000004e9e2a47339
000004e9e2a47759
000004eacaa85b59
000004eacaa87079
000004eae64ed859
000004ec24b0c5f9
000004ecc971bf39
000004ee68002359
000004ef15e14299
000004ef739fb519
000004f012003e19
000009e14e926361
0000000001e88471
0000000000000181
000004f168f10d39
000004f17a1fd939
000004f1f6b92579
000004f2386307f9
000004f3aea0b8d9
000004f3aea0ba79
000004f3aea0ca19
000004f3fac484d9
000004f4fcb90219
000004f50126a619
000004f50126cbb9
000004f5679d4b59
000004f59b7f8ef9
000004f59dc22019
000004f6c06620f9
000004f6d1e4fbd9
000004f7215fdc39
000004f756f074d9
000004f81615de99
000004f9005417f9
000004f918b30e99
000004f918b323d9
000004f973408719
000004f9d4db3b79
000009f3eefceb61
0000000001e88471
0000000000000181
000004fa101a8d79
000004fb391a81d9
000004fb6cfbf1d9
000004fb791911b9
000004fbfd357819
000004fc3afed8f9
000004fc5cef0419
000004fc9d8bcc19
000004fc9d8c2d19
000004fc9d8c3e39
000004fcf34a59b9
000004fcf65a04b9
000004fd05951c39
000004fd05952e99
000004ffaa9ba339
000005002ffd2a19
000005002ffd39f9
000005007a42ca59
00000501040a51b9
00000501519b1019
000005019bb737d9
0000050291abae39
00000a068f677461
0000000001e88471
0000000000000181
000005044dfbcb59
0000050488d814d9
00000505fe53cf39
000005064b48ef99
0000050697451fd9
0000050783eb8f99
00000507e54e07f9
000005080ee371f9
000005084c002ef9
00000508c5d19859
0000050950bb3099
00000509bbe8a859
0000050a174fc1b9
0000050ae83a9079
0000050ae83aa339
0000050b360d98d9
0000050b948eb2b9
0000050c2c483d59
0000050c2c485779
0000050c5b928db9
0000050c5b933719
00000a192fd1fc61
0000000001e88471
0000000000000181
0000050c99ca85f9
0000050ca6d600f9
0000050d20497ab9
0000050f6e1820b9
0000050f82fa10f9
0000050fa625bb59
0000050fc4cda219
00000510072c8279
00000512f7a711d9
0000051573407b19
00000a2bd03c8461
0000000001e88471
0000000000000181
0000051614e26999
000005181b751af9
0000051821d352d9
00000519130a2999
00000519f7ac2b39
0000051a0e8527d9
0000051a0e855ed9
0000051ac19587f9
0000051ae27d52f9
0000051c9fc90f39
0000051d3fe17a99
0000051e14e1a859
0000051e6d25c3b9
0000051e73a8f5d9
0000051f1fb2c8d9
00000a3e70a70d61
0000000001e88471
0000000000000181
0000051f63eb68d9
0000051f63eb7ad9
0000051fe4057739
00000520343d8239
00000520bf9dc6d9
000005214c0717f9
00000521a9fd7679
00000521f25e5039
00000521fd7b6799
0000052234549319
0000052266c2aa79
00000522c51dde99
000005241fe1aaf9
00000524ef8c1b99
00000525c4bb70d9
00000525c96ed3b9
00000526f41ea219
000005287efba399
00000a5111119561
0000000001e88471
0000000000000181
00000528b4792739
0000052908f75659
00000529b00cf1d9
0000052a12551999
0000052a2b9dcdd9
0000052adb6b2299
0000052c0505eff9
0000052c2e6d1bb9
0000052d43098679
0000052d9ea001f9
0000053196bbd479
00000a63b17c1e61
0000000001e88471
0000000000000181
0000053200fbb099
0000053286ebc579
00000532ca89e9d9
0000053344174c19
00000533c382c699
00000533c6a596b9
000005349b1c9959
000005357fd8a6f9
00000535e80e6ad9
00000536f82c1eb9
00000537207b1539
00000537a3380b19
00000537a3382139
000005385eef4c59
000005396a063d79
00000539985814b9
0000053abf978239
0000053abf979759
00000a7651e6a661
0000000001e88471
0000000000000181
0000053b4f7fe439
0000053b8a010659
0000053b8a010ad9
0000053b9e9b7179
0000053c57f3ed39
0000053c6225a099
0000053d2b516499
0000053d36a7df59
0000053d930729d9
0000053f3b9e1ff9
0000053f3b9e2759
0000053fd44dc0f9
0000053fd44dd079
0000053feec5acb9
0000053feec5c039
0000054166ef97b9
00000541bf9945d9
00000541bf994f79
0000054220b03419
000005422793ca59
000005435605b099
00000a88f2512f61
0000000001e88471
0000000000000181
00000544ac6fa199
00000544ac6fb139
000005457b3a8599
000005459827f759
00000545a75c5b99
00000545f2aae539
00000546159f8219
00000546ff1f21b9
00000546ff1f3cd9
00000546ff1f8219
000005475720af39
000005475d10e7f9
000005475d115dd9
00000547a738cb59
00000547a738cc79
00000547a7392d79
0000054829d022d9
00000548605ff8d9
000005486182b599
00000549587f84d9
00000a9b92bbb861
0000000001e88471
0000000000000181
0000054e7794e699
0000054ec277c559
0000054ec54a4b79
0000054f09a04539
00000550227c9f79
00000550227cb7b9
0000055053b4f899
000005515cd1b819
00000551dc567a79
00000551dfabe199
0000055201e4a1f9
000005533c9796d9
00000554f9f14959
000005554a5c2139
0000055566dca8b9
000005557099ce19
00000556081e1ff9
00000aae33264161
0000000001e88471
0000000000000181
0000055760f65e59
00000559124d15b9
000005595a1a93f9
000005599967ed59
0000055a79bda2b9
0000055bd6333599
0000055c27ffa859
0000055ca9d22a79
0000055e854cf1f9
000005605e0d2919
00000ac0d390ca61
0000000001e88471
0000000000000181
0000056101105779
0000056106395399
000005619f6ecbd9
00000562696bebd9
00000562c861f819
0000056391793819
00000563f9050c79
0000056481dd4f79
0000056487cce5f9
00000565d0043cd9
00000565d00452b9
00000565d0046759
000005663d3b2159
000005665304c4b9
00000566cc5b15b9
00000566cc5b2d79
00000566d84a59b9
0000056799204579
00000567c0afc8d9
00000567c0afe939
00000567e451fc19
00000568141c7db9
0000056922e3b079
00000ad373fb5361
0000000001e88471
0000000000000181
0000056a02bb1c19
0000056a428fe019
0000056a45d9aff9
0000056b87d65e99
0000056b8f32e679
0000056b9e6cd939
0000056c54a4ffb9
0000056c91cbd119
0000056d5ab9d6b9
0000056db6208839
0000056ec4a4e739
0000056ec4e9b439
0000056f7efeea19
0000056f933f9199
0000056f933f9319
0000056fb0befd99
00000570ada34db9
00000570ada36039
00000570ada378f9
00000571180a9d59
00000571e49829d9
00000572c09fb539
00000572d8a571d9
0000057302c3d5b9
00000ae61465dc61
0000000001e88471
0000000000000181
0000057375099599
000005737509d039
00000573a5f32eb9
00000573ed879bb9
00000573f48f57d9
0000057428dc9af9
00000575c16d8699
00000575dce2e0d9
000005762c457599
0000057631a690b9
00000aeca3a39b61
0000000001e88471
0000000000000181
