[MCS8 A] 97 FW 3.104 SV 1.257 
range=1024
periods=2
sweepmode=27e20d0
fstchan=0
holdafter=0
streamstatus=3
calreg0=0
calreg1=0
calreg2=0
calreg3=0
swpreset=8000        
prena=1
syncout=0
cycles=18
sequences=1
tagbits=16
vdac0=92c
vdac1=807
vdac2=8c8
vdac3=8c8
vdac4=8c8
vdac5=8c8
vdac6=8c8
vdac7=8c8
timepreset=150.000     
digio=0
digval=0
autoinc=0 
savedata=2 
mpafmt=asc
sephead=0 
fmt=asc
smoothpts=5 
[CHN1]
REPORT-FILE from 07/24/2026 11:36:32.916  written 07/24/2026 11:36:32
cmline0=07/24/2026 11:36:32.916 
cmline1=A1
range=1024
active=1
bitshift=4
cftfak=2580100
evpreset=10          
roimin=0
roimax=1000
caloff=0.800000
calfact=12.800000
calfact2=0
calfact3=0
calunit=nsec
caluse=1 
[CHN2]
REPORT-FILE from  written 07/24/2026 11:36:32
cmline1=A2
range=1024
active=0
bitshift=4
cftfak=2580100
evpreset=10          
roimin=0
roimax=1000
caloff=0.800000
calfact=12.800000
calfact2=0
calfact3=0
calunit=nsec
caluse=1 
[CHN3]
REPORT-FILE from  written 07/24/2026 11:36:32
cmline1=A3
range=1024
active=0
bitshift=4
cftfak=2580100
evpreset=10          
roimin=0
roimax=1000
caloff=0.800000
calfact=12.800000
calfact2=0
calfact3=0
calunit=nsec
caluse=1 
[CHN4]
REPORT-FILE from  written 07/24/2026 11:36:32
cmline1=A4
range=1024
active=0
bitshift=4
cftfak=2580100
evpreset=10          
roimin=0
roimax=1000
caloff=0.800000
calfact=12.800000
calfact2=0
calfact3=0
calunit=nsec
caluse=1 
[CHN5]
REPORT-FILE from  written 07/24/2026 11:36:32
cmline1=A5
range=1024
active=0
bitshift=4
cftfak=2580100
evpreset=10          
roimin=0
roimax=1000
caloff=0.800000
calfact=12.800000
calfact2=0
calfact3=0
calunit=nsec
caluse=1 
[CHN6]
REPORT-FILE from  written 07/24/2026 11:36:32
cmline1=A6
range=1024
active=0
bitshift=4
cftfak=2580100
evpreset=10          
roimin=0
roimax=1000
caloff=0.800000
calfact=12.800000
calfact2=0
calfact3=0
calunit=nsec
caluse=1 
[CHN7]
REPORT-FILE from  written 07/24/2026 11:36:32
cmline1=A7
range=1024
active=0
bitshift=4
cftfak=2580100
evpreset=0           
roimin=0
roimax=1000
caloff=0.800000
calfact=12.800000
calfact2=0
calfact3=0
calunit=nsec
caluse=1 
[CHN8]
REPORT-FILE from  written 07/24/2026 11:36:32
cmline1=A8
range=1024
active=0
bitshift=4
cftfak=2580100
evpreset=0           
roimin=0
roimax=1000
caloff=0.800000
calfact=12.800000
calfact2=0
calfact3=0
calunit=nsec
caluse=1 
;MCS8 #97 Sversion=1.257 Fversion=3.68
time_patch=1
;datalength=8 bytes
;bit0..3: channel# 1..8 ( 4 bit)
;bit4: edge 0=up / 1=dn ( 1 bit)
;bit5 ..57: timedata    (53 bit), max sweep length 2001.6 h
;bit58..62: tag0..tag4  ( 5 bit)
;bit63:     data_lost   ( 1 bit)
[DATA]
0000000000000016
0000002157326061
000000000242c071
0000000000000181
000000144d3cd819
000000144d3d3099
00000033f79cb761
000000000242c071
0000000000000181
000000209639e159
00000021ec0998b9
00000021ec09a039
0000004698070e61
000000000242c071
0000000000000181
0000005938716561
000000000242c071
0000000000000181
0000006bd8dbbb61
000000000242c071
0000000000000181
0000007e79461261
000000000242c071
0000000000000181
0000009119b06961
000000000242c071
0000000000000181
0000004d5b2a2319
0000004d5b2a23b9
00000051b3e22cb9
000000a3ba1ac061
000000000242c071
0000000000000181
000000526181ef99
00000055352509f9
000000b65a851761
000000000242c071
0000000000000181
0000005ec1cd84f9
000000c8faef6e61
000000000242c071
0000000000000181
0000006d956e8cd9
000000db9b59c561
000000000242c071
0000000000000181
000000721076f6f9
00000072b5ffc1f9
000000ee3bc41d61
000000000242c071
0000000000000181
0000007dbbc0dbd9
00000100dc2e7461
000000000242c071
0000000000000181
00000085c3435c99
000001137c98cb61
000000000242c071
0000000000000181
000001261d032261
000000000242c071
0000000000000181
00000138bd6d7a61
000000000242c071
0000000000000181
0000014b5dd7d161
000000000242c071
0000000000000181
000000a739248099
000000a890928d79
0000015dfe422861
000000000242c071
0000000000000181
000000b402490879
000001709eac7f61
000000000242c071
0000000000000181
000001833f16d761
000000000242c071
0000000000000181
000000c24e0cf7d9
00000195df812e61
000000000242c071
0000000000000181
000001a87feb8661
000000000242c071
0000000000000181
000001bb2055dd61
000000000242c071
0000000000000181
000001cdc0c03561
000000000242c071
0000000000000181
000000ee30f88659
000000ee30f8a239
000000ee37fdf019
000001e0612a8c61
000000000242c071
0000000000000181
000001f30194e461
000000000242c071
0000000000000181
00000101b423e9f9
00000205a1ff3b61
000000000242c071
0000000000000181
0000010477ecb359
0000010477ecb579
0000010477ecb5f9
0000021842699361
000000000242c071
0000000000000181
00000111575abb19
00000113a0ad5ab9
0000022ae2d3ea61
000000000242c071
0000000000000181
0000011a12bff0f9
0000011ca7420f59
0000023d833e4261
000000000242c071
0000000000000181
0000025023a89a61
000000000242c071
0000000000000181
00000262c412f261
000000000242c071
0000000000000181
00000275647d4961
000000000242c071
0000000000000181
0000028804e7a161
000000000242c071
0000000000000181
0000029aa551f961
000000000242c071
0000000000000181
000002ad45bc5161
000000000242c071
0000000000000181
000002bfe626a961
000000000242c071
0000000000000181
000002d286910161
000000000242c071
0000000000000181
000002e526fb5961
000000000242c071
0000000000000181
000002f7c765b161
000000000242c071
0000000000000181
0000030a67d00a61
000000000242c071
0000000000000181
0000018b5b5af879
0000031d083a6261
000000000242c071
0000000000000181
0000018f45623bb9
000001924369db79
0000019422d60c39
0000019422d63a59
0000032fa8a4ba61
000000000242c071
0000000000000181
00000199c988caf9
0000019e44297099
000001a096f417d9
00000342490f1261
000000000242c071
0000000000000181
000001a3c1bfef39
00000354e9796a61
000000000242c071
0000000000000181
000001af969c1e79
0000036789e3c361
000000000242c071
0000000000000181
000001ba81c29739
0000037a2a4e1b61
000000000242c071
0000000000000181
000001bd1b61b839
000001c61cc6d4f9
0000038ccab87361
000000000242c071
0000000000000181
000001cf55ee5a79
0000039f6b22cb61
000000000242c071
0000000000000181
000003b20b8d2461
000000000242c071
0000000000000181
000001ddca2cbdf9
000003c4abf77c61
000000000242c071
0000000000000181
000001e32681d1f9
000003d74c61d561
000000000242c071
0000000000000181
000001ebdb9ffc79
000001eca5649d79
000003e9eccc2d61
000000000242c071
0000000000000181
000001f722427299
000003fc8d368661
000000000242c071
0000000000000181
0000020070eb0779
0000040f2da0de61
000000000242c071
0000000000000181
000002088c166f99
0000020c33896199
00000421ce0b3761
000000000242c071
0000000000000181
0000021197c87a59
0000021528435a79
0000021528436cf9
0000021955529a39
000004346e759061
000000000242c071
0000000000000181
000004470edfe861
000000000242c071
0000000000000181
0000022389b1d439
00000459af4a4161
000000000242c071
0000000000000181
0000046c4fb49a61
000000000242c071
0000000000000181
00000236c9f6f639
0000047ef01ef361
000000000242c071
0000000000000181
00000240a71eeef9
0000049190894b61
000000000242c071
0000000000000181
000004a430f3a461
000000000242c071
0000000000000181
000004b6d15dfd61
000000000242c071
0000000000000181
000004c971c85661
000000000242c071
0000000000000181
0000026d6b059599
000004dc1232af61
000000000242c071
0000000000000181
000004eeb29d0861
000000000242c071
0000000000000181
0000027c7b536799
0000027c7b53c2f9
0000050153076161
000000000242c071
0000000000000181
00000282578a39f9
00000286bb573259
00000286c8b21b99
00000286c8b29e59
00000513f371ba61
000000000242c071
0000000000000181
0000028b62de46d9
0000052693dc1461
000000000242c071
0000000000000181
000002993fc40359
0000029adc855679
0000053934466d61
000000000242c071
0000000000000181
000002a1b69f5899
0000054bd4b0c661
000000000242c071
0000000000000181
000002a601037a59
0000055e751b1f61
000000000242c071
0000000000000181
0000057115857861
000000000242c071
0000000000000181
000002c150005699
00000583b5efd261
000000000242c071
0000000000000181
000002c2e651bc19
000002c2e651cf59
00000596565a2b61
000000000242c071
0000000000000181
000005a8f6c48561
000000000242c071
0000000000000181
000002d5b04eb259
000005bb972ede61
000000000242c071
0000000000000181
000002e66912a219
000005ce37993861
000000000242c071
0000000000000181
000002e7664d4ff9
000005e0d8039161
000000000242c071
0000000000000181
000002f67717c1b9
000002f80ac99879
000005f3786deb61
000000000242c071
0000000000000181
0000060618d84461
000000000242c071
0000000000000181
0000030bc9abc739
00000618b9429e61
000000000242c071
0000000000000181
0000030e26f15c59
0000030e26f171f9
0000031031009919
000003133aa40819
0000062b59acf761
000000000242c071
0000000000000181
00000318deb1b819
0000031b1e7a9139
0000063dfa175161
000000000242c071
0000000000000181
0000032267881e19
000006509a81ab61
000000000242c071
0000000000000181
0000032e3a3f51d9
000006633aec0561
000000000242c071
0000000000000181
00000675db565e61
000000000242c071
0000000000000181
000006887bc0b861
000000000242c071
0000000000000181
0000069b1c2b1261
000000000242c071
0000000000000181
000006adbc956c61
000000000242c071
0000000000000181
000006c05cffc661
000000000242c071
0000000000000181
00000362158b6959
00000362158b82d9
00000362158b9459
00000368ddbb3399
00000368ddbb3539
000006d2fd6a2061
000000000242c071
0000000000000181
0000036e90f972b9
0000036f8075e299
000006e59dd47961
000000000242c071
0000000000000181
0000037a73127139
000006f83e3ed461
000000000242c071
0000000000000181
0000070adea92d61
000000000242c071
0000000000000181
0000038750beccd9
0000071d7f138761
000000000242c071
0000000000000181
0000038fcba63579
0000039234abc9d9
000007301f7de161
000000000242c071
0000000000000181
0000039f83e2b999
0000039f83e2ba19
0000039f83e2c0f9
00000742bfe83b61
000000000242c071
0000000000000181
000003a431217639
000003a431217f79
0000075560529561
000000000242c071
0000000000000181
000003ae0c03eff9
0000076800bcf061
000000000242c071
0000000000000181
000003bc6fb9d739
0000077aa1274a61
000000000242c071
0000000000000181
0000078d4191a461
000000000242c071
0000000000000181
0000079fe1fbfe61
000000000242c071
0000000000000181
000007b282665861
000000000242c071
0000000000000181
000003ddf3bd2ab9
000003def56bd0d9
000007c522d0b261
000000000242c071
0000000000000181
000007d7c33b0c61
000000000242c071
0000000000000181
000003f402b919f9
000007ea63a56761
000000000242c071
0000000000000181
000007fd040fc161
000000000242c071
0000000000000181
0000080fa47a1b61
000000000242c071
0000000000000181
0000082244e47661
000000000242c071
0000000000000181
00000417ed75f019
000004183f7416b9
00000834e54ed061
000000000242c071
0000000000000181
0000084785b92a61
000000000242c071
0000000000000181
0000085a26238561
000000000242c071
0000000000000181
0000042eedc7f6f9
0000086cc68ddf61
000000000242c071
0000000000000181
0000043cb3bb4cd9
0000087f66f83a61
000000000242c071
0000000000000181
0000044189dc88f9
0000089207629461
000000000242c071
0000000000000181
0000044c75c2c079
0000044e21ba5779
000008a4a7ccee61
000000000242c071
0000000000000181
000004577ea21659
000008b748374961
000000000242c071
0000000000000181
0000045bbf4e4ef9
0000045bbf4e5099
000008c9e8a1a461
000000000242c071
0000000000000181
000004674bb36af9
000008dc890bfe61
000000000242c071
0000000000000181
00000474049d0f79
000008ef29765961
000000000242c071
0000000000000181
00000901c9e0b361
000000000242c071
0000000000000181
000009146a4b0e61
000000000242c071
0000000000000181
0000048d715ff179
000009270ab56961
000000000242c071
0000000000000181
0000049c44fad139
00000939ab1fc461
000000000242c071
0000000000000181
0000094c4b8a1e61
000000000242c071
0000000000000181
000004a8e0f2aa59
0000095eebf47961
000000000242c071
0000000000000181
000004b0194ec4d9
000009718c5ed461
000000000242c071
0000000000000181
000004b98f192339
000004bde20e9159
000004be933e5dd9
000004c050587739
000009842cc92f61
000000000242c071
0000000000000181
000004c22125cbf9
000004c6b57bf059
000004c823193219
000004c828d385f9
00000996cd338a61
000000000242c071
0000000000000181
000004cd7dec8ed9
000004d1f3839559
000009a96d9de561
000000000242c071
0000000000000181
000004d903429e99
000009bc0e083f61
000000000242c071
0000000000000181
000004df3bcc3619
000004e3a14d84f9
000009ceae729a61
000000000242c071
0000000000000181
000004ecb7599099
000004ecb7599139
000004ecb7599159
000004ecb75997f9
000004ecb759eb59
000009e14edcf561
000000000242c071
0000000000000181
000009f3ef475061
000000000242c071
0000000000000181
000004fded045119
00000a068fb1ac61
000000000242c071
0000000000000181
0000050407af5579
00000a19301c0761
000000000242c071
0000000000000181
0000050e0762de79
0000050e0762f499
00000512b2961cb9
00000a2bd0866261
000000000242c071
0000000000000181
0000051aa1a40619
00000a3e70f0bd61
000000000242c071
0000000000000181
00000a51115b1861
000000000242c071
0000000000000181
00000531649dfbf9
00000a63b1c57461
000000000242c071
0000000000000181
00000536089a5bf9
00000a76522fcf61
000000000242c071
0000000000000181
00000a88f29a2a61
000000000242c071
0000000000000181
0000054b60e95c99
00000a9b93048661
000000000242c071
0000000000000181
00000550538e3ad9
0000055448394e19
00000aae336ee161
000000000242c071
0000000000000181
0000055cf8fd5879
00000ac0d3d93c61
000000000242c071
0000000000000181
0000056424acc699
00000ad374439861
000000000242c071
0000000000000181
0000056d53155659
0000056d53155819
0000057087053c39
00000ae614adf361
000000000242c071
0000000000000181
00000aeb20c06661
000000000242c071
0000000000000181
