[MCS8 A] 97 FW 3.104 SV 1.257 
range=1024
periods=2
sweepmode=27e20d0
fstchan=0
holdafter=0
streamstatus=3
calreg0=0
calreg1=0
calreg2=0
calreg3=0
swpreset=8000        
prena=1
syncout=0
cycles=18
sequences=1
tagbits=16
vdac0=92c
vdac1=807
vdac2=8c8
vdac3=8c8
vdac4=8c8
vdac5=8c8
vdac6=8c8
vdac7=8c8
timepreset=100.000     
digio=0
digval=0
autoinc=0 
savedata=2 
mpafmt=asc
sephead=0 
fmt=asc
smoothpts=5 
[CHN1]
REPORT-FILE from 07/27/2026 15:44:43.148  written 07/27/2026 15:44:43
cmline0=07/27/2026 15:44:43.148 
cmline1=A1
range=1024
active=1
bitshift=4
cftfak=2580100
evpreset=10          
roimin=0
roimax=1000
caloff=0.800000
calfact=12.800000
calfact2=0
calfact3=0
calunit=nsec
caluse=1 
[CHN2]
REPORT-FILE from  written 07/27/2026 15:44:43
cmline1=A2
range=1024
active=0
bitshift=4
cftfak=2580100
evpreset=10          
roimin=0
roimax=1000
caloff=0.800000
calfact=12.800000
calfact2=0
calfact3=0
calunit=nsec
caluse=1 
[CHN3]
REPORT-FILE from  written 07/27/2026 15:44:43
cmline1=A3
range=1024
active=0
bitshift=4
cftfak=2580100
evpreset=10          
roimin=0
roimax=1000
caloff=0.800000
calfact=12.800000
calfact2=0
calfact3=0
calunit=nsec
caluse=1 
[CHN4]
REPORT-FILE from  written 07/27/2026 15:44:43
cmline1=A4
range=1024
active=0
bitshift=4
cftfak=2580100
evpreset=10          
roimin=0
roimax=1000
caloff=0.800000
calfact=12.800000
calfact2=0
calfact3=0
calunit=nsec
caluse=1 
[CHN5]
REPORT-FILE from  written 07/27/2026 15:44:43
cmline1=A5
range=1024
active=0
bitshift=4
cftfak=2580100
evpreset=10          
roimin=0
roimax=1000
caloff=0.800000
calfact=12.800000
calfact2=0
calfact3=0
calunit=nsec
caluse=1 
[CHN6]
REPORT-FILE from  written 07/27/2026 15:44:43
cmline1=A6
range=1024
active=0
bitshift=4
cftfak=2580100
evpreset=10          
roimin=0
roimax=1000
caloff=0.800000
calfact=12.800000
calfact2=0
calfact3=0
calunit=nsec
caluse=1 
[CHN7]
REPORT-FILE from  written 07/27/2026 15:44:43
cmline1=A7
range=1024
active=0
bitshift=4
cftfak=2580100
evpreset=0           
roimin=0
roimax=1000
caloff=0.800000
calfact=12.800000
calfact2=0
calfact3=0
calunit=nsec
caluse=1 
[CHN8]
REPORT-FILE from  written 07/27/2026 15:44:43
cmline1=A8
range=1024
active=0
bitshift=4
cftfak=2580100
evpreset=0           
roimin=0
roimax=1000
caloff=0.800000
calfact=12.800000
calfact2=0
calfact3=0
calunit=nsec
caluse=1 
;MCS8 #97 Sversion=1.257 Fversion=3.68
time_patch=1
;datalength=8 bytes
;bit0..3: channel# 1..8 ( 4 bit)
;bit4: edge 0=up / 1=dn ( 1 bit)
;bit5 ..57: timedata    (53 bit), max sweep length 2001.6 h
;bit58..62: tag0..tag4  ( 5 bit)
;bit63:     data_lost   ( 1 bit)
[DATA]
0000000000000016
00000000f25b89f9
00000006b0980b39
0000000d8f8874b9
0000000dcd474cf9
0000002156ea6a61
0000000001dde871
0000000000000181
000000148ea20d39
0000001782179719
00000033f7550461
0000000001dde871
0000000000000181
0000001a99fcc939
00000022cf8a5d79
0000004697bf9e61
0000000001dde871
0000000000000181
00000024187bd6b9
00000024187bead9
000000269b36c1f9
00000028f33675f9
0000002c59dd9239
0000002c59de3f59
00000059382a3961
0000000001dde871
0000000000000181
0000006bd894d361
0000000001dde871
0000000000000181
0000003635e85f39
00000036f2eee399
000000372681ca39
000000396dcb1999
0000003b0b0c1e19
0000003b0b0c4779
0000003c1b677479
0000007e78ff6d61
0000000001dde871
0000000000000181
00000091196a0761
0000000001dde871
0000000000000181
0000004b7b7bb3d9
000000a3b9d4a261
0000000001dde871
0000000000000181
000000534dec8ef9
00000055f9c93c39
00000056db5f0bf9
00000059e49dad19
000000b65a3f3c61
0000000001dde871
0000000000000181
0000005f50c2f399
0000005fea2836b9
000000608345c079
000000616a851619
000000636a9f0db9
000000636a9f0e59
000000636a9f0e99
000000636a9f1519
000000c8faa9d661
0000000001dde871
0000000000000181
000000658ef9e5b9
000000690732d7b9
000000db9b147061
0000000001dde871
0000000000000181
00000071088f3799
00000074b0b1d959
000000ee3b7f0a61
0000000001dde871
0000000000000181
00000077a47e3cf9
0000007987c8f219
0000007a125eb519
00000100dbe9a461
0000000001dde871
0000000000000181
00000083534a3839
000001137c543f61
0000000001dde871
0000000000000181
0000008b727796f9
000000923b248cd9
000001261cbed961
0000000001dde871
0000000000000181
000000985dbbe659
00000099abe07939
00000138bd297361
0000000001dde871
0000000000000181
000000a31c1f7739
0000014b5d940d61
0000000001dde871
0000000000000181
000000aa2230ba79
000000adf5aa28d9
0000015dfdfea861
0000000001dde871
0000000000000181
000000b2d75addf9
000001709e694261
0000000001dde871
0000000000000181
000000b9871fdef9
000000bf2be8d979
000000bf2be8db79
000000bf2be8df59
000001833ed3dc61
0000000001dde871
0000000000000181
000000c497417379
000000c73a7765d9
000000c90025e379
00000195df3e7661
0000000001dde871
0000000000000181
000000d22cabdd19
000000d22cabeed9
000001a87fa91161
0000000001dde871
0000000000000181
000000db67b5e779
000001bb2013ab61
0000000001dde871
0000000000000181
000000df70d58579
000000e46a2a3879
000000e6c06eaab9
000001cdc07e4561
0000000001dde871
0000000000000181
000000e7080c7d19
000000e70b43af39
000000e70b43c519
000000e76ed2a159
000001e060e8df61
0000000001dde871
0000000000000181
000000f1046198f9
000000f25f223ab9
000000f7e4ed8879
000001f301537961
0000000001dde871
0000000000000181
000000fd9c6af719
00000205a1be1461
0000000001dde871
0000000000000181
00000103abbae859
0000010686cb7919
0000010968fc56b9
000002184228ae61
0000000001dde871
0000000000000181
0000022ae2934861
0000000001dde871
0000000000000181
0000011b60ba18b9
0000011ba1fb58d9
0000011ba1fb6a79
0000023d82fde261
0000000001dde871
0000000000000181
00000121859b6bf9
00000121df88f819
00000125a3ca2179
0000025023687d61
0000000001dde871
0000000000000181
0000012945867dd9
0000012ba6dbcff9
0000012caa6f0599
00000262c3d31761
0000000001dde871
0000000000000181
0000013574cd6739
00000136c4b7c959
00000136c4b7c9d9
00000139b3e87979
0000013a6afc6939
0000013a6afc6ad9
0000013a6afc7c59
00000275643db161
0000000001dde871
0000000000000181
00000141c23bbe19
0000028804a84c61
0000000001dde871
0000000000000181
000001449dc3d839
0000014b0da9e1b9
0000029aa512e661
0000000001dde871
0000000000000181
00000151a7e5cc19
00000151d6977499
000001564e9f4259
000002ad457d8061
0000000001dde871
0000000000000181
000001594d0089f9
0000015dd08c5c19
0000015dd08c5d99
000002bfe5e81a61
0000000001dde871
0000000000000181
000001623a075b19
0000016906f41499
000002d28652b561
0000000001dde871
0000000000000181
000002e526bd4f61
0000000001dde871
0000000000000181
0000017384083f59
0000017866c28c99
0000017bd7bd5e99
0000017bd7bd8699
000002f7c727e961
0000000001dde871
0000000000000181
0000017c510f6cd9
000001806278edd9
00000181f6218e79
000001839040d5f9
0000018401eb62f9
0000030a67928361
0000000001dde871
0000000000000181
0000031d07fd1e61
0000000001dde871
0000000000000181
000001905dfbc299
000001905dfbd7b9
0000032fa867b861
0000000001dde871
0000000000000181
0000019908ef5139
0000019cde85dad9
0000034248d25261
0000000001dde871
0000000000000181
000001a3138634f9
000001a694521b59
00000354e93cec61
0000000001dde871
0000000000000181
000001aa75aa3b19
000001adbd83ed59
000001b25ed32779
000001b2ac267739
000001b360a70e79
000001b360a72759
0000036789a78761
0000000001dde871
0000000000000181
000001b7bf0aa219
0000037a2a122161
0000000001dde871
0000000000000181
0000038cca7cbb61
0000000001dde871
0000000000000181
000001c81d37b1b9
000001cbc1f6dbd9
000001cbc1f762d9
000001cc64e5c019
000001cebe4d2af9
000001cec5830359
0000039f6ae75561
0000000001dde871
0000000000000181
000001d1e55f6d99
000001d1e55f75d9
000001d26daf84d9
000001d283de75d9
000003b20b51ef61
0000000001dde871
0000000000000181
000001df5b130c79
000003c4abbc8961
0000000001dde871
0000000000000181
000001e5240d7219
000001e9065465b9
000001ea71a61819
000003d74c272361
0000000001dde871
0000000000000181
000001ec4e3b7db9
000001ecdd8f6a99
000003e9ec91be61
0000000001dde871
0000000000000181
000003fc8cfc5861
0000000001dde871
0000000000000181
0000020210f47f39
00000203c04313b9
000002046c137f79
000002046c13e7d9
0000020583082c99
0000040f2d66f261
0000000001dde871
0000000000000181
0000020baca60979
0000020e414ef219
0000021096f021d9
00000421cdd18c61
0000000001dde871
0000000000000181
00000214910666f9
00000218f5cb3119
0000021982f6b739
000004346e3c2661
0000000001dde871
0000000000000181
0000021b72508679
0000021b72508839
0000021c3bed9c79
0000021f93f8b8d9
000002217c7e3819
000004470ea6c061
0000000001dde871
0000000000000181
00000223cbe9f939
00000229199fd2d9
0000022a702f5959
00000459af115a61
0000000001dde871
0000000000000181
0000022f002706b9
0000046c4f7bf461
0000000001dde871
0000000000000181
000002380905f199
0000047eefe68e61
0000000001dde871
0000000000000181
0000024424ffcab9
000002483bd82099
000002483bd82119
000002483bd82159
000002483bd827f9
0000049190512861
0000000001dde871
0000000000000181
0000024916ab5719
000002493e393ad9
000002493e3943b9
000002493e3954f9
0000024bfee89b39
0000024cfc8e7d79
0000024d0cfd46b9
00000250068f5c19
00000250068f5db9
000004a430bbc261
0000000001dde871
0000000000000181
0000025516da58d9
000002554aecadd9
00000255bf2a8519
00000255bf2a8dd9
00000255bf2aa759
0000025666e0ff79
00000258663d8159
000004b6d1265c61
0000000001dde871
0000000000000181
0000025eb7bc54d9
000004c97190f761
0000000001dde871
0000000000000181
00000264fa2abc39
0000026592ffaf99
000002695360ddb9
0000026ae3e6ab79
0000026b9a4d8fd9
0000026be09b7799
0000026c12f4ff79
0000026c7c2d7b59
0000026dbb8a0039
0000026dbb8a01b9
000004dc11fb9061
0000000001dde871
0000000000000181
000002749cb92d39
0000027582dc38f9
000004eeb2662b61
0000000001dde871
0000000000000181
0000027792442d79
0000050152d0c461
0000000001dde871
0000000000000181
0000028862021239
00000513f33b5e61
0000000001dde871
0000000000000181
0000028c0ec69e39
00000290adf5fdf9
00000290d8a0c339
00000292013f88f9
0000052693a5f861
0000000001dde871
0000000000000181
00000298f9ca13d9
0000029a33f1f239
0000029b57c1f919
0000053934109261
0000000001dde871
0000000000000181
000002a4472a4519
0000054bd47b2c61
0000000001dde871
0000000000000181
000002a915279039
000002a9152797b9
000002a939b384d9
000002ae3c5677b9
0000055e74e5c661
0000000001dde871
0000000000000181
000002b3b0b467d9
000002b51ecf9119
0000057115506061
0000000001dde871
0000000000000181
000002bde2bd9299
000002bde2bd9499
00000583b5bafa61
0000000001dde871
0000000000000181
000002c237454c19
000002c58e0e6af9
0000059656259461
0000000001dde871
0000000000000181
000002cc322160b9
000005a8f6902e61
0000000001dde871
0000000000000181
000002d6b474cc39
000002dd1c015d99
000005bb96fac861
0000000001dde871
0000000000000181
000002e052796df9
000002e0684f97f9
000002e5353adc19
000002e5353af019
000005ce37656261
0000000001dde871
0000000000000181
000002e973e208d9
000002ec713d6519
000005e0d7cffc61
0000000001dde871
0000000000000181
000002f9093e9699
000005f3783a9661
0000000001dde871
0000000000000181
0000060618a53061
0000000001dde871
0000000000000181
00000304c400e539
00000618b90fca61
0000000001dde871
0000000000000181
0000031387131579
0000062b597a6461
0000000001dde871
0000000000000181
0000031a18279659
0000063df9e4fe61
0000000001dde871
0000000000000181
0000032217166f39
00000322afbee619
000003240a31da99
000003254edffcb9
000006509a4f9761
0000000001dde871
0000000000000181
000006633aba3161
0000000001dde871
0000000000000181
00000675db24cb61
0000000001dde871
0000000000000181
0000033f27efe2b9
000006887b8f6561
0000000001dde871
0000000000000181
0000034c625ccc99
0000034cf7229399
0000069b1bf9ff61
0000000001dde871
0000000000000181
0000034e4fa6d8b9
0000034ee8ded079
0000034ee8dee4d9
000006adbc649961
0000000001dde871
0000000000000181
0000035f3fbb2119
0000035ff2a6fd39
000006c05ccf3361
0000000001dde871
0000000000000181
00000366e673b259
00000367117e7679
000006d2fd39cd61
0000000001dde871
0000000000000181
0000036d026bf9b9
0000036d026c0ab9
0000036d026c0b59
0000036d026c0b99
0000036d026c1239
000003711ce7dc79
0000037277698ed9
000006e59da46761
0000000001dde871
0000000000000181
00000377ad5dc7f9
0000037aa7e340d9
000006f83e0f0061
0000000001dde871
0000000000000181
00000380efa82899
0000038197ac78f9
0000070ade799a61
0000000001dde871
0000000000000181
00000385e26bfff9
0000038926661f39
0000038db8fc09b9
0000038e591fe619
0000071d7ee43461
0000000001dde871
0000000000000181
00000390d46bcc19
000003911937dbd9
00000394a5116f59
000003968b5d0a39
000003975ec6f0d9
000007301f4ece61
0000000001dde871
0000000000000181
0000039afa536ed9
0000039afa53a8d9
0000039f35d76319
000003a105d1c439
000003a111e1da59
00000742bfb96861
0000000001dde871
0000000000000181
0000074a66c46361
0000000001dde871
0000000000000181
