[MCS8 A] 97 FW 3.104 SV 1.257 
range=1024
periods=2
sweepmode=27e20d0
fstchan=0
holdafter=0
streamstatus=3
calreg0=0
calreg1=0
calreg2=0
calreg3=0
swpreset=8000        
prena=1
syncout=0
cycles=18
sequences=1
tagbits=16
vdac0=92c
vdac1=807
vdac2=8c8
vdac3=8c8
vdac4=8c8
vdac5=8c8
vdac6=8c8
vdac7=8c8
timepreset=100.000     
digio=0
digval=0
autoinc=0 
savedata=2 
mpafmt=asc
sephead=0 
fmt=asc
smoothpts=5 
[CHN1]
REPORT-FILE from 07/27/2026 15:46:43.627  written 07/27/2026 15:46:43
cmline0=07/27/2026 15:46:43.627 
cmline1=A1
range=1024
active=1
bitshift=4
cftfak=2580100
evpreset=10          
roimin=0
roimax=1000
caloff=0.800000
calfact=12.800000
calfact2=0
calfact3=0
calunit=nsec
caluse=1 
[CHN2]
REPORT-FILE from  written 07/27/2026 15:46:43
cmline1=A2
range=1024
active=0
bitshift=4
cftfak=2580100
evpreset=10          
roimin=0
roimax=1000
caloff=0.800000
calfact=12.800000
calfact2=0
calfact3=0
calunit=nsec
caluse=1 
[CHN3]
REPORT-FILE from  written 07/27/2026 15:46:43
cmline1=A3
range=1024
active=0
bitshift=4
cftfak=2580100
evpreset=10          
roimin=0
roimax=1000
caloff=0.800000
calfact=12.800000
calfact2=0
calfact3=0
calunit=nsec
caluse=1 
[CHN4]
REPORT-FILE from  written 07/27/2026 15:46:43
cmline1=A4
range=1024
active=0
bitshift=4
cftfak=2580100
evpreset=10          
roimin=0
roimax=1000
caloff=0.800000
calfact=12.800000
calfact2=0
calfact3=0
calunit=nsec
caluse=1 
[CHN5]
REPORT-FILE from  written 07/27/2026 15:46:43
cmline1=A5
range=1024
active=0
bitshift=4
cftfak=2580100
evpreset=10          
roimin=0
roimax=1000
caloff=0.800000
calfact=12.800000
calfact2=0
calfact3=0
calunit=nsec
caluse=1 
[CHN6]
REPORT-FILE from  written 07/27/2026 15:46:43
cmline1=A6
range=1024
active=0
bitshift=4
cftfak=2580100
evpreset=10          
roimin=0
roimax=1000
caloff=0.800000
calfact=12.800000
calfact2=0
calfact3=0
calunit=nsec
caluse=1 
[CHN7]
REPORT-FILE from  written 07/27/2026 15:46:43
cmline1=A7
range=1024
active=0
bitshift=4
cftfak=2580100
evpreset=0           
roimin=0
roimax=1000
caloff=0.800000
calfact=12.800000
calfact2=0
calfact3=0
calunit=nsec
caluse=1 
[CHN8]
REPORT-FILE from  written 07/27/2026 15:46:43
cmline1=A8
range=1024
active=0
bitshift=4
cftfak=2580100
evpreset=0           
roimin=0
roimax=1000
caloff=0.800000
calfact=12.800000
calfact2=0
calfact3=0
calunit=nsec
caluse=1 
;MCS8 #97 Sversion=1.257 Fversion=3.68
time_patch=1
;datalength=8 bytes
;bit0..3: channel# 1..8 ( 4 bit)
;bit4: edge 0=up / 1=dn ( 1 bit)
;bit5 ..57: timedata    (53 bit), max sweep length 2001.6 h
;bit58..62: tag0..tag4  ( 5 bit)
;bit63:     data_lost   ( 1 bit)
[DATA]
0000000000000016
0000000294600c19
000000034410ba79
00000004135b8579
00000005bfa9fcf9
0000000d0c37ac99
0000002156812c61
0000000001a58371
0000000000000181
00000011b3b793b9
000000120a854779
00000012bac5a599
00000018df4bd899
00000033f6ebc661
0000000001a58371
0000000000000181
000000204ed2d519
0000004697566061
0000000001a58371
0000000000000181
00000023710d5279
00000023a9344b19
00000025d22bf399
0000002938b3aeb9
0000002b222c58d9
0000005937c0fa61
0000000001a58371
0000000000000181
0000002ed381ab39
0000006bd82b9461
0000000001a58371
0000000000000181
00000037d6aa63f9
0000007e78962e61
0000000001a58371
0000000000000181
0000003f6cc99bd9
000000436c4787b9
000000911900c861
0000000001a58371
0000000000000181
0000004e96331219
000000a3b96b6161
0000000001a58371
0000000000000181
00000053fe620d39
00000058632928b9
000000b659d5fb61
0000000001a58371
0000000000000181
0000005e7319c619
0000005e731ce719
000000628143eb59
000000c8fa409561
0000000001a58371
0000000000000181
0000006576765479
000000db9aab2f61
0000000001a58371
0000000000000181
000000705fc05cd9
00000072b817ff79
0000007315272ef9
0000007341fd8879
00000074a350caf9
000000ee3b15c961
0000000001a58371
0000000000000181
00000100db806361
0000000001a58371
0000000000000181
0000008098174959
00000083ba4eab79
000000868b8379f9
0000008922952339
000001137beafd61
0000000001a58371
0000000000000181
0000008e94196b99
0000008e94197f79
000001261c559761
0000000001a58371
0000000000000181
0000009345223219
0000009686d24c99
00000099b0e434d9
0000009bf5173399
0000009c372379f9
0000009c3723e7b9
00000138bcc03161
0000000001a58371
0000000000000181
0000009f450a8b79
000000a42622e619
0000014b5d2acb61
0000000001a58371
0000000000000181
000000aa6ee34219
000000aba65985b9
000000ac1129eb99
000000ae306d74d9
0000015dfd956561
0000000001a58371
0000000000000181
000000b2a855f299
000000b433477eb9
000000b433479079
000001709dffff61
0000000001a58371
0000000000000181
000000bf1e555a39
000001833e6a9961
0000000001a58371
0000000000000181
000000c5b464ccf9
000000ca2ba51e19
000000ca2ba52eb9
00000195ded53261
0000000001a58371
0000000000000181
000000cb2e8e4979
000000cee5e5e179
000000d2f7dd7eb9
000001a87f3fcc61
0000000001a58371
0000000000000181
000000d68ab631b9
000000d6d21e49f9
000001bb1faa6661
0000000001a58371
0000000000000181
000000de524285b9
000000de52428d19
000000de76d94779
000000e0cb159ff9
000001cdc0150161
0000000001a58371
0000000000000181
000001e0607f9b61
0000000001a58371
0000000000000181
000000f2d3267dd9
000000f2d326a3b9
000000f9706210d9
000001f300ea3561
0000000001a58371
0000000000000181
000000fcdfcef9f9
000000ff568d1019
000000ffcc8028f9
00000205a154cf61
0000000001a58371
0000000000000181
0000021841bf6961
0000000001a58371
0000000000000181
0000010d4319e1d9
00000110cd5aa379
0000022ae22a0361
0000000001a58371
0000000000000181
0000011caee87c79
0000023d82949d61
0000000001a58371
0000000000000181
000001259603cd79
000001259603df19
000001259603ead9
00000128077f1b59
0000025022ff3761
0000000001a58371
0000000000000181
00000262c369d161
0000000001a58371
0000000000000181
00000135875633d9
0000013708e8f3f9
0000013712241499
0000013713963879
0000027563d46b61
0000000001a58371
0000000000000181
0000013fda842dd9
0000014264235839
000001430c66f379
000001430c6769b9
00000288043f0561
0000000001a58371
0000000000000181
00000145d43b4939
00000145d43b49b9
00000147bfb1f879
00000148fe561819
0000029aa4a99f61
0000000001a58371
0000000000000181
0000014df23bb7b9
0000015363aa28b9
000001538b355c99
000002ad45143961
0000000001a58371
0000000000000181
000001590f661159
0000015c11710f79
0000015c6edbe779
000002bfe57ed361
0000000001a58371
0000000000000181
00000164ac3e3939
00000164d9845859
00000164d9845a59
00000164d9845c19
00000164d9845c99
00000164d9846e39
00000164d9848fb9
00000164d984b079
00000168432edcb9
000001693ea84e19
000002d285e96d61
0000000001a58371
0000000000000181
0000016e16e9c899
000002e526540761
0000000001a58371
0000000000000181
00000172f4be1fb9
000002f7c6bea161
0000000001a58371
0000000000000181
0000017c4c24ae79
0000030a67293b61
0000000001a58371
0000000000000181
0000031d0793d561
0000000001a58371
0000000000000181
000001944e20ea39
000001949d29bb99
0000019681752419
0000019681753479
000001968175a519
000001968175bed9
0000019749c69999
0000032fa7fe6f61
0000000001a58371
0000000000000181
0000019b1294cb39
0000019cd674dd99
000001a01bbb5e19
0000034248690a61
0000000001a58371
0000000000000181
000001a2158f1119
00000354e8d3a461
0000000001a58371
0000000000000181
000001b0d8a75a99
000001b0d8a7ee59
00000367893e3e61
0000000001a58371
0000000000000181
000001b651440e39
000001b71a4dcdd9
000001b939428359
000001b939429479
000001b9394298d9
0000037a29a8d861
0000000001a58371
0000000000000181
000001c6499b2459
0000038cca137261
0000000001a58371
0000000000000181
000001cddfb4a759
0000039f6a7e0c61
0000000001a58371
0000000000000181
000001d74ec41b59
000003b20ae8a661
0000000001a58371
0000000000000181
000001dab0af1519
000001dd64ba2379
000001dd695624d9
000003c4ab534161
0000000001a58371
0000000000000181
000003d74bbddb61
0000000001a58371
0000000000000181
000001ee775ad499
000001f136e42ab9
000001f4ee8f8cd9
000003e9ec287561
0000000001a58371
0000000000000181
000001fa67010739
000003fc8c930f61
0000000001a58371
0000000000000181
00000203837c15f9
0000040f2cfdaa61
0000000001a58371
0000000000000181
0000020b5d822fb9
0000020f7af45319
00000421cd684461
0000000001a58371
0000000000000181
000004346dd2de61
0000000001a58371
0000000000000181
0000021afa119fb9
0000021f9297f1b9
000002203d9f0c39
00000221c890c5b9
000004470e3d7861
0000000001a58371
0000000000000181
000002265e35ad79
0000022b6a36d259
00000459aea81361
0000000001a58371
0000000000000181
0000046c4f12ad61
0000000001a58371
0000000000000181
0000047eef7d4761
0000000001a58371
0000000000000181
000002455ae1bfd9
000004918fe7e161
0000000001a58371
0000000000000181
00000249e8e15ed9
0000024e5b04f619
0000024ef153ea39
000004a430527b61
0000000001a58371
0000000000000181
00000259f1124f19
000004b6d0bd1661
0000000001a58371
0000000000000181
000002616e3e3779
0000026319185679
0000026319187ed9
000004c97127b061
0000000001a58371
0000000000000181
00000264daf67219
0000026977f9d619
000004dc11924a61
0000000001a58371
0000000000000181
00000272ebd4e0f9
00000273458d7659
000002750f2cd499
000004eeb1fce561
0000000001a58371
0000000000000181
0000027d51317a79
0000050152677f61
0000000001a58371
0000000000000181
00000281ac32be19
00000513f2d21961
0000000001a58371
0000000000000181
00000526933cb361
0000000001a58371
0000000000000181
0000053933a74e61
0000000001a58371
0000000000000181
0000029e4316daf9
0000054bd411e861
0000000001a58371
0000000000000181
0000055e747c8261
0000000001a58371
0000000000000181
000002b6483f2af9
0000057114e71c61
0000000001a58371
0000000000000181
000002b88de0e119
000002bb8e070859
000002bdfc690059
000002be6c49d6f9
000002c16be390b9
00000583b551b761
0000000001a58371
0000000000000181
000002c38821eed9
000002c457fb30d9
000002c4b5473519
000002c4f5b9d299
0000059655bc5161
0000000001a58371
0000000000000181
000002cb7b7b0959
000002ccdce2dc59
000002ce208a3a39
000002d1c746db59
000005a8f626eb61
0000000001a58371
0000000000000181
000002d9905e1c99
000005bb96918661
0000000001a58371
0000000000000181
000002de4406d839
000005ce36fc2061
0000000001a58371
0000000000000181
000002eea7e766b9
000005e0d766ba61
0000000001a58371
0000000000000181
000002f5bd43bdd9
000002f67c165699
000005f377d15561
0000000001a58371
0000000000000181
000002f9f1ed9b19
00000606183bef61
0000000001a58371
0000000000000181
00000303a3945539
0000030b56a586d9
0000030b6012c099
0000030b6012e9f9
0000030b601318d9
0000030ba3e2b7b9
00000618b8a68961
0000000001a58371
0000000000000181
0000031389518599
0000062b59112461
0000000001a58371
0000000000000181
0000031e24612619
0000063df97bbe61
0000000001a58371
0000000000000181
0000031f52b1da99
000003242f3ae699
0000065099e65961
0000000001a58371
0000000000000181
0000032a82f5a379
0000032a82f5f5f9
0000032c8d23ab59
0000033158ee1819
0000033174ea5e19
000006633a50f361
0000000001a58371
0000000000000181
00000675dabb8d61
0000000001a58371
0000000000000181
0000033c0c3a60d9
0000033f1b6986f9
000006887b262861
0000000001a58371
0000000000000181
000003448a2acab9
000003465ee3a199
0000069b1b90c261
0000000001a58371
0000000000000181
0000034d951cdff9
0000034e1f420959
000003547b30c939
000006adbbfb5d61
0000000001a58371
0000000000000181
00000359ba859579
00000359c8d0a599
000006c05c65f761
0000000001a58371
0000000000000181
0000036375d93719
00000368fe053bd9
000006d2fcd09161
0000000001a58371
0000000000000181
0000036a0ea8afb9
0000036b2034fdd9
0000036d7e1a19d9
0000036df6426439
000006e59d3b2c61
0000000001a58371
0000000000000181
0000037a77ade259
0000037a77adef59
0000037a77ae35d9
000006f83da5c661
0000000001a58371
0000000000000181
0000037c8f485b79
0000037cff100319
0000037e4a2e0c39
0000037e4a2e0cb9
0000037e4a2e1e39
00000381c6ed0c99
0000070ade106161
0000000001a58371
0000000000000181
0000038c0410f959
0000038d8c4fd119
0000071d7e7afb61
0000000001a58371
0000000000000181
0000039317f35639
00000394621f32b9
000007301ee59661
0000000001a58371
0000000000000181
00000742bf503061
0000000001a58371
0000000000000181
000003a2cf1af319
0000074abe760261
0000000001a58371
0000000000000181
