[MCS8 A] 97 FW 3.104 SV 1.257 
range=1024
periods=2
sweepmode=27e20d0
fstchan=0
holdafter=0
streamstatus=3
calreg0=0
calreg1=0
calreg2=0
calreg3=0
swpreset=8000        
prena=1
syncout=0
cycles=18
sequences=1
tagbits=16
vdac0=92c
vdac1=807
vdac2=8c8
vdac3=8c8
vdac4=8c8
vdac5=8c8
vdac6=8c8
vdac7=8c8
timepreset=100.000     
digio=0
digval=0
autoinc=0 
savedata=2 
mpafmt=asc
sephead=0 
fmt=asc
smoothpts=5 
[CHN1]
REPORT-FILE from 07/27/2026 16:23:45.093  written 07/27/2026 16:23:45
cmline0=07/27/2026 16:23:45.093 
cmline1=A1
range=1024
active=1
bitshift=4
cftfak=2580100
evpreset=10          
roimin=0
roimax=1000
caloff=0.800000
calfact=12.800000
calfact2=0
calfact3=0
calunit=nsec
caluse=1 
[CHN2]
REPORT-FILE from  written 07/27/2026 16:23:45
cmline1=A2
range=1024
active=0
bitshift=4
cftfak=2580100
evpreset=10          
roimin=0
roimax=1000
caloff=0.800000
calfact=12.800000
calfact2=0
calfact3=0
calunit=nsec
caluse=1 
[CHN3]
REPORT-FILE from  written 07/27/2026 16:23:45
cmline1=A3
range=1024
active=0
bitshift=4
cftfak=2580100
evpreset=10          
roimin=0
roimax=1000
caloff=0.800000
calfact=12.800000
calfact2=0
calfact3=0
calunit=nsec
caluse=1 
[CHN4]
REPORT-FILE from  written 07/27/2026 16:23:45
cmline1=A4
range=1024
active=0
bitshift=4
cftfak=2580100
evpreset=10          
roimin=0
roimax=1000
caloff=0.800000
calfact=12.800000
calfact2=0
calfact3=0
calunit=nsec
caluse=1 
[CHN5]
REPORT-FILE from  written 07/27/2026 16:23:45
cmline1=A5
range=1024
active=0
bitshift=4
cftfak=2580100
evpreset=10          
roimin=0
roimax=1000
caloff=0.800000
calfact=12.800000
calfact2=0
calfact3=0
calunit=nsec
caluse=1 
[CHN6]
REPORT-FILE from  written 07/27/2026 16:23:45
cmline1=A6
range=1024
active=0
bitshift=4
cftfak=2580100
evpreset=10          
roimin=0
roimax=1000
caloff=0.800000
calfact=12.800000
calfact2=0
calfact3=0
calunit=nsec
caluse=1 
[CHN7]
REPORT-FILE from  written 07/27/2026 16:23:45
cmline1=A7
range=1024
active=0
bitshift=4
cftfak=2580100
evpreset=0           
roimin=0
roimax=1000
caloff=0.800000
calfact=12.800000
calfact2=0
calfact3=0
calunit=nsec
caluse=1 
[CHN8]
REPORT-FILE from  written 07/27/2026 16:23:45
cmline1=A8
range=1024
active=0
bitshift=4
cftfak=2580100
evpreset=0           
roimin=0
roimax=1000
caloff=0.800000
calfact=12.800000
calfact2=0
calfact3=0
calunit=nsec
caluse=1 
;MCS8 #97 Sversion=1.257 Fversion=3.68
time_patch=1
;datalength=8 bytes
;bit0..3: channel# 1..8 ( 4 bit)
;bit4: edge 0=up / 1=dn ( 1 bit)
;bit5 ..57: timedata    (53 bit), max sweep length 2001.6 h
;bit58..62: tag0..tag4  ( 5 bit)
;bit63:     data_lost   ( 1 bit)
[DATA]
0000000000000016
0000000166f23819
00000006bcc04399
00000006cebf7e19
0000000701f9d8d9
00000007565c2259
0000000825198d19
0000000861f0d479
0000000954eb4179
0000000988a5f4f9
00000009e9749819
0000000a7003fbb9
0000000a78ca1ed9
000000104bcdc879
0000002156a87a61
00000000019bc171
0000000000000181
000000110ddc3d39
000000113708c6f9
000000113ba5f539
0000001277cd2d39
00000015d9d72ad9
00000015faeabf59
000000175e262139
00000017f06350b9
0000001844842d79
00000033f7131c61
00000000019bc171
0000000000000181
0000001a1904bed9
0000001a1904d379
0000001a7fbd8699
0000001af8c5d139
0000001b530b2479
0000001b530b46f9
000000221e5564d9
00000046977dbf61
00000000019bc171
0000000000000181
00000026104b8699
00000026104b9a39
0000002677ea7af9
0000002677eab099
000000271292bb19
000000281660aef9
0000002859194779
0000005937e86161
00000000019bc171
0000000000000181
0000002c9de72ab9
0000002c9de72dd9
0000002f85a4a8f9
0000003016fae339
0000003016faea99
000000307c6c51f9
00000032fd727819
000000337135d5d9
00000035956359f9
0000003595635b99
0000003595637a99
00000035e85a7e39
0000006bd8530361
00000000019bc171
0000000000000181
00000036f43ed699
000000370f361cf9
000000380f4744d9
0000003ba6397dd9
0000003bb44318d9
0000007e78bda661
00000000019bc171
0000000000000181
00000042e7e72b39
00000043c83b2099
0000004604713139
00000046a37b88f9
0000004853321f99
0000009119284861
00000000019bc171
0000000000000181
0000004aca73ced9
0000004c3ae1d2d9
0000004cdc64f3f9
0000004d707e7739
0000004de65fca39
0000004ec9143a59
000000506fa53e19
000000515f274c19
000000a3b992eb61
00000000019bc171
0000000000000181
0000005558235a99
000000560b562c19
00000056b590e219
000000583e548c39
00000058f557fdd9
000000592a7fbad9
0000005abb5ec199
0000005ac3247459
000000b659fd8d61
00000000019bc171
0000000000000181
0000005b900508d9
0000005f89ee5979
000000c8fa683061
00000000019bc171
0000000000000181
000000659bb97659
00000066474478d9
0000006647448a79
0000006689134359
000000686c3f31b9
000000686c3f3239
0000006899328339
0000006aa45d2219
0000006d18367c99
000000db9ad2d261
00000000019bc171
0000000000000181
0000006fe5be8039
000000708068ad99
00000073ba608959
00000075d6f0a239
000000ee3b3d7561
00000000019bc171
0000000000000181
00000077e320e639
0000007873893fb9
000000787f993919
0000007ac7bdf259
0000007cb362f499
0000007f391d6a99
00000100dba81761
00000000019bc171
0000000000000181
00000081b726fe19
00000081b726ff99
000000834c6f2b19
000000834c6f3d39
0000008778ffd419
00000088cd093259
000001137c12ba61
00000000019bc171
0000000000000181
0000008a76acf819
0000008a7c88dad9
0000008fbc58bd19
0000008fc3c94639
0000008fc3c96759
0000008fea3582f9
0000009077bfc719
0000009077bfd599
000000927fa4dd79
000001261c7d5d61
00000000019bc171
0000000000000181
0000009427fe06b9
0000009428836259
00000094288374b9
0000009437d23339
00000098e17ddf19
0000009ac7570dd9
0000009c217dc759
00000138bce7ff61
00000000019bc171
0000000000000181
0000009c9b46de39
0000009d8924ad99
0000009db6731a99
0000009e11678b59
0000009e33790799
000000a106406079
000000a106407519
000000a21b0b4af9
000000a3e72282b9
000000a412144979
000000a4d9bf8099
000000a4fe5e6e79
000000a50fbf2f79
000000a50fbf3019
0000014b5d52a261
00000000019bc171
0000000000000181
000000a5c0004a19
000000a649d6b039
000000a865a1d119
000000a87ee0c079
000000a87ee0c719
000000a87ee0d359
000000a87ee0d679
000000a87ee0d759
000000a88027b419
000000ab84599719
000000abaf399c99
000000ad2e53ffb9
000000ad2e540179
000000ad61d918f9
0000015dfdbd4561
00000000019bc171
0000000000000181
000000b1df28c6f9
000000b5d0c5a159
000000b5d0c5c2b9
000000b6783f6119
000001709e27e861
00000000019bc171
0000000000000181
000000b8662812b9
000000ba71d9fab9
000000bc06e9c939
000000c036720a99
000000c101dd4759
000000c164912279
000001833e928a61
00000000019bc171
0000000000000181
000000c610f10f79
000000c6d4065719
000000c772207eb9
000000c868777b79
000000c98f12f999
00000195defd2d61
00000000019bc171
0000000000000181
000000ccf0a6ea99
000000cf454e4119
000000d05668d619
000000d1d908d9f9
000000d286174d39
000000d42f35f779
000000d42f360799
000001a87f67d061
00000000019bc171
0000000000000181
000000d540c9b179
000000d8c8f54f99
000000d8fe0354f9
000000dd7327fe59
000001bb1fd27361
00000000019bc171
0000000000000181
000000df8e2816f9
000000df8e282a99
000000e15d43bef9
000000e3750670b9
000000e556f773f9
000000e56e0d7a39
000001cdc03d1661
00000000019bc171
0000000000000181
000000e8215ca7b9
000000e831a1d559
000000e834100979
000000e93bf15e79
000000e93bf16019
000000eaedeec339
000000edcaa331f9
000000ee82f7fd59
000001e060a7b961
00000000019bc171
0000000000000181
000000f0cdaaebd9
000000f270dc5a99
000000f4d7da4259
000000f59d165eb9
000000f65e083cd9
000001f301125c61
00000000019bc171
0000000000000181
000000fb87149959
000001007be414d9
000001017da2c939
00000205a17cff61
00000000019bc171
0000000000000181
00000102fdd907d9
000001051b8003d9
000001083e5de4b9
00000108d91bcb79
00000108d91bcd19
00000108d91bf859
0000010990f4f0b9
0000021841e7a261
00000000019bc171
0000000000000181
0000010d3880cd19
0000010dac299b39
0000010dc2ea3019
0000010e39d42219
0000010e3e11d9b9
0000010f33ac27f9
0000010f33ac3a39
0000010f4478afb9
00000110bd777eb9
0000011392822ff9
00000113928237b9
0000022ae2524561
00000000019bc171
0000000000000181
00000115a705ef39
00000116ce9baaf9
0000011ae51d7d59
0000011ae51e0ef9
0000011c64c166b9
0000011c974c0259
0000011d737ba839
0000023d82bce961
00000000019bc171
0000000000000181
0000011f38734379
0000011f9db49c99
0000011fd605fb99
0000012007083639
00000120726e6fb9
00000124579a7319
0000025023278c61
00000000019bc171
0000000000000181
00000128ca105419
0000012c45e183f9
0000012c45e19af9
0000012c6da1d899
0000012c9e8c7359
0000012dc4893959
0000012dc4893b39
0000012dc4894d99
0000012e95b3be79
0000012f80cf05b9
000001301b774bf9
00000262c3922f61
00000000019bc171
0000000000000181
00000131eeb05c79
00000131eeb06c99
00000135e13490b9
00000135e134a7d9
000001387718d079
0000027563fcd261
00000000019bc171
0000000000000181
0000013bbd1543b9
00000140e0c83359
0000028804677661
00000000019bc171
0000000000000181
00000145e0d00c19
00000146e511e759
00000148d56c7399
00000148d5c36339
0000014b178ce319
0000014b6fe61f39
0000014d2d708539
0000029aa4d21961
00000000019bc171
0000000000000181
0000014fb601fe99
000001501c673cb9
00000151e46fb199
0000015628abfdd9
000002ad453cbc61
00000000019bc171
0000000000000181
000001573c607c99
000001573c608df9
00000158b4a98619
0000015acd0b6a79
0000015b0b9193b9
0000015b0b91a9b9
0000015b0b91acb9
0000015b0b91b119
0000015b0b91c5f9
0000015bac74fe39
0000015c047e0df9
0000015c047e22b9
0000015c3e448bf9
0000015c3e449839
0000015c3e44dfd9
0000015da3538d79
0000015dec6ee659
0000015f6e257739
000002bfe5a75f61
00000000019bc171
0000000000000181
0000016116cf3919
0000016342ffa339
0000016626cf6e99
000001673c6c62d9
000002d286120361
00000000019bc171
0000000000000181
00000169eab3c0f9
0000016a3ecf9899
00000170bb822499
000002e5267ca661
00000000019bc171
0000000000000181
0000017491b6a8f9
00000176b1277af9
00000176b1277cf9
00000176b1281d39
0000017a0e2b5b99
000002f7c6e74a61
00000000019bc171
0000000000000181
0000017e67f0a4d9
0000018438f3d099
0000030a6751ed61
00000000019bc171
0000000000000181
00000188aaebc139
00000188eaf3dad9
00000189c59b8919
00000189c59b8ab9
00000189f7f38cf9
00000189f7f41e59
00000189f7f44199
0000018a1c6ae599
0000018aa76b5a19
0000018aa76b6819
0000018c1124ca79
0000018d96f418f9
0000031d07bc9161
00000000019bc171
0000000000000181
0000019075bee939
00000192dc4760b9
00000195cf27b6d9
0000032fa8273461
00000000019bc171
0000000000000181
00000197f158ccd9
0000019a790be359
0000019eb0d5cdf9
0000019eb555e8d9
000003424891d861
00000000019bc171
0000000000000181
000001a30dcdde19
000001a743069c39
000001a943aef339
000001a96a1ea319
000001aa454df6f9
00000354e8fc7b61
00000000019bc171
0000000000000181
000001adf365aff9
000001af23c765f9
000001af3d7a1219
000001af9f6d2c79
000001af9f6d3f79
000001b08af2a2f9
0000036789671f61
00000000019bc171
0000000000000181
000001b441450cd9
000001b7420ff119
000001b7420ff999
000001baff80e8b9
0000037a29d1c361
00000000019bc171
0000000000000181
000001bd3c733779
000001c00e20c7b9
000001c152385c79
000001c241cfda39
000001c2bf9e3e59
000001c2bf9e51d9
000001c2d83c15f9
000001c512a3b319
0000038cca3c6761
00000000019bc171
0000000000000181
000001c72e8af1b9
000001c8954a83f9
000001c944a94719
000001cc3afa96b9
0000039f6aa70a61
00000000019bc171
0000000000000181
000001d34835c8d9
000001d3c97ec519
000001d644d9bd79
000001d8eaf8e579
000001d8eaf8f6b9
000003b20b11ae61
00000000019bc171
0000000000000181
000001dab02e8e79
000001de1be41f19
000001de6bc552d9
000001e1f5067c19
000003c4ab7c5261
00000000019bc171
0000000000000181
000001e603424599
000001e666f128b9
000001e6fa2c5019
000001e7a8e68d19
000001e87881da79
000001e8b0ee3939
000003d74be6f661
00000000019bc171
0000000000000181
000001ed9bf8ca59
000001efbc487cd9
000001f18b2f6d59
000001f226e8b2d9
000003e9ec519a61
00000000019bc171
0000000000000181
000001f836deadd9
000001f9d9985839
000001fa6f099c39
000001fb8d4b4ab9
000001fc2c1d94d9
000003fc8cbc3d61
00000000019bc171
0000000000000181
00000201ac51eb99
00000204e2503899
0000020627502219
0000020680799539
0000040f2d26e161
00000000019bc171
0000000000000181
0000020811433bd9
00000208eb7f70f9
00000209bafae9f9
0000020a01dcce79
0000020b85250bb9
0000020f82d07c99
0000020f82d07d39
0000020f82d07d79
0000020f82d083f9
00000421cd918561
00000000019bc171
0000000000000181
000002153acd77f9
00000215788f9f79
00000215788fb379
00000215e9808b39
00000215f0413b99
00000219ec4a5899
000004346dfc2961
00000000019bc171
0000000000000181
0000021dd657f619
0000021dfa29f039
0000021dfa2a0579
0000021dfa2a1f59
0000021f6cf5efb9
0000021fb5289219
000002205bf7dcb9
000002227177ebd9
0000022312c97ab9
0000022348c0dfd9
000002235e4909d9
000002235e491a19
000002235e491f19
000004470e66cd61
00000000019bc171
0000000000000181
00000224c1e2f419
00000459aed17261
00000000019bc171
0000000000000181
0000022f93194779
00000231300dae39
00000231727293d9
00000234b016aef9
00000234b016d5f9
00000234b016d7d9
00000234b016e819
0000046c4f3c1661
00000000019bc171
0000000000000181
00000236bf9113d9
000002383fe4ba59
0000023ada017399
0000023ada018939
0000023cfedef979
0000023cfedefab9
0000047eefa6ba61
00000000019bc171
0000000000000181
000002405d7b1f79
000002405d7b20f9
00000240b609f719
00000240bc4e5679
000002434e85cc59
00000243ade81a59
00000244a9155439
0000049190115e61
00000000019bc171
0000000000000181
00000249a8825279
0000024dc811dcb9
0000024f4247bed9
000004a4307c0261
00000000019bc171
0000000000000181
00000253a314f479
00000257ff4950f9
00000257ff496559
00000257ff496e59
00000257ff4975b9
0000025986083659
0000025a7ef7d179
000004b6d0e6a661
00000000019bc171
0000000000000181
00000261f7e2a239
00000261ffeec8f9
0000026267f50679
000004c971514b61
00000000019bc171
0000000000000181
00000265ce50cf19
00000268ce214d59
0000026d385ce259
0000026d8a7f5c19
000004dc11bbef61
00000000019bc171
0000000000000181
0000026e8745dd59
00000273863067b9
00000276339e2939
00000276339e4b79
000004eeb2269361
00000000019bc171
0000000000000181
0000050152913861
00000000019bc171
0000000000000181
00000287a1d849d9
00000289dde20a59
00000513f2fbdc61
00000000019bc171
0000000000000181
0000028bdc08e159
0000028f0ef32c79
0000028f0ef34659
0000052693668161
00000000019bc171
0000000000000181
00000293ad143d79
00000294a1f65b19
00000294cf5271d9
00000297353a5cf9
00000298647d9659
0000029af4cb07d9
0000053933d12561
00000000019bc171
0000000000000181
0000029cea5ac5f9
000002a026fccb39
000002a0ed009419
000002a3f358df79
000002a3f358e119
0000054bd43bca61
00000000019bc171
0000000000000181
000002a657d926b9
000002a914d895b9
000002a98b513d39
000002a9e1fe4af9
000002acfd9452d9
0000055e74a66e61
00000000019bc171
0000000000000181
000002af5f92d919
000002b0a9054939
000002b172acea19
000002b778cbb7b9
0000057115111361
00000000019bc171
0000000000000181
000002ba2172b7f9
000002ba2172c019
000002ba2172dcd9
000002bc5d5cdc59
000002be2433d4f9
00000583b57bb761
00000000019bc171
0000000000000181
0000059655e65c61
00000000019bc171
0000000000000181
000002cd3ad8fad9
000002cf77310219
000002d4345feeb9
000005a8f6510161
00000000019bc171
0000000000000181
000002d55a8f1319
000002d6ad2f1d59
000002d6ad2f7bd9
000002d93cd7b659
000002dbeeccc199
000002dd3b0edd99
000005bb96bba561
00000000019bc171
0000000000000181
000002e0b1bd13b9
000002e1dbda9359
000002e2c7f97cd9
000005ce37264a61
00000000019bc171
0000000000000181
000002e7a8a25359
000002e800957939
000002e8fe892c39
000002ea60492539
000002eee8f58fb9
000002eee8f591b9
000005e0d790ef61
00000000019bc171
0000000000000181
000002f150b76139
000005f377fb9461
00000000019bc171
0000000000000181
000002fabb894939
000002fb1155d879
000002fca06f5f19
000002ff943bc8f9
000002ffaee92b19
0000030222056c79
000003022205ee79
0000060618663961
00000000019bc171
0000000000000181
000003030d751239
000003033d457579
000003033d4585f9
00000306d40b43d9
00000306f3248df9
000003075a2d6959
00000307d6831d59
00000308ac602df9
0000030b5f6bdf19
00000618b8d0de61
00000000019bc171
0000000000000181
00000310898552b9
0000031276dc1379
00000315791ebfb9
0000062b593b8361
00000000019bc171
0000000000000181
0000031649ae3ef9
0000031b5bb97119
0000031cf8bf62f9
0000031d1a960219
0000031dd23d0239
0000063df9a62861
00000000019bc171
0000000000000181
000003234b1a52d9
0000032667febb19
000006509a10cd61
00000000019bc171
0000000000000181
0000032a02a42959
0000032d3361fd59
0000032e86a48d39
0000032ecff07fb9
0000033035745a79
000003306ee15459
000006633a7b7261
00000000019bc171
0000000000000181
000003342199bf19
00000334219a05b9
0000033664eb5639
00000675dae61761
00000000019bc171
0000000000000181
0000034016f3c959
0000034016f3da59
0000034016f3f2b9
000006887b50bc61
00000000019bc171
0000000000000181
00000344beed0d39
00000346a4eccab9
0000034966b0ebd9
0000069b1bbb6161
00000000019bc171
0000000000000181
0000034e7182b3b9
0000034fcee35199
00000350f7e9a439
00000350f7e9b239
00000350f7e9db59
000003553f72ab99
000006adbc260761
00000000019bc171
0000000000000181
0000035d30d27fd9
0000035d30d29a59
0000035d95b639d9
0000035f5f37f439
000006c05c90ac61
00000000019bc171
0000000000000181
000003650e1b6f19
00000369787f8819
00000369787f9cd9
000006d2fcfb5161
00000000019bc171
0000000000000181
0000036cafac7399
0000036cb6bb5bf9
0000036daf137539
0000036daf1376d9
0000036daf138779
0000036daf1388f9
0000036ebf197f19
0000036f7ff686d9
0000036fe5600c79
000006e59d65f761
00000000019bc171
0000000000000181
0000037a11b83859
0000037a76e6c739
000006f83dd09c61
00000000019bc171
0000000000000181
0000037d283ac979
0000037f50582af9
0000037f50582b79
0000037f50583259
00000382d3239e39
0000070ade3b4161
00000000019bc171
0000000000000181
00000385a64b5699
00000386020337b9
00000389c9cd1579
0000038b6e08cd19
0000071d7ea5e761
00000000019bc171
0000000000000181
0000038ef1629c39
0000038ef1629db9
00000390e71b4799
00000390e71b6c39
0000039237296039
00000392d7b49b39
00000393f2b0bdb9
00000394b3de3339
00000395bb26b0d9
0000039610ad6439
0000039610ad7ab9
00000397648c5239
000007301f108c61
00000000019bc171
0000000000000181
00000398838dd639
00000398c7eedbd9
000003994934dc99
0000039bc91837d9
0000039cee2a88d9
0000039f4e5f5cb9
000003a05f4ed259
000003a12a1c9c19
00000742bf7b3261
00000000019bc171
0000000000000181
00000747cfadd361
00000000019bc171
0000000000000181
