[MCS8 A] 97 FW 3.104 SV 1.257 
range=1024
periods=2
sweepmode=27e20d0
fstchan=0
holdafter=0
streamstatus=3
calreg0=0
calreg1=0
calreg2=0
calreg3=0
swpreset=8000        
prena=1
syncout=0
cycles=18
sequences=1
tagbits=16
vdac0=92c
vdac1=807
vdac2=8c8
vdac3=8c8
vdac4=8c8
vdac5=8c8
vdac6=8c8
vdac7=8c8
timepreset=100.000     
digio=0
digval=0
autoinc=0 
savedata=2 
mpafmt=asc
sephead=0 
fmt=asc
smoothpts=5 
[CHN1]
REPORT-FILE from 07/27/2026 16:27:40.771  written 07/27/2026 16:27:40
cmline0=07/27/2026 16:27:40.771 
cmline1=A1
range=1024
active=1
bitshift=4
cftfak=2580100
evpreset=10          
roimin=0
roimax=1000
caloff=0.800000
calfact=12.800000
calfact2=0
calfact3=0
calunit=nsec
caluse=1 
[CHN2]
REPORT-FILE from  written 07/27/2026 16:27:40
cmline1=A2
range=1024
active=0
bitshift=4
cftfak=2580100
evpreset=10          
roimin=0
roimax=1000
caloff=0.800000
calfact=12.800000
calfact2=0
calfact3=0
calunit=nsec
caluse=1 
[CHN3]
REPORT-FILE from  written 07/27/2026 16:27:40
cmline1=A3
range=1024
active=0
bitshift=4
cftfak=2580100
evpreset=10          
roimin=0
roimax=1000
caloff=0.800000
calfact=12.800000
calfact2=0
calfact3=0
calunit=nsec
caluse=1 
[CHN4]
REPORT-FILE from  written 07/27/2026 16:27:40
cmline1=A4
range=1024
active=0
bitshift=4
cftfak=2580100
evpreset=10          
roimin=0
roimax=1000
caloff=0.800000
calfact=12.800000
calfact2=0
calfact3=0
calunit=nsec
caluse=1 
[CHN5]
REPORT-FILE from  written 07/27/2026 16:27:40
cmline1=A5
range=1024
active=0
bitshift=4
cftfak=2580100
evpreset=10          
roimin=0
roimax=1000
caloff=0.800000
calfact=12.800000
calfact2=0
calfact3=0
calunit=nsec
caluse=1 
[CHN6]
REPORT-FILE from  written 07/27/2026 16:27:40
cmline1=A6
range=1024
active=0
bitshift=4
cftfak=2580100
evpreset=10          
roimin=0
roimax=1000
caloff=0.800000
calfact=12.800000
calfact2=0
calfact3=0
calunit=nsec
caluse=1 
[CHN7]
REPORT-FILE from  written 07/27/2026 16:27:40
cmline1=A7
range=1024
active=0
bitshift=4
cftfak=2580100
evpreset=0           
roimin=0
roimax=1000
caloff=0.800000
calfact=12.800000
calfact2=0
calfact3=0
calunit=nsec
caluse=1 
[CHN8]
REPORT-FILE from  written 07/27/2026 16:27:40
cmline1=A8
range=1024
active=0
bitshift=4
cftfak=2580100
evpreset=0           
roimin=0
roimax=1000
caloff=0.800000
calfact=12.800000
calfact2=0
calfact3=0
calunit=nsec
caluse=1 
;MCS8 #97 Sversion=1.257 Fversion=3.68
time_patch=1
;datalength=8 bytes
;bit0..3: channel# 1..8 ( 4 bit)
;bit4: edge 0=up / 1=dn ( 1 bit)
;bit5 ..57: timedata    (53 bit), max sweep length 2001.6 h
;bit58..62: tag0..tag4  ( 5 bit)
;bit63:     data_lost   ( 1 bit)
[DATA]
0000000000000016
00000000a9df7f19
0000000175080859
000000036dff8199
00000004be4827d9
00000004f417abb9
000000056a921059
000000069c1e1bf9
00000008c4e422d9
00000008d5a4d8f9
000000097b90ff59
0000000b688b6299
0000000b8a395f19
0000000b8a3eaf39
0000000b8a3f26b9
0000000c24359539
0000000d8cc7cf39
0000000ed2653439
0000000f9e07d0b9
0000000f9e07d819
00000010a1fdba79
00000021573ed861
00000000025f6771
0000000000000181
0000001169dd7499
0000001169dd8fb9
000000117ed7bd19
00000011eb1b18d9
000000125e4d15d9
0000001395186799
0000001546f91879
00000015ffd32d99
000000161aeaae79
000000183262a2f9
000000183262a479
0000001854369099
00000018acde8739
00000018acde99b9
0000001994961279
00000019ecdd3019
00000019ecdd3779
00000033f7a98361
00000000025f6771
0000000000000181
0000001b7f557719
0000001c7985f519
0000001d1c098099
0000001d1c098a59
0000001f9f2ce999
00000020ab902539
00000020ac3426d9
0000004698142e61
00000000025f6771
0000000000000181
0000002428119c19
0000002506dc96f9
0000002506dc9e59
0000002506dc9eb9
00000025b6cc4399
00000026584c7b39
00000026b95f57d9
000000280e61e8f9
000000280e61ff39
0000002899c25519
00000029f69db0b9
0000002a54b6f0b9
0000002a92372319
0000002bc8bcc6b9
0000002c1ef92ab9
0000002c54ba93f9
0000002c54bae2b9
00000059387ed861
00000000025f6771
0000000000000181
0000002da740e539
0000002da7417919
0000002dcf368479
0000002e278fb239
00000030589a7eb9
000000311841de99
000000318acd1cb9
0000003237347d19
000000325693eff9
00000032b08ad3f9
00000032c251a799
000000333c1620b9
000000335d971699
00000033c1ce6c39
000000344a393d39
00000034d79c72b9
00000035683631b9
00000035a2e66899
0000006bd8e98361
00000000025f6771
0000000000000181
00000035f5bf3019
00000038cc7b8559
0000003ad8aff019
0000003c8f636c39
0000003d1f6224b9
0000003dde8268f9
0000003df7b87719
0000007e79542e61
00000000025f6771
0000000000000181
0000003f8f7f81f9
0000004278d36cf9
0000004547c41e79
0000004597db3af9
00000047e63e7539
00000047e63e8659
00000047e63e9159
00000047e63e9a59
00000047f26841f9
0000009119bed961
00000000025f6771
0000000000000181
000000488e933b39
0000004a9d4a4b19
0000004aabc54f19
0000004b54b279d9
0000004cff47aed9
0000004df2aa6e19
0000004df2aa6e99
0000004ed7561279
0000004f450c89d9
0000004f4f5acab9
0000004f4f5b2bd9
0000004fff69b8f9
00000050fa70a939
000000a3ba298461
00000000025f6771
0000000000000181
00000051dfe56259
000000540bfd41d9
000000540e8424d9
00000054510284b9
000000546ed89f39
00000054aa251ab9
00000055ff4eaa79
000000563fb90439
0000005683c17bd9
00000056dbb60219
000000575ca3ee79
00000057bba12819
000000582d9c3f39
0000005895655c59
00000059edf29d59
0000005a4198ef59
000000b65a943061
00000000025f6771
0000000000000181
0000005d202ca0d9
0000005df9606479
0000005e63ccc4d9
0000005e6bd07439
0000005e6fa9a259
00000064078ce699
000000c8fafedb61
00000000025f6771
0000000000000181
0000006499ed7679
0000006501c837f9
0000006b60d51c19
0000006b79182a59
0000006c663d8019
000000db9b698661
00000000025f6771
0000000000000181
0000006e4e54a7d9
0000006e65ae6859
0000006e96f6b279
0000006ec6828079
0000006ec68287f9
0000006efdd17dd9
0000006f0558fdd9
0000006fbf72fef9
0000007022000259
00000070ad313d39
000000725481dbd9
00000072a72538d9
000000730d0337d9
000000730d038079
000000730d0387d9
0000007477d90fd9
00000075502e3179
000000756e0be159
0000007612142379
000000766d6c4dd9
0000007694490e99
000000ee3bd43161
00000000025f6771
0000000000000181
0000007767f3e4f9
00000077aeb38df9
00000078e3ee5219
0000007ac6c52299
0000007b72519b99
0000007c62306139
0000007d80e138f9
0000007dd73bbf39
0000007f146d44f9
0000008017f5ee59
00000100dc3edc61
00000000025f6771
0000000000000181
0000008361269c79
000000836126c059
000000872dd064d9
00000087ba400f99
00000088bbf5bbf9
000001137ca98761
00000000025f6771
0000000000000181
0000008a6895a5d9
0000008ab74b3f59
0000008ab74b4779
0000008c6c704fd9
0000008dc0d0cab9
0000008e86242639
00000090219143f9
0000009088155019
00000090c25c8219
0000009155e44999
000000925f31e2d9
000001261d143361
00000000025f6771
0000000000000181
0000009473fdb719
0000009831a01d19
00000098e4fc6959
00000099723a0a99
0000009ad8856b59
0000009af77c4619
0000009be3e23899
0000009c151e2339
00000138bd7ede61
00000000025f6771
0000000000000181
0000009d8e497259
0000009df85a2999
0000009e1ea0d319
0000009fa9d72e19
000000a3cf997a19
000000a4646363f9
000000a509d33c19
000000a509d33df9
000000a52e066079
0000014b5de98961
00000000025f6771
0000000000000181
000000a7c11c8c79
000000a8c18025d9
000000a8ea93e699
000000a8ea93f939
000000aab3370819
000000ad685348d9
000000ad68534a99
000000ae4d152759
000000ae9b639ab9
0000015dfe543561
00000000025f6771
0000000000000181
000000b0358812b9
000000b035882b19
000000b1cdd6d779
000000b1ed4a6df9
000000b31a8cb419
000000b39e56ad99
000000b4219541f9
000000b54b215319
000000b58d6529f9
000000b6df8984f9
000000b7d71f1219
000000b7d8da6f99
000000b7d8dac819
000001709ebee061
00000000025f6771
0000000000000181
000000b860d0e099
000000b8cc8ab899
000000b8cc8aba19
000000b8cc8ac179
000000bab4584fd9
000000bb05e36cf9
000000bb05e37459
000000bb485c1c79
000000bbb954f199
000000bd84e07159
000000bf808687d9
000000bf808698b9
000000c0ce865e19
000001833f298c61
00000000025f6771
0000000000000181
000000c1ab4c3219
000000c4650b62f9
000000c4830d6939
000000c60fb79759
000000c6548b9d59
000000c6b2b327d9
000000c748025859
000000c7681668f9
000000c8d2a43f19
000000c8dca6c179
000000c8dca6d239
000000c992d63939
000000caeb78da99
00000195df943761
00000000025f6771
0000000000000181
000000cc983e9699
000000cc9c522c79
000000ce86fad7d9
000000d198f834f9
000000d1c46792d9
000000d1c46794b9
000000d3243c1bb9
000000d429f8f5b9
000000d429f907d9
000001a87ffee361
00000000025f6771
0000000000000181
000000d5571ca779
000000d63cc18fd9
000000d6940269b9
000000d7edd0f9b9
000000d8e1f6c979
000000da73b00259
000001bb20698e61
00000000025f6771
0000000000000181
000000dda14dbed9
000000de3c633239
000000e1a30e0619
000000e2282b5639
000000e47801e1d9
000000e5603723b9
000000e6b317a7b9
000001cdc0d43a61
00000000025f6771
0000000000000181
000000e763ddc459
000000e78b076e59
000000ea157a1a59
000000ea157a1c19
000000eaa1c49379
000000eaac6dec19
000000eaac6dee39
000000eaac6deff9
000000ebe358e199
000000ec0dda8a59
000000ef3a43b7f9
000000ef3a43cb99
000001e0613ee661
00000000025f6771
0000000000000181
000000f03bbfca79
000000f2d07594b9
000000f4306d6a59
000000f58f2050f9
000000f5fddff079
000000f7293403d9
000000f74096f1f9
000000f76b3a7e59
000000f7d6d31179
000000f8034baf39
000000f89df5aa99
000000f90d7875f9
000001f301a99161
00000000025f6771
0000000000000181
000000f9afc1f4d9
000000fc661eca79
000000fc661eda39
000000fd9afb3339
000000fef227a7b9
000000ffed549e79
000000ffed54b039
000001011e455579
00000101a8280539
00000205a2143d61
00000000025f6771
0000000000000181
000001034d7267f9
000001040ca0b519
00000104afd6d0b9
000001052866ec39
0000010528671099
00000107e11ac999
00000218427ee961
00000000025f6771
0000000000000181
0000010c333fe679
0000010d3d4595d9
0000010e1b44d9d9
0000010fd8a48699
00000110174f0719
00000111eb5c3839
000001133872ba79
00000114d4c19199
0000022ae2e99561
00000000025f6771
0000000000000181
000001175d905439
000001175d905b99
000001175d9063b9
000001175d906739
000001175d906d19
00000117879c4759
0000011797690619
0000011a3fb375f9
0000011ba9a09b59
0000011bbe771639
0000011cadc21e19
0000023d83544161
00000000025f6771
0000000000000181
0000012239199159
000001230bf60a99
000001238a2afdf9
000001238a2afff9
000001238a31a399
0000012566c06599
00000125f7799439
000001265abb1539
000001266a329919
00000127516aedf9
00000127bb950bd9
0000025023beed61
00000000025f6771
0000000000000181
00000128e852eb39
0000012a96bf4f19
0000012ac9fe6499
0000012ac9fe6d19
0000012b3d3f50b9
0000012ba4c21b19
0000012be1c51a19
0000012f029a1359
0000012f029a9a39
0000012f029a9bf9
0000012f2fc0a539
0000012ff9e6a0f9
00000131583a36d9
00000131583a3779
00000131583a3e39
00000262c4299861
00000000025f6771
0000000000000181
00000131ad3dbd39
00000132c4d2feb9
0000013454e9b599
000001357f87d6d9
00000136ffe46f99
00000137957fb9f9
00000137957fcb59
0000027564944461
00000000025f6771
0000000000000181
0000013bce814b19
0000013bebc51b39
0000013dd46f4ff9
0000013f9651e519
0000014045cf9599
0000014061acb799
0000014061accc39
00000140e4c07739
00000141ea6aec39
0000028804fef061
00000000025f6771
0000000000000181
00000144eadf38b9
000001451b5d5eb9
00000145a379f4b9
00000146d08781d9
00000146d0878679
000001479f1ff479
00000147b53cd359
00000147b53cdbd9
0000014859c2a5d9
000001496e5d2759
0000014a42bfd6d9
0000014a61075619
0000014ada707c59
0000014b590f8039
0000029aa5699c61
00000000025f6771
0000000000000181
0000014d63117479
0000015052f968b9
0000015052f96a79
00000152a197ccd9
00000152eeddfb59
00000152eede1299
00000153b57dd239
00000153cdcb7c19
00000153d5c00319
00000153ff8e5a39
00000155f184f179
000001561176f219
000002ad45d44961
00000000025f6771
0000000000000181
00000156a7676ef9
00000156db182759
00000158797bd719
0000015afe771f79
0000015b3f86cb99
0000015bae358b59
0000015c4df96ad9
0000015ea4ca7999
0000015ea4ca8d99
0000015ea4ca8f39
0000015f5efc8cf9
000002bfe63ef561
00000000025f6771
0000000000000181
0000016091319339
00000160fdd69079
0000016148de9519
0000016148dea599
0000016148deab79
0000016148defab9
000001619e926999
00000162ae376119
00000163476f6979
0000016398526379
00000163b3669c99
00000165b6892859
00000166e72f8dd9
00000168238c1eb9
000002d286a9a161
00000000025f6771
0000000000000181
0000016a308f5df9
0000016ab36641f9
0000016df51c1239
0000016e46b84199
000001702e282cf9
000001712b7d1279
000001712b7d1a99
000001726b49ffd9
000002e527144d61
00000000025f6771
0000000000000181
000001751c452a99
00000175c6e86059
00000176a165b759
00000176e9e1f1d9
00000177a2f38859
000001788cd1c8b9
000001788cd1dd59
000001788cd1f1d9
00000179fc846039
0000017bd0983fd9
000002f7c77ef961
00000000025f6771
0000000000000181
0000017c587b4b39
0000017ccdf58e39
0000017cf02d2839
0000017da225cb39
00000180b8d141b9
00000181220e8f99
00000181824a51b9
00000182ee888679
000001835af5f8f9
00000183d9339219
000001842ca5c559
000001842ca5d2f9
0000030a67e9a561
00000000025f6771
0000000000000181
00000185427cfa19
0000018552263719
00000185b47b5ef9
0000018794d45739
00000188131723d9
00000188de33f779
00000188de3409d9
0000018911d24099
0000031d08545261
00000000025f6771
0000000000000181
0000018e8d028cb9
0000018ebd6e8cb9
0000019046bbddb9
00000190509e1dd9
0000019072397d39
00000190ee1b63f9
00000191f6cdc639
00000192fc77d6f9
000001938921e7f9
00000195a2638019
000001961f17ce99
000001962ea331b9
0000019657f0f419
0000019657f104f9
000001969561e819
00000196a55c6679
00000196c44d22f9
00000196da6f8f99
00000196da6fa479
0000032fa8befe61
00000000025f6771
0000000000000181
00000198676a83f9
00000198676a9439
00000198676ae1f9
000001993d935139
000001993d936459
0000019e42cc4619
0000019e4cdd1359
0000019eafa327b9
0000019eafa33b59
0000019fd9058339
000001a03b753d99
000001a106afac79
000003424929aa61
00000000025f6771
0000000000000181
000001a200e49159
000001a200e4a279
000001a200e52419
000001a2660c7459
000001a2a8b8dff9
000001a2b5da6b59
000001a4895ce3b9
000001a4aaf54299
000001a54543b559
000001a5577a6b59
000001a64b740bb9
000001a74cb27cd9
000001a87ea874b9
000001aa46a81cd9
00000354e9945761
00000000025f6771
0000000000000181
000001ab155602d9
000001acabd2ef79
000001acabd2f799
000001ad726ce8b9
000001adf35fc279
000001af56a93c79
000001b04260f459
000001b04eab36f9
000001b04eab3c99
000001b04eab6639
000001b04eaddc99
000001b04eadecd9
000001b113e49cf9
000001b1146da219
0000036789ff0361
00000000025f6771
0000000000000181
000001b40857f9b9
000001b408582b79
000001b44c6efe79
000001b45856cc19
000001b709703b79
000001b78d78d499
000001ba2156a3d9
000001bad3e57119
000001bae7a25b59
0000037a2a69b061
00000000025f6771
0000000000000181
000001bd890eea19
000001c000310a99
000001c1b18cfcd9
000001c253b594f9
000001c353a6f159
000001c3e14b1ef9
000001c4abdd4919
000001c4e70f37f9
000001c6294a49d9
0000038ccad45c61
00000000025f6771
0000000000000181
000001c6f4ecd6d9
000001c77bc514b9
000001c77bc529d9
000001c8ae278fd9
000001c97404d979
000001ca2ac235b9
000001ca2ac24939
000001cad1293e39
000001cad4de03d9
000001cc0a658659
000001cd365f7f19
000001cdc46d97f9
000001cebbbbc019
0000039f6b3f0961
00000000025f6771
0000000000000181
000001cfbeb27a99
000001cfdbf28399
000001d0395734f9
000001d07282e6d9
000001d0a36d8bd9
000001d0a36d9c99
000001d0b63d36d9
000001d0eea83e59
000001d1e19af9d9
000001d4f61ffa39
000001d4fd7bc759
000001d500ff4ad9
000001d6c0e57499
000001d72ea74879
000001d74ab16d79
000003b20ba9b561
00000000025f6771
0000000000000181
000001db0270d939
000001db0270edb9
000001db0b1ea459
000001dbb8910a99
000001dce223da59
000001dd513432f9
000001dd51344919
000001de47e3b039
000001deda1510d9
000001df7b3321d9
000001e083080759
000001e1c515be99
000001e1c515d139
000001e1c515d2f9
000001e1c5c3fe79
000003c4ac146261
00000000025f6771
0000000000000181
000001e4fac277d9
000001e55d67caf9
000001e617e5f619
000001e70b124b59
000001e75bd8aed9
000001e92edc0d19
000001ea8605a7f9
000001ea8605a879
000001ea8605a999
000001ea8605af59
000001eb44e3f419
000003d74c7f0f61
00000000025f6771
0000000000000181
000001ed37a544d9
000001ed462ed619
000001ee2628e879
000001eefa7d2b59
000001f16d29d419
000001f1b6648f99
000001f3928a6a39
000001f43a3d7a59
000001f47dadb4d9
000003e9ece9bb61
00000000025f6771
0000000000000181
000001f65e374db9
000001f6725330b9
000001f672539359
000001f7a69ff099
000001f7a6a037b9
000001f84b565739
000001f84b565e99
000001f9bef690b9
000001f9f46f80f9
000001fa568523b9
000001faa11360b9
000001faa1136899
000001faa1136a19
000001fbaba82399
000001fdbee566d9
000003fc8d546861
00000000025f6771
0000000000000181
000001ffe7630439
000002016ca49ab9
00000201a2971819
00000201bcedf159
0000020262309f59
00000202ea381139
0000020347c69f59
00000204a2dd5199
00000205f1275879
000002066b451d99
0000040f2dbf1561
00000000025f6771
0000000000000181
00000207d8258979
00000209f7651b99
00000209f7651d99
0000020a4d973219
0000020b2851d4d9
0000020b78615499
0000020b78616899
0000020b78618479
0000020cde503df9
0000020cf6cc0f19
0000020d196bcd19
0000020d196bddf9
0000020d616aeaf9
000002102a645759
000002102a6474f9
00000210691e9c19
00000421ce29c261
00000000025f6771
0000000000000181
000002115cf0cd99
00000211ea71f499
00000211ea720719
00000211ea720cb9
0000021292244eb9
00000213782dff19
00000214fcfd9ad9
00000214fcfdac19
000002160c7f5799
000004346e946f61
00000000025f6771
0000000000000181
0000021a5e262339
0000021bf9ed52b9
0000021c225087b9
0000021dd9b9e099
0000021de793ca19
0000021edeba7af9
0000021ffea041f9
00000220336906d9
00000222efe38d39
000004470eff1c61
00000000025f6771
0000000000000181
00000224f2f9f819
000002271206b4b9
000002271206c899
000002271206de59
000002279c821379
0000022892f9de79
000002290a939399
0000022913bb5a59
000002291f062919
00000229b07c4bf9
0000022aa4067359
0000022b49ff2c19
0000022c6fd0ef19
00000459af69c961
00000000025f6771
0000000000000181
0000022d1e7a78f9
0000022d630121f9
0000022e320ea0f9
0000022e320eafb9
0000022e320eb0f9
0000023114ee7e39
00000233fee52159
0000023598804039
0000046c4fd47561
00000000025f6771
0000000000000181
000002363106ab39
000002363106f899
000002371ce0f839
000002371ce115f9
000002371ce13019
00000238fc3da539
00000238fea65459
0000023a5109b9d9
0000023af59399b9
0000023afa34be99
0000023c3b172e99
0000023c87fd6119
0000023cc7abd259
0000023d078703f9
0000023dbe339359
0000023dbe3393f9
0000023dbe339ab9
0000023ea17bfcd9
0000047ef03f2361
00000000025f6771
0000000000000181
000002416dc4cef9
00000242cdaf7df9
00000243472d1a59
0000024493dc03f9
0000024493dc1499
000002449d450a79
000002449d454ed9
00000244b15a5dd9
0000024578981939
00000246a9219d59
00000247296653d9
0000049190a9d061
00000000025f6771
0000000000000181
0000024ae823a039
0000024bf22dcd79
0000024c5a585579
0000024cd9ad3979
0000024d16cca9f9
0000024dbcc73339
00000251457b1cb9
000002518be9fd59
00000251a64e4239
00000252027dbab9
000004a431147d61
00000000025f6771
0000000000000181
00000252efb17779
000002542524f0f9
00000254fae503f9
000002552ca79439
00000256614bf859
000002589e743a19
00000259e3364a59
0000025a353f9bd9
000004b6d17f2a61
00000000025f6771
0000000000000181
0000025bc4054919
0000025d4bc00e99
0000025dcbeefbd9
0000025de030bfd9
0000025fac75eb39
0000025face6f3d9
0000025fbd1666d9
00000262ad5ff5d9
000002632883bad9
000002640d4be279
000004c971e9d761
00000000025f6771
0000000000000181
0000026570b13099
0000026570b137f9
0000026570b15879
0000026610eef7d9
00000266c59deeb9
00000267166f7419
0000026754859eb9
000002685f2071d9
000002690dfc3a39
0000026962a75179
00000269bb98aff9
00000269dd76d839
00000269dd76d8d9
00000269dd76d8f9
00000269dd76df99
000004dc12548461
00000000025f6771
0000000000000181
0000026ef7559a99
0000026f19302119
00000270855ebff9
00000270bb454519
000002710dbe60d9
00000271fc802e79
00000271fc8040f9
000002727c9ef859
000002728a8b3ad9
000002729444c259
00000272b2e06f79
00000273c2af87f9
000002745df5e419
00000274716d0a99
00000274de3cf499
000002752749fe39
00000275274a0639
0000027596869719
000002759c43c699
00000275a521a4f9
00000275fc445199
0000027604290079
000004eeb2bf3261
00000000025f6771
0000000000000181
00000277adfb1039
00000277adfb63d9
00000277adfb73d9
00000278672e6f59
000002788f0965f9
000002794f337839
00000279c69a5519
00000279e5d9bfd9
00000279e5d9d059
0000027a657b9df9
0000027a6ebe5999
0000027af66c12f9
0000027af66c14f9
0000027af66c1959
0000027b4672d559
0000027cfc78fcd9
0000027e0a51c139
000002807a7e6bf9
000005015329df61
00000000025f6771
0000000000000181
0000028292284379
000002835e235379
000002840aa1f519
00000284fece6f19
00000285131c61b9
0000028947c662f9
00000513f3948c61
00000000025f6771
0000000000000181
0000028a9cce6a79
0000028b04a01c79
0000028b34d70699
0000028c07e790f9
0000028cb3f947d9
0000028f2cbf4d99
0000028fd1b927b9
00000290b29d16b9
00000291b651aeb9
000002927ca0b659
000002929b74edd9
000002929fa4ee39
0000052693ff3a61
00000000025f6771
0000000000000181
00000293a4d56f99
00000293a4d578f9
00000294503f9339
00000294de1814f9
00000295109f7359
00000296b1431859
00000297122fc879
000002977aef3239
00000297e4584b39
00000298bc1ce659
000002992da12279
0000029a419491b9
0000029beefc9499
000005393469e761
00000000025f6771
0000000000000181
0000029cecf76d79
0000029e1c234fd9
0000029e2099fdd9
0000029fe756b4d9
0000029fe7570b99
000002a01694c1f9
000002a220626579
000002a44e189239
000002a47137be79
000002a49b1f88f9
000002a49b1f9bf9
000002a49b1f9f99
000002a5507deff9
000002a5ba42ddb9
0000054bd4d49461
00000000025f6771
0000000000000181
000002a60cdf73b9
000002a67223f339
000002a7010e8b79
000002ab40cb5619
000002aca933cab9
000002ad81008d39
000002ad84604839
000002ae383b8579
000002ae53b2ff79
0000055e753f4261
00000000025f6771
0000000000000181
000002affbe67639
000002b3640e9659
000002b3b3fcb679
000002b50a355a99
000002b6f570ad79
000002b86504df99
000002b86504f719
0000057115a9ef61
00000000025f6771
0000000000000181
000002b8d8912639
000002b90577f619
000002b993788cb9
000002ba4e4880d9
000002ba7b53b1f9
000002bbe2f56db9
000002bbe3725ab9
000002bc1a346ed9
000002bc1a346f59
000002bc7d936df9
000002bcbc329999
000002bdb98b8539
000002be3ace0899
000002be3ace68d9
000002c0e8a65239
000002c1ac7bb4b9
00000583b6149d61
00000000025f6771
0000000000000181
000002c22e8a8e39
000002c28fabd579
000002c2ef270859
000002c317b86a39
000002c39b55f9f9
000002c4085c30b9
000002c49c591bd9
000002c49c5920f9
000002c657d1c119
000002c6bd424e59
000002c721152a19
00000596567f4b61
00000000025f6771
0000000000000181
000002cb7c7be859
000002cce5accd99
000002d08669ad19
000002d101e73af9
000002d13cae9759
000002d1a07c60b9
000002d1a4d82eb9
000002d248d29db9
000002d248d29f59
000002d3980f7259
000002d3fe2dc179
000005a8f6e9f861
00000000025f6771
0000000000000181
000002d4cb69f259
000002d4cb69f419
000002d6cfb861d9
000002d824434bf9
000002d83f4531b9
000002d9273d93b9
000002d99ffda1f9
000002d9cdb01f99
000002d9d0a9d579
000002d9d0a9de19
000002da18a6d9b9
000002dacf85b6f9
000002dae676bbd9
000002dc48490219
000005bb9754a661
00000000025f6771
0000000000000181
000002e04246ca59
000002e04246cdd9
000002e0a9871f59
000002e3c76c9ef9
000002e444dc8b59
000002e444dc9e59
000002e54b54bad9
000002e65548c259
000002e6a0b9c0f9
000002e6a6759819
000005ce37bf5361
00000000025f6771
0000000000000181
000002e8418bc939
000002e8db14b5f9
000002ea6dd1d5d9
000002eced29f679
000002ed31263db9
000002ed31268fb9
000002ede2f72bb9
000005e0d82a0161
00000000025f6771
0000000000000181
000002f25ec0fd39
000002f3634bd719
000002f4246dfb59
000002f431018679
000002f4f3566a19
000002f524203c19
000002f5fb7f0239
000002f6656311d9
000002f90cb9a759
000002f93b4ba5d9
000002f93b4bbb39
000002f93b4bce39
000002f93b4bd159
000002f947ccef79
000002f952abbeb9
000002f964a17819
000002f972ec4c79
000005f37894af61
00000000025f6771
0000000000000181
000002fa6e921cd9
000002fa7f09f9b9
000002fb0705d0d9
000002fbc786ee39
000002fd10bbe539
000002ff463b9499
000002ffcd72adb9
000002fff061c419
0000030020986a59
000003002098c7f9
0000030078665d19
000003019c531e39
00000302b07baa99
0000060618ff5d61
00000000025f6771
0000000000000181
00000303726216d9
000003041ae61d79
000003042e3b0ab9
00000305014bd239
0000030700f5d039
000003078ab50019
00000307ab4a6879
0000030930a7aab9
0000030aca335139
0000030bedc38af9
00000618b96a0a61
00000000025f6771
0000000000000181
0000030e16df0479
0000030f16d7e099
0000030fc1a36579
000003108b281d59
00000311716a6079
00000311716a9c99
000003139b638e19
000003151bdb09f9
0000062b59d4b861
00000000025f6771
0000000000000181
00000316088599b9
000003160885a119
000003160885b119
00000316982d8b99
00000316e83c6b59
00000317c12ed219
00000317c12ee0d9
0000031919a4de39
000003199fa60e79
0000031de6161779
0000031e053df6b9
0000063dfa3f6661
00000000025f6771
0000000000000181
0000031ff8326e59
00000320b2cc48d9
000003219b5130d9
00000321abbb7c79
00000321dd9e1499
00000323d8724179
00000323f8d23919
00000325016ef7f9
00000325016efa79
0000032663bcccb9
0000032663bd0199
000006509aaa1461
00000000025f6771
0000000000000181
00000328d5f30a39
0000032a835dd239
0000032b501db1f9
0000032c109a4ad9
0000032c822f8079
0000032dae016039
0000032dae016799
0000032f1ec60439
0000032f7bd5f9b9
0000032f823e2939
0000033010128ef9
000006633b14c261
00000000025f6771
0000000000000181
00000331d5dedb39
0000033229d845f9
000003323f869059
000003323f86a9f9
0000033244fdb8b9
00000333f0df1a39
00000334437d9f59
000003344f30d179
000003345adab399
0000033471791a59
00000334dd719319
0000033613b4a539
000003364869d7b9
000003365d87b239
000003372d55eb79
000003379fd9ef59
0000033812e4af19
00000338da2a0959
00000339e2cdc139
00000339e2ce1039
00000675db7f7061
00000000025f6771
0000000000000181
0000033b0b98b0d9
0000033b5dd8d7b9
0000033b902b6a99
0000033cadaf73f9
0000033cadaf7479
0000033cadaf8e19
0000033d79bfea39
0000033ddf21ed39
0000033ddf21f479
0000033e920eb2d9
0000033effcff679
0000033f206d6a99
0000033f2a997219
0000033fb0c58c99
0000033fb0c5a359
00000340206b3619
0000034071e53479
00000341689335b9
000003431fa88059
000003442074c9f9
000006887bea1e61
00000000025f6771
0000000000000181
000003451c4a99b9
0000034641541a39
000003464a1c3339
000003464a1c3a99
00000346f4c87459
000003470b597e19
000003476e5105b9
000003489e22efb9
000003490a92f739
000003495edd5cb9
0000034aa2763bb9
0000034b6c8f2ed9
0000034cef1f9359
0000069b1c54cc61
00000000025f6771
0000000000000181
0000034e44deb219
0000034f638f3db9
0000034fb9291739
0000034fc319f4b9
0000034fc319f679
0000034fc76c1f99
000003502bdcabb9
000003528e6dfc59
00000355ca8a1cb9
000003564e5218d9
000006adbcbf7a61
00000000025f6771
0000000000000181
000003579c2729b9
000003579d4d5779
0000035807a06179
00000359241291f9
00000359263ae239
00000359cf13a999
00000359db255479
0000035a449e8dd9
0000035abd8bfd59
0000035abd8c5639
0000035accd88359
0000035c5ec6dbf9
0000035de3a57779
0000035e616616f9
0000035e61661e59
0000035e67044f39
0000035e9a018e39
0000035ecac39559
0000035fae6af879
000003600d7d1ed9
000006c05d2a2861
00000000025f6771
0000000000000181
00000361f306ed39
00000362879c4059
00000362e44a5e19
0000036333142eb9
0000036372760a19
0000036549b6db19
0000036647c264f9
000003668858cef9
000003684b20d859
000006d2fd94d661
00000000025f6771
0000000000000181
0000036992ebbf99
0000036a5a1d2ff9
0000036a5a1d7eb9
0000036b25748ab9
0000036b25748b39
0000036b25749219
0000036b25749d39
0000036b371656d9
0000036bd2e69e39
0000036bd5225df9
0000036c6b6c25b9
0000036ca2638a79
0000036ca6ddb499
0000036e0f3876b9
0000036e2e4bead9
0000036e2e506519
0000036f2805c0b9
0000036f6f64b679
0000036f6f64c7b9
000003705cc50279
00000371aa7b9959
00000372551a40d9
000006e59dff8461
00000000025f6771
0000000000000181
000003733e4c7eb9
0000037492c7b039
00000374ebdacaf9
00000374f9d27139
00000374f9d2a8d9
00000376f0527999
0000037710f7af39
00000377593f8f99
000003777810e2d9
000003777810e479
00000378ace61719
0000037967e4e379
00000379d24b58d9
0000037a31261859
0000037aa7535539
0000037b4e06e5d9
0000037b4e070559
000006f83e6a3261
00000000025f6771
0000000000000181
0000037ccdbd3fd9
0000037ddf83a819
0000037ef03253f9
0000037f31ab7e39
0000037f31ab8759
000003804e47b579
00000380bc4792b9
00000381ac8920d9
00000381e5577019
0000038359f11d59
00000384281e2a59
00000385488acbb9
0000070aded4e061
00000000025f6771
0000000000000181
00000385db46aa19
000003874e2e7499
00000388e088fb39
00000389d453a139
0000038a0816f419
0000038a0816f619
0000038a767f7a79
0000038b775c31b9
0000038bd0618219
0000038da031d799
0000038db7036c99
0000038df67cbbf9
0000038e52c135b9
0000071d7f3f8f61
00000000025f6771
0000000000000181
0000038ef72333b9
00000390feb00b79
0000039271c42979
0000039338547819
0000039338548479
00000393d695c0d9
000003956faf8bf9
00000395ae3775b9
00000395ef92ac79
00000396def124d9
000003971a976cb9
000007301faa3d61
00000000025f6771
0000000000000181
0000039869189279
0000039900c8fb59
0000039900c90ef9
0000039954a47d19
0000039a439e0199
0000039a4d177379
0000039ba9ee5999
0000039ba9ee7af9
0000039bcd1feef9
0000039c1a33def9
0000039c644e3379
0000039c703cb4b9
0000039dd1221b99
0000039dd87a43b9
0000039dd87a4599
0000039e5e6b26f9
0000039e962ea2d9
0000039f43fea479
000003a00e4d91b9
000003a0246b9739
000003a09b791ab9
000003a13c55b999
000003a13c55bbb9
00000742c014eb61
00000000025f6771
0000000000000181
000003a1adb2d6b9
000003a1adb2ead9
000003a1de8cd099
000003a20d47d739
000003a2d33a3879
000003a356977979
00000746e7c36661
00000000025f6771
0000000000000181
