[MCS8 A] 97 FW 3.104 SV 1.257 
range=1024
periods=2
sweepmode=27e20d0
fstchan=0
holdafter=0
streamstatus=3
calreg0=0
calreg1=0
calreg2=0
calreg3=0
swpreset=8000        
prena=1
syncout=0
cycles=18
sequences=1
tagbits=16
vdac0=92c
vdac1=807
vdac2=8c8
vdac3=8c8
vdac4=8c8
vdac5=8c8
vdac6=8c8
vdac7=8c8
timepreset=100.000     
digio=0
digval=0
autoinc=0 
savedata=2 
mpafmt=asc
sephead=0 
fmt=asc
smoothpts=5 
[CHN1]
REPORT-FILE from 07/27/2026 15:05:48.623  written 07/27/2026 15:05:48
cmline0=07/27/2026 15:05:48.623 
cmline1=A1
range=1024
active=1
bitshift=4
cftfak=2580100
evpreset=10          
roimin=0
roimax=1000
caloff=0.800000
calfact=12.800000
calfact2=0
calfact3=0
calunit=nsec
caluse=1 
[CHN2]
REPORT-FILE from  written 07/27/2026 15:05:48
cmline1=A2
range=1024
active=0
bitshift=4
cftfak=2580100
evpreset=10          
roimin=0
roimax=1000
caloff=0.800000
calfact=12.800000
calfact2=0
calfact3=0
calunit=nsec
caluse=1 
[CHN3]
REPORT-FILE from  written 07/27/2026 15:05:48
cmline1=A3
range=1024
active=0
bitshift=4
cftfak=2580100
evpreset=10          
roimin=0
roimax=1000
caloff=0.800000
calfact=12.800000
calfact2=0
calfact3=0
calunit=nsec
caluse=1 
[CHN4]
REPORT-FILE from  written 07/27/2026 15:05:48
cmline1=A4
range=1024
active=0
bitshift=4
cftfak=2580100
evpreset=10          
roimin=0
roimax=1000
caloff=0.800000
calfact=12.800000
calfact2=0
calfact3=0
calunit=nsec
caluse=1 
[CHN5]
REPORT-FILE from  written 07/27/2026 15:05:48
cmline1=A5
range=1024
active=0
bitshift=4
cftfak=2580100
evpreset=10          
roimin=0
roimax=1000
caloff=0.800000
calfact=12.800000
calfact2=0
calfact3=0
calunit=nsec
caluse=1 
[CHN6]
REPORT-FILE from  written 07/27/2026 15:05:48
cmline1=A6
range=1024
active=0
bitshift=4
cftfak=2580100
evpreset=10          
roimin=0
roimax=1000
caloff=0.800000
calfact=12.800000
calfact2=0
calfact3=0
calunit=nsec
caluse=1 
[CHN7]
REPORT-FILE from  written 07/27/2026 15:05:48
cmline1=A7
range=1024
active=0
bitshift=4
cftfak=2580100
evpreset=0           
roimin=0
roimax=1000
caloff=0.800000
calfact=12.800000
calfact2=0
calfact3=0
calunit=nsec
caluse=1 
[CHN8]
REPORT-FILE from  written 07/27/2026 15:05:48
cmline1=A8
range=1024
active=0
bitshift=4
cftfak=2580100
evpreset=0           
roimin=0
roimax=1000
caloff=0.800000
calfact=12.800000
calfact2=0
calfact3=0
calunit=nsec
caluse=1 
;MCS8 #97 Sversion=1.257 Fversion=3.68
time_patch=1
;datalength=8 bytes
;bit0..3: channel# 1..8 ( 4 bit)
;bit4: edge 0=up / 1=dn ( 1 bit)
;bit5 ..57: timedata    (53 bit), max sweep length 2001.6 h
;bit58..62: tag0..tag4  ( 5 bit)
;bit63:     data_lost   ( 1 bit)
[DATA]
0000000000000016
00000000a0e1e499
00000000a0e1f839
00000000a29378f9
00000000a2938219
00000000c842c8d9
0000000154aa57f9
000000017fde26b9
000000023d196a19
00000002b1ddff99
00000002f368a9d9
00000002f368dbf9
0000000320751cb9
000000034f5ba299
000000039e96f599
000000039e9707f9
00000003b4dd7719
00000003b4ddd839
000000044861ecb9
000000044d4677b9
000000046bd48b19
00000004980a4979
00000004e307e159
00000004e8ab2f59
0000000517d01af9
0000000517d01cf9
0000000517d02299
0000000553689eb9
00000005911e1a19
000000059bad5b99
000000059bad5d19
00000006013dd6d9
00000006cfb6a6d9
00000006d77d1fd9
00000006d77d3599
00000007913b6179
0000000831297db9
0000000833de3659
0000000873452139
0000000873453219
0000000873458eb9
000000091f328059
000000095f77b1f9
000000095f780419
000000095f783239
00000009f90dfcf9
0000000a28dcb919
0000000a2c8c9479
0000000a4191e359
0000000a4191f159
0000000aa32cfb79
0000000ab20244f9
0000000b0fdf5d59
0000000b5dd8fd39
0000000b6df32679
0000000bb79dfd39
0000000bb79dff19
0000000c2abea7b9
0000000c97b6c719
0000000c98daa0f9
0000000cfa7e94d9
0000000d165128d9
0000000d59ef56b9
0000000ddbb336d9
0000000de2a28499
0000000de66bd939
0000000e35c27b39
0000000e418e54f9
0000000ea1118739
0000000eef124239
0000000f9b158639
0000001004aca2b9
0000001011d1d9b9
000000102ba11759
0000001078c47959
0000001078c49119
00000010a12eabb9
00000021576a7461
0000000002962971
0000000000000181
00000010b6780879
0000001261b209b9
0000001261b21099
0000001261b257f9
0000001264d33059
0000001295d73899
0000001295d74a59
0000001295d74c99
00000012a05d8199
00000012f1726f79
000000134efcdb19
000000136b795639
00000013733ec4b9
00000013a0675b99
00000013a0676319
00000013d4e747d9
0000001412323fb9
0000001412328859
000000142af33779
0000001481c17359
00000014bc449a59
00000014f82edad9
0000001568e998b9
00000015759d7a39
000000159e3aa879
00000015d31dc6b9
000000169d33bff9
00000016cae57d99
000000173223ead9
00000017598d9f39
0000001778be62b9
00000017c1e950b9
00000017c1e96419
0000001833c73ab9
000000183bf47f59
0000001896b5b779
00000018f31f3ad9
00000019b4fa59d9
00000033f7d50761
0000000002962971
0000000000000181
0000001a202cc3d9
0000001ad6217a19
0000001aeb06c499
0000001afa04b6b9
0000001b18694ab9
0000001b4b7a49f9
0000001b9958fd39
0000001c0846d3b9
0000001c53c1aa99
0000001cbe2f1599
0000001cbe2f1639
0000001cbe2f2939
0000001cd892c919
0000001cd892db19
0000001d1986c6f9
0000001d597632f9
0000001de547dbf9
0000001df5490659
0000001e17e1aa19
0000001f9f17d8d9
0000001f9f17ec19
0000001fd2bb3b19
0000001fdfb7d4d9
0000001fe74a0079
00000020a785d439
00000020a785e599
00000020d618eb59
00000020d9a6d419
00000020da452139
00000021cac2b8b9
00000021d95c0dd9
00000021f47e7259
000000226c58fcb9
00000022ff652d79
00000046983f9a61
0000000002962971
0000000000000181
000000239aa17799
00000023a74194f9
00000023dd6f0c99
00000023e4430e39
00000023e4430eb9
00000023e44316f9
00000024179f0f19
000000241ee196b9
000000244ec86e99
00000024b0227499
00000024b8a1e7d9
00000024dd29fa59
00000024dd2a14b9
000000253b07b6b9
00000025a31259f9
00000025af8bbd39
00000025c76c4139
00000025eab48379
0000002632ce35d9
000000266868bd79
00000026a1fc87b9
00000026b7fb5119
00000026d9cec8f9
00000026d9ced059
00000026da242599
00000026f7f2e239
0000002706471099
000000271981a739
0000002789950db9
00000028735a93b9
00000028e4e71939
0000002917e64fd9
0000002959a72b19
0000002959a73319
0000002a36185a99
0000002b1938c8b9
0000002b72e724b9
0000002b9523c519
0000002bb8d182f9
0000002c2133c779
0000002c89ce0099
0000005938aa2e61
0000000002962971
0000000000000181
0000002c9d47f819
0000002ca2af7839
0000002cc8ab3239
0000002cc8ab3f79
0000002cc9088d19
0000002d6152fb79
0000002d795231b9
0000002d801d7e39
0000002d9fc94339
0000002dc25e5cd9
0000002dc772b0d9
0000002dc772c579
0000002dc8a8f8b9
0000002e158a88d9
0000002e52dc0e99
0000002e557fe199
0000002e557ffdb9
0000002e5a359819
0000002e65ddb1f9
0000002e760ebcf9
0000002eb8a09359
0000002efe203a19
0000002f63eb1139
0000002fae76c499
000000300b6511d9
0000003017c27539
0000003023321999
000000302d6b24d9
000000304acd3a79
000000304acd4cb9
000000307a387379
000000307d4b7159
00000030af4a75d9
00000030e8e1e159
00000031cc5ccab9
00000031e2eb3919
00000031fdb3af99
000000320bbbcab9
000000325b5773b9
000000325b577c99
0000003281050ab9
00000032e8603c59
0000003363d83a39
0000003377a96e59
000000338f873df9
0000003402b0acd9
000000342ccdccd9
0000003457cc23b9
0000003474b08db9
00000034d93286f9
00000034f36dd599
000000353c835a79
0000003561a25539
0000003591a8c919
0000006bd914c161
0000000002962971
0000000000000181
00000036514f1419
00000036affd4339
00000036cc2619f9
00000036ec9cc559
00000036ec9cd9b9
00000037144eb959
000000378e037439
000000379a737f19
000000379a739779
00000038264a7db9
000000385dca5ab9
00000038e4e1c9f9
0000003932344979
0000003949e1e279
00000039e17f8f59
00000039fc32fa39
0000003a2b396119
0000003a2b396379
0000003a2c904939
0000003a38127db9
0000003a6cc42859
0000003ac8013ad9
0000003acaf700f9
0000003addbf4c19
0000003b737b5db9
0000003bb6d07679
0000003c1657a919
0000003c3c4c5e19
0000003cc0549fb9
0000003cc054fdd9
0000003d091af279
0000003d180e4cf9
0000003d5f6c4fd9
0000003d5f6c6219
0000003e141be5f9
0000003e2376ee99
0000003e23775779
0000003ea2ddabb9
0000003ed0580b39
0000003ed0580cd9
0000003edc7791d9
0000003f1f125eb9
0000003f1f126e99
0000003f2b861ed9
0000007e797f5461
0000000002962971
0000000000000181
0000003f642225f9
0000003f72e13579
0000003f9abf2419
0000003fb5fd9ad9
0000003ff1f06339
00000040bbd6cf19
00000041392c7ff9
00000041e3fb8dd9
0000004241f82199
0000004241f823f9
000000428d50de99
000000428d514959
000000428d515ad9
00000042d72800b9
00000042dfe509b9
00000042ec8f4b19
000000437380ec79
00000043a1552859
000000441cb0e099
000000444afe1619
00000044558ebc19
000000447f62acd9
0000004482ccdd39
00000044e48034b9
0000004582e75279
00000045960062b9
000000463f637879
000000463f643639
00000046e04387d9
00000046fbd8bfd9
0000004789b6f779
0000004789b70c99
0000004789b741b9
00000047cb4f62d9
00000047d1858139
00000047fcf793f9
000000483a82ae39
000000483a82c119
000000483a831e39
00000048709e3af9
00000048818bd299
00000048818bf0d9
00000048818c8db9
0000009119e9e761
0000000002962971
0000000000000181
00000048ea108279
00000049502d2eb9
0000004968e5c199
00000049d5cc3919
0000004a0cdb22d9
0000004a2f1b9d99
0000004a80c14cb9
0000004a80c15cb9
0000004a8b316f99
0000004a8b318c39
0000004b60f05f39
0000004b683760b9
0000004be979b2f9
0000004bed541319
0000004c06412cb9
0000004c211c3ff9
0000004c4b0a9279
0000004c83a49939
0000004c9496b3f9
0000004cd5d75e79
0000004cecd5d679
0000004cecd5d819
0000004cecd5e839
0000004d632d0b59
0000004d90141159
0000004dbb296319
0000004dbea2f2b9
0000004dbea36b99
0000004dc6383e39
0000004dee0a4ff9
0000004ed44ba4d9
0000004f967a9d39
0000004f967abcb9
0000004fee601119
0000004fee608ad9
0000005046b08199
0000005120a72b79
0000005140530119
00000051754979b9
000000a3ba547b61
0000000002962971
0000000000000181
0000005253ab8799
000000529ed76b39
00000052ba47d859
000000532769ae39
000000532b2364d9
00000053e99f28b9
00000053e99f3979
00000053e99f5f99
000000542408b019
0000005471eaf439
00000054a8358259
00000054ce1f2df9
00000055328b5039
0000005565e823d9
000000559f660a39
00000055a1b67939
00000055b9beb039
00000055c1d90b19
00000055dccf7df9
0000005617ade619
0000005664fa8d59
000000567b3a6eb9
000000567b3a6f59
000000567b3a7f59
0000005696eb8b59
0000005696eba599
0000005727dd6a39
0000005744fc3879
00000057d8457c39
00000057e16fcc99
0000005806052499
000000581e545df9
000000582d84ccb9
000000582d84ced9
000000582d84e299
000000582d854259
00000058a1842a59
00000058fca29679
0000005952556139
0000005a234dee99
0000005a9e6ce739
0000005aade36f79
000000b65abf0e61
0000000002962971
0000000000000181
0000005b540af3d9
0000005b5e4ec9f9
0000005b7da1a739
0000005bc5a25739
0000005c45c18b39
0000005c763c3339
0000005cb1921e39
0000005cb442ef59
0000005cca5ed939
0000005d4cc4ff39
0000005d4cc50699
0000005d4cc57399
0000005d6f7e39f9
0000005d6f7e4ed9
0000005d79f2d8b9
0000005d920b04f9
0000005d920b1699
0000005d920b36d9
0000005dd7b17319
0000005e3e4b0879
0000005ebf14add9
0000005ee83785d9
0000005f237db0d9
0000006016d32599
000000601ddaa839
000000601ddb19d9
000000609ce7e619
00000061002b6739
0000006100bd3099
0000006119cdfc19
0000006119ce1439
0000006172244d39
00000061a4e124f9
000000621c872c39
00000062275ac159
000000622cecd6f9
00000062a0a14ed9
0000006343bfacb9
0000006343bfae79
0000006343bfb099
00000063c1b7dad9
00000063e4c9efd9
000000643ba69759
000000644b3aa599
000000c8fb29a161
0000000002962971
0000000000000181
00000064955821d9
00000064f2ab0299
00000065068e1479
000000651f3c77b9
00000065437704b9
000000657bffe499
00000065c196f9b9
00000065c33bdb99
00000065fa333f39
000000661bb81199
000000666bcb0cd9
00000067023b2c99
00000067023b5619
00000067023b5d79
000000674a4ded59
000000674ac06ff9
000000674b9d6159
000000677889a2d9
00000067e6d7c1f9
00000068960a1239
00000068d4f56459
0000006a2306bbd9
0000006a4406e739
0000006a4d983899
0000006a6843ed39
0000006a6c5fd3b9
0000006a7b5305d9
0000006adbca9e39
0000006addf225f9
0000006b0d588c19
0000006b321bb799
0000006b85329c59
0000006bbdf5f0b9
0000006bbdf601f9
0000006bc04bcaf9
0000006bfb298bf9
0000006c5beefa19
0000006cb29794f9
0000006cb297a5b9
0000006d0bccef19
0000006d0bcd0239
0000006d7ea302d9
0000006db1d053d9
0000006dcbd0b5d9
000000db9b943461
0000000002962971
0000000000000181
0000006e040364f9
0000006e6bda6839
0000006f1cc8c719
0000006f74d4e979
0000006f74d5acd9
0000006fb0545479
000000701eaa91f9
0000007047b0c5f9
000000705fa77d19
0000007067efa499
000000707da5ad99
0000007080729ab9
00000070840eecd9
00000070ce9d50f9
00000070ce9dc179
0000007150eee759
000000717aa1e739
000000717aa1f919
000000718660b819
0000007206d10c39
0000007223f301d9
000000729c7d4439
00000072efc3f6f9
00000072f89c7e39
0000007353369099
000000738db5ed59
00000073bbf9f699
00000073bbfa08d9
00000073bbfa1839
00000073c5b33c99
00000073c5b356f9
00000073e0aa4af9
00000073e3cdd559
0000007464888279
00000074b97c47d9
00000075076dcaf9
00000076869ca539
00000076869ce8b9
00000076a7a58459
000000ee3bfec761
0000000002962971
0000000000000181
000000774638cbd9
000000774fe0dd79
00000077c5576fd9
00000077c55788b9
00000077f1d4a659
0000007869e71379
0000007869e72599
0000007897a46539
00000078f1d6d1f9
00000078f3b3d899
00000079136afa59
000000797d4089d9
00000079a4fee799
0000007a2c52b219
0000007a53055c99
0000007a530570f9
0000007aa954dfd9
0000007aaade3179
0000007ad8279559
0000007b1b5381d9
0000007b499e87d9
0000007bc0257779
0000007c04d09119
0000007c6d6edb19
0000007c8fc6ba59
0000007cc5106419
0000007cc51065d9
0000007d3d7d9df9
0000007d5b40cf79
0000007d5b40e339
0000007d9afc5759
0000007dad3fe7b9
0000007dd8a73fd9
0000007dda2d38d9
0000007dda2d4899
0000007e595d83b9
0000007ea8f9b779
0000007ea8f9c599
0000007ef307b0d9
0000007f17f16eb9
0000007f17f17239
0000007fc1818e39
00000100dc695a61
0000000002962971
0000000000000181
0000008091998c39
00000080eb0d7df9
00000081037bea39
0000008107a71df9
0000008170f53179
000000817146c559
000000821ed29319
0000008241112879
0000008283b8b8f9
000000829c0961d9
00000082d1adea39
0000008318946839
00000083474a2bd9
0000008367260a59
000000841c7cb039
000000844b32f1f9
00000084b9311ff9
00000084ef12a5f9
0000008552933319
00000085c176f9d9
00000085c20873b9
00000085c2088c99
00000085c2088d19
00000085c2089eb9
0000008622df0819
0000008622df1bd9
00000086ff38e8b9
00000087936f46f9
00000087ec3eb139
0000008819e7ead9
000000886e67f419
000000886e68a9f9
0000008897b572f9
0000008897b58b99
0000008907066459
000000892b8c58d9
0000008986e29379
000001137cd3ed61
0000000002962971
0000000000000181
00000089d0254b99
00000089ed8d53d9
0000008a07ad6a59
0000008a21cb2c59
0000008a21cb33d9
0000008a21cb3559
0000008ad952bdf9
0000008af9250af9
0000008b0705d139
0000008bdfa28d19
0000008c085cba79
0000008c7c4c69f9
0000008c94c1a579
0000008c94c1ae59
0000008cb9f47919
0000008ce8e6ab99
0000008d1d70e6d9
0000008d25c30dd9
0000008d3cc053d9
0000008e041b2739
0000008e4c023bb9
0000008f0ad69939
0000008f7581a159
0000008f75c3e579
0000008f84a9cdd9
0000008f84aa21b9
0000009028cdc699
00000090ad594a59
0000009148d82639
0000009187576af9
00000091aabfe3d9
00000091aabffb59
00000091e45d29f9
000000922a11c959
000000923235f759
00000092615cab79
00000092615cacd9
00000092a6429299
000001261d3e8061
0000000002962971
0000000000000181
000000931471a139
000000931471b219
0000009321a54619
0000009321a56059
00000093e7d2c939
00000093f22a7299
00000094cbc4d8b9
00000094e7cc3119
00000094f20b4319
00000094fd017719
0000009532393079
0000009559d71cd9
000000957f245139
000000957f2451f9
000000957f2458b9
000000957f246c99
000000967f744e79
00000096a7b4cfb9
00000096afec4499
000000972ab90039
000000972ab91119
000000974901f5b9
0000009749021059
000000978ada65f9
00000098f1c9fab9
000000991d15f939
0000009983fde759
0000009983fdeed9
00000099d8b24279
00000099f24ea5b9
0000009a1a6d9b59
0000009ab7d75b59
0000009acb5248f9
0000009b36ebbd39
0000009b7ca5d959
0000009b7ca5db59
0000009be8babe19
0000009c1f6a97d9
00000138bda91261
0000000002962971
0000000000000181
0000009c837576f9
0000009d040aab19
0000009d2f5bdfb9
0000009d9fb25af9
0000009d9fb273d9
0000009e4961e2d9
0000009e8d79d299
0000009ea9c03a39
0000009eb70b3959
0000009f4105a079
0000009f77cdfc79
0000009f944f5399
000000a0cab72a19
000000a0e8f62599
000000a0e8f63719
000000a0edea2af9
000000a10950f2f9
000000a126849f99
000000a126852999
000000a142d8c4d9
000000a146639ed9
000000a232c03879
000000a28aa45439
000000a2917a4b99
000000a2917a9bd9
000000a2917aa1f9
000000a2b3739e19
000000a2b373b039
000000a35cf9b6b9
000000a37dca8df9
000000a3b6c85799
000000a3d655a739
000000a3fb5ab7d9
000000a41271cf19
000000a53d2d60f9
000000a5797d46b9
000000a5797d58b9
000000a5797d59f9
0000014b5e13a561
0000000002962971
0000000000000181
000000a5bb130699
000000a658d5b659
000000a7b49bbf59
000000a876bf6299
000000a8d6f2daf9
000000a9021f8999
000000a941402a19
000000a984f303f9
000000a9873d4cd9
000000aabe1ed779
000000aaf783acd9
000000ab00c56399
000000ab65ff0c39
000000ac25b5bdb9
000000ac3cf6c479
000000ac579b9a59
000000ad164a8ed9
000000ade9977f39
000000ae0d1151f9
000000ae1f33d8b9
000000aeba74cf19
0000015dfe7e3861
0000000002962971
0000000000000181
000000afc3148799
000000b0667b0ad9
000000b0699b31f9
000000b0699b5179
000000b085ed6e99
000000b085ed81f9
000000b0d9fdef59
000000b0f8905899
000000b105e0fb59
000000b1089eaf59
000000b135cdeb99
000000b216a08839
000000b2270f0dd9
000000b27dd121d9
000000b2a9695b99
000000b2a9fe2719
000000b2b0f1b1b9
000000b414416ab9
000000b4269324f9
000000b42cbf6c39
000000b4396a0d99
000000b4396a1259
000000b4da6a9bb9
000000b52dd7acf9
000000b550de7ab9
000000b56b63b879
000000b57a5c45d9
000000b597b69bb9
000000b5b1ae8c39
000000b61541a4d9
000000b617307d99
000000b6290c8c39
000000b642bdb719
000000b658d7aa19
000000b66e88bc59
000000b72f0a9159
000000b7d16d9eb9
000000b80d225d39
000000b8178db0b9
000000b845ca4099
000001709ee8cb61
0000000002962971
0000000000000181
000000b862367c39
000000b88eaa8a79
000000b8b463eed9
000000b8cab46839
000000b908942279
000000b90e3cddf9
000000b915c66399
000000b9974b9739
000000ba2d00bad9
000000ba42d29d99
000000ba42d2aff9
000000ba82a75139
000000ba82a75899
000000ba82f34a39
000000ba84f81f59
000000bab53c4c79
000000bac80a60d9
000000bb5545fed9
000000bb71ccb599
000000bbcedf4e99
000000bc0ca4a379
000000bc56014559
000000bcdbaa15b9
000000bd5d67bc79
000000bd7d8733b9
000000bd8889d799
000000bd950152b9
000000be50708ff9
000000be5070a3d9
000000be7b303b59
000000beeb460059
000000bef191e799
000000bf7d947679
000000bf82416579
000000bf8833e939
000000bfc449a179
000000bfc449b639
000000c02e5cd079
000000c079ec7259
000000c086eaa7f9
000000c08a12fe99
000000c0ec7a9bb9
000000c12b9d1279
000000c14fedb259
000001833f535e61
0000000002962971
0000000000000181
000000c226339599
000000c239b617b9
000000c242a48bb9
000000c27269e439
000000c2975027b9
000000c2d8e65f39
000000c319a19bf9
000000c319a1b099
000000c319a1b139
000000c319a1b7f9
000000c319a1c339
000000c319a1c479
000000c319a1d2d9
000000c31d4c6859
000000c34edd7559
000000c3732d7499
000000c3fb9460b9
000000c43827c599
000000c49624bfd9
000000c4cb866799
000000c4d78b5399
000000c51610a9b9
000000c5a5497939
000000c5a66b13b9
000000c5a66b27b9
000000c5cf520219
000000c5e363c659
000000c5e7a19019
000000c64ff9af99
000000c65e6a3659
000000c6752419b9
000000c675241b79
000000c675242119
000000c68ae794f9
000000c6e1dbcbd9
000000c735eaca99
000000c744313959
000000c773631f39
000000c77cd77d39
000000c794a40879
000000c7bbf15b59
000000c7bbf17059
000000c84c6ea4d9
000000c88086d639
000000c9194e6df9
000000c99cb4a6d9
000000c9cb549fd9
000000c9ee1adf99
000000c9eed589f9
000000ca33de9679
00000195dfbdf061
0000000002962971
0000000000000181
000000cb60f6af99
000000cb646cd4f9
000000cb646ce979
000000cb994e5d39
000000cc26544f99
000000cc95b9e639
000000cc9d6dcaf9
000000cc9d6e5c99
000000cca07aaa99
000000ccc3f96839
000000cd445a5e99
000000cd445a6359
000000cd56a86cf9
000000cd8fcafc59
000000cda0488d59
000000cda048a459
000000ce433133f9
000000ce639ed4b9
000000cf743c5fd9
000000cfba77fe19
000000d021a26d99
000000d03abf1b79
000000d09815b3f9
000000d0de74fb19
000000d0e29d4819
000000d194ee5199
000000d1db842879
000000d2894c21f9
000000d2a885c219
000000d2a8861a79
000000d2d26fa3b9
000000d2d54413f9
000000d2d7f00eb9
000000d3613bd1b9
000000d390479b99
000000d39047a399
000000d3f672ac59
000001a880288361
0000000002962971
0000000000000181
000000d4793587d9
000000d4cfb6c9f9
000000d55fb45599
000000d55fb4c639
000000d566209379
000000d56716d419
000000d6873a3039
000000d6873a5c39
000000d6fb3d45f9
000000d7379b4439
000000d76360c899
000000d76a2f4359
000000d7cecf5a19
000000d89685e4f9
000000d8c4805df9
000000d9775e1af9
000000d9ae4fa499
000000d9ce9d6539
000000da26fa83f9
000000daf00abdb9
000000dafece6d99
000000db998bfd79
000000dbaacdb019
000000dc54ed82b9
000000dc54ed9499
000000dcb0ef7af9
000000dd125cbcf9
000000dd192ecf59
000000dd1fa70599
000000dd3fa91619
000000dd5ac858f9
000000dd80fce9f9
000001bb20931661
0000000002962971
0000000000000181
000000dddf725d59
000000ddf58548b9
000000de135b5539
000000de6ad6b559
000000de9fa0a6d9
000000debe61e1d9
000000dee85b46f9
000000df1e90fef9
000000df2315aa99
000000df3b69e779
000000df4cb61bd9
000000df7461bbb9
000000dfe78705f9
000000e010d1b919
000000e03f024379
000000e066495a79
000000e0daf5df79
000000e12ea88e79
000000e17fdb7ff9
000000e19612ec39
000000e261a32659
000000e261a33af9
000000e2733667f9
000000e2fefc25f9
000000e31b4c9b79
000000e4037dc6f9
000000e40cac5659
000000e4254073b9
000000e43886a6d9
000000e47a59b039
000000e47a59c639
000000e489da7299
000000e4b76b97d9
000000e4d8d49d79
000000e4e1416d79
000000e53f77de39
000000e568ca4579
000000e575d819d9
000001cdc0fda961
0000000002962971
0000000000000181
000000e700ef9c59
000000e70dde9d79
000000e70dde9ff9
000000e70ddea4d9
000000e764d05879
000000e764d061b9
000000e764d06bf9
000000e778a90d99
000000e7f3b65679
000000e7f3b65839
000000e81df15979
000000e8825190f9
000000e88251a419
000000e9e47211f9
000000e9ec8ceef9
000000e9ec8d0039
000000e9ec8d22b9
000000eac7619e39
000000eaf098f019
000000eb374c8cf9
000000ebc37201f9
000000ec2f57bb39
000000ec3391d159
000000ed2f31a8b9
000000ed2f31bcb9
000000ed37708ad9
000000ed4dc879f9
000000ed4dc88ff9
000000ed6a316059
000000edcaafbcb9
000000ede174c959
000000ede91accb9
000000ee71c7c1b9
000000ee750610b9
000000ee8ccdd439
000000ee8cce1259
000000eed76d5bb9
000000eeeaae25d9
000000efb207a679
000000efcf873719
000001e061683b61
0000000002962971
0000000000000181
000000f070f53b39
000000f0d63474f9
000000f1073c3839
000000f1b33420d9
000000f1bd7e7e19
000000f1bd7f6479
000000f1bd7ff4d9
000000f21c82bdb9
000000f28500b799
000000f28500cf59
000000f2b671b0f9
000000f2b671c359
000000f2eb927c19
000000f398b21a19
000000f4b2115bf9
000000f4b2117219
000000f5011c7679
000000f5104f7099
000000f58c4abd99
000000f6040655f9
000000f64e0dc1b9
000000f64e0dc3b9
000000f65eb980b9
000000f65eb9f1d9
000000f6631ca699
000000f6a90fdb39
000000f6f520bcd9
000000f6f9a5e8f9
000000f6f9a5ed19
000000f72b4df319
000000f72b4e1a19
000000f749ac3739
000000f7722f7959
000000f89ef7a859
000000f93ba01d39
000000f96291d519
000001f301d2ce61
0000000002962971
0000000000000181
000000f9d83a0ed9
000000fa78745af9
000000fa82daa759
000000fa945dbdd9
000000fac45c3b19
000000fad7a6db39
000000fad7a6ec99
000000fb31509179
000000fb88cb8479
000000fbb6d8dcf9
000000fbcec85d59
000000fc9d225079
000000fcafbfa9b9
000000fcb9b18c79
000000fcb9b1a019
000000fcce18efb9
000000fd9df7af39
000000fdbbf18759
000000fde23f81f9
000000fdf57b45b9
000000fe1296b8f9
000000fed8e0ded9
000000ff930ca059
000000ff94c107d9
000000ffb1d8f239
000000ffbfeb5919
00000100650c23d9
00000100eb31ca19
000001010f9e3c59
000001022617b9f9
000001024883d939
000001025ef19e99
000001025ef1a6b9
000001025ef1b1d9
000001026cb52df9
00000205a23d6061
0000000002962971
0000000000000181
00000102d637e539
00000103144cb999
0000010330015259
0000010334074f19
0000010362a20ab9
00000103f9003d59
00000104ec9a47d9
00000104ec9a49b9
000001055fc91f99
0000010578ffb3f9
00000105a76992d9
00000105c2f99819
00000105c7d578d9
000001063e1943f9
0000010686704879
00000106f15b1e79
0000010723673699
00000107e11af3b9
000001086fa0ee39
00000108771decd9
00000108a805c799
00000108d8e8c619
00000108f22df399
00000109938ef879
00000109cecda599
00000109fb65d339
00000109fe794db9
00000109fe795ff9
0000010a31d543b9
0000010a69ae4319
0000010a69ae5799
0000010a7910bb39
0000010acb5949b9
0000010ad48383d9
0000010adc8a4799
0000010b0c3dfbd9
0000010b2cdf95d9
0000010b2cdfa779
0000010b2cdfa8d9
0000010b7daed9f9
0000010bc97df519
0000010bf4e8eed9
0000010c0e8f8959
0000010c11a04039
0000021842a7f361
0000000002962971
0000000000000181
0000010c3408ec99
0000010c73bc0579
0000010c8800aa39
0000010cfda35bf9
0000010d4491d379
0000010da6411279
0000010dcbca1339
0000010dfc077619
0000010e44774319
0000010e9b91d299
0000010ebbfd4799
0000010ecc858919
0000010ed0259e19
0000010ed7155d99
0000010eee399bf9
0000010f07a43d19
0000010f07a43e99
0000010f07a44479
0000010f0bd8bd39
0000010f104dd799
0000010f3ebfa579
0000010fc5c7fa19
0000010fc5c82b39
0000010fce193f79
0000010fdcdc1719
0000010fdcdc1e79
0000010fdcdc76b9
0000010ff1d46a59
000001103f12fd59
00000110631d9479
00000110631d9cb9
00000110631db2b9
0000011152121ed9
000001115ca49819
0000011169a50959
0000011169a51e39
00000111747e0859
00000111aae76d79
00000111aae7d439
00000111cac759b9
0000011200db3339
00000112085e3479
00000112085e5199
0000011271c9c959
00000112c6a5f0b9
00000112da5d88d9
0000011309f82b39
000001137a90db79
0000011390bbdbd9
00000113d9e77e59
00000113d9e7a8d9
00000113e0736319
00000113e3bee759
00000113e3bef9b9
00000114db1cdd59
000001150aa327f9
00000115128c8539
000001152c4b5a19
0000011548fbd4b9
0000022ae3128561
0000000002962971
0000000000000181
0000011583eb5d59
00000115c3ec59d9
0000011626dbbef9
000001163be64499
00000116ce36e1f9
0000011722299319
0000011775abe7d9
000001188a94c559
00000118d7ed2a79
0000011981600859
0000011a9f02bd99
0000011a9fa003f9
0000011b3a869259
0000011b3cc0cbf9
0000011b51d4f4d9
0000011b67052659
0000011c14c82ff9
0000011c360ec9d9
0000011c38c0e2f9
0000011c95d02139
0000011c9ca40959
0000011cc17dfad9
0000011d3cb34519
0000011d8e066719
0000011da9f03699
0000011dacf9b999
0000011de7ff2259
0000011e3c93af99
0000011e9ef74399
0000011eb83539b9
0000023d837d1861
0000000002962971
0000000000000181
0000011f1617c5b9
0000011f3072b2f9
0000011f8b729099
0000011fae7ac1b9
0000011fd9b0bfb9
0000011ff16f9639
0000012020b5dad9
000001202a5bf5b9
00000120599878f9
000001209c33f839
00000120a1c9da19
000001211820d379
000001212a9a7df9
0000012140ed24f9
00000121529ead59
00000121995a4699
000001225df54699
0000012296374bf9
00000122f3fbbb59
0000012336e8ee59
00000123bd786a99
000001247870e079
00000124d4794039
0000012502ecd519
000001250a488239
000001250a4898f9
000001251083fcf9
0000012560227f99
0000012636d04b19
0000012691148059
00000126b779ffd9
00000126b77a1239
00000126c55ee6b9
00000126c55eed19
00000127a3ef9939
00000127b627d0d9
00000127b627e279
00000127d7061ed9
0000025023e7aa61
0000000002962971
0000000000000181
0000012831b82f59
000001288f6b08b9
00000128f301fbb9
00000129030b0b99
00000129030b0d39
0000012972224d99
0000012a6800f719
0000012a727d1cb9
0000012b71dd2d59
0000012b90294839
0000012b9ec7dad9
0000012c062f8139
0000012c1ece9279
0000012c29200639
0000012c29200d99
0000012c29201719
0000012c292079f9
0000012c32e9cd19
0000012c494783d9
0000012cccf29d79
0000012dc119f8f9
0000012dde7a2b59
0000012de7aa54f9
0000012e34abbb79
0000012ea14dfc99
0000012eaa7ce099
0000012ebc7946f9
0000012ed7652f39
0000012ee10157f9
0000012f5e9c38b9
0000012f5fc96d79
0000012f6082f6f9
0000012f75db7d39
0000012f7af08979
0000012fa0b7e939
000001308b661079
000001308b662d79
000001310b68cbb9
000001312ab66219
00000262c4523c61
0000000002962971
0000000000000181
000001316d6e6559
000001318b86cab9
00000131afceb399
00000131afcef039
00000131b669b1d9
00000131b669b399
00000131b669f139
00000132697c5539
00000132ccdac659
0000013359591179
0000013359592b19
0000013365b01bb9
00000133aa1cdf19
00000133d59b0019
0000013441894779
00000134cdd59039
00000134cdd59779
00000134cdd5f139
00000134f7be94f9
0000013542836139
00000135c1fd8359
0000013622f2df19
000001364e9a0d79
000001365a740739
0000013667e39fb9
0000013731620e59
0000013743c055f9
0000013743c05d59
0000013743c06a79
00000137c85628f9
00000138082012b9
0000013875f63f19
0000013875f65279
00000138b15fb8f9
00000138da17e2f9
00000138f2466cb9
00000138fa3a6199
00000139ba4b3519
00000139c5c6cff9
0000013a5946e999
0000027564bccf61
0000000002962971
0000000000000181
0000013ab754c4f9
0000013acce08c99
0000013b427512b9
0000013b6d87cd99
0000013b839532b9
0000013bf6a2b159
0000013c0dbee439
0000013c34727159
0000013c37ed9d79
0000013c616838d9
0000013cc22271d9
0000013cdaf0b4f9
0000013d92361299
0000013da1b68739
0000013daab6cb79
0000013daab6e159
0000013e05073419
0000013e1f680d79
0000013e32cce6f9
0000013e8a823f59
0000013e8a8240f9
0000013e901d2779
0000013e901d41f9
0000013eb3af6d99
0000013efdc68179
0000013f99654d59
0000013fce482219
0000013fd903f899
0000014015060479
0000014051e42679
0000014051e4cb99
0000014055c9e3b9
00000140763556d9
00000140aca0d0d9
00000140d1e075f9
00000140dc8d6ad9
00000140dc8d7239
00000140f225dc79
00000141aea35479
00000141c777b0b9
000001423637eab9
000001423637fb39
00000142363807f9
0000014236380a59
0000014236381b99
0000014236383179
00000142b1ada699
00000142d214a979
000001430ea676d9
000001436d835a39
00000143771ea4d9
00000143949d9d99
0000028805276161
0000000002962971
0000000000000181
000001440e4be4d9
00000144b3ebc339
00000144fed19439
000001454671a139
00000145795242f9
00000145795244b9
000001458751d879
00000145b4b26339
00000145d2039439
00000145f9c34f19
00000145fb628c59
00000146271af019
000001464663aa19
00000146e3a49bd9
00000146e3a49dd9
000001472ff70cd9
00000147334d3059
00000147334d89b9
000001475a826319
0000014761198d79
0000014800e9e279
000001481d1b6f19
000001490d0324b9
0000014926ba10f9
00000149af00f119
00000149c17316f9
0000014aa20c9799
0000014ab92eeaf9
0000014afb527939
0000014b13069bd9
0000014b34a58599
0000014b388553b9
0000014b7810ba99
0000014c0a5b2519
0000014c4f1c30b9
0000014c5e73f2d9
0000014c6227f679
0000014c66bc0899
0000014c66bc1c59
0000014c8f275279
0000014c8f277119
0000014cbc3ce4f9
0000014cd52d75d9
0000029aa591f461
0000000002962971
0000000000000181
0000014d6d853fd9
0000014da0f284f9
0000014da1bd93f9
0000014db20a99b9
0000014dbc78cbb9
0000014ddf335f79
0000014e38df7559
0000014ee217ced9
0000014f55d314d9
0000014f701a0cd9
0000014fb18a3279
000001507a7d61d9
000001509b6e1ed9
00000150ccf3b719
00000150d559d779
00000150d9fe94b9
0000015102ebf7b9
0000015102ec1b19
000001511e9be839
000001512592bbb9
000001512d2be3d9
000001514d507d19
00000151caf3ed79
00000151caf3fdf9
00000151df243379
00000152063db7b9
00000152063dbbd9
0000015262b5a799
00000152aa9534f9
0000015318b879f9
0000015361541bd9
0000015361544e99
00000153b1684239
0000015497e81019
00000154b6073eb9
00000154d53f43b9
000001550d4afb19
000001550d4afcb9
00000155b9d45399
00000155b9d46a99
000001562d0a41f9
000001562dfcce39
000001566633ce79
000002ad45fc8661
0000000002962971
0000000000000181
00000156cdb8d719
000001574cf08df9
000001574cf09619
0000015873a06e39
00000158dd68fdf9
00000159088b8db9
00000159088b9db9
000001592e4bf2b9
00000159394683d9
00000159471cb119
00000159a8b47d39
0000015a13027ef9
0000015b05bbbcf9
0000015b144568f9
0000015b25fb2a99
0000015b287ec5d9
0000015b28fdd399
0000015be13bda59
0000015be23c82d9
0000015c304402d9
0000015cfa3b2d79
0000015d420893f9
0000015d5126b1d9
0000015dd9ad6bb9
0000015e74a6f559
0000015e93c92439
0000015f147e3b59
0000015f199e0a59
0000015f1d81a479
0000015f2cc6f459
0000015f41af3179
0000015f635f1639
0000015f93932579
0000015f9beb9c39
0000015fb6700499
000002bfe6671861
0000000002962971
0000000000000181
000001601ee012b9
000001605003b2b9
0000016092326219
00000160a5a50759
00000160ac5da559
00000160ac5dce59
00000160ce64b4f9
00000160f76ac9f9
00000161da99ac19
00000161ee56ad19
00000161f439bd19
00000162218e4f79
00000162218e6af9
000001625fb30ad9
0000016260b632f9
0000016262add579
0000016267f0a879
000001627f1a26b9
00000163079d6419
000001632a53f279
0000016342a2ba19
0000016358f1abf9
0000016384147439
00000163c53ebaf9
0000016431d534b9
0000016431d54639
000001644a76d019
000001644a76d199
0000016459465e99
00000165182c7a99
00000165276e14f9
00000165276e16f9
00000165276e2919
00000165b62abc79
00000165bbd99719
0000016609729d19
0000016638027399
0000016645dcd339
000001665fe98819
000001674bb18999
0000016792ae5459
000001679b56fab9
000001681213f899
000001688800d3f9
000001688800d879
0000016888012c79
000001692b756559
000001692b757cb9
0000016930fb7bf9
000002d286d1aa61
0000000002962971
0000000000000181
000001697f2a1139
000001697f3dc359
0000016a3e5cbe19
0000016a61b4dbf9
0000016a61b4ddb9
0000016a61b4ee99
0000016a821ec959
0000016a8ccbadd9
0000016aecc63419
0000016bfa987059
0000016bfa9872b9
0000016c0a8d4db9
0000016c16f61899
0000016c6e5bed99
0000016ca62f05b9
0000016cb4a49bf9
0000016cdfba3eb9
0000016d515495d9
0000016d877e3299
0000016dfc800b99
0000016e20141f39
0000016e7b3e5399
0000016ee3148119
0000016f02094219
0000016f3d8d0bb9
0000016f49d44c39
0000016f49d45b39
0000016f5a7007b9
0000017089aaf319
0000017092800759
000001718d403b19
00000171ed09f859
00000171ed0a01f9
00000171ed0a2d99
00000171ed0a4df9
000001721aba60b9
000001721aba7619
00000172342c7ef9
000001726a5fe599
00000172888b7e59
000002e5273c3d61
0000000002962971
0000000000000181
00000173a94fe4f9
00000173e27d0f19
00000173e27d2699
00000173fae77d79
00000174171c67f9
0000017453d90039
0000017460508039
00000175169af739
0000017551a58639
0000017551a59db9
0000017551a5a9d9
000001758b498bf9
00000175a60f70d9
0000017681b98539
00000176bf272799
000001770d4ba599
0000017729d28a59
0000017765b38199
0000017765b38379
00000177c7dca679
000001780b4282f9
00000178344f1559
0000017840214039
0000017843701039
0000017891b31499
00000178c80c3ab9
00000178ce7f4b79
00000178ce7f5fd9
00000179271c62f9
00000179271c7f39
00000179526e7df9
000001797548a8b9
00000179b2d3fbf9
00000179de690979
00000179f795c9b9
0000017a692ac179
0000017a7e406819
0000017a957ad139
0000017ab8da8f59
0000017ae72a1079
0000017b0de1f739
0000017b6ffd9cb9
0000017b7a26d2d9
0000017b861f7dd9
0000017bd74d7d39
000002f7c7a6cf61
0000000002962971
0000000000000181
0000017bec4d2019
0000017bec4d2659
0000017c20d90359
0000017c87e700b9
0000017d5acfe0f9
0000017d82139c39
0000017d873655f9
0000017dad3b8359
0000017dcca2fb99
0000017ded965439
0000017e080a8239
0000017e46ac1ff9
0000017e51847579
0000017e518486f9
0000017ed5ed7fb9
0000017f3aaca659
0000017f595b2659
0000017f8454efd9
0000017ffe4da199
00000180345ffef9
0000018034601239
0000018055f96c39
00000180e46bbf79
00000180f02f24b9
00000180f8c4fcf9
0000018129ffbdb9
00000181a45e3f59
00000181a45e5179
00000181aaae0f99
00000181b4dd1539
00000181f6555d99
00000182653209f9
0000018298be7839
00000182a43fe0f9
00000182ec733499
0000018300383259
000001834932ebb9
000001839b85d5b9
00000183fbe92bb9
000001843e6dbb39
000001843e6dc879
000001844f1e7fb9
000001845a1acdd9
000001845a1ae119
000001845bc73079
000001845e769159
00000184b7f13eb9
00000184b7f153d9
0000030a68116161
0000000002962971
0000000000000181
00000185682fdbb9
000001857b055e59
000001857b0560f9
000001857b0577d9
000001857e904a59
00000185d51640f9
00000186032bfb19
0000018617fcc139
00000186801d0239
0000018684bb8d19
0000018684bba699
00000186a7b718b9
000001875da85a99
0000018780960799
000001879e9a55b9
00000187b1bd0cd9
00000187c15f6359
000001885b86c139
0000018874a091b9
000001894caec0d9
00000189a2e778f9
00000189d4fe96d9
00000189dc28aaf9
00000189e489c3b9
0000018a0df92c79
0000018a68917899
0000018b119bb539
0000018b378222b9
0000018b660fd219
0000018c02393979
0000018c2dca7239
0000018c4b649539
0000018c5babcf99
0000018d43c30b39
0000018d71f7f4d9
0000018d98a33d79
0000018e0ab29419
0000018e0ab2dd59
0000018e0db969b9
0000018e20646cf9
0000031d087bf361
0000000002962971
0000000000000181
0000018e918fb899
0000018e95ee3b79
0000018f445b9699
0000018fc3357519
0000018ffa624d59
00000190124f7199
00000191335adf59
00000191a3b1ead9
00000191c8dabfb9
00000191e0da22b9
00000191e0da8c79
00000191f017ef39
00000191f01839f9
00000192b0004659
00000192fa6c1c59
000001932fc8e2f9
0000019344cebbd9
000001934c0bced9
00000193dcbe3a39
0000019457ca8b39
000001947d2bcc59
000001948ace0d39
0000019493198259
000001949f26b719
00000194b4d1bc79
00000194f525b0f9
0000019511621f59
00000195235f8359
000001957373e819
00000195d303b799
0000019602e50159
0000019602e514f9
0000019602e52479
0000019634c60059
00000196f49a5139
00000196fd0d8499
000001970e38d5f9
0000019739329399
00000197782da939
0000019795054819
000001979f9c1a99
0000032fa8e68561
0000000002962971
0000000000000181
000001988b166ad9
0000019927f15359
0000019946b809f9
00000199e79635f9
00000199f6064ef9
0000019a076945b9
0000019a37b216d9
0000019adfb42119
0000019b3d2b00f9
0000019b6ea84c79
0000019b79c50339
0000019b79c510b9
0000019b7e95f199
0000019b877ace39
0000019c27f38b79
0000019c76195ad9
0000019c9c7f5559
0000019d0b5f79b9
0000019d60830979
0000019dbf5f8279
0000019ddc230e59
0000019df21bb3d9
0000019e2ce5ddf9
0000019e2ce5dfd9
0000019e7a6a3c19
0000019e7c159879
0000019ea2b6cf59
0000019ea2b6e519
0000019ea2b72d59
0000019eb8710a59
0000019f0e30e8f9
0000019f0e30ead9
0000019f3a0fde79
0000019f3a100779
0000019f6924fab9
0000019fa6c4f219
0000019fb82eab19
000001a018712cb9
000001a018714119
000001a085adf279
000001a0900b59f9
000001a0bec42599
0000034249511761
0000000002962971
0000000000000181
000001a13b59a079
000001a15fc5c3f9
000001a1b5572eb9
000001a20c6cafd9
000001a24c079999
000001a24c07a219
000001a2532265d9
000001a2552870f9
000001a25528f799
000001a2695f6e79
000001a2b6b11af9
000001a2d21d7e19
000001a2d6386819
000001a2eac5e639
000001a30af9a799
000001a30af9ef39
000001a371f1fa59
000001a3fe454c79
000001a40bf0ded9
000001a462f36019
000001a4a21c7659
000001a4fe0c0bb9
000001a52bbf2cd9
000001a57ebe6a99
000001a595906399
000001a5a7834019
000001a5ad705279
000001a5f470ce59
000001a61d9be019
000001a622787299
000001a62278a939
000001a64e5543f9
000001a66b55b279
000001a6949ffcb9
000001a72bd40099
000001a73fc2db39
000001a749cb3439
000001a749cb35f9
000001a816a52c39
000001a845292f79
000001a84529a479
000001a8542a1519
000001a87292bbb9
000001a879629a79
000001a89e87f739
000001a8ea768519
000001a94b769659
000001a9b7895df9
000001aa593928d9
000001aa5a5b8ef9
00000354e9bbaa61
0000000002962971
0000000000000181
000001ab3e64f919
000001ab479b4eb9
000001ab5434ae99
000001abc328ba79
000001abcba19ed9
000001acacfa3e39
000001acb0e989b9
000001acd00c9ed9
000001ad63f0b379
000001ad6453cf39
000001ad948cf279
000001ad948d0779
000001aecca71819
000001af11576199
000001af30513e79
000001af7ae36e19
000001afcab53c39
000001b07721a039
000001b07721a799
000001b0bb5ae0f9
000001b135221fb9
000001b1d3674179
000001b1d36754f9
000001b1d3a845b9
000001b213005639
000001b2483b4859
000001b24aeec1f9
000001b258faa959
000001b2872c9fd9
000001b29aa86479
000001b2f6a7fe79
000001b3274473d9
000001b36d6f3539
000003678a263c61
0000000002962971
0000000000000181
000001b3e08dfdb9
000001b428308b19
000001b428308cd9
000001b44ef54579
000001b49667c639
000001b49667dc19
000001b496683499
000001b4fc0b7f39
000001b4fc0b8839
000001b59a25b7b9
000001b5ee52a8d9
000001b62f6f1959
000001b653417339
000001b6868495f9
000001b68684a6b9
000001b6a87b29f9
000001b6a87b2bf9
000001b7093ecaf9
000001b711e39b39
000001b724168799
000001b73a9c8df9
000001b74acc2e99
000001b79bd8c6b9
000001b7c49990f9
000001b80ce32b59
000001b9cdf7b039
000001ba40eab1b9
000001ba92860439
000001ba92f58ed9
000001babef53ef9
000001bb20ae0d39
000001bb33090b79
000001bb46c7c359
000001bb46c7c899
000001bba01b5159
000001bba01b5319
000001bba999c459
000001bbb9a35099
000001bc18330519
000001bc51910b99
000001bc51911df9
000001bc519138b9
000001bc5258fef9
000001bc52590739
000001bc92b0d819
000001bcabeb04f9
000001bcabeb17f9
000001bcabec8219
000001bcabec8379
000001bcabec9519
0000037a2a90ce61
0000000002962971
0000000000000181
000001bd4149b5f9
000001bd575e6b79
000001be0546d319
000001be2f379cb9
000001be34682079
000001be36972a79
000001bf0e02b699
000001bf4e33b9f9
000001bf4e33d739
000001bf53842059
000001bf59124df9
000001bfd49d0e39
000001c0348e2f79
000001c064827c39
000001c078907e39
000001c0e02d2479
000001c0e02d3d59
000001c10f8bf9b9
000001c11a4c1cd9
000001c17b5beb39
000001c17bd6cc39
000001c1f9b7f699
000001c1fc94d1d9
000001c267764159
000001c26cd833f9
000001c2705c58b9
000001c36ab4bfd9
000001c382698599
000001c40aca19f9
000001c45d1d28b9
000001c4800e32f9
000001c486e59779
000001c5024b0bf9
000001c51a6546f9
000001c523d74539
000001c523d74739
000001c534108eb9
000001c5450016d9
000001c5d26cb979
000001c608e314d9
000001c60a9446d9
000001c60d891639
000001c63b0e0dd9
0000038ccafb6061
0000000002962971
0000000000000181
000001c717770939
000001c717771cd9
000001c73978bc59
000001c79c73d399
000001c7da8ce9b9
000001c83853a759
000001c866fd6139
000001c870752439
000001c8e1cb3bb9
000001c9a47375b9
000001c9de95fe19
000001c9e11e2eb9
000001c9ea09dd79
000001ca6e663ed9
000001ca890ae639
000001cabfa346d9
000001caff14e819
000001cbe6a69859
000001ccaf702879
000001cd878d7f19
000001cd88d2ecf9
000001cde85964b9
000001cdfd0a9c39
000001ce27339559
000001ce80823ff9
000001ce87555ad9
000001cea850af79
000001cea850b739
000001ceb4796fb9
000001ceec07aa99
000001cf1f3a02b9
000001cf680801b9
0000039f6b65f261
0000000002962971
0000000000000181
000001d12c72e7d9
000001d12c72fcb9
000001d13500b1f9
000001d15061f7d9
000001d16cec4779
000001d17e221f99
000001d17e222159
000001d190fb33f9
000001d26e506f59
000001d28873a4b9
000001d28873a6d9
000001d29493c699
000001d29493d719
000001d297b31639
000001d2edbe8a59
000001d385150db9
000001d38e9c6a99
000001d38e9c8119
000001d54c328e39
000001d55c92dcb9
000001d55c92de39
000001d58bafb579
000001d5a3c03219
000001d604ade1d9
000001d60f51c1d9
000001d65dfa29b9
000001d664753c59
000001d6d97ba4f9
000001d6fb77b4f9
000001d6fb782c59
000001d72ddfaa19
000001d73d8c09d9
000001d73d8c19d9
000001d75e113059
000001d75e113239
000001d7cac6ee79
000001d7d34fa3b9
000001d82527cfb9
000001d8d49c0459
000003b20bd08461
0000000002962971
0000000000000181
000001d95a336d59
000001d95a3380f9
000001d98f3779f9
000001d98f378d19
000001d98f379a99
000001da21a8ddf9
000001da5f613219
000001daae18f159
000001db00d08839
000001db02a19919
000001db47a50e99
000001db5108fb79
000001dba67117d9
000001dbd7c22d39
000001dbe2e32619
000001dbef01c9d9
000001dc6dee8359
000001dcbb55b879
000001dcbb55ba19
000001dcf9fc5b99
000001dd1e399919
000001dd83349f59
000001ddc03a6739
000001ddc392d479
000001ddc392ee79
000001ddd59d0359
000001ddd59d0c79
000001ddd59d1419
000001de2a2135f9
000001de2a2137d9
000001de57491319
000001de7cccbc79
000001df5e9ce8f9
000001df7ace68f9
000001df800cfff9
000001df8bf7e679
000001df8bf7fa99
000001df8e5f50d9
000001df9b663bb9
000001dfa5f1a339
000001dfc604c799
000001dff1e6b0d9
000001e0255dac19
000001e06d716d59
000001e074a93ab9
000001e08bf06019
000001e0a2f93419
000001e0a2f957f9
000001e0a2f95999
000001e0a2f96b19
000001e0a2f96cd9
000001e0a2f99779
000001e0ba682519
000001e0ed82fb99
000001e121134459
000001e1378e93b9
000001e1378ee679
000001e1378f2239
000001e172cbbb39
000001e178446459
000001e197c38779
000001e1e82938d9
000001e24ad7dd99
000003c4ac3b1661
0000000002962971
0000000000000181
000001e29a316219
000001e2bff73b79
000001e2ee9cb219
000001e2ee9cb3d9
000001e429122499
000001e46293ba79
000001e4629411f9
000001e462941279
000001e4aaa88399
000001e4da759779
000001e4e11cd979
000001e4e5b186d9
000001e51403b9d9
000001e58e2d64f9
000001e5d87d9979
000001e60e089c19
000001e660614479
000001e6a3c860d9
000001e6f525ddb9
000001e7a0af6cb9
000001e7d1d2fb99
000001e8b8166379
000001e8b8167579
000001e8b816bf99
000001e8d174a8f9
000001e92f511439
000001e9433cfe99
000001e9796ce639
000001ea9fb7a7d9
000001ea9fb7af39
000001eab693f4b9
000001eab6940579
000001eb059682d9
000001eb9d618199
000003d74ca5a861
0000000002962971
0000000000000181
000001ebb4c32279
000001ebb8a5ee39
000001ebb8a60059
000001ebc3fd1b39
000001ebca91b6b9
000001ec0ae81b19
000001ec481c0799
000001ec8bc95c79
000001ecce12e739
000001ed0f5b5af9
000001ed4ee12e79
000001ed6dcf23b9
000001ed6dcf2cd9
000001ed74c9f479
000001ed7deb9d39
000001edf1914ff9
000001ee3f1f1959
000001eed8a7f3d9
000001ef040dc339
000001ef6bb69739
000001f012e21c79
000001f012e22df9
000001f04fafafd9
000001f12897b079
000001f14e23a119
000001f15a960359
000001f1832b1ff9
000001f1af9bf779
000001f237789cb9
000001f23afb3a79
000001f2ba00ff59
000001f30d2d9079
000001f332bba199
000001f3565811f9
000001f471edc3b9
000001f498009f79
000001f4c9aa43d9
000003e9ed103a61
0000000002962971
0000000000000181
000001f522c74e99
000001f53fb078b9
000001f53fb07a79
000001f53fb08139
000001f5821d2519
000001f592df0419
000001f5a56f6999
000001f5a56f70f9
000001f64e0bad19
000001f7490e6eb9
000001f7854d5019
000001f7854d60d9
000001f80fcb4639
000001f81d698319
000001f82f3ca199
000001f83de6c5f9
000001f890b37cb9
000001f890b38f39
000001f8bec658f9
000001f8e0334259
000001f8fa4dc799
000001f8fcecaf99
000001f957faa2d9
000001f985aab5d9
000001f9cdefec79
000001fa2949c2d9
000001fa84ec9479
000001fa84eca499
000001fa84ecb759
000001faa3bf1019
000001faa3bf5f79
000001fad4a7a7b9
000001fb3c14edf9
000001fbdf3f7879
000001fbdf3f81d9
000001fbdf3f97b9
000001fc01e9fa39
000001fc0ed76039
000001fc208c28b9
000001fc24253959
000001fc33e34b79
000001fc4de6af19
000001fc4de6c019
000001fcc22d3259
000001fcde39df59
000001fcf02a10f9
000001fe20e69319
000001fe3a1c4dd9
000003fc8d7acc61
0000000002962971
0000000000000181
000001fe6d341619
000001fe8607e379
000001fea1b3ddb9
000001febf235979
000001ff002b3b99
000001ff1cf37759
000001ff4804d8f9
000001ff77cae439
000001ffa7fb64d9
0000020041c4c099
00000200453895f9
00000200790eb839
00000200790ec679
00000200790ee239
00000200a0ddc039
00000200c04530b9
00000200c0455e79
00000200c04571d9
000002013f6e9c19
000002018a711c19
000002019ac53ef9
00000201a5ed1519
00000201b7e912d9
00000201b7e92dd9
00000201e544e379
0000020224da6bb9
0000020248b60a79
000002028c5cfe99
00000202d8634a59
00000202f6f02479
000002032ff0f579
000002033c545339
000002044fe4eb99
0000020452163f99
00000204c2be8859
000002055a4dec19
0000020588964559
0000020629b07119
00000206343129d9
000002066cc56cb9
000002067d99eb19
0000020686e12f99
0000020686e136f9
00000206f7a96379
0000020754a4a639
000002077fbd19f9
0000020784729fd9
0000040f2de55e61
0000000002962971
0000000000000181
00000207a2046cf9
00000207a2047f59
00000207a4135f99
00000207ad1237b9
00000207b90be5b9
00000207b90bf7d9
00000207da986399
0000020860884539
0000020860884739
000002087de742f9
00000208b2a442f9
00000208ba733fd9
0000020953522cd9
0000020968602179
00000209a8131ff9
00000209ab9c3c99
00000209cd3d00d9
0000020a00a13a79
0000020a037bb039
0000020a037bb899
0000020acea2f279
0000020ad09f6db9
0000020b57d0bf19
0000020b8c4add99
0000020bc6fe36b9
0000020bd5821499
0000020be1e793f9
0000020c394cdaf9
0000020c42258e39
0000020c70c70ef9
0000020c924f3ab9
0000020ca6776ad9
0000020cce37ebb9
0000020ce2a5b859
0000020cf2de0f59
0000020d20756159
0000020dec2995d9
0000020e08248759
0000020e641aa5f9
0000020edb99d3f9
0000020edb99e3d9
0000020edb99e639
0000020f47a7af39
0000020f92b414f9
0000020f92b41e19
0000020fa9273499
0000020fbc174119
0000020fdcb26219
000002108e317899
00000421ce4ff061
0000000002962971
0000000000000181
000002115f16fc79
00000211f0634a39
00000211f0634c39
0000021201532ef9
000002120f283119
000002121793cd39
0000021218e97819
00000212ae7b5f19
00000212b2153279
0000021343b3cb99
000002138bfadc59
000002138bfae479
000002138bfb5af9
00000213d0b53119
00000214020796f9
000002140207a719
00000214966f6039
00000214bc705599
00000214bc7057d9
0000021519cc24b9
00000215a649de19
00000216688aabd9
000002167e3adc79
000002169a203e79
000002171a6e85b9
00000217dac55979
00000217dac5c059
00000218248ec299
0000021835696d99
0000021854356219
0000021868a2b0d9
00000218a65c9319
00000218a65ca559
0000021911694bf9
0000021942dcd959
000002194a5cecd9
0000021951ceea79
00000219b0636719
00000219e9b62ab9
00000219f98a58d9
0000021a00a70df9
0000021a324ffe19
000004346eba8161
0000000002962971
0000000000000181
0000021a728d1859
0000021a8f460f99
0000021aba1ba859
0000021aba1c07b9
0000021b37b22259
0000021b465a2ed9
0000021bb98a9f59
0000021c705cdc79
0000021cb86c02b9
0000021cd933f9d9
0000021d10fa92d9
0000021d6ee29019
0000021d72f78ff9
0000021d72f7ee39
0000021dde540d39
0000021de5e578f9
0000021eacf68759
0000021fa4eea799
0000021fb70b5b59
00000220339e0739
00000220339e0e99
00000220339e6e39
000002205f9f11f9
000002206e7e6599
00000220abded619
00000220f5991879
0000022146e0e219
00000221d8403739
00000221e3ac6699
0000022200d00ab9
000002228673f6b9
0000022319b742d9
00000223409c7a39
0000022362111459
000004470f251361
0000000002962971
0000000000000181
00000223c4a096f9
00000223ec19eaf9
000002240c7dc919
0000022436db8ab9
000002244a5f5eb9
0000022452e2d559
000002248b8f6b19
00000224959d42d9
00000224ff7f9ab9
000002250981e4b9
0000022509b65759
000002252c3311f9
0000022531320439
000002253a19e039
0000022593f9dcb9
000002266b2879d9
00000226a1bdfa79
00000226a1be4419
00000226c2e93e59
00000226dc45f659
00000226f73a4199
0000022705653e59
00000227338a9519
000002277c817c99
00000227a57d8db9
00000227bdc50c59
00000227d07dd879
00000227d7789db9
00000227d778a5d9
00000227d778b059
00000227f9ba9839
0000022803965ef9
000002281f2066f9
00000228eaffb7b9
000002292660c7f9
0000022969742799
00000229f77b7cd9
0000022a21cc76b9
0000022a5045c019
0000022a5045fa59
0000022a629864f9
0000022ac8240ad9
0000022b56a1b8b9
0000022b73bfa279
0000022ba64fac59
0000022bdcdc2919
0000022c1a0ee559
0000022cc24e5bd9
00000459af8fa561
0000000002962971
0000000000000181
0000022cf6358e59
0000022d2d0d5df9
0000022d6006ab99
0000022d83add679
0000022d83adea19
0000022d83adea99
0000022da6aec899
0000022db5cd38d9
0000022e16f202f9
0000022e16f213f9
0000022e4ce3edb9
0000022e6c958bd9
0000022ec5ea2c19
0000022fda807659
0000023054fa0df9
000002306572aa39
0000023078830219
00000230d7c2dd79
00000230e4b4afd9
00000231197b0c99
000002311cffc699
00000231356eb599
0000023168ffcc99
00000231c7c2cad9
000002323a2dc0b9
000002323a2e3d39
0000023242a644b9
0000023245b05259
00000232aacfe779
00000232b7ae2fd9
00000232c2b9b2b9
00000232c3728ab9
00000232cd3ad0b9
00000232efce81f9
00000232fdfc39d9
00000232fdfc7a59
000002331e84ec79
000002340ba86959
000002341788ce59
00000234d1661b59
00000234d1662d59
00000234d1662fd9
00000234fc346719
000002352f32e319
000002358a25ded9
00000235a1b81bb9
00000235a1b81d59
00000235a1b83f39
00000235c24d8939
00000235c46a3399
00000235cabd73f9
00000235fd3f8939
0000046c4ffa3761
0000000002962971
0000000000000181
00000236b31f8839
00000236b35a7199
00000236bf11ebb9
00000236ca1f4199
00000236def9d8b9
00000236e47c3659
00000236e47c4b39
00000236eeea2839
00000237567e5ff9
00000237567e9739
0000023771e45b59
0000023771e46f39
00000237bc165519
00000237d23ba419
000002386765bb79
0000023883a356b9
0000023883a36399
00000238b8afa5f9
000002398557ed79
0000023a4ea81579
0000023ac89aac39
0000023aeebf3ff9
0000023b8e96a3b9
0000023c970d2d39
0000023cb83bc099
0000023ce9424199
0000023d90abc2d9
0000023e65db0879
0000047ef064c961
0000000002962971
0000000000000181
0000023f98cd7bd9
0000023feb844579
00000240036289b9
0000024015ead599
00000240523c8e79
000002406b41af79
0000024077c2d479
000002407f9da659
00000240ba479d79
00000240d1151519
00000240deacc5d9
00000240e3e0ff79
000002415e224359
00000241a3629779
00000241a362b059
0000024277607519
00000242b4b76b19
00000242d4337599
00000242e356c9f9
000002437cffd0b9
00000243be5067f9
000002451eb71fb9
000002457b78f4d9
000002457cc60f39
0000024647758af9
000002467d1a3119
000002475e506f79
0000024768f74059
000002486f8be0b9
000002486ffda079
0000049190cf5b61
0000000002962971
0000000000000181
00000248ca9f6b59
00000249037144b9
0000024903715759
000002492ba857b9
000002492ba85959
0000024939b36499
0000024985a5adf9
0000024a1ed85b39
0000024a73cbb219
0000024b4314e6f9
0000024b4fa506f9
0000024b4fa51799
0000024b9bed8779
0000024ba5277f19
0000024bc10d4b19
0000024cd9f5a579
0000024d1efb61f9
0000024d948cdb59
0000024d948ceef9
0000024db86054b9
0000024e2f0200d9
0000024eb08f96b9
0000024eb3dcfc99
0000024ed9ef63f9
0000024f406e5599
0000024fbc54e819
0000024fd81e38d9
0000024fd81e4ab9
0000024ff4b1e0b9
000002508bfc0539
00000250a7c5ad99
00000250c21881f9
00000251322f7c59
000002516e18cbb9
000002518bb95a19
000002518bb988d9
00000251ac7e77b9
000004a43139ed61
0000000002962971
0000000000000181
000002523b44e4b9
000002526c64e959
000002526c64f9b9
0000025271331f39
000002528e2bc259
00000253691af5d9
00000253ac668f99
00000253d8cbd659
00000253f7eb59f9
00000253f7eb6c19
000002552aedc599
0000025544b0b8b9
000002555cccf479
0000025571905b99
0000025572294ad9
0000025621b6db19
00000256a9b8f5b9
00000256b3ac4bd9
000002573a026fd9
0000025787441879
00000257bf29fb59
00000257f164c3b9
00000257f97fa8d9
000002588ebf3f99
00000258ca1a2399
0000025939b049f9
0000025939b05d79
00000259d6e37039
00000259d6e38dd9
00000259f4efcb99
0000025a79c7b2b9
0000025ad03a21d9
0000025b4fc433b9
000004b6d1a47e61
0000000002962971
0000000000000181
0000025b76481ef9
0000025b77cb7259
0000025c0ad3b279
0000025c8beaa4b9
0000025ca64f4fb9
0000025cbe8a0f59
0000025ce24457f9
0000025ce3c35619
0000025d113c2479
0000025d2bbe71f9
0000025df0843e39
0000025e194c49f9
0000025e19f2d5b9
0000025eefabacf9
0000025f0dc1bff9
0000025f2f725bd9
0000025f83021c39
000002601420ec99
00000260337d2b99
000002608b73e419
00000260c6eafbf9
00000260f9748099
000002610d6b0e19
000002622eef7b59
00000262f0b184b9
00000262f0b18db9
0000026332f67c79
00000263368dec99
000002633cc29539
000002635e187539
00000263ea1ecc19
000004c9720f1061
0000000002962971
0000000000000181
0000026535fa8059
0000026535fa9499
000002656c6d1479
000002658fee0419
00000265d8303d39
00000266ed577519
0000026709e0e519
000002677a2201b9
0000026798de4039
00000267cea16f39
00000267de9560b9
00000267fe1aa019
00000267fe1ab3f9
000002680cbfda19
00000268299b77d9
000002686749a119
0000026880592c99
0000026880599239
0000026899bb7a99
00000268a2cbf659
00000269931c23f9
00000269d877f579
00000269dbd97859
00000269e73a7599
0000026a9acd6259
0000026abf662679
0000026acc2a6fd9
0000026acc2a8d39
0000026ad7c22c39
0000026b1569b3f9
0000026c074ace19
0000026c5455bc39
0000026c8fee0d79
0000026d42a79679
0000026d42e67199
0000026d89013d99
0000026de5283d59
000004dc1279a261
0000000002962971
0000000000000181
0000026e4af136d9
0000026e91ac22d9
0000026f3938fad9
0000026f4a4e42f9
0000026f7a68a219
000002703ac66e99
000002703ac6ae59
0000027050487cf9
0000027084667819
00000270e9db40f9
00000270ee66e539
00000270f6675cd9
00000270ff791519
0000027100649919
0000027100649ad9
000002710d4d9459
000002713a3a7c99
000002713a3ada39
000002724816dd59
000002724bd5e3d9
00000272842d5859
00000272842d5a19
00000272842d6df9
00000272842d6e79
00000272d75ff4d9
0000027334e53ad9
0000027334e54239
0000027334e59099
0000027383f66b79
00000273fcbda239
000002744864a0d9
00000274bbbad099
000002758f52abd9
00000275994da8d9
00000275b0eb6539
00000275b8d18379
00000275c0fee759
00000275f9eda939
0000027616b4d7f9
0000027616b4ff39
00000276a36e30d9
00000276a36e5b99
00000276ace27e79
00000276d8b03f39
00000276e3a51bb9
00000276ecf56719
00000276ecf57f59
00000276ecf59859
000002770a5c07b9
0000027719b80c79
000004eeb2e43461
0000000002962971
0000000000000181
00000278585ec019
00000278e32bf739
00000278ee085ff9
0000027985d12299
00000279e883a1f9
00000279eee84bd9
00000279f3569ed9
00000279f76e93f9
0000027a146afbf9
0000027a146b0639
0000027a14d6a719
0000027a14d6bd79
0000027a5e0c5db9
0000027a7c08c279
0000027a91237e79
0000027aecf6e6b9
0000027afbc06139
0000027b07c64699
0000027b0fd7b9f9
0000027b36a7cad9
0000027b9aee47b9
0000027bb57e9759
0000027bb8135319
0000027c28f1c2d9
0000027c28f1cfd9
0000027c6357cd99
0000027c6357d4f9
0000027c9fd142d9
0000027cc65083d9
0000027cdf1d2a59
0000027d0e85f379
0000027d629e3c79
0000027dd549c439
0000027dd549db39
0000027ddf299a19
0000027e350c2479
0000027e350c9bf9
0000027e5fd78439
0000027e64582ef9
0000027e85698db9
0000027ea44693f9
0000027eee9b5039
0000027ef7f7e099
0000027efc944f99
0000027f12184259
0000027f40606799
0000027f6a5e2a19
0000027f725119f9
0000027f72512a99
0000027fdbfbdd79
000002800853fd59
0000028076c54539
00000501534ec561
0000000002962971
0000000000000181
00000280f52195d9
000002815e66a459
0000028189b24799
000002818fd125f9
00000281a648dc79
00000282b27e9519
00000282d2d272f9
00000282d2d2d4d9
000002832b6c3b59
000002832b6c8479
000002832b6c8519
000002832b6c8539
000002832b6c8bd9
0000028371a96d79
000002838b575b39
00000283d85866f9
00000283eb0e7f59
00000284ad1dd1d9
00000284c0fe87b9
00000285409844f9
0000028540984c59
0000028540985fb9
0000028540987bf9
000002855f457839
000002862029cdb9
000002862e8d6df9
0000028635b94d99
0000028639cedd79
000002863b5191f9
00000286d48b6339
000002877ac5f8d9
0000028780d41739
0000028797900779
000002879cb4d439
00000287b1dd9c19
00000287b1dd9e19
00000287c971b279
00000287f1068219
0000028802bf2759
000002882e173279
00000288876059b9
0000028910febf19
00000289250eb839
000002899e2853f9
000002899e289939
00000289d581d539
00000513f3b95761
0000000002962971
0000000000000181
0000028a1750e399
0000028a1750eaf9
0000028a7bc7dab9
0000028ad6ea2379
0000028b9b6fb3f9
0000028bd803b639
0000028c3e3cd439
0000028c440e2519
0000028c440e3c99
0000028c5941b8d9
0000028c5941cf79
0000028cd9bdfe59
0000028d0a5b35d9
0000028d26aab259
0000028deeac0e59
0000028e19ac52f9
0000028e382f5539
0000028ecc2ebf19
0000028ee278c039
0000028ee7217119
0000028f475278b9
0000028f47528999
0000028f47528a19
0000028f47528a59
0000028fbe36a479
0000028fbe36acb9
0000028fd060d979
0000028ff7813e39
0000028ff7813ff9
00000290d3c418d9
00000290d3c42b59
00000290d72e5979
00000290f7ada9d9
00000290f7adb619
00000290fc61a359
00000290fc620279
00000291777472b9
000002918ceda519
00000291a8957e79
00000291e042c7b9
00000292276f13b9
00000292276f2ed9
00000292276f8399
00000292d2dcda79
0000029301a0d059
000002930220e479
000002932cc9d6f9
000005269423e961
0000000002962971
0000000000000181
00000293b006ebb9
00000293d4eb59d9
00000293fc3ab5b9
000002947e6f3ab9
00000294d1329fd9
00000294d41d9d79
00000294d41db579
000002950e2cb819
00000295314eb299
0000029535e07f39
00000295a92a02d9
00000295dafcc699
00000296103a5899
0000029635fc3419
0000029635fc47d9
000002963d530ed9
000002967116cfd9
00000296bf45d5b9
00000296dbbd2419
000002985a74e519
0000029877d96d39
00000298a9406e79
0000029952ebb7b9
0000029964340499
00000299aaa922b9
00000299c2433539
00000299d72cf579
0000029a267dfa19
0000029a267e05d9
0000029aab37ff79
0000029aab3877b9
0000029ad8f61b39
0000029ad8f623d9
0000029adb47fe19
0000029adb4816f9
0000029b22526639
0000029b6542e2d9
0000029c8e5dd579
0000029c92621939
0000029c92622959
00000539348e7a61
0000000002962971
0000000000000181
0000029cfa550139
0000029d27731339
0000029d277329b9
0000029e7f362b19
0000029f29536cf9
0000029f29537fd9
0000029f29538079
0000029f29538739
0000029f29538839
0000029f656c97d9
0000029f8df8d699
0000029f8ffc7fb9
0000029faf06a339
000002a0d63a5559
000002a0d63a6839
000002a0dd3d6fb9
000002a112406f39
000002a19983ac39
000002a20d73f3f9
000002a23a84cad9
000002a259ebec59
000002a26bafc1f9
000002a2cc6149b9
000002a2d26f3dd9
000002a2e3d9ac19
000002a2f8808819
000002a341a1f279
000002a341a1f9d9
000002a36faf3039
000002a3a50628d9
000002a3b8ed8739
000002a483c4c039
000002a4f21efb39
000002a53115d039
000002a53115ea79
000002a535678eb9
000002a5533b63b9
000002a566dd8919
000002a59c520ed9
000002a5b71ce219
000002a5d8e7e679
000002a5e09078b9
0000054bd4f90c61
0000000002962971
0000000000000181
000002a615236899
000002a6b6e27a99
000002a78eb98d19
000002a88385de79
000002a8838638f9
000002a883e3c739
000002a8a173f0f9
000002a8b777e199
000002aa2347cef9
000002aaa39075b9
000002aab00738b9
000002ab2ed81999
000002ab65a3d0b9
000002abdcd94159
000002abe9c47d79
000002ac09c3f319
000002acccb8fd79
000002ad2118f0f9
000002ad6f54e119
000002ad7443d9f9
000002ad785b5e19
000002ad7a840599
000002adaa4eeb59
000002adaa8107b9
000002adcce46e99
000002adf3d14a79
000002adf3d15a99
000002adf3d15e79
000002ae8b68f939
000002aeaf2609b9
000002aecbe679b9
0000055e75639d61
0000000002962971
0000000000000181
000002af65bba8b9
000002afa6664cb9
000002afb966deb9
000002afbc29a0d9
000002afbc29a8f9
000002afbc29b1f9
000002afd6d2d8d9
000002b013bd6b19
000002b013bd7f39
000002b086997639
000002b086997819
000002b086997f19
000002b086998b19
000002b086998c19
000002b0c6711cd9
000002b0c6712439
000002b0c6712639
000002b128691019
000002b14efdf0b9
000002b180b46879
000002b241a37399
000002b26d476199
000002b3538eb199
000002b359e865f9
000002b3800dd819
000002b42a89b139
000002b42a89c8b9
000002b479b5d2d9
000002b4914bd139
000002b4914beb19
000002b4b0085a19
000002b510c8d639
000002b53718ad79
000002b54e93aeb9
000002b558ed2b99
000002b56bbb0339
000002b580d0b719
000002b580d0c059
000002b5c3c53799
000002b5c3c54c59
000002b5cbafc8f9
000002b5d9571cb9
000002b6285938d9
000002b6f372f939
000002b6f372faf9
000002b6f3730e39
000002b6f3730eb9
000002b74fc35119
000002b7894c5019
000002b797ea0a39
000002b7dde725b9
000002b81f931b79
000002b854782279
0000057115ce2f61
0000000002962971
0000000000000181
000002b9024855f9
000002b92f7b6af9
000002b94ad079d9
000002b9beb0a7d9
000002b9d75dc3b9
000002b9fbaa6659
000002ba058b7e79
000002ba0d81f3d9
000002ba0d820fd9
000002ba0d8222d9
000002ba12536839
000002ba81498339
000002bb63c77e99
000002bb8116b259
000002bbae465b99
000002bbfad9bab9
000002bbfbf8b919
000002bc34944e59
000002bc57581db9
000002bce34f07b9
000002bce71d9bb9
000002bd8eba5159
000002bdaa3bc779
000002bddc7ed6f9
000002be38cdd279
000002be3a64a639
000002be61b18f99
000002be61b1a4b9
000002be860f4a59
000002beb86c4939
000002beb86cb939
000002bebe1cfd19
000002becffade79
000002bf6f2ab7b9
000002bf6f2ab999
000002bf6f2ad319
000002bfff503e59
000002c04f74d8b9
000002c08e88eef9
000002c08e88ff99
000002c0c81ba5d9
000002c0c81bd059
000002c107879379
000002c10787c5b9
000002c1254ef099
000002c1578fdd19
000002c195dcd559
000002c1c69fe479
000002c1cb0c1ad9
00000583b638c161
0000000002962971
0000000000000181
000002c20b1f8a39
000002c2131ec379
000002c2b9569219
000002c3c0859759
000002c44d054ad9
000002c4be01d9b9
000002c4fc22a359
000002c55fd16399
000002c55fd1cff9
000002c637a01d59
000002c6479635b9
000002c79a4af9f9
000002c79d34ac19
000002c7bc94f5b9
000002c7d60cea59
000002c8a1980199
000002c8a748c0d9
000002c8a748d439
000002c8bbcfcef9
000002c8bbd03639
000002c8bc148919
000002c91bab3059
000002c91bab4339
000002c91baba639
000002c945594cb9
000002c9bbe257f9
000002c9cb2f81b9
000002c9e96bcd99
000002c9ece4dd79
000002ca1e45ed99
000002ca4166b379
000002ca5eaba279
000002ca7bf1eff9
0000059656a35261
0000000002962971
0000000000000181
000002cb2c303d59
000002cb2c303f59
000002cb6e5f94b9
000002cb7ec21f59
000002cb92d03219
000002cbca8b9db9
000002cc037e3cd9
000002cc0c7afc59
000002cc574828f9
000002cc8a726499
000002ccbcdb2c19
000002cd2acb3699
000002cd2acb4ff9
000002cd63f13399
000002cd6d281f99
000002cdedee7f59
000002cdedee8839
000002ce03989739
000002ce28d07159
000002ce438aa839
000002ce715f08f9
000002cea1346599
000002cede3ff8d9
000002ceee526599
000002cf87e8cb39
000002cfa9032939
000002cfbc8f1999
000002cfbc8f3379
000002d040ecbb99
000002d0d9e4a779
000002d1077cc739
000002d15d5bb5b9
000002d186be70f9
000002d1952d8c19
000002d1aa968f99
000002d23bd97799
000002d23befabd9
000002d272af15f9
000002d27905ec39
000002d279060a99
000002d35d3d7519
000002d35d3d8419
000002d3c8643c19
000002d3eed4a599
000002d3eed51859
000002d471947eb9
000005a8f70de361
0000000002962971
0000000000000181
000002d53880e819
000002d593b62179
000002d593b641f9
000002d59bfd3b79
000002d5d83f2b99
000002d62e7bd5f9
000002d681a2ff99
000002d73c99b919
000002d73c99c079
000002d74a07c619
000002d7ddc6b139
000002d800398e99
000002d821f35359
000002d837808059
000002d862a3c9f9
000002d8640df079
000002d9822abd59
000002d9a4edb9f9
000002da04e7d939
000002da9bebf4d9
000002dad28da299
000002db4d72e679
000002db76df4059
000002db8b9cd859
000002dbb36dd9d9
000002dbe90e2af9
000002dbf1ddee79
000002dc9d38fad9
000002dcdeea7339
000002dd18f13dd9
000002dd18f15079
000002dd74080379
000002dd875439d9
000002ddb8c442f9
000005bb97787561
0000000002962971
0000000000000181
000002de03533a59
000002de03534d79
000002de035354d9
000002de3ada1459
000002de78bbf919
000002dea1da7b59
000002dee7d21cf9
000002dee7d256d9
000002df3f4d9a99
000002df5a7145d9
000002df5da25779
000002e00e497c79
000002e08a2b7fb9
000002e0ead89199
000002e0f3a03839
000002e11a487739
000002e1716f54d9
000002e20cfa4879
000002e24da75ef9
000002e2d1c8b899
000002e2d42b34d9
000002e30c06e179
000002e3641cfe39
000002e3a7cc3a79
000002e3a7cc8d19
000002e3e1f634f9
000002e4203bec39
000002e4463be3b9
000002e44ac9a6d9
000002e45371d519
000002e46d0faf39
000002e46d0ffaf9
000002e4b4f41299
000002e4b4f414b9
000002e4d03532f9
000002e4d03534d9
000002e4d9b46e59
000002e51625b8b9
000002e52c8545d9
000002e530f99a39
000002e537ff1199
000002e562e508b9
000002e58b19fbf9
000002e5b9ff0e39
000002e5fd285e99
000002e618baef59
000002e69bac94f9
000002e6f04bd879
000002e6f04be959
000002e6f04bf879
000005ce37e30661
0000000002962971
0000000000000181
000002e7342d6ed9
000002e756abb559
000002e784d29079
000002e7e4249dd9
000002e857a38499
000002e85a218779
000002e8a7f21279
000002e8b59dc8b9
000002e8c2ab8719
000002e90771af79
000002e98fca1179
000002e990155939
000002e9c5c40a59
000002e9e00e5ff9
000002ea2f2688f9
000002ea34bdabf9
000002ea76721df9
000002ea93e137b9
000002eaeb412939
000002eb05406ab9
000002eb0602c799
000002eb2be28df9
000002eb4c0e1e99
000002eb815aa639
000002ebd20a3539
000002ec0a9675d9
000002ec1ea14139
000002ec9eda5ad9
000002eca40db099
000002ecc5001b79
000002ecf8275a19
000002ecfee4d559
000002ecfee4d5f9
000002ecfee4dcb9
000002ecff0dfc39
000002ed16175ad9
000002ed30c1c499
000002ed3476fbd9
000002ed48290f99
000002ed9c2a8df9
000002edc0186d39
000002edc0187f99
000002ede6931739
000002ee3ac78359
000002eeb0289639
000002eeb76fa619
000002eedc6bf379
000002eee5473739
000002eefdf80419
000002eefdf805f9
000002eefdf80b99
000002eefdf81b99
000002ef2a1ed7d9
000002ef46719159
000002ef46720419
000002efadd1f959
000002f00a1ce299
000002f00a1cf9b9
000002f03c35c839
000002f041eb5879
000002f0619c0879
000005e0d84d9861
0000000002962971
0000000000000181
000002f0b0711cd9
000002f0efe789d9
000002f0efe792d9
000002f146ea1739
000002f1681e8699
000002f285abb2b9
000002f321c6cfb9
000002f3a57bdb99
000002f462f92b39
000002f462f92d19
000002f462f93d59
000002f462f93ef9
000002f50aa035d9
000002f5c381fb19
000002f5ddf9d899
000002f614f31859
000002f614f331d9
000002f657050c59
000002f6a64312d9
000002f6d5017099
000002f7ba639e79
000002f7ba63bd79
000002f7e60c51f9
000002f839b2e619
000002f853f381d9
000002f862da5fb9
000002f88bda0cf9
000002f8934b2159
000002f91a5be719
000002f9943f11d9
000002f9a9c75119
000002f9a9c76a99
000005f378b82961
0000000002962971
0000000000000181
000002f9d3bf8b39
000002f9d3bfce99
000002f9d4265779
000002f9d426afb9
000002f9e73cd2f9
000002f9f3e59239
000002fa33518cb9
000002fb186b3fb9
000002fb3e312df9
000002fb4944f4f9
000002fb6ed2ba39
000002fb6ed2c7d9
000002fb76384539
000002fc35f58d59
000002fc95460bf9
000002fcabf74cd9
000002fcb1a1e7f9
000002fcff05de79
000002fd5f029099
000002fd7834afb9
000002fd7ed90ed9
000002fd7ed927f9
000002fd8ea7dd39
000002fe0e0885b9
000002fe1697c819
000002fed3047cb9
000002feef599c39
000002ff61d6df59
000002ff61d70df9
000002ffc70a90f9
0000030056787c79
000003005678e3d9
0000030056795939
000003008353d6f9
000003008353dff9
000003009f0cb759
000003009f0cdcb9
00000300af1df6f9
00000300af1e1659
00000300d50a4419
00000300f6054ad9
00000300f6054db9
00000300f8b73eb9
00000301c2c60879
00000301f890bb19
0000030216d8a9d9
0000030225107099
00000302565193d9
00000302a91b8419
00000302bb799819
00000302bb79d2b9
000006061922ba61
0000000002962971
0000000000000181
000003033d07ee19
0000030343ee5c79
000003038ee87819
000003038f7bb839
00000303be5b28d9
00000304486579b9
00000304d8a87d79
00000304d8a87df9
00000304d8a884d9
00000304dd103619
0000030538089df9
00000305c8ea5739
00000305dbfbb079
00000305e9debb19
000003060a244239
00000306230b0739
0000030639900279
000003063ae21d19
00000306aacd3659
000003070a0cdbf9
000003070a0cecb9
000003073611fad9
0000030740a19e99
00000307699ba739
0000030847bce779
0000030847bce919
0000030847bcf679
0000030847bd4f19
0000030879c17859
0000030907069b99
000003098356a759
00000309f4312479
0000030a06625839
0000030a397e8f79
0000030aca3f7479
0000030afcdbcb99
0000030b72d74f99
0000030b764c3739
0000030c2b931ad9
00000618b98d4c61
0000000002962971
0000000000000181
0000030c88a3b019
0000030d2b923c59
0000030d31a57f59
0000030d396e9219
0000030d51012dd9
0000030d575412b9
0000030d91379019
0000030d9b03d8f9
0000030dda7b8b59
0000030e2e393e39
0000030e46769559
0000030eb280ed19
0000030eba70b7f9
0000030eeea42b59
0000030f40483d99
0000030f6b5c7899
0000030f8fa54119
0000030fba0c00f9
0000030ff56ae639
0000031005f03a59
0000031005f03c79
0000031011f17919
0000031011f19839
0000031027c49c19
000003104eab2559
00000311343dbb99
00000311479d8cf9
00000311697caf19
00000311731fa319
0000031174e89a99
0000031174e8aa99
0000031174e8ac39
000003118db45cd9
00000311ac79ee59
00000311d4759fd9
0000031282dad619
00000312c7e7d539
00000312d5d81439
00000312dd965bd9
00000312f1663899
0000031313384779
00000313137f5419
00000313680bf9d9
00000313d78c4ff9
00000313ee62cb79
000003146bf38bf9
0000031487faf7d9
0000031487fb18b9
0000031487fb1939
00000314d28b2e79
00000314f4b0e319
0000031502788f39
0000031566b1e139
000003159748bfb9
0000062b59f7dd61
0000000002962971
0000000000000181
00000315dd555139
000003160883fd39
0000031608842fb9
000003161cfc2679
0000031651f85959
0000031651f86f19
000003165a9e6559
0000031695ef0639
00000316ea88ed39
000003170f78ee99
0000031728ee9499
0000031731d5a799
00000317770b00d9
00000317c5b50a19
00000317dd22b379
00000317f27c1659
00000318645636b9
00000318725a94d9
000003189215b5b9
000003194cebf7b9
00000319bdf26c19
00000319e9099ad9
0000031a24fd9f79
0000031b0936da59
0000031b2dc6edd9
0000031b4ab1b439
0000031b4ab20bd9
0000031b5d718199
0000031ba8fcc2b9
0000031bf3d18ff9
0000031bf903c859
0000031bf903d559
0000031c2fc8b799
0000031c34d666b9
0000031c36794b79
0000031c3a4dddd9
0000031c72acb799
0000031c736bfd39
0000031c76d9d8d9
0000031d16ed0c59
0000031def2913d9
0000031e1c43fb99
0000031e4ff05e19
0000031e77e3b639
0000031e8c1fda19
0000031ec6de12f9
0000063dfa626e61
0000000002962971
0000000000000181
0000031f062c3879
0000031f706a1539
0000031fbaa12499
00000320b60c1859
0000032130672279
00000321419db9b9
000003216a2131b9
000003216a213379
000003219362e8d9
00000321eb038859
00000321fe2c4839
00000321ff71a359
0000032240d956b9
00000322b66563b9
00000322b6656599
00000323723d3ab9
00000323723d3c59
0000032390bdedb9
0000032393a26999
0000032393a2d339
00000324884e6f59
00000324bbe577f9
00000324d6512679
00000324d761fa19
00000324feac7639
0000032578a15559
0000032578a165d9
000003259619a039
000003259619fd79
00000325ac9b5599
000003260c289319
000003260eea8539
0000032767727819
000003277d2ebf39
00000327abf05e19
000003280df2e619
00000328390061f9
000006509acd0061
0000000002962971
0000000000000181
000003294b68c959
00000329682e47b9
00000329ba227519
0000032a020a1519
0000032a03012f19
0000032ac1e38fb9
0000032b6ce623f9
0000032bc9e24b19
0000032bca032939
0000032c67698179
0000032cdc638699
0000032d16d96359
0000032d39a6c099
0000032d70a137b9
0000032d71c0e879
0000032d85a9ad59
0000032d944bd939
0000032dbbe504f9
0000032dbbe50c59
0000032dbbe51c19
0000032dbbe54af9
0000032e11342059
0000032e2b96a9b9
0000032e505e3a19
0000032e803c1b79
0000032e8b5242d9
0000032e8b525cd9
0000032e8b527819
0000032eb0cd8f39
0000032eb0cda2f9
0000032eb1e2bd19
0000032f7529df99
0000032f824be679
0000032f824bf759
0000032fce012cb9
0000033013934419
0000033045c4c299
00000330803b1779
0000033125201a79
000003313f48c059
0000033192bbe599
000006633b379161
0000000002962971
0000000000000181
00000331a9d738f9
000003320a582819
0000033271e4af39
0000033271e4c399
00000332da4be519
00000333251edf79
000003332bd4f259
000003333511a8b9
000003338c347259
000003339e1a5539
00000333a18adc39
00000333d1295039
00000333e6bc5a59
000003347a607099
00000334b3267599
00000334e8e7d279
0000033559fce0d9
00000335e72ee039
00000336062c2659
00000336062c27f9
0000033620d5b7f9
0000033631b8cc79
0000033631b8d1b9
0000033631b8e0d9
00000336494ed5d9
000003368594cbd9
0000033686e92559
00000336ec25b179
00000337305833d9
00000338079eb1d9
0000033845ef36d9
00000338813335b9
0000033894aca239
00000338a2779bb9
00000338a277af99
00000339aa4db659
00000339aa9649f9
00000339cb60f479
00000339cb6103d9
00000339fda53979
0000033a4f8e41d9
0000033a4f8e9679
0000033a6890c199
0000033a6890fd19
0000033ae02ae979
0000033ae37a1699
0000033ae37a8239
00000675dba22261
0000000002962971
0000000000000181
0000033bace902f9
0000033be173bc79
0000033c0bb41699
0000033c0bb41719
0000033c407a85f9
0000033c6fe45779
0000033c83a3fb79
0000033d0c9cc7b9
0000033d3b3e1359
0000033d3b3e1ad9
0000033d602d12f9
0000033db97c5b99
0000033db97c6b79
0000033dd3eb2699
0000033df82b8539
0000033e0d71d639
0000033e574adc39
0000033e615e0af9
0000033f22d78699
0000033f24c91179
000003402a8b7b79
000003402f6a49f9
0000034032b6d039
0000034032b6e199
00000340bb5f7999
0000034165c0e379
0000034170038dd9
00000341b0e997d9
00000341c7c56159
00000341c7c56339
00000341d51c21f9
00000342315ea0b9
000003427d36a059
00000343063a3d79
0000034358573739
0000034435e955b9
000006887c0cb361
0000000002962971
0000000000000181
000003444cf9ac59
000003446f4432b9
000003449c4cded9
00000344e5350d79
00000344f9e88c99
000003450c627299
000003455d2c25d9
000003455d2c3f79
000003459ed2df99
00000345dc949939
00000345fee37539
00000346ac8ea739
00000347445db279
00000347c5e18699
00000347c5e1bfd9
00000347ec93b399
000003480e1c9cf9
000003483462e1b9
000003485114afb9
000003487ff812b9
00000348fbced499
00000349274e59d9
00000349274e7739
00000349274e7d59
000003497f8e9bb9
00000349b47323b9
00000349bbd4ab19
00000349ce427b19
00000349ce428fd9
00000349d2055419
00000349f19dc5f9
0000034a4a090019
0000034a75e54af9
0000034a75e55259
0000034a8ce2d3b9
0000034ad5ffbbf9
0000034ae443e6b9
0000034b030469d9
0000034b1c95a3f9
0000034b909be459
0000034b909c3699
0000034bd7904019
0000034bf69aeb39
0000034c3b143759
0000034c90e3d3d9
0000034caf0066d9
0000034cc53e8379
0000034cc7ba3219
0000034ce06bc679
0000034d04ba0679
0000034d09cdad79
0000034d459de279
0000034d58be5099
0000069b1c774561
0000000002962971
0000000000000181
0000034e0acd2799
0000034e33921159
0000034e339221b9
0000034e6aa69a19
0000034e6aa6aff9
0000034ef4143b19
0000034f60149299
0000034f97f6e5f9
0000034fc66b7199
00000350117fc219
00000350908557d9
0000035090856519
00000350a292fc79
00000350a2930db9
0000035100af4099
0000035100af5319
0000035100af5759
000003514ed3b5d9
00000351adbaee59
000003523bbcc419
00000352821647d9
0000035286b4bdd9
000003529d31ceb9
000003536f2a4839
0000035394044b99
0000035415a1aef9
0000035420531459
0000035420532519
00000354205385d9
0000035439c5ef59
0000035439c5f6b9
00000354b78aa1d9
00000354d3402c19
00000354d3402fb9
00000354d3404339
000003553b755c39
00000355421982b9
0000035560244fb9
000003557da2fb79
00000356cb9c29d9
00000356d3132519
000006adbce1d661
0000000002962971
0000000000000181
00000356e4caccd9
00000357ab799ef9
00000357ab79a659
00000357ab7a1b99
00000357d7915e19
000003580453f499
0000035830aff039
000003586d35ad99
00000359258adeb9
000003597d7dae79
0000035a32380379
0000035a4cd2de99
0000035a4cd30d79
0000035a5e0d4079
0000035a889cba19
0000035a98e67e79
0000035ad6316979
0000035b381db659
0000035bb8be6559
0000035bd6608199
0000035c163b5219
0000035c163bd119
0000035d92b4f9f9
0000035e8ee2ab79
0000035e8ee2b359
0000035ec9003e19
0000035f3bcbab59
0000035f47422979
0000035f54a26059
0000035f695b5379
0000036013edb339
000006c05d4c6761
0000000002962971
0000000000000181
000003604d9ea939
000003609fb09159
000003615ade2b59
00000361bc454d59
000003622e79eed9
0000036251914979
00000362873af139
00000362873b0879
000003629d184d39
000003629d185499
00000362acc0b559
00000362acc0b5f9
00000362acc0b639
00000362acc0bcb9
00000362d132f919
00000362d1330919
000003632e4fc5d9
000003637c153f99
000003638e26cf39
000003638e26e2b9
000003647a22a679
000003647a22b679
0000036515e46e19
0000036549f33679
0000036554bb0279
00000365fc0f0739
0000036617273a59
000003661b43a539
000003661b43b619
000003667579a739
0000036684d8c7b9
0000036699af92b9
00000366a4c19a99
00000366a74648f9
00000366a7465059
00000366a7465bb9
00000366a7468779
00000366d30316b9
0000036721f27359
00000367410f9b99
00000367410faf79
000003675959b2f9
000003675959bcb9
00000367707a0739
00000367a4864319
00000367b64cdef9
000003681f4f4b19
00000368a4302699
00000368a4302e19
000003690f305ab9
0000036961fce3d9
000006d2fdb6f861
0000000002962971
0000000000000181
00000369af2dd039
00000369b090a339
00000369beda64f9
00000369d6d973f9
00000369e85dd179
0000036a6cbd32d9
0000036aa1b9ddd9
0000036b7e645359
0000036bb2107d79
0000036c229d3999
0000036c8b7e5499
0000036cc0ed00d9
0000036cecd6d0b9
0000036d3abec8d9
0000036d4cf65d19
0000036d5f12dd59
0000036d75847819
0000036e21158c59
0000036ed9feb519
0000036f47cc71d9
0000036fbbd9c299
0000036fc9043bb9
0000036fcf427fd9
0000036fee11bb19
0000037039e4a7f9
000003705e326079
00000370f8eb5ab9
0000037101db3f19
00000371d856fef9
00000372062b6659
000003722405b039
000003722405b799
0000037224060559
0000037297b5a039
000006e59e218961
0000000002962971
0000000000000181
00000372f1652279
000003734a727679
0000037355e8b4b9
000003737b42c539
00000373ec05c6f9
00000374191d1219
00000374191d24f9
000003744b0344b9
000003745a1bffd9
000003747ced8a99
000003748c120ef9
000003748e96ac79
00000374ce21c659
00000374f497d099
0000037555dbebb9
000003756d108cf9
00000376190d4059
000003766eca0579
000003768947c7f9
000003769e4c4219
0000037700f4a1d9
0000037700f4e679
000003772de827d9
0000037770634379
00000377906d7d99
0000037801ccc039
00000378361a7839
00000378a6a75c39
00000379437bb8f9
0000037a723ef7d9
0000037ab9aabed9
0000037ab9aac079
0000037b3c41ba79
0000037b3c41c8d9
0000037bbb186439
0000037bd52d3dd9
0000037bd61a47b9
000006f83e8c1a61
0000000002962971
0000000000000181
0000037c5484f559
0000037c8ffd6259
0000037c9efa1cd9
0000037cf17e57b9
0000037d28b39c79
0000037dbe295e39
0000037ded525499
0000037e03bd4959
0000037e77cd35d9
0000037e77cda839
0000037ea233c999
0000037ea474ecb9
0000037ee4f0c2d9
0000037ee4f0d379
0000037f144b81b9
0000037fba1611d9
0000037fcab77859
0000038003d1a1d9
00000380a6897119
00000381612c8bb9
000003818ae87379
000003818dc8d2b9
00000381bc6b3399
000003821be17f19
00000382b6811c99
00000382fecab259
0000038301168639
0000038301b91319
0000038301b97459
000003831d3daf99
000003833c4fae59
000003833c4fb059
000003837b6d4319
00000383b3be5239
0000038457377299
00000384b804d219
00000384e4ce1a19
000003856356d279
0000070adef6ab61
0000000002962971
0000000000000181
000003858955b7d9
000003858da24639
00000385bc3476b9
0000038645429299
00000386fe9ddb59
00000387235f0e99
000003878f8ad0f9
0000038795f1f1b9
0000038795f20c99
00000387c395af59
00000387cd6c50b9
00000388198f1c19
0000038837901f39
0000038961463879
00000389a313e4b9
0000038a3b8a89f9
0000038a3c319799
0000038aa317eb19
0000038bad162439
0000038bd1b60999
0000038bfe2b91b9
0000038c0f897b99
0000038c7fb79239
0000038c92c577f9
0000038cb97ef0d9
0000038d497a8d59
0000038d4fa15179
0000038d81cee619
0000038d81cf4ab9
0000038dc750c579
0000038dc750c759
0000038ddcddea39
0000038ddcddefd9
0000038e020768d9
0000038e02077199
0000038e02079039
0000038e1a87bbd9
0000038ea97ecf19
0000071d7f613c61
0000000002962971
0000000000000181
0000038f26d44939
0000038f26d450b9
0000038f26d46779
0000038f5931f2b9
0000038f62ef38b9
0000038f9f4c3259
0000038fb8cf79b9
0000038fb8cf81d9
0000038fc3679c19
0000038fe2983db9
0000038ffae85779
000003901243cf79
00000390124452b9
000003902c8fff39
0000039045d188b9
000003906ebe7219
00000390cf25cc19
00000390eea69939
000003910a63af59
00000391ac137cf9
00000391dcddfb39
0000039271271bb9
00000392a85d2799
00000392d0e25819
000003932dbf7839
000003934e3dc6f9
0000039356371139
0000039356371a59
000003937ba5f0b9
0000039399152279
00000393b1ee0999
000003940855e439
000003944d7a76d9
000003944d7a8859
000003944d7ae3d9
000003945f838eb9
000003952ff27dd9
00000395a2ead519
00000395f64aa919
00000396164513f9
00000396432c6759
000003968185cb99
00000396b749f379
00000396b74a0bf9
00000397356e24f9
0000039752d87f59
0000039757152999
00000397c74e1279
00000397ddf49019
00000397fcd548f9
00000397fcd551b9
000007301fcbcd61
0000000002962971
0000000000000181
00000398f0330b99
000003991e534979
00000399324a0b79
0000039945c08d99
00000399e0242019
00000399e0243779
0000039a00b11f19
0000039a00b13059
0000039a559941f9
0000039a6bc59e59
0000039a70c98139
0000039a7601d5f9
0000039aacc40a19
0000039aacc40bf9
0000039aacc438f9
0000039abb2bd999
0000039ade8d3ad9
0000039b07e18599
0000039b07e19999
0000039b402bc1b9
0000039b44740e99
0000039b73436f99
0000039b7be2e499
0000039ba8d25059
0000039bce9c7c19
0000039c08225699
0000039c1efb89d9
0000039c20163779
0000039c20163919
0000039c201648f9
0000039d00bdfd59
0000039d58da9c19
0000039d724e8e19
0000039de85bb1d9
0000039e53173ef9
0000039e63c7e499
0000039ec8a06a59
0000039f16157019
0000039f1b304a39
0000039f8dd512b9
0000039fe1690e39
000003a030184299
000003a0444e9159
000003a066d8b539
000003a0b07931b9
00000742c0365e61
0000000002962971
0000000000000181
000003a22ff53c39
000003a27dc4e119
000003a2bea22b99
000003a2f8dcf779
000003a2f8dd0cd9
000003a309516c59
000003a31709a619
000003a31b495cd9
000003a3a9f25e19
00000747ae15d861
0000000002962971
0000000000000181
