[MCS8 A] 97 FW 3.104 SV 1.257 
range=1024
periods=2
sweepmode=27e20d0
fstchan=0
holdafter=0
streamstatus=3
calreg0=0
calreg1=0
calreg2=0
calreg3=0
swpreset=8000        
prena=1
syncout=0
cycles=18
sequences=1
tagbits=16
vdac0=92c
vdac1=807
vdac2=8c8
vdac3=8c8
vdac4=8c8
vdac5=8c8
vdac6=8c8
vdac7=8c8
timepreset=100.000     
digio=0
digval=0
autoinc=0 
savedata=2 
mpafmt=asc
sephead=0 
fmt=asc
smoothpts=5 
[CHN1]
REPORT-FILE from 07/27/2026 15:48:35.573  written 07/27/2026 15:48:35
cmline0=07/27/2026 15:48:35.573 
cmline1=A1
range=1024
active=1
bitshift=4
cftfak=2580100
evpreset=10          
roimin=0
roimax=1000
caloff=0.800000
calfact=12.800000
calfact2=0
calfact3=0
calunit=nsec
caluse=1 
[CHN2]
REPORT-FILE from  written 07/27/2026 15:48:35
cmline1=A2
range=1024
active=0
bitshift=4
cftfak=2580100
evpreset=10          
roimin=0
roimax=1000
caloff=0.800000
calfact=12.800000
calfact2=0
calfact3=0
calunit=nsec
caluse=1 
[CHN3]
REPORT-FILE from  written 07/27/2026 15:48:35
cmline1=A3
range=1024
active=0
bitshift=4
cftfak=2580100
evpreset=10          
roimin=0
roimax=1000
caloff=0.800000
calfact=12.800000
calfact2=0
calfact3=0
calunit=nsec
caluse=1 
[CHN4]
REPORT-FILE from  written 07/27/2026 15:48:35
cmline1=A4
range=1024
active=0
bitshift=4
cftfak=2580100
evpreset=10          
roimin=0
roimax=1000
caloff=0.800000
calfact=12.800000
calfact2=0
calfact3=0
calunit=nsec
caluse=1 
[CHN5]
REPORT-FILE from  written 07/27/2026 15:48:35
cmline1=A5
range=1024
active=0
bitshift=4
cftfak=2580100
evpreset=10          
roimin=0
roimax=1000
caloff=0.800000
calfact=12.800000
calfact2=0
calfact3=0
calunit=nsec
caluse=1 
[CHN6]
REPORT-FILE from  written 07/27/2026 15:48:35
cmline1=A6
range=1024
active=0
bitshift=4
cftfak=2580100
evpreset=10          
roimin=0
roimax=1000
caloff=0.800000
calfact=12.800000
calfact2=0
calfact3=0
calunit=nsec
caluse=1 
[CHN7]
REPORT-FILE from  written 07/27/2026 15:48:35
cmline1=A7
range=1024
active=0
bitshift=4
cftfak=2580100
evpreset=0           
roimin=0
roimax=1000
caloff=0.800000
calfact=12.800000
calfact2=0
calfact3=0
calunit=nsec
caluse=1 
[CHN8]
REPORT-FILE from  written 07/27/2026 15:48:35
cmline1=A8
range=1024
active=0
bitshift=4
cftfak=2580100
evpreset=0           
roimin=0
roimax=1000
caloff=0.800000
calfact=12.800000
calfact2=0
calfact3=0
calunit=nsec
caluse=1 
;MCS8 #97 Sversion=1.257 Fversion=3.68
time_patch=1
;datalength=8 bytes
;bit0..3: channel# 1..8 ( 4 bit)
;bit4: edge 0=up / 1=dn ( 1 bit)
;bit5 ..57: timedata    (53 bit), max sweep length 2001.6 h
;bit58..62: tag0..tag4  ( 5 bit)
;bit63:     data_lost   ( 1 bit)
[DATA]
0000000000000016
00000002fc11bad9
000000062e2c7e19
0000000aa82e3879
00000021579a4561
0000000002dbe771
0000000000000181
000000112331b3f9
0000001722a3d379
00000033f804e061
0000000002dbe771
0000000000000181
0000001e1e51c0d9
0000001f592cbf19
0000002224f61439
00000046986f7a61
0000000002dbe771
0000000000000181
0000002487b59ad9
0000005938da1461
0000000002dbe771
0000000000000181
0000002cb3586f59
0000002cb3587fb9
0000002cb3588039
0000002cb3588719
000000310f3f0919
0000006bd944af61
0000000002dbe771
0000000000000181
00000039fe2259f9
0000007e79af4961
0000000002dbe771
0000000000000181
000000411b8dbaf9
00000042eacd77d9
000000464e406e79
000000911a19e461
0000000002dbe771
0000000000000181
0000005084514339
000000a3ba847e61
0000000002dbe771
0000000000000181
000000b65aef1861
0000000002dbe771
0000000000000181
000000c8fb59b361
0000000002dbe771
0000000000000181
00000067480d1299
0000006812ed6eb9
00000069ca9f4b79
0000006a97ccd739
000000db9bc44d61
0000000002dbe771
0000000000000181
000000716a362cb9
00000073db7fbe79
000000747078a5b9
000000ee3c2ee861
0000000002dbe771
0000000000000181
0000007e57eae7d9
00000100dc998261
0000000002dbe771
0000000000000181
0000008109cf1bb9
0000008109cf2bb9
000001137d041d61
0000000002dbe771
0000000000000181
0000008ef577d999
000001261d6eb761
0000000002dbe771
0000000000000181
00000096478929b9
000000990a1e0699
00000099c3ec28d9
00000138bdd95161
0000000002dbe771
0000000000000181
000000a1f7be9699
000000a338616099
0000014b5e43ec61
0000000002dbe771
0000000000000181
000000aad9d8e5b9
000000abc1f6a6b9
0000015dfeae8661
0000000002dbe771
0000000000000181
000000b51bbec7d9
000001709f192061
0000000002dbe771
0000000000000181
000000b90beffbf9
000001833f83bb61
0000000002dbe771
0000000000000181
000000c342a6f5b9
000000c80d2a38b9
000000c9be553939
00000195dfee5561
0000000002dbe771
0000000000000181
000000cfb5d73c19
000000cfbdad0a39
000001a88058ef61
0000000002dbe771
0000000000000181
000000d8ea3f9479
000000daead7e699
000001bb20c38a61
0000000002dbe771
0000000000000181
000000deaf772519
000000e39b676b19
000001cdc12e2461
0000000002dbe771
0000000000000181
000000e91c686e59
000001e06198be61
0000000002dbe771
0000000000000181
000000f0e1b65439
000000f38abd7179
000001f302035961
0000000002dbe771
0000000000000181
000000fb696db7d9
000000ff39a56e39
00000205a26df361
0000000002dbe771
0000000000000181
00000108853c95d9
0000010b6d1d3099
0000021842d88d61
0000000002dbe771
0000000000000181
0000010e11349139
0000010ec9450779
0000010f3ac03ad9
0000022ae3432761
0000000002dbe771
0000000000000181
00000116f337edb9
0000011b9d62fc19
0000011d6687ab79
0000023d83adc161
0000000002dbe771
0000000000000181
0000025024185c61
0000000002dbe771
0000000000000181
0000012d6a914519
0000012d91a4ba59
0000012db15b32f9
00000262c482f661
0000000002dbe771
0000000000000181
0000027564ed9061
0000000002dbe771
0000000000000181
0000013c442cfa19
000001405ddac379
00000143784f2cd9
0000028805582a61
0000000002dbe771
0000000000000181
000001457dd0bcf9
00000147687274d9
0000014bc091edf9
0000014bca01ff99
0000014c38b75219
0000029aa5c2c561
0000000002dbe771
0000000000000181
00000150c072bf39
000002ad462d5f61
0000000002dbe771
0000000000000181
00000157580fd9d9
0000015d0cefbe19
000002bfe697f961
0000000002dbe771
0000000000000181
00000163559cf999
0000016855498879
000002d287029361
0000000002dbe771
0000000000000181
0000016a22a9f159
0000016a22aa0519
000002e5276d2e61
0000000002dbe771
0000000000000181
00000176322b0139
0000017a52315159
000002f7c7d7c861
0000000002dbe771
0000000000000181
0000017f1e05daf9
000001802ec692b9
0000018516ad97b9
0000030a68426261
0000000002dbe771
0000000000000181
000001864890c0f9
000001864890c199
0000018816dae1d9
00000188a4252539
00000189d515c579
0000031d08acfc61
0000000002dbe771
0000000000000181
0000032fa9179761
0000000002dbe771
0000000000000181
0000019dea626f59
0000019fb44ae959
0000034249823161
0000000002dbe771
0000000000000181
000001a1de83f1b9
000001a221d55999
000001a4b6cdc2d9
000001a6a4762a59
000001a6a4763039
000001a6a4764199
000001a6a4764719
000001a6a476a879
000001a8564da899
00000354e9eccb61
0000000002dbe771
0000000000000181
000001ae1d6135b9
000001ae90457699
000001ae904599f9
000001b2c77185f9
000003678a576661
0000000002dbe771
0000000000000181
0000037a2ac20061
0000000002dbe771
0000000000000181
0000038ccb2c9a61
0000000002dbe771
0000000000000181
000001ccd22ad8b9
000001cf97c0df19
0000039f6b973561
0000000002dbe771
0000000000000181
000001d37df4db99
000001d37df4dcf9
000001d4a31fa0b9
000001d5a3827279
000001d903920459
000003b20c01cf61
0000000002dbe771
0000000000000181
000001db0cb11579
000003c4ac6c6961
0000000002dbe771
0000000000000181
000001e31623e499
000001e804d0bd79
000001e95c969019
000003d74cd70461
0000000002dbe771
0000000000000181
000001ebcb702979
000001f3bc372179
000003e9ed419e61
0000000002dbe771
0000000000000181
000001f586020919
000001fc8d1805d9
000001fccc127cd9
000001fd70d93a59
000003fc8dac3861
0000000002dbe771
0000000000000181
000001ffe0dffef9
0000040f2e16d361
0000000002dbe771
0000000000000181
0000020a5b2f53f9
0000020dd22ee979
00000421ce816d61
0000000002dbe771
0000000000000181
00000210e8b6f919
00000211d9a2f959
000002129308bd79
00000214e5f34519
000004346eec0761
0000000002dbe771
0000000000000181
0000021adfd67379
0000021c5bd1be79
0000021c5bd1c339
000002234713f359
000004470f56a261
0000000002dbe771
0000000000000181
00000223f03ab7b9
0000022afd61c839
0000022afd61dab9
0000022b849d6c79
00000459afc13c61
0000000002dbe771
0000000000000181
0000022d57006a79
0000046c502bd761
0000000002dbe771
0000000000000181
0000023849dfd619
0000023c8d7d76f9
0000023c8d7d9e59
0000047ef0967161
0000000002dbe771
0000000000000181
0000024149f27579
0000024201893459
0000024247189ed9
000002424718b319
000002424718ceb9
0000049191010b61
0000000002dbe771
0000000000000181
000004a4316ba661
0000000002dbe771
0000000000000181
000004b6d1d64061
0000000002dbe771
0000000000000181
0000025b861f1c59
000004c97240da61
0000000002dbe771
0000000000000181
000004dc12ab7561
0000000002dbe771
0000000000000181
0000026e973c4999
0000026f74da2259
00000271335fb539
000004eeb3160f61
0000000002dbe771
0000000000000181
000005015380aa61
0000000002dbe771
0000000000000181
0000028231099039
00000284e8bad1f9
00000513f3eb4461
0000000002dbe771
0000000000000181
0000028a7249e9f9
0000028d8cca3579
0000028e15a854f9
000002919d92d3d9
0000029328b68879
000005269455de61
0000000002dbe771
0000000000000181
0000029c3c251079
0000053934c07961
0000000002dbe771
0000000000000181
000002a4269ac459
000002a5099e8619
0000054bd52b1361
0000000002dbe771
0000000000000181
0000055e7595ae61
0000000002dbe771
0000000000000181
000002b158775ab9
000002b632056879
000002b632057fd9
000002b8271c9ef9
0000057116004861
0000000002dbe771
0000000000000181
000002ba97ed5179
000002bd7c8946d9
00000583b66ae261
0000000002dbe771
0000000000000181
000002c1ed15d2f9
000002c5806e6a19
0000059656d57d61
0000000002dbe771
0000000000000181
000002ceaa456e99
000002d0133b3db9
000005a8f7401761
0000000002dbe771
0000000000000181
000002dac5cd93f9
000002ddb11c6a79
000002ddb11c84f9
000005bb97aab261
0000000002dbe771
0000000000000181
000005ce38154c61
0000000002dbe771
0000000000000181
000002e7b8d337b9
000002ecc94aec79
000005e0d87fe761
0000000002dbe771
0000000000000181
000002f56cf0f059
000002f572546ad9
000002f6d1df5c79
000002f8356396d9
000005f378ea8161
0000000002dbe771
0000000000000181
000002fa4bcf48b9
0000060619551c61
0000000002dbe771
0000000000000181
000003068a21a379
0000030b4e2a0af9
00000618b9bfb661
0000000002dbe771
0000000000000181
0000030faeb3c5b9
00000311c322e279
0000062b5a2a5161
0000000002dbe771
0000000000000181
0000031775dca759
00000317c8b52dd9
00000317c8b5b559
0000031cfe0dd6d9
0000031e5f596cf9
0000031e9559de99
0000063dfa94eb61
0000000002dbe771
0000000000000181
000006509aff8661
0000000002dbe771
0000000000000181
0000032e38dce1f9
000006633b6a2061
0000000002dbe771
0000000000000181
000003327fcc35b9
000003327fcc3d39
0000033417c5c339
0000033667259979
000003366d607499
00000336863cb599
00000337ffde3ed9
00000675dbd4bb61
0000000002dbe771
0000000000000181
0000033b8fcecf99
0000033e0fe74579
000003401002f699
000006887c3f5561
0000000002dbe771
0000000000000181
000003447bcad619
0000034a18a5e6b9
0000034c844fd399
0000034ccaa13c99
0000069b1ca9f061
0000000002dbe771
0000000000000181
0000034e8ff106b9
000006adbd148a61
0000000002dbe771
0000000000000181
0000035ec4747899
000006c05d7f2561
0000000002dbe771
0000000000000181
0000036227c29c99
000003629bb8edf9
000003631e571819
000006d2fde9bf61
0000000002dbe771
0000000000000181
0000036d033d4c79
0000036e5a24bb59
000006e59e545a61
0000000002dbe771
0000000000000181
0000037324b34a59
00000373f5ae2a79
000003795ffdc1d9
000006f83ebef461
0000000002dbe771
0000000000000181
0000037d7d50da79
0000038376751f79
0000070adf298f61
0000000002dbe771
0000000000000181
000003868113fe99
00000386fc7a2d79
00000388d6e0ad59
00000388d6e0ee19
00000389143045d9
0000038914304999
000003899b9a6719
0000038c8729de79
0000038cfbb2b239
0000038cfbf7fc39
0000071d7f942961
0000000002dbe771
0000000000000181
0000038f31ca41b9
00000393df3f1019
0000039562671d79
00000395626724f9
00000395626731b9
0000039562679719
00000396eaff1339
000007301ffec461
0000000002dbe771
0000000000000181
0000039b42575bd9
000003a102fdb659
00000742c0695e61
0000000002dbe771
0000000000000181
000003a16d449739
000003a34b850799
000003a4aa7d3d99
0000074a871f7e61
0000000002dbe771
0000000000000181
