[MCS8 A] 97 FW 3.104 SV 1.257 
range=1024
periods=2
sweepmode=27e20d0
fstchan=0
holdafter=0
streamstatus=3
calreg0=0
calreg1=0
calreg2=0
calreg3=0
swpreset=8000        
prena=1
syncout=0
cycles=18
sequences=1
tagbits=16
vdac0=92c
vdac1=807
vdac2=8c8
vdac3=8c8
vdac4=8c8
vdac5=8c8
vdac6=8c8
vdac7=8c8
timepreset=150.000     
digio=0
digval=0
autoinc=0 
savedata=2 
mpafmt=asc
sephead=0 
fmt=asc
smoothpts=5 
[CHN1]
REPORT-FILE from 06/30/2026 13:14:39.406  written 06/30/2026 13:14:39
cmline0=06/30/2026 13:14:39.406 
cmline1=A1
range=1024
active=1
bitshift=4
cftfak=2580100
evpreset=10          
roimin=0
roimax=1000
caloff=0.800000
calfact=12.800000
calfact2=0
calfact3=0
calunit=nsec
caluse=1 
[CHN2]
REPORT-FILE from  written 06/30/2026 13:14:39
cmline1=A2
range=1024
active=0
bitshift=4
cftfak=2580100
evpreset=10          
roimin=0
roimax=1000
caloff=0.800000
calfact=12.800000
calfact2=0
calfact3=0
calunit=nsec
caluse=1 
[CHN3]
REPORT-FILE from  written 06/30/2026 13:14:39
cmline1=A3
range=1024
active=0
bitshift=4
cftfak=2580100
evpreset=10          
roimin=0
roimax=1000
caloff=0.800000
calfact=12.800000
calfact2=0
calfact3=0
calunit=nsec
caluse=1 
[CHN4]
REPORT-FILE from  written 06/30/2026 13:14:39
cmline1=A4
range=1024
active=0
bitshift=4
cftfak=2580100
evpreset=10          
roimin=0
roimax=1000
caloff=0.800000
calfact=12.800000
calfact2=0
calfact3=0
calunit=nsec
caluse=1 
[CHN5]
REPORT-FILE from  written 06/30/2026 13:14:39
cmline1=A5
range=1024
active=0
bitshift=4
cftfak=2580100
evpreset=10          
roimin=0
roimax=1000
caloff=0.800000
calfact=12.800000
calfact2=0
calfact3=0
calunit=nsec
caluse=1 
[CHN6]
REPORT-FILE from  written 06/30/2026 13:14:39
cmline1=A6
range=1024
active=0
bitshift=4
cftfak=2580100
evpreset=10          
roimin=0
roimax=1000
caloff=0.800000
calfact=12.800000
calfact2=0
calfact3=0
calunit=nsec
caluse=1 
[CHN7]
REPORT-FILE from  written 06/30/2026 13:14:39
cmline1=A7
range=1024
active=0
bitshift=4
cftfak=2580100
evpreset=0           
roimin=0
roimax=1000
caloff=0.800000
calfact=12.800000
calfact2=0
calfact3=0
calunit=nsec
caluse=1 
[CHN8]
REPORT-FILE from  written 06/30/2026 13:14:39
cmline1=A8
range=1024
active=0
bitshift=4
cftfak=2580100
evpreset=0           
roimin=0
roimax=1000
caloff=0.800000
calfact=12.800000
calfact2=0
calfact3=0
calunit=nsec
caluse=1 
;MCS8 #97 Sversion=1.257 Fversion=3.68
time_patch=1
;datalength=8 bytes
;bit0..3: channel# 1..8 ( 4 bit)
;bit4: edge 0=up / 1=dn ( 1 bit)
;bit5 ..57: timedata    (53 bit), max sweep length 2001.6 h
;bit58..62: tag0..tag4  ( 5 bit)
;bit63:     data_lost   ( 1 bit)
[DATA]
0000000000000016
000000003bc167b9
000000003c0dc699
00000000a5b62119
0000000248813c99
000000029c309179
00000003294327f9
00000006debbd9b9
00000007880c5779
000000079f79f0f9
00000009bc7ffeb9
00000009f11a7db9
0000000ab95147f9
0000000aeb3894b9
0000000b2aebc4f9
0000000d075a91b9
0000000e23772399
0000000e41000519
0000000f2b2dfc39
0000000f63c49e99
000000100b95a759
000000106a63c079
00000021578e8961
0000000002d47e71
0000000000000181
00000010ef54ed59
000000111bf0c3f9
000000116b57da79
00000012b1d05139
0000001493b79cf9
000000159a2fe879
00000016c59bb959
0000001785ffd559
00000018b2c2c619
00000019542cfd19
00000033f7f93861
0000000002d47e71
0000000000000181
0000001a2b7fc919
0000001ae9c0de19
0000001afec93139
0000001cc3914679
0000001cc74b8e79
0000001e9b1af3d9
0000002136b5f2f9
000000469863e761
0000000002d47e71
0000000000000181
00000024a0fc1eb9
0000002570acfb39
00000025b2483719
00000025e1a6db79
000000266f7c5b99
0000002835910df9
0000002862ada8d9
00000028758d6e99
0000002a46aecf59
0000002c4a90b7b9
0000005938ce9661
0000000002d47e71
0000000000000181
0000002e7cb47b99
0000002fec3486f9
00000030937b2259
00000031270658d9
000000316868fbf9
000000329533c599
000000331fa33099
000000354660a399
0000006bd9394561
0000000002d47e71
0000000000000181
00000035f17f5339
000000379901b319
00000037edb6db19
000000395e1952d9
0000003a225e20f9
0000003a7db72c39
0000003a7ed89c39
0000003bf7d2e039
0000003c84597fb9
0000003e41c78ef9
0000003ec0831339
0000007e79a3f461
0000000002d47e71
0000000000000181
0000003f496224b9
000000402bde5e39
00000040ddd41739
000000429ba2b719
00000042f98f41d9
0000004329631b79
00000044519eb419
00000044f7792a59
000000477139a099
00000047b7ca8a79
000000480fd9cef9
000000911a0ea261
0000000002d47e71
0000000000000181
0000004aa71b1039
0000004b3eff21b9
0000004b56349bb9
0000004b70d67059
0000004b78273559
0000004b9ca52859
0000004c5f9cb359
0000004c61ad3079
0000004c995496f9
0000004d845bb6b9
0000004d9dd40cb9
0000004e13773e79
0000004eacaca5d9
0000004effc8aa19
0000004f0afcdc39
00000051799c8a79
00000051a5072a39
000000a3ba795161
0000000002d47e71
0000000000000181
00000051ef48e239
00000052b412a3b9
00000052c3d0d619
00000054f039e739
000000558c2718b9
00000055b2ca7279
000000576c6f0819
00000057d3c29eb9
0000005a061a2dd9
000000b65ae40061
0000000002d47e71
0000000000000181
0000005ba38478f9
0000005cbcedf239
0000005d62e1b9f9
0000005dd6ae49d9
0000005ebcd16399
0000005eca7563d9
0000005f71c4f659
000000601536acb9
00000060ff45eb19
0000006195964fb9
00000062c13fe579
0000006343bfc799
00000063c8cbed19
000000640dfa6119
000000c8fb4eae61
0000000002d47e71
0000000000000181
000000649a474d99
000000650be8e219
00000065406705f9
00000065b05979d9
00000065d3482679
0000006631905e99
00000066a4eaab99
00000066ac5c1079
00000066d2597439
00000066e03dcad9
000000681fc6e2d9
00000068f0e74ad9
0000006951e9c0b9
0000006a62075399
0000006a7023ff39
0000006a854e53d9
0000006ba61aa1d9
0000006d504e9df9
0000006d5f1fdd19
0000006da2c38cb9
000000db9bb95d61
0000000002d47e71
0000000000000181
0000006fc5e09419
000000711a34b7d9
00000072030c0319
00000072322baf39
00000072ad0ad519
0000007378ca7759
0000007420f4b059
000000745fccf0d9
00000074bd9f3df9
00000074dc3d91b9
00000076e93ccff9
00000076eb0ec1d9
00000076f9fa8459
000000ee3c240b61
0000000002d47e71
0000000000000181
000000798d473139
00000079f397d8b9
0000007a3bbe3919
0000007ab5e48fb9
0000007b1ec31119
0000007b43ec9499
0000007d0f68db99
0000007f40f2e619
0000007f757e8259
0000007ffe366339
000000801df1e8b9
000000803bf52739
000000805e2c9f59
00000100dc8eba61
0000000002d47e71
0000000000000181
00000080a8855659
00000080fbb8a0b9
0000008104484639
000000815001edf9
00000082267e1b99
000000830475cd39
00000083f32214d9
0000008444a97f19
00000086ea1f1ef9
000000874d1482d9
000000876857ced9
00000088a54dedd9
000001137cf96861
0000000002d47e71
0000000000000181
00000089e6e0e139
0000008a37d83059
0000008b541bf6d9
0000008c5cadf679
0000008d0e793c99
0000008daea2e239
0000008e0e79cf59
0000008f9d032f79
0000008fe6884a99
00000090caf9b339
000000925a32d399
000001261d641661
0000000002d47e71
0000000000000181
000000932e8b1099
00000093f79bd5d9
00000094d3b433b9
000000957058ef39
00000096832cd819
00000096c55acc59
00000097189c3c39
00000097d9978e79
00000097f78ead99
00000098967ed579
000000990d9ed5d9
0000009913bd1bb9
000000991f2ec2d9
0000009996025d59
0000009ab2e1fad9
0000009b9212cd39
0000009bd2eebe99
0000009c54d5c8d9
0000009c566d4b99
00000138bdcec561
0000000002d47e71
0000000000000181
0000009d05accb19
0000009d347d3a59
0000009d86e0adf9
0000009edab41979
0000009f64722099
0000009f7cd8a459
0000009f83d4feb9
000000a0e1679319
000000a16d8d2bd9
000000a272f6fcd9
000000a2e2b02719
000000a2f8037e99
000000a48d62fd79
000000a4e2a67dd9
000000a598b271d9
0000014b5e397361
0000000002d47e71
0000000000000181
000000a60385b279
000000a6205fd6d9
000000a738d2c059
000000a765d19979
000000a7cf8e0db9
000000a7faafb199
000000a8224c5479
000000a85ec9e479
000000a86a7f2279
000000a93cb879d9
000000a953013f79
000000a9b9b6c119
000000aa836808b9
000000abe1760eb9
000000ad1b2522d9
000000adc4708759
000000ae1d398659
000000ae5bd01f39
0000015dfea42161
0000000002d47e71
0000000000000181
000000af161c6599
000000af399da139
000000af7caba4b9
000000b00cf4ebf9
000000b1514b4d59
000000b1ecd029d9
000000b245a61d59
000000b273c056d9
000000b2bd94a879
000000b33c950599
000000b3be294b39
000000b3caf8faf9
000000b3d6d157d9
000000b4e1ef9e99
000000b4e4329139
000000b522693dd9
000000b58528df79
000000b5d86ca499
000000b65ced35f9
000000b66f1c3f99
000000b6d66b91d9
000000b72543c0b9
000000b747c8c559
000000b776be2279
000001709f0ed061
0000000002d47e71
0000000000000181
000000b90021d179
000000b921a0fbb9
000000b92207dc99
000000b953263bd9
000000ba4be96519
000000babcb3e699
000000babfa196b9
000000bb8483bb39
000000bc9c1765b9
000000bd9bf383f9
000000bda05da4d9
000000be0930dd39
000000be34091bf9
000000be599b4db9
000000c00c163f79
000000c0df3671b9
000001833f797e61
0000000002d47e71
0000000000000181
000000c1c2eef959
000000c2519ca559
000000c31b59ee39
000000c399be4e79
000000c3e6fcfd19
000000c476f9fc79
000000c50fdd8a79
000000c551f9e519
000000c559bb7859
000000c574bfc119
000000c58e5e0159
000000c5f961a579
000000c5fabcfa19
000000c69bef1499
000000c7229dfeb9
000000c8e0b6a259
000000ca0424a679
000000caa88576b9
00000195dfe42c61
0000000002d47e71
0000000000000181
000000caef1bd199
000000cc4849dd99
000000cd431bb939
000000cd53272c99
000000cde322d079
000000d0fc529439
000000d1959cda99
000000d27105aad9
000000d2df6a8c19
000000d2f632cc79
000000d37eaf41d9
000000d3ff3a99d9
000001a8804eda61
0000000002d47e71
0000000000000181
000000d48cf03c19
000000d6fdc03e79
000000d73888f7f9
000000d8353e9ef9
000000d8b26cded9
000000d8ff8d5b19
000000d90221ec39
000000d9714162d9
000000d97fe3b899
000000dac701cd39
000000dae00b2899
000000dc46703a39
000000dc5ef5ad59
000000dd03e94c99
000000dd88c972b9
000001bb20b98861
0000000002d47e71
0000000000000181
000000ddb5f520f9
000000de1b9ce099
000000de62ff56f9
000000df227dc3d9
000000dfbfe128f9
000000e141b5c219
000000e15409a919
000000e232960f19
000000e276e2f119
000000e42c586a59
000000e471224fb9
000000e5cd6b41d9
000000e5da76fdb9
000000e687a0e339
000000e6c8ef1f19
000001cdc1243661
0000000002d47e71
0000000000000181
000000e73912ced9
000000e795f46039
000000e90f43a779
000000e96487b979
000000ea474e4a19
000000ebaf8fc819
000000ec514aa059
000000eca69a4919
000000ed3e454319
000000ede3186719
000000ee32c523b9
000000eeb58b2099
000000efbd1afe99
000000f00848ed19
000001e0618ee461
0000000002d47e71
0000000000000181
000000f0fe3d5ad9
000000f1731962f9
000000f191d20f39
000000f19489a979
000000f1fc9367f9
000000f2a8bce5d9
000000f30d192859
000000f3e41925f9
000000f45cf77859
000000f469e9be99
000000f4f37f9bd9
000000f505cd07d9
000000f5873af539
000000f73b93e499
000000f89da2f819
000000f904948759
000001f301f99261
0000000002d47e71
0000000000000181
000000fa51ea34f9
000000fbe464e019
000000fc178d1459
000000fc429ae0b9
000000fca94626b9
000000fca98e0239
000000fccf2b7799
000000fdbb1c3e19
000000fdc7fd0cb9
000000fec9fdd979
000000fef03b4179
00000100b2d8c059
000001013af57ef9
0000010153c99ab9
00000101820030d9
00000101b22ef4d9
000001020a037659
00000205a2644061
0000000002d47e71
0000000000000181
00000103a9208439
000001040dc048d9
00000104b50477f9
000001050a2d9599
00000105787b3259
00000106404158b9
000001067071a4d9
000001081ec9e039
000001082f4f2eb9
00000108834b7679
00000108931f01f9
00000108fd8d6f19
000001092bce5fd9
0000010940046899
0000010a4706c179
0000010a6095bad9
0000010b04decf99
0000010b92fd3d79
0000010b978850d9
0000021842ceee61
0000000002d47e71
0000000000000181
0000010d0901a339
0000010d3cfbd719
0000010da5f273f9
0000010e44f11e99
0000010e4b653ad9
0000010e74c35d99
0000010ebbef61d9
0000011077ca7cf9
000001108da69339
00000111345c00d9
00000114aa2a6539
00000114c590e3f9
00000114c8b743b9
00000115356835b9
0000022ae3399b61
0000000002d47e71
0000000000000181
00000115a9b16f99
00000115ae88fd19
00000115f259a439
000001162b0f2839
000001163a953e79
00000116f44bcaf9
000001179d589d39
00000119a436e659
0000011a8af637b9
0000011aebcaa479
0000011af61f4f99
0000011c0ef7fd99
0000011c55991fb9
0000011ceed379d9
0000011d72c10a79
0000011d8b772e79
0000011df08d4679
0000011e3aa74c39
0000011e77e13699
0000023d83a44961
0000000002d47e71
0000000000000181
0000011fe1502ff9
0000011ff9ad9699
000001202fced719
0000012162ac5299
0000012163b2d499
00000121c2c75bb9
000001221d430319
0000012284969ef9
000001228b962a99
00000122b20aa139
00000122c85841b9
00000123a7f1c2b9
00000124644cd479
00000124bc36b319
00000126bb908c39
00000126f78573f9
0000012704fb94b9
00000127849a1179
00000127a6b88159
00000250240ef761
0000000002d47e71
0000000000000181
000001286859d3b9
00000128ffeef859
0000012b08b21219
0000012df1b9f199
0000012e61f5c999
000001301d34c7d9
000001305280bb99
00000130a9cf2799
000001313801ad99
00000262c479a461
0000000002d47e71
0000000000000181
000001316f5701d9
00000131ebf3d739
00000132aac849b9
00000132dfa7ffb9
000001332e9d2319
000001336572aaf9
00000133bdcb3c59
0000013439293959
000001344a758cf9
00000134d40789d9
00000135354b2dd9
00000135b69fc9f9
000001382cbbc579
00000138c622ae39
0000013946eb01d9
00000139a3fa6fd9
0000013a892bed39
0000027564e45261
0000000002d47e71
0000000000000181
0000013b5c1c9559
0000013efd7304f9
0000013f62db1c79
000001400474da59
000001401f00a579
000001405d6f1799
000001406120e5b9
00000140bcb35899
00000141005350d9
00000141e608d859
0000014383d989b9
00000143b3fb8939
00000288054eff61
0000000002d47e71
0000000000000181
0000014482ce6ab9
000001449e9badd9
000001457bb11b79
00000145dae45bb9
0000014613447f79
000001463d5e8e39
0000014674245a59
00000147d6b168f9
000001480ae08f39
00000148741839b9
00000148df912599
0000014a16e602b9
0000014ae9743239
0000029aa5b9ad61
0000000002d47e71
0000000000000181
0000014ee8d5de59
0000014f785c74b9
0000015014cf9d99
0000015068107df9
000001511b830ed9
00000151ca492419
00000154ac774159
00000155a53f0bf9
00000155c1942959
0000015617a01939
000001566e4d4f39
000002ad46245a61
0000000002d47e71
0000000000000181
00000156cbfa6bf9
000001587ab8a139
000001596232aad9
0000015972a573b9
00000159dd15faf9
0000015a1319a8d9
0000015a571faf79
0000015ad1d50639
0000015ba2f473b9
0000015ea343f879
0000015ed55b73d9
0000015f162c3239
0000015f51d69a79
000002bfe68f0861
0000000002d47e71
0000000000000181
00000161bc5fd699
00000161d3334619
000001632fe97f39
000001635c0a8239
00000164f570ac39
00000164f8158899
000001653faa3059
0000016574cb7119
000001662b290759
000001663bbcb319
000001666b76c059
00000166d6cc0359
0000016892cbec99
000001690b116899
000002d286f9b561
0000000002d47e71
0000000000000181
00000169966cfd19
000001699951ca39
0000016bace49af9
0000016d77efd059
0000016e44469299
0000016e6c4d60f9
0000016e9c0e7b99
0000016eb6e3c979
000001707f19eb99
00000171249b40f9
000001715f0dd759
0000017207f4e8f9
0000017261daa539
000002e527646261
0000000002d47e71
0000000000000181
0000017369b022f9
000001736ea7ee79
00000173ad2c75f9
000001772a60b639
0000017773c5ee59
00000177a08a7ed9
0000017939223759
0000017ae800df19
0000017b3b066a39
0000017bb92c8ad9
000002f7c7cf1061
0000000002d47e71
0000000000000181
0000017c291aafb9
0000017da3386679
0000017ef7c52b39
0000017f6f243dd9
0000017fcbcf9cf9
0000018090709639
00000181962e2d99
00000181d0aa8859
00000182a120d5b9
0000030a6839bd61
0000000002d47e71
0000000000000181
00000185df361899
0000018665e0d979
00000186ac1ce2d9
00000186b4bea459
00000187c727a7d9
00000188bac5b999
000001892bbe3719
00000189f416cb39
0000018a42480699
0000018b44bd4d39
0000018b4611a099
0000018bec148f39
0000018bed259359
0000018dff3349b9
0000018e27f8da99
0000018e4f03b939
0000018e5d6801b9
0000031d08a46a61
0000000002d47e71
0000000000000181
0000018fc612ebd9
0000019038bb1b19
000001908fe90b19
000001909d7732f9
00000191c4926959
00000192d676e379
00000194afc30ab9
00000194c1b99fd9
00000194dac9bc59
0000019521b66739
00000195b852ee59
000001964182fe79
00000196b40bc999
00000196f9d25799
00000196fbe6c2f9
0000032fa90f1761
0000000002d47e71
0000000000000181
00000198cf173b79
000001994d6149f9
00000199e9648399
0000019a28902b39
0000019af2e23df9
0000019b381954b9
0000019bd3431a19
0000019c3338a619
0000019d562a9e19
0000019d5cf89c19
0000019d6eab7479
0000019decfb67b9
0000019e072cdfd9
0000019e2d382f39
0000019f434b2559
0000019f7465ae39
000003424979c461
0000000002d47e71
0000000000000181
000001a3647718f9
000001a5231d75f9
000001a53b8d2339
000001a57de5dd19
000001a5857752f9
000001a58a7724d9
000001a76257e239
000001a782235159
000001a97de10c59
000001a9b13bae19
000001aa46b0e219
000001aa6a35bd19
00000354e9e47061
0000000002d47e71
0000000000000181
000001ab143da4d9
000001ababba5119
000001abd3c7c279
000001aceb4ee819
000001addd9bf059
000001adf17ed779
000001ae5ef49319
000001afd4a4e539
000001b0d71a9099
000001b12376afb9
000001b2905730b9
000001b2ada55f59
000003678a4f1d61
0000000002d47e71
0000000000000181
000001b3c74904b9
000001b444043a59
000001b44d31ff39
000001b45565b9f9
000001b58ad2e459
000001b5a4064f59
000001b890a55739
000001b8aa9554d9
000001b9f1ff8bb9
000001bc94dd61d9
000001bca7c0e939
000001bcd6159b99
000001bce256a4f9
0000037a2ab9ca61
0000000002d47e71
0000000000000181
000001bd6cc45dd9
000001bd83b8cc79
000001be3e8a3859
000001be6c1eb059
000001bf04605499
000001bfa5ffa499
000001c02a037359
000001c02fc5ab19
000001c0763938f9
000001c0a09a0a59
000001c0fe12b079
000001c125c5b699
000001c162655659
000001c2a0297819
000001c2abf61959
000001c3792f9259
000001c4b2ceb219
000001c5458a2679
000001c54a515f59
000001c5b6fe2999
000001c5e2633c19
0000038ccb247761
0000000002d47e71
0000000000000181
000001c8f22dc799
000001ca4bda75d9
000001ca8ea46719
000001cb4051a839
000001cc31720879
000001cc78382299
000001cd34e10559
000001cde8d52a19
000001ce32ed4899
000001cfa9344619
0000039f6b8f2361
0000000002d47e71
0000000000000181
000001cff9462a79
000001d0d549f919
000001d148a3d939
000001d2e991d399
000001d54c0a1479
000001d5b2337499
000001d65600e399
000001d7bc5ca659
000001d80d0a7599
000001d81bbce799
000001d8a06ac0b9
000001d8d46accd9
000003b20bf9d061
0000000002d47e71
0000000000000181
000001d90dd85a99
000001d925204999
000001d94663e299
000001d982565099
000001da505c2fb9
000001da72577019
000001db6c5fad39
000001dbe33c6a79
000001dc7dc05439
000001dd4955e139
000001de01d75659
000001de7c9ced79
000001e1a5946719
000001e1d8fbe599
000001e1e5215479
000001e1ecd5f7b9
000003c4ac647d61
0000000002d47e71
0000000000000181
000001e291bfc5b9
000001e3d17fb2d9
000001e46d44d4f9
000001e65e8e90f9
000001e6afae4df9
000001e6b8320e59
000001e7a7002cf9
000001e91a62a239
000001e91c537739
000001e9dd871df9
000001ea66b0c519
000001ea72e1eb39
000001eaca570959
000001eb0e2ec459
000003d74ccf2961
0000000002d47e71
0000000000000181
000001ec1e46e2f9
000001ed203bb9b9
000001ed3105a4d9
000001edf57de079
000001ee136a5bb9
000001ef04534359
000001f2510ac179
000001f264e5f859
000001f3459a6f19
000001f3c6984dd9
000001f4669e7b79
000001f4aefc97f9
000001f4d6d16ab9
000001f4d7c254d9
000003e9ed39d661
0000000002d47e71
0000000000000181
000001f6256953b9
000001f6e090c399
000001f756f24679
000001f7b873d619
000001f856739a99
000001f872000c19
000001f8e846f599
000001f94335fd79
000001f96c716079
000001f9c1593679
000001fa7798fc79
000001fc60e626b9
000001fcaa067119
000001fd4fc6c4b9
000003fc8da48261
0000000002d47e71
0000000000000181
000001ff4ca843f9
000001ff9a8e4579
00000200891c4099
00000201004b0a19
0000020110751e39
00000201790d1439
00000201f5eeec99
0000020270875799
00000202c3a0a299
000002032a766699
0000020330ab3999
0000020462804099
000002047bafb659
00000204b8341a19
0000020504bb5979
00000205e3ac6619
00000206374ac3d9
0000020789e46479
0000040f2e0f2e61
0000000002d47e71
0000000000000181
000002086c6c2af9
000002087a4423f9
000002098804e9d9
0000020b6a2663f9
0000020c049916b9
0000020cca184639
0000020d27ce0fb9
0000020d774f9819
0000020dda10c659
0000020f980658f9
0000021056a50a59
00000421ce79db61
0000000002d47e71
0000000000000181
00000211dafcbb79
00000213c2f17319
00000214fa112e39
0000021669fc7b19
0000021697b11659
000002169aa86f59
000002177a6f4ab9
00000218045aa2b9
00000219a00f69b9
00000219e156a659
000004346ee48761
0000000002d47e71
0000000000000181
0000021a90c1d799
0000021ae04e0979
0000021b0d74beb9
0000021c4d0551f9
0000021d4e711df9
0000022202cfbc59
0000022242e95f19
000002227345b859
00000222fe2c1c59
000002236da3a259
000004470f4f3361
0000000002d47e71
0000000000000181
00000223928d35d9
0000022409663b79
000002241599b199
000002244cc34df9
000002256879ab39
00000227413fa019
00000227f157c5b9
000002296bcfb939
0000022a99af0299
0000022b32b43659
0000022b93ccbc39
0000022bd40c9af9
0000022c3f7b5579
00000459afb9df61
0000000002d47e71
0000000000000181
0000022d00c20479
0000022d5fef1d79
0000022e90b5c739
0000022ecd9ab7b9
0000023107f91b99
0000023167d8fe19
00000231bdff7c59
000002337fa6ee79
000002340374cb79
000002347dfec859
00000234b3880799
0000046c50248b61
0000000002d47e71
0000000000000181
000002370ce578d9
000002371b657719
0000023833bd79b9
0000023954279599
0000023964b49499
000002396af728d9
0000023979cf89d9
00000239817cd4f9
0000023abe1633b9
0000023acf35ca19
0000023b9d3a9479
0000023bba19c419
0000023e6799ac99
0000023ea1e21e19
0000023f62293eb9
0000047ef08f3761
0000000002d47e71
0000000000000181
0000023fa3fc7859
0000023fb44ee3f9
00000240bbcfa2d9
000002429261acd9
0000024384a3d919
0000024422da82b9
000002450762f579
000002451d5aae99
00000247807907b9
0000049190f9e361
0000000002d47e71
0000000000000181
00000248c86a9ab9
0000024980d22599
00000249f42d3fd9
0000024a310473f9
0000024a9b6923d9
0000024aab938879
0000024b52fa9139
0000024e3bfaaed9
0000024e7ecd7679
0000024eee99d539
0000024fd49b5d59
000002516e813ff9
00000251aa840d79
00000251d94fbcd9
000004a431648f61
0000000002d47e71
0000000000000181
000002523e6ace99
000002531d1663d9
000002541d5df419
000002543dc4b099
00000254a3a8bf59
00000254a8c1f959
00000258a26faeb9
00000259b85a8cf9
0000025aa27702d9
000004b6d1cf3b61
0000000002d47e71
0000000000000181
0000025c4d46f9d9
0000025d51d29299
0000025db7d33b39
0000025dbccdf059
0000025de1b1d679
0000025ecbcbc519
00000260c3bb95f9
0000026101329419
0000026114bd0719
00000262e487b999
00000262fb6cb859
00000264437542d9
0000026452f36719
000004c97239e761
0000000002d47e71
0000000000000181
0000026509e4cbb9
0000026519335bd9
000002655dea84d9
000002655f83f4d9
000002683bfab6d9
0000026867b3f8b9
00000268bad2cab9
0000026908de4959
0000026a01390199
0000026c75a1c099
0000026c86294819
0000026c9d341b59
0000026d9b411599
000004dc12a49361
0000000002d47e71
0000000000000181
0000026eee4c9679
000002701e610db9
000002704df44799
0000027174e584f9
00000271a6de88f9
000002722da0a879
00000272a8d45259
000002743a57bb79
00000274a152fdd9
00000274fbec4439
00000275745be119
00000275a4b2aa19
000002762bca14b9
00000276908255b9
00000276d6785e19
000002774eec97b9
000004eeb30f3e61
0000000002d47e71
0000000000000181
000002788d374f79
00000278d1ae1cb9
000002791671f5b9
0000027996deabb9
0000027a9ca5b599
0000027c0798a519
0000027c95664ef9
0000027ce44a4419
0000027ee10a1fb9
0000027f60bef339
000005015379ea61
0000000002d47e71
0000000000000181
0000028172caead9
000002817df59ff9
00000281a8298fd9
000002836f3f3fd9
00000283bb2d47d9
000002846bfebe79
00000284850e0299
00000284f67d10f9
00000285978bf619
00000286787ca9d9
0000028693abfd19
00000287f44738d9
000002888f98e679
000002889e31a8b9
000002892b6366d9
00000289e8a79d79
00000513f3e49661
0000000002d47e71
0000000000000181
0000028a1aca2b99
0000028a3f7498d9
0000028ac1834cf9
0000028afd5c8d19
0000028d03161e39
0000028d054706f9
0000028deb1b78b9
0000028e61f58c99
0000028fa58b8b59
000002900b143f79
0000029165459af9
000002916fad1939
00000291d13fb299
000002923ff3cbb9
0000029288a38f59
00000526944f4161
0000000002d47e71
0000000000000181
000002954e56ab19
0000029567b9ac59
00000295abe65f39
00000295c927a219
000002970b17c759
00000299fb7dc1d9
0000029a4c812139
0000029aaf24e999
0000029ab3756e79
0000029b25ff9739
0000029bb0247239
0000029bc107e499
0000053934b9ed61
0000000002d47e71
0000000000000181
0000029caf9891b9
0000029de777f439
0000029ea6c852d9
0000029eef1ba6f9
0000029ef447e2b9
000002a07c8b7ab9
000002a0efaefc79
000002a10624b7d9
000002a292b985f9
000002a2e251e619
000002a323501599
000002a3f738f0f9
000002a4446cb859
000002a4d4b1db39
000002a53ba04659
000002a55d4d4839
000002a5b51d2d39
0000054bd5249961
0000000002d47e71
0000000000000181
000002a6989ca719
000002a73e635ff9
000002a75ec516b9
000002a7aea2b5d9
000002a7b818a0b9
000002a7de35c2f9
000002a8542ffa39
000002a8b62b9939
000002a934551bf9
000002aa1c5ea379
000002aacafc4b79
000002abd541e239
000002ad9ca1d459
000002af208f7759
0000055e758f4461
0000000002d47e71
0000000000000181
000002afa009ad79
000002afd8e603b9
000002b201f13979
000002b23e767d39
000002b396fdc399
000002b4aee2d519
000002b5c107e5b9
000002b62a378af9
000002b6784e5fb9
000002b6aa0cfb79
000002b6b8c35f99
000002b7261838b9
000002b802b6ca39
000002b86125fb19
0000057115f9ef61
0000000002d47e71
0000000000000181
000002b927c5b9f9
000002b95019a359
000002b9dfe97759
000002baaaf06439
000002bac6d1ef59
000002bb1fb57759
000002bbe0817239
000002bceb1158b9
000002bd96c48299
000002bdb11221b9
000002bde68c54b9
000002be43e91ef9
000002be92f31379
000002c00b9c9f59
000002c072e98619
000002c088831c79
000002c189620bf9
00000583b6649b61
0000000002d47e71
0000000000000181
000002c2ec9de919
000002c54e77e2f9
000002c6c92c3bd9
000002c8cf99f7f9
000002c8d5acd0f9
000002c914bd0599
000002c957326539
000002ca07a62f19
000002caf6129719
000002cb0ed95a99
0000059656cf4661
0000000002d47e71
0000000000000181
000002cbd0ef21d9
000002cc9f86f499
000002ccb7cba099
000002cd55b5e2f9
000002cd83b98839
000002ce755c5ab9
000002cf2b913039
000002cf5f97a599
000002d250619419
000002d2cf260ef9
000002d3849dd9f9
000002d3dbfb2859
000005a8f739f261
0000000002d47e71
0000000000000181
000002d551a7b7b9
000002d5948a12f9
000002d59fc06d79
000002d60b07a699
000002d71b8c8a59
000002d75e8e0399
000002d8369011f9
000002d845e76379
000002d8534c1b39
000002d85deca5f9
000002d886f7ae59
000002d90b783299
000002da73396a59
000002da8d2e35d9
000002db0d4662d9
000002db16014c39
000002db8eccd119
000002dcd4e2b5b9
000002dcf085d379
000002ddc08942d9
000005bb97a49d61
0000000002d47e71
0000000000000181
000002dfeaa105b9
000002e08f6da259
000002e1f963e7b9
000002e1fcf32cf9
000002e2290a9c79
000002e233044539
000002e2cbff9d59
000002e3dfb18eb9
000002e658bbedb9
000002e6faebc199
000002e703958c59
000005ce380f4861
0000000002d47e71
0000000000000181
000002e7a8b4dcd9
000002e7be812d79
000002e88604c019
000002e8f0b05d19
000002e8f7261039
000002e9c5fa8439
000002ea27cebb39
000002ea576e5e99
000002ec88895519
000002ecccd7bf59
000002ed55f04a59
000002ed62f9dcd9
000002ed6ac09df9
000002ee911a1cf9
000002efd069d639
000002f005104b19
000005e0d879f461
0000000002d47e71
0000000000000181
000002f145c81ed9
000002f21b80e7b9
000002f251276e19
000002f27050eef9
000002f2cfc25419
000002f3686a5a19
000002f482fb6bb9
000002f4b525f059
000002f6f3e95879
000002f766af3bd9
000002f773a17919
000002f7d5646a59
000002f8366f0059
000002f871c09419
000002f9a1b3e859
000005f378e49f61
0000000002d47e71
0000000000000181
000002f9f37faeb9
000002fa46789299
000002fa4862db99
000002fadfaee0b9
000002fb69db6d99
000002fb715a1b59
000002fbd5271199
000002fc08004639
000002fc35545399
000002fc7a11ee79
000002ff031b0719
00000300280c5fd9
00000300d29920f9
00000300e0b196f9
00000300ff838579
000003016e8a31d9
00000302c1250a79
00000606194f4a61
0000000002d47e71
0000000000000181
00000303a34e8519
000003056280cb19
00000305c0cdce99
00000307a0f33c99
00000307c95630b9
000003083e033e99
0000030a1897ccb9
0000030bfc55aa19
00000618b9b9f561
0000000002d47e71
0000000000000181
0000030cef274759
0000030cf9c82fb9
0000030d9de39939
0000030e4f2d4779
0000030eaafd86f9
0000030f6d7c6599
00000310820c5759
000003114f331179
0000031283578219
00000312bee96539
00000312d3419339
00000313ebb11cd9
000003154b5ee799
0000031592c58379
0000062b5a24a061
0000000002d47e71
0000000000000181
00000315c2338ab9
0000031666e107f9
00000319247e3819
00000319c718fdd9
0000031b1a065bf9
0000031b47476559
0000031c1e4d61b9
0000031c41090539
0000031cbaa09d39
0000031d063c2f79
0000031d1fb25cd9
0000031eb3e2f319
0000063dfa8f4b61
0000000002d47e71
0000000000000181
0000032099568819
00000320b503cdf9
00000320fd4567d9
000003215159e039
0000032180a7a579
0000032185833939
000003222c2fb7d9
00000322bf062c99
00000322cb117599
00000323a82c73b9
0000032696765099
0000032718eb5299
000003274eaf9bb9
0000032765e38d99
00000327f39e7439
000006509af9f661
0000000002d47e71
0000000000000181
00000329720f3179
0000032a2e0b1619
0000032a9c26d099
0000032adc287bd9
0000032b035714b9
0000032b2ff08259
0000032c0109fc39
0000032c3cddd499
0000032c7e4764b9
0000032cd0dc51d9
0000032e4b3e9319
0000032e5f4f42b9
0000032e679f20b9
0000032e94763e19
0000032f41c932b9
0000032f71a2ef79
0000032f76c6e799
0000032f8bf69ad9
0000032fae3fe439
00000330ebc5a239
000006633b64a161
0000000002d47e71
0000000000000181
00000332dd8a3ef9
00000333e0358019
00000334609b0619
00000335023c6f39
000003350efa0439
00000335a2edf5d9
00000335c028d0b9
00000336748cd4b9
00000336858b54b9
0000033689d66d79
000003383a9ef639
00000339148e93d9
000003398b6b2c99
0000033a5a972a39
0000033ac8ad3e99
00000675dbcf4c61
0000000002d47e71
0000000000000181
0000033b14904c59
0000033bb24ff099
0000033d58858639
0000033e01141699
000003403c3ff7b9
00000340c52e2d19
00000340c7c63919
00000340d3057399
00000341160b50f9
000003416b99cfb9
00000341d5471bb9
000003424c4ca919
00000342840a5cd9
0000034289cd3379
00000342c356db19
000003433d40f039
000006887c39f761
0000000002d47e71
0000000000000181
00000344f8afba79
0000034679ae5c39
00000347bb1d0479
0000034825668459
000003482eaef9b9
000003482fb190f9
0000034895f43419
00000348d2b5f9f9
00000348f84358f9
000003494e0c8fb9
0000034967311559
000003496dd63b39
00000349954dd2d9
00000349d4d410d9
0000034a8b428f59
0000034ad6ed9c39
0000034c87dedb59
0000034c953759f9
0000069b1ca4a261
0000000002d47e71
0000000000000181
0000034edff7ce19
0000034f949864b9
0000035020bfcdb9
000003508c0ee6d9
00000351ce1f7b79
00000355048ae0f9
000003559bf34419
000006adbd0f4c61
0000000002d47e71
0000000000000181
0000035779eadf19
00000357cfeb9079
0000035863f24cb9
000003599e261d59
00000359c148a719
0000035a8fd2df79
0000035c64f3e579
0000035c9c362899
0000035cab7fec99
0000035cb2a79a99
0000035cc58e8f39
0000035d14b9d739
0000035d5909c139
0000035ee1a91c99
0000035f00daf0f9
000006c05d79f761
0000000002d47e71
0000000000000181
00000360d121bc19
0000036111783d39
00000362712e23f9
00000362931bd359
00000363869225b9
000003640ed34bd9
00000364cfc13f39
0000036553de3039
000003659180c219
00000365dfe78039
00000366af2658b9
00000367fba134d9
000003680a245159
00000368d89b6479
00000368eed24d79
00000368fd46a159
000003695f8b99d9
00000369641f2a39
000006d2fde4a261
0000000002d47e71
0000000000000181
0000036996ee0c39
0000036c3f41c259
0000036c8499af19
0000036ce24f56b9
0000036ce8ab2ad9
0000036d18dc3079
0000036e53d50179
0000036f2e420999
000006e59e4f4c61
0000000002d47e71
0000000000000181
0000037378c10a19
000003747c4847b9
000003749109c0b9
00000374d22ca9f9
00000374d6ae59b9
00000376bd58aa59
00000376f0948779
0000037942d6eeb9
0000037a0577c679
0000037a0983cd39
0000037a3e535819
0000037b1bd9dc79
000006f83eb9f761
0000000002d47e71
0000000000000181
0000037c92ff9439
0000037cfd7274f9
0000037f1acfa1f9
0000037f4a351bb9
0000037f61676e19
000003804adef179
0000038113cf3f39
000003819d869e19
000003819e307919
0000038305b4ded9
00000383f9241979
00000384ac26cef9
0000070adf24a261
0000000002d47e71
0000000000000181
00000385ad5f7859
00000385f295bb59
00000386367b6239
0000038671761259
000003875476a519
000003875d072b99
0000038770e619d9
00000387d56ac619
00000387ef6dd139
00000389ed27e1f9
0000038a68cb0c19
0000038a9b8c2c59
0000038af220cf19
0000038b91f3c719
0000038bd4212119
0000038d5fe3af19
0000038daa075f19
0000071d7f8f4c61
0000000002d47e71
0000000000000181
0000038fab2024d9
0000038fb90766d9
00000390c903c839
00000390e3e1a059
0000039151e325d9
00000391dbdcbab9
0000039200b51659
0000039283963e79
0000039284879539
00000392f7193bd9
000003934f0c9c79
0000039458cdbdf9
000003948fed2bb9
00000394a49a10d9
00000395fd26f599
00000397508fabb9
000003976963f699
0000039774d649f9
000007301ff9f761
0000000002d47e71
0000000000000181
00000398c23ea7f9
00000398f43f8bf9
0000039a4e8b8779
0000039af1331119
0000039af98126f9
0000039b04f921d9
0000039bce5e1cb9
0000039c99699059
0000039d0d251e19
0000039d0dbede99
0000039da3f3cf79
0000039dcb241c99
0000039e45e8f499
0000039e5f8ae159
000003a042b48ef9
00000742c064a161
0000000002d47e71
0000000000000181
000003a17510d099
000003a2272cc9d9
000003a2d9993299
000003a2fd3e0b59
000003a34d54c4d9
000003a373da8899
000003a375741799
000003a3b8fb6ab9
000003a49b5fa279
000003a5dfc380d9
000003a7bf6daa19
000003a87e5becf9
000003a8e05540f9
000003a930a491d9
000003a9e8b0a099
0000075560cf4c61
0000000002d47e71
0000000000000181
000003aaebb77199
000003ab6a49ba99
000003ab7a1579b9
000003ab8b883459
000003ac793e74d9
000003ac870f5e59
000003acced2c279
000003acdf421b99
000003ace9cc44f9
000003aced217919
000003ad2d25daf9
000003ad81b3e459
000003adaf576d59
000003ae346f93b9
000003af15762759
000003b042b69179
000003b097178299
000003b20afab819
000003b25f8f9859
000003b396f73299
000003b3cbb84679
000007680139f661
0000000002d47e71
0000000000000181
000003b4d07b01d9
000003b5f3beae19
000003b76975a519
000003b79fed3679
000003b82a576a19
000003b833a8e439
000003b8db2f8e39
000003b9a5702fb9
000003ba6f893cd9
000003bcc14ac479
000003bcc3d65319
0000077aa1a4a061
0000000002d47e71
0000000000000181
000003bd92d26259
000003bf3c0eb099
000003bf7482c779
000003bf8d63dbd9
000003c206dad439
000003c32911bd39
000003c36b0334d9
000003c3fc5a6cf9
000003c4ca3277b9
000003c5528baf99
000003c5e57b5199
0000078d420f4a61
0000000002d47e71
0000000000000181
000003c6ce15f939
000003c724e1c959
000003c74b03fb59
000003c7f2176759
000003c87dacbbb9
000003c8b6903bd9
000003c8d92d4119
000003c9696edb79
000003c997204eb9
000003ca0b0e6059
000003cbd3dd3db9
000003cbee504519
000003cc02514139
000003cca95b0af9
000003cd9b007d19
000003cdf2677839
000003ce8ff491d9
000003cf95384779
000003cfaf951a19
000003cfd53d17f9
0000079fe279f461
0000000002d47e71
0000000000000181
000003d16f631c39
000003d28a776b59
000003d2f4bbe999
000003d395e79859
000003d3b172d399
000003d4ea2a6c19
000003d5196b6959
000003d6100e17d9
000003d6d72cbe99
000003d7816db839
000003d7fdc18fb9
000003d8e10997f9
000007b282e49e61
0000000002d47e71
0000000000000181
000003d9693d5a99
000003d999e63c39
000003dafaa59119
000003db35e798b9
000003db72a154b9
000003dc483aec19
000003de685984b9
000003df09970ad9
000003df1659a859
000003df1c63cb39
000003dfa1ecca79
000003e157fe88b9
000003e288189af9
000007c5234f4961
0000000002d47e71
0000000000000181
000003e2a9434bb9
000003e43aa326b9
000003e4ab92d339
000003e657c01159
000003e6a076ca79
000003e6b7c5ff19
000003e70e8b7959
000003e83f3b60b9
000003e89d19bdf9
000007d7c3b9f361
0000000002d47e71
0000000000000181
000003ecae190139
000003ed7dc1eff9
000003edf4f9e0b9
000003ef85401a79
000003efe7b0f279
000003f0e85cbc19
000003f206450599
000003f2ca26c5d9
000003f437a91219
000003f4c4b89a59
000003f514e71839
000007ea64249d61
0000000002d47e71
0000000000000181
000003f5e66468d9
000003f69e431859
000003f7573b00b9
000003f79698e6b9
000003f971f6a879
000003f9ac1fc8d9
000003f9d778b759
000003fa60ce7319
000003fbe98df1f9
000003fbf4b99ed9
000003fd24e3f519
000003fd2f919559
000003fd720138f9
000003fe5b7c9859
000007fd048f4761
0000000002d47e71
0000000000000181
000003ffd27447d9
000004000b99d4d9
000004001481c0d9
00000400670e4c19
000004027ee3ee79
00000403ee984139
00000405c4898cd9
00000406702b97b9
00000406f6ade039
0000080fa4f9f161
0000000002d47e71
0000000000000181
000004086c599ab9
0000040881c47119
0000040aa4d728b9
0000040c110ec6d9
0000040cfdf54579
0000040e0b6b9579
0000040f8f894579
0000040f9c885e39
000004104dc35159
0000082245649b61
0000000002d47e71
0000000000000181
00000412115ec1d9
000004122d14bbd9
00000412922452f9
000004145bf51f39
0000041645af06f9
00000419acc40ef9
0000041a676054f9
00000834e5cf4461
0000000002d47e71
0000000000000181
0000041a77d2eed9
0000041a93447759
0000041c1e53c659
0000041c2af7f859
0000041cb14d2b79
0000041d7b44bdf9
00000420a07de179
000004217232f519
00000421cff3e599
000004226f537e39
000008478639ee61
0000000002d47e71
0000000000000181
00000424e168a839
00000425dc388119
0000042657e37a19
000004269e042139
00000427b9038999
00000427dd5afab9
000004282787f2d9
000004287725ef79
0000042967f58e79
0000042a617a0579
0000042a71c6a1b9
0000042b186260d9
0000042c96629299
0000085a26a49861
0000000002d47e71
0000000000000181
0000042e25418039
0000042f644960d9
00000430f0a15219
000004317f21c539
000004319dce66d9
00000432b70abed9
00000433647f2ab9
00000436539f65b9
0000086cc70f4261
0000000002d47e71
0000000000000181
00000436b9c6cb19
00000439ce00e739
0000043b21763859
0000043b5fe5aa79
0000043c6343dfd9
0000043daa2e9859
0000043ed0502979
0000043ed2f23579
0000087f6779ec61
0000000002d47e71
0000000000000181
00000440d9b72099
0000044187be2779
00000441cdda2339
000004424c975819
00000442acbb39b9
00000442b42eed79
0000044418267359
00000445134911b9
000004452116c0f9
000004461f5bc5f9
0000044643b187b9
000004468dc20599
00000446be8c66f9
00000446fec00b79
0000044741e63899
0000044843f8f0b9
00000448b876eed9
0000089207e49661
0000000002d47e71
0000000000000181
0000044965a96ab9
00000449f7761619
0000044a1567fa19
0000044c24d2c7d9
0000044c7be31499
0000044cda1ad059
0000044d0ba47439
0000044e661eb859
0000044e95ff65d9
0000044f5cb9d219
000004500ce4fef9
000004518218ab39
00000451b4fc0819
000004520b2231b9
0000045246271179
00000452490981d9
000008a4a84f3f61
0000000002d47e71
0000000000000181
00000452d91c34b9
0000045468f1e139
0000045563daca39
0000045564ef6ed9
0000045632e9d319
0000045698927679
0000045765339c79
0000045833524699
000004590ffd8539
0000045978fa1c79
00000459999a71d9
00000459e1151119
0000045a1ee74a59
0000045a66ca9939
0000045a837395f9
000008b748b9e961
0000000002d47e71
0000000000000181
0000045c4a121ab9
0000045d01a16ad9
0000045d442fcab9
0000045d5a427e19
0000045e3f208d19
000004604dba8159
0000046070e38839
00000460fb14e499
00000461ca28a539
00000462378c54d9
00000462454583b9
00000462e7b6ea99
000004636f8bbf19
00000463d011c699
00000463ed59ceb9
00000464bf4a74d9
000008c9e9249361
0000000002d47e71
0000000000000181
00000465aedac199
00000465e65bae59
000004663dccf399
000004664666f079
00000466d941e139
0000046742398659
000004676511bf59
00000467e47ebbd9
000004688a361d79
00000469e9b65639
0000046a57cf3c79
0000046b61b95f19
0000046c463a0ad9
0000046dfdd45099
0000046e3d5f9719
000008dc898f3d61
0000000002d47e71
0000000000000181
0000046e83b114d9
0000046ed066a339
0000046f18673639
0000046f26200f19
0000046fb15234b9
000004711cf50b59
00000471c2ac3139
000004723ca07319
00000472583d1f99
00000473841ad979
00000474e1545999
00000475b9f2c9d9
000004769b243d99
0000047778003e59
000008ef29f9e661
0000000002d47e71
0000000000000181
00000478f688d459
00000479c33194f9
0000047ad661f879
0000047c18faf499
0000047c984cf9d9
0000047d96383fd9
0000047e78269b59
0000047ffa5ba119
0000048003b07b59
0000048033ab6019
00000901ca649061
0000000002d47e71
0000000000000181
00000480f48955d9
000004818d9e4359
00000481b677e079
00000481d2bc0e19
0000048459f3a399
00000484cbfe8a59
0000048517bb9e59
0000048574b0f9d9
000004864ec72019
000004865080a699
000004865b9c42d9
00000487aa27e4d9
0000048891583e59
000009146acf3a61
0000000002d47e71
0000000000000181
0000048a492a9b79
0000048aa401f6f9
0000048ad5722719
0000048ae26097f9
0000048b5907fc19
0000048b61e7baf9
0000048bb4301dd9
0000048d27613c39
0000048d41b57879
0000048dd54b18d9
0000048e05cef8b9
0000048e2f47b4d9
0000048e61fce259
0000048eac5b6439
0000048f4fd22c59
0000048f92d03cd9
00000490c5600ff9
00000491a6dec579
0000049201759879
000004924ff971b9
000004928285a9d9
0000049282cd96f9
00000492e8492bb9
0000049315967d79
000009270b39e461
0000000002d47e71
0000000000000181
00000493bdc52059
00000493efef5919
0000049415bea739
000004948ee4e659
00000495b3702419
00000496333a6db9
000004965c9cda79
00000497db6d3039
0000049840de7ff9
00000498791e6a39
0000049cd28e37f9
00000939aba48d61
0000000002d47e71
0000000000000181
0000049d0c95a699
0000049d1a8b1d59
0000049df9158b79
0000049e75f4f419
0000049ea7d9d319
0000049f307d6fb9
0000049f6f9b1639
0000049ff0942ff9
000004a0bf51a779
000004a0d41494b9
000004a18787af59
000004a1c23caed9
000004a21d145039
000004a2a1b358f9
000004a2c3dd6c59
000004a57ec76479
0000094c4c0f3761
0000000002d47e71
0000000000000181
000004a76f3d2ff9
000004a774750479
000004a77b508c99
000004a788f481f9
000004a7c66328f9
000004a9eef11d59
000004ad3228d4f9
000004adb66a17f9
000004adf9df0359
000004ae36ecd639
000004ae5652d499
0000095eec79e161
0000000002d47e71
0000000000000181
000004b07381ef39
000004b0a8a50679
000004b0f5fda919
000004b12790e139
000004b160b20959
000004b1825d3879
000004b19ed87b79
000004b1db11a8f9
000004b1ea7091f9
000004b204026359
000004b21a20ab79
000004b3152181d9
000004b3439d51f9
000004b344dd3679
000004b35fdc4af9
000004b3d4579e59
000004b401f3bbd9
000004b4c314fc79
000004b57e4103f9
000004b604e83dd9
000004b623304b19
000004b75ea2d259
000004b81573cf99
000004b84b7d5099
000009718ce48a61
0000000002d47e71
0000000000000181
000004b9fd04e1f9
000004ba1536e419
000004bae3f677b9
000004bb702bbbf9
000004bbe24223f9
000004bc6b3333b9
000004bc70009979
000004bc845c42b9
000004c172256359
000009842d4f3461
0000000002d47e71
0000000000000181
000004c3b260bed9
000004c42f37ba79
000004c447dd2599
000004c49e2e9d99
000004c4a024c9d9
000004c5e2290ed9
000004c5e73332d9
000004ca7004e779
000004cadee864f9
00000996cdb9de61
0000000002d47e71
0000000000000181
000004cc6b1ebfb9
000004ccdeea37b9
000004ce027cd7b9
000004cf111581b9
000004d231f94559
000004d38056b079
000009a96e248761
0000000002d47e71
0000000000000181
000004d515f4cff9
000004d5a69f9459
000004d73d05b799
000004d7c7cb7ed9
000004d8ca6c0939
000004d9f74dd139
000004da67a09b19
000004dc11d6f359
000004dcc3be4bd9
000004dd5bc41d59
000004dd80197bd9
000009bc0e8f3161
0000000002d47e71
0000000000000181
000004dea5d13639
000004df2c342db9
000004dfbd1ae4b9
000004dfc59948b9
000004dfebbe30b9
000004e01b800599
000004e059126d99
000004e1bc1b9059
000004e50ece1bd9
000004e5c9bf7c79
000009ceaef9da61
0000000002d47e71
0000000000000181
000004e7debef1d9
000004e887122339
000004e956575159
000004e998ec9399
000004eae3487e19
000004eb64453eb9
000004eb76ea79f9
000004ed05824bf9
000004ed4acbc379
000004ed7030a899
000009e14f648461
0000000002d47e71
0000000000000181
000004f0aea2bc79
000004f1071da099
000004f1e02f6339
000004f23fe09b99
000004f2559eb5d9
000004f2bf014219
000004f447dc63f9
000004f46bb53f59
000004f50a554d59
000004f53f686a39
000004f7335131f9
000004f861794519
000004f8f96754f9
000004f9359cab19
000009f3efcf2e61
0000000002d47e71
0000000000000181
000004fa1498fad9
000004fa170e1dd9
000004fa61a93019
000004fac2936479
000004faefcf2f39
000004fc5b801b79
000004feeb795419
0000050035818a99
00000500d685afd9
00000501208cd359
000005027e0ed8d9
00000502b038b379
00000502eadd87d9
00000a069039d761
0000000002d47e71
0000000000000181
000005036cff63f9
00000503771e0659
0000050532f41e19
000005065a340799
0000050818be39b9
00000508558a88b9
00000509155d5339
00000509ad813f19
00000509e14f8939
0000050adef6d2b9
0000050b4627e139
0000050b8e23d379
0000050bb8f4feb9
00000a1930a48161
0000000002d47e71
0000000000000181
0000050d2d7686b9
0000050e315fae99
0000050e941ffd19
0000050e94934db9
0000050eae531c19
0000050eccb4aef9
0000050eecaf7419
0000050f9a91f4d9
0000050fd6dbec79
0000051005169219
00000510efd74ef9
00000511362e9c39
000005115d120159
00000511f40b40d9
000005132036ce79
000005134b026b99
000005139e732a19
00000513b28f0079
0000051422fbbb99
000005145a1c2919
0000051586559c79
00000a2bd10f2b61
0000000002d47e71
0000000000000181
00000518553d8c19
000005187ba56d19
000005189a5d9b79
0000051a7ef79539
0000051c0023e2f9
0000051df42cf6f9
0000051e5f22ef79
00000a3e7179d461
0000000002d47e71
0000000000000181
0000052054701839
00000520bfd07e39
00000522bb68e599
00000522e7f78339
00000523086bb599
0000052310584fd9
00000524860ccf79
000005248abcb379
00000525350f90b9
00000526b91c9b59
00000526f71ad139
0000052847ae71b9
00000a5111e47e61
0000000002d47e71
0000000000000181
000005297d8d0599
0000052a61578759
0000052a627fef59
0000052a6610f7f9
0000052a71cb01b9
0000052b20b84ff9
0000052c2dc97df9
0000052cb627ae39
0000052ce95352f9
0000052cf264da59
0000052d3a2cba99
0000052d82d83779
0000052e71a82539
0000052ee3c75eb9
0000052f6964a9b9
0000052fb1705439
0000052fc70d3b79
00000530020cbb59
0000053016e92719
00000531ce24c819
00000a63b24f2761
0000000002d47e71
0000000000000181
00000531e0aec0f9
000005328dd15cb9
000005336a743019
0000053460637139
00000534df435a99
000005355fb43899
0000053565094a39
00000535bdd89179
00000535de2a4e79
00000536020f4a59
000005362167df59
0000053711a6d5b9
000005384ab033b9
000005385a3d64d9
000005389f7712f9
00000539154102b9
0000053968188d79
0000053985f33e59
0000053af5001279
00000a7652b9d161
0000000002d47e71
0000000000000181
0000053c20ca51d9
0000053e29ffc519
0000053e3502d1f9
0000053ebabc0059
0000053ed2684939
0000053eda83c4f9
0000053ef1ae3659
0000053f86044c19
000005425bc5f079
000005437a620ab9
00000a88f3247b61
0000000002d47e71
0000000000000181
000005447d5633d9
000005447f25ffb9
00000544e7652979
000005455ad44879
00000545bcea98d9
0000054626c28f79
000005467728cb79
000005469ea9c099
00000546f0dbcd59
00000547d5851059
0000054807af7d99
000005491f8ed6b9
00000549f6502c79
0000054ac7e044b9
0000054b3973d819
0000054b3f5c3159
0000054c971e4ed9
0000054d8f925e19
00000a9b938f2461
0000000002d47e71
0000000000000181
0000054fc4fe0af9
0000055041535c19
0000055065a30459
000005507c038119
00000552068fcbb9
0000055248223839
00000552b900a399
0000055386e66379
000005549c36d1f9
0000055558787eb9
00000555b478ec79
000005569dd1deb9
00000556dce1fa59
00000aae33f9ce61
0000000002d47e71
0000000000000181
0000055824e2bbb9
00000558cc4e1db9
000005590393d679
0000055a107c3fb9
0000055a6ebb2919
0000055a7dff1cd9
0000055b4df3b579
0000055c5ca27f19
0000055cde0ea5f9
0000055e60babad9
0000055f123efb59
0000055f7adb4519
00000ac0d4647761
0000000002d47e71
0000000000000181
0000056133424eb9
000005613d6379d9
000005617df7ce19
0000056217530999
0000056220558f19
00000562db227fb9
00000562e9660599
0000056365683279
00000565b33847d9
000005663a01fcf9
000005678e432a79
00000567b5f26fd9
00000567e32523f9
00000568554dcaf9
0000056973d48519
00000ad374cf2161
0000000002d47e71
0000000000000181
0000056a25122919
0000056a684286f9
0000056aa7726439
0000056b1dd83339
0000056b937d7f79
0000056bc5b4cc99
0000056c3d8acc79
0000056e3eae1459
0000056ed0fee0d9
0000056ed8ea6df9
0000056fd4016599
0000057076408999
00000570800059d9
00000570e0fec6b9
0000057239a44099
00000572fa525d39
00000ae61539ca61
0000000002d47e71
0000000000000181
000005731754bb19
0000057365daac79
0000057463629859
00000574fa222a79
00000575e390aa79
00000575ea6a2d79
00000aec84cec461
0000000002d47e71
0000000000000181
