[MCS8 A] 97 FW 3.104 SV 1.257 
range=1024
periods=2
sweepmode=27e20d0
fstchan=0
holdafter=0
streamstatus=3
calreg0=0
calreg1=0
calreg2=0
calreg3=0
swpreset=8000        
prena=1
syncout=0
cycles=18
sequences=1
tagbits=16
vdac0=92c
vdac1=807
vdac2=8c8
vdac3=8c8
vdac4=8c8
vdac5=8c8
vdac6=8c8
vdac7=8c8
timepreset=150.000     
digio=0
digval=0
autoinc=0 
savedata=2 
mpafmt=asc
sephead=0 
fmt=asc
smoothpts=5 
[CHN1]
REPORT-FILE from 06/30/2026 12:57:50.699  written 06/30/2026 12:57:50
cmline0=06/30/2026 12:57:50.699 
cmline1=A1
range=1024
active=1
bitshift=4
cftfak=2580100
evpreset=10          
roimin=0
roimax=1000
caloff=0.800000
calfact=12.800000
calfact2=0
calfact3=0
calunit=nsec
caluse=1 
[CHN2]
REPORT-FILE from  written 06/30/2026 12:57:50
cmline1=A2
range=1024
active=0
bitshift=4
cftfak=2580100
evpreset=10          
roimin=0
roimax=1000
caloff=0.800000
calfact=12.800000
calfact2=0
calfact3=0
calunit=nsec
caluse=1 
[CHN3]
REPORT-FILE from  written 06/30/2026 12:57:50
cmline1=A3
range=1024
active=0
bitshift=4
cftfak=2580100
evpreset=10          
roimin=0
roimax=1000
caloff=0.800000
calfact=12.800000
calfact2=0
calfact3=0
calunit=nsec
caluse=1 
[CHN4]
REPORT-FILE from  written 06/30/2026 12:57:50
cmline1=A4
range=1024
active=0
bitshift=4
cftfak=2580100
evpreset=10          
roimin=0
roimax=1000
caloff=0.800000
calfact=12.800000
calfact2=0
calfact3=0
calunit=nsec
caluse=1 
[CHN5]
REPORT-FILE from  written 06/30/2026 12:57:50
cmline1=A5
range=1024
active=0
bitshift=4
cftfak=2580100
evpreset=10          
roimin=0
roimax=1000
caloff=0.800000
calfact=12.800000
calfact2=0
calfact3=0
calunit=nsec
caluse=1 
[CHN6]
REPORT-FILE from  written 06/30/2026 12:57:50
cmline1=A6
range=1024
active=0
bitshift=4
cftfak=2580100
evpreset=10          
roimin=0
roimax=1000
caloff=0.800000
calfact=12.800000
calfact2=0
calfact3=0
calunit=nsec
caluse=1 
[CHN7]
REPORT-FILE from  written 06/30/2026 12:57:50
cmline1=A7
range=1024
active=0
bitshift=4
cftfak=2580100
evpreset=0           
roimin=0
roimax=1000
caloff=0.800000
calfact=12.800000
calfact2=0
calfact3=0
calunit=nsec
caluse=1 
[CHN8]
REPORT-FILE from  written 06/30/2026 12:57:50
cmline1=A8
range=1024
active=0
bitshift=4
cftfak=2580100
evpreset=0           
roimin=0
roimax=1000
caloff=0.800000
calfact=12.800000
calfact2=0
calfact3=0
calunit=nsec
caluse=1 
;MCS8 #97 Sversion=1.257 Fversion=3.68
time_patch=1
;datalength=8 bytes
;bit0..3: channel# 1..8 ( 4 bit)
;bit4: edge 0=up / 1=dn ( 1 bit)
;bit5 ..57: timedata    (53 bit), max sweep length 2001.6 h
;bit58..62: tag0..tag4  ( 5 bit)
;bit63:     data_lost   ( 1 bit)
[DATA]
0000000000000016
00000004177dfd19
0000000e59276cf9
0000002157281c61
00000000023aa271
0000000000000181
000000174df64079
00000033f792c461
00000000023aa271
0000000000000181
0000001a03999679
000000232c132779
0000004697fd6d61
00000000023aa271
0000000000000181
00000026d334fbf9
0000005938681561
00000000023aa271
0000000000000181
0000002fd2dfe219
00000034cca47499
0000006bd8d2bd61
00000000023aa271
0000000000000181
000000366cfa8ed9
000000386884b3f9
0000007e793d6661
00000000023aa271
0000000000000181
0000004148f2c959
00000042156211f9
0000009119a80e61
00000000023aa271
0000000000000181
0000004a0ac5d379
0000004d210bc079
0000004ee7e79919
000000a3ba12b761
00000000023aa271
0000000000000181
0000005ab0a9c939
000000b65a7d5f61
00000000023aa271
0000000000000181
00000062eb921b99
000000c8fae80861
00000000023aa271
0000000000000181
000000db9b52b061
00000000023aa271
0000000000000181
0000006f7f4ffb59
0000007037b53db9
00000072455987b9
000000ee3bbd5961
00000000023aa271
0000000000000181
0000007e4e870a99
00000100dc280161
00000000023aa271
0000000000000181
00000080bfe0d579
00000082868ebf19
000001137c92aa61
00000000023aa271
0000000000000181
0000008a50b09fb9
00000092b1053a79
000001261cfd5261
00000000023aa271
0000000000000181
0000009aaaa12af9
00000138bd67fb61
00000000023aa271
0000000000000181
0000014b5dd2a461
00000000023aa271
0000000000000181
000000a765599b79
000000ad3d40b9b9
0000015dfe3d4c61
00000000023aa271
0000000000000181
000000afd8a24839
000000b0d9f83eb9
000000b1cbf89399
000000b54c43e999
000001709ea7f561
00000000023aa271
0000000000000181
000000b92905ad79
000000c055e03599
000000c0650249b9
000001833f129e61
00000000023aa271
0000000000000181
000000c1ac2df799
00000195df7d4661
00000000023aa271
0000000000000181
000000d1cb751b19
000001a87fe7ef61
00000000023aa271
0000000000000181
000000d9acd62fd9
000001bb20529861
00000000023aa271
0000000000000181
000001cdc0bd4161
00000000023aa271
0000000000000181
000001e06127e961
00000000023aa271
0000000000000181
000001f301929261
00000000023aa271
0000000000000181
000000fdf8c2a0b9
0000010079eb1ff9
00000100a67fe0b9
000001019baaded9
00000205a1fd3b61
00000000023aa271
0000000000000181
00000103241373d9
000002184267e461
00000000023aa271
0000000000000181
000001156ec59979
0000022ae2d28d61
00000000023aa271
0000000000000181
0000023d833d3561
00000000023aa271
0000000000000181
00000123b0b47719
00000124a5102699
0000025023a7de61
00000000023aa271
0000000000000181
000001285cf6bd59
00000129a79adcb9
00000262c4128761
00000000023aa271
0000000000000181
00000134249a3e19
00000136537551d9
00000275647d3061
00000000023aa271
0000000000000181
0000013ceb2e33f9
0000014302d340f9
0000028804e7d961
00000000023aa271
0000000000000181
00000149136d5d99
0000029aa5528261
00000000023aa271
0000000000000181
0000014d74c43939
000002ad45bd2b61
00000000023aa271
0000000000000181
000002bfe627d461
00000000023aa271
0000000000000181
000002d286927d61
00000000023aa271
0000000000000181
000002e526fd2661
00000000023aa271
0000000000000181
000001740fd8ec39
000001749b1c1d19
000002f7c767cf61
00000000023aa271
0000000000000181
0000017dbc0af699
0000030a67d27861
00000000023aa271
0000000000000181
0000018d89ca7f79
0000031d083d2161
00000000023aa271
0000000000000181
00000192e3a111b9
0000032fa8a7ca61
00000000023aa271
0000000000000181
00000199a24e1ab9
0000034249127361
00000000023aa271
0000000000000181
000001a60e994a19
000001a77b2ada99
00000354e97d1c61
00000000023aa271
0000000000000181
000001ab03e72739
0000036789e7c561
00000000023aa271
0000000000000181
000001b6fb5ebe59
000001b760686979
0000037a2a526f61
00000000023aa271
0000000000000181
000001bf2351ecf9
000001c183d3a039
000001c3db907c59
0000038ccabd1861
00000000023aa271
0000000000000181
0000039f6b27c161
00000000023aa271
0000000000000181
000001d6dc55bd59
000003b20b926a61
00000000023aa271
0000000000000181
000001dbe9bd8779
000003c4abfd1461
00000000023aa271
0000000000000181
000001e651523dd9
000003d74c67bd61
00000000023aa271
0000000000000181
000001eda39d82d9
000003e9ecd26661
00000000023aa271
0000000000000181
000001f9101015f9
000003fc8d3d1061
00000000023aa271
0000000000000181
0000040f2da7b961
00000000023aa271
0000000000000181
0000020f2b64bcb9
00000421ce126361
00000000023aa271
0000000000000181
000004346e7d0c61
00000000023aa271
0000000000000181
0000022375c07119
000004470ee7b661
00000000023aa271
0000000000000181
00000459af525f61
00000000023aa271
0000000000000181
000002329321ed79
0000046c4fbd0961
00000000023aa271
0000000000000181
0000023c204cb599
0000047ef027b261
00000000023aa271
0000000000000181
00000245a2e0fbd9
0000049190925c61
00000000023aa271
0000000000000181
000004a430fd0561
00000000023aa271
0000000000000181
00000256fcbbef19
000004b6d167af61
00000000023aa271
0000000000000181
000004c971d25961
00000000023aa271
0000000000000181
000002663a12f559
000004dc123d0261
00000000023aa271
0000000000000181
000002745a4c3bd9
000004eeb2a7ac61
00000000023aa271
0000000000000181
0000027ff2653fd9
00000280687318f9
0000050153125661
00000000023aa271
0000000000000181
00000283012d3f99
000002835b075239
00000513f37cff61
00000000023aa271
0000000000000181
0000028ce5133ab9
0000028f9f9473f9
0000052693e7a961
00000000023aa271
0000000000000181
000002983eb5ecf9
00000298a5dc66d9
0000053934525361
00000000023aa271
0000000000000181
000002a4ef72c679
0000054bd4bcfc61
00000000023aa271
0000000000000181
0000055e7527a661
00000000023aa271
0000000000000181
000002af3d91be39
000002b508038b59
000002b73b0c2339
000002b73b0c2519
000002b82dc97a79
0000057115925061
00000000023aa271
0000000000000181
000002b8ff746a79
00000583b5fcfa61
00000000023aa271
0000000000000181
000005965667a461
00000000023aa271
0000000000000181
000002cc2859d199
000005a8f6d24e61
00000000023aa271
0000000000000181
000002db69631e39
000005bb973cf861
00000000023aa271
0000000000000181
000002de63becbd9
000002e06e15aa19
000005ce37a7a161
00000000023aa271
0000000000000181
000002e7cbd8a459
000002eafc49c099
000005e0d8124b61
00000000023aa271
0000000000000181
000002f0e7e32599
000005f3787cf561
00000000023aa271
0000000000000181
00000300eadcf959
0000060618e79f61
00000000023aa271
0000000000000181
00000618b9524961
00000000023aa271
0000000000000181
00000311a82151d9
00000313b6d10639
00000314a40129b9
0000062b59bcf361
00000000023aa271
0000000000000181
0000063dfa279d61
00000000023aa271
0000000000000181
000003221c301679
00000323aa160979
00000325e88d87d9
000006509a924861
00000000023aa271
0000000000000181
000006633afcf261
00000000023aa271
0000000000000181
00000332ab5459d9
00000675db679c61
00000000023aa271
0000000000000181
0000033f30904439
000006887bd24661
00000000023aa271
0000000000000181
0000069b1c3cf061
00000000023aa271
0000000000000181
000003531a364719
000006adbca79a61
00000000023aa271
0000000000000181
0000035b5bf6b599
000006c05d124461
00000000023aa271
0000000000000181
000006d2fd7cef61
00000000023aa271
0000000000000181
000006e59de79961
00000000023aa271
0000000000000181
00000373356d84d9
000006f83e524361
00000000023aa271
0000000000000181
0000038186295819
00000382cce4b2d9
0000038308cf60d9
0000070adebced61
00000000023aa271
0000000000000181
0000071d7f279861
00000000023aa271
0000000000000181
000007301f924261
00000000023aa271
0000000000000181
00000742bffcec61
00000000023aa271
0000000000000181
0000075560679761
00000000023aa271
0000000000000181
0000076800d24161
00000000023aa271
0000000000000181
0000077aa13ceb61
00000000023aa271
0000000000000181
0000078d41a79661
00000000023aa271
0000000000000181
000003c99f0566d9
000003cc8d89b459
000003ce2daa3f19
0000079fe2124061
00000000023aa271
0000000000000181
000007b2827ceb61
00000000023aa271
0000000000000181
000007c522e79561
00000000023aa271
0000000000000181
000003e88b608c79
000007d7c3524061
00000000023aa271
0000000000000181
000007ea63bcea61
00000000023aa271
0000000000000181
000003fdaeba4939
000003fe5388c8f9
000007fd04279561
00000000023aa271
0000000000000181
000004064e530fb9
0000080fa4923f61
00000000023aa271
0000000000000181
0000082244fcea61
00000000023aa271
0000000000000181
000004121048b6f9
00000834e5679561
00000000023aa271
0000000000000181
0000084785d23f61
00000000023aa271
0000000000000181
00000424c848d8d9
0000042b314abb39
0000085a263cea61
00000000023aa271
0000000000000181
000004303772bf19
000004363d2ee3f9
0000086cc6a79461
00000000023aa271
0000000000000181
000004368e84f159
000004385caeaff9
00000438c78d8af9
0000043a5a835939
0000087f67123f61
00000000023aa271
0000000000000181
00000442b2a3b5b9
0000044572e24d39
00000892077cea61
00000000023aa271
0000000000000181
000008a4a7e79561
00000000023aa271
0000000000000181
000008b748523f61
00000000023aa271
0000000000000181
0000045fb145daf9
00000463cff723b9
000008c9e8bcea61
00000000023aa271
0000000000000181
0000046c45464939
000008dc89279561
00000000023aa271
0000000000000181
000008ef29923f61
00000000023aa271
0000000000000181
0000047f027cf999
00000901c9fcea61
00000000023aa271
0000000000000181
00000481a6a4b179
000004846cc18a99
000009146a679561
00000000023aa271
0000000000000181
0000048fdbca8199
000009270ad24061
00000000023aa271
0000000000000181
00000939ab3ceb61
00000000023aa271
0000000000000181
0000049d1e7730d9
0000049e5a2a64d9
0000094c4ba79661
00000000023aa271
0000000000000181
000004ad2c5e6a99
0000095eec124061
00000000023aa271
0000000000000181
000004b72cfcba39
000009718c7ceb61
00000000023aa271
0000000000000181
000009842ce79661
00000000023aa271
0000000000000181
00000996cd524161
00000000023aa271
0000000000000181
000004cecacd2879
000004d24b004db9
000004d2a1a75bf9
000009a96dbcec61
00000000023aa271
0000000000000181
000004d7be6b9339
000004d7d29407d9
000004d86335ba79
000004d970394c39
000004dc475a9db9
000009bc0e279761
00000000023aa271
0000000000000181
000004e031972fb9
000004e3d9860bb9
000009ceae924261
00000000023aa271
0000000000000181
000004ea45e64819
000004ec36fc1b19
000004eeb50fa219
000009e14efcee61
00000000023aa271
0000000000000181
000009f3ef679961
00000000023aa271
0000000000000181
00000a068fd24461
00000000023aa271
0000000000000181
00000a19303cef61
00000000023aa271
0000000000000181
0000050e72ff9559
00000a2bd0a79a61
00000000023aa271
0000000000000181
00000516ba968eb9
0000051c48f21019
00000a3e71124561
00000000023aa271
0000000000000181
00000526b1a02e99
00000a51117cf161
00000000023aa271
0000000000000181
00000a63b1e79c61
00000000023aa271
0000000000000181
0000053a026bbcf9
0000053aabea8bf9
00000a7652524761
00000000023aa271
0000000000000181
0000053c0ff196b9
00000a88f2bcf361
00000000023aa271
0000000000000181
00000a9b93279e61
00000000023aa271
0000000000000181
0000054dd4f1db79
00000aae33924961
00000000023aa271
0000000000000181
0000055bd6e47239
00000ac0d3fcf561
00000000023aa271
0000000000000181
00000562b5ee7bb9
00000ad37467a061
00000000023aa271
0000000000000181
00000ae614d24b61
00000000023aa271
0000000000000181
00000aeb26669c61
00000000023aa271
0000000000000181
