[MCS8 A] 97 FW 3.104 SV 1.257 
range=1024
periods=2
sweepmode=27e20d0
fstchan=0
holdafter=0
streamstatus=3
calreg0=0
calreg1=0
calreg2=0
calreg3=0
swpreset=8000        
prena=1
syncout=0
cycles=18
sequences=1
tagbits=16
vdac0=92c
vdac1=807
vdac2=8c8
vdac3=8c8
vdac4=8c8
vdac5=8c8
vdac6=8c8
vdac7=8c8
timepreset=600.000     
digio=0
digval=0
autoinc=0 
savedata=2 
mpafmt=asc
sephead=0 
fmt=asc
smoothpts=5 
[CHN1]
REPORT-FILE from 06/25/2026 11:31:55.827  written 06/25/2026 11:31:55
cmline0=06/25/2026 11:31:55.827 
cmline1=A1
range=1024
active=1
bitshift=4
cftfak=2580100
evpreset=10          
roimin=0
roimax=1000
caloff=0.800000
calfact=12.800000
calfact2=0
calfact3=0
calunit=nsec
caluse=1 
[CHN2]
REPORT-FILE from  written 06/25/2026 11:31:55
cmline1=A2
range=1024
active=0
bitshift=4
cftfak=2580100
evpreset=10          
roimin=0
roimax=1000
caloff=0.800000
calfact=12.800000
calfact2=0
calfact3=0
calunit=nsec
caluse=1 
[CHN3]
REPORT-FILE from  written 06/25/2026 11:31:55
cmline1=A3
range=1024
active=0
bitshift=4
cftfak=2580100
evpreset=10          
roimin=0
roimax=1000
caloff=0.800000
calfact=12.800000
calfact2=0
calfact3=0
calunit=nsec
caluse=1 
[CHN4]
REPORT-FILE from  written 06/25/2026 11:31:55
cmline1=A4
range=1024
active=0
bitshift=4
cftfak=2580100
evpreset=10          
roimin=0
roimax=1000
caloff=0.800000
calfact=12.800000
calfact2=0
calfact3=0
calunit=nsec
caluse=1 
[CHN5]
REPORT-FILE from  written 06/25/2026 11:31:55
cmline1=A5
range=1024
active=0
bitshift=4
cftfak=2580100
evpreset=10          
roimin=0
roimax=1000
caloff=0.800000
calfact=12.800000
calfact2=0
calfact3=0
calunit=nsec
caluse=1 
[CHN6]
REPORT-FILE from  written 06/25/2026 11:31:55
cmline1=A6
range=1024
active=0
bitshift=4
cftfak=2580100
evpreset=10          
roimin=0
roimax=1000
caloff=0.800000
calfact=12.800000
calfact2=0
calfact3=0
calunit=nsec
caluse=1 
[CHN7]
REPORT-FILE from  written 06/25/2026 11:31:55
cmline1=A7
range=1024
active=0
bitshift=4
cftfak=2580100
evpreset=0           
roimin=0
roimax=1000
caloff=0.800000
calfact=12.800000
calfact2=0
calfact3=0
calunit=nsec
caluse=1 
[CHN8]
REPORT-FILE from  written 06/25/2026 11:31:55
cmline1=A8
range=1024
active=0
bitshift=4
cftfak=2580100
evpreset=0           
roimin=0
roimax=1000
caloff=0.800000
calfact=12.800000
calfact2=0
calfact3=0
calunit=nsec
caluse=1 
;MCS8 #97 Sversion=1.257 Fversion=3.68
time_patch=1
;datalength=8 bytes
;bit0..3: channel# 1..8 ( 4 bit)
;bit4: edge 0=up / 1=dn ( 1 bit)
;bit5 ..57: timedata    (53 bit), max sweep length 2001.6 h
;bit58..62: tag0..tag4  ( 5 bit)
;bit63:     data_lost   ( 1 bit)
[DATA]
0000000000000016
00000021572afd61
00000000023ea371
0000000000000181
00000033f7958161
00000000023ea371
0000000000000181
0000004698000561
00000000023ea371
0000000000000181
00000059386a8861
00000000023ea371
0000000000000181
0000006bd8d50c61
00000000023ea371
0000000000000181
0000007e793f9061
00000000023ea371
0000000000000181
0000009119aa1461
00000000023ea371
0000000000000181
000000a3ba149861
00000000023ea371
0000000000000181
000000b65a7f1c61
00000000023ea371
0000000000000181
000000c8fae9a061
00000000023ea371
0000000000000181
000000db9b542461
00000000023ea371
0000000000000181
000000ee3bbea861
00000000023ea371
0000000000000181
00000100dc292c61
00000000023ea371
0000000000000181
000001137c93b161
00000000023ea371
0000000000000181
000001261cfe3561
00000000023ea371
0000000000000181
00000138bd68b961
00000000023ea371
0000000000000181
0000014b5dd33e61
00000000023ea371
0000000000000181
0000015dfe3dc261
00000000023ea371
0000000000000181
000001709ea84761
00000000023ea371
0000000000000181
000000b9b4a2efb9
000001833f12cb61
00000000023ea371
0000000000000181
00000195df7d5061
00000000023ea371
0000000000000181
000001a87fe7d461
00000000023ea371
0000000000000181
000001bb20525961
00000000023ea371
0000000000000181
000001cdc0bcde61
00000000023ea371
0000000000000181
000001e061276261
00000000023ea371
0000000000000181
000000f519f23639
000001f30191e761
00000000023ea371
0000000000000181
00000205a1fc6c61
00000000023ea371
0000000000000181
000002184266f161
00000000023ea371
0000000000000181
0000022ae2d17661
00000000023ea371
0000000000000181
0000023d833bfb61
00000000023ea371
0000000000000181
0000025023a68061
00000000023ea371
0000000000000181
00000262c4110561
00000000023ea371
0000000000000181
00000275647b8b61
00000000023ea371
0000000000000181
0000028804e61061
00000000023ea371
0000000000000181
0000029aa5509561
00000000023ea371
0000000000000181
000002ad45bb1a61
00000000023ea371
0000000000000181
000002bfe625a061
00000000023ea371
0000000000000181
000002d286902561
00000000023ea371
0000000000000181
000002e526faab61
00000000023ea371
0000000000000181
000002f7c7653061
00000000023ea371
0000000000000181
0000030a67cfb661
00000000023ea371
0000000000000181
0000031d083a3b61
00000000023ea371
0000000000000181
0000032fa8a4c161
00000000023ea371
0000000000000181
00000342490f4761
00000000023ea371
0000000000000181
00000354e979cc61
00000000023ea371
0000000000000181
0000036789e45261
00000000023ea371
0000000000000181
0000037a2a4ed861
00000000023ea371
0000000000000181
0000038ccab95e61
00000000023ea371
0000000000000181
0000039f6b23e461
00000000023ea371
0000000000000181
000003b20b8e6a61
00000000023ea371
0000000000000181
000003c4abf8f061
00000000023ea371
0000000000000181
000003d74c637661
00000000023ea371
0000000000000181
000003e9eccdfc61
00000000023ea371
0000000000000181
000003fc8d388261
00000000023ea371
0000000000000181
0000040f2da30961
00000000023ea371
0000000000000181
00000421ce0d8f61
00000000023ea371
0000000000000181
000004346e781561
00000000023ea371
0000000000000181
000004470ee29c61
00000000023ea371
0000000000000181
00000459af4d2261
00000000023ea371
0000000000000181
0000046c4fb7a961
00000000023ea371
0000000000000181
0000047ef0222f61
00000000023ea371
0000000000000181
00000491908cb661
00000000023ea371
0000000000000181
000004a430f73c61
00000000023ea371
0000000000000181
000004b6d161c361
00000000023ea371
0000000000000181
000004c971cc4a61
00000000023ea371
0000000000000181
000004dc1236d161
00000000023ea371
0000000000000181
000004eeb2a15761
00000000023ea371
0000000000000181
00000501530bde61
00000000023ea371
0000000000000181
00000513f3766561
00000000023ea371
0000000000000181
0000052693e0ec61
00000000023ea371
0000000000000181
00000539344b7361
00000000023ea371
0000000000000181
0000054bd4b5fa61
00000000023ea371
0000000000000181
0000055e75208161
00000000023ea371
0000000000000181
00000571158b0861
00000000023ea371
0000000000000181
00000583b5f58f61
00000000023ea371
0000000000000181
0000059656601661
00000000023ea371
0000000000000181
000005a8f6ca9e61
00000000023ea371
0000000000000181
000002dc65683b39
000002dcd321b499
000005bb97352561
00000000023ea371
0000000000000181
000002dde3bee3f9
000005ce379fac61
00000000023ea371
0000000000000181
000005e0d80a3461
00000000023ea371
0000000000000181
000005f37874bb61
00000000023ea371
0000000000000181
0000060618df4361
00000000023ea371
0000000000000181
00000618b949cb61
00000000023ea371
0000000000000181
0000062b59b45261
00000000023ea371
0000000000000181
000003174e0d93f9
0000063dfa1eda61
00000000023ea371
0000000000000181
000006509a896261
00000000023ea371
0000000000000181
000006633af3e961
00000000023ea371
0000000000000181
00000675db5e7161
00000000023ea371
0000000000000181
0000033ebcba2119
000006887bc8f961
00000000023ea371
0000000000000181
0000069b1c338161
00000000023ea371
0000000000000181
000006adbc9e0961
00000000023ea371
0000000000000181
000006c05d089161
00000000023ea371
0000000000000181
000003673f2c2d19
000006d2fd731961
00000000023ea371
0000000000000181
000006e59ddda161
00000000023ea371
0000000000000181
000006f83e482961
00000000023ea371
0000000000000181
0000070adeb2b161
00000000023ea371
0000000000000181
0000071d7f1d3a61
00000000023ea371
0000000000000181
000007301f87c261
00000000023ea371
0000000000000181
00000742bff24a61
00000000023ea371
0000000000000181
00000755605cd361
00000000023ea371
0000000000000181
0000076800c75b61
00000000023ea371
0000000000000181
0000077aa131e461
00000000023ea371
0000000000000181
0000078d419c6c61
00000000023ea371
0000000000000181
0000079fe206f561
00000000023ea371
0000000000000181
000007b282717e61
00000000023ea371
0000000000000181
000007c522dc0661
00000000023ea371
0000000000000181
000007d7c3468f61
00000000023ea371
0000000000000181
000007ea63b11861
00000000023ea371
0000000000000181
000007fd041ba161
00000000023ea371
0000000000000181
00000405d6e319b9
0000080fa4862a61
00000000023ea371
0000000000000181
0000082244f0b361
00000000023ea371
0000000000000181
00000834e55b3b61
00000000023ea371
0000000000000181
0000084785c5c561
00000000023ea371
0000000000000181
0000085a26304e61
00000000023ea371
0000000000000181
0000086cc69ad761
00000000023ea371
0000000000000181
0000043da0c5b9d9
0000087f67056061
00000000023ea371
0000000000000181
00000892076fe961
00000000023ea371
0000000000000181
0000044c26b24219
000008a4a7da7261
00000000023ea371
0000000000000181
000008b74844fc61
00000000023ea371
0000000000000181
000008c9e8af8561
00000000023ea371
0000000000000181
000008dc891a0e61
00000000023ea371
0000000000000181
000008ef29849861
00000000023ea371
0000000000000181
00000901c9ef2161
00000000023ea371
0000000000000181
000009146a59ab61
00000000023ea371
0000000000000181
000009270ac43461
00000000023ea371
0000000000000181
00000939ab2ebe61
00000000023ea371
0000000000000181
0000094c4b994861
00000000023ea371
0000000000000181
0000095eec03d161
00000000023ea371
0000000000000181
000009718c6e5b61
00000000023ea371
0000000000000181
000009842cd8e561
00000000023ea371
0000000000000181
00000996cd436f61
00000000023ea371
0000000000000181
000009a96dadf861
00000000023ea371
0000000000000181
000009bc0e188261
00000000023ea371
0000000000000181
000009ceae830c61
00000000023ea371
0000000000000181
000009e14eed9661
00000000023ea371
0000000000000181
000009f3ef582061
00000000023ea371
0000000000000181
00000a068fc2aa61
00000000023ea371
0000000000000181
00000a19302d3561
00000000023ea371
0000000000000181
00000a2bd097bf61
00000000023ea371
0000000000000181
00000a3e71024961
00000000023ea371
0000000000000181
00000a51116cd361
00000000023ea371
0000000000000181
00000a63b1d75d61
00000000023ea371
0000000000000181
00000a765241e861
00000000023ea371
0000000000000181
00000a88f2ac7261
00000000023ea371
0000000000000181
00000a9b9316fd61
00000000023ea371
0000000000000181
00000aae33818761
00000000023ea371
0000000000000181
00000ac0d3ec1261
00000000023ea371
0000000000000181
00000ad374569c61
00000000023ea371
0000000000000181
00000ae614c12761
00000000023ea371
0000000000000181
00000575bd8a1d59
00000af8b52bb161
00000000023ea371
0000000000000181
00000b0b55963c61
00000000023ea371
0000000000000181
00000b1df600c761
00000000023ea371
0000000000000181
00000b30966b5261
00000000023ea371
0000000000000181
00000b4336d5dd61
00000000023ea371
0000000000000181
00000b55d7406861
00000000023ea371
0000000000000181
00000b6877aaf361
00000000023ea371
0000000000000181
00000b7b18157e61
00000000023ea371
0000000000000181
00000b8db8800961
00000000023ea371
0000000000000181
00000ba058ea9461
00000000023ea371
0000000000000181
00000bb2f9551f61
00000000023ea371
0000000000000181
00000bc599bfaa61
00000000023ea371
0000000000000181
00000bd83a2a3561
00000000023ea371
0000000000000181
00000beada94c161
00000000023ea371
0000000000000181
00000bfd7aff4c61
00000000023ea371
0000000000000181
00000c101b69d761
00000000023ea371
0000000000000181
00000c22bbd46361
00000000023ea371
0000000000000181
00000c355c3eee61
00000000023ea371
0000000000000181
00000c47fca97961
00000000023ea371
0000000000000181
00000c5a9d140561
00000000023ea371
0000000000000181
00000c6d3d7e9161
00000000023ea371
0000000000000181
00000c7fdde91c61
00000000023ea371
0000000000000181
00000c927e53a861
00000000023ea371
0000000000000181
00000ca51ebe3461
00000000023ea371
0000000000000181
0000065879fac399
00000cb7bf28bf61
00000000023ea371
0000000000000181
00000cca5f934b61
00000000023ea371
0000000000000181
00000cdcfffdd761
00000000023ea371
0000000000000181
00000cefa0686361
00000000023ea371
0000000000000181
00000d0240d2ef61
00000000023ea371
0000000000000181
00000d14e13d7b61
00000000023ea371
0000000000000181
00000d2781a80761
00000000023ea371
0000000000000181
00000d3a22129361
00000000023ea371
0000000000000181
00000d4cc27d1f61
00000000023ea371
0000000000000181
00000d5f62e7ab61
00000000023ea371
0000000000000181
00000d7203523761
00000000023ea371
0000000000000181
00000d84a3bcc361
00000000023ea371
0000000000000181
00000d9744274f61
00000000023ea371
0000000000000181
00000da9e491dc61
00000000023ea371
0000000000000181
00000dbc84fc6861
00000000023ea371
0000000000000181
00000dcf2566f461
00000000023ea371
0000000000000181
000006e8b7cffef9
00000de1c5d18161
00000000023ea371
0000000000000181
00000df4663c0d61
00000000023ea371
0000000000000181
00000e0706a69a61
00000000023ea371
0000000000000181
00000e19a7112661
00000000023ea371
0000000000000181
00000e2c477bb361
00000000023ea371
0000000000000181
00000e3ee7e63f61
00000000023ea371
0000000000000181
00000e518850cc61
00000000023ea371
0000000000000181
00000e6428bb5961
00000000023ea371
0000000000000181
00000e76c925e561
00000000023ea371
0000000000000181
00000e8969907261
00000000023ea371
0000000000000181
0000074b540ad779
0000074b540adef9
0000074b540ae879
0000074b540aea79
0000074b540af899
0000074b540afef9
00000e9c09faff61
00000000023ea371
0000000000000181
00000eaeaa658c61
00000000023ea371
0000000000000181
00000ec14ad01961
00000000023ea371
0000000000000181
00000ed3eb3aa561
00000000023ea371
0000000000000181
00000ee68ba53261
00000000023ea371
0000000000000181
00000ef92c0fbf61
00000000023ea371
0000000000000181
00000f0bcc7a4c61
00000000023ea371
0000000000000181
00000f1e6ce4d961
00000000023ea371
0000000000000181
00000f310d4f6761
00000000023ea371
0000000000000181
00000f43adb9f461
00000000023ea371
0000000000000181
00000f564e248161
00000000023ea371
0000000000000181
00000f68ee8f0e61
00000000023ea371
0000000000000181
00000f7b8ef99c61
00000000023ea371
0000000000000181
00000f8e2f642961
00000000023ea371
0000000000000181
00000fa0cfceb661
00000000023ea371
0000000000000181
00000fb370394461
00000000023ea371
0000000000000181
00000fc610a3d161
00000000023ea371
0000000000000181
00000fd8b10e5e61
00000000023ea371
0000000000000181
00000feb5178ec61
00000000023ea371
0000000000000181
00000ffdf1e37961
00000000023ea371
0000000000000181
00001010924e0761
00000000023ea371
0000000000000181
0000102332b89461
00000000023ea371
0000000000000181
00001035d3232261
00000000023ea371
0000000000000181
00000823df4cab99
00001048738db061
00000000023ea371
0000000000000181
0000105b13f83d61
00000000023ea371
0000000000000181
0000106db462cb61
00000000023ea371
0000000000000181
0000108054cd5961
00000000023ea371
0000000000000181
00001092f537e661
00000000023ea371
0000000000000181
000010a595a27461
00000000023ea371
0000000000000181
000010b8360d0261
00000000023ea371
0000000000000181
000010cad6779061
00000000023ea371
0000000000000181
000010dd76e21e61
00000000023ea371
0000000000000181
000010f0174cac61
00000000023ea371
0000000000000181
00001102b7b73a61
00000000023ea371
0000000000000181
000011155821c861
00000000023ea371
0000000000000181
00001127f88c5661
00000000023ea371
0000000000000181
0000113a98f6e461
00000000023ea371
0000000000000181
0000114d39617261
00000000023ea371
0000000000000181
0000115fd9cc0061
00000000023ea371
0000000000000181
000011727a368e61
00000000023ea371
0000000000000181
000011851aa11d61
00000000023ea371
0000000000000181
00001197bb0bab61
00000000023ea371
0000000000000181
000011aa5b763961
00000000023ea371
0000000000000181
000011bcfbe0c761
00000000023ea371
0000000000000181
000011cf9c4b5661
00000000023ea371
0000000000000181
000011e23cb5e461
00000000023ea371
0000000000000181
000011f4dd207261
00000000023ea371
0000000000000181
000012077d8b0161
00000000023ea371
0000000000000181
0000121a1df58f61
00000000023ea371
0000000000000181
0000122cbe601e61
00000000023ea371
0000000000000181
000009183bab06d9
000009183bab0e39
0000123f5ecaac61
00000000023ea371
0000000000000181
00001251ff353b61
00000000023ea371
0000000000000181
00000932421e8d39
000012649f9fc961
00000000023ea371
0000000000000181
00001277400a5861
00000000023ea371
0000000000000181
00001289e074e661
00000000023ea371
0000000000000181
0000129c80df7561
00000000023ea371
0000000000000181
000012af214a0461
00000000023ea371
0000000000000181
000012c1c1b49261
00000000023ea371
0000000000000181
000012d4621f2161
00000000023ea371
0000000000000181
000012e70289b061
00000000023ea371
0000000000000181
000012f9a2f43e61
00000000023ea371
0000000000000181
0000130c435ecd61
00000000023ea371
0000000000000181
0000131ee3c95c61
00000000023ea371
0000000000000181
000013318433eb61
00000000023ea371
0000000000000181
0000099e7aac9b19
00001344249e7961
00000000023ea371
0000000000000181
00001356c5090861
00000000023ea371
0000000000000181
0000136965739761
00000000023ea371
0000000000000181
0000137c05de2661
00000000023ea371
0000000000000181
0000138ea648b561
00000000023ea371
0000000000000181
000009ca7ca49a79
000013a146b34461
00000000023ea371
0000000000000181
000013b3e71dd361
00000000023ea371
0000000000000181
000009dca73af499
000013c687886261
00000000023ea371
0000000000000181
000013d927f2f161
00000000023ea371
0000000000000181
000013ebc85d8061
00000000023ea371
0000000000000181
000013fe68c80f61
00000000023ea371
0000000000000181
0000141109329e61
00000000023ea371
0000000000000181
00001423a99d2d61
00000000023ea371
0000000000000181
00000a19b06d2939
000014364a07bc61
00000000023ea371
0000000000000181
00001448ea724b61
00000000023ea371
0000000000000181
00000a2bee177259
0000145b8adcda61
00000000023ea371
0000000000000181
0000146e2b476961
00000000023ea371
0000000000000181
00001480cbb1f961
00000000023ea371
0000000000000181
000014936c1c8861
00000000023ea371
0000000000000181
000014a60c871761
00000000023ea371
0000000000000181
000014b8acf1a661
00000000023ea371
0000000000000181
000014cb4d5c3561
00000000023ea371
0000000000000181
000014ddedc6c561
00000000023ea371
0000000000000181
000014f08e315461
00000000023ea371
0000000000000181
000015032e9be361
00000000023ea371
0000000000000181
00001515cf067361
00000000023ea371
0000000000000181
000015286f710261
00000000023ea371
0000000000000181
0000153b0fdb9161
00000000023ea371
0000000000000181
0000154db0462161
00000000023ea371
0000000000000181
0000156050b0b061
00000000023ea371
0000000000000181
00001572f11b3f61
00000000023ea371
0000000000000181
000015859185cf61
00000000023ea371
0000000000000181
0000159831f05e61
00000000023ea371
0000000000000181
000015aad25aee61
00000000023ea371
0000000000000181
000015bd72c57d61
00000000023ea371
0000000000000181
000015d013300c61
00000000023ea371
0000000000000181
000015e2b39a9c61
00000000023ea371
0000000000000181
000015f554052b61
00000000023ea371
0000000000000181
00001607f46fbb61
00000000023ea371
0000000000000181
00000b0c68c91c79
0000161a94da4a61
00000000023ea371
0000000000000181
0000162d3544da61
00000000023ea371
0000000000000181
0000163fd5af6a61
00000000023ea371
0000000000000181
000016527619f961
00000000023ea371
0000000000000181
0000166516848961
00000000023ea371
0000000000000181
00001677b6ef1861
00000000023ea371
0000000000000181
00000b41af5dad19
0000168a5759a861
00000000023ea371
0000000000000181
0000169cf7c43861
00000000023ea371
0000000000000181
000016af982ec761
00000000023ea371
0000000000000181
000016c238995761
00000000023ea371
0000000000000181
000016d4d903e761
00000000023ea371
0000000000000181
000016e7796e7761
00000000023ea371
0000000000000181
000016fa19d90661
00000000023ea371
0000000000000181
0000170cba439661
00000000023ea371
0000000000000181
00000b894e129299
0000171f5aae2661
00000000023ea371
0000000000000181
00001731fb18b661
00000000023ea371
0000000000000181
000017449b834661
00000000023ea371
0000000000000181
000017573bedd661
00000000023ea371
0000000000000181
00001769dc586561
00000000023ea371
0000000000000181
0000177c7cc2f561
00000000023ea371
0000000000000181
0000178f1d2d8561
00000000023ea371
0000000000000181
000017a1bd981561
00000000023ea371
0000000000000181
00000bd48a00d899
000017b45e02a561
00000000023ea371
0000000000000181
000017c6fe6d3561
00000000023ea371
0000000000000181
000017d99ed7c561
00000000023ea371
0000000000000181
000017ec3f425561
00000000023ea371
0000000000000181
000017fedface561
00000000023ea371
0000000000000181
0000181180177561
00000000023ea371
0000000000000181
0000182420820561
00000000023ea371
0000000000000181
00001836c0ec9561
00000000023ea371
0000000000000181
0000184961572561
00000000023ea371
0000000000000181
0000185c01c1b561
00000000023ea371
0000000000000181
0000186ea22c4561
00000000023ea371
0000000000000181
000018814296d561
00000000023ea371
0000000000000181
00001893e3016561
00000000023ea371
0000000000000181
000018a6836bf561
00000000023ea371
0000000000000181
000018b923d68561
00000000023ea371
0000000000000181
000018cbc4411561
00000000023ea371
0000000000000181
000018de64aba561
00000000023ea371
0000000000000181
000018f105163561
00000000023ea371
0000000000000181
00000c81bdac22f9
00001903a580c661
00000000023ea371
0000000000000181
0000191645eb5661
00000000023ea371
0000000000000181
00001928e655e661
00000000023ea371
0000000000000181
0000193b86c07661
00000000023ea371
0000000000000181
0000194e272b0661
00000000023ea371
0000000000000181
00001960c7959661
00000000023ea371
0000000000000181
0000197368002661
00000000023ea371
0000000000000181
00001986086ab761
00000000023ea371
0000000000000181
00001998a8d54761
00000000023ea371
0000000000000181
000019ab493fd761
00000000023ea371
0000000000000181
000019bde9aa6761
00000000023ea371
0000000000000181
000019d08a14f861
00000000023ea371
0000000000000181
000019e32a7f8861
00000000023ea371
0000000000000181
000019f5caea1861
00000000023ea371
0000000000000181
00001a086b54a861
00000000023ea371
0000000000000181
00000d099b48e959
00001a1b0bbf3961
00000000023ea371
0000000000000181
00001a2dac29c961
00000000023ea371
0000000000000181
00000d17729f3659
00001a404c945961
00000000023ea371
0000000000000181
00001a52ecfee961
00000000023ea371
0000000000000181
00001a658d697961
00000000023ea371
0000000000000181
00001a782dd40a61
00000000023ea371
0000000000000181
00001a8ace3e9a61
00000000023ea371
0000000000000181
00001a9d6ea92a61
00000000023ea371
0000000000000181
00001ab00f13ba61
00000000023ea371
0000000000000181
00001ac2af7e4a61
00000000023ea371
0000000000000181
00001ad54fe8da61
00000000023ea371
0000000000000181
00000d6dd30f0579
00001ae7f0536b61
00000000023ea371
0000000000000181
00000d7706a20899
00001afa90bdfb61
00000000023ea371
0000000000000181
00001b0d31288b61
00000000023ea371
0000000000000181
00001b1fd1931b61
00000000023ea371
0000000000000181
00001b3271fdab61
00000000023ea371
0000000000000181
00001b4512683b61
00000000023ea371
0000000000000181
00001b57b2d2cc61
00000000023ea371
0000000000000181
00001b6a533d5c61
00000000023ea371
0000000000000181
00001b7cf3a7ec61
00000000023ea371
0000000000000181
00000dc60df1cbd9
00001b8f94127c61
00000000023ea371
0000000000000181
00001ba2347d0c61
00000000023ea371
0000000000000181
00001bb4d4e79d61
00000000023ea371
0000000000000181
00000ddaf3cb27b9
00001bc775522d61
00000000023ea371
0000000000000181
00001bda15bcbd61
00000000023ea371
0000000000000181
00001becb6274d61
00000000023ea371
0000000000000181
00001bff5691dd61
00000000023ea371
0000000000000181
00001c11f6fc6e61
00000000023ea371
0000000000000181
00001c249766fe61
00000000023ea371
0000000000000181
00000e18eba05d59
00001c3737d18e61
00000000023ea371
0000000000000181
00001c49d83c1e61
00000000023ea371
0000000000000181
00001c5c78a6ae61
00000000023ea371
0000000000000181
00001c6f19113f61
00000000023ea371
0000000000000181
00001c81b97bcf61
00000000023ea371
0000000000000181
00001c9459e65f61
00000000023ea371
0000000000000181
00001ca6fa50ef61
00000000023ea371
0000000000000181
00001cb99abb7f61
00000000023ea371
0000000000000181
00001ccc3b261061
00000000023ea371
0000000000000181
00001cdedb90a061
00000000023ea371
0000000000000181
00001cf17bfb3061
00000000023ea371
0000000000000181
00001d041c65c061
00000000023ea371
0000000000000181
00001d16bcd05161
00000000023ea371
0000000000000181
00001d295d3ae161
00000000023ea371
0000000000000181
00001d3bfda57161
00000000023ea371
0000000000000181
00001d4e9e100161
00000000023ea371
0000000000000181
00001d613e7a9261
00000000023ea371
0000000000000181
00001d73dee52261
00000000023ea371
0000000000000181
00001d867f4fb261
00000000023ea371
0000000000000181
00001d991fba4261
00000000023ea371
0000000000000181
00001dabc024d361
00000000023ea371
0000000000000181
00001dbe608f6361
00000000023ea371
0000000000000181
00000ee4ebd05839
00000ee4ebd06939
00001dd100f9f361
00000000023ea371
0000000000000181
00001de3a1648461
00000000023ea371
0000000000000181
00001df641cf1461
00000000023ea371
0000000000000181
00001e08e239a461
00000000023ea371
0000000000000181
00001e1b82a43561
00000000023ea371
0000000000000181
00001e2e230ec561
00000000023ea371
0000000000000181
00001e40c3795561
00000000023ea371
0000000000000181
00001e5363e3e661
00000000023ea371
0000000000000181
00001e66044e7661
00000000023ea371
0000000000000181
00001e78a4b90661
00000000023ea371
0000000000000181
00001e8b45239761
00000000023ea371
0000000000000181
00001e9de58e2761
00000000023ea371
0000000000000181
00001eb085f8b861
00000000023ea371
0000000000000181
00001ec326634861
00000000023ea371
0000000000000181
00001ed5c6cdd861
00000000023ea371
0000000000000181
00001ee867386961
00000000023ea371
0000000000000181
00001efb07a2f961
00000000023ea371
0000000000000181
00000f86ac243019
00001f0da80d8a61
00000000023ea371
0000000000000181
00001f2048781a61
00000000023ea371
0000000000000181
00001f32e8e2aa61
00000000023ea371
0000000000000181
00001f45894d3b61
00000000023ea371
0000000000000181
00001f5829b7cb61
00000000023ea371
0000000000000181
00001f6aca225c61
00000000023ea371
0000000000000181
00001f7d6a8cec61
00000000023ea371
0000000000000181
00001f900af77d61
00000000023ea371
0000000000000181
00001fa2ab620d61
00000000023ea371
0000000000000181
00001fb54bcc9e61
00000000023ea371
0000000000000181
00001fc7ec372e61
00000000023ea371
0000000000000181
00001fda8ca1bf61
00000000023ea371
0000000000000181
00000fef3e37a9d9
00001fed2d0c4f61
00000000023ea371
0000000000000181
00001fffcd76e061
00000000023ea371
0000000000000181
000020126de17061
00000000023ea371
0000000000000181
000020250e4c0161
00000000023ea371
0000000000000181
00002037aeb69161
00000000023ea371
0000000000000181
00001023a730ed59
0000204a4f212261
00000000023ea371
0000000000000181
0000205cef8bb261
00000000023ea371
0000000000000181
0000206f8ff64361
00000000023ea371
0000000000000181
000020823060d361
00000000023ea371
0000000000000181
00002094d0cb6461
00000000023ea371
0000000000000181
000020a77135f461
00000000023ea371
0000000000000181
000020ba11a08561
00000000023ea371
0000000000000181
0000105f79873439
000020ccb20b1561
00000000023ea371
0000000000000181
000020df5275a661
00000000023ea371
0000000000000181
000020f1f2e03661
00000000023ea371
0000000000000181
00001079bdc970f9
00002104934ac761
00000000023ea371
0000000000000181
0000211733b55761
00000000023ea371
0000000000000181
00002129d41fe861
00000000023ea371
0000000000000181
0000213c748a7861
00000000023ea371
0000000000000181
0000214f14f50961
00000000023ea371
0000000000000181
00002161b55f9a61
00000000023ea371
0000000000000181
0000217455ca2a61
00000000023ea371
0000000000000181
00002186f634bb61
00000000023ea371
0000000000000181
00002199969f4b61
00000000023ea371
0000000000000181
000021ac3709dc61
00000000023ea371
0000000000000181
000021bed7746c61
00000000023ea371
0000000000000181
000021d177defd61
00000000023ea371
0000000000000181
000021e418498e61
00000000023ea371
0000000000000181
000021f6b8b41e61
00000000023ea371
0000000000000181
00002209591eaf61
00000000023ea371
0000000000000181
0000221bf9893f61
00000000023ea371
0000000000000181
00001112e4fa81b9
0000222e99f3d061
00000000023ea371
0000000000000181
000022413a5e6161
00000000023ea371
0000000000000181
00002253dac8f261
00000000023ea371
0000000000000181
000022667b338261
00000000023ea371
0000000000000181
000022791b9e1361
00000000023ea371
0000000000000181
0000228bbc08a461
00000000023ea371
0000000000000181
0000229e5c733461
00000000023ea371
0000000000000181
000022b0fcddc561
00000000023ea371
0000000000000181
000022c39d485661
00000000023ea371
0000000000000181
000022d63db2e761
00000000023ea371
0000000000000181
000022e8de1d7861
00000000023ea371
0000000000000181
000022fb7e880861
00000000023ea371
0000000000000181
0000230e1ef29961
00000000023ea371
0000000000000181
00002320bf5d2a61
00000000023ea371
0000000000000181
000023335fc7bb61
00000000023ea371
0000000000000181
0000234600324c61
00000000023ea371
0000000000000181
00002358a09cdc61
00000000023ea371
0000000000000181
0000236b41076d61
00000000023ea371
0000000000000181
0000237de171fe61
00000000023ea371
0000000000000181
0000239081dc8f61
00000000023ea371
0000000000000181
000023a322472061
00000000023ea371
0000000000000181
000011d4d3b00f59
000023b5c2b1b161
00000000023ea371
0000000000000181
000011e0a95fd999
000023c8631c4261
00000000023ea371
0000000000000181
000023db0386d361
00000000023ea371
0000000000000181
000023eda3f16461
00000000023ea371
0000000000000181
00002400445bf561
00000000023ea371
0000000000000181
00002412e4c68661
00000000023ea371
0000000000000181
0000242585311761
00000000023ea371
0000000000000181
00002438259ba961
00000000023ea371
0000000000000181
0000121e5e3a3e59
0000121f89cf72b9
0000244ac6063a61
00000000023ea371
0000000000000181
0000245d6670cb61
00000000023ea371
0000000000000181
0000247006db5c61
00000000023ea371
0000000000000181
00002482a745ed61
00000000023ea371
0000000000000181
0000249547b07e61
00000000023ea371
0000000000000181
000024a7e81b0f61
00000000023ea371
0000000000000181
000024ba8885a161
00000000023ea371
0000000000000181
000024cd28f03261
00000000023ea371
0000000000000181
000024dfc95ac361
00000000023ea371
0000000000000181
000024f269c55461
00000000023ea371
0000000000000181
000025050a2fe661
00000000023ea371
0000000000000181
00002517aa9a7761
00000000023ea371
0000000000000181
0000252a4b050861
00000000023ea371
0000000000000181
0000253ceb6f9961
00000000023ea371
0000000000000181
0000254f8bda2b61
00000000023ea371
0000000000000181
000025622c44bc61
00000000023ea371
0000000000000181
00002574ccaf4d61
00000000023ea371
0000000000000181
000025876d19de61
00000000023ea371
0000000000000181
0000259a0d847061
00000000023ea371
0000000000000181
000025acadef0161
00000000023ea371
0000000000000181
000025bf4e599261
00000000023ea371
0000000000000181
000025d1eec42461
00000000023ea371
0000000000000181
000025e48f2eb561
00000000023ea371
0000000000000181
000025f72f994761
00000000023ea371
0000000000000181
00002609d003d861
00000000023ea371
0000000000000181
0000261c706e6961
00000000023ea371
0000000000000181
0000262f10d8fb61
00000000023ea371
0000000000000181
00002641b1438c61
00000000023ea371
0000000000000181
0000265451ae1e61
00000000023ea371
0000000000000181
00002666f218af61
00000000023ea371
0000000000000181
0000267992834161
00000000023ea371
0000000000000181
0000268c32edd261
00000000023ea371
0000000000000181
0000269ed3586461
00000000023ea371
0000000000000181
000026b173c2f561
00000000023ea371
0000000000000181
000026c4142d8761
00000000023ea371
0000000000000181
000026d6b4981861
00000000023ea371
0000000000000181
000026e95502aa61
00000000023ea371
0000000000000181
000026fbf56d3b61
00000000023ea371
0000000000000181
0000137f94519719
0000270e95d7cd61
00000000023ea371
0000000000000181
0000272136425f61
00000000023ea371
0000000000000181
00002733d6acf061
00000000023ea371
0000000000000181
0000274677178261
00000000023ea371
0000000000000181
000013a5c7515679
0000275917821361
00000000023ea371
0000000000000181
0000276bb7eca561
00000000023ea371
0000000000000181
0000277e58573761
00000000023ea371
0000000000000181
00002790f8c1c861
00000000023ea371
0000000000000181
000027a3992c5a61
00000000023ea371
0000000000000181
000027b63996eb61
00000000023ea371
0000000000000181
000027c8da017d61
00000000023ea371
0000000000000181
000027db7a6c0f61
00000000023ea371
0000000000000181
000027ee1ad6a161
00000000023ea371
0000000000000181
00002800bb413261
00000000023ea371
0000000000000181
000028135babc461
00000000023ea371
0000000000000181
00002825fc165661
00000000023ea371
0000000000000181
0000141b323e6d79
000028389c80e761
00000000023ea371
0000000000000181
0000284b3ceb7961
00000000023ea371
0000000000000181
0000285ddd560b61
00000000023ea371
0000000000000181
000028707dc09d61
00000000023ea371
0000000000000181
000028831e2b2f61
00000000023ea371
0000000000000181
00002895be95c061
00000000023ea371
0000000000000181
000028a85f005261
00000000023ea371
0000000000000181
00001457a2310559
000028baff6ae461
00000000023ea371
0000000000000181
000028cd9fd57661
00000000023ea371
0000000000000181
000028e040400861
00000000023ea371
0000000000000181
000028f2e0aa9a61
00000000023ea371
0000000000000181
0000290581152c61
00000000023ea371
0000000000000181
00002918217fbe61
00000000023ea371
0000000000000181
0000292ac1ea5061
00000000023ea371
0000000000000181
0000293d6254e261
00000000023ea371
0000000000000181
0000295002bf7461
00000000023ea371
0000000000000181
00002962a32a0661
00000000023ea371
0000000000000181
0000297543949861
00000000023ea371
0000000000000181
00002987e3ff2a61
00000000023ea371
0000000000000181
0000299a8469bc61
00000000023ea371
0000000000000181
000029ad24d44e61
00000000023ea371
0000000000000181
000029bfc53ee061
00000000023ea371
0000000000000181
000029d265a97261
00000000023ea371
0000000000000181
000029e506140461
00000000023ea371
0000000000000181
000029f7a67e9661
00000000023ea371
0000000000000181
00002a0a46e92861
00000000023ea371
0000000000000181
00002a1ce753ba61
00000000023ea371
0000000000000181
00002a2f87be4c61
00000000023ea371
0000000000000181
00002a422828de61
00000000023ea371
0000000000000181
00001528e4e6dc79
00002a54c8937161
00000000023ea371
0000000000000181
00002a6768fe0361
00000000023ea371
0000000000000181
00002a7a09689561
00000000023ea371
0000000000000181
00002a8ca9d32761
00000000023ea371
0000000000000181
00002a9f4a3db961
00000000023ea371
0000000000000181
00002ab1eaa84c61
00000000023ea371
0000000000000181
00002ac48b12de61
00000000023ea371
0000000000000181
00002ad72b7d7061
00000000023ea371
0000000000000181
00002ae9cbe80261
00000000023ea371
0000000000000181
00002afc6c529461
00000000023ea371
0000000000000181
00002b0f0cbd2761
00000000023ea371
0000000000000181
00002b21ad27b961
00000000023ea371
0000000000000181
00002b344d924b61
00000000023ea371
0000000000000181
00002b46edfcdd61
00000000023ea371
0000000000000181
00002b598e677061
00000000023ea371
0000000000000181
00002b6c2ed20261
00000000023ea371
0000000000000181
000015bc9ea9c3f9
00002b7ecf3c9461
00000000023ea371
0000000000000181
00002b916fa72761
00000000023ea371
0000000000000181
00002ba41011b961
00000000023ea371
0000000000000181
00002ba8bdb2a361
00000000023ea371
0000000000000181
