[MCS8 A] 97 FW 3.104 SV 1.257 
range=1024
periods=2
sweepmode=27e20d0
fstchan=0
holdafter=0
streamstatus=3
calreg0=0
calreg1=0
calreg2=0
calreg3=0
swpreset=8000        
prena=1
syncout=0
cycles=18
sequences=1
tagbits=16
vdac0=92c
vdac1=807
vdac2=8c8
vdac3=8c8
vdac4=8c8
vdac5=8c8
vdac6=8c8
vdac7=8c8
timepreset=600.000     
digio=0
digval=0
autoinc=0 
savedata=2 
mpafmt=asc
sephead=0 
fmt=asc
smoothpts=5 
[CHN1]
REPORT-FILE from 06/24/2026 11:51:46.434  written 06/24/2026 11:51:46
cmline0=06/24/2026 11:51:46.434 
cmline1=A1
range=1024
active=1
bitshift=4
cftfak=2580100
evpreset=10          
roimin=0
roimax=1000
caloff=0.800000
calfact=12.800000
calfact2=0
calfact3=0
calunit=nsec
caluse=1 
[CHN2]
REPORT-FILE from  written 06/24/2026 11:51:46
cmline1=A2
range=1024
active=0
bitshift=4
cftfak=2580100
evpreset=10          
roimin=0
roimax=1000
caloff=0.800000
calfact=12.800000
calfact2=0
calfact3=0
calunit=nsec
caluse=1 
[CHN3]
REPORT-FILE from  written 06/24/2026 11:51:46
cmline1=A3
range=1024
active=0
bitshift=4
cftfak=2580100
evpreset=10          
roimin=0
roimax=1000
caloff=0.800000
calfact=12.800000
calfact2=0
calfact3=0
calunit=nsec
caluse=1 
[CHN4]
REPORT-FILE from  written 06/24/2026 11:51:46
cmline1=A4
range=1024
active=0
bitshift=4
cftfak=2580100
evpreset=10          
roimin=0
roimax=1000
caloff=0.800000
calfact=12.800000
calfact2=0
calfact3=0
calunit=nsec
caluse=1 
[CHN5]
REPORT-FILE from  written 06/24/2026 11:51:46
cmline1=A5
range=1024
active=0
bitshift=4
cftfak=2580100
evpreset=10          
roimin=0
roimax=1000
caloff=0.800000
calfact=12.800000
calfact2=0
calfact3=0
calunit=nsec
caluse=1 
[CHN6]
REPORT-FILE from  written 06/24/2026 11:51:46
cmline1=A6
range=1024
active=0
bitshift=4
cftfak=2580100
evpreset=10          
roimin=0
roimax=1000
caloff=0.800000
calfact=12.800000
calfact2=0
calfact3=0
calunit=nsec
caluse=1 
[CHN7]
REPORT-FILE from  written 06/24/2026 11:51:46
cmline1=A7
range=1024
active=0
bitshift=4
cftfak=2580100
evpreset=0           
roimin=0
roimax=1000
caloff=0.800000
calfact=12.800000
calfact2=0
calfact3=0
calunit=nsec
caluse=1 
[CHN8]
REPORT-FILE from  written 06/24/2026 11:51:46
cmline1=A8
range=1024
active=0
bitshift=4
cftfak=2580100
evpreset=0           
roimin=0
roimax=1000
caloff=0.800000
calfact=12.800000
calfact2=0
calfact3=0
calunit=nsec
caluse=1 
;MCS8 #97 Sversion=1.257 Fversion=3.68
time_patch=1
;datalength=8 bytes
;bit0..3: channel# 1..8 ( 4 bit)
;bit4: edge 0=up / 1=dn ( 1 bit)
;bit5 ..57: timedata    (53 bit), max sweep length 2001.6 h
;bit58..62: tag0..tag4  ( 5 bit)
;bit63:     data_lost   ( 1 bit)
[DATA]
0000000000000016
0000002157064e61
000000000226d871
0000000000000181
00000033f770f061
000000000226d871
0000000000000181
0000004697db9361
000000000226d871
0000000000000181
0000005938463661
000000000226d871
0000000000000181
0000006bd8b0d861
000000000226d871
0000000000000181
0000007e791b7b61
000000000226d871
0000000000000181
0000009119861e61
000000000226d871
0000000000000181
000000a3b9f0c061
000000000226d871
0000000000000181
000000b65a5b6361
000000000226d871
0000000000000181
000000c8fac60661
000000000226d871
0000000000000181
000000db9b30a861
000000000226d871
0000000000000181
000000ee3b9b4b61
000000000226d871
0000000000000181
00000100dc05ee61
000000000226d871
0000000000000181
000001137c709061
000000000226d871
0000000000000181
000001261cdb3361
000000000226d871
0000000000000181
00000138bd45d561
000000000226d871
0000000000000181
0000014b5db07861
000000000226d871
0000000000000181
0000015dfe1b1b61
000000000226d871
0000000000000181
000001709e85bd61
000000000226d871
0000000000000181
000001833ef06061
000000000226d871
0000000000000181
00000195df5b0261
000000000226d871
0000000000000181
000001a87fc5a561
000000000226d871
0000000000000181
000001bb20304761
000000000226d871
0000000000000181
000001cdc09aea61
000000000226d871
0000000000000181
000001e061058d61
000000000226d871
0000000000000181
000001f301702f61
000000000226d871
0000000000000181
00000205a1dad261
000000000226d871
0000000000000181
0000021842457461
000000000226d871
0000000000000181
0000022ae2b01761
000000000226d871
0000000000000181
0000023d831ab961
000000000226d871
0000000000000181
0000025023855c61
000000000226d871
0000000000000181
00000262c3effe61
000000000226d871
0000000000000181
00000275645aa161
000000000226d871
0000000000000181
0000028804c54361
000000000226d871
0000000000000181
0000029aa52fe661
000000000226d871
0000000000000181
000002ad459a8861
000000000226d871
0000000000000181
000002bfe6052b61
000000000226d871
0000000000000181
000002d2866fcd61
000000000226d871
0000000000000181
000002e526da7061
000000000226d871
0000000000000181
000002f7c7451261
000000000226d871
0000000000000181
0000030a67afb461
000000000226d871
0000000000000181
0000031d081a5761
000000000226d871
0000000000000181
0000032fa884f961
000000000226d871
0000000000000181
0000034248ef9c61
000000000226d871
0000000000000181
00000354e95a3e61
000000000226d871
0000000000000181
0000036789c4e161
000000000226d871
0000000000000181
0000037a2a2f8361
000000000226d871
0000000000000181
0000038cca9a2561
000000000226d871
0000000000000181
0000039f6b04c861
000000000226d871
0000000000000181
000003b20b6f6a61
000000000226d871
0000000000000181
000003c4abda0c61
000000000226d871
0000000000000181
000003d74c44af61
000000000226d871
0000000000000181
000003e9ecaf5161
000000000226d871
0000000000000181
000003fc8d19f361
000000000226d871
0000000000000181
0000040f2d849661
000000000226d871
0000000000000181
00000421cdef3861
000000000226d871
0000000000000181
000002117a0ac339
000004346e59da61
000000000226d871
0000000000000181
000004470ec47d61
000000000226d871
0000000000000181
00000459af2f1f61
000000000226d871
0000000000000181
0000046c4f99c161
000000000226d871
0000000000000181
0000047ef0046361
000000000226d871
0000000000000181
00000491906f0561
000000000226d871
0000000000000181
000004a430d9a861
000000000226d871
0000000000000181
000004b6d1444a61
000000000226d871
0000000000000181
000004c971aeec61
000000000226d871
0000000000000181
000004dc12198e61
000000000226d871
0000000000000181
000004eeb2843061
000000000226d871
0000000000000181
0000050152eed261
000000000226d871
0000000000000181
00000513f3597461
000000000226d871
0000000000000181
0000052693c41661
000000000226d871
0000000000000181
00000539342eb861
000000000226d871
0000000000000181
0000054bd4995a61
000000000226d871
0000000000000181
0000055e7503fc61
000000000226d871
0000000000000181
00000571156e9e61
000000000226d871
0000000000000181
00000583b5d94061
000000000226d871
0000000000000181
000005965643e261
000000000226d871
0000000000000181
000005a8f6ae8461
000000000226d871
0000000000000181
000005bb97192661
000000000226d871
0000000000000181
000005ce3783c861
000000000226d871
0000000000000181
000005e0d7ee6a61
000000000226d871
0000000000000181
000005f378590c61
000000000226d871
0000000000000181
0000060618c3ad61
000000000226d871
0000000000000181
00000618b92e4f61
000000000226d871
0000000000000181
0000062b5998f161
000000000226d871
0000000000000181
0000063dfa039361
000000000226d871
0000000000000181
000006509a6e3461
000000000226d871
0000000000000181
000006633ad8d661
000000000226d871
0000000000000181
00000675db437861
000000000226d871
0000000000000181
000006887bae1961
000000000226d871
0000000000000181
0000069b1c18bb61
000000000226d871
0000000000000181
000006adbc835d61
000000000226d871
0000000000000181
000006c05cedfe61
000000000226d871
0000000000000181
000006d2fd58a061
000000000226d871
0000000000000181
000006e59dc34261
000000000226d871
0000000000000181
000006f83e2de361
000000000226d871
0000000000000181
0000070ade988561
000000000226d871
0000000000000181
0000071d7f032661
000000000226d871
0000000000000181
000007301f6dc861
000000000226d871
0000000000000181
00000742bfd86961
000000000226d871
0000000000000181
0000075560430a61
000000000226d871
0000000000000181
0000076800adac61
000000000226d871
0000000000000181
0000077aa1184d61
000000000226d871
0000000000000181
0000078d4182ef61
000000000226d871
0000000000000181
0000079fe1ed9061
000000000226d871
0000000000000181
000007b282583161
000000000226d871
0000000000000181
000007c522c2d361
000000000226d871
0000000000000181
000007d7c32d7461
000000000226d871
0000000000000181
000007ea63981561
000000000226d871
0000000000000181
000007fd0402b661
000000000226d871
0000000000000181
0000080fa46d5861
000000000226d871
0000000000000181
0000082244d7f961
000000000226d871
0000000000000181
00000834e5429a61
000000000226d871
0000000000000181
0000084785ad3b61
000000000226d871
0000000000000181
0000085a2617dd61
000000000226d871
0000000000000181
0000086cc6827e61
000000000226d871
0000000000000181
0000087f66ed1f61
000000000226d871
0000000000000181
00000441f076f799
000008920757c061
000000000226d871
0000000000000181
000008a4a7c26161
000000000226d871
0000000000000181
000008b7482d0261
000000000226d871
0000000000000181
000008c9e897a461
000000000226d871
0000000000000181
000008dc89024561
000000000226d871
0000000000000181
000008ef296ce661
000000000226d871
0000000000000181
00000901c9d78761
000000000226d871
0000000000000181
000009146a422861
000000000226d871
0000000000000181
000009270aacc961
000000000226d871
0000000000000181
00000939ab176a61
000000000226d871
0000000000000181
0000094c4b820b61
000000000226d871
0000000000000181
0000095eebecac61
000000000226d871
0000000000000181
000009718c574d61
000000000226d871
0000000000000181
000009842cc1ed61
000000000226d871
0000000000000181
00000996cd2c8e61
000000000226d871
0000000000000181
000009a96d972f61
000000000226d871
0000000000000181
000009bc0e01d061
000000000226d871
0000000000000181
000009ceae6c7161
000000000226d871
0000000000000181
000009e14ed71261
000000000226d871
0000000000000181
000009f3ef41b361
000000000226d871
0000000000000181
00000a068fac5361
000000000226d871
0000000000000181
00000a193016f461
000000000226d871
0000000000000181
00000a2bd0819561
000000000226d871
0000000000000181
00000a3e70ec3661
000000000226d871
0000000000000181
00000a511156d661
000000000226d871
0000000000000181
00000a63b1c17761
000000000226d871
0000000000000181
00000a76522c1861
000000000226d871
0000000000000181
00000a88f296b861
000000000226d871
0000000000000181
00000a9b93015961
000000000226d871
0000000000000181
00000aae336bf961
000000000226d871
0000000000000181
00000ac0d3d69a61
000000000226d871
0000000000000181
00000ad374413b61
000000000226d871
0000000000000181
00000ae614abdb61
000000000226d871
0000000000000181
00000af8b5167c61
000000000226d871
0000000000000181
00000b0b55811c61
000000000226d871
0000000000000181
00000b1df5ebbd61
000000000226d871
0000000000000181
00000b3096565d61
000000000226d871
0000000000000181
00000b4336c0fd61
000000000226d871
0000000000000181
00000b55d72b9e61
000000000226d871
0000000000000181
00000b6877963e61
000000000226d871
0000000000000181
00000b7b1800de61
000000000226d871
0000000000000181
00000b8db86b7f61
000000000226d871
0000000000000181
00000ba058d61f61
000000000226d871
0000000000000181
00000bb2f940bf61
000000000226d871
0000000000000181
00000bc599ab5f61
000000000226d871
0000000000000181
00000bd83a15ff61
000000000226d871
0000000000000181
00000beada80a061
000000000226d871
0000000000000181
00000bfd7aeb4061
000000000226d871
0000000000000181
00000c101b55e061
000000000226d871
0000000000000181
00000c22bbc08061
000000000226d871
0000000000000181
00000c355c2b2061
000000000226d871
0000000000000181
00000c47fc95c061
000000000226d871
0000000000000181
00000c5a9d006061
000000000226d871
0000000000000181
00000c6d3d6aff61
000000000226d871
0000000000000181
00000c7fddd59f61
000000000226d871
0000000000000181
00000c927e403f61
000000000226d871
0000000000000181
00000ca51eaadf61
000000000226d871
0000000000000181
00000cb7bf157f61
000000000226d871
0000000000000181
00000cca5f801e61
000000000226d871
0000000000000181
00000cdcffeabe61
000000000226d871
0000000000000181
00000cefa0555e61
000000000226d871
0000000000000181
00000d0240bffd61
000000000226d871
0000000000000181
00000d14e12a9d61
000000000226d871
0000000000000181
00000d2781953c61
000000000226d871
0000000000000181
00000d3a21ffdc61
000000000226d871
0000000000000181
00000d4cc26a7b61
000000000226d871
0000000000000181
00000d5f62d51b61
000000000226d871
0000000000000181
00000d72033fba61
000000000226d871
0000000000000181
00000d84a3aa5a61
000000000226d871
0000000000000181
00000d974414f961
000000000226d871
0000000000000181
00000da9e47f9961
000000000226d871
0000000000000181
00000dbc84ea3861
000000000226d871
0000000000000181
00000dcf2554d761
000000000226d871
0000000000000181
00000de1c5bf7761
000000000226d871
0000000000000181
00000df4662a1661
000000000226d871
0000000000000181
00000e070694b561
000000000226d871
0000000000000181
00000e19a6ff5461
000000000226d871
0000000000000181
0000070e2790bd99
00000e2c4769f361
000000000226d871
0000000000000181
00000e3ee7d49361
000000000226d871
0000000000000181
00000e51883f3261
000000000226d871
0000000000000181
00000e6428a9d161
000000000226d871
0000000000000181
00000e76c9147061
000000000226d871
0000000000000181
00000e89697f0f61
000000000226d871
0000000000000181
00000e9c09e9ae61
000000000226d871
0000000000000181
00000eaeaa544d61
000000000226d871
0000000000000181
00000ec14abeec61
000000000226d871
0000000000000181
00000ed3eb298b61
000000000226d871
0000000000000181
00000ee68b942a61
000000000226d871
0000000000000181
00000ef92bfec961
000000000226d871
0000000000000181
00000f0bcc696861
000000000226d871
0000000000000181
00000f1e6cd40761
000000000226d871
0000000000000181
00000f310d3ea561
000000000226d871
0000000000000181
00000f43ada94461
000000000226d871
0000000000000181
00000f564e13e361
000000000226d871
0000000000000181
00000f68ee7e8261
000000000226d871
0000000000000181
00000f7b8ee92061
000000000226d871
0000000000000181
00000f8e2f53bf61
000000000226d871
0000000000000181
00000fa0cfbe5e61
000000000226d871
0000000000000181
00000fb37028fc61
000000000226d871
0000000000000181
00000fc610939b61
000000000226d871
0000000000000181
00000fd8b0fe3a61
000000000226d871
0000000000000181
00000feb5168d861
000000000226d871
0000000000000181
00000ffdf1d37761
000000000226d871
0000000000000181
00001010923e1661
000000000226d871
0000000000000181
0000102332a8b461
000000000226d871
0000000000000181
00001035d3135361
000000000226d871
0000000000000181
00001048737df161
000000000226d871
0000000000000181
0000105b13e89061
000000000226d871
0000000000000181
0000106db4532e61
000000000226d871
0000000000000181
0000108054bdcd61
000000000226d871
0000000000000181
00001092f5286b61
000000000226d871
0000000000000181
000010a595930a61
000000000226d871
0000000000000181
000010b835fda861
000000000226d871
0000000000000181
000010cad6684661
000000000226d871
0000000000000181
000010dd76d2e561
000000000226d871
0000000000000181
000010f0173d8361
000000000226d871
0000000000000181
00001102b7a82161
000000000226d871
0000000000000181
000011155812c061
000000000226d871
0000000000000181
00001127f87d5e61
000000000226d871
0000000000000181
0000113a98e7fc61
000000000226d871
0000000000000181
0000114d39529b61
000000000226d871
0000000000000181
0000115fd9bd3961
000000000226d871
0000000000000181
000011727a27d761
000000000226d871
0000000000000181
000011851a927561
000000000226d871
0000000000000181
00001197bafd1361
000000000226d871
0000000000000181
000011aa5b67b161
000000000226d871
0000000000000181
000011bcfbd24f61
000000000226d871
0000000000000181
000011cf9c3cee61
000000000226d871
0000000000000181
000011e23ca78c61
000000000226d871
0000000000000181
000011f4dd122a61
000000000226d871
0000000000000181
000012077d7cc861
000000000226d871
0000000000000181
0000121a1de76661
000000000226d871
0000000000000181
0000122cbe520461
000000000226d871
0000000000000181
0000123f5ebca261
000000000226d871
0000000000000181
00001251ff274061
000000000226d871
0000000000000181
000012649f91de61
000000000226d871
0000000000000181
000012773ffc7c61
000000000226d871
0000000000000181
00001289e0671a61
000000000226d871
0000000000000181
0000129c80d1b761
000000000226d871
0000000000000181
000012af213c5561
000000000226d871
0000000000000181
000012c1c1a6f361
000000000226d871
0000000000000181
000012d462119161
000000000226d871
0000000000000181
000012e7027c2f61
000000000226d871
0000000000000181
000012f9a2e6cc61
000000000226d871
0000000000000181
0000130c43516a61
000000000226d871
0000000000000181
0000131ee3bc0861
000000000226d871
0000000000000181
000013318426a661
000000000226d871
0000000000000181
0000134424914361
000000000226d871
0000000000000181
00001356c4fbe161
000000000226d871
0000000000000181
0000136965667f61
000000000226d871
0000000000000181
0000137c05d11c61
000000000226d871
0000000000000181
0000138ea63bba61
000000000226d871
0000000000000181
000013a146a65761
000000000226d871
0000000000000181
000013b3e710f561
000000000226d871
0000000000000181
000013c6877b9361
000000000226d871
0000000000000181
000013d927e63061
000000000226d871
0000000000000181
000013ebc850ce61
000000000226d871
0000000000000181
000013fe68bb6b61
000000000226d871
0000000000000181
0000141109260961
000000000226d871
0000000000000181
00001423a990a661
000000000226d871
0000000000000181
0000143649fb4361
000000000226d871
0000000000000181
00001448ea65e161
000000000226d871
0000000000000181
0000145b8ad07e61
000000000226d871
0000000000000181
0000146e2b3b1b61
000000000226d871
0000000000000181
00001480cba5b961
000000000226d871
0000000000000181
000014936c105661
000000000226d871
0000000000000181
000014a60c7af361
000000000226d871
0000000000000181
000014b8ace59061
000000000226d871
0000000000000181
000014cb4d502e61
000000000226d871
0000000000000181
000014ddedbacb61
000000000226d871
0000000000000181
000014f08e256861
000000000226d871
0000000000000181
000015032e900561
000000000226d871
0000000000000181
00001515cefaa261
000000000226d871
0000000000000181
000015286f653f61
000000000226d871
0000000000000181
0000153b0fcfdc61
000000000226d871
0000000000000181
0000154db03a7961
000000000226d871
0000000000000181
0000156050a51661
000000000226d871
0000000000000181
00001572f10fb361
000000000226d871
0000000000000181
00001585917a5061
000000000226d871
0000000000000181
0000159831e4ed61
000000000226d871
0000000000000181
000015aad24f8a61
000000000226d871
0000000000000181
000015bd72ba2761
000000000226d871
0000000000000181
000015d01324c461
000000000226d871
0000000000000181
000015e2b38f6161
000000000226d871
0000000000000181
000015f553f9fe61
000000000226d871
0000000000000181
00001607f4649b61
000000000226d871
0000000000000181
0000161a94cf3861
000000000226d871
0000000000000181
0000162d3539d461
000000000226d871
0000000000000181
0000163fd5a47161
000000000226d871
0000000000000181
00001652760f0e61
000000000226d871
0000000000000181
000016651679ab61
000000000226d871
0000000000000181
00001677b6e44761
000000000226d871
0000000000000181
0000168a574ee461
000000000226d871
0000000000000181
0000169cf7b98161
000000000226d871
0000000000000181
000016af98241d61
000000000226d871
0000000000000181
000016c2388eba61
000000000226d871
0000000000000181
000016d4d8f95661
000000000226d871
0000000000000181
000016e77963f361
000000000226d871
0000000000000181
000016fa19ce8f61
000000000226d871
0000000000000181
0000170cba392c61
000000000226d871
0000000000000181
0000171f5aa3c861
000000000226d871
0000000000000181
00001731fb0e6461
000000000226d871
0000000000000181
000017449b790161
000000000226d871
0000000000000181
000017573be39d61
000000000226d871
0000000000000181
00001769dc4e3961
000000000226d871
0000000000000181
0000177c7cb8d661
000000000226d871
0000000000000181
0000178f1d237261
000000000226d871
0000000000000181
000017a1bd8e0e61
000000000226d871
0000000000000181
000017b45df8aa61
000000000226d871
0000000000000181
000017c6fe634661
000000000226d871
0000000000000181
000017d99ecde261
000000000226d871
0000000000000181
000017ec3f387f61
000000000226d871
0000000000000181
000017fedfa31b61
000000000226d871
0000000000000181
00001811800db761
000000000226d871
0000000000000181
0000182420785361
000000000226d871
0000000000000181
00001836c0e2ef61
000000000226d871
0000000000000181
00001849614d8b61
000000000226d871
0000000000000181
0000185c01b82761
000000000226d871
0000000000000181
0000186ea222c361
000000000226d871
0000000000000181
00001881428d5e61
000000000226d871
0000000000000181
00001893e2f7fa61
000000000226d871
0000000000000181
000018a683629661
000000000226d871
0000000000000181
000018b923cd3261
000000000226d871
0000000000000181
000018cbc437ce61
000000000226d871
0000000000000181
000018de64a26a61
000000000226d871
0000000000000181
000018f1050d0561
000000000226d871
0000000000000181
00001903a577a161
000000000226d871
0000000000000181
0000191645e23d61
000000000226d871
0000000000000181
00001928e64cd861
000000000226d871
0000000000000181
0000193b86b77461
000000000226d871
0000000000000181
0000194e27221061
000000000226d871
0000000000000181
00001960c78cab61
000000000226d871
0000000000000181
0000197367f74761
000000000226d871
0000000000000181
00000cc2590a69b9
000019860861e261
000000000226d871
0000000000000181
00001998a8cc7e61
000000000226d871
0000000000000181
000019ab49371961
000000000226d871
0000000000000181
000019bde9a1b461
000000000226d871
0000000000000181
000019d08a0c5061
000000000226d871
0000000000000181
000019e32a76eb61
000000000226d871
0000000000000181
000019f5cae18661
000000000226d871
0000000000000181
00001a086b4c2261
000000000226d871
0000000000000181
00001a1b0bb6bd61
000000000226d871
0000000000000181
00001a2dac215861
000000000226d871
0000000000000181
00001a404c8bf361
000000000226d871
0000000000000181
00001a52ecf68e61
000000000226d871
0000000000000181
00001a658d612a61
000000000226d871
0000000000000181
00001a782dcbc561
000000000226d871
0000000000000181
00001a8ace366061
000000000226d871
0000000000000181
00001a9d6ea0fb61
000000000226d871
0000000000000181
00001ab00f0b9661
000000000226d871
0000000000000181
00001ac2af763161
000000000226d871
0000000000000181
00001ad54fe0cc61
000000000226d871
0000000000000181
00001ae7f04b6761
000000000226d871
0000000000000181
00001afa90b60261
000000000226d871
0000000000000181
00001b0d31209c61
000000000226d871
0000000000000181
00001b1fd18b3761
000000000226d871
0000000000000181
00001b3271f5d261
000000000226d871
0000000000000181
00001b4512606d61
000000000226d871
0000000000000181
00001b57b2cb0861
000000000226d871
0000000000000181
00001b6a5335a361
000000000226d871
0000000000000181
00001b7cf3a03d61
000000000226d871
0000000000000181
00001b8f940ad861
000000000226d871
0000000000000181
00001ba234757361
000000000226d871
0000000000000181
00001bb4d4e00d61
000000000226d871
0000000000000181
00001bc7754aa861
000000000226d871
0000000000000181
00001bda15b54361
000000000226d871
0000000000000181
00001becb61fdd61
000000000226d871
0000000000000181
00001bff568a7861
000000000226d871
0000000000000181
00001c11f6f51261
000000000226d871
0000000000000181
00001c24975fad61
000000000226d871
0000000000000181
00001c3737ca4761
000000000226d871
0000000000000181
00001c49d834e261
000000000226d871
0000000000000181
00001c5c789f7c61
000000000226d871
0000000000000181
00001c6f190a1761
000000000226d871
0000000000000181
00001c81b974b161
000000000226d871
0000000000000181
00001c9459df4b61
000000000226d871
0000000000000181
00001ca6fa49e661
000000000226d871
0000000000000181
00001cb99ab48061
000000000226d871
0000000000000181
00001ccc3b1f1b61
000000000226d871
0000000000000181
00001cdedb89b561
000000000226d871
0000000000000181
00001cf17bf44f61
000000000226d871
0000000000000181
00001d041c5ee961
000000000226d871
0000000000000181
00001d16bcc98461
000000000226d871
0000000000000181
00001d295d341e61
000000000226d871
0000000000000181
00001d3bfd9eb861
000000000226d871
0000000000000181
00001d4e9e095261
000000000226d871
0000000000000181
00001d613e73ec61
000000000226d871
0000000000000181
00001d73dede8761
000000000226d871
0000000000000181
00001d867f492161
000000000226d871
0000000000000181
00001d991fb3bb61
000000000226d871
0000000000000181
00001dabc01e5561
000000000226d871
0000000000000181
00001dbe6088ef61
000000000226d871
0000000000000181
00001dd100f38961
000000000226d871
0000000000000181
00001de3a15e2361
000000000226d871
0000000000000181
00001df641c8bc61
000000000226d871
0000000000000181
00001e08e2335661
000000000226d871
0000000000000181
00001e1b829df061
000000000226d871
0000000000000181
00001e2e23088a61
000000000226d871
0000000000000181
00001e40c3732461
000000000226d871
0000000000000181
00001e5363ddbe61
000000000226d871
0000000000000181
00001e6604485761
000000000226d871
0000000000000181
00001e78a4b2f161
000000000226d871
0000000000000181
00001e8b451d8b61
000000000226d871
0000000000000181
00001e9de5882561
000000000226d871
0000000000000181
00001eb085f2be61
000000000226d871
0000000000000181
00001ec3265d5861
000000000226d871
0000000000000181
00001ed5c6c7f161
000000000226d871
0000000000000181
00001ee867328b61
000000000226d871
0000000000000181
00001efb079d2461
000000000226d871
0000000000000181
00001f0da807be61
000000000226d871
0000000000000181
00001f2048725761
000000000226d871
0000000000000181
00001f32e8dcf161
000000000226d871
0000000000000181
00001f4589478a61
000000000226d871
0000000000000181
00001f5829b22461
000000000226d871
0000000000000181
00001f6aca1cbd61
000000000226d871
0000000000000181
00001f7d6a875661
000000000226d871
0000000000000181
00001f900af1f061
000000000226d871
0000000000000181
00001fa2ab5c8961
000000000226d871
0000000000000181
00001fb54bc72261
000000000226d871
0000000000000181
00001fc7ec31bb61
000000000226d871
0000000000000181
00001fda8c9c5561
000000000226d871
0000000000000181
00001fed2d06ee61
000000000226d871
0000000000000181
00001fffcd718761
000000000226d871
0000000000000181
000020126ddc2061
000000000226d871
0000000000000181
000020250e46b961
000000000226d871
0000000000000181
00002037aeb15261
000000000226d871
0000000000000181
0000204a4f1beb61
000000000226d871
0000000000000181
0000102d7faafa19
0000205cef868561
000000000226d871
0000000000000181
0000206f8ff11e61
000000000226d871
0000000000000181
00002082305bb761
000000000226d871
0000000000000181
00002094d0c65061
000000000226d871
0000000000000181
000020a77130e861
000000000226d871
0000000000000181
000020ba119b8161
000000000226d871
0000000000000181
000020ccb2061a61
000000000226d871
0000000000000181
000020df5270b361
000000000226d871
0000000000000181
000020f1f2db4c61
000000000226d871
0000000000000181
000021049345e561
000000000226d871
0000000000000181
0000211733b07e61
000000000226d871
0000000000000181
00002129d41b1661
000000000226d871
0000000000000181
0000213c7485af61
000000000226d871
0000000000000181
0000214f14f04861
000000000226d871
0000000000000181
00002161b55ae061
000000000226d871
0000000000000181
000010b5b13c60d9
0000217455c57961
000000000226d871
0000000000000181
00002186f6301261
000000000226d871
0000000000000181
00002199969aaa61
000000000226d871
0000000000000181
000021ac37054361
000000000226d871
0000000000000181
000021bed76fdb61
000000000226d871
0000000000000181
000021d177da7461
000000000226d871
0000000000000181
000010eb91feb1b9
000021e418450c61
000000000226d871
0000000000000181
000021f6b8afa561
000000000226d871
0000000000000181
00002209591a3d61
000000000226d871
0000000000000181
0000221bf984d561
000000000226d871
0000000000000181
0000222e99ef6e61
000000000226d871
0000000000000181
000022413a5a0661
000000000226d871
0000000000000181
00002253dac49e61
000000000226d871
0000000000000181
000022667b2f3661
000000000226d871
0000000000000181
000022791b99cf61
000000000226d871
0000000000000181
0000228bbc046761
000000000226d871
0000000000000181
0000229e5c6eff61
000000000226d871
0000000000000181
000022b0fcd99761
000000000226d871
0000000000000181
000022c39d442f61
000000000226d871
0000000000000181
000022d63daec761
000000000226d871
0000000000000181
000022e8de195f61
000000000226d871
0000000000000181
000022fb7e83f761
000000000226d871
0000000000000181
0000230e1eee8f61
000000000226d871
0000000000000181
00002320bf592761
000000000226d871
0000000000000181
000023335fc3bf61
000000000226d871
0000000000000181
00002346002e5761
000000000226d871
0000000000000181
00002358a098ef61
000000000226d871
0000000000000181
0000236b41038761
000000000226d871
0000000000000181
0000237de16e1f61
000000000226d871
0000000000000181
0000239081d8b761
000000000226d871
0000000000000181
000023a322434e61
000000000226d871
0000000000000181
000023b5c2ade661
000000000226d871
0000000000000181
000023c863187e61
000000000226d871
0000000000000181
000023db03831661
000000000226d871
0000000000000181
000023eda3edad61
000000000226d871
0000000000000181
0000240044584561
000000000226d871
0000000000000181
00002412e4c2dd61
000000000226d871
0000000000000181
00002425852d7461
000000000226d871
0000000000000181
0000243825980c61
000000000226d871
0000000000000181
0000244ac602a361
000000000226d871
0000000000000181
0000245d666d3b61
000000000226d871
0000000000000181
0000247006d7d361
000000000226d871
0000000000000181
00002482a7426a61
000000000226d871
0000000000000181
0000249547ad0161
000000000226d871
0000000000000181
000024a7e8179961
000000000226d871
0000000000000181
000024ba88823061
000000000226d871
0000000000000181
000024cd28ecc861
000000000226d871
0000000000000181
000024dfc9575f61
000000000226d871
0000000000000181
000024f269c1f761
000000000226d871
0000000000000181
000025050a2c8e61
000000000226d871
0000000000000181
00002517aa972561
000000000226d871
0000000000000181
0000252a4b01bc61
000000000226d871
0000000000000181
0000253ceb6c5461
000000000226d871
0000000000000181
0000254f8bd6eb61
000000000226d871
0000000000000181
000025622c418261
000000000226d871
0000000000000181
00002574ccac1961
000000000226d871
0000000000000181
000025876d16b061
000000000226d871
0000000000000181
0000259a0d814761
000000000226d871
0000000000000181
000025acadebde61
000000000226d871
0000000000000181
000025bf4e567561
000000000226d871
0000000000000181
000012dfd07ae639
000025d1eec10d61
000000000226d871
0000000000000181
000012ee8e038339
000025e48f2ba461
000000000226d871
0000000000000181
000025f72f963a61
000000000226d871
0000000000000181
00002609d000d161
000000000226d871
0000000000000181
0000130d8c614819
0000261c706b6861
000000000226d871
0000000000000181
0000262f10d5ff61
000000000226d871
0000000000000181
00002641b1409661
000000000226d871
0000000000000181
0000265451ab2d61
000000000226d871
0000000000000181
00002666f215c361
000000000226d871
0000000000000181
0000267992805a61
000000000226d871
0000000000000181
0000268c32eaf161
000000000226d871
0000000000000181
0000269ed3558861
000000000226d871
0000000000000181
000026b173c01e61
000000000226d871
0000000000000181
000026c4142ab561
000000000226d871
0000000000000181
000026d6b4954b61
000000000226d871
0000000000000181
000026e954ffe261
000000000226d871
0000000000000181
000026fbf56a7861
000000000226d871
0000000000000181
0000270e95d50f61
000000000226d871
0000000000000181
00002721363fa561
000000000226d871
0000000000000181
00002733d6aa3c61
000000000226d871
0000000000000181
000027467714d261
000000000226d871
0000000000000181
00002759177f6861
000000000226d871
0000000000000181
0000276bb7e9ff61
000000000226d871
0000000000000181
0000277e58549561
000000000226d871
0000000000000181
00002790f8bf2b61
000000000226d871
0000000000000181
000027a39929c161
000000000226d871
0000000000000181
000027b639945761
000000000226d871
0000000000000181
000027c8d9feee61
000000000226d871
0000000000000181
000027db7a698461
000000000226d871
0000000000000181
000027ee1ad41a61
000000000226d871
0000000000000181
00002800bb3eb061
000000000226d871
0000000000000181
000028135ba94661
000000000226d871
0000000000000181
00002825fc13dc61
000000000226d871
0000000000000181
000028389c7e7261
000000000226d871
0000000000000181
0000284b3ce90861
000000000226d871
0000000000000181
0000285ddd539e61
000000000226d871
0000000000000181
000028707dbe3361
000000000226d871
0000000000000181
000028831e28c961
000000000226d871
0000000000000181
00002895be935f61
000000000226d871
0000000000000181
000028a85efdf561
000000000226d871
0000000000000181
000028baff688a61
000000000226d871
0000000000000181
000028cd9fd32061
000000000226d871
0000000000000181
000028e0403db661
000000000226d871
0000000000000181
000028f2e0a84b61
000000000226d871
0000000000000181
000029058112e161
000000000226d871
0000000000000181
00002918217d7661
000000000226d871
0000000000000181
0000292ac1e80c61
000000000226d871
0000000000000181
0000293d6252a161
000000000226d871
0000000000000181
000014a688685059
0000295002bd3761
000000000226d871
0000000000000181
00002962a327cc61
000000000226d871
0000000000000181
0000297543926161
000000000226d871
0000000000000181
00002987e3fcf661
000000000226d871
0000000000000181
0000299a84678c61
000000000226d871
0000000000000181
000029ad24d22161
000000000226d871
0000000000000181
000029bfc53cb661
000000000226d871
0000000000000181
000029d265a74b61
000000000226d871
0000000000000181
000029e50611e061
000000000226d871
0000000000000181
000029f7a67c7561
000000000226d871
0000000000000181
00002a0a46e70a61
000000000226d871
0000000000000181
00002a1ce7519f61
000000000226d871
0000000000000181
00002a2f87bc3461
000000000226d871
0000000000000181
00002a422826c961
000000000226d871
0000000000000181
00002a54c8915e61
000000000226d871
0000000000000181
00002a6768fbf361
000000000226d871
0000000000000181
00002a7a09668861
000000000226d871
0000000000000181
00002a8ca9d11c61
000000000226d871
0000000000000181
00002a9f4a3bb161
000000000226d871
0000000000000181
00002ab1eaa64661
000000000226d871
0000000000000181
00002ac48b10db61
000000000226d871
0000000000000181
00002ad72b7b6f61
000000000226d871
0000000000000181
00002ae9cbe60461
000000000226d871
0000000000000181
00002afc6c509861
000000000226d871
0000000000000181
00002b0f0cbb2d61
000000000226d871
0000000000000181
00002b21ad25c261
000000000226d871
0000000000000181
00002b344d905661
000000000226d871
0000000000000181
00002b46edfaea61
000000000226d871
0000000000000181
00002b598e657f61
000000000226d871
0000000000000181
00002b6c2ed01361
000000000226d871
0000000000000181
00002b7ecf3aa861
000000000226d871
0000000000000181
00002b916fa53c61
000000000226d871
0000000000000181
00002ba4100fd061
000000000226d871
0000000000000181
00002ba91e761161
000000000226d871
0000000000000181
