[MCS8 A] 97 FW 3.104 SV 1.257 
range=1024
periods=2
sweepmode=27e20d0
fstchan=0
holdafter=0
streamstatus=3
calreg0=0
calreg1=0
calreg2=0
calreg3=0
swpreset=8000        
prena=1
syncout=0
cycles=18
sequences=1
tagbits=16
vdac0=92c
vdac1=807
vdac2=8c8
vdac3=8c8
vdac4=8c8
vdac5=8c8
vdac6=8c8
vdac7=8c8
timepreset=600.000     
digio=0
digval=0
autoinc=0 
savedata=2 
mpafmt=asc
sephead=0 
fmt=asc
smoothpts=5 
[CHN1]
REPORT-FILE from 06/25/2026 11:21:05.110  written 06/25/2026 11:21:05
cmline0=06/25/2026 11:21:05.110 
cmline1=A1
range=1024
active=1
bitshift=4
cftfak=2580100
evpreset=10          
roimin=0
roimax=1000
caloff=0.800000
calfact=12.800000
calfact2=0
calfact3=0
calunit=nsec
caluse=1 
[CHN2]
REPORT-FILE from  written 06/25/2026 11:21:05
cmline1=A2
range=1024
active=0
bitshift=4
cftfak=2580100
evpreset=10          
roimin=0
roimax=1000
caloff=0.800000
calfact=12.800000
calfact2=0
calfact3=0
calunit=nsec
caluse=1 
[CHN3]
REPORT-FILE from  written 06/25/2026 11:21:05
cmline1=A3
range=1024
active=0
bitshift=4
cftfak=2580100
evpreset=10          
roimin=0
roimax=1000
caloff=0.800000
calfact=12.800000
calfact2=0
calfact3=0
calunit=nsec
caluse=1 
[CHN4]
REPORT-FILE from  written 06/25/2026 11:21:05
cmline1=A4
range=1024
active=0
bitshift=4
cftfak=2580100
evpreset=10          
roimin=0
roimax=1000
caloff=0.800000
calfact=12.800000
calfact2=0
calfact3=0
calunit=nsec
caluse=1 
[CHN5]
REPORT-FILE from  written 06/25/2026 11:21:05
cmline1=A5
range=1024
active=0
bitshift=4
cftfak=2580100
evpreset=10          
roimin=0
roimax=1000
caloff=0.800000
calfact=12.800000
calfact2=0
calfact3=0
calunit=nsec
caluse=1 
[CHN6]
REPORT-FILE from  written 06/25/2026 11:21:05
cmline1=A6
range=1024
active=0
bitshift=4
cftfak=2580100
evpreset=10          
roimin=0
roimax=1000
caloff=0.800000
calfact=12.800000
calfact2=0
calfact3=0
calunit=nsec
caluse=1 
[CHN7]
REPORT-FILE from  written 06/25/2026 11:21:05
cmline1=A7
range=1024
active=0
bitshift=4
cftfak=2580100
evpreset=0           
roimin=0
roimax=1000
caloff=0.800000
calfact=12.800000
calfact2=0
calfact3=0
calunit=nsec
caluse=1 
[CHN8]
REPORT-FILE from  written 06/25/2026 11:21:05
cmline1=A8
range=1024
active=0
bitshift=4
cftfak=2580100
evpreset=0           
roimin=0
roimax=1000
caloff=0.800000
calfact=12.800000
calfact2=0
calfact3=0
calunit=nsec
caluse=1 
;MCS8 #97 Sversion=1.257 Fversion=3.68
time_patch=1
;datalength=8 bytes
;bit0..3: channel# 1..8 ( 4 bit)
;bit4: edge 0=up / 1=dn ( 1 bit)
;bit5 ..57: timedata    (53 bit), max sweep length 2001.6 h
;bit58..62: tag0..tag4  ( 5 bit)
;bit63:     data_lost   ( 1 bit)
[DATA]
0000000000000016
0000002156ebe861
00000000020feb71
0000000000000181
00000033f7565361
00000000020feb71
0000000000000181
0000004697c0bd61
00000000020feb71
0000000000000181
00000029ae308659
00000059382b2761
00000000020feb71
0000000000000181
0000006bd8959261
00000000020feb71
0000000000000181
0000007e78fffc61
00000000020feb71
0000000000000181
00000091196a6661
00000000020feb71
0000000000000181
000000a3b9d4d161
00000000020feb71
0000000000000181
000000b65a3f3b61
00000000020feb71
0000000000000181
000000c8faa9a561
00000000020feb71
0000000000000181
000000db9b141061
00000000020feb71
0000000000000181
000000ee3b7e7a61
00000000020feb71
0000000000000181
00000100dbe8e461
00000000020feb71
0000000000000181
000001137c534f61
00000000020feb71
0000000000000181
000001261cbdb961
00000000020feb71
0000000000000181
00000138bd282361
00000000020feb71
0000000000000181
0000014b5d928d61
00000000020feb71
0000000000000181
0000015dfdfcf861
00000000020feb71
0000000000000181
000001709e676261
00000000020feb71
0000000000000181
000001833ed1cc61
00000000020feb71
0000000000000181
00000195df3c3761
00000000020feb71
0000000000000181
000001a87fa6a161
00000000020feb71
0000000000000181
000001bb20110b61
00000000020feb71
0000000000000181
000001cdc07b7661
00000000020feb71
0000000000000181
000001e060e5e061
00000000020feb71
0000000000000181
000001f301504a61
00000000020feb71
0000000000000181
00000205a1bab461
00000000020feb71
0000000000000181
0000021842251f61
00000000020feb71
0000000000000181
0000010c7fcca119
0000022ae28f8961
00000000020feb71
0000000000000181
0000023d82f9f361
00000000020feb71
0000000000000181
0000025023645d61
00000000020feb71
0000000000000181
00000262c3cec861
00000000020feb71
0000000000000181
0000027564393261
00000000020feb71
0000000000000181
0000028804a39c61
00000000020feb71
0000000000000181
0000029aa50e0761
00000000020feb71
0000000000000181
000002ad45787161
00000000020feb71
0000000000000181
000002bfe5e2db61
00000000020feb71
0000000000000181
000002d2864d4561
00000000020feb71
0000000000000181
000002e526b7af61
00000000020feb71
0000000000000181
000002f7c7221a61
00000000020feb71
0000000000000181
0000030a678c8461
00000000020feb71
0000000000000181
0000031d07f6ee61
00000000020feb71
0000000000000181
0000032fa8615961
00000000020feb71
0000000000000181
0000034248cbc361
00000000020feb71
0000000000000181
00000354e9362d61
00000000020feb71
0000000000000181
0000036789a09761
00000000020feb71
0000000000000181
0000037a2a0b0261
00000000020feb71
0000000000000181
0000038cca756c61
00000000020feb71
0000000000000181
0000039f6adfd661
00000000020feb71
0000000000000181
000003b20b4a4061
00000000020feb71
0000000000000181
000003c4abb4ab61
00000000020feb71
0000000000000181
000003d74c1f1561
00000000020feb71
0000000000000181
000003e9ec898061
00000000020feb71
0000000000000181
000001fc857fe999
000003fc8cf3ea61
00000000020feb71
0000000000000181
0000040f2d5e5461
00000000020feb71
0000000000000181
00000421cdc8bf61
00000000020feb71
0000000000000181
000004346e332961
00000000020feb71
0000000000000181
000004470e9d9461
00000000020feb71
0000000000000181
00000459af07fe61
00000000020feb71
0000000000000181
0000046c4f726861
00000000020feb71
0000000000000181
0000023df03bcfd9
0000047eefdcd361
00000000020feb71
0000000000000181
0000049190473d61
00000000020feb71
0000000000000181
000004a430b1a861
00000000020feb71
0000000000000181
000004b6d11c1261
00000000020feb71
0000000000000181
000004c971867d61
00000000020feb71
0000000000000181
000004dc11f0e761
00000000020feb71
0000000000000181
000004eeb25b5261
00000000020feb71
0000000000000181
0000050152c5bc61
00000000020feb71
0000000000000181
00000513f3302761
00000000020feb71
0000000000000181
0000028cecc82459
00000526939a9161
00000000020feb71
0000000000000181
000005393404fc61
00000000020feb71
0000000000000181
0000054bd46f6661
00000000020feb71
0000000000000181
0000055e74d9d161
00000000020feb71
0000000000000181
0000057115443c61
00000000020feb71
0000000000000181
00000583b5aea661
00000000020feb71
0000000000000181
0000059656191161
00000000020feb71
0000000000000181
000005a8f6837c61
00000000020feb71
0000000000000181
000005bb96ede661
00000000020feb71
0000000000000181
000005ce37585161
00000000020feb71
0000000000000181
000005e0d7c2bc61
00000000020feb71
0000000000000181
000005f3782d2661
00000000020feb71
0000000000000181
0000060618979161
00000000020feb71
0000000000000181
00000618b901fc61
00000000020feb71
0000000000000181
0000062b596c6661
00000000020feb71
0000000000000181
0000063df9d6d161
00000000020feb71
0000000000000181
000006509a413c61
00000000020feb71
0000000000000181
000006633aaba761
00000000020feb71
0000000000000181
00000675db161261
00000000020feb71
0000000000000181
000006887b807d61
00000000020feb71
0000000000000181
0000069b1beae761
00000000020feb71
0000000000000181
000006adbc555261
00000000020feb71
0000000000000181
000006c05cbfbd61
00000000020feb71
0000000000000181
000003686a076a59
000006d2fd2a2861
00000000020feb71
0000000000000181
000006e59d949361
00000000020feb71
0000000000000181
000006f83dfefe61
00000000020feb71
0000000000000181
0000070ade696961
00000000020feb71
0000000000000181
0000071d7ed3d461
00000000020feb71
0000000000000181
000007301f3e3f61
00000000020feb71
0000000000000181
00000742bfa8aa61
00000000020feb71
0000000000000181
0000075560131561
00000000020feb71
0000000000000181
00000768007d8161
00000000020feb71
0000000000000181
0000077aa0e7ec61
00000000020feb71
0000000000000181
000003bd9bcb6b19
0000078d41525761
00000000020feb71
0000000000000181
0000079fe1bcc261
00000000020feb71
0000000000000181
000007b282272d61
00000000020feb71
0000000000000181
000007c522919861
00000000020feb71
0000000000000181
000003e82f4da359
000003e82f4dbb39
000007d7c2fc0361
00000000020feb71
0000000000000181
000007ea63666f61
00000000020feb71
0000000000000181
000007fd03d0da61
00000000020feb71
0000000000000181
0000080fa43b4561
00000000020feb71
0000000000000181
0000082244a5b161
00000000020feb71
0000000000000181
00000834e5101c61
00000000020feb71
0000000000000181
00000847857a8761
00000000020feb71
0000000000000181
0000085a25e4f361
00000000020feb71
0000000000000181
0000086cc64f5e61
00000000020feb71
0000000000000181
0000087f66b9c961
00000000020feb71
0000000000000181
0000089207243561
00000000020feb71
0000000000000181
000008a4a78ea061
00000000020feb71
0000000000000181
000008b747f90c61
00000000020feb71
0000000000000181
000008c9e8637761
00000000020feb71
0000000000000181
000008dc88cde361
00000000020feb71
0000000000000181
000008ef29384e61
00000000020feb71
0000000000000181
00000901c9a2ba61
00000000020feb71
0000000000000181
000009146a0d2561
00000000020feb71
0000000000000181
000009270a779161
00000000020feb71
0000000000000181
00000939aae1fc61
00000000020feb71
0000000000000181
0000094c4b4c6861
00000000020feb71
0000000000000181
0000095eebb6d461
00000000020feb71
0000000000000181
000009718c213f61
00000000020feb71
0000000000000181
000009842c8bab61
00000000020feb71
0000000000000181
00000996ccf61761
00000000020feb71
0000000000000181
000004cf7806b759
000009a96d608261
00000000020feb71
0000000000000181
000009bc0dcaee61
00000000020feb71
0000000000000181
000009ceae355a61
00000000020feb71
0000000000000181
000009e14e9fc661
00000000020feb71
0000000000000181
000009f3ef0a3261
00000000020feb71
0000000000000181
00000a068f749e61
00000000020feb71
0000000000000181
00000a192fdf0a61
00000000020feb71
0000000000000181
00000a2bd0497661
00000000020feb71
0000000000000181
0000051888905079
00000a3e70b3e261
00000000020feb71
0000000000000181
00000a51111e4e61
00000000020feb71
0000000000000181
00000a63b188ba61
00000000020feb71
0000000000000181
00000a7651f32661
00000000020feb71
0000000000000181
00000a88f25d9261
00000000020feb71
0000000000000181
00000a9b92c7fe61
00000000020feb71
0000000000000181
00000aae33326b61
00000000020feb71
0000000000000181
00000ac0d39cd761
00000000020feb71
0000000000000181
00000ad374074361
00000000020feb71
0000000000000181
00000ae61471af61
00000000020feb71
0000000000000181
00000af8b4dc1c61
00000000020feb71
0000000000000181
00000b0b55468861
00000000020feb71
0000000000000181
00000585d77ea899
00000589ab33add9
00000b1df5b0f561
00000000020feb71
0000000000000181
0000059004bb11f9
00000b30961b6161
00000000020feb71
0000000000000181
00000b433685cd61
00000000020feb71
0000000000000181
00000b55d6f03a61
00000000020feb71
0000000000000181
00000b68775aa761
00000000020feb71
0000000000000181
00000b7b17c51361
00000000020feb71
0000000000000181
00000b8db82f8061
00000000020feb71
0000000000000181
00000ba05899ec61
00000000020feb71
0000000000000181
00000bb2f9045961
00000000020feb71
0000000000000181
00000bc5996ec661
00000000020feb71
0000000000000181
00000bd839d93361
00000000020feb71
0000000000000181
000005f25867f159
00000beada439f61
00000000020feb71
0000000000000181
00000bfd7aae0c61
00000000020feb71
0000000000000181
00000c101b187961
00000000020feb71
0000000000000181
00000c22bb82e661
00000000020feb71
0000000000000181
00000c355bed5361
00000000020feb71
0000000000000181
00000c47fc57c061
00000000020feb71
0000000000000181
00000c5a9cc22d61
00000000020feb71
0000000000000181
00000c6d3d2c9a61
00000000020feb71
0000000000000181
00000c7fdd970761
00000000020feb71
0000000000000181
00000c927e017461
00000000020feb71
0000000000000181
00000ca51e6be161
00000000020feb71
0000000000000181
00000cb7bed64e61
00000000020feb71
0000000000000181
00000cca5f40bc61
00000000020feb71
0000000000000181
00000cdcffab2961
00000000020feb71
0000000000000181
0000067120e8cad9
00000cefa0159661
00000000020feb71
0000000000000181
00000d0240800461
00000000020feb71
0000000000000181
00000d14e0ea7161
00000000020feb71
0000000000000181
00000d278154de61
00000000020feb71
0000000000000181
00000d3a21bf4c61
00000000020feb71
0000000000000181
00000d4cc229b961
00000000020feb71
0000000000000181
00000d5f62942761
00000000020feb71
0000000000000181
00000d7202fe9561
00000000020feb71
0000000000000181
000006ba079417d9
00000d84a3690261
00000000020feb71
0000000000000181
000006c37dd7f639
00000d9743d37061
00000000020feb71
0000000000000181
00000da9e43dde61
00000000020feb71
0000000000000181
00000dbc84a84b61
00000000020feb71
0000000000000181
00000dcf2512b961
00000000020feb71
0000000000000181
00000de1c57d2761
00000000020feb71
0000000000000181
00000df465e79561
00000000020feb71
0000000000000181
00000e0706520361
00000000020feb71
0000000000000181
00000e19a6bc7161
00000000020feb71
0000000000000181
00000e2c4726df61
00000000020feb71
0000000000000181
00000e3ee7914d61
00000000020feb71
0000000000000181
00000e5187fbbb61
00000000020feb71
0000000000000181
00000e6428662961
00000000020feb71
0000000000000181
00000e76c8d09761
00000000020feb71
0000000000000181
00000e89693b0561
00000000020feb71
0000000000000181
00000e9c09a57461
00000000020feb71
0000000000000181
00000eaeaa0fe261
00000000020feb71
0000000000000181
00000ec14a7a5061
00000000020feb71
0000000000000181
00000ed3eae4bf61
00000000020feb71
0000000000000181
00000771a89d5379
00000ee68b4f2d61
00000000020feb71
0000000000000181
00000ef92bb99b61
00000000020feb71
0000000000000181
00000f0bcc240a61
00000000020feb71
0000000000000181
00000f1e6c8e7861
00000000020feb71
0000000000000181
00000f310cf8e761
00000000020feb71
0000000000000181
00000f43ad635661
00000000020feb71
0000000000000181
00000f564dcdc461
00000000020feb71
0000000000000181
000007b1b54018b9
00000f68ee383361
00000000020feb71
0000000000000181
00000f7b8ea2a261
00000000020feb71
0000000000000181
00000f8e2f0d1061
00000000020feb71
0000000000000181
00000fa0cf777f61
00000000020feb71
0000000000000181
00000fb36fe1ee61
00000000020feb71
0000000000000181
00000fc6104c5d61
00000000020feb71
0000000000000181
00000fd8b0b6cc61
00000000020feb71
0000000000000181
00000feb51213b61
00000000020feb71
0000000000000181
00000ffdf18baa61
00000000020feb71
0000000000000181
0000101091f61961
00000000020feb71
0000000000000181
0000102332608861
00000000020feb71
0000000000000181
00001035d2caf761
00000000020feb71
0000000000000181
0000104873356661
00000000020feb71
0000000000000181
0000105b139fd561
00000000020feb71
0000000000000181
0000106db40a4461
00000000020feb71
0000000000000181
000010805474b361
00000000020feb71
0000000000000181
00001092f4df2361
00000000020feb71
0000000000000181
000010a595499261
00000000020feb71
0000000000000181
000010b835b40161
00000000020feb71
0000000000000181
000010cad61e7161
00000000020feb71
0000000000000181
000010dd7688e061
00000000020feb71
0000000000000181
00000872804d4db9
000010f016f35061
00000000020feb71
0000000000000181
00001102b75dbf61
00000000020feb71
0000000000000181
0000111557c82f61
00000000020feb71
0000000000000181
00001127f8329e61
00000000020feb71
0000000000000181
0000113a989d0e61
00000000020feb71
0000000000000181
0000114d39077d61
00000000020feb71
0000000000000181
0000115fd971ed61
00000000020feb71
0000000000000181
0000117279dc5d61
00000000020feb71
0000000000000181
000011851a46cd61
00000000020feb71
0000000000000181
00001197bab13c61
00000000020feb71
0000000000000181
000011aa5b1bac61
00000000020feb71
0000000000000181
000011bcfb861c61
00000000020feb71
0000000000000181
000011cf9bf08c61
00000000020feb71
0000000000000181
000011e23c5afc61
00000000020feb71
0000000000000181
000011f4dcc56c61
00000000020feb71
0000000000000181
000008fc2bfd0319
000012077d2fdc61
00000000020feb71
0000000000000181
000009074499a699
0000121a1d9a4c61
00000000020feb71
0000000000000181
0000122cbe04bc61
00000000020feb71
0000000000000181
00000918e4311119
0000123f5e6f2c61
00000000020feb71
0000000000000181
00001251fed99d61
00000000020feb71
0000000000000181
000012649f440d61
00000000020feb71
0000000000000181
000012773fae7d61
00000000020feb71
0000000000000181
00001289e018ed61
00000000020feb71
0000000000000181
0000129c80835e61
00000000020feb71
0000000000000181
000012af20edce61
00000000020feb71
0000000000000181
000012c1c1583f61
00000000020feb71
0000000000000181
000012d461c2af61
00000000020feb71
0000000000000181
000012e7022d2061
00000000020feb71
0000000000000181
000012f9a2979161
00000000020feb71
0000000000000181
0000130c43020161
00000000020feb71
0000000000000181
0000131ee36c7261
00000000020feb71
0000000000000181
0000133183d6e361
00000000020feb71
0000000000000181
0000134424415461
00000000020feb71
0000000000000181
00001356c4abc561
00000000020feb71
0000000000000181
0000136965163561
00000000020feb71
0000000000000181
0000137c0580a661
00000000020feb71
0000000000000181
000009c6b50d6319
0000138ea5eb1761
00000000020feb71
0000000000000181
000013a146558861
00000000020feb71
0000000000000181
000013b3e6bff961
00000000020feb71
0000000000000181
000009dd69dcf4b9
000013c6872a6a61
00000000020feb71
0000000000000181
000013d92794dc61
00000000020feb71
0000000000000181
000013ebc7ff4d61
00000000020feb71
0000000000000181
000013fe6869be61
00000000020feb71
0000000000000181
0000141108d43061
00000000020feb71
0000000000000181
00001423a93ea161
00000000020feb71
0000000000000181
0000143649a91261
00000000020feb71
0000000000000181
00001448ea138461
00000000020feb71
0000000000000181
0000145b8a7df561
00000000020feb71
0000000000000181
0000146e2ae86761
00000000020feb71
0000000000000181
00001480cb52d861
00000000020feb71
0000000000000181
000014936bbd4a61
00000000020feb71
0000000000000181
000014a60c27bb61
00000000020feb71
0000000000000181
000014b8ac922d61
00000000020feb71
0000000000000181
000014cb4cfc9f61
00000000020feb71
0000000000000181
000014dded671161
00000000020feb71
0000000000000181
000014f08dd18261
00000000020feb71
0000000000000181
000015032e3bf461
00000000020feb71
0000000000000181
00001515cea66661
00000000020feb71
0000000000000181
000015286f10d861
00000000020feb71
0000000000000181
0000153b0f7b4a61
00000000020feb71
0000000000000181
00000a9dbdeefeb9
0000154dafe5bc61
00000000020feb71
0000000000000181
0000156050502e61
00000000020feb71
0000000000000181
00001572f0baa161
00000000020feb71
0000000000000181
0000158591251361
00000000020feb71
0000000000000181
00000aca8b44bbb9
00001598318f8561
00000000020feb71
0000000000000181
000015aad1f9f761
00000000020feb71
0000000000000181
000015bd72646a61
00000000020feb71
0000000000000181
000015d012cedc61
00000000020feb71
0000000000000181
000015e2b3394e61
00000000020feb71
0000000000000181
000015f553a3c161
00000000020feb71
0000000000000181
00001607f40e3361
00000000020feb71
0000000000000181
0000161a9478a661
00000000020feb71
0000000000000181
0000162d34e31861
00000000020feb71
0000000000000181
0000163fd54d8b61
00000000020feb71
0000000000000181
0000165275b7fe61
00000000020feb71
0000000000000181
0000166516227061
00000000020feb71
0000000000000181
00001677b68ce361
00000000020feb71
0000000000000181
0000168a56f75661
00000000020feb71
0000000000000181
0000169cf761c961
00000000020feb71
0000000000000181
000016af97cc3c61
00000000020feb71
0000000000000181
000016c23836af61
00000000020feb71
0000000000000181
000016d4d8a12261
00000000020feb71
0000000000000181
000016e7790b9561
00000000020feb71
0000000000000181
000016fa19760861
00000000020feb71
0000000000000181
0000170cb9e07b61
00000000020feb71
0000000000000181
0000171f5a4aee61
00000000020feb71
0000000000000181
00001731fab56161
00000000020feb71
0000000000000181
000017449b1fd461
00000000020feb71
0000000000000181
000017573b8a4861
00000000020feb71
0000000000000181
00001769dbf4bb61
00000000020feb71
0000000000000181
0000177c7c5f2e61
00000000020feb71
0000000000000181
0000178f1cc9a261
00000000020feb71
0000000000000181
000017a1bd341561
00000000020feb71
0000000000000181
000017b45d9e8961
00000000020feb71
0000000000000181
000017c6fe08fc61
00000000020feb71
0000000000000181
000017d99e737061
00000000020feb71
0000000000000181
000017ec3edde461
00000000020feb71
0000000000000181
00000bfcf9f7c099
000017fedf485761
00000000020feb71
0000000000000181
000018117fb2cb61
00000000020feb71
0000000000000181
00001824201d3f61
00000000020feb71
0000000000000181
00001836c087b361
00000000020feb71
0000000000000181
0000184960f22761
00000000020feb71
0000000000000181
0000185c015c9b61
00000000020feb71
0000000000000181
0000186ea1c70f61
00000000020feb71
0000000000000181
0000188142318361
00000000020feb71
0000000000000181
00001893e29bf761
00000000020feb71
0000000000000181
000018a683066b61
00000000020feb71
0000000000000181
000018b92370df61
00000000020feb71
0000000000000181
000018cbc3db5461
00000000020feb71
0000000000000181
000018de6445c861
00000000020feb71
0000000000000181
000018f104b03c61
00000000020feb71
0000000000000181
00001903a51ab161
00000000020feb71
0000000000000181
0000191645852561
00000000020feb71
0000000000000181
00001928e5ef9a61
00000000020feb71
0000000000000181
0000193b865a0e61
00000000020feb71
0000000000000181
0000194e26c48361
00000000020feb71
0000000000000181
00001960c72ef861
00000000020feb71
0000000000000181
0000197367996c61
00000000020feb71
0000000000000181
000019860803e161
00000000020feb71
0000000000000181
00001998a86e5661
00000000020feb71
0000000000000181
000019ab48d8cb61
00000000020feb71
0000000000000181
000019bde9434061
00000000020feb71
0000000000000181
000019d089adb461
00000000020feb71
0000000000000181
000019e32a182961
00000000020feb71
0000000000000181
000019f5ca829f61
00000000020feb71
0000000000000181
00001a086aed1461
00000000020feb71
0000000000000181
00001a1b0b578961
00000000020feb71
0000000000000181
00001a2dabc1fe61
00000000020feb71
0000000000000181
00001a404c2c7361
00000000020feb71
0000000000000181
00001a52ec96e961
00000000020feb71
0000000000000181
00001a658d015e61
00000000020feb71
0000000000000181
00001a782d6bd361
00000000020feb71
0000000000000181
00001a8acdd64961
00000000020feb71
0000000000000181
00000d4685a03cb9
00001a9d6e40be61
00000000020feb71
0000000000000181
00001ab00eab3461
00000000020feb71
0000000000000181
00001ac2af15a961
00000000020feb71
0000000000000181
00001ad54f801f61
00000000020feb71
0000000000000181
00001ae7efea9561
00000000020feb71
0000000000000181
00001afa90550a61
00000000020feb71
0000000000000181
00001b0d30bf8061
00000000020feb71
0000000000000181
00001b1fd129f661
00000000020feb71
0000000000000181
00001b3271946c61
00000000020feb71
0000000000000181
00001b4511fee261
00000000020feb71
0000000000000181
00001b57b2695861
00000000020feb71
0000000000000181
00001b6a52d3ce61
00000000020feb71
0000000000000181
00001b7cf33e4461
00000000020feb71
0000000000000181
00001b8f93a8ba61
00000000020feb71
0000000000000181
00001ba234133061
00000000020feb71
0000000000000181
00001bb4d47da661
00000000020feb71
0000000000000181
00001bc774e81d61
00000000020feb71
0000000000000181
00001bda15529361
00000000020feb71
0000000000000181
00001becb5bd0961
00000000020feb71
0000000000000181
00001bff56278061
00000000020feb71
0000000000000181
00001c11f691f661
00000000020feb71
0000000000000181
00001c2496fc6d61
00000000020feb71
0000000000000181
00001c373766e361
00000000020feb71
0000000000000181
00001c49d7d15a61
00000000020feb71
0000000000000181
00001c5c783bd061
00000000020feb71
0000000000000181
00001c6f18a64761
00000000020feb71
0000000000000181
00001c81b910be61
00000000020feb71
0000000000000181
00001c94597b3561
00000000020feb71
0000000000000181
00001ca6f9e5ab61
00000000020feb71
0000000000000181
00001cb99a502261
00000000020feb71
0000000000000181
00001ccc3aba9961
00000000020feb71
0000000000000181
00001cdedb251061
00000000020feb71
0000000000000181
00001cf17b8f8761
00000000020feb71
0000000000000181
00001d041bf9fe61
00000000020feb71
0000000000000181
00001d16bc647561
00000000020feb71
0000000000000181
00001d295cceec61
00000000020feb71
0000000000000181
00001d3bfd396361
00000000020feb71
0000000000000181
00001d4e9da3db61
00000000020feb71
0000000000000181
00001d613e0e5261
00000000020feb71
0000000000000181
00001d73de78c961
00000000020feb71
0000000000000181
00000ebdc5b99459
00001d867ee34161
00000000020feb71
0000000000000181
00001d991f4db861
00000000020feb71
0000000000000181
00001dabbfb83061
00000000020feb71
0000000000000181
00001dbe6022a761
00000000020feb71
0000000000000181
00001dd1008d1f61
00000000020feb71
0000000000000181
00001de3a0f79661
00000000020feb71
0000000000000181
00001df641620e61
00000000020feb71
0000000000000181
00001e08e1cc8661
00000000020feb71
0000000000000181
00001e1b8236fd61
00000000020feb71
0000000000000181
00001e2e22a17561
00000000020feb71
0000000000000181
00001e40c30bed61
00000000020feb71
0000000000000181
00001e5363766561
00000000020feb71
0000000000000181
00000f2abacc1e59
00001e6603e0dd61
00000000020feb71
0000000000000181
00001e78a44b5561
00000000020feb71
0000000000000181
00001e8b44b5cd61
00000000020feb71
0000000000000181
00001e9de5204561
00000000020feb71
0000000000000181
00001eb0858abd61
00000000020feb71
0000000000000181
00001ec325f53561
00000000020feb71
0000000000000181
00001ed5c65fad61
00000000020feb71
0000000000000181
00001ee866ca2561
00000000020feb71
0000000000000181
00001efb07349e61
00000000020feb71
0000000000000181
00001f0da79f1661
00000000020feb71
0000000000000181
00001f2048098f61
00000000020feb71
0000000000000181
00001f32e8740761
00000000020feb71
0000000000000181
00001f4588de8061
00000000020feb71
0000000000000181
00001f582948f861
00000000020feb71
0000000000000181
00001f6ac9b37161
00000000020feb71
0000000000000181
00001f7d6a1de961
00000000020feb71
0000000000000181
00001f900a886261
00000000020feb71
0000000000000181
00001fa2aaf2db61
00000000020feb71
0000000000000181
00001fb54b5d5461
00000000020feb71
0000000000000181
00001fc7ebc7cc61
00000000020feb71
0000000000000181
00000fe80b472459
00000fe80b472bb9
00001fda8c324561
00000000020feb71
0000000000000181
00001fed2c9cbe61
00000000020feb71
0000000000000181
00001fffcd073761
00000000020feb71
0000000000000181
000020126d71b061
00000000020feb71
0000000000000181
000020250ddc2a61
00000000020feb71
0000000000000181
00002037ae46a361
00000000020feb71
0000000000000181
0000204a4eb11c61
00000000020feb71
0000000000000181
0000205cef1b9561
00000000020feb71
0000000000000181
0000206f8f860e61
00000000020feb71
0000000000000181
000020822ff08861
00000000020feb71
0000000000000181
00002094d05b0161
00000000020feb71
0000000000000181
000020a770c57a61
00000000020feb71
0000000000000181
000020ba112ff461
00000000020feb71
0000000000000181
000020ccb19a6e61
00000000020feb71
0000000000000181
000020df5204e761
00000000020feb71
0000000000000181
000020f1f26f6161
00000000020feb71
0000000000000181
0000210492d9da61
00000000020feb71
0000000000000181
0000211733445461
00000000020feb71
0000000000000181
00002129d3aece61
00000000020feb71
0000000000000181
0000213c74194861
00000000020feb71
0000000000000181
0000214f1483c261
00000000020feb71
0000000000000181
00002161b4ee3c61
00000000020feb71
0000000000000181
000021745558b661
00000000020feb71
0000000000000181
00002186f5c33061
00000000020feb71
0000000000000181
00002199962daa61
00000000020feb71
0000000000000181
000021ac36982461
00000000020feb71
0000000000000181
000021bed7029e61
00000000020feb71
0000000000000181
000021d1776d1861
00000000020feb71
0000000000000181
000021e417d79261
00000000020feb71
0000000000000181
000021f6b8420d61
00000000020feb71
0000000000000181
0000220958ac8761
00000000020feb71
0000000000000181
0000221bf9170161
00000000020feb71
0000000000000181
0000222e99817c61
00000000020feb71
0000000000000181
0000224139ebf761
00000000020feb71
0000000000000181
00002253da567161
00000000020feb71
0000000000000181
000022667ac0ec61
00000000020feb71
0000000000000181
000022791b2b6661
00000000020feb71
0000000000000181
0000228bbb95e161
00000000020feb71
0000000000000181
0000229e5c005c61
00000000020feb71
0000000000000181
000022b0fc6ad761
00000000020feb71
0000000000000181
000022c39cd55261
00000000020feb71
0000000000000181
000022d63d3fcd61
00000000020feb71
0000000000000181
000022e8ddaa4861
00000000020feb71
0000000000000181
000022fb7e14c361
00000000020feb71
0000000000000181
0000230e1e7f3e61
00000000020feb71
0000000000000181
00002320bee9b961
00000000020feb71
0000000000000181
000023335f543461
00000000020feb71
0000000000000181
00002345ffbeaf61
00000000020feb71
0000000000000181
00002358a0292b61
00000000020feb71
0000000000000181
0000236b4093a661
00000000020feb71
0000000000000181
0000237de0fe2261
00000000020feb71
0000000000000181
0000239081689d61
00000000020feb71
0000000000000181
000023a321d31961
00000000020feb71
0000000000000181
000023b5c23d9461
00000000020feb71
0000000000000181
000023c862a81061
00000000020feb71
0000000000000181
000023db03128c61
00000000020feb71
0000000000000181
000023eda37d0861
00000000020feb71
0000000000000181
0000240043e78361
00000000020feb71
0000000000000181
00002412e451ff61
00000000020feb71
0000000000000181
0000242584bc7b61
00000000020feb71
0000000000000181
000024382526f761
00000000020feb71
0000000000000181
0000244ac5917361
00000000020feb71
0000000000000181
0000245d65fbef61
00000000020feb71
0000000000000181
0000247006666c61
00000000020feb71
0000000000000181
00002482a6d0e861
00000000020feb71
0000000000000181
00002495473b6461
00000000020feb71
0000000000000181
000024a7e7a5e061
00000000020feb71
0000000000000181
000024ba88105d61
00000000020feb71
0000000000000181
000024cd287ad961
00000000020feb71
0000000000000181
000024dfc8e55661
00000000020feb71
0000000000000181
000024f2694fd261
00000000020feb71
0000000000000181
0000250509ba4f61
00000000020feb71
0000000000000181
00002517aa24cb61
00000000020feb71
0000000000000181
0000252a4a8f4861
00000000020feb71
0000000000000181
0000129e460b30b9
0000253ceaf9c561
00000000020feb71
0000000000000181
0000254f8b644261
00000000020feb71
0000000000000181
000025622bcebe61
00000000020feb71
0000000000000181
00002574cc393b61
00000000020feb71
0000000000000181
000025876ca3b861
00000000020feb71
0000000000000181
0000259a0d0e3561
00000000020feb71
0000000000000181
000025acad78b261
00000000020feb71
0000000000000181
000025bf4de32f61
00000000020feb71
0000000000000181
000025d1ee4dac61
00000000020feb71
0000000000000181
000025e48eb82961
00000000020feb71
0000000000000181
000025f72f22a761
00000000020feb71
0000000000000181
00002609cf8d2461
00000000020feb71
0000000000000181
0000261c6ff7a161
00000000020feb71
0000000000000181
0000262f10621e61
00000000020feb71
0000000000000181
00002641b0cc9c61
00000000020feb71
0000000000000181
0000265451371961
00000000020feb71
0000000000000181
00002666f1a19761
00000000020feb71
0000000000000181
00002679920c1461
00000000020feb71
0000000000000181
0000268c32769261
00000000020feb71
0000000000000181
0000269ed2e11061
00000000020feb71
0000000000000181
000026b1734b8d61
00000000020feb71
0000000000000181
000026c413b60b61
00000000020feb71
0000000000000181
000026d6b4208961
00000000020feb71
0000000000000181
000026e9548b0761
00000000020feb71
0000000000000181
000026fbf4f58561
00000000020feb71
0000000000000181
0000270e95600361
00000000020feb71
0000000000000181
0000272135ca8161
00000000020feb71
0000000000000181
00002733d634ff61
00000000020feb71
0000000000000181
00002746769f7d61
00000000020feb71
0000000000000181
000027591709fb61
00000000020feb71
0000000000000181
0000276bb7747961
00000000020feb71
0000000000000181
0000277e57def861
00000000020feb71
0000000000000181
00002790f8497661
00000000020feb71
0000000000000181
000027a398b3f461
00000000020feb71
0000000000000181
000027b6391e7361
00000000020feb71
0000000000000181
000027c8d988f161
00000000020feb71
0000000000000181
000027db79f37061
00000000020feb71
0000000000000181
000027ee1a5def61
00000000020feb71
0000000000000181
00002800bac86d61
00000000020feb71
0000000000000181
000028135b32ec61
00000000020feb71
0000000000000181
00002825fb9d6b61
00000000020feb71
0000000000000181
000028389c07e961
00000000020feb71
0000000000000181
0000284b3c726861
00000000020feb71
0000000000000181
0000285ddcdce761
00000000020feb71
0000000000000181
000028707d476661
00000000020feb71
0000000000000181
000028831db1e561
00000000020feb71
0000000000000181
00002895be1c6461
00000000020feb71
0000000000000181
000028a85e86e361
00000000020feb71
0000000000000181
000028bafef16261
00000000020feb71
0000000000000181
000028cd9f5be261
00000000020feb71
0000000000000181
000028e03fc66161
00000000020feb71
0000000000000181
000028f2e030e061
00000000020feb71
0000000000000181
00002905809b6061
00000000020feb71
0000000000000181
0000148b35690399
000029182105df61
00000000020feb71
0000000000000181
0000292ac1705e61
00000000020feb71
0000000000000181
0000293d61dade61
00000000020feb71
0000000000000181
0000295002455d61
00000000020feb71
0000000000000181
00002962a2afdd61
00000000020feb71
0000000000000181
00002975431a5d61
00000000020feb71
0000000000000181
00002987e384dc61
00000000020feb71
0000000000000181
0000299a83ef5c61
00000000020feb71
0000000000000181
000029ad2459dc61
00000000020feb71
0000000000000181
000014dc91e802b9
000029bfc4c45c61
00000000020feb71
0000000000000181
000029d2652edb61
00000000020feb71
0000000000000181
000029e505995b61
00000000020feb71
0000000000000181
000029f7a603db61
00000000020feb71
0000000000000181
00001504168c4d79
00002a0a466e5b61
00000000020feb71
0000000000000181
000015054c07c4b9
00002a1ce6d8db61
00000000020feb71
0000000000000181
00002a2f87435b61
00000000020feb71
0000000000000181
0000151b08a80c59
00002a4227addc61
00000000020feb71
0000000000000181
00002a54c8185c61
00000000020feb71
0000000000000181
00002a676882dc61
00000000020feb71
0000000000000181
00002a7a08ed5c61
00000000020feb71
0000000000000181
00002a8ca957dd61
00000000020feb71
0000000000000181
00002a9f49c25d61
00000000020feb71
0000000000000181
00002ab1ea2cde61
00000000020feb71
0000000000000181
00002ac48a975e61
00000000020feb71
0000000000000181
00002ad72b01df61
00000000020feb71
0000000000000181
0000157038e519d9
00002ae9cb6c6061
00000000020feb71
0000000000000181
00002afc6bd6e061
00000000020feb71
0000000000000181
00002b0f0c416161
00000000020feb71
0000000000000181
00002b21acabe261
00000000020feb71
0000000000000181
00002b344d166361
00000000020feb71
0000000000000181
00002b46ed80e461
00000000020feb71
0000000000000181
00002b598deb6561
00000000020feb71
0000000000000181
00002b6c2e55e661
00000000020feb71
0000000000000181
00002b7ecec06761
00000000020feb71
0000000000000181
000015bf916b2019
00002b916f2ae861
00000000020feb71
0000000000000181
00002ba40f956961
00000000020feb71
0000000000000181
00002bb145d84061
00000000020feb71
0000000000000181
