[MCS8 A] 97 FW 3.104 SV 1.257 
range=1024
periods=2
sweepmode=27e20d0
fstchan=0
holdafter=0
streamstatus=3
calreg0=0
calreg1=0
calreg2=0
calreg3=0
swpreset=8000        
prena=1
syncout=0
cycles=18
sequences=1
tagbits=16
vdac0=92c
vdac1=807
vdac2=8c8
vdac3=8c8
vdac4=8c8
vdac5=8c8
vdac6=8c8
vdac7=8c8
timepreset=600.000     
digio=0
digval=0
autoinc=0 
savedata=2 
mpafmt=asc
sephead=0 
fmt=asc
smoothpts=5 
[CHN1]
REPORT-FILE from 06/24/2026 12:03:12.843  written 06/24/2026 12:03:12
cmline0=06/24/2026 12:03:12.843 
cmline1=A1
range=1024
active=1
bitshift=4
cftfak=2580100
evpreset=10          
roimin=0
roimax=1000
caloff=0.800000
calfact=12.800000
calfact2=0
calfact3=0
calunit=nsec
caluse=1 
[CHN2]
REPORT-FILE from  written 06/24/2026 12:03:12
cmline1=A2
range=1024
active=0
bitshift=4
cftfak=2580100
evpreset=10          
roimin=0
roimax=1000
caloff=0.800000
calfact=12.800000
calfact2=0
calfact3=0
calunit=nsec
caluse=1 
[CHN3]
REPORT-FILE from  written 06/24/2026 12:03:12
cmline1=A3
range=1024
active=0
bitshift=4
cftfak=2580100
evpreset=10          
roimin=0
roimax=1000
caloff=0.800000
calfact=12.800000
calfact2=0
calfact3=0
calunit=nsec
caluse=1 
[CHN4]
REPORT-FILE from  written 06/24/2026 12:03:12
cmline1=A4
range=1024
active=0
bitshift=4
cftfak=2580100
evpreset=10          
roimin=0
roimax=1000
caloff=0.800000
calfact=12.800000
calfact2=0
calfact3=0
calunit=nsec
caluse=1 
[CHN5]
REPORT-FILE from  written 06/24/2026 12:03:12
cmline1=A5
range=1024
active=0
bitshift=4
cftfak=2580100
evpreset=10          
roimin=0
roimax=1000
caloff=0.800000
calfact=12.800000
calfact2=0
calfact3=0
calunit=nsec
caluse=1 
[CHN6]
REPORT-FILE from  written 06/24/2026 12:03:12
cmline1=A6
range=1024
active=0
bitshift=4
cftfak=2580100
evpreset=10          
roimin=0
roimax=1000
caloff=0.800000
calfact=12.800000
calfact2=0
calfact3=0
calunit=nsec
caluse=1 
[CHN7]
REPORT-FILE from  written 06/24/2026 12:03:12
cmline1=A7
range=1024
active=0
bitshift=4
cftfak=2580100
evpreset=0           
roimin=0
roimax=1000
caloff=0.800000
calfact=12.800000
calfact2=0
calfact3=0
calunit=nsec
caluse=1 
[CHN8]
REPORT-FILE from  written 06/24/2026 12:03:12
cmline1=A8
range=1024
active=0
bitshift=4
cftfak=2580100
evpreset=0           
roimin=0
roimax=1000
caloff=0.800000
calfact=12.800000
calfact2=0
calfact3=0
calunit=nsec
caluse=1 
;MCS8 #97 Sversion=1.257 Fversion=3.68
time_patch=1
;datalength=8 bytes
;bit0..3: channel# 1..8 ( 4 bit)
;bit4: edge 0=up / 1=dn ( 1 bit)
;bit5 ..57: timedata    (53 bit), max sweep length 2001.6 h
;bit58..62: tag0..tag4  ( 5 bit)
;bit63:     data_lost   ( 1 bit)
[DATA]
0000000000000016
0000002156d45061
0000000001c27171
0000000000000181
00000033f73ee261
0000000001c27171
0000000000000181
0000004697a97461
0000000001c27171
0000000000000181
0000005938140661
0000000001c27171
0000000000000181
0000006bd87e9961
0000000001c27171
0000000000000181
0000007e78e92b61
0000000001c27171
0000000000000181
000000911953bd61
0000000001c27171
0000000000000181
000000a3b9be4f61
0000000001c27171
0000000000000181
000000b65a28e261
0000000001c27171
0000000000000181
000000c8fa937461
0000000001c27171
0000000000000181
000000db9afe0661
0000000001c27171
0000000000000181
000000ee3b689861
0000000001c27171
0000000000000181
00000100dbd32b61
0000000001c27171
0000000000000181
000001137c3dbd61
0000000001c27171
0000000000000181
000001261ca84f61
0000000001c27171
0000000000000181
00000138bd12e161
0000000001c27171
0000000000000181
0000014b5d7d7361
0000000001c27171
0000000000000181
0000015dfde80661
0000000001c27171
0000000000000181
000001709e529861
0000000001c27171
0000000000000181
000001833ebd2a61
0000000001c27171
0000000000000181
00000195df27bc61
0000000001c27171
0000000000000181
000001a87f924e61
0000000001c27171
0000000000000181
000001bb1ffce061
0000000001c27171
0000000000000181
000001cdc0677361
0000000001c27171
0000000000000181
000001e060d20561
0000000001c27171
0000000000000181
000001f3013c9761
0000000001c27171
0000000000000181
00000205a1a72961
0000000001c27171
0000000000000181
000002184211bb61
0000000001c27171
0000000000000181
0000022ae27c4d61
0000000001c27171
0000000000000181
0000023d82e6e061
0000000001c27171
0000000000000181
0000025023517261
0000000001c27171
0000000000000181
00000262c3bc0461
0000000001c27171
0000000000000181
0000027564269661
0000000001c27171
0000000000000181
0000028804912861
0000000001c27171
0000000000000181
0000029aa4fbbb61
0000000001c27171
0000000000000181
000002ad45664d61
0000000001c27171
0000000000000181
000002bfe5d0df61
0000000001c27171
0000000000000181
000002d2863b7161
0000000001c27171
0000000000000181
000002e526a60361
0000000001c27171
0000000000000181
000002f7c7109661
0000000001c27171
0000000000000181
0000030a677b2861
0000000001c27171
0000000000000181
0000031d07e5ba61
0000000001c27171
0000000000000181
0000032fa8504c61
0000000001c27171
0000000000000181
0000034248badf61
0000000001c27171
0000000000000181
00000354e9257161
0000000001c27171
0000000000000181
0000036789900361
0000000001c27171
0000000000000181
0000037a29fa9661
0000000001c27171
0000000000000181
0000038cca652861
0000000001c27171
0000000000000181
0000039f6acfba61
0000000001c27171
0000000000000181
000003b20b3a4c61
0000000001c27171
0000000000000181
000003c4aba4df61
0000000001c27171
0000000000000181
000003d74c0f7161
0000000001c27171
0000000000000181
000003e9ec7a0361
0000000001c27171
0000000000000181
000003fc8ce49661
0000000001c27171
0000000000000181
0000040f2d4f2861
0000000001c27171
0000000000000181
00000421cdb9ba61
0000000001c27171
0000000000000181
000004346e244d61
0000000001c27171
0000000000000181
000004470e8edf61
0000000001c27171
0000000000000181
00000459aef97161
0000000001c27171
0000000000000181
0000046c4f640461
0000000001c27171
0000000000000181
0000023743920d99
0000047eefce9661
0000000001c27171
0000000000000181
0000049190392961
0000000001c27171
0000000000000181
000004a430a3bb61
0000000001c27171
0000000000000181
000004b6d10e4d61
0000000001c27171
0000000000000181
000004c97178e061
0000000001c27171
0000000000000181
000004dc11e37261
0000000001c27171
0000000000000181
000004eeb24e0561
0000000001c27171
0000000000000181
0000050152b89761
0000000001c27171
0000000000000181
00000513f3232a61
0000000001c27171
0000000000000181
00000526938dbc61
0000000001c27171
0000000000000181
00000293a360ecf9
0000053933f84e61
0000000001c27171
0000000000000181
0000054bd462e161
0000000001c27171
0000000000000181
0000055e74cd7361
0000000001c27171
0000000000000181
0000057115380661
0000000001c27171
0000000000000181
00000583b5a29861
0000000001c27171
0000000000000181
00000596560d2b61
0000000001c27171
0000000000000181
000005a8f677bd61
0000000001c27171
0000000000000181
000005bb96e25061
0000000001c27171
0000000000000181
000005ce374ce361
0000000001c27171
0000000000000181
000005e0d7b77561
0000000001c27171
0000000000000181
000005f378220861
0000000001c27171
0000000000000181
00000606188c9a61
0000000001c27171
0000000000000181
00000618b8f72d61
0000000001c27171
0000000000000181
0000062b5961c061
0000000001c27171
0000000000000181
0000063df9cc5261
0000000001c27171
0000000000000181
000006509a36e561
0000000001c27171
0000000000000181
000006633aa17761
0000000001c27171
0000000000000181
00000675db0c0a61
0000000001c27171
0000000000000181
00000341b236fcb9
000006887b769d61
0000000001c27171
0000000000000181
0000069b1be12f61
0000000001c27171
0000000000000181
00000350006179b9
0000035232438eb9
000006adbc4bc261
0000000001c27171
0000000000000181
000006c05cb65561
0000000001c27171
0000000000000181
000006d2fd20e861
0000000001c27171
0000000000000181
0000036dd30d7979
000006e59d8b7b61
0000000001c27171
0000000000000181
000006f83df60d61
0000000001c27171
0000000000000181
0000070ade60a061
0000000001c27171
0000000000000181
0000071d7ecb3361
0000000001c27171
0000000000000181
000007301f35c661
0000000001c27171
0000000000000181
00000742bfa05961
0000000001c27171
0000000000000181
00000755600aec61
0000000001c27171
0000000000000181
0000076800757f61
0000000001c27171
0000000000000181
0000077aa0e01261
0000000001c27171
0000000000000181
0000078d414aa561
0000000001c27171
0000000000000181
0000079fe1b53861
0000000001c27171
0000000000000181
000007b2821fcb61
0000000001c27171
0000000000000181
000007c5228a5e61
0000000001c27171
0000000000000181
000007d7c2f4f161
0000000001c27171
0000000000000181
000007ea635f8461
0000000001c27171
0000000000000181
000007fd03ca1761
0000000001c27171
0000000000000181
0000080fa434aa61
0000000001c27171
0000000000000181
00000822449f3d61
0000000001c27171
0000000000000181
00000834e509d161
0000000001c27171
0000000000000181
0000084785746461
0000000001c27171
0000000000000181
0000085a25def761
0000000001c27171
0000000000000181
0000086cc6498a61
0000000001c27171
0000000000000181
0000087f66b41e61
0000000001c27171
0000000000000181
00000892071eb161
0000000001c27171
0000000000000181
000008a4a7894461
0000000001c27171
0000000000000181
000008b747f3d861
0000000001c27171
0000000000000181
000008c9e85e6b61
0000000001c27171
0000000000000181
000008dc88c8fe61
0000000001c27171
0000000000000181
000008ef29339261
0000000001c27171
0000000000000181
00000901c99e2561
0000000001c27171
0000000000000181
000009146a08b861
0000000001c27171
0000000000000181
000009270a734c61
0000000001c27171
0000000000000181
00000939aadddf61
0000000001c27171
0000000000000181
0000094c4b487361
0000000001c27171
0000000000000181
0000095eebb30661
0000000001c27171
0000000000000181
000009718c1d9a61
0000000001c27171
0000000000000181
000009842c882d61
0000000001c27171
0000000000000181
00000996ccf2c161
0000000001c27171
0000000000000181
000009a96d5d5461
0000000001c27171
0000000000000181
000009bc0dc7e861
0000000001c27171
0000000000000181
000009ceae327c61
0000000001c27171
0000000000000181
000009e14e9d0f61
0000000001c27171
0000000000000181
000009f3ef07a361
0000000001c27171
0000000000000181
00000a068f723761
0000000001c27171
0000000000000181
00000a192fdccb61
0000000001c27171
0000000000000181
00000a2bd0475f61
0000000001c27171
0000000000000181
00000a3e70b1f261
0000000001c27171
0000000000000181
00000a51111c8661
0000000001c27171
0000000000000181
00000a63b1871a61
0000000001c27171
0000000000000181
00000a7651f1ae61
0000000001c27171
0000000000000181
00000a88f25c4261
0000000001c27171
0000000000000181
00000a9b92c6d661
0000000001c27171
0000000000000181
00000aae33316a61
0000000001c27171
0000000000000181
00000ac0d39bfe61
0000000001c27171
0000000000000181
00000ad374069361
0000000001c27171
0000000000000181
00000ae614712761
0000000001c27171
0000000000000181
00000af8b4dbbb61
0000000001c27171
0000000000000181
00000b0b55464f61
0000000001c27171
0000000000000181
00000b1df5b0e361
0000000001c27171
0000000000000181
00000b30961b7761
0000000001c27171
0000000000000181
00000b4336860c61
0000000001c27171
0000000000000181
00000b55d6f0a061
0000000001c27171
0000000000000181
00000b68775b3461
0000000001c27171
0000000000000181
00000b7b17c5c961
0000000001c27171
0000000000000181
00000b8db8305d61
0000000001c27171
0000000000000181
00000ba0589af261
0000000001c27171
0000000000000181
00000bb2f9058661
0000000001c27171
0000000000000181
00000bc599701b61
0000000001c27171
0000000000000181
00000bd839daaf61
0000000001c27171
0000000000000181
00000beada454461
0000000001c27171
0000000000000181
00000bfd7aafd861
0000000001c27171
0000000000000181
00000c101b1a6d61
0000000001c27171
0000000000000181
00000c22bb850261
0000000001c27171
0000000000000181
00000c355bef9661
0000000001c27171
0000000000000181
00000c47fc5a2b61
0000000001c27171
0000000000000181
00000c5a9cc4c061
0000000001c27171
0000000000000181
00000c6d3d2f5561
0000000001c27171
0000000000000181
00000c7fdd99e961
0000000001c27171
0000000000000181
00000c927e047e61
0000000001c27171
0000000000000181
00000ca51e6f1361
0000000001c27171
0000000000000181
00000cb7bed9a861
0000000001c27171
0000000000000181
00000cca5f443d61
0000000001c27171
0000000000000181
00000cdcffaed261
0000000001c27171
0000000000000181
00000cefa0196761
0000000001c27171
0000000000000181
00000d024083fc61
0000000001c27171
0000000000000181
00000d14e0ee9161
0000000001c27171
0000000000000181
00000d2781592661
0000000001c27171
0000000000000181
00000d3a21c3bc61
0000000001c27171
0000000000000181
00000d4cc22e5161
0000000001c27171
0000000000000181
00000d5f6298e661
0000000001c27171
0000000000000181
00000d7203037b61
0000000001c27171
0000000000000181
00000d84a36e1161
0000000001c27171
0000000000000181
00000d9743d8a661
0000000001c27171
0000000000000181
00000da9e4433c61
0000000001c27171
0000000000000181
00000dbc84add161
0000000001c27171
0000000000000181
00000dcf25186661
0000000001c27171
0000000000000181
00000de1c582fc61
0000000001c27171
0000000000000181
00000df465ed9161
0000000001c27171
0000000000000181
00000e0706582761
0000000001c27171
0000000000000181
00000e19a6c2bd61
0000000001c27171
0000000000000181
00000e2c472d5261
0000000001c27171
0000000000000181
00000e3ee797e861
0000000001c27171
0000000000000181
00000e5188027e61
0000000001c27171
0000000000000181
00000e64286d1361
0000000001c27171
0000000000000181
00000e76c8d7a961
0000000001c27171
0000000000000181
00000e8969423f61
0000000001c27171
0000000000000181
00000e9c09acd561
0000000001c27171
0000000000000181
00000eaeaa176a61
0000000001c27171
0000000000000181
00000ec14a820061
0000000001c27171
0000000000000181
00000ed3eaec9661
0000000001c27171
0000000000000181
00000ee68b572c61
0000000001c27171
0000000000000181
00000ef92bc1c261
0000000001c27171
0000000000000181
00000f0bcc2c5861
0000000001c27171
0000000000000181
00000f1e6c96ee61
0000000001c27171
0000000000000181
00000f310d018461
0000000001c27171
0000000000000181
00000f43ad6c1a61
0000000001c27171
0000000000000181
00000f564dd6b161
0000000001c27171
0000000000000181
00000f68ee414761
0000000001c27171
0000000000000181
00000f7b8eabdd61
0000000001c27171
0000000000000181
00000f8e2f167361
0000000001c27171
0000000000000181
00000fa0cf810961
0000000001c27171
0000000000000181
00000fb36feba061
0000000001c27171
0000000000000181
00000fc610563661
0000000001c27171
0000000000000181
00000fd8b0c0cc61
0000000001c27171
0000000000000181
00000feb512b6361
0000000001c27171
0000000000000181
00000ffdf195f961
0000000001c27171
0000000000000181
0000101092009061
0000000001c27171
0000000000000181
00001023326b2661
0000000001c27171
0000000000000181
00001035d2d5bd61
0000000001c27171
0000000000000181
0000104873405361
0000000001c27171
0000000000000181
0000105b13aaea61
0000000001c27171
0000000000000181
0000106db4158061
0000000001c27171
0000000000000181
0000083ed2f76ff9
0000108054801761
0000000001c27171
0000000000000181
00001092f4eaae61
0000000001c27171
0000000000000181
000010a595554561
0000000001c27171
0000000000000181
000010b835bfdb61
0000000001c27171
0000000000000181
000010cad62a7261
0000000001c27171
0000000000000181
000010dd76950961
0000000001c27171
0000000000000181
000010f016ffa061
0000000001c27171
0000000000000181
00001102b76a3761
0000000001c27171
0000000000000181
0000111557d4cd61
0000000001c27171
0000000000000181
00001127f83f6461
0000000001c27171
0000000000000181
0000113a98a9fb61
0000000001c27171
0000000000000181
0000114d39149261
0000000001c27171
0000000000000181
0000115fd97f2961
0000000001c27171
0000000000000181
0000117279e9c161
0000000001c27171
0000000000000181
000011851a545861
0000000001c27171
0000000000000181
00001197babeef61
0000000001c27171
0000000000000181
000011aa5b298661
0000000001c27171
0000000000000181
000011bcfb941d61
0000000001c27171
0000000000000181
000011cf9bfeb561
0000000001c27171
0000000000000181
000011e23c694c61
0000000001c27171
0000000000000181
000011f4dcd3e361
0000000001c27171
0000000000000181
000012077d3e7b61
0000000001c27171
0000000000000181
0000121a1da91261
0000000001c27171
0000000000000181
0000122cbe13aa61
0000000001c27171
0000000000000181
0000123f5e7e4161
0000000001c27171
0000000000000181
00001251fee8d961
0000000001c27171
0000000000000181
000012649f537061
0000000001c27171
0000000000000181
000012773fbe0861
0000000001c27171
0000000000000181
00001289e028a061
0000000001c27171
0000000000000181
0000129c80933761
0000000001c27171
0000000000000181
000012af20fdcf61
0000000001c27171
0000000000000181
000012c1c1686761
0000000001c27171
0000000000000181
000012d461d2ff61
0000000001c27171
0000000000000181
000012e7023d9661
0000000001c27171
0000000000000181
000012f9a2a82e61
0000000001c27171
0000000000000181
0000130c4312c661
0000000001c27171
0000000000000181
0000131ee37d5e61
0000000001c27171
0000000000000181
0000133183e7f661
0000000001c27171
0000000000000181
0000134424528e61
0000000001c27171
0000000000000181
00001356c4bd2661
0000000001c27171
0000000000000181
000013696527be61
0000000001c27171
0000000000000181
0000137c05925661
0000000001c27171
0000000000000181
0000138ea5fcee61
0000000001c27171
0000000000000181
000013a146678661
0000000001c27171
0000000000000181
000013b3e6d21e61
0000000001c27171
0000000000000181
000013c6873cb661
0000000001c27171
0000000000000181
000013d927a74f61
0000000001c27171
0000000000000181
000013ebc811e761
0000000001c27171
0000000000000181
000013fe687c7f61
0000000001c27171
0000000000000181
0000141108e71861
0000000001c27171
0000000000000181
00001423a951b061
0000000001c27171
0000000000000181
0000143649bc4861
0000000001c27171
0000000000000181
00001448ea26e161
0000000001c27171
0000000000000181
0000145b8a917961
0000000001c27171
0000000000000181
0000146e2afc1261
0000000001c27171
0000000000000181
00001480cb66aa61
0000000001c27171
0000000000000181
000014936bd14361
0000000001c27171
0000000000000181
000014a60c3bdb61
0000000001c27171
0000000000000181
000014b8aca67461
0000000001c27171
0000000000000181
000014cb4d110d61
0000000001c27171
0000000000000181
000014dded7ba561
0000000001c27171
0000000000000181
000014f08de63e61
0000000001c27171
0000000000000181
000015032e50d761
0000000001c27171
0000000000000181
00001515cebb7061
0000000001c27171
0000000000000181
000015286f260961
0000000001c27171
0000000000000181
0000153b0f90a261
0000000001c27171
0000000000000181
0000154daffb3b61
0000000001c27171
0000000000000181
000015605065d461
0000000001c27171
0000000000000181
00001572f0d06d61
0000000001c27171
0000000000000181
00001585913b0661
0000000001c27171
0000000000000181
0000159831a59f61
0000000001c27171
0000000000000181
000015aad2103861
0000000001c27171
0000000000000181
000015bd727ad161
0000000001c27171
0000000000000181
000015d012e56a61
0000000001c27171
0000000000000181
000015e2b3500461
0000000001c27171
0000000000000181
000015f553ba9d61
0000000001c27171
0000000000000181
00001607f4253661
0000000001c27171
0000000000000181
0000161a948fd061
0000000001c27171
0000000000000181
0000162d34fa6961
0000000001c27171
0000000000000181
0000163fd5650261
0000000001c27171
0000000000000181
0000165275cf9c61
0000000001c27171
0000000000000181
00001665163a3561
0000000001c27171
0000000000000181
00001677b6a4cf61
0000000001c27171
0000000000000181
0000168a570f6861
0000000001c27171
0000000000000181
0000169cf77a0261
0000000001c27171
0000000000000181
000016af97e49b61
0000000001c27171
0000000000000181
000016c2384f3561
0000000001c27171
0000000000000181
000016d4d8b9cf61
0000000001c27171
0000000000000181
000016e779246961
0000000001c27171
0000000000000181
000016fa198f0261
0000000001c27171
0000000000000181
0000170cb9f99c61
0000000001c27171
0000000000000181
0000171f5a643661
0000000001c27171
0000000000000181
00001731faced061
0000000001c27171
0000000000000181
000017449b396a61
0000000001c27171
0000000000000181
000017573ba40461
0000000001c27171
0000000000000181
00001769dc0e9e61
0000000001c27171
0000000000000181
0000177c7c793861
0000000001c27171
0000000000000181
0000178f1ce3d261
0000000001c27171
0000000000000181
000017a1bd4e6c61
0000000001c27171
0000000000000181
000017b45db90761
0000000001c27171
0000000000000181
000017c6fe23a161
0000000001c27171
0000000000000181
000017d99e8e3b61
0000000001c27171
0000000000000181
000017ec3ef8d561
0000000001c27171
0000000000000181
000017fedf637061
0000000001c27171
0000000000000181
000018117fce0a61
0000000001c27171
0000000000000181
000018242038a561
0000000001c27171
0000000000000181
00001836c0a33f61
0000000001c27171
0000000000000181
00001849610dda61
0000000001c27171
0000000000000181
0000185c01787461
0000000001c27171
0000000000000181
0000186ea1e30f61
0000000001c27171
0000000000000181
00001881424da961
0000000001c27171
0000000000000181
00001893e2b84461
0000000001c27171
0000000000000181
000018a68322df61
0000000001c27171
0000000000000181
000018b9238d7961
0000000001c27171
0000000000000181
000018cbc3f81461
0000000001c27171
0000000000000181
000018de6462af61
0000000001c27171
0000000000000181
000018f104cd4a61
0000000001c27171
0000000000000181
00001903a537e561
0000000001c27171
0000000000000181
0000191645a28061
0000000001c27171
0000000000000181
00001928e60d1b61
0000000001c27171
0000000000000181
0000193b8677b661
0000000001c27171
0000000000000181
0000194e26e25161
0000000001c27171
0000000000000181
00001960c74cec61
0000000001c27171
0000000000000181
0000197367b78761
0000000001c27171
0000000000000181
0000198608222261
0000000001c27171
0000000000000181
00001998a88cbd61
0000000001c27171
0000000000000181
000019ab48f75861
0000000001c27171
0000000000000181
000019bde961f461
0000000001c27171
0000000000000181
000019d089cc8f61
0000000001c27171
0000000000000181
000019e32a372a61
0000000001c27171
0000000000000181
000019f5caa1c661
0000000001c27171
0000000000000181
00001a086b0c6161
0000000001c27171
0000000000000181
00001a1b0b76fd61
0000000001c27171
0000000000000181
00001a2dabe19861
0000000001c27171
0000000000000181
00001a404c4c3461
0000000001c27171
0000000000000181
00001a52ecb6cf61
0000000001c27171
0000000000000181
00001a658d216b61
0000000001c27171
0000000000000181
00001a782d8c0761
0000000001c27171
0000000000000181
00001a8acdf6a361
0000000001c27171
0000000000000181
00001a9d6e613e61
0000000001c27171
0000000000000181
00001ab00ecbda61
0000000001c27171
0000000000000181
00001ac2af367661
0000000001c27171
0000000000000181
00001ad54fa11261
0000000001c27171
0000000000000181
00001ae7f00bae61
0000000001c27171
0000000000000181
00001afa90764a61
0000000001c27171
0000000000000181
00001b0d30e0e661
0000000001c27171
0000000000000181
00001b1fd14b8261
0000000001c27171
0000000000000181
00001b3271b61e61
0000000001c27171
0000000000000181
00001b451220ba61
0000000001c27171
0000000000000181
00001b57b28b5661
0000000001c27171
0000000000000181
00001b6a52f5f261
0000000001c27171
0000000000000181
00001b7cf3608f61
0000000001c27171
0000000000000181
00001b8f93cb2b61
0000000001c27171
0000000000000181
00001ba23435c761
0000000001c27171
0000000000000181
00001bb4d4a06461
0000000001c27171
0000000000000181
00001bc7750b0061
0000000001c27171
0000000000000181
00001bda15759d61
0000000001c27171
0000000000000181
00001becb5e03961
0000000001c27171
0000000000000181
00001bff564ad661
0000000001c27171
0000000000000181
00001c11f6b57261
0000000001c27171
0000000000000181
00001c2497200f61
0000000001c27171
0000000000000181
00001c37378aac61
0000000001c27171
0000000000000181
00001c49d7f54861
0000000001c27171
0000000000000181
00001c5c785fe561
0000000001c27171
0000000000000181
00001c6f18ca8261
0000000001c27171
0000000000000181
00001c81b9351f61
0000000001c27171
0000000000000181
00001c94599fbc61
0000000001c27171
0000000000000181
00001ca6fa0a5961
0000000001c27171
0000000000000181
00001cb99a74f661
0000000001c27171
0000000000000181
00001ccc3adf9361
0000000001c27171
0000000000000181
00001cdedb4a3061
0000000001c27171
0000000000000181
00001cf17bb4cd61
0000000001c27171
0000000000000181
00001d041c1f6a61
0000000001c27171
0000000000000181
00001d16bc8a0761
0000000001c27171
0000000000000181
00001d295cf4a461
0000000001c27171
0000000000000181
00001d3bfd5f4261
0000000001c27171
0000000000000181
00001d4e9dc9df61
0000000001c27171
0000000000000181
00001d613e347c61
0000000001c27171
0000000000000181
00001d73de9f1a61
0000000001c27171
0000000000000181
00001d867f09b761
0000000001c27171
0000000000000181
00001d991f745561
0000000001c27171
0000000000000181
00001dabbfdef261
0000000001c27171
0000000000000181
00001dbe60499061
0000000001c27171
0000000000000181
00001dd100b42d61
0000000001c27171
0000000000000181
00001de3a11ecb61
0000000001c27171
0000000000000181
00001df641896861
0000000001c27171
0000000000000181
00001e08e1f40661
0000000001c27171
0000000000000181
00001e1b825ea461
0000000001c27171
0000000000000181
00001e2e22c94161
0000000001c27171
0000000000000181
00001e40c333df61
0000000001c27171
0000000000000181
00001e53639e7d61
0000000001c27171
0000000000000181
00001e6604091b61
0000000001c27171
0000000000000181
00001e78a473b961
0000000001c27171
0000000000000181
00001e8b44de5761
0000000001c27171
0000000000000181
00001e9de548f561
0000000001c27171
0000000000000181
00001eb085b39361
0000000001c27171
0000000000000181
00001ec3261e3161
0000000001c27171
0000000000000181
00001ed5c688cf61
0000000001c27171
0000000000000181
00001ee866f36d61
0000000001c27171
0000000000000181
00001efb075e0b61
0000000001c27171
0000000000000181
00001f0da7c8a961
0000000001c27171
0000000000000181
00001f2048334861
0000000001c27171
0000000000000181
00001f32e89de661
0000000001c27171
0000000000000181
00001f4589088461
0000000001c27171
0000000000000181
00001f5829732361
0000000001c27171
0000000000000181
00000fb037e70739
00001f6ac9ddc161
0000000001c27171
0000000000000181
00001f7d6a486061
0000000001c27171
0000000000000181
00001f900ab2fe61
0000000001c27171
0000000000000181
00001fa2ab1d9d61
0000000001c27171
0000000000000181
00001fb54b883b61
0000000001c27171
0000000000000181
00001fc7ebf2da61
0000000001c27171
0000000000000181
00001fda8c5d7861
0000000001c27171
0000000000000181
00001fed2cc81761
0000000001c27171
0000000000000181
00001fffcd32b661
0000000001c27171
0000000000000181
000020126d9d5461
0000000001c27171
0000000000000181
000020250e07f361
0000000001c27171
0000000000000181
00002037ae729261
0000000001c27171
0000000000000181
0000204a4edd3161
0000000001c27171
0000000000000181
0000205cef47d061
0000000001c27171
0000000000000181
0000206f8fb26f61
0000000001c27171
0000000000000181
00002082301d0e61
0000000001c27171
0000000000000181
00002094d087ad61
0000000001c27171
0000000000000181
000020a770f24c61
0000000001c27171
0000000000000181
000020ba115ceb61
0000000001c27171
0000000000000181
000020ccb1c78a61
0000000001c27171
0000000000000181
000020df52322961
0000000001c27171
0000000000000181
000020f1f29cc861
0000000001c27171
0000000000000181
0000210493076761
0000000001c27171
0000000000000181
0000211733720661
0000000001c27171
0000000000000181
00002129d3dca661
0000000001c27171
0000000000000181
0000213c74474561
0000000001c27171
0000000000000181
0000214f14b1e461
0000000001c27171
0000000000000181
00002161b51c8461
0000000001c27171
0000000000000181
0000217455872361
0000000001c27171
0000000000000181
00002186f5f1c261
0000000001c27171
0000000000000181
00002199965c6261
0000000001c27171
0000000000000181
000021ac36c70161
0000000001c27171
0000000000000181
000021bed731a161
0000000001c27171
0000000000000181
000010e823b4ec39
000021d1779c4161
0000000001c27171
0000000000000181
000021e41806e061
0000000001c27171
0000000000000181
000021f6b8718061
0000000001c27171
0000000000000181
0000220958dc1f61
0000000001c27171
0000000000000181
0000221bf946bf61
0000000001c27171
0000000000000181
0000222e99b15f61
0000000001c27171
0000000000000181
0000111c70dc5099
000022413a1bff61
0000000001c27171
0000000000000181
00002253da869f61
0000000001c27171
0000000000000181
000022667af13e61
0000000001c27171
0000000000000181
000022791b5bde61
0000000001c27171
0000000000000181
0000228bbbc67e61
0000000001c27171
0000000000000181
0000229e5c311e61
0000000001c27171
0000000000000181
000022b0fc9bbe61
0000000001c27171
0000000000000181
000022c39d065e61
0000000001c27171
0000000000000181
000022d63d70fe61
0000000001c27171
0000000000000181
000022e8dddb9e61
0000000001c27171
0000000000000181
000022fb7e463f61
0000000001c27171
0000000000000181
0000230e1eb0df61
0000000001c27171
0000000000000181
00002320bf1b7f61
0000000001c27171
0000000000000181
000023335f861f61
0000000001c27171
0000000000000181
00002345fff0c061
0000000001c27171
0000000000000181
00002358a05b6061
0000000001c27171
0000000000000181
0000236b40c60061
0000000001c27171
0000000000000181
0000237de130a161
0000000001c27171
0000000000000181
00002390819b4161
0000000001c27171
0000000000000181
000023a32205e261
0000000001c27171
0000000000000181
000023b5c2708261
0000000001c27171
0000000000000181
000023c862db2361
0000000001c27171
0000000000000181
000011e492ffb9f9
000023db0345c361
0000000001c27171
0000000000000181
000023eda3b06461
0000000001c27171
0000000000000181
00002400441b0561
0000000001c27171
0000000000000181
00002412e485a561
0000000001c27171
0000000000000181
0000242584f04661
0000000001c27171
0000000000000181
00002438255ae761
0000000001c27171
0000000000000181
0000244ac5c58861
0000000001c27171
0000000000000181
0000245d66302961
0000000001c27171
0000000000000181
00002470069aca61
0000000001c27171
0000000000000181
00002482a7056b61
0000000001c27171
0000000000000181
0000249547700c61
0000000001c27171
0000000000000181
000024a7e7daad61
0000000001c27171
0000000000000181
000024ba88454e61
0000000001c27171
0000000000000181
000024cd28afef61
0000000001c27171
0000000000000181
000024dfc91a9061
0000000001c27171
0000000000000181
000024f269853261
0000000001c27171
0000000000000181
0000250509efd361
0000000001c27171
0000000000000181
00002517aa5a7461
0000000001c27171
0000000000000181
0000252a4ac51561
0000000001c27171
0000000000000181
0000253ceb2fb761
0000000001c27171
0000000000000181
0000254f8b9a5861
0000000001c27171
0000000000000181
000025622c04fa61
0000000001c27171
0000000000000181
00002574cc6f9b61
0000000001c27171
0000000000000181
000025876cda3d61
0000000001c27171
0000000000000181
0000259a0d44de61
0000000001c27171
0000000000000181
000025acadaf8061
0000000001c27171
0000000000000181
000012df3c7a1959
000025bf4e1a2161
0000000001c27171
0000000000000181
000025d1ee84c361
0000000001c27171
0000000000000181
000025e48eef6561
0000000001c27171
0000000000000181
000025f72f5a0661
0000000001c27171
0000000000000181
00002609cfc4a861
0000000001c27171
0000000000000181
0000261c702f4a61
0000000001c27171
0000000000000181
0000262f1099ec61
0000000001c27171
0000000000000181
00002641b1048d61
0000000001c27171
0000000000000181
00002654516f2f61
0000000001c27171
0000000000000181
00002666f1d9d161
0000000001c27171
0000000000000181
0000267992447361
0000000001c27171
0000000000000181
0000268c32af1561
0000000001c27171
0000000000000181
0000269ed319b761
0000000001c27171
0000000000000181
000026b173845961
0000000001c27171
0000000000000181
000026c413eefc61
0000000001c27171
0000000000000181
000026d6b4599e61
0000000001c27171
0000000000000181
000026e954c44061
0000000001c27171
0000000000000181
000026fbf52ee261
0000000001c27171
0000000000000181
0000270e95998461
0000000001c27171
0000000000000181
0000272136042761
0000000001c27171
0000000000000181
00002733d66ec961
0000000001c27171
0000000000000181
0000274676d96b61
0000000001c27171
0000000000000181
0000275917440d61
0000000001c27171
0000000000000181
0000276bb7aeb061
0000000001c27171
0000000000000181
0000277e58195261
0000000001c27171
0000000000000181
00002790f883f561
0000000001c27171
0000000000000181
000027a398ee9761
0000000001c27171
0000000000000181
000027b639593a61
0000000001c27171
0000000000000181
000027c8d9c3dc61
0000000001c27171
0000000000000181
000027db7a2e7f61
0000000001c27171
0000000000000181
000027ee1a992261
0000000001c27171
0000000000000181
00002800bb03c461
0000000001c27171
0000000000000181
000028135b6e6761
0000000001c27171
0000000000000181
00002825fbd90a61
0000000001c27171
0000000000000181
00001416ffbd23f9
000028389c43ad61
0000000001c27171
0000000000000181
0000284b3cae5061
0000000001c27171
0000000000000181
0000285ddd18f361
0000000001c27171
0000000000000181
000028707d839561
0000000001c27171
0000000000000181
000028831dee3861
0000000001c27171
0000000000000181
00002895be58db61
0000000001c27171
0000000000000181
000028a85ec37e61
0000000001c27171
0000000000000181
000028baff2e2161
0000000001c27171
0000000000000181
000028cd9f98c461
0000000001c27171
0000000000000181
000028e040036861
0000000001c27171
0000000000000181
000028f2e06e0b61
0000000001c27171
0000000000000181
0000290580d8ae61
0000000001c27171
0000000000000181
0000291821435161
0000000001c27171
0000000000000181
0000292ac1adf461
0000000001c27171
0000000000000181
0000293d62189861
0000000001c27171
0000000000000181
0000295002833b61
0000000001c27171
0000000000000181
00002962a2edde61
0000000001c27171
0000000000000181
0000297543588261
0000000001c27171
0000000000000181
00002987e3c32561
0000000001c27171
0000000000000181
0000299a842dc961
0000000001c27171
0000000000000181
000029ad24986c61
0000000001c27171
0000000000000181
000029bfc5031061
0000000001c27171
0000000000000181
000029d2656db361
0000000001c27171
0000000000000181
000029e505d85761
0000000001c27171
0000000000000181
000029f7a642fb61
0000000001c27171
0000000000000181
00002a0a46ad9e61
0000000001c27171
0000000000000181
00002a1ce7184261
0000000001c27171
0000000000000181
00002a2f8782e661
0000000001c27171
0000000000000181
00002a4227ed8a61
0000000001c27171
0000000000000181
00002a54c8582d61
0000000001c27171
0000000000000181
00002a6768c2d161
0000000001c27171
0000000000000181
00002a7a092d7561
0000000001c27171
0000000000000181
00002a8ca9981961
0000000001c27171
0000000000000181
00002a9f4a02bd61
0000000001c27171
0000000000000181
00002ab1ea6d6161
0000000001c27171
0000000000000181
00002ac48ad80561
0000000001c27171
0000000000000181
00002ad72b42a961
0000000001c27171
0000000000000181
00002ae9cbad4d61
0000000001c27171
0000000000000181
00002afc6c17f261
0000000001c27171
0000000000000181
00002b0f0c829661
0000000001c27171
0000000000000181
00002b21aced3a61
0000000001c27171
0000000000000181
00002b344d57de61
0000000001c27171
0000000000000181
00002b46edc28361
0000000001c27171
0000000000000181
00002b598e2d2761
0000000001c27171
0000000000000181
00002b6c2e97cb61
0000000001c27171
0000000000000181
00002b7ecf027061
0000000001c27171
0000000000000181
00002b916f6d1461
0000000001c27171
0000000000000181
00002ba40fd7b961
0000000001c27171
0000000000000181
00002ba9181f3561
0000000001c27171
0000000000000181
