[MCS8 A] 97 FW 3.104 SV 1.257 
range=1024
periods=2
sweepmode=27e20d0
fstchan=0
holdafter=0
streamstatus=3
calreg0=0
calreg1=0
calreg2=0
calreg3=0
swpreset=8000        
prena=1
syncout=0
cycles=18
sequences=1
tagbits=16
vdac0=92c
vdac1=807
vdac2=8c8
vdac3=8c8
vdac4=8c8
vdac5=8c8
vdac6=8c8
vdac7=8c8
timepreset=600.000     
digio=0
digval=0
autoinc=0 
savedata=2 
mpafmt=asc
sephead=0 
fmt=asc
smoothpts=5 
[CHN1]
REPORT-FILE from 06/24/2026 12:13:39.719  written 06/24/2026 12:13:39
cmline0=06/24/2026 12:13:39.719 
cmline1=A1
range=1024
active=1
bitshift=4
cftfak=2580100
evpreset=10          
roimin=0
roimax=1000
caloff=0.800000
calfact=12.800000
calfact2=0
calfact3=0
calunit=nsec
caluse=1 
[CHN2]
REPORT-FILE from  written 06/24/2026 12:13:39
cmline1=A2
range=1024
active=0
bitshift=4
cftfak=2580100
evpreset=10          
roimin=0
roimax=1000
caloff=0.800000
calfact=12.800000
calfact2=0
calfact3=0
calunit=nsec
caluse=1 
[CHN3]
REPORT-FILE from  written 06/24/2026 12:13:39
cmline1=A3
range=1024
active=0
bitshift=4
cftfak=2580100
evpreset=10          
roimin=0
roimax=1000
caloff=0.800000
calfact=12.800000
calfact2=0
calfact3=0
calunit=nsec
caluse=1 
[CHN4]
REPORT-FILE from  written 06/24/2026 12:13:39
cmline1=A4
range=1024
active=0
bitshift=4
cftfak=2580100
evpreset=10          
roimin=0
roimax=1000
caloff=0.800000
calfact=12.800000
calfact2=0
calfact3=0
calunit=nsec
caluse=1 
[CHN5]
REPORT-FILE from  written 06/24/2026 12:13:39
cmline1=A5
range=1024
active=0
bitshift=4
cftfak=2580100
evpreset=10          
roimin=0
roimax=1000
caloff=0.800000
calfact=12.800000
calfact2=0
calfact3=0
calunit=nsec
caluse=1 
[CHN6]
REPORT-FILE from  written 06/24/2026 12:13:39
cmline1=A6
range=1024
active=0
bitshift=4
cftfak=2580100
evpreset=10          
roimin=0
roimax=1000
caloff=0.800000
calfact=12.800000
calfact2=0
calfact3=0
calunit=nsec
caluse=1 
[CHN7]
REPORT-FILE from  written 06/24/2026 12:13:39
cmline1=A7
range=1024
active=0
bitshift=4
cftfak=2580100
evpreset=0           
roimin=0
roimax=1000
caloff=0.800000
calfact=12.800000
calfact2=0
calfact3=0
calunit=nsec
caluse=1 
[CHN8]
REPORT-FILE from  written 06/24/2026 12:13:39
cmline1=A8
range=1024
active=0
bitshift=4
cftfak=2580100
evpreset=0           
roimin=0
roimax=1000
caloff=0.800000
calfact=12.800000
calfact2=0
calfact3=0
calunit=nsec
caluse=1 
;MCS8 #97 Sversion=1.257 Fversion=3.68
time_patch=1
;datalength=8 bytes
;bit0..3: channel# 1..8 ( 4 bit)
;bit4: edge 0=up / 1=dn ( 1 bit)
;bit5 ..57: timedata    (53 bit), max sweep length 2001.6 h
;bit58..62: tag0..tag4  ( 5 bit)
;bit63:     data_lost   ( 1 bit)
[DATA]
0000000000000016
0000002157894861
0000000002c43f71
0000000000000181
00000033f7f3ee61
0000000002c43f71
0000000000000181
00000046985e9361
0000000002c43f71
0000000000000181
0000005938c93961
0000000002c43f71
0000000000000181
0000006bd933df61
0000000002c43f71
0000000000000181
0000007e799e8461
0000000002c43f71
0000000000000181
000000911a092a61
0000000002c43f71
0000000000000181
000000a3ba73d061
0000000002c43f71
0000000000000181
000000b65ade7661
0000000002c43f71
0000000000000181
000000c8fb491b61
0000000002c43f71
0000000000000181
000000db9bb3c161
0000000002c43f71
0000000000000181
000000ee3c1e6761
0000000002c43f71
0000000000000181
00000100dc890d61
0000000002c43f71
0000000000000181
000001137cf3b361
0000000002c43f71
0000000000000181
000001261d5e5961
0000000002c43f71
0000000000000181
00000138bdc8ff61
0000000002c43f71
0000000000000181
0000014b5e33a561
0000000002c43f71
0000000000000181
0000015dfe9e4b61
0000000002c43f71
0000000000000181
000001709f08f161
0000000002c43f71
0000000000000181
000001833f739761
0000000002c43f71
0000000000000181
00000195dfde3e61
0000000002c43f71
0000000000000181
000001a88048e461
0000000002c43f71
0000000000000181
000001bb20b38a61
0000000002c43f71
0000000000000181
000001cdc11e3061
0000000002c43f71
0000000000000181
000001e06188d761
0000000002c43f71
0000000000000181
000001f301f37d61
0000000002c43f71
0000000000000181
00000205a25e2461
0000000002c43f71
0000000000000181
0000021842c8ca61
0000000002c43f71
0000000000000181
0000022ae3337161
0000000002c43f71
0000000000000181
0000023d839e1761
0000000002c43f71
0000000000000181
000002502408be61
0000000002c43f71
0000000000000181
00000262c4736461
0000000002c43f71
0000000000000181
0000027564de0b61
0000000002c43f71
0000000000000181
000002880548b261
0000000002c43f71
0000000000000181
0000029aa5b35961
0000000002c43f71
0000000000000181
000002ad461dff61
0000000002c43f71
0000000000000181
000002bfe688a661
0000000002c43f71
0000000000000181
000002d286f34d61
0000000002c43f71
0000000000000181
000002e5275df461
0000000002c43f71
0000000000000181
000002f7c7c89b61
0000000002c43f71
0000000000000181
0000030a68334261
0000000002c43f71
0000000000000181
0000031d089de961
0000000002c43f71
0000000000000181
0000032fa9089061
0000000002c43f71
0000000000000181
0000034249733761
0000000002c43f71
0000000000000181
00000354e9ddde61
0000000002c43f71
0000000000000181
000003678a488561
0000000002c43f71
0000000000000181
0000037a2ab32c61
0000000002c43f71
0000000000000181
0000038ccb1dd461
0000000002c43f71
0000000000000181
0000039f6b887b61
0000000002c43f71
0000000000000181
000003b20bf32261
0000000002c43f71
0000000000000181
000003c4ac5dc961
0000000002c43f71
0000000000000181
000003d74cc87161
0000000002c43f71
0000000000000181
000003e9ed331861
0000000002c43f71
0000000000000181
000003fc8d9dc061
0000000002c43f71
0000000000000181
0000040f2e086761
0000000002c43f71
0000000000000181
00000421ce730f61
0000000002c43f71
0000000000000181
000004346eddb661
0000000002c43f71
0000000000000181
000004470f485e61
0000000002c43f71
0000000000000181
00000459afb30561
0000000002c43f71
0000000000000181
0000046c501dad61
0000000002c43f71
0000000000000181
0000047ef0885461
0000000002c43f71
0000000000000181
0000049190f2fc61
0000000002c43f71
0000000000000181
000004a4315da461
0000000002c43f71
0000000000000181
000004b6d1c84c61
0000000002c43f71
0000000000000181
000004c97232f361
0000000002c43f71
0000000000000181
000004dc129d9b61
0000000002c43f71
0000000000000181
000004eeb3084361
0000000002c43f71
0000000000000181
000005015372eb61
0000000002c43f71
0000000000000181
00000513f3dd9361
0000000002c43f71
0000000000000181
0000052694483b61
0000000002c43f71
0000000000000181
0000053934b2e361
0000000002c43f71
0000000000000181
0000054bd51d8b61
0000000002c43f71
0000000000000181
0000055e75883361
0000000002c43f71
0000000000000181
0000057115f2db61
0000000002c43f71
0000000000000181
00000583b65d8361
0000000002c43f71
0000000000000181
0000059656c82b61
0000000002c43f71
0000000000000181
000005a8f732d361
0000000002c43f71
0000000000000181
000005bb979d7b61
0000000002c43f71
0000000000000181
000005ce38082461
0000000002c43f71
0000000000000181
000005e0d872cc61
0000000002c43f71
0000000000000181
000005f378dd7461
0000000002c43f71
0000000000000181
0000060619481d61
0000000002c43f71
0000000000000181
00000618b9b2c561
0000000002c43f71
0000000000000181
0000062b5a1d6e61
0000000002c43f71
0000000000000181
0000063dfa881661
0000000002c43f71
0000000000000181
000006509af2be61
0000000002c43f71
0000000000000181
000006633b5d6761
0000000002c43f71
0000000000000181
00000675dbc81061
0000000002c43f71
0000000000000181
000006887c32b861
0000000002c43f71
0000000000000181
0000069b1c9d6161
0000000002c43f71
0000000000000181
000006adbd080961
0000000002c43f71
0000000000000181
000006c05d72b261
0000000002c43f71
0000000000000181
000006d2fddd5b61
0000000002c43f71
0000000000000181
000006e59e480461
0000000002c43f71
0000000000000181
000006f83eb2ac61
0000000002c43f71
0000000000000181
0000070adf1d5561
0000000002c43f71
0000000000000181
0000071d7f87fe61
0000000002c43f71
0000000000000181
000007301ff2a761
0000000002c43f71
0000000000000181
000003a04e256419
00000742c05d5061
0000000002c43f71
0000000000000181
0000075560c7f861
0000000002c43f71
0000000000000181
000007680132a161
0000000002c43f71
0000000000000181
0000077aa19d4a61
0000000002c43f71
0000000000000181
0000078d4207f361
0000000002c43f71
0000000000000181
0000079fe2729c61
0000000002c43f71
0000000000000181
000007b282dd4561
0000000002c43f71
0000000000000181
000007c52347ee61
0000000002c43f71
0000000000000181
000007d7c3b29761
0000000002c43f71
0000000000000181
000007ea641d4061
0000000002c43f71
0000000000000181
000003f7afcd77b9
000007fd0487e961
0000000002c43f71
0000000000000181
0000080fa4f29261
0000000002c43f71
0000000000000181
00000822455d3b61
0000000002c43f71
0000000000000181
00000834e5c7e461
0000000002c43f71
0000000000000181
0000084786328d61
0000000002c43f71
0000000000000181
0000085a269d3661
0000000002c43f71
0000000000000181
0000086cc707df61
0000000002c43f71
0000000000000181
0000043b30fdbad9
0000087f67728961
0000000002c43f71
0000000000000181
0000089207dd3261
0000000002c43f71
0000000000000181
000008a4a847db61
0000000002c43f71
0000000000000181
000008b748b28461
0000000002c43f71
0000000000000181
000008c9e91d2d61
0000000002c43f71
0000000000000181
000008dc8987d761
0000000002c43f71
0000000000000181
0000047783b05c59
000008ef29f28061
0000000002c43f71
0000000000000181
0000047b4a9331d9
00000901ca5d2961
0000000002c43f71
0000000000000181
000009146ac7d261
0000000002c43f71
0000000000000181
000009270b327c61
0000000002c43f71
0000000000000181
00000939ab9d2561
0000000002c43f71
0000000000000181
0000094c4c07ce61
0000000002c43f71
0000000000000181
0000095eec727861
0000000002c43f71
0000000000000181
000009718cdd2161
0000000002c43f71
0000000000000181
000009842d47ca61
0000000002c43f71
0000000000000181
00000996cdb27361
0000000002c43f71
0000000000000181
000009a96e1d1d61
0000000002c43f71
0000000000000181
000009bc0e87c661
0000000002c43f71
0000000000000181
000009ceaef26f61
0000000002c43f71
0000000000000181
000009e14f5d1961
0000000002c43f71
0000000000000181
000009f3efc7c261
0000000002c43f71
0000000000000181
00000a0690326b61
0000000002c43f71
0000000000000181
00000a19309d1561
0000000002c43f71
0000000000000181
00000a2bd107be61
0000000002c43f71
0000000000000181
00000a3e71726761
0000000002c43f71
0000000000000181
00000a5111dd1161
0000000002c43f71
0000000000000181
00000a63b247ba61
0000000002c43f71
0000000000000181
00000a7652b26361
0000000002c43f71
0000000000000181
00000a88f31d0d61
0000000002c43f71
0000000000000181
00000a9b9387b661
0000000002c43f71
0000000000000181
00000aae33f25f61
0000000002c43f71
0000000000000181
00000ac0d45d0961
0000000002c43f71
0000000000000181
00000ad374c7b261
0000000002c43f71
0000000000000181
00000ae615325b61
0000000002c43f71
0000000000000181
00000af8b59d0561
0000000002c43f71
0000000000000181
00000b0b5607ae61
0000000002c43f71
0000000000000181
00000b1df6725861
0000000002c43f71
0000000000000181
00000b3096dd0161
0000000002c43f71
0000000000000181
00000b433747aa61
0000000002c43f71
0000000000000181
00000b55d7b25461
0000000002c43f71
0000000000000181
00000b68781cfd61
0000000002c43f71
0000000000000181
00000b7b1887a761
0000000002c43f71
0000000000000181
00000b8db8f25061
0000000002c43f71
0000000000000181
00000ba0595cf961
0000000002c43f71
0000000000000181
00000bb2f9c7a361
0000000002c43f71
0000000000000181
00000bc59a324c61
0000000002c43f71
0000000000000181
00000bd83a9cf561
0000000002c43f71
0000000000000181
00000beadb079f61
0000000002c43f71
0000000000000181
00000bfd7b724861
0000000002c43f71
0000000000000181
00000c101bdcf261
0000000002c43f71
0000000000000181
00000c22bc479b61
0000000002c43f71
0000000000000181
00000c355cb24461
0000000002c43f71
0000000000000181
00000c47fd1cee61
0000000002c43f71
0000000000000181
00000c5a9d879761
0000000002c43f71
0000000000000181
00000c6d3df24061
0000000002c43f71
0000000000000181
00000c7fde5cea61
0000000002c43f71
0000000000000181
00000c927ec79361
0000000002c43f71
0000000000000181
00000ca51f323c61
0000000002c43f71
0000000000000181
00000cb7bf9ce661
0000000002c43f71
0000000000000181
00000cca60078f61
0000000002c43f71
0000000000000181
00000cdd00723861
0000000002c43f71
0000000000000181
00000cefa0dce261
0000000002c43f71
0000000000000181
00000d0241478b61
0000000002c43f71
0000000000000181
00000d14e1b23461
0000000002c43f71
0000000000000181
00000d27821cde61
0000000002c43f71
0000000000000181
00000d3a22878761
0000000002c43f71
0000000000000181
00000d4cc2f23061
0000000002c43f71
0000000000000181
00000d5f635cd961
0000000002c43f71
0000000000000181
00000d7203c78361
0000000002c43f71
0000000000000181
00000d84a4322c61
0000000002c43f71
0000000000000181
00000d97449cd561
0000000002c43f71
0000000000000181
00000da9e5077e61
0000000002c43f71
0000000000000181
00000dbc85722861
0000000002c43f71
0000000000000181
00000dcf25dcd161
0000000002c43f71
0000000000000181
00000de1c6477a61
0000000002c43f71
0000000000000181
00000df466b22361
0000000002c43f71
0000000000000181
00000e07071ccd61
0000000002c43f71
0000000000000181
00000e19a7877661
0000000002c43f71
0000000000000181
00000e2c47f21f61
0000000002c43f71
0000000000000181
00000e3ee85cc861
0000000002c43f71
0000000000000181
00000e5188c77261
0000000002c43f71
0000000000000181
00000e6429321b61
0000000002c43f71
0000000000000181
00000e76c99cc461
0000000002c43f71
0000000000000181
00000e896a076d61
0000000002c43f71
0000000000000181
00000e9c0a721661
0000000002c43f71
0000000000000181
00000eaeaadcbf61
0000000002c43f71
0000000000000181
00000ec14b476861
0000000002c43f71
0000000000000181
00000ed3ebb21161
0000000002c43f71
0000000000000181
0000076a8fbd8279
00000ee68c1cba61
0000000002c43f71
0000000000000181
00000ef92c876361
0000000002c43f71
0000000000000181
00000f0bccf20c61
0000000002c43f71
0000000000000181
00000f1e6d5cb561
0000000002c43f71
0000000000000181
00000f310dc75e61
0000000002c43f71
0000000000000181
00000f43ae320761
0000000002c43f71
0000000000000181
00000f564e9cb061
0000000002c43f71
0000000000000181
00000f68ef075961
0000000002c43f71
0000000000000181
00000f7b8f720261
0000000002c43f71
0000000000000181
00000f8e2fdcab61
0000000002c43f71
0000000000000181
00000fa0d0475461
0000000002c43f71
0000000000000181
00000fb370b1fd61
0000000002c43f71
0000000000000181
00000fc6111ca661
0000000002c43f71
0000000000000181
00000fd8b1874f61
0000000002c43f71
0000000000000181
00000feb51f1f861
0000000002c43f71
0000000000000181
00000ffdf25ca061
0000000002c43f71
0000000000000181
0000101092c74961
0000000002c43f71
0000000000000181
000010233331f261
0000000002c43f71
0000000000000181
00001035d39c9b61
0000000002c43f71
0000000000000181
0000104874074461
0000000002c43f71
0000000000000181
0000105b1471ec61
0000000002c43f71
0000000000000181
0000106db4dc9561
0000000002c43f71
0000000000000181
0000108055473e61
0000000002c43f71
0000000000000181
00001092f5b1e761
0000000002c43f71
0000000000000181
000010a5961c8f61
0000000002c43f71
0000000000000181
000010b836873861
0000000002c43f71
0000000000000181
000010cad6f1e161
0000000002c43f71
0000000000000181
000010dd775c8961
0000000002c43f71
0000000000000181
000010f017c73261
0000000002c43f71
0000000000000181
00001102b831db61
0000000002c43f71
0000000000000181
00001115589c8361
0000000002c43f71
0000000000000181
00001127f9072c61
0000000002c43f71
0000000000000181
0000113a9971d561
0000000002c43f71
0000000000000181
0000114d39dc7d61
0000000002c43f71
0000000000000181
0000115fda472661
0000000002c43f71
0000000000000181
000011727ab1ce61
0000000002c43f71
0000000000000181
000011851b1c7761
0000000002c43f71
0000000000000181
00001197bb871f61
0000000002c43f71
0000000000000181
000011aa5bf1c761
0000000002c43f71
0000000000000181
000011bcfc5c7061
0000000002c43f71
0000000000000181
000011cf9cc71861
0000000002c43f71
0000000000000181
000011e23d31c161
0000000002c43f71
0000000000000181
000011f4dd9c6961
0000000002c43f71
0000000000000181
000012077e071161
0000000002c43f71
0000000000000181
0000121a1e71b961
0000000002c43f71
0000000000000181
0000122cbedc6261
0000000002c43f71
0000000000000181
0000123f5f470a61
0000000002c43f71
0000000000000181
00001251ffb1b261
0000000002c43f71
0000000000000181
00001264a01c5a61
0000000002c43f71
0000000000000181
0000127740870261
0000000002c43f71
0000000000000181
00001289e0f1ab61
0000000002c43f71
0000000000000181
0000129c815c5361
0000000002c43f71
0000000000000181
000012af21c6fb61
0000000002c43f71
0000000000000181
000012c1c231a361
0000000002c43f71
0000000000000181
000012d4629c4b61
0000000002c43f71
0000000000000181
000012e70306f361
0000000002c43f71
0000000000000181
000012f9a3719b61
0000000002c43f71
0000000000000181
0000130c43dc4361
0000000002c43f71
0000000000000181
0000131ee446ea61
0000000002c43f71
0000000000000181
0000133184b19261
0000000002c43f71
0000000000000181
00001344251c3a61
0000000002c43f71
0000000000000181
00001356c586e261
0000000002c43f71
0000000000000181
0000136965f18a61
0000000002c43f71
0000000000000181
0000137c065c3261
0000000002c43f71
0000000000000181
0000138ea6c6d961
0000000002c43f71
0000000000000181
000013a147318161
0000000002c43f71
0000000000000181
000013b3e79c2961
0000000002c43f71
0000000000000181
000013c68806d061
0000000002c43f71
0000000000000181
000013d928717861
0000000002c43f71
0000000000000181
000013ebc8dc2061
0000000002c43f71
0000000000000181
000013fe6946c761
0000000002c43f71
0000000000000181
0000141109b16f61
0000000002c43f71
0000000000000181
00001423aa1c1661
0000000002c43f71
0000000000000181
000014364a86be61
0000000002c43f71
0000000000000181
00001448eaf16561
0000000002c43f71
0000000000000181
0000145b8b5c0d61
0000000002c43f71
0000000000000181
00000a33b1178739
0000146e2bc6b461
0000000002c43f71
0000000000000181
00001480cc315c61
0000000002c43f71
0000000000000181
000014936c9c0361
0000000002c43f71
0000000000000181
000014a60d06aa61
0000000002c43f71
0000000000000181
000014b8ad715261
0000000002c43f71
0000000000000181
000014cb4ddbf961
0000000002c43f71
0000000000000181
000014ddee46a061
0000000002c43f71
0000000000000181
000014f08eb14861
0000000002c43f71
0000000000000181
000015032f1bef61
0000000002c43f71
0000000000000181
00001515cf869661
0000000002c43f71
0000000000000181
000015286ff13d61
0000000002c43f71
0000000000000181
0000153b105be561
0000000002c43f71
0000000000000181
0000154db0c68c61
0000000002c43f71
0000000000000181
0000156051313361
0000000002c43f71
0000000000000181
00001572f19bda61
0000000002c43f71
0000000000000181
00000abaec6ff0d9
0000158592068161
0000000002c43f71
0000000000000181
0000159832712861
0000000002c43f71
0000000000000181
000015aad2dbcf61
0000000002c43f71
0000000000000181
000015bd73467661
0000000002c43f71
0000000000000181
000015d013b11d61
0000000002c43f71
0000000000000181
000015e2b41bc461
0000000002c43f71
0000000000000181
000015f554866b61
0000000002c43f71
0000000000000181
00001607f4f11161
0000000002c43f71
0000000000000181
0000161a955bb861
0000000002c43f71
0000000000000181
0000162d35c65f61
0000000002c43f71
0000000000000181
0000163fd6310661
0000000002c43f71
0000000000000181
00001652769bad61
0000000002c43f71
0000000000000181
0000166517065361
0000000002c43f71
0000000000000181
00001677b770fa61
0000000002c43f71
0000000000000181
0000168a57dba161
0000000002c43f71
0000000000000181
0000169cf8464761
0000000002c43f71
0000000000000181
000016af98b0ee61
0000000002c43f71
0000000000000181
000016c2391b9461
0000000002c43f71
0000000000000181
000016d4d9863b61
0000000002c43f71
0000000000000181
000016e779f0e261
0000000002c43f71
0000000000000181
000016fa1a5b8861
0000000002c43f71
0000000000000181
0000170cbac62f61
0000000002c43f71
0000000000000181
0000171f5b30d561
0000000002c43f71
0000000000000181
00001731fb9b7b61
0000000002c43f71
0000000000000181
000017449c062261
0000000002c43f71
0000000000000181
000017573c70c861
0000000002c43f71
0000000000000181
00001769dcdb6e61
0000000002c43f71
0000000000000181
00000bba46b697f9
0000177c7d461561
0000000002c43f71
0000000000000181
0000178f1db0bb61
0000000002c43f71
0000000000000181
000017a1be1b6161
0000000002c43f71
0000000000000181
000017b45e860861
0000000002c43f71
0000000000000181
000017c6fef0ae61
0000000002c43f71
0000000000000181
000017d99f5b5461
0000000002c43f71
0000000000000181
000017ec3fc5fa61
0000000002c43f71
0000000000000181
000017fee030a161
0000000002c43f71
0000000000000181
00001811809b4761
0000000002c43f71
0000000000000181
000018242105ed61
0000000002c43f71
0000000000000181
00001836c1709361
0000000002c43f71
0000000000000181
0000184961db3961
0000000002c43f71
0000000000000181
0000185c0245df61
0000000002c43f71
0000000000000181
0000186ea2b08561
0000000002c43f71
0000000000000181
00001881431b2b61
0000000002c43f71
0000000000000181
00001893e385d161
0000000002c43f71
0000000000000181
000018a683f07861
0000000002c43f71
0000000000000181
000018b9245b1e61
0000000002c43f71
0000000000000181
000018cbc4c5c461
0000000002c43f71
0000000000000181
000018de65306961
0000000002c43f71
0000000000000181
000018f1059b0f61
0000000002c43f71
0000000000000181
00001903a605b561
0000000002c43f71
0000000000000181
0000191646705b61
0000000002c43f71
0000000000000181
00001928e6db0161
0000000002c43f71
0000000000000181
0000193b8745a761
0000000002c43f71
0000000000000181
0000194e27b04d61
0000000002c43f71
0000000000000181
00001960c81af361
0000000002c43f71
0000000000000181
0000197368859861
0000000002c43f71
0000000000000181
0000198608f03e61
0000000002c43f71
0000000000000181
00001998a95ae461
0000000002c43f71
0000000000000181
000019ab49c58a61
0000000002c43f71
0000000000000181
000019bdea302f61
0000000002c43f71
0000000000000181
000019d08a9ad561
0000000002c43f71
0000000000000181
000019e32b057b61
0000000002c43f71
0000000000000181
000019f5cb702061
0000000002c43f71
0000000000000181
00001a086bdac661
0000000002c43f71
0000000000000181
00001a1b0c456c61
0000000002c43f71
0000000000000181
00001a2dacb01161
0000000002c43f71
0000000000000181
00001a404d1ab761
0000000002c43f71
0000000000000181
00001a52ed855d61
0000000002c43f71
0000000000000181
00001a658df00261
0000000002c43f71
0000000000000181
00001a782e5aa861
0000000002c43f71
0000000000000181
00001a8acec54d61
0000000002c43f71
0000000000000181
00001a9d6f2ff361
0000000002c43f71
0000000000000181
00001ab00f9a9861
0000000002c43f71
0000000000000181
00001ac2b0053e61
0000000002c43f71
0000000000000181
00001ad5506fe361
0000000002c43f71
0000000000000181
00001ae7f0da8961
0000000002c43f71
0000000000000181
00001afa91452f61
0000000002c43f71
0000000000000181
00001b0d31afd461
0000000002c43f71
0000000000000181
00001b1fd21a7961
0000000002c43f71
0000000000000181
00001b3272851f61
0000000002c43f71
0000000000000181
00001b4512efc461
0000000002c43f71
0000000000000181
00001b57b35a6a61
0000000002c43f71
0000000000000181
00001b6a53c50f61
0000000002c43f71
0000000000000181
00001b7cf42fb561
0000000002c43f71
0000000000000181
00001b8f949a5a61
0000000002c43f71
0000000000000181
00001ba23504ff61
0000000002c43f71
0000000000000181
00001bb4d56fa561
0000000002c43f71
0000000000000181
00001bc775da4a61
0000000002c43f71
0000000000000181
00000de7da2e1499
00001bda1644ef61
0000000002c43f71
0000000000000181
00001becb6af9561
0000000002c43f71
0000000000000181
00001bff571a3a61
0000000002c43f71
0000000000000181
00001c11f784df61
0000000002c43f71
0000000000000181
00001c2497ef8561
0000000002c43f71
0000000000000181
00001c37385a2a61
0000000002c43f71
0000000000000181
00001c49d8c4cf61
0000000002c43f71
0000000000000181
00001c5c792f7561
0000000002c43f71
0000000000000181
00001c6f199a1a61
0000000002c43f71
0000000000000181
00001c81ba04bf61
0000000002c43f71
0000000000000181
00001c945a6f6461
0000000002c43f71
0000000000000181
00001ca6fada0961
0000000002c43f71
0000000000000181
00001cb99b44af61
0000000002c43f71
0000000000000181
00001ccc3baf5461
0000000002c43f71
0000000000000181
00001cdedc19f961
0000000002c43f71
0000000000000181
00001cf17c849e61
0000000002c43f71
0000000000000181
00001d041cef4361
0000000002c43f71
0000000000000181
00001d16bd59e961
0000000002c43f71
0000000000000181
00001d295dc48e61
0000000002c43f71
0000000000000181
00001d3bfe2f3361
0000000002c43f71
0000000000000181
00000ea0ee286179
00001d4e9e99d861
0000000002c43f71
0000000000000181
00001d613f047d61
0000000002c43f71
0000000000000181
00001d73df6f2261
0000000002c43f71
0000000000000181
00001d867fd9c761
0000000002c43f71
0000000000000181
00001d9920446d61
0000000002c43f71
0000000000000181
00001dabc0af1261
0000000002c43f71
0000000000000181
00001dbe6119b761
0000000002c43f71
0000000000000181
00001dd101845c61
0000000002c43f71
0000000000000181
00001de3a1ef0161
0000000002c43f71
0000000000000181
00001df64259a661
0000000002c43f71
0000000000000181
00001e08e2c44b61
0000000002c43f71
0000000000000181
00001e1b832ef061
0000000002c43f71
0000000000000181
00001e2e23999561
0000000002c43f71
0000000000000181
00001e40c4043a61
0000000002c43f71
0000000000000181
00001e53646edf61
0000000002c43f71
0000000000000181
00001e6604d98561
0000000002c43f71
0000000000000181
00001e78a5442a61
0000000002c43f71
0000000000000181
00001e8b45aecf61
0000000002c43f71
0000000000000181
00001e9de6197461
0000000002c43f71
0000000000000181
00001eb086841961
0000000002c43f71
0000000000000181
00001ec326eebe61
0000000002c43f71
0000000000000181
00001ed5c7596361
0000000002c43f71
0000000000000181
00001ee867c40861
0000000002c43f71
0000000000000181
00001efb082eac61
0000000002c43f71
0000000000000181
00001f0da8995161
0000000002c43f71
0000000000000181
00001f204903f661
0000000002c43f71
0000000000000181
00001f32e96e9c61
0000000002c43f71
0000000000000181
00001f4589d94061
0000000002c43f71
0000000000000181
00001f582a43e661
0000000002c43f71
0000000000000181
00001f6acaae8a61
0000000002c43f71
0000000000000181
00001f7d6b192f61
0000000002c43f71
0000000000000181
00001f900b83d461
0000000002c43f71
0000000000000181
00001fa2abee7961
0000000002c43f71
0000000000000181
00001fb54c591e61
0000000002c43f71
0000000000000181
00001fc7ecc3c361
0000000002c43f71
0000000000000181
00001fda8d2e6861
0000000002c43f71
0000000000000181
00001fed2d990d61
0000000002c43f71
0000000000000181
00001fffce03b261
0000000002c43f71
0000000000000181
000020126e6e5761
0000000002c43f71
0000000000000181
000020250ed8fc61
0000000002c43f71
0000000000000181
00002037af43a161
0000000002c43f71
0000000000000181
0000204a4fae4661
0000000002c43f71
0000000000000181
0000205cf018eb61
0000000002c43f71
0000000000000181
0000206f90839061
0000000002c43f71
0000000000000181
0000208230ee3561
0000000002c43f71
0000000000000181
00002094d158da61
0000000002c43f71
0000000000000181
000020a771c37f61
0000000002c43f71
0000000000000181
000020ba122e2361
0000000002c43f71
0000000000000181
000020ccb298c861
0000000002c43f71
0000000000000181
000020df53036d61
0000000002c43f71
0000000000000181
000020f1f36e1261
0000000002c43f71
0000000000000181
0000210493d8b761
0000000002c43f71
0000000000000181
0000211734435c61
0000000002c43f71
0000000000000181
0000109401437399
00002129d4ae0161
0000000002c43f71
0000000000000181
0000213c7518a661
0000000002c43f71
0000000000000181
0000214f15834b61
0000000002c43f71
0000000000000181
00002161b5edf061
0000000002c43f71
0000000000000181
0000217456589461
0000000002c43f71
0000000000000181
00002186f6c33961
0000000002c43f71
0000000000000181
00002199972dde61
0000000002c43f71
0000000000000181
000021ac37988361
0000000002c43f71
0000000000000181
000021bed8032861
0000000002c43f71
0000000000000181
000021d1786dcd61
0000000002c43f71
0000000000000181
000010ee3715dd59
000021e418d87261
0000000002c43f71
0000000000000181
000021f6b9431761
0000000002c43f71
0000000000000181
0000220959adbc61
0000000002c43f71
0000000000000181
0000221bfa186161
0000000002c43f71
0000000000000181
0000222e9a830661
0000000002c43f71
0000000000000181
000022413aedab61
0000000002c43f71
0000000000000181
00002253db585061
0000000002c43f71
0000000000000181
000022667bc2f561
0000000002c43f71
0000000000000181
000022791c2d9a61
0000000002c43f71
0000000000000181
0000228bbc983f61
0000000002c43f71
0000000000000181
0000229e5d02e461
0000000002c43f71
0000000000000181
000022b0fd6d8961
0000000002c43f71
0000000000000181
000022c39dd82e61
0000000002c43f71
0000000000000181
000022d63e42d361
0000000002c43f71
0000000000000181
000022e8dead7861
0000000002c43f71
0000000000000181
000022fb7f181d61
0000000002c43f71
0000000000000181
0000230e1f82c261
0000000002c43f71
0000000000000181
00002320bfed6761
0000000002c43f71
0000000000000181
0000233360580c61
0000000002c43f71
0000000000000181
0000234600c2b161
0000000002c43f71
0000000000000181
00002358a12d5661
0000000002c43f71
0000000000000181
0000236b4197fb61
0000000002c43f71
0000000000000181
0000237de202a061
0000000002c43f71
0000000000000181
00002390826d4561
0000000002c43f71
0000000000000181
000023a322d7ea61
0000000002c43f71
0000000000000181
000023b5c3428f61
0000000002c43f71
0000000000000181
000023c863ad3461
0000000002c43f71
0000000000000181
000023db0417d961
0000000002c43f71
0000000000000181
000023eda4827e61
0000000002c43f71
0000000000000181
0000240044ed2461
0000000002c43f71
0000000000000181
00002412e557c961
0000000002c43f71
0000000000000181
0000242585c26e61
0000000002c43f71
0000000000000181
00002438262d1361
0000000002c43f71
0000000000000181
0000244ac697b861
0000000002c43f71
0000000000000181
0000245d67025d61
0000000002c43f71
0000000000000181
00002470076d0261
0000000002c43f71
0000000000000181
00002482a7d7a861
0000000002c43f71
0000000000000181
0000249548424d61
0000000002c43f71
0000000000000181
000024a7e8acf261
0000000002c43f71
0000000000000181
000024ba89179761
0000000002c43f71
0000000000000181
000024cd29823d61
0000000002c43f71
0000000000000181
000024dfc9ece261
0000000002c43f71
0000000000000181
000024f26a578761
0000000002c43f71
0000000000000181
000025050ac22c61
0000000002c43f71
0000000000000181
00002517ab2cd261
0000000002c43f71
0000000000000181
0000252a4b977761
0000000002c43f71
0000000000000181
0000253cec021c61
0000000002c43f71
0000000000000181
0000254f8c6cc261
0000000002c43f71
0000000000000181
000025622cd76761
0000000002c43f71
0000000000000181
00002574cd420c61
0000000002c43f71
0000000000000181
000025876dacb261
0000000002c43f71
0000000000000181
0000259a0e175761
0000000002c43f71
0000000000000181
000025acae81fc61
0000000002c43f71
0000000000000181
000012ded55fb219
000025bf4eeca261
0000000002c43f71
0000000000000181
000025d1ef574761
0000000002c43f71
0000000000000181
000025e48fc1ed61
0000000002c43f71
0000000000000181
000025f7302c9261
0000000002c43f71
0000000000000181
00002609d0973761
0000000002c43f71
0000000000000181
0000130930d10799
0000261c7101dd61
0000000002c43f71
0000000000000181
0000262f116c8261
0000000002c43f71
0000000000000181
00002641b1d72861
0000000002c43f71
0000000000000181
000026545241cd61
0000000002c43f71
0000000000000181
00002666f2ac7361
0000000002c43f71
0000000000000181
00001336564c56b9
0000267993171861
0000000002c43f71
0000000000000181
0000268c3381be61
0000000002c43f71
0000000000000181
0000269ed3ec6361
0000000002c43f71
0000000000000181
000026b174570961
0000000002c43f71
0000000000000181
000026c414c1ae61
0000000002c43f71
0000000000000181
000026d6b52c5461
0000000002c43f71
0000000000000181
000026e95596f961
0000000002c43f71
0000000000000181
000026fbf6019f61
0000000002c43f71
0000000000000181
0000270e966c4461
0000000002c43f71
0000000000000181
0000272136d6ea61
0000000002c43f71
0000000000000181
00002733d7418f61
0000000002c43f71
0000000000000181
0000274677ac3561
0000000002c43f71
0000000000000181
000027591816db61
0000000002c43f71
0000000000000181
0000276bb8818061
0000000002c43f71
0000000000000181
0000277e58ec2661
0000000002c43f71
0000000000000181
00002790f956cc61
0000000002c43f71
0000000000000181
000027a399c17161
0000000002c43f71
0000000000000181
000027b63a2c1761
0000000002c43f71
0000000000000181
000027c8da96bd61
0000000002c43f71
0000000000000181
000027db7b016261
0000000002c43f71
0000000000000181
000027ee1b6c0861
0000000002c43f71
0000000000000181
00002800bbd6ae61
0000000002c43f71
0000000000000181
000028135c415361
0000000002c43f71
0000000000000181
00002825fcabf961
0000000002c43f71
0000000000000181
000028389d169f61
0000000002c43f71
0000000000000181
0000284b3d814561
0000000002c43f71
0000000000000181
0000285dddebea61
0000000002c43f71
0000000000000181
000028707e569061
0000000002c43f71
0000000000000181
000028831ec13661
0000000002c43f71
0000000000000181
00002895bf2bdc61
0000000002c43f71
0000000000000181
000028a85f968161
0000000002c43f71
0000000000000181
000028bb00012761
0000000002c43f71
0000000000000181
000028cda06bcd61
0000000002c43f71
0000000000000181
000028e040d67361
0000000002c43f71
0000000000000181
000028f2e1411961
0000000002c43f71
0000000000000181
0000290581abbe61
0000000002c43f71
0000000000000181
0000148a16566719
0000291822166461
0000000002c43f71
0000000000000181
0000292ac2810a61
0000000002c43f71
0000000000000181
0000293d62ebb061
0000000002c43f71
0000000000000181
0000295003565661
0000000002c43f71
0000000000000181
00002962a3c0fc61
0000000002c43f71
0000000000000181
00002975442ba161
0000000002c43f71
0000000000000181
00002987e4964761
0000000002c43f71
0000000000000181
0000299a8500ed61
0000000002c43f71
0000000000000181
000029ad256b9361
0000000002c43f71
0000000000000181
000029bfc5d63961
0000000002c43f71
0000000000000181
000029d26640df61
0000000002c43f71
0000000000000181
000029e506ab8561
0000000002c43f71
0000000000000181
000029f7a7162b61
0000000002c43f71
0000000000000181
00002a0a4780d161
0000000002c43f71
0000000000000181
00002a1ce7eb7761
0000000002c43f71
0000000000000181
00002a2f88561d61
0000000002c43f71
0000000000000181
00002a4228c0c361
0000000002c43f71
0000000000000181
00002a54c92b6961
0000000002c43f71
0000000000000181
00002a6769960f61
0000000002c43f71
0000000000000181
00002a7a0a00b561
0000000002c43f71
0000000000000181
000015436e1f6d99
00002a8caa6b5b61
0000000002c43f71
0000000000000181
00002a9f4ad60161
0000000002c43f71
0000000000000181
00002ab1eb40a761
0000000002c43f71
0000000000000181
00002ac48bab4d61
0000000002c43f71
0000000000000181
00002ad72c15f461
0000000002c43f71
0000000000000181
00002ae9cc809a61
0000000002c43f71
0000000000000181
00002afc6ceb4061
0000000002c43f71
0000000000000181
00002b0f0d55e661
0000000002c43f71
0000000000000181
00002b21adc08c61
0000000002c43f71
0000000000000181
00002b344e2b3361
0000000002c43f71
0000000000000181
0000159f83e3ddb9
00002b46ee95d961
0000000002c43f71
0000000000000181
00002b598f007f61
0000000002c43f71
0000000000000181
00002b6c2f6b2561
0000000002c43f71
0000000000000181
00002b7ecfd5cc61
0000000002c43f71
0000000000000181
00002b9170407261
0000000002c43f71
0000000000000181
00002ba410ab1861
0000000002c43f71
0000000000000181
00002ba91a853f61
0000000002c43f71
0000000000000181
