[MCS8 A] 97 FW 3.104 SV 1.257 
range=1024
periods=2
sweepmode=27e20d0
fstchan=0
holdafter=0
streamstatus=3
calreg0=0
calreg1=0
calreg2=0
calreg3=0
swpreset=8000        
prena=1
syncout=0
cycles=18
sequences=1
tagbits=16
vdac0=92c
vdac1=807
vdac2=8c8
vdac3=8c8
vdac4=8c8
vdac5=8c8
vdac6=8c8
vdac7=8c8
timepreset=600.000     
digio=0
digval=0
autoinc=0 
savedata=2 
mpafmt=asc
sephead=0 
fmt=asc
smoothpts=5 
[CHN1]
REPORT-FILE from 06/24/2026 11:19:29.995  written 06/24/2026 11:19:29
cmline0=06/24/2026 11:19:29.995 
cmline1=A1
range=1024
active=1
bitshift=4
cftfak=2580100
evpreset=10          
roimin=0
roimax=1000
caloff=0.800000
calfact=12.800000
calfact2=0
calfact3=0
calunit=nsec
caluse=1 
[CHN2]
REPORT-FILE from  written 06/24/2026 11:19:29
cmline1=A2
range=1024
active=0
bitshift=4
cftfak=2580100
evpreset=10          
roimin=0
roimax=1000
caloff=0.800000
calfact=12.800000
calfact2=0
calfact3=0
calunit=nsec
caluse=1 
[CHN3]
REPORT-FILE from  written 06/24/2026 11:19:29
cmline1=A3
range=1024
active=0
bitshift=4
cftfak=2580100
evpreset=10          
roimin=0
roimax=1000
caloff=0.800000
calfact=12.800000
calfact2=0
calfact3=0
calunit=nsec
caluse=1 
[CHN4]
REPORT-FILE from  written 06/24/2026 11:19:29
cmline1=A4
range=1024
active=0
bitshift=4
cftfak=2580100
evpreset=10          
roimin=0
roimax=1000
caloff=0.800000
calfact=12.800000
calfact2=0
calfact3=0
calunit=nsec
caluse=1 
[CHN5]
REPORT-FILE from  written 06/24/2026 11:19:29
cmline1=A5
range=1024
active=0
bitshift=4
cftfak=2580100
evpreset=10          
roimin=0
roimax=1000
caloff=0.800000
calfact=12.800000
calfact2=0
calfact3=0
calunit=nsec
caluse=1 
[CHN6]
REPORT-FILE from  written 06/24/2026 11:19:29
cmline1=A6
range=1024
active=0
bitshift=4
cftfak=2580100
evpreset=10          
roimin=0
roimax=1000
caloff=0.800000
calfact=12.800000
calfact2=0
calfact3=0
calunit=nsec
caluse=1 
[CHN7]
REPORT-FILE from  written 06/24/2026 11:19:29
cmline1=A7
range=1024
active=0
bitshift=4
cftfak=2580100
evpreset=0           
roimin=0
roimax=1000
caloff=0.800000
calfact=12.800000
calfact2=0
calfact3=0
calunit=nsec
caluse=1 
[CHN8]
REPORT-FILE from  written 06/24/2026 11:19:29
cmline1=A8
range=1024
active=0
bitshift=4
cftfak=2580100
evpreset=0           
roimin=0
roimax=1000
caloff=0.800000
calfact=12.800000
calfact2=0
calfact3=0
calunit=nsec
caluse=1 
;MCS8 #97 Sversion=1.257 Fversion=3.68
time_patch=1
;datalength=8 bytes
;bit0..3: channel# 1..8 ( 4 bit)
;bit4: edge 0=up / 1=dn ( 1 bit)
;bit5 ..57: timedata    (53 bit), max sweep length 2001.6 h
;bit58..62: tag0..tag4  ( 5 bit)
;bit63:     data_lost   ( 1 bit)
[DATA]
0000000000000016
0000002156ed8e61
0000000002166d71
0000000000000181
00000033f7580761
0000000002166d71
0000000000000181
0000004697c27f61
0000000002166d71
0000000000000181
00000059382cf861
0000000002166d71
0000000000000181
0000006bd8977161
0000000002166d71
0000000000000181
00000036d6c2fc99
0000007e7901ea61
0000000002166d71
0000000000000181
00000091196c6361
0000000002166d71
0000000000000181
000000a3b9d6db61
0000000002166d71
0000000000000181
000000b65a415561
0000000002166d71
0000000000000181
000000c8faabce61
0000000002166d71
0000000000000181
000000db9b164761
0000000002166d71
0000000000000181
000000ee3b80c061
0000000002166d71
0000000000000181
00000100dbeb3a61
0000000002166d71
0000000000000181
000001137c55b361
0000000002166d71
0000000000000181
000001261cc02c61
0000000002166d71
0000000000000181
00000138bd2aa661
0000000002166d71
0000000000000181
0000014b5d952061
0000000002166d71
0000000000000181
0000015dfdff9961
0000000002166d71
0000000000000181
000001709e6a1361
0000000002166d71
0000000000000181
000001833ed48d61
0000000002166d71
0000000000000181
00000195df3f0761
0000000002166d71
0000000000000181
000001a87fa98161
0000000002166d71
0000000000000181
000001bb2013fb61
0000000002166d71
0000000000000181
000001cdc07e7561
0000000002166d71
0000000000000181
000001e060e8ef61
0000000002166d71
0000000000000181
000001f301536961
0000000002166d71
0000000000000181
00000205a1bde461
0000000002166d71
0000000000000181
0000021842285e61
0000000002166d71
0000000000000181
0000022ae292d961
0000000002166d71
0000000000000181
0000023d82fd5361
0000000002166d71
0000000000000181
000002502367ce61
0000000002166d71
0000000000000181
00000262c3d24961
0000000002166d71
0000000000000181
00000275643cc361
0000000002166d71
0000000000000181
0000028804a73e61
0000000002166d71
0000000000000181
0000029aa511b961
0000000002166d71
0000000000000181
000002ad457c3461
0000000002166d71
0000000000000181
000002bfe5e6af61
0000000002166d71
0000000000000181
000002d286512a61
0000000002166d71
0000000000000181
000002e526bba561
0000000002166d71
0000000000000181
000002f7c7262161
0000000002166d71
0000000000000181
0000030a67909c61
0000000002166d71
0000000000000181
0000031d07fb1761
0000000002166d71
0000000000000181
0000032fa8659361
0000000002166d71
0000000000000181
0000034248d00f61
0000000002166d71
0000000000000181
00000354e93a8a61
0000000002166d71
0000000000000181
0000036789a50661
0000000002166d71
0000000000000181
0000037a2a0f8161
0000000002166d71
0000000000000181
0000038cca79fd61
0000000002166d71
0000000000000181
0000039f6ae47961
0000000002166d71
0000000000000181
000003b20b4ef561
0000000002166d71
0000000000000181
000003c4abb97161
0000000002166d71
0000000000000181
000003d74c23ed61
0000000002166d71
0000000000000181
000001f323e94a39
000003e9ec8e6961
0000000002166d71
0000000000000181
000003fc8cf8e661
0000000002166d71
0000000000000181
0000040f2d636261
0000000002166d71
0000000000000181
00000421cdcdde61
0000000002166d71
0000000000000181
000004346e385b61
0000000002166d71
0000000000000181
000004470ea2d761
0000000002166d71
0000000000000181
00000459af0d5461
0000000002166d71
0000000000000181
0000046c4f77d061
0000000002166d71
0000000000000181
0000047eefe24d61
0000000002166d71
0000000000000181
00000491904cca61
0000000002166d71
0000000000000181
000004a430b74761
0000000002166d71
0000000000000181
000004b6d121c461
0000000002166d71
0000000000000181
000002644410beb9
000004c9718c4161
0000000002166d71
0000000000000181
000004dc11f6be61
0000000002166d71
0000000000000181
000004eeb2613b61
0000000002166d71
0000000000000181
0000050152cbb861
0000000002166d71
0000000000000181
00000513f3363561
0000000002166d71
0000000000000181
0000052693a0b261
0000000002166d71
0000000000000181
00000539340b3061
0000000002166d71
0000000000000181
0000054bd475ad61
0000000002166d71
0000000000000181
0000055e74e02b61
0000000002166d71
0000000000000181
00000571154aa861
0000000002166d71
0000000000000181
00000583b5b52661
0000000002166d71
0000000000000181
00000596561fa461
0000000002166d71
0000000000000181
000005a8f68a2161
0000000002166d71
0000000000000181
000005bb96f49f61
0000000002166d71
0000000000000181
000005ce375f1d61
0000000002166d71
0000000000000181
000005e0d7c99b61
0000000002166d71
0000000000000181
000005f378341961
0000000002166d71
0000000000000181
00000300a899e6b9
00000606189e9761
0000000002166d71
0000000000000181
00000618b9091661
0000000002166d71
0000000000000181
0000062b59739461
0000000002166d71
0000000000000181
0000063df9de1261
0000000002166d71
0000000000000181
000006509a489161
0000000002166d71
0000000000000181
000006633ab30f61
0000000002166d71
0000000000000181
00000675db1d8e61
0000000002166d71
0000000000000181
000006887b880d61
0000000002166d71
0000000000000181
0000069b1bf28c61
0000000002166d71
0000000000000181
000006adbc5d0a61
0000000002166d71
0000000000000181
000006c05cc78961
0000000002166d71
0000000000000181
000006d2fd320861
0000000002166d71
0000000000000181
000006e59d9c8761
0000000002166d71
0000000000000181
000006f83e070761
0000000002166d71
0000000000000181
0000070ade718661
0000000002166d71
0000000000000181
0000071d7edc0561
0000000002166d71
0000000000000181
000007301f468461
0000000002166d71
0000000000000181
00000742bfb10461
0000000002166d71
0000000000000181
00000755601b8361
0000000002166d71
0000000000000181
0000076800860361
0000000002166d71
0000000000000181
0000077aa0f08261
0000000002166d71
0000000000000181
000003c533a029d9
0000078d415b0261
0000000002166d71
0000000000000181
0000079fe1c58261
0000000002166d71
0000000000000181
000007b282300261
0000000002166d71
0000000000000181
000007c5229a8261
0000000002166d71
0000000000000181
000007d7c3050261
0000000002166d71
0000000000000181
000007ea636f8261
0000000002166d71
0000000000000181
000007fd03da0261
0000000002166d71
0000000000000181
0000080fa4448261
0000000002166d71
0000000000000181
0000082244af0261
0000000002166d71
0000000000000181
00000834e5198361
0000000002166d71
0000000000000181
0000084785840361
0000000002166d71
0000000000000181
0000085a25ee8461
0000000002166d71
0000000000000181
0000086cc6590461
0000000002166d71
0000000000000181
0000087f66c38561
0000000002166d71
0000000000000181
00000892072e0661
0000000002166d71
0000000000000181
000008a4a7988761
0000000002166d71
0000000000000181
000008b748030761
0000000002166d71
0000000000000181
000008c9e86d8861
0000000002166d71
0000000000000181
000008dc88d80961
0000000002166d71
0000000000000181
000008ef29428a61
0000000002166d71
0000000000000181
00000901c9ad0c61
0000000002166d71
0000000000000181
000009146a178d61
0000000002166d71
0000000000000181
000009270a820e61
0000000002166d71
0000000000000181
00000939aaec9061
0000000002166d71
0000000000000181
0000094c4b571161
0000000002166d71
0000000000000181
0000095eebc19361
0000000002166d71
0000000000000181
000009718c2c1461
0000000002166d71
0000000000000181
000009842c969661
0000000002166d71
0000000000000181
00000996cd011861
0000000002166d71
0000000000000181
000009a96d6b9a61
0000000002166d71
0000000000000181
000009bc0dd61c61
0000000002166d71
0000000000000181
000009ceae409d61
0000000002166d71
0000000000000181
000009e14eab2061
0000000002166d71
0000000000000181
000009f3ef15a261
0000000002166d71
0000000000000181
00000a068f802461
0000000002166d71
0000000000000181
00000a192feaa661
0000000002166d71
0000000000000181
00000a2bd0552961
0000000002166d71
0000000000000181
00000a3e70bfab61
0000000002166d71
0000000000000181
00000a51112a2e61
0000000002166d71
0000000000000181
00000a63b194b061
0000000002166d71
0000000000000181
00000a7651ff3361
0000000002166d71
0000000000000181
00000a88f269b561
0000000002166d71
0000000000000181
00000a9b92d43861
0000000002166d71
0000000000000181
00000aae333ebb61
0000000002166d71
0000000000000181
00000ac0d3a93e61
0000000002166d71
0000000000000181
00000ad37413c161
0000000002166d71
0000000000000181
00000ae6147e4461
0000000002166d71
0000000000000181
00000af8b4e8c861
0000000002166d71
0000000000000181
00000b0b55534b61
0000000002166d71
0000000000000181
00000b1df5bdce61
0000000002166d71
0000000000000181
00000b3096285261
0000000002166d71
0000000000000181
00000b433692d561
0000000002166d71
0000000000000181
00000b55d6fd5961
0000000002166d71
0000000000000181
00000b687767dd61
0000000002166d71
0000000000000181
00000b7b17d26161
0000000002166d71
0000000000000181
00000b8db83ce461
0000000002166d71
0000000000000181
00000ba058a76861
0000000002166d71
0000000000000181
00000bb2f911ec61
0000000002166d71
0000000000000181
00000bc5997c7061
0000000002166d71
0000000000000181
00000bd839e6f461
0000000002166d71
0000000000000181
00000beada517961
0000000002166d71
0000000000000181
00000bfd7abbfd61
0000000002166d71
0000000000000181
00000c101b268161
0000000002166d71
0000000000000181
00000c22bb910661
0000000002166d71
0000000000000181
00000c355bfb8a61
0000000002166d71
0000000000000181
00000c47fc660f61
0000000002166d71
0000000000000181
00000c5a9cd09361
0000000002166d71
0000000000000181
00000c6d3d3b1861
0000000002166d71
0000000000000181
00000c7fdda59d61
0000000002166d71
0000000000000181
00000c927e102261
0000000002166d71
0000000000000181
00000ca51e7aa761
0000000002166d71
0000000000000181
00000cb7bee52c61
0000000002166d71
0000000000000181
00000cca5f4fb161
0000000002166d71
0000000000000181
00000cdcffba3661
0000000002166d71
0000000000000181
00000cefa024bb61
0000000002166d71
0000000000000181
00000d02408f4161
0000000002166d71
0000000000000181
00000d14e0f9c661
0000000002166d71
0000000000000181
00000d2781644b61
0000000002166d71
0000000000000181
00000d3a21ced161
0000000002166d71
0000000000000181
00000d4cc2395661
0000000002166d71
0000000000000181
00000d5f62a3dc61
0000000002166d71
0000000000000181
000006b43f04f4b9
00000d72030e6261
0000000002166d71
0000000000000181
00000d84a378e861
0000000002166d71
0000000000000181
00000d9743e36d61
0000000002166d71
0000000000000181
00000da9e44df361
0000000002166d71
0000000000000181
00000dbc84b87961
0000000002166d71
0000000000000181
00000dcf25230061
0000000002166d71
0000000000000181
000006ed6de36479
00000de1c58d8661
0000000002166d71
0000000000000181
00000df465f80c61
0000000002166d71
0000000000000181
00000e0706629261
0000000002166d71
0000000000000181
00000e19a6cd1961
0000000002166d71
0000000000000181
00000e2c47379f61
0000000002166d71
0000000000000181
00000e3ee7a22661
0000000002166d71
0000000000000181
00000e51880cac61
0000000002166d71
0000000000000181
00000e6428773361
0000000002166d71
0000000000000181
00000e76c8e1ba61
0000000002166d71
0000000000000181
00000e89694c4161
0000000002166d71
0000000000000181
00000e9c09b6c861
0000000002166d71
0000000000000181
00000eaeaa214f61
0000000002166d71
0000000000000181
00000ec14a8bd661
0000000002166d71
0000000000000181
00000ed3eaf65d61
0000000002166d71
0000000000000181
00000ee68b60e461
0000000002166d71
0000000000000181
00000ef92bcb6b61
0000000002166d71
0000000000000181
00000f0bcc35f261
0000000002166d71
0000000000000181
00000f1e6ca07a61
0000000002166d71
0000000000000181
00000f310d0b0161
0000000002166d71
0000000000000181
00000f43ad758961
0000000002166d71
0000000000000181
00000f564de01161
0000000002166d71
0000000000000181
00000f68ee4a9861
0000000002166d71
0000000000000181
00000f7b8eb52061
0000000002166d71
0000000000000181
00000f8e2f1fa861
0000000002166d71
0000000000000181
00000fa0cf8a3061
0000000002166d71
0000000000000181
00000fb36ff4b861
0000000002166d71
0000000000000181
00000fc6105f4061
0000000002166d71
0000000000000181
00000fd8b0c9c861
0000000002166d71
0000000000000181
00000feb51345061
0000000002166d71
0000000000000181
00000ffdf19ed861
0000000002166d71
0000000000000181
0000101092096161
0000000002166d71
0000000000000181
000010233273e961
0000000002166d71
0000000000000181
00001035d2de7261
0000000002166d71
0000000000000181
000010487348fa61
0000000002166d71
0000000000000181
0000105b13b38361
0000000002166d71
0000000000000181
0000106db41e0c61
0000000002166d71
0000000000000181
0000108054889561
0000000002166d71
0000000000000181
00001092f4f31e61
0000000002166d71
0000000000000181
000010a5955da761
0000000002166d71
0000000000000181
000010b835c83061
0000000002166d71
0000000000000181
000010cad632b961
0000000002166d71
0000000000000181
000010dd769d4261
0000000002166d71
0000000000000181
000010f01707cb61
0000000002166d71
0000000000000181
00001102b7725461
0000000002166d71
0000000000000181
0000111557dcde61
0000000002166d71
0000000000000181
00001127f8476761
0000000002166d71
0000000000000181
0000113a98b1f161
0000000002166d71
0000000000000181
0000114d391c7b61
0000000002166d71
0000000000000181
0000115fd9870461
0000000002166d71
0000000000000181
0000117279f18e61
0000000002166d71
0000000000000181
000011851a5c1861
0000000002166d71
0000000000000181
00001197bac6a261
0000000002166d71
0000000000000181
000011aa5b312c61
0000000002166d71
0000000000000181
000011bcfb9bb661
0000000002166d71
0000000000000181
000011cf9c064061
0000000002166d71
0000000000000181
000011e23c70cb61
0000000002166d71
0000000000000181
000011f4dcdb5561
0000000002166d71
0000000000000181
000012077d45df61
0000000002166d71
0000000000000181
0000121a1db06a61
0000000002166d71
0000000000000181
0000122cbe1af561
0000000002166d71
0000000000000181
0000123f5e857f61
0000000002166d71
0000000000000181
00001251fef00a61
0000000002166d71
0000000000000181
000012649f5a9561
0000000002166d71
0000000000000181
000012773fc52061
0000000002166d71
0000000000000181
00001289e02fab61
0000000002166d71
0000000000000181
0000129c809a3661
0000000002166d71
0000000000000181
000012af2104c161
0000000002166d71
0000000000000181
000012c1c16f4c61
0000000002166d71
0000000000000181
000012d461d9d761
0000000002166d71
0000000000000181
000012e702446261
0000000002166d71
0000000000000181
000012f9a2aeee61
0000000002166d71
0000000000000181
0000130c43197961
0000000002166d71
0000000000000181
0000131ee3840561
0000000002166d71
0000000000000181
0000133183ee9061
0000000002166d71
0000000000000181
0000134424591c61
0000000002166d71
0000000000000181
00001356c4c3a861
0000000002166d71
0000000000000181
000009ad3e92b699
00001369652e3461
0000000002166d71
0000000000000181
0000137c0598c061
0000000002166d71
0000000000000181
0000138ea6034c61
0000000002166d71
0000000000000181
000013a1466dd861
0000000002166d71
0000000000000181
000013b3e6d86461
0000000002166d71
0000000000000181
000013c68742f061
0000000002166d71
0000000000000181
000013d927ad7c61
0000000002166d71
0000000000000181
000013ebc8180961
0000000002166d71
0000000000000181
000013fe68829561
0000000002166d71
0000000000000181
0000141108ed2261
0000000002166d71
0000000000000181
00001423a957ae61
0000000002166d71
0000000000000181
0000143649c23b61
0000000002166d71
0000000000000181
00001448ea2cc861
0000000002166d71
0000000000000181
0000145b8a975561
0000000002166d71
0000000000000181
0000146e2b01e261
0000000002166d71
0000000000000181
00001480cb6c6f61
0000000002166d71
0000000000000181
000014936bd6fc61
0000000002166d71
0000000000000181
000014a60c418961
0000000002166d71
0000000000000181
000014b8acac1661
0000000002166d71
0000000000000181
000014cb4d16a361
0000000002166d71
0000000000000181
000014dded813161
0000000002166d71
0000000000000181
000014f08debbe61
0000000002166d71
0000000000000181
000015032e564c61
0000000002166d71
0000000000000181
00001515cec0d961
0000000002166d71
0000000000000181
000015286f2b6761
0000000002166d71
0000000000000181
0000153b0f95f561
0000000002166d71
0000000000000181
0000154db0008261
0000000002166d71
0000000000000181
00001560506b1061
0000000002166d71
0000000000000181
00001572f0d59e61
0000000002166d71
0000000000000181
0000158591402c61
0000000002166d71
0000000000000181
0000159831aaba61
0000000002166d71
0000000000000181
000015aad2154961
0000000002166d71
0000000000000181
000015bd727fd761
0000000002166d71
0000000000000181
000015d012ea6561
0000000002166d71
0000000000000181
000015e2b354f461
0000000002166d71
0000000000000181
000015f553bf8261
0000000002166d71
0000000000000181
00000b01ae57ea59
00001607f42a1161
0000000002166d71
0000000000000181
0000161a94949f61
0000000002166d71
0000000000000181
0000162d34ff2e61
0000000002166d71
0000000000000181
0000163fd569bd61
0000000002166d71
0000000000000181
0000165275d44c61
0000000002166d71
0000000000000181
00001665163edb61
0000000002166d71
0000000000000181
00001677b6a96a61
0000000002166d71
0000000000000181
0000168a5713f961
0000000002166d71
0000000000000181
0000169cf77e8861
0000000002166d71
0000000000000181
000016af97e91861
0000000002166d71
0000000000000181
000016c23853a761
0000000002166d71
0000000000000181
000016d4d8be3661
0000000002166d71
0000000000000181
000016e77928c661
0000000002166d71
0000000000000181
000016fa19935661
0000000002166d71
0000000000000181
0000170cb9fde561
0000000002166d71
0000000000000181
0000171f5a687561
0000000002166d71
0000000000000181
00001731fad30561
0000000002166d71
0000000000000181
000017449b3d9561
0000000002166d71
0000000000000181
000017573ba82561
0000000002166d71
0000000000000181
00001769dc12b561
0000000002166d71
0000000000000181
0000177c7c7d4561
0000000002166d71
0000000000000181
0000178f1ce7d661
0000000002166d71
0000000000000181
000017a1bd526661
0000000002166d71
0000000000000181
000017b45dbcf661
0000000002166d71
0000000000000181
000017c6fe278761
0000000002166d71
0000000000000181
000017d99e921761
0000000002166d71
0000000000000181
000017ec3efca861
0000000002166d71
0000000000000181
000017fedf673961
0000000002166d71
0000000000000181
000018117fd1ca61
0000000002166d71
0000000000000181
00001824203c5a61
0000000002166d71
0000000000000181
00001836c0a6eb61
0000000002166d71
0000000000000181
0000184961117c61
0000000002166d71
0000000000000181
0000185c017c0e61
0000000002166d71
0000000000000181
0000186ea1e69f61
0000000002166d71
0000000000000181
0000188142513061
0000000002166d71
0000000000000181
00001893e2bbc161
0000000002166d71
0000000000000181
000018a683265361
0000000002166d71
0000000000000181
000018b92390e461
0000000002166d71
0000000000000181
000018cbc3fb7661
0000000002166d71
0000000000000181
000018de64660761
0000000002166d71
0000000000000181
000018f104d09961
0000000002166d71
0000000000000181
00001903a53b2b61
0000000002166d71
0000000000000181
0000191645a5bd61
0000000002166d71
0000000000000181
00000c8f4ab82339
00001928e6104e61
0000000002166d71
0000000000000181
0000193b867ae061
0000000002166d71
0000000000000181
0000194e26e57261
0000000002166d71
0000000000000181
00001960c7500461
0000000002166d71
0000000000000181
0000197367ba9761
0000000002166d71
0000000000000181
0000198608252961
0000000002166d71
0000000000000181
00001998a88fbb61
0000000002166d71
0000000000000181
000019ab48fa4d61
0000000002166d71
0000000000000181
000019bde964e061
0000000002166d71
0000000000000181
000019d089cf7261
0000000002166d71
0000000000000181
000019e32a3a0561
0000000002166d71
0000000000000181
000019f5caa49861
0000000002166d71
0000000000000181
00001a086b0f2a61
0000000002166d71
0000000000000181
00001a1b0b79bd61
0000000002166d71
0000000000000181
00001a2dabe45061
0000000002166d71
0000000000000181
00001a404c4ee361
0000000002166d71
0000000000000181
00001a52ecb97661
0000000002166d71
0000000000000181
00001a658d240961
0000000002166d71
0000000000000181
00001a782d8e9c61
0000000002166d71
0000000000000181
00001a8acdf92f61
0000000002166d71
0000000000000181
00001a9d6e63c261
0000000002166d71
0000000000000181
00001ab00ece5661
0000000002166d71
0000000000000181
00001ac2af38e961
0000000002166d71
0000000000000181
00001ad54fa37c61
0000000002166d71
0000000000000181
00001ae7f00e1061
0000000002166d71
0000000000000181
00001afa9078a361
0000000002166d71
0000000000000181
00001b0d30e33761
0000000002166d71
0000000000000181
00001b1fd14dca61
0000000002166d71
0000000000000181
00001b3271b85e61
0000000002166d71
0000000000000181
00001b451222f261
0000000002166d71
0000000000000181
00001b57b28d8661
0000000002166d71
0000000000000181
00001b6a52f81961
0000000002166d71
0000000000000181
00001b7cf362ad61
0000000002166d71
0000000000000181
00001b8f93cd4161
0000000002166d71
0000000000000181
00001ba23437d561
0000000002166d71
0000000000000181
00001bb4d4a26961
0000000002166d71
0000000000000181
00001bc7750cfd61
0000000002166d71
0000000000000181
00001bda15779161
0000000002166d71
0000000000000181
00001becb5e22661
0000000002166d71
0000000000000181
00001bff564cba61
0000000002166d71
0000000000000181
00001c11f6b74e61
0000000002166d71
0000000000000181
00001c249721e361
0000000002166d71
0000000000000181
00001c37378c7761
0000000002166d71
0000000000000181
00001c49d7f70b61
0000000002166d71
0000000000000181
00001c5c7861a061
0000000002166d71
0000000000000181
00001c6f18cc3461
0000000002166d71
0000000000000181
00001c81b936c961
0000000002166d71
0000000000000181
00001c9459a15e61
0000000002166d71
0000000000000181
00001ca6fa0bf261
0000000002166d71
0000000000000181
00001cb99a768761
0000000002166d71
0000000000000181
00001ccc3ae11c61
0000000002166d71
0000000000000181
00001cdedb4bb061
0000000002166d71
0000000000000181
00001cf17bb64561
0000000002166d71
0000000000000181
00001d041c20da61
0000000002166d71
0000000000000181
00001d16bc8b6f61
0000000002166d71
0000000000000181
00001d295cf60461
0000000002166d71
0000000000000181
00001d3bfd609961
0000000002166d71
0000000000000181
00001d4e9dcb2e61
0000000002166d71
0000000000000181
00001d613e35c361
0000000002166d71
0000000000000181
00001d73dea05861
0000000002166d71
0000000000000181
00001d867f0aee61
0000000002166d71
0000000000000181
00001d991f758361
0000000002166d71
0000000000000181
00001dabbfe01861
0000000002166d71
0000000000000181
00001dbe604aad61
0000000002166d71
0000000000000181
00001dd100b54361
0000000002166d71
0000000000000181
00001de3a11fd861
0000000002166d71
0000000000000181
00001df6418a6e61
0000000002166d71
0000000000000181
00001e08e1f50361
0000000002166d71
0000000000000181
00001e1b825f9961
0000000002166d71
0000000000000181
00001e2e22ca2e61
0000000002166d71
0000000000000181
00001e40c334c461
0000000002166d71
0000000000000181
00001e53639f5a61
0000000002166d71
0000000000000181
00001e660409f061
0000000002166d71
0000000000000181
00001e78a4748561
0000000002166d71
0000000000000181
00001e8b44df1b61
0000000002166d71
0000000000000181
00001e9de549b161
0000000002166d71
0000000000000181
00001eb085b44761
0000000002166d71
0000000000000181
00001ec3261edd61
0000000002166d71
0000000000000181
00001ed5c6897361
0000000002166d71
0000000000000181
00001ee866f40961
0000000002166d71
0000000000000181
00001efb075e9f61
0000000002166d71
0000000000000181
00001f0da7c93561
0000000002166d71
0000000000000181
00001f204833cb61
0000000002166d71
0000000000000181
00001f32e89e6161
0000000002166d71
0000000000000181
00001f458908f761
0000000002166d71
0000000000000181
00001f5829738d61
0000000002166d71
0000000000000181
00001f6ac9de2361
0000000002166d71
0000000000000181
00001f7d6a48ba61
0000000002166d71
0000000000000181
00001f900ab35061
0000000002166d71
0000000000000181
00001fa2ab1de661
0000000002166d71
0000000000000181
00001fb54b887c61
0000000002166d71
0000000000000181
00001fc7ebf31361
0000000002166d71
0000000000000181
00001fda8c5da961
0000000002166d71
0000000000000181
00001fed2cc84061
0000000002166d71
0000000000000181
00001fffcd32d661
0000000002166d71
0000000000000181
000020126d9d6d61
0000000002166d71
0000000000000181
000020250e080361
0000000002166d71
0000000000000181
00002037ae729a61
0000000002166d71
0000000000000181
0000204a4edd3061
0000000002166d71
0000000000000181
0000205cef47c761
0000000002166d71
0000000000000181
0000206f8fb25e61
0000000002166d71
0000000000000181
00002082301cf461
0000000002166d71
0000000000000181
00002094d0878b61
0000000002166d71
0000000000000181
000020a770f22261
0000000002166d71
0000000000000181
000020ba115cb961
0000000002166d71
0000000000000181
000020ccb1c74f61
0000000002166d71
0000000000000181
000020df5231e661
0000000002166d71
0000000000000181
000020f1f29c7d61
0000000002166d71
0000000000000181
0000210493071461
0000000002166d71
0000000000000181
000021173371ab61
0000000002166d71
0000000000000181
00002129d3dc4261
0000000002166d71
0000000000000181
0000213c7446d961
0000000002166d71
0000000000000181
0000214f14b17061
0000000002166d71
0000000000000181
00002161b51c0761
0000000002166d71
0000000000000181
0000217455869e61
0000000002166d71
0000000000000181
00002186f5f13561
0000000002166d71
0000000000000181
00002199965bcc61
0000000002166d71
0000000000000181
000021ac36c66361
0000000002166d71
0000000000000181
000021bed730fa61
0000000002166d71
0000000000000181
000021d1779b9161
0000000002166d71
0000000000000181
000021e418062861
0000000002166d71
0000000000000181
000021f6b870c061
0000000002166d71
0000000000000181
0000220958db5761
0000000002166d71
0000000000000181
0000221bf945ee61
0000000002166d71
0000000000000181
0000222e99b08561
0000000002166d71
0000000000000181
000022413a1b1d61
0000000002166d71
0000000000000181
00002253da85b461
0000000002166d71
0000000000000181
000022667af04b61
0000000002166d71
0000000000000181
000022791b5ae361
0000000002166d71
0000000000000181
0000228bbbc57a61
0000000002166d71
0000000000000181
0000229e5c301161
0000000002166d71
0000000000000181
000022b0fc9aa961
0000000002166d71
0000000000000181
000022c39d054061
0000000002166d71
0000000000000181
000022d63d6fd861
0000000002166d71
0000000000000181
000022e8ddda6f61
0000000002166d71
0000000000000181
000022fb7e450761
0000000002166d71
0000000000000181
0000230e1eaf9e61
0000000002166d71
0000000000000181
00002320bf1a3661
0000000002166d71
0000000000000181
000023335f84ce61
0000000002166d71
0000000000000181
00002345ffef6561
0000000002166d71
0000000000000181
00002358a059fd61
0000000002166d71
0000000000000181
0000236b40c49561
0000000002166d71
0000000000000181
0000237de12f2c61
0000000002166d71
0000000000000181
000023908199c461
0000000002166d71
0000000000000181
000023a322045c61
0000000002166d71
0000000000000181
000023b5c26ef361
0000000002166d71
0000000000000181
000011dc35311319
000023c862d98b61
0000000002166d71
0000000000000181
000023db03442361
0000000002166d71
0000000000000181
000023eda3aebb61
0000000002166d71
0000000000000181
0000240044195361
0000000002166d71
0000000000000181
00002412e483eb61
0000000002166d71
0000000000000181
0000242584ee8361
0000000002166d71
0000000000000181
0000243825591a61
0000000002166d71
0000000000000181
0000122374fd8379
0000244ac5c3b261
0000000002166d71
0000000000000181
0000245d662e4a61
0000000002166d71
0000000000000181
000024700698e261
0000000002166d71
0000000000000181
00002482a7037a61
0000000002166d71
0000000000000181
00002495476e1261
0000000002166d71
0000000000000181
000024a7e7d8aa61
0000000002166d71
0000000000000181
000024ba88434261
0000000002166d71
0000000000000181
000024cd28adda61
0000000002166d71
0000000000000181
000024dfc9187261
0000000002166d71
0000000000000181
000024f269830a61
0000000002166d71
0000000000000181
0000250509eda361
0000000002166d71
0000000000000181
00002517aa583b61
0000000002166d71
0000000000000181
0000252a4ac2d361
0000000002166d71
0000000000000181
0000253ceb2d6b61
0000000002166d71
0000000000000181
0000254f8b980361
0000000002166d71
0000000000000181
000025622c029b61
0000000002166d71
0000000000000181
00002574cc6d3361
0000000002166d71
0000000000000181
000025876cd7cc61
0000000002166d71
0000000000000181
0000259a0d426461
0000000002166d71
0000000000000181
000025acadacfc61
0000000002166d71
0000000000000181
000025bf4e179461
0000000002166d71
0000000000000181
000025d1ee822c61
0000000002166d71
0000000000000181
000025e48eecc561
0000000002166d71
0000000000000181
000025f72f575d61
0000000002166d71
0000000000000181
00002609cfc1f561
0000000002166d71
0000000000000181
0000261c702c8d61
0000000002166d71
0000000000000181
0000262f10972661
0000000002166d71
0000000000000181
00002641b101be61
0000000002166d71
0000000000000181
00002654516c5661
0000000002166d71
0000000000000181
00002666f1d6ee61
0000000002166d71
0000000000000181
0000267992418761
0000000002166d71
0000000000000181
0000268c32ac1f61
0000000002166d71
0000000000000181
0000269ed316b761
0000000002166d71
0000000000000181
000026b173815061
0000000002166d71
0000000000000181
000026c413ebe861
0000000002166d71
0000000000000181
000026d6b4568061
0000000002166d71
0000000000000181
000026e954c11961
0000000002166d71
0000000000000181
000026fbf52bb161
0000000002166d71
0000000000000181
0000270e95964a61
0000000002166d71
0000000000000181
000027213600e261
0000000002166d71
0000000000000181
00002733d66b7a61
0000000002166d71
0000000000000181
0000274676d61361
0000000002166d71
0000000000000181
000027591740ab61
0000000002166d71
0000000000000181
0000276bb7ab4461
0000000002166d71
0000000000000181
0000277e5815dc61
0000000002166d71
0000000000000181
00002790f8807461
0000000002166d71
0000000000000181
000027a398eb0d61
0000000002166d71
0000000000000181
000027b63955a561
0000000002166d71
0000000000000181
000027c8d9c03e61
0000000002166d71
0000000000000181
000027db7a2ad661
0000000002166d71
0000000000000181
000027ee1a956f61
0000000002166d71
0000000000000181
00002800bb000761
0000000002166d71
0000000000000181
000028135b6aa061
0000000002166d71
0000000000000181
00002825fbd53861
0000000002166d71
0000000000000181
000028389c3fd161
0000000002166d71
0000000000000181
0000284b3caa6961
0000000002166d71
0000000000000181
0000285ddd150261
0000000002166d71
0000000000000181
000028707d7f9a61
0000000002166d71
0000000000000181
000028831dea3361
0000000002166d71
0000000000000181
00002895be54cb61
0000000002166d71
0000000000000181
000028a85ebf6461
0000000002166d71
0000000000000181
000028baff29fc61
0000000002166d71
0000000000000181
000028cd9f949561
0000000002166d71
0000000000000181
000028e03fff2d61
0000000002166d71
0000000000000181
000028f2e069c661
0000000002166d71
0000000000000181
0000290580d45e61
0000000002166d71
0000000000000181
00002918213ef761
0000000002166d71
0000000000000181
0000292ac1a99061
0000000002166d71
0000000000000181
0000293d62142861
0000000002166d71
0000000000000181
00002950027ec161
0000000002166d71
0000000000000181
00002962a2e95961
0000000002166d71
0000000000000181
000029754353f261
0000000002166d71
0000000000000181
00002987e3be8a61
0000000002166d71
0000000000000181
0000299a84292361
0000000002166d71
0000000000000181
000029ad2493bb61
0000000002166d71
0000000000000181
000029bfc4fe5461
0000000002166d71
0000000000000181
000029d26568ec61
0000000002166d71
0000000000000181
000029e505d38561
0000000002166d71
0000000000000181
000029f7a63e1d61
0000000002166d71
0000000000000181
00002a0a46a8b661
0000000002166d71
0000000000000181
00002a1ce7134f61
0000000002166d71
0000000000000181
00002a2f877de761
0000000002166d71
0000000000000181
00002a4227e87f61
0000000002166d71
0000000000000181
00002a54c8531861
0000000002166d71
0000000000000181
00002a6768bdb061
0000000002166d71
0000000000000181
00002a7a09284961
0000000002166d71
0000000000000181
00002a8ca992e161
0000000002166d71
0000000000000181
00002a9f49fd7a61
0000000002166d71
0000000000000181
00002ab1ea681261
0000000002166d71
0000000000000181
00002ac48ad2ab61
0000000002166d71
0000000000000181
00002ad72b3d4361
0000000002166d71
0000000000000181
00002ae9cba7dc61
0000000002166d71
0000000000000181
00002afc6c127461
0000000002166d71
0000000000000181
00002b0f0c7d0d61
0000000002166d71
0000000000000181
00002b21ace7a561
0000000002166d71
0000000000000181
00002b344d523e61
0000000002166d71
0000000000000181
00002b46edbcd661
0000000002166d71
0000000000000181
00002b598e276f61
0000000002166d71
0000000000000181
00002b6c2e920761
0000000002166d71
0000000000000181
00002b7ecefca061
0000000002166d71
0000000000000181
00002b916f673861
0000000002166d71
0000000000000181
00002ba0e34b9361
0000000002166d71
0000000000000181
