[MCS8 A] 97 FW 3.104 SV 1.257 
range=1024
periods=2
sweepmode=27e20d0
fstchan=0
holdafter=0
streamstatus=3
calreg0=0
calreg1=0
calreg2=0
calreg3=0
swpreset=8000        
prena=0
syncout=0
cycles=18
sequences=1
tagbits=16
vdac0=92c
vdac1=807
vdac2=8c8
vdac3=8c8
vdac4=8c8
vdac5=8c8
vdac6=8c8
vdac7=8c8
timepreset=20.000      
digio=0
digval=0
autoinc=0 
savedata=2 
mpafmt=asc
sephead=0 
fmt=asc
smoothpts=5 
[CHN1]
REPORT-FILE from 06/19/2026 11:39:08.718  written 06/19/2026 11:39:08
cmline0=06/19/2026 11:39:08.718 
cmline1=A1
range=1024
active=1
bitshift=4
cftfak=2580100
evpreset=10          
roimin=0
roimax=1000
caloff=0.800000
calfact=12.800000
calfact2=0
calfact3=0
calunit=nsec
caluse=1 
[CHN2]
REPORT-FILE from  written 06/19/2026 11:39:08
cmline1=A2
range=1024
active=0
bitshift=4
cftfak=2580100
evpreset=10          
roimin=0
roimax=1000
caloff=0.800000
calfact=12.800000
calfact2=0
calfact3=0
calunit=nsec
caluse=1 
[CHN3]
REPORT-FILE from  written 06/19/2026 11:39:08
cmline1=A3
range=1024
active=0
bitshift=4
cftfak=2580100
evpreset=10          
roimin=0
roimax=1000
caloff=0.800000
calfact=12.800000
calfact2=0
calfact3=0
calunit=nsec
caluse=1 
[CHN4]
REPORT-FILE from  written 06/19/2026 11:39:08
cmline1=A4
range=1024
active=0
bitshift=4
cftfak=2580100
evpreset=10          
roimin=0
roimax=1000
caloff=0.800000
calfact=12.800000
calfact2=0
calfact3=0
calunit=nsec
caluse=1 
[CHN5]
REPORT-FILE from  written 06/19/2026 11:39:08
cmline1=A5
range=1024
active=0
bitshift=4
cftfak=2580100
evpreset=10          
roimin=0
roimax=1000
caloff=0.800000
calfact=12.800000
calfact2=0
calfact3=0
calunit=nsec
caluse=1 
[CHN6]
REPORT-FILE from  written 06/19/2026 11:39:08
cmline1=A6
range=1024
active=0
bitshift=4
cftfak=2580100
evpreset=10          
roimin=0
roimax=1000
caloff=0.800000
calfact=12.800000
calfact2=0
calfact3=0
calunit=nsec
caluse=1 
[CHN7]
REPORT-FILE from  written 06/19/2026 11:39:08
cmline1=A7
range=1024
active=0
bitshift=4
cftfak=2580100
evpreset=0           
roimin=0
roimax=1000
caloff=0.800000
calfact=12.800000
calfact2=0
calfact3=0
calunit=nsec
caluse=1 
[CHN8]
REPORT-FILE from 06/19/2026 11:29:06.915  written 06/19/2026 11:39:08
cmline0=06/19/2026 11:29:06.915 
cmline1=A8
range=1024
active=0
bitshift=4
cftfak=2580100
evpreset=0           
roimin=0
roimax=1000
caloff=0.800000
calfact=12.800000
calfact2=0
calfact3=0
calunit=nsec
caluse=1 
;MCS8 #97 Sversion=1.257 Fversion=3.68
time_patch=1
;datalength=8 bytes
;bit0..3: channel# 1..8 ( 4 bit)
;bit4: edge 0=up / 1=dn ( 1 bit)
;bit5 ..57: timedata    (53 bit), max sweep length 2001.6 h
;bit58..62: tag0..tag4  ( 5 bit)
;bit63:     data_lost   ( 1 bit)
[DATA]
0000000000000016
000000215676ae61
00000000013e5f71
0000000000000181
00000033f6e09561
00000000013e5f71
0000000000000181
00000046974a7d61
00000000013e5f71
0000000000000181
0000005937b46461
00000000013e5f71
0000000000000181
0000006bd81e4c61
00000000013e5f71
0000000000000181
0000007e78883461
00000000013e5f71
0000000000000181
0000009118f21c61
00000000013e5f71
0000000000000181
000000a3b95c0561
00000000013e5f71
0000000000000181
000000b659c5ed61
00000000013e5f71
0000000000000181
000000c8fa2fd661
00000000013e5f71
0000000000000181
000000db9a99bf61
00000000013e5f71
0000000000000181
000000ee3b03a861
00000000013e5f71
0000000000000181
00000100db6d9161
00000000013e5f71
0000000000000181
000001137bd77b61
00000000013e5f71
0000000000000181
000001261c416561
00000000013e5f71
0000000000000181
00000138bcab4e61
00000000013e5f71
0000000000000181
0000014b5d153961
00000000013e5f71
0000000000000181
0000015dfd7f2361
00000000013e5f71
0000000000000181
000001709de90d61
00000000013e5f71
0000000000000181
000001833e52f861
00000000013e5f71
0000000000000181
00000195debce361
00000000013e5f71
0000000000000181
000000d24c94be39
000001a87f26cd61
00000000013e5f71
0000000000000181
000001bb1f90b961
00000000013e5f71
0000000000000181
000001cdbffaa461
00000000013e5f71
0000000000000181
000001e060648f61
00000000013e5f71
0000000000000181
000001f300ce7b61
00000000013e5f71
0000000000000181
00000205a1386761
00000000013e5f71
0000000000000181
0000021841a25361
00000000013e5f71
0000000000000181
0000022ae20c3f61
00000000013e5f71
0000000000000181
0000023d82762b61
00000000013e5f71
0000000000000181
0000025022e01861
00000000013e5f71
0000000000000181
00000262c34a0561
00000000013e5f71
0000000000000181
0000027563b3f261
00000000013e5f71
0000000000000181
00000288041ddf61
00000000013e5f71
0000000000000181
0000029aa487cc61
00000000013e5f71
0000000000000181
000002ad44f1b961
00000000013e5f71
0000000000000181
000002bfe55ba761
00000000013e5f71
0000000000000181
000002d285c59561
00000000013e5f71
0000000000000181
000002e5262f8361
00000000013e5f71
0000000000000181
000002f7c6997161
00000000013e5f71
0000000000000181
0000030a67035f61
00000000013e5f71
0000000000000181
0000031d076d4e61
00000000013e5f71
0000000000000181
0000032fa7d73d61
00000000013e5f71
0000000000000181
0000034248412b61
00000000013e5f71
0000000000000181
00000354e8ab1a61
00000000013e5f71
0000000000000181
0000036789150a61
00000000013e5f71
0000000000000181
0000037a297ef961
00000000013e5f71
0000000000000181
0000038cc9e8e961
00000000013e5f71
0000000000000181
0000039f6a52d861
00000000013e5f71
0000000000000181
000003b20abcc861
00000000013e5f71
0000000000000181
000003c4ab26b861
00000000013e5f71
0000000000000181
000003d74b90a861
00000000013e5f71
0000000000000181
000003e9ebfa9961
00000000013e5f71
0000000000000181
000003fc8c648961
00000000013e5f71
0000000000000181
0000040f2cce7a61
00000000013e5f71
0000000000000181
00000421cd386b61
00000000013e5f71
0000000000000181
000004346da25c61
00000000013e5f71
0000000000000181
000004470e0c4d61
00000000013e5f71
0000000000000181
00000459ae763e61
00000000013e5f71
0000000000000181
0000046c4ee03061
00000000013e5f71
0000000000000181
0000047eef4a2261
00000000013e5f71
0000000000000181
000004918fb41461
00000000013e5f71
0000000000000181
000004a4301e0661
00000000013e5f71
0000000000000181
000004b6d087f861
00000000013e5f71
0000000000000181
000002607e409959
000004c970f1ea61
00000000013e5f71
0000000000000181
000004dc115bdd61
00000000013e5f71
0000000000000181
000004eeb1c5d061
00000000013e5f71
0000000000000181
00000501522fc261
00000000013e5f71
0000000000000181
00000513f299b561
00000000013e5f71
0000000000000181
000005269303a961
00000000013e5f71
0000000000000181
00000539336d9c61
00000000013e5f71
0000000000000181
0000054bd3d79061
00000000013e5f71
0000000000000181
0000055e74418361
00000000013e5f71
0000000000000181
0000057114ab7761
00000000013e5f71
0000000000000181
00000583b5156b61
00000000013e5f71
0000000000000181
00000596557f5f61
00000000013e5f71
0000000000000181
000005a8f5e95461
00000000013e5f71
0000000000000181
000005bb96534861
00000000013e5f71
0000000000000181
000005ce36bd3d61
00000000013e5f71
0000000000000181
000005e0d7273261
00000000013e5f71
0000000000000181
000005f377912761
00000000013e5f71
0000000000000181
0000060617fb1c61
00000000013e5f71
0000000000000181
00000618b8651161
00000000013e5f71
0000000000000181
0000062b58cf0761
00000000013e5f71
0000000000000181
0000063df938fc61
00000000013e5f71
0000000000000181
0000065099a2f261
00000000013e5f71
0000000000000181
000006633a0ce861
00000000013e5f71
0000000000000181
00000675da76de61
00000000013e5f71
0000000000000181
000006887ae0d461
00000000013e5f71
0000000000000181
0000069b1b4acb61
00000000013e5f71
0000000000000181
000006adbbb4c161
00000000013e5f71
0000000000000181
000006c05c1eb861
00000000013e5f71
0000000000000181
000006d2fc88af61
00000000013e5f71
0000000000000181
000006e59cf2a661
00000000013e5f71
0000000000000181
000006f83d5c9d61
00000000013e5f71
0000000000000181
0000070addc69561
00000000013e5f71
0000000000000181
0000071d7e308d61
00000000013e5f71
0000000000000181
000007301e9a8461
00000000013e5f71
0000000000000181
00000742bf047c61
00000000013e5f71
0000000000000181
000007555f6e7461
00000000013e5f71
0000000000000181
00000767ffd86d61
00000000013e5f71
0000000000000181
0000077aa0426561
00000000013e5f71
0000000000000181
0000078d40ac5e61
00000000013e5f71
0000000000000181
0000079fe1165661
00000000013e5f71
0000000000000181
000007b281804f61
00000000013e5f71
0000000000000181
000007c521ea4861
00000000013e5f71
0000000000000181
000007d7c2544161
00000000013e5f71
0000000000000181
000007ea62be3b61
00000000013e5f71
0000000000000181
000007fd03283461
00000000013e5f71
0000000000000181
0000080fa3922e61
00000000013e5f71
0000000000000181
0000082243fc2861
00000000013e5f71
0000000000000181
00000834e4662261
00000000013e5f71
0000000000000181
0000084784d01c61
00000000013e5f71
0000000000000181
0000085a253a1661
00000000013e5f71
0000000000000181
0000086cc5a41061
00000000013e5f71
0000000000000181
0000087f660e0b61
00000000013e5f71
0000000000000181
0000089206780561
00000000013e5f71
0000000000000181
000008a4a6e20061
00000000013e5f71
0000000000000181
000008b7474bfb61
00000000013e5f71
0000000000000181
0000045eead84819
000008c9e7b5f661
00000000013e5f71
0000000000000181
000008dc881ff261
00000000013e5f71
0000000000000181
000008ef2889ed61
00000000013e5f71
0000000000000181
00000901c8f3e961
00000000013e5f71
0000000000000181
00000914695de561
00000000013e5f71
0000000000000181
0000092709c7e161
00000000013e5f71
0000000000000181
00000939aa31dd61
00000000013e5f71
0000000000000181
0000094c4a9bd961
00000000013e5f71
0000000000000181
0000095eeb05d561
00000000013e5f71
0000000000000181
000009718b6fd261
00000000013e5f71
0000000000000181
000009842bd9cf61
00000000013e5f71
0000000000000181
00000996cc43cb61
00000000013e5f71
0000000000000181
000009a96cadc861
00000000013e5f71
0000000000000181
000009bc0d17c661
00000000013e5f71
0000000000000181
000009cead81c361
00000000013e5f71
0000000000000181
000009e14debc061
00000000013e5f71
0000000000000181
000009f3ee55be61
00000000013e5f71
0000000000000181
00000a068ebfbc61
00000000013e5f71
0000000000000181
00000a192f29ba61
00000000013e5f71
0000000000000181
00000a2bcf93b861
00000000013e5f71
0000000000000181
00000a3e6ffdb661
00000000013e5f71
0000000000000181
00000a511067b561
00000000013e5f71
0000000000000181
00000a63b0d1b361
00000000013e5f71
0000000000000181
00000a76513bb261
00000000013e5f71
0000000000000181
00000a88f1a5b161
00000000013e5f71
0000000000000181
00000a9b920fb061
00000000013e5f71
0000000000000181
00000aae3279af61
00000000013e5f71
0000000000000181
00000ac0d2e3ae61
00000000013e5f71
0000000000000181
00000ad3734dae61
00000000013e5f71
0000000000000181
00000ae613b7ad61
00000000013e5f71
0000000000000181
00000af08b539a61
00000000013e5f71
0000000000000181
