[MCS8 A] 97 FW 3.104 SV 1.257 
range=1024
periods=2
sweepmode=27e20d0
fstchan=0
holdafter=0
streamstatus=3
calreg0=0
calreg1=0
calreg2=0
calreg3=0
swpreset=8000        
prena=0
syncout=0
cycles=18
sequences=1
tagbits=16
vdac0=92c
vdac1=807
vdac2=8c8
vdac3=8c8
vdac4=8c8
vdac5=8c8
vdac6=8c8
vdac7=8c8
timepreset=20.000      
digio=0
digval=0
autoinc=0 
savedata=2 
mpafmt=asc
sephead=0 
fmt=asc
smoothpts=5 
[CHN1]
REPORT-FILE from 06/19/2026 11:45:05.743  written 06/19/2026 11:45:05
cmline0=06/19/2026 11:45:05.743 
cmline1=A1
range=1024
active=1
bitshift=4
cftfak=2580100
evpreset=10          
roimin=0
roimax=1000
caloff=0.800000
calfact=12.800000
calfact2=0
calfact3=0
calunit=nsec
caluse=1 
[CHN2]
REPORT-FILE from  written 06/19/2026 11:45:05
cmline1=A2
range=1024
active=0
bitshift=4
cftfak=2580100
evpreset=10          
roimin=0
roimax=1000
caloff=0.800000
calfact=12.800000
calfact2=0
calfact3=0
calunit=nsec
caluse=1 
[CHN3]
REPORT-FILE from  written 06/19/2026 11:45:05
cmline1=A3
range=1024
active=0
bitshift=4
cftfak=2580100
evpreset=10          
roimin=0
roimax=1000
caloff=0.800000
calfact=12.800000
calfact2=0
calfact3=0
calunit=nsec
caluse=1 
[CHN4]
REPORT-FILE from  written 06/19/2026 11:45:05
cmline1=A4
range=1024
active=0
bitshift=4
cftfak=2580100
evpreset=10          
roimin=0
roimax=1000
caloff=0.800000
calfact=12.800000
calfact2=0
calfact3=0
calunit=nsec
caluse=1 
[CHN5]
REPORT-FILE from  written 06/19/2026 11:45:05
cmline1=A5
range=1024
active=0
bitshift=4
cftfak=2580100
evpreset=10          
roimin=0
roimax=1000
caloff=0.800000
calfact=12.800000
calfact2=0
calfact3=0
calunit=nsec
caluse=1 
[CHN6]
REPORT-FILE from  written 06/19/2026 11:45:05
cmline1=A6
range=1024
active=0
bitshift=4
cftfak=2580100
evpreset=10          
roimin=0
roimax=1000
caloff=0.800000
calfact=12.800000
calfact2=0
calfact3=0
calunit=nsec
caluse=1 
[CHN7]
REPORT-FILE from  written 06/19/2026 11:45:05
cmline1=A7
range=1024
active=0
bitshift=4
cftfak=2580100
evpreset=0           
roimin=0
roimax=1000
caloff=0.800000
calfact=12.800000
calfact2=0
calfact3=0
calunit=nsec
caluse=1 
[CHN8]
REPORT-FILE from 06/19/2026 11:29:06.915  written 06/19/2026 11:45:05
cmline0=06/19/2026 11:29:06.915 
cmline1=A8
range=1024
active=0
bitshift=4
cftfak=2580100
evpreset=0           
roimin=0
roimax=1000
caloff=0.800000
calfact=12.800000
calfact2=0
calfact3=0
calunit=nsec
caluse=1 
;MCS8 #97 Sversion=1.257 Fversion=3.68
time_patch=1
;datalength=8 bytes
;bit0..3: channel# 1..8 ( 4 bit)
;bit4: edge 0=up / 1=dn ( 1 bit)
;bit5 ..57: timedata    (53 bit), max sweep length 2001.6 h
;bit58..62: tag0..tag4  ( 5 bit)
;bit63:     data_lost   ( 1 bit)
[DATA]
0000000000000016
0000002156211161
0000000000f67271
0000000000000181
00000033f68b2d61
0000000000f67271
0000000000000181
0000004696f54a61
0000000000f67271
0000000000000181
00000059375f6761
0000000000f67271
0000000000000181
0000006bd7c98461
0000000000f67271
0000000000000181
0000007e7833a161
0000000000f67271
0000000000000181
0000003fcef7c139
00000091189dbf61
0000000000f67271
0000000000000181
000000a3b907dc61
0000000000f67271
0000000000000181
000000b65971fa61
0000000000f67271
0000000000000181
000000c8f9dc1761
0000000000f67271
0000000000000181
000000db9a463561
0000000000f67271
0000000000000181
000000ee3ab05361
0000000000f67271
0000000000000181
00000100db1a7161
0000000000f67271
0000000000000181
000000812a3c6259
000001137b848f61
0000000000f67271
0000000000000181
000001261beeae61
0000000000f67271
0000000000000181
00000138bc58cc61
0000000000f67271
0000000000000181
0000014b5cc2eb61
0000000000f67271
0000000000000181
0000015dfd2d0a61
0000000000f67271
0000000000000181
000001709d972861
0000000000f67271
0000000000000181
000001833e014761
0000000000f67271
0000000000000181
00000195de6b6761
0000000000f67271
0000000000000181
000001a87ed58661
0000000000f67271
0000000000000181
000001bb1f3fa561
0000000000f67271
0000000000000181
000001cdbfa9c561
0000000000f67271
0000000000000181
000001e06013e461
0000000000f67271
0000000000000181
000001f3007e0461
0000000000f67271
0000000000000181
00000205a0e82461
0000000000f67271
0000000000000181
0000021841524461
0000000000f67271
0000000000000181
0000022ae1bc6461
0000000000f67271
0000000000000181
0000023d82268561
0000000000f67271
0000000000000181
000002502290a561
0000000000f67271
0000000000000181
0000012b481fa979
00000262c2fac661
0000000000f67271
0000000000000181
000002756364e761
0000000000f67271
0000000000000181
0000028803cf0861
0000000000f67271
0000000000000181
0000029aa4392961
0000000000f67271
0000000000000181
0000014fa5be4bf9
000002ad44a34a61
0000000000f67271
0000000000000181
000002bfe50d6b61
0000000000f67271
0000000000000181
000002d285778c61
0000000000f67271
0000000000000181
000002e525e1ae61
0000000000f67271
0000000000000181
000002f7c64bcf61
0000000000f67271
0000000000000181
0000030a66b5f161
0000000000f67271
0000000000000181
0000031d07201361
0000000000f67271
0000000000000181
0000032fa78a3561
0000000000f67271
0000000000000181
0000034247f45761
0000000000f67271
0000000000000181
00000354e85e7a61
0000000000f67271
0000000000000181
000001ad385f3d79
0000036788c89c61
0000000000f67271
0000000000000181
0000037a2932bf61
0000000000f67271
0000000000000181
0000038cc99ce261
0000000000f67271
0000000000000181
0000039f6a070461
0000000000f67271
0000000000000181
000003b20a712761
0000000000f67271
0000000000000181
000003c4aadb4b61
0000000000f67271
0000000000000181
000003d74b456e61
0000000000f67271
0000000000000181
000003e9ebaf9161
0000000000f67271
0000000000000181
000003fc8c19b561
0000000000f67271
0000000000000181
0000040f2c83d861
0000000000f67271
0000000000000181
00000421ccedfc61
0000000000f67271
0000000000000181
000004346d582061
0000000000f67271
0000000000000181
000004470dc24461
0000000000f67271
0000000000000181
00000459ae2c6861
0000000000f67271
0000000000000181
0000046c4e968d61
0000000000f67271
0000000000000181
0000047eef00b161
0000000000f67271
0000000000000181
000004918f6ad561
0000000000f67271
0000000000000181
000004a42fd4fa61
0000000000f67271
0000000000000181
000004b6d03f1f61
0000000000f67271
0000000000000181
000004c970a94461
0000000000f67271
0000000000000181
000004dc11136961
0000000000f67271
0000000000000181
000002739355dcb9
000004eeb17d8e61
0000000000f67271
0000000000000181
0000050151e7b461
0000000000f67271
0000000000000181
00000513f251d961
0000000000f67271
0000000000000181
0000052692bbff61
0000000000f67271
0000000000000181
0000053933262461
0000000000f67271
0000000000000181
0000054bd3904a61
0000000000f67271
0000000000000181
0000055e73fa7061
0000000000f67271
0000000000000181
000002b5f1bf5899
0000057114649661
0000000000f67271
0000000000000181
00000583b4cebc61
0000000000f67271
0000000000000181
000005965538e361
0000000000f67271
0000000000000181
000005a8f5a30961
0000000000f67271
0000000000000181
000005bb960d3061
0000000000f67271
0000000000000181
000005ce36775661
0000000000f67271
0000000000000181
000005e0d6e17d61
0000000000f67271
0000000000000181
000002f6687edc39
000005f3774ba461
0000000000f67271
0000000000000181
0000060617b5cb61
0000000000f67271
0000000000000181
00000618b81ff261
0000000000f67271
0000000000000181
0000062b588a1a61
0000000000f67271
0000000000000181
0000063df8f44161
0000000000f67271
0000000000000181
00000650995e6961
0000000000f67271
0000000000000181
0000066339c89161
0000000000f67271
0000000000000181
00000675da32b861
0000000000f67271
0000000000000181
000006887a9ce061
0000000000f67271
0000000000000181
0000069b1b070861
0000000000f67271
0000000000000181
000006adbb713061
0000000000f67271
0000000000000181
000006c05bdb5961
0000000000f67271
0000000000000181
000006d2fc458161
0000000000f67271
0000000000000181
000006e59cafaa61
0000000000f67271
0000000000000181
000006f83d19d361
0000000000f67271
0000000000000181
0000070add83fb61
0000000000f67271
0000000000000181
0000071d7dee2461
0000000000f67271
0000000000000181
000007301e584d61
0000000000f67271
0000000000000181
00000742bec27761
0000000000f67271
0000000000000181
000007555f2ca061
0000000000f67271
0000000000000181
00000767ff96c961
0000000000f67271
0000000000000181
0000077aa000f361
0000000000f67271
0000000000000181
0000078d406b1d61
0000000000f67271
0000000000000181
0000079fe0d54661
0000000000f67271
0000000000000181
000007b2813f7061
0000000000f67271
0000000000000181
000007c521a99a61
0000000000f67271
0000000000000181
000007d7c213c561
0000000000f67271
0000000000000181
000007ea627def61
0000000000f67271
0000000000000181
000007fd02e81961
0000000000f67271
0000000000000181
0000080fa3524461
0000000000f67271
0000000000000181
0000082243bc6e61
0000000000f67271
0000000000000181
00000834e4269961
0000000000f67271
0000000000000181
000008478490c461
0000000000f67271
0000000000000181
0000085a24faef61
0000000000f67271
0000000000000181
0000086cc5651a61
0000000000f67271
0000000000000181
0000043ad1608cf9
0000087f65cf4661
0000000000f67271
0000000000000181
0000089206397161
0000000000f67271
0000000000000181
000008a4a6a39d61
0000000000f67271
0000000000000181
000008b7470dc861
0000000000f67271
0000000000000181
000008c9e777f461
0000000000f67271
0000000000000181
000008dc87e22061
0000000000f67271
0000000000000181
000008ef284c4c61
0000000000f67271
0000000000000181
00000901c8b67861
0000000000f67271
0000000000000181
000009146920a461
0000000000f67271
0000000000000181
00000927098ad161
0000000000f67271
0000000000000181
00000939a9f4fd61
0000000000f67271
0000000000000181
0000094c4a5f2a61
0000000000f67271
0000000000000181
000004aab8f250b9
0000095eeac95761
0000000000f67271
0000000000000181
000009718b338461
0000000000f67271
0000000000000181
000009842b9db161
0000000000f67271
0000000000000181
00000996cc07de61
0000000000f67271
0000000000000181
000009a96c720b61
0000000000f67271
0000000000000181
000009bc0cdc3861
0000000000f67271
0000000000000181
000009cead466661
0000000000f67271
0000000000000181
000009e14db09461
0000000000f67271
0000000000000181
000004f21dd09099
000009f3ee1ac161
0000000000f67271
0000000000000181
00000a068e84ef61
0000000000f67271
0000000000000181
00000a192eef1d61
0000000000f67271
0000000000000181
00000a2bcf594b61
0000000000f67271
0000000000000181
00000a3e6fc37961
0000000000f67271
0000000000000181
00000a51102da861
0000000000f67271
0000000000000181
00000a63b097d661
0000000000f67271
0000000000000181
00000a7651020561
0000000000f67271
0000000000000181
00000a88f16c3361
0000000000f67271
0000000000000181
00000a9b91d66261
0000000000f67271
0000000000000181
00000aae32409161
0000000000f67271
0000000000000181
00000ac0d2aac061
0000000000f67271
0000000000000181
00000ad37314ef61
0000000000f67271
0000000000000181
00000ae6137f1f61
0000000000f67271
0000000000000181
00000aecc367a561
0000000000f67271
0000000000000181
