[MCS8 A] 97 FW 3.104 SV 1.257 
range=1024
periods=2
sweepmode=27e20d0
fstchan=0
holdafter=0
streamstatus=3
calreg0=0
calreg1=0
calreg2=0
calreg3=0
swpreset=8000        
prena=0
syncout=0
cycles=18
sequences=1
tagbits=16
vdac0=92c
vdac1=807
vdac2=8c8
vdac3=8c8
vdac4=8c8
vdac5=8c8
vdac6=8c8
vdac7=8c8
timepreset=20.000      
digio=0
digval=0
autoinc=0 
savedata=2 
mpafmt=asc
sephead=0 
fmt=asc
smoothpts=5 
[CHN1]
REPORT-FILE from 06/19/2026 11:53:45.302  written 06/19/2026 11:53:45
cmline0=06/19/2026 11:53:45.302 
cmline1=A1
range=1024
active=1
bitshift=4
cftfak=2580100
evpreset=10          
roimin=0
roimax=1000
caloff=0.800000
calfact=12.800000
calfact2=0
calfact3=0
calunit=nsec
caluse=1 
[CHN2]
REPORT-FILE from  written 06/19/2026 11:53:45
cmline1=A2
range=1024
active=0
bitshift=4
cftfak=2580100
evpreset=10          
roimin=0
roimax=1000
caloff=0.800000
calfact=12.800000
calfact2=0
calfact3=0
calunit=nsec
caluse=1 
[CHN3]
REPORT-FILE from  written 06/19/2026 11:53:45
cmline1=A3
range=1024
active=0
bitshift=4
cftfak=2580100
evpreset=10          
roimin=0
roimax=1000
caloff=0.800000
calfact=12.800000
calfact2=0
calfact3=0
calunit=nsec
caluse=1 
[CHN4]
REPORT-FILE from  written 06/19/2026 11:53:45
cmline1=A4
range=1024
active=0
bitshift=4
cftfak=2580100
evpreset=10          
roimin=0
roimax=1000
caloff=0.800000
calfact=12.800000
calfact2=0
calfact3=0
calunit=nsec
caluse=1 
[CHN5]
REPORT-FILE from  written 06/19/2026 11:53:45
cmline1=A5
range=1024
active=0
bitshift=4
cftfak=2580100
evpreset=10          
roimin=0
roimax=1000
caloff=0.800000
calfact=12.800000
calfact2=0
calfact3=0
calunit=nsec
caluse=1 
[CHN6]
REPORT-FILE from  written 06/19/2026 11:53:45
cmline1=A6
range=1024
active=0
bitshift=4
cftfak=2580100
evpreset=10          
roimin=0
roimax=1000
caloff=0.800000
calfact=12.800000
calfact2=0
calfact3=0
calunit=nsec
caluse=1 
[CHN7]
REPORT-FILE from  written 06/19/2026 11:53:45
cmline1=A7
range=1024
active=0
bitshift=4
cftfak=2580100
evpreset=0           
roimin=0
roimax=1000
caloff=0.800000
calfact=12.800000
calfact2=0
calfact3=0
calunit=nsec
caluse=1 
[CHN8]
REPORT-FILE from 06/19/2026 11:29:06.915  written 06/19/2026 11:53:45
cmline0=06/19/2026 11:29:06.915 
cmline1=A8
range=1024
active=0
bitshift=4
cftfak=2580100
evpreset=0           
roimin=0
roimax=1000
caloff=0.800000
calfact=12.800000
calfact2=0
calfact3=0
calunit=nsec
caluse=1 
;MCS8 #97 Sversion=1.257 Fversion=3.68
time_patch=1
;datalength=8 bytes
;bit0..3: channel# 1..8 ( 4 bit)
;bit4: edge 0=up / 1=dn ( 1 bit)
;bit5 ..57: timedata    (53 bit), max sweep length 2001.6 h
;bit58..62: tag0..tag4  ( 5 bit)
;bit63:     data_lost   ( 1 bit)
[DATA]
0000000000000016
00000021561dbb61
0000000000f4c671
0000000000000181
00000033f6881161
0000000000f4c671
0000000000000181
0000004696f26761
0000000000f4c671
0000000000000181
00000059375cbc61
0000000000f4c671
0000000000000181
0000006bd7c71261
0000000000f4c671
0000000000000181
0000007e78316861
0000000000f4c671
0000000000000181
00000091189bbe61
0000000000f4c671
0000000000000181
000000a3b9061561
0000000000f4c671
0000000000000181
000000b659706b61
0000000000f4c671
0000000000000181
000000c8f9dac161
0000000000f4c671
0000000000000181
000000db9a451861
0000000000f4c671
0000000000000181
000000ee3aaf6e61
0000000000f4c671
0000000000000181
00000100db19c561
0000000000f4c671
0000000000000181
000001137b841c61
0000000000f4c671
0000000000000181
000001261bee7361
0000000000f4c671
0000000000000181
00000138bc58ca61
0000000000f4c671
0000000000000181
0000014b5cc32161
0000000000f4c671
0000000000000181
0000015dfd2d7861
0000000000f4c671
0000000000000181
000001709d97cf61
0000000000f4c671
0000000000000181
000001833e022661
0000000000f4c671
0000000000000181
00000195de6c7e61
0000000000f4c671
0000000000000181
000001a87ed6d561
0000000000f4c671
0000000000000181
000001bb1f412d61
0000000000f4c671
0000000000000181
000001cdbfab8461
0000000000f4c671
0000000000000181
000001e06015dc61
0000000000f4c671
0000000000000181
000001f300803461
0000000000f4c671
0000000000000181
00000205a0ea8c61
0000000000f4c671
0000000000000181
000002184154e461
0000000000f4c671
0000000000000181
0000022ae1bf3c61
0000000000f4c671
0000000000000181
0000023d82299461
0000000000f4c671
0000000000000181
000002502293ed61
0000000000f4c671
0000000000000181
00000262c2fe4561
0000000000f4c671
0000000000000181
0000027563689e61
0000000000f4c671
0000000000000181
0000028803d2f661
0000000000f4c671
0000000000000181
0000029aa43d4f61
0000000000f4c671
0000000000000181
000002ad44a7a861
0000000000f4c671
0000000000000181
000002bfe5120161
0000000000f4c671
0000000000000181
000002d2857c5a61
0000000000f4c671
0000000000000181
000002e525e6b361
0000000000f4c671
0000000000000181
000002f7c6510c61
0000000000f4c671
0000000000000181
0000030a66bb6561
0000000000f4c671
0000000000000181
0000031d0725be61
0000000000f4c671
0000000000000181
0000032fa7901861
0000000000f4c671
0000000000000181
0000034247fa7261
0000000000f4c671
0000000000000181
00000354e864cb61
0000000000f4c671
0000000000000181
0000036788cf2561
0000000000f4c671
0000000000000181
0000037a29397f61
0000000000f4c671
0000000000000181
0000038cc9a3d961
0000000000f4c671
0000000000000181
0000039f6a0e3361
0000000000f4c671
0000000000000181
000001d5e8eabed9
000003b20a788d61
0000000000f4c671
0000000000000181
000003c4aae2e761
0000000000f4c671
0000000000000181
000003d74b4d4161
0000000000f4c671
0000000000000181
000003e9ebb79b61
0000000000f4c671
0000000000000181
000003fc8c21f661
0000000000f4c671
0000000000000181
0000040f2c8c5061
0000000000f4c671
0000000000000181
00000421ccf6ab61
0000000000f4c671
0000000000000181
000004346d610661
0000000000f4c671
0000000000000181
000004470dcb6161
0000000000f4c671
0000000000000181
00000459ae35bc61
0000000000f4c671
0000000000000181
0000046c4ea01661
0000000000f4c671
0000000000000181
0000047eef0a7261
0000000000f4c671
0000000000000181
000004918f74cd61
0000000000f4c671
0000000000000181
000004a42fdf2861
0000000000f4c671
0000000000000181
000004b6d0498361
0000000000f4c671
0000000000000181
000004c970b3df61
0000000000f4c671
0000000000000181
000004dc111e3a61
0000000000f4c671
0000000000000181
000004eeb1889661
0000000000f4c671
0000000000000181
0000050151f2f261
0000000000f4c671
0000000000000181
00000513f25d4d61
0000000000f4c671
0000000000000181
0000052692c7a961
0000000000f4c671
0000000000000181
0000053933320561
0000000000f4c671
0000000000000181
0000054bd39c6161
0000000000f4c671
0000000000000181
0000055e7406bd61
0000000000f4c671
0000000000000181
0000057114711a61
0000000000f4c671
0000000000000181
000002be19b8b2f9
00000583b4db7661
0000000000f4c671
0000000000000181
000005965545d261
0000000000f4c671
0000000000000181
000005a8f5b02f61
0000000000f4c671
0000000000000181
000005bb961a8b61
0000000000f4c671
0000000000000181
000005ce3684e861
0000000000f4c671
0000000000000181
000005e0d6ef4561
0000000000f4c671
0000000000000181
000005f37759a161
0000000000f4c671
0000000000000181
0000060617c3fe61
0000000000f4c671
0000000000000181
00000618b82e5b61
0000000000f4c671
0000000000000181
0000062b5898b861
0000000000f4c671
0000000000000181
0000063df9031561
0000000000f4c671
0000000000000181
00000650996d7361
0000000000f4c671
0000000000000181
0000032b8ee40899
0000066339d7d061
0000000000f4c671
0000000000000181
00000675da422d61
0000000000f4c671
0000000000000181
000006887aac8b61
0000000000f4c671
0000000000000181
0000069b1b16e861
0000000000f4c671
0000000000000181
000006adbb814661
0000000000f4c671
0000000000000181
000006c05beba361
0000000000f4c671
0000000000000181
000006d2fc560161
0000000000f4c671
0000000000000181
000006e59cc05f61
0000000000f4c671
0000000000000181
000006f83d2abd61
0000000000f4c671
0000000000000181
0000070add951b61
0000000000f4c671
0000000000000181
0000071d7dff7961
0000000000f4c671
0000000000000181
000007301e69d761
0000000000f4c671
0000000000000181
00000742bed43561
0000000000f4c671
0000000000000181
000007555f3e9461
0000000000f4c671
0000000000000181
00000767ffa8f261
0000000000f4c671
0000000000000181
0000077aa0135161
0000000000f4c671
0000000000000181
0000078d407daf61
0000000000f4c671
0000000000000181
0000079fe0e80e61
0000000000f4c671
0000000000000181
000007b281526d61
0000000000f4c671
0000000000000181
000007c521bccc61
0000000000f4c671
0000000000000181
000007d7c2272b61
0000000000f4c671
0000000000000181
000007ea62918a61
0000000000f4c671
0000000000000181
000007fd02fbe961
0000000000f4c671
0000000000000181
000004036ca44099
0000080fa3664861
0000000000f4c671
0000000000000181
0000082243d0a761
0000000000f4c671
0000000000000181
00000834e43b0761
0000000000f4c671
0000000000000181
0000084784a56661
0000000000f4c671
0000000000000181
0000085a250fc661
0000000000f4c671
0000000000000181
0000086cc57a2561
0000000000f4c671
0000000000000181
0000087f65e48561
0000000000f4c671
0000000000000181
00000441dd813cf9
00000892064ee561
0000000000f4c671
0000000000000181
000008a4a6b94561
0000000000f4c671
0000000000000181
000008b74723a561
0000000000f4c671
0000000000000181
0000045dd4848699
000008c9e78e0561
0000000000f4c671
0000000000000181
000008dc87f86561
0000000000f4c671
0000000000000181
000008ef2862c561
0000000000f4c671
0000000000000181
00000901c8cd2561
0000000000f4c671
0000000000000181
0000091469378661
0000000000f4c671
0000000000000181
0000092709a1e661
0000000000f4c671
0000000000000181
00000939aa0c4761
0000000000f4c671
0000000000000181
0000094c4a76a761
0000000000f4c671
0000000000000181
0000095eeae10861
0000000000f4c671
0000000000000181
000009718b4b6961
0000000000f4c671
0000000000000181
000009842bb5ca61
0000000000f4c671
0000000000000181
00000996cc202b61
0000000000f4c671
0000000000000181
000009a96c8a8c61
0000000000f4c671
0000000000000181
000009bc0cf4ed61
0000000000f4c671
0000000000000181
000004dfeff214d9
000009cead5f4e61
0000000000f4c671
0000000000000181
000009e14dc9af61
0000000000f4c671
0000000000000181
000009f3ee341161
0000000000f4c671
0000000000000181
00000a068e9e7261
0000000000f4c671
0000000000000181
00000a192f08d461
0000000000f4c671
0000000000000181
00000a2bcf733561
0000000000f4c671
0000000000000181
00000a3e6fdd9761
0000000000f4c671
0000000000000181
00000a511047f961
0000000000f4c671
0000000000000181
00000a63b0b25a61
0000000000f4c671
0000000000000181
00000a76511cbc61
0000000000f4c671
0000000000000181
00000a88f1871e61
0000000000f4c671
0000000000000181
00000a9b91f18061
0000000000f4c671
0000000000000181
00000aae325be361
0000000000f4c671
0000000000000181
00000ac0d2c64561
0000000000f4c671
0000000000000181
00000ad37330a761
0000000000f4c671
0000000000000181
00000ae6139b0a61
0000000000f4c671
0000000000000181
00000aecd8b06d61
0000000000f4c671
0000000000000181
