[MCS8 A] 97 FW 3.104 SV 1.257 
range=1024
periods=2
sweepmode=27e20d0
fstchan=0
holdafter=0
streamstatus=3
calreg0=0
calreg1=0
calreg2=0
calreg3=0
swpreset=8000        
prena=0
syncout=0
cycles=18
sequences=1
tagbits=16
vdac0=92c
vdac1=807
vdac2=8c8
vdac3=8c8
vdac4=8c8
vdac5=8c8
vdac6=8c8
vdac7=8c8
timepreset=20.000      
digio=0
digval=0
autoinc=0 
savedata=2 
mpafmt=asc
sephead=0 
fmt=asc
smoothpts=5 
[CHN1]
REPORT-FILE from 06/19/2026 11:50:53.411  written 06/19/2026 11:50:53
cmline0=06/19/2026 11:50:53.411 
cmline1=A1
range=1024
active=1
bitshift=4
cftfak=2580100
evpreset=10          
roimin=0
roimax=1000
caloff=0.800000
calfact=12.800000
calfact2=0
calfact3=0
calunit=nsec
caluse=1 
[CHN2]
REPORT-FILE from  written 06/19/2026 11:50:53
cmline1=A2
range=1024
active=0
bitshift=4
cftfak=2580100
evpreset=10          
roimin=0
roimax=1000
caloff=0.800000
calfact=12.800000
calfact2=0
calfact3=0
calunit=nsec
caluse=1 
[CHN3]
REPORT-FILE from  written 06/19/2026 11:50:53
cmline1=A3
range=1024
active=0
bitshift=4
cftfak=2580100
evpreset=10          
roimin=0
roimax=1000
caloff=0.800000
calfact=12.800000
calfact2=0
calfact3=0
calunit=nsec
caluse=1 
[CHN4]
REPORT-FILE from  written 06/19/2026 11:50:53
cmline1=A4
range=1024
active=0
bitshift=4
cftfak=2580100
evpreset=10          
roimin=0
roimax=1000
caloff=0.800000
calfact=12.800000
calfact2=0
calfact3=0
calunit=nsec
caluse=1 
[CHN5]
REPORT-FILE from  written 06/19/2026 11:50:53
cmline1=A5
range=1024
active=0
bitshift=4
cftfak=2580100
evpreset=10          
roimin=0
roimax=1000
caloff=0.800000
calfact=12.800000
calfact2=0
calfact3=0
calunit=nsec
caluse=1 
[CHN6]
REPORT-FILE from  written 06/19/2026 11:50:53
cmline1=A6
range=1024
active=0
bitshift=4
cftfak=2580100
evpreset=10          
roimin=0
roimax=1000
caloff=0.800000
calfact=12.800000
calfact2=0
calfact3=0
calunit=nsec
caluse=1 
[CHN7]
REPORT-FILE from  written 06/19/2026 11:50:53
cmline1=A7
range=1024
active=0
bitshift=4
cftfak=2580100
evpreset=0           
roimin=0
roimax=1000
caloff=0.800000
calfact=12.800000
calfact2=0
calfact3=0
calunit=nsec
caluse=1 
[CHN8]
REPORT-FILE from 06/19/2026 11:29:06.915  written 06/19/2026 11:50:53
cmline0=06/19/2026 11:29:06.915 
cmline1=A8
range=1024
active=0
bitshift=4
cftfak=2580100
evpreset=0           
roimin=0
roimax=1000
caloff=0.800000
calfact=12.800000
calfact2=0
calfact3=0
calunit=nsec
caluse=1 
;MCS8 #97 Sversion=1.257 Fversion=3.68
time_patch=1
;datalength=8 bytes
;bit0..3: channel# 1..8 ( 4 bit)
;bit4: edge 0=up / 1=dn ( 1 bit)
;bit5 ..57: timedata    (53 bit), max sweep length 2001.6 h
;bit58..62: tag0..tag4  ( 5 bit)
;bit63:     data_lost   ( 1 bit)
[DATA]
0000000000000016
0000002156226961
0000000000f5ad71
0000000000000181
00000019751d3bf9
00000033f68cae61
0000000000f5ad71
0000000000000181
0000004696f6f361
0000000000f5ad71
0000000000000181
0000005937613861
0000000000f5ad71
0000000000000181
0000006bd7cb7e61
0000000000f5ad71
0000000000000181
0000007e7835c361
0000000000f5ad71
0000000000000181
0000009118a00961
0000000000f5ad71
0000000000000181
000000a3b90a4e61
0000000000f5ad71
0000000000000181
000000b659749461
0000000000f5ad71
0000000000000181
000000c8f9deda61
0000000000f5ad71
0000000000000181
000000db9a492061
0000000000f5ad71
0000000000000181
000000ee3ab36661
0000000000f5ad71
0000000000000181
00000100db1dac61
0000000000f5ad71
0000000000000181
000001137b87f261
0000000000f5ad71
0000000000000181
000001261bf23961
0000000000f5ad71
0000000000000181
00000138bc5c7f61
0000000000f5ad71
0000000000000181
0000014b5cc6c661
0000000000f5ad71
0000000000000181
0000015dfd310c61
0000000000f5ad71
0000000000000181
000001709d9b5361
0000000000f5ad71
0000000000000181
000001833e059a61
0000000000f5ad71
0000000000000181
00000195de6fe161
0000000000f5ad71
0000000000000181
000001a87eda2861
0000000000f5ad71
0000000000000181
000001bb1f446f61
0000000000f5ad71
0000000000000181
000001cdbfaeb761
0000000000f5ad71
0000000000000181
000001e06018fe61
0000000000f5ad71
0000000000000181
000001f300834661
0000000000f5ad71
0000000000000181
00000205a0ed8d61
0000000000f5ad71
0000000000000181
000002184157d561
0000000000f5ad71
0000000000000181
0000022ae1c21d61
0000000000f5ad71
0000000000000181
0000023d822c6561
0000000000f5ad71
0000000000000181
000002502296ad61
0000000000f5ad71
0000000000000181
00000262c300f561
0000000000f5ad71
0000000000000181
00000275636b3d61
0000000000f5ad71
0000000000000181
0000028803d58561
0000000000f5ad71
0000000000000181
0000029aa43fce61
0000000000f5ad71
0000000000000181
000002ad44aa1661
0000000000f5ad71
0000000000000181
000002bfe5145f61
0000000000f5ad71
0000000000000181
000002d2857ea761
0000000000f5ad71
0000000000000181
000002e525e8f061
0000000000f5ad71
0000000000000181
000002f7c6533961
0000000000f5ad71
0000000000000181
0000030a66bd8261
0000000000f5ad71
0000000000000181
0000018749713fd9
0000031d0727cb61
0000000000f5ad71
0000000000000181
0000032fa7921561
0000000000f5ad71
0000000000000181
0000034247fc5e61
0000000000f5ad71
0000000000000181
000001a6075427d9
00000354e866a761
0000000000f5ad71
0000000000000181
0000036788d0f161
0000000000f5ad71
0000000000000181
0000037a293b3a61
0000000000f5ad71
0000000000000181
0000038cc9a58461
0000000000f5ad71
0000000000000181
0000039f6a0fce61
0000000000f5ad71
0000000000000181
000003b20a7a1861
0000000000f5ad71
0000000000000181
000003c4aae46261
0000000000f5ad71
0000000000000181
000003d74b4eac61
0000000000f5ad71
0000000000000181
000003e9ebb8f661
0000000000f5ad71
0000000000000181
000003fc8c234161
0000000000f5ad71
0000000000000181
0000040f2c8d8b61
0000000000f5ad71
0000000000000181
00000421ccf7d561
0000000000f5ad71
0000000000000181
000004346d622061
0000000000f5ad71
0000000000000181
000004470dcc6b61
0000000000f5ad71
0000000000000181
00000459ae36b661
0000000000f5ad71
0000000000000181
0000046c4ea10061
0000000000f5ad71
0000000000000181
000002379890d8b9
0000047eef0b4b61
0000000000f5ad71
0000000000000181
000004918f759761
0000000000f5ad71
0000000000000181
000004a42fdfe261
0000000000f5ad71
0000000000000181
000004b6d04a2d61
0000000000f5ad71
0000000000000181
000004c970b47961
0000000000f5ad71
0000000000000181
000004dc111ec461
0000000000f5ad71
0000000000000181
000004eeb1891061
0000000000f5ad71
0000000000000181
0000050151f35b61
0000000000f5ad71
0000000000000181
00000513f25da761
0000000000f5ad71
0000000000000181
0000052692c7f361
0000000000f5ad71
0000000000000181
00000298abfb7e59
0000053933323f61
0000000000f5ad71
0000000000000181
0000054bd39c8b61
0000000000f5ad71
0000000000000181
0000055e7406d761
0000000000f5ad71
0000000000000181
0000057114712461
0000000000f5ad71
0000000000000181
00000583b4db7061
0000000000f5ad71
0000000000000181
000005965545bc61
0000000000f5ad71
0000000000000181
000005a8f5b00961
0000000000f5ad71
0000000000000181
000005bb961a5661
0000000000f5ad71
0000000000000181
000005ce3684a261
0000000000f5ad71
0000000000000181
000005e0d6eeef61
0000000000f5ad71
0000000000000181
000005f377593c61
0000000000f5ad71
0000000000000181
0000060617c38961
0000000000f5ad71
0000000000000181
00000618b82dd661
0000000000f5ad71
0000000000000181
0000062b58982461
0000000000f5ad71
0000000000000181
0000063df9027161
0000000000f5ad71
0000000000000181
00000650996cbe61
0000000000f5ad71
0000000000000181
0000066339d70c61
0000000000f5ad71
0000000000000181
00000675da415961
0000000000f5ad71
0000000000000181
000006887aaba761
0000000000f5ad71
0000000000000181
0000069b1b15f561
0000000000f5ad71
0000000000000181
000006adbb804361
0000000000f5ad71
0000000000000181
000006c05bea9161
0000000000f5ad71
0000000000000181
000006d2fc54df61
0000000000f5ad71
0000000000000181
000006e59cbf2d61
0000000000f5ad71
0000000000000181
000006f83d297b61
0000000000f5ad71
0000000000000181
0000070add93ca61
0000000000f5ad71
0000000000000181
0000071d7dfe1861
0000000000f5ad71
0000000000000181
000007301e686761
0000000000f5ad71
0000000000000181
00000742bed2b661
0000000000f5ad71
0000000000000181
000007555f3d0461
0000000000f5ad71
0000000000000181
00000767ffa75361
0000000000f5ad71
0000000000000181
0000077aa011a261
0000000000f5ad71
0000000000000181
0000078d407bf161
0000000000f5ad71
0000000000000181
0000079fe0e64061
0000000000f5ad71
0000000000000181
000007b281509061
0000000000f5ad71
0000000000000181
000007c521badf61
0000000000f5ad71
0000000000000181
000007d7c2252e61
0000000000f5ad71
0000000000000181
000007ea628f7e61
0000000000f5ad71
0000000000000181
000007fd02f9ce61
0000000000f5ad71
0000000000000181
0000080fa3641d61
0000000000f5ad71
0000000000000181
0000082243ce6d61
0000000000f5ad71
0000000000000181
00000834e438bd61
0000000000f5ad71
0000000000000181
0000084784a30d61
0000000000f5ad71
0000000000000181
0000085a250d5d61
0000000000f5ad71
0000000000000181
0000086cc577ae61
0000000000f5ad71
0000000000000181
0000087f65e1fe61
0000000000f5ad71
0000000000000181
00000892064c4e61
0000000000f5ad71
0000000000000181
000008a4a6b69f61
0000000000f5ad71
0000000000000181
000008b74720f061
0000000000f5ad71
0000000000000181
000008c9e78b4061
0000000000f5ad71
0000000000000181
000008dc87f59161
0000000000f5ad71
0000000000000181
000008ef285fe261
0000000000f5ad71
0000000000000181
00000901c8ca3361
0000000000f5ad71
0000000000000181
0000091469348461
0000000000f5ad71
0000000000000181
00000927099ed561
0000000000f5ad71
0000000000000181
00000939aa092761
0000000000f5ad71
0000000000000181
0000094c4a737861
0000000000f5ad71
0000000000000181
0000095eeaddca61
0000000000f5ad71
0000000000000181
000009718b481b61
0000000000f5ad71
0000000000000181
000009842bb26d61
0000000000f5ad71
0000000000000181
00000996cc1cbf61
0000000000f5ad71
0000000000000181
000009a96c871061
0000000000f5ad71
0000000000000181
000009bc0cf16261
0000000000f5ad71
0000000000000181
000009cead5bb461
0000000000f5ad71
0000000000000181
000009e14dc60761
0000000000f5ad71
0000000000000181
000009f3ee305961
0000000000f5ad71
0000000000000181
00000a068e9aab61
0000000000f5ad71
0000000000000181
00000a192f04fd61
0000000000f5ad71
0000000000000181
00000a2bcf6f5061
0000000000f5ad71
0000000000000181
00000a3e6fd9a361
0000000000f5ad71
0000000000000181
00000a511043f561
0000000000f5ad71
0000000000000181
00000a63b0ae4861
0000000000f5ad71
0000000000000181
0000053815314a39
00000a7651189b61
0000000000f5ad71
0000000000000181
00000a88f182ee61
0000000000f5ad71
0000000000000181
00000a9b91ed4161
0000000000f5ad71
0000000000000181
00000aae32579461
0000000000f5ad71
0000000000000181
00000ac0d2c1e761
0000000000f5ad71
0000000000000181
00000ad3732c3b61
0000000000f5ad71
0000000000000181
00000ae613968e61
0000000000f5ad71
0000000000000181
00000af085327561
0000000000f5ad71
0000000000000181
