[MCS8 A] 97 FW 3.104 SV 1.257 
range=1024
periods=2
sweepmode=27e20d0
fstchan=0
holdafter=0
streamstatus=3
calreg0=0
calreg1=0
calreg2=0
calreg3=0
swpreset=8000        
prena=0
syncout=0
cycles=18
sequences=1
tagbits=16
vdac0=92c
vdac1=807
vdac2=8c8
vdac3=8c8
vdac4=8c8
vdac5=8c8
vdac6=8c8
vdac7=8c8
timepreset=20.000      
digio=0
digval=0
autoinc=0 
savedata=2 
mpafmt=asc
sephead=0 
fmt=asc
smoothpts=5 
[CHN1]
REPORT-FILE from 06/19/2026 11:56:36.649  written 06/19/2026 11:56:36
cmline0=06/19/2026 11:56:36.649 
cmline1=A1
range=1024
active=1
bitshift=4
cftfak=2580100
evpreset=10          
roimin=0
roimax=1000
caloff=0.800000
calfact=12.800000
calfact2=0
calfact3=0
calunit=nsec
caluse=1 
[CHN2]
REPORT-FILE from  written 06/19/2026 11:56:36
cmline1=A2
range=1024
active=0
bitshift=4
cftfak=2580100
evpreset=10          
roimin=0
roimax=1000
caloff=0.800000
calfact=12.800000
calfact2=0
calfact3=0
calunit=nsec
caluse=1 
[CHN3]
REPORT-FILE from  written 06/19/2026 11:56:36
cmline1=A3
range=1024
active=0
bitshift=4
cftfak=2580100
evpreset=10          
roimin=0
roimax=1000
caloff=0.800000
calfact=12.800000
calfact2=0
calfact3=0
calunit=nsec
caluse=1 
[CHN4]
REPORT-FILE from  written 06/19/2026 11:56:36
cmline1=A4
range=1024
active=0
bitshift=4
cftfak=2580100
evpreset=10          
roimin=0
roimax=1000
caloff=0.800000
calfact=12.800000
calfact2=0
calfact3=0
calunit=nsec
caluse=1 
[CHN5]
REPORT-FILE from  written 06/19/2026 11:56:36
cmline1=A5
range=1024
active=0
bitshift=4
cftfak=2580100
evpreset=10          
roimin=0
roimax=1000
caloff=0.800000
calfact=12.800000
calfact2=0
calfact3=0
calunit=nsec
caluse=1 
[CHN6]
REPORT-FILE from  written 06/19/2026 11:56:36
cmline1=A6
range=1024
active=0
bitshift=4
cftfak=2580100
evpreset=10          
roimin=0
roimax=1000
caloff=0.800000
calfact=12.800000
calfact2=0
calfact3=0
calunit=nsec
caluse=1 
[CHN7]
REPORT-FILE from  written 06/19/2026 11:56:36
cmline1=A7
range=1024
active=0
bitshift=4
cftfak=2580100
evpreset=0           
roimin=0
roimax=1000
caloff=0.800000
calfact=12.800000
calfact2=0
calfact3=0
calunit=nsec
caluse=1 
[CHN8]
REPORT-FILE from 06/19/2026 11:29:06.915  written 06/19/2026 11:56:36
cmline0=06/19/2026 11:29:06.915 
cmline1=A8
range=1024
active=0
bitshift=4
cftfak=2580100
evpreset=0           
roimin=0
roimax=1000
caloff=0.800000
calfact=12.800000
calfact2=0
calfact3=0
calunit=nsec
caluse=1 
;MCS8 #97 Sversion=1.257 Fversion=3.68
time_patch=1
;datalength=8 bytes
;bit0..3: channel# 1..8 ( 4 bit)
;bit4: edge 0=up / 1=dn ( 1 bit)
;bit5 ..57: timedata    (53 bit), max sweep length 2001.6 h
;bit58..62: tag0..tag4  ( 5 bit)
;bit63:     data_lost   ( 1 bit)
[DATA]
0000000000000016
0000000bcc4292b9
0000002156176361
0000000000ecb571
0000000000000181
00000033f681c861
0000000000ecb571
0000000000000181
0000004696ec2c61
0000000000ecb571
0000000000000181
0000005937569161
0000000000ecb571
0000000000000181
0000006bd7c0f561
0000000000ecb571
0000000000000181
0000007e782b5a61
0000000000ecb571
0000000000000181
000000911895bf61
0000000000ecb571
0000000000000181
000000a3b9002461
0000000000ecb571
0000000000000181
000000b6596a8961
0000000000ecb571
0000000000000181
000000c8f9d4ee61
0000000000ecb571
0000000000000181
000000db9a3f5361
0000000000ecb571
0000000000000181
000000ee3aa9b861
0000000000ecb571
0000000000000181
00000100db141d61
0000000000ecb571
0000000000000181
000001137b7e8361
0000000000ecb571
0000000000000181
000001261be8e861
0000000000ecb571
0000000000000181
00000138bc534e61
0000000000ecb571
0000000000000181
0000014b5cbdb361
0000000000ecb571
0000000000000181
0000015dfd281961
0000000000ecb571
0000000000000181
000001709d927f61
0000000000ecb571
0000000000000181
000001833dfce561
0000000000ecb571
0000000000000181
00000195de674b61
0000000000ecb571
0000000000000181
000001a87ed1b161
0000000000ecb571
0000000000000181
000001bb1f3c1761
0000000000ecb571
0000000000000181
000001cdbfa67d61
0000000000ecb571
0000000000000181
000001e06010e461
0000000000ecb571
0000000000000181
000001f3007b4a61
0000000000ecb571
0000000000000181
00000205a0e5b161
0000000000ecb571
0000000000000181
0000021841501761
0000000000ecb571
0000000000000181
0000022ae1ba7e61
0000000000ecb571
0000000000000181
0000023d8224e561
0000000000ecb571
0000000000000181
00000250228f4b61
0000000000ecb571
0000000000000181
00000262c2f9b261
0000000000ecb571
0000000000000181
0000027563641a61
0000000000ecb571
0000000000000181
0000028803ce8161
0000000000ecb571
0000000000000181
0000029aa438e861
0000000000ecb571
0000000000000181
000002ad44a34f61
0000000000ecb571
0000000000000181
000002bfe50db661
0000000000ecb571
0000000000000181
000002d285781e61
0000000000ecb571
0000000000000181
000002e525e28561
0000000000ecb571
0000000000000181
000002f7c64ced61
0000000000ecb571
0000000000000181
0000030a66b75561
0000000000ecb571
0000000000000181
0000031d0721bd61
0000000000ecb571
0000000000000181
0000032fa78c2461
0000000000ecb571
0000000000000181
0000034247f68c61
0000000000ecb571
0000000000000181
00000354e860f461
0000000000ecb571
0000000000000181
0000036788cb5c61
0000000000ecb571
0000000000000181
0000037a2935c561
0000000000ecb571
0000000000000181
0000038cc9a02d61
0000000000ecb571
0000000000000181
0000039f6a0a9561
0000000000ecb571
0000000000000181
000003b20a74fe61
0000000000ecb571
0000000000000181
000001db8948cff9
000003c4aadf6661
0000000000ecb571
0000000000000181
000003d74b49cf61
0000000000ecb571
0000000000000181
000003e9ebb43861
0000000000ecb571
0000000000000181
000003fc8c1ea061
0000000000ecb571
0000000000000181
0000040f2c890961
0000000000ecb571
0000000000000181
00000421ccf37261
0000000000ecb571
0000000000000181
000004346d5ddb61
0000000000ecb571
0000000000000181
000004470dc84461
0000000000ecb571
0000000000000181
00000459ae32ad61
0000000000ecb571
0000000000000181
0000046c4e9d1661
0000000000ecb571
0000000000000181
0000047eef078061
0000000000ecb571
0000000000000181
0000024784a72519
000004918f71e961
0000000000ecb571
0000000000000181
000004a42fdc5261
0000000000ecb571
0000000000000181
000004b6d046bc61
0000000000ecb571
0000000000000181
000004c970b12561
0000000000ecb571
0000000000000181
000004dc111b8f61
0000000000ecb571
0000000000000181
000004eeb185f961
0000000000ecb571
0000000000000181
0000050151f06361
0000000000ecb571
0000000000000181
00000513f25acc61
0000000000ecb571
0000000000000181
0000052692c53661
0000000000ecb571
0000000000000181
00000539332fa061
0000000000ecb571
0000000000000181
0000054bd39a0b61
0000000000ecb571
0000000000000181
0000055e74047561
0000000000ecb571
0000000000000181
00000571146edf61
0000000000ecb571
0000000000000181
00000583b4d94961
0000000000ecb571
0000000000000181
000005965543b461
0000000000ecb571
0000000000000181
000005a8f5ae1e61
0000000000ecb571
0000000000000181
000002dc7aae10b9
000005bb96188961
0000000000ecb571
0000000000000181
000005ce3682f361
0000000000ecb571
0000000000000181
000005e0d6ed5e61
0000000000ecb571
0000000000000181
000005f37757c961
0000000000ecb571
0000000000000181
0000060617c23461
0000000000ecb571
0000000000000181
00000618b82c9e61
0000000000ecb571
0000000000000181
0000062b58970961
0000000000ecb571
0000000000000181
0000063df9017561
0000000000ecb571
0000000000000181
00000650996be061
0000000000ecb571
0000000000000181
0000066339d64b61
0000000000ecb571
0000000000000181
00000675da40b661
0000000000ecb571
0000000000000181
000006887aab2261
0000000000ecb571
0000000000000181
0000069b1b158d61
0000000000ecb571
0000000000000181
000006adbb7ff961
0000000000ecb571
0000000000000181
000006c05bea6461
0000000000ecb571
0000000000000181
0000036372f249d9
000006d2fc54d061
0000000000ecb571
0000000000000181
000006e59cbf3b61
0000000000ecb571
0000000000000181
000006f83d29a761
0000000000ecb571
0000000000000181
0000070add941361
0000000000ecb571
0000000000000181
0000071d7dfe7f61
0000000000ecb571
0000000000000181
000007301e68eb61
0000000000ecb571
0000000000000181
00000742bed35761
0000000000ecb571
0000000000000181
000007555f3dc361
0000000000ecb571
0000000000000181
00000767ffa82f61
0000000000ecb571
0000000000000181
0000077aa0129b61
0000000000ecb571
0000000000000181
0000078d407d0861
0000000000ecb571
0000000000000181
0000079fe0e77461
0000000000ecb571
0000000000000181
000007b28151e161
0000000000ecb571
0000000000000181
000007c521bc4d61
0000000000ecb571
0000000000000181
000007d7c226ba61
0000000000ecb571
0000000000000181
000007ea62912661
0000000000ecb571
0000000000000181
000007fd02fb9361
0000000000ecb571
0000000000000181
0000080fa3660061
0000000000ecb571
0000000000000181
0000082243d06d61
0000000000ecb571
0000000000000181
00000834e43ad961
0000000000ecb571
0000000000000181
0000084784a54661
0000000000ecb571
0000000000000181
0000085a250fb361
0000000000ecb571
0000000000000181
0000086cc57a2161
0000000000ecb571
0000000000000181
0000087f65e48e61
0000000000ecb571
0000000000000181
00000892064efb61
0000000000ecb571
0000000000000181
000008a4a6b96861
0000000000ecb571
0000000000000181
000008b74723d661
0000000000ecb571
0000000000000181
0000045d6f314859
000008c9e78e4361
0000000000ecb571
0000000000000181
000008dc87f8b061
0000000000ecb571
0000000000000181
000008ef28631e61
0000000000ecb571
0000000000000181
00000901c8cd8b61
0000000000ecb571
0000000000000181
000009146937f961
0000000000ecb571
0000000000000181
0000092709a26761
0000000000ecb571
0000000000000181
00000939aa0cd561
0000000000ecb571
0000000000000181
0000094c4a774261
0000000000ecb571
0000000000000181
0000095eeae1b061
0000000000ecb571
0000000000000181
000009718b4c1e61
0000000000ecb571
0000000000000181
000009842bb68c61
0000000000ecb571
0000000000000181
00000996cc20fb61
0000000000ecb571
0000000000000181
000009a96c8b6961
0000000000ecb571
0000000000000181
000009bc0cf5d761
0000000000ecb571
0000000000000181
000009cead604561
0000000000ecb571
0000000000000181
000009e14dcab461
0000000000ecb571
0000000000000181
000009f3ee352261
0000000000ecb571
0000000000000181
00000a068e9f9061
0000000000ecb571
0000000000000181
00000a192f09ff61
0000000000ecb571
0000000000000181
00000a2bcf746e61
0000000000ecb571
0000000000000181
00000a3e6fdedc61
0000000000ecb571
0000000000000181
00000a5110494b61
0000000000ecb571
0000000000000181
00000a63b0b3ba61
0000000000ecb571
0000000000000181
00000a76511e2961
0000000000ecb571
0000000000000181
00000a88f1889861
0000000000ecb571
0000000000000181
00000a9b91f30761
0000000000ecb571
0000000000000181
00000aae325d7661
0000000000ecb571
0000000000000181
00000ac0d2c7e561
0000000000ecb571
0000000000000181
00000ad373325461
0000000000ecb571
0000000000000181
00000ae6139cc361
0000000000ecb571
0000000000000181
00000af8b4073261
0000000000ecb571
0000000000000181
00000af8d351a561
0000000000ecb571
0000000000000181
