[MCS8 A] 97 FW 3.104 SV 1.257 
range=1024
periods=2
sweepmode=27e20d0
fstchan=0
holdafter=0
streamstatus=3
calreg0=0
calreg1=0
calreg2=0
calreg3=0
swpreset=8000        
prena=0
syncout=0
cycles=18
sequences=1
tagbits=16
vdac0=92c
vdac1=807
vdac2=8c8
vdac3=8c8
vdac4=8c8
vdac5=8c8
vdac6=8c8
vdac7=8c8
timepreset=20.000      
digio=0
digval=0
autoinc=0 
savedata=2 
mpafmt=asc
sephead=0 
fmt=asc
smoothpts=5 
[CHN1]
REPORT-FILE from 06/19/2026 12:02:21.434  written 06/19/2026 12:02:21
cmline0=06/19/2026 12:02:21.434 
cmline1=A1
range=1024
active=1
bitshift=4
cftfak=2580100
evpreset=10          
roimin=0
roimax=1000
caloff=0.800000
calfact=12.800000
calfact2=0
calfact3=0
calunit=nsec
caluse=1 
[CHN2]
REPORT-FILE from  written 06/19/2026 12:02:21
cmline1=A2
range=1024
active=0
bitshift=4
cftfak=2580100
evpreset=10          
roimin=0
roimax=1000
caloff=0.800000
calfact=12.800000
calfact2=0
calfact3=0
calunit=nsec
caluse=1 
[CHN3]
REPORT-FILE from  written 06/19/2026 12:02:21
cmline1=A3
range=1024
active=0
bitshift=4
cftfak=2580100
evpreset=10          
roimin=0
roimax=1000
caloff=0.800000
calfact=12.800000
calfact2=0
calfact3=0
calunit=nsec
caluse=1 
[CHN4]
REPORT-FILE from  written 06/19/2026 12:02:21
cmline1=A4
range=1024
active=0
bitshift=4
cftfak=2580100
evpreset=10          
roimin=0
roimax=1000
caloff=0.800000
calfact=12.800000
calfact2=0
calfact3=0
calunit=nsec
caluse=1 
[CHN5]
REPORT-FILE from  written 06/19/2026 12:02:21
cmline1=A5
range=1024
active=0
bitshift=4
cftfak=2580100
evpreset=10          
roimin=0
roimax=1000
caloff=0.800000
calfact=12.800000
calfact2=0
calfact3=0
calunit=nsec
caluse=1 
[CHN6]
REPORT-FILE from  written 06/19/2026 12:02:21
cmline1=A6
range=1024
active=0
bitshift=4
cftfak=2580100
evpreset=10          
roimin=0
roimax=1000
caloff=0.800000
calfact=12.800000
calfact2=0
calfact3=0
calunit=nsec
caluse=1 
[CHN7]
REPORT-FILE from  written 06/19/2026 12:02:21
cmline1=A7
range=1024
active=0
bitshift=4
cftfak=2580100
evpreset=0           
roimin=0
roimax=1000
caloff=0.800000
calfact=12.800000
calfact2=0
calfact3=0
calunit=nsec
caluse=1 
[CHN8]
REPORT-FILE from 06/19/2026 11:29:06.915  written 06/19/2026 12:02:21
cmline0=06/19/2026 11:29:06.915 
cmline1=A8
range=1024
active=0
bitshift=4
cftfak=2580100
evpreset=0           
roimin=0
roimax=1000
caloff=0.800000
calfact=12.800000
calfact2=0
calfact3=0
calunit=nsec
caluse=1 
;MCS8 #97 Sversion=1.257 Fversion=3.68
time_patch=1
;datalength=8 bytes
;bit0..3: channel# 1..8 ( 4 bit)
;bit4: edge 0=up / 1=dn ( 1 bit)
;bit5 ..57: timedata    (53 bit), max sweep length 2001.6 h
;bit58..62: tag0..tag4  ( 5 bit)
;bit63:     data_lost   ( 1 bit)
[DATA]
0000000000000016
00000021567f3c61
0000000001531971
0000000000000181
00000033f6e9b361
0000000001531971
0000000000000181
0000004697542b61
0000000001531971
0000000000000181
0000005937bea361
0000000001531971
0000000000000181
0000006bd8291a61
0000000001531971
0000000000000181
0000007e78939261
0000000001531971
0000000000000181
0000009118fe0a61
0000000001531971
0000000000000181
000000a3b9688161
0000000001531971
0000000000000181
000000b659d2f961
0000000001531971
0000000000000181
000000c8fa3d7161
0000000001531971
0000000000000181
000000db9aa7e961
0000000001531971
0000000000000181
000000ee3b126161
0000000001531971
0000000000000181
00000100db7cd861
0000000001531971
0000000000000181
000001137be75061
0000000001531971
0000000000000181
000001261c51c861
0000000001531971
0000000000000181
00000138bcbc4061
0000000001531971
0000000000000181
0000014b5d26b861
0000000001531971
0000000000000181
0000015dfd913061
0000000001531971
0000000000000181
000001709dfba861
0000000001531971
0000000000000181
000001833e662061
0000000001531971
0000000000000181
00000195ded09861
0000000001531971
0000000000000181
000001a87f3b1061
0000000001531971
0000000000000181
000001bb1fa58861
0000000001531971
0000000000000181
000001cdc0100061
0000000001531971
0000000000000181
000001e0607a7861
0000000001531971
0000000000000181
000001f300e4f161
0000000001531971
0000000000000181
00000205a14f6961
0000000001531971
0000000000000181
0000021841b9e161
0000000001531971
0000000000000181
0000022ae2245a61
0000000001531971
0000000000000181
0000023d828ed261
0000000001531971
0000000000000181
0000025022f94a61
0000000001531971
0000000000000181
00000262c363c361
0000000001531971
0000000000000181
0000027563ce3b61
0000000001531971
0000000000000181
000002880438b461
0000000001531971
0000000000000181
0000029aa4a32d61
0000000001531971
0000000000000181
000002ad450da561
0000000001531971
0000000000000181
000002bfe5781e61
0000000001531971
0000000000000181
000002d285e29661
0000000001531971
0000000000000181
000002e5264d0f61
0000000001531971
0000000000000181
0000017728ae8519
000002f7c6b78861
0000000001531971
0000000000000181
0000030a67220061
0000000001531971
0000000000000181
0000031d078c7961
0000000001531971
0000000000000181
0000032fa7f6f261
0000000001531971
0000000000000181
0000034248616b61
0000000001531971
0000000000000181
00000354e8cbe461
0000000001531971
0000000000000181
0000036789365d61
0000000001531971
0000000000000181
0000037a29a0d661
0000000001531971
0000000000000181
0000038cca0b4f61
0000000001531971
0000000000000181
0000039f6a75c861
0000000001531971
0000000000000181
000003b20ae04161
0000000001531971
0000000000000181
000003c4ab4aba61
0000000001531971
0000000000000181
000003d74bb53361
0000000001531971
0000000000000181
000003e9ec1fac61
0000000001531971
0000000000000181
000003fc8c8a2561
0000000001531971
0000000000000181
0000040f2cf49e61
0000000001531971
0000000000000181
00000421cd5f1861
0000000001531971
0000000000000181
000004346dc99161
0000000001531971
0000000000000181
000004470e340a61
0000000001531971
0000000000000181
00000459ae9e8361
0000000001531971
0000000000000181
0000046c4f08fd61
0000000001531971
0000000000000181
0000047eef737661
0000000001531971
0000000000000181
000004918fddef61
0000000001531971
0000000000000181
000004a430486961
0000000001531971
0000000000000181
000004b6d0b2e261
0000000001531971
0000000000000181
000004c9711d5b61
0000000001531971
0000000000000181
000004dc1187d561
0000000001531971
0000000000000181
000004eeb1f24e61
0000000001531971
0000000000000181
00000501525cc861
0000000001531971
0000000000000181
00000513f2c74161
0000000001531971
0000000000000181
000005269331bb61
0000000001531971
0000000000000181
00000539339c3461
0000000001531971
0000000000000181
0000054bd406ae61
0000000001531971
0000000000000181
0000055e74712861
0000000001531971
0000000000000181
0000057114dba161
0000000001531971
0000000000000181
00000583b5461b61
0000000001531971
0000000000000181
0000059655b09561
0000000001531971
0000000000000181
000005a8f61b0f61
0000000001531971
0000000000000181
000002d545bc8db9
000005bb96858861
0000000001531971
0000000000000181
000005ce36f00261
0000000001531971
0000000000000181
000005e0d75a7c61
0000000001531971
0000000000000181
000005f377c4f661
0000000001531971
0000000000000181
00000606182f7061
0000000001531971
0000000000000181
00000618b899ea61
0000000001531971
0000000000000181
0000062b59046361
0000000001531971
0000000000000181
0000063df96edd61
0000000001531971
0000000000000181
0000065099d95761
0000000001531971
0000000000000181
000006633a43d161
0000000001531971
0000000000000181
00000675daae4b61
0000000001531971
0000000000000181
000006887b18c561
0000000001531971
0000000000000181
0000069b1b833f61
0000000001531971
0000000000000181
000006adbbedb961
0000000001531971
0000000000000181
000006c05c583361
0000000001531971
0000000000000181
000006d2fcc2ad61
0000000001531971
0000000000000181
000006e59d2d2761
0000000001531971
0000000000000181
000006f83d97a161
0000000001531971
0000000000000181
0000070ade021b61
0000000001531971
0000000000000181
0000071d7e6c9561
0000000001531971
0000000000000181
000007301ed70f61
0000000001531971
0000000000000181
00000742bf418961
0000000001531971
0000000000000181
000007555fac0361
0000000001531971
0000000000000181
0000076800167d61
0000000001531971
0000000000000181
0000077aa080f761
0000000001531971
0000000000000181
0000078d40eb7261
0000000001531971
0000000000000181
0000079fe155ec61
0000000001531971
0000000000000181
000007b281c06661
0000000001531971
0000000000000181
000007c5222ae061
0000000001531971
0000000000000181
000007d7c2955b61
0000000001531971
0000000000000181
000007ea62ffd561
0000000001531971
0000000000000181
000007fd036a5061
0000000001531971
0000000000000181
0000080fa3d4ca61
0000000001531971
0000000000000181
00000822443f4461
0000000001531971
0000000000000181
00000834e4a9bf61
0000000001531971
0000000000000181
0000084785143961
0000000001531971
0000000000000181
0000085a257eb461
0000000001531971
0000000000000181
0000086cc5e92e61
0000000001531971
0000000000000181
0000087f6653a961
0000000001531971
0000000000000181
0000089206be2361
0000000001531971
0000000000000181
000008a4a7289e61
0000000001531971
0000000000000181
000008b747931861
0000000001531971
0000000000000181
000008c9e7fd9361
0000000001531971
0000000000000181
000008dc88680d61
0000000001531971
0000000000000181
000008ef28d28861
0000000001531971
0000000000000181
00000901c93d0361
0000000001531971
0000000000000181
0000091469a77d61
0000000001531971
0000000000000181
000009270a11f861
0000000001531971
0000000000000181
00000939aa7c7261
0000000001531971
0000000000000181
0000094c4ae6ed61
0000000001531971
0000000000000181
0000095eeb516861
0000000001531971
0000000000000181
000009718bbbe261
0000000001531971
0000000000000181
000009842c265d61
0000000001531971
0000000000000181
00000996cc90d861
0000000001531971
0000000000000181
000009a96cfb5261
0000000001531971
0000000000000181
000009bc0d65cd61
0000000001531971
0000000000000181
000009ceadd04861
0000000001531971
0000000000000181
000009e14e3ac261
0000000001531971
0000000000000181
000009f3eea53d61
0000000001531971
0000000000000181
00000a068f0fb861
0000000001531971
0000000000000181
00000a192f7a3261
0000000001531971
0000000000000181
00000a2bcfe4ad61
0000000001531971
0000000000000181
00000a3e704f2861
0000000001531971
0000000000000181
00000a5110b9a361
0000000001531971
0000000000000181
00000a63b1241e61
0000000001531971
0000000000000181
00000a76518e9961
0000000001531971
0000000000000181
00000a88f1f91361
0000000001531971
0000000000000181
00000a9b92638e61
0000000001531971
0000000000000181
00000aae32ce0961
0000000001531971
0000000000000181
0000055bc4cfbc19
00000ac0d3388461
0000000001531971
0000000000000181
00000ad373a2ff61
0000000001531971
0000000000000181
00000ae6140d7a61
0000000001531971
0000000000000181
00000af8b477f561
0000000001531971
0000000000000181
00000af8da856161
0000000001531971
0000000000000181
