[MCS8 A] 97 FW 3.104 SV 1.257 
range=1024
periods=2
sweepmode=27e20d0
fstchan=0
holdafter=0
streamstatus=3
calreg0=0
calreg1=0
calreg2=0
calreg3=0
swpreset=8000        
prena=1
syncout=0
cycles=18
sequences=1
tagbits=16
vdac0=92c
vdac1=807
vdac2=8c8
vdac3=8c8
vdac4=8c8
vdac5=8c8
vdac6=8c8
vdac7=8c8
timepreset=150.000     
digio=0
digval=0
autoinc=0 
savedata=2 
mpafmt=asc
sephead=0 
fmt=asc
smoothpts=5 
[CHN1]
REPORT-FILE from 06/22/2026 13:01:02.363  written 06/22/2026 13:01:02
cmline0=06/22/2026 13:01:02.363 
cmline1=A1
range=1024
active=1
bitshift=4
cftfak=2580100
evpreset=10          
roimin=0
roimax=1000
caloff=0.800000
calfact=12.800000
calfact2=0
calfact3=0
calunit=nsec
caluse=1 
[CHN2]
REPORT-FILE from  written 06/22/2026 13:01:02
cmline1=A2
range=1024
active=0
bitshift=4
cftfak=2580100
evpreset=10          
roimin=0
roimax=1000
caloff=0.800000
calfact=12.800000
calfact2=0
calfact3=0
calunit=nsec
caluse=1 
[CHN3]
REPORT-FILE from  written 06/22/2026 13:01:02
cmline1=A3
range=1024
active=0
bitshift=4
cftfak=2580100
evpreset=10          
roimin=0
roimax=1000
caloff=0.800000
calfact=12.800000
calfact2=0
calfact3=0
calunit=nsec
caluse=1 
[CHN4]
REPORT-FILE from  written 06/22/2026 13:01:02
cmline1=A4
range=1024
active=0
bitshift=4
cftfak=2580100
evpreset=10          
roimin=0
roimax=1000
caloff=0.800000
calfact=12.800000
calfact2=0
calfact3=0
calunit=nsec
caluse=1 
[CHN5]
REPORT-FILE from  written 06/22/2026 13:01:02
cmline1=A5
range=1024
active=0
bitshift=4
cftfak=2580100
evpreset=10          
roimin=0
roimax=1000
caloff=0.800000
calfact=12.800000
calfact2=0
calfact3=0
calunit=nsec
caluse=1 
[CHN6]
REPORT-FILE from  written 06/22/2026 13:01:02
cmline1=A6
range=1024
active=0
bitshift=4
cftfak=2580100
evpreset=10          
roimin=0
roimax=1000
caloff=0.800000
calfact=12.800000
calfact2=0
calfact3=0
calunit=nsec
caluse=1 
[CHN7]
REPORT-FILE from  written 06/22/2026 13:01:02
cmline1=A7
range=1024
active=0
bitshift=4
cftfak=2580100
evpreset=0           
roimin=0
roimax=1000
caloff=0.800000
calfact=12.800000
calfact2=0
calfact3=0
calunit=nsec
caluse=1 
[CHN8]
REPORT-FILE from  written 06/22/2026 13:01:02
cmline1=A8
range=1024
active=0
bitshift=4
cftfak=2580100
evpreset=0           
roimin=0
roimax=1000
caloff=0.800000
calfact=12.800000
calfact2=0
calfact3=0
calunit=nsec
caluse=1 
;MCS8 #97 Sversion=1.257 Fversion=3.68
time_patch=1
;datalength=8 bytes
;bit0..3: channel# 1..8 ( 4 bit)
;bit4: edge 0=up / 1=dn ( 1 bit)
;bit5 ..57: timedata    (53 bit), max sweep length 2001.6 h
;bit58..62: tag0..tag4  ( 5 bit)
;bit63:     data_lost   ( 1 bit)
[DATA]
0000000000000016
0000002156257361
0000000000f7c771
0000000000000181
0000001159bef039
00000033f6900a61
0000000000f7c771
0000000000000181
0000004696faa161
0000000000f7c771
0000000000000181
0000005937653861
0000000000f7c771
0000000000000181
0000006bd7cfce61
0000000000f7c771
0000000000000181
0000007e783a6561
0000000000f7c771
0000000000000181
0000009118a4fc61
0000000000f7c771
0000000000000181
000000a3b90f9361
0000000000f7c771
0000000000000181
000000b6597a2961
0000000000f7c771
0000000000000181
000000c8f9e4c061
0000000000f7c771
0000000000000181
000000db9a4f5761
0000000000f7c771
0000000000000181
000000ee3ab9ed61
0000000000f7c771
0000000000000181
00000100db248461
0000000000f7c771
0000000000000181
000001137b8f1a61
0000000000f7c771
0000000000000181
000001261bf9b161
0000000000f7c771
0000000000000181
00000138bc644861
0000000000f7c771
0000000000000181
0000014b5ccede61
0000000000f7c771
0000000000000181
0000015dfd397561
0000000000f7c771
0000000000000181
000001709da40b61
0000000000f7c771
0000000000000181
000001833e0ea261
0000000000f7c771
0000000000000181
00000195de793861
0000000000f7c771
0000000000000181
000001a87ee3ce61
0000000000f7c771
0000000000000181
000001bb1f4e6561
0000000000f7c771
0000000000000181
000001cdbfb8fb61
0000000000f7c771
0000000000000181
000001e060239261
0000000000f7c771
0000000000000181
000001f3008e2861
0000000000f7c771
0000000000000181
000000fd22bdd099
00000205a0f8be61
0000000000f7c771
0000000000000181
0000021841635561
0000000000f7c771
0000000000000181
0000022ae1cdeb61
0000000000f7c771
0000000000000181
0000023d82388161
0000000000f7c771
0000000000000181
0000025022a31861
0000000000f7c771
0000000000000181
00000262c30dae61
0000000000f7c771
0000000000000181
0000027563784461
0000000000f7c771
0000000000000181
0000028803e2da61
0000000000f7c771
0000000000000181
0000029aa44d7061
0000000000f7c771
0000000000000181
000002ad44b80761
0000000000f7c771
0000000000000181
000002bfe5229d61
0000000000f7c771
0000000000000181
000002d2858d3361
0000000000f7c771
0000000000000181
000002e525f7c961
0000000000f7c771
0000000000000181
000002f7c6625f61
0000000000f7c771
0000000000000181
0000030a66ccf561
0000000000f7c771
0000000000000181
0000031d07378b61
0000000000f7c771
0000000000000181
0000032fa7a22161
0000000000f7c771
0000000000000181
00000342480cb761
0000000000f7c771
0000000000000181
00000354e8774d61
0000000000f7c771
0000000000000181
0000036788e1e361
0000000000f7c771
0000000000000181
0000037a294c7961
0000000000f7c771
0000000000000181
0000038cc9b70f61
0000000000f7c771
0000000000000181
0000039f6a21a561
0000000000f7c771
0000000000000181
000003b20a8c3b61
0000000000f7c771
0000000000000181
000003c4aaf6d161
0000000000f7c771
0000000000000181
000003d74b616761
0000000000f7c771
0000000000000181
000003e9ebcbfd61
0000000000f7c771
0000000000000181
000003fc8c369361
0000000000f7c771
0000000000000181
0000040f2ca12961
0000000000f7c771
0000000000000181
00000421cd0bbe61
0000000000f7c771
0000000000000181
000004346d765461
0000000000f7c771
0000000000000181
000004470de0ea61
0000000000f7c771
0000000000000181
00000459ae4b8061
0000000000f7c771
0000000000000181
0000046c4eb61561
0000000000f7c771
0000000000000181
0000047eef20ab61
0000000000f7c771
0000000000000181
000004918f8b4161
0000000000f7c771
0000000000000181
000004a42ff5d661
0000000000f7c771
0000000000000181
000004b6d0606c61
0000000000f7c771
0000000000000181
000004c970cb0261
0000000000f7c771
0000000000000181
000004dc11359761
0000000000f7c771
0000000000000181
000004eeb1a02d61
0000000000f7c771
0000000000000181
00000501520ac261
0000000000f7c771
0000000000000181
00000513f2755861
0000000000f7c771
0000000000000181
0000052692dfee61
0000000000f7c771
0000000000000181
00000539334a8361
0000000000f7c771
0000000000000181
0000054bd3b51961
0000000000f7c771
0000000000000181
0000055e741fae61
0000000000f7c771
0000000000000181
00000571148a4461
0000000000f7c771
0000000000000181
00000583b4f4d961
0000000000f7c771
0000000000000181
00000596555f6f61
0000000000f7c771
0000000000000181
000005a8f5ca0461
0000000000f7c771
0000000000000181
000005bb96349a61
0000000000f7c771
0000000000000181
000005ce369f2f61
0000000000f7c771
0000000000000181
000005e0d709c461
0000000000f7c771
0000000000000181
000005f377745a61
0000000000f7c771
0000000000000181
0000060617deef61
0000000000f7c771
0000000000000181
00000618b8498461
0000000000f7c771
0000000000000181
0000062b58b41a61
0000000000f7c771
0000000000000181
0000063df91eaf61
0000000000f7c771
0000000000000181
0000065099894461
0000000000f7c771
0000000000000181
0000066339f3da61
0000000000f7c771
0000000000000181
00000675da5e6f61
0000000000f7c771
0000000000000181
000006887ac90461
0000000000f7c771
0000000000000181
0000069b1b339961
0000000000f7c771
0000000000000181
000006adbb9e2f61
0000000000f7c771
0000000000000181
000006c05c08c461
0000000000f7c771
0000000000000181
000006d2fc735961
0000000000f7c771
0000000000000181
000006e59cddee61
0000000000f7c771
0000000000000181
000006f83d488361
0000000000f7c771
0000000000000181
0000070addb31861
0000000000f7c771
0000000000000181
0000071d7e1dad61
0000000000f7c771
0000000000000181
000007301e884261
0000000000f7c771
0000000000000181
00000742bef2d761
0000000000f7c771
0000000000000181
000007555f5d6c61
0000000000f7c771
0000000000000181
00000767ffc80161
0000000000f7c771
0000000000000181
0000077aa0329661
0000000000f7c771
0000000000000181
0000078d409d2b61
0000000000f7c771
0000000000000181
0000079fe107c061
0000000000f7c771
0000000000000181
000007b281725561
0000000000f7c771
0000000000000181
000007c521dcea61
0000000000f7c771
0000000000000181
000007d7c2477e61
0000000000f7c771
0000000000000181
000007ea62b21361
0000000000f7c771
0000000000000181
000007fd031ca861
0000000000f7c771
0000000000000181
0000080fa3873d61
0000000000f7c771
0000000000000181
0000082243f1d161
0000000000f7c771
0000000000000181
00000834e45c6661
0000000000f7c771
0000000000000181
0000084784c6fb61
0000000000f7c771
0000000000000181
0000085a25319061
0000000000f7c771
0000000000000181
0000086cc59c2461
0000000000f7c771
0000000000000181
0000087f6606b961
0000000000f7c771
0000000000000181
0000089206714d61
0000000000f7c771
0000000000000181
000008a4a6dbe261
0000000000f7c771
0000000000000181
000008b747467761
0000000000f7c771
0000000000000181
000008c9e7b10b61
0000000000f7c771
0000000000000181
000008dc881ba061
0000000000f7c771
0000000000000181
000008ef28863561
0000000000f7c771
0000000000000181
00000901c8f0c961
0000000000f7c771
0000000000000181
00000914695b5e61
0000000000f7c771
0000000000000181
0000092709c5f261
0000000000f7c771
0000000000000181
00000939aa308761
0000000000f7c771
0000000000000181
0000094c4a9b1b61
0000000000f7c771
0000000000000181
0000095eeb05af61
0000000000f7c771
0000000000000181
000009718b704461
0000000000f7c771
0000000000000181
000009842bdad861
0000000000f7c771
0000000000000181
00000996cc456d61
0000000000f7c771
0000000000000181
000009a96cb00161
0000000000f7c771
0000000000000181
000009bc0d1a9561
0000000000f7c771
0000000000000181
000009cead852a61
0000000000f7c771
0000000000000181
000009e14defbe61
0000000000f7c771
0000000000000181
000009f3ee5a5261
0000000000f7c771
0000000000000181
00000a068ec4e661
0000000000f7c771
0000000000000181
00000a192f2f7b61
0000000000f7c771
0000000000000181
00000a2bcf9a0f61
0000000000f7c771
0000000000000181
00000a3e7004a361
0000000000f7c771
0000000000000181
00000a51106f3761
0000000000f7c771
0000000000000181
00000a63b0d9cb61
0000000000f7c771
0000000000000181
00000a7651446061
0000000000f7c771
0000000000000181
00000a88f1aef461
0000000000f7c771
0000000000000181
00000a9b92198861
0000000000f7c771
0000000000000181
00000aae32841c61
0000000000f7c771
0000000000000181
00000ac0d2eeb061
0000000000f7c771
0000000000000181
00000ad373594461
0000000000f7c771
0000000000000181
00000ae613c3d861
0000000000f7c771
0000000000000181
00000aec84f24461
0000000000f7c771
0000000000000181
