[MCS8 A] 97 FW 3.104 SV 1.257 
range=1024
periods=2
sweepmode=27e20d0
fstchan=0
holdafter=0
streamstatus=3
calreg0=0
calreg1=0
calreg2=0
calreg3=0
swpreset=8000        
prena=1
syncout=0
cycles=18
sequences=1
tagbits=16
vdac0=92c
vdac1=807
vdac2=8c8
vdac3=8c8
vdac4=8c8
vdac5=8c8
vdac6=8c8
vdac7=8c8
timepreset=150.000     
digio=0
digval=0
autoinc=0 
savedata=2 
mpafmt=asc
sephead=0 
fmt=asc
smoothpts=5 
[CHN1]
REPORT-FILE from 06/22/2026 13:10:45.548  written 06/22/2026 13:10:45
cmline0=06/22/2026 13:10:45.548 
cmline1=A1
range=1024
active=1
bitshift=4
cftfak=2580100
evpreset=10          
roimin=0
roimax=1000
caloff=0.800000
calfact=12.800000
calfact2=0
calfact3=0
calunit=nsec
caluse=1 
[CHN2]
REPORT-FILE from  written 06/22/2026 13:10:45
cmline1=A2
range=1024
active=0
bitshift=4
cftfak=2580100
evpreset=10          
roimin=0
roimax=1000
caloff=0.800000
calfact=12.800000
calfact2=0
calfact3=0
calunit=nsec
caluse=1 
[CHN3]
REPORT-FILE from  written 06/22/2026 13:10:45
cmline1=A3
range=1024
active=0
bitshift=4
cftfak=2580100
evpreset=10          
roimin=0
roimax=1000
caloff=0.800000
calfact=12.800000
calfact2=0
calfact3=0
calunit=nsec
caluse=1 
[CHN4]
REPORT-FILE from  written 06/22/2026 13:10:45
cmline1=A4
range=1024
active=0
bitshift=4
cftfak=2580100
evpreset=10          
roimin=0
roimax=1000
caloff=0.800000
calfact=12.800000
calfact2=0
calfact3=0
calunit=nsec
caluse=1 
[CHN5]
REPORT-FILE from  written 06/22/2026 13:10:45
cmline1=A5
range=1024
active=0
bitshift=4
cftfak=2580100
evpreset=10          
roimin=0
roimax=1000
caloff=0.800000
calfact=12.800000
calfact2=0
calfact3=0
calunit=nsec
caluse=1 
[CHN6]
REPORT-FILE from  written 06/22/2026 13:10:45
cmline1=A6
range=1024
active=0
bitshift=4
cftfak=2580100
evpreset=10          
roimin=0
roimax=1000
caloff=0.800000
calfact=12.800000
calfact2=0
calfact3=0
calunit=nsec
caluse=1 
[CHN7]
REPORT-FILE from  written 06/22/2026 13:10:45
cmline1=A7
range=1024
active=0
bitshift=4
cftfak=2580100
evpreset=0           
roimin=0
roimax=1000
caloff=0.800000
calfact=12.800000
calfact2=0
calfact3=0
calunit=nsec
caluse=1 
[CHN8]
REPORT-FILE from  written 06/22/2026 13:10:45
cmline1=A8
range=1024
active=0
bitshift=4
cftfak=2580100
evpreset=0           
roimin=0
roimax=1000
caloff=0.800000
calfact=12.800000
calfact2=0
calfact3=0
calunit=nsec
caluse=1 
;MCS8 #97 Sversion=1.257 Fversion=3.68
time_patch=1
;datalength=8 bytes
;bit0..3: channel# 1..8 ( 4 bit)
;bit4: edge 0=up / 1=dn ( 1 bit)
;bit5 ..57: timedata    (53 bit), max sweep length 2001.6 h
;bit58..62: tag0..tag4  ( 5 bit)
;bit63:     data_lost   ( 1 bit)
[DATA]
0000000000000016
0000002156218961
0000000000f57e71
0000000000000181
00000033f68c1261
0000000000f57e71
0000000000000181
0000004696f69b61
0000000000f57e71
0000000000000181
0000005937612561
0000000000f57e71
0000000000000181
0000006bd7cbae61
0000000000f57e71
0000000000000181
0000007e78363761
0000000000f57e71
0000000000000181
0000009118a0c061
0000000000f57e71
0000000000000181
000000a3b90b4961
0000000000f57e71
0000000000000181
000000b65975d361
0000000000f57e71
0000000000000181
000000c8f9e05c61
0000000000f57e71
0000000000000181
000000db9a4ae561
0000000000f57e71
0000000000000181
000000ee3ab56e61
0000000000f57e71
0000000000000181
00000100db1ff761
0000000000f57e71
0000000000000181
000001137b8a8061
0000000000f57e71
0000000000000181
000001261bf50961
0000000000f57e71
0000000000000181
00000138bc5f9261
0000000000f57e71
0000000000000181
0000014b5cca1b61
0000000000f57e71
0000000000000181
0000015dfd34a461
0000000000f57e71
0000000000000181
000001709d9f2d61
0000000000f57e71
0000000000000181
000001833e09b661
0000000000f57e71
0000000000000181
00000195de743f61
0000000000f57e71
0000000000000181
000001a87edec861
0000000000f57e71
0000000000000181
000001bb1f495161
0000000000f57e71
0000000000000181
000001cdbfb3da61
0000000000f57e71
0000000000000181
000001e0601e6361
0000000000f57e71
0000000000000181
000001f30088ec61
0000000000f57e71
0000000000000181
00000205a0f37561
0000000000f57e71
0000000000000181
00000218415dfd61
0000000000f57e71
0000000000000181
0000022ae1c88661
0000000000f57e71
0000000000000181
0000023d82330f61
0000000000f57e71
0000000000000181
00000250229d9861
0000000000f57e71
0000000000000181
00000262c3082061
0000000000f57e71
0000000000000181
000002756372a961
0000000000f57e71
0000000000000181
0000028803dd3261
0000000000f57e71
0000000000000181
0000029aa447ba61
0000000000f57e71
0000000000000181
000002ad44b24361
0000000000f57e71
0000000000000181
000002bfe51ccc61
0000000000f57e71
0000000000000181
000002d285875461
0000000000f57e71
0000000000000181
000002e525f1dd61
0000000000f57e71
0000000000000181
000002f7c65c6561
0000000000f57e71
0000000000000181
0000030a66c6ee61
0000000000f57e71
0000000000000181
0000031d07317661
0000000000f57e71
0000000000000181
0000032fa79bff61
0000000000f57e71
0000000000000181
0000034248068861
0000000000f57e71
0000000000000181
00000354e8711061
0000000000f57e71
0000000000000181
0000036788db9961
0000000000f57e71
0000000000000181
0000037a29462161
0000000000f57e71
0000000000000181
0000038cc9b0a961
0000000000f57e71
0000000000000181
0000039f6a1b3261
0000000000f57e71
0000000000000181
000003b20a85ba61
0000000000f57e71
0000000000000181
000003c4aaf04261
0000000000f57e71
0000000000000181
000003d74b5acb61
0000000000f57e71
0000000000000181
000003e9ebc55361
0000000000f57e71
0000000000000181
000003fc8c2fdb61
0000000000f57e71
0000000000000181
0000040f2c9a6361
0000000000f57e71
0000000000000181
00000421cd04eb61
0000000000f57e71
0000000000000181
000004346d6f7461
0000000000f57e71
0000000000000181
000004470dd9fc61
0000000000f57e71
0000000000000181
00000459ae448461
0000000000f57e71
0000000000000181
0000046c4eaf0c61
0000000000f57e71
0000000000000181
0000047eef199461
0000000000f57e71
0000000000000181
000004918f841c61
0000000000f57e71
0000000000000181
000004a42feea461
0000000000f57e71
0000000000000181
000004b6d0592c61
0000000000f57e71
0000000000000181
000004c970c3b461
0000000000f57e71
0000000000000181
000004dc112e3c61
0000000000f57e71
0000000000000181
000004eeb198c461
0000000000f57e71
0000000000000181
0000050152034c61
0000000000f57e71
0000000000000181
00000513f26dd361
0000000000f57e71
0000000000000181
0000052692d85b61
0000000000f57e71
0000000000000181
000005393342e361
0000000000f57e71
0000000000000181
0000054bd3ad6b61
0000000000f57e71
0000000000000181
0000055e7417f361
0000000000f57e71
0000000000000181
0000057114827b61
0000000000f57e71
0000000000000181
00000583b4ed0261
0000000000f57e71
0000000000000181
0000059655578a61
0000000000f57e71
0000000000000181
000005a8f5c21261
0000000000f57e71
0000000000000181
000005bb962c9a61
0000000000f57e71
0000000000000181
000005ce36972161
0000000000f57e71
0000000000000181
000005e0d701a961
0000000000f57e71
0000000000000181
000005f3776c3161
0000000000f57e71
0000000000000181
0000060617d6b961
0000000000f57e71
0000000000000181
00000618b8414061
0000000000f57e71
0000000000000181
0000062b58abc861
0000000000f57e71
0000000000000181
0000063df9165061
0000000000f57e71
0000000000000181
000006509980d761
0000000000f57e71
0000000000000181
0000066339eb5f61
0000000000f57e71
0000000000000181
00000675da55e661
0000000000f57e71
0000000000000181
000006887ac06e61
0000000000f57e71
0000000000000181
0000069b1b2af661
0000000000f57e71
0000000000000181
000006adbb957d61
0000000000f57e71
0000000000000181
000006c05c000561
0000000000f57e71
0000000000000181
000006d2fc6a8c61
0000000000f57e71
0000000000000181
000006e59cd51461
0000000000f57e71
0000000000000181
000006f83d3f9c61
0000000000f57e71
0000000000000181
0000070addaa2361
0000000000f57e71
0000000000000181
0000071d7e14ab61
0000000000f57e71
0000000000000181
000007301e7f3261
0000000000f57e71
0000000000000181
00000742bee9ba61
0000000000f57e71
0000000000000181
000007555f544161
0000000000f57e71
0000000000000181
00000767ffbec961
0000000000f57e71
0000000000000181
0000077aa0295061
0000000000f57e71
0000000000000181
000003c207422a59
0000078d4093d861
0000000000f57e71
0000000000000181
0000079fe0fe5f61
0000000000f57e71
0000000000000181
000007b28168e761
0000000000f57e71
0000000000000181
000003e0895dba79
000007c521d36e61
0000000000f57e71
0000000000000181
000007d7c23df661
0000000000f57e71
0000000000000181
000007ea62a87d61
0000000000f57e71
0000000000000181
000007fd03130461
0000000000f57e71
0000000000000181
0000080fa37d8c61
0000000000f57e71
0000000000000181
0000082243e81361
0000000000f57e71
0000000000000181
00000834e4529b61
0000000000f57e71
0000000000000181
0000084784bd2261
0000000000f57e71
0000000000000181
0000085a2527a961
0000000000f57e71
0000000000000181
0000086cc5923161
0000000000f57e71
0000000000000181
0000087f65fcb861
0000000000f57e71
0000000000000181
0000089206674061
0000000000f57e71
0000000000000181
000008a4a6d1c761
0000000000f57e71
0000000000000181
000008b7473c4e61
0000000000f57e71
0000000000000181
000008c9e7a6d661
0000000000f57e71
0000000000000181
000008dc88115d61
0000000000f57e71
0000000000000181
000008ef287be461
0000000000f57e71
0000000000000181
00000901c8e66c61
0000000000f57e71
0000000000000181
000009146950f361
0000000000f57e71
0000000000000181
0000092709bb7a61
0000000000f57e71
0000000000000181
00000939aa260161
0000000000f57e71
0000000000000181
0000094c4a908961
0000000000f57e71
0000000000000181
0000095eeafb1061
0000000000f57e71
0000000000000181
000009718b659761
0000000000f57e71
0000000000000181
000009842bd01e61
0000000000f57e71
0000000000000181
00000996cc3aa661
0000000000f57e71
0000000000000181
000009a96ca52d61
0000000000f57e71
0000000000000181
000009bc0d0fb461
0000000000f57e71
0000000000000181
000009cead7a3b61
0000000000f57e71
0000000000000181
000009e14de4c261
0000000000f57e71
0000000000000181
000009f3ee4f4a61
0000000000f57e71
0000000000000181
00000a068eb9d161
0000000000f57e71
0000000000000181
00000a192f245861
0000000000f57e71
0000000000000181
00000a2bcf8edf61
0000000000f57e71
0000000000000181
00000a3e6ff96661
0000000000f57e71
0000000000000181
00000a511063ed61
0000000000f57e71
0000000000000181
00000a63b0ce7461
0000000000f57e71
0000000000000181
00000a765138fb61
0000000000f57e71
0000000000000181
00000a88f1a38261
0000000000f57e71
0000000000000181
00000a9b920e0961
0000000000f57e71
0000000000000181
00000aae32789061
0000000000f57e71
0000000000000181
00000ac0d2e31761
0000000000f57e71
0000000000000181
00000ad3734d9e61
0000000000f57e71
0000000000000181
00000ae613b82561
0000000000f57e71
0000000000000181
00000aec7b189161
0000000000f57e71
0000000000000181
