[MCS8 A] 97 FW 3.104 SV 1.257 
range=1024
periods=2
sweepmode=27e20d0
fstchan=0
holdafter=0
streamstatus=3
calreg0=0
calreg1=0
calreg2=0
calreg3=0
swpreset=8000        
prena=1
syncout=0
cycles=18
sequences=1
tagbits=16
vdac0=92c
vdac1=807
vdac2=8c8
vdac3=8c8
vdac4=8c8
vdac5=8c8
vdac6=8c8
vdac7=8c8
timepreset=150.000     
digio=0
digval=0
autoinc=0 
savedata=2 
mpafmt=asc
sephead=0 
fmt=asc
smoothpts=5 
[CHN1]
REPORT-FILE from 06/22/2026 12:58:08.599  written 06/22/2026 12:58:08
cmline0=06/22/2026 12:58:08.599 
cmline1=A1
range=1024
active=1
bitshift=4
cftfak=2580100
evpreset=10          
roimin=0
roimax=1000
caloff=0.800000
calfact=12.800000
calfact2=0
calfact3=0
calunit=nsec
caluse=1 
[CHN2]
REPORT-FILE from  written 06/22/2026 12:58:08
cmline1=A2
range=1024
active=0
bitshift=4
cftfak=2580100
evpreset=10          
roimin=0
roimax=1000
caloff=0.800000
calfact=12.800000
calfact2=0
calfact3=0
calunit=nsec
caluse=1 
[CHN3]
REPORT-FILE from  written 06/22/2026 12:58:08
cmline1=A3
range=1024
active=0
bitshift=4
cftfak=2580100
evpreset=10          
roimin=0
roimax=1000
caloff=0.800000
calfact=12.800000
calfact2=0
calfact3=0
calunit=nsec
caluse=1 
[CHN4]
REPORT-FILE from  written 06/22/2026 12:58:08
cmline1=A4
range=1024
active=0
bitshift=4
cftfak=2580100
evpreset=10          
roimin=0
roimax=1000
caloff=0.800000
calfact=12.800000
calfact2=0
calfact3=0
calunit=nsec
caluse=1 
[CHN5]
REPORT-FILE from  written 06/22/2026 12:58:08
cmline1=A5
range=1024
active=0
bitshift=4
cftfak=2580100
evpreset=10          
roimin=0
roimax=1000
caloff=0.800000
calfact=12.800000
calfact2=0
calfact3=0
calunit=nsec
caluse=1 
[CHN6]
REPORT-FILE from  written 06/22/2026 12:58:08
cmline1=A6
range=1024
active=0
bitshift=4
cftfak=2580100
evpreset=10          
roimin=0
roimax=1000
caloff=0.800000
calfact=12.800000
calfact2=0
calfact3=0
calunit=nsec
caluse=1 
[CHN7]
REPORT-FILE from  written 06/22/2026 12:58:08
cmline1=A7
range=1024
active=0
bitshift=4
cftfak=2580100
evpreset=0           
roimin=0
roimax=1000
caloff=0.800000
calfact=12.800000
calfact2=0
calfact3=0
calunit=nsec
caluse=1 
[CHN8]
REPORT-FILE from  written 06/22/2026 12:58:08
cmline1=A8
range=1024
active=0
bitshift=4
cftfak=2580100
evpreset=0           
roimin=0
roimax=1000
caloff=0.800000
calfact=12.800000
calfact2=0
calfact3=0
calunit=nsec
caluse=1 
;MCS8 #97 Sversion=1.257 Fversion=3.68
time_patch=1
;datalength=8 bytes
;bit0..3: channel# 1..8 ( 4 bit)
;bit4: edge 0=up / 1=dn ( 1 bit)
;bit5 ..57: timedata    (53 bit), max sweep length 2001.6 h
;bit58..62: tag0..tag4  ( 5 bit)
;bit63:     data_lost   ( 1 bit)
[DATA]
0000000000000016
00000021561ddd61
0000000000f19071
0000000000000181
00000033f6887761
0000000000f19071
0000000000000181
0000004696f31061
0000000000f19071
0000000000000181
00000059375da961
0000000000f19071
0000000000000181
0000006bd7c84361
0000000000f19071
0000000000000181
0000007e7832dc61
0000000000f19071
0000000000000181
00000091189d7661
0000000000f19071
0000000000000181
000000a3b9080f61
0000000000f19071
0000000000000181
000000b65972a961
0000000000f19071
0000000000000181
000000c8f9dd4261
0000000000f19071
0000000000000181
000000db9a47db61
0000000000f19071
0000000000000181
000000ee3ab27561
0000000000f19071
0000000000000181
00000100db1d0e61
0000000000f19071
0000000000000181
000001137b87a861
0000000000f19071
0000000000000181
000001261bf24161
0000000000f19071
0000000000000181
00000138bc5cda61
0000000000f19071
0000000000000181
0000014b5cc77461
0000000000f19071
0000000000000181
0000015dfd320d61
0000000000f19071
0000000000000181
000001709d9ca761
0000000000f19071
0000000000000181
000001833e074061
0000000000f19071
0000000000000181
00000195de71da61
0000000000f19071
0000000000000181
000001a87edc7361
0000000000f19071
0000000000000181
000001bb1f470c61
0000000000f19071
0000000000000181
000001cdbfb1a661
0000000000f19071
0000000000000181
000001e0601c3f61
0000000000f19071
0000000000000181
000001f30086d861
0000000000f19071
0000000000000181
00000205a0f17261
0000000000f19071
0000000000000181
00000218415c0b61
0000000000f19071
0000000000000181
0000010c4a1f0519
0000022ae1c6a461
0000000000f19071
0000000000000181
0000023d82313e61
0000000000f19071
0000000000000181
00000250229bd761
0000000000f19071
0000000000000181
00000262c3067061
0000000000f19071
0000000000000181
0000027563710961
0000000000f19071
0000000000000181
0000028803dba361
0000000000f19071
0000000000000181
0000029aa4463c61
0000000000f19071
0000000000000181
000002ad44b0d561
0000000000f19071
0000000000000181
000002bfe51b6e61
0000000000f19071
0000000000000181
000002d285860861
0000000000f19071
0000000000000181
000002e525f0a161
0000000000f19071
0000000000000181
000002f7c65b3a61
0000000000f19071
0000000000000181
0000030a66c5d361
0000000000f19071
0000000000000181
0000031d07306c61
0000000000f19071
0000000000000181
0000032fa79b0661
0000000000f19071
0000000000000181
0000034248059f61
0000000000f19071
0000000000000181
00000354e8703861
0000000000f19071
0000000000000181
000001adeae4d279
0000036788dad161
0000000000f19071
0000000000000181
0000037a29456a61
0000000000f19071
0000000000000181
0000038cc9b00361
0000000000f19071
0000000000000181
0000039f6a1a9c61
0000000000f19071
0000000000000181
000003b20a853661
0000000000f19071
0000000000000181
000003c4aaefcf61
0000000000f19071
0000000000000181
000003d74b5a6861
0000000000f19071
0000000000000181
000003e9ebc50161
0000000000f19071
0000000000000181
000003fc8c2f9a61
0000000000f19071
0000000000000181
0000040f2c9a3361
0000000000f19071
0000000000000181
00000421cd04cc61
0000000000f19071
0000000000000181
000004346d6f6561
0000000000f19071
0000000000000181
000004470dd9fe61
0000000000f19071
0000000000000181
00000459ae449761
0000000000f19071
0000000000000181
0000046c4eaf3061
0000000000f19071
0000000000000181
0000047eef19c961
0000000000f19071
0000000000000181
000004918f846261
0000000000f19071
0000000000000181
000004a42feefb61
0000000000f19071
0000000000000181
000004b6d0599461
0000000000f19071
0000000000000181
000004c970c42d61
0000000000f19071
0000000000000181
000004dc112ec661
0000000000f19071
0000000000000181
000004eeb1995e61
0000000000f19071
0000000000000181
000005015203f761
0000000000f19071
0000000000000181
00000513f26e9061
0000000000f19071
0000000000000181
0000052692d92961
0000000000f19071
0000000000000181
000005393343c261
0000000000f19071
0000000000000181
0000054bd3ae5b61
0000000000f19071
0000000000000181
0000055e7418f361
0000000000f19071
0000000000000181
0000057114838c61
0000000000f19071
0000000000000181
00000583b4ee2561
0000000000f19071
0000000000000181
000005965558be61
0000000000f19071
0000000000000181
000005a8f5c35761
0000000000f19071
0000000000000181
000005bb962df061
0000000000f19071
0000000000000181
000005ce36988861
0000000000f19071
0000000000000181
000005e0d7032161
0000000000f19071
0000000000000181
000005f3776dba61
0000000000f19071
0000000000000181
0000060617d85361
0000000000f19071
0000000000000181
00000618b842eb61
0000000000f19071
0000000000000181
0000062b58ad8461
0000000000f19071
0000000000000181
0000063df9181d61
0000000000f19071
0000000000000181
000006509982b661
0000000000f19071
0000000000000181
0000066339ed4e61
0000000000f19071
0000000000000181
00000675da57e761
0000000000f19071
0000000000000181
000006887ac28061
0000000000f19071
0000000000000181
0000069b1b2d1861
0000000000f19071
0000000000000181
000006adbb97b161
0000000000f19071
0000000000000181
000006c05c024a61
0000000000f19071
0000000000000181
000006d2fc6ce261
0000000000f19071
0000000000000181
000006e59cd77b61
0000000000f19071
0000000000000181
000006f83d421461
0000000000f19071
0000000000000181
0000070addacac61
0000000000f19071
0000000000000181
0000071d7e174561
0000000000f19071
0000000000000181
000007301e81dd61
0000000000f19071
0000000000000181
00000742beec7661
0000000000f19071
0000000000000181
000007555f570e61
0000000000f19071
0000000000000181
00000767ffc1a761
0000000000f19071
0000000000000181
0000077aa02c4061
0000000000f19071
0000000000000181
0000078d4096d861
0000000000f19071
0000000000000181
0000079fe1017161
0000000000f19071
0000000000000181
000007b2816c0961
0000000000f19071
0000000000000181
000007c521d6a261
0000000000f19071
0000000000000181
000007d7c2413a61
0000000000f19071
0000000000000181
000007ea62abd261
0000000000f19071
0000000000000181
000007fd03166b61
0000000000f19071
0000000000000181
0000080fa3810361
0000000000f19071
0000000000000181
0000082243eb9c61
0000000000f19071
0000000000000181
00000834e4563461
0000000000f19071
0000000000000181
0000084784c0cc61
0000000000f19071
0000000000000181
0000085a252b6561
0000000000f19071
0000000000000181
0000086cc595fd61
0000000000f19071
0000000000000181
0000087f66009561
0000000000f19071
0000000000000181
00000892066b2e61
0000000000f19071
0000000000000181
000008a4a6d5c661
0000000000f19071
0000000000000181
000008b747405e61
0000000000f19071
0000000000000181
000008c9e7aaf661
0000000000f19071
0000000000000181
000008dc88158f61
0000000000f19071
0000000000000181
000008ef28802761
0000000000f19071
0000000000000181
00000901c8eabf61
0000000000f19071
0000000000000181
0000091469555761
0000000000f19071
0000000000000181
0000092709bfef61
0000000000f19071
0000000000000181
00000939aa2a8761
0000000000f19071
0000000000000181
0000094c4a952061
0000000000f19071
0000000000000181
0000095eeaffb861
0000000000f19071
0000000000000181
000009718b6a5061
0000000000f19071
0000000000000181
000009842bd4e861
0000000000f19071
0000000000000181
00000996cc3f8061
0000000000f19071
0000000000000181
000009a96caa1761
0000000000f19071
0000000000000181
000009bc0d14af61
0000000000f19071
0000000000000181
000004e5d74db7d9
000009cead7f4761
0000000000f19071
0000000000000181
000009e14de9df61
0000000000f19071
0000000000000181
000009f3ee547761
0000000000f19071
0000000000000181
00000a068ebf0f61
0000000000f19071
0000000000000181
00000a192f29a661
0000000000f19071
0000000000000181
00000a2bcf943e61
0000000000f19071
0000000000000181
00000a3e6ffed661
0000000000f19071
0000000000000181
00000a5110696e61
0000000000f19071
0000000000000181
00000a63b0d40561
0000000000f19071
0000000000000181
00000a76513e9d61
0000000000f19071
0000000000000181
00000a88f1a93561
0000000000f19071
0000000000000181
00000a9b9213cc61
0000000000f19071
0000000000000181
00000aae327e6461
0000000000f19071
0000000000000181
00000ac0d2e8fb61
0000000000f19071
0000000000000181
00000ad373539361
0000000000f19071
0000000000000181
00000ae613be2a61
0000000000f19071
0000000000000181
00000aec6eda6861
0000000000f19071
0000000000000181
