[MCS8 A] 97 FW 3.104 SV 1.257 
range=1024
periods=2
sweepmode=27e20d0
fstchan=0
holdafter=0
streamstatus=3
calreg0=0
calreg1=0
calreg2=0
calreg3=0
swpreset=8000        
prena=1
syncout=0
cycles=18
sequences=1
tagbits=16
vdac0=92c
vdac1=807
vdac2=8c8
vdac3=8c8
vdac4=8c8
vdac5=8c8
vdac6=8c8
vdac7=8c8
timepreset=150.000     
digio=0
digval=0
autoinc=0 
savedata=2 
mpafmt=asc
sephead=0 
fmt=asc
smoothpts=5 
[CHN1]
REPORT-FILE from 06/22/2026 13:28:00.220  written 06/22/2026 13:28:00
cmline0=06/22/2026 13:28:00.220 
cmline1=A1
range=1024
active=1
bitshift=4
cftfak=2580100
evpreset=10          
roimin=0
roimax=1000
caloff=0.800000
calfact=12.800000
calfact2=0
calfact3=0
calunit=nsec
caluse=1 
[CHN2]
REPORT-FILE from  written 06/22/2026 13:28:00
cmline1=A2
range=1024
active=0
bitshift=4
cftfak=2580100
evpreset=10          
roimin=0
roimax=1000
caloff=0.800000
calfact=12.800000
calfact2=0
calfact3=0
calunit=nsec
caluse=1 
[CHN3]
REPORT-FILE from  written 06/22/2026 13:28:00
cmline1=A3
range=1024
active=0
bitshift=4
cftfak=2580100
evpreset=10          
roimin=0
roimax=1000
caloff=0.800000
calfact=12.800000
calfact2=0
calfact3=0
calunit=nsec
caluse=1 
[CHN4]
REPORT-FILE from  written 06/22/2026 13:28:00
cmline1=A4
range=1024
active=0
bitshift=4
cftfak=2580100
evpreset=10          
roimin=0
roimax=1000
caloff=0.800000
calfact=12.800000
calfact2=0
calfact3=0
calunit=nsec
caluse=1 
[CHN5]
REPORT-FILE from  written 06/22/2026 13:28:00
cmline1=A5
range=1024
active=0
bitshift=4
cftfak=2580100
evpreset=10          
roimin=0
roimax=1000
caloff=0.800000
calfact=12.800000
calfact2=0
calfact3=0
calunit=nsec
caluse=1 
[CHN6]
REPORT-FILE from  written 06/22/2026 13:28:00
cmline1=A6
range=1024
active=0
bitshift=4
cftfak=2580100
evpreset=10          
roimin=0
roimax=1000
caloff=0.800000
calfact=12.800000
calfact2=0
calfact3=0
calunit=nsec
caluse=1 
[CHN7]
REPORT-FILE from  written 06/22/2026 13:28:00
cmline1=A7
range=1024
active=0
bitshift=4
cftfak=2580100
evpreset=0           
roimin=0
roimax=1000
caloff=0.800000
calfact=12.800000
calfact2=0
calfact3=0
calunit=nsec
caluse=1 
[CHN8]
REPORT-FILE from  written 06/22/2026 13:28:00
cmline1=A8
range=1024
active=0
bitshift=4
cftfak=2580100
evpreset=0           
roimin=0
roimax=1000
caloff=0.800000
calfact=12.800000
calfact2=0
calfact3=0
calunit=nsec
caluse=1 
;MCS8 #97 Sversion=1.257 Fversion=3.68
time_patch=1
;datalength=8 bytes
;bit0..3: channel# 1..8 ( 4 bit)
;bit4: edge 0=up / 1=dn ( 1 bit)
;bit5 ..57: timedata    (53 bit), max sweep length 2001.6 h
;bit58..62: tag0..tag4  ( 5 bit)
;bit63:     data_lost   ( 1 bit)
[DATA]
0000000000000016
00000021561e2b61
0000000000f5ba71
0000000000000181
00000033f688bc61
0000000000f5ba71
0000000000000181
0000004696f34c61
0000000000f5ba71
0000000000000181
00000059375ddd61
0000000000f5ba71
0000000000000181
0000006bd7c86e61
0000000000f5ba71
0000000000000181
0000007e7832ff61
0000000000f5ba71
0000000000000181
00000091189d9061
0000000000f5ba71
0000000000000181
000000a3b9082161
0000000000f5ba71
0000000000000181
000000b65972b261
0000000000f5ba71
0000000000000181
000000c8f9dd4361
0000000000f5ba71
0000000000000181
000000db9a47d561
0000000000f5ba71
0000000000000181
000000ee3ab26661
0000000000f5ba71
0000000000000181
00000100db1cf761
0000000000f5ba71
0000000000000181
000001137b878861
0000000000f5ba71
0000000000000181
000001261bf21a61
0000000000f5ba71
0000000000000181
00000138bc5cab61
0000000000f5ba71
0000000000000181
0000014b5cc73c61
0000000000f5ba71
0000000000000181
0000015dfd31ce61
0000000000f5ba71
0000000000000181
000001709d9c5f61
0000000000f5ba71
0000000000000181
000001833e06f161
0000000000f5ba71
0000000000000181
00000195de718361
0000000000f5ba71
0000000000000181
000001a87edc1461
0000000000f5ba71
0000000000000181
000001bb1f46a661
0000000000f5ba71
0000000000000181
000001cdbfb13861
0000000000f5ba71
0000000000000181
000001e0601bca61
0000000000f5ba71
0000000000000181
000001f300865b61
0000000000f5ba71
0000000000000181
00000205a0f0ed61
0000000000f5ba71
0000000000000181
00000218415b7f61
0000000000f5ba71
0000000000000181
0000022ae1c61161
0000000000f5ba71
0000000000000181
0000023d8230a361
0000000000f5ba71
0000000000000181
00000250229b3561
0000000000f5ba71
0000000000000181
00000262c305c761
0000000000f5ba71
0000000000000181
0000027563705961
0000000000f5ba71
0000000000000181
0000028803daeb61
0000000000f5ba71
0000000000000181
0000029aa4457e61
0000000000f5ba71
0000000000000181
000002ad44b01061
0000000000f5ba71
0000000000000181
000002bfe51aa261
0000000000f5ba71
0000000000000181
000002d285853461
0000000000f5ba71
0000000000000181
000002e525efc761
0000000000f5ba71
0000000000000181
000002f7c65a5961
0000000000f5ba71
0000000000000181
0000030a66c4eb61
0000000000f5ba71
0000000000000181
0000031d072f7e61
0000000000f5ba71
0000000000000181
0000032fa79a1061
0000000000f5ba71
0000000000000181
000003424804a361
0000000000f5ba71
0000000000000181
00000354e86f3561
0000000000f5ba71
0000000000000181
0000036788d9c861
0000000000f5ba71
0000000000000181
0000037a29445b61
0000000000f5ba71
0000000000000181
0000038cc9aeed61
0000000000f5ba71
0000000000000181
0000039f6a198061
0000000000f5ba71
0000000000000181
000003b20a841361
0000000000f5ba71
0000000000000181
000003c4aaeea561
0000000000f5ba71
0000000000000181
000003d74b593861
0000000000f5ba71
0000000000000181
000003e9ebc3cb61
0000000000f5ba71
0000000000000181
000003fc8c2e5e61
0000000000f5ba71
0000000000000181
0000040f2c98f161
0000000000f5ba71
0000000000000181
00000421cd038461
0000000000f5ba71
0000000000000181
000004346d6e1761
0000000000f5ba71
0000000000000181
000004470dd8aa61
0000000000f5ba71
0000000000000181
00000459ae433d61
0000000000f5ba71
0000000000000181
0000046c4eadd061
0000000000f5ba71
0000000000000181
0000047eef186361
0000000000f5ba71
0000000000000181
000004918f82f761
0000000000f5ba71
0000000000000181
000004a42fed8a61
0000000000f5ba71
0000000000000181
000004b6d0581d61
0000000000f5ba71
0000000000000181
000004c970c2b061
0000000000f5ba71
0000000000000181
000004dc112d4461
0000000000f5ba71
0000000000000181
000004eeb197d761
0000000000f5ba71
0000000000000181
0000050152026b61
0000000000f5ba71
0000000000000181
00000513f26cfe61
0000000000f5ba71
0000000000000181
0000052692d79261
0000000000f5ba71
0000000000000181
0000053933422561
0000000000f5ba71
0000000000000181
0000054bd3acb961
0000000000f5ba71
0000000000000181
0000055e74174c61
0000000000f5ba71
0000000000000181
000005711481e061
0000000000f5ba71
0000000000000181
00000583b4ec7361
0000000000f5ba71
0000000000000181
0000059655570761
0000000000f5ba71
0000000000000181
000005a8f5c19b61
0000000000f5ba71
0000000000000181
000005bb962c2f61
0000000000f5ba71
0000000000000181
000005ce3696c261
0000000000f5ba71
0000000000000181
000005e0d7015661
0000000000f5ba71
0000000000000181
000005f3776bea61
0000000000f5ba71
0000000000000181
0000060617d67e61
0000000000f5ba71
0000000000000181
00000618b8411261
0000000000f5ba71
0000000000000181
0000062b58aba661
0000000000f5ba71
0000000000000181
0000063df9163a61
0000000000f5ba71
0000000000000181
000006509980ce61
0000000000f5ba71
0000000000000181
0000066339eb6261
0000000000f5ba71
0000000000000181
00000675da55f661
0000000000f5ba71
0000000000000181
000006887ac08a61
0000000000f5ba71
0000000000000181
0000069b1b2b1e61
0000000000f5ba71
0000000000000181
000006adbb95b261
0000000000f5ba71
0000000000000181
000006c05c004661
0000000000f5ba71
0000000000000181
000006d2fc6ada61
0000000000f5ba71
0000000000000181
000006e59cd56f61
0000000000f5ba71
0000000000000181
000006f83d400361
0000000000f5ba71
0000000000000181
0000070addaa9761
0000000000f5ba71
0000000000000181
0000071d7e152b61
0000000000f5ba71
0000000000000181
000007301e7fc061
0000000000f5ba71
0000000000000181
00000742beea5461
0000000000f5ba71
0000000000000181
000007555f54e861
0000000000f5ba71
0000000000000181
00000767ffbf7d61
0000000000f5ba71
0000000000000181
0000077aa02a1161
0000000000f5ba71
0000000000000181
0000078d4094a661
0000000000f5ba71
0000000000000181
0000079fe0ff3a61
0000000000f5ba71
0000000000000181
000007b28169cf61
0000000000f5ba71
0000000000000181
000007c521d46361
0000000000f5ba71
0000000000000181
000007d7c23ef861
0000000000f5ba71
0000000000000181
000007ea62a98c61
0000000000f5ba71
0000000000000181
000007fd03142161
0000000000f5ba71
0000000000000181
0000080fa37eb661
0000000000f5ba71
0000000000000181
0000082243e94b61
0000000000f5ba71
0000000000000181
00000834e453df61
0000000000f5ba71
0000000000000181
0000084784be7461
0000000000f5ba71
0000000000000181
0000085a25290961
0000000000f5ba71
0000000000000181
0000086cc5939e61
0000000000f5ba71
0000000000000181
0000087f65fe3361
0000000000f5ba71
0000000000000181
000008920668c861
0000000000f5ba71
0000000000000181
000008a4a6d35d61
0000000000f5ba71
0000000000000181
000008b7473df261
0000000000f5ba71
0000000000000181
000008c9e7a88761
0000000000f5ba71
0000000000000181
000008dc88131c61
0000000000f5ba71
0000000000000181
000008ef287db261
0000000000f5ba71
0000000000000181
00000901c8e84761
0000000000f5ba71
0000000000000181
000009146952dc61
0000000000f5ba71
0000000000000181
0000092709bd7161
0000000000f5ba71
0000000000000181
00000939aa280761
0000000000f5ba71
0000000000000181
0000094c4a929c61
0000000000f5ba71
0000000000000181
0000095eeafd3161
0000000000f5ba71
0000000000000181
000009718b67c761
0000000000f5ba71
0000000000000181
000009842bd25c61
0000000000f5ba71
0000000000000181
00000996cc3cf261
0000000000f5ba71
0000000000000181
000009a96ca78761
0000000000f5ba71
0000000000000181
000009bc0d121d61
0000000000f5ba71
0000000000000181
000009cead7cb361
0000000000f5ba71
0000000000000181
000009e14de74861
0000000000f5ba71
0000000000000181
000009f3ee51de61
0000000000f5ba71
0000000000000181
00000a068ebc7461
0000000000f5ba71
0000000000000181
00000a192f270961
0000000000f5ba71
0000000000000181
00000a2bcf919f61
0000000000f5ba71
0000000000000181
00000a3e6ffc3561
0000000000f5ba71
0000000000000181
00000a511066cb61
0000000000f5ba71
0000000000000181
00000a63b0d16161
0000000000f5ba71
0000000000000181
00000a76513bf661
0000000000f5ba71
0000000000000181
00000a88f1a68c61
0000000000f5ba71
0000000000000181
00000a9b92112261
0000000000f5ba71
0000000000000181
00000aae327bb861
0000000000f5ba71
0000000000000181
00000ac0d2e64e61
0000000000f5ba71
0000000000000181
00000ad37350e461
0000000000f5ba71
0000000000000181
00000ae613bb7b61
0000000000f5ba71
0000000000000181
00000aec89196961
0000000000f5ba71
0000000000000181
