[MCS8 A] 97 FW 3.104 SV 1.257 
range=1024
periods=2
sweepmode=27e20d0
fstchan=0
holdafter=0
streamstatus=3
calreg0=0
calreg1=0
calreg2=0
calreg3=0
swpreset=8000        
prena=1
syncout=0
cycles=18
sequences=1
tagbits=16
vdac0=92c
vdac1=807
vdac2=8c8
vdac3=8c8
vdac4=8c8
vdac5=8c8
vdac6=8c8
vdac7=8c8
timepreset=150.000     
digio=0
digval=0
autoinc=0 
savedata=2 
mpafmt=asc
sephead=0 
fmt=asc
smoothpts=5 
[CHN1]
REPORT-FILE from 06/22/2026 13:24:49.208  written 06/22/2026 13:24:49
cmline0=06/22/2026 13:24:49.208 
cmline1=A1
range=1024
active=1
bitshift=4
cftfak=2580100
evpreset=10          
roimin=0
roimax=1000
caloff=0.800000
calfact=12.800000
calfact2=0
calfact3=0
calunit=nsec
caluse=1 
[CHN2]
REPORT-FILE from  written 06/22/2026 13:24:49
cmline1=A2
range=1024
active=0
bitshift=4
cftfak=2580100
evpreset=10          
roimin=0
roimax=1000
caloff=0.800000
calfact=12.800000
calfact2=0
calfact3=0
calunit=nsec
caluse=1 
[CHN3]
REPORT-FILE from  written 06/22/2026 13:24:49
cmline1=A3
range=1024
active=0
bitshift=4
cftfak=2580100
evpreset=10          
roimin=0
roimax=1000
caloff=0.800000
calfact=12.800000
calfact2=0
calfact3=0
calunit=nsec
caluse=1 
[CHN4]
REPORT-FILE from  written 06/22/2026 13:24:49
cmline1=A4
range=1024
active=0
bitshift=4
cftfak=2580100
evpreset=10          
roimin=0
roimax=1000
caloff=0.800000
calfact=12.800000
calfact2=0
calfact3=0
calunit=nsec
caluse=1 
[CHN5]
REPORT-FILE from  written 06/22/2026 13:24:49
cmline1=A5
range=1024
active=0
bitshift=4
cftfak=2580100
evpreset=10          
roimin=0
roimax=1000
caloff=0.800000
calfact=12.800000
calfact2=0
calfact3=0
calunit=nsec
caluse=1 
[CHN6]
REPORT-FILE from  written 06/22/2026 13:24:49
cmline1=A6
range=1024
active=0
bitshift=4
cftfak=2580100
evpreset=10          
roimin=0
roimax=1000
caloff=0.800000
calfact=12.800000
calfact2=0
calfact3=0
calunit=nsec
caluse=1 
[CHN7]
REPORT-FILE from  written 06/22/2026 13:24:49
cmline1=A7
range=1024
active=0
bitshift=4
cftfak=2580100
evpreset=0           
roimin=0
roimax=1000
caloff=0.800000
calfact=12.800000
calfact2=0
calfact3=0
calunit=nsec
caluse=1 
[CHN8]
REPORT-FILE from  written 06/22/2026 13:24:49
cmline1=A8
range=1024
active=0
bitshift=4
cftfak=2580100
evpreset=0           
roimin=0
roimax=1000
caloff=0.800000
calfact=12.800000
calfact2=0
calfact3=0
calunit=nsec
caluse=1 
;MCS8 #97 Sversion=1.257 Fversion=3.68
time_patch=1
;datalength=8 bytes
;bit0..3: channel# 1..8 ( 4 bit)
;bit4: edge 0=up / 1=dn ( 1 bit)
;bit5 ..57: timedata    (53 bit), max sweep length 2001.6 h
;bit58..62: tag0..tag4  ( 5 bit)
;bit63:     data_lost   ( 1 bit)
[DATA]
0000000000000016
00000021561ac761
0000000000ed3571
0000000000000181
00000033f6854f61
0000000000ed3571
0000000000000181
0000004696efd761
0000000000ed3571
0000000000000181
00000059375a6061
0000000000ed3571
0000000000000181
0000006bd7c4e861
0000000000ed3571
0000000000000181
0000007e782f7161
0000000000ed3571
0000000000000181
000000911899f961
0000000000ed3571
0000000000000181
000000a3b9048261
0000000000ed3571
0000000000000181
000000b6596f0a61
0000000000ed3571
0000000000000181
000000c8f9d99261
0000000000ed3571
0000000000000181
000000db9a441b61
0000000000ed3571
0000000000000181
000000ee3aaea461
0000000000ed3571
0000000000000181
00000100db192c61
0000000000ed3571
0000000000000181
000001137b83b561
0000000000ed3571
0000000000000181
000001261bee3e61
0000000000ed3571
0000000000000181
00000138bc58c761
0000000000ed3571
0000000000000181
0000014b5cc35061
0000000000ed3571
0000000000000181
0000015dfd2dd961
0000000000ed3571
0000000000000181
000001709d986261
0000000000ed3571
0000000000000181
000001833e02eb61
0000000000ed3571
0000000000000181
00000195de6d7461
0000000000ed3571
0000000000000181
000001a87ed7fd61
0000000000ed3571
0000000000000181
000001bb1f428661
0000000000ed3571
0000000000000181
000001cdbfad1061
0000000000ed3571
0000000000000181
000001e060179961
0000000000ed3571
0000000000000181
000001f300822261
0000000000ed3571
0000000000000181
00000205a0ecac61
0000000000ed3571
0000000000000181
0000021841573561
0000000000ed3571
0000000000000181
0000022ae1c1bf61
0000000000ed3571
0000000000000181
0000023d822c4861
0000000000ed3571
0000000000000181
000002502296d261
0000000000ed3571
0000000000000181
00000262c3015b61
0000000000ed3571
0000000000000181
00000275636be561
0000000000ed3571
0000000000000181
0000028803d66f61
0000000000ed3571
0000000000000181
0000029aa440f961
0000000000ed3571
0000000000000181
000002ad44ab8361
0000000000ed3571
0000000000000181
000002bfe5160d61
0000000000ed3571
0000000000000181
000002d285809661
0000000000ed3571
0000000000000181
000002e525eb2061
0000000000ed3571
0000000000000181
000002f7c655aa61
0000000000ed3571
0000000000000181
0000030a66c03461
0000000000ed3571
0000000000000181
0000031d072abf61
0000000000ed3571
0000000000000181
0000032fa7954961
0000000000ed3571
0000000000000181
0000034247ffd361
0000000000ed3571
0000000000000181
00000354e86a5d61
0000000000ed3571
0000000000000181
0000036788d4e861
0000000000ed3571
0000000000000181
0000037a293f7261
0000000000ed3571
0000000000000181
0000038cc9a9fd61
0000000000ed3571
0000000000000181
0000039f6a148761
0000000000ed3571
0000000000000181
000003b20a7f1261
0000000000ed3571
0000000000000181
000003c4aae99c61
0000000000ed3571
0000000000000181
000003d74b542761
0000000000ed3571
0000000000000181
000003e9ebbeb161
0000000000ed3571
0000000000000181
000003fc8c293c61
0000000000ed3571
0000000000000181
0000040f2c93c761
0000000000ed3571
0000000000000181
00000421ccfe5261
0000000000ed3571
0000000000000181
000004346d68dc61
0000000000ed3571
0000000000000181
000004470dd36761
0000000000ed3571
0000000000000181
00000459ae3df261
0000000000ed3571
0000000000000181
0000046c4ea87d61
0000000000ed3571
0000000000000181
0000047eef130861
0000000000ed3571
0000000000000181
000004918f7d9361
0000000000ed3571
0000000000000181
000004a42fe81e61
0000000000ed3571
0000000000000181
000004b6d052a961
0000000000ed3571
0000000000000181
000004c970bd3561
0000000000ed3571
0000000000000181
000004dc1127c061
0000000000ed3571
0000000000000181
000004eeb1924b61
0000000000ed3571
0000000000000181
0000050151fcd661
0000000000ed3571
0000000000000181
00000513f2676261
0000000000ed3571
0000000000000181
0000052692d1ed61
0000000000ed3571
0000000000000181
00000539333c7961
0000000000ed3571
0000000000000181
0000054bd3a70461
0000000000ed3571
0000000000000181
0000055e74119061
0000000000ed3571
0000000000000181
00000571147c1c61
0000000000ed3571
0000000000000181
00000583b4e6a761
0000000000ed3571
0000000000000181
0000059655513361
0000000000ed3571
0000000000000181
000005a8f5bbbf61
0000000000ed3571
0000000000000181
000005bb96264b61
0000000000ed3571
0000000000000181
000005ce3690d761
0000000000ed3571
0000000000000181
000005e0d6fb6361
0000000000ed3571
0000000000000181
000005f37765ef61
0000000000ed3571
0000000000000181
0000060617d07b61
0000000000ed3571
0000000000000181
00000618b83b0761
0000000000ed3571
0000000000000181
0000062b58a59361
0000000000ed3571
0000000000000181
0000063df9101f61
0000000000ed3571
0000000000000181
00000650997aab61
0000000000ed3571
0000000000000181
0000066339e53861
0000000000ed3571
0000000000000181
00000675da4fc461
0000000000ed3571
0000000000000181
000006887aba5061
0000000000ed3571
0000000000000181
0000069b1b24dd61
0000000000ed3571
0000000000000181
000006adbb8f6961
0000000000ed3571
0000000000000181
000006c05bf9f661
0000000000ed3571
0000000000000181
000006d2fc648261
0000000000ed3571
0000000000000181
0000036a553f85f9
000006e59ccf0f61
0000000000ed3571
0000000000000181
000006f83d399c61
0000000000ed3571
0000000000000181
0000070adda42861
0000000000ed3571
0000000000000181
0000071d7e0eb561
0000000000ed3571
0000000000000181
000007301e794261
0000000000ed3571
0000000000000181
00000742bee3cf61
0000000000ed3571
0000000000000181
000007555f4e5c61
0000000000ed3571
0000000000000181
00000767ffb8e961
0000000000ed3571
0000000000000181
0000077aa0237661
0000000000ed3571
0000000000000181
0000078d408e0361
0000000000ed3571
0000000000000181
0000079fe0f89061
0000000000ed3571
0000000000000181
000007b281631d61
0000000000ed3571
0000000000000181
000007c521cdaa61
0000000000ed3571
0000000000000181
000007d7c2383761
0000000000ed3571
0000000000000181
000007ea62a2c561
0000000000ed3571
0000000000000181
000007fd030d5261
0000000000ed3571
0000000000000181
0000080fa377df61
0000000000ed3571
0000000000000181
0000082243e26d61
0000000000ed3571
0000000000000181
00000834e44cfa61
0000000000ed3571
0000000000000181
0000084784b78861
0000000000ed3571
0000000000000181
0000085a25221661
0000000000ed3571
0000000000000181
0000086cc58ca361
0000000000ed3571
0000000000000181
0000087f65f73161
0000000000ed3571
0000000000000181
000008920661bf61
0000000000ed3571
0000000000000181
000008a4a6cc4c61
0000000000ed3571
0000000000000181
000008b74736da61
0000000000ed3571
0000000000000181
000008c9e7a16861
0000000000ed3571
0000000000000181
000008dc880bf661
0000000000ed3571
0000000000000181
000008ef28768461
0000000000ed3571
0000000000000181
00000901c8e11261
0000000000ed3571
0000000000000181
00000914694ba061
0000000000ed3571
0000000000000181
0000092709b62e61
0000000000ed3571
0000000000000181
00000939aa20bc61
0000000000ed3571
0000000000000181
0000094c4a8b4a61
0000000000ed3571
0000000000000181
0000095eeaf5d861
0000000000ed3571
0000000000000181
000009718b606761
0000000000ed3571
0000000000000181
000009842bcaf561
0000000000ed3571
0000000000000181
00000996cc358361
0000000000ed3571
0000000000000181
000009a96ca01261
0000000000ed3571
0000000000000181
000009bc0d0aa061
0000000000ed3571
0000000000000181
000009cead752f61
0000000000ed3571
0000000000000181
000009e14ddfbd61
0000000000ed3571
0000000000000181
000009f3ee4a4c61
0000000000ed3571
0000000000000181
00000a068eb4da61
0000000000ed3571
0000000000000181
00000a192f1f6961
0000000000ed3571
0000000000000181
00000a2bcf89f861
0000000000ed3571
0000000000000181
00000a3e6ff48661
0000000000ed3571
0000000000000181
00000a51105f1561
0000000000ed3571
0000000000000181
00000a63b0c9a461
0000000000ed3571
0000000000000181
00000a7651343361
0000000000ed3571
0000000000000181
00000a88f19ec261
0000000000ed3571
0000000000000181
00000a9b92095161
0000000000ed3571
0000000000000181
00000aae3273e061
0000000000ed3571
0000000000000181
00000ac0d2de6f61
0000000000ed3571
0000000000000181
00000ad37348fe61
0000000000ed3571
0000000000000181
00000ae613b38d61
0000000000ed3571
0000000000000181
00000aec7649ec61
0000000000ed3571
0000000000000181
