[MCS8 A] 97 FW 3.104 SV 1.257 
range=1024
periods=2
sweepmode=27e20d0
fstchan=0
holdafter=0
streamstatus=3
calreg0=0
calreg1=0
calreg2=0
calreg3=0
swpreset=8000        
prena=0
syncout=0
cycles=18
sequences=1
tagbits=16
vdac0=92c
vdac1=807
vdac2=8c8
vdac3=8c8
vdac4=8c8
vdac5=8c8
vdac6=8c8
vdac7=8c8
timepreset=20.000      
digio=0
digval=0
autoinc=0 
savedata=2 
mpafmt=asc
sephead=0 
fmt=asc
smoothpts=5 
[CHN1]
REPORT-FILE from 06/19/2026 13:11:59.998  written 06/19/2026 13:11:59
cmline0=06/19/2026 13:11:59.998 
cmline1=A1
range=1024
active=1
bitshift=4
cftfak=2580100
evpreset=10          
roimin=0
roimax=1000
caloff=0.800000
calfact=12.800000
calfact2=0
calfact3=0
calunit=nsec
caluse=1 
[CHN2]
REPORT-FILE from  written 06/19/2026 13:11:59
cmline1=A2
range=1024
active=0
bitshift=4
cftfak=2580100
evpreset=10          
roimin=0
roimax=1000
caloff=0.800000
calfact=12.800000
calfact2=0
calfact3=0
calunit=nsec
caluse=1 
[CHN3]
REPORT-FILE from  written 06/19/2026 13:11:59
cmline1=A3
range=1024
active=0
bitshift=4
cftfak=2580100
evpreset=10          
roimin=0
roimax=1000
caloff=0.800000
calfact=12.800000
calfact2=0
calfact3=0
calunit=nsec
caluse=1 
[CHN4]
REPORT-FILE from  written 06/19/2026 13:11:59
cmline1=A4
range=1024
active=0
bitshift=4
cftfak=2580100
evpreset=10          
roimin=0
roimax=1000
caloff=0.800000
calfact=12.800000
calfact2=0
calfact3=0
calunit=nsec
caluse=1 
[CHN5]
REPORT-FILE from  written 06/19/2026 13:11:59
cmline1=A5
range=1024
active=0
bitshift=4
cftfak=2580100
evpreset=10          
roimin=0
roimax=1000
caloff=0.800000
calfact=12.800000
calfact2=0
calfact3=0
calunit=nsec
caluse=1 
[CHN6]
REPORT-FILE from  written 06/19/2026 13:11:59
cmline1=A6
range=1024
active=0
bitshift=4
cftfak=2580100
evpreset=10          
roimin=0
roimax=1000
caloff=0.800000
calfact=12.800000
calfact2=0
calfact3=0
calunit=nsec
caluse=1 
[CHN7]
REPORT-FILE from  written 06/19/2026 13:11:59
cmline1=A7
range=1024
active=0
bitshift=4
cftfak=2580100
evpreset=0           
roimin=0
roimax=1000
caloff=0.800000
calfact=12.800000
calfact2=0
calfact3=0
calunit=nsec
caluse=1 
[CHN8]
REPORT-FILE from 06/19/2026 11:29:06.915  written 06/19/2026 13:11:59
cmline0=06/19/2026 11:29:06.915 
cmline1=A8
range=1024
active=0
bitshift=4
cftfak=2580100
evpreset=0           
roimin=0
roimax=1000
caloff=0.800000
calfact=12.800000
calfact2=0
calfact3=0
calunit=nsec
caluse=1 
;MCS8 #97 Sversion=1.257 Fversion=3.68
time_patch=1
;datalength=8 bytes
;bit0..3: channel# 1..8 ( 4 bit)
;bit4: edge 0=up / 1=dn ( 1 bit)
;bit5 ..57: timedata    (53 bit), max sweep length 2001.6 h
;bit58..62: tag0..tag4  ( 5 bit)
;bit63:     data_lost   ( 1 bit)
[DATA]
0000000000000016
0000002156241d61
0000000001041271
0000000000000181
000000131237edd9
00000033f68edd61
0000000001041271
0000000000000181
0000001e3c2c85b9
0000004696f99d61
0000000001041271
0000000000000181
00000027721f5639
0000005937645c61
0000000001041271
0000000000000181
0000006bd7cf1c61
0000000001041271
0000000000000181
0000007e7839db61
0000000001041271
0000000000000181
0000009118a49b61
0000000001041271
0000000000000181
000000a3b90f5a61
0000000001041271
0000000000000181
000000b6597a1961
0000000001041271
0000000000000181
000000c8f9e4d961
0000000001041271
0000000000000181
000000db9a4f9861
0000000001041271
0000000000000181
000000740cf012f9
000000ee3aba5761
0000000001041271
0000000000000181
000000797f61ec59
0000007bc95d2c79
00000100db251661
0000000001041271
0000000000000181
000001137b8fd561
0000000001041271
0000000000000181
000000900f9e5fd9
000001261bfa9461
0000000001041271
0000000000000181
00000096a57f3b59
00000138bc655261
0000000001041271
0000000000000181
0000014b5cd01161
0000000001041271
0000000000000181
0000015dfd3ad061
0000000001041271
0000000000000181
000001709da58e61
0000000001041271
0000000000000181
000001833e104d61
0000000001041271
0000000000000181
00000195de7b0b61
0000000001041271
0000000000000181
000000cc7be0b819
000001a87ee5ca61
0000000001041271
0000000000000181
000001bb1f508861
0000000001041271
0000000000000181
000000defea76219
000001cdbfbb4661
0000000001041271
0000000000000181
000000ebde3f1b99
000001e060260461
0000000001041271
0000000000000181
000001f30090c361
0000000001041271
0000000000000181
00000205a0fb8161
0000000001041271
0000000000000181
0000021841663f61
0000000001041271
0000000000000181
0000022ae1d0fd61
0000000001041271
0000000000000181
0000023d823bba61
0000000001041271
0000000000000181
0000025022a67861
0000000001041271
0000000000000181
00000262c3113661
0000000001041271
0000000000000181
00000275637bf461
0000000001041271
0000000000000181
0000028803e6b161
0000000001041271
0000000000000181
0000014504efd019
0000029aa4516f61
0000000001041271
0000000000000181
000002ad44bc2c61
0000000001041271
0000000000000181
000002bfe526ea61
0000000001041271
0000000000000181
000002d28591a761
0000000001041271
0000000000000181
0000016d770ce6d9
000002e525fc6561
0000000001041271
0000000000000181
000001776cf69d19
000002f7c6672261
0000000001041271
0000000000000181
000001823fe808d9
0000030a66d1df61
0000000001041271
0000000000000181
0000031d073c9d61
0000000001041271
0000000000000181
0000032fa7a75a61
0000000001041271
0000000000000181
0000034248121761
0000000001041271
0000000000000181
00000354e87cd461
0000000001041271
0000000000000181
000001ad3db70fb9
0000036788e79161
0000000001041271
0000000000000181
000001b4066d68f9
0000037a29524e61
0000000001041271
0000000000000181
0000038cc9bd0b61
0000000001041271
0000000000000181
000001cb6a46a8b9
0000039f6a27c861
0000000001041271
0000000000000181
000001d7e9d1b6d9
000003b20a928561
0000000001041271
0000000000000181
000003c4aafd4161
0000000001041271
0000000000000181
000003d74b67fe61
0000000001041271
0000000000000181
000003e9ebd2bb61
0000000001041271
0000000000000181
000003fc8c3d7761
0000000001041271
0000000000000181
0000040f2ca83461
0000000001041271
0000000000000181
00000421cd12f061
0000000001041271
0000000000000181
000004346d7dad61
0000000001041271
0000000000000181
000004470de86961
0000000001041271
0000000000000181
0000022885bc7199
00000459ae532561
0000000001041271
0000000000000181
00000230dfe3fad9
0000023506ad59d9
0000023580b71439
0000046c4ebde261
0000000001041271
0000000000000181
00000237f0a03ef9
0000047eef289e61
0000000001041271
0000000000000181
0000024245e1b3d9
00000243c4651ef9
000004918f935a61
0000000001041271
0000000000000181
000004a42ffe1661
0000000001041271
0000000000000181
000004b6d068d261
0000000001041271
0000000000000181
0000025de12cd399
000004c970d38e61
0000000001041271
0000000000000181
00000265913e08d9
00000268dc24e679
000004dc113e4a61
0000000001041271
0000000000000181
00000273b9ff03d9
00000276bb387379
000004eeb1a90661
0000000001041271
0000000000000181
0000027a78f40cf9
000005015213c261
0000000001041271
0000000000000181
00000513f27e7d61
0000000001041271
0000000000000181
0000052692e93961
0000000001041271
0000000000000181
000005393353f561
0000000001041271
0000000000000181
0000054bd3beb061
0000000001041271
0000000000000181
0000055e74296c61
0000000001041271
0000000000000181
000002b2480dde39
0000057114942761
0000000001041271
0000000000000181
000002c14eb810f9
00000583b4fee261
0000000001041271
0000000000000181
0000059655699e61
0000000001041271
0000000000000181
000002d13a745839
000005a8f5d45961
0000000001041271
0000000000000181
000005bb963f1461
0000000001041271
0000000000000181
000005ce36a9cf61
0000000001041271
0000000000000181
000005e0d7148a61
0000000001041271
0000000000000181
000005f3777f4561
0000000001041271
0000000000000181
0000060617ea0061
0000000001041271
0000000000000181
00000618b854bb61
0000000001041271
0000000000000181
0000062b58bf7661
0000000001041271
0000000000000181
0000063df92a3061
0000000001041271
0000000000000181
000006509994eb61
0000000001041271
0000000000000181
0000066339ffa561
0000000001041271
0000000000000181
00000675da6a6061
0000000001041271
0000000000000181
000006887ad51a61
0000000001041271
0000000000000181
0000069b1b3fd561
0000000001041271
0000000000000181
000006adbbaa8f61
0000000001041271
0000000000000181
000006c05c154961
0000000001041271
0000000000000181
000006d2fc800461
0000000001041271
0000000000000181
000006e59ceabe61
0000000001041271
0000000000000181
000006f83d557861
0000000001041271
0000000000000181
000003815453ab99
00000383345ddcb9
0000070addc03261
0000000001041271
0000000000000181
0000071d7e2aec61
0000000001041271
0000000000000181
000007301e95a661
0000000001041271
0000000000000181
00000398d9202379
0000039c01bb5fb9
00000742bf005f61
0000000001041271
0000000000000181
000007555f6b1961
0000000001041271
0000000000000181
000003af6af4e899
000003b3fca70d59
00000767ffd5d361
0000000001041271
0000000000000181
0000077aa0408c61
0000000001041271
0000000000000181
0000078d40ab4661
0000000001041271
0000000000000181
0000079fe115ff61
0000000001041271
0000000000000181
000007b28180b961
0000000001041271
0000000000000181
000003dab0f9f119
000007c521eb7261
0000000001041271
0000000000000181
000007d7c2562c61
0000000001041271
0000000000000181
000007ea62c0e561
0000000001041271
0000000000000181
000007fd032b9e61
0000000001041271
0000000000000181
00000402ac2248f9
0000080fa3965761
0000000001041271
0000000000000181
00000408b6ba6e19
00000409ec101659
0000082244011061
0000000001041271
0000000000000181
00000416b30258d9
00000416c96e4d99
00000416defa8b59
00000834e46bc961
0000000001041271
0000000000000181
0000041ac9043d99
0000084784d68261
0000000001041271
0000000000000181
0000085a25413b61
0000000001041271
0000000000000181
0000086cc5abf461
0000000001041271
0000000000000181
0000043f576e99d9
0000087f6616ad61
0000000001041271
0000000000000181
0000089206816661
0000000001041271
0000000000000181
000008a4a6ec1e61
0000000001041271
0000000000000181
000008b74756d761
0000000001041271
0000000000000181
000008c9e7c18f61
0000000001041271
0000000000000181
000004661e168e79
000008dc882c4861
0000000001041271
0000000000000181
000008ef28970061
0000000001041271
0000000000000181
00000901c901b961
0000000001041271
0000000000000181
00000914696c7161
0000000001041271
0000000000000181
0000048b4a0d65d9
0000092709d72961
0000000001041271
0000000000000181
00000939aa41e161
0000000001041271
0000000000000181
0000049d27018859
0000094c4aac9961
0000000001041271
0000000000000181
0000095eeb175161
0000000001041271
0000000000000181
000009718b820961
0000000001041271
0000000000000181
000004c1a425c699
000009842becc161
0000000001041271
0000000000000181
000004cad71740f9
00000996cc577961
0000000001041271
0000000000000181
000009a96cc23061
0000000001041271
0000000000000181
000009bc0d2ce861
0000000001041271
0000000000000181
000009cead97a061
0000000001041271
0000000000000181
000009e14e025761
0000000001041271
0000000000000181
000009f3ee6d0f61
0000000001041271
0000000000000181
00000502e0637659
00000a068ed7c661
0000000001041271
0000000000000181
00000a192f427d61
0000000001041271
0000000000000181
00000a2bcfad3561
0000000001041271
0000000000000181
00000a3e7017ec61
0000000001041271
0000000000000181
00000520d2dec819
00000a511082a361
0000000001041271
0000000000000181
0000052e3c999979
00000530b4f0d9f9
00000a63b0ed5a61
0000000001041271
0000000000000181
0000053a2b715179
00000a7651581161
0000000001041271
0000000000000181
00000a88f1c2c861
0000000001041271
0000000000000181
0000054b476db5d9
00000a9b922d7f61
0000000001041271
0000000000000181
00000aae32983661
0000000001041271
0000000000000181
00000ac0d302ed61
0000000001041271
0000000000000181
00000ad3736da461
0000000001041271
0000000000000181
0000056b31fe6d59
0000056e68166c19
00000ae613d85a61
0000000001041271
0000000000000181
00000af8b4431161
0000000001041271
0000000000000181
00000b00b22c5161
0000000001041271
0000000000000181
