[MCS8 A] 97 FW 3.104 SV 1.257 
range=1024
periods=2
sweepmode=27e20d0
fstchan=0
holdafter=0
streamstatus=3
calreg0=0
calreg1=0
calreg2=0
calreg3=0
swpreset=8000        
prena=1
syncout=0
cycles=18
sequences=1
tagbits=16
vdac0=92c
vdac1=807
vdac2=8c8
vdac3=8c8
vdac4=8c8
vdac5=8c8
vdac6=8c8
vdac7=8c8
timepreset=150.000     
digio=0
digval=0
autoinc=0 
savedata=2 
mpafmt=asc
sephead=0 
fmt=asc
smoothpts=5 
[CHN1]
REPORT-FILE from 06/22/2026 13:14:08.985  written 06/22/2026 13:14:08
cmline0=06/22/2026 13:14:08.985 
cmline1=A1
range=1024
active=1
bitshift=4
cftfak=2580100
evpreset=10          
roimin=0
roimax=1000
caloff=0.800000
calfact=12.800000
calfact2=0
calfact3=0
calunit=nsec
caluse=1 
[CHN2]
REPORT-FILE from  written 06/22/2026 13:14:08
cmline1=A2
range=1024
active=0
bitshift=4
cftfak=2580100
evpreset=10          
roimin=0
roimax=1000
caloff=0.800000
calfact=12.800000
calfact2=0
calfact3=0
calunit=nsec
caluse=1 
[CHN3]
REPORT-FILE from  written 06/22/2026 13:14:08
cmline1=A3
range=1024
active=0
bitshift=4
cftfak=2580100
evpreset=10          
roimin=0
roimax=1000
caloff=0.800000
calfact=12.800000
calfact2=0
calfact3=0
calunit=nsec
caluse=1 
[CHN4]
REPORT-FILE from  written 06/22/2026 13:14:08
cmline1=A4
range=1024
active=0
bitshift=4
cftfak=2580100
evpreset=10          
roimin=0
roimax=1000
caloff=0.800000
calfact=12.800000
calfact2=0
calfact3=0
calunit=nsec
caluse=1 
[CHN5]
REPORT-FILE from  written 06/22/2026 13:14:08
cmline1=A5
range=1024
active=0
bitshift=4
cftfak=2580100
evpreset=10          
roimin=0
roimax=1000
caloff=0.800000
calfact=12.800000
calfact2=0
calfact3=0
calunit=nsec
caluse=1 
[CHN6]
REPORT-FILE from  written 06/22/2026 13:14:08
cmline1=A6
range=1024
active=0
bitshift=4
cftfak=2580100
evpreset=10          
roimin=0
roimax=1000
caloff=0.800000
calfact=12.800000
calfact2=0
calfact3=0
calunit=nsec
caluse=1 
[CHN7]
REPORT-FILE from  written 06/22/2026 13:14:08
cmline1=A7
range=1024
active=0
bitshift=4
cftfak=2580100
evpreset=0           
roimin=0
roimax=1000
caloff=0.800000
calfact=12.800000
calfact2=0
calfact3=0
calunit=nsec
caluse=1 
[CHN8]
REPORT-FILE from  written 06/22/2026 13:14:08
cmline1=A8
range=1024
active=0
bitshift=4
cftfak=2580100
evpreset=0           
roimin=0
roimax=1000
caloff=0.800000
calfact=12.800000
calfact2=0
calfact3=0
calunit=nsec
caluse=1 
;MCS8 #97 Sversion=1.257 Fversion=3.68
time_patch=1
;datalength=8 bytes
;bit0..3: channel# 1..8 ( 4 bit)
;bit4: edge 0=up / 1=dn ( 1 bit)
;bit5 ..57: timedata    (53 bit), max sweep length 2001.6 h
;bit58..62: tag0..tag4  ( 5 bit)
;bit63:     data_lost   ( 1 bit)
[DATA]
0000000000000016
00000021561f8c61
0000000000f36e71
0000000000000181
00000033f68a1261
0000000000f36e71
0000000000000181
0000004696f49761
0000000000f36e71
0000000000000181
00000059375f1d61
0000000000f36e71
0000000000000181
0000006bd7c9a361
0000000000f36e71
0000000000000181
0000007e78342961
0000000000f36e71
0000000000000181
00000091189eaf61
0000000000f36e71
0000000000000181
000000a3b9093461
0000000000f36e71
0000000000000181
000000b65973ba61
0000000000f36e71
0000000000000181
000000c8f9de4061
0000000000f36e71
0000000000000181
000000db9a48c661
0000000000f36e71
0000000000000181
000000ee3ab34b61
0000000000f36e71
0000000000000181
00000100db1dd161
0000000000f36e71
0000000000000181
000001137b885761
0000000000f36e71
0000000000000181
000001261bf2dd61
0000000000f36e71
0000000000000181
00000138bc5d6261
0000000000f36e71
0000000000000181
0000014b5cc7e861
0000000000f36e71
0000000000000181
0000015dfd326e61
0000000000f36e71
0000000000000181
000001709d9cf361
0000000000f36e71
0000000000000181
000001833e077961
0000000000f36e71
0000000000000181
00000195de71fe61
0000000000f36e71
0000000000000181
000001a87edc8461
0000000000f36e71
0000000000000181
000001bb1f470a61
0000000000f36e71
0000000000000181
000001cdbfb18f61
0000000000f36e71
0000000000000181
000001e0601c1561
0000000000f36e71
0000000000000181
000001f300869b61
0000000000f36e71
0000000000000181
00000205a0f12061
0000000000f36e71
0000000000000181
00000218415ba661
0000000000f36e71
0000000000000181
0000022ae1c62b61
0000000000f36e71
0000000000000181
0000023d8230b161
0000000000f36e71
0000000000000181
00000250229b3661
0000000000f36e71
0000000000000181
00000262c305bc61
0000000000f36e71
0000000000000181
0000027563704161
0000000000f36e71
0000000000000181
0000028803dac761
0000000000f36e71
0000000000000181
0000029aa4454c61
0000000000f36e71
0000000000000181
000002ad44afd261
0000000000f36e71
0000000000000181
000002bfe51a5761
0000000000f36e71
0000000000000181
000002d28584dd61
0000000000f36e71
0000000000000181
000002e525ef6261
0000000000f36e71
0000000000000181
000002f7c659e861
0000000000f36e71
0000000000000181
0000030a66c46d61
0000000000f36e71
0000000000000181
0000031d072ef361
0000000000f36e71
0000000000000181
0000032fa7997861
0000000000f36e71
0000000000000181
000003424803fe61
0000000000f36e71
0000000000000181
000001a54e2ede59
00000354e86e8361
0000000000f36e71
0000000000000181
0000036788d90861
0000000000f36e71
0000000000000181
0000037a29438e61
0000000000f36e71
0000000000000181
0000038cc9ae1361
0000000000f36e71
0000000000000181
0000039f6a189861
0000000000f36e71
0000000000000181
000003b20a831e61
0000000000f36e71
0000000000000181
000003c4aaeda361
0000000000f36e71
0000000000000181
000003d74b582861
0000000000f36e71
0000000000000181
000003e9ebc2ae61
0000000000f36e71
0000000000000181
000003fc8c2d3361
0000000000f36e71
0000000000000181
0000040f2c97b861
0000000000f36e71
0000000000000181
00000421cd023e61
0000000000f36e71
0000000000000181
000004346d6cc361
0000000000f36e71
0000000000000181
000004470dd74861
0000000000f36e71
0000000000000181
00000459ae41cd61
0000000000f36e71
0000000000000181
0000046c4eac5261
0000000000f36e71
0000000000000181
0000047eef16d861
0000000000f36e71
0000000000000181
000004918f815d61
0000000000f36e71
0000000000000181
000004a42febe261
0000000000f36e71
0000000000000181
000004b6d0566761
0000000000f36e71
0000000000000181
000004c970c0ec61
0000000000f36e71
0000000000000181
000004dc112b7261
0000000000f36e71
0000000000000181
000004eeb195f761
0000000000f36e71
0000000000000181
0000050152007c61
0000000000f36e71
0000000000000181
00000513f26b0161
0000000000f36e71
0000000000000181
0000052692d58661
0000000000f36e71
0000000000000181
0000053933400b61
0000000000f36e71
0000000000000181
0000054bd3aa9061
0000000000f36e71
0000000000000181
0000055e74151561
0000000000f36e71
0000000000000181
00000571147f9a61
0000000000f36e71
0000000000000181
00000583b4ea1f61
0000000000f36e71
0000000000000181
000005965554a461
0000000000f36e71
0000000000000181
000005a8f5bf2961
0000000000f36e71
0000000000000181
000005bb9629ae61
0000000000f36e71
0000000000000181
000005ce36943361
0000000000f36e71
0000000000000181
000005e0d6feb861
0000000000f36e71
0000000000000181
000005f377693d61
0000000000f36e71
0000000000000181
0000060617d3c261
0000000000f36e71
0000000000000181
00000618b83e4661
0000000000f36e71
0000000000000181
0000062b58a8cb61
0000000000f36e71
0000000000000181
0000063df9135061
0000000000f36e71
0000000000000181
00000650997dd561
0000000000f36e71
0000000000000181
0000066339e85a61
0000000000f36e71
0000000000000181
00000675da52de61
0000000000f36e71
0000000000000181
000006887abd6361
0000000000f36e71
0000000000000181
0000069b1b27e861
0000000000f36e71
0000000000000181
000006adbb926d61
0000000000f36e71
0000000000000181
000006c05bfcf261
0000000000f36e71
0000000000000181
000006d2fc677661
0000000000f36e71
0000000000000181
000006e59cd1fb61
0000000000f36e71
0000000000000181
000006f83d3c8061
0000000000f36e71
0000000000000181
0000070adda70561
0000000000f36e71
0000000000000181
0000071d7e118961
0000000000f36e71
0000000000000181
000007301e7c0e61
0000000000f36e71
0000000000000181
00000742bee69361
0000000000f36e71
0000000000000181
000007555f511861
0000000000f36e71
0000000000000181
00000767ffbb9c61
0000000000f36e71
0000000000000181
0000077aa0262161
0000000000f36e71
0000000000000181
0000078d4090a561
0000000000f36e71
0000000000000181
0000079fe0fb2a61
0000000000f36e71
0000000000000181
000007b28165af61
0000000000f36e71
0000000000000181
000007c521d03361
0000000000f36e71
0000000000000181
000007d7c23ab861
0000000000f36e71
0000000000000181
000007ea62a53c61
0000000000f36e71
0000000000000181
000007fd030fc161
0000000000f36e71
0000000000000181
0000080fa37a4661
0000000000f36e71
0000000000000181
0000082243e4ca61
0000000000f36e71
0000000000000181
00000834e44f4f61
0000000000f36e71
0000000000000181
0000084784b9d361
0000000000f36e71
0000000000000181
0000085a25245861
0000000000f36e71
0000000000000181
0000086cc58edc61
0000000000f36e71
0000000000000181
0000087f65f96161
0000000000f36e71
0000000000000181
000008920663e561
0000000000f36e71
0000000000000181
000008a4a6ce6a61
0000000000f36e71
0000000000000181
000008b74738ee61
0000000000f36e71
0000000000000181
000008c9e7a37361
0000000000f36e71
0000000000000181
000008dc880df761
0000000000f36e71
0000000000000181
000008ef28787c61
0000000000f36e71
0000000000000181
00000901c8e30061
0000000000f36e71
0000000000000181
00000914694d8461
0000000000f36e71
0000000000000181
0000092709b80961
0000000000f36e71
0000000000000181
00000939aa228d61
0000000000f36e71
0000000000000181
0000094c4a8d1161
0000000000f36e71
0000000000000181
0000095eeaf79661
0000000000f36e71
0000000000000181
000009718b621a61
0000000000f36e71
0000000000000181
000009842bcc9e61
0000000000f36e71
0000000000000181
00000996cc372261
0000000000f36e71
0000000000000181
000009a96ca1a761
0000000000f36e71
0000000000000181
000009bc0d0c2b61
0000000000f36e71
0000000000000181
000009cead76af61
0000000000f36e71
0000000000000181
000009e14de13361
0000000000f36e71
0000000000000181
000009f3ee4bb761
0000000000f36e71
0000000000000181
00000a068eb63c61
0000000000f36e71
0000000000000181
00000a192f20c061
0000000000f36e71
0000000000000181
00000a2bcf8b4461
0000000000f36e71
0000000000000181
00000a3e6ff5c861
0000000000f36e71
0000000000000181
00000a5110604c61
0000000000f36e71
0000000000000181
00000a63b0cad061
0000000000f36e71
0000000000000181
00000536fe81faf9
00000a7651355461
0000000000f36e71
0000000000000181
00000a88f19fd861
0000000000f36e71
0000000000000181
00000a9b920a5c61
0000000000f36e71
0000000000000181
00000aae3274e061
0000000000f36e71
0000000000000181
00000ac0d2df6461
0000000000f36e71
0000000000000181
00000ad37349e861
0000000000f36e71
0000000000000181
00000ae613b46c61
0000000000f36e71
0000000000000181
0000057326910239
00000aec82db5c61
0000000000f36e71
0000000000000181
