[MCS8 A] 97 FW 3.104 SV 1.257 
range=1024
periods=2
sweepmode=27e20d0
fstchan=0
holdafter=0
streamstatus=3
calreg0=0
calreg1=0
calreg2=0
calreg3=0
swpreset=8000        
prena=0
syncout=0
cycles=18
sequences=1
tagbits=16
vdac0=92c
vdac1=807
vdac2=8c8
vdac3=8c8
vdac4=8c8
vdac5=8c8
vdac6=8c8
vdac7=8c8
timepreset=20.000      
digio=0
digval=0
autoinc=0 
savedata=2 
mpafmt=asc
sephead=0 
fmt=asc
smoothpts=5 
[CHN1]
REPORT-FILE from 06/19/2026 13:08:49.727  written 06/19/2026 13:08:49
cmline0=06/19/2026 13:08:49.727 
cmline1=A1
range=1024
active=1
bitshift=4
cftfak=2580100
evpreset=10          
roimin=0
roimax=1000
caloff=0.800000
calfact=12.800000
calfact2=0
calfact3=0
calunit=nsec
caluse=1 
[CHN2]
REPORT-FILE from  written 06/19/2026 13:08:49
cmline1=A2
range=1024
active=0
bitshift=4
cftfak=2580100
evpreset=10          
roimin=0
roimax=1000
caloff=0.800000
calfact=12.800000
calfact2=0
calfact3=0
calunit=nsec
caluse=1 
[CHN3]
REPORT-FILE from  written 06/19/2026 13:08:49
cmline1=A3
range=1024
active=0
bitshift=4
cftfak=2580100
evpreset=10          
roimin=0
roimax=1000
caloff=0.800000
calfact=12.800000
calfact2=0
calfact3=0
calunit=nsec
caluse=1 
[CHN4]
REPORT-FILE from  written 06/19/2026 13:08:49
cmline1=A4
range=1024
active=0
bitshift=4
cftfak=2580100
evpreset=10          
roimin=0
roimax=1000
caloff=0.800000
calfact=12.800000
calfact2=0
calfact3=0
calunit=nsec
caluse=1 
[CHN5]
REPORT-FILE from  written 06/19/2026 13:08:49
cmline1=A5
range=1024
active=0
bitshift=4
cftfak=2580100
evpreset=10          
roimin=0
roimax=1000
caloff=0.800000
calfact=12.800000
calfact2=0
calfact3=0
calunit=nsec
caluse=1 
[CHN6]
REPORT-FILE from  written 06/19/2026 13:08:49
cmline1=A6
range=1024
active=0
bitshift=4
cftfak=2580100
evpreset=10          
roimin=0
roimax=1000
caloff=0.800000
calfact=12.800000
calfact2=0
calfact3=0
calunit=nsec
caluse=1 
[CHN7]
REPORT-FILE from  written 06/19/2026 13:08:49
cmline1=A7
range=1024
active=0
bitshift=4
cftfak=2580100
evpreset=0           
roimin=0
roimax=1000
caloff=0.800000
calfact=12.800000
calfact2=0
calfact3=0
calunit=nsec
caluse=1 
[CHN8]
REPORT-FILE from 06/19/2026 11:29:06.915  written 06/19/2026 13:08:49
cmline0=06/19/2026 11:29:06.915 
cmline1=A8
range=1024
active=0
bitshift=4
cftfak=2580100
evpreset=0           
roimin=0
roimax=1000
caloff=0.800000
calfact=12.800000
calfact2=0
calfact3=0
calunit=nsec
caluse=1 
;MCS8 #97 Sversion=1.257 Fversion=3.68
time_patch=1
;datalength=8 bytes
;bit0..3: channel# 1..8 ( 4 bit)
;bit4: edge 0=up / 1=dn ( 1 bit)
;bit5 ..57: timedata    (53 bit), max sweep length 2001.6 h
;bit58..62: tag0..tag4  ( 5 bit)
;bit63:     data_lost   ( 1 bit)
[DATA]
0000000000000016
0000000074c48339
0000002156210d61
0000000000f42d71
0000000000000181
00000033f68bd961
0000000000f42d71
0000000000000181
0000004696f6a461
0000000000f42d71
0000000000000181
0000005937617061
0000000000f42d71
0000000000000181
0000006bd7cc3c61
0000000000f42d71
0000000000000181
0000007e78370861
0000000000f42d71
0000000000000181
0000009118a1d361
0000000000f42d71
0000000000000181
000000a3b90c9f61
0000000000f42d71
0000000000000181
000000b659776a61
0000000000f42d71
0000000000000181
000000c8f9e23661
0000000000f42d71
0000000000000181
000000db9a4d0161
0000000000f42d71
0000000000000181
000000ee3ab7cd61
0000000000f42d71
0000000000000181
00000100db229861
0000000000f42d71
0000000000000181
000001137b8d6361
0000000000f42d71
0000000000000181
000001261bf82f61
0000000000f42d71
0000000000000181
00000138bc62fa61
0000000000f42d71
0000000000000181
0000014b5ccdc561
0000000000f42d71
0000000000000181
0000015dfd389061
0000000000f42d71
0000000000000181
000001709da35b61
0000000000f42d71
0000000000000181
000001833e0e2661
0000000000f42d71
0000000000000181
00000195de78f161
0000000000f42d71
0000000000000181
000001a87ee3bc61
0000000000f42d71
0000000000000181
000001bb1f4e8661
0000000000f42d71
0000000000000181
000001cdbfb95161
0000000000f42d71
0000000000000181
000001e060241c61
0000000000f42d71
0000000000000181
000001f3008ee761
0000000000f42d71
0000000000000181
00000205a0f9b161
0000000000f42d71
0000000000000181
0000021841647c61
0000000000f42d71
0000000000000181
0000022ae1cf4661
0000000000f42d71
0000000000000181
0000023d823a1161
0000000000f42d71
0000000000000181
0000025022a4db61
0000000000f42d71
0000000000000181
00000262c30fa661
0000000000f42d71
0000000000000181
00000275637a7061
0000000000f42d71
0000000000000181
0000028803e53a61
0000000000f42d71
0000000000000181
0000029aa4500561
0000000000f42d71
0000000000000181
000002ad44bacf61
0000000000f42d71
0000000000000181
000002bfe5259961
0000000000f42d71
0000000000000181
000002d285906361
0000000000f42d71
0000000000000181
000002e525fb2d61
0000000000f42d71
0000000000000181
00000175ed02a619
000002f7c665f761
0000000000f42d71
0000000000000181
0000030a66d0c161
0000000000f42d71
0000000000000181
0000018d3be411f9
0000031d073b8b61
0000000000f42d71
0000000000000181
0000032fa7a65561
0000000000f42d71
0000000000000181
0000034248111e61
0000000000f42d71
0000000000000181
00000354e87be861
0000000000f42d71
0000000000000181
0000036788e6b261
0000000000f42d71
0000000000000181
0000037a29517b61
0000000000f42d71
0000000000000181
000001bfa58edfd9
0000038cc9bc4561
0000000000f42d71
0000000000000181
0000039f6a270f61
0000000000f42d71
0000000000000181
000003b20a91d861
0000000000f42d71
0000000000000181
000003c4aafca161
0000000000f42d71
0000000000000181
000003d74b676b61
0000000000f42d71
0000000000000181
000003e9ebd23461
0000000000f42d71
0000000000000181
000003fc8c3cfd61
0000000000f42d71
0000000000000181
0000040f2ca7c661
0000000000f42d71
0000000000000181
00000421cd128f61
0000000000f42d71
0000000000000181
000004346d7d5861
0000000000f42d71
0000000000000181
000004470de82161
0000000000f42d71
0000000000000181
00000459ae52ea61
0000000000f42d71
0000000000000181
0000046c4ebdb261
0000000000f42d71
0000000000000181
0000047eef287b61
0000000000f42d71
0000000000000181
000004918f934461
0000000000f42d71
0000000000000181
000004a42ffe0c61
0000000000f42d71
0000000000000181
000004b6d068d561
0000000000f42d71
0000000000000181
000004c970d39d61
0000000000f42d71
0000000000000181
000004dc113e6561
0000000000f42d71
0000000000000181
000002737a70d8d9
000004eeb1a92e61
0000000000f42d71
0000000000000181
000005015213f661
0000000000f42d71
0000000000000181
00000513f27ebe61
0000000000f42d71
0000000000000181
0000052692e98661
0000000000f42d71
0000000000000181
0000053933544e61
0000000000f42d71
0000000000000181
000002a4f9c0a959
0000054bd3bf1661
0000000000f42d71
0000000000000181
0000055e7429de61
0000000000f42d71
0000000000000181
000005711494a661
0000000000f42d71
0000000000000181
00000583b4ff6e61
0000000000f42d71
0000000000000181
00000596556a3661
0000000000f42d71
0000000000000181
000005a8f5d4fd61
0000000000f42d71
0000000000000181
000005bb963fc561
0000000000f42d71
0000000000000181
000005ce36aa8d61
0000000000f42d71
0000000000000181
000005e0d7155461
0000000000f42d71
0000000000000181
000005f377801c61
0000000000f42d71
0000000000000181
0000060617eae361
0000000000f42d71
0000000000000181
00000618b855aa61
0000000000f42d71
0000000000000181
0000062b58c07261
0000000000f42d71
0000000000000181
0000063df92b3961
0000000000f42d71
0000000000000181
0000065099960061
0000000000f42d71
0000000000000181
000006633a00c761
0000000000f42d71
0000000000000181
00000675da6b8e61
0000000000f42d71
0000000000000181
000006887ad65561
0000000000f42d71
0000000000000181
0000069b1b411c61
0000000000f42d71
0000000000000181
000006adbbabe361
0000000000f42d71
0000000000000181
000006c05c16a961
0000000000f42d71
0000000000000181
000006d2fc817061
0000000000f42d71
0000000000000181
000006e59cec3661
0000000000f42d71
0000000000000181
000006f83d56fd61
0000000000f42d71
0000000000000181
0000070addc1c461
0000000000f42d71
0000000000000181
0000071d7e2c8a61
0000000000f42d71
0000000000000181
000007301e975061
0000000000f42d71
0000000000000181
00000742bf021761
0000000000f42d71
0000000000000181
000007555f6cdd61
0000000000f42d71
0000000000000181
00000767ffd7a361
0000000000f42d71
0000000000000181
0000077aa0426961
0000000000f42d71
0000000000000181
0000078d40ad2f61
0000000000f42d71
0000000000000181
0000079fe117f561
0000000000f42d71
0000000000000181
000007b28182bb61
0000000000f42d71
0000000000000181
000007c521ed8161
0000000000f42d71
0000000000000181
000007d7c2584761
0000000000f42d71
0000000000000181
000007ea62c30d61
0000000000f42d71
0000000000000181
000007fd032dd261
0000000000f42d71
0000000000000181
0000080fa3989861
0000000000f42d71
0000000000000181
0000082244035e61
0000000000f42d71
0000000000000181
00000834e46e2361
0000000000f42d71
0000000000000181
0000084784d8e861
0000000000f42d71
0000000000000181
0000085a2543ae61
0000000000f42d71
0000000000000181
0000086cc5ae7361
0000000000f42d71
0000000000000181
0000087f66193861
0000000000f42d71
0000000000000181
00000448b3442b59
000008920683fd61
0000000000f42d71
0000000000000181
000008a4a6eec261
0000000000f42d71
0000000000000181
000008b747598761
0000000000f42d71
0000000000000181
000008c9e7c44c61
0000000000f42d71
0000000000000181
000008dc882f1161
0000000000f42d71
0000000000000181
000008ef2899d661
0000000000f42d71
0000000000000181
00000901c9049a61
0000000000f42d71
0000000000000181
00000914696f5f61
0000000000f42d71
0000000000000181
0000092709da2461
0000000000f42d71
0000000000000181
00000939aa44e861
0000000000f42d71
0000000000000181
0000094c4aafad61
0000000000f42d71
0000000000000181
0000095eeb1a7161
0000000000f42d71
0000000000000181
000009718b853561
0000000000f42d71
0000000000000181
000009842beff961
0000000000f42d71
0000000000000181
00000996cc5abe61
0000000000f42d71
0000000000000181
000009a96cc58261
0000000000f42d71
0000000000000181
000009bc0d304661
0000000000f42d71
0000000000000181
000004e62c5af739
000009cead9b0961
0000000000f42d71
0000000000000181
000009e14e05cd61
0000000000f42d71
0000000000000181
000009f3ee709161
0000000000f42d71
0000000000000181
000004fd935f8039
00000a068edb5561
0000000000f42d71
0000000000000181
00000a192f461861
0000000000f42d71
0000000000000181
00000a2bcfb0dc61
0000000000f42d71
0000000000000181
00000a3e701b9f61
0000000000f42d71
0000000000000181
00000a5110866361
0000000000f42d71
0000000000000181
00000a63b0f12661
0000000000f42d71
0000000000000181
00000a76515be961
0000000000f42d71
0000000000000181
00000a88f1c6ad61
0000000000f42d71
0000000000000181
00000a9b92317061
0000000000f42d71
0000000000000181
00000554de743579
00000aae329c3361
0000000000f42d71
0000000000000181
00000ac0d306f661
0000000000f42d71
0000000000000181
00000ad37371b961
0000000000f42d71
0000000000000181
00000ae613dc7c61
0000000000f42d71
0000000000000181
00000af8b4473e61
0000000000f42d71
0000000000000181
0000057dfc62c859
00000b0b54b20161
0000000000f42d71
0000000000000181
00000b1df51cc461
0000000000f42d71
0000000000000181
00000b1e3ea10661
0000000000f42d71
0000000000000181
