[MCS8 A] 97 FW 3.104 SV 1.257 
range=1024
periods=2
sweepmode=27e20d0
fstchan=0
holdafter=0
streamstatus=3
calreg0=0
calreg1=0
calreg2=0
calreg3=0
swpreset=8000        
prena=1
syncout=0
cycles=18
sequences=1
tagbits=16
vdac0=92c
vdac1=807
vdac2=8c8
vdac3=8c8
vdac4=8c8
vdac5=8c8
vdac6=8c8
vdac7=8c8
timepreset=150.000     
digio=0
digval=0
autoinc=0 
savedata=2 
mpafmt=asc
sephead=0 
fmt=asc
smoothpts=5 
[CHN1]
REPORT-FILE from 06/22/2026 14:50:40.323  written 06/22/2026 14:50:40
cmline0=06/22/2026 14:50:40.323 
cmline1=A1
range=1024
active=1
bitshift=4
cftfak=2580100
evpreset=10          
roimin=0
roimax=1000
caloff=0.800000
calfact=12.800000
calfact2=0
calfact3=0
calunit=nsec
caluse=1 
[CHN2]
REPORT-FILE from  written 06/22/2026 14:50:40
cmline1=A2
range=1024
active=0
bitshift=4
cftfak=2580100
evpreset=10          
roimin=0
roimax=1000
caloff=0.800000
calfact=12.800000
calfact2=0
calfact3=0
calunit=nsec
caluse=1 
[CHN3]
REPORT-FILE from  written 06/22/2026 14:50:40
cmline1=A3
range=1024
active=0
bitshift=4
cftfak=2580100
evpreset=10          
roimin=0
roimax=1000
caloff=0.800000
calfact=12.800000
calfact2=0
calfact3=0
calunit=nsec
caluse=1 
[CHN4]
REPORT-FILE from  written 06/22/2026 14:50:40
cmline1=A4
range=1024
active=0
bitshift=4
cftfak=2580100
evpreset=10          
roimin=0
roimax=1000
caloff=0.800000
calfact=12.800000
calfact2=0
calfact3=0
calunit=nsec
caluse=1 
[CHN5]
REPORT-FILE from  written 06/22/2026 14:50:40
cmline1=A5
range=1024
active=0
bitshift=4
cftfak=2580100
evpreset=10          
roimin=0
roimax=1000
caloff=0.800000
calfact=12.800000
calfact2=0
calfact3=0
calunit=nsec
caluse=1 
[CHN6]
REPORT-FILE from  written 06/22/2026 14:50:40
cmline1=A6
range=1024
active=0
bitshift=4
cftfak=2580100
evpreset=10          
roimin=0
roimax=1000
caloff=0.800000
calfact=12.800000
calfact2=0
calfact3=0
calunit=nsec
caluse=1 
[CHN7]
REPORT-FILE from  written 06/22/2026 14:50:40
cmline1=A7
range=1024
active=0
bitshift=4
cftfak=2580100
evpreset=0           
roimin=0
roimax=1000
caloff=0.800000
calfact=12.800000
calfact2=0
calfact3=0
calunit=nsec
caluse=1 
[CHN8]
REPORT-FILE from  written 06/22/2026 14:50:40
cmline1=A8
range=1024
active=0
bitshift=4
cftfak=2580100
evpreset=0           
roimin=0
roimax=1000
caloff=0.800000
calfact=12.800000
calfact2=0
calfact3=0
calunit=nsec
caluse=1 
;MCS8 #97 Sversion=1.257 Fversion=3.68
time_patch=1
;datalength=8 bytes
;bit0..3: channel# 1..8 ( 4 bit)
;bit4: edge 0=up / 1=dn ( 1 bit)
;bit5 ..57: timedata    (53 bit), max sweep length 2001.6 h
;bit58..62: tag0..tag4  ( 5 bit)
;bit63:     data_lost   ( 1 bit)
[DATA]
0000000000000016
000000215620f061
0000000000f43071
0000000000000181
00000033f68b8d61
0000000000f43071
0000000000000181
0000004696f62a61
0000000000f43071
0000000000000181
000000593760c761
0000000000f43071
0000000000000181
0000006bd7cb6461
0000000000f43071
0000000000000181
0000007e78360161
0000000000f43071
0000000000000181
0000009118a09e61
0000000000f43071
0000000000000181
000000a3b90b3b61
0000000000f43071
0000000000000181
000000b65975d861
0000000000f43071
0000000000000181
000000c8f9e07561
0000000000f43071
0000000000000181
000000db9a4b1261
0000000000f43071
0000000000000181
000000ee3ab5af61
0000000000f43071
0000000000000181
00000100db204c61
0000000000f43071
0000000000000181
000001137b8ae961
0000000000f43071
0000000000000181
000001261bf58661
0000000000f43071
0000000000000181
00000138bc602361
0000000000f43071
0000000000000181
0000014b5ccac161
0000000000f43071
0000000000000181
0000015dfd355e61
0000000000f43071
0000000000000181
000001709d9ffb61
0000000000f43071
0000000000000181
000001833e0a9861
0000000000f43071
0000000000000181
00000195de753561
0000000000f43071
0000000000000181
000001a87edfd261
0000000000f43071
0000000000000181
000001bb1f4a6f61
0000000000f43071
0000000000000181
000001cdbfb50d61
0000000000f43071
0000000000000181
000001e0601faa61
0000000000f43071
0000000000000181
000001f3008a4761
0000000000f43071
0000000000000181
000000fbbbc2cbd9
00000205a0f4e461
0000000000f43071
0000000000000181
00000218415f8261
0000000000f43071
0000000000000181
0000022ae1ca1f61
0000000000f43071
0000000000000181
0000023d8234bc61
0000000000f43071
0000000000000181
00000250229f5961
0000000000f43071
0000000000000181
00000262c309f761
0000000000f43071
0000000000000181
0000027563749461
0000000000f43071
0000000000000181
0000028803df3161
0000000000f43071
0000000000000181
0000029aa449ce61
0000000000f43071
0000000000000181
000002ad44b46c61
0000000000f43071
0000000000000181
000002bfe51f0961
0000000000f43071
0000000000000181
000002d28589a661
0000000000f43071
0000000000000181
000002e525f44461
0000000000f43071
0000000000000181
000002f7c65ee161
0000000000f43071
0000000000000181
0000030a66c97e61
0000000000f43071
0000000000000181
0000031d07341c61
0000000000f43071
0000000000000181
0000032fa79eb961
0000000000f43071
0000000000000181
0000034248095761
0000000000f43071
0000000000000181
00000354e873f461
0000000000f43071
0000000000000181
0000036788de9261
0000000000f43071
0000000000000181
0000037a29492f61
0000000000f43071
0000000000000181
0000038cc9b3cc61
0000000000f43071
0000000000000181
0000039f6a1e6a61
0000000000f43071
0000000000000181
000003b20a890761
0000000000f43071
0000000000000181
000003c4aaf3a561
0000000000f43071
0000000000000181
000003d74b5e4261
0000000000f43071
0000000000000181
000003e9ebc8e061
0000000000f43071
0000000000000181
000003fc8c337e61
0000000000f43071
0000000000000181
0000040f2c9e1b61
0000000000f43071
0000000000000181
00000421cd08b961
0000000000f43071
0000000000000181
000004346d735761
0000000000f43071
0000000000000181
000004470dddf461
0000000000f43071
0000000000000181
00000459ae489261
0000000000f43071
0000000000000181
00000235089ff379
0000046c4eb32f61
0000000000f43071
0000000000000181
0000047eef1dcd61
0000000000f43071
0000000000000181
000004918f886b61
0000000000f43071
0000000000000181
000004a42ff30861
0000000000f43071
0000000000000181
000004b6d05da661
0000000000f43071
0000000000000181
000004c970c84461
0000000000f43071
0000000000000181
000004dc1132e261
0000000000f43071
0000000000000181
000004eeb19d7f61
0000000000f43071
0000000000000181
0000050152081d61
0000000000f43071
0000000000000181
00000513f272bb61
0000000000f43071
0000000000000181
0000052692dd5961
0000000000f43071
0000000000000181
000005393347f661
0000000000f43071
0000000000000181
0000054bd3b29461
0000000000f43071
0000000000000181
0000055e741d3261
0000000000f43071
0000000000000181
000005711487d061
0000000000f43071
0000000000000181
00000583b4f26e61
0000000000f43071
0000000000000181
00000596555d0b61
0000000000f43071
0000000000000181
000005a8f5c7a961
0000000000f43071
0000000000000181
000005bb96324761
0000000000f43071
0000000000000181
000005ce369ce561
0000000000f43071
0000000000000181
000005e0d7078361
0000000000f43071
0000000000000181
000005f377722161
0000000000f43071
0000000000000181
0000060617dcbf61
0000000000f43071
0000000000000181
00000618b8475d61
0000000000f43071
0000000000000181
0000062b58b1fa61
0000000000f43071
0000000000000181
0000063df91c9861
0000000000f43071
0000000000000181
0000065099873661
0000000000f43071
0000000000000181
0000066339f1d461
0000000000f43071
0000000000000181
00000675da5c7261
0000000000f43071
0000000000000181
000006887ac71061
0000000000f43071
0000000000000181
0000069b1b31ae61
0000000000f43071
0000000000000181
000006adbb9c4c61
0000000000f43071
0000000000000181
000006c05c06ea61
0000000000f43071
0000000000000181
000006d2fc718861
0000000000f43071
0000000000000181
000006e59cdc2661
0000000000f43071
0000000000000181
000006f83d46c461
0000000000f43071
0000000000000181
0000070addb16261
0000000000f43071
0000000000000181
0000071d7e1c0061
0000000000f43071
0000000000000181
000007301e869e61
0000000000f43071
0000000000000181
00000742bef13c61
0000000000f43071
0000000000000181
000007555f5bda61
0000000000f43071
0000000000000181
000003abdbe328b9
00000767ffc67861
0000000000f43071
0000000000000181
0000077aa0311661
0000000000f43071
0000000000000181
0000078d409bb461
0000000000f43071
0000000000000181
0000079fe1065261
0000000000f43071
0000000000000181
000007b28170f061
0000000000f43071
0000000000000181
000007c521db8e61
0000000000f43071
0000000000000181
000007d7c2462c61
0000000000f43071
0000000000000181
000007ea62b0cb61
0000000000f43071
0000000000000181
000007fd031b6961
0000000000f43071
0000000000000181
0000080fa3860761
0000000000f43071
0000000000000181
0000082243f0a561
0000000000f43071
0000000000000181
00000834e45b4361
0000000000f43071
0000000000000181
0000084784c5e161
0000000000f43071
0000000000000181
0000085a25307f61
0000000000f43071
0000000000000181
0000086cc59b1e61
0000000000f43071
0000000000000181
0000087f6605bc61
0000000000f43071
0000000000000181
0000089206705a61
0000000000f43071
0000000000000181
000008a4a6daf861
0000000000f43071
0000000000000181
000008b747459661
0000000000f43071
0000000000000181
000008c9e7b03561
0000000000f43071
0000000000000181
000008dc881ad361
0000000000f43071
0000000000000181
000008ef28857161
0000000000f43071
0000000000000181
00000901c8f00f61
0000000000f43071
0000000000000181
00000914695aae61
0000000000f43071
0000000000000181
0000092709c54c61
0000000000f43071
0000000000000181
00000939aa2fea61
0000000000f43071
0000000000000181
0000094c4a9a8861
0000000000f43071
0000000000000181
0000095eeb052761
0000000000f43071
0000000000000181
000009718b6fc561
0000000000f43071
0000000000000181
000009842bda6361
0000000000f43071
0000000000000181
00000996cc450261
0000000000f43071
0000000000000181
000009a96cafa061
0000000000f43071
0000000000000181
000009bc0d1a3f61
0000000000f43071
0000000000000181
000009cead84dd61
0000000000f43071
0000000000000181
000009e14def7c61
0000000000f43071
0000000000000181
000009f3ee5a1a61
0000000000f43071
0000000000000181
00000a068ec4b861
0000000000f43071
0000000000000181
00000a192f2f5761
0000000000f43071
0000000000000181
00000a2bcf99f561
0000000000f43071
0000000000000181
00000a3e70049461
0000000000f43071
0000000000000181
00000a51106f3261
0000000000f43071
0000000000000181
00000a63b0d9d161
0000000000f43071
0000000000000181
00000a7651446f61
0000000000f43071
0000000000000181
00000a88f1af0e61
0000000000f43071
0000000000000181
00000a9b9219ac61
0000000000f43071
0000000000000181
00000aae32844b61
0000000000f43071
0000000000000181
00000ac0d2eeea61
0000000000f43071
0000000000000181
00000ad373598861
0000000000f43071
0000000000000181
00000ae613c42761
0000000000f43071
0000000000000181
00000aec6a281a61
0000000000f43071
0000000000000181
