[MCS8 A] 97 FW 3.104 SV 1.257 
range=1024
periods=2
sweepmode=27e20d0
fstchan=0
holdafter=0
streamstatus=3
calreg0=0
calreg1=0
calreg2=0
calreg3=0
swpreset=8000        
prena=1
syncout=0
cycles=18
sequences=1
tagbits=16
vdac0=92c
vdac1=807
vdac2=8c8
vdac3=8c8
vdac4=8c8
vdac5=8c8
vdac6=8c8
vdac7=8c8
timepreset=150.000     
digio=0
digval=0
autoinc=0 
savedata=2 
mpafmt=asc
sephead=0 
fmt=asc
smoothpts=5 
[CHN1]
REPORT-FILE from 06/22/2026 14:47:44.468  written 06/22/2026 14:47:44
cmline0=06/22/2026 14:47:44.468 
cmline1=A1
range=1024
active=1
bitshift=4
cftfak=2580100
evpreset=10          
roimin=0
roimax=1000
caloff=0.800000
calfact=12.800000
calfact2=0
calfact3=0
calunit=nsec
caluse=1 
[CHN2]
REPORT-FILE from  written 06/22/2026 14:47:44
cmline1=A2
range=1024
active=0
bitshift=4
cftfak=2580100
evpreset=10          
roimin=0
roimax=1000
caloff=0.800000
calfact=12.800000
calfact2=0
calfact3=0
calunit=nsec
caluse=1 
[CHN3]
REPORT-FILE from  written 06/22/2026 14:47:44
cmline1=A3
range=1024
active=0
bitshift=4
cftfak=2580100
evpreset=10          
roimin=0
roimax=1000
caloff=0.800000
calfact=12.800000
calfact2=0
calfact3=0
calunit=nsec
caluse=1 
[CHN4]
REPORT-FILE from  written 06/22/2026 14:47:44
cmline1=A4
range=1024
active=0
bitshift=4
cftfak=2580100
evpreset=10          
roimin=0
roimax=1000
caloff=0.800000
calfact=12.800000
calfact2=0
calfact3=0
calunit=nsec
caluse=1 
[CHN5]
REPORT-FILE from  written 06/22/2026 14:47:44
cmline1=A5
range=1024
active=0
bitshift=4
cftfak=2580100
evpreset=10          
roimin=0
roimax=1000
caloff=0.800000
calfact=12.800000
calfact2=0
calfact3=0
calunit=nsec
caluse=1 
[CHN6]
REPORT-FILE from  written 06/22/2026 14:47:44
cmline1=A6
range=1024
active=0
bitshift=4
cftfak=2580100
evpreset=10          
roimin=0
roimax=1000
caloff=0.800000
calfact=12.800000
calfact2=0
calfact3=0
calunit=nsec
caluse=1 
[CHN7]
REPORT-FILE from  written 06/22/2026 14:47:44
cmline1=A7
range=1024
active=0
bitshift=4
cftfak=2580100
evpreset=0           
roimin=0
roimax=1000
caloff=0.800000
calfact=12.800000
calfact2=0
calfact3=0
calunit=nsec
caluse=1 
[CHN8]
REPORT-FILE from  written 06/22/2026 14:47:44
cmline1=A8
range=1024
active=0
bitshift=4
cftfak=2580100
evpreset=0           
roimin=0
roimax=1000
caloff=0.800000
calfact=12.800000
calfact2=0
calfact3=0
calunit=nsec
caluse=1 
;MCS8 #97 Sversion=1.257 Fversion=3.68
time_patch=1
;datalength=8 bytes
;bit0..3: channel# 1..8 ( 4 bit)
;bit4: edge 0=up / 1=dn ( 1 bit)
;bit5 ..57: timedata    (53 bit), max sweep length 2001.6 h
;bit58..62: tag0..tag4  ( 5 bit)
;bit63:     data_lost   ( 1 bit)
[DATA]
0000000000000016
0000002156242c61
0000000000f8b871
0000000000000181
00000033f68eca61
0000000000f8b871
0000000000000181
0000004696f96861
0000000000f8b871
0000000000000181
0000005937640661
0000000000f8b871
0000000000000181
0000006bd7cea461
0000000000f8b871
0000000000000181
0000007e78394261
0000000000f8b871
0000000000000181
0000009118a3e061
0000000000f8b871
0000000000000181
000000a3b90e7e61
0000000000f8b871
0000000000000181
000000b659791c61
0000000000f8b871
0000000000000181
000000c8f9e3ba61
0000000000f8b871
0000000000000181
000000db9a4e5861
0000000000f8b871
0000000000000181
000000ee3ab8f661
0000000000f8b871
0000000000000181
00000100db239461
0000000000f8b871
0000000000000181
000001137b8e3261
0000000000f8b871
0000000000000181
000001261bf8cf61
0000000000f8b871
0000000000000181
00000138bc636d61
0000000000f8b871
0000000000000181
0000014b5cce0b61
0000000000f8b871
0000000000000181
0000015dfd38a961
0000000000f8b871
0000000000000181
000001709da34661
0000000000f8b871
0000000000000181
000001833e0de461
0000000000f8b871
0000000000000181
00000195de788261
0000000000f8b871
0000000000000181
000001a87ee31f61
0000000000f8b871
0000000000000181
000001bb1f4dbd61
0000000000f8b871
0000000000000181
000001cdbfb85a61
0000000000f8b871
0000000000000181
000001e06022f861
0000000000f8b871
0000000000000181
000001f3008d9661
0000000000f8b871
0000000000000181
00000205a0f83361
0000000000f8b871
0000000000000181
000002184162d161
0000000000f8b871
0000000000000181
0000022ae1cd6e61
0000000000f8b871
0000000000000181
0000023d82380c61
0000000000f8b871
0000000000000181
0000025022a2a961
0000000000f8b871
0000000000000181
00000262c30d4661
0000000000f8b871
0000000000000181
000002756377e461
0000000000f8b871
0000000000000181
0000028803e28161
0000000000f8b871
0000000000000181
0000029aa44d1f61
0000000000f8b871
0000000000000181
000002ad44b7bc61
0000000000f8b871
0000000000000181
000002bfe5225961
0000000000f8b871
0000000000000181
000002d2858cf761
0000000000f8b871
0000000000000181
000002e525f79461
0000000000f8b871
0000000000000181
000002f7c6623161
0000000000f8b871
0000000000000181
0000030a66ccce61
0000000000f8b871
0000000000000181
0000031d07376c61
0000000000f8b871
0000000000000181
0000032fa7a20961
0000000000f8b871
0000000000000181
00000342480ca661
0000000000f8b871
0000000000000181
00000354e8774361
0000000000f8b871
0000000000000181
0000036788e1e161
0000000000f8b871
0000000000000181
0000037a294c7e61
0000000000f8b871
0000000000000181
0000038cc9b71b61
0000000000f8b871
0000000000000181
0000039f6a21b861
0000000000f8b871
0000000000000181
000003b20a8c5561
0000000000f8b871
0000000000000181
000003c4aaf6f261
0000000000f8b871
0000000000000181
000003d74b618f61
0000000000f8b871
0000000000000181
000003e9ebcc2c61
0000000000f8b871
0000000000000181
000003fc8c36c961
0000000000f8b871
0000000000000181
0000040f2ca16661
0000000000f8b871
0000000000000181
00000421cd0c0361
0000000000f8b871
0000000000000181
000004346d76a061
0000000000f8b871
0000000000000181
000004470de13e61
0000000000f8b871
0000000000000181
00000459ae4bdb61
0000000000f8b871
0000000000000181
0000046c4eb67861
0000000000f8b871
0000000000000181
0000047eef211561
0000000000f8b871
0000000000000181
000004918f8bb161
0000000000f8b871
0000000000000181
000004a42ff64e61
0000000000f8b871
0000000000000181
000004b6d060eb61
0000000000f8b871
0000000000000181
000004c970cb8861
0000000000f8b871
0000000000000181
000004dc11362561
0000000000f8b871
0000000000000181
000004eeb1a0c261
0000000000f8b871
0000000000000181
00000501520b5f61
0000000000f8b871
0000000000000181
00000513f275fc61
0000000000f8b871
0000000000000181
0000052692e09861
0000000000f8b871
0000000000000181
00000539334b3561
0000000000f8b871
0000000000000181
0000054bd3b5d261
0000000000f8b871
0000000000000181
000002ad5621c2f9
0000055e74206f61
0000000000f8b871
0000000000000181
00000571148b0c61
0000000000f8b871
0000000000000181
00000583b4f5a861
0000000000f8b871
0000000000000181
0000059655604561
0000000000f8b871
0000000000000181
000005a8f5cae261
0000000000f8b871
0000000000000181
000005bb96357f61
0000000000f8b871
0000000000000181
000005ce36a01c61
0000000000f8b871
0000000000000181
000005e0d70ab861
0000000000f8b871
0000000000000181
000005f377755561
0000000000f8b871
0000000000000181
0000060617dff261
0000000000f8b871
0000000000000181
00000618b84a8f61
0000000000f8b871
0000000000000181
0000062b58b52b61
0000000000f8b871
0000000000000181
0000063df91fc861
0000000000f8b871
0000000000000181
00000650998a6561
0000000000f8b871
0000000000000181
0000066339f50261
0000000000f8b871
0000000000000181
00000675da5f9e61
0000000000f8b871
0000000000000181
000006887aca3b61
0000000000f8b871
0000000000000181
0000069b1b34d861
0000000000f8b871
0000000000000181
000006adbb9f7561
0000000000f8b871
0000000000000181
000006c05c0a1161
0000000000f8b871
0000000000000181
000006d2fc74ae61
0000000000f8b871
0000000000000181
000006e59cdf4b61
0000000000f8b871
0000000000000181
000006f83d49e761
0000000000f8b871
0000000000000181
0000070addb48461
0000000000f8b871
0000000000000181
0000071d7e1f2161
0000000000f8b871
0000000000000181
000007301e89be61
0000000000f8b871
0000000000000181
00000742bef45a61
0000000000f8b871
0000000000000181
000007555f5ef761
0000000000f8b871
0000000000000181
00000767ffc99461
0000000000f8b871
0000000000000181
0000077aa0343061
0000000000f8b871
0000000000000181
0000078d409ecd61
0000000000f8b871
0000000000000181
0000079fe1096a61
0000000000f8b871
0000000000000181
000007b281740761
0000000000f8b871
0000000000000181
000007c521dea361
0000000000f8b871
0000000000000181
000007d7c2494061
0000000000f8b871
0000000000000181
000007ea62b3dd61
0000000000f8b871
0000000000000181
000007fd031e7961
0000000000f8b871
0000000000000181
0000080fa3891661
0000000000f8b871
0000000000000181
0000082243f3b361
0000000000f8b871
0000000000000181
00000834e45e4f61
0000000000f8b871
0000000000000181
0000084784c8ec61
0000000000f8b871
0000000000000181
0000085a25338961
0000000000f8b871
0000000000000181
0000086cc59e2661
0000000000f8b871
0000000000000181
0000087f6608c361
0000000000f8b871
0000000000000181
0000089206735f61
0000000000f8b871
0000000000000181
000008a4a6ddfc61
0000000000f8b871
0000000000000181
000008b747489961
0000000000f8b871
0000000000000181
000008c9e7b33561
0000000000f8b871
0000000000000181
000008dc881dd261
0000000000f8b871
0000000000000181
000008ef28886f61
0000000000f8b871
0000000000000181
00000901c8f30c61
0000000000f8b871
0000000000000181
00000914695da961
0000000000f8b871
0000000000000181
0000092709c84561
0000000000f8b871
0000000000000181
00000939aa32e261
0000000000f8b871
0000000000000181
0000094c4a9d7f61
0000000000f8b871
0000000000000181
0000095eeb081c61
0000000000f8b871
0000000000000181
000009718b72b861
0000000000f8b871
0000000000000181
000009842bdd5561
0000000000f8b871
0000000000000181
00000996cc47f261
0000000000f8b871
0000000000000181
000009a96cb28f61
0000000000f8b871
0000000000000181
000009bc0d1d2b61
0000000000f8b871
0000000000000181
000009cead87c861
0000000000f8b871
0000000000000181
000009e14df26561
0000000000f8b871
0000000000000181
000009f3ee5d0261
0000000000f8b871
0000000000000181
00000a068ec79f61
0000000000f8b871
0000000000000181
00000a192f323c61
0000000000f8b871
0000000000000181
00000a2bcf9cd861
0000000000f8b871
0000000000000181
00000a3e70077561
0000000000f8b871
0000000000000181
00000a5110721261
0000000000f8b871
0000000000000181
00000a63b0dcaf61
0000000000f8b871
0000000000000181
000005328f47b679
00000a7651474c61
0000000000f8b871
0000000000000181
00000a88f1b1e961
0000000000f8b871
0000000000000181
00000a9b921c8561
0000000000f8b871
0000000000000181
00000aae32872261
0000000000f8b871
0000000000000181
00000ac0d2f1bf61
0000000000f8b871
0000000000000181
00000ad3735c5c61
0000000000f8b871
0000000000000181
00000ae613c6f961
0000000000f8b871
0000000000000181
00000aec6b444261
0000000000f8b871
0000000000000181
