[MCS8 A] 97 FW 3.104 SV 1.257 
range=1024
periods=2
sweepmode=27e20d0
fstchan=0
holdafter=0
streamstatus=3
calreg0=0
calreg1=0
calreg2=0
calreg3=0
swpreset=8000        
prena=1
syncout=0
cycles=18
sequences=1
tagbits=16
vdac0=92c
vdac1=807
vdac2=8c8
vdac3=8c8
vdac4=8c8
vdac5=8c8
vdac6=8c8
vdac7=8c8
timepreset=150.000     
digio=0
digval=0
autoinc=0 
savedata=2 
mpafmt=asc
sephead=0 
fmt=asc
smoothpts=5 
[CHN1]
REPORT-FILE from 06/22/2026 13:34:00.135  written 06/22/2026 13:34:00
cmline0=06/22/2026 13:34:00.135 
cmline1=A1
range=1024
active=1
bitshift=4
cftfak=2580100
evpreset=10          
roimin=0
roimax=1000
caloff=0.800000
calfact=12.800000
calfact2=0
calfact3=0
calunit=nsec
caluse=1 
[CHN2]
REPORT-FILE from  written 06/22/2026 13:34:00
cmline1=A2
range=1024
active=0
bitshift=4
cftfak=2580100
evpreset=10          
roimin=0
roimax=1000
caloff=0.800000
calfact=12.800000
calfact2=0
calfact3=0
calunit=nsec
caluse=1 
[CHN3]
REPORT-FILE from  written 06/22/2026 13:34:00
cmline1=A3
range=1024
active=0
bitshift=4
cftfak=2580100
evpreset=10          
roimin=0
roimax=1000
caloff=0.800000
calfact=12.800000
calfact2=0
calfact3=0
calunit=nsec
caluse=1 
[CHN4]
REPORT-FILE from  written 06/22/2026 13:34:00
cmline1=A4
range=1024
active=0
bitshift=4
cftfak=2580100
evpreset=10          
roimin=0
roimax=1000
caloff=0.800000
calfact=12.800000
calfact2=0
calfact3=0
calunit=nsec
caluse=1 
[CHN5]
REPORT-FILE from  written 06/22/2026 13:34:00
cmline1=A5
range=1024
active=0
bitshift=4
cftfak=2580100
evpreset=10          
roimin=0
roimax=1000
caloff=0.800000
calfact=12.800000
calfact2=0
calfact3=0
calunit=nsec
caluse=1 
[CHN6]
REPORT-FILE from  written 06/22/2026 13:34:00
cmline1=A6
range=1024
active=0
bitshift=4
cftfak=2580100
evpreset=10          
roimin=0
roimax=1000
caloff=0.800000
calfact=12.800000
calfact2=0
calfact3=0
calunit=nsec
caluse=1 
[CHN7]
REPORT-FILE from  written 06/22/2026 13:34:00
cmline1=A7
range=1024
active=0
bitshift=4
cftfak=2580100
evpreset=0           
roimin=0
roimax=1000
caloff=0.800000
calfact=12.800000
calfact2=0
calfact3=0
calunit=nsec
caluse=1 
[CHN8]
REPORT-FILE from  written 06/22/2026 13:34:00
cmline1=A8
range=1024
active=0
bitshift=4
cftfak=2580100
evpreset=0           
roimin=0
roimax=1000
caloff=0.800000
calfact=12.800000
calfact2=0
calfact3=0
calunit=nsec
caluse=1 
;MCS8 #97 Sversion=1.257 Fversion=3.68
time_patch=1
;datalength=8 bytes
;bit0..3: channel# 1..8 ( 4 bit)
;bit4: edge 0=up / 1=dn ( 1 bit)
;bit5 ..57: timedata    (53 bit), max sweep length 2001.6 h
;bit58..62: tag0..tag4  ( 5 bit)
;bit63:     data_lost   ( 1 bit)
[DATA]
0000000000000016
0000002156830061
000000000184b271
0000000000000181
00000033f6ed9c61
000000000184b271
0000000000000181
0000004697583761
000000000184b271
0000000000000181
0000005937c2d361
000000000184b271
0000000000000181
0000006bd82d6e61
000000000184b271
0000000000000181
0000007e78980a61
000000000184b271
0000000000000181
000000911902a561
000000000184b271
0000000000000181
000000a3b96d4161
000000000184b271
0000000000000181
000000b659d7dc61
000000000184b271
0000000000000181
000000c8fa427861
000000000184b271
0000000000000181
000000db9aad1361
000000000184b271
0000000000000181
000000ee3b17af61
000000000184b271
0000000000000181
00000100db824a61
000000000184b271
0000000000000181
000001137bece661
000000000184b271
0000000000000181
000001261c578161
000000000184b271
0000000000000181
00000138bcc21d61
000000000184b271
0000000000000181
0000014b5d2cb861
000000000184b271
0000000000000181
0000015dfd975461
000000000184b271
0000000000000181
000001709e01ef61
000000000184b271
0000000000000181
000001833e6c8b61
000000000184b271
0000000000000181
00000195ded72761
000000000184b271
0000000000000181
000001a87f41c261
000000000184b271
0000000000000181
000001bb1fac5d61
000000000184b271
0000000000000181
000001cdc016f961
000000000184b271
0000000000000181
000001e060819561
000000000184b271
0000000000000181
000001f300ec3061
000000000184b271
0000000000000181
00000205a156cb61
000000000184b271
0000000000000181
0000021841c16761
000000000184b271
0000000000000181
0000022ae22c0261
000000000184b271
0000000000000181
0000023d82969e61
000000000184b271
0000000000000181
0000025023013961
000000000184b271
0000000000000181
00000262c36bd561
000000000184b271
0000000000000181
0000027563d67061
000000000184b271
0000000000000181
0000028804410c61
000000000184b271
0000000000000181
0000029aa4aba761
000000000184b271
0000000000000181
000002ad45164361
000000000184b271
0000000000000181
000002bfe580df61
000000000184b271
0000000000000181
000002d285eb7a61
000000000184b271
0000000000000181
000002e526561661
000000000184b271
0000000000000181
000002f7c6c0b161
000000000184b271
0000000000000181
0000030a672b4d61
000000000184b271
0000000000000181
0000031d0795e861
000000000184b271
0000000000000181
0000032fa8008461
000000000184b271
0000000000000181
00000342486b1f61
000000000184b271
0000000000000181
00000354e8d5bb61
000000000184b271
0000000000000181
0000036789405661
000000000184b271
0000000000000181
0000037a29aaf261
000000000184b271
0000000000000181
0000038cca158d61
000000000184b271
0000000000000181
0000039f6a802961
000000000184b271
0000000000000181
000003b20aeac561
000000000184b271
0000000000000181
000003c4ab556061
000000000184b271
0000000000000181
000003d74bbffc61
000000000184b271
0000000000000181
000003e9ec2a9761
000000000184b271
0000000000000181
000003fc8c953361
000000000184b271
0000000000000181
0000040f2cffce61
000000000184b271
0000000000000181
00000421cd6a6a61
000000000184b271
0000000000000181
000004346dd50561
000000000184b271
0000000000000181
000004470e3fa161
000000000184b271
0000000000000181
00000459aeaa3d61
000000000184b271
0000000000000181
0000046c4f14d861
000000000184b271
0000000000000181
0000047eef7f7461
000000000184b271
0000000000000181
000004918fea0f61
000000000184b271
0000000000000181
000004a43054ab61
000000000184b271
0000000000000181
000004b6d0bf4761
000000000184b271
0000000000000181
000004c97129e261
000000000184b271
0000000000000181
000004dc11947e61
000000000184b271
0000000000000181
000004eeb1ff1961
000000000184b271
0000000000000181
000005015269b561
000000000184b271
0000000000000181
00000513f2d45161
000000000184b271
0000000000000181
00000526933eec61
000000000184b271
0000000000000181
0000029a3b27e139
0000053933a98861
000000000184b271
0000000000000181
0000054bd4142361
000000000184b271
0000000000000181
0000055e747ebf61
000000000184b271
0000000000000181
0000057114e95b61
000000000184b271
0000000000000181
00000583b553f661
000000000184b271
0000000000000181
0000059655be9261
000000000184b271
0000000000000181
000005a8f6292e61
000000000184b271
0000000000000181
000005bb9693c961
000000000184b271
0000000000000181
000005ce36fe6561
000000000184b271
0000000000000181
000005e0d7690161
000000000184b271
0000000000000181
000005f377d39c61
000000000184b271
0000000000000181
00000606183e3861
000000000184b271
0000000000000181
00000618b8a8d461
000000000184b271
0000000000000181
0000062b59136f61
000000000184b271
0000000000000181
0000063df97e0b61
000000000184b271
0000000000000181
0000065099e8a761
000000000184b271
0000000000000181
000006633a534261
000000000184b271
0000000000000181
00000675dabdde61
000000000184b271
0000000000000181
000006887b287a61
000000000184b271
0000000000000181
0000069b1b931561
000000000184b271
0000000000000181
000006adbbfdb161
000000000184b271
0000000000000181
000006c05c684d61
000000000184b271
0000000000000181
000006d2fcd2e961
000000000184b271
0000000000000181
000006e59d3d8461
000000000184b271
0000000000000181
000006f83da82061
000000000184b271
0000000000000181
0000070ade12bc61
000000000184b271
0000000000000181
0000071d7e7d5761
000000000184b271
0000000000000181
000007301ee7f361
000000000184b271
0000000000000181
00000742bf528f61
000000000184b271
0000000000000181
000007555fbd2b61
000000000184b271
0000000000000181
000003ae0355dc19
000007680027c661
000000000184b271
0000000000000181
0000077aa0926261
000000000184b271
0000000000000181
0000078d40fcfe61
000000000184b271
0000000000000181
0000079fe1679a61
000000000184b271
0000000000000181
000007b281d23561
000000000184b271
0000000000000181
000007c5223cd161
000000000184b271
0000000000000181
000007d7c2a76d61
000000000184b271
0000000000000181
000007ea63120961
000000000184b271
0000000000000181
000007fd037ca461
000000000184b271
0000000000000181
0000080fa3e74061
000000000184b271
0000000000000181
000008224451dc61
000000000184b271
0000000000000181
00000834e4bc7861
000000000184b271
0000000000000181
0000084785271361
000000000184b271
0000000000000181
0000085a2591af61
000000000184b271
0000000000000181
0000086cc5fc4b61
000000000184b271
0000000000000181
0000087f6666e761
000000000184b271
0000000000000181
0000089206d18361
000000000184b271
0000000000000181
000008a4a73c1e61
000000000184b271
0000000000000181
000008b747a6ba61
000000000184b271
0000000000000181
00000463dcd907d9
000008c9e8115661
000000000184b271
0000000000000181
000008dc887bf261
000000000184b271
0000000000000181
000008ef28e68e61
000000000184b271
0000000000000181
00000901c9512961
000000000184b271
0000000000000181
0000091469bbc561
000000000184b271
0000000000000181
000009270a266161
000000000184b271
0000000000000181
0000049a4e451359
00000939aa90fd61
000000000184b271
0000000000000181
0000094c4afb9961
000000000184b271
0000000000000181
0000095eeb663561
000000000184b271
0000000000000181
000009718bd0d061
000000000184b271
0000000000000181
000009842c3b6c61
000000000184b271
0000000000000181
00000996cca60861
000000000184b271
0000000000000181
000009a96d10a461
000000000184b271
0000000000000181
000009bc0d7b4061
000000000184b271
0000000000000181
000009ceade5dc61
000000000184b271
0000000000000181
000009e14e507761
000000000184b271
0000000000000181
000009f3eebb1361
000000000184b271
0000000000000181
00000a068f25af61
000000000184b271
0000000000000181
00000a192f904b61
000000000184b271
0000000000000181
00000a2bcffae761
000000000184b271
0000000000000181
00000a3e70658361
000000000184b271
0000000000000181
00000a5110d01e61
000000000184b271
0000000000000181
00000a63b13aba61
000000000184b271
0000000000000181
00000a7651a55661
000000000184b271
0000000000000181
00000a88f20ff261
000000000184b271
0000000000000181
00000a9b927a8e61
000000000184b271
0000000000000181
00000aae32e52a61
000000000184b271
0000000000000181
00000ac0d34fc561
000000000184b271
0000000000000181
00000ad373ba6161
000000000184b271
0000000000000181
00000ae61424fd61
000000000184b271
0000000000000181
00000aec6987f961
000000000184b271
0000000000000181
