[MCS8 A] 97 FW 3.104 SV 1.257 
range=1024
periods=2
sweepmode=27e20d0
fstchan=0
holdafter=0
streamstatus=3
calreg0=0
calreg1=0
calreg2=0
calreg3=0
swpreset=8000        
prena=1
syncout=0
cycles=18
sequences=1
tagbits=16
vdac0=92c
vdac1=807
vdac2=8c8
vdac3=8c8
vdac4=8c8
vdac5=8c8
vdac6=8c8
vdac7=8c8
timepreset=150.000     
digio=0
digval=0
autoinc=0 
savedata=2 
mpafmt=asc
sephead=0 
fmt=asc
smoothpts=5 
[CHN1]
REPORT-FILE from 06/22/2026 13:37:47.559  written 06/22/2026 13:37:47
cmline0=06/22/2026 13:37:47.559 
cmline1=A1
range=1024
active=1
bitshift=4
cftfak=2580100
evpreset=10          
roimin=0
roimax=1000
caloff=0.800000
calfact=12.800000
calfact2=0
calfact3=0
calunit=nsec
caluse=1 
[CHN2]
REPORT-FILE from  written 06/22/2026 13:37:47
cmline1=A2
range=1024
active=0
bitshift=4
cftfak=2580100
evpreset=10          
roimin=0
roimax=1000
caloff=0.800000
calfact=12.800000
calfact2=0
calfact3=0
calunit=nsec
caluse=1 
[CHN3]
REPORT-FILE from  written 06/22/2026 13:37:47
cmline1=A3
range=1024
active=0
bitshift=4
cftfak=2580100
evpreset=10          
roimin=0
roimax=1000
caloff=0.800000
calfact=12.800000
calfact2=0
calfact3=0
calunit=nsec
caluse=1 
[CHN4]
REPORT-FILE from  written 06/22/2026 13:37:47
cmline1=A4
range=1024
active=0
bitshift=4
cftfak=2580100
evpreset=10          
roimin=0
roimax=1000
caloff=0.800000
calfact=12.800000
calfact2=0
calfact3=0
calunit=nsec
caluse=1 
[CHN5]
REPORT-FILE from  written 06/22/2026 13:37:47
cmline1=A5
range=1024
active=0
bitshift=4
cftfak=2580100
evpreset=10          
roimin=0
roimax=1000
caloff=0.800000
calfact=12.800000
calfact2=0
calfact3=0
calunit=nsec
caluse=1 
[CHN6]
REPORT-FILE from  written 06/22/2026 13:37:47
cmline1=A6
range=1024
active=0
bitshift=4
cftfak=2580100
evpreset=10          
roimin=0
roimax=1000
caloff=0.800000
calfact=12.800000
calfact2=0
calfact3=0
calunit=nsec
caluse=1 
[CHN7]
REPORT-FILE from  written 06/22/2026 13:37:47
cmline1=A7
range=1024
active=0
bitshift=4
cftfak=2580100
evpreset=0           
roimin=0
roimax=1000
caloff=0.800000
calfact=12.800000
calfact2=0
calfact3=0
calunit=nsec
caluse=1 
[CHN8]
REPORT-FILE from  written 06/22/2026 13:37:47
cmline1=A8
range=1024
active=0
bitshift=4
cftfak=2580100
evpreset=0           
roimin=0
roimax=1000
caloff=0.800000
calfact=12.800000
calfact2=0
calfact3=0
calunit=nsec
caluse=1 
;MCS8 #97 Sversion=1.257 Fversion=3.68
time_patch=1
;datalength=8 bytes
;bit0..3: channel# 1..8 ( 4 bit)
;bit4: edge 0=up / 1=dn ( 1 bit)
;bit5 ..57: timedata    (53 bit), max sweep length 2001.6 h
;bit58..62: tag0..tag4  ( 5 bit)
;bit63:     data_lost   ( 1 bit)
[DATA]
0000000000000016
0000002156212661
0000000000f52171
0000000000000181
00000033f68bc161
0000000000f52171
0000000000000181
0000004696f65c61
0000000000f52171
0000000000000181
000000593760f761
0000000000f52171
0000000000000181
0000006bd7cb9361
0000000000f52171
0000000000000181
0000007e78362e61
0000000000f52171
0000000000000181
0000009118a0c961
0000000000f52171
0000000000000181
000000a3b90b6461
0000000000f52171
0000000000000181
000000b659760061
0000000000f52171
0000000000000181
000000c8f9e09b61
0000000000f52171
0000000000000181
000000db9a4b3661
0000000000f52171
0000000000000181
000000ee3ab5d161
0000000000f52171
0000000000000181
00000100db206c61
0000000000f52171
0000000000000181
000001137b8b0861
0000000000f52171
0000000000000181
000001261bf5a361
0000000000f52171
0000000000000181
00000138bc603e61
0000000000f52171
0000000000000181
0000014b5ccad961
0000000000f52171
0000000000000181
0000015dfd357461
0000000000f52171
0000000000000181
000001709da00f61
0000000000f52171
0000000000000181
000001833e0aaa61
0000000000f52171
0000000000000181
00000195de754561
0000000000f52171
0000000000000181
000001a87edfe061
0000000000f52171
0000000000000181
000001bb1f4a7b61
0000000000f52171
0000000000000181
000001cdbfb51761
0000000000f52171
0000000000000181
000001e0601fb261
0000000000f52171
0000000000000181
000001f3008a4d61
0000000000f52171
0000000000000181
00000205a0f4e861
0000000000f52171
0000000000000181
00000218415f8361
0000000000f52171
0000000000000181
0000022ae1ca1e61
0000000000f52171
0000000000000181
0000023d8234b961
0000000000f52171
0000000000000181
00000250229f5461
0000000000f52171
0000000000000181
00000262c309ef61
0000000000f52171
0000000000000181
0000027563748a61
0000000000f52171
0000000000000181
0000028803df2561
0000000000f52171
0000000000000181
0000029aa449c061
0000000000f52171
0000000000000181
000002ad44b45b61
0000000000f52171
0000000000000181
000002bfe51ef661
0000000000f52171
0000000000000181
000002d285899161
0000000000f52171
0000000000000181
000002e525f42c61
0000000000f52171
0000000000000181
000002f7c65ec761
0000000000f52171
0000000000000181
0000030a66c96261
0000000000f52171
0000000000000181
0000031d0733fd61
0000000000f52171
0000000000000181
0000032fa79e9861
0000000000f52171
0000000000000181
0000034248093361
0000000000f52171
0000000000000181
00000354e873ce61
0000000000f52171
0000000000000181
0000036788de6961
0000000000f52171
0000000000000181
0000037a29490361
0000000000f52171
0000000000000181
0000038cc9b39e61
0000000000f52171
0000000000000181
0000039f6a1e3961
0000000000f52171
0000000000000181
000003b20a88d461
0000000000f52171
0000000000000181
000003c4aaf36f61
0000000000f52171
0000000000000181
000003d74b5e0a61
0000000000f52171
0000000000000181
000003e9ebc8a561
0000000000f52171
0000000000000181
000003fc8c333f61
0000000000f52171
0000000000000181
0000040f2c9dda61
0000000000f52171
0000000000000181
00000421cd087561
0000000000f52171
0000000000000181
000004346d731061
0000000000f52171
0000000000000181
000004470dddab61
0000000000f52171
0000000000000181
00000459ae484661
0000000000f52171
0000000000000181
0000046c4eb2e161
0000000000f52171
0000000000000181
0000047eef1d7b61
0000000000f52171
0000000000000181
000004918f881661
0000000000f52171
0000000000000181
000004a42ff2b161
0000000000f52171
0000000000000181
000004b6d05d4c61
0000000000f52171
0000000000000181
000004c970c7e761
0000000000f52171
0000000000000181
000004dc11328261
0000000000f52171
0000000000000181
000004eeb19d1d61
0000000000f52171
0000000000000181
000005015207b861
0000000000f52171
0000000000000181
00000513f2725261
0000000000f52171
0000000000000181
0000052692dced61
0000000000f52171
0000000000000181
0000053933478861
0000000000f52171
0000000000000181
0000054bd3b22361
0000000000f52171
0000000000000181
0000055e741cbe61
0000000000f52171
0000000000000181
0000057114875961
0000000000f52171
0000000000000181
00000583b4f1f461
0000000000f52171
0000000000000181
00000596555c8f61
0000000000f52171
0000000000000181
000005a8f5c72a61
0000000000f52171
0000000000000181
000005bb9631c461
0000000000f52171
0000000000000181
000005ce369c5f61
0000000000f52171
0000000000000181
000005e0d706fa61
0000000000f52171
0000000000000181
000005f377719561
0000000000f52171
0000000000000181
0000060617dc3061
0000000000f52171
0000000000000181
00000618b846cb61
0000000000f52171
0000000000000181
0000062b58b16661
0000000000f52171
0000000000000181
0000063df91c0061
0000000000f52171
0000000000000181
0000065099869b61
0000000000f52171
0000000000000181
0000066339f13661
0000000000f52171
0000000000000181
00000675da5bd161
0000000000f52171
0000000000000181
000006887ac66c61
0000000000f52171
0000000000000181
0000069b1b310661
0000000000f52171
0000000000000181
000006adbb9ba161
0000000000f52171
0000000000000181
000006c05c063c61
0000000000f52171
0000000000000181
000006d2fc70d761
0000000000f52171
0000000000000181
000006e59cdb7161
0000000000f52171
0000000000000181
000006f83d460c61
0000000000f52171
0000000000000181
0000070addb0a761
0000000000f52171
0000000000000181
0000071d7e1b4261
0000000000f52171
0000000000000181
000007301e85dc61
0000000000f52171
0000000000000181
00000742bef07761
0000000000f52171
0000000000000181
000007555f5b1261
0000000000f52171
0000000000000181
00000767ffc5ad61
0000000000f52171
0000000000000181
0000077aa0304761
0000000000f52171
0000000000000181
0000078d409ae261
0000000000f52171
0000000000000181
0000079fe1057d61
0000000000f52171
0000000000000181
000007b281701861
0000000000f52171
0000000000000181
000007c521dab261
0000000000f52171
0000000000000181
000007d7c2454d61
0000000000f52171
0000000000000181
000007ea62afe861
0000000000f52171
0000000000000181
000007fd031a8361
0000000000f52171
0000000000000181
0000080fa3851d61
0000000000f52171
0000000000000181
0000082243efb861
0000000000f52171
0000000000000181
00000834e45a5361
0000000000f52171
0000000000000181
000004207f52d3d9
0000084784c4ed61
0000000000f52171
0000000000000181
0000085a252f8861
0000000000f52171
0000000000000181
0000086cc59a2361
0000000000f52171
0000000000000181
0000087f6604be61
0000000000f52171
0000000000000181
00000892066f5861
0000000000f52171
0000000000000181
000008a4a6d9f361
0000000000f52171
0000000000000181
000008b747448d61
0000000000f52171
0000000000000181
000008c9e7af2861
0000000000f52171
0000000000000181
000008dc8819c361
0000000000f52171
0000000000000181
000008ef28845d61
0000000000f52171
0000000000000181
00000901c8eef861
0000000000f52171
0000000000000181
0000091469599261
0000000000f52171
0000000000000181
0000092709c42d61
0000000000f52171
0000000000000181
00000939aa2ec761
0000000000f52171
0000000000000181
0000094c4a996261
0000000000f52171
0000000000000181
0000095eeb03fd61
0000000000f52171
0000000000000181
000009718b6e9761
0000000000f52171
0000000000000181
000009842bd93261
0000000000f52171
0000000000000181
00000996cc43cc61
0000000000f52171
0000000000000181
000009a96cae6761
0000000000f52171
0000000000000181
000009bc0d190161
0000000000f52171
0000000000000181
000009cead839c61
0000000000f52171
0000000000000181
000009e14dee3661
0000000000f52171
0000000000000181
000009f3ee58d161
0000000000f52171
0000000000000181
00000a068ec36b61
0000000000f52171
0000000000000181
00000a192f2e0661
0000000000f52171
0000000000000181
00000a2bcf98a061
0000000000f52171
0000000000000181
00000a3e70033b61
0000000000f52171
0000000000000181
00000a51106dd561
0000000000f52171
0000000000000181
00000a63b0d87061
0000000000f52171
0000000000000181
00000a7651430a61
0000000000f52171
0000000000000181
00000a88f1ada561
0000000000f52171
0000000000000181
00000a9b92183f61
0000000000f52171
0000000000000181
00000aae3282da61
0000000000f52171
0000000000000181
00000ac0d2ed7461
0000000000f52171
0000000000000181
00000ad373580f61
0000000000f52171
0000000000000181
00000ae613c2a961
0000000000f52171
0000000000000181
00000aec73761c61
0000000000f52171
0000000000000181
