[MCS8 A] 97 FW 3.104 SV 1.257 
range=1024
periods=2
sweepmode=27e20d0
fstchan=0
holdafter=0
streamstatus=3
calreg0=0
calreg1=0
calreg2=0
calreg3=0
swpreset=8000        
prena=1
syncout=0
cycles=18
sequences=1
tagbits=16
vdac0=92c
vdac1=807
vdac2=8c8
vdac3=8c8
vdac4=8c8
vdac5=8c8
vdac6=8c8
vdac7=8c8
timepreset=150.000     
digio=0
digval=0
autoinc=0 
savedata=2 
mpafmt=asc
sephead=0 
fmt=asc
smoothpts=5 
[CHN1]
REPORT-FILE from 06/22/2026 14:44:36.044  written 06/22/2026 14:44:36
cmline0=06/22/2026 14:44:36.044 
cmline1=A1
range=1024
active=1
bitshift=4
cftfak=2580100
evpreset=10          
roimin=0
roimax=1000
caloff=0.800000
calfact=12.800000
calfact2=0
calfact3=0
calunit=nsec
caluse=1 
[CHN2]
REPORT-FILE from  written 06/22/2026 14:44:36
cmline1=A2
range=1024
active=0
bitshift=4
cftfak=2580100
evpreset=10          
roimin=0
roimax=1000
caloff=0.800000
calfact=12.800000
calfact2=0
calfact3=0
calunit=nsec
caluse=1 
[CHN3]
REPORT-FILE from  written 06/22/2026 14:44:36
cmline1=A3
range=1024
active=0
bitshift=4
cftfak=2580100
evpreset=10          
roimin=0
roimax=1000
caloff=0.800000
calfact=12.800000
calfact2=0
calfact3=0
calunit=nsec
caluse=1 
[CHN4]
REPORT-FILE from  written 06/22/2026 14:44:36
cmline1=A4
range=1024
active=0
bitshift=4
cftfak=2580100
evpreset=10          
roimin=0
roimax=1000
caloff=0.800000
calfact=12.800000
calfact2=0
calfact3=0
calunit=nsec
caluse=1 
[CHN5]
REPORT-FILE from  written 06/22/2026 14:44:36
cmline1=A5
range=1024
active=0
bitshift=4
cftfak=2580100
evpreset=10          
roimin=0
roimax=1000
caloff=0.800000
calfact=12.800000
calfact2=0
calfact3=0
calunit=nsec
caluse=1 
[CHN6]
REPORT-FILE from  written 06/22/2026 14:44:36
cmline1=A6
range=1024
active=0
bitshift=4
cftfak=2580100
evpreset=10          
roimin=0
roimax=1000
caloff=0.800000
calfact=12.800000
calfact2=0
calfact3=0
calunit=nsec
caluse=1 
[CHN7]
REPORT-FILE from  written 06/22/2026 14:44:36
cmline1=A7
range=1024
active=0
bitshift=4
cftfak=2580100
evpreset=0           
roimin=0
roimax=1000
caloff=0.800000
calfact=12.800000
calfact2=0
calfact3=0
calunit=nsec
caluse=1 
[CHN8]
REPORT-FILE from  written 06/22/2026 14:44:36
cmline1=A8
range=1024
active=0
bitshift=4
cftfak=2580100
evpreset=0           
roimin=0
roimax=1000
caloff=0.800000
calfact=12.800000
calfact2=0
calfact3=0
calunit=nsec
caluse=1 
;MCS8 #97 Sversion=1.257 Fversion=3.68
time_patch=1
;datalength=8 bytes
;bit0..3: channel# 1..8 ( 4 bit)
;bit4: edge 0=up / 1=dn ( 1 bit)
;bit5 ..57: timedata    (53 bit), max sweep length 2001.6 h
;bit58..62: tag0..tag4  ( 5 bit)
;bit63:     data_lost   ( 1 bit)
[DATA]
0000000000000016
0000002156d01661
0000000001df6f71
0000000000000181
00000033f73ab661
0000000001df6f71
0000000000000181
0000004697a55661
0000000001df6f71
0000000000000181
00000059380ff661
0000000001df6f71
0000000000000181
0000006bd87a9661
0000000001df6f71
0000000000000181
0000007e78e53661
0000000001df6f71
0000000000000181
00000091194fd661
0000000001df6f71
0000000000000181
000000a3b9ba7661
0000000001df6f71
0000000000000181
000000b65a251661
0000000001df6f71
0000000000000181
000000c8fa8fb661
0000000001df6f71
0000000000000181
000000db9afa5661
0000000001df6f71
0000000000000181
000000ee3b64f661
0000000001df6f71
0000000000000181
00000100dbcf9661
0000000001df6f71
0000000000000181
000001137c3a3661
0000000001df6f71
0000000000000181
0000008bc59e3459
0000008bc59e3619
0000008bc59e3939
0000008bc59e3ad9
0000008bc59e5839
000001261ca4d661
0000000001df6f71
0000000000000181
00000138bd0f7661
0000000001df6f71
0000000000000181
0000014b5d7a1661
0000000001df6f71
0000000000000181
0000015dfde4b761
0000000001df6f71
0000000000000181
000001709e4f5761
0000000001df6f71
0000000000000181
000001833eb9f761
0000000001df6f71
0000000000000181
00000195df249761
0000000001df6f71
0000000000000181
000001a87f8f3761
0000000001df6f71
0000000000000181
000001bb1ff9d761
0000000001df6f71
0000000000000181
000001cdc0647761
0000000001df6f71
0000000000000181
000001e060cf1761
0000000001df6f71
0000000000000181
000001f30139b761
0000000001df6f71
0000000000000181
00000205a1a45761
0000000001df6f71
0000000000000181
00000218420ef761
0000000001df6f71
0000000000000181
0000022ae2799761
0000000001df6f71
0000000000000181
0000023d82e43761
0000000001df6f71
0000000000000181
00000250234ed761
0000000001df6f71
0000000000000181
00000262c3b97861
0000000001df6f71
0000000000000181
0000027564241861
0000000001df6f71
0000000000000181
00000288048eb861
0000000001df6f71
0000000000000181
0000029aa4f95861
0000000001df6f71
0000000000000181
000002ad4563f861
0000000001df6f71
0000000000000181
000002bfe5ce9961
0000000001df6f71
0000000000000181
000002d286393961
0000000001df6f71
0000000000000181
000002e526a3d961
0000000001df6f71
0000000000000181
000002f7c70e7961
0000000001df6f71
0000000000000181
0000030a67791961
0000000001df6f71
0000000000000181
0000031d07e3ba61
0000000001df6f71
0000000000000181
0000032fa84e5a61
0000000001df6f71
0000000000000181
0000034248b8fa61
0000000001df6f71
0000000000000181
00000354e9239b61
0000000001df6f71
0000000000000181
00000367898e3b61
0000000001df6f71
0000000000000181
0000037a29f8db61
0000000001df6f71
0000000000000181
0000038cca637b61
0000000001df6f71
0000000000000181
0000039f6ace1c61
0000000001df6f71
0000000000000181
000003b20b38bc61
0000000001df6f71
0000000000000181
000003c4aba35c61
0000000001df6f71
0000000000000181
000003d74c0dfd61
0000000001df6f71
0000000000000181
000003e9ec789d61
0000000001df6f71
0000000000000181
000003fc8ce33d61
0000000001df6f71
0000000000000181
0000040f2d4dde61
0000000001df6f71
0000000000000181
00000421cdb87e61
0000000001df6f71
0000000000000181
000004346e231e61
0000000001df6f71
0000000000000181
000004470e8dbf61
0000000001df6f71
0000000000000181
00000459aef85f61
0000000001df6f71
0000000000000181
0000046c4f630061
0000000001df6f71
0000000000000181
0000047eefcda061
0000000001df6f71
0000000000000181
0000049190384061
0000000001df6f71
0000000000000181
000004a430a2e161
0000000001df6f71
0000000000000181
000004b6d10d8161
0000000001df6f71
0000000000000181
000004c971782261
0000000001df6f71
0000000000000181
000004dc11e2c261
0000000001df6f71
0000000000000181
000004eeb24d6361
0000000001df6f71
0000000000000181
0000050152b80361
0000000001df6f71
0000000000000181
00000513f322a361
0000000001df6f71
0000000000000181
00000526938d4461
0000000001df6f71
0000000000000181
0000053933f7e461
0000000001df6f71
0000000000000181
0000054bd4628561
0000000001df6f71
0000000000000181
0000055e74cd2561
0000000001df6f71
0000000000000181
000005711537c661
0000000001df6f71
0000000000000181
00000583b5a26661
0000000001df6f71
0000000000000181
00000596560d0761
0000000001df6f71
0000000000000181
000005a8f677a761
0000000001df6f71
0000000000000181
000005bb96e24861
0000000001df6f71
0000000000000181
000005ce374ce861
0000000001df6f71
0000000000000181
000005e0d7b78861
0000000001df6f71
0000000000000181
000005f378222961
0000000001df6f71
0000000000000181
00000606188cc961
0000000001df6f71
0000000000000181
00000618b8f76a61
0000000001df6f71
0000000000000181
0000062b59620a61
0000000001df6f71
0000000000000181
0000063df9ccab61
0000000001df6f71
0000000000000181
000006509a374b61
0000000001df6f71
0000000000000181
000006633aa1ec61
0000000001df6f71
0000000000000181
00000675db0c8c61
0000000001df6f71
0000000000000181
000006887b772d61
0000000001df6f71
0000000000000181
0000069b1be1cd61
0000000001df6f71
0000000000000181
000006adbc4c6d61
0000000001df6f71
0000000000000181
000006c05cb70e61
0000000001df6f71
0000000000000181
000006d2fd21ae61
0000000001df6f71
0000000000000181
000006e59d8c4f61
0000000001df6f71
0000000000000181
000006f83df6ef61
0000000001df6f71
0000000000000181
0000070ade618f61
0000000001df6f71
0000000000000181
0000071d7ecc3061
0000000001df6f71
0000000000000181
000007301f36d061
0000000001df6f71
0000000000000181
00000742bfa17061
0000000001df6f71
0000000000000181
00000755600c1161
0000000001df6f71
0000000000000181
000007680076b161
0000000001df6f71
0000000000000181
0000077aa0e15161
0000000001df6f71
0000000000000181
0000078d414bf161
0000000001df6f71
0000000000000181
0000079fe1b69261
0000000001df6f71
0000000000000181
000007b282213261
0000000001df6f71
0000000000000181
000007c5228bd261
0000000001df6f71
0000000000000181
000007d7c2f67261
0000000001df6f71
0000000000000181
000007ea63611261
0000000001df6f71
0000000000000181
000007fd03cbb261
0000000001df6f71
0000000000000181
0000080fa4365261
0000000001df6f71
0000000000000181
0000082244a0f261
0000000001df6f71
0000000000000181
00000834e50b9261
0000000001df6f71
0000000000000181
0000084785763261
0000000001df6f71
0000000000000181
0000085a25e0d261
0000000001df6f71
0000000000000181
0000086cc64b7261
0000000001df6f71
0000000000000181
0000087f66b61261
0000000001df6f71
0000000000000181
000008920720b261
0000000001df6f71
0000000000000181
000008a4a78b5261
0000000001df6f71
0000000000000181
000008b747f5f261
0000000001df6f71
0000000000000181
000008c9e8609161
0000000001df6f71
0000000000000181
000008dc88cb3161
0000000001df6f71
0000000000000181
000008ef2935d161
0000000001df6f71
0000000000000181
00000901c9a07161
0000000001df6f71
0000000000000181
000009146a0b1161
0000000001df6f71
0000000000000181
000009270a75b061
0000000001df6f71
0000000000000181
00000939aae05061
0000000001df6f71
0000000000000181
0000094c4b4af061
0000000001df6f71
0000000000000181
0000095eebb59061
0000000001df6f71
0000000000000181
000009718c202f61
0000000001df6f71
0000000000000181
000009842c8acf61
0000000001df6f71
0000000000000181
00000996ccf56e61
0000000001df6f71
0000000000000181
000009a96d600e61
0000000001df6f71
0000000000000181
000009bc0dcaae61
0000000001df6f71
0000000000000181
000009ceae354d61
0000000001df6f71
0000000000000181
000009e14e9fed61
0000000001df6f71
0000000000000181
000009f3ef0a8c61
0000000001df6f71
0000000000000181
00000a068f752c61
0000000001df6f71
0000000000000181
00000a192fdfcb61
0000000001df6f71
0000000000000181
00000a2bd04a6b61
0000000001df6f71
0000000000000181
00000a3e70b50a61
0000000001df6f71
0000000000000181
00000a51111fa961
0000000001df6f71
0000000000000181
00000a63b18a4961
0000000001df6f71
0000000000000181
00000a7651f4e861
0000000001df6f71
0000000000000181
00000a88f25f8761
0000000001df6f71
0000000000000181
00000a9b92ca2761
0000000001df6f71
0000000000000181
00000aae3334c661
0000000001df6f71
0000000000000181
00000ac0d39f6561
0000000001df6f71
0000000000000181
00000ad3740a0461
0000000001df6f71
0000000000000181
00000ae61474a461
0000000001df6f71
0000000000000181
00000aec7e3a9661
0000000001df6f71
0000000000000181
