[MCS8 A] 97 FW 3.104 SV 1.257 
range=1024
periods=2
sweepmode=27e20d0
fstchan=0
holdafter=0
streamstatus=3
calreg0=0
calreg1=0
calreg2=0
calreg3=0
swpreset=8000        
prena=0
syncout=0
cycles=18
sequences=1
tagbits=16
vdac0=92c
vdac1=807
vdac2=8c8
vdac3=8c8
vdac4=8c8
vdac5=8c8
vdac6=8c8
vdac7=8c8
timepreset=20.000      
digio=0
digval=0
autoinc=0 
savedata=2 
mpafmt=asc
sephead=0 
fmt=asc
smoothpts=5 
[CHN1]
REPORT-FILE from 06/19/2026 12:20:35.052  written 06/19/2026 12:20:35
cmline0=06/19/2026 12:20:35.052 
cmline1=A1
range=1024
active=1
bitshift=4
cftfak=2580100
evpreset=10          
roimin=0
roimax=1000
caloff=0.800000
calfact=12.800000
calfact2=0
calfact3=0
calunit=nsec
caluse=1 
[CHN2]
REPORT-FILE from  written 06/19/2026 12:20:35
cmline1=A2
range=1024
active=0
bitshift=4
cftfak=2580100
evpreset=10          
roimin=0
roimax=1000
caloff=0.800000
calfact=12.800000
calfact2=0
calfact3=0
calunit=nsec
caluse=1 
[CHN3]
REPORT-FILE from  written 06/19/2026 12:20:35
cmline1=A3
range=1024
active=0
bitshift=4
cftfak=2580100
evpreset=10          
roimin=0
roimax=1000
caloff=0.800000
calfact=12.800000
calfact2=0
calfact3=0
calunit=nsec
caluse=1 
[CHN4]
REPORT-FILE from  written 06/19/2026 12:20:35
cmline1=A4
range=1024
active=0
bitshift=4
cftfak=2580100
evpreset=10          
roimin=0
roimax=1000
caloff=0.800000
calfact=12.800000
calfact2=0
calfact3=0
calunit=nsec
caluse=1 
[CHN5]
REPORT-FILE from  written 06/19/2026 12:20:35
cmline1=A5
range=1024
active=0
bitshift=4
cftfak=2580100
evpreset=10          
roimin=0
roimax=1000
caloff=0.800000
calfact=12.800000
calfact2=0
calfact3=0
calunit=nsec
caluse=1 
[CHN6]
REPORT-FILE from  written 06/19/2026 12:20:35
cmline1=A6
range=1024
active=0
bitshift=4
cftfak=2580100
evpreset=10          
roimin=0
roimax=1000
caloff=0.800000
calfact=12.800000
calfact2=0
calfact3=0
calunit=nsec
caluse=1 
[CHN7]
REPORT-FILE from  written 06/19/2026 12:20:35
cmline1=A7
range=1024
active=0
bitshift=4
cftfak=2580100
evpreset=0           
roimin=0
roimax=1000
caloff=0.800000
calfact=12.800000
calfact2=0
calfact3=0
calunit=nsec
caluse=1 
[CHN8]
REPORT-FILE from 06/19/2026 11:29:06.915  written 06/19/2026 12:20:35
cmline0=06/19/2026 11:29:06.915 
cmline1=A8
range=1024
active=0
bitshift=4
cftfak=2580100
evpreset=0           
roimin=0
roimax=1000
caloff=0.800000
calfact=12.800000
calfact2=0
calfact3=0
calunit=nsec
caluse=1 
;MCS8 #97 Sversion=1.257 Fversion=3.68
time_patch=1
;datalength=8 bytes
;bit0..3: channel# 1..8 ( 4 bit)
;bit4: edge 0=up / 1=dn ( 1 bit)
;bit5 ..57: timedata    (53 bit), max sweep length 2001.6 h
;bit58..62: tag0..tag4  ( 5 bit)
;bit63:     data_lost   ( 1 bit)
[DATA]
0000000000000016
000000082106f659
00000010412abe19
000000215624e861
0000000000f54d71
0000000000000181
00000010ba537cf9
000000179a9a8539
00000033f68f8e61
0000000000f54d71
0000000000000181
0000004696fa3361
0000000000f54d71
0000000000000181
000000264c27c239
000000593764d961
0000000000f54d71
0000000000000181
0000006bd7cf7e61
0000000000f54d71
0000000000000181
0000003671dc25f9
0000007e783a2461
0000000000f54d71
0000000000000181
0000004690221c79
00000046a8625719
0000009118a4ca61
0000000000f54d71
0000000000000181
0000004a327ccbf9
000000a3b90f7061
0000000000f54d71
0000000000000181
00000055276db259
00000058958bb179
000000b6597a1561
0000000000f54d71
0000000000000181
0000006454edca99
000000c8f9e4bb61
0000000000f54d71
0000000000000181
0000006a2e9cfa19
000000db9a4f6161
0000000000f54d71
0000000000000181
000000ee3aba0761
0000000000f54d71
0000000000000181
00000100db24ac61
0000000000f54d71
0000000000000181
000001137b8f5261
0000000000f54d71
0000000000000181
0000008a79f704d9
000001261bf9f861
0000000000f54d71
0000000000000181
00000095e8b23ab9
0000009771c210d9
00000097d492a559
0000009869d863f9
00000138bc649e61
0000000000f54d71
0000000000000181
0000014b5ccf4361
0000000000f54d71
0000000000000181
000000a64d075039
000000ab49444859
000000ac1ea5d359
000000ac4e7c4e99
0000015dfd39e961
0000000000f54d71
0000000000000181
000001709da48f61
0000000000f54d71
0000000000000181
000000bf42228759
000001833e0f3561
0000000000f54d71
0000000000000181
000000c4afa93459
00000195de79db61
0000000000f54d71
0000000000000181
000001a87ee48061
0000000000f54d71
0000000000000181
000000db086f5d99
000000dca219a579
000001bb1f4f2661
0000000000f54d71
0000000000000181
000000e0cb0fe599
000000e5b32b43d9
000000e673305719
000001cdbfb9cc61
0000000000f54d71
0000000000000181
000000e8c7ac4799
000001e060247261
0000000000f54d71
0000000000000181
000000f5793ed5b9
000001f3008f1861
0000000000f54d71
0000000000000181
000000f9c99250b9
00000205a0f9be61
0000000000f54d71
0000000000000181
0000021841646361
0000000000f54d71
0000000000000181
0000010d51df3199
0000022ae1cf0961
0000000000f54d71
0000000000000181
00000116ec6d07f9
0000023d8239af61
0000000000f54d71
0000000000000181
0000025022a45561
0000000000f54d71
0000000000000181
00000262c30efb61
0000000000f54d71
0000000000000181
00000138002a8959
000002756379a161
0000000000f54d71
0000000000000181
0000013c73b2ff59
0000013ddf690e99
0000028803e44761
0000000000f54d71
0000000000000181
0000029aa44eed61
0000000000f54d71
0000000000000181
0000014fef100319
0000015092ee9f79
000002ad44b99361
0000000000f54d71
0000000000000181
000002bfe5243961
0000000000f54d71
0000000000000181
000002d2858edf61
0000000000f54d71
0000000000000181
0000016a3c205439
0000016e0232d4b9
000002e525f98561
0000000000f54d71
0000000000000181
000002f7c6642a61
0000000000f54d71
0000000000000181
0000018318b916d9
0000030a66ced061
0000000000f54d71
0000000000000181
0000018d82d70c19
0000031d07397661
0000000000f54d71
0000000000000181
000001907d357df9
0000032fa7a41d61
0000000000f54d71
0000000000000181
000001a0195eb3f9
00000342480ec361
0000000000f54d71
0000000000000181
000001a66732edb9
00000354e8796961
0000000000f54d71
0000000000000181
000001b0896b0359
0000036788e40f61
0000000000f54d71
0000000000000181
000001bc3aca8719
0000037a294eb561
0000000000f54d71
0000000000000181
000001c10841e2b9
0000038cc9b95b61
0000000000f54d71
0000000000000181
000001ca00c75bf9
0000039f6a240161
0000000000f54d71
0000000000000181
000001cfb4f76499
000001d681452959
000003b20a8ea761
0000000000f54d71
0000000000000181
000003c4aaf94d61
0000000000f54d71
0000000000000181
000001e8c86ddef9
000001ea10176f19
000001ea887ff599
000003d74b63f361
0000000000f54d71
0000000000000181
000003e9ebce9961
0000000000f54d71
0000000000000181
000001f551e027b9
000001f62f08b8f9
000001fce5ad0f39
000003fc8c393f61
0000000000f54d71
0000000000000181
000002032dbf0e99
0000040f2ca3e561
0000000000f54d71
0000000000000181
00000209d1caa339
00000421cd0e8c61
0000000000f54d71
0000000000000181
00000219e5ef03d9
000004346d793261
0000000000f54d71
0000000000000181
000004470de3d861
0000000000f54d71
0000000000000181
00000229ad9af399
00000459ae4e7e61
0000000000f54d71
0000000000000181
0000022f5ca4e719
0000046c4eb92461
0000000000f54d71
0000000000000181
0000047eef23cb61
0000000000f54d71
0000000000000181
0000024371a553f9
000004918f8e7161
0000000000f54d71
0000000000000181
0000024ed00d5139
000002502e124a19
000004a42ff91761
0000000000f54d71
0000000000000181
000004b6d063bd61
0000000000f54d71
0000000000000181
000004c970ce6461
0000000000f54d71
0000000000000181
000004dc11390a61
0000000000f54d71
0000000000000181
00000274d2307bf9
000004eeb1a3b061
0000000000f54d71
0000000000000181
00000501520e5661
0000000000f54d71
0000000000000181
0000028924181439
00000289d5a06719
00000513f278fd61
0000000000f54d71
0000000000000181
0000052692e3a361
0000000000f54d71
0000000000000181
00000295e3cc9b79
0000029754de0899
00000539334e4961
0000000000f54d71
0000000000000181
000002a2ec3c3639
0000054bd3b8f061
0000000000f54d71
0000000000000181
000002ae9c933519
0000055e74239661
0000000000f54d71
0000000000000181
000002af664c9839
000002b56c0ef139
00000571148e3c61
0000000000f54d71
0000000000000181
000002bda457a379
00000583b4f8e361
0000000000f54d71
0000000000000181
0000059655638961
0000000000f54d71
0000000000000181
000005a8f5ce2f61
0000000000f54d71
0000000000000181
000002d882ae3ed9
000005bb9638d661
0000000000f54d71
0000000000000181
000002e123672bb9
000002e1feca9c19
000005ce36a37c61
0000000000f54d71
0000000000000181
000002ec1a651d59
000002eef4d0ea59
000005e0d70e2261
0000000000f54d71
0000000000000181
000005f37778c961
0000000000f54d71
0000000000000181
0000060617e36f61
0000000000f54d71
0000000000000181
00000618b84e1661
0000000000f54d71
0000000000000181
0000031034e42b79
000003144ad12f99
0000062b58b8bc61
0000000000f54d71
0000000000000181
0000063df9236361
0000000000f54d71
0000000000000181
00000324d68b4279
00000650998e0961
0000000000f54d71
0000000000000181
0000032f490ca439
0000066339f8af61
0000000000f54d71
0000000000000181
00000675da635661
0000000000f54d71
0000000000000181
000006887acdfc61
0000000000f54d71
0000000000000181
0000069b1b38a361
0000000000f54d71
0000000000000181
0000035523cb93f9
000006adbba34a61
0000000000f54d71
0000000000000181
0000035ac19c34b9
000006c05c0df061
0000000000f54d71
0000000000000181
000006d2fc789761
0000000000f54d71
0000000000000181
0000036ef9973099
000006e59ce33d61
0000000000f54d71
0000000000000181
000006f83d4de461
0000000000f54d71
0000000000000181
000003838e433319
0000070addb88a61
0000000000f54d71
0000000000000181
0000038c397822b9
0000071d7e233161
0000000000f54d71
0000000000000181
000007301e8dd861
0000000000f54d71
0000000000000181
00000742bef87e61
0000000000f54d71
0000000000000181
000007555f632561
0000000000f54d71
0000000000000181
000003ad7e8bd959
00000767ffcdcb61
0000000000f54d71
0000000000000181
000003b70aabac99
000003bb85f6c599
0000077aa0387261
0000000000f54d71
0000000000000181
0000078d40a31961
0000000000f54d71
0000000000000181
000003c6f8baec39
0000079fe10dbf61
0000000000f54d71
0000000000000181
000003d17e124219
000003d1b3fcdd59
000003d40b988259
000007b281786661
0000000000f54d71
0000000000000181
000003ddc473f7f9
000007c521e30c61
0000000000f54d71
0000000000000181
000003e7c8fe7f39
000007d7c24db361
0000000000f54d71
0000000000000181
000007ea62b85961
0000000000f54d71
0000000000000181
000003f86106d959
000003fbfe8db799
000007fd03230061
0000000000f54d71
0000000000000181
0000080fa38da761
0000000000f54d71
0000000000000181
0000040d0d5e5ed9
0000040eab7fb639
0000082243f84d61
0000000000f54d71
0000000000000181
00000413b102f079
00000834e462f461
0000000000f54d71
0000000000000181
0000084784cd9a61
0000000000f54d71
0000000000000181
0000085a25384161
0000000000f54d71
0000000000000181
00000435b9922399
0000086cc5a2e761
0000000000f54d71
0000000000000181
00000437794a2c79
0000087f660d8e61
0000000000f54d71
0000000000000181
0000044678fd0439
0000089206783461
0000000000f54d71
0000000000000181
000008a4a6e2da61
0000000000f54d71
0000000000000181
0000045652f63a19
000008b7474d8161
0000000000f54d71
0000000000000181
0000045d55c25019
0000046059ecd6f9
000004616bc3e979
000008c9e7b82761
0000000000f54d71
0000000000000181
000008dc8822ce61
0000000000f54d71
0000000000000181
00000475d818b079
000008ef288d7461
0000000000f54d71
0000000000000181
00000901c8f81b61
0000000000f54d71
0000000000000181
000009146962c161
0000000000f54d71
0000000000000181
0000092709cd6861
0000000000f54d71
0000000000000181
0000049955047879
00000939aa380e61
0000000000f54d71
0000000000000181
0000094c4aa2b561
0000000000f54d71
0000000000000181
000004adf60cc139
0000095eeb0d5b61
0000000000f54d71
0000000000000181
000004b38e4363f9
000009718b780161
0000000000f54d71
0000000000000181
000004bd275b8cd9
000009842be2a861
0000000000f54d71
0000000000000181
00000996cc4d4e61
0000000000f54d71
0000000000000181
000004ce4b70c319
000004d4472d4cb9
000009a96cb7f561
0000000000f54d71
0000000000000181
000004da49be27b9
000009bc0d229b61
0000000000f54d71
0000000000000181
000004e5f133e839
000004e6e8a31779
000009cead8d4261
0000000000f54d71
0000000000000181
000004ea1d4fd419
000009e14df7e861
0000000000f54d71
0000000000000181
000009f3ee628f61
0000000000f54d71
0000000000000181
00000a068ecd3561
0000000000f54d71
0000000000000181
00000a192f37dc61
0000000000f54d71
0000000000000181
0000050e70365e99
00000a2bcfa28261
0000000000f54d71
0000000000000181
00000a3e700d2961
0000000000f54d71
0000000000000181
000005209b0b57d9
00000a511077d061
0000000000f54d71
0000000000000181
00000a63b0e27661
0000000000f54d71
0000000000000181
00000539430fe939
00000a76514d1d61
0000000000f54d71
0000000000000181
00000a88f1b7c361
0000000000f54d71
0000000000000181
000005492519cd79
00000a9b92226a61
0000000000f54d71
0000000000000181
00000aae328d1061
0000000000f54d71
0000000000000181
00000ac0d2f7b761
0000000000f54d71
0000000000000181
00000ad373625e61
0000000000f54d71
0000000000000181
0000056f20cc8c99
00000ae613cd0461
0000000000f54d71
0000000000000181
00000af8b437ab61
0000000000f54d71
0000000000000181
0000057e48e9f0d9
00000b0b54a25161
0000000000f54d71
0000000000000181
00000b0ca40f5a61
0000000000f54d71
0000000000000181
