[MCS8 A] 97 FW 3.104 SV 1.257 
range=1024
periods=2
sweepmode=27e20d0
fstchan=0
holdafter=0
streamstatus=3
calreg0=0
calreg1=0
calreg2=0
calreg3=0
swpreset=8000        
prena=0
syncout=0
cycles=18
sequences=1
tagbits=16
vdac0=92c
vdac1=807
vdac2=8c8
vdac3=8c8
vdac4=8c8
vdac5=8c8
vdac6=8c8
vdac7=8c8
timepreset=20.000      
digio=0
digval=0
autoinc=0 
savedata=2 
mpafmt=asc
sephead=0 
fmt=asc
smoothpts=5 
[CHN1]
REPORT-FILE from 06/19/2026 12:23:31.147  written 06/19/2026 12:23:31
cmline0=06/19/2026 12:23:31.147 
cmline1=A1
range=1024
active=1
bitshift=4
cftfak=2580100
evpreset=10          
roimin=0
roimax=1000
caloff=0.800000
calfact=12.800000
calfact2=0
calfact3=0
calunit=nsec
caluse=1 
[CHN2]
REPORT-FILE from  written 06/19/2026 12:23:31
cmline1=A2
range=1024
active=0
bitshift=4
cftfak=2580100
evpreset=10          
roimin=0
roimax=1000
caloff=0.800000
calfact=12.800000
calfact2=0
calfact3=0
calunit=nsec
caluse=1 
[CHN3]
REPORT-FILE from  written 06/19/2026 12:23:31
cmline1=A3
range=1024
active=0
bitshift=4
cftfak=2580100
evpreset=10          
roimin=0
roimax=1000
caloff=0.800000
calfact=12.800000
calfact2=0
calfact3=0
calunit=nsec
caluse=1 
[CHN4]
REPORT-FILE from  written 06/19/2026 12:23:31
cmline1=A4
range=1024
active=0
bitshift=4
cftfak=2580100
evpreset=10          
roimin=0
roimax=1000
caloff=0.800000
calfact=12.800000
calfact2=0
calfact3=0
calunit=nsec
caluse=1 
[CHN5]
REPORT-FILE from  written 06/19/2026 12:23:31
cmline1=A5
range=1024
active=0
bitshift=4
cftfak=2580100
evpreset=10          
roimin=0
roimax=1000
caloff=0.800000
calfact=12.800000
calfact2=0
calfact3=0
calunit=nsec
caluse=1 
[CHN6]
REPORT-FILE from  written 06/19/2026 12:23:31
cmline1=A6
range=1024
active=0
bitshift=4
cftfak=2580100
evpreset=10          
roimin=0
roimax=1000
caloff=0.800000
calfact=12.800000
calfact2=0
calfact3=0
calunit=nsec
caluse=1 
[CHN7]
REPORT-FILE from  written 06/19/2026 12:23:31
cmline1=A7
range=1024
active=0
bitshift=4
cftfak=2580100
evpreset=0           
roimin=0
roimax=1000
caloff=0.800000
calfact=12.800000
calfact2=0
calfact3=0
calunit=nsec
caluse=1 
[CHN8]
REPORT-FILE from 06/19/2026 11:29:06.915  written 06/19/2026 12:23:31
cmline0=06/19/2026 11:29:06.915 
cmline1=A8
range=1024
active=0
bitshift=4
cftfak=2580100
evpreset=0           
roimin=0
roimax=1000
caloff=0.800000
calfact=12.800000
calfact2=0
calfact3=0
calunit=nsec
caluse=1 
;MCS8 #97 Sversion=1.257 Fversion=3.68
time_patch=1
;datalength=8 bytes
;bit0..3: channel# 1..8 ( 4 bit)
;bit4: edge 0=up / 1=dn ( 1 bit)
;bit5 ..57: timedata    (53 bit), max sweep length 2001.6 h
;bit58..62: tag0..tag4  ( 5 bit)
;bit63:     data_lost   ( 1 bit)
[DATA]
0000000000000016
0000000cac232539
00000021565fa561
00000000016a6171
0000000000000181
0000001874678c39
00000033f6ca4b61
00000000016a6171
0000000000000181
0000001b1e61b139
0000001b63a04fd9
00000022db93bdb9
000000469734f261
00000000016a6171
0000000000000181
0000002946047ed9
0000002a2f969659
00000059379f9961
00000000016a6171
0000000000000181
0000002e889d3139
0000006bd80a4061
00000000016a6171
0000000000000181
000000380c0ed999
0000003b13e47c99
0000003b37546cf9
0000007e7874e761
00000000016a6171
0000000000000181
000000401d72c399
0000004331076219
00000043c4d11c79
0000009118df8e61
00000000016a6171
0000000000000181
000000489272a159
0000004a9f620499
0000004f2aaff2b9
000000a3b94a3461
00000000016a6171
0000000000000181
00000058866dbe39
00000059913ca5d9
00000059a506a0d9
000000b659b4db61
00000000016a6171
0000000000000181
0000005d8af37f79
0000005d9ce96f19
0000005e7ab7a6d9
0000006233beb999
000000c8fa1f8261
00000000016a6171
0000000000000181
00000065324635b9
000000671768d319
000000db9a8a2961
00000000016a6171
0000000000000181
0000006ec4ef2479
000000ee3af4d061
00000000016a6171
0000000000000181
0000007de83b1ef9
0000007f43ae5039
00000100db5f7761
00000000016a6171
0000000000000181
00000083200abb59
0000008366237859
00000083af9afd59
00000085c02a3999
0000008620b2e0f9
00000087d1700e39
000001137bca1e61
00000000016a6171
0000000000000181
0000008c87009f99
0000008debc3c959
0000008f280b2619
000001261c34c561
00000000016a6171
0000000000000181
0000009bd1c6f8d9
00000138bc9f6c61
00000000016a6171
0000000000000181
000000a08c112139
000000a432a68a39
0000014b5d0a1361
00000000016a6171
0000000000000181
000000aabe7a6cd9
000000ac4a47b8b9
0000015dfd74ba61
00000000016a6171
0000000000000181
000000b0d6d84c39
000000b3e7bf4ed9
000000b5a2002659
000000b5fbb14459
000001709ddf6161
00000000016a6171
0000000000000181
000000b9717f5519
000001833e4a0861
00000000016a6171
0000000000000181
000000c60db11199
00000195deb4af61
00000000016a6171
0000000000000181
000001a87f1f5661
00000000016a6171
0000000000000181
000000d8136f96f9
000001bb1f89fd61
00000000016a6171
0000000000000181
000000e44d505439
000001cdbff4a461
00000000016a6171
0000000000000181
000000e8d6b158d9
000000e9a4afa339
000001e0605f4b61
00000000016a6171
0000000000000181
000000f35591cd79
000000f641c904d9
000001f300c9f261
00000000016a6171
0000000000000181
000001027e5124b9
00000205a1349961
00000000016a6171
0000000000000181
00000103da1545d9
00000106e535c2f9
00000107e3c343f9
0000010930903799
00000109443982b9
000001099889a399
00000218419f4061
00000000016a6171
0000000000000181
0000010d5ac284b9
0000010e54f1dfb9
0000011216401819
0000011227fc3ad9
0000022ae209e761
00000000016a6171
0000000000000181
0000011891aecc59
0000011a3ad7c619
0000011ce9c29f99
0000011d9882fbd9
0000023d82748e61
00000000016a6171
0000000000000181
0000025022df3561
00000000016a6171
0000000000000181
00000129238ea0f9
0000012ca4236299
00000130d7cb1939
00000262c349dd61
00000000016a6171
0000000000000181
00000132a3a63af9
00000137aea80d59
0000013814abfd79
0000027563b48461
00000000016a6171
0000000000000181
0000013b074be139
0000013b909bc6f9
0000013ef8520739
000001408813da19
00000288041f2b61
00000000016a6171
0000000000000181
000001474987e2f9
0000014919c92f39
000001495a21eb59
0000014acfed4479
0000029aa489d261
00000000016a6171
0000000000000181
0000014ededcb7d9
00000150849a8bb9
00000150eead87b9
0000015131591479
00000152ad4e1519
00000155828bb919
00000155c3e087f9
000002ad44f47961
00000000016a6171
0000000000000181
000002bfe55f2061
00000000016a6171
0000000000000181
00000163331e8399
0000016351f4f579
00000165fd0d5099
00000167d26e1ad9
00000168dafeac79
000002d285c9c761
00000000016a6171
0000000000000181
0000016de93290f9
00000170ddfdb219
000001711242b5b9
000002e526346e61
00000000016a6171
0000000000000181
00000172d75539b9
000001751be53f59
0000017aac35bdd9
000002f7c69f1561
00000000016a6171
0000000000000181
0000017d7df9b679
0000018072b5c2d9
00000181fc036999
0000030a6709bd61
00000000016a6171
0000000000000181
000001868c3083d9
0000018d99698899
0000031d07746461
00000000016a6171
0000000000000181
0000019063e67459
00000190b05dac59
000001914565bfd9
00000191f79a4cd9
00000192726a3239
000001975de31939
0000032fa7df0b61
00000000016a6171
0000000000000181
0000019935a9de79
0000019b7722dfb9
0000019bbe57f859
0000019f200ab0d9
000003424849b261
00000000016a6171
0000000000000181
000001a6f5fcf5d9
000001a771d946b9
00000354e8b45961
00000000016a6171
0000000000000181
000001b36f4db9f9
00000367891f0061
00000000016a6171
0000000000000181
000001bac39b4059
0000037a2989a761
00000000016a6171
0000000000000181
000001c386731399
000001c5743dd779
0000038cc9f44f61
00000000016a6171
0000000000000181
000001c7f45227d9
0000039f6a5ef661
00000000016a6171
0000000000000181
000003b20ac99d61
00000000016a6171
0000000000000181
000001d969fc1f79
000003c4ab344461
00000000016a6171
0000000000000181
000001e763940579
000001e7982aa419
000003d74b9eeb61
00000000016a6171
0000000000000181
000003e9ec099261
00000000016a6171
0000000000000181
000001f9923f4a99
000001fa520ea6b9
000001fc6d5912b9
000003fc8c743a61
00000000016a6171
0000000000000181
000001ff57c3d9b9
000002015aaf3659
00000203e76120b9
00000204a77abc99
0000040f2cdee161
00000000016a6171
0000000000000181
0000020cb2248339
00000421cd498861
00000000016a6171
0000000000000181
000002113cbe8eb9
000004346db42f61
00000000016a6171
0000000000000181
0000021dfdb832f9
000002227cc19699
000004470e1ed661
00000000016a6171
0000000000000181
0000022537f68239
00000228e84e5899
00000229e1ebd319
00000459ae897e61
00000000016a6171
0000000000000181
00000232f1f6bdd9
0000023408902639
0000046c4ef42561
00000000016a6171
0000000000000181
0000023aac06c239
0000023b509baf39
0000047eef5ecc61
00000000016a6171
0000000000000181
00000243fdd16cb9
000004918fc97361
00000000016a6171
0000000000000181
0000024b72dbeb59
0000024beee35839
000004a430341a61
00000000016a6171
0000000000000181
000002583f0325d9
000002590dfa5619
000004b6d09ec261
00000000016a6171
0000000000000181
0000025cb033de59
0000026034db2c59
000002648e24adb9
000004c971096961
00000000016a6171
0000000000000181
000002660cdba619
00000267689d8759
000004dc11741061
00000000016a6171
0000000000000181
000004eeb1deb761
00000000016a6171
0000000000000181
0000027ce4f1bc39
0000027e1d7cabf9
0000050152495e61
00000000016a6171
0000000000000181
00000513f2b40561
00000000016a6171
0000000000000181
0000028ad92339f9
0000028d5b61b359
0000029211fe35b9
00000526931ead61
00000000016a6171
0000000000000181
0000029bf9303739
0000053933895461
00000000016a6171
0000000000000181
000002a11b2a19b9
000002a13ea7ce39
000002a271695bd9
000002a5adfda6f9
0000054bd3f3fb61
00000000016a6171
0000000000000181
000002a8802918d9
0000055e745ea261
00000000016a6171
0000000000000181
000002b139bf58f9
000002b463375379
0000057114c94961
00000000016a6171
0000000000000181
000002b8c50e29d9
000002b8f3e50cd9
000002b97db258b9
000002bd00299d19
000002bdde1ccd39
00000583b533f061
00000000016a6171
0000000000000181
00000596559e9861
00000000016a6171
0000000000000181
000002cf00d621f9
000002cf6d9a5c59
000005a8f6093f61
00000000016a6171
0000000000000181
000002d5a9ae8579
000002d74ca2e599
000002d9331d41b9
000002d97e354699
000005bb9673e661
00000000016a6171
0000000000000181
000002deb356f0f9
000005ce36de8d61
00000000016a6171
0000000000000181
000002eb5363e6f9
000005e0d7493561
00000000016a6171
0000000000000181
000002f313cef7b9
000002f4163076b9
000002f776cb0f79
000005f377b3dc61
00000000016a6171
0000000000000181
000002fb51158519
00000606181e8361
00000000016a6171
0000000000000181
0000030745543179
00000308efe3a4b9
00000309b7e6df19
00000618b8892b61
00000000016a6171
0000000000000181
0000031317f32199
000003131c8e33f9
0000031488b2a4f9
00000314fea48739
0000062b58f3d261
00000000016a6171
0000000000000181
0000063df95e7961
00000000016a6171
0000000000000181
0000031f12aac879
0000031f75b67a19
0000032039e7d6d9
00000323934a09b9
0000032698322c59
0000065099c92161
00000000016a6171
0000000000000181
0000032aeec66119
000006633a33c861
00000000016a6171
0000000000000181
00000333a7a8e2f9
00000675da9e6f61
00000000016a6171
0000000000000181
0000033cf964d239
0000033e07d61c99
000003417a653459
000006887b091761
00000000016a6171
0000000000000181
0000069b1b73be61
00000000016a6171
0000000000000181
0000034e30de8bb9
000003524cac1519
000003529d7922d9
000006adbbde6661
00000000016a6171
0000000000000181
000003591771ef79
0000035d89835219
0000035e0d6b6e19
000006c05c490d61
00000000016a6171
0000000000000181
0000036088585e79
000006d2fcb3b461
00000000016a6171
0000000000000181
000003699dfa9e79
000003702dad0119
00000371776fc6d9
00000372a4f712b9
000006e59d1e5c61
00000000016a6171
0000000000000181
00000376a0b90959
0000037b4a00dcb9
000006f83d890361
00000000016a6171
0000000000000181
000003836292b459
0000070addf3ab61
00000000016a6171
0000000000000181
00000388438af419
0000038964046c19
00000389bd51a5d9
0000038a9c5b8379
0000038b30cf66d9
0000038c9aa97099
0000071d7e5e5261
00000000016a6171
0000000000000181
000003931f2c8539
000007301ec8fa61
00000000016a6171
0000000000000181
0000039a93bef7d9
0000039c40f2ca39
0000039e83b3aaf9
00000742bf33a161
00000000016a6171
0000000000000181
000003a5f6f349b9
000003a8c1bfcfb9
000007555f9e4961
00000000016a6171
0000000000000181
000003aba328c479
000003ac60bfec99
000003b0bba1c0b9
000007680008f061
00000000016a6171
0000000000000181
000003bb1e8bde59
0000077aa0739861
00000000016a6171
0000000000000181
000003c06c1d9699
0000078d40de3f61
00000000016a6171
0000000000000181
000003c8366f3619
000003c97cca7279
000003cf78eee159
000003cf7bfe2099
0000079fe148e661
00000000016a6171
0000000000000181
000003d237eaff99
000003d554180299
000003d7da843bb9
000007b281b38e61
00000000016a6171
0000000000000181
000003de3b0401f9
000003e185d96919
000007c5221e3561
00000000016a6171
0000000000000181
000003ea80a2d0d9
000003eac8821e19
000007d7c288dd61
00000000016a6171
0000000000000181
000003ec071ac4f9
000007ea62f38461
00000000016a6171
0000000000000181
000003f74468e419
000003fb05ba6799
000003fb5170aff9
000007fd035e2c61
00000000016a6171
0000000000000181
0000040397c78259
0000080fa3c8d361
00000000016a6171
0000000000000181
000004091d3be5b9
0000040ded5d7a39
0000040ea8e34f19
0000082244337a61
00000000016a6171
0000000000000181
00000411fb896259
00000413987fa879
00000834e49e2261
00000000016a6171
0000000000000181
000008478508c961
00000000016a6171
0000000000000181
00000423d7a778b9
00000427d74661b9
0000085a25737161
00000000016a6171
0000000000000181
0000042ecb2ff7d9
00000434041624f9
000004361d9e3d99
0000086cc5de1861
00000000016a6171
0000000000000181
0000043b254c3919
0000043c4f30bfd9
0000043de824f339
0000087f6648bf61
00000000016a6171
0000000000000181
000004420506e959
000004422a63fa39
00000442cf2af639
00000447272392d9
0000089206b36761
00000000016a6171
0000000000000181
0000044dbf1bbb39
0000044e669fc939
000008a4a71e0e61
00000000016a6171
0000000000000181
000004565cb26ab9
00000458dcfd1639
000008b74788b561
00000000016a6171
0000000000000181
0000045f6b1e7959
00000463f0a69359
000008c9e7f35d61
00000000016a6171
0000000000000181
00000466789e9419
0000046bd2635a19
0000046db1f07db9
000008dc885e0461
00000000016a6171
0000000000000181
00000474c9ec64b9
0000047577516e19
00000476997eca59
000008ef28c8ab61
00000000016a6171
0000000000000181
00000901c9335361
00000000016a6171
0000000000000181
0000048108004b59
0000048443f44859
00000488520c81d9
00000914699dfa61
00000000016a6171
0000000000000181
000009270a08a161
00000000016a6171
0000000000000181
0000049be1ebdc99
00000939aa734861
00000000016a6171
0000000000000181
0000049e1c703699
0000049fc5996299
000004a356814ff9
0000094c4addf061
00000000016a6171
0000000000000181
000004a91388b6b9
000004acf9440899
000004ad700e6c79
000004ae1471e339
0000095eeb489761
00000000016a6171
0000000000000181
000009718bb33e61
00000000016a6171
0000000000000181
000004b9337bb8f9
000004bad8487159
000004bc775c4839
000004bee28d8eb9
000004bf317526f9
000009842c1de561
00000000016a6171
0000000000000181
000004c3ac9396b9
00000996cc888d61
00000000016a6171
0000000000000181
000004cfb1d2a879
000009a96cf33461
00000000016a6171
0000000000000181
000004d73d37e1b9
000004d801de4379
000004d9b37ea999
000004dce56d2a19
000004dd9b174d19
000009bc0d5ddb61
00000000016a6171
0000000000000181
000009ceadc88261
00000000016a6171
0000000000000181
000004eb2ae7a819
000004ec9beff979
000004efb9dc7459
000004f0621f6bd9
000009e14e332961
00000000016a6171
0000000000000181
000004f37f619b79
000004f4c16ebdf9
000004f942697a79
000009f3ee9dd061
00000000016a6171
0000000000000181
000004fcc7109fd9
000004fd73e4c899
000004ff4c8209d9
0000050009590179
00000a068f087761
00000000016a6171
0000000000000181
00000a192f731f61
00000000016a6171
0000000000000181
0000050e011abad9
00000a2bcfddc661
00000000016a6171
0000000000000181
00000517823a7279
0000051ecd0519b9
0000051f1c406f79
00000a3e70486d61
00000000016a6171
0000000000000181
000005209c950b19
00000520d0f841d9
00000527e0c951d9
00000a5110b31461
00000000016a6171
0000000000000181
000005296caae7d9
0000052e8345a699
0000053177236fb9
00000a63b11dbb61
00000000016a6171
0000000000000181
000005380273a3f9
00000539909cceb9
00000a7651886261
00000000016a6171
0000000000000181
0000053f3b7cb319
00000540b16e1379
000005410143cd59
00000544299bd9d9
00000a88f1f30961
00000000016a6171
0000000000000181
00000544b23c2879
00000547886a7b59
00000548332221b9
0000054a7ae67679
0000054a9e70e899
00000a9b925db061
00000000016a6171
0000000000000181
0000054f412ce3d9
0000054f5997a6f9
0000054fbb5f4b39
0000055469a66cd9
00000555f76e4799
00000aae32c85761
00000000016a6171
0000000000000181
00000ac0d332fe61
00000000016a6171
0000000000000181
00000562104f8dd9
0000056315d7d439
000005665ddf3579
00000ad3739da561
00000000016a6171
0000000000000181
0000056d25b4aa99
0000056e6b18f159
0000056faa07a5d9
00000ae614084c61
00000000016a6171
0000000000000181
00000af8b472f361
00000000016a6171
0000000000000181
0000057e0d4efcb9
00000b0290e01061
00000000016a6171
0000000000000181
