[MCS8 A] 97 FW 3.104 SV 1.257 
range=1024
periods=2
sweepmode=27e20d0
fstchan=0
holdafter=0
streamstatus=3
calreg0=0
calreg1=0
calreg2=0
calreg3=0
swpreset=8000        
prena=1
syncout=0
cycles=18
sequences=1
tagbits=16
vdac0=92c
vdac1=807
vdac2=8c8
vdac3=8c8
vdac4=8c8
vdac5=8c8
vdac6=8c8
vdac7=8c8
timepreset=150.000     
digio=0
digval=0
autoinc=0 
savedata=2 
mpafmt=asc
sephead=0 
fmt=asc
smoothpts=5 
[CHN1]
REPORT-FILE from 06/22/2026 15:17:47.924  written 06/22/2026 15:17:47
cmline0=06/22/2026 15:17:47.924 
cmline1=A1
range=1024
active=1
bitshift=4
cftfak=2580100
evpreset=10          
roimin=0
roimax=1000
caloff=0.800000
calfact=12.800000
calfact2=0
calfact3=0
calunit=nsec
caluse=1 
[CHN2]
REPORT-FILE from  written 06/22/2026 15:17:47
cmline1=A2
range=1024
active=0
bitshift=4
cftfak=2580100
evpreset=10          
roimin=0
roimax=1000
caloff=0.800000
calfact=12.800000
calfact2=0
calfact3=0
calunit=nsec
caluse=1 
[CHN3]
REPORT-FILE from  written 06/22/2026 15:17:47
cmline1=A3
range=1024
active=0
bitshift=4
cftfak=2580100
evpreset=10          
roimin=0
roimax=1000
caloff=0.800000
calfact=12.800000
calfact2=0
calfact3=0
calunit=nsec
caluse=1 
[CHN4]
REPORT-FILE from  written 06/22/2026 15:17:47
cmline1=A4
range=1024
active=0
bitshift=4
cftfak=2580100
evpreset=10          
roimin=0
roimax=1000
caloff=0.800000
calfact=12.800000
calfact2=0
calfact3=0
calunit=nsec
caluse=1 
[CHN5]
REPORT-FILE from  written 06/22/2026 15:17:47
cmline1=A5
range=1024
active=0
bitshift=4
cftfak=2580100
evpreset=10          
roimin=0
roimax=1000
caloff=0.800000
calfact=12.800000
calfact2=0
calfact3=0
calunit=nsec
caluse=1 
[CHN6]
REPORT-FILE from  written 06/22/2026 15:17:47
cmline1=A6
range=1024
active=0
bitshift=4
cftfak=2580100
evpreset=10          
roimin=0
roimax=1000
caloff=0.800000
calfact=12.800000
calfact2=0
calfact3=0
calunit=nsec
caluse=1 
[CHN7]
REPORT-FILE from  written 06/22/2026 15:17:47
cmline1=A7
range=1024
active=0
bitshift=4
cftfak=2580100
evpreset=0           
roimin=0
roimax=1000
caloff=0.800000
calfact=12.800000
calfact2=0
calfact3=0
calunit=nsec
caluse=1 
[CHN8]
REPORT-FILE from  written 06/22/2026 15:17:47
cmline1=A8
range=1024
active=0
bitshift=4
cftfak=2580100
evpreset=0           
roimin=0
roimax=1000
caloff=0.800000
calfact=12.800000
calfact2=0
calfact3=0
calunit=nsec
caluse=1 
;MCS8 #97 Sversion=1.257 Fversion=3.68
time_patch=1
;datalength=8 bytes
;bit0..3: channel# 1..8 ( 4 bit)
;bit4: edge 0=up / 1=dn ( 1 bit)
;bit5 ..57: timedata    (53 bit), max sweep length 2001.6 h
;bit58..62: tag0..tag4  ( 5 bit)
;bit63:     data_lost   ( 1 bit)
[DATA]
0000000000000016
0000002156210561
0000000000f55d71
0000000000000181
00000033f68ba361
0000000000f55d71
0000000000000181
0000004696f64161
0000000000f55d71
0000000000000181
000000593760df61
0000000000f55d71
0000000000000181
0000006bd7cb7c61
0000000000f55d71
0000000000000181
0000007e78361a61
0000000000f55d71
0000000000000181
0000009118a0b861
0000000000f55d71
0000000000000181
000000a3b90b5661
0000000000f55d71
0000000000000181
000000b65975f461
0000000000f55d71
0000000000000181
000000c8f9e09261
0000000000f55d71
0000000000000181
000000db9a4b3061
0000000000f55d71
0000000000000181
000000ee3ab5ce61
0000000000f55d71
0000000000000181
00000100db206d61
0000000000f55d71
0000000000000181
000001137b8b0b61
0000000000f55d71
0000000000000181
000001261bf5a961
0000000000f55d71
0000000000000181
00000138bc604761
0000000000f55d71
0000000000000181
0000014b5ccae561
0000000000f55d71
0000000000000181
0000015dfd358461
0000000000f55d71
0000000000000181
000001709da02261
0000000000f55d71
0000000000000181
000001833e0ac061
0000000000f55d71
0000000000000181
00000195de755f61
0000000000f55d71
0000000000000181
000001a87edffd61
0000000000f55d71
0000000000000181
000001bb1f4a9c61
0000000000f55d71
0000000000000181
000001cdbfb53a61
0000000000f55d71
0000000000000181
000001e0601fd961
0000000000f55d71
0000000000000181
000001f3008a7761
0000000000f55d71
0000000000000181
00000205a0f51661
0000000000f55d71
0000000000000181
00000218415fb561
0000000000f55d71
0000000000000181
0000022ae1ca5361
0000000000f55d71
0000000000000181
0000023d8234f261
0000000000f55d71
0000000000000181
00000250229f9161
0000000000f55d71
0000000000000181
00000262c30a2f61
0000000000f55d71
0000000000000181
000002756374ce61
0000000000f55d71
0000000000000181
0000028803df6d61
0000000000f55d71
0000000000000181
0000029aa44a0c61
0000000000f55d71
0000000000000181
000002ad44b4ab61
0000000000f55d71
0000000000000181
000002bfe51f4a61
0000000000f55d71
0000000000000181
000002d28589e961
0000000000f55d71
0000000000000181
000002e525f48861
0000000000f55d71
0000000000000181
000002f7c65f2761
0000000000f55d71
0000000000000181
0000030a66c9c661
0000000000f55d71
0000000000000181
0000031d07346561
0000000000f55d71
0000000000000181
0000032fa79f0461
0000000000f55d71
0000000000000181
000003424809a461
0000000000f55d71
0000000000000181
00000354e8744361
0000000000f55d71
0000000000000181
0000036788dee261
0000000000f55d71
0000000000000181
0000037a29498161
0000000000f55d71
0000000000000181
0000038cc9b42161
0000000000f55d71
0000000000000181
0000039f6a1ec061
0000000000f55d71
0000000000000181
000003b20a895f61
0000000000f55d71
0000000000000181
000003c4aaf3ff61
0000000000f55d71
0000000000000181
000003d74b5e9e61
0000000000f55d71
0000000000000181
000003e9ebc93e61
0000000000f55d71
0000000000000181
000003fc8c33dd61
0000000000f55d71
0000000000000181
0000040f2c9e7d61
0000000000f55d71
0000000000000181
00000421cd091d61
0000000000f55d71
0000000000000181
000004346d73bc61
0000000000f55d71
0000000000000181
000004470dde5c61
0000000000f55d71
0000000000000181
00000459ae48fc61
0000000000f55d71
0000000000000181
0000046c4eb39b61
0000000000f55d71
0000000000000181
0000047eef1e3b61
0000000000f55d71
0000000000000181
000004918f88db61
0000000000f55d71
0000000000000181
000004a42ff37b61
0000000000f55d71
0000000000000181
000004b6d05e1b61
0000000000f55d71
0000000000000181
000004c970c8bb61
0000000000f55d71
0000000000000181
000004dc11335b61
0000000000f55d71
0000000000000181
000004eeb19dfb61
0000000000f55d71
0000000000000181
0000050152089b61
0000000000f55d71
0000000000000181
00000513f2733b61
0000000000f55d71
0000000000000181
0000052692dddb61
0000000000f55d71
0000000000000181
0000053933487b61
0000000000f55d71
0000000000000181
0000054bd3b31b61
0000000000f55d71
0000000000000181
0000055e741dbb61
0000000000f55d71
0000000000000181
0000057114885b61
0000000000f55d71
0000000000000181
00000583b4f2fc61
0000000000f55d71
0000000000000181
00000596555d9c61
0000000000f55d71
0000000000000181
000005a8f5c83c61
0000000000f55d71
0000000000000181
000005bb9632dd61
0000000000f55d71
0000000000000181
000005ce369d7d61
0000000000f55d71
0000000000000181
000005e0d7081e61
0000000000f55d71
0000000000000181
000005f37772be61
0000000000f55d71
0000000000000181
000002fcfae579f9
0000060617dd5f61
0000000000f55d71
0000000000000181
00000618b847ff61
0000000000f55d71
0000000000000181
0000062b58b2a061
0000000000f55d71
0000000000000181
0000063df91d4061
0000000000f55d71
0000000000000181
000006509987e161
0000000000f55d71
0000000000000181
0000066339f28261
0000000000f55d71
0000000000000181
00000675da5d2261
0000000000f55d71
0000000000000181
000006887ac7c361
0000000000f55d71
0000000000000181
0000069b1b326461
0000000000f55d71
0000000000000181
000006adbb9d0561
0000000000f55d71
0000000000000181
000006c05c07a661
0000000000f55d71
0000000000000181
000006d2fc724661
0000000000f55d71
0000000000000181
000006e59cdce761
0000000000f55d71
0000000000000181
000006f83d478861
0000000000f55d71
0000000000000181
0000070addb22961
0000000000f55d71
0000000000000181
0000071d7e1cca61
0000000000f55d71
0000000000000181
000007301e876b61
0000000000f55d71
0000000000000181
00000742bef20c61
0000000000f55d71
0000000000000181
000007555f5cad61
0000000000f55d71
0000000000000181
00000767ffc74e61
0000000000f55d71
0000000000000181
0000077aa031ef61
0000000000f55d71
0000000000000181
0000078d409c9161
0000000000f55d71
0000000000000181
0000079fe1073261
0000000000f55d71
0000000000000181
000007b28171d361
0000000000f55d71
0000000000000181
000007c521dc7461
0000000000f55d71
0000000000000181
000007d7c2471661
0000000000f55d71
0000000000000181
000007ea62b1b761
0000000000f55d71
0000000000000181
000007fd031c5861
0000000000f55d71
0000000000000181
0000080fa386fa61
0000000000f55d71
0000000000000181
0000082243f19b61
0000000000f55d71
0000000000000181
0000041224abd3b9
00000834e45c3d61
0000000000f55d71
0000000000000181
000004204bef3f19
0000084784c6de61
0000000000f55d71
0000000000000181
0000085a25318061
0000000000f55d71
0000000000000181
0000086cc59c2261
0000000000f55d71
0000000000000181
0000087f6606c361
0000000000f55d71
0000000000000181
0000089206716561
0000000000f55d71
0000000000000181
000008a4a6dc0761
0000000000f55d71
0000000000000181
000008b74746a861
0000000000f55d71
0000000000000181
000008c9e7b14a61
0000000000f55d71
0000000000000181
000008dc881bec61
0000000000f55d71
0000000000000181
000008ef28868e61
0000000000f55d71
0000000000000181
00000901c8f13061
0000000000f55d71
0000000000000181
00000914695bd261
0000000000f55d71
0000000000000181
0000092709c67361
0000000000f55d71
0000000000000181
00000939aa311561
0000000000f55d71
0000000000000181
0000094c4a9bb761
0000000000f55d71
0000000000000181
0000095eeb065a61
0000000000f55d71
0000000000000181
000009718b70fc61
0000000000f55d71
0000000000000181
000009842bdb9e61
0000000000f55d71
0000000000000181
00000996cc464061
0000000000f55d71
0000000000000181
000009a96cb0e261
0000000000f55d71
0000000000000181
000009bc0d1b8461
0000000000f55d71
0000000000000181
000009cead862761
0000000000f55d71
0000000000000181
000009e14df0c961
0000000000f55d71
0000000000000181
000009f3ee5b6b61
0000000000f55d71
0000000000000181
00000a068ec60e61
0000000000f55d71
0000000000000181
00000a192f30b061
0000000000f55d71
0000000000000181
00000a2bcf9b5361
0000000000f55d71
0000000000000181
00000a3e7005f561
0000000000f55d71
0000000000000181
00000a5110709861
0000000000f55d71
0000000000000181
00000a63b0db3a61
0000000000f55d71
0000000000000181
00000a765145dd61
0000000000f55d71
0000000000000181
00000a88f1b07f61
0000000000f55d71
0000000000000181
00000a9b921b2261
0000000000f55d71
0000000000000181
00000aae3285c461
0000000000f55d71
0000000000000181
00000ac0d2f06761
0000000000f55d71
0000000000000181
00000ad3735b0a61
0000000000f55d71
0000000000000181
00000ae613c5ad61
0000000000f55d71
0000000000000181
00000aec65cf7661
0000000000f55d71
0000000000000181
