[MCS8 A] 97 FW 3.104 SV 1.257 
range=1024
periods=2
sweepmode=27e20d0
fstchan=0
holdafter=0
streamstatus=3
calreg0=0
calreg1=0
calreg2=0
calreg3=0
swpreset=8000        
prena=1
syncout=0
cycles=18
sequences=1
tagbits=16
vdac0=92c
vdac1=807
vdac2=8c8
vdac3=8c8
vdac4=8c8
vdac5=8c8
vdac6=8c8
vdac7=8c8
timepreset=150.000     
digio=0
digval=0
autoinc=0 
savedata=2 
mpafmt=asc
sephead=0 
fmt=asc
smoothpts=5 
[CHN1]
REPORT-FILE from 06/22/2026 15:33:28.833  written 06/22/2026 15:33:28
cmline0=06/22/2026 15:33:28.833 
cmline1=A1
range=1024
active=1
bitshift=4
cftfak=2580100
evpreset=10          
roimin=0
roimax=1000
caloff=0.800000
calfact=12.800000
calfact2=0
calfact3=0
calunit=nsec
caluse=1 
[CHN2]
REPORT-FILE from  written 06/22/2026 15:33:28
cmline1=A2
range=1024
active=0
bitshift=4
cftfak=2580100
evpreset=10          
roimin=0
roimax=1000
caloff=0.800000
calfact=12.800000
calfact2=0
calfact3=0
calunit=nsec
caluse=1 
[CHN3]
REPORT-FILE from  written 06/22/2026 15:33:28
cmline1=A3
range=1024
active=0
bitshift=4
cftfak=2580100
evpreset=10          
roimin=0
roimax=1000
caloff=0.800000
calfact=12.800000
calfact2=0
calfact3=0
calunit=nsec
caluse=1 
[CHN4]
REPORT-FILE from  written 06/22/2026 15:33:28
cmline1=A4
range=1024
active=0
bitshift=4
cftfak=2580100
evpreset=10          
roimin=0
roimax=1000
caloff=0.800000
calfact=12.800000
calfact2=0
calfact3=0
calunit=nsec
caluse=1 
[CHN5]
REPORT-FILE from  written 06/22/2026 15:33:28
cmline1=A5
range=1024
active=0
bitshift=4
cftfak=2580100
evpreset=10          
roimin=0
roimax=1000
caloff=0.800000
calfact=12.800000
calfact2=0
calfact3=0
calunit=nsec
caluse=1 
[CHN6]
REPORT-FILE from  written 06/22/2026 15:33:28
cmline1=A6
range=1024
active=0
bitshift=4
cftfak=2580100
evpreset=10          
roimin=0
roimax=1000
caloff=0.800000
calfact=12.800000
calfact2=0
calfact3=0
calunit=nsec
caluse=1 
[CHN7]
REPORT-FILE from  written 06/22/2026 15:33:28
cmline1=A7
range=1024
active=0
bitshift=4
cftfak=2580100
evpreset=0           
roimin=0
roimax=1000
caloff=0.800000
calfact=12.800000
calfact2=0
calfact3=0
calunit=nsec
caluse=1 
[CHN8]
REPORT-FILE from  written 06/22/2026 15:33:28
cmline1=A8
range=1024
active=0
bitshift=4
cftfak=2580100
evpreset=0           
roimin=0
roimax=1000
caloff=0.800000
calfact=12.800000
calfact2=0
calfact3=0
calunit=nsec
caluse=1 
;MCS8 #97 Sversion=1.257 Fversion=3.68
time_patch=1
;datalength=8 bytes
;bit0..3: channel# 1..8 ( 4 bit)
;bit4: edge 0=up / 1=dn ( 1 bit)
;bit5 ..57: timedata    (53 bit), max sweep length 2001.6 h
;bit58..62: tag0..tag4  ( 5 bit)
;bit63:     data_lost   ( 1 bit)
[DATA]
0000000000000016
00000021562f8561
0000000001037071
0000000000000181
000000161ca610d9
00000033f69a3361
0000000001037071
0000000000000181
000000469704e261
0000000001037071
0000000000000181
00000059376f9061
0000000001037071
0000000000000181
00000030fc30dd79
0000006bd7da3f61
0000000001037071
0000000000000181
0000007e7844ed61
0000000001037071
0000000000000181
0000009118af9c61
0000000001037071
0000000000000181
000000a3b91a4a61
0000000001037071
0000000000000181
000000b65984f961
0000000001037071
0000000000000181
000000c8f9efa761
0000000001037071
0000000000000181
0000006a12667099
000000db9a5a5561
0000000001037071
0000000000000181
000000ee3ac50461
0000000001037071
0000000000000181
00000100db2fb261
0000000001037071
0000000000000181
000001137b9a6061
0000000001037071
0000000000000181
000001261c050f61
0000000001037071
0000000000000181
00000138bc6fbd61
0000000001037071
0000000000000181
0000014b5cda6b61
0000000001037071
0000000000000181
0000015dfd451961
0000000001037071
0000000000000181
000001709dafc861
0000000001037071
0000000000000181
000001833e1a7661
0000000001037071
0000000000000181
00000195de852461
0000000001037071
0000000000000181
000001a87eefd261
0000000001037071
0000000000000181
000001bb1f5a8061
0000000001037071
0000000000000181
000001cdbfc52e61
0000000001037071
0000000000000181
000001e0602fdc61
0000000001037071
0000000000000181
000001f3009a8a61
0000000001037071
0000000000000181
00000205a1053861
0000000001037071
0000000000000181
00000218416fe661
0000000001037071
0000000000000181
0000022ae1da9461
0000000001037071
0000000000000181
0000023d82454261
0000000001037071
0000000000000181
0000025022aff061
0000000001037071
0000000000000181
00000262c31a9e61
0000000001037071
0000000000000181
0000027563854c61
0000000001037071
0000000000000181
0000028803effa61
0000000001037071
0000000000000181
0000029aa45aa761
0000000001037071
0000000000000181
000002ad44c55561
0000000001037071
0000000000000181
000002bfe5300361
0000000001037071
0000000000000181
000002d2859ab161
0000000001037071
0000000000000181
000002e526055e61
0000000001037071
0000000000000181
000002f7c6700c61
0000000001037071
0000000000000181
00000180d3f4d259
0000030a66daba61
0000000001037071
0000000000000181
0000031d07456861
0000000001037071
0000000000000181
0000032fa7b01561
0000000001037071
0000000000000181
00000342481ac361
0000000001037071
0000000000000181
00000354e8857061
0000000001037071
0000000000000181
0000036788f01e61
0000000001037071
0000000000000181
0000037a295acb61
0000000001037071
0000000000000181
0000038cc9c57961
0000000001037071
0000000000000181
0000039f6a302661
0000000001037071
0000000000000181
000003b20a9ad461
0000000001037071
0000000000000181
000003c4ab058161
0000000001037071
0000000000000181
000003d74b702f61
0000000001037071
0000000000000181
000003e9ebdadc61
0000000001037071
0000000000000181
000003fc8c458961
0000000001037071
0000000000000181
0000040f2cb03761
0000000001037071
0000000000000181
00000421cd1ae461
0000000001037071
0000000000000181
000004346d859161
0000000001037071
0000000000000181
000004470df03e61
0000000001037071
0000000000000181
00000459ae5aeb61
0000000001037071
0000000000000181
0000046c4ec59961
0000000001037071
0000000000000181
0000047eef304661
0000000001037071
0000000000000181
000004918f9af361
0000000001037071
0000000000000181
000004a43005a061
0000000001037071
0000000000000181
000004b6d0704d61
0000000001037071
0000000000000181
000004c970dafa61
0000000001037071
0000000000000181
000004dc1145a761
0000000001037071
0000000000000181
000004eeb1b05461
0000000001037071
0000000000000181
00000501521b0161
0000000001037071
0000000000000181
00000513f285ae61
0000000001037071
0000000000000181
0000029068dcffd9
0000052692f05b61
0000000001037071
0000000000000181
00000539335b0861
0000000001037071
0000000000000181
0000054bd3c5b461
0000000001037071
0000000000000181
0000055e74306161
0000000001037071
0000000000000181
00000571149b0e61
0000000001037071
0000000000000181
00000583b505bb61
0000000001037071
0000000000000181
000002c22d460679
0000059655706861
0000000001037071
0000000000000181
000005a8f5db1461
0000000001037071
0000000000000181
000005bb9645c161
0000000001037071
0000000000000181
000005ce36b06e61
0000000001037071
0000000000000181
000005e0d71b1a61
0000000001037071
0000000000000181
000005f37785c761
0000000001037071
0000000000000181
0000060617f07461
0000000001037071
0000000000000181
00000618b85b2061
0000000001037071
0000000000000181
0000062b58c5cd61
0000000001037071
0000000000000181
0000063df9307961
0000000001037071
0000000000000181
00000320e45ad0d9
00000650999b2661
0000000001037071
0000000000000181
000006633a05d261
0000000001037071
0000000000000181
00000675da707f61
0000000001037071
0000000000000181
000006887adb2b61
0000000001037071
0000000000000181
0000069b1b45d861
0000000001037071
0000000000000181
000006adbbb08461
0000000001037071
0000000000000181
000006c05c1b3061
0000000001037071
0000000000000181
000006d2fc85dd61
0000000001037071
0000000000000181
000006e59cf08961
0000000001037071
0000000000000181
000006f83d5b3561
0000000001037071
0000000000000181
0000070addc5e161
0000000001037071
0000000000000181
0000071d7e308d61
0000000001037071
0000000000000181
000007301e9b3961
0000000001037071
0000000000000181
00000742bf05e561
0000000001037071
0000000000000181
000007555f709261
0000000001037071
0000000000000181
00000767ffdb3e61
0000000001037071
0000000000000181
0000077aa045e961
0000000001037071
0000000000000181
0000078d40b09561
0000000001037071
0000000000000181
0000079fe11b4161
0000000001037071
0000000000000181
000007b28185ed61
0000000001037071
0000000000000181
000003da27e0f6d9
000007c521f09961
0000000001037071
0000000000000181
000007d7c25b4561
0000000001037071
0000000000000181
000007ea62c5f161
0000000001037071
0000000000000181
000007fd03309c61
0000000001037071
0000000000000181
0000080fa39b4861
0000000001037071
0000000000000181
000008224405f461
0000000001037071
0000000000000181
00000834e4709f61
0000000001037071
0000000000000181
0000084784db4b61
0000000001037071
0000000000000181
0000085a2545f761
0000000001037071
0000000000000181
0000086cc5b0a261
0000000001037071
0000000000000181
0000087f661b4e61
0000000001037071
0000000000000181
000008920685f961
0000000001037071
0000000000000181
000008a4a6f0a561
0000000001037071
0000000000000181
000008b7475b5061
0000000001037071
0000000000000181
0000045bd2cb2219
000008c9e7c5fb61
0000000001037071
0000000000000181
000008dc8830a761
0000000001037071
0000000000000181
000008ef289b5261
0000000001037071
0000000000000181
00000901c905fd61
0000000001037071
0000000000000181
000009146970a961
0000000001037071
0000000000000181
0000092709db5461
0000000001037071
0000000000000181
00000939aa45ff61
0000000001037071
0000000000000181
0000094c4ab0aa61
0000000001037071
0000000000000181
0000095eeb1b5661
0000000001037071
0000000000000181
000009718b860161
0000000001037071
0000000000000181
000009842bf0ac61
0000000001037071
0000000000000181
00000996cc5b5761
0000000001037071
0000000000000181
000009a96cc60261
0000000001037071
0000000000000181
000009bc0d30ad61
0000000001037071
0000000000000181
000004de736e0b19
000004e007426999
000009cead9b5861
0000000001037071
0000000000000181
000009e14e060361
0000000001037071
0000000000000181
000009f3ee70ae61
0000000001037071
0000000000000181
000004ff031497d9
00000a068edb5961
0000000001037071
0000000000000181
00000a192f460461
0000000001037071
0000000000000181
00000a2bcfb0af61
0000000001037071
0000000000000181
00000a3e701b5a61
0000000001037071
0000000000000181
00000a5110860561
0000000001037071
0000000000000181
00000a63b0f0b061
0000000001037071
0000000000000181
0000053995d1bbd9
00000a76515b5b61
0000000001037071
0000000000000181
00000a88f1c60661
0000000001037071
0000000000000181
00000a9b9230b061
0000000001037071
0000000000000181
00000aae329b5b61
0000000001037071
0000000000000181
00000ac0d3060661
0000000001037071
0000000000000181
00000ad37370b161
0000000001037071
0000000000000181
00000ae613db5b61
0000000001037071
0000000000000181
00000aec52727a61
0000000001037071
0000000000000181
