[MCS8 A] 97 FW 3.104 SV 1.257 
range=1024
periods=2
sweepmode=27e20d0
fstchan=0
holdafter=0
streamstatus=3
calreg0=0
calreg1=0
calreg2=0
calreg3=0
swpreset=8000        
prena=1
syncout=0
cycles=18
sequences=1
tagbits=16
vdac0=92c
vdac1=807
vdac2=8c8
vdac3=8c8
vdac4=8c8
vdac5=8c8
vdac6=8c8
vdac7=8c8
timepreset=150.000     
digio=0
digval=0
autoinc=0 
savedata=2 
mpafmt=asc
sephead=0 
fmt=asc
smoothpts=5 
[CHN1]
REPORT-FILE from 06/22/2026 15:00:51.080  written 06/22/2026 15:00:51
cmline0=06/22/2026 15:00:51.080 
cmline1=A1
range=1024
active=1
bitshift=4
cftfak=2580100
evpreset=10          
roimin=0
roimax=1000
caloff=0.800000
calfact=12.800000
calfact2=0
calfact3=0
calunit=nsec
caluse=1 
[CHN2]
REPORT-FILE from  written 06/22/2026 15:00:51
cmline1=A2
range=1024
active=0
bitshift=4
cftfak=2580100
evpreset=10          
roimin=0
roimax=1000
caloff=0.800000
calfact=12.800000
calfact2=0
calfact3=0
calunit=nsec
caluse=1 
[CHN3]
REPORT-FILE from  written 06/22/2026 15:00:51
cmline1=A3
range=1024
active=0
bitshift=4
cftfak=2580100
evpreset=10          
roimin=0
roimax=1000
caloff=0.800000
calfact=12.800000
calfact2=0
calfact3=0
calunit=nsec
caluse=1 
[CHN4]
REPORT-FILE from  written 06/22/2026 15:00:51
cmline1=A4
range=1024
active=0
bitshift=4
cftfak=2580100
evpreset=10          
roimin=0
roimax=1000
caloff=0.800000
calfact=12.800000
calfact2=0
calfact3=0
calunit=nsec
caluse=1 
[CHN5]
REPORT-FILE from  written 06/22/2026 15:00:51
cmline1=A5
range=1024
active=0
bitshift=4
cftfak=2580100
evpreset=10          
roimin=0
roimax=1000
caloff=0.800000
calfact=12.800000
calfact2=0
calfact3=0
calunit=nsec
caluse=1 
[CHN6]
REPORT-FILE from  written 06/22/2026 15:00:51
cmline1=A6
range=1024
active=0
bitshift=4
cftfak=2580100
evpreset=10          
roimin=0
roimax=1000
caloff=0.800000
calfact=12.800000
calfact2=0
calfact3=0
calunit=nsec
caluse=1 
[CHN7]
REPORT-FILE from  written 06/22/2026 15:00:51
cmline1=A7
range=1024
active=0
bitshift=4
cftfak=2580100
evpreset=0           
roimin=0
roimax=1000
caloff=0.800000
calfact=12.800000
calfact2=0
calfact3=0
calunit=nsec
caluse=1 
[CHN8]
REPORT-FILE from  written 06/22/2026 15:00:51
cmline1=A8
range=1024
active=0
bitshift=4
cftfak=2580100
evpreset=0           
roimin=0
roimax=1000
caloff=0.800000
calfact=12.800000
calfact2=0
calfact3=0
calunit=nsec
caluse=1 
;MCS8 #97 Sversion=1.257 Fversion=3.68
time_patch=1
;datalength=8 bytes
;bit0..3: channel# 1..8 ( 4 bit)
;bit4: edge 0=up / 1=dn ( 1 bit)
;bit5 ..57: timedata    (53 bit), max sweep length 2001.6 h
;bit58..62: tag0..tag4  ( 5 bit)
;bit63:     data_lost   ( 1 bit)
[DATA]
0000000000000016
000000215622c561
0000000000f54671
0000000000000181
00000033f68d6d61
0000000000f54671
0000000000000181
0000004696f81461
0000000000f54671
0000000000000181
000000593762bb61
0000000000f54671
0000000000000181
0000006bd7cd6361
0000000000f54671
0000000000000181
0000007e78380a61
0000000000f54671
0000000000000181
0000009118a2b261
0000000000f54671
0000000000000181
000000a3b90d5961
0000000000f54671
0000000000000181
000000b659780161
0000000000f54671
0000000000000181
000000c8f9e2a861
0000000000f54671
0000000000000181
000000db9a4d5061
0000000000f54671
0000000000000181
000000ee3ab7f861
0000000000f54671
0000000000000181
00000100db229f61
0000000000f54671
0000000000000181
000001137b8d4761
0000000000f54671
0000000000000181
000001261bf7ee61
0000000000f54671
0000000000000181
00000138bc629661
0000000000f54671
0000000000000181
0000014b5ccd3e61
0000000000f54671
0000000000000181
0000015dfd37e561
0000000000f54671
0000000000000181
000001709da28d61
0000000000f54671
0000000000000181
000000b8ac079219
000001833e0d3561
0000000000f54671
0000000000000181
00000195de77dc61
0000000000f54671
0000000000000181
000001a87ee28461
0000000000f54671
0000000000000181
000001bb1f4d2c61
0000000000f54671
0000000000000181
000001cdbfb7d461
0000000000f54671
0000000000000181
000001e060227b61
0000000000f54671
0000000000000181
000001f3008d2361
0000000000f54671
0000000000000181
00000205a0f7cb61
0000000000f54671
0000000000000181
0000021841627361
0000000000f54671
0000000000000181
0000022ae1cd1b61
0000000000f54671
0000000000000181
0000023d8237c261
0000000000f54671
0000000000000181
0000025022a26a61
0000000000f54671
0000000000000181
00000262c30d1261
0000000000f54671
0000000000000181
000002756377ba61
0000000000f54671
0000000000000181
0000028803e26261
0000000000f54671
0000000000000181
0000029aa44d0a61
0000000000f54671
0000000000000181
000002ad44b7b161
0000000000f54671
0000000000000181
000002bfe5225961
0000000000f54671
0000000000000181
000002d2858d0161
0000000000f54671
0000000000000181
000002e525f7a961
0000000000f54671
0000000000000181
000002f7c6625161
0000000000f54671
0000000000000181
0000030a66ccf961
0000000000f54671
0000000000000181
0000031d0737a161
0000000000f54671
0000000000000181
0000032fa7a24961
0000000000f54671
0000000000000181
00000342480cf161
0000000000f54671
0000000000000181
00000354e8779861
0000000000f54671
0000000000000181
0000036788e24061
0000000000f54671
0000000000000181
0000037a294ce861
0000000000f54671
0000000000000181
0000038cc9b79061
0000000000f54671
0000000000000181
0000039f6a223861
0000000000f54671
0000000000000181
000003b20a8ce061
0000000000f54671
0000000000000181
000003c4aaf78861
0000000000f54671
0000000000000181
000003d74b622f61
0000000000f54671
0000000000000181
000003e9ebccd761
0000000000f54671
0000000000000181
000003fc8c377f61
0000000000f54671
0000000000000181
0000040f2ca22761
0000000000f54671
0000000000000181
00000421cd0cce61
0000000000f54671
0000000000000181
000004346d777661
0000000000f54671
0000000000000181
000004470de21e61
0000000000f54671
0000000000000181
00000459ae4cc661
0000000000f54671
0000000000000181
0000046c4eb76d61
0000000000f54671
0000000000000181
0000047eef221561
0000000000f54671
0000000000000181
000004918f8cbd61
0000000000f54671
0000000000000181
000004a42ff76461
0000000000f54671
0000000000000181
000004b6d0620c61
0000000000f54671
0000000000000181
000004c970ccb361
0000000000f54671
0000000000000181
000004dc11375b61
0000000000f54671
0000000000000181
000004eeb1a20361
0000000000f54671
0000000000000181
00000501520caa61
0000000000f54671
0000000000000181
00000286253819d9
00000513f2775261
0000000000f54671
0000000000000181
0000052692e1fa61
0000000000f54671
0000000000000181
000002959a73db79
00000539334ca161
0000000000f54671
0000000000000181
0000054bd3b74961
0000000000f54671
0000000000000181
0000055e7421f061
0000000000f54671
0000000000000181
00000571148c9861
0000000000f54671
0000000000000181
00000583b4f73f61
0000000000f54671
0000000000000181
000005965561e761
0000000000f54671
0000000000000181
000005a8f5cc8e61
0000000000f54671
0000000000000181
000005bb96373661
0000000000f54671
0000000000000181
000005ce36a1dd61
0000000000f54671
0000000000000181
000005e0d70c8561
0000000000f54671
0000000000000181
000005f377772c61
0000000000f54671
0000000000000181
0000060617e1d461
0000000000f54671
0000000000000181
00000618b84c7b61
0000000000f54671
0000000000000181
0000062b58b72361
0000000000f54671
0000000000000181
0000063df921ca61
0000000000f54671
0000000000000181
00000650998c7161
0000000000f54671
0000000000000181
0000066339f71961
0000000000f54671
0000000000000181
00000675da61c061
0000000000f54671
0000000000000181
000006887acc6861
0000000000f54671
0000000000000181
0000069b1b370f61
0000000000f54671
0000000000000181
000006adbba1b661
0000000000f54671
0000000000000181
000006c05c0c5e61
0000000000f54671
0000000000000181
000006d2fc770561
0000000000f54671
0000000000000181
000006e59ce1ac61
0000000000f54671
0000000000000181
000006f83d4c5361
0000000000f54671
0000000000000181
0000070addb6fb61
0000000000f54671
0000000000000181
0000071d7e21a261
0000000000f54671
0000000000000181
000007301e8c4961
0000000000f54671
0000000000000181
00000742bef6f161
0000000000f54671
0000000000000181
000007555f619861
0000000000f54671
0000000000000181
00000767ffcc3f61
0000000000f54671
0000000000000181
0000077aa036e661
0000000000f54671
0000000000000181
0000078d40a18e61
0000000000f54671
0000000000000181
0000079fe10c3561
0000000000f54671
0000000000000181
000007b28176dc61
0000000000f54671
0000000000000181
000007c521e18361
0000000000f54671
0000000000000181
000007d7c24c2a61
0000000000f54671
0000000000000181
000007ea62b6d261
0000000000f54671
0000000000000181
000007fd03217961
0000000000f54671
0000000000000181
0000080fa38c2061
0000000000f54671
0000000000000181
0000082243f6c761
0000000000f54671
0000000000000181
00000834e4616e61
0000000000f54671
0000000000000181
0000084784cc1561
0000000000f54671
0000000000000181
0000085a2536bc61
0000000000f54671
0000000000000181
0000086cc5a16461
0000000000f54671
0000000000000181
0000087f660c0b61
0000000000f54671
0000000000000181
000008920676b261
0000000000f54671
0000000000000181
000008a4a6e15961
0000000000f54671
0000000000000181
000008b7474c0061
0000000000f54671
0000000000000181
000008c9e7b6a761
0000000000f54671
0000000000000181
000008dc88214e61
0000000000f54671
0000000000000181
000008ef288bf661
0000000000f54671
0000000000000181
00000901c8f69d61
0000000000f54671
0000000000000181
0000091469614461
0000000000f54671
0000000000000181
0000092709cbeb61
0000000000f54671
0000000000000181
00000939aa369261
0000000000f54671
0000000000000181
000004a34bce3b99
0000094c4aa13961
0000000000f54671
0000000000000181
0000095eeb0be061
0000000000f54671
0000000000000181
000009718b768761
0000000000f54671
0000000000000181
000009842be12e61
0000000000f54671
0000000000000181
00000996cc4bd561
0000000000f54671
0000000000000181
000009a96cb67c61
0000000000f54671
0000000000000181
000009bc0d212361
0000000000f54671
0000000000000181
000009cead8bca61
0000000000f54671
0000000000000181
000009e14df67161
0000000000f54671
0000000000000181
000009f3ee611861
0000000000f54671
0000000000000181
00000a068ecbbf61
0000000000f54671
0000000000000181
00000a192f366661
0000000000f54671
0000000000000181
00000a2bcfa10d61
0000000000f54671
0000000000000181
00000a3e700bb461
0000000000f54671
0000000000000181
00000a5110765b61
0000000000f54671
0000000000000181
00000a63b0e10261
0000000000f54671
0000000000000181
00000a76514ba961
0000000000f54671
0000000000000181
00000a88f1b65061
0000000000f54671
0000000000000181
00000a9b9220f761
0000000000f54671
0000000000000181
00000aae328b9e61
0000000000f54671
0000000000000181
00000ac0d2f64561
0000000000f54671
0000000000000181
00000ad37360ec61
0000000000f54671
0000000000000181
00000ae613cb9361
0000000000f54671
0000000000000181
00000aec801a8961
0000000000f54671
0000000000000181
