[MCS8 A] 97 FW 3.104 SV 1.257 
range=1024
periods=2
sweepmode=27e20d0
fstchan=0
holdafter=0
streamstatus=3
calreg0=0
calreg1=0
calreg2=0
calreg3=0
swpreset=8000        
prena=1
syncout=0
cycles=18
sequences=1
tagbits=16
vdac0=92c
vdac1=807
vdac2=8c8
vdac3=8c8
vdac4=8c8
vdac5=8c8
vdac6=8c8
vdac7=8c8
timepreset=150.000     
digio=0
digval=0
autoinc=0 
savedata=2 
mpafmt=asc
sephead=0 
fmt=asc
smoothpts=5 
[CHN1]
REPORT-FILE from 06/22/2026 15:29:59.913  written 06/22/2026 15:29:59
cmline0=06/22/2026 15:29:59.913 
cmline1=A1
range=1024
active=1
bitshift=4
cftfak=2580100
evpreset=10          
roimin=0
roimax=1000
caloff=0.800000
calfact=12.800000
calfact2=0
calfact3=0
calunit=nsec
caluse=1 
[CHN2]
REPORT-FILE from  written 06/22/2026 15:29:59
cmline1=A2
range=1024
active=0
bitshift=4
cftfak=2580100
evpreset=10          
roimin=0
roimax=1000
caloff=0.800000
calfact=12.800000
calfact2=0
calfact3=0
calunit=nsec
caluse=1 
[CHN3]
REPORT-FILE from  written 06/22/2026 15:29:59
cmline1=A3
range=1024
active=0
bitshift=4
cftfak=2580100
evpreset=10          
roimin=0
roimax=1000
caloff=0.800000
calfact=12.800000
calfact2=0
calfact3=0
calunit=nsec
caluse=1 
[CHN4]
REPORT-FILE from  written 06/22/2026 15:29:59
cmline1=A4
range=1024
active=0
bitshift=4
cftfak=2580100
evpreset=10          
roimin=0
roimax=1000
caloff=0.800000
calfact=12.800000
calfact2=0
calfact3=0
calunit=nsec
caluse=1 
[CHN5]
REPORT-FILE from  written 06/22/2026 15:29:59
cmline1=A5
range=1024
active=0
bitshift=4
cftfak=2580100
evpreset=10          
roimin=0
roimax=1000
caloff=0.800000
calfact=12.800000
calfact2=0
calfact3=0
calunit=nsec
caluse=1 
[CHN6]
REPORT-FILE from  written 06/22/2026 15:29:59
cmline1=A6
range=1024
active=0
bitshift=4
cftfak=2580100
evpreset=10          
roimin=0
roimax=1000
caloff=0.800000
calfact=12.800000
calfact2=0
calfact3=0
calunit=nsec
caluse=1 
[CHN7]
REPORT-FILE from  written 06/22/2026 15:29:59
cmline1=A7
range=1024
active=0
bitshift=4
cftfak=2580100
evpreset=0           
roimin=0
roimax=1000
caloff=0.800000
calfact=12.800000
calfact2=0
calfact3=0
calunit=nsec
caluse=1 
[CHN8]
REPORT-FILE from  written 06/22/2026 15:29:59
cmline1=A8
range=1024
active=0
bitshift=4
cftfak=2580100
evpreset=0           
roimin=0
roimax=1000
caloff=0.800000
calfact=12.800000
calfact2=0
calfact3=0
calunit=nsec
caluse=1 
;MCS8 #97 Sversion=1.257 Fversion=3.68
time_patch=1
;datalength=8 bytes
;bit0..3: channel# 1..8 ( 4 bit)
;bit4: edge 0=up / 1=dn ( 1 bit)
;bit5 ..57: timedata    (53 bit), max sweep length 2001.6 h
;bit58..62: tag0..tag4  ( 5 bit)
;bit63:     data_lost   ( 1 bit)
[DATA]
0000000000000016
000000215b927b61
00000000083e0a71
0000000000000181
00000033fbfd3061
00000000083e0a71
0000000000000181
000000469c67e561
00000000083e0a71
0000000000000181
000000593cd29a61
00000000083e0a71
0000000000000181
0000006bdd3d4e61
00000000083e0a71
0000000000000181
0000007e7da80361
00000000083e0a71
0000000000000181
000000911e12b861
00000000083e0a71
0000000000000181
000000a3be7d6d61
00000000083e0a71
0000000000000181
000000b65ee82161
00000000083e0a71
0000000000000181
000000c8ff52d661
00000000083e0a71
0000000000000181
000000db9fbd8b61
00000000083e0a71
0000000000000181
000000ee40283f61
00000000083e0a71
0000000000000181
00000100e092f461
00000000083e0a71
0000000000000181
0000011380fda961
00000000083e0a71
0000000000000181
0000012621685d61
00000000083e0a71
0000000000000181
00000094c9fdc699
00000138c1d31261
00000000083e0a71
0000000000000181
0000014b623dc761
00000000083e0a71
0000000000000181
0000015e02a87b61
00000000083e0a71
0000000000000181
00000170a3133061
00000000083e0a71
0000000000000181
00000183437de461
00000000083e0a71
0000000000000181
00000195e3e89961
00000000083e0a71
0000000000000181
000001a884534d61
00000000083e0a71
0000000000000181
000001bb24be0261
00000000083e0a71
0000000000000181
000001cdc528b661
00000000083e0a71
0000000000000181
000001e065936b61
00000000083e0a71
0000000000000181
000001f305fe1f61
00000000083e0a71
0000000000000181
000000ff042960f9
00000205a668d461
00000000083e0a71
0000000000000181
00000105e7253399
0000021846d38861
00000000083e0a71
0000000000000181
0000022ae73e3c61
00000000083e0a71
0000000000000181
0000023d87a8f161
00000000083e0a71
0000000000000181
000002502813a561
00000000083e0a71
0000000000000181
00000262c87e5961
00000000083e0a71
0000000000000181
0000027568e90e61
00000000083e0a71
0000000000000181
000002880953c261
00000000083e0a71
0000000000000181
0000029aa9be7661
00000000083e0a71
0000000000000181
000002ad4a292b61
00000000083e0a71
0000000000000181
000002bfea93df61
00000000083e0a71
0000000000000181
000002d28afe9361
00000000083e0a71
0000000000000181
000002e52b694761
00000000083e0a71
0000000000000181
000002f7cbd3fb61
00000000083e0a71
0000000000000181
0000030a6c3eaf61
00000000083e0a71
0000000000000181
0000031d0ca96461
00000000083e0a71
0000000000000181
0000032fad141861
00000000083e0a71
0000000000000181
000003424d7ecc61
00000000083e0a71
0000000000000181
00000354ede98061
00000000083e0a71
0000000000000181
000003678e543461
00000000083e0a71
0000000000000181
0000037a2ebee861
00000000083e0a71
0000000000000181
0000038ccf299c61
00000000083e0a71
0000000000000181
0000039f6f945061
00000000083e0a71
0000000000000181
000001d8047989f9
000003b20fff0361
00000000083e0a71
0000000000000181
000003c4b069b761
00000000083e0a71
0000000000000181
000003d750d46b61
00000000083e0a71
0000000000000181
000003e9f13f1f61
00000000083e0a71
0000000000000181
000003fc91a9d361
00000000083e0a71
0000000000000181
0000040f32148761
00000000083e0a71
0000000000000181
00000421d27f3a61
00000000083e0a71
0000000000000181
0000043472e9ee61
00000000083e0a71
0000000000000181
000004471354a261
00000000083e0a71
0000000000000181
00000459b3bf5661
00000000083e0a71
0000000000000181
0000046c542a0961
00000000083e0a71
0000000000000181
0000047ef494bd61
00000000083e0a71
0000000000000181
0000049194ff7061
00000000083e0a71
0000000000000181
000004a4356a2461
00000000083e0a71
0000000000000181
000004b6d5d4d861
00000000083e0a71
0000000000000181
000004c9763f8b61
00000000083e0a71
0000000000000181
000004dc16aa3f61
00000000083e0a71
0000000000000181
000004eeb714f261
00000000083e0a71
0000000000000181
00000501577fa561
00000000083e0a71
0000000000000181
0000028181e45b79
00000513f7ea5961
00000000083e0a71
0000000000000181
0000052698550c61
00000000083e0a71
0000000000000181
0000053938bfc061
00000000083e0a71
0000000000000181
0000054bd92a7361
00000000083e0a71
0000000000000181
0000055e79952661
00000000083e0a71
0000000000000181
0000057119ffda61
00000000083e0a71
0000000000000181
00000583ba6a8d61
00000000083e0a71
0000000000000181
000005965ad54061
00000000083e0a71
0000000000000181
000005a8fb3ff361
00000000083e0a71
0000000000000181
000005bb9baaa661
00000000083e0a71
0000000000000181
000005ce3c155a61
00000000083e0a71
0000000000000181
000005e0dc800d61
00000000083e0a71
0000000000000181
000005f37ceac061
00000000083e0a71
0000000000000181
000006061d557361
00000000083e0a71
0000000000000181
00000618bdc02661
00000000083e0a71
0000000000000181
0000062b5e2ad961
00000000083e0a71
0000000000000181
0000063dfe958c61
00000000083e0a71
0000000000000181
000006509f003f61
00000000083e0a71
0000000000000181
000006633f6af261
00000000083e0a71
0000000000000181
00000675dfd5a561
00000000083e0a71
0000000000000181
0000068880405861
00000000083e0a71
0000000000000181
0000069b20ab0b61
00000000083e0a71
0000000000000181
000006adc115bd61
00000000083e0a71
0000000000000181
000006c061807061
00000000083e0a71
0000000000000181
00000362db841a59
000006d301eb2361
00000000083e0a71
0000000000000181
000006e5a255d661
00000000083e0a71
0000000000000181
000006f842c08961
00000000083e0a71
0000000000000181
0000070ae32b3b61
00000000083e0a71
0000000000000181
0000071d8395ee61
00000000083e0a71
0000000000000181
00000393f1d162b9
000007302400a161
00000000083e0a71
0000000000000181
00000742c46b5461
00000000083e0a71
0000000000000181
0000075564d60661
00000000083e0a71
0000000000000181
000007680540b961
00000000083e0a71
0000000000000181
0000077aa5ab6c61
00000000083e0a71
0000000000000181
0000078d46161e61
00000000083e0a71
0000000000000181
0000079fe680d161
00000000083e0a71
0000000000000181
000007b286eb8361
00000000083e0a71
0000000000000181
000007c527563661
00000000083e0a71
0000000000000181
000007d7c7c0e861
00000000083e0a71
0000000000000181
000007ea682b9a61
00000000083e0a71
0000000000000181
000007fd08964d61
00000000083e0a71
0000000000000181
0000080fa900ff61
00000000083e0a71
0000000000000181
00000822496bb161
00000000083e0a71
0000000000000181
00000834e9d66361
00000000083e0a71
0000000000000181
000008478a411661
00000000083e0a71
0000000000000181
0000085a2aabc861
00000000083e0a71
0000000000000181
0000086ccb167a61
00000000083e0a71
0000000000000181
0000087f6b812c61
00000000083e0a71
0000000000000181
000008920bebde61
00000000083e0a71
0000000000000181
000008a4ac569061
00000000083e0a71
0000000000000181
000008b74cc14261
00000000083e0a71
0000000000000181
000008c9ed2bf461
00000000083e0a71
0000000000000181
000008dc8d96a661
00000000083e0a71
0000000000000181
000008ef2e015861
00000000083e0a71
0000000000000181
00000901ce6c0a61
00000000083e0a71
0000000000000181
000009146ed6bb61
00000000083e0a71
0000000000000181
000009270f416d61
00000000083e0a71
0000000000000181
00000939afac1f61
00000000083e0a71
0000000000000181
0000094c5016d161
00000000083e0a71
0000000000000181
0000095ef0818261
00000000083e0a71
0000000000000181
0000097190ec3461
00000000083e0a71
0000000000000181
000009843156e661
00000000083e0a71
0000000000000181
000004c4c5ee6979
00000996d1c19761
00000000083e0a71
0000000000000181
000009a9722c4961
00000000083e0a71
0000000000000181
000004d863f04d19
000009bc1296fb61
00000000083e0a71
0000000000000181
000009ceb301ac61
00000000083e0a71
0000000000000181
000009e1536c5e61
00000000083e0a71
0000000000000181
000009f3f3d70f61
00000000083e0a71
0000000000000181
00000a069441c061
00000000083e0a71
0000000000000181
00000a1934ac7261
00000000083e0a71
0000000000000181
00000a2bd5172361
00000000083e0a71
0000000000000181
00000a3e7581d461
00000000083e0a71
0000000000000181
00000a5115ec8661
00000000083e0a71
0000000000000181
00000a63b6573761
00000000083e0a71
0000000000000181
00000a7656c1e861
00000000083e0a71
0000000000000181
00000a88f72c9961
00000000083e0a71
0000000000000181
00000a9b97974a61
00000000083e0a71
0000000000000181
00000aae3801fb61
00000000083e0a71
0000000000000181
00000ac0d86cac61
00000000083e0a71
0000000000000181
000005654e1d2219
00000ad378d75d61
00000000083e0a71
0000000000000181
0000056db6c665d9
00000ae619420e61
00000000083e0a71
0000000000000181
00000aec70448761
00000000083e0a71
0000000000000181
