[MCS8 A] 97 FW 3.104 SV 1.257 
range=1024
periods=2
sweepmode=27e20d0
fstchan=0
holdafter=0
streamstatus=3
calreg0=0
calreg1=0
calreg2=0
calreg3=0
swpreset=8000        
prena=0
syncout=0
cycles=18
sequences=1
tagbits=16
vdac0=92c
vdac1=807
vdac2=8c8
vdac3=8c8
vdac4=8c8
vdac5=8c8
vdac6=8c8
vdac7=8c8
timepreset=20.000      
digio=0
digval=0
autoinc=0 
savedata=2 
mpafmt=asc
sephead=0 
fmt=asc
smoothpts=5 
[CHN1]
REPORT-FILE from 06/19/2026 12:29:17.057  written 06/19/2026 12:29:17
cmline0=06/19/2026 12:29:17.057 
cmline1=A1
range=1024
active=1
bitshift=4
cftfak=2580100
evpreset=10          
roimin=0
roimax=1000
caloff=0.800000
calfact=12.800000
calfact2=0
calfact3=0
calunit=nsec
caluse=1 
[CHN2]
REPORT-FILE from  written 06/19/2026 12:29:17
cmline1=A2
range=1024
active=0
bitshift=4
cftfak=2580100
evpreset=10          
roimin=0
roimax=1000
caloff=0.800000
calfact=12.800000
calfact2=0
calfact3=0
calunit=nsec
caluse=1 
[CHN3]
REPORT-FILE from  written 06/19/2026 12:29:17
cmline1=A3
range=1024
active=0
bitshift=4
cftfak=2580100
evpreset=10          
roimin=0
roimax=1000
caloff=0.800000
calfact=12.800000
calfact2=0
calfact3=0
calunit=nsec
caluse=1 
[CHN4]
REPORT-FILE from  written 06/19/2026 12:29:17
cmline1=A4
range=1024
active=0
bitshift=4
cftfak=2580100
evpreset=10          
roimin=0
roimax=1000
caloff=0.800000
calfact=12.800000
calfact2=0
calfact3=0
calunit=nsec
caluse=1 
[CHN5]
REPORT-FILE from  written 06/19/2026 12:29:17
cmline1=A5
range=1024
active=0
bitshift=4
cftfak=2580100
evpreset=10          
roimin=0
roimax=1000
caloff=0.800000
calfact=12.800000
calfact2=0
calfact3=0
calunit=nsec
caluse=1 
[CHN6]
REPORT-FILE from  written 06/19/2026 12:29:17
cmline1=A6
range=1024
active=0
bitshift=4
cftfak=2580100
evpreset=10          
roimin=0
roimax=1000
caloff=0.800000
calfact=12.800000
calfact2=0
calfact3=0
calunit=nsec
caluse=1 
[CHN7]
REPORT-FILE from  written 06/19/2026 12:29:17
cmline1=A7
range=1024
active=0
bitshift=4
cftfak=2580100
evpreset=0           
roimin=0
roimax=1000
caloff=0.800000
calfact=12.800000
calfact2=0
calfact3=0
calunit=nsec
caluse=1 
[CHN8]
REPORT-FILE from 06/19/2026 11:29:06.915  written 06/19/2026 12:29:17
cmline0=06/19/2026 11:29:06.915 
cmline1=A8
range=1024
active=0
bitshift=4
cftfak=2580100
evpreset=0           
roimin=0
roimax=1000
caloff=0.800000
calfact=12.800000
calfact2=0
calfact3=0
calunit=nsec
caluse=1 
;MCS8 #97 Sversion=1.257 Fversion=3.68
time_patch=1
;datalength=8 bytes
;bit0..3: channel# 1..8 ( 4 bit)
;bit4: edge 0=up / 1=dn ( 1 bit)
;bit5 ..57: timedata    (53 bit), max sweep length 2001.6 h
;bit58..62: tag0..tag4  ( 5 bit)
;bit63:     data_lost   ( 1 bit)
[DATA]
0000000000000016
000000059db921b9
00000006137b8d79
00000008028e3999
000000081644a759
000000098d8e1f79
00000009ace61dd9
00000009e36aec19
0000000b1345dff9
0000000cc62ceff9
0000000de3c75119
0000000e89d2c339
0000000ec6fd72d9
0000000ec8b11f59
00000010a8284db9
000000215647b361
000000000118d371
0000000000000181
0000001199e37659
00000011e01e0df9
00000012a089e559
00000013aeafbe19
00000014d6a88a59
00000016b96a5039
0000001721e0b6b9
00000018449a4c59
0000001855723bb9
000000196686dff9
00000019c34b43b9
00000033f6b25c61
000000000118d371
0000000000000181
0000001a5d35b5f9
0000001d826d5c19
0000001db376fed9
000000200c8d1a19
0000002094a4e2b9
00000022bddc1719
00000046971d0561
000000000118d371
0000000000000181
000000263e0b6ad9
0000002655248179
00000027be305259
00000029b8b220b9
00000029d78fe599
0000002aac312379
0000002baa63a379
0000002c408b6339
0000002c7304de59
0000002c8b5d7a59
000000593787ae61
000000000118d371
0000000000000181
0000002cdce1b8d9
0000002db78719d9
0000002e49fcb639
0000003091bcf399
0000003104f2b5b9
0000006bd7f25761
000000000118d371
0000000000000181
0000003603e51dd9
000000360c2d3d59
00000038476f6c99
00000039d50f0fd9
00000039de833839
0000003a87459f99
0000003b03d8f159
0000003bafffd139
0000003cb408b259
0000003d3c3a6b59
0000003dc5ebe279
0000003e4105dc39
0000003e4f7a5659
0000007e785d0061
000000000118d371
0000000000000181
0000004006760459
000000409f510f99
00000040a6c1c359
00000041600b6a39
00000041b5a2deb9
00000042f05e1719
00000042f176cf19
00000043ab015239
000000440c7a4e19
000000466588acb9
000000466de34319
000000476af22ff9
0000009118c7a961
000000000118d371
0000000000000181
00000049414a81d9
0000004c311ff919
0000004dc1bce139
0000004feef9ee59
00000050b38263b9
0000005157f575b9
0000005196e43479
000000a3b9325261
000000000118d371
0000000000000181
0000005324ce5579
0000005392c82879
000000544d8d60d9
0000005646de4f79
000000588e9d2b79
000000b6599cfb61
000000000118d371
0000000000000181
0000005b9ddc3279
0000005c44bccbd9
0000005c73026799
0000005d1d0e7839
0000005d6672b219
0000005d66ffa039
0000005da9e8edb9
0000005de37cfef9
0000005f7eab03b9
000000608bf2e819
000000618ce7a919
00000061f18dff19
000000631bc3d359
00000063caba1679
000000c8fa07a461
000000000118d371
0000000000000181
0000006487e93b39
0000006488c8d539
000000669969eb39
00000066c0c370d9
0000006a6aa7bc59
0000006a7b2fa419
0000006c93d68ad9
0000006d5d9d1119
000000db9a724d61
000000000118d371
0000000000000181
0000006f16116bb9
000000725c9ce5b9
00000072d498f839
0000007312ac4eb9
000000738efab0b9
00000076702618b9
00000076dfa60479
000000ee3adcf761
000000000118d371
0000000000000181
000000776350e9d9
00000078b0291059
00000079275f5f79
0000007a47c2f999
0000007a4e5a7899
0000007a6e3b0579
0000007e81918c39
0000007e86c57ed9
0000007eac5f9e39
0000007f89632d59
00000100db47a061
000000000118d371
0000000000000181
000000813aee1979
00000081fda26559
000000830a16a279
00000083150944b9
000000840aac30f9
00000088ec292339
00000089a4457979
000001137bb24961
000000000118d371
0000000000000181
0000008a33039c79
0000008a4bf3a819
0000008a85636dd9
0000008ae46abb19
0000008b5f62dfd9
0000008d06010719
0000008d9b766439
0000008eb7768979
00000090e784b639
00000092b00ef179
000001261c1cf361
000000000118d371
0000000000000181
00000093e97160d9
0000009474f447b9
00000095278829f9
00000095667f9af9
00000138bc879c61
000000000118d371
0000000000000181
0000009d73398fb9
0000009e16242fd9
0000009ff2180019
000000a00ed8feb9
000000a0ef776279
000000a139868a59
000000a2245a9559
000000a2556131f9
000000a314763299
000000a4408ddcf9
0000014b5cf24561
000000000118d371
0000000000000181
000000a6555077b9
000000a6cd8bbe99
000000aae5a562f9
000000ab17f9b599
000000ab67d4def9
000000ab84830bf9
000000abe47593b9
000000ac5328ead9
000000adc0638559
000000ade36fb539
000000ae284cd399
000000ae524cc6b9
000000aeaf695679
0000015dfd5cef61
000000000118d371
0000000000000181
000000afb9b6f379
000000afe7e28d39
000000b0ed0f3e59
000000b1708ebf99
000000b17e555859
000000b2b888f7b9
000000b358095099
000000b3fb578899
000000b4d7291d39
000000b80a085139
000000b83d1212f9
000000b840321539
000001709dc79861
000000000118d371
0000000000000181
000000b85dc39599
000000b8fa3f3639
000000b91c4d11d9
000000b995673159
000000b9fcbf7819
000000ba252c8779
000000bb967fef99
000000bbb301c2b9
000000bc59f01bd9
000000bf06db1779
000000bf08fcad19
000000bf100a15f9
000000bf6d725119
000000bfe0c96b99
000001833e324261
000000000118d371
0000000000000181
000000c253904a39
000000c43583f119
000000c4a29575f9
000000c52fd0c259
000000c9b24a6fd9
000000ca1496bef9
00000195de9ceb61
000000000118d371
0000000000000181
000000cb6da31099
000000cb6da31279
000000cb827a4699
000000cc2368cff9
000000cc96d26cb9
000000cee11b1bb9
000000d0d8fc2119
000000d0e55d4e79
000000d1ede96099
000000d251ed2ed9
000000d2a50c2ed9
000000d2fd136a99
000000d36d2e64f9
000001a87f079561
000000000118d371
0000000000000181
000000d4f4f47719
000000d70fb0d179
000000d78af94ef9
000000d9ea038819
000000da0ce36bf9
000000dae6262839
000000db9a747bf9
000000dc5a71d239
000001bb1f723e61
000000000118d371
0000000000000181
000000df9e839239
000000e16254be19
000000e168be21f9
000000e1832f55d9
000000e314cee499
000000e3b5936ad9
000000e48bf25319
000000e6da75aab9
000001cdbfdce861
000000000118d371
0000000000000181
000000e75e2231b9
000000e825a94279
000000e9ea8e1f79
000000ea5833f4f9
000000eb61cba779
000000ebf96591d9
000000eccfcfd0f9
000000ed4cfec339
000000ed850be359
000000ef21a43219
000000ef2aa87639
000001e060479161
000000000118d371
0000000000000181
000000f04225e619
000000f0cde1bf99
000000f0e16f29b9
000000f3475d9339
000000f3cdb14ff9
000000f459e02af9
000000f56821d599
000000f76e23d8b9
000000f7a8e64eb9
000001f300b23b61
000000000118d371
0000000000000181
000000faa4d8b3f9
000000fb32ec41d9
000000fba56d9699
000000fbab0d8c39
000000fbbd354439
000000fcf165c8b9
000000fe2742ba99
000000fe849094b9
000000feb2e5bd39
000000fed62bf3b9
000000ff14159ad9
000000ff420b4fb9
00000205a11ce561
000000000118d371
0000000000000181
000001036cf8be79
0000010395e54599
00000106412db0d9
000001088d63af39
000001091c459e79
00000109594205f9
000001098906b819
00000109b13a0a79
0000010bc866a079
0000021841878e61
000000000118d371
0000000000000181
0000010c831c1959
0000010f3c906f59
0000010f67b182d9
0000011229bc8619
000001126b92d719
000001150c3ff259
0000022ae1f23861
000000000118d371
0000000000000181
00000115c9b2a5b9
00000117c36cc1f9
0000011a42629779
0000011a44713c79
0000011aee4751d9
0000011c7594d859
0000011d85262459
0000011d973b4279
0000011dc20ac9f9
0000011ddcbdb619
0000023d825ce261
000000000118d371
0000000000000181
00000121c6595f39
0000012429050939
0000012467453fb9
00000124c8b1f3f9
00000124d29f6b39
0000025022c78b61
000000000118d371
0000000000000181
00000129d635e9b9
0000012a4d9086b9
0000012ac119a619
0000012cbb8fd8b9
0000012e194ca059
0000012f76311659
0000013085a8ded9
0000013140cb5999
00000262c3323561
000000000118d371
0000000000000181
00000133132fcad9
000001349e0c7a79
00000135a0e90499
00000135fa55e4f9
00000136050a4879
0000013610e8fbd9
000001377d08ea19
0000013819f5ec19
00000138764831f9
0000013880fa63f9
0000013899661d39
00000139be168239
00000275639cdf61
000000000118d371
0000000000000181
0000013b627e2f79
0000013d40a105b9
0000013e1ff3e939
0000013ee984bad9
0000013f1d287a99
0000013f3c9de679
0000013fa0f8f6b9
0000014050823339
000001409df732f9
0000014260ea5e59
00000143a0aefef9
0000028804078961
000000000118d371
0000000000000181
000001442bb34979
00000144a640dd59
00000144fe52ba19
0000014567b20b39
00000145d345acf9
000001467666a139
0000014691c9f359
000001474634f139
00000147d68e6b39
000001488ca73019
000001494d484739
0000014a8e7c6b99
0000014b6351dc39
0000014cccc9b539
0000029aa4723361
000000000118d371
0000000000000181
0000014f0b3b74d9
00000150af64bbb9
0000015102bff3b9
0000015274658ab9
00000153ae75da79
0000015445971539
00000154cc64d439
00000156350daf39
0000015685339539
000002ad44dcdc61
000000000118d371
0000000000000181
000001570c7683b9
00000157c2b5e779
000001593dfd9cf9
0000015dcaa7c8d9
0000015f01b16419
0000015f7e00d1d9
000002bfe5478661
000000000118d371
0000000000000181
00000160774071f9
00000161370b1e19
000001615a2071b9
0000016193812379
0000016382a111b9
00000164b024f399
00000164d671fff9
00000165109a1a79
000001654293a9d9
0000016782ee5cf9
00000168f5826ab9
000002d285b23061
000000000118d371
0000000000000181
0000016973238739
0000016b419406b9
0000016c260b2ff9
0000016c44826e79
0000016d7673a0d9
0000016f2574a479
0000016f63837259
0000016f82f02b59
00000170161e10d9
0000017023a4fc79
000002e5261cda61
000000000118d371
0000000000000181
00000172daa3a239
00000173f61acf99
0000017697d25f79
00000176d1657cd9
00000176dc116c19
00000177c34a3d59
000001785e997199
0000017955390ff9
0000017b22237819
0000017b42cc8a79
0000017b51bfd6d9
0000017bc8e52af9
000002f7c6878461
000000000118d371
0000000000000181
0000017e70f84619
0000017eadb794b9
0000017f394f5b59
0000017f62c065f9
0000017f64d421d9
000001815ea821f9
0000018285562099
00000182b73044d9
0000018355412f99
0000018509305c39
0000030a66f22e61
000000000118d371
0000000000000181
00000185b9af7d59
00000185bfbcc119
00000185d9bd68d9
00000186e6b88f79
0000018837b4fdd9
00000188d91700f9
00000189130308f9
0000018935724799
00000189a966d2f9
00000189d5301f79
0000018a6c8f0159
0000018bb71bbdb9
0000018c86850a99
0000018daf6adcb9
0000031d075cd861
000000000118d371
0000000000000181
0000018f0afa44f9
0000018f4761fd79
00000190bcf86f19
0000019106ba4339
000001912a7eed19
0000019298e965b9
00000192d02819f9
000001942f7292b9
0000019559e33b39
00000195b52f4ab9
00000196bea161b9
000001976e29c839
00000197762f1a39
0000032fa7c78261
000000000118d371
0000000000000181
000001997d2f49d9
0000019b660b0ad9
0000019c05efa159
0000019daa96b979
0000019dd3f03d59
0000019e5801a7b9
0000019f80efc519
000001a0fc38d299
0000034248322c61
000000000118d371
0000000000000181
000001a166091cd9
000001a1cfbe52b9
000001a343fb5bf9
000001a420890d19
000001a4c7c97f99
000001a5260f4a39
000001a5925c40d9
000001a634fa2bb9
000001a723f84399
000001a7d63249f9
000001a869a87d59
000001a8bfb358f9
000001a9dd616279
000001a9fdca5559
00000354e89cd761
000000000118d371
0000000000000181
000001aabe305019
000001ac34bdf879
000001adb5c52339
000001af12bd7b79
000001af8dc891f9
000001af90cc9eb9
000001afdbc0c379
000001b0a5e856b9
000001b1c3799939
000001b2364f6319
000001b24f439079
000001b2cf6cf379
000001b2f051b019
0000036789078161
000000000118d371
0000000000000181
000001b3d7b9e619
000001b4cd1832f9
000001b620f2f0b9
000001b82d0caa39
000001b91aba3939
000001ba71e44559
000001baccc41a99
000001bad187fe59
000001bb354b0819
000001bb8f1b40f9
0000037a29722b61
000000000118d371
0000000000000181
000001bdaa51ae99
000001bdd298e199
000001bf0650a239
000001c0034d50f9
000001c1249b1d19
000001c351bf6399
000001c4bcc94139
000001c5b87674f9
0000038cc9dcd561
000000000118d371
0000000000000181
000001c6afb1ddf9
000001c78758c079
000001c875583459
000001c887af8579
000001cde1378899
000001ce9246be79
000001cecba8d019
000001cef2961d79
000001cf6f1ddbf9
000001cf7dbd2179
0000039f6a478061
000000000118d371
0000000000000181
000001cff17ac4b9
000001d069fc4259
000001d0ac6e0ef9
000001d0e5452e79
000001d13a155139
000001d3b80c2b99
000001d3d29187f9
000001d43a181419
000001d5b2030fd9
000001d6b44b8199
000001d776849b59
000001d7b84a4eb9
000001d834216699
000003b20ab22a61
000000000118d371
0000000000000181
000001da316b0619
000001da93319f19
000001dbadc01099
000001dbc14bb5f9
000001dc305d51b9
000001deb97b3259
000001df398e0bd9
000001dfe717e7b9
000001e03964b259
000001e03aa63399
000001e1364dceb9
000001e1dc9bbaf9
000003c4ab1cd461
000000000118d371
0000000000000181
000001e42be7e339
000001ea1b03b079
000001eaa4282cf9
000003d74b877f61
000000000118d371
0000000000000181
000001ed235fbf19
000001eea90e8f99
000001ef678bc679
000001f01b524019
000001f0df012059
000001f3be18de39
000001f48d70ae59
000001f4aae54499
000003e9ebf22961
000000000118d371
0000000000000181
000001f54223e8b9
000001f8992dd2b9
000001f8b1c96839
000001f8ba656c39
000001fb1cb25859
000001fb2f2cd199
000001fc8d4aea19
000001fcc15e35d9
000003fc8c5cd361
000000000118d371
0000000000000181
000001ff0f7f9059
000001ff12b2abd9
000001ff9a9bf479
000001ffe7262079
0000020078ec1899
00000202cd33e559
00000203018da559
00000203bf596cf9
000002055c20a7b9
00000206b016d5b9
0000040f2cc77e61
000000000118d371
0000000000000181
0000020885c796b9
000002097663ca19
0000020aba00a3f9
0000020d38610799
0000020d91854c99
0000020f0b8e1159
0000020fdc07c139
000002100843f4f9
00000210a5306359
00000421cd322861
000000000118d371
0000000000000181
000002113e1b29b9
00000212715f4659
00000215b07fe8f9
00000215c971bc59
000002160bfe4b79
0000021798914319
00000217f83a46b9
000002182b81e079
00000218edca4019
000002197b464879
000004346d9cd361
000000000118d371
0000000000000181
0000021a80506679
0000021de315c079
0000021e32e87439
0000021f12b28399
0000022152180579
0000022304c6eb19
000004470e077d61
000000000118d371
0000000000000181
00000225f0e1d8f9
0000022695e8a759
00000226ede54ff9
000002276417f059
0000022a00bd2ef9
00000459ae722861
000000000118d371
0000000000000181
0000022d4ccd9b59
0000022ddc855a59
0000022ec6eb7059
0000022eeedc6e99
000002318b8b60f9
0000023193cbcd99
000002320fc0dff9
00000234f6757039
00000235a2914ff9
0000023614958599
0000046c4edcd361
000000000118d371
0000000000000181
000002371a7a5fb9
00000237abca8c79
00000239e648c199
0000023a202652f9
0000023a8b2a7219
0000023a942026f9
0000023b40b36cd9
0000023c5a437f99
0000023c7ca73d39
0000023cbcaa2319
0000023d69033f19
0000023e246c37d9
0000023ec73f9eb9
0000047eef477d61
000000000118d371
0000000000000181
0000023fdf7445f9
0000024006d25c79
0000024044386b39
000002420a6ac279
000002426c1970d9
00000242f5db4699
0000024644f82d19
000002469533fc19
00000246e5fbba19
00000247eda1db99
00000248696aa8b9
000004918fb22861
000000000118d371
0000000000000181
00000249154c8a59
00000249397c6f39
0000024ab9ff7cd9
0000024bc40c1c79
0000024c67d32279
0000024c924d9a19
0000024cff7b51d9
0000024f246d4dd9
0000024f96802f19
000002507decd919
00000251021f0119
00000251195cf0d9
00000251cc620519
000004a4301cd361
000000000118d371
0000000000000181
000002523741f3b9
000002528b016319
000002542636bd59
0000025580584bd9
00000256e9235fb9
00000258e0dbaa59
0000025aa3b6c339
0000025b099a62d9
000004b6d0877d61
000000000118d371
0000000000000181
0000025c25fddbb9
0000025c3e409839
0000025d23a11859
0000025d43ff4af9
0000025efe0e4939
00000260e69d45f9
0000026143677f79
00000261837e5159
000002625783c0d9
000002644c51c759
000002645b1f2af9
000004c970f22861
000000000118d371
0000000000000181
00000264c7e8e159
00000265b0834d59
000002665280d779
00000266d5509719
0000026896257939
000002698def2399
00000269e786f019
00000269e7870879
00000269f4041779
0000026a77d9f279
0000026af27b5b99
0000026b5a321719
0000026c2732f199
000004dc115cd361
000000000118d371
0000000000000181
0000026e17fba519
0000026efd9615b9
00000270a0780b39
000002731f68b0d9
000002737d24fdd9
000002745c6875b9
00000274c0928af9
0000027573f00019
000002764d831eb9
000004eeb1c77e61
000000000118d371
0000000000000181
00000278b4c8c3f9
0000027934b7c939
0000027ab2287fb9
0000027ac6ad5b99
0000027ceea46db9
0000027d5b5669b9
0000027d989263f9
0000027de87a4459
0000027e714bc539
0000027f1e439999
0000027fbd5dfcb9
0000027feff98879
000002802ed58579
0000050152322961
000000000118d371
0000000000000181
0000028186605759
0000028283b29cd9
000002837ebdcbf9
0000028392d2c839
00000283c2c21479
0000028486532cd9
00000284abab5739
0000028504a30859
0000028567ff7f99
00000287392217f9
0000028850844c19
00000289c76352b9
00000513f29cd461
000000000118d371
0000000000000181
0000028a03009cb9
0000028b947a8b79
0000028c9160b619
0000028ce58dfab9
0000028cea5f61b9
0000028e0f1d9459
0000052693077e61
000000000118d371
0000000000000181
000002956849f4b9
00000295efad8dd9
000002976f9ad579
00000298765a7df9
00000299c4084bf9
00000299d38d7d39
0000029a1d397a79
0000029a42be8e39
0000029a9289d919
0000029a9289f639
0000029b94042eb9
0000029be16b8ed9
0000029bf9a8d5b9
0000029c14270719
0000029c3d4ace59
0000053933722961
000000000118d371
0000000000000181
0000029cc275ca39
0000029d13d68419
0000029e3760f3f9
0000029e876d3c59
000002a3daae44d9
000002a44a7b3cb9
0000054bd3dcd461
000000000118d371
0000000000000181
000002a6d2e0c1d9
000002a7adc0b179
000002a7f030b439
000002ab95f1a2b9
000002abaf3d0439
000002ac396c45f9
000002acaf952eb9
000002ae47b54539
000002aee8857c79
0000055e74477f61
000000000118d371
0000000000000181
000002afad744519
000002afc2d1d219
000002b085b1e119
000002b0d59ebab9
000002b10c73bf19
000002b33f93b7d9
000002b496e14f59
0000057114b22b61
000000000118d371
0000000000000181
000002b9250113f9
000002bab1ebbb39
000002bbf7722a39
000002bc0b0fd499
000002bc22be9579
000002bc5a39dd39
000002bc8f93f679
000002bcb9eb71b9
000002bde63ca8f9
000002bf998eb779
000002c0e8f17059
000002c14866a399
00000583b51cd661
000000000118d371
0000000000000181
000002c3c57c25f9
000002c55b4941b9
000002c57c93ca19
000002c58b7eeb19
000002c7dc9fd479
000002c7f934ead9
000002c80c8c3ff9
000002c818d4aa19
0000059655878161
000000000118d371
0000000000000181
000002cccecc0639
000002cd1cc28059
000002cd39e008f9
000002ce6acbee39
000002ce80ada159
000002cf18eaa099
000002cff714c0d9
000002d0cb9dceb9
000002d1c275c0b9
000002d2ee60dfb9
000002d30757d8f9
000002d45e4edd19
000005a8f5f22c61
000000000118d371
0000000000000181
000002d544833079
000002d75791b879
000002d80f15b9f9
000002d8804d8079
000002d97f309e19
000002d9b7311bb9
000002da270f7219
000002db639ef0b9
000002dbcf63edd9
000002ddc4318f39
000005bb965cd761
000000000118d371
0000000000000181
000002de485a9479
000002dfc07d31f9
000002e103ec9d39
000002e1b9af6419
000002e3505256d9
000002e4c7a4da19
000002e58108c599
000005ce36c78261
000000000118d371
0000000000000181
000002e7a4768099
000002e8a344ebf9
000002e8e447bcf9
000002e9afb8fdb9
000002e9b3f6e8d9
000002ea4770d939
000002ea6f2e14b9
000002ed680ac7f9
000002edd4e09ff9
000002ee00fa8a79
000002ee30ce5019
000002ee9d515119
000002ee9d517cf9
000002ef026125b9
000005e0d7322d61
000000000118d371
0000000000000181
000002f2f8eb4eb9
000002f2f97157f9
000002f3265426f9
000002f352da1199
000002f5448de0d9
000002f62b2b8719
000002f660bd47b9
000002f771e254b9
000002f8c88d9599
000002f9151d94f9
000002f92892bf79
000005f3779cd861
000000000118d371
0000000000000181
000002f9ee9b1839
000002fa1349e379
000002fa46cedc99
000002fa4fa0d0b9
000002fd41ef32f9
000002fd8515bdf9
000002fddcf63b39
000002ff9f586579
00000301f48ae719
0000030303480c39
0000060618078461
000000000118d371
0000000000000181
000003030ce7f099
000003031b57a059
0000030547bbf6f9
00000306324564f9
00000309527ac219
00000618b8722f61
000000000118d371
0000000000000181
0000030d3f906d59
0000030de9c4dad9
0000030fa39f81b9
00000311822ad759
000003121711f419
00000313b4d03b39
00000313e87195d9
00000313edd24619
00000314f818b919
0000062b58dcda61
000000000118d371
0000000000000181
00000315c7b2e579
00000315ee8be679
00000319de2b65d9
0000031b7496cd99
0000031e80338659
0000031ef133d6f9
0000063df9478561
000000000118d371
0000000000000181
0000031f45b808d9
00000320135cc859
00000320e927b299
00000321a6749c79
00000321b0e263b9
00000321eb9774d9
00000322961e76f9
00000324fc402eb9
0000032589d47399
000003262e2e27f9
0000032636dfff79
000003267fb21859
000003274096f079
0000065099b23161
000000000118d371
0000000000000181
000003287ca76459
0000032a0c8d1099
0000032b95b08779
0000032ccd1977d9
0000032d10a212f9
0000032d27a633f9
0000032d69cacef9
0000032eda156e59
0000032f9aecf939
000003307052c2b9
0000033158f80879
0000033188eb1b59
000006633a1cdc61
000000000118d371
0000000000000181
00000332cd719959
00000332e502ce19
000003333ad459b9
00000334906c70f9
000003359e065b59
00000335cac25439
00000335d848fd59
000003375514ced9
000003375f9c8dd9
0000033883fce2f9
000003389058ac99
0000033907088cd9
000003392a2d3059
00000339d62065d9
00000675da878861
000000000118d371
0000000000000181
0000033b94ea1299
0000033c1e4afd39
0000033c6a05bdf9
0000033d1bb233b9
0000033e1f193bf9
0000033ed3d297d9
00000341683110d9
0000034270321999
0000034365fe42b9
000006887af23361
000000000118d371
0000000000000181
000003451737a999
00000346f539ce19
00000346f5cdf999
000003473666cf79
00000348268567d9
000003483c5b93b9
00000349cb2580d9
0000034cbfb4b7b9
0000034d555d6ad9
0000069b1b5cde61
000000000118d371
0000000000000181
0000034f18f0e859
0000034f47e33839
0000034f875002b9
000003501c61e179
00000350affbd0f9
00000350f4ec4ff9
0000035129039499
00000353f0a54919
00000353fa7e0999
000003546a1db519
000003549f532439
0000035539fd2999
00000355a6b2a339
00000355c877a7d9
00000356aa21c719
000006adbbc78a61
000000000118d371
0000000000000181
0000035704691919
000003572f00c6d9
0000035788eb73d9
00000359b774c739
0000035d7f1cc8b9
0000035ebe3bf539
000006c05c323561
000000000118d371
0000000000000181
0000036228d6a7b9
00000362b80c5919
00000362e4a6dd59
000003651477ead9
00000366b49f2699
00000366f051d2f9
00000368088d79b9
000003694e692d99
000006d2fc9ce161
000000000118d371
0000000000000181
0000036981683cd9
000003698fe38b39
0000036b0743fdd9
0000036bfb603bb9
0000036ce63ca8b9
0000036e59be89d9
0000036fa12a5179
0000036ffc12ccf9
0000037051c33419
00000370a7742e19
000003713b0cd619
000003716748ef59
00000371b7c2ef39
00000372113d1299
000006e59d078c61
000000000118d371
0000000000000181
000003756f63b019
00000375838e9139
00000376a8bb6379
00000377845909f9
00000378ed8d6db9
00000379e459b759
0000037b163c5219
0000037b49f82b99
0000037b8305e2b9
000006f83d723861
000000000118d371
0000000000000181
0000037c20e9c2b9
0000037cea858d59
0000037d295856b9
0000037deecaa1f9
0000037e30dbbf59
0000037ee89abf99
0000037fbeb2f1d9
000003800801ec79
00000382dda38339
0000038361eb2479
00000383f4fc7839
0000038404054bb9
0000038461a78bf9
0000070adddce461
000000000118d371
0000000000000181
000003863c048279
000003872b2300b9
00000387f59eb779
00000387f67a4d99
0000038832625b79
00000388a456eb99
0000038a55db5b39
0000038ac64d2fd9
0000038d6baeff19
0000038da7a07e19
0000071d7e478f61
000000000118d371
0000000000000181
00000390ac7b4899
00000390f8e91b39
00000392d4aabd19
000003934a00e2b9
000003962f1d4159
000007301eb23b61
000000000118d371
0000000000000181
0000039922c32ef9
0000039a4c3540f9
0000039a6b526419
0000039b6460b5d9
0000039b8f29b659
0000039c2498cc79
0000039e183b08b9
0000039e4ad3f5f9
0000039f104608d9
0000039fc8efce59
000003a098f995b9
000003a0b37ffa79
00000742bf1ce761
000000000118d371
0000000000000181
000003a25a3a2b59
000003a354a91cd9
000003a7ed71a399
000003a9ddf5f259
000003aa4bcc2c79
000007555f879261
000000000118d371
0000000000000181
000003abd6ef7c99
000003ace1a8a0f9
000003ad33cb5bd9
000003add7fcb3b9
000003afb81e0479
000003b29d5ffdb9
000003b3f7bd1df9
00000767fff23e61
000000000118d371
0000000000000181
000003b411b2fc39
000003b415cf1d79
000003b61ba1e2b9
000003b6de8b32d9
000003b8148ff739
000003b937308fb9
000003ba436908b9
000003ba7a6f1679
000003bac13adc59
000003bc15836ef9
0000077aa05cea61
000000000118d371
0000000000000181
000003bdefc81ab9
000003bf6ee7e5d9
000003bffbd74db9
000003c03e471019
000003c04fe6a099
000003c0e6066659
000003c20ef4d8f9
000003c35506cc99
000003c3f0f9d2f9
000003c46ec97d19
000003c4eb920cb9
000003c56106fb99
000003c59a921099
0000078d40c79661
000000000118d371
0000000000000181
000003c73dd300b9
000003c899cf1a99
000003c9a47f2f99
000003cacea67b99
000003caed803739
000003caedd12eb9
000003cbf97a3099
000003ccd7eeb439
000003ce12954339
0000079fe1324261
000000000118d371
0000000000000181
000003d045267d39
000003d12d6e5b99
000003d1a52417b9
000003d4319eded9
000003d4f66d0b59
000003d6295b8939
000003d63ce7ec19
000003d6908d3d79
000003d6b4222399
000003d77f78ce79
000003d79bd812b9
000003d7f20a7f19
000003d92d70abf9
000007b2819cee61
000000000118d371
0000000000000181
000003db1f75b599
000003dbb63f43f9
000003dd8b8fec39
000003de0d7e5959
000003de3486ba19
000003e128b1a239
000003e1803bad79
000003e274405299
000007c522079a61
000000000118d371
0000000000000181
000003e2e8420a19
000003e40467d2f9
000003e4552ce119
000003e6aac75399
000003e774ba6559
000007d7c2724661
000000000118d371
0000000000000181
000003ec9a2e5359
000003ed50602079
000003eea94bc059
000003ef8e19f439
000003ef96d034f9
000003efcdebe2b9
000003f1635329b9
000003f1fae60239
000003f2ba868f99
000003f2de1748f9
000003f32f4f21f9
000003f3400e4679
000003f36fc9a419
000003f4914677d9
000007ea62dcf261
000000000118d371
0000000000000181
000003f567dd5999
000003f593c0c1b9
000003f6058678f9
000003f60eb85fd9
000003f7ad970cf9
000003f8806e5fd9
000003fa2bcdee59
000003fabd5c0559
000003fb554307d9
000003fc195d16b9
000003fc1a2abe19
000003fcd9e64239
000003fcf5a743f9
000003fe19a30799
000003fe39f4aab9
000003fe5b9ff219
000007fd03479e61
000000000118d371
0000000000000181
000004000053dc39
0000040085122eb9
00000400920e78b9
000004016fd1fc39
00000401ebf8ee79
0000040572793259
00000406006d2b59
0000080fa3b24a61
000000000118d371
0000000000000181
00000409e6f97379
0000040ae7c7c199
0000040c7efc3179
0000040cf2dacf19
0000040d8d3768f9
0000040de28fdb99
0000040e230371f9
0000040f96905bf9
0000040fc6ec2239
00000822441cf661
000000000118d371
0000000000000181
000004197ac744d9
0000041a16fbd2f9
0000041a367ed939
0000041a59ffb519
00000834e487a261
000000000118d371
0000000000000181
0000041b4acb0319
0000041bb4080199
0000041be440d339
0000041c2c8d7419
0000041d618f3739
0000041e62613fd9
00000420192d2ed9
00000423003bcad9
0000084784f24e61
000000000118d371
0000000000000181
0000042522ae9bf9
000004259e68f4f9
000004263ddd9179
000004279867e8d9
00000427ca6b9bd9
000004292f319ed9
0000042a3dc7eed9
0000042a5e2e86f9
0000042ace877239
0000042ae1167339
0000042b3bfbf939
0000042b3f745dd9
0000042b809c1019
0000042c057253b9
0000085a255cfa61
000000000118d371
0000000000000181
0000042dda548919
0000042e938b3c19
00000430ba0c5119
0000043587d47bd9
0000086cc5c7a661
000000000118d371
0000000000000181
00000437aa0cc079
00000437c1efecd9
00000438b882a139
00000438e28facf9
0000043908e1acd9
00000439def8d359
0000043a2a9077b9
0000043a2dbbd1b9
0000043a99fdea19
0000043b6ce7a9d9
0000043c1dfef679
0000043e74899679
0000043e91a69379
0000043ec0de0599
0000043f3961edf9
0000043f927ddcb9
0000087f66325361
000000000118d371
0000000000000181
0000043fb436f559
00000441c6aa5db9
0000044318330dd9
0000044351ae3919
00000443705150d9
00000444a165bed9
000004480c3c12f9
00000892069cff61
000000000118d371
0000000000000181
000004493f1aadb9
0000044bd084ed99
0000044cf0269ef9
0000044d43a64a39
0000044dcbad4299
0000044dd33292d9
00000450d88eeb19
000008a4a707ab61
000000000118d371
0000000000000181
0000045322e48419
000004538ed8c739
000004539caff059
00000455119f3b99
0000045541dbfcf9
000004555bcf4f19
0000045663f182b9
00000458a50d14d9
00000458b62e4659
0000045a2668aa19
0000045b53727479
0000045b643bdf39
000008b747725761
000000000118d371
0000000000000181
0000045c8cb6a779
0000045d8e8b22b9
0000045d930aaaf9
0000045ead181959
0000045efc8e2e59
000004601ca6fb59
00000460d66a2c39
00000460fcbd0ad9
0000046133107659
0000046324dd1379
000004636cf2ed79
000004641d1684d9
000008c9e7dd0461
000000000118d371
0000000000000181
00000466410dcab9
00000466e52b9f19
000004678b5456f9
00000467d4fc4859
00000468c15ff499
0000046982928779
00000469faca2579
0000046a0d7d6a39
0000046a0d7d7e19
0000046a92da6699
0000046abbf98799
0000046ae258e839
0000046aecd8d679
0000046c191a0ed9
0000046c8d1bf739
0000046cc3d6cd19
0000046d767d18d9
000008dc8847b061
000000000118d371
0000000000000181
0000046f5fb2f639
0000046f64860bb9
00000472059bb919
00000473c9660639
0000047459ed80d9
000004758f546699
000004761a126199
000004768aacebd9
0000047756a8a2b9
000008ef28b25d61
000000000118d371
0000000000000181
00000478f08b8c59
0000047a48120bb9
0000047c903b8539
0000047d29ce3659
0000047d5e3996d9
0000047dea8b6839
0000047f6fb9ac59
0000047fb8f0d639
00000480475569f9
00000480b4622a39
00000901c91d0961
000000000118d371
0000000000000181
000004813d7bfb19
00000484f59ce639
000004855b368e59
00000486524980d9
0000048701eff819
000004899a154c79
000009146987b661
000000000118d371
0000000000000181
0000048a81cc2139
0000048add0afd19
0000048b6e7d63d9
0000048c62411799
0000048de96dc3f9
0000048f730f0f39
0000048fbc7b8b19
000004900f4d3cd9
000004902783d139
000004934f9e0459
0000092709f26261
000000000118d371
0000000000000181
00000493e83e4239
0000049449304059
0000049589d17e19
00000495e373f2b9
0000049607b70b39
000004963e42fff9
0000049a5682ae79
0000049bb7f101b9
0000049c51d292b9
00000939aa5d0e61
000000000118d371
0000000000000181
0000049d994f3979
0000049ee2730759
0000049efd062779
0000049f271601d9
000004a0f368aa39
000004a1d84311d9
000004a2a8c06cf9
000004a2ae5e89b9
000004a34f68a7b9
000004a4067dca19
0000094c4ac7bb61
000000000118d371
0000000000000181
000004a7296a84f9
000004a774d7bd79
000004a78b8f1a19
000004a7b8c4dab9
000004aa26a4dad9
000004aa34ed3bd9
000004ad9cc863f9
000004af11277379
0000095eeb326861
000000000118d371
0000000000000181
000004b0237c35f9
000004b0618eb899
000004b0a7e33ab9
000004b1c9b8cfd9
000004b307a10a79
000004b342404399
000004b417705139
000004b509615e79
000004b518e29119
000004b579510d59
000004b67cd681f9
000004b6ffa17b79
000009718b9d1461
000000000118d371
0000000000000181
000004ba1baa3b59
000004bb00fed2d9
000004bc99820c39
000004be01400f19
000004bf23adec39
000004bfb1692099
000004bfbbcf9f39
000004c06e275c19
000009842c07c161
000000000118d371
0000000000000181
000004c5fd2c30f9
000004c66a86ea79
000004c783afeb79
000004c7b0ff6cd9
000004c816451499
000004c992a814d9
000004ca4247c639
000004ca699132f9
00000996cc726e61
000000000118d371
0000000000000181
000004cd2c7b8b39
000004cd7a20e999
000004ce2b464599
000004cf8c6a5039
000004cfab23a119
000004d096b9ef59
000004d306da6f19
000004d35350ca79
000004d363ec6db9
000009a96cdd1a61
000000000118d371
0000000000000181
000004d5736e2679
000004d89608ddf9
000004d8e12923b9
000004d90af46cb9
000004d9d9244bd9
000004da4e4c1ab9
000004db2d971a99
000004dc040ac2d9
000004dc18e21019
000004dd17f31f59
000004dd82039ad9
000004dda777eed9
000009bc0d47c761
000000000118d371
0000000000000181
000004df38662b39
000004e0c86bbaf9
000004e12243b679
000004e279294879
000004e2a94a46b9
000004e34da89af9
000004e40de93ef9
000004e5a7aae2d9
000004e7122cfc59
000009ceadb27461
000000000118d371
0000000000000181
000004e8e4cc3499
000004ea9d8c9119
000004eb1c6c1cf9
000004ec32a75ad9
000004ed17b33939
000004ed412ed759
000004ed6c174679
000004ee90e22779
000004efb3653b59
000004f0167dd499
000009e14e1d2061
000000000118d371
0000000000000181
000004f0d8bc3af9
000004f124c77199
000004f1d8f0f119
000004f1f6749f59
000004f47067a6b9
000004f4adda71d9
000004f63731e419
000004f69ae76419
000004f750dcf799
000004f822dcbc19
000004f82fe77639
000004f870756a19
000004f88631f139
000004f969d0c739
000009f3ee87cd61
000000000118d371
0000000000000181
000004fae9fa39d9
000004fb642e38f9
000004fc22dc1e79
000004fc22dc6bb9
000004fd7603c5b9
000004fee69e83b9
000004ff4304acd9
000004ff68aa50d9
000004ff84a20899
00000502ceef2b59
00000502d51abf19
00000a068ef27a61
000000000118d371
0000000000000181
000005037f1e0159
000005040b44b8b9
000005042f47a259
000005054bcc9959
00000505f44d2f99
0000050a502bf7f9
0000050b0b310fb9
0000050b98079659
0000050b9db98b79
00000a192f5d2761
000000000118d371
0000000000000181
0000050cc8ef3059
0000050d15eae639
0000050d5e849359
0000050eec8f6d99
000005106062e959
0000051188903db9
00000511bce10b79
00000513510327d9
00000513af735ad9
000005149ddb8219
00000a2bcfc7d461
000000000118d371
0000000000000181
0000051605a11fb9
0000051725e196f9
000005175c115339
00000519a78fd379
0000051af688c279
0000051dfa1cab19
0000051e670d65d9
0000051e87e77379
0000051f19c81cb9
00000a3e70328161
000000000118d371
0000000000000181
0000051f5a84ab59
0000052092ef0979
00000521582f07b9
0000052196e3b4f9
00000521e084f1f9
00000524059f7cf9
0000052438415bf9
00000524560b0659
00000524ece418d9
00000526056ba659
00000a51109d2e61
000000000118d371
0000000000000181
00000528ea070019
0000052aa8a1b099
0000052d2a9a4599
0000052e47f0ca19
0000052f0e6f9999
0000052fdae6b899
0000052fe2e8f279
00000531c432baf9
00000a63b107db61
000000000118d371
0000000000000181
00000531e10b75d9
00000532543d30d9
00000532eabc40d9
00000535431738f9
00000535d3602b59
00000536145f16f9
0000053664db8179
000005381a9fbd59
00000538c13c6219
000005398be70b39
0000053abc6bbb79
0000053adc221119
00000a7651728861
000000000118d371
0000000000000181
0000053c4c4d0199
0000053ebaa96719
00000540ea07c459
0000054236724e19
000005423677ced9
00000542ffc1b9b9
000005446d348699
00000a88f1dd3561
000000000118d371
0000000000000181
00000545a6137599
00000545e96c5799
00000546664105f9
00000546df5aa6f9
0000054819a83f39
0000054850d68d79
0000054885a65859
000005488889ee79
00000549d5006559
0000054a5e4140b9
0000054dbda3ac59
0000054dc26b3eb9
00000a9b9247e261
000000000118d371
0000000000000181
0000054e6954cf19
0000054fe2636819
000005500d954899
000005510569be19
000005513642bd79
00000551d9a84eb9
00000551f36a4a59
00000552b5d54f19
000005539646c899
0000055596a7d059
00000aae32b28f61
000000000118d371
0000000000000181
000005571ca17619
0000055728ac2c59
000005590122ed99
00000559a5aaa959
0000055a79661a39
0000055cafe5be59
0000055e1d115d79
0000055e5e6ffeb9
00000ac0d31d3c61
000000000118d371
0000000000000181
000005610e8c9e79
00000561b26bc3b9
0000056280518ed9
00000562826c0559
00000562aa1ddc79
00000562eeaa5259
0000056575f2be59
00000567c3539659
0000056962279279
00000ad37387e961
000000000118d371
0000000000000181
0000056bd7fc0d39
0000056c396aed79
0000056d2ff32779
0000056d97f87b39
0000056d9c72a0b9
0000056fc3fe6b39
000005706a9ebd19
000005708efef579
00000570e759dc99
00000570f96400d9
00000ae613f29661
000000000118d371
0000000000000181
00000573dcfc1ab9
0000057408302eb9
00000578a1a79a39
00000579671f49b9
00000af8b45d4461
000000000118d371
0000000000000181
0000057c92675d99
00000afd9d120d61
000000000118d371
0000000000000181
