[MCS8 A] 97 FW 3.104 SV 1.257 
range=1024
periods=2
sweepmode=27e20d0
fstchan=0
holdafter=0
streamstatus=3
calreg0=0
calreg1=0
calreg2=0
calreg3=0
swpreset=8000        
prena=0
syncout=0
cycles=18
sequences=1
tagbits=16
vdac0=92c
vdac1=807
vdac2=8c8
vdac3=8c8
vdac4=8c8
vdac5=8c8
vdac6=8c8
vdac7=8c8
timepreset=20.000      
digio=0
digval=0
autoinc=0 
savedata=2 
mpafmt=asc
sephead=0 
fmt=asc
smoothpts=5 
[CHN1]
REPORT-FILE from 06/19/2026 12:26:24.786  written 06/19/2026 12:26:24
cmline0=06/19/2026 12:26:24.786 
cmline1=A1
range=1024
active=1
bitshift=4
cftfak=2580100
evpreset=10          
roimin=0
roimax=1000
caloff=0.800000
calfact=12.800000
calfact2=0
calfact3=0
calunit=nsec
caluse=1 
[CHN2]
REPORT-FILE from  written 06/19/2026 12:26:24
cmline1=A2
range=1024
active=0
bitshift=4
cftfak=2580100
evpreset=10          
roimin=0
roimax=1000
caloff=0.800000
calfact=12.800000
calfact2=0
calfact3=0
calunit=nsec
caluse=1 
[CHN3]
REPORT-FILE from  written 06/19/2026 12:26:24
cmline1=A3
range=1024
active=0
bitshift=4
cftfak=2580100
evpreset=10          
roimin=0
roimax=1000
caloff=0.800000
calfact=12.800000
calfact2=0
calfact3=0
calunit=nsec
caluse=1 
[CHN4]
REPORT-FILE from  written 06/19/2026 12:26:24
cmline1=A4
range=1024
active=0
bitshift=4
cftfak=2580100
evpreset=10          
roimin=0
roimax=1000
caloff=0.800000
calfact=12.800000
calfact2=0
calfact3=0
calunit=nsec
caluse=1 
[CHN5]
REPORT-FILE from  written 06/19/2026 12:26:24
cmline1=A5
range=1024
active=0
bitshift=4
cftfak=2580100
evpreset=10          
roimin=0
roimax=1000
caloff=0.800000
calfact=12.800000
calfact2=0
calfact3=0
calunit=nsec
caluse=1 
[CHN6]
REPORT-FILE from  written 06/19/2026 12:26:24
cmline1=A6
range=1024
active=0
bitshift=4
cftfak=2580100
evpreset=10          
roimin=0
roimax=1000
caloff=0.800000
calfact=12.800000
calfact2=0
calfact3=0
calunit=nsec
caluse=1 
[CHN7]
REPORT-FILE from  written 06/19/2026 12:26:24
cmline1=A7
range=1024
active=0
bitshift=4
cftfak=2580100
evpreset=0           
roimin=0
roimax=1000
caloff=0.800000
calfact=12.800000
calfact2=0
calfact3=0
calunit=nsec
caluse=1 
[CHN8]
REPORT-FILE from 06/19/2026 11:29:06.915  written 06/19/2026 12:26:24
cmline0=06/19/2026 11:29:06.915 
cmline1=A8
range=1024
active=0
bitshift=4
cftfak=2580100
evpreset=0           
roimin=0
roimax=1000
caloff=0.800000
calfact=12.800000
calfact2=0
calfact3=0
calunit=nsec
caluse=1 
;MCS8 #97 Sversion=1.257 Fversion=3.68
time_patch=1
;datalength=8 bytes
;bit0..3: channel# 1..8 ( 4 bit)
;bit4: edge 0=up / 1=dn ( 1 bit)
;bit5 ..57: timedata    (53 bit), max sweep length 2001.6 h
;bit58..62: tag0..tag4  ( 5 bit)
;bit63:     data_lost   ( 1 bit)
[DATA]
0000000000000016
000000029e710719
000000048ff141d9
0000000747cb4ab9
00000009d88534d9
0000000ba925d699
0000000bae870bf9
0000000c513c4439
0000000ea0acbeb9
0000002156212861
0000000000f3cf71
0000000000000181
00000010cfd59f59
000000123f8fc919
000000193d7ec799
00000033f68bcf61
0000000000f3cf71
0000000000000181
0000001a39fbdc19
0000001a6cfec059
0000001ab88f8819
0000001c0e79ceb9
0000001d6e51db59
0000001ffe3db099
00000020242c8e39
00000021dab62f39
0000004696f67661
0000000000f3cf71
0000000000000181
0000002477a12839
00000024ef296779
0000002681a997d9
00000028c129f099
0000002a3b72bb99
0000002b4995d219
0000002bc97b58d9
0000002bcb714bd9
0000002c37c0b379
0000005937611d61
0000000000f3cf71
0000000000000181
0000002cc6d8cbb9
0000002d2af54bd9
0000003162b59539
00000033aca64539
0000006bd7cbc461
0000000000f3cf71
0000000000000181
000000373e160a79
00000037fccd9ef9
00000039b0dde239
0000003b281a35f9
0000003d6e42e6f9
0000003def04e3b9
0000003e696a2bd9
0000003ea4139819
0000007e78366b61
0000000000f3cf71
0000000000000181
0000004250a9a219
000000433ee7cab9
0000004382d622b9
00000043cd8af7d9
0000004553d1e119
000000464093fe79
00000046ee2bd759
000000478e99aeb9
00000047d2562b19
0000009118a11361
0000000000f3cf71
0000000000000181
00000049a5af2219
0000004d2d5d4eb9
0000004e81ae53b9
0000004e90145b39
0000004eb9f83259
0000004ebe1665b9
000000504da686b9
000000a3b90bba61
0000000000f3cf71
0000000000000181
00000054bbfdbed9
0000005699e68919
00000057f072dfb9
00000059a87c0939
00000059bf185719
0000005aec824c19
000000b659766161
0000000000f3cf71
0000000000000181
0000005c1b5ab959
0000005ceba92079
0000005d4b084db9
0000005dfe098479
0000005e4bb83639
0000005f4142d599
00000060efc22a79
000000c8f9e10861
0000000000f3cf71
0000000000000181
00000064df506b19
00000064f0640fd9
00000068d5b25cf9
0000006d0a2b7359
000000db9a4baf61
0000000000f3cf71
0000000000000181
000000744363c039
0000007542df28b9
000000759437e4d9
00000075e4872699
000000ee3ab65661
0000000000f3cf71
0000000000000181
000000776003ec59
000000783af6ac59
0000007c89d3e239
0000007d18fe4719
0000007e03e2e4f9
0000007e0d6aae19
0000007f4d62d6d9
0000007f5a7844f9
00000100db20fd61
0000000000f3cf71
0000000000000181
00000080d4d5fb59
0000008309924db9
00000083f7ca9159
00000084fbb50119
0000008605af97d9
000000890588b5d9
000001137b8ba461
0000000000f3cf71
0000000000000181
0000008a988edad9
0000008c0d882159
0000008f2ab7f1b9
0000008fbf50ec79
0000008fd28e9379
000000903f65b9b9
0000009186ca6419
00000091f1d70cd9
00000092716b6279
00000092eb8aa599
000001261bf64b61
0000000000f3cf71
0000000000000181
0000009338fa2a19
0000009756063279
000000976f2af7b9
000000977c628539
0000009aa8a51d99
00000138bc60f261
0000000000f3cf71
0000000000000181
0000009e7f7680b9
0000009f1ed3bd79
0000009ff12c32b9
000000a3644a2519
0000014b5ccb9961
0000000000f3cf71
0000000000000181
000000a78dd33279
000000a821e45e99
000000ac4274f8f9
000000ac4dd26d99
000000aca993aa99
0000015dfd364061
0000000000f3cf71
0000000000000181
000000af1a44d279
000000af60d1c679
000000b210c3a019
000000b39dc9d759
000000b3ca6c1c99
000000b519bcd499
000000b570d06359
000000b5b92e1799
000000b62025de79
000000b6d5efe7d9
000001709da0e761
0000000000f3cf71
0000000000000181
000000bcef6eee19
000000be88436f99
000000bf0ecf4959
000000bf1e1c1539
000000c14969baf9
000000c184b05459
000001833e0b8f61
0000000000f3cf71
0000000000000181
000000c1e9e22639
000000c288445c59
000000c2f2e48e99
000000c2ffd44799
000000c607269319
000000c7d724cb79
000000c9ecbed7b9
00000195de763661
0000000000f3cf71
0000000000000181
000000cbaa5bbb19
000000cf1b2506d9
000000d01abd91b9
000000d345b27a59
000000d3e8c4a6f9
000001a87ee0dd61
0000000000f3cf71
0000000000000181
000000d573c50f19
000000d5cf259219
000000d69609f579
000000d6e06cdbb9
000000d887edd159
000001bb1f4b8461
0000000000f3cf71
0000000000000181
000000e03069b259
000000e2e60f2219
000000e3efe83839
000000e519202319
000001cdbfb62b61
0000000000f3cf71
0000000000000181
000000eb63a5afd9
000000ee04979419
000000ee12b8ed59
000000ee34888119
000000ee7d475719
000000eeab979af9
000000eeb9bc3ff9
000001e06020d261
0000000000f3cf71
0000000000000181
000000f052878479
000000f168f18919
000000f270acb159
000000f2f6f278b9
000000f34f7f3fd9
000000f88e1e8179
000000f9115ae9f9
000001f3008b7961
0000000000f3cf71
0000000000000181
000000f98654e9d9
000000fa8ff450f9
000000fb446a8139
000000fc8b2920b9
000000fea9b14a19
00000100ec7cbdb9
000001024189fb59
00000205a0f62161
0000000000f3cf71
0000000000000181
0000010384cc9af9
0000010614d90139
00000107a01ec939
00000108ad3f9ef9
00000108e9baafd9
00000109f4ec40d9
000002184160c861
0000000000f3cf71
0000000000000181
0000010d50bd05d9
0000010debdfae39
0000010dfec6a779
0000010f1bf747d9
0000022ae1cb6f61
0000000000f3cf71
0000000000000181
00000115ff9b30d9
0000011600f31779
0000011610ae0db9
00000116adc166b9
0000011c5aa61c19
0000011d6b1171f9
0000023d82361661
0000000000f3cf71
0000000000000181
0000011fb3a9d599
000001235ac5b9b9
0000012573ed9a39
0000025022a0bd61
0000000000f3cf71
0000000000000181
0000012af3a3c479
0000012c0cc9d339
0000012d5ad74d99
0000012f02e7d2b9
0000012fe84e5839
00000262c30b6461
0000000000f3cf71
0000000000000181
00000131a2cfbdf9
000001336c395cb9
00000133fd6122d9
00000135031953d9
00000136be6a5f79
00000139370faeb9
00000139840d6f59
00000139b44cd099
0000027563760c61
0000000000f3cf71
0000000000000181
0000013b2bb8e179
0000013bfd0d3f39
00000140803d9f99
00000141976fa039
00000142fa15d0d9
0000028803e0b361
0000000000f3cf71
0000000000000181
00000148c2354259
000001494b26ca59
000001496e4df919
0000014c26684299
0000014cbd1a6fd9
0000029aa44b5a61
0000000000f3cf71
0000000000000181
0000014dbcaece39
0000014ffc643619
000001503c1bc7d9
0000015132b45759
00000151b7586639
0000015593582859
000002ad44b60161
0000000000f3cf71
0000000000000181
00000156f032c6b9
0000015795a4ab39
00000157ede9d199
0000015c6b579c19
0000015c70430759
0000015d83298319
0000015da4858559
0000015da4858e39
0000015f5b5e2099
0000015fac1f3d19
0000015fcf67a339
000002bfe520a861
0000000000f3cf71
0000000000000181
0000016002fd8859
00000160617d48f9
00000160bf238bf9
00000161e2fa8db9
000001626b668659
00000164fd25a039
0000016581c09e59
00000167076c0ed9
00000167aa84d159
0000016871da9ff9
00000168a5e0a3f9
000002d2858b5061
0000000000f3cf71
0000000000000181
00000169490768d9
00000169c76e6199
0000016e80bab5d9
0000016fc4a6ec39
000002e525f5f761
0000000000f3cf71
0000000000000181
00000175ce438959
00000176cd9d0c39
00000176d4801939
000001770a97eff9
000001778760d999
00000179a2279059
00000179d3d88359
0000017a69768b19
0000017aee20b379
000002f7c6609e61
0000000000f3cf71
0000000000000181
0000017e636a2c19
0000017ec1922259
0000017fe122e699
00000180b97fbdb9
00000180f8114299
00000182dd894d99
0000018314810d39
000001852272efd9
0000030a66cb4561
0000000000f3cf71
0000000000000181
00000189192f2bd9
0000018b78720f99
0000031d0735ed61
0000000000f3cf71
0000000000000181
0000018ed9aaaa79
00000192f3a3f839
00000194e5fdb9d9
00000196796ff579
0000019779da23f9
000001977d3b93f9
0000032fa7a09461
0000000000f3cf71
0000000000000181
00000199809d2bd9
0000019a19a90379
0000019bcea4d3d9
0000019bd24bba19
0000019c0c8d1c79
0000019ced797559
000001a016603579
000001a0ced64639
00000342480b3b61
0000000000f3cf71
0000000000000181
000001a1a17ca6b9
000001a4f44273d9
000001a875893359
000001a9218cb299
000001a940a03299
000001a950a20059
00000354e875e361
0000000000f3cf71
0000000000000181
000001aca60d5139
000001ad5ba93619
000001ad8fe58119
000001ae7a55ac19
000001aef68c9d19
000001af03d41959
000001b2093abbd9
000001b21d9739f9
0000036788e08a61
0000000000f3cf71
0000000000000181
000001b40ce16299
000001b6a31cac39
000001b87b86c3f9
000001bbbc261df9
000001bbe6328df9
000001bc9b05dd19
0000037a294b3161
0000000000f3cf71
0000000000000181
000001bd20585ff9
000001bf30648fd9
000001c03a3f81f9
000001c0f01c1379
000001c0f9cd4f59
000001c4a99ea739
000001c4f42fff19
0000038cc9b5d961
0000000000f3cf71
0000000000000181
000001c86968fd59
000001c9ae567d79
000001c9fcfbaab9
0000039f6a208061
0000000000f3cf71
0000000000000181
000001d348695219
000003b20a8b2761
0000000000f3cf71
0000000000000181
000001d96cfc0e59
000001da06ed0999
000001da0a2d3b19
000001da675ff019
000001daa2c74bb9
000001dcf2bf7619
000001df06e75c79
000001e16293cd99
000003c4aaf5cf61
0000000000f3cf71
0000000000000181
000001e3dd0ff5b9
000001e6d1a84c79
000001e84fdeaed9
000001e8814b2cb9
000003d74b607661
0000000000f3cf71
0000000000000181
000001ec36a3a159
000001ec782fc4b9
000001ed7a039f59
000001ef09663299
000001f0a2ebe119
000001f198264819
000001f2b576e939
000003e9ebcb1e61
0000000000f3cf71
0000000000000181
000001f60af17cb9
000001f8a0dd4d59
000001f8badb75f9
000001f9733d0d59
000001f9fd091819
000003fc8c35c561
0000000000f3cf71
0000000000000181
000002001c0f3359
00000203f4fc12b9
0000020402b011f9
00000204105b2e59
00000205fb0b1a19
0000040f2ca06c61
0000000000f3cf71
0000000000000181
0000020926f739f9
0000020980fc3619
0000020acce6cc39
0000020b4d374399
0000020baa5edf19
0000021056399bb9
00000421cd0b1461
0000000000f3cf71
0000000000000181
00000212dc888159
00000215af2e6639
0000021718965a39
0000021971295499
0000021985a5f719
000004346d75bb61
0000000000f3cf71
0000000000000181
0000021b4760ebb9
0000021db4038e39
0000021ed2819d79
0000021f29733459
0000021fcfb695f9
000002203069f019
00000220d56cbad9
0000022152579859
00000221f0385db9
000002224ec974f9
00000222fdaf9c19
000004470de06361
0000000000f3cf71
0000000000000181
00000223d66d65d9
00000225208cf259
0000022603d026b9
0000022745412899
00000229160e0b99
0000022a2bd0b399
0000022b7100d059
0000022bf146aef9
00000459ae4b0a61
0000000000f3cf71
0000000000000181
0000022dbed31a79
0000023556d8cd99
0000023557e410d9
0000023616a169f9
0000046c4eb5b161
0000000000f3cf71
0000000000000181
0000023646936339
0000023956ea0579
0000023eb4dcb559
0000023efb076339
0000047eef205961
0000000000f3cf71
0000000000000181
000002407eb5e0f9
000002412941d3b9
00000246b96d6c99
00000246ff524419
0000024741fa72f9
000004918f8b0061
0000000000f3cf71
0000000000000181
0000024c2c9b8379
0000024c934e0d79
0000024cf81c4dd9
0000024d35d3fbf9
0000024de5fcb859
000002514fed3c79
00000251b5e30619
000004a42ff5a861
0000000000f3cf71
0000000000000181
00000254521bcf19
0000025466b094d9
000002548e446179
000002579300d9d9
00000259bb95fff9
0000025a59070639
0000025ad5098f99
000004b6d0604f61
0000000000f3cf71
0000000000000181
0000025b7d4ce659
0000025c47a52f59
0000025c76f63b59
0000025ce2c02f99
0000025dc5ad0419
00000260ded9e1d9
000004c970caf761
0000000000f3cf71
0000000000000181
00000267ab40fa39
00000267b25cd4f9
000002697735ea79
0000026a37e69f99
0000026aea7480b9
0000026c59548f79
000004dc11359e61
0000000000f3cf71
0000000000000181
0000026f70b2caf9
00000270fed2d9f9
000002716b7268f9
0000027217362cf9
000002736e1c6799
0000027399659d79
0000027678696fb9
000002772ddbf4d9
00000277530507f9
000004eeb1a04661
0000000000f3cf71
0000000000000181
00000279b84dde99
0000027b58da51f9
0000027d8c6198d9
00000501520aed61
0000000000f3cf71
0000000000000181
00000280d436e319
00000284d5bf05f9
00000285ada36279
00000285eae2ff19
000002877ddcee99
00000287ad4a06b9
00000513f2759561
0000000000f3cf71
0000000000000181
0000028b838dbab9
0000028c2b2e7eb9
0000028ed2ad9859
0000029154067139
000002915ff2da39
00000292dc8d9579
00000292f170d719
000002930dd0c0b9
0000052692e03c61
0000000000f3cf71
0000000000000181
00000293a5a83799
00000293e62ab5d9
000002967a279379
0000029b42cc21b9
00000539334ae461
0000000000f3cf71
0000000000000181
0000029cbf389db9
0000029cd9949d39
0000029d9c520b39
0000029f7137fa79
000002a1e9123059
000002a303cf8919
000002a5d11a36b9
0000054bd3b58b61
0000000000f3cf71
0000000000000181
000002a98449a9f9
000002ad2cfb3eb9
0000055e74203361
0000000000f3cf71
0000000000000181
000002b039ca1439
000002b3e6d4a139
000002b48639a7d9
000002b48fb84d39
000002b4a6f473d9
00000571148ada61
0000000000f3cf71
0000000000000181
000002baeb2e5159
00000583b4f58261
0000000000f3cf71
0000000000000181
000002c20af99c79
000002c4408e71d9
000002c4c9ec8099
000002c65eca2819
000002c8f2390539
0000059655602a61
0000000000f3cf71
0000000000000181
000002cfa4d0a5d9
000005a8f5cad161
0000000000f3cf71
0000000000000181
000002da5a8c5ff9
000002dadee23cf9
000005bb96357961
0000000000f3cf71
0000000000000181
000002ddfa326779
000002de573cd0d9
000002e174ce60b9
000002e1e7bf69f9
000002e67a16e479
000002e6dad4d9d9
000005ce36a02061
0000000000f3cf71
0000000000000181
000002e7f4f17019
000002e86210de19
000002eafe011959
000002ec3ec34699
000005e0d70ac861
0000000000f3cf71
0000000000000181
000002f06c7b8339
000002f2da8e1259
000002f34b559d99
000002f53699f579
000002f75fd18259
000002f9623d77d9
000005f377757061
0000000000f3cf71
0000000000000181
000002fd0980ce99
000003015d539b99
00000301b397e139
0000060617e01761
0000000000f3cf71
0000000000000181
000003061f075219
0000030869296e99
00000309d75aab99
0000030a25f66459
0000030b7b6fb3f9
00000618b84abf61
0000000000f3cf71
0000000000000181
0000030c9669b719
0000030d85035b99
0000030ef0f19039
0000030fc1651299
000003110d87e9f9
0000031509868619
0000062b58b56761
0000000000f3cf71
0000000000000181
00000315b1278219
00000315d0cfc7f9
000003189f6d4719
0000031ac759b5b9
0000031b40af5919
0000031b6a14d799
0000031c09aaf699
0000031d3698d099
0000031ee1ae9659
0000063df9200e61
0000000000f3cf71
0000000000000181
0000032117097db9
000003253a135679
00000325d354b479
00000326318658f9
00000326bc7006f9
000003280fd74b99
00000650998ab661
0000000000f3cf71
0000000000000181
00000328f17eedd9
0000032a05a27799
0000033027d62a99
000003319bf00859
0000066339f55e61
0000000000f3cf71
0000000000000181
000003326322e7b9
000003330924fd19
0000033382141279
0000033627b7a519
0000033756930d39
00000338d46cc1d9
0000033a8a6f8c19
00000675da600561
0000000000f3cf71
0000000000000181
0000033af8230c19
0000033baff7db19
0000033cc5e2f6b9
0000033eb97ee9b9
0000033f038fe6f9
0000034136369899
000006887acaad61
0000000000f3cf71
0000000000000181
00000346aabf2879
0000034720929299
0000034b10468859
0000034bbeb228d9
0000034c19307299
0000034c29ca7379
0000069b1b355561
0000000000f3cf71
0000000000000181
0000034e78a63d99
0000034eceb88019
0000034f140441f9
0000035063313b19
000003513ef92af9
0000035338c57d19
00000355ffb9a239
000006adbb9ffd61
0000000000f3cf71
0000000000000181
0000035a0769b519
0000035a2ab46ef9
0000035b3b0876f9
0000035b52e8e5d9
0000035cd387b919
0000035dfeb22cd9
000006c05c0aa461
0000000000f3cf71
0000000000000181
000003609ab47539
000003610a2725b9
00000361d6eedf39
000003641bbcb519
000003646ebb8d79
00000364f79bddb9
000006d2fc754c61
0000000000f3cf71
0000000000000181
0000036a27ac6179
0000036a531764d9
0000036b03ff5d99
0000036fc82b2d39
000006e59cdff461
0000000000f3cf71
0000000000000181
0000037a356ebf39
0000037a4d2645d9
0000037b072a5659
0000037bde9a9af9
000006f83d4a9b61
0000000000f3cf71
0000000000000181
0000037db293a8b9
0000037f7e1cf5b9
0000037fd895ee79
0000038001598ef9
00000380212c5739
00000381c96b6b19
00000382dcbd8f39
000003850b09e419
0000070addb54361
0000000000f3cf71
0000000000000181
000003881cd30199
0000071d7e1feb61
0000000000f3cf71
0000000000000181
000003920859ab79
00000397de3c3719
000007301e8a9361
0000000000f3cf71
0000000000000181
00000398cedd6a99
00000399434892f9
0000039b248895f9
0000039c10eed3f9
0000039c94a2d279
0000039e3d0c2c59
0000039e5f225ef9
0000039f8b6e4299
0000039fb1ebcd39
0000039fdae88a59
0000039fdf68ac79
000003a10f41e0f9
00000742bef53a61
0000000000f3cf71
0000000000000181
000003a56ce2cfb9
000003a6a9d27ad9
000003a7692c7599
000003a87cc1c499
000007555f5fe261
0000000000f3cf71
0000000000000181
000003abcb512199
000003acf9802319
000003aee2559719
000003b07b136b39
000003b2163d0279
00000767ffca8a61
0000000000f3cf71
0000000000000181
000003baba3fec99
000003bb3e66cfb9
000003bca6ff8539
0000077aa0353261
0000000000f3cf71
0000000000000181
000003bdb62e7dd9
000003bf2f030719
000003bf7ebd4a99
000003c15e140819
000003c1f75e5799
000003c37a09de79
000003c641642719
0000078d409fd961
0000000000f3cf71
0000000000000181
000003c6bf82bc99
000003cbb1adcd39
000003cbb7be84b9
000003cc4abf77d9
000003cdc01a2319
000003cdff1d3f59
000003cf34c997d9
000003cf8be6d1d9
000003cf929ae039
0000079fe10a8161
0000000000f3cf71
0000000000000181
000003d24bfadb59
000003d2f451cbd9
000003d5cd6caed9
000003d693188739
000003d7f67b06b9
000003d8d6da5a39
000007b281752961
0000000000f3cf71
0000000000000181
000003dc1fd1c499
000003dc296a98f9
000003df3c6f40b9
000007c521dfd161
0000000000f3cf71
0000000000000181
000003e3647aaf39
000003e5fa812319
000003e8eb0876d9
000003e962ebf479
000003ea52cf3a99
000003eba9ef6899
000003ebbe4f5f19
000007d7c24a7861
0000000000f3cf71
0000000000000181
000003edabde8719
000003ede0ec0379
000003efd12ef7d9
000003f141617479
000003f14dab36d9
000003f2f7b70a39
000003f33aeed259
000003f3de05a999
000007ea62b52061
0000000000f3cf71
0000000000000181
000003f8ae2039d9
000003f9d301da59
000003fac0c2b2f9
000003fb4dc4f399
000003fcc9509819
000007fd031fc861
0000000000f3cf71
0000000000000181
000004008cb24319
000004015b1b5759
000004022e868579
00000403a2f148b9
000004052f038c19
0000040786fb34f9
0000080fa38a7061
0000000000f3cf71
0000000000000181
00000408b3bd1e99
00000408e5428159
00000409158fe139
000004095d8a2fb9
0000040cc5c797d9
0000040d1db0e879
0000040d3c6cb099
0000040e672c9e59
0000040f98944dd9
0000082243f51861
0000000000f3cf71
0000000000000181
0000041636f706f9
00000416766de359
00000417941cc0f9
00000834e45fc061
0000000000f3cf71
0000000000000181
0000041d2cbf4039
0000041d5c80d059
0000041e06078779
0000084784ca6761
0000000000f3cf71
0000000000000181
00000424254cbb99
000004265299b7b9
000004266d4e2ab9
000004287c7e2c19
0000042a29f72db9
0000042a37125c39
0000042ac2001719
0000042ad4df4879
0000042b3db211f9
0000042bfb013f19
0000085a25350f61
0000000000f3cf71
0000000000000181
000004304e616e99
00000432f2ef77f9
00000434171610f9
000004341cc6c1f9
0000086cc59fb761
0000000000f3cf71
0000000000000181
000004370068f559
00000438cce09d79
00000438d3d4d8f9
0000043d9095cfd9
0000087f660a5f61
0000000000f3cf71
0000000000000181
000004432d74b4b9
00000444c1064639
00000444ff9bd2d9
00000445ee67ff59
000004470064fd79
00000448fbbf0dd9
0000089206750761
0000000000f3cf71
0000000000000181
0000044926651179
0000044cecc422f9
0000044f310a1339
000008a4a6dfaf61
0000000000f3cf71
0000000000000181
00000453e7dae5f9
00000455b5444e59
00000455cdae0539
000004566682ba39
0000045766c95ef9
0000045ae629c219
0000045b034b0839
0000045b867de359
000008b7474a5761
0000000000f3cf71
0000000000000181
0000045ebf51c519
0000045f5525a3b9
00000461da047559
0000046416583b99
00000464af53a3d9
000008c9e7b4ff61
0000000000f3cf71
0000000000000181
000004668a42b599
00000466e62e4fd9
00000467b3d0d599
0000046954e9b2b9
000004698afbc2b9
0000046a68694779
0000046b07cf4699
0000046c05207ab9
0000046d66690959
0000046d666914f9
0000046d9b36dbf9
0000046da595bf79
000008dc881fa761
0000000000f3cf71
0000000000000181
0000047055750779
0000047214a63fb9
000004728e7b95b9
000004732338a9d9
0000047359114a19
0000047714bdb419
000008ef288a4e61
0000000000f3cf71
0000000000000181
00000479b4762739
0000047c3eb25e39
0000047c83df1579
0000047fe6b85879
00000901c8f4f661
0000000000f3cf71
0000000000000181
000004838c37ee99
0000048423bb9cd9
0000048487e26e99
00000484c71e8ad9
00000486dd160e79
000004870c758f79
00000487ce3e06b9
00000914695f9e61
0000000000f3cf71
0000000000000181
0000048b2b4046b9
0000048dc2a063b9
0000048f079262f9
0000049112d28eb9
0000049193f3d3d9
0000092709ca4661
0000000000f3cf71
0000000000000181
00000493c5e14d19
0000049491a6dff9
00000495581daff9
0000049608e610b9
000004969bcb19d9
00000939aa34ee61
0000000000f3cf71
0000000000000181
0000049d9d4b7df9
0000049df12008b9
000004a0791f63b9
000004a13ee19859
000004a32e9d9ff9
000004a3b00dd239
000004a4e31a8eb9
000004a58ac9b539
0000094c4a9f9661
0000000000f3cf71
0000000000000181
000004a7e46e6c19
000004a8f4e1c4f9
000004a984566299
000004aad77f4979
000004ae076375d9
0000095eeb0a3e61
0000000000f3cf71
0000000000000181
000004aff6bad359
000004b59a27d459
000004b5ac56fc99
000009718b74e761
0000000000f3cf71
0000000000000181
000004b997026999
000004b9ae1dfcf9
000004bab6f22179
000004bc5a6b0959
000004bccec16779
000004bcfbd7a5d9
000004bd5aab8999
000004be3b646739
000004c172757519
000004c19958b639
000009842bdf8f61
0000000000f3cf71
0000000000000181
000004c251254c99
000004c3b277c959
000004c488e38a19
000004c489e7acd9
000004c4e0e6a9d9
000004c5a9f898d9
000004c5ed1aa119
000004c6e4c06a79
000004c7ce9d98d9
000004c9ef1e7779
000004c9feba9659
000004cb1a3d8939
00000996cc4a3761
0000000000f3cf71
0000000000000181
000004cc12f482d9
000004cfe00db899
000004d0357a6bb9
000004d12eb3b579
000009a96cb4df61
0000000000f3cf71
0000000000000181
000004d60b2f7899
000004d61bed8eb9
000004d8c7944099
000004dadd3fa079
000004db079fc9d9
000004dd7e1efbf9
000009bc0d1f8761
0000000000f3cf71
0000000000000181
000004e24fba3ab9
000004e283db9119
000004e316e24219
000004e5a3eb1e79
000009cead8a2f61
0000000000f3cf71
0000000000000181
000004e9a4a25179
000004ecf6460fd9
000004ed3c48c939
000004ee90de1bf9
000009e14df4d761
0000000000f3cf71
0000000000000181
000004f3f462e059
000004f54a4feff9
000004f619213539
000004f6d51f6119
000004f85346d239
000004f886713159
000004f8f617ddd9
000009f3ee5f7f61
0000000000f3cf71
0000000000000181
000004fb2e104c39
000004fb4ccf8019
000004fc54252319
000004fe7a5e9c99
000004feb912e879
00000a068eca2761
0000000000f3cf71
0000000000000181
00000504df825e59
00000506b7b5a8b9
0000050765ef8839
00000509b7849a39
0000050a539d99b9
0000050c274a0879
0000050c5cc6ba79
00000a192f34d061
0000000000f3cf71
0000000000000181
00000510752a5cf9
000005110bda19b9
000005111fc841b9
000005119268d8d9
00000a2bcf9f7861
0000000000f3cf71
0000000000000181
00000516c4ad97f9
000005197d6cc999
0000051a55bc9559
0000051b031ee4d9
0000051d57886c39
0000051e0e7ef4b9
00000a3e700a2061
0000000000f3cf71
0000000000000181
00000521974fd579
00000521b986f519
0000052404561879
00000524895c4719
00000a511074c861
0000000000f3cf71
0000000000000181
0000052c67bde4f9
0000052fff736039
0000053046fed719
00000530bdab1339
00000a63b0df7161
0000000000f3cf71
0000000000000181
00000532b17c3159
000005333ac26cd9
0000053711046e19
00000538ea877199
00000a76514a1961
0000000000f3cf71
0000000000000181
0000053b5888ce19
0000053b6fc3c979
0000053c22751019
00000a88f1b4c161
0000000000f3cf71
0000000000000181
00000544a71a6c59
0000054646f113b9
0000054a166ce279
00000a9b921f6a61
0000000000f3cf71
0000000000000181
0000054f4df29879
0000054fcf903919
0000055074d60f39
0000055096cc8379
0000055317fe1f79
000005535e733d99
00000aae328a1261
0000000000f3cf71
0000000000000181
0000055727902f59
00000559a3710a79
00000559e0df54d9
0000055e3d8ce1d9
0000055f4d2d6939
0000055ff6834df9
00000ac0d2f4ba61
0000000000f3cf71
0000000000000181
0000056129b35b99
000005623020be19
0000056350454b99
000005659c63ea19
0000056682488979
00000567481773d9
0000056881db10b9
00000568941e0b79
00000568ba3c5c39
00000ad3735f6361
0000000000f3cf71
0000000000000181
0000056b110d91b9
0000056dd3b3e699
0000056de1e0ca59
0000056f9eb7e0f9
00000571c696f6f9
0000057223968919
000005722e63ae59
00000572673d70b9
00000ae613ca0b61
0000000000f3cf71
0000000000000181
000005755451b719
00000af8b434b461
0000000000f3cf71
0000000000000181
0000057e7ddd5339
000005815220f9b9
00000582752c51f9
00000b069c34d061
0000000000f3cf71
0000000000000181
