[MCS8 A] 97 FW 3.104 SV 1.257 
range=1024
periods=2
sweepmode=27e20d0
fstchan=0
holdafter=0
streamstatus=3
calreg0=0
calreg1=0
calreg2=0
calreg3=0
swpreset=8000        
prena=0
syncout=0
cycles=18
sequences=1
tagbits=16
vdac0=92c
vdac1=807
vdac2=8c8
vdac3=8c8
vdac4=8c8
vdac5=8c8
vdac6=8c8
vdac7=8c8
timepreset=20.000      
digio=0
digval=0
autoinc=0 
savedata=2 
mpafmt=asc
sephead=0 
fmt=asc
smoothpts=5 
[CHN1]
REPORT-FILE from 06/19/2026 13:20:52.908  written 06/19/2026 13:20:52
cmline0=06/19/2026 13:20:52.908 
cmline1=A1
range=1024
active=1
bitshift=4
cftfak=2580100
evpreset=10          
roimin=0
roimax=1000
caloff=0.800000
calfact=12.800000
calfact2=0
calfact3=0
calunit=nsec
caluse=1 
[CHN2]
REPORT-FILE from  written 06/19/2026 13:20:52
cmline1=A2
range=1024
active=0
bitshift=4
cftfak=2580100
evpreset=10          
roimin=0
roimax=1000
caloff=0.800000
calfact=12.800000
calfact2=0
calfact3=0
calunit=nsec
caluse=1 
[CHN3]
REPORT-FILE from  written 06/19/2026 13:20:52
cmline1=A3
range=1024
active=0
bitshift=4
cftfak=2580100
evpreset=10          
roimin=0
roimax=1000
caloff=0.800000
calfact=12.800000
calfact2=0
calfact3=0
calunit=nsec
caluse=1 
[CHN4]
REPORT-FILE from  written 06/19/2026 13:20:52
cmline1=A4
range=1024
active=0
bitshift=4
cftfak=2580100
evpreset=10          
roimin=0
roimax=1000
caloff=0.800000
calfact=12.800000
calfact2=0
calfact3=0
calunit=nsec
caluse=1 
[CHN5]
REPORT-FILE from  written 06/19/2026 13:20:52
cmline1=A5
range=1024
active=0
bitshift=4
cftfak=2580100
evpreset=10          
roimin=0
roimax=1000
caloff=0.800000
calfact=12.800000
calfact2=0
calfact3=0
calunit=nsec
caluse=1 
[CHN6]
REPORT-FILE from  written 06/19/2026 13:20:52
cmline1=A6
range=1024
active=0
bitshift=4
cftfak=2580100
evpreset=10          
roimin=0
roimax=1000
caloff=0.800000
calfact=12.800000
calfact2=0
calfact3=0
calunit=nsec
caluse=1 
[CHN7]
REPORT-FILE from  written 06/19/2026 13:20:52
cmline1=A7
range=1024
active=0
bitshift=4
cftfak=2580100
evpreset=0           
roimin=0
roimax=1000
caloff=0.800000
calfact=12.800000
calfact2=0
calfact3=0
calunit=nsec
caluse=1 
[CHN8]
REPORT-FILE from 06/19/2026 11:29:06.915  written 06/19/2026 13:20:52
cmline0=06/19/2026 11:29:06.915 
cmline1=A8
range=1024
active=0
bitshift=4
cftfak=2580100
evpreset=0           
roimin=0
roimax=1000
caloff=0.800000
calfact=12.800000
calfact2=0
calfact3=0
calunit=nsec
caluse=1 
;MCS8 #97 Sversion=1.257 Fversion=3.68
time_patch=1
;datalength=8 bytes
;bit0..3: channel# 1..8 ( 4 bit)
;bit4: edge 0=up / 1=dn ( 1 bit)
;bit5 ..57: timedata    (53 bit), max sweep length 2001.6 h
;bit58..62: tag0..tag4  ( 5 bit)
;bit63:     data_lost   ( 1 bit)
[DATA]
0000000000000016
0000000319f12df9
000000047365b019
00000006581193d9
00000008028265b9
0000000bd72b0bb9
0000000e947ff999
0000000f77ff8d79
0000002156215461
0000000000f4b671
0000000000000181
000000116252e5d9
00000012c1b9f8b9
000000130cca3d19
0000001397f95b39
00000013ec6bcc79
000000144890b8b9
00000014993f6e19
00000017641d13f9
00000017d8a0c879
00000033f68bfd61
0000000000f4b671
0000000000000181
0000001ba7096a39
0000001cd098def9
0000001e6209e259
0000001e982493f9
000000209a636e59
0000002243beffb9
00000022a86ad9d9
0000004696f6a661
0000000000f4b671
0000000000000181
00000023d3eec7b9
0000002680161459
000000273d192e99
000000282735fc79
0000002b6e476619
0000002ba5ba6739
0000002c44863e19
0000005937614f61
0000000000f4b671
0000000000000181
000000307de5ed99
00000030ecce9059
000000337aa4fad9
0000003584f11139
0000006bd7cbf861
0000000000f4b671
0000000000000181
000000385a2b7039
0000003924a2a939
0000003975fe4319
0000003a03ace779
0000007e7836a161
0000000000f4b671
0000000000000181
0000004039e07af9
00000041b4b6c079
0000004684682ef9
000000473ecb8b19
0000009118a14a61
0000000000f4b671
0000000000000181
00000049c53b5659
0000004b27aad199
0000004b503cc959
0000004cb30cf0d9
0000004df23c38d9
0000004ea5a27319
0000004f568561b9
000000a3b90bf361
0000000000f4b671
0000000000000181
000000520cd658d9
00000052162f52b9
000000539b074259
000000542084f439
00000055d7590519
000000584cb446f9
0000005a458d5e99
000000b659769c61
0000000000f4b671
0000000000000181
0000005bebe3a0d9
0000005ecfe866b9
0000005faf98a5d9
0000005fbc801a19
000000602fb273d9
00000060bc7a3d79
00000060d52d92f9
00000060f3de3cb9
000000618d255839
000000637741c6b9
00000063e28c5759
000000643a9c7ff9
000000643da6f719
000000c8f9e14561
0000000000f4b671
0000000000000181
00000064d9e34b39
00000065921dead9
000000662ced9599
000000665b0020d9
00000069e44878f9
0000006a2f9289b9
0000006a3a5f5179
0000006bd6e44db9
0000006bf1da8219
0000006c44e2d299
0000006cc6d4f4f9
0000006cd307aa99
000000db9a4bee61
0000000000f4b671
0000000000000181
0000006fd4e1e1f9
00000073f3ba1259
00000073fea3cbb9
0000007413b0aa99
00000075e4d49dd9
000000ee3ab69761
0000000000f4b671
0000000000000181
00000077a6b41099
0000007adf2c1319
0000007bd68b3119
0000007cf82a4019
0000007d2391c899
0000007fea5aa359
0000007ff7762a39
00000100db214061
0000000000f4b671
0000000000000181
000000816eda38f9
00000083adb905b9
00000085f9401eb9
00000086030a0bf9
00000087d5d56139
000001137b8be961
0000000000f4b671
0000000000000181
0000008acb612519
0000008b056a6d59
0000008f588c0639
0000008f6d855999
000000919d77aa19
000001261bf69261
0000000000f4b671
0000000000000181
0000009600b54d19
000000970374ed99
000000974f456499
0000009764aa5139
00000097d5affa39
0000009b5d52f019
0000009b74f96419
0000009bf1bb6299
00000138bc613b61
0000000000f4b671
0000000000000181
0000009c639e3239
0000009c737bb399
0000009d379250d9
0000009dacbef219
0000009eaae18a79
000000a09f3dbeb9
000000a126537099
000000a15ee1cb79
000000a19d52ef59
000000a19f7648b9
000000a252560b39
000000a37a639e39
000000a3c1f74b59
000000a3cdd033d9
000000a59d59db99
0000014b5ccbe461
0000000000f4b671
0000000000000181
000000aa8ac77f19
000000ab4c846799
000000aeaee5eef9
0000015dfd368d61
0000000000f4b671
0000000000000181
000000af81cadb19
000000b09d83a8d9
000000b397483339
000000b4dbc5adb9
000000b65c79b919
000000b82ce05fd9
000001709da13661
0000000000f4b671
0000000000000181
000000b88aaff659
000000bb31d6de59
000000bb64ec1579
000000bb72e1a839
000000bb869e7f39
000000bf63e69599
000000bf9417b719
000000bfd1d50439
000000bff296de99
000000c184c34219
000001833e0bdf61
0000000000f4b671
0000000000000181
000000c2814cf1d9
000000c419a7bf39
000000c483dbc8f9
000000c58d235379
000000c69c18e9f9
000000c6dddbccb9
000000c9960adff9
00000195de768861
0000000000f4b671
0000000000000181
000000cb6d1d2639
000000cc08faa439
000000d0f6084c39
000000d416e38859
000001a87ee13161
0000000000f4b671
0000000000000181
000000d552760219
000000d66118c379
000000d6ee9564d9
000000d70074b499
000000d70c09db99
000000d72aa12479
000000d7e7195cd9
000000d8f30d6f99
000000d9e21bd7f9
000000dbb49f9e59
000000dbbb01bf19
000000dd7b5df4b9
000001bb1f4bda61
0000000000f4b671
0000000000000181
000000de5ef9ff79
000000df4ccb5a79
000000df5e16e799
000000df98bf94f9
000000e1fa5c8a99
000000e23ca83579
000000e255702db9
000000e25995fbd9
000000e2871f7e19
000000e2a5770639
000000e2ce7df8b9
000000e3a7667079
000000e4ac833cf9
000001cdbfb68361
0000000000f4b671
0000000000000181
000000e991d6fcf9
000000ea8a7b2f99
000000ec315ff639
000000ec55848039
000000eca6d5d139
000000ed0beb6499
000001e060212c61
0000000000f4b671
0000000000000181
000000f56a782419
000000f588ffb239
000000f7dc6fa639
000001f3008bd561
0000000000f4b671
0000000000000181
000000f9a44e3999
000000fb42859239
000000fc664ad9b9
000000fd68355719
000001001fca4599
00000205a0f67e61
0000000000f4b671
0000000000000181
00000103f5a9aa19
0000010466e38d79
00000106bc367c19
00000107b51d70b9
00000107d9631879
00000108857ccc99
0000010ac14d8759
0000010b7a3dee39
0000021841612761
0000000000f4b671
0000000000000181
0000010c902c84d9
0000010d1cc2fdd9
0000010d5927be99
0000010d7218e159
0000010e0f49eb39
0000010f8d575db9
0000011034dc88d9
0000011160f1f1b9
00000111ec3b30d9
00000112b6ceaf99
00000115692797d9
0000022ae1cbd061
0000000000f4b671
0000000000000181
000001168c0ad779
00000116cc0feb99
00000117a4bcbab9
000001180617cf59
0000011867ddf219
00000119b52d4cd9
0000011cb0351939
0000011e87cd1b79
0000023d82367961
0000000000f4b671
0000000000000181
0000011fb9e752b9
000001201dc5eb19
00000120a31e9c39
000001211825c0d9
000001218859c4d9
00000121ae8f9bd9
00000122fde52019
00000123025356b9
00000123ceba6059
0000012589e7d5d9
000001262a309059
00000127038da3b9
0000012778182799
00000127fe389859
0000025022a12261
0000000000f4b671
0000000000000181
00000128bd5b28f9
00000129be9fec59
0000012bd97596b9
0000012beb73cc39
0000012dfdc6f7b9
0000012e50b6f719
0000012fe7dccbb9
000001303aee6e39
00000130a78d2679
00000262c30bcb61
0000000000f4b671
0000000000000181
0000013188cac3f9
00000135faa27b99
0000013629b46819
000001368f946c99
00000137e73b8839
000001389bc18bf9
0000027563767461
0000000000f4b671
0000000000000181
0000013bdb1c2539
0000013d28231b39
0000013dc913b499
0000013de3727db9
0000013eb4816e79
0000013f80266999
00000140cacb34d9
00000143ad701259
00000143e27c0299
0000028803e11d61
0000000000f4b671
0000000000000181
00000144a4c2c7d9
00000145c5f59059
00000147612e2df9
000001490f206d79
000001494f25c759
0000014aa3519679
0000014ada814a59
0000014d0383b699
0000014d2cfec459
0000029aa44bc661
0000000000f4b671
0000000000000181
0000014f5fa57e59
000001501d5fe679
00000150b5d5a319
0000015184380e39
00000153246fb159
000001534a333af9
00000154b83001d9
00000155426d3ad9
00000155f2b6f9d9
000001560393ae79
000002ad44b66f61
0000000000f4b671
0000000000000181
00000156f32fec19
0000015740746bd9
00000158b8bdda59
000001597d6805b9
00000159bd874499
0000015c50ee7479
0000015ce17efe39
000002bfe5211861
0000000000f4b671
0000000000000181
00000160d68a2879
00000160f9001e19
00000161c9ed1db9
000001623450c879
000001677b5f54d9
00000167a5a508b9
000001690352f1b9
000001694002df59
000002d2858bc161
0000000000f4b671
0000000000000181
000001698d8915f9
0000016d34a581d9
0000016f316b02b9
0000016ffdd613b9
000001701bf92879
0000017027e7d619
0000017069b06379
000001714df7ca59
000002e525f66a61
0000000000f4b671
0000000000000181
00000173cee85019
0000017556f74b99
00000175c6603319
00000176ca9564d9
000001779442ff19
0000017866a72dd9
000001787c1c78f9
000001789f18f579
00000178eb871059
000001793b9f9559
00000179aa6df3d9
000002f7c6611361
0000000000f4b671
0000000000000181
0000017c502d2519
0000017d1699da19
0000017ea3dd6999
0000017f63088459
00000180717af0d9
000001829e5fe9b9
00000182a1555479
00000183f1b74539
00000184990ea699
0000030a66cbbc61
0000000000f4b671
0000000000000181
00000186176d7479
00000186ce21bef9
0000018a3a2e4bb9
0000018af84ddad9
0000018d27e35a99
0000018d4b3107d9
0000031d07366461
0000000000f4b671
0000000000000181
0000018e85181779
0000019303a31a99
00000194ab73e999
0000019598dd8bb9
00000195e8edc459
00000196d1de0839
0000032fa7a10d61
0000000000f4b671
0000000000000181
0000019ad08500f9
0000019c67727bf9
0000019f2b053899
0000019fd65fcfb9
0000019fdc842d99
000001a0ff65f5f9
00000342480bb661
0000000000f4b671
0000000000000181
000001a322765659
000001a42e6ac079
000001a4637fb719
000001a4efe219f9
000001a51ab82ef9
000001a8259dfad9
000001a8dd555c39
000001a928158d99
000001aa3ad39739
00000354e8765e61
0000000000f4b671
0000000000000181
000001acbbdf3fd9
000001ad3c648339
000001ae4721cff9
000001ae7183b299
000001ae8f785b99
000001aecc1ea4f9
000001b0b6cd2479
000001b1f27a5dd9
000001b3299b96d9
0000036788e10761
0000000000f4b671
0000000000000181
000001b4b3848b39
000001b50362b959
000001b673eaf419
000001b8bda4c3d9
000001b902bb4f79
000001b98d6a9499
000001b9bd0ea139
000001bb13bd6bb9
000001bbcfa2de99
000001bc454080d9
0000037a294baf61
0000000000f4b671
0000000000000181
000001bd66ad0f99
000001c0404c7499
000001c0558c2319
000001c1831faff9
000001c291e81199
000001c39ca2f3d9
000001c4fb47e639
000001c5845ce4b9
0000038cc9b65861
0000000000f4b671
0000000000000181
000001c6cef83819
000001cac7e82a79
000001cf987e8b99
0000039f6a210061
0000000000f4b671
0000000000000181
000001cffa18e739
000001d001149459
000001d1142fed59
000001d1c0a67c19
000001d1da04fcb9
000001d3b8393c79
000001d675d86679
000001d7bbae5019
000001d85d4e1ff9
000003b20a8ba961
0000000000f4b671
0000000000000181
000001d913bcf859
000001d982c68819
000001d9e935bef9
000001da50328359
000001dc813a8499
000001dcfb844d39
000001dddcbfcd99
000001defc16dd79
000001dfd1a00739
000001e069620d19
000001e1a81bca79
000001e215f7e079
000003c4aaf65161
0000000000f4b671
0000000000000181
000001e68e5cf399
000001e7a4bf41f9
000001e94000f999
000001e9ad4a1ef9
000001ea54eeb719
000001ea5aeb7239
000001eb66ed8e79
000003d74b60fa61
0000000000f4b671
0000000000000181
000001ebb7bff599
000001ec1ba08879
000001ec3160bdf9
000001ed5abc2c59
000001ee0e6126b9
000001efe8fc5599
000001f03c8eec19
000001f2be37a2d9
000003e9ebcba261
0000000000f4b671
0000000000000181
000001f69ad31179
000001f6f5068139
000001f7acc71eb9
000001f7ea67c599
000001f8898571b9
000001f9476218d9
000001f97bbad619
000001fa27274899
000001fa8e0c49d9
000001faa54edd39
000001fb04332239
000001fbced929b9
000001fbd36827f9
000001fc355a89f9
000003fc8c364a61
0000000000f4b671
0000000000000181
000001fe99c4d379
000001ff86e20a79
00000202ba66c4d9
000002033ce7cd19
00000204d80e6919
000002055aed43b9
00000205944a2c39
0000020661487ed9
0000040f2ca0f361
0000000000f4b671
0000000000000181
00000209015bb2b9
000002090c7dcb79
0000020adbc797f9
0000020b7c1ccdb9
0000020dfcb61979
00000421cd0b9b61
0000000000f4b671
0000000000000181
00000211e3a743d9
00000215c1ad1579
000002172dacb459
0000021793e664b9
00000219e503ad79
000004346d764361
0000000000f4b671
0000000000000181
0000021b47794ff9
0000021c8b0302b9
0000021e3c466439
0000021ef75b2479
0000022037ea9519
000002207feb2379
00000220b1437cd9
000002222c065739
0000022255c51919
000004470de0ec61
0000000000f4b671
0000000000000181
00000223a8b92fb9
0000022444c2d999
000002252b20f6d9
00000225458559d9
000002284ddf5c39
0000022b14b24219
0000022b64c0a6b9
0000022bae433339
00000459ae4b9461
0000000000f4b671
0000000000000181
0000022cdcd2be19
0000022de7a3d3b9
0000022fe23bf519
000002318815cb39
00000231ca7a5fb9
00000233a2cb88b9
0000023499de9839
000002358c740879
0000046c4eb63c61
0000000000f4b671
0000000000000181
000002369558bd79
0000023852a23399
000002390e6af999
0000023983235819
00000239925a30f9
00000239ddd78f99
0000023a2a48a6d9
0000023c74aa59b9
0000023c7c714579
0000023cf3a4fd39
0000023f3a3a9ef9
0000047eef20e561
0000000000f4b671
0000000000000181
0000023f7869f339
00000243129adbf9
00000244896618f9
00000244f2291139
0000024588703479
000002465aff2799
000004918f8b8d61
0000000000f4b671
0000000000000181
0000024c4b8bf339
0000024c5afa6879
0000024d08efdfd9
0000024d65e0e0d9
0000024deef29719
0000024e45b62f79
0000024e4ef0b639
00000250551f40f9
000004a42ff63561
0000000000f4b671
0000000000000181
00000252312ee0b9
0000025339ab1c59
0000025661a9deb9
000002566da02f79
00000256a3724999
000002586f5fe259
000004b6d060dd61
0000000000f4b671
0000000000000181
0000025ca22b1dd9
0000025eda8e2099
00000262ab2aab19
000002639daf8a39
0000026425246ff9
000004c970cb8661
0000000000f4b671
0000000000000181
00000265d5f2eeb9
00000266a43cfb79
00000266f2a4fdb9
00000269017ecb19
0000026adc1c1459
0000026add8d5f99
0000026b829ed439
0000026c7b0ae8f9
0000026cc51f69f9
0000026d25d28419
000004dc11362e61
0000000000f4b671
0000000000000181
0000026e441b19f9
00000271002c7399
0000027147433359
0000027162cc5d39
000002717fb3f499
0000027345e3b9f9
00000273d63c0f79
00000275f7a3be79
00000276ccde1399
00000277571be5b9
000004eeb1a0d661
0000000000f4b671
0000000000000181
000002785549b9b9
00000278d38a2819
0000027ef2a21699
0000028058ea8179
00000501520b7e61
0000000000f4b671
0000000000000181
00000280ab7efb99
000002825cdd80d9
00000282c5f802f9
00000282f2b01719
00000283e7703b79
000002844e585439
00000284db2d1ad9
0000028600931ad9
0000028959c0f4b9
00000289ec1347b9
00000513f2762661
0000000000f4b671
0000000000000181
0000028bd8fbd479
0000028cafcf4fb9
0000028d1df36639
0000028d1f4f8f19
0000028d8071f8d9
0000028ee83c3ab9
0000028f96bb98d9
0000028fc3ec2859
0000028fcde932f9
000002915c4756f9
000002917b4e2739
0000029246d02b99
0000052692e0cf61
0000000000f4b671
0000000000000181
00000293c617c059
00000294260bfb19
00000294932c5d79
000002960e7208b9
00000296ab49afb9
000002973728ab99
000002977a45a719
00000299c8110b39
00000299cce5e139
0000029a4cb5ad39
0000029aa041d859
0000029b1bf53699
0000029bc3c83e79
0000029c88a4fdb9
0000029c91c8f7f9
00000539334b7761
0000000000f4b671
0000000000000181
0000029e47f86ab9
0000029f02bb1019
000002a10276ebb9
000002a12c878119
000002a1a5026499
000002a253cee619
000002a4c4a392d9
0000054bd3b62061
0000000000f4b671
0000000000000181
000002a6c638eb79
000002a93ef8bff9
000002acb69f0819
000002ad032850b9
000002ad39c7de39
000002ae3d5e7599
000002af1c3773b9
0000055e7420c861
0000000000f4b671
0000000000000181
000002af63e16659
000002afb8862ab9
000002b2d0a045f9
000002b38728b399
000002b3d4057339
000002b481c0b459
000002b4e176cad9
000002b51b0c9479
000002b552c64af9
000002b57935d8b9
000002b66bae4059
000002b75fd7db39
000002b76451a1d9
000002b87c8c6019
00000571148b7161
0000000000f4b671
0000000000000181
000002bd52642279
000002c0d9a54b99
00000583b4f61961
0000000000f4b671
0000000000000181
000002c208c2f0f9
000002c29c21c859
000002c34ecc1d19
000002c3b4b5b7f9
000002c627b6da99
000002c8420bf919
000002c973a59a59
000002ca1be92579
000005965560c261
0000000000f4b671
0000000000000181
000002cbc5f43499
000002cbcb7256f9
000002ce0787d579
000002d0575dd199
000002d1c8bf8c59
000002d2cc1f4bf9
000002d40171bd79
000002d46a88edb9
000005a8f5cb6b61
0000000000f4b671
0000000000000181
000002d4942af0b9
000002d6b0691379
000002d86f410dd9
000002d9098cfe19
000002db686df919
000002dbedac9739
000002dc3f5da5b9
000002dc5ddf5299
000002dcdb44cc39
000002dd28e8fb19
000005bb96361461
0000000000f4b671
0000000000000181
000002dde73860b9
000002df71fd8899
000002dfe0e799d9
000002e05300b6b9
000002e0b21f8639
000002e0c786ccd9
000002e19122c299
000002e5c2b93519
000005ce36a0bd61
0000000000f4b671
0000000000000181
000002e72f13e1b9
000002e82b7f2859
000002e8b09c5ab9
000002e925adafd9
000002ea310bc3f9
000002ebcb22e819
000002ec383f2b19
000002eed35f2f59
000002ef2ccddd59
000002ef43c886d9
000002ef9202e3d9
000005e0d70b6561
0000000000f4b671
0000000000000181
000002f1cc5166d9
000002f2c26e94f9
000002f3106177d9
000002f3be4c4219
000002f429ea0bb9
000002f4ffb91999
000002f60d7faff9
000002f62462e079
000002f647283ad9
000002f6d799ac79
000002f8150a5339
000002f91b5ffad9
000002f93e866619
000005f377760e61
0000000000f4b671
0000000000000181
000002fa29f57eb9
000002fb6fbbf0f9
000002fc8b16d139
0000030008e4f979
000003003f3a0539
000003006ac5a9d9
0000030287feacd9
0000060617e0b761
0000000000f4b671
0000000000000181
000003085c687159
0000030ae7360479
00000618b84b6061
0000000000f4b671
0000000000000181
0000030dcb4493d9
0000031213743c59
000003136539d819
000003139da939f9
0000031402c4ea79
00000315740f01f9
00000315761f6e79
0000062b58b60961
0000000000f4b671
0000000000000181
00000316c241f499
000003171bfa5179
0000031759ac4fb9
00000317c564f839
00000319e9aceab9
0000031b721c9a19
0000031c7c8ad439
0000031de610dd99
0000031e59e8a079
0000063df920b361
0000000000f4b671
0000000000000181
0000031f255a9799
0000031ff499b4b9
000003208b5a8239
00000321cd243619
000003231e665679
000003242ef1de39
000003250d72f0d9
00000326f92c7059
00000650998b5c61
0000000000f4b671
0000000000000181
0000032a3a7c00f9
0000032a4d751739
0000032ade285179
0000032b36bf9299
0000032bbb2b2739
0000032d80df4cd9
0000032d86d93839
0000032f75156c19
0000032fb40afc79
0000033069f3e699
0000033144dd06b9
0000066339f60561
0000000000f4b671
0000000000000181
00000331a35eef19
00000334494bc639
0000033461edafd9
00000334e77614d9
00000335d6b1e6b9
00000336b381c0b9
000003373eb90159
0000033aa79413d9
00000675da60ae61
0000000000f4b671
0000000000000181
0000033ccb9aa279
0000033e078323f9
0000033ea4faacb9
0000033ef56f4cd9
0000033fbd6a3379
000003404935f6d9
000003406e6e6199
000003421de73239
00000342ceee25f9
00000343365f1299
000006887acb5761
0000000000f4b671
0000000000000181
0000034585eb0a79
000003473c2514b9
000003483d69b8d9
0000034bccfe0df9
0000034bf76cfa59
0000034d7c2e3399
0000069b1b360161
0000000000f4b671
0000000000000181
0000034e3e6e0a79
0000034f82d67739
0000035050f79319
000003517749f619
0000035178c9d319
000003538f4665b9
00000356284f0059
0000035686d3f439
000006adbba0aa61
0000000000f4b671
0000000000000181
00000356dfc36419
00000358e4f55f79
0000035a0246b4d9
0000035aec621e19
0000035bae394cd9
0000035d340c85d9
000006c05c0b5361
0000000000f4b671
0000000000000181
000003608e902a99
00000363bfbd41d9
0000036406ba2259
000003649dcefe99
00000365a8a2e399
00000365f26e8079
00000366c65b5a79
0000036964f63399
000006d2fc75fd61
0000000000f4b671
0000000000000181
00000369e43b7c39
0000036a256e9659
0000036b0a17c279
0000036b16df2cb9
0000036bc9abfc39
0000036c836d84f9
0000036f1bbb8f19
00000370fd860a99
000003714936c539
00000371b0f8afd9
000006e59ce0a661
0000000000f4b671
0000000000000181
00000372d5c0ce79
000003735ab1d3d9
000003742d38c619
0000037453a23c59
00000374629ee6d9
000003753965f779
00000375651b4bb9
000003757e1d50b9
0000037704e3dcb9
0000037b1be66ed9
000006f83d4b5061
0000000000f4b671
0000000000000181
0000037c86e143b9
0000037dcbfbacf9
0000038062ed5479
000003834b1612f9
00000384312c4e99
0000038474be73b9
0000038499d33ed9
000003851925a399
000003853a160359
0000070addb5f961
0000000000f4b671
0000000000000181
000003867c3a6019
000003870ce00719
000003877839cb59
0000038844d36ed9
0000038c7d4aa979
0000038e7336d4b9
0000071d7e20a361
0000000000f4b671
0000000000000181
0000038feac91239
000003905d4eff19
0000039179c1f6b9
00000391821b0e39
000003946e4bb4d9
00000394e9a23439
000007301e8b4d61
0000000000f4b671
0000000000000181
000003986074a719
000003993fed76f9
000003995b4d8579
0000039d23754319
0000039d5e109b19
000003a0a0b6fbf9
00000742bef5f661
0000000000f4b671
0000000000000181
000003a30801b759
000003a4eb7c66d9
000003a51fbbfa59
000003a5ece01079
000003a729ae5579
000003a79807f7f9
000003a8aa21b679
000003a99ff7ebf9
000007555f60a061
0000000000f4b671
0000000000000181
000003aada4035f9
000003acb2430a99
000003aebb4d1019
000003af4c3d6f19
000003aff8e2c7b9
000003b005674839
000003b07d4af559
000003b23db73d39
00000767ffcb4a61
0000000000f4b671
0000000000000181
000003b42df95cf9
000003b447dfe819
000003b51b1819d9
000003b576f780b9
000003b6f4bd2f19
000003b7669df9d9
000003b88f8802f9
000003b9b820a3d9
000003bd03833ed9
0000077aa035f361
0000000000f4b671
0000000000000181
000003bd63f99a99
000003bdf586e5d9
000003be8dbe1419
000003bf83a32a19
000003bfa1d30f19
000003c0c12e8bf9
000003c0d3618719
000003c2956fcfb9
000003c2c463a7f9
000003c3a3aff299
0000078d40a09d61
0000000000f4b671
0000000000000181
000003c6d894e559
000003c70f2d45d9
000003c70f2d4c99
000003c727fd0879
000003c839ba9419
000003c8c1574e59
000003cde10158f9
0000079fe10b4761
0000000000f4b671
0000000000000181
000003d00c0428b9
000003d0374069b9
000003d21f8a5819
000003d289814759
000003d2d9436a39
000003d2ff1e15d9
000003d48dd227b9
000003d4e5d6c459
000003d57d81bcd9
000003d68d0fab19
000003d7bc28a619
000003d8800669f9
000003d937fec719
000007b28175f161
0000000000f4b671
0000000000000181
000003da93c6d959
000003db7cd863d9
000003df15c83619
000003e092a91ed9
000003e11809f219
000003e225cbc879
000007c521e09b61
0000000000f4b671
0000000000000181
000003e2c1a189b9
000003e37f30f679
000003e5495933f9
000003e57e1dd779
000003e5da922599
000003e6346d9d99
000003e83fd49db9
000003e8b9ad8f59
000003eb57bdecf9
000007d7c24b4561
0000000000f4b671
0000000000000181
000003ee00c2e459
000003ef1a6fb5b9
000003ef75ad9ff9
000003f0c6621039
000003f112bf8df9
000003f14f70d7b9
000003f33009d679
000003f3c43f5e19
000007ea62b5ef61
0000000000f4b671
0000000000000181
000003f606303679
000003f6bc486919
000003f72d197099
000003f94c6257d9
000003f975fb4699
000003f99cb8bc59
000003fc4486b919
000003fc5f90c119
000003fd37526b19
000007fd03209a61
0000000000f4b671
0000000000000181
000003ffde0163b9
00000402665ebcd9
000004040e071539
0000040581b0b0d9
00000405bd877099
0000080fa38b4461
0000000000f4b671
0000000000000181
00000408a0f25f39
0000040a563b3fd9
0000040b6981d379
0000040ccdcfb8b9
0000040d08a8cd19
0000040e9cf9e079
0000040f53bd6f79
0000040f6cdf5239
0000040f8d21bfb9
0000040f91206979
0000082243f5ee61
0000000000f4b671
0000000000000181
000004145767e8b9
00000414cc331939
000004153abf9ed9
00000415be559bd9
0000041606240a79
00000417027a2ab9
00000417f13dd899
00000418f2347e19
00000418f2349439
0000041911b34539
00000419f89096b9
0000041a0abdd919
00000834e4609861
0000000000f4b671
0000000000000181
0000041ba0cdfd59
0000041c6807b3f9
0000041d0f6441b9
0000041d27be9c79
0000041e32f13879
0000041ec4c264f9
0000041f292dbbb9
0000041f3afb1339
000004211e8108f9
000004221346ad19
0000042314a436b9
0000084784cb4361
0000000000f4b671
0000000000000181
0000042483065ed9
0000042587d7a4f9
00000425dd772139
00000425df3b74f9
00000425e47a4df9
0000042ae95f3199
0000042b213877d9
0000042bfef685f9
0000042ca0bdfff9
0000085a2535ed61
0000000000f4b671
0000000000000181
0000042dfdaa3659
0000042e499dd4b9
0000042e4af89af9
0000042ed6bf3259
00000430846fb1d9
000004311c7a9f79
000004311da51bb9
000004334746ee39
00000433ab0e46f9
00000434b4304b79
00000435bd97ee39
0000043611ed75d9
0000086cc5a09761
0000000000f4b671
0000000000000181
0000043c90fa27d9
0000043d60839779
0000043de3ea7a19
0000087f660b4261
0000000000f4b671
0000000000000181
0000044002c8e259
000004402a5da2b9
0000044169ed8b79
000004425255f899
00000442799addf9
0000044355acbef9
000004440a00fbf9
0000044454397619
00000444fa1cb499
00000445596792d9
0000044810f6a019
000008920675ec61
0000000000f4b671
0000000000000181
00000449611f9d19
0000044992ecb259
00000449c68912f9
0000044c77812299
0000044cf193fe99
0000044fd3da7499
000004507f160359
000004515dbba699
000008a4a6e09761
0000000000f4b671
0000000000000181
000004528e05ad99
00000452fe341ef9
00000454a73500b9
00000455733a5439
00000456ab031ed9
00000456e5c85dd9
00000456f2d68599
00000458a2f7fc99
00000458beb36d19
00000458e159c2b9
00000459e6052079
0000045a36a7def9
0000045b48381859
000008b7474b4261
0000000000f4b671
0000000000000181
0000045d0ba22179
0000045fb92164f9
000004605bbc5059
000004638954d5b9
000004638954dc79
000004642a60ea39
000004644f22e059
00000464b11d1bf9
000008c9e7b5ec61
0000000000f4b671
0000000000000181
0000046556b76f59
00000466a08f5dd9
00000466c1112f39
0000046723ab1439
000004688a3f2cf9
0000046a4b1ac879
0000046b13de5a79
000008dc88209761
0000000000f4b671
0000000000000181
0000046fad226bb9
00000471b44de599
000004741b81dd99
000004749b2dd579
00000474f241b219
00000475c3c294b9
000008ef288b4261
0000000000f4b671
0000000000000181
0000047981134b59
0000047be9208bb9
0000047caf946959
0000047d9752bf19
0000047f60e728b9
00000901c8f5ed61
0000000000f4b671
0000000000000181
00000482c4b59159
000004831e2eb319
000004839f3e8599
0000048543fb9099
00000486dccb25b9
0000048819daaab9
0000091469609861
0000000000f4b671
0000000000000181
0000048a39bdcd19
0000048b2157a0f9
0000048b82767eb9
0000048d705811b9
0000048e245c1319
0000048ef751ba19
0000048f3fec9ff9
0000048f8e9b0df9
0000048fd488e8b9
0000048fd77b0e99
00000490f4291279
0000092709cb4361
0000000000f4b671
0000000000000181
0000049574c62559
0000049576e81dd9
00000496d78c2699
000004994feda419
00000499914e53f9
0000049b60594e79
0000049ba78566b9
0000049c157ea2b9
00000939aa35ee61
0000000000f4b671
0000000000000181
0000049e0dceda39
0000049e0dceedf9
0000049f280dd259
0000049fed4cb599
000004a054e73139
000004a2559b69d9
000004a4614f6559
000004a513e8c899
000004a55c339f19
0000094c4aa09961
0000000000f4b671
0000000000000181
000004a66bf119b9
000004a7745e24d9
000004a78611f6f9
000004a85b40e959
000004a99c855f19
000004aa5a405279
000004aaf91fdc99
000004acfc770659
000004ad5155dc79
000004ade7e1fef9
000004ade95a0bd9
0000095eeb0b4461
0000000000f4b671
0000000000000181
000004b10964edb9
000004b1de667319
000004b32c0d4399
000004b5685b9d59
000004b5ce5c3059
000004b8a504e459
000004b8c015d379
000009718b75ef61
0000000000f4b671
0000000000000181
000004b9cc449719
000004ba984a90b9
000004bb594ee819
000004bbaf80d2f9
000004bbb849c679
000004bc4e4a2b19
000004bd9c8b7919
000004bea6aead99
000004bedbcc4139
000004c1307bfab9
000009842be09b61
0000000000f4b671
0000000000000181
000004c23cb207d9
000004c33c4b0d39
000004c7e826b4b9
000004c843ee7e19
000004c8db18af99
000004c99febfa79
000004ca184bfc79
000004ca29e26d99
000004ca3720aaf9
000004caf49f3a59
000004cb009d3bb9
000004cb31bcc3f9
00000996cc4b4661
0000000000f4b671
0000000000000181
000004cc8f9d4599
000004ce7bb1e0d9
000004cf5b786e59
000004d022737ef9
000004d069540079
000004d1ed070719
000004d2b9941179
000009a96cb5f161
0000000000f4b671
0000000000000181
000004d67ea6d0d9
000004d6aa24ecb9
000004d984defc59
000004dc9ac42e99
000004dd61830df9
000004dd990283d9
000009bc0d209d61
0000000000f4b671
0000000000000181
000004e15083d659
000004e19b4c1199
000004e1f495cbb9
000004e250deabd9
000004e483c77d39
000004e55bb9fb59
000004e750f93059
000009cead8b4861
0000000000f4b671
0000000000000181
000004e75ed50439
000004e7bc9dac79
000004e95fda9fb9
000004ea2adfa619
000004ea3a7cb899
000004eb15d1c539
000004ec512caab9
000004ec825bc979
000004edbc50a759
000004ef75edacf9
000009e14df5f461
0000000000f4b671
0000000000000181
000004f177533299
000004f448430759
000004f89af9e6b9
000009f3ee60a061
0000000000f4b671
0000000000000181
000004faa5fded39
000004fb8c0e94f9
000004fc457044f9
000004fcf2092899
000004fd17467dd9
000004fe17908399
000004fed9255059
000004ff4fd4f999
0000050010b2db99
00000500fc0ed2b9
00000501da76fa59
0000050200bd3c59
00000502b1044279
00000502b10cecd9
00000a068ecb4b61
0000000000f4b671
0000000000000181
00000506a7ffced9
000005087889b9d9
00000509a175bd19
0000050a482c3c19
0000050ad7971fb9
00000a192f35f761
0000000000f4b671
0000000000000181
0000050cf8dd89f9
0000050d4bdba1b9
0000050e61550279
0000050e9ddaef99
0000050f548d15b9
0000050fe84ae2b9
00000511781ffcb9
00000511945749d9
0000051280fd4b19
000005130c24d2d9
00000513301b2b19
00000a2bcfa0a361
0000000000f4b671
0000000000000181
000005161eea5879
0000051747184359
00000519ed6a2c99
0000051ad33377f9
0000051b1d6f0d59
0000051c6cb3c7d9
0000051f13cefe39
00000a3e700b4f61
0000000000f4b671
0000000000000181
0000051ff6e50859
000005214e4e4999
00000522c38316d9
000005238150c3d9
00000525bd75b4d9
00000a511075fb61
0000000000f4b671
0000000000000181
00000528bd71eab9
00000529075c1839
000005299d977219
0000052b246983f9
0000052c67421159
0000052cf268fab9
0000052dcf32b639
0000052e47d87999
0000052ef8fd3ef9
0000052fb5141439
00000530191b99f9
00000530b36775b9
0000053138287659
00000a63b0e0a761
0000000000f4b671
0000000000000181
00000531f65f2d79
000005320e31bb59
000005328e713df9
00000533506ad999
00000533d1c8e5b9
00000534806b2159
00000534c28fadf9
000005359334bff9
000005359b0cbb79
000005367d880b19
000005380c566fd9
00000a76514b5361
0000000000f4b671
0000000000000181
0000053bb862c9f9
0000053be51ef479
0000053ca0ba2419
0000053d04aaa0f9
0000053e92d80a19
0000053edf6a14d9
00000540f3782d59
00000543bf1bd2b9
00000544013099d9
00000a88f1b60061
0000000000f4b671
0000000000000181
00000544c5168ff9
00000545e3035ef9
000005474d625ab9
000005483656eef9
00000548df2651f9
0000054a69099bb9
0000054cc5cfaed9
0000054db8ae6cd9
00000a9b9220ac61
0000000000f4b671
0000000000000181
0000054e79581c19
0000054f6c5af639
00000550c1030199
0000055475cfc3f9
00000556435fc8b9
00000aae328b5861
0000000000f4b671
0000000000000181
000005575bd16f39
0000055840c089d9
00000558d890ad59
0000055972a17719
000005597c674119
0000055999eab079
00000559c3c552f9
0000055a3154af79
0000055b6d6b8e99
0000055c645c6af9
0000055e5e4f61f9
0000055fa83e3339
0000055fee5d1179
0000055ff141e6d9
00000ac0d2f60561
0000000000f4b671
0000000000000181
00000560bf123a79
00000561547c89b9
00000561d6473fd9
0000056251ea9c99
0000056316ffb499
000005635ce93a59
0000056388c8df59
00000563b967cb39
00000565f63f65d9
00000567d3d6ded9
00000568106349d9
00000568be6513b9
0000056925852c59
00000ad37360b161
0000000000f4b671
0000000000000181
0000056a40e43139
0000056ad4599f39
0000056ae9d525b9
0000056b437dc879
0000056c098de5d9
0000056e33058819
0000056e531f42b9
0000056feb1f5ad9
000005720f74eff9
00000ae613cb5e61
0000000000f4b671
0000000000000181
000005732dc757d9
0000057355e8dc79
00000575a854f019
000005762de51239
00000576a6e3a9b9
00000576be5f4099
00000578bcebbe19
000005791e1229b9
0000057963edc239
00000af2f75fe761
0000000000f4b671
0000000000000181
