[MCS8 A] 97 FW 3.104 SV 1.257 
range=1024
periods=2
sweepmode=27e20d0
fstchan=0
holdafter=0
streamstatus=3
calreg0=0
calreg1=0
calreg2=0
calreg3=0
swpreset=8000        
prena=1
syncout=0
cycles=18
sequences=1
tagbits=16
vdac0=92c
vdac1=807
vdac2=8c8
vdac3=8c8
vdac4=8c8
vdac5=8c8
vdac6=8c8
vdac7=8c8
timepreset=150.000     
digio=0
digval=0
autoinc=0 
savedata=2 
mpafmt=asc
sephead=0 
fmt=asc
smoothpts=5 
[CHN1]
REPORT-FILE from 06/22/2026 15:26:56.922  written 06/22/2026 15:26:56
cmline0=06/22/2026 15:26:56.922 
cmline1=A1
range=1024
active=1
bitshift=4
cftfak=2580100
evpreset=10          
roimin=0
roimax=1000
caloff=0.800000
calfact=12.800000
calfact2=0
calfact3=0
calunit=nsec
caluse=1 
[CHN2]
REPORT-FILE from  written 06/22/2026 15:26:56
cmline1=A2
range=1024
active=0
bitshift=4
cftfak=2580100
evpreset=10          
roimin=0
roimax=1000
caloff=0.800000
calfact=12.800000
calfact2=0
calfact3=0
calunit=nsec
caluse=1 
[CHN3]
REPORT-FILE from  written 06/22/2026 15:26:56
cmline1=A3
range=1024
active=0
bitshift=4
cftfak=2580100
evpreset=10          
roimin=0
roimax=1000
caloff=0.800000
calfact=12.800000
calfact2=0
calfact3=0
calunit=nsec
caluse=1 
[CHN4]
REPORT-FILE from  written 06/22/2026 15:26:56
cmline1=A4
range=1024
active=0
bitshift=4
cftfak=2580100
evpreset=10          
roimin=0
roimax=1000
caloff=0.800000
calfact=12.800000
calfact2=0
calfact3=0
calunit=nsec
caluse=1 
[CHN5]
REPORT-FILE from  written 06/22/2026 15:26:56
cmline1=A5
range=1024
active=0
bitshift=4
cftfak=2580100
evpreset=10          
roimin=0
roimax=1000
caloff=0.800000
calfact=12.800000
calfact2=0
calfact3=0
calunit=nsec
caluse=1 
[CHN6]
REPORT-FILE from  written 06/22/2026 15:26:56
cmline1=A6
range=1024
active=0
bitshift=4
cftfak=2580100
evpreset=10          
roimin=0
roimax=1000
caloff=0.800000
calfact=12.800000
calfact2=0
calfact3=0
calunit=nsec
caluse=1 
[CHN7]
REPORT-FILE from  written 06/22/2026 15:26:56
cmline1=A7
range=1024
active=0
bitshift=4
cftfak=2580100
evpreset=0           
roimin=0
roimax=1000
caloff=0.800000
calfact=12.800000
calfact2=0
calfact3=0
calunit=nsec
caluse=1 
[CHN8]
REPORT-FILE from  written 06/22/2026 15:26:56
cmline1=A8
range=1024
active=0
bitshift=4
cftfak=2580100
evpreset=0           
roimin=0
roimax=1000
caloff=0.800000
calfact=12.800000
calfact2=0
calfact3=0
calunit=nsec
caluse=1 
;MCS8 #97 Sversion=1.257 Fversion=3.68
time_patch=1
;datalength=8 bytes
;bit0..3: channel# 1..8 ( 4 bit)
;bit4: edge 0=up / 1=dn ( 1 bit)
;bit5 ..57: timedata    (53 bit), max sweep length 2001.6 h
;bit58..62: tag0..tag4  ( 5 bit)
;bit63:     data_lost   ( 1 bit)
[DATA]
0000000000000016
0000002156221a61
0000000000f62a71
0000000000000181
00000033f68ccb61
0000000000f62a71
0000000000000181
0000004696f77c61
0000000000f62a71
0000000000000181
0000005937622d61
0000000000f62a71
0000000000000181
0000006bd7ccde61
0000000000f62a71
0000000000000181
0000007e78378f61
0000000000f62a71
0000000000000181
0000009118a24061
0000000000f62a71
0000000000000181
000000a3b90cf161
0000000000f62a71
0000000000000181
000000b65977a261
0000000000f62a71
0000000000000181
000000c8f9e25361
0000000000f62a71
0000000000000181
000000db9a4d0461
0000000000f62a71
0000000000000181
000000ee3ab7b561
0000000000f62a71
0000000000000181
00000100db226761
0000000000f62a71
0000000000000181
000001137b8d1861
0000000000f62a71
0000000000000181
000001261bf7c961
0000000000f62a71
0000000000000181
00000138bc627b61
0000000000f62a71
0000000000000181
0000014b5ccd2c61
0000000000f62a71
0000000000000181
0000015dfd37de61
0000000000f62a71
0000000000000181
000001709da28f61
0000000000f62a71
0000000000000181
000001833e0d4161
0000000000f62a71
0000000000000181
00000195de77f261
0000000000f62a71
0000000000000181
000001a87ee2a461
0000000000f62a71
0000000000000181
000001bb1f4d5561
0000000000f62a71
0000000000000181
000001cdbfb80761
0000000000f62a71
0000000000000181
000001e06022b961
0000000000f62a71
0000000000000181
000001f3008d6b61
0000000000f62a71
0000000000000181
00000205a0f81c61
0000000000f62a71
0000000000000181
000002184162ce61
0000000000f62a71
0000000000000181
0000022ae1cd8061
0000000000f62a71
0000000000000181
0000023d82383261
0000000000f62a71
0000000000000181
0000025022a2e461
0000000000f62a71
0000000000000181
00000262c30d9661
0000000000f62a71
0000000000000181
0000027563784861
0000000000f62a71
0000000000000181
0000028803e2fa61
0000000000f62a71
0000000000000181
0000029aa44dac61
0000000000f62a71
0000000000000181
000002ad44b85e61
0000000000f62a71
0000000000000181
000002bfe5231061
0000000000f62a71
0000000000000181
000002d2858dc361
0000000000f62a71
0000000000000181
000002e525f87561
0000000000f62a71
0000000000000181
000002f7c6632761
0000000000f62a71
0000000000000181
0000030a66cdd961
0000000000f62a71
0000000000000181
0000031d07388c61
0000000000f62a71
0000000000000181
0000032fa7a33e61
0000000000f62a71
0000000000000181
00000342480df161
0000000000f62a71
0000000000000181
00000354e878a361
0000000000f62a71
0000000000000181
0000036788e35661
0000000000f62a71
0000000000000181
0000037a294e0861
0000000000f62a71
0000000000000181
0000038cc9b8bb61
0000000000f62a71
0000000000000181
0000039f6a236d61
0000000000f62a71
0000000000000181
000003b20a8e2061
0000000000f62a71
0000000000000181
000003c4aaf8d261
0000000000f62a71
0000000000000181
000003d74b638561
0000000000f62a71
0000000000000181
000003e9ebce3861
0000000000f62a71
0000000000000181
000003fc8c38ea61
0000000000f62a71
0000000000000181
0000040f2ca39d61
0000000000f62a71
0000000000000181
00000421cd0e5061
0000000000f62a71
0000000000000181
000004346d790361
0000000000f62a71
0000000000000181
000004470de3b661
0000000000f62a71
0000000000000181
00000459ae4e6961
0000000000f62a71
0000000000000181
0000046c4eb91b61
0000000000f62a71
0000000000000181
0000047eef23ce61
0000000000f62a71
0000000000000181
000004918f8e8161
0000000000f62a71
0000000000000181
000004a42ff93461
0000000000f62a71
0000000000000181
000004b6d063e761
0000000000f62a71
0000000000000181
000004c970ce9a61
0000000000f62a71
0000000000000181
000004dc11394d61
0000000000f62a71
0000000000000181
000004eeb1a40161
0000000000f62a71
0000000000000181
00000501520eb461
0000000000f62a71
0000000000000181
00000513f2796761
0000000000f62a71
0000000000000181
0000052692e41a61
0000000000f62a71
0000000000000181
00000539334ecd61
0000000000f62a71
0000000000000181
0000054bd3b98161
0000000000f62a71
0000000000000181
0000055e74243461
0000000000f62a71
0000000000000181
00000571148ee761
0000000000f62a71
0000000000000181
00000583b4f99b61
0000000000f62a71
0000000000000181
0000059655644e61
0000000000f62a71
0000000000000181
000005a8f5cf0261
0000000000f62a71
0000000000000181
000005bb9639b561
0000000000f62a71
0000000000000181
000005ce36a46961
0000000000f62a71
0000000000000181
000002ede6f190b9
000005e0d70f1c61
0000000000f62a71
0000000000000181
000005f37779d061
0000000000f62a71
0000000000000181
0000060617e48361
0000000000f62a71
0000000000000181
00000618b84f3761
0000000000f62a71
0000000000000181
0000062b58b9eb61
0000000000f62a71
0000000000000181
0000063df9249f61
0000000000f62a71
0000000000000181
00000650998f5261
0000000000f62a71
0000000000000181
0000066339fa0661
0000000000f62a71
0000000000000181
00000675da64ba61
0000000000f62a71
0000000000000181
000006887acf6e61
0000000000f62a71
0000000000000181
0000069b1b3a2261
0000000000f62a71
0000000000000181
000006adbba4d661
0000000000f62a71
0000000000000181
000006c05c0f8a61
0000000000f62a71
0000000000000181
000006d2fc7a3e61
0000000000f62a71
0000000000000181
000006e59ce4f261
0000000000f62a71
0000000000000181
000006f83d4fa661
0000000000f62a71
0000000000000181
0000070addba5a61
0000000000f62a71
0000000000000181
0000071d7e250e61
0000000000f62a71
0000000000000181
000007301e8fc261
0000000000f62a71
0000000000000181
00000742befa7761
0000000000f62a71
0000000000000181
000007555f652b61
0000000000f62a71
0000000000000181
00000767ffcfdf61
0000000000f62a71
0000000000000181
0000077aa03a9361
0000000000f62a71
0000000000000181
0000078d40a54861
0000000000f62a71
0000000000000181
0000079fe10ffc61
0000000000f62a71
0000000000000181
000007b2817ab061
0000000000f62a71
0000000000000181
000007c521e56561
0000000000f62a71
0000000000000181
000007d7c2501961
0000000000f62a71
0000000000000181
000007ea62bace61
0000000000f62a71
0000000000000181
000007fd03258261
0000000000f62a71
0000000000000181
0000080fa3903661
0000000000f62a71
0000000000000181
0000082243faeb61
0000000000f62a71
0000000000000181
00000834e4659f61
0000000000f62a71
0000000000000181
0000084784d05461
0000000000f62a71
0000000000000181
0000085a253b0961
0000000000f62a71
0000000000000181
0000086cc5a5bd61
0000000000f62a71
0000000000000181
0000087f66107261
0000000000f62a71
0000000000000181
00000892067b2761
0000000000f62a71
0000000000000181
000008a4a6e5db61
0000000000f62a71
0000000000000181
000008b747509061
0000000000f62a71
0000000000000181
000008c9e7bb4561
0000000000f62a71
0000000000000181
000008dc8825f961
0000000000f62a71
0000000000000181
000008ef2890ae61
0000000000f62a71
0000000000000181
00000901c8fb6361
0000000000f62a71
0000000000000181
0000091469661861
0000000000f62a71
0000000000000181
0000092709d0cd61
0000000000f62a71
0000000000000181
00000939aa3b8161
0000000000f62a71
0000000000000181
0000094c4aa63661
0000000000f62a71
0000000000000181
0000095eeb10eb61
0000000000f62a71
0000000000000181
000009718b7ba061
0000000000f62a71
0000000000000181
000009842be65561
0000000000f62a71
0000000000000181
00000996cc510961
0000000000f62a71
0000000000000181
000009a96cbbbe61
0000000000f62a71
0000000000000181
000009bc0d267361
0000000000f62a71
0000000000000181
000009cead912861
0000000000f62a71
0000000000000181
000009e14dfbdd61
0000000000f62a71
0000000000000181
000009f3ee669161
0000000000f62a71
0000000000000181
00000a068ed14661
0000000000f62a71
0000000000000181
00000a192f3bfb61
0000000000f62a71
0000000000000181
00000a2bcfa6b061
0000000000f62a71
0000000000000181
000005196f0ce679
00000a3e70116561
0000000000f62a71
0000000000000181
00000a51107c1a61
0000000000f62a71
0000000000000181
00000a63b0e6ce61
0000000000f62a71
0000000000000181
00000a7651518361
0000000000f62a71
0000000000000181
00000a88f1bc3861
0000000000f62a71
0000000000000181
00000a9b9226ed61
0000000000f62a71
0000000000000181
00000aae3291a261
0000000000f62a71
0000000000000181
00000ac0d2fc5761
0000000000f62a71
0000000000000181
00000ad373670c61
0000000000f62a71
0000000000000181
00000ae613d1c161
0000000000f62a71
0000000000000181
00000aec85851561
0000000000f62a71
0000000000000181
