[MCS8 A] 97 FW 3.104 SV 1.257 
range=1024
periods=2
sweepmode=27e20d0
fstchan=0
holdafter=0
streamstatus=3
calreg0=0
calreg1=0
calreg2=0
calreg3=0
swpreset=8000        
prena=1
syncout=0
cycles=18
sequences=1
tagbits=16
vdac0=92c
vdac1=807
vdac2=8c8
vdac3=8c8
vdac4=8c8
vdac5=8c8
vdac6=8c8
vdac7=8c8
timepreset=150.000     
digio=0
digval=0
autoinc=0 
savedata=2 
mpafmt=asc
sephead=0 
fmt=asc
smoothpts=5 
[CHN1]
REPORT-FILE from 06/22/2026 15:13:48.031  written 06/22/2026 15:13:48
cmline0=06/22/2026 15:13:48.031 
cmline1=A1
range=1024
active=1
bitshift=4
cftfak=2580100
evpreset=10          
roimin=0
roimax=1000
caloff=0.800000
calfact=12.800000
calfact2=0
calfact3=0
calunit=nsec
caluse=1 
[CHN2]
REPORT-FILE from  written 06/22/2026 15:13:48
cmline1=A2
range=1024
active=0
bitshift=4
cftfak=2580100
evpreset=10          
roimin=0
roimax=1000
caloff=0.800000
calfact=12.800000
calfact2=0
calfact3=0
calunit=nsec
caluse=1 
[CHN3]
REPORT-FILE from  written 06/22/2026 15:13:48
cmline1=A3
range=1024
active=0
bitshift=4
cftfak=2580100
evpreset=10          
roimin=0
roimax=1000
caloff=0.800000
calfact=12.800000
calfact2=0
calfact3=0
calunit=nsec
caluse=1 
[CHN4]
REPORT-FILE from  written 06/22/2026 15:13:48
cmline1=A4
range=1024
active=0
bitshift=4
cftfak=2580100
evpreset=10          
roimin=0
roimax=1000
caloff=0.800000
calfact=12.800000
calfact2=0
calfact3=0
calunit=nsec
caluse=1 
[CHN5]
REPORT-FILE from  written 06/22/2026 15:13:48
cmline1=A5
range=1024
active=0
bitshift=4
cftfak=2580100
evpreset=10          
roimin=0
roimax=1000
caloff=0.800000
calfact=12.800000
calfact2=0
calfact3=0
calunit=nsec
caluse=1 
[CHN6]
REPORT-FILE from  written 06/22/2026 15:13:48
cmline1=A6
range=1024
active=0
bitshift=4
cftfak=2580100
evpreset=10          
roimin=0
roimax=1000
caloff=0.800000
calfact=12.800000
calfact2=0
calfact3=0
calunit=nsec
caluse=1 
[CHN7]
REPORT-FILE from  written 06/22/2026 15:13:48
cmline1=A7
range=1024
active=0
bitshift=4
cftfak=2580100
evpreset=0           
roimin=0
roimax=1000
caloff=0.800000
calfact=12.800000
calfact2=0
calfact3=0
calunit=nsec
caluse=1 
[CHN8]
REPORT-FILE from  written 06/22/2026 15:13:48
cmline1=A8
range=1024
active=0
bitshift=4
cftfak=2580100
evpreset=0           
roimin=0
roimax=1000
caloff=0.800000
calfact=12.800000
calfact2=0
calfact3=0
calunit=nsec
caluse=1 
;MCS8 #97 Sversion=1.257 Fversion=3.68
time_patch=1
;datalength=8 bytes
;bit0..3: channel# 1..8 ( 4 bit)
;bit4: edge 0=up / 1=dn ( 1 bit)
;bit5 ..57: timedata    (53 bit), max sweep length 2001.6 h
;bit58..62: tag0..tag4  ( 5 bit)
;bit63:     data_lost   ( 1 bit)
[DATA]
0000000000000016
0000002156227461
0000000000f5d971
0000000000000181
00000033f68d0f61
0000000000f5d971
0000000000000181
0000004696f7ab61
0000000000f5d971
0000000000000181
0000005937624661
0000000000f5d971
0000000000000181
0000006bd7cce161
0000000000f5d971
0000000000000181
0000007e78377d61
0000000000f5d971
0000000000000181
0000009118a21861
0000000000f5d971
0000000000000181
000000a3b90cb361
0000000000f5d971
0000000000000181
000000b659774e61
0000000000f5d971
0000000000000181
000000c8f9e1ea61
0000000000f5d971
0000000000000181
000000db9a4c8561
0000000000f5d971
0000000000000181
000000ee3ab72061
0000000000f5d971
0000000000000181
00000100db21bb61
0000000000f5d971
0000000000000181
000001137b8c5761
0000000000f5d971
0000000000000181
000001261bf6f261
0000000000f5d971
0000000000000181
00000138bc618d61
0000000000f5d971
0000000000000181
0000014b5ccc2861
0000000000f5d971
0000000000000181
0000015dfd36c461
0000000000f5d971
0000000000000181
000001709da15f61
0000000000f5d971
0000000000000181
000001833e0bfa61
0000000000f5d971
0000000000000181
00000195de769561
0000000000f5d971
0000000000000181
000001a87ee13061
0000000000f5d971
0000000000000181
000001bb1f4bcc61
0000000000f5d971
0000000000000181
000001cdbfb66761
0000000000f5d971
0000000000000181
000001e060210261
0000000000f5d971
0000000000000181
000001f3008b9d61
0000000000f5d971
0000000000000181
00000205a0f63961
0000000000f5d971
0000000000000181
000002184160d461
0000000000f5d971
0000000000000181
0000022ae1cb6f61
0000000000f5d971
0000000000000181
0000023d82360b61
0000000000f5d971
0000000000000181
0000025022a0a661
0000000000f5d971
0000000000000181
00000262c30b4161
0000000000f5d971
0000000000000181
000002756375dc61
0000000000f5d971
0000000000000181
0000028803e07861
0000000000f5d971
0000000000000181
0000029aa44b1361
0000000000f5d971
0000000000000181
000002ad44b5ae61
0000000000f5d971
0000000000000181
000002bfe5204a61
0000000000f5d971
0000000000000181
000002d2858ae561
0000000000f5d971
0000000000000181
000002e525f58061
0000000000f5d971
0000000000000181
000002f7c6601c61
0000000000f5d971
0000000000000181
0000030a66cab761
0000000000f5d971
0000000000000181
0000031d07355261
0000000000f5d971
0000000000000181
0000032fa79fee61
0000000000f5d971
0000000000000181
00000342480a8961
0000000000f5d971
0000000000000181
00000354e8752561
0000000000f5d971
0000000000000181
0000036788dfc061
0000000000f5d971
0000000000000181
0000037a294a5c61
0000000000f5d971
0000000000000181
0000038cc9b4f761
0000000000f5d971
0000000000000181
0000039f6a1f9261
0000000000f5d971
0000000000000181
000003b20a8a2e61
0000000000f5d971
0000000000000181
000003c4aaf4c961
0000000000f5d971
0000000000000181
000003d74b5f6561
0000000000f5d971
0000000000000181
000003e9ebca0061
0000000000f5d971
0000000000000181
000003fc8c349c61
0000000000f5d971
0000000000000181
0000040f2c9f3761
0000000000f5d971
0000000000000181
00000421cd09d361
0000000000f5d971
0000000000000181
000004346d746e61
0000000000f5d971
0000000000000181
000004470ddf0a61
0000000000f5d971
0000000000000181
00000459ae49a561
0000000000f5d971
0000000000000181
0000046c4eb44161
0000000000f5d971
0000000000000181
0000047eef1edc61
0000000000f5d971
0000000000000181
000004918f897861
0000000000f5d971
0000000000000181
000004a42ff41361
0000000000f5d971
0000000000000181
000004b6d05eaf61
0000000000f5d971
0000000000000181
000004c970c94a61
0000000000f5d971
0000000000000181
000004dc1133e661
0000000000f5d971
0000000000000181
000004eeb19e8161
0000000000f5d971
0000000000000181
0000050152091d61
0000000000f5d971
0000000000000181
00000513f273b861
0000000000f5d971
0000000000000181
0000052692de5461
0000000000f5d971
0000000000000181
000005393348f061
0000000000f5d971
0000000000000181
0000054bd3b38b61
0000000000f5d971
0000000000000181
0000055e741e2761
0000000000f5d971
0000000000000181
000005711488c261
0000000000f5d971
0000000000000181
00000583b4f35e61
0000000000f5d971
0000000000000181
00000596555df961
0000000000f5d971
0000000000000181
000005a8f5c89561
0000000000f5d971
0000000000000181
000005bb96333161
0000000000f5d971
0000000000000181
000005ce369dcc61
0000000000f5d971
0000000000000181
000005e0d7086861
0000000000f5d971
0000000000000181
000005f377730361
0000000000f5d971
0000000000000181
0000060617dd9f61
0000000000f5d971
0000000000000181
00000306433447f9
00000618b8483b61
0000000000f5d971
0000000000000181
0000062b58b2d661
0000000000f5d971
0000000000000181
0000063df91d7261
0000000000f5d971
0000000000000181
0000065099880d61
0000000000f5d971
0000000000000181
0000066339f2a961
0000000000f5d971
0000000000000181
00000675da5d4561
0000000000f5d971
0000000000000181
000006887ac7e061
0000000000f5d971
0000000000000181
0000069b1b327c61
0000000000f5d971
0000000000000181
000006adbb9d1761
0000000000f5d971
0000000000000181
000006c05c07b361
0000000000f5d971
0000000000000181
000006d2fc724f61
0000000000f5d971
0000000000000181
000006e59cdcea61
0000000000f5d971
0000000000000181
000006f83d478661
0000000000f5d971
0000000000000181
0000070addb22261
0000000000f5d971
0000000000000181
0000071d7e1cbe61
0000000000f5d971
0000000000000181
00000394a75427f9
000007301e875961
0000000000f5d971
0000000000000181
00000742bef1f561
0000000000f5d971
0000000000000181
000007555f5c9161
0000000000f5d971
0000000000000181
00000767ffc72c61
0000000000f5d971
0000000000000181
0000077aa031c861
0000000000f5d971
0000000000000181
0000078d409c6461
0000000000f5d971
0000000000000181
0000079fe106ff61
0000000000f5d971
0000000000000181
000007b281719b61
0000000000f5d971
0000000000000181
000007c521dc3661
0000000000f5d971
0000000000000181
000007d7c246d261
0000000000f5d971
0000000000000181
000007ea62b16e61
0000000000f5d971
0000000000000181
000007fd031c0961
0000000000f5d971
0000000000000181
0000080fa386a561
0000000000f5d971
0000000000000181
0000082243f14061
0000000000f5d971
0000000000000181
00000834e45bdc61
0000000000f5d971
0000000000000181
0000084784c67861
0000000000f5d971
0000000000000181
0000085a25311361
0000000000f5d971
0000000000000181
0000086cc59baf61
0000000000f5d971
0000000000000181
0000087f66064a61
0000000000f5d971
0000000000000181
000008920670e661
0000000000f5d971
0000000000000181
000008a4a6db8161
0000000000f5d971
0000000000000181
000008b747461d61
0000000000f5d971
0000000000000181
000008c9e7b0b961
0000000000f5d971
0000000000000181
000008dc881b5461
0000000000f5d971
0000000000000181
000008ef2885f061
0000000000f5d971
0000000000000181
00000901c8f08b61
0000000000f5d971
0000000000000181
00000914695b2761
0000000000f5d971
0000000000000181
0000092709c5c361
0000000000f5d971
0000000000000181
00000497f55ce579
00000939aa305e61
0000000000f5d971
0000000000000181
0000094c4a9afa61
0000000000f5d971
0000000000000181
0000095eeb059661
0000000000f5d971
0000000000000181
000009718b703161
0000000000f5d971
0000000000000181
000009842bdacd61
0000000000f5d971
0000000000000181
00000996cc456861
0000000000f5d971
0000000000000181
000009a96cb00461
0000000000f5d971
0000000000000181
000009bc0d1aa061
0000000000f5d971
0000000000000181
000009cead853b61
0000000000f5d971
0000000000000181
000009e14defd761
0000000000f5d971
0000000000000181
000004f53bf14499
000009f3ee5a7361
0000000000f5d971
0000000000000181
00000a068ec50e61
0000000000f5d971
0000000000000181
00000a192f2faa61
0000000000f5d971
0000000000000181
00000a2bcf9a4661
0000000000f5d971
0000000000000181
00000a3e7004e161
0000000000f5d971
0000000000000181
00000a51106f7d61
0000000000f5d971
0000000000000181
00000a63b0da1961
0000000000f5d971
0000000000000181
00000a765144b561
0000000000f5d971
0000000000000181
00000a88f1af5061
0000000000f5d971
0000000000000181
00000a9b9219ec61
0000000000f5d971
0000000000000181
00000aae32848861
0000000000f5d971
0000000000000181
00000ac0d2ef2461
0000000000f5d971
0000000000000181
00000ad37359c061
0000000000f5d971
0000000000000181
00000ae613c45c61
0000000000f5d971
0000000000000181
00000aec699c5061
0000000000f5d971
0000000000000181
