[MCS8 A] 97 FW 3.104 SV 1.257 
range=1024
periods=2
sweepmode=27e20d0
fstchan=0
holdafter=0
streamstatus=3
calreg0=0
calreg1=0
calreg2=0
calreg3=0
swpreset=8000        
prena=1
syncout=0
cycles=18
sequences=1
tagbits=16
vdac0=92c
vdac1=807
vdac2=8c8
vdac3=8c8
vdac4=8c8
vdac5=8c8
vdac6=8c8
vdac7=8c8
timepreset=150.000     
digio=0
digval=0
autoinc=0 
savedata=2 
mpafmt=asc
sephead=0 
fmt=asc
smoothpts=5 
[CHN1]
REPORT-FILE from 06/22/2026 14:57:03.249  written 06/22/2026 14:57:03
cmline0=06/22/2026 14:57:03.249 
cmline1=A1
range=1024
active=1
bitshift=4
cftfak=2580100
evpreset=10          
roimin=0
roimax=1000
caloff=0.800000
calfact=12.800000
calfact2=0
calfact3=0
calunit=nsec
caluse=1 
[CHN2]
REPORT-FILE from  written 06/22/2026 14:57:03
cmline1=A2
range=1024
active=0
bitshift=4
cftfak=2580100
evpreset=10          
roimin=0
roimax=1000
caloff=0.800000
calfact=12.800000
calfact2=0
calfact3=0
calunit=nsec
caluse=1 
[CHN3]
REPORT-FILE from  written 06/22/2026 14:57:03
cmline1=A3
range=1024
active=0
bitshift=4
cftfak=2580100
evpreset=10          
roimin=0
roimax=1000
caloff=0.800000
calfact=12.800000
calfact2=0
calfact3=0
calunit=nsec
caluse=1 
[CHN4]
REPORT-FILE from  written 06/22/2026 14:57:03
cmline1=A4
range=1024
active=0
bitshift=4
cftfak=2580100
evpreset=10          
roimin=0
roimax=1000
caloff=0.800000
calfact=12.800000
calfact2=0
calfact3=0
calunit=nsec
caluse=1 
[CHN5]
REPORT-FILE from  written 06/22/2026 14:57:03
cmline1=A5
range=1024
active=0
bitshift=4
cftfak=2580100
evpreset=10          
roimin=0
roimax=1000
caloff=0.800000
calfact=12.800000
calfact2=0
calfact3=0
calunit=nsec
caluse=1 
[CHN6]
REPORT-FILE from  written 06/22/2026 14:57:03
cmline1=A6
range=1024
active=0
bitshift=4
cftfak=2580100
evpreset=10          
roimin=0
roimax=1000
caloff=0.800000
calfact=12.800000
calfact2=0
calfact3=0
calunit=nsec
caluse=1 
[CHN7]
REPORT-FILE from  written 06/22/2026 14:57:03
cmline1=A7
range=1024
active=0
bitshift=4
cftfak=2580100
evpreset=0           
roimin=0
roimax=1000
caloff=0.800000
calfact=12.800000
calfact2=0
calfact3=0
calunit=nsec
caluse=1 
[CHN8]
REPORT-FILE from  written 06/22/2026 14:57:03
cmline1=A8
range=1024
active=0
bitshift=4
cftfak=2580100
evpreset=0           
roimin=0
roimax=1000
caloff=0.800000
calfact=12.800000
calfact2=0
calfact3=0
calunit=nsec
caluse=1 
;MCS8 #97 Sversion=1.257 Fversion=3.68
time_patch=1
;datalength=8 bytes
;bit0..3: channel# 1..8 ( 4 bit)
;bit4: edge 0=up / 1=dn ( 1 bit)
;bit5 ..57: timedata    (53 bit), max sweep length 2001.6 h
;bit58..62: tag0..tag4  ( 5 bit)
;bit63:     data_lost   ( 1 bit)
[DATA]
0000000000000016
000000051f8f8559
0000002156220061
0000000000f64d71
0000000000000181
00000033f68ca361
0000000000f64d71
0000000000000181
0000004696f74561
0000000000f64d71
0000000000000181
000000593761e761
0000000000f64d71
0000000000000181
0000006bd7cc8a61
0000000000f64d71
0000000000000181
0000007e78372c61
0000000000f64d71
0000000000000181
0000009118a1ce61
0000000000f64d71
0000000000000181
000000a3b90c7161
0000000000f64d71
0000000000000181
000000b659771361
0000000000f64d71
0000000000000181
000000c8f9e1b661
0000000000f64d71
0000000000000181
000000db9a4c5861
0000000000f64d71
0000000000000181
000000ee3ab6fa61
0000000000f64d71
0000000000000181
00000100db219d61
0000000000f64d71
0000000000000181
000001137b8c4061
0000000000f64d71
0000000000000181
000001261bf6e261
0000000000f64d71
0000000000000181
00000138bc618561
0000000000f64d71
0000000000000181
0000014b5ccc2761
0000000000f64d71
0000000000000181
0000015dfd36ca61
0000000000f64d71
0000000000000181
000001709da16d61
0000000000f64d71
0000000000000181
000001833e0c0f61
0000000000f64d71
0000000000000181
00000195de76b261
0000000000f64d71
0000000000000181
000001a87ee15561
0000000000f64d71
0000000000000181
000001bb1f4bf761
0000000000f64d71
0000000000000181
000001cdbfb69a61
0000000000f64d71
0000000000000181
000001e060213d61
0000000000f64d71
0000000000000181
000001f3008be061
0000000000f64d71
0000000000000181
00000205a0f68361
0000000000f64d71
0000000000000181
0000021841612561
0000000000f64d71
0000000000000181
0000022ae1cbc861
0000000000f64d71
0000000000000181
0000023d82366b61
0000000000f64d71
0000000000000181
0000025022a10e61
0000000000f64d71
0000000000000181
00000262c30bb161
0000000000f64d71
0000000000000181
0000027563765461
0000000000f64d71
0000000000000181
0000028803e0f761
0000000000f64d71
0000000000000181
0000029aa44b9a61
0000000000f64d71
0000000000000181
000002ad44b63d61
0000000000f64d71
0000000000000181
000002bfe520e061
0000000000f64d71
0000000000000181
000002d2858b8361
0000000000f64d71
0000000000000181
000002e525f62661
0000000000f64d71
0000000000000181
000002f7c660ca61
0000000000f64d71
0000000000000181
0000030a66cb6d61
0000000000f64d71
0000000000000181
0000031d07361061
0000000000f64d71
0000000000000181
0000032fa7a0b361
0000000000f64d71
0000000000000181
000001a0b7a52c99
00000342480b5661
0000000000f64d71
0000000000000181
00000354e875fa61
0000000000f64d71
0000000000000181
0000036788e09d61
0000000000f64d71
0000000000000181
000001b80f359f59
0000037a294b4061
0000000000f64d71
0000000000000181
0000038cc9b5e461
0000000000f64d71
0000000000000181
0000039f6a208761
0000000000f64d71
0000000000000181
000003b20a8b2b61
0000000000f64d71
0000000000000181
000003c4aaf5ce61
0000000000f64d71
0000000000000181
000003d74b607161
0000000000f64d71
0000000000000181
000003e9ebcb1561
0000000000f64d71
0000000000000181
000001fdf41603f9
000003fc8c35b861
0000000000f64d71
0000000000000181
0000040f2ca05c61
0000000000f64d71
0000000000000181
00000421cd0aff61
0000000000f64d71
0000000000000181
000004346d75a361
0000000000f64d71
0000000000000181
000004470de04761
0000000000f64d71
0000000000000181
00000459ae4aea61
0000000000f64d71
0000000000000181
0000046c4eb58e61
0000000000f64d71
0000000000000181
0000047eef203261
0000000000f64d71
0000000000000181
000004918f8ad561
0000000000f64d71
0000000000000181
000004a42ff57961
0000000000f64d71
0000000000000181
000004b6d0601d61
0000000000f64d71
0000000000000181
000004c970cac161
0000000000f64d71
0000000000000181
000004dc11356461
0000000000f64d71
0000000000000181
000004eeb1a00861
0000000000f64d71
0000000000000181
00000501520aac61
0000000000f64d71
0000000000000181
00000513f2755061
0000000000f64d71
0000000000000181
0000052692dff461
0000000000f64d71
0000000000000181
00000539334a9861
0000000000f64d71
0000000000000181
0000054bd3b53c61
0000000000f64d71
0000000000000181
0000055e741fdf61
0000000000f64d71
0000000000000181
000002b1fbd26539
00000571148a8361
0000000000f64d71
0000000000000181
00000583b4f52761
0000000000f64d71
0000000000000181
00000596555fcb61
0000000000f64d71
0000000000000181
000005a8f5ca7061
0000000000f64d71
0000000000000181
000005bb96351461
0000000000f64d71
0000000000000181
000005ce369fb861
0000000000f64d71
0000000000000181
000005e0d70a5c61
0000000000f64d71
0000000000000181
000005f377750061
0000000000f64d71
0000000000000181
0000060617dfa461
0000000000f64d71
0000000000000181
00000618b84a4861
0000000000f64d71
0000000000000181
0000062b58b4ed61
0000000000f64d71
0000000000000181
0000063df91f9161
0000000000f64d71
0000000000000181
00000650998a3561
0000000000f64d71
0000000000000181
0000066339f4d961
0000000000f64d71
0000000000000181
00000675da5f7e61
0000000000f64d71
0000000000000181
000006887aca2261
0000000000f64d71
0000000000000181
0000069b1b34c761
0000000000f64d71
0000000000000181
000006adbb9f6b61
0000000000f64d71
0000000000000181
000006c05c0a0f61
0000000000f64d71
0000000000000181
000006d2fc74b461
0000000000f64d71
0000000000000181
000006e59cdf5861
0000000000f64d71
0000000000000181
000006f83d49fd61
0000000000f64d71
0000000000000181
0000070addb4a161
0000000000f64d71
0000000000000181
0000071d7e1f4661
0000000000f64d71
0000000000000181
000007301e89ea61
0000000000f64d71
0000000000000181
00000742bef48f61
0000000000f64d71
0000000000000181
000007555f5f3361
0000000000f64d71
0000000000000181
000003ab190310b9
00000767ffc9d861
0000000000f64d71
0000000000000181
0000077aa0347d61
0000000000f64d71
0000000000000181
0000078d409f2161
0000000000f64d71
0000000000000181
0000079fe109c661
0000000000f64d71
0000000000000181
000007b281746b61
0000000000f64d71
0000000000000181
000007c521df1061
0000000000f64d71
0000000000000181
000007d7c249b461
0000000000f64d71
0000000000000181
000007ea62b45961
0000000000f64d71
0000000000000181
000007fd031efe61
0000000000f64d71
0000000000000181
0000080fa389a361
0000000000f64d71
0000000000000181
0000082243f44861
0000000000f64d71
0000000000000181
00000834e45eed61
0000000000f64d71
0000000000000181
0000084784c99261
0000000000f64d71
0000000000000181
0000085a25343761
0000000000f64d71
0000000000000181
0000086cc59edc61
0000000000f64d71
0000000000000181
0000087f66098161
0000000000f64d71
0000000000000181
0000089206742661
0000000000f64d71
0000000000000181
000008a4a6decb61
0000000000f64d71
0000000000000181
000008b747497061
0000000000f64d71
0000000000000181
000008c9e7b41561
0000000000f64d71
0000000000000181
000008dc881eba61
0000000000f64d71
0000000000000181
000008ef28895f61
0000000000f64d71
0000000000000181
00000901c8f40461
0000000000f64d71
0000000000000181
00000914695ea961
0000000000f64d71
0000000000000181
0000092709c94f61
0000000000f64d71
0000000000000181
00000939aa33f461
0000000000f64d71
0000000000000181
0000094c4a9e9961
0000000000f64d71
0000000000000181
0000095eeb093e61
0000000000f64d71
0000000000000181
000009718b73e461
0000000000f64d71
0000000000000181
000009842bde8961
0000000000f64d71
0000000000000181
00000996cc492e61
0000000000f64d71
0000000000000181
000009a96cb3d361
0000000000f64d71
0000000000000181
000009bc0d1e7961
0000000000f64d71
0000000000000181
000009cead891e61
0000000000f64d71
0000000000000181
000009e14df3c361
0000000000f64d71
0000000000000181
000009f3ee5e6961
0000000000f64d71
0000000000000181
00000a068ec90e61
0000000000f64d71
0000000000000181
00000a192f33b461
0000000000f64d71
0000000000000181
00000a2bcf9e5961
0000000000f64d71
0000000000000181
00000a3e7008ff61
0000000000f64d71
0000000000000181
00000a511073a461
0000000000f64d71
0000000000000181
00000a63b0de4a61
0000000000f64d71
0000000000000181
00000a765148f061
0000000000f64d71
0000000000000181
00000a88f1b39561
0000000000f64d71
0000000000000181
00000a9b921e3b61
0000000000f64d71
0000000000000181
00000aae3288e161
0000000000f64d71
0000000000000181
00000ac0d2f38661
0000000000f64d71
0000000000000181
00000ad3735e2c61
0000000000f64d71
0000000000000181
00000ae613c8d261
0000000000f64d71
0000000000000181
00000aec7d4d6561
0000000000f64d71
0000000000000181
