[MCS8 A] 97 FW 3.104 SV 1.257 
range=1024
periods=2
sweepmode=27e20d0
fstchan=0
holdafter=0
streamstatus=3
calreg0=0
calreg1=0
calreg2=0
calreg3=0
swpreset=8000        
prena=1
syncout=0
cycles=18
sequences=1
tagbits=16
vdac0=92c
vdac1=807
vdac2=8c8
vdac3=8c8
vdac4=8c8
vdac5=8c8
vdac6=8c8
vdac7=8c8
timepreset=150.000     
digio=0
digval=0
autoinc=0 
savedata=2 
mpafmt=asc
sephead=0 
fmt=asc
smoothpts=5 
[CHN1]
REPORT-FILE from 06/23/2026 14:59:51.590  written 06/23/2026 14:59:51
cmline0=06/23/2026 14:59:51.590 
cmline1=A1
range=1024
active=1
bitshift=4
cftfak=2580100
evpreset=10          
roimin=0
roimax=1000
caloff=0.800000
calfact=12.800000
calfact2=0
calfact3=0
calunit=nsec
caluse=1 
[CHN2]
REPORT-FILE from  written 06/23/2026 14:59:51
cmline1=A2
range=1024
active=0
bitshift=4
cftfak=2580100
evpreset=10          
roimin=0
roimax=1000
caloff=0.800000
calfact=12.800000
calfact2=0
calfact3=0
calunit=nsec
caluse=1 
[CHN3]
REPORT-FILE from  written 06/23/2026 14:59:51
cmline1=A3
range=1024
active=0
bitshift=4
cftfak=2580100
evpreset=10          
roimin=0
roimax=1000
caloff=0.800000
calfact=12.800000
calfact2=0
calfact3=0
calunit=nsec
caluse=1 
[CHN4]
REPORT-FILE from  written 06/23/2026 14:59:51
cmline1=A4
range=1024
active=0
bitshift=4
cftfak=2580100
evpreset=10          
roimin=0
roimax=1000
caloff=0.800000
calfact=12.800000
calfact2=0
calfact3=0
calunit=nsec
caluse=1 
[CHN5]
REPORT-FILE from  written 06/23/2026 14:59:51
cmline1=A5
range=1024
active=0
bitshift=4
cftfak=2580100
evpreset=10          
roimin=0
roimax=1000
caloff=0.800000
calfact=12.800000
calfact2=0
calfact3=0
calunit=nsec
caluse=1 
[CHN6]
REPORT-FILE from  written 06/23/2026 14:59:51
cmline1=A6
range=1024
active=0
bitshift=4
cftfak=2580100
evpreset=10          
roimin=0
roimax=1000
caloff=0.800000
calfact=12.800000
calfact2=0
calfact3=0
calunit=nsec
caluse=1 
[CHN7]
REPORT-FILE from  written 06/23/2026 14:59:51
cmline1=A7
range=1024
active=0
bitshift=4
cftfak=2580100
evpreset=0           
roimin=0
roimax=1000
caloff=0.800000
calfact=12.800000
calfact2=0
calfact3=0
calunit=nsec
caluse=1 
[CHN8]
REPORT-FILE from  written 06/23/2026 14:59:51
cmline1=A8
range=1024
active=0
bitshift=4
cftfak=2580100
evpreset=0           
roimin=0
roimax=1000
caloff=0.800000
calfact=12.800000
calfact2=0
calfact3=0
calunit=nsec
caluse=1 
;MCS8 #97 Sversion=1.257 Fversion=3.68
time_patch=1
;datalength=8 bytes
;bit0..3: channel# 1..8 ( 4 bit)
;bit4: edge 0=up / 1=dn ( 1 bit)
;bit5 ..57: timedata    (53 bit), max sweep length 2001.6 h
;bit58..62: tag0..tag4  ( 5 bit)
;bit63:     data_lost   ( 1 bit)
[DATA]
0000000000000016
0000000fee10aeb9
0000002156ee4961
0000000001fd7071
0000000000000181
00000012065536b9
00000033f7599861
0000000001fd7071
0000000000000181
0000004697c4e761
0000000001fd7071
0000000000000181
0000005938303561
0000000001fd7071
0000000000000181
0000006bd89b8461
0000000001fd7071
0000000000000181
00000039f43e5259
0000003e94f5a519
0000007e7906d361
0000000001fd7071
0000000000000181
0000009119722261
0000000001fd7071
0000000000000181
000000a3b9dd7161
0000000001fd7071
0000000000000181
000000b65a48bf61
0000000001fd7071
0000000000000181
0000005ea6c76cf9
0000006106c40499
000000c8fab40e61
0000000001fd7071
0000000000000181
000000db9b1f5d61
0000000001fd7071
0000000000000181
00000072922f6779
000000ee3b8aab61
0000000001fd7071
0000000000000181
00000100dbf5fa61
0000000001fd7071
0000000000000181
000001137c614961
0000000001fd7071
0000000000000181
000001261ccc9761
0000000001fd7071
0000000000000181
00000138bd37e661
0000000001fd7071
0000000000000181
0000014b5da33561
0000000001fd7071
0000000000000181
000000aa8e9fb719
0000015dfe0e8461
0000000001fd7071
0000000000000181
000000b2ad565b99
000001709e79d261
0000000001fd7071
0000000000000181
000000bd234fa2b9
000001833ee52161
0000000001fd7071
0000000000000181
000000c707c201d9
00000195df507061
0000000001fd7071
0000000000000181
000001a87fbbbf61
0000000001fd7071
0000000000000181
000000d4817a9979
000000d62b902f39
000000da3fa485f9
000001bb20270e61
0000000001fd7071
0000000000000181
000000ddb5af2a79
000001cdc0925c61
0000000001fd7071
0000000000000181
000000efbc60a119
000001e060fdab61
0000000001fd7071
0000000000000181
000001f30168fa61
0000000001fd7071
0000000000000181
00000205a1d44961
0000000001fd7071
0000000000000181
00000218423f9861
0000000001fd7071
0000000000000181
0000022ae2aae761
0000000001fd7071
0000000000000181
0000023d83163561
0000000001fd7071
0000000000000181
00000122678778f9
0000025023818461
0000000001fd7071
0000000000000181
00000262c3ecd361
0000000001fd7071
0000000000000181
0000013aa130b759
0000027564582261
0000000001fd7071
0000000000000181
00000141e04df6b9
0000028804c37161
0000000001fd7071
0000000000000181
000001460253e139
0000029aa52ec061
0000000001fd7071
0000000000000181
0000014e4611cfb9
00000150f7a16639
00000153f3bf2559
000002ad459a0e61
0000000001fd7071
0000000000000181
0000015a25164b39
000002bfe6055d61
0000000001fd7071
0000000000000181
000001657dda9c19
000002d28670ac61
0000000001fd7071
0000000000000181
000002e526dbfb61
0000000001fd7071
0000000000000181
000002f7c7474a61
0000000001fd7071
0000000000000181
0000030a67b29961
0000000001fd7071
0000000000000181
0000031d081de861
0000000001fd7071
0000000000000181
0000032fa8893661
0000000001fd7071
0000000000000181
0000019ad3a5f479
0000019f8b163939
0000034248f48561
0000000001fd7071
0000000000000181
00000354e95fd461
0000000001fd7071
0000000000000181
000001b2f1812659
0000036789cb2361
0000000001fd7071
0000000000000181
000001bd0fed4d19
0000037a2a367261
0000000001fd7071
0000000000000181
0000038ccaa1c161
0000000001fd7071
0000000000000181
0000039f6b0d1061
0000000001fd7071
0000000000000181
000003b20b785e61
0000000001fd7071
0000000000000181
000001df81131559
000003c4abe3ad61
0000000001fd7071
0000000000000181
000001e652c3f199
000001ea1f4f61f9
000003d74c4efc61
0000000001fd7071
0000000000000181
000001edc3043239
000003e9ecba4b61
0000000001fd7071
0000000000000181
000001f57b2d9419
000003fc8d259a61
0000000001fd7071
0000000000000181
000001ff7f4a0ad9
000002025e3e3cd9
000002030bf4aaf9
000002044884d559
00000206e0ed8b19
0000040f2d90e961
0000000001fd7071
0000000000000181
00000421cdfc3861
0000000001fd7071
0000000000000181
00000212606da819
000004346e678661
0000000001fd7071
0000000000000181
0000021caa8c43d9
000004470ed2d561
0000000001fd7071
0000000000000181
00000459af3e2461
0000000001fd7071
0000000000000181
0000046c4fa97361
0000000001fd7071
0000000000000181
00000238ede058b9
00000239b9e0ad59
0000023b8cf155b9
0000023ced45c159
0000023e74249f39
0000047ef014c261
0000000001fd7071
0000000000000181
0000024140a713f9
00000241cb920e99
000002424ccf5079
0000049190801161
0000000001fd7071
0000000000000181
000004a430eb6061
0000000001fd7071
0000000000000181
000004b6d156af61
0000000001fd7071
0000000000000181
0000026450e8bdd9
000004c971c1fe61
0000000001fd7071
0000000000000181
000004dc122d4d61
0000000001fd7071
0000000000000181
0000027679859a59
000004eeb2989c61
0000000001fd7071
0000000000000181
0000027dded7dfd9
000005015303eb61
0000000001fd7071
0000000000000181
00000513f36f3a61
0000000001fd7071
0000000000000181
0000052693da8961
0000000001fd7071
0000000000000181
00000296d4cf7019
000005393445d761
0000000001fd7071
0000000000000181
0000029ece6c5a19
0000054bd4b12661
0000000001fd7071
0000000000000181
000002a8472ad939
0000055e751c7561
0000000001fd7071
0000000000000181
000005711587c461
0000000001fd7071
0000000000000181
000002bae0b9faf9
00000583b5f31361
0000000001fd7071
0000000000000181
000002c512e0f979
00000596565e6261
0000000001fd7071
0000000000000181
000005a8f6c9b161
0000000001fd7071
0000000000000181
000002d5d05003d9
000005bb97350061
0000000001fd7071
0000000000000181
000005ce37a05061
0000000001fd7071
0000000000000181
000005e0d80b9e61
0000000001fd7071
0000000000000181
000005f37876ed61
0000000001fd7071
0000000000000181
0000060618e23c61
0000000001fd7071
0000000000000181
00000304df63fcb9
000003068eb94099
0000030bc1f31d99
00000618b94d8b61
0000000001fd7071
0000000000000181
0000030ca97abc99
0000031089ed1799
0000062b59b8da61
0000000001fd7071
0000000000000181
0000031617a44839
0000031a4d08e039
0000031c0e77c7f9
0000063dfa242961
0000000001fd7071
0000000000000181
0000032220222319
000006509a8f7861
0000000001fd7071
0000000000000181
000006633afac761
0000000001fd7071
0000000000000181
00000675db661661
0000000001fd7071
0000000000000181
0000033cacc41799
000006887bd16561
0000000001fd7071
0000000000000181
0000069b1c3cb561
0000000001fd7071
0000000000000181
000003505829d4d9
0000035625375999
000006adbca80461
0000000001fd7071
0000000000000181
0000035d5c298559
0000035d69c02b19
000006c05d135361
0000000001fd7071
0000000000000181
0000036802287ff9
000006d2fd7ea261
0000000001fd7071
0000000000000181
0000036bd45b43b9
000006e59de9f161
0000000001fd7071
0000000000000181
000003748ecc2419
000006f83e554061
0000000001fd7071
0000000000000181
0000037e3031e4b9
0000070adec08f61
0000000001fd7071
0000000000000181
0000071d7f2bde61
0000000001fd7071
0000000000000181
000007301f972d61
0000000001fd7071
0000000000000181
0000039f8a896c99
00000742c0027c61
0000000001fd7071
0000000000000181
00000755606dcc61
0000000001fd7071
0000000000000181
0000076800d91b61
0000000001fd7071
0000000000000181
0000077aa1446a61
0000000001fd7071
0000000000000181
000003be6de77b79
0000078d41afb961
0000000001fd7071
0000000000000181
0000079fe21b0861
0000000001fd7071
0000000000000181
000007b282865761
0000000001fd7071
0000000000000181
000003dddd4b01b9
000007c522f1a661
0000000001fd7071
0000000000000181
000007d7c35cf561
0000000001fd7071
0000000000000181
000007ea63c84561
0000000001fd7071
0000000000000181
000003f5cd68ec19
000003f633ddf619
000007fd04339461
0000000001fd7071
0000000000000181
0000080fa49ee361
0000000001fd7071
0000000000000181
00000822450a3261
0000000001fd7071
0000000000000181
000004178b09c939
00000834e5758161
0000000001fd7071
0000000000000181
0000041c2333a5b9
0000084785e0d061
0000000001fd7071
0000000000000181
0000085a264c1f61
0000000001fd7071
0000000000000181
0000086cc6b76e61
0000000001fd7071
0000000000000181
0000087f6722bd61
0000000001fd7071
0000000000000181
00000443ef91f719
00000892078e0c61
0000000001fd7071
0000000000000181
000008a4a7f95b61
0000000001fd7071
0000000000000181
000008b74864aa61
0000000001fd7071
0000000000000181
000008c9e8cff961
0000000001fd7071
0000000000000181
00000469a62a16b9
0000046e0b732a59
000008dc893b4861
0000000001fd7071
0000000000000181
000008ef29a69761
0000000001fd7071
0000000000000181
00000901ca11e661
0000000001fd7071
0000000000000181
0000048491433339
000009146a7d3561
0000000001fd7071
0000000000000181
0000048bef3fdcf9
000009270ae88561
0000000001fd7071
0000000000000181
00000498c584a759
0000049ad4687639
00000939ab53d461
0000000001fd7071
0000000000000181
000004a4adbe2899
0000094c4bbf2361
0000000001fd7071
0000000000000181
0000095eec2a7261
0000000001fd7071
0000000000000181
000004b10fba31b9
000004b1d0701959
000004b491ebe6f9
000004b559a492d9
000009718c95c161
0000000001fd7071
0000000000000181
000004b9c17f7ad9
000009842d011061
0000000001fd7071
0000000000000181
00000996cd6c5f61
0000000001fd7071
0000000000000181
000004d3f09a7df9
000009a96dd7af61
0000000001fd7071
0000000000000181
000004d4e0c69a79
000004da34a5dc39
000009bc0e42fe61
0000000001fd7071
0000000000000181
000004e7388fd479
000009ceaeae4d61
0000000001fd7071
0000000000000181
000004ed54481379
000004f030b4b019
000009e14f199c61
0000000001fd7071
0000000000000181
000004f344f378b9
000009f3ef84eb61
0000000001fd7071
0000000000000181
000004fadd233c19
00000a068ff03a61
0000000001fd7071
0000000000000181
00000a19305b8961
0000000001fd7071
0000000000000181
00000a2bd0c6d961
0000000001fd7071
0000000000000181
00000a3e71322861
0000000001fd7071
0000000000000181
00000525ec8c09d9
00000a51119d7761
0000000001fd7071
0000000000000181
00000a63b208c661
0000000001fd7071
0000000000000181
00000a7652741561
0000000001fd7071
0000000000000181
00000a88f2df6461
0000000001fd7071
0000000000000181
00000a9b934ab361
0000000001fd7071
0000000000000181
00000556b60df9d9
00000aae33b60261
0000000001fd7071
0000000000000181
00000ac0d4215161
0000000001fd7071
0000000000000181
000005638f965859
00000ad3748ca061
0000000001fd7071
0000000000000181
0000056edc6c86d9
0000057004a22759
00000ae614f7f061
0000000001fd7071
0000000000000181
0000057345cc5c19
00000aeba24e3c61
0000000001fd7071
0000000000000181
