[MCS8 A] 97 FW 3.104 SV 1.257 
range=1024
periods=2
sweepmode=27e20d0
fstchan=0
holdafter=0
streamstatus=3
calreg0=0
calreg1=0
calreg2=0
calreg3=0
swpreset=8000        
prena=1
syncout=0
cycles=18
sequences=1
tagbits=16
vdac0=92c
vdac1=807
vdac2=8c8
vdac3=8c8
vdac4=8c8
vdac5=8c8
vdac6=8c8
vdac7=8c8
timepreset=150.000     
digio=0
digval=0
autoinc=0 
savedata=2 
mpafmt=asc
sephead=0 
fmt=asc
smoothpts=5 
[CHN1]
REPORT-FILE from 06/22/2026 15:39:02.126  written 06/22/2026 15:39:02
cmline0=06/22/2026 15:39:02.126 
cmline1=A1
range=1024
active=1
bitshift=4
cftfak=2580100
evpreset=10          
roimin=0
roimax=1000
caloff=0.800000
calfact=12.800000
calfact2=0
calfact3=0
calunit=nsec
caluse=1 
[CHN2]
REPORT-FILE from  written 06/22/2026 15:39:02
cmline1=A2
range=1024
active=0
bitshift=4
cftfak=2580100
evpreset=10          
roimin=0
roimax=1000
caloff=0.800000
calfact=12.800000
calfact2=0
calfact3=0
calunit=nsec
caluse=1 
[CHN3]
REPORT-FILE from  written 06/22/2026 15:39:02
cmline1=A3
range=1024
active=0
bitshift=4
cftfak=2580100
evpreset=10          
roimin=0
roimax=1000
caloff=0.800000
calfact=12.800000
calfact2=0
calfact3=0
calunit=nsec
caluse=1 
[CHN4]
REPORT-FILE from  written 06/22/2026 15:39:02
cmline1=A4
range=1024
active=0
bitshift=4
cftfak=2580100
evpreset=10          
roimin=0
roimax=1000
caloff=0.800000
calfact=12.800000
calfact2=0
calfact3=0
calunit=nsec
caluse=1 
[CHN5]
REPORT-FILE from  written 06/22/2026 15:39:02
cmline1=A5
range=1024
active=0
bitshift=4
cftfak=2580100
evpreset=10          
roimin=0
roimax=1000
caloff=0.800000
calfact=12.800000
calfact2=0
calfact3=0
calunit=nsec
caluse=1 
[CHN6]
REPORT-FILE from  written 06/22/2026 15:39:02
cmline1=A6
range=1024
active=0
bitshift=4
cftfak=2580100
evpreset=10          
roimin=0
roimax=1000
caloff=0.800000
calfact=12.800000
calfact2=0
calfact3=0
calunit=nsec
caluse=1 
[CHN7]
REPORT-FILE from  written 06/22/2026 15:39:02
cmline1=A7
range=1024
active=0
bitshift=4
cftfak=2580100
evpreset=0           
roimin=0
roimax=1000
caloff=0.800000
calfact=12.800000
calfact2=0
calfact3=0
calunit=nsec
caluse=1 
[CHN8]
REPORT-FILE from  written 06/22/2026 15:39:02
cmline1=A8
range=1024
active=0
bitshift=4
cftfak=2580100
evpreset=0           
roimin=0
roimax=1000
caloff=0.800000
calfact=12.800000
calfact2=0
calfact3=0
calunit=nsec
caluse=1 
;MCS8 #97 Sversion=1.257 Fversion=3.68
time_patch=1
;datalength=8 bytes
;bit0..3: channel# 1..8 ( 4 bit)
;bit4: edge 0=up / 1=dn ( 1 bit)
;bit5 ..57: timedata    (53 bit), max sweep length 2001.6 h
;bit58..62: tag0..tag4  ( 5 bit)
;bit63:     data_lost   ( 1 bit)
[DATA]
0000000000000016
0000002156313461
0000000001334471
0000000000000181
0000001450983839
00000033f69bd961
0000000001334471
0000000000000181
0000004697067d61
0000000001334471
0000000000000181
00000024babe8979
00000025212b0639
0000005937712261
0000000001334471
0000000000000181
0000006bd7dbc661
0000000001334471
0000000000000181
0000007e78466b61
0000000001334471
0000000000000181
0000009118b10f61
0000000001334471
0000000000000181
0000004e4316d479
000000a3b91bb461
0000000001334471
0000000000000181
00000053989cc4f9
0000005956468d99
000000b659865861
0000000001334471
0000000000000181
000000c8f9f0fc61
0000000001334471
0000000000000181
000000db9a5ba161
0000000001334471
0000000000000181
000000ee3ac64561
0000000001334471
0000000000000181
00000100db30ea61
0000000001334471
0000000000000181
00000085ca761bf9
000001137b9b8e61
0000000001334471
0000000000000181
000001261c063261
0000000001334471
0000000000000181
00000138bc70d761
0000000001334471
0000000000000181
0000014b5cdb7b61
0000000001334471
0000000000000181
000000a6792699b9
0000015dfd462061
0000000001334471
0000000000000181
000001709db0c461
0000000001334471
0000000000000181
000000b962f68bb9
000001833e1b6861
0000000001334471
0000000000000181
00000195de860c61
0000000001334471
0000000000000181
000000d08eaac499
000001a87ef0b161
0000000001334471
0000000000000181
000000dbe322a9b9
000001bb1f5b5561
0000000001334471
0000000000000181
000001cdbfc5fa61
0000000001334471
0000000000000181
000001e060309e61
0000000001334471
0000000000000181
000001f3009b4261
0000000001334471
0000000000000181
000000fe508c3619
00000205a105e761
0000000001334471
0000000000000181
0000021841708b61
0000000001334471
0000000000000181
0000022ae1db3061
0000000001334471
0000000000000181
0000023d8245d461
0000000001334471
0000000000000181
0000025022b07861
0000000001334471
0000000000000181
00000262c31b1d61
0000000001334471
0000000000000181
000002756385c161
0000000001334471
0000000000000181
0000028803f06661
0000000001334471
0000000000000181
0000029aa45b0a61
0000000001334471
0000000000000181
0000014dd39c13b9
000002ad44c5af61
0000000001334471
0000000000000181
0000015b7ea16ad9
000002bfe5305361
0000000001334471
0000000000000181
000002d2859af761
0000000001334471
0000000000000181
0000016bdcc77179
0000016e22d22199
000002e526059c61
0000000001334471
0000000000000181
000002f7c6704061
0000000001334471
0000000000000181
0000030a66dae561
0000000001334471
0000000000000181
0000018656fb2159
0000018b139e5719
0000031d07458961
0000000001334471
0000000000000181
0000019069546cf9
0000032fa7b02d61
0000000001334471
0000000000000181
00000342481ad261
0000000001334471
0000000000000181
000001a4aa5c4099
00000354e8857661
0000000001334471
0000000000000181
0000036788f01a61
0000000001334471
0000000000000181
0000037a295abf61
0000000001334471
0000000000000181
0000038cc9c56361
0000000001334471
0000000000000181
0000039f6a300761
0000000001334471
0000000000000181
000003b20a9aab61
0000000001334471
0000000000000181
000001dde34c2b59
000003c4ab055061
0000000001334471
0000000000000181
000003d74b6ff461
0000000001334471
0000000000000181
000003e9ebda9861
0000000001334471
0000000000000181
000003fc8c453c61
0000000001334471
0000000000000181
0000040f2cafe061
0000000001334471
0000000000000181
00000421cd1a8461
0000000001334471
0000000000000181
000004346d852861
0000000001334471
0000000000000181
000004470defcc61
0000000001334471
0000000000000181
00000459ae5a7061
0000000001334471
0000000000000181
0000046c4ec51461
0000000001334471
0000000000000181
0000047eef2fb861
0000000001334471
0000000000000181
000004918f9a5c61
0000000001334471
0000000000000181
000004a430050061
0000000001334471
0000000000000181
000004b6d06fa461
0000000001334471
0000000000000181
0000026117a378d9
000004c970da4861
0000000001334471
0000000000000181
000004dc1144ec61
0000000001334471
0000000000000181
00000275fb198ff9
000004eeb1af9061
0000000001334471
0000000000000181
00000501521a3461
0000000001334471
0000000000000181
00000513f284d861
0000000001334471
0000000000000181
0000052692ef7c61
0000000001334471
0000000000000181
00000539335a2061
0000000001334471
0000000000000181
000002a4e9a1d659
0000054bd3c4c461
0000000001334471
0000000000000181
0000055e742f6861
0000000001334471
0000000000000181
00000571149a0c61
0000000001334471
0000000000000181
000002c1c0a90959
00000583b504b061
0000000001334471
0000000000000181
000002c5d4572b79
00000596556f5361
0000000001334471
0000000000000181
000002cca9c57d79
000005a8f5d9f761
0000000001334471
0000000000000181
000005bb96449b61
0000000001334471
0000000000000181
000002df3d63c079
000005ce36af3f61
0000000001334471
0000000000000181
000005e0d719e361
0000000001334471
0000000000000181
000005f377848661
0000000001334471
0000000000000181
0000060617ef2a61
0000000001334471
0000000000000181
0000030878989679
00000618b859ce61
0000000001334471
0000000000000181
0000030f9eb96679
0000062b58c47261
0000000001334471
0000000000000181
0000063df92f1661
0000000001334471
0000000000000181
000006509999b961
0000000001334471
0000000000000181
0000032fe8f06f19
0000033003b8a4d9
000006633a045d61
0000000001334471
0000000000000181
00000675da6f0161
0000000001334471
0000000000000181
000006887ad9a461
0000000001334471
0000000000000181
0000069b1b444861
0000000001334471
0000000000000181
0000034f451a3279
000006adbbaeec61
0000000001334471
0000000000000181
00000358d4359759
000006c05c198f61
0000000001334471
0000000000000181
000003660393e979
000006d2fc843361
0000000001334471
0000000000000181
000003717d2e3d59
000006e59ceed761
0000000001334471
0000000000000181
000006f83d597a61
0000000001334471
0000000000000181
0000038243f1fdd9
0000070addc41e61
0000000001334471
0000000000000181
0000071d7e2ec261
0000000001334471
0000000000000181
000007301e996661
0000000001334471
0000000000000181
00000742bf040961
0000000001334471
0000000000000181
000003a3ed60e919
000007555f6ead61
0000000001334471
0000000000000181
00000767ffd95161
0000000001334471
0000000000000181
000003b99e0e0b39
0000077aa043f461
0000000001334471
0000000000000181
0000078d40ae9861
0000000001334471
0000000000000181
0000079fe1193c61
0000000001334471
0000000000000181
000007b28183e061
0000000001334471
0000000000000181
000007c521ee8361
0000000001334471
0000000000000181
000007d7c2592761
0000000001334471
0000000000000181
000003f45ce97539
000007ea62c3cb61
0000000001334471
0000000000000181
000003fe2cc6d119
000007fd032e6e61
0000000001334471
0000000000000181
0000080fa3991261
0000000001334471
0000000000000181
000008224403b661
0000000001334471
0000000000000181
00000834e46e5961
0000000001334471
0000000000000181
0000084784d8fd61
0000000001334471
0000000000000181
0000085a2543a161
0000000001334471
0000000000000181
0000086cc5ae4461
0000000001334471
0000000000000181
000004395f0c4c59
0000087f6618e861
0000000001334471
0000000000000181
0000089206838b61
0000000001334471
0000000000000181
000008a4a6ee2f61
0000000001334471
0000000000000181
000008b74758d261
0000000001334471
0000000000000181
000008c9e7c37561
0000000001334471
0000000000000181
000008dc882e1961
0000000001334471
0000000000000181
000008ef2898bc61
0000000001334471
0000000000000181
00000901c9035f61
0000000001334471
0000000000000181
00000914696e0361
0000000001334471
0000000000000181
00000490b1c93cf9
0000092709d8a661
0000000001334471
0000000000000181
00000498c2f1a3b9
00000939aa434961
0000000001334471
0000000000000181
0000094c4aadec61
0000000001334471
0000000000000181
0000095eeb188f61
0000000001334471
0000000000000181
000004b7e15efd19
000009718b833261
0000000001334471
0000000000000181
000009842bedd661
0000000001334471
0000000000000181
00000996cc587961
0000000001334471
0000000000000181
000004d03fa24659
000009a96cc31c61
0000000001334471
0000000000000181
000009bc0d2dbf61
0000000001334471
0000000000000181
000009cead986261
0000000001334471
0000000000000181
000004ebef3f97f9
000009e14e030561
0000000001334471
0000000000000181
000009f3ee6da861
0000000001334471
0000000000000181
00000a068ed84b61
0000000001334471
0000000000000181
00000a192f42ee61
0000000001334471
0000000000000181
00000511bba053f9
00000a2bcfad9161
0000000001334471
0000000000000181
00000a3e70183461
0000000001334471
0000000000000181
00000a511082d761
0000000001334471
0000000000000181
000005294ceda119
00000531b4ff0419
00000a63b0ed7a61
0000000001334471
0000000000000181
00000538a229ccb9
00000a7651581d61
0000000001334471
0000000000000181
0000054396fe5099
00000a88f1c2c061
0000000001334471
0000000000000181
00000547c5fc5b19
00000a9b922d6261
0000000001334471
0000000000000181
00000aae32980561
0000000001334471
0000000000000181
00000ac0d302a861
0000000001334471
0000000000000181
00000ad3736d4b61
0000000001334471
0000000000000181
00000ae613d7ee61
0000000001334471
0000000000000181
00000aec07304661
0000000001334471
0000000000000181
