[MCS8 A] 97 FW 3.104 SV 1.257 
range=1024
periods=2
sweepmode=27e20d0
fstchan=0
holdafter=0
streamstatus=3
calreg0=0
calreg1=0
calreg2=0
calreg3=0
swpreset=8000        
prena=1
syncout=0
cycles=18
sequences=1
tagbits=16
vdac0=92c
vdac1=807
vdac2=8c8
vdac3=8c8
vdac4=8c8
vdac5=8c8
vdac6=8c8
vdac7=8c8
timepreset=120.000     
digio=0
digval=0
autoinc=0 
savedata=2 
mpafmt=asc
sephead=0 
fmt=asc
smoothpts=5 
[CHN1]
REPORT-FILE from 06/22/2026 15:48:51.997  written 06/22/2026 15:48:51
cmline0=06/22/2026 15:48:51.997 
cmline1=A1
range=1024
active=1
bitshift=4
cftfak=2580100
evpreset=10          
roimin=0
roimax=1000
caloff=0.800000
calfact=12.800000
calfact2=0
calfact3=0
calunit=nsec
caluse=1 
[CHN2]
REPORT-FILE from  written 06/22/2026 15:48:51
cmline1=A2
range=1024
active=0
bitshift=4
cftfak=2580100
evpreset=10          
roimin=0
roimax=1000
caloff=0.800000
calfact=12.800000
calfact2=0
calfact3=0
calunit=nsec
caluse=1 
[CHN3]
REPORT-FILE from  written 06/22/2026 15:48:51
cmline1=A3
range=1024
active=0
bitshift=4
cftfak=2580100
evpreset=10          
roimin=0
roimax=1000
caloff=0.800000
calfact=12.800000
calfact2=0
calfact3=0
calunit=nsec
caluse=1 
[CHN4]
REPORT-FILE from  written 06/22/2026 15:48:51
cmline1=A4
range=1024
active=0
bitshift=4
cftfak=2580100
evpreset=10          
roimin=0
roimax=1000
caloff=0.800000
calfact=12.800000
calfact2=0
calfact3=0
calunit=nsec
caluse=1 
[CHN5]
REPORT-FILE from  written 06/22/2026 15:48:51
cmline1=A5
range=1024
active=0
bitshift=4
cftfak=2580100
evpreset=10          
roimin=0
roimax=1000
caloff=0.800000
calfact=12.800000
calfact2=0
calfact3=0
calunit=nsec
caluse=1 
[CHN6]
REPORT-FILE from  written 06/22/2026 15:48:51
cmline1=A6
range=1024
active=0
bitshift=4
cftfak=2580100
evpreset=10          
roimin=0
roimax=1000
caloff=0.800000
calfact=12.800000
calfact2=0
calfact3=0
calunit=nsec
caluse=1 
[CHN7]
REPORT-FILE from  written 06/22/2026 15:48:51
cmline1=A7
range=1024
active=0
bitshift=4
cftfak=2580100
evpreset=0           
roimin=0
roimax=1000
caloff=0.800000
calfact=12.800000
calfact2=0
calfact3=0
calunit=nsec
caluse=1 
[CHN8]
REPORT-FILE from  written 06/22/2026 15:48:51
cmline1=A8
range=1024
active=0
bitshift=4
cftfak=2580100
evpreset=0           
roimin=0
roimax=1000
caloff=0.800000
calfact=12.800000
calfact2=0
calfact3=0
calunit=nsec
caluse=1 
;MCS8 #97 Sversion=1.257 Fversion=3.68
time_patch=1
;datalength=8 bytes
;bit0..3: channel# 1..8 ( 4 bit)
;bit4: edge 0=up / 1=dn ( 1 bit)
;bit5 ..57: timedata    (53 bit), max sweep length 2001.6 h
;bit58..62: tag0..tag4  ( 5 bit)
;bit63:     data_lost   ( 1 bit)
[DATA]
0000000000000016
0000000238a7fbd9
0000000bd125a6d9
0000000e2e873c59
000000215749c561
000000000268d071
0000000000000181
00000033f7b46261
000000000268d071
0000000000000181
0000001b9cd77059
0000001ea521a0b9
00000046981eff61
000000000268d071
0000000000000181
00000029eb0e37d9
0000005938899c61
000000000268d071
0000000000000181
000000306ee1ae99
0000006bd8f43861
000000000268d071
0000000000000181
00000037ec03c759
0000003cf833e0f9
0000007e795ed561
000000000268d071
0000000000000181
0000003f6229fcf9
00000044ca65f459
0000009119c97261
000000000268d071
0000000000000181
0000004b0f4a74f9
0000004c25b019f9
0000004ec7a3a1d9
00000050c8d36a19
000000a3ba340f61
000000000268d071
0000000000000181
0000005265499bf9
00000053b57220f9
000000554bd4da99
0000005634861839
000000b65a9eac61
000000000268d071
0000000000000181
0000005d5770a659
000000612f6345f9
0000006203236079
00000063b5731ef9
000000c8fb094961
000000000268d071
0000000000000181
0000006514f1b119
000000674a9ffb39
0000006954ba6739
000000db9b73e661
000000000268d071
0000000000000181
0000007159605db9
000000ee3bde8261
000000000268d071
0000000000000181
000000784aa9dd79
00000078f83c0439
00000100dc491f61
000000000268d071
0000000000000181
000001137cb3bc61
000000000268d071
0000000000000181
0000008cbf1e64b9
0000008d72b39ad9
0000008d97b93499
000001261d1e5961
000000000268d071
0000000000000181
00000098f0f9c3d9
00000099898de119
00000138bd88f661
000000000268d071
0000000000000181
0000014b5df39261
000000000268d071
0000000000000181
000000a7d51d9959
000000a9d7b9f899
000000ada1b5a019
000000ae162335b9
0000015dfe5e2f61
000000000268d071
0000000000000181
000000b0f19d9cd9
000001709ec8cc61
000000000268d071
0000000000000181
000000bd53b6fcf9
000000beed76f939
000001833f336961
000000000268d071
0000000000000181
000000c2ae889b99
000000c3e7e4c8b9
000000c46bd03519
00000195df9e0561
000000000268d071
0000000000000181
000000cb6806f0b9
000000cc06462e19
000000cc9064dd59
000000d1d73b0d59
000000d32ab81219
000001a88008a261
000000000268d071
0000000000000181
000000d7b03b46f9
000000d8a70b0679
000000da095fadb9
000001bb20733f61
000000000268d071
0000000000000181
000000e041383659
000000e212300239
000001cdc0dddc61
000000000268d071
0000000000000181
000000e8bc2c7919
000000ea289f7b59
000000ea30474d99
000000ebdd024fd9
000001e061487861
000000000268d071
0000000000000181
000000f13a706f59
000000f2e8786d19
000000f5139817b9
000000f58e003959
000001f301b31561
000000000268d071
0000000000000181
000000fdfe7404f9
000000ff7573c739
000001005013f919
000001007d900cb9
00000100fa9bb859
00000102c9f5b259
00000205a21db261
000000000268d071
0000000000000181
000001043e894719
00000108fb9a9fb9
0000010b06808539
0000021842884f61
000000000268d071
0000000000000181
0000010e88b75679
0000022ae2f2eb61
000000000268d071
0000000000000181
0000011590e436d9
00000119a1fe27f9
0000023d835d8861
000000000268d071
0000000000000181
0000011f157f2bd9
00000121b08f1219
0000012730cdc0b9
00000127beaf6c99
0000025023c82561
000000000268d071
0000000000000181
00000128e3bb6d99
0000012ab0d87219
0000012bb7402059
0000012d13a32a59
00000262c432c261
000000000268d071
0000000000000181
000001354e1a9b59
00000136fdd107b9
00000275649d5e61
000000000268d071
0000000000000181
0000013b62a6b759
0000014059840c59
000002880507fb61
000000000268d071
0000000000000181
000001445bb31479
0000014855cc3dd9
00000149af942c59
0000029aa5729861
000000000268d071
0000000000000181
0000014db38e7979
00000154039de039
000002ad45dd3461
000000000268d071
0000000000000181
000001590a92bd39
000001592e89ac19
0000015adcd86879
0000015b1e3a6439
000002bfe647d161
000000000268d071
0000000000000181
000002d286b26e61
000000000268d071
0000000000000181
0000016a44508cf9
0000016c919fedd9
0000016ce8ce5159
000002e5271d0a61
000000000268d071
0000000000000181
000001770cee60d9
000002f7c787a761
000000000268d071
0000000000000181
0000017f7f589d19
0000030a67f24461
000000000268d071
0000000000000181
00000186f62a8399
000001894cded7d9
0000018b1f436c79
0000018b3f9295b9
0000018d6dfd3e79
0000031d085ce061
000000000268d071
0000000000000181
0000032fa8c77d61
000000000268d071
0000000000000181
00000197eba0cb59
00000198ffdf8bd9
0000034249321961
000000000268d071
0000000000000181
000001a7badac4b9
00000354e99cb661
000000000268d071
0000000000000181
000001acaad86119
000001acb7c7a219
000001b0bd17bc59
000001b0ea698ab9
000001b33bfcef39
000003678a075261
000000000268d071
0000000000000181
000001bb16673db9
0000037a2a71ef61
000000000268d071
0000000000000181
000001c066a73db9
0000038ccadc8b61
000000000268d071
0000000000000181
0000039f6b472861
000000000268d071
0000000000000181
000001d06682f219
000001d10769bd39
000001d2b72f4739
000001d3b838a619
000001d40a617739
000001d48c0f8c59
000001d71a673859
000003b20bb1c461
000000000268d071
0000000000000181
000001d974902259
000001dd32a050d9
000003c4ac1c6161
000000000268d071
0000000000000181
000003d74c86fd61
000000000268d071
0000000000000181
000001ed57496ed9
000001f3bc87c219
000003e9ecf19a61
000000000268d071
0000000000000181
000001f6fd605299
000001f725f2c459
000001f9a5d0a439
000001fb826e9479
000001fddb6d55d9
000003fc8d5c3661
000000000268d071
0000000000000181
000002009593f9f9
0000020202df7499
0000040f2dc6d261
000000000268d071
0000000000000181
0000020a99bafa59
0000020ca2720ef9
0000020e1cd4a0b9
00000421ce316f61
000000000268d071
0000000000000181
000002143b6252d9
000004346e9c0b61
000000000268d071
0000000000000181
0000021a93c99c79
0000021d2933e579
00000221942a0539
0000022203c2ffb9
000004470f06a761
000000000268d071
0000000000000181
000002263d3c7f59
00000226f26d5739
0000022b74c5a919
00000459af714361
000000000268d071
0000000000000181
00000230607d4679
0000046c4fdbe061
000000000268d071
0000000000000181
0000047ef0467c61
000000000268d071
0000000000000181
000002408f0b81d9
0000049190b11861
000000000268d071
0000000000000181
0000024a3b2f50f9
000004a4311bb461
000000000268d071
0000000000000181
000002542eb38739
00000255f7118439
00000259c8ad4f19
000004b6d1865061
000000000268d071
0000000000000181
0000025ccc801399
0000025f29e15bd9
00000260125efbd9
00000263e1e73099
000004c971f0ed61
000000000268d071
0000000000000181
00000266d3c442b9
00000267b28b6719
0000026b92814a39
000004dc125b8961
000000000268d071
0000000000000181
0000026eb66d3339
0000027412b79af9
000004eeb2c62561
000000000268d071
0000000000000181
000002783e401c19
0000027c2cf5f099
0000027e05916b39
000005015330c161
000000000268d071
0000000000000181
00000284bf434499
00000286d72a0159
00000289eec275b9
00000513f39b5d61
000000000268d071
0000000000000181
0000028af0728799
000005269405f961
000000000268d071
0000000000000181
0000053934709561
000000000268d071
0000000000000181
000002a1445c90f9
000002a43dc140b9
000002a567158239
0000054bd4db3161
000000000268d071
0000000000000181
000002a64d02ef99
000002a8497d2e79
000002aa48670cf9
000002af0e803559
0000055e7545cd61
000000000268d071
0000000000000181
000002b30bb54799
000002b62968c639
0000057115b06961
000000000268d071
0000000000000181
000002c0ac4b62d9
000002c1c4f8c539
00000583b61b0461
000000000268d071
0000000000000181
000002c67cad3699
000002c9969f1499
000005965685a061
000000000268d071
0000000000000181
000002cc3a1acbf9
000002cd76f288d9
000002cdbb070c99
000002d19e34fcf9
000002d2f84779f9
000005a8f6f03c61
000000000268d071
0000000000000181
000002d5f04608b9
000002d62f4255b9
000002d721f38b59
000002d75e75b199
000002dabd0a2519
000005bb975ad861
000000000268d071
0000000000000181
000002de0252b8d9
000005ce37c57461
000000000268d071
0000000000000181
000002eebf480139
000005e0d8300f61
000000000268d071
0000000000000181
000002f85fd8b439
000002f8ba665f99
000005f3789aab61
000000000268d071
0000000000000181
000002fbf1c3b4d9
00000300d974b499
0000060619054761
000000000268d071
0000000000000181
0000030589932ad9
0000030764214c39
000003084f5488b9
0000030b886254d9
00000618b96fe261
000000000268d071
0000000000000181
0000030d64308ab9
0000030dfb306fd9
00000315906a9af9
0000062b59da7e61
000000000268d071
0000000000000181
0000031684788559
000003178cf9e559
00000318090e75d9
00000319cab08979
0000031af9070279
0000031b76c07979
0000031eb9adc799
0000063dfa451a61
000000000268d071
0000000000000181
0000031f05ecfcf9
00000320aaf330f9
00000323840b8419
000003254ebfa999
00000328482ad119
000006509aafb561
000000000268d071
0000000000000181
0000032ccb6ec879
0000032f52022cf9
0000033019d95ed9
000006633b1a5161
000000000268d071
0000000000000181
00000333d1858f19
0000033441d73039
00000334c2fc7279
000003353c9c4ed9
00000675db84ec61
000000000268d071
0000000000000181
0000033dbf884db9
0000034060d4e859
000006887bef8861
000000000268d071
0000000000000181
00000347bbfe7a79
0000034d62ab29d9
0000069b1c5a2361
000000000268d071
0000000000000181
00000350801ce119
00000352a00c7cd9
000003532f269cb9
00000354c17f80b9
000003567ea74839
000006adbcc4bf61
000000000268d071
0000000000000181
00000358fd83de99
0000035aa1d5d8d9
000006c05d2f5a61
000000000268d071
0000000000000181
00000360d8db7df9
000003644528b4d9
000003655ce87939
000006d2fd99f561
000000000268d071
0000000000000181
000003699ad123b9
0000036e8c8b9cb9
0000036f54d65079
000006e59e049161
000000000268d071
0000000000000181
00000377a2a82a99
00000379b0fc56b9
0000037ad76c5679
000006f83e6f2c61
000000000268d071
0000000000000181
000003806ca0dd39
0000070aded9c761
000000000268d071
0000000000000181
0000071d7f446261
000000000268d071
0000000000000181
0000038fe5ad0219
00000390709612d9
00000390cd2cf239
00000393e2e95919
000007301faefd61
000000000268d071
0000000000000181
0000039e0c216cb9
0000039fa3613679
00000742c0199961
000000000268d071
0000000000000181
000003a2c0ef5679
0000075560843461
000000000268d071
0000000000000181
000003acfcee7019
000003ae71a476b9
000003b1f4336fb9
000003b260247479
0000076800eecf61
000000000268d071
0000000000000181
000003b6cf1d9079
000003b8f5a66a19
000003bab8a6c059
0000077aa1596a61
000000000268d071
0000000000000181
0000078d41c40561
000000000268d071
0000000000000181
000003c880ab0e39
000003c8836fa619
000003ca08bdacf9
000003ccd7eafad9
000003cf2320b5f9
0000079fe22ea061
000000000268d071
0000000000000181
000003d0822f1ef9
000003d12a8db8d9
000003d7cec89559
000003d86e53d759
000003d8cc8b7519
000007b282993b61
000000000268d071
0000000000000181
000003dcc280d2f9
000007c52303d561
000000000268d071
0000000000000181
000003e2c1e8cd99
000003e3ad306c39
000003e570de1919
000003e627213e99
000003e68b112499
000003ea6284e2f9
000007d7c36e7061
000000000268d071
0000000000000181
000007ea63d90b61
000000000268d071
0000000000000181
000003f7c3d27bd9
000003f8ca1cab59
000003fc095396f9
000007fd0443a661
000000000268d071
0000000000000181
00000402084c7e59
00000405b76d09d9
0000080fa4ae4161
000000000268d071
0000000000000181
000004080d1be879
0000040b6229bcd9
0000040cea94c259
000008224518db61
000000000268d071
0000000000000181
00000413087474d9
00000415ec534119
00000416a805b419
0000041a0db58bf9
00000834e5837661
000000000268d071
0000000000000181
0000041d12559779
0000041d6bf254f9
00000421f2e4f259
0000042310805d79
000004234d96b519
0000084785ee1161
000000000268d071
0000000000000181
0000042be6223d79
0000085a2658ab61
000000000268d071
0000000000000181
0000086cc6c34661
000000000268d071
0000000000000181
0000043ce1d326d9
0000043f7142b859
0000087f672de061
000000000268d071
0000000000000181
00000441a8190459
0000089207987b61
000000000268d071
0000000000000181
0000044ccb29ab39
0000044ed5909879
000008a4a8031561
000000000268d071
0000000000000181
00000458b3d3b879
000008b7486db061
000000000268d071
0000000000000181
0000045c0c200979
000008bc6e9ea861
000000000268d071
0000000000000181
