[MCS8 A] 97 FW 3.104 SV 1.257 
range=1024
periods=2
sweepmode=27e20d0
fstchan=0
holdafter=0
streamstatus=3
calreg0=0
calreg1=0
calreg2=0
calreg3=0
swpreset=8000        
prena=1
syncout=0
cycles=18
sequences=1
tagbits=16
vdac0=92c
vdac1=807
vdac2=8c8
vdac3=8c8
vdac4=8c8
vdac5=8c8
vdac6=8c8
vdac7=8c8
timepreset=150.000     
digio=0
digval=0
autoinc=0 
savedata=2 
mpafmt=asc
sephead=0 
fmt=asc
smoothpts=5 
[CHN1]
REPORT-FILE from 06/23/2026 15:11:31.948  written 06/23/2026 15:11:31
cmline0=06/23/2026 15:11:31.948 
cmline1=A1
range=1024
active=1
bitshift=4
cftfak=2580100
evpreset=10          
roimin=0
roimax=1000
caloff=0.800000
calfact=12.800000
calfact2=0
calfact3=0
calunit=nsec
caluse=1 
[CHN2]
REPORT-FILE from  written 06/23/2026 15:11:31
cmline1=A2
range=1024
active=0
bitshift=4
cftfak=2580100
evpreset=10          
roimin=0
roimax=1000
caloff=0.800000
calfact=12.800000
calfact2=0
calfact3=0
calunit=nsec
caluse=1 
[CHN3]
REPORT-FILE from  written 06/23/2026 15:11:31
cmline1=A3
range=1024
active=0
bitshift=4
cftfak=2580100
evpreset=10          
roimin=0
roimax=1000
caloff=0.800000
calfact=12.800000
calfact2=0
calfact3=0
calunit=nsec
caluse=1 
[CHN4]
REPORT-FILE from  written 06/23/2026 15:11:31
cmline1=A4
range=1024
active=0
bitshift=4
cftfak=2580100
evpreset=10          
roimin=0
roimax=1000
caloff=0.800000
calfact=12.800000
calfact2=0
calfact3=0
calunit=nsec
caluse=1 
[CHN5]
REPORT-FILE from  written 06/23/2026 15:11:31
cmline1=A5
range=1024
active=0
bitshift=4
cftfak=2580100
evpreset=10          
roimin=0
roimax=1000
caloff=0.800000
calfact=12.800000
calfact2=0
calfact3=0
calunit=nsec
caluse=1 
[CHN6]
REPORT-FILE from  written 06/23/2026 15:11:31
cmline1=A6
range=1024
active=0
bitshift=4
cftfak=2580100
evpreset=10          
roimin=0
roimax=1000
caloff=0.800000
calfact=12.800000
calfact2=0
calfact3=0
calunit=nsec
caluse=1 
[CHN7]
REPORT-FILE from  written 06/23/2026 15:11:31
cmline1=A7
range=1024
active=0
bitshift=4
cftfak=2580100
evpreset=0           
roimin=0
roimax=1000
caloff=0.800000
calfact=12.800000
calfact2=0
calfact3=0
calunit=nsec
caluse=1 
[CHN8]
REPORT-FILE from  written 06/23/2026 15:11:31
cmline1=A8
range=1024
active=0
bitshift=4
cftfak=2580100
evpreset=0           
roimin=0
roimax=1000
caloff=0.800000
calfact=12.800000
calfact2=0
calfact3=0
calunit=nsec
caluse=1 
;MCS8 #97 Sversion=1.257 Fversion=3.68
time_patch=1
;datalength=8 bytes
;bit0..3: channel# 1..8 ( 4 bit)
;bit4: edge 0=up / 1=dn ( 1 bit)
;bit5 ..57: timedata    (53 bit), max sweep length 2001.6 h
;bit58..62: tag0..tag4  ( 5 bit)
;bit63:     data_lost   ( 1 bit)
[DATA]
0000000000000016
000000022a79b979
000000062bef8159
000000093c745479
0000000b14f79fb9
0000000ca5915af9
0000002156e73e61
0000000001f02b71
0000000000000181
00000013f503df39
000000187141db79
00000033f7528f61
0000000001f02b71
0000000000000181
0000001ea9976ef9
0000002277eed7d9
0000004697bde061
0000000001f02b71
0000000000000181
000000269b0b0799
0000005938293161
0000000001f02b71
0000000000000181
0000002e83ba4ef9
00000034a2199a19
00000035e04ecaf9
0000006bd8948161
0000000001f02b71
0000000000000181
00000037738b1759
0000003845d45e59
0000007e78ffd261
0000000001f02b71
0000000000000181
00000041f388a719
000000471444fdd9
00000047b567c219
00000091196b2361
0000000001f02b71
0000000000000181
00000049f48cef39
0000004e665dbe79
0000005006cfe3f9
000000a3b9d67461
0000000001f02b71
0000000000000181
0000005541da2eb9
00000057bfc5c379
000000b65a41c561
0000000001f02b71
0000000000000181
0000005c0f3d6319
0000005cc0f65a19
0000005f67721db9
000000c8faad1661
0000000001f02b71
0000000000000181
000000649060b499
00000065aba6daf9
00000067631ae899
00000067e9cc70b9
0000006bc9ecf3f9
0000006cf6373259
0000006d62bb1a79
000000db9b186761
0000000001f02b71
0000000000000181
0000006e32df2e99
0000006ec03661b9
00000070fcdb00b9
000000731281c239
000000ee3b83b861
0000000001f02b71
0000000000000181
000000787b8a5719
0000007bec19a879
0000007c8c70d399
0000007e74ccd359
0000007eb9844bf9
00000100dbef0961
0000000001f02b71
0000000000000181
0000008420d1b9b9
00000088e4c54f99
000001137c5a5a61
0000000001f02b71
0000000000000181
0000008bbd91d839
0000008e7f1735b9
000001261cc5ab61
0000000001f02b71
0000000000000181
000000961c09d699
0000009979d13bb9
00000138bd30fc61
0000000001f02b71
0000000000000181
0000009e7c874df9
0000014b5d9c4d61
0000000001f02b71
0000000000000181
000000a95f562299
000000ab9ed3f4b9
000000aec84830b9
0000015dfe079e61
0000000001f02b71
0000000000000181
000000b27f967419
000001709e72ef61
0000000001f02b71
0000000000000181
000000b9e02dc779
000000ba3674a139
000000bdf86848f9
000000bf1f032359
000001833ede4061
0000000001f02b71
0000000000000181
000000c207a4af99
000000c27f35e2f9
000000c39d19d1b9
000000c68b6b8799
000000c99e9bacb9
00000195df499161
0000000001f02b71
0000000000000181
000001a87fb4e261
0000000001f02b71
0000000000000181
000000d6bae25d59
000000dcfa6b5299
000001bb20203361
0000000001f02b71
0000000000000181
000000e3066caf79
000001cdc08b8461
0000000001f02b71
0000000000000181
000000e904b726d9
000000e95027def9
000000eafe517ed9
000000eebc755719
000001e060f6d561
0000000001f02b71
0000000000000181
000000f1a9f9aa39
000000f6c4157c79
000001f301622661
0000000001f02b71
0000000000000181
000000fa37e07179
000000fa41702479
000000fad143d899
000000fc0ef626f9
000000fd207baf59
000000fdfde52f19
00000205a1cd7761
0000000001f02b71
0000000000000181
000002184238c861
0000000001f02b71
0000000000000181
00000113ef682899
0000022ae2a41a61
0000000001f02b71
0000000000000181
0000011701235eb9
0000011925de14d9
0000011d0420c8b9
0000011e17878559
0000023d830f6b61
0000000001f02b71
0000000000000181
0000012058bd8839
000001224be098b9
00000124acba2959
0000012595c85a99
00000250237abc61
0000000001f02b71
0000000000000181
0000012b95952e19
0000012c9e096d79
00000262c3e60d61
0000000001f02b71
0000000000000181
00000131e1162a39
000001376f0d3cd9
0000027564515e61
0000000001f02b71
0000000000000181
0000028804bcaf61
0000000001f02b71
0000000000000181
0000014690d84ed9
00000146f8d22659
00000146fdda07f9
0000014d1e26dab9
0000029aa5280061
0000000001f02b71
0000000000000181
0000014fd64fb799
00000152476d8579
0000015584ba76f9
000002ad45935161
0000000001f02b71
0000000000000181
000002bfe5fea361
0000000001f02b71
0000000000000181
000001616c9711b9
000001624974a879
0000016397e2a619
000002d28669f461
0000000001f02b71
0000000000000181
000002e526d54561
0000000001f02b71
0000000000000181
000001737c2ba479
000002f7c7409661
0000000001f02b71
0000000000000181
0000017cf8711639
00000181d4fb4eb9
000001842c80ec39
0000030a67abe761
0000000001f02b71
0000000000000181
0000031d08173961
0000000001f02b71
0000000000000181
0000032fa8828a61
0000000001f02b71
0000000000000181
0000019abce31bd9
0000019b9069e799
0000019cc40cc2f9
0000019da78c1059
0000034248eddb61
0000000001f02b71
0000000000000181
000001a8211a2519
000001a9278abed9
000001a9aa87ff59
00000354e9592c61
0000000001f02b71
0000000000000181
000001ac8e8da6b9
000001ad2e2f4db9
0000036789c47d61
0000000001f02b71
0000000000000181
000001b55002c679
000001b7b62ae459
0000037a2a2fce61
0000000001f02b71
0000000000000181
000001bf2d2c4ef9
000001c5a81094d9
0000038cca9b2061
0000000001f02b71
0000000000000181
000001c6a3a5d0d9
000001c8f3c64ad9
000001cacbabfa39
000001cbb59506b9
0000039f6b067161
0000000001f02b71
0000000000000181
000001d2e5ffc159
000003b20b71c261
0000000001f02b71
0000000000000181
000001d9f0749d19
000001e0e4a56b19
000001e15a50a459
000003c4abdd1361
0000000001f02b71
0000000000000181
000001e3d0b96a59
000001e3d5cb7f59
000001e58e1be019
000001eb9ecf4779
000003d74c486461
0000000001f02b71
0000000000000181
000001f05f8f0b59
000001f3c96c0879
000003e9ecb3b561
0000000001f02b71
0000000000000181
000001f6fdcfbf39
000003fc8d1f0661
0000000001f02b71
0000000000000181
00000200664990f9
0000040f2d8a5861
0000000001f02b71
0000000000000181
00000208d54304d9
00000421cdf5a961
0000000001f02b71
0000000000000181
00000211badf1f59
00000217fb31a7f9
00000218cfa44279
000004346e60fa61
0000000001f02b71
0000000000000181
0000021db17aea99
0000021eb87ec0b9
000004470ecc4b61
0000000001f02b71
0000000000000181
00000226b79bf619
00000459af379c61
0000000001f02b71
0000000000000181
0000022dc49c9319
0000022dcdba0cf9
0000046c4fa2ed61
0000000001f02b71
0000000000000181
0000023c444b48d9
0000047ef00e3e61
0000000001f02b71
0000000000000181
000002407362e879
0000049190798f61
0000000001f02b71
0000000000000181
000004a430e4e161
0000000001f02b71
0000000000000181
000002542529dcb9
0000025442992499
0000025a9772a179
000004b6d1503261
0000000001f02b71
0000000000000181
0000025ef7d29819
000004c971bb8361
0000000001f02b71
0000000000000181
0000026a5df3ad19
000004dc1226d461
0000000001f02b71
0000000000000181
0000026fe31fbaf9
00000273550208b9
000004eeb2922561
0000000001f02b71
0000000000000181
00000277fce4cf59
00000278b8669299
0000027a34e72b99
0000027d812ea8d9
0000027f309367b9
0000050152fd7761
0000000001f02b71
0000000000000181
000002829b182779
00000289e857daf9
00000513f368c861
0000000001f02b71
0000000000000181
0000028c21fb1f79
0000028fce0b4ed9
000002907c4a2b39
00000291ba1f5b19
00000291faab3859
000002923f1cee99
0000052693d41961
0000000001f02b71
0000000000000181
00000296fa68e4d9
000002982f4932b9
00000539343f6a61
0000000001f02b71
0000000000000181
0000029cb445e5d9
000002a2ceba4759
0000054bd4aabb61
0000000001f02b71
0000000000000181
000002ae5a6149d9
0000055e75160d61
0000000001f02b71
0000000000000181
000002b125245039
000002b30f019939
000002b62ac58059
0000057115815e61
0000000001f02b71
0000000000000181
000002b8c28fe919
000002bbbcfcadb9
00000583b5ecaf61
0000000001f02b71
0000000000000181
000002c25a9e0f99
000002c3e4b37399
000002c7cfd8be59
0000059656580061
0000000001f02b71
0000000000000181
000002cc857f6179
000002cdaa842999
000002d07be33219
000002d16d22a579
000005a8f6c35161
0000000001f02b71
0000000000000181
000002db22d30f39
000002dd792e33b9
000005bb972ea261
0000000001f02b71
0000000000000181
000005ce3799f461
0000000001f02b71
0000000000000181
000002ee00b34979
000002ee355ba959
000002eee7c436b9
000005e0d8054561
0000000001f02b71
0000000000000181
000002f072a749d9
000002f2b63cf359
000002f5da038bf9
000002f62cecb619
000005f378709661
0000000001f02b71
0000000000000181
000002faf4d71179
000002fdd84c1f99
000002fe889d43d9
0000030272aeb6f9
00000302a903f9d9
0000060618dbe761
0000000001f02b71
0000000000000181
00000303f4cd3fb9
000003067aeef619
000003090a674339
0000030969599c79
00000618b9473861
0000000001f02b71
0000000000000181
0000030f404b2899
0000031353df81b9
0000062b59b28961
0000000001f02b71
0000000000000181
0000063dfa1dda61
0000000001f02b71
0000000000000181
0000031f8f507199
00000320c55e45b9
00000327a0208559
00000327d5a789d9
000006509a892b61
0000000001f02b71
0000000000000181
0000032ac8a87599
000006633af47c61
0000000001f02b71
0000000000000181
0000033386b31a39
000003375790a759
000003386889da59
0000033ac642e8b9
00000675db5fcd61
0000000001f02b71
0000000000000181
0000033f0e96f859
00000340469ef599
000006887bcb1e61
0000000001f02b71
0000000000000181
000003449901a199
00000344cb13b479
00000344fabf20b9
00000347779522f9
0000069b1c366f61
0000000001f02b71
0000000000000181
00000352cc37a979
0000035586e9a339
000006adbca1c061
0000000001f02b71
0000000000000181
00000357919e5519
0000035975a8f5b9
0000035a8098acd9
0000035e831d5919
000006c05d0d1161
0000000001f02b71
0000000000000181
00000361c12f0f79
00000361e1eabf79
00000366cd10f259
000006d2fd786261
0000000001f02b71
0000000000000181
0000036ba8b5beb9
000003702fa9e3b9
000006e59de3b361
0000000001f02b71
0000000000000181
0000037380c51c19
0000037478eb8659
00000376c791ef59
000006f83e4f0461
0000000001f02b71
0000000000000181
00000381baae2ff9
000003837cc50f59
00000384aa8ebbb9
0000070adeba5561
0000000001f02b71
0000000000000181
0000038a54b64a39
0000038d56d37299
0000071d7f25a661
0000000001f02b71
0000000000000181
0000038f9cb92739
000003948da4dad9
00000396e9327f59
0000039800a20879
000007301f90f761
0000000001f02b71
0000000000000181
0000039afb62ea39
00000742bffc4861
0000000001f02b71
0000000000000181
000003a2bf0222b9
000003a3d19e8cf9
000003a63772a379
0000075560679961
0000000001f02b71
0000000000000181
000003b2c1e91c19
000003b370267639
0000076800d2ea61
0000000001f02b71
0000000000000181
000003b5b399bed9
0000077aa13e3b61
0000000001f02b71
0000000000000181
000003bd58086099
000003be20e59c59
000003c006855e99
0000078d41a98c61
0000000001f02b71
0000000000000181
000003ca6fa11fd9
000003cacbd1b419
000003cefe5a2b19
0000079fe214dd61
0000000001f02b71
0000000000000181
000003d689cdd159
000003d8356c9739
000007b282802e61
0000000001f02b71
0000000000000181
000003dc073b2219
000003dc71ee7599
000003ddf4ffe6b9
000003de3d075919
000007c522eb7f61
0000000001f02b71
0000000000000181
000003e5665d36b9
000003e660849ab9
000003e8d8c6ebf9
000007d7c356d061
0000000001f02b71
0000000000000181
000007ea63c22161
0000000001f02b71
0000000000000181
000003f93afafb79
000007fd042d7261
0000000001f02b71
0000000000000181
000003fea42df2b9
000004019197fa59
0000080fa498c361
0000000001f02b71
0000000000000181
000004087fdc8979
00000409224f0919
0000040f59120299
0000040f903f20b9
0000082245041461
0000000001f02b71
0000000000000181
00000411f568d519
000004127fa93399
0000041613d07999
00000834e56f6561
0000000001f02b71
0000000000000181
0000041b69adb399
0000041c1e88b839
0000041ce02ffa19
000004220b677639
0000042307fd2b39
0000084785dab661
0000000001f02b71
0000000000000181
0000085a26460761
0000000001f02b71
0000000000000181
000004331b0015f9
00000435d8997179
0000086cc6b15861
0000000001f02b71
0000000000000181
0000043a5ec01f19
0000043b8608cbb9
0000087f671caa61
0000000001f02b71
0000000000000181
000004470f9d1519
00000448e2b8e299
000008920787fb61
0000000001f02b71
0000000000000181
0000044a8ef101d9
0000044b1a9c23f9
0000044b5ae85fb9
0000044c548a9559
000004510606b759
000008a4a7f34c61
0000000001f02b71
0000000000000181
00000458801050b9
000008b7485e9d61
0000000001f02b71
0000000000000181
0000045f0d487dd9
00000463eb5682f9
000008c9e8c9ee61
0000000001f02b71
0000000000000181
00000464ffd156b9
0000046cb8953599
000008dc89353f61
0000000001f02b71
0000000000000181
0000046ff8eb5599
00000471238a08f9
00000471cda4bd19
00000477147325d9
000008ef29a09061
0000000001f02b71
0000000000000181
0000047ea9374f59
00000901ca0be261
0000000001f02b71
0000000000000181
000004859cebe8f9
0000048986c150b9
000009146a773361
0000000001f02b71
0000000000000181
0000048b2ec6eb59
0000048c3a8e3739
0000048c7b3aa9b9
0000048ea4260459
000004904de6f499
0000049208c55519
00000492635cf159
000009270ae28461
0000000001f02b71
0000000000000181
00000939ab4dd561
0000000001f02b71
0000000000000181
000004a096955e99
0000094c4bb92661
0000000001f02b71
0000000000000181
000004a9730867b9
000004adaf76eb59
0000095eec247861
0000000001f02b71
0000000000000181
000004b00ce1f6f9
000004b0f2e409b9
000004b35d5987b9
000004b794d038d9
000004b7e9955799
000009718c8fc961
0000000001f02b71
0000000000000181
000004c18e8d41d9
000009842cfb1a61
0000000001f02b71
0000000000000181
000004c2b09d55b9
000004c448a91e99
000004c491bf4999
000004c886af6179
000004c99bd0d6f9
00000996cd666b61
0000000001f02b71
0000000000000181
000004d11acfbb99
000004d27779feb9
000009a96dd1bd61
0000000001f02b71
0000000000000181
000004d6e21331d9
000004da8b758639
000009bc0e3d0e61
0000000001f02b71
0000000000000181
000004de0db88779
000004e03a9a26f9
000004e04dcc2299
000004e077ad59f9
000004e2038dfe59
000004e33cc64f59
000004e506d8da99
000004e58b90da39
000009ceaea85f61
0000000001f02b71
0000000000000181
000004ea0000e459
000004f024a54459
000009e14f13b161
0000000001f02b71
0000000000000181
000004f4e057cef9
000004f674cb4039
000004f94b4984b9
000009f3ef7f0261
0000000001f02b71
0000000000000181
0000050170b01239
00000a068fea5361
0000000001f02b71
0000000000000181
000005064d121239
000005088d5b5ed9
000005095edea779
00000509eb7811f9
00000a193055a561
0000000001f02b71
0000000000000181
0000050e735eb6b9
0000051000541c79
0000051050b6b1f9
00000a2bd0c0f661
0000000001f02b71
0000000000000181
0000051736ede599
0000051a93ecfe79
0000051d88a1fef9
00000a3e712c4861
0000000001f02b71
0000000000000181
0000051f5c765399
0000051fb5a501d9
00000520fb9ee699
000005231ddf09d9
00000a5111979961
0000000001f02b71
0000000000000181
0000052903b607f9
00000a63b202eb61
0000000001f02b71
0000000000000181
0000053807351799
00000538f51f5519
000005395350cff9
0000053aedf4e579
00000a76526e3c61
0000000001f02b71
0000000000000181
00000541b62134b9
00000a88f2d98e61
0000000001f02b71
0000000000000181
0000054bb0a3b499
00000a9b9344df61
0000000001f02b71
0000000000000181
000005555b395ef9
00000aae33b03161
0000000001f02b71
0000000000000181
0000055d982daa19
00000ac0d41b8261
0000000001f02b71
0000000000000181
000005612f3b3b39
000005643319ab19
00000567b6840e79
00000ad37486d461
0000000001f02b71
0000000000000181
0000056e08cd3b19
0000056f257ff219
00000ae614f22661
0000000001f02b71
0000000000000181
00000af1e1ee8b61
0000000001f02b71
0000000000000181
