[MCS8 A] 97 FW 3.104 SV 1.257 
range=1024
periods=2
sweepmode=27e20d0
fstchan=0
holdafter=0
streamstatus=3
calreg0=0
calreg1=0
calreg2=0
calreg3=0
swpreset=8000        
prena=1
syncout=0
cycles=18
sequences=1
tagbits=16
vdac0=92c
vdac1=807
vdac2=8c8
vdac3=8c8
vdac4=8c8
vdac5=8c8
vdac6=8c8
vdac7=8c8
timepreset=150.000     
digio=0
digval=0
autoinc=0 
savedata=2 
mpafmt=asc
sephead=0 
fmt=asc
smoothpts=5 
[CHN1]
REPORT-FILE from 06/23/2026 15:05:46.797  written 06/23/2026 15:05:46
cmline0=06/23/2026 15:05:46.797 
cmline1=A1
range=1024
active=1
bitshift=4
cftfak=2580100
evpreset=10          
roimin=0
roimax=1000
caloff=0.800000
calfact=12.800000
calfact2=0
calfact3=0
calunit=nsec
caluse=1 
[CHN2]
REPORT-FILE from  written 06/23/2026 15:05:46
cmline1=A2
range=1024
active=0
bitshift=4
cftfak=2580100
evpreset=10          
roimin=0
roimax=1000
caloff=0.800000
calfact=12.800000
calfact2=0
calfact3=0
calunit=nsec
caluse=1 
[CHN3]
REPORT-FILE from  written 06/23/2026 15:05:46
cmline1=A3
range=1024
active=0
bitshift=4
cftfak=2580100
evpreset=10          
roimin=0
roimax=1000
caloff=0.800000
calfact=12.800000
calfact2=0
calfact3=0
calunit=nsec
caluse=1 
[CHN4]
REPORT-FILE from  written 06/23/2026 15:05:46
cmline1=A4
range=1024
active=0
bitshift=4
cftfak=2580100
evpreset=10          
roimin=0
roimax=1000
caloff=0.800000
calfact=12.800000
calfact2=0
calfact3=0
calunit=nsec
caluse=1 
[CHN5]
REPORT-FILE from  written 06/23/2026 15:05:46
cmline1=A5
range=1024
active=0
bitshift=4
cftfak=2580100
evpreset=10          
roimin=0
roimax=1000
caloff=0.800000
calfact=12.800000
calfact2=0
calfact3=0
calunit=nsec
caluse=1 
[CHN6]
REPORT-FILE from  written 06/23/2026 15:05:46
cmline1=A6
range=1024
active=0
bitshift=4
cftfak=2580100
evpreset=10          
roimin=0
roimax=1000
caloff=0.800000
calfact=12.800000
calfact2=0
calfact3=0
calunit=nsec
caluse=1 
[CHN7]
REPORT-FILE from  written 06/23/2026 15:05:46
cmline1=A7
range=1024
active=0
bitshift=4
cftfak=2580100
evpreset=0           
roimin=0
roimax=1000
caloff=0.800000
calfact=12.800000
calfact2=0
calfact3=0
calunit=nsec
caluse=1 
[CHN8]
REPORT-FILE from  written 06/23/2026 15:05:46
cmline1=A8
range=1024
active=0
bitshift=4
cftfak=2580100
evpreset=0           
roimin=0
roimax=1000
caloff=0.800000
calfact=12.800000
calfact2=0
calfact3=0
calunit=nsec
caluse=1 
;MCS8 #97 Sversion=1.257 Fversion=3.68
time_patch=1
;datalength=8 bytes
;bit0..3: channel# 1..8 ( 4 bit)
;bit4: edge 0=up / 1=dn ( 1 bit)
;bit5 ..57: timedata    (53 bit), max sweep length 2001.6 h
;bit58..62: tag0..tag4  ( 5 bit)
;bit63:     data_lost   ( 1 bit)
[DATA]
0000000000000016
0000000b7b762df9
00000021570c8f61
00000000021cf571
0000000000000181
00000015f4746a79
00000016d6bd1b99
00000033f777dd61
00000000021cf571
0000000000000181
0000004697e32c61
00000000021cf571
0000000000000181
00000059384e7a61
00000000021cf571
0000000000000181
0000003482c5f2f9
0000006bd8b9c861
00000000021cf571
0000000000000181
000000366ccd0039
0000007e79251761
00000000021cf571
0000000000000181
00000040a8619339
00000042d8dfab19
00000044214597f9
000000444f710859
000000451b1fb399
0000009119906561
00000000021cf571
0000000000000181
00000048f9c3c5b9
000000a3b9fbb361
00000000021cf571
0000000000000181
000000525480ccf9
0000005262569ed9
00000058887c5c39
000000b65a670161
00000000021cf571
0000000000000181
0000005c9b341019
0000005fdb75a079
000000c8fad24f61
00000000021cf571
0000000000000181
00000067756c8059
000000db9b3d9e61
00000000021cf571
0000000000000181
00000071eb0a2c99
0000007642a98a59
000000ee3ba8ec61
00000000021cf571
0000000000000181
0000007993d4a759
00000100dc143a61
00000000021cf571
0000000000000181
000000806d8814d9
0000008087f91d79
00000087a68e9559
000000899057a379
000001137c7f8861
00000000021cf571
0000000000000181
000001261cead661
00000000021cf571
0000000000000181
00000096084164f9
00000096a78973b9
0000009ab13d9a39
00000138bd562461
00000000021cf571
0000000000000181
0000009ea0c92599
000000a15c44f619
000000a2ffc0f759
0000014b5dc17261
00000000021cf571
0000000000000181
000000aa1cc046d9
000000ab97cc4d59
0000015dfe2cc161
00000000021cf571
0000000000000181
000001709e980f61
00000000021cf571
0000000000000181
000001833f035d61
00000000021cf571
0000000000000181
000000c82ce5ff79
00000195df6eab61
00000000021cf571
0000000000000181
000000cfc758eb19
000000d35438c0b9
000001a87fd9f961
00000000021cf571
0000000000000181
000000d5a8196bb9
000000dc5527cd19
000001bb20454761
00000000021cf571
0000000000000181
000000e20357ea99
000001cdc0b09661
00000000021cf571
0000000000000181
000000e8ca7c41b9
000000e926b6f9d9
000001e0611be461
00000000021cf571
0000000000000181
000000f475437ad9
000001f301873261
00000000021cf571
0000000000000181
00000205a1f28061
00000000021cf571
0000000000000181
00000104d589a279
00000105456db699
0000010b3a48cb79
00000218425dce61
00000000021cf571
0000000000000181
000001136f1d8319
0000022ae2c91d61
00000000021cf571
0000000000000181
0000023d83346b61
00000000021cf571
0000000000000181
00000123ab952219
00000125ad974899
00000250239fb961
00000000021cf571
0000000000000181
00000128cf30e6f9
0000013029b02cb9
00000262c40b0861
00000000021cf571
0000000000000181
000001346d473759
0000027564765661
00000000021cf571
0000000000000181
000001427de3e7d9
00000142ad6a6559
0000028804e1a461
00000000021cf571
0000000000000181
00000146ac1e6539
00000148e571c499
0000029aa54cf261
00000000021cf571
0000000000000181
000002ad45b84161
00000000021cf571
0000000000000181
0000015e25772579
0000015e31ec2cf9
000002bfe6238f61
00000000021cf571
0000000000000181
000002d2868ede61
00000000021cf571
0000000000000181
0000016e3e2d2d99
000001719cab1df9
000002e526fa2c61
00000000021cf571
0000000000000181
000002f7c7657a61
00000000021cf571
0000000000000181
000001841396a059
0000030a67d0c961
00000000021cf571
0000000000000181
00000185e1c54a99
0000031d083c1761
00000000021cf571
0000000000000181
0000018e8bfb2299
000001947c00f7b9
0000032fa8a76661
00000000021cf571
0000000000000181
0000019d0110fa19
0000019e98a0d099
000003424912b461
00000000021cf571
0000000000000181
000001a5aa8d7339
00000354e97e0361
00000000021cf571
0000000000000181
000001ab226ee439
000001ac67769cf9
000001af73552559
0000036789e95161
00000000021cf571
0000000000000181
000001b7985e63f9
0000037a2a54a061
00000000021cf571
0000000000000181
0000038ccabfee61
00000000021cf571
0000000000000181
000001c8f87c3a99
000001cfabee9dd9
0000039f6b2b3d61
00000000021cf571
0000000000000181
000003b20b968b61
00000000021cf571
0000000000000181
000003c4ac01da61
00000000021cf571
0000000000000181
000001e32f505c39
000001e3debb6a79
000003d74c6d2861
00000000021cf571
0000000000000181
000001ebdf710279
000001eeeeb4ef39
000001f3c3246999
000003e9ecd87761
00000000021cf571
0000000000000181
000001f6c9fbb3b9
000001f944a8b499
000003fc8d43c661
00000000021cf571
0000000000000181
000002050a915d79
0000040f2daf1461
00000000021cf571
0000000000000181
00000207ec0fd079
00000208bbbeab59
00000421ce1a6361
00000000021cf571
0000000000000181
000002183e17a899
0000021a0c23ffd9
000004346e85b161
00000000021cf571
0000000000000181
0000021d7fe24239
0000022148879399
000004470ef10061
00000000021cf571
0000000000000181
0000022bc83b90f9
00000459af5c4e61
00000000021cf571
0000000000000181
0000046c4fc79d61
00000000021cf571
0000000000000181
00000238f49c1119
0000023ecb1fe759
0000047ef032eb61
00000000021cf571
0000000000000181
00000491909e3a61
00000000021cf571
0000000000000181
0000024a85b7baf9
0000024c77bd0699
00000250df1edd99
00000251970db7b9
000004a431098861
00000000021cf571
0000000000000181
000002522698a6f9
000004b6d174d761
00000000021cf571
0000000000000181
000002640067f7f9
000004c971e02661
00000000021cf571
0000000000000181
000004dc124b7461
00000000021cf571
0000000000000181
0000026e2f7fce39
00000273896d14f9
00000273c13205f9
000004eeb2b6c361
00000000021cf571
0000000000000181
00000277719f3759
0000027b4a39a519
0000050153221161
00000000021cf571
0000000000000181
00000280f260e339
00000281fb3a6619
00000282994836d9
00000285f00983d9
000002863badaeb9
00000286505fe5f9
00000287fc795a99
00000513f38d6061
00000000021cf571
0000000000000181
0000028ca18730b9
0000029287d5de79
0000052693f8af61
00000000021cf571
0000000000000181
0000029a3e2e1539
000005393463fd61
00000000021cf571
0000000000000181
0000054bd4cf4c61
00000000021cf571
0000000000000181
0000055e753a9a61
00000000021cf571
0000000000000181
0000057115a5e961
00000000021cf571
0000000000000181
000002ba2aa800f9
00000583b6113761
00000000021cf571
0000000000000181
000002c40501b919
000002c70e747459
00000596567c8661
00000000021cf571
0000000000000181
000002cf499dd7f9
000005a8f6e7d461
00000000021cf571
0000000000000181
000002d53b80ef79
000002db034c51f9
000002dcafd955f9
000005bb97532361
00000000021cf571
0000000000000181
000002e5f0bc03f9
000005ce37be7261
00000000021cf571
0000000000000181
000005e0d829c061
00000000021cf571
0000000000000181
000005f378950f61
00000000021cf571
0000000000000181
000002fb64c2b959
000002fdb0a80f39
0000060619005d61
00000000021cf571
0000000000000181
000003057dddd839
00000618b96bac61
00000000021cf571
0000000000000181
0000030ca1a70679
00000310f1792e99
00000314382495f9
0000062b59d6fb61
00000000021cf571
0000000000000181
0000031c03cc8479
0000063dfa424961
00000000021cf571
0000000000000181
000003206a0a01d9
00000325f0df9a79
000006509aad9861
00000000021cf571
0000000000000181
000006633b18e761
00000000021cf571
0000000000000181
00000335d1f104b9
00000675db843661
00000000021cf571
0000000000000181
000003403d6e6119
000006887bef8461
00000000021cf571
0000000000000181
00000345a145a899
0000034ad23bd239
0000069b1c5ad361
00000000021cf571
0000000000000181
000006adbcc62261
00000000021cf571
0000000000000181
000006c05d317161
00000000021cf571
0000000000000181
000006d2fd9cc061
00000000021cf571
0000000000000181
00000372a9a56b39
000006e59e080e61
00000000021cf571
0000000000000181
00000377a169c619
000003782e0234d9
000006f83e735d61
00000000021cf571
0000000000000181
0000070adedeac61
00000000021cf571
0000000000000181
0000071d7f49fb61
00000000021cf571
0000000000000181
000007301fb54a61
00000000021cf571
0000000000000181
0000039ea1197439
0000039ece72e9f9
0000039f96924859
00000742c0209961
00000000021cf571
0000000000000181
000003a529a4d799
000003a8ecaa6a19
00000755608be861
00000000021cf571
0000000000000181
0000076800f73661
00000000021cf571
0000000000000181
000003b937b070d9
0000077aa1628561
00000000021cf571
0000000000000181
000003c22c76db79
0000078d41cdd461
00000000021cf571
0000000000000181
000003cc9fec64d9
0000079fe2392361
00000000021cf571
0000000000000181
000003d1ff147fd9
000003d5596fa8f9
000007b282a47261
00000000021cf571
0000000000000181
000003da10155c59
000007c5230fc161
00000000021cf571
0000000000000181
000003e4f6786659
000003e8bc880ad9
000007d7c37b1061
00000000021cf571
0000000000000181
000003efb6f52b39
000007ea63e65f61
00000000021cf571
0000000000000181
000003f993660419
000007fd0451ae61
00000000021cf571
0000000000000181
0000040039149579
00000405f15581d9
0000080fa4bcfd61
00000000021cf571
0000000000000181
00000407ded58b79
0000040b1bb6ad39
0000082245284c61
00000000021cf571
0000000000000181
00000834e5939b61
00000000021cf571
0000000000000181
00000420d25fa819
0000084785feea61
00000000021cf571
0000000000000181
0000042931713239
0000085a266a3961
00000000021cf571
0000000000000181
0000042ddb96d399
0000042efdeafff9
000004318ae10239
0000086cc6d58861
00000000021cf571
0000000000000181
0000043819829739
0000043b1555cf39
0000087f6740d761
00000000021cf571
0000000000000181
000004486036c419
0000089207ac2661
00000000021cf571
0000000000000181
0000044aa38d8379
000008a4a8177561
00000000021cf571
0000000000000181
000004585a707559
000008b74882c461
00000000021cf571
0000000000000181
00000461cdeda539
000008c9e8ee1361
00000000021cf571
0000000000000181
00000465ad7aceb9
000004668f0a5ef9
0000046ba3abaf39
000008dc89596261
00000000021cf571
0000000000000181
000008ef29c4b261
00000000021cf571
0000000000000181
0000047f4d4d38b9
00000480d5977259
00000901ca300161
00000000021cf571
0000000000000181
00000485ce5ba5f9
000009146a9b5061
00000000021cf571
0000000000000181
000009270b069f61
00000000021cf571
0000000000000181
0000049a612b8319
00000939ab71ef61
00000000021cf571
0000000000000181
000004a2a5b67919
0000094c4bdd3e61
00000000021cf571
0000000000000181
0000095eec488d61
00000000021cf571
0000000000000181
000009718cb3dc61
00000000021cf571
0000000000000181
000004ba88e9ce39
000004bdd4a297b9
000004bffb7411b9
000009842d1f2c61
00000000021cf571
0000000000000181
000004c6c1cbf259
00000996cd8a7b61
00000000021cf571
0000000000000181
000009a96df5ca61
00000000021cf571
0000000000000181
000004d693792079
000009bc0e611a61
00000000021cf571
0000000000000181
000004e0fe99fc99
000004e334d39ef9
000004e70959ee39
000009ceaecc6961
00000000021cf571
0000000000000181
000009e14f37b861
00000000021cf571
0000000000000181
000004f49fc25739
000009f3efa30861
00000000021cf571
0000000000000181
000004fa2dd34e59
000004fbd4384139
000004fdf4760f39
00000a06900e5761
00000000021cf571
0000000000000181
00000506e0152699
00000a193079a761
00000000021cf571
0000000000000181
00000a2bd0e4f661
00000000021cf571
0000000000000181
00000a3e71504661
00000000021cf571
0000000000000181
000005264d4a2ef9
00000526b7e5a699
00000a5111bb9561
00000000021cf571
0000000000000181
0000053050c218f9
000005309f1077b9
00000a63b226e561
00000000021cf571
0000000000000181
00000539f2b2b839
00000a7652923461
00000000021cf571
0000000000000181
0000053df6264819
00000541ded37039
00000a88f2fd8461
00000000021cf571
0000000000000181
00000a9b9368d361
00000000021cf571
0000000000000181
0000054e944ebdb9
000005563fb4b619
00000aae33d42361
00000000021cf571
0000000000000181
00000ac0d43f7261
00000000021cf571
0000000000000181
00000568771df639
00000ad374aac261
00000000021cf571
0000000000000181
00000ae615161161
00000000021cf571
0000000000000181
00000573ee5c9999
00000aeaef828461
00000000021cf571
0000000000000181
