[MCS8 A] 97 FW 3.104 SV 1.257 
range=1024
periods=2
sweepmode=27e20d0
fstchan=0
holdafter=0
streamstatus=3
calreg0=0
calreg1=0
calreg2=0
calreg3=0
swpreset=8000        
prena=1
syncout=0
cycles=18
sequences=1
tagbits=16
vdac0=92c
vdac1=807
vdac2=8c8
vdac3=8c8
vdac4=8c8
vdac5=8c8
vdac6=8c8
vdac7=8c8
timepreset=150.000     
digio=0
digval=0
autoinc=0 
savedata=2 
mpafmt=asc
sephead=0 
fmt=asc
smoothpts=5 
[CHN1]
REPORT-FILE from 06/23/2026 14:53:38.866  written 06/23/2026 14:53:38
cmline0=06/23/2026 14:53:38.866 
cmline1=A1
range=1024
active=1
bitshift=4
cftfak=2580100
evpreset=10          
roimin=0
roimax=1000
caloff=0.800000
calfact=12.800000
calfact2=0
calfact3=0
calunit=nsec
caluse=1 
[CHN2]
REPORT-FILE from  written 06/23/2026 14:53:38
cmline1=A2
range=1024
active=0
bitshift=4
cftfak=2580100
evpreset=10          
roimin=0
roimax=1000
caloff=0.800000
calfact=12.800000
calfact2=0
calfact3=0
calunit=nsec
caluse=1 
[CHN3]
REPORT-FILE from  written 06/23/2026 14:53:38
cmline1=A3
range=1024
active=0
bitshift=4
cftfak=2580100
evpreset=10          
roimin=0
roimax=1000
caloff=0.800000
calfact=12.800000
calfact2=0
calfact3=0
calunit=nsec
caluse=1 
[CHN4]
REPORT-FILE from  written 06/23/2026 14:53:38
cmline1=A4
range=1024
active=0
bitshift=4
cftfak=2580100
evpreset=10          
roimin=0
roimax=1000
caloff=0.800000
calfact=12.800000
calfact2=0
calfact3=0
calunit=nsec
caluse=1 
[CHN5]
REPORT-FILE from  written 06/23/2026 14:53:38
cmline1=A5
range=1024
active=0
bitshift=4
cftfak=2580100
evpreset=10          
roimin=0
roimax=1000
caloff=0.800000
calfact=12.800000
calfact2=0
calfact3=0
calunit=nsec
caluse=1 
[CHN6]
REPORT-FILE from  written 06/23/2026 14:53:38
cmline1=A6
range=1024
active=0
bitshift=4
cftfak=2580100
evpreset=10          
roimin=0
roimax=1000
caloff=0.800000
calfact=12.800000
calfact2=0
calfact3=0
calunit=nsec
caluse=1 
[CHN7]
REPORT-FILE from  written 06/23/2026 14:53:38
cmline1=A7
range=1024
active=0
bitshift=4
cftfak=2580100
evpreset=0           
roimin=0
roimax=1000
caloff=0.800000
calfact=12.800000
calfact2=0
calfact3=0
calunit=nsec
caluse=1 
[CHN8]
REPORT-FILE from  written 06/23/2026 14:53:38
cmline1=A8
range=1024
active=0
bitshift=4
cftfak=2580100
evpreset=0           
roimin=0
roimax=1000
caloff=0.800000
calfact=12.800000
calfact2=0
calfact3=0
calunit=nsec
caluse=1 
;MCS8 #97 Sversion=1.257 Fversion=3.68
time_patch=1
;datalength=8 bytes
;bit0..3: channel# 1..8 ( 4 bit)
;bit4: edge 0=up / 1=dn ( 1 bit)
;bit5 ..57: timedata    (53 bit), max sweep length 2001.6 h
;bit58..62: tag0..tag4  ( 5 bit)
;bit63:     data_lost   ( 1 bit)
[DATA]
0000000000000016
0000000efddbf4b9
00000021571cce61
00000000023f9a71
0000000000000181
00000033f7881a61
00000000023f9a71
0000000000000181
0000004697f36761
00000000023f9a71
0000000000000181
00000059385eb361
00000000023f9a71
0000000000000181
00000034dc6b65f9
0000006bd8c9ff61
00000000023f9a71
0000000000000181
0000007e79354c61
00000000023f9a71
0000000000000181
00000046edc2d879
0000009119a09861
00000000023f9a71
0000000000000181
0000004d507c5759
000000a3ba0be561
00000000023f9a71
0000000000000181
0000005688e5e5f9
000000b65a773161
00000000023f9a71
0000000000000181
000000628b3000d9
000000c8fae27e61
00000000023f9a71
0000000000000181
0000006a0a3fc859
000000db9b4dca61
00000000023f9a71
0000000000000181
0000006f98cab059
000000ee3bb91761
00000000023f9a71
0000000000000181
00000100dc246461
00000000023f9a71
0000000000000181
000001137c8fb061
00000000023f9a71
0000000000000181
00000091b43cadb9
000001261cfafd61
00000000023f9a71
0000000000000181
00000138bd664a61
00000000023f9a71
0000000000000181
0000009d8d1083b9
0000014b5dd19661
00000000023f9a71
0000000000000181
0000015dfe3ce361
00000000023f9a71
0000000000000181
000000b3b9d8dcf9
000001709ea83061
00000000023f9a71
0000000000000181
000001833f137d61
00000000023f9a71
0000000000000181
000000ca1544e039
00000195df7ec961
00000000023f9a71
0000000000000181
000000ce0b885699
000001a87fea1661
00000000023f9a71
0000000000000181
000001bb20556361
00000000023f9a71
0000000000000181
000000df66361b59
000001cdc0c0b061
00000000023f9a71
0000000000000181
000000e85af9da59
000001e0612bfd61
00000000023f9a71
0000000000000181
000001f301974a61
00000000023f9a71
0000000000000181
00000100de175ff9
00000205a2029661
00000000023f9a71
0000000000000181
00000218426de361
00000000023f9a71
0000000000000181
0000022ae2d93061
00000000023f9a71
0000000000000181
0000023d83447d61
00000000023f9a71
0000000000000181
0000025023afca61
00000000023f9a71
0000000000000181
00000262c41b1761
00000000023f9a71
0000000000000181
0000027564866461
00000000023f9a71
0000000000000181
0000028804f1b061
00000000023f9a71
0000000000000181
0000029aa55cfd61
00000000023f9a71
0000000000000181
000002ad45c84a61
00000000023f9a71
0000000000000181
000002bfe6339761
00000000023f9a71
0000000000000181
000002d2869ee461
00000000023f9a71
0000000000000181
0000016af0746559
000002e5270a3161
00000000023f9a71
0000000000000181
000002f7c7757e61
00000000023f9a71
0000000000000181
0000030a67e0cb61
00000000023f9a71
0000000000000181
0000031d084c1861
00000000023f9a71
0000000000000181
0000019369edf2d9
0000032fa8b76561
00000000023f9a71
0000000000000181
000003424922b261
00000000023f9a71
0000000000000181
00000354e98dff61
00000000023f9a71
0000000000000181
000001b215ba9ab9
0000036789f94c61
00000000023f9a71
0000000000000181
0000037a2a649961
00000000023f9a71
0000000000000181
0000038ccacfe661
00000000023f9a71
0000000000000181
0000039f6b3b3361
00000000023f9a71
0000000000000181
000003b20ba68061
00000000023f9a71
0000000000000181
000003c4ac11cd61
00000000023f9a71
0000000000000181
000003d74c7d1a61
00000000023f9a71
0000000000000181
000003e9ece86761
00000000023f9a71
0000000000000181
000003fc8d53b561
00000000023f9a71
0000000000000181
0000040f2dbf0261
00000000023f9a71
0000000000000181
00000421ce2a4f61
00000000023f9a71
0000000000000181
000004346e959c61
00000000023f9a71
0000000000000181
000004470f00e961
00000000023f9a71
0000000000000181
00000229d34ae899
00000459af6c3661
00000000023f9a71
0000000000000181
0000046c4fd78461
00000000023f9a71
0000000000000181
0000047ef042d161
00000000023f9a71
0000000000000181
00000245e5a399d9
0000049190ae1e61
00000000023f9a71
0000000000000181
000004a431196b61
00000000023f9a71
0000000000000181
00000259a126c6b9
000004b6d184b861
00000000023f9a71
0000000000000181
000004c971f00561
00000000023f9a71
0000000000000181
00000265eb692939
000004dc125b5361
00000000023f9a71
0000000000000181
00000272851e4e39
000004eeb2c6a061
00000000023f9a71
0000000000000181
000005015331ed61
00000000023f9a71
0000000000000181
00000513f39d3a61
00000000023f9a71
0000000000000181
0000028a99751cd9
0000052694088761
00000000023f9a71
0000000000000181
000005393473d461
00000000023f9a71
0000000000000181
0000054bd4df2161
00000000023f9a71
0000000000000181
0000055e754a6f61
00000000023f9a71
0000000000000181
0000057115b5bc61
00000000023f9a71
0000000000000181
00000583b6210961
00000000023f9a71
0000000000000181
000002c69515c4f9
000002ca7247c219
00000596568c5661
00000000023f9a71
0000000000000181
000002cde03ed539
000002cfcccfed19
000005a8f6f7a361
00000000023f9a71
0000000000000181
000005bb9762f061
00000000023f9a71
0000000000000181
000005ce37ce3e61
00000000023f9a71
0000000000000181
000005e0d8398b61
00000000023f9a71
0000000000000181
000005f378a4d861
00000000023f9a71
0000000000000181
0000060619102561
00000000023f9a71
0000000000000181
000003052a781739
00000307133863f9
0000030ae462bd99
00000618b97b7361
00000000023f9a71
0000000000000181
0000062b59e6c061
00000000023f9a71
0000000000000181
0000063dfa520d61
00000000023f9a71
0000000000000181
0000031fef8098f9
000003208f0dc339
000006509abd5b61
00000000023f9a71
0000000000000181
000006633b28a861
00000000023f9a71
0000000000000181
00000675db93f561
00000000023f9a71
0000000000000181
000006887bff4261
00000000023f9a71
0000000000000181
00000347ad379e79
0000069b1c6a9061
00000000023f9a71
0000000000000181
000006adbcd5dd61
00000000023f9a71
0000000000000181
000006c05d412a61
00000000023f9a71
0000000000000181
000006d2fdac7861
00000000023f9a71
0000000000000181
0000037234cded19
000006e59e17c561
00000000023f9a71
0000000000000181
0000037b2f9e2339
000006f83e831261
00000000023f9a71
0000000000000181
00000383a4cbad19
0000070adeee6061
00000000023f9a71
0000000000000181
0000071d7f59ad61
00000000023f9a71
0000000000000181
000007301fc4fa61
00000000023f9a71
0000000000000181
000003a0e412e239
00000742c0304861
00000000023f9a71
0000000000000181
00000755609b9561
00000000023f9a71
0000000000000181
000003b2dcbeaa99
000007680106e261
00000000023f9a71
0000000000000181
000003b7272acf39
0000077aa1723061
00000000023f9a71
0000000000000181
000003be47a72e19
0000078d41dd7d61
00000000023f9a71
0000000000000181
0000079fe248ca61
00000000023f9a71
0000000000000181
000007b282b41861
00000000023f9a71
0000000000000181
000007c5231f6561
00000000023f9a71
0000000000000181
000007d7c38ab261
00000000023f9a71
0000000000000181
000003f15da6e1f9
000003f285995a79
000007ea63f60061
00000000023f9a71
0000000000000181
000003f9fe32e339
000007fd04614d61
00000000023f9a71
0000000000000181
0000080fa4cc9a61
00000000023f9a71
0000000000000181
000004093aa31df9
00000409a8f49ed9
000008224537e761
00000000023f9a71
0000000000000181
00000834e5a33561
00000000023f9a71
0000000000000181
00000847860e8261
00000000023f9a71
0000000000000181
00000429237ca119
0000085a2679cf61
00000000023f9a71
0000000000000181
000004300d28eb99
000004333f6610f9
0000086cc6e51c61
00000000023f9a71
0000000000000181
0000043ca8c77659
0000087f67506961
00000000023f9a71
0000000000000181
0000089207bbb761
00000000023f9a71
0000000000000181
000008a4a8270461
00000000023f9a71
0000000000000181
000008b748925161
00000000023f9a71
0000000000000181
000008c9e8fd9e61
00000000023f9a71
0000000000000181
000008dc8968eb61
00000000023f9a71
0000000000000181
000008ef29d43861
00000000023f9a71
0000000000000181
00000901ca3f8661
00000000023f9a71
0000000000000181
000004823d6f3159
000009146aaad361
00000000023f9a71
0000000000000181
000009270b162061
00000000023f9a71
0000000000000181
00000939ab816d61
00000000023f9a71
0000000000000181
0000094c4becba61
00000000023f9a71
0000000000000181
000004aaab846ef9
000004ae0aa49219
0000095eec580861
00000000023f9a71
0000000000000181
000009718cc35561
00000000023f9a71
0000000000000181
000009842d2ea261
00000000023f9a71
0000000000000181
00000996cd99ef61
00000000023f9a71
0000000000000181
000009a96e053d61
00000000023f9a71
0000000000000181
000004da9439e979
000009bc0e708a61
00000000023f9a71
0000000000000181
000009ceaedbd761
00000000023f9a71
0000000000000181
000004e86a9bd059
000004edc90a2139
000009e14f472461
00000000023f9a71
0000000000000181
000009f3efb27161
00000000023f9a71
0000000000000181
000004fbdf4060d9
00000a06901dbf61
00000000023f9a71
0000000000000181
00000a1930890c61
00000000023f9a71
0000000000000181
00000a2bd0f45961
00000000023f9a71
0000000000000181
00000a3e715fa661
00000000023f9a71
0000000000000181
00000a5111caf361
00000000023f9a71
0000000000000181
00000a63b2364061
00000000023f9a71
0000000000000181
00000a7652a18e61
00000000023f9a71
0000000000000181
000005437d863279
00000a88f30cdb61
00000000023f9a71
0000000000000181
00000544a3c15139
00000a9b93782861
00000000023f9a71
0000000000000181
00000aae33e37561
00000000023f9a71
0000000000000181
0000055fbeef9519
00000ac0d44ec261
00000000023f9a71
0000000000000181
00000ad374ba0f61
00000000023f9a71
0000000000000181
00000ae615255c61
00000000023f9a71
0000000000000181
00000aebf50c9c61
00000000023f9a71
0000000000000181
