[MCS8 A] 97 FW 3.104 SV 1.257 
range=1024
periods=2
sweepmode=27e20d0
fstchan=0
holdafter=0
streamstatus=3
calreg0=0
calreg1=0
calreg2=0
calreg3=0
swpreset=8000        
prena=0
syncout=0
cycles=18
sequences=1
tagbits=16
vdac0=92c
vdac1=807
vdac2=8c8
vdac3=8c8
vdac4=8c8
vdac5=8c8
vdac6=8c8
vdac7=8c8
timepreset=20.000      
digio=0
digval=0
autoinc=0 
savedata=2 
mpafmt=asc
sephead=0 
fmt=asc
smoothpts=5 
[CHN1]
REPORT-FILE from 06/19/2026 13:29:51.754  written 06/19/2026 13:29:51
cmline0=06/19/2026 13:29:51.754 
cmline1=A1
range=1024
active=1
bitshift=4
cftfak=2580100
evpreset=10          
roimin=0
roimax=1000
caloff=0.800000
calfact=12.800000
calfact2=0
calfact3=0
calunit=nsec
caluse=1 
[CHN2]
REPORT-FILE from  written 06/19/2026 13:29:51
cmline1=A2
range=1024
active=0
bitshift=4
cftfak=2580100
evpreset=10          
roimin=0
roimax=1000
caloff=0.800000
calfact=12.800000
calfact2=0
calfact3=0
calunit=nsec
caluse=1 
[CHN3]
REPORT-FILE from  written 06/19/2026 13:29:51
cmline1=A3
range=1024
active=0
bitshift=4
cftfak=2580100
evpreset=10          
roimin=0
roimax=1000
caloff=0.800000
calfact=12.800000
calfact2=0
calfact3=0
calunit=nsec
caluse=1 
[CHN4]
REPORT-FILE from  written 06/19/2026 13:29:51
cmline1=A4
range=1024
active=0
bitshift=4
cftfak=2580100
evpreset=10          
roimin=0
roimax=1000
caloff=0.800000
calfact=12.800000
calfact2=0
calfact3=0
calunit=nsec
caluse=1 
[CHN5]
REPORT-FILE from  written 06/19/2026 13:29:51
cmline1=A5
range=1024
active=0
bitshift=4
cftfak=2580100
evpreset=10          
roimin=0
roimax=1000
caloff=0.800000
calfact=12.800000
calfact2=0
calfact3=0
calunit=nsec
caluse=1 
[CHN6]
REPORT-FILE from  written 06/19/2026 13:29:51
cmline1=A6
range=1024
active=0
bitshift=4
cftfak=2580100
evpreset=10          
roimin=0
roimax=1000
caloff=0.800000
calfact=12.800000
calfact2=0
calfact3=0
calunit=nsec
caluse=1 
[CHN7]
REPORT-FILE from  written 06/19/2026 13:29:51
cmline1=A7
range=1024
active=0
bitshift=4
cftfak=2580100
evpreset=0           
roimin=0
roimax=1000
caloff=0.800000
calfact=12.800000
calfact2=0
calfact3=0
calunit=nsec
caluse=1 
[CHN8]
REPORT-FILE from 06/19/2026 11:29:06.915  written 06/19/2026 13:29:51
cmline0=06/19/2026 11:29:06.915 
cmline1=A8
range=1024
active=0
bitshift=4
cftfak=2580100
evpreset=0           
roimin=0
roimax=1000
caloff=0.800000
calfact=12.800000
calfact2=0
calfact3=0
calunit=nsec
caluse=1 
;MCS8 #97 Sversion=1.257 Fversion=3.68
time_patch=1
;datalength=8 bytes
;bit0..3: channel# 1..8 ( 4 bit)
;bit4: edge 0=up / 1=dn ( 1 bit)
;bit5 ..57: timedata    (53 bit), max sweep length 2001.6 h
;bit58..62: tag0..tag4  ( 5 bit)
;bit63:     data_lost   ( 1 bit)
[DATA]
0000000000000016
00000000008bd5b9
00000000008bf059
0000000014efbcb9
0000000032aca119
00000000690edc19
0000000082041559
00000000c27ceb19
000000017374f079
00000001f4fe93b9
0000000210a07ef9
00000002b37f30d9
00000002f33bd4b9
000000034376f9d9
000000035d3ed259
0000000410100b99
0000000450d02279
0000000477cff099
00000004fdec9eb9
00000005e252f7b9
00000005ed356b79
00000005fa7fcb59
00000006ca10fa59
000000072124c319
000000073123edf9
0000000733a7acd9
000000074748f8f9
00000007548a3d19
0000000778bfa299
000000087a1ccb99
000000088fbf3239
00000008e4685d19
000000090c4cfa39
000000095285ac39
000000098eee9bd9
0000000990dd0b59
00000009ba6b2e99
00000009e70ea4f9
0000000a35b246d9
0000000ac5d77e79
0000000b3a4a4e99
0000000b4d6220d9
0000000b5ab20e99
0000000bf2d1e4f9
0000000c275daef9
0000000d08b1a1d9
0000000d32e72d39
0000000d99ae7b99
0000000e111eb099
0000000e2612e379
0000000e7632edf9
0000000ef0692bb9
0000000ef4f67f99
0000000efbfdd919
0000000effe84779
0000000f4d39c8f9
0000000fb9382c59
0000001029f94279
000000103857c7f9
0000001041fa0959
00000021565eb561
00000000012b4471
0000000000000181
0000001108dff5b9
000000116a796479
00000011adb465b9
00000012230734b9
0000001225f2acb9
0000001279093939
00000012b6e26859
000000133ec92799
00000013fee2eb19
00000014ff6b7619
000000153de4bed9
00000015bf4d2679
000000162e9c1d19
000000165aa1f119
0000001684ef6ef9
000000168aedf459
00000016e30555b9
00000016f7a8ebb9
00000017f36fe2b9
000000186bfe5259
00000018f8e4eb79
00000033f6c97e61
00000000012b4471
0000000000000181
0000001a9b625dd9
0000001ab32eaf19
0000001ac035ed99
0000001b3da8b9b9
0000001bb36cced9
0000001c145acd79
0000001c8db16079
0000001cec7aa6f9
0000001cfd2e3c99
0000001da9632b79
0000001db3fac359
0000001dbd0efa59
0000001dea244719
0000001decdad219
0000001e3bc04199
000000205750d919
00000020584789f9
0000002070bbea59
000000207db01b99
00000020cb6cfa59
00000020df469079
000000215937d499
00000021ed552a19
000000220d29c799
00000022d8fa2279
000000233840a779
0000004697344761
00000000012b4471
0000000000000181
00000023e3219cf9
00000023fc5588f9
000000243d1582b9
00000024423e5999
000000247e46f199
000000249f6ed259
00000024cf295599
0000002526a124d9
000000253be289b9
000000259482ac59
00000025bd684c19
00000026fb9e0179
000000272289c799
0000002730b31fd9
00000027340d6179
000000274c1cb659
00000027be4168d9
00000027ccd52f79
000000288f791679
0000002915776299
0000002915b24199
00000029e7d6dd59
0000002aa0cff4b9
0000002b89ae9e79
0000002c5c017819
00000059379f0f61
00000000012b4471
0000000000000181
0000002cd3bcc559
0000002cfddbc679
0000002ec0758eb9
0000002ec2962d99
0000002ee982ed19
0000002ef31af7f9
00000030a707da39
00000030a79c0a19
00000032cd76c919
00000032ed984cb9
00000032fec4da79
000000331bdd48f9
000000335bd473f9
0000003410d0b479
0000003471705959
00000034a5f4fdf9
00000034d67daf99
000000354b2269b9
0000006bd809d861
00000000012b4471
0000000000000181
00000036638bdd19
0000003685dd74f9
00000036e49b64f9
00000036fee14779
00000036ff5189d9
0000003707ff4039
000000370a7eb459
00000037125f8459
000000372d2b0939
0000003740bb7259
00000037486a18d9
0000003749a2b4b9
000000377d5480b9
000000385f51ac59
000000386cf8dd59
00000038c311d4d9
00000039220bfd19
000000396eb8b879
0000003a001f51d9
0000003a3c4d5439
0000003a992ae619
0000003b83e2fed9
0000003bf298fdd9
0000003c26d30719
0000003c327833b9
0000003d2ad71cd9
0000003d7a35bf59
0000003e3793c4f9
0000003e5df2aad9
0000003eef70c199
0000007e7874a161
00000000012b4471
0000000000000181
0000003f45bc5039
0000003f7a72c3b9
000000412a6ff8b9
00000041f441f1b9
00000042edf72ad9
00000042edf72f19
000000439b2351d9
00000044054ffcd9
000000442be6b3b9
000000444cb7e179
0000004471997919
00000044c9279f19
00000044cf9a38b9
000000451be9cfb9
00000045529be279
000000459aa0f059
000000459e09b719
00000045f8f64dd9
000000465c1d0f39
0000004690962df9
00000046fd0a8019
000000473544f5f9
000000478413ef99
000000483357d279
0000004847ad9619
0000004855413299
0000009118df6a61
00000000012b4471
0000000000000181
00000048ee4ddb59
00000049cf48a4b9
0000004a082537d9
0000004a1fd1f019
0000004ba34c3a79
0000004bb6e49ed9
0000004c1d072459
0000004c4694a059
0000004d6611db99
0000004d6ed70f99
0000004dc49cd7f9
0000004e60cea139
0000004e98ff6079
0000004eb8197cb9
0000004ee060d9f9
0000004f60771cb9
0000004f782d2e59
0000004f7e2f0b19
0000004fb1fe1ff9
0000004fc26a1959
0000004fd787d839
000000503b68dad9
000000504a75d6b9
0000005057568219
000000517cf94399
000000518d4fc259
00000051919770b9
000000a3b94a3361
00000000012b4471
0000000000000181
0000005251437879
00000052813d0a99
000000534b2d20f9
0000005372c329d9
000000537f97a7f9
00000053a90580f9
00000053e40fbc19
000000547dbd6019
000000551acefad9
000000555b452a99
000000557c66d099
00000055ba6509d9
0000005636a5bf59
000000566c60ded9
00000056757da779
00000056e0bab579
00000056e527edf9
000000586ce4cd39
00000058a391c379
00000059c48e41d9
0000005a7a038bd9
0000005a841011d9
0000005a9078ab99
0000005b0dbc5219
000000b659b4fc61
00000000012b4471
0000000000000181
0000005b5dea47f9
0000005bba38c499
0000005be2829459
0000005c99464d59
0000005d8df18519
0000005e5fc3b4d9
0000005eaeb14379
0000005eba7847d9
0000005f34933379
0000005f463ff639
0000005f4b6a8df9
000000611d172d99
0000006173a375f9
00000061a0b32bf9
000000621a970b19
000000625c062dd9
0000006357523b19
0000006384ebf999
0000006390c384d9
00000063acc8e9f9
00000063eda0ddd9
00000064470f7f79
000000c8fa1fc561
00000000012b4471
0000000000000181
00000065f3c9f1d9
00000066050e8d99
0000006607834719
000000665a798c39
0000006681d55499
00000067c37f2b39
0000006828700c19
00000068ca0c2d39
00000069515c8f19
00000069b5b30bb9
0000006b125df7f9
0000006b5fcc2599
0000006b7cae21d9
0000006b84d31799
0000006b84d31919
0000006d0bc3ab39
000000db9a8a8f61
00000000012b4471
0000000000000181
0000006e4379a4d9
0000006e4379a699
0000006e725c16b9
0000007010397159
000000701f39c639
000000702aadb8b9
000000702e75f439
00000070570fe199
00000070687be6d9
00000070830a6a99
0000007092f56799
00000070c7943df9
00000070cc316039
0000007131c6f639
0000007137e48739
000000715f0fbb39
00000071d708cff9
000000728e516499
00000072dfb89cf9
000000737eb0e419
000000745dda4019
00000074bd45a4f9
00000075100c09b9
00000075c49bcf59
00000075ee7fec59
0000007623f354d9
00000076829c8199
00000076a6cf6d99
00000076bbd59b39
00000076bf17dcd9
000000ee3af55861
00000000012b4471
0000000000000181
000000778dc958f9
00000077c220a6d9
00000077e3d52e59
00000077f8d42019
000000785ea45659
0000007890609979
00000078c5798fd9
0000007923a2a559
0000007933008f39
000000797162f379
0000007a16fbf439
0000007a21c48af9
0000007b3917f499
0000007c4fb8e519
0000007c63c0d519
0000007caf3d02b9
0000007ce4787659
0000007d19d78979
0000007dbb3b9839
0000007dfde9b8d9
0000007e021322f9
0000007e039c41f9
0000007e9bdf4d59
0000007ea8399779
0000007eb3dcc839
0000007f642fa679
0000007f756f99f9
0000007f7a132039
0000007fd12c58d9
0000007ffc6dc7b9
00000100db602161
00000000012b4471
0000000000000181
0000008074220e59
0000008159922d19
000000819a96c7b9
000000823fedf7b9
000000825a29bc39
0000008276a64559
00000083e99ab5d9
000000842035b439
0000008476f2f139
000000849b0f4f39
000000851a4097d9
000000854521b539
0000008615007e19
00000086304353d9
000000864a19b699
000000865c9f38d9
000000872c10ec19
0000008764908ed9
0000008764909019
00000087806a6ef9
00000087b81aaf39
0000008832923319
0000008840744af9
00000088a177f059
0000008916d772f9
000000893155e699
000001137bcaeb61
00000000012b4471
0000000000000181
00000089f7aa4ef9
0000008bca522459
0000008c5a075599
0000008ce131f139
0000008cfab751b9
0000008d1b992fd9
0000008d9ac47659
0000008e1e50bc59
0000008ef8f1b579
0000008f0d41acf9
0000008f52c01a59
0000008f7e8f4cb9
0000008f9ba33159
0000008fa317c839
0000008fc877f9b9
0000008fd4116d19
0000009034010a99
000000904ffe9b39
0000009095985e39
00000090f273c5f9
00000091e65075d9
0000009278b4d2d9
00000092aafc0779
00000092ac3445f9
00000092e36e4779
00000092f6158cf9
000001261c35b461
00000000012b4471
0000000000000181
0000009350527e99
00000093665418b9
0000009373326639
00000093d33c01d9
0000009416979799
000000945c3f7999
0000009485fb8919
0000009496057939
00000094d5c2e479
00000095ccb6af19
000000974066cff9
00000097862cc459
00000098a92722d9
00000098cb02aa59
00000098e6db4e79
0000009901d1c699
000000994a622fb9
000000999ed6fc39
00000099bc9a5439
0000009a1120b519
0000009a98bbd3b9
0000009ac85a30d9
0000009af6bab539
0000009af6bac639
0000009af971fe59
0000009b19313719
0000009b3a1ab399
00000138bca07e61
00000000012b4471
0000000000000181
0000009dff873999
0000009e1c34f4d9
0000009e2a6d18b9
0000009e6f165c19
0000009ece338959
000000a001559399
000000a060292159
000000a0b7187c79
000000a0c7ab35b9
000000a1601ef619
000000a22a249719
000000a22bcd2799
000000a24dce4359
000000a26d79aa99
000000a2985426d9
000000a30a0016d9
000000a31f620c59
000000a3544af759
000000a380739ab9
000000a4379b8a59
000000a50471c279
000000a576e38239
0000014b5d0b4861
00000000012b4471
0000000000000181
000000a5c945d439
000000a61d4fa539
000000a635c156f9
000000a681d717f9
000000a68e9ee7d9
000000a6dbe86739
000000a6e2e03059
000000a6f9481a59
000000a6fe4efe59
000000a7c2318e19
000000a89d3285b9
000000a950e61a19
000000a989e23cf9
000000a9cf8e4179
000000a9e4bea0f9
000000aa741c41d9
000000aaf919aa99
000000ab3cfd2259
000000ab5d7d8b19
000000abedf2f159
000000ac23536319
000000ac9a5bf8f9
000000ace77e7839
000000acee3ce459
000000ad194ddaf9
000000ad5314f239
000000ae808f6bf9
000000aea9b062f9
0000015dfd761161
00000000012b4471
0000000000000181
000000af2fc23b59
000000af48827d79
000000afb4bea3f9
000000b06bcbc539
000000b101456859
000000b16d5bca19
000000b1e3f329d9
000000b210fef719
000000b236c59359
000000b247472699
000000b27438c159
000000b2db9d5dd9
000000b2de06c8b9
000000b303d9eb79
000000b3805b6c59
000000b394b860f9
000000b394e9dcf9
000000b45a919739
000000b4c0af41d9
000000b55b60f619
000000b55c8863f9
000000b5f3310d59
000000b5f6dbbd39
000000b5ff007159
000000b6a5c8a319
000000b6c4275df9
000000b6dfbbbf79
000000b7ec04cc39
000001709de0db61
00000000012b4471
0000000000000181
000000b918ab4cb9
000000ba43c99919
000000bba2db9759
000000bbe93896f9
000000bd12b2f559
000000bd3689e559
000000bd92781af9
000000bec8809d79
000000c003377dd9
000000c016dd2b39
000000c066357539
000000c0c3a44e99
000000c17bdfc819
000000c18964b959
000001833e4ba561
00000000012b4471
0000000000000181
000000c1cd499e19
000000c24c686f79
000000c2b213b0d9
000000c2ccf39119
000000c2d65ddbf9
000000c309f56419
000000c3176a1b79
000000c3a9a0aad9
000000c3be8c4e79
000000c3f58f7359
000000c43867c9b9
000000c46f3bca19
000000c46f86f6d9
000000c4babc0b99
000000c511708879
000000c55e198039
000000c5b23b2059
000000c613b7d9b9
000000c699883919
000000c6fd269c19
000000c70296b919
000000c7496ddd39
000000c9e6cc2159
000000c9e7a20cf9
000000ca37f9b959
000000ca431797f9
000000ca7a240b39
00000195deb66f61
00000000012b4471
0000000000000181
000000cb07420e39
000000cb6d1bb5d9
000000cc10b42979
000000cc52da7c39
000000cc5ab6e179
000000cc67745259
000000ccd88ec419
000000cd207a30d9
000000cd6966aeb9
000000cdf1ab5dd9
000000cf43a78cf9
000000cf56488d79
000000cf651d3c19
000000cff7182699
000000d01c75ab59
000000d087247e59
000000d0de5a0cd9
000000d0feb47319
000000d166a4bfd9
000000d1bd7e04d9
000000d22361cef9
000000d297ba9fb9
000000d2b28744f9
000000d304c43739
000000d307f9e9d9
000000d339cb6ef9
000000d3f39e8cd9
000001a87f213961
00000000012b4471
0000000000000181
000000d51d30c599
000000d5d52a6539
000000d5e93222b9
000000d631478619
000000d6d7a35639
000000d7318ff8f9
000000d739e73c39
000000d752d3b579
000000d771ae7499
000000d7d71f3519
000000d80e545f79
000000d88ff71959
000000d88ff71b39
000000d89df0d7d9
000000d8af0ef3b9
000000d8d22d4f99
000000d9418738d9
000000d95bde19d9
000000d9e6c82179
000000d9e6c83cd9
000000da0fded639
000000da249e9459
000000db2dfe7ed9
000000dc231e75f9
000000dc9d5d6b59
000000dce834cf39
000000dd2f27a9b9
000001bb1f8c0361
00000000012b4471
0000000000000181
000000de3a0880b9
000000de43ac3b59
000000deb7776119
000000deb7776739
000000ded771c079
000000df1eeb6259
000000df2ec8f179
000000df4e7c6cf9
000000df59adf8f9
000000e0246e4939
000000e02bdba5d9
000000e05231a519
000000e08f58a8d9
000000e0a37e5779
000000e0b5f59419
000000e0c34c1f99
000000e0e30023d9
000000e13041d239
000000e191dfe099
000000e1b6b79959
000000e1e36203d9
000000e220016099
000000e28f9038b9
000000e2bcdc3b19
000000e2cfe6d299
000000e2d613fcb9
000000e2d863e219
000000e346c37b99
000000e415051dd9
000000e457abe919
000000e474402499
000000e4a0b5cd19
000000e4e646eb79
000000e520d37a59
000000e525547999
000000e56b1c9fb9
000000e5d67d7939
000000e5d97a3799
000000e5ef46cf99
000000e612b54c99
000000e696af1e39
000000e6b3f7b539
000001cdbff6cd61
00000000012b4471
0000000000000181
000000e72e1852f9
000000e76fa9f499
000000e7c2b9d679
000000e7dd9faf79
000000e82f09c519
000000e871e4a1f9
000000e953333d19
000000ea03fddd19
000000ea72696939
000000eb3407c699
000000eb609513b9
000000ec42b743d9
000000ec4652bcf9
000000ed2ec46999
000000ed9efb44b9
000000edf2900f19
000000edffbdc639
000000eeab3a3fd9
000000ef72e277f9
000000efb3ef9599
000000efd30d9bf9
000001e060619761
00000000012b4471
0000000000000181
000000f039a57c99
000000f065508e59
000000f0f6947ad9
000000f0f86aee79
000000f1a31e9319
000000f1ed844519
000000f2de87ab19
000000f338c4f799
000000f399cf8cd9
000000f3c083bc19
000000f3c2c1cb79
000000f4d30f6819
000000f64a177bf9
000000f66d2c5e99
000000f68f292e79
000000f6c5ddd6d9
000000f6dc1fc759
000000f6e32d2239
000000f7674771d9
000000f8e3719a19
000001f300cc6161
00000000012b4471
0000000000000181
000000f9a1dc6fb9
000000f9b1ab6e39
000000f9c6d360b9
000000fa29f1dad9
000000fa4d4877d9
000000faaea6f119
000000faece95799
000000fba14e0b19
000000fbbb5d5739
000000fbe8b375f9
000000fc29a8a159
000000fc60e44319
000000fc60e44bd9
000000fd21d49839
000000fd586c6c99
000000fd90be52d9
000000fdd050cd99
000000fdf2e4c2f9
000000ff05fa9819
0000010020fa3fb9
00000100351f9199
00000100e5b405d9
00000100f4b74f99
0000010101c6b719
000001014d1fb479
00000102a3753219
00000102bd83b419
00000205a1372c61
00000000012b4471
0000000000000181
000001037cc8d359
0000010442e0af39
00000104475a42b9
00000104475a45f9
000001052c38a939
0000010538de0ed9
00000105feb0e3f9
0000010602592eb9
00000106380da1d9
00000106b41f7059
00000106f6c6bef9
000001073d16bad9
00000107d51f6259
00000107ec0125d9
00000108e7a7f639
000001091773e6d9
0000010962363b19
000001096c9316f9
000001096f14ee79
0000010991043d99
00000109cd78e6f9
00000109cd78e899
00000109dfb3dcd9
0000010a387adff9
0000010a624d8439
0000010af3777c39
0000010bf181c2f9
0000021841a1f661
00000000012b4471
0000000000000181
0000010c9434bc59
0000010d3b2da7b9
0000010d4e5390d9
0000010d9a5f1859
0000010ddde58859
0000010e445e5199
0000010ea8b9eed9
0000010f6336cc19
000001103e873b79
00000110585ec899
00000110ba49dbb9
0000011188e9edb9
00000111c1984559
00000111ce3de7b9
00000111e645f4b9
00000111f679eb19
00000112005c8b39
000001126c67d319
00000112c365a019
00000112dab2f0d9
00000112f8ef58b9
0000011357474ed9
00000113fbd7f0d9
000001144d827399
0000011461880ab9
0000011485188119
000001149a5d4559
00000115507c9c99
0000022ae20cc161
00000000012b4471
0000000000000181
0000011589b95e79
000001159cef3499
00000115b2209ad9
00000115d926e419
00000115f63c2859
0000011658e22019
00000116ad696959
0000011731301099
00000117b14616d9
00000117b26f5959
00000117c4be5bb9
00000117ca5e4fd9
00000118a8665199
00000118b14e6f19
00000118d46b8d39
0000011932a65f19
000001195cfb65d9
0000011970e3d899
00000119c3899959
00000119db499b79
0000011a77230139
0000011ac220bf79
0000011b53bf72d9
0000011b66efb879
0000011b90a7a539
0000011c10ea8079
0000011c95e79c59
0000011cf0ccf679
0000011d2ecf7a59
0000011d95358039
0000011db1cb4ef9
0000011e218121f9
0000011e98823399
0000023d82778b61
00000000012b4471
0000000000000181
0000012098819cf9
00000120d9a5edd9
00000121091b1c19
000001214459e019
0000012165720e59
0000012174092799
000001217efae399
00000121a36dd0f9
00000121ca1a4499
00000121f1afb779
00000122515d9f59
000001232bb7cf79
0000012330fbf239
0000012330fc07b9
0000012364400ad9
00000124bd6d2079
00000124c59bc579
0000012512f6d579
00000125333bc279
0000012561cc3ff9
00000125aee6d519
000001267d550379
0000012689a1adf9
0000012689a1d839
0000012689a1ed79
000001278a3edb79
000001278a3eddd9
00000127b5783dd9
00000127b7370979
00000127c14b6839
0000025022e25661
00000000012b4471
0000000000000181
000001283fbf30d9
00000128ee48c219
000001292ebbafb9
000001297b6edd79
00000129acdd7259
00000129b071a0b9
00000129c9673499
00000129ca13c3d9
00000129ce5df079
0000012a6afbc1f9
0000012aa8293019
0000012af7afbbd9
0000012b1d1a1699
0000012b50f17279
0000012ba1f2eeb9
0000012ba32ed759
0000012bb94ecbf9
0000012c012fd7f9
0000012c2e0513d9
0000012c3b864679
0000012cd86c9ed9
0000012cfa57a199
0000012d1ea01eb9
0000012d21616679
0000012da55eb4f9
0000012e02847a59
0000012e14a3a899
0000012ed2c00759
0000012ed2c0a979
0000012fa8da1959
0000013000ee9539
00000262c34d2061
00000000012b4471
0000000000000181
00000132065922b9
00000132a2ccf1d9
00000132b2fdc739
000001333f967e19
0000013439612f79
00000134801127d9
0000013574ce3c99
000001360ea6a919
0000013628dfdaf9
0000013772d3bdf9
000001379045b0d9
00000137c5961739
00000138255d0359
00000138cf3bcef9
00000139c0e7bb19
00000139c8788699
00000139cf2e2f99
0000013a7aadc919
0000027563b7eb61
00000000012b4471
0000000000000181
0000013ad5a822f9
0000013b9160d8b9
0000013bd84a7e19
0000013c0d0c2099
0000013c62552799
0000013d0283d7b9
0000013dc5f49e79
0000013de55b1579
0000013e3b443f99
0000013e5a3d0d39
0000013e7edf6679
0000013e96b9d019
0000013ec0659f19
0000013ec8107759
0000013f04638019
0000013fda6cf359
000001403f2ed659
00000140527633d9
00000140abfd3499
00000140da7e3a79
00000141258a79b9
000001414b3290d9
00000141a8bdb919
000001421428b0b9
000001431bb48099
00000143513850f9
00000143a9cefa39
00000143d6b09319
00000143f817d4b9
000002880422b661
00000000012b4471
0000000000000181
000001448c5c5b79
0000014507bfc839
000001453f0af279
0000014629814d79
000001465725b239
000001465ad00739
000001467e510579
0000014683fe3f39
00000146cf1db6b9
000001475e3ddbb9
000001476f81bad9
00000147a2544359
00000147fe580119
000001495e061599
0000014964d57459
0000014a56cc14b9
0000014a9af47999
0000014b8491ff99
0000014c51e63919
0000014c5c3eee39
0000014c5c3f05b9
0000014cffc0eff9
0000029aa48d8161
00000000012b4471
0000000000000181
0000014d926425f9
0000014e4bbafe39
0000014ed8bf8dd9
0000014fc7036699
000001508ff131b9
000001513fabb7f9
00000151417a0c39
0000015145074db9
00000152b3958139
0000015327a44979
000001533cea4979
000001533cf57cb9
0000015455f74cb9
000001557f019c39
0000015599e61719
00000155a9b7f499
00000156058335f9
000001564b25b5d9
000001568e14ed39
000002ad44f84c61
00000000012b4471
0000000000000181
000001579057d2d9
00000157d36db539
00000157d7186ad9
00000158a2dba699
0000015999964db9
00000159e941a819
0000015a37e64c59
0000015a424a9379
0000015a60e37e39
0000015ae3aaf1b9
0000015b0970d879
0000015b12163619
0000015b14e2c779
0000015be7b9f559
0000015c33080c19
0000015c461d9759
0000015c8ed188d9
0000015d28db7999
0000015d40785039
0000015d9de56cf9
0000015ed2f42159
0000015f030f8319
0000015f3b01dab9
0000015f713d7399
0000015fd8f810f9
000002bfe5631761
00000000012b4471
0000000000000181
0000016003628199
0000016004bb7d59
00000160104021f9
000001606ab04c39
000001607fb17419
000001608b0c6e19
000001616a8736f9
00000161987f4519
0000016239972399
00000162ddae89f9
00000162e1614059
0000016323a7ca59
00000163fa4c24d9
00000164626570f9
0000016495491b59
00000164ab69cb19
0000016501b90579
000001655f49a9b9
000001659a039319
00000165c17a1479
0000016695436239
000001670f606179
000001676f618279
00000167d4907b39
0000016867b30259
000002d285cde261
00000000012b4471
0000000000000181
000001694ab9d4d9
00000169ff01fe19
0000016a494b8059
0000016a6cfa4bf9
0000016b6e2c3e59
0000016b7f3dc219
0000016c300bb319
0000016c5228f299
0000016c65aa3619
0000016cc048acf9
0000016d50a75439
0000016d95179ed9
0000016dd62f24d9
0000016e6f539b99
00000170695e29b9
0000017125e10239
0000017133b8e839
000001722a812e39
0000017238e9faf9
0000017283a306b9
000002e52638ad61
00000000012b4471
0000000000000181
00000172ff708ad9
0000017322c10439
0000017322c10699
0000017325a4a719
000001733982f4f9
0000017357869759
000001743d0a3fd9
0000017452581d99
000001749c86fef9
00000174dc536d99
00000174f6cfed19
00000175b6447959
00000176339a59f9
0000017646eb26f9
0000017655095059
000001769df07c19
00000176d9866ad9
0000017722e0a639
000001775a585d39
000001776de350f9
0000017799597779
00000177a0ee1cd9
00000178888248f9
000001788b621859
00000178ad79ecf9
00000178d843f019
00000178fbc8c099
00000179c69e5879
0000017a58ee8ed9
0000017aa05beb99
0000017aaae882f9
0000017aed2dcb99
0000017b144b8c19
0000017b3b23fef9
0000017b699a4099
0000017b79711e59
000002f7c6a37861
00000000012b4471
0000000000000181
0000017c321d8459
0000017c64175a19
0000017c647a04b9
0000017de8e64a39
0000017e60109799
0000017ea3c013b9
0000017f947b0b19
0000017f9c411d39
0000017fa2369939
00000180abc75279
00000180db310a59
00000180f0c3e219
00000181207666d9
0000018124438c59
000001818a573c79
00000181ccc52d99
000001825fe90139
000001827e0d4739
00000183170c5d79
000001832fe42f99
0000018370c41d19
00000183718af019
0000018376b36819
0000018435b59819
000001844865f199
00000184b8b6bdb9
0000030a670e4361
00000000012b4471
0000000000000181
0000018582f949d9
00000185a53f1a19
00000185cc7d5b99
00000185debe17f9
00000187213474d9
000001874b6c8d59
0000018799097b39
00000187a50a86b9
000001894a1c94f9
00000189fc849679
0000018a2c89b319
0000018c284f5459
0000018c558aa8d9
0000018cb1a6a059
0000018d0f6cc919
0000018d5bfb2099
0000018d9999b979
0000031d07790f61
00000000012b4471
0000000000000181
0000018ea3139979
000001906bb25f79
00000190fb616019
0000019150e34cd9
000001920b22e2f9
000001923aed3339
000001930b055c39
0000019318258879
0000019321f2efb9
000001937504aa39
00000193771d5d19
000001941d102099
000001946e4e3fb9
00000195f09f1899
00000195f09f85d9
00000196c5c3fb59
00000196f87edff9
00000197cf742d99
0000032fa7e3da61
00000000012b4471
0000000000000181
0000019808e53139
00000198542a7339
00000199464f8799
00000199b5561d79
00000199fd1d9019
0000019a38bbd2b9
0000019a993ac8d9
0000019aa97cac59
0000019ac5528159
0000019bf4818f79
0000019c613c73d9
0000019d7dee2c39
0000019de89a58d9
0000019e57f9e4b9
0000019e80bb8379
0000019f4a411039
0000019fdde35199
0000019fdde35239
000001a009a58799
000001a0c3d7c5b9
000001a0c983e9f9
00000342484ea561
00000000012b4471
0000000000000181
000001a18984ebf9
000001a1f3a810b9
000001a217bf3379
000001a27132d9d9
000001a2a09d4599
000001a2ebc270b9
000001a2f4619a99
000001a326910a79
000001a361f873f9
000001a361f88dd9
000001a49dc742d9
000001a4db5f6459
000001a503c2b4d9
000001a54af724b9
000001a5ad45f979
000001a5b2d41bf9
000001a5def7ca79
000001a67ed9aaf9
000001a6850639f9
000001a749263619
000001a7fd8934f9
000001a807162a59
000001a833f26c19
000001a844635e79
000001a87422c8d9
000001a8a26dc399
000001a9c24cd8f9
000001aa03045579
00000354e8b97161
00000000012b4471
0000000000000181
000001aacf249e39
000001abb8460159
000001abd0869fb9
000001abdc4f9b79
000001abdce69c19
000001abec50a3f9
000001ad218938b9
000001ade7733999
000001ae7e6bf8b9
000001ae97461c19
000001aef2498c79
000001afa66f77b9
000001afff082db9
000001b0730ae4d9
000001b077f3a799
000001b15758d9f9
000001b1783e5e39
000001b1bd7bd739
000001b21ec93cb9
000001b2d119b139
000001b3633f9b59
0000036789243c61
00000000012b4471
0000000000000181
000001b3e911af59
000001b436004fb9
000001b4792a3fb9
000001b4d1e7da19
000001b526635f19
000001b59c6b3f39
000001b60895bc59
000001b626b28579
000001b65f4b0059
000001b6655aa5d9
000001b6b27c8059
000001b7109b4dd9
000001b7cba5dc19
000001b7dd37c7b9
000001b82e705d79
000001b83679b459
000001b917d10cd9
000001b9b5674cd9
000001ba19ae5c39
000001ba62c52b19
000001bacdb8c979
000001bc00aae679
000001bc9b90b839
000001bca034ab79
000001bce562c6b9
0000037a298f0861
00000000012b4471
0000000000000181
000001bd180cc9d9
000001bd3c085839
000001bd55e3bf59
000001bd5b427119
000001be1acdc8b9
000001bea68afdd9
000001bea8ac6b39
000001bf84d0b7b9
000001c0460edcf9
000001c0a20defb9
000001c1325cba79
000001c17fbf0b59
000001c1e81c2539
000001c23cc19299
000001c2825482d9
000001c2dc1a0859
000001c32c114d99
000001c3408f2a59
000001c3e11e0559
000001c3f427ff99
000001c466a40b39
000001c4f33a71f9
000001c5653e1539
000001c593695759
000001c5dd028bf9
000001c5fabac039
000001c614ebe3d9
000001c61a916159
0000038cc9f9d461
00000000012b4471
0000000000000181
000001c6b32d6179
000001c71e539679
000001c71ee5bc39
000001c73dfaeed9
000001c8523a42f9
000001c8ba920d39
000001c8c55cd879
000001c93ba56a99
000001c94abb3839
000001c9aad78dd9
000001c9f68fa219
000001ca21b33719
000001caabfcd899
000001caacb052b9
000001cb5a52b6f9
000001cbfe465039
000001cccd7e3a39
000001cd0ff57c39
000001cd4a50a139
000001cd64f19659
000001cdc1f00179
000001ce44172139
000001cee15934f9
0000039f6a649f61
00000000012b4471
0000000000000181
000001d01dc25639
000001d01dc40939
000001d06ccb1af9
000001d136cb31f9
000001d16773fb39
000001d1ed44f1d9
000001d29351dff9
000001d29eca4959
000001d2be821139
000001d2e48963b9
000001d384afb719
000001d3adad1039
000001d44461dbf9
000001d47021b7d9
000001d4aeb7a319
000001d4df410319
000001d51bff7a99
000001d580222c19
000001d593959539
000001d689ee39f9
000001d6969bae79
000001d6a94ce539
000001d703a32359
000001d7970340d9
000001d7f2e0fc59
000001d83aadbaf9
000001d842ac5f59
000001d8468d9139
000003b20acf6b61
00000000012b4471
0000000000000181
000001d9c583a839
000001da6c8a5919
000001da6c8a5999
000001daa45a4599
000001daa492d399
000001db67bbe739
000001db67bbedf9
000001dbfad67419
000001dc12320f19
000001dc2fc6daf9
000001dc54c36e79
000001dc8b3376d9
000001dd304538b9
000001dddeea5c79
000001dea4a998d9
000001deac40cf39
000001df8d14e8d9
000001df8f74a8d9
000001e0a0b8f719
000003c4ab3a3761
00000000012b4471
0000000000000181
000001e298989ed9
000001e2d58e98b9
000001e2eaf3f519
000001e2f04f8819
000001e2f04f9ad9
000001e312b0b399
000001e331cf1439
000001e39f9558b9
000001e3a7926419
000001e427014c59
000001e46ad2f759
000001e4a9c03599
000001e4bc43bcf9
000001e52a5366d9
000001e555a74299
000001e64b143dd9
000001e767f06759
000001e8287665f9
000001e828768099
000001e8674775f9
000001e8b9764a39
000001e8c7f91899
000001e9a641c8d9
000001eb3bae5bb9
000001eb428589f9
000001eb4acb5259
000001eb683e47b9
000003d74ba50361
00000000012b4471
0000000000000181
000001ebaf2c5139
000001ec4d67af99
000001ed665fbc79
000001ed753828f9
000001edccf01f99
000001ee1e5a0b79
000001ee5f80a459
000001ef080d98b9
000001ef1ba5d639
000001f017ab6059
000001f085f95f99
000001f0aa427fd9
000001f0b8db7e59
000001f177b0e379
000001f1e9b7af59
000001f1eddae839
000001f27217fcd9
000001f275c96159
000001f296181ed9
000001f300a145d9
000001f306b02819
000001f32d61fbd9
000001f436c48959
000001f499cf98b9
000001f4a214a8d9
000001f4be6e7639
000003e9ec0fcf61
00000000012b4471
0000000000000181
000001f57481c6b9
000001f5794c5739
000001f58443de59
000001f64448ff99
000001f6598e1119
000001f6afa623b9
000001f6ddba6019
000001f70d4651d9
000001f79ec06159
000001f7d4e50079
000001f7fb5ff759
000001f859004299
000001f860c25cb9
000001f88ba92c59
000001f8975c3a19
000001f8cf7ae719
000001f8d1a50f19
000001f8f56e0739
000001fa25af1b79
000001fa25af30f9
000001fa4eb73a59
000001fac52b8039
000001fb11803b59
000001fb3b7688d9
000001fbbb811759
000001fc0f0c3cd9
000001fc2155def9
000001fc2155f5d9
000001fc65cbdc19
000001fc65cbdc99
000001fcd0c1f5f9
000001fcfe027599
000001fd79195c99
000001fdd52ef919
000001fe441a7299
000003fc8c7a9b61
00000000012b4471
0000000000000181
000001ff1db25cf9
000001ffc3aef779
000001ffda22ef79
0000020061015d79
0000020068785359
00000200afb99ff9
00000200bfdb2e19
00000200ea482c19
0000020141af9b99
0000020170860bf9
000002017499ad19
000002018e561ad9
0000020246f05c79
00000202be1f9e59
00000203631f8bd9
000002041c8494f9
00000204736bdd19
00000204cd44f6d9
00000204dffe9ab9
000002051df3d6b9
00000205ba32aa79
00000205d98dfd79
00000207476bf459
0000040f2ce56761
00000000012b4471
0000000000000181
00000207ebf07c79
0000020900b2a119
00000209c52a81d9
0000020aac52ea79
0000020c4425cbd9
0000020c7dab15d9
0000020ccea47959
0000020cdd212a19
0000020d50e28a99
0000020d99831f59
0000020db0268139
0000020dedacdb19
0000020e76e90739
0000020eff75a4f9
0000020f61c10a99
0000020f8f475d79
0000020fc07d9f99
000002102e32efb9
00000421cd503461
00000000012b4471
0000000000000181
000002120b477599
000002123afe29d9
000002132f0f4ab9
00000213355c14f9
00000214242b48d9
000002143f9e12b9
000002158d722299
00000216305f2759
00000216489f6199
00000216d99f7cd9
00000216ebcc77b9
00000217597bc279
00000217e4f8f659
00000218532b3839
000002189f4bf759
00000219494d4d79
00000219fb8eb5f9
000004346dbb0061
00000000012b4471
0000000000000181
0000021a5f560279
0000021aad63d0b9
0000021ab4944f39
0000021afb1e8c79
0000021b3674eb79
0000021c70268939
0000021c93f7f879
0000021cdfd65a99
0000021decbc9979
0000021e607ffd19
00000220ce9050d9
00000220ce905319
000002211203ba79
000002215749c8f9
000002217646f679
00000221e176f9d9
000002223b4a0059
00000222588ec759
00000223284c2bf9
0000022346acdb59
000002234e4f1419
000002237e5e2c59
000004470e25cc61
00000000012b4471
0000000000000181
00000223c0687f99
00000223c61d70d9
00000223d1b673d9
00000223f360bdb9
00000223ffd93e79
000002242d5c22f9
0000022458c8e899
0000022492661899
00000224cc66dff9
00000224ec6b53f9
0000022581c211f9
000002258817d039
00000225a585ecb9
00000225d0f7c479
00000226095e5b99
0000022658447599
00000226b56a6799
00000226ef363eb9
00000227778111f9
0000022809768ef9
0000022863374999
000002297cbc71b9
0000022983e76df9
0000022a320c6979
0000022b4719ac19
0000022ba4b25879
0000022bbb916359
0000022c0173bb19
0000022c072b2559
0000022c6edb0719
0000022cce96f6b9
00000459ae909961
00000000012b4471
0000000000000181
0000022d27302559
0000022d66928259
0000022df978f339
0000022e65d06899
0000022f1c55d4f9
0000022f38cb8559
0000022f50c21379
000002300fb59fd9
0000023062d78059
0000023072f70cf9
00000230eec935b9
000002310aa0d139
000002312b8d60f9
000002318c663eb9
00000231a9cb67d9
00000231b8b98e99
00000231d48defb9
00000231ed3bce79
000002325ab37219
0000023286777b99
00000232aea30d59
000002330c0fd6d9
000002332799ee99
00000233646390b9
000002338a6cbf99
00000233ca260019
00000233cee63119
00000233e93ce799
00000234209005f9
00000235b918ba99
00000235c19aa839
00000235cb5707f9
0000023620ddb6b9
0000046c4efb6561
00000000012b4471
0000000000000181
000002365a83d699
0000023687ecc859
00000236bd954e19
00000236dc7a7c79
00000236ef8b6919
00000237a11b8979
00000237b2cecc99
0000023805b5e2d9
0000023842c4aef9
000002386235e279
00000238b90dd219
00000238d59fa279
0000023907b98ad9
00000239513ad7f9
0000023958779939
00000239afc68fd9
0000023a330944f9
0000023aa15580d9
0000023ab3517299
0000023b5267f179
0000023b6591d879
0000023be007c719
0000023bfc170b19
0000023c10f47db9
0000023c46e5b279
0000023ca27c07f9
0000023e7cb5cf59
0000023e8fc827f9
0000047eef663161
00000000012b4471
0000000000000181
0000023f7eae63f9
00000240208b6df9
000002402268f299
00000240446c8c39
0000024048209139
00000240731173d9
00000241f8f37ff9
0000024285a84f99
0000024327a17359
0000024409d1a479
000002442a3699f9
0000024437c6f4f9
000002452efa2179
00000245e3ec78f9
00000245e3ec8959
0000024628f6b099
000002464614d1b9
00000246cfaf5879
00000246d1f60b19
00000246da61cf79
00000246da61de79
00000247739197f9
0000024864981f39
000004918fd0fe61
00000000012b4471
0000000000000181
000002491e0a2679
000002495d327f79
00000249fb8a72d9
0000024ad8c412f9
0000024af63cf3b9
0000024c72a7a7d9
0000024d11f2b0f9
0000024d83229419
0000024da7436439
0000024eb6a55ed9
000002503d64a779
0000025163dae8b9
0000025164ccee19
00000251a851f879
00000251f325bf19
00000252064854b9
000004a4303bcb61
00000000012b4471
0000000000000181
0000025257bb3c59
0000025280040619
00000252d8f28c19
0000025331d29a59
000002533351c3f9
000002533351e659
0000025382ad7719
00000253cb29b719
00000253ec76dfd9
0000025403c6cf99
00000254183caa59
0000025512bb5159
00000255420bfcf9
000002558560cb59
00000256b75f77d9
000002575874b959
0000025789bcd259
000002582a09f3b9
00000258307f1379
0000025944608e39
0000025a142759f9
0000025a727d91b9
0000025a941175f9
0000025ad0163999
0000025b004e0599
0000025b22258839
0000025b33f33679
0000025b3f9594f9
000004b6d0a69761
00000000012b4471
0000000000000181
0000025bd373c259
0000025beae819b9
0000025c4ad675b9
0000025c55b06239
0000025e6d3e4339
0000025e7a9cc6d9
0000025e809d78f9
0000025f6f5e9619
0000025faf2e3e39
0000025fd0f0b399
000002600073bd59
00000260353f2ab9
000002609304deb9
000002610e917cd9
00000261e0fcde79
00000262d9b06339
0000026385f1de19
000002647d72aa99
000002648ce41459
000002649fa0d459
000004c971116461
00000000012b4471
0000000000000181
00000264f88e5019
00000266363fd399
00000266e1b77af9
00000267a03c2619
0000026871ce8dd9
000002688645e7f9
00000268a0b686b9
0000026915ea2699
00000269fa2b6259
0000026a7ddc6719
0000026b97959db9
0000026bd9fb0279
0000026bdc3dc479
0000026be252bf19
0000026c01f4ecf9
0000026c27dbb859
0000026c695644b9
0000026d1671c4b9
0000026d8678ea19
0000026d8b02aff9
0000026db68a2f19
0000026de7f49ab9
000004dc117c3161
00000000012b4471
0000000000000181
0000026e3c643439
0000026e43dc3a19
0000026e92842df9
0000026ec352d4b9
0000026f47dc0d99
0000026f79f04599
0000026f93972c79
0000026fe8762099
000002705e18d379
00000270726050d9
00000271716bbd79
00000271c8828c59
000002722376e7f9
0000027260c95079
0000027270c7f5d9
0000027330a32699
0000027368996d99
00000273e97383d9
00000274590e8c99
00000274c06da9f9
000002755ae12059
0000027598df3319
00000276120fb499
00000276d2c5dd39
000004eeb1e6fe61
00000000012b4471
0000000000000181
00000277909de679
00000277909dee59
00000277a590d3b9
000002784bba46f9
0000027904074899
0000027951fb8e79
00000279a3ae3db9
00000279d235a559
00000279d96d1b99
0000027a2760ecb9
0000027a5abc7bd9
0000027a62d117f9
0000027b60643619
0000027b627d65f9
0000027b6bb33579
0000027bd5ffd179
0000027c1955c3f9
0000027c1955c479
0000027c78c68e59
0000027de29bba39
0000027de402ea79
0000027e3370e399
0000027edfa820b9
0000027f5311fed9
0000027fab5ef759
0000027fd9a098f9
0000028095641859
000005015251cb61
00000000012b4471
0000000000000181
000002819dbb1d19
000002823152ead9
000002825568ab59
000002827a0ac199
00000282d2108f99
00000282fbc90a39
00000283cf173d99
00000283f1f2db19
0000028420bcfdd9
000002844ccb6a79
00000284b3f9f6f9
00000284d31ad4b9
00000284e61a8919
000002851bd9aaf9
00000285bc0a70f9
0000028705d25419
00000287352cb099
000002883c4cb599
00000288fe0126b9
00000289d7cd72f9
00000513f2bc9861
00000000012b4471
0000000000000181
0000028a5ff4dad9
0000028ab4fcbf79
0000028ad43febf9
0000028b2be7f299
0000028b4239a939
0000028bfcf5dbb9
0000028cd6645199
0000028cfc06dff9
0000028d044724f9
0000028d935c2a19
0000028e1c3e93d9
0000028eb21895f9
0000028ec2980c59
0000028f3d18a299
0000029005ca4159
0000029113503459
00000291d75a0779
0000029224356f59
00000292e41fea79
00000292e98f10b9
0000052693276561
00000000012b4471
0000000000000181
000002938e2f1519
000002948f145e79
00000294911b6279
00000294aebbe2d9
00000294b4bb43f9
0000029506b935b9
000002962ff58739
000002970d75c959
000002976e596ad9
00000297eddbe299
00000297eed09119
00000298230e41b9
00000298ac33ced9
00000298c3090419
00000298cab81b19
00000298cfb1d6f9
000002992ab6cc99
0000029a286b4459
0000029b2b357239
0000029b672274f9
0000029b8ebfe939
0000029bb30caa59
0000029bb30cb319
0000029bf1e64039
0000053933923261
00000000012b4471
0000000000000181
0000029d43ebd419
0000029ecc69b859
0000029edef41779
0000029ff96f5cf9
000002a001428159
000002a00f586719
000002a0a1c1ccd9
000002a0eb0403f9
000002a11f614b19
000002a220b30399
000002a2658f23f9
000002a28ed75059
000002a2fb8d74b9
000002a341a03ad9
000002a3df803299
000002a3e1b554d9
000002a3e8a47ab9
000002a4394a7b79
000002a52b5339f9
000002a5a27efb39
000002a5ba808f19
0000054bd3fd0061
00000000012b4471
0000000000000181
000002a61546f6f9
000002a6d0096e39
000002a6e4baacf9
000002a7ed317179
000002a81f406379
000002a8dd9e58f9
000002aaf646b819
000002aba2a67119
000002abcb808639
000002acc799b7b9
000002ad4f92c9b9
000002ad545f8839
000002ad92d3e599
000002ad9c69f459
000002ad9dd488d9
000002adce3a2919
000002ae394f76d9
000002ae8d2f2cf9
000002af0c6579d9
000002af0ec5ffb9
000002af297e7179
0000055e7467cd61
00000000012b4471
0000000000000181
000002af5594dd79
000002af78916399
000002af97a25f19
000002afc90524f9
000002afcf908539
000002b00c02c079
000002b06e06b399
000002b0b21b05d9
000002b0c0a07c99
000002b1043748d9
000002b139e6c9d9
000002b14943cc99
000002b1d0da3639
000002b2370b40b9
000002b2949b7879
000002b2d76b8e59
000002b2e86adf39
000002b33d1f5739
000002b33e4c2939
000002b358acceb9
000002b36b288939
000002b3eca1aff9
000002b4b4bca459
000002b4b4bcab59
000002b4f98d43f9
000002b5ed65ad39
000002b610277ef9
000002b64fb40319
000002b6761fd579
000002b6dfbcea79
000002b6fb67d8b9
000002b7598dfdd9
000002b79228f4f9
000002b7bbc00899
000002b803de90d9
000002b8261eac39
0000057114d29a61
00000000012b4471
0000000000000181
000002b972afbc79
000002b9ace50db9
000002b9c0a7c899
000002b9f9f25899
000002bab51f27f9
000002bafa394099
000002bb4847cbf9
000002bbb0aba039
000002bbd13f9379
000002bbf3bba919
000002bc79cc6119
000002bce3428f39
000002bcfe01dff9
000002bcfe804a59
000002bd979cd7b9
000002bdad8f4ad9
000002bdc6aa3879
000002bdecae70d9
000002be60e2e859
000002be8d9da6f9
000002bee723f9b9
000002bef95f71d9
000002bfc7cfc959
000002c00826eed9
000002c056630e19
000002c09be6a879
000002c1136a4ff9
000002c13a168299
000002c18da1aff9
00000583b53d6861
00000000012b4471
0000000000000181
000002c2af890759
000002c3cdfb51d9
000002c3d06ba9b9
000002c68db17c99
000002c6b2bc5a99
000002c719d9e7f9
000002c786452c79
000002c7c2688ab9
000002c7f9b22d59
000002c8a63c0459
000002c8fa792899
000002c93e1dbb99
000002c976e316b9
000002ca24c7e519
000002cb18a6c0f9
0000059655a83561
00000000012b4471
0000000000000181
000002cb2f6b2db9
000002cb9e06adb9
000002ccabf60e99
000002ccf1cc7619
000002cd698da919
000002cda4d7f1f9
000002ce75deb4d9
000002cee03644b9
000002cf0e8ac699
000002cf3a599ff9
000002cfdb593499
000002d0ad1f06d9
000002d1012b10d9
000002d12765e959
000002d1976f9c19
000002d1b8d622b9
000002d20a080ed9
000002d20ef0a579
000002d2bdf093d9
000002d2f400b019
000002d325d51079
000002d37c9f4db9
000002d3b564dc19
000005a8f6130361
00000000012b4471
0000000000000181
000002d53904f519
000002d548bc4399
000002d615ecec99
000002d619d43259
000002d62519b3d9
000002d638050219
000002d67e27edf9
000002d688dc0539
000002d6e3469f19
000002d7968e7719
000002d7b932cef9
000002d7d3cc9fd9
000002d7dedf82f9
000002d7e9564479
000002d847390519
000002d8954772b9
000002d8b363c019
000002d939d747b9
000002d98ee34fb9
000002da178e1ed9
000002da748a0559
000002da94a99f19
000002dad5c208b9
000002db0cd99b39
000002db3f27b499
000002db44c025d9
000002db543e4639
000002dbd205f7b9
000002dcb56f36b9
000002dcd7a50a19
000002dd053b3959
000002dd9d1da559
000005bb967dd061
00000000012b4471
0000000000000181
000002dddd410ad9
000002deeaf9f8f9
000002def2881119
000002df412176b9
000002e084c21cf9
000002e086e11f19
000002e0aaf0be99
000002e0d51d78d9
000002e19f6901d9
000002e1f48debb9
000002e21b1f0ad9
000002e27d11af99
000002e366a87859
000002e43292a019
000002e45384d7b9
000002e45512edf9
000002e48f7c54d9
000002e4aa400339
000002e4aa8cab79
000002e546b7d6b9
000002e55be68699
000002e5d2fc1399
000002e63acdff99
000002e6557001b9
000002e694c95d59
000005ce36e89e61
00000000012b4471
0000000000000181
000002e728719e19
000002e8bec6da39
000002e91380fd19
000002e91c39c539
000002e96740aeb9
000002e990787479
000002ea0e1f27d9
000002ea45098c19
000002ea676ed2b9
000002eaa22b0539
000002eb3bc4b379
000002ec2fcad739
000002ec8ae603b9
000002ec92c3a0b9
000002ecda85fa59
000002edb54b1b59
000002ee844bd539
000002ee8b9b1d59
000002ee90847579
000002eeb15525d9
000002ef6e868bf9
000002efa41ab179
000005e0d7536c61
00000000012b4471
0000000000000181
000002f0a7cd7499
000002f0bb37a459
000002f0cc1263f9
000002f0dfac32f9
000002f138b9d2f9
000002f1cd7395d9
000002f24140b719
000002f28502d039
000002f2a58b2ad9
000002f3744a79d9
000002f382dd6af9
000002f3da310119
000002f445d06ed9
000002f4d0639c79
000002f4d1a8abb9
000002f52c4fcb19
000002f6205b3bb9
000002f633252fb9
000002f6a08a90f9
000002f76b4386b9
000002f7bd71c819
000002f7d04dfcb9
000002f8ae8b5379
000002f8dd765619
000002f8ec472039
000002f9261689b9
000002f94da75339
000002f9b159d719
000005f377be3a61
00000000012b4471
0000000000000181
000002f9d4c9aa19
000002f9fcb2bab9
000002fa99747e19
000002fabfd8c919
000002fae2c07ef9
000002fbda2e1859
000002fd01b56579
000002fe666db659
000002ff0a7c8059
000002ff309e51b9
000002ff4ea62279
000002ff75316599
000002ffed0161d9
000002fffed20179
00000300742278b9
000003009def4999
00000301401c0df9
00000302122aae19
000003026741e839
00000302c54f5319
0000060618290761
00000000012b4471
0000000000000181
00000303568601f9
00000303ea83ded9
00000303ef5b4839
0000030425d1c539
0000030428213f39
0000030437413319
000003043a28ddf9
000003046c276d39
0000030488c83039
000003057f5cad79
00000305d8192b79
000003060f1d1539
000003067a2161d9
00000306c36c26b9
00000306cd437439
0000030740713b79
00000307e716ad79
000003088ea6f0d9
0000030935dfca59
0000030a368ce319
0000030a397b0619
0000030a3b272639
0000030b0fd4d9d9
0000030b6c54db59
0000030bb2125639
0000030c128f9b19
00000618b893d561
00000000012b4471
0000000000000181
0000030c8e5f2739
0000030c9819a639
0000030cc4ba9ab9
0000030cd91b8439
0000030d9edef959
0000030dbcfc4999
0000030f1816acb9
0000030f62cec819
0000030f79198bb9
00000310fe130199
000003111070bc59
000003116eb0ee79
00000311bbb0a079
00000311f24b62f9
00000313175efb59
000003138f3ec359
0000031402d7fa19
00000314a016c779
0000062b58fea361
00000000012b4471
0000000000000181
00000316110808b9
00000317bbe9ec39
000003180a0ae059
000003180f8ff899
00000318a9464839
00000318b6dfc699
00000318f33af099
00000319d41403f9
0000031a000e5179
0000031a8f279479
0000031aaaaa2d39
0000031b3dc02db9
0000031b707fac79
0000031b96037ff9
0000031bb502c759
0000031bbd8a5979
0000031bcb96bb79
0000031d1edbbd99
0000031d9bc17719
0000031ddd3d4939
0000031eb2a7aa39
0000063df9697161
00000000012b4471
0000000000000181
0000031f59a30559
0000031fc60f19f9
0000031fe3f00f19
000003200e50a119
000003201880d939
000003203bc1de39
0000032095e0c899
00000320c5e08cf9
000003218a6c9b79
00000321e56c4bd9
0000032205d72219
000003225ac1da59
00000322b9124bd9
00000322fdf46c39
000003235332ca99
000003239990eb19
000003240f9a4a19
00000324c58092f9
00000325916d2f19
00000325d38c8c79
00000325eeda3dd9
00000326b61a62b9
0000032781ceaf79
00000327bec6ea99
000003281154b5b9
000003283c0cbe59
0000065099d43f61
00000000012b4471
0000000000000181
0000032857e32f79
000003286bd84659
00000328a81d5819
00000328e8feee99
000003294e5a6279
000003299410e7f9
000003299d9e4879
0000032b081bb4f9
0000032b93b30599
0000032bc15bed19
0000032c424d3c59
0000032c4b979859
0000032c7793d0b9
0000032c79527a39
0000032d305e2e39
0000032d5a9aabb9
0000032d74fb8a39
0000032e0a937fb9
0000032e177a1139
0000032e55a79599
0000032eab5446f9
0000032fddd554f9
000003307b419e19
00000331960e3cd9
000006633a3f0e61
00000000012b4471
0000000000000181
0000033224f42f79
00000332d7440079
0000033300d444d9
00000333155ffc39
000003338fda8f19
0000033395136019
00000334d1cbea39
000003352d3841f9
000003359047c6f9
00000335b5d5a559
000003384268f6f9
00000338a8dd6d39
00000338f41ddff9
000003394fbac139
0000033950ea44f9
000003398e2b06f9
0000033a11139a99
0000033a20507499
0000033a378f63b9
00000675daa9dc61
00000000012b4471
0000000000000181
0000033b4bacf2b9
0000033c41572599
0000033d2abd1959
0000033e040d0bd9
0000033fe2605c79
00000340107c5519
0000034021d184b9
00000340cecf4359
00000341a54554f9
00000341ea74ce59
0000034251e65a39
0000034268354179
00000343181dd659
000003439005cb79
000006887b14aa61
00000000012b4471
0000000000000181
000003448cf689b9
000003465ab235b9
0000034736a58399
00000347654cc859
00000347d0fdd479
00000347e12f5639
000003486c32cc99
00000348ec016d99
0000034952ba2559
0000034a4e231939
0000034a8b9b6859
0000034ab3b95a99
0000034ac3760ed9
0000034b02d0ac99
0000034b3c0ed6f9
0000034b81ba7d59
0000034b8add03f9
0000034b9783be59
0000034b9f0c7f39
0000034c28efbd79
0000034c607eae39
0000034cf98ba2f9
0000034d17146979
0000069b1b7f7961
00000000012b4471
0000000000000181
0000034d8d85be39
0000034da9ad7bb9
0000034e66454159
0000034e69dd21b9
0000034edb369e99
0000034fdc660859
0000035015d94eb9
000003508889bc39
00000350afb39739
000003512a666379
0000035139551879
000003513e579779
00000351dc8b7f59
00000351e3cc5a19
0000035226fff179
0000035228954c79
00000352656e8df9
000003526713abd9
00000353485bba79
00000353624df339
0000035367942279
00000353a2add7b9
00000353e964de79
00000354173100d9
00000354637932d9
00000354920b84b9
00000354c7048fb9
00000354d27a2759
00000354d27a4259
000003553bfddeb9
000003561bda1f79
000003561f091259
000003569ca25b59
000006adbbea4761
00000000012b4471
0000000000000181
00000356f73ffdf9
00000356f842f2b9
000003574cfb7ad9
0000035766d07899
00000357799caf59
000003578e45beb9
00000357c15ea2d9
000003586666e619
0000035882fad8b9
000003589ca25899
000003593833ccf9
000003597bf8faf9
00000359e5a35059
0000035a6bf5f399
0000035aaa89c159
0000035af039c639
0000035afe158559
0000035b63eeca19
0000035b7055e999
0000035b970201f9
0000035bb9baa499
0000035c55ffcef9
0000035c560eefb9
0000035c76d72d99
0000035c80ce6d59
0000035ca1655939
0000035d4559ddb9
0000035d48b9a7f9
0000035da478a519
0000035dad6f55f9
0000035dd5d0d219
0000035dec745559
0000035e255d5879
0000035e40849499
0000035e735efa39
0000035e8ee27a99
00000360017548d9
000006c05c551661
00000000012b4471
0000000000000181
00000360b3772ab9
00000360dc690539
00000361410ac519
0000036291272b99
0000036302538d39
00000364260c7a19
000003646a8a7319
000003656d4b6a79
0000036579669e39
0000036580ff5839
00000365986e2f59
00000365a4b14cb9
0000036638a17eb9
00000367bbbcc3d9
000006d2fcbfe461
00000000012b4471
0000000000000181
0000036997270539
0000036999d4f059
00000369d3967b79
0000036a2f351b19
0000036a3cc07179
0000036a5ec68bd9
0000036a838cd879
0000036a9f0ccad9
0000036b9f7ab9f9
0000036bd764a399
0000036bdefb2099
0000036c2232b0f9
0000036d229c2d39
0000036d2dced239
0000036d4e155a99
0000036ea4dedbd9
0000036ea98b50b9
0000036eceb55859
0000036f34480459
0000036faa76e779
00000370cb42f359
000003710f87ea39
0000037120a17519
0000037158979839
000003716ad92d99
00000371928379b9
0000037192b541f9
00000372c59b5f79
000006e59d2ab361
00000000012b4471
0000000000000181
00000372e6e8d379
0000037350977059
00000373ab993dd9
000003741359f499
0000037416b7ea99
000003747fc86539
00000374cb7efb19
00000374f7957259
0000037593085619
00000375e8474df9
00000376c032dbb9
000003771e8efdb9
000003774eb824d9
00000377a613fbb9
00000377b8e5adf9
00000377b97c6819
00000377c3eeb7f9
000003781de326d9
00000378d9509ef9
00000378e91a0939
00000378f529e8f9
00000379064ad759
0000037a23311e99
0000037a29db26d9
0000037a53f7c999
0000037a8cef86d9
0000037aa6e8ea19
0000037b158571d9
0000037b8d47d839
0000037be38559b9
000006f83d958261
00000000012b4471
0000000000000181
0000037c9b371e19
0000037cc5f6e119
0000037d02f05839
0000037d300a9f59
0000037ecee4d699
0000037fd459c1f9
0000037fe6086399
00000383c9321bd9
00000383cd2170d9
00000383e5ff10d9
0000038402a2f519
00000384c9f28c19
000003853e10ca39
0000070ade005061
00000000012b4471
0000000000000181
00000385a842a4b9
000003869817cbb9
00000387d2dc35d9
00000388daf74a59
00000388ef89b899
00000389d2d76699
0000038a5c5a3b99
0000038aea956199
0000038b39152fb9
0000038b8be4dfb9
0000038b8d34fcb9
0000038becc8afd9
0000038c44795239
0000038cefcca179
0000038d08e67b99
0000038d2d95d1b9
0000038d52bd50f9
0000038df3985959
0000038e283e63f9
0000038e283e6479
0000038e661a72f9
0000071d7e6b1f61
00000000012b4471
0000000000000181
0000038f25a838b9
0000038f4b83ca79
0000038fc5af8c39
0000038fc5afa559
00000390620a3b99
00000390923ab4d9
00000391081f2e39
000003918fd77199
00000391b0b19c39
00000391c22c4419
000003923440a939
0000039238282c59
00000392436e1179
00000392692f86b9
000003930574d8d9
000003934a567679
000003936f56a379
0000039373551519
000003946aa67d79
00000394e08fe779
00000395079471f9
000003950a27c4d9
000003951018af19
00000395af5f2ed9
00000395ca9056f9
00000395f9eff4d9
0000039604c26139
000003965ce85759
000003968f5eabb9
00000396ad13b239
00000396ccfe57f9
000003978b3eb2d9
000007301ed5ee61
00000000012b4471
0000000000000181
00000398a578d4f9
00000398fa6109d9
000003993551c7d9
000003997c2ebcd9
00000399a8481c79
00000399e7a7a259
0000039a575adc39
0000039a8855b379
0000039ad27f3d59
0000039ad9968b39
0000039ad9a30f99
0000039b5d3165b9
0000039c197df2d9
0000039c396d36f9
0000039d5dcc07f9
0000039dd04c4839
0000039de0f0df79
0000039e30365799
0000039e78ef50d9
0000039e96f85f59
0000039eafa3a079
0000039f22e831f9
0000039fe0ad1199
000003a0ba73cb39
000003a111f3ddb9
000003a1158688d9
00000742bf40bd61
00000000012b4471
0000000000000181
000003a322fd64b9
000003a3296181f9
000003a3f3f80bf9
000003a40f429099
000003a4406ccb99
000003a4c93fbc59
000003a4cbd38459
000003a4ff5abd59
000003a574f86779
000003a574f91b19
000003a62da51139
000003a689ee68b9
000003a68e970d79
000003a69c7c3cb9
000003a6aca1aa19
000003a8a680f859
000003a8e1672e59
000003a9f3b09239
000003a9f77017f9
000003aa5c5e0239
000003aa9a9808b9
000007555fab8c61
00000000012b4471
0000000000000181
000003abc4669599
000003ac3002e459
000003ac5e077499
000003acd4362b99
000003ad533b7e99
000003ad70209799
000003ad99ac92b9
000003ada6c97e59
000003adbdfd3b39
000003af5c91f9d9
000003afadf4ce39
000003b00084cc99
000003b01b9c8df9
000003b0b3358679
000003b0c6eab779
000003b132228999
000003b14760c4b9
000003b1f0b1c4f9
000003b26fa9e919
000003b29515ff59
000003b2f471c499
000003b310edde79
000003b3617f0df9
000003b37a73e799
000003b3da9baa99
0000076800165b61
00000000012b4471
0000000000000181
000003b49bf15eb9
000003b4d9cd2839
000003b5798f6db9
000003b5bc5ffa19
000003b655df5bf9
000003b748a30e99
000003b76b3504b9
000003b7ad180a99
000003b8a9df4459
000003b8a9df44d9
000003b93bcf8059
000003b9478aac79
000003b9b2412559
000003ba429aa6b9
000003ba787b86f9
000003bab306bf99
000003bb05170619
000003bb3b121599
000003bd0a99b139
000003bd14b78bd9
000003bd2bf123d9
0000077aa0812a61
00000000012b4471
0000000000000181
000003bd8bb01619
000003be3ce42059
000003beb5b0ff19
000003beb5b11159
000003bf12c61739
000003bf21706f39
000003c06d2eb7f9
000003c0731cecd9
000003c096e89059
000003c09d285139
000003c0b4cc3159
000003c10dae1239
000003c123b74af9
000003c123b74cb9
000003c1a53b2399
000003c1c60d44f9
000003c1d33a4699
000003c29550f0b9
000003c2c67b6f39
000003c2cb109cf9
000003c2cc13fcf9
000003c33f2c9ed9
000003c3afdf2179
000003c3f855dc59
000003c40ca86659
000003c44be91eb9
000003c4551c86d9
000003c46b31fab9
000003c47b371239
000003c4c1451559
000003c4ce5f2f79
000003c4fa4ed759
000003c6918dbd79
0000078d40ebfa61
00000000012b4471
0000000000000181
000003c6bbca8059
000003c73ab66f79
000003c74795c419
000003c79f8801f9
000003c892808b99
000003c8993b81f9
000003c941d50219
000003c9d8907fd9
000003ca2b33eb19
000003cab9948d59
000003cb23845759
000003cb57ad4bd9
000003cb68be6b79
000003cb7bd01a99
000003cc3a6e8a59
000003cc623fd199
000003cd2d604639
000003cd4f2d07f9
000003cf0de39739
000003cf9bd16e19
000003cfb8a05239
0000079fe156c961
00000000012b4471
0000000000000181
000003d069e61779
000003d10da99bd9
000003d145ed4139
000003d1f6179ad9
000003d39241bd39
000003d41f70def9
000003d4f5528979
000003d520880879
000003d6567155d9
000003d6d5f32c99
000003d6eca801f9
000003d6ee50db99
000003d706c33ff9
000003d79b821d99
000003d84d4484f9
000003d85b9bc1b9
000003d8fca15e59
000007b281c19861
00000000012b4471
0000000000000181
000003d96e375db9
000003d97b7d1a19
000003d9d5cd69f9
000003da4039d139
000003db35c40499
000003db3835d1f9
000003dc64fbc899
000003ddd4ee1419
000003de18da0b39
000003de3a081f99
000003de3d335939
000003de496574d9
000003df1291e939
000003dfc25f8bd9
000003e02a251839
000003e0447cc719
000003e04e97a079
000003e14998cd99
000003e15e2ba759
000003e212e80659
000003e21fd1f499
000007c5222c6861
00000000012b4471
0000000000000181
000003e2d0858a39
000003e32c054f99
000003e3c6c40419
000003e3f5d86619
000003e3fe417159
000003e404c167b9
000003e429e42c39
000003e47e656339
000003e4be069b19
000003e4be46a619
000003e517b9c519
000003e536699659
000003e70ff32e59
000003e7c5bfb379
000003e8c2042fb9
000003e96d0f7cf9
000003ea37c9ce79
000003ea76620e59
000003eb5ba84499
000003eb8410d699
000003eb9a5aedf9
000007d7c2973761
00000000012b4471
0000000000000181
000003ec5c1cff99
000003ec712e9919
000003ec7958fc39
000003ec8c430439
000003ed33cf9f79
000003ed7e48b2f9
000003edb1998259
000003edd231bcd9
000003edff963ab9
000003ef6ae93ff9
000003ef7223c4b9
000003ef83bdf519
000003ef847c9359
000003efe526e139
000003f19e678719
000003f1cf1e9e39
000003f212bcd339
000003f27e1fa799
000003f3380cb4d9
000003f3a7474859
000003f487635859
000003f495e4aff9
000007ea63020761
00000000012b4471
0000000000000181
000003f59f975779
000003f61e157d79
000003f6c72d98d9
000003f6d49bd859
000003f70496ce99
000003f727a777f9
000003f7646d2db9
000003f7f8402f99
000003f81ce86fd9
000003f8bf98bf19
000003f8d0c92339
000003f9111d4379
000003f91374cf19
000003f922cc2479
000003f935cf3819
000003f9415ed739
000003f9639ac3f9
000003f963a3d679
000003f9e6f5a0f9
000003fa8c8e55f9
000003fae9991ad9
000003fb3c8f53f9
000003fb75720059
000003fba4c28e99
000003fcac490439
000003fcc1d4f339
000003fcd47b8e39
000003fd712c0619
000003fe4dc27fd9
000007fd036cd661
00000000012b4471
0000000000000181
000003fedfd89a39
00000400c48ac039
000004012f684659
000004019d009ad9
00000401fe432af9
000004022e7da679
000004023bab04d9
00000402deb413f9
00000403b4800879
000004043b255fd9
00000404c7c2c239
000004057595ae39
000004057ca5ea19
0000040690dd7ff9
000004070689fc59
000004077757b0f9
000004077a357719
0000040789ef52b9
0000080fa3d7a661
00000000012b4471
0000000000000181
00000407f273d559
0000040887128379
00000408e4f079f9
00000408e6536739
0000040981e06679
0000040984e32af9
00000409ad8d56d9
00000409dff17359
00000409f8ed19b9
0000040a868059d9
0000040af43f9279
0000040cd61768b9
0000040cd8d64779
0000040d50bfaa59
0000040d61c78479
0000040d8955ef59
0000040dbacdd199
0000040df416c919
0000040df8398b39
0000040dffaae7b9
0000040e06ab72d9
0000040e94f319b9
0000040efe70e7d9
0000040f1ef2de39
0000040f5e771b99
0000040f745b7b39
0000040f776a1e59
0000040faf52f6d9
000004104c22a339
000004109a23f079
000004110afae5b9
0000041119dd54b9
0000041119dd6a19
0000082244427661
00000000012b4471
0000000000000181
0000041174ba91b9
000004117f3eed39
00000411854bc0f9
000004118c4e86d9
000004121503b119
00000412678800b9
00000412ede8c419
000004135343b199
0000041442aff559
00000414cde91779
000004151c2c9179
0000041551563ff9
0000041655fa3619
000004169000d6b9
00000416b9f60699
0000041731110a19
00000417da127a19
0000041841d8d199
00000418cd7c9119
00000418e6c9da59
0000041903b26b19
000004196e02b939
00000419aa9dc0f9
0000041a0966a0f9
0000041a35459799
00000834e4ad4661
00000000012b4471
0000000000000181
0000041a862fe7d9
0000041b79f1b059
0000041b9b04a1b9
0000041c19aff679
0000041cea2a8999
0000041cea2aa619
0000041cee3b2379
0000041dcb4f6d99
0000041e32cf4d19
00000420375d1f59
000004204d33c819
00000420a8b69d99
00000421780c2119
00000421ac909699
0000042240286319
00000422cf3d71d9
00000422d5f33fd9
0000042340406319
0000084785181561
00000000012b4471
0000000000000181
00000424339125d9
000004244e3a2899
000004245cb826b9
00000424fbbed439
000004252018b599
000004257bf13259
00000425995fa6f9
00000425e12a6f19
00000426996101d9
00000426acb82f19
00000426c2dc62f9
00000427b39c9c59
000004280103f319
0000042823492219
0000042847304a59
00000428c788f439
00000428f0369139
00000429d3e27719
00000429de384679
0000042a565ccaf9
0000042acd0d94b9
0000042b15e64df9
0000042b236997f9
0000042ba5a46cb9
0000042bb41209f9
0000042bbd992639
0000042bd46a9ad9
0000042bd7382d79
0000042bfb437979
0000042c2e28f459
0000042c8417b3d9
0000042c965dea39
0000042cc513c359
0000042ccfa27d19
0000085a2582e561
00000000012b4471
0000000000000181
0000042d93b4ea99
0000042de571fb39
0000042e741ed0d9
0000042e8cb691b9
0000042f26877399
0000042f27cb5f39
0000042f8ecbfd59
00000430a5921659
00000430f7b30299
00000431049159d9
000004314ed3f179
000004318680e4d9
00000431ceb37cf9
000004321bc81d19
0000043299bfe419
00000432e4686939
00000432ea788fd9
0000043320f38199
000004338882d8f9
00000433ecbcee59
0000043449de1599
000004359e662fb9
00000435bae65bf9
0000086cc5edb561
00000000012b4471
0000000000000181
000004373125ed19
0000043870c51e39
00000438c0adfd99
00000438fc29f739
000004390a8c2379
0000043a04c276d9
0000043a79eb3879
0000043a94bf6539
0000043b4041c2d9
0000043b6bf3cb79
0000043e18105c39
0000043e325ffdd9
0000043e4f521599
0000043e6afa1cd9
0000043e8b6e0799
0000043ef7e79d79
0000043f01b80759
0000087f66588561
00000000012b4471
0000000000000181
000004404bc40139
00000440bc929d79
000004417a80ebf9
000004418c3872b9
00000441eab15999
00000442e1191f79
00000442f143d4d9
00000443d4443f19
00000443ee812199
000004451659fd79
00000445241942d9
000004452931e919
000004452d885e79
000004454bd299d9
00000445a4d62679
00000445fafe05d9
00000446468d28f9
00000447149bc7d9
00000447151aedb9
0000044763b28139
000004479470de39
000004479f673079
00000447d01f3419
000004481302e6f9
0000044894e840b9
0000044896817fb9
0000089206c35661
00000000012b4471
0000000000000181
000004491735d679
0000044985d5c1d9
00000449f73968d9
0000044a4a929919
0000044b2a2313d9
0000044b308991d9
0000044b595fbd19
0000044bdfe73c19
0000044beaae8e19
0000044c0d372d19
0000044c84ab12b9
0000044c8bfddc39
0000044cafecff39
0000044cfea37279
0000044d1e196139
0000044d6df98dd9
0000044df87820b9
0000044e350b5379
0000044ea9d4cc99
0000044f6b8cb359
0000045046487a79
000004505e504b39
00000450748d7399
00000450b70521f9
00000450ede002b9
0000045184a7a179
0000045191125f79
00000452481b77f9
000008a4a72e2661
00000000012b4471
0000000000000181
00000453b7d47c79
00000453bde42979
000004541453cdd9
0000045420ab3ff9
00000454d7db1c59
000004551a9a2eb9
000004561727f539
0000045673fda919
00000456b2754839
00000456b275e1d9
00000456babb5859
00000456cfadb3f9
000004570d02ed39
00000457db5d1019
0000045813692039
0000045886e08079
0000045900df3c79
00000459fba558b9
0000045a97a2b339
0000045acef75f39
0000045b4c3590f9
000008b74798f661
00000000012b4471
0000000000000181
0000045c37bd12d9
0000045c63f52079
0000045c8ab589b9
0000045cb2a44599
0000045cf0b73559
0000045d0d49d4b9
0000045d84f6e9b9
0000045dc38df779
0000045e30182d59
0000045e3f20c159
0000045e44779bb9
0000045f339496f9
0000045fcd3035f9
0000045fdc124dd9
000004601e7f7d39
000004610f4c5a99
00000461734f25d9
0000046217c24f39
0000046317041559
000004632a78c7b9
000004634cea0dd9
00000463a3a2cb39
000004644b9fd6f9
000008c9e803c661
00000000012b4471
0000000000000181
0000046551d2ec19
000004655301bad9
00000465eedfc5b9
00000465ff0d8619
000004670a4ea039
0000046825b7df59
00000468401e2959
000004686086d039
000004686bd371f9
000004688ee02719
00000468dddf38d9
000004695c6b1c19
00000469dbf5baf9
0000046b71cd6c99
0000046bda193d19
0000046be4dac2f9
0000046c4e448119
0000046c526c3a99
0000046ccfec38b9
0000046d5b85f5d9
000008dc886e9761
00000000012b4471
0000000000000181
0000046e54e72d19
0000046e832e8a79
0000046f355d0e99
0000046fd0097979
0000046fd49d6eb9
00000470a49fb479
00000470b0a525d9
00000470c3389b79
0000047119141259
00000471b5c1e239
000004722ffb6e99
000004726f5ad159
00000472a363d039
00000472d004c079
000004737c903039
0000047499af8659
00000474b26f0c39
00000474fcec89b9
0000047521773819
00000475bdcbdf19
000004762d1455f9
00000476515059d9
00000476a4d47039
00000476a4d48959
00000476e62e8939
000004772fa26f19
0000047754bde4b9
000008ef28d96761
00000000012b4471
0000000000000181
00000477c0376939
0000047822ff9319
00000478e3061179
00000479479a52f9
0000047954a73639
0000047a4aa71e59
0000047adb9dcf99
0000047ba8d1faf9
0000047bb18b8cd9
0000047cabe34899
0000047d563d1eb9
0000047d844b1d19
0000047ec0a6e9b9
0000047f192ef179
0000047f208c5bb9
0000047fc0d59e39
0000047fe4c83c99
0000047febdc68f9
0000048077fca2b9
00000480b14272b9
00000480d84cc839
00000901c9443861
00000000012b4471
0000000000000181
00000481839e6259
00000481bc6d7919
000004821e97a5b9
000004824c945a79
0000048268fa1e39
00000482e0ba76d9
0000048307327919
00000483203dd659
00000483b77ac899
00000483bf269c19
00000483df32c6f9
00000483efb794b9
000004848afb5199
00000484a1979b39
00000484f2ac4599
0000048500209cf9
00000486512051f9
00000486d572c959
0000048755a46239
00000487d6900119
00000487f3cb3c39
000004885bd70bf9
00000488cf271199
0000091469af0861
00000000012b4471
0000000000000181
0000048a4cb404f9
0000048ae2ae52f9
0000048c956161d9
0000048d11f92919
0000048dc020b879
0000048dd6c3b339
0000048e273e6cd9
0000048edb3d5f79
0000048f07518b79
0000048f1e4be039
0000048f543e92f9
0000048f586af359
0000048f5fd72c59
0000049043f97d59
00000490eeb92339
00000490eeb93579
000004914b575059
0000049165601d99
0000049236378379
0000049262f1dd19
00000492a11516b9
000004931d2a1a59
000004931dc32a39
00000493500b2fb9
0000049353a0f5f9
000009270a19d961
00000000012b4471
0000000000000181
000004944b7b46f9
00000495551f4659
00000495cc157c79
00000495ee8743d9
00000496261f23f9
000004965b71fbb9
000004969a704619
00000496cf5ff7d9
00000496e8e6b199
000004979798e8b9
00000497f0fa7939
00000498b8e58679
00000498dae585b9
000004991a655f79
00000499d96f0eb9
0000049b568a8919
0000049b96365679
0000049ba4e275b9
0000049bfda87819
0000049c8b13fb59
0000049c96b007d9
0000049cab8e08b9
00000939aa84a961
00000000012b4471
0000000000000181
0000049d7fb540d9
0000049d80feded9
0000049d821996f9
0000049dce69f439
0000049e2c85f5d9
0000049e3c72ad19
0000049e8277a5f9
0000049e89ee0e79
0000049eefdc67d9
0000049fa5fd1b99
0000049ff1f8a139
0000049ff2fc6fd9
000004a0fa374e19
000004a1d485a2b9
000004a1f8b67f99
000004a2563c4419
000004a290044cf9
000004a2d55487d9
000004a2f06319d9
000004a2ffe1d979
000004a31f0f4719
000004a3443c3579
000004a35dabdcf9
000004a388a51239
000004a3bddf39b9
000004a41be6fb99
000004a43771c259
000004a4fa8ef179
000004a529dd5499
000004a5fa156f79
000004a61d249239
0000094c4aef7a61
00000000012b4471
0000000000000181
000004a6709afbb9
000004a6c40e60d9
000004a6eae45d79
000004a6ed3151b9
000004a8a7348459
000004a96aec07f9
000004aa898abaf9
000004aab5189139
000004aaba73ab99
000004ad00b4f379
000004ad304e8119
000004ad61e80259
000004adb8e02a99
000004add8770a79
000004adfb513bf9
000004ae1e9a47d9
000004ae3ada6eb9
000004ae3ada7659
000004aeebc71979
000004af22e89119
000004af3f012a39
0000095eeb5a4b61
00000000012b4471
0000000000000181
000004b01d958759
000004b01d95a459
000004b033051539
000004b0d2fb86d9
000004b0ee1e1679
000004b14b207bb9
000004b1630c1019
000004b18b55d519
000004b1d8d42fb9
000004b2fb55e519
000004b4944d9699
000004b4b2ba1c99
000004b4d24499b9
000004b5278681d9
000004b5d45b8939
000004b62a822b59
000004b6ae73a9f9
000004b7200bc239
000004b7d50cf419
000004b7f091c5d9
000004b82c62e959
000004b865a9b079
000004b8b7fe6779
000009718bc51c61
00000000012b4471
0000000000000181
000004b96c9e5b99
000004ba50c992b9
000004bb8f4049f9
000004bccd1da2d9
000004bd83a41359
000004bd9496e6d9
000004be21a4e119
000004be960f6d59
000004bf231a4a19
000004bf7b75d739
000004bfb1fb1c59
000004c07de86f39
000004c0d74ac599
000004c110c89bd9
000004c1cce0fb59
000009842c2fed61
00000000012b4471
0000000000000181
000004c22526f7d9
000004c257ad42f9
000004c286c94bf9
000004c29823bbf9
000004c30a170b99
000004c3475a5219
000004c355361979
000004c3b2ff9cd9
000004c3bd255f59
000004c3cc0aadf9
000004c4dd5b13f9
000004c5d1514d79
000004c5e22db159
000004c63cb28919
000004c6abf0fed9
000004c6ace22339
000004c70c76a4b9
000004c770a35959
000004c7858f4179
000004c7a3bf0119
000004c7cd319b59
000004c7f33821f9
000004c83cf4d239
000004c84259fc79
000004c84330b379
000004c91ffe7b99
000004c92501de39
000004c985528039
000004c9eb6a6b79
000004ca0acabdb9
000004ca558301b9
000004ca7f373e19
00000996cc9abe61
00000000012b4471
0000000000000181
000004cb8ff0d739
000004cbe5b162d9
000004cc95c10339
000004cd02754199
000004cdf597df39
000004cf21afce79
000004cf95a70a39
000004d18bae8999
000004d196697979
000004d1c5b80b79
000004d1c5b82879
000004d1fb26f079
000004d252637499
000004d2e48aee39
000004d34f38b979
000004d3a50f62f9
000004d43c91ca59
000004d4790d97f9
000009a96d058f61
00000000012b4471
0000000000000181
000004d5a6d5ded9
000004d5d11fcab9
000004d6005633d9
000004d6309c7379
000004d64e3a2119
000004d65ed24739
000004d7503a8479
000004d801ccd719
000004d8df587859
000004d93c8e58d9
000004d94a57f859
000004d95549f0f9
000004d97ca31459
000004da1980b059
000004dab774a6f9
000004db6ae0e1f9
000004dbb882a599
000004dbe420e939
000004dc93af5039
000004dced321e79
000004dd0cc40699
000004dda07203b9
000004ddbabd3c59
000009bc0d706061
00000000012b4471
0000000000000181
000004de225fe7b9
000004de26274119
000004de4efa20b9
000004defab14859
000004dfb96187f9
000004dfbc004799
000004e04eba8899
000004e05d6ef199
000004e0ef0103f9
000004e138ba32f9
000004e1dac0ee99
000004e1e3943f19
000004e2a85e15d9
000004e2e3ee9779
000004e341ad1b79
000004e3ca042959
000004e3d6e9f839
000004e431204999
000004e475301e99
000004e495cf7bd9
000004e4a8d92d59
000004e59a333359
000004e5b7c7d119
000004e5befca039
000004e5cd24a6b9
000004e5d890a399
000004e5e84abd79
000004e5fdbce3f9
000004e6194352f9
000004e631ab7179
000004e63aec47f9
000004e6614556f9
000004e66f57da79
000004e6917280b9
000004e6e9239679
000009ceaddb3161
00000000012b4471
0000000000000181
000004e766798619
000004e7842d6019
000004e7d55a0059
000004e89a5b7bf9
000004e8bebfd9f9
000004e901429d59
000004e913b6b519
000004e916e40d39
000004ea4c1d8419
000004ea733d7b99
000004eaa4762839
000004eaf32ce239
000004eb6d761239
000004ebe3343ed9
000004ebee9f4779
000004ec1bfadc39
000004ec1c0e0379
000004ec3cecf179
000004eca4bc1d59
000004ecff6d0b59
000004ed746df519
000004ee45d5a139
000004ee7d9c43b9
000004ef681d06d9
000004f04719a8f9
000004f059cf0bf9
000004f073e97f39
000004f081bee9f9
000009e14e460261
00000000012b4471
0000000000000181
000004f0d48005d9
000004f1a86297b9
000004f281b1b8d9
000004f2a2db32f9
000004f2d3f4b539
000004f3053e36f9
000004f315524599
000004f31b4ceb39
000004f353ba1fd9
000004f3b4d93479
000004f3c8bb9a19
000004f42d7616d9
000004f43b6671b9
000004f43f46cc39
000004f47ea5def9
000004f48fbddb79
000004f4ce36fc79
000004f4de9670f9
000004f6276e5839
000004f64966f499
000004f650dba619
000004f686b9a9b9
000004f6d93cd7b9
000004f6fc03d879
000004f731f6cc79
000004f743585ef9
000004f7c6a76699
000004f8b6a287b9
000004f94fbbfef9
000009f3eeb0d361
00000000012b4471
0000000000000181
000004faa79ffed9
000004fbc28cd639
000004fda221d779
000004fdc40baf79
000004fdfcb8bc99
000004fed5eb8d39
000004fed8a4ca39
000004ff218b0999
000005008d17cfd9
00000500b2b1bb39
00000500f954ae19
00000501cb17ec59
0000050228b80399
000005022cb5d219
0000050254105479
00000502d580ebf9
00000502d7fd6dd9
000005031063f979
00000a068f1ba561
00000000012b4471
0000000000000181
00000503d3e08639
00000503f41d8919
000005045cee81d9
00000504823935f9
0000050483fab6d9
00000504c1128259
00000504c1128699
00000504f972e859
000005054dfcbb19
000005067076c739
000005069a9def99
00000506a8545999
0000050723264379
000005074f70ee39
0000050814b4ef39
0000050814b4efb9
00000508150c5e79
000005082b51d8b9
000005083b66f4d9
00000508e17585d9
00000508e7ebe639
0000050930982919
00000509ba6f0f59
00000509da1b8319
0000050ad3f24c39
0000050b0552f759
0000050b39fb79b9
0000050b3a503039
0000050b656b2a59
0000050b791744d9
0000050be26ddd19
0000050c02ca3ab9
0000050c223a9b79
0000050c3d2625d9
0000050c72bddd79
00000a192f867661
00000000012b4471
0000000000000181
0000050cc60349d9
0000050cda947a19
0000050ce8e48539
0000050d6c002439
0000050d81883919
0000050e74876d19
0000050e78c79d79
0000050ec3853759
0000050f0a729899
0000050f10a8b1d9
0000050f2389ba79
0000050f49ecf219
0000050f63881e79
0000050f70979fd9
000005104b87bdb9
00000510a6b7e599
00000510cf55cbd9
00000510d7587299
00000510e6cfa1f9
000005115a1ccfb9
0000051186b2ccd9
00000511fdfaf0d9
000005120b9a2cd9
0000051254ad5239
00000512d46bb519
000005135aa556b9
00000513a14cef19
000005144bf67839
0000051514c0d459
00000515226ed0f9
00000a2bcff14861
00000000012b4471
0000000000000181
00000516d0e3f359
00000516d8e68cb9
00000517ce7f0039
00000518055f8d39
0000051828e528f9
00000518305225f9
0000051881211039
00000518e449d659
00000518e7678959
00000519465f1bd9
0000051965755ab9
0000051a405d0d99
0000051ac6b8daf9
0000051ad087d2d9
0000051b2b866f19
0000051c060c0d39
0000051d10e3bd19
0000051db95a3a99
0000051dec2b3eb9
0000051e4d032fd9
0000051ea1f22759
00000a3e705c1961
00000000012b4471
0000000000000181
0000051f601ca319
0000051f98b1fb59
0000052002bdecf9
0000052051d8a379
0000052075c3f7f9
00000520c1a48079
00000520c25df179
000005211eacbaf9
00000521210f4419
0000052138d27359
00000521e1e5a419
00000521e9400f99
0000052217ad34d9
000005222e7a48d9
0000052251c3b7d9
0000052251c3cf19
00000522b5a9d9d9
00000522c7630c99
0000052441a99b59
00000524b8468839
000005252ff236d9
00000526a69b2199
00000526d61dbf59
00000526e7864f39
00000527637f15d9
00000527648a0419
000005277709dad9
00000a5110c6eb61
00000000012b4471
0000000000000181
000005288a01f5d9
00000528bc1612d9
000005299c390519
00000529f3201719
0000052bd0237b59
0000052c66af4fb9
0000052c7673ae19
0000052c8b6338b9
0000052cee7f0bb9
0000052d7a4ad0f9
0000052e65d44db9
0000052e65d453f9
0000052ed45cde59
0000052ed7b62119
0000052f1e4d2d59
0000052f59384959
0000053152a8de39
00000531d6ca53f9
00000a63b131bd61
00000000012b4471
0000000000000181
00000531df66cf79
000005326b6aa899
000005340074b259
000005344b68eeb9
000005350fb16b99
0000053577078d79
00000535932cd5f9
0000053616225c99
0000053648f03979
0000053660aeaf79
00000537c4dee579
00000538560245d9
0000053918fb5ef9
00000539fd5872b9
0000053af4b7e519
0000053af5ab27b9
00000a76519c8e61
00000000012b4471
0000000000000181
0000053b7ccd2b19
0000053c52f8d8d9
0000053c812b48d9
0000053caaf68f79
0000053d6c1bf799
0000053e5f18e5f9
0000053e863fbfd9
0000053e93f90339
0000053f1e2dcf99
0000053f4019a5d9
0000053fbebc3bb9
0000053fc0217339
0000054013e64a19
00000541eb994639
0000054281da8519
00000542896f44b9
000005429e5abb59
00000543b0f67c79
00000543bbfbf3b9
00000543f1435119
00000543fc450059
0000054408f58599
000005443ac5c979
00000a88f2076061
00000000012b4471
0000000000000181
000005449a9597f9
00000544a4435d39
00000544ce9f1999
00000544ce9f3359
0000054564179999
00000545c67c2599
00000547015d1559
0000054782634999
0000054797e0bb99
00000547bd38efd9
0000054827145a39
000005485307d9f9
000005494ec64719
000005495cc0c6b9
0000054a0f5de9f9
0000054ae4494099
0000054b9d6b8b79
0000054cab6894b9
0000054d01b04659
0000054dbb1d9559
00000a9b92723261
00000000012b4471
0000000000000181
0000054df463fed9
0000054df53fe1d9
0000054e0763a659
0000054ea93eaeb9
0000054eb684c939
0000054f1c436299
0000054f6d3389d9
0000055023a56e59
000005502c9bb779
00000550e6f60bd9
0000055138e9acd9
0000055150c1bd99
00000551e89ca7b9
00000552a966f759
000005534c9cad59
00000554b6b77859
000005555d4bdbb9
000005558a906e99
000005569642a4d9
00000556db480d19
00000aae32dd0461
00000000012b4471
0000000000000181
00000557331e9199
0000055778ba62b9
000005583116a5b9
00000558410071d9
0000055928922cf9
00000559a1712059
0000055a1e2f9a79
0000055aee1c5899
0000055b25c0d499
0000055b5cdc2f59
0000055b7838f179
0000055b78712699
0000055b8d4a85f9
0000055bb83e6319
0000055c64cec7b9
0000055d0bc8c439
0000055d22b10539
0000055dc038ea39
0000055dde2bdc79
0000055df5670e59
0000055e2493e5d9
0000055ea9b1fa79
0000055eaf594c99
0000055eea14e219
0000055f6304f9d9
0000055f8e478a39
0000055fa0e4cb39
0000056040ddad19
00000ac0d347d661
00000000012b4471
0000000000000181
00000560c9ec97f9
000005614128f959
0000056211708659
000005628a94d119
00000562f1c2f5f9
00000562f5779339
00000563259eee59
0000056396924b39
00000563b674eb79
00000563bdb3ee19
00000563c34f32f9
00000563c73d5099
0000056424293e59
0000056424e15659
00000564b89527f9
0000056541cdfe39
000005655e434ab9
00000566026cd579
00000566efb50459
000005673c975779
00000567d5f2aaf9
0000056805f0c939
00000568703c9439
000005691e587ef9
0000056940443419
0000056948507499
000005694e146eb9
00000ad373b2a861
00000000012b4471
0000000000000181
00000569d5848cd9
00000569d5849f79
0000056ad490a739
0000056ae5c526f9
0000056b11f9b559
0000056b9d23ceb9
0000056c0321e7f9
0000056c05182159
0000056cceddbe59
0000056d260f4f59
0000056d77943dd9
0000056ebc3efb79
0000056f6e9224f9
0000056fb4be7419
0000057023c4a3d9
00000570301d2f39
000005708a7054d9
0000057222e5d819
00000ae6141d7a61
00000000012b4471
0000000000000181
00000573bf0467b9
00000573e62893d9
0000057441180799
000005749c113a99
00000574f38f0ff9
00000575169d4b59
00000575ccb1ea19
0000057658093119
000005773e608099
000005783d45d159
00000578608a5db9
0000057a42835759
0000057ac80c7979
0000057b0a965459
00000af8202b7d61
00000000012b4471
0000000000000181
