[MCS8 A] 97 FW 3.104 SV 1.257 
range=1024
periods=2
sweepmode=27e20d0
fstchan=0
holdafter=0
streamstatus=3
calreg0=0
calreg1=0
calreg2=0
calreg3=0
swpreset=8000        
prena=1
syncout=0
cycles=18
sequences=1
tagbits=16
vdac0=92c
vdac1=807
vdac2=8c8
vdac3=8c8
vdac4=8c8
vdac5=8c8
vdac6=8c8
vdac7=8c8
timepreset=150.000     
digio=0
digval=0
autoinc=0 
savedata=2 
mpafmt=asc
sephead=0 
fmt=asc
smoothpts=5 
[CHN1]
REPORT-FILE from 06/23/2026 14:50:38.697  written 06/23/2026 14:50:38
cmline0=06/23/2026 14:50:38.697 
cmline1=A1
range=1024
active=1
bitshift=4
cftfak=2580100
evpreset=10          
roimin=0
roimax=1000
caloff=0.800000
calfact=12.800000
calfact2=0
calfact3=0
calunit=nsec
caluse=1 
[CHN2]
REPORT-FILE from  written 06/23/2026 14:50:38
cmline1=A2
range=1024
active=0
bitshift=4
cftfak=2580100
evpreset=10          
roimin=0
roimax=1000
caloff=0.800000
calfact=12.800000
calfact2=0
calfact3=0
calunit=nsec
caluse=1 
[CHN3]
REPORT-FILE from  written 06/23/2026 14:50:38
cmline1=A3
range=1024
active=0
bitshift=4
cftfak=2580100
evpreset=10          
roimin=0
roimax=1000
caloff=0.800000
calfact=12.800000
calfact2=0
calfact3=0
calunit=nsec
caluse=1 
[CHN4]
REPORT-FILE from  written 06/23/2026 14:50:38
cmline1=A4
range=1024
active=0
bitshift=4
cftfak=2580100
evpreset=10          
roimin=0
roimax=1000
caloff=0.800000
calfact=12.800000
calfact2=0
calfact3=0
calunit=nsec
caluse=1 
[CHN5]
REPORT-FILE from  written 06/23/2026 14:50:38
cmline1=A5
range=1024
active=0
bitshift=4
cftfak=2580100
evpreset=10          
roimin=0
roimax=1000
caloff=0.800000
calfact=12.800000
calfact2=0
calfact3=0
calunit=nsec
caluse=1 
[CHN6]
REPORT-FILE from  written 06/23/2026 14:50:38
cmline1=A6
range=1024
active=0
bitshift=4
cftfak=2580100
evpreset=10          
roimin=0
roimax=1000
caloff=0.800000
calfact=12.800000
calfact2=0
calfact3=0
calunit=nsec
caluse=1 
[CHN7]
REPORT-FILE from  written 06/23/2026 14:50:38
cmline1=A7
range=1024
active=0
bitshift=4
cftfak=2580100
evpreset=0           
roimin=0
roimax=1000
caloff=0.800000
calfact=12.800000
calfact2=0
calfact3=0
calunit=nsec
caluse=1 
[CHN8]
REPORT-FILE from  written 06/23/2026 14:50:38
cmline1=A8
range=1024
active=0
bitshift=4
cftfak=2580100
evpreset=0           
roimin=0
roimax=1000
caloff=0.800000
calfact=12.800000
calfact2=0
calfact3=0
calunit=nsec
caluse=1 
;MCS8 #97 Sversion=1.257 Fversion=3.68
time_patch=1
;datalength=8 bytes
;bit0..3: channel# 1..8 ( 4 bit)
;bit4: edge 0=up / 1=dn ( 1 bit)
;bit5 ..57: timedata    (53 bit), max sweep length 2001.6 h
;bit58..62: tag0..tag4  ( 5 bit)
;bit63:     data_lost   ( 1 bit)
[DATA]
0000000000000016
0000002157633c61
00000000029a3171
0000000000000181
00000033f7ce8761
00000000029a3171
0000000000000181
000000469839d161
00000000029a3171
0000000000000181
00000028c114cc79
0000002b6b5948f9
0000005938a51b61
00000000029a3171
0000000000000181
0000002d61c91b79
00000034ec88f2d9
0000006bd9106561
00000000029a3171
0000000000000181
0000007e797bb061
00000000029a3171
0000000000000181
0000009119e6fa61
00000000029a3171
0000000000000181
000000a3ba524461
00000000029a3171
0000000000000181
000000b65abd8e61
00000000029a3171
0000000000000181
000000c8fb28d961
00000000029a3171
0000000000000181
00000066416a62b9
000000db9b942361
00000000029a3171
0000000000000181
0000006fc0abfdf9
000000ee3bff6d61
00000000029a3171
0000000000000181
0000007f244edb19
00000100dc6ab861
00000000029a3171
0000000000000181
000001137cd60261
00000000029a3171
0000000000000181
000001261d414c61
00000000029a3171
0000000000000181
000000956580d019
00000138bdac9661
00000000029a3171
0000000000000181
0000014b5e17e161
00000000029a3171
0000000000000181
0000015dfe832b61
00000000029a3171
0000000000000181
000000b265b9d0b9
000001709eee7561
00000000029a3171
0000000000000181
000001833f59c061
00000000029a3171
0000000000000181
00000195dfc50a61
00000000029a3171
0000000000000181
000001a880305561
00000000029a3171
0000000000000181
000001bb209b9f61
00000000029a3171
0000000000000181
000000dd9890d9d9
000001cdc106e961
00000000029a3171
0000000000000181
000001e061723461
00000000029a3171
0000000000000181
000001f301dd7e61
00000000029a3171
0000000000000181
00000205a248c961
00000000029a3171
0000000000000181
0000021842b41361
00000000029a3171
0000000000000181
0000022ae31f5e61
00000000029a3171
0000000000000181
0000011d5da05b39
0000023d838aa861
00000000029a3171
0000000000000181
0000025023f5f261
00000000029a3171
0000000000000181
00000262c4613d61
00000000029a3171
0000000000000181
00000134f56df1f9
000001395d2fa5f9
0000027564cc8761
00000000029a3171
0000000000000181
000002880537d261
00000000029a3171
0000000000000181
0000029aa5a31c61
00000000029a3171
0000000000000181
000002ad460e6761
00000000029a3171
0000000000000181
000002bfe679b161
00000000029a3171
0000000000000181
000002d286e4fc61
00000000029a3171
0000000000000181
000002e527504761
00000000029a3171
0000000000000181
000002f7c7bb9161
00000000029a3171
0000000000000181
0000030a6826dc61
00000000029a3171
0000000000000181
0000031d08922661
00000000029a3171
0000000000000181
0000032fa8fd7161
00000000029a3171
0000000000000181
000001998407cdf9
000003424968bc61
00000000029a3171
0000000000000181
00000354e9d40661
00000000029a3171
0000000000000181
000003678a3f5161
00000000029a3171
0000000000000181
0000037a2aaa9b61
00000000029a3171
0000000000000181
0000038ccb15e661
00000000029a3171
0000000000000181
0000039f6b813161
00000000029a3171
0000000000000181
000003b20bec7b61
00000000029a3171
0000000000000181
000003c4ac57c661
00000000029a3171
0000000000000181
000003d74cc31161
00000000029a3171
0000000000000181
000001ef50e528b9
000003e9ed2e5b61
00000000029a3171
0000000000000181
000003fc8d99a661
00000000029a3171
0000000000000181
0000040f2e04f161
00000000029a3171
0000000000000181
00000421ce703c61
00000000029a3171
0000000000000181
000004346edb8661
00000000029a3171
0000000000000181
000004470f46d161
00000000029a3171
0000000000000181
00000459afb21c61
00000000029a3171
0000000000000181
0000046c501d6761
00000000029a3171
0000000000000181
0000047ef088b161
00000000029a3171
0000000000000181
0000049190f3fc61
00000000029a3171
0000000000000181
000004a4315f4761
00000000029a3171
0000000000000181
000004b6d1ca9261
00000000029a3171
0000000000000181
000004c97235dd61
00000000029a3171
0000000000000181
000004dc12a12761
00000000029a3171
0000000000000181
000004eeb30c7261
00000000029a3171
0000000000000181
0000028086aac179
000005015377bd61
00000000029a3171
0000000000000181
000002869f35dc19
00000513f3e30861
00000000029a3171
0000000000000181
00000526944e5361
00000000029a3171
0000000000000181
0000053934b99e61
00000000029a3171
0000000000000181
0000054bd524e861
00000000029a3171
0000000000000181
000002a8d590cb19
000002aea7512299
0000055e75903361
00000000029a3171
0000000000000181
0000057115fb7e61
00000000029a3171
0000000000000181
000002bece7d1679
00000583b666c961
00000000029a3171
0000000000000181
0000059656d21461
00000000029a3171
0000000000000181
000005a8f73d5f61
00000000029a3171
0000000000000181
000002d5546a44f9
000002dd951eebd9
000005bb97a8aa61
00000000029a3171
0000000000000181
000005ce3813f561
00000000029a3171
0000000000000181
000005e0d87f4061
00000000029a3171
0000000000000181
000005f378ea8b61
00000000029a3171
0000000000000181
000006061955d661
00000000029a3171
0000000000000181
0000030bfba9f319
00000618b9c12061
00000000029a3171
0000000000000181
0000062b5a2c6b61
00000000029a3171
0000000000000181
0000031738f2bc59
0000063dfa97b661
00000000029a3171
0000000000000181
00000325dbd140b9
000006509b030161
00000000029a3171
0000000000000181
000006633b6e4c61
00000000029a3171
0000000000000181
00000675dbd99761
00000000029a3171
0000000000000181
000006887c44e261
00000000029a3171
0000000000000181
0000069b1cb02d61
00000000029a3171
0000000000000181
0000034e6f945ff9
000006adbd1b7861
00000000029a3171
0000000000000181
000006c05d86c361
00000000029a3171
0000000000000181
000006d2fdf20f61
00000000029a3171
0000000000000181
000006e59e5d5a61
00000000029a3171
0000000000000181
000006f83ec8a561
00000000029a3171
0000000000000181
0000070adf33f061
00000000029a3171
0000000000000181
0000071d7f9f3b61
00000000029a3171
0000000000000181
00000730200a8661
00000000029a3171
0000000000000181
00000742c075d161
00000000029a3171
0000000000000181
0000075560e11d61
00000000029a3171
0000000000000181
00000768014c6861
00000000029a3171
0000000000000181
0000077aa1b7b361
00000000029a3171
0000000000000181
0000078d4222fe61
00000000029a3171
0000000000000181
0000079fe28e4961
00000000029a3171
0000000000000181
000007b282f99561
00000000029a3171
0000000000000181
000007c52364e061
00000000029a3171
0000000000000181
000007d7c3d02b61
00000000029a3171
0000000000000181
000007ea643b7761
00000000029a3171
0000000000000181
000003f94f4bb059
000003fab0d28759
000007fd04a6c261
00000000029a3171
0000000000000181
0000080fa5120d61
00000000029a3171
0000000000000181
00000822457d5961
00000000029a3171
0000000000000181
00000834e5e8a461
00000000029a3171
0000000000000181
000008478653ef61
00000000029a3171
0000000000000181
0000085a26bf3b61
00000000029a3171
0000000000000181
0000086cc72a8661
00000000029a3171
0000000000000181
0000043c2bfcc819
0000087f6795d261
00000000029a3171
0000000000000181
0000089208011d61
00000000029a3171
0000000000000181
000008a4a86c6861
00000000029a3171
0000000000000181
000008b748d7b461
00000000029a3171
0000000000000181
000008c9e942ff61
00000000029a3171
0000000000000181
000008dc89ae4b61
00000000029a3171
0000000000000181
000008ef2a199661
00000000029a3171
0000000000000181
00000479cb3a7b19
00000901ca84e261
00000000029a3171
0000000000000181
000009146af02d61
00000000029a3171
0000000000000181
000009270b5b7961
00000000029a3171
0000000000000181
00000939abc6c461
00000000029a3171
0000000000000181
0000094c4c321061
00000000029a3171
0000000000000181
0000095eec9d5b61
00000000029a3171
0000000000000181
000009718d08a761
00000000029a3171
0000000000000181
000009842d73f361
00000000029a3171
0000000000000181
00000996cddf3e61
00000000029a3171
0000000000000181
000009a96e4a8a61
00000000029a3171
0000000000000181
000009bc0eb5d661
00000000029a3171
0000000000000181
000009ceaf212161
00000000029a3171
0000000000000181
000004ef451972b9
000009e14f8c6d61
00000000029a3171
0000000000000181
000009f3eff7b961
00000000029a3171
0000000000000181
00000a0690630461
00000000029a3171
0000000000000181
00000a1930ce5061
00000000029a3171
0000000000000181
00000a2bd1399c61
00000000029a3171
0000000000000181
0000051808d2a499
00000518832ca399
00000a3e71a4e861
00000000029a3171
0000000000000181
000005245b74b2d9
00000525081d0539
00000a5112103361
00000000029a3171
0000000000000181
00000a63b27b7f61
00000000029a3171
0000000000000181
00000a7652e6cb61
00000000029a3171
0000000000000181
00000a88f3521761
00000000029a3171
0000000000000181
00000a9b93bd6361
00000000029a3171
0000000000000181
00000aae3428af61
00000000029a3171
0000000000000181
00000ac0d493fa61
00000000029a3171
0000000000000181
00000ad374ff4661
00000000029a3171
0000000000000181
00000ae6156a9261
00000000029a3171
0000000000000181
00000aec2864ea61
00000000029a3171
0000000000000181
