[MCS8 A] 97 FW 3.104 SV 1.257 
range=1024
periods=2
sweepmode=27e20d0
fstchan=0
holdafter=0
streamstatus=3
calreg0=0
calreg1=0
calreg2=0
calreg3=0
swpreset=8000        
prena=0
syncout=0
cycles=18
sequences=1
tagbits=16
vdac0=92c
vdac1=807
vdac2=8c8
vdac3=8c8
vdac4=8c8
vdac5=8c8
vdac6=8c8
vdac7=8c8
timepreset=20.000      
digio=0
digval=0
autoinc=0 
savedata=2 
mpafmt=asc
sephead=0 
fmt=asc
smoothpts=5 
[CHN1]
REPORT-FILE from 06/19/2026 13:26:59.697  written 06/19/2026 13:26:59
cmline0=06/19/2026 13:26:59.697 
cmline1=A1
range=1024
active=1
bitshift=4
cftfak=2580100
evpreset=10          
roimin=0
roimax=1000
caloff=0.800000
calfact=12.800000
calfact2=0
calfact3=0
calunit=nsec
caluse=1 
[CHN2]
REPORT-FILE from  written 06/19/2026 13:26:59
cmline1=A2
range=1024
active=0
bitshift=4
cftfak=2580100
evpreset=10          
roimin=0
roimax=1000
caloff=0.800000
calfact=12.800000
calfact2=0
calfact3=0
calunit=nsec
caluse=1 
[CHN3]
REPORT-FILE from  written 06/19/2026 13:26:59
cmline1=A3
range=1024
active=0
bitshift=4
cftfak=2580100
evpreset=10          
roimin=0
roimax=1000
caloff=0.800000
calfact=12.800000
calfact2=0
calfact3=0
calunit=nsec
caluse=1 
[CHN4]
REPORT-FILE from  written 06/19/2026 13:26:59
cmline1=A4
range=1024
active=0
bitshift=4
cftfak=2580100
evpreset=10          
roimin=0
roimax=1000
caloff=0.800000
calfact=12.800000
calfact2=0
calfact3=0
calunit=nsec
caluse=1 
[CHN5]
REPORT-FILE from  written 06/19/2026 13:26:59
cmline1=A5
range=1024
active=0
bitshift=4
cftfak=2580100
evpreset=10          
roimin=0
roimax=1000
caloff=0.800000
calfact=12.800000
calfact2=0
calfact3=0
calunit=nsec
caluse=1 
[CHN6]
REPORT-FILE from  written 06/19/2026 13:26:59
cmline1=A6
range=1024
active=0
bitshift=4
cftfak=2580100
evpreset=10          
roimin=0
roimax=1000
caloff=0.800000
calfact=12.800000
calfact2=0
calfact3=0
calunit=nsec
caluse=1 
[CHN7]
REPORT-FILE from  written 06/19/2026 13:26:59
cmline1=A7
range=1024
active=0
bitshift=4
cftfak=2580100
evpreset=0           
roimin=0
roimax=1000
caloff=0.800000
calfact=12.800000
calfact2=0
calfact3=0
calunit=nsec
caluse=1 
[CHN8]
REPORT-FILE from 06/19/2026 11:29:06.915  written 06/19/2026 13:26:59
cmline0=06/19/2026 11:29:06.915 
cmline1=A8
range=1024
active=0
bitshift=4
cftfak=2580100
evpreset=0           
roimin=0
roimax=1000
caloff=0.800000
calfact=12.800000
calfact2=0
calfact3=0
calunit=nsec
caluse=1 
;MCS8 #97 Sversion=1.257 Fversion=3.68
time_patch=1
;datalength=8 bytes
;bit0..3: channel# 1..8 ( 4 bit)
;bit4: edge 0=up / 1=dn ( 1 bit)
;bit5 ..57: timedata    (53 bit), max sweep length 2001.6 h
;bit58..62: tag0..tag4  ( 5 bit)
;bit63:     data_lost   ( 1 bit)
[DATA]
0000000000000016
0000000009e54bb9
0000000024cfc519
000000016b28feb9
000000017b7d7739
000000018905cd19
0000000356659859
00000004ee7e1f59
0000000579d927f9
00000005b2bf3a39
000000064685e539
0000000684479c79
00000006aff44a79
00000006c311b279
00000007147893d9
000000073b2e82f9
0000000744d3b0d9
000000078c720679
000000092926ed19
00000009e96497f9
0000000a7d6876d9
0000000b297e5859
0000000baea7e2d9
0000000bf5a41039
0000000c9da60e19
0000000cd567f399
0000000db79153d9
0000000ddc32b459
0000000e96800259
0000000f58c76c19
0000002156263a61
0000000000f75471
0000000000000181
00000010ece737f9
0000001154799839
000000117c017559
000000128e23d7b9
00000012b7e399d9
0000001320749559
000000136dd248d9
0000001380406d39
000000139bdd0bb9
00000013ff492359
00000014fd0e1b39
00000016778f7a79
00000016f4ec0d19
000000171c7ab939
0000001778fcc379
0000001791c3f8d9
00000017e0f3a479
00000018618b9199
00000018f0208799
0000001917626119
00000019d26f2f39
00000033f690f761
0000000000f75471
0000000000000181
0000001a13dcd579
0000001a5fb35379
0000001a7c4d03b9
0000001ac1f0ca39
0000001aeddaa659
0000001b10cf30d9
0000001b4f755bb9
0000001b86453439
0000001bccf867d9
0000001c18eebc99
0000001e584792f9
0000001ea9597e79
0000001ee20090f9
0000001f3b4817f9
0000001f48fa7319
0000001f65c58139
0000001fcfe95ed9
0000001fdb77f2b9
0000001fdbb20af9
0000001fe6196979
0000002000c532d9
000000206180cd99
000000207d305c19
00000020a3c26ab9
00000020bc2d1b39
00000020bc2d4219
00000020e0808419
00000020e2ef2299
00000020ea204859
00000021079344b9
00000021147b0819
0000002169910459
000000218aa074b9
00000021966b3779
00000021b7230d99
00000022189a3879
000000221d59d859
0000002244cc3219
00000022f0a46219
0000002347d756f9
0000004696fbb461
0000000000f75471
0000000000000181
0000002363170859
000000237fe29419
000000244b9bc579
00000024be43c439
0000002523b3f6d9
0000002557e812d9
000000255bf281f9
00000025beeb0d19
0000002614a34ab9
000000264ce2a959
00000026ac695e99
0000002724dd7259
000000279791e1d9
00000028242f2259
00000029c1ff8c59
00000029eadb3779
0000002aef289959
0000002b72048839
0000005937667061
0000000000f75471
0000000000000181
0000002ce116c559
0000002ce116ce39
0000002ceb0dedb9
0000002dcaacbaf9
0000002ea0060db9
000000304f610c99
000000308407ad39
000000308fbf1679
000000311efa7539
00000033bc4d4ef9
00000033dfbf2539
000000346c147379
0000006bd7d12d61
0000000000f75471
0000000000000181
000000374f9835d9
0000003846c5e8d9
000000384dcde2d9
0000003856f2f199
0000003858d52599
00000038bc6f2db9
00000039dad6c659
0000003a46e2ad79
0000003a83d93159
0000003aea205559
0000003b2270bd79
0000003d1ff94159
0000003d48f61c39
0000003d7cf36f79
0000003d83c2ba39
0000003df4e5d679
0000003e7ff6dd59
0000003ef65f4fb9
0000003f1b30cfb9
0000003f2a2afd79
0000007e783bea61
0000000000f75471
0000000000000181
0000003f588463d9
0000003f7eebbf59
00000040a416a559
00000040bd804939
00000041232f7519
000000417754cb99
000000418a0bc659
000000419a527199
000000420107b399
0000004216b0f719
000000423ffa30b9
0000004269473039
000000432dd34bf9
00000043b0ef8fd9
00000043bb93d6b9
000000453f065f79
00000045f8cafb19
0000004695ce19b9
000000471b8e4b19
00000047cdd75639
000000480e448f79
0000009118a6a761
0000000000f75471
0000000000000181
0000004a14f89399
0000004b27d7e539
0000004b44ec8bf9
0000004be3dcabf9
0000004c0135b619
0000004c3e77e379
0000004cc9fcf8b9
0000004d098acd59
0000004d1a510a39
0000004d727eb5d9
0000004db0b319f9
0000004e24a50879
0000004e63a42959
0000004e6da82ab9
0000004fe92d3639
00000051a67f9b39
000000a3b9116461
0000000000f75471
0000000000000181
00000053d75b08b9
00000054f7166559
00000055eaa75619
00000055ebe6ec39
00000055f635a359
0000005665aa1dd9
00000056d15f9b59
00000057daaa1539
00000058086b5e39
00000059b2e74539
0000005b09fa5e99
000000b6597c2161
0000000000f75471
0000000000000181
0000005b5a4b9319
0000005c59256e79
0000005da790b3f9
0000005decc444f9
0000005e19d9abb9
0000005e49f92119
0000005e94555ab9
0000005ef10eb699
0000005f459fb1d9
0000005f8800fcf9
0000005fc7c7ac39
0000005fcb9738f9
00000060b96d6dd9
0000006124a73bf9
0000006151eb5bb9
00000061c8baa219
000000624e299499
00000062ff009b39
0000006378646199
00000063b9911d99
00000064322ed519
000000c8f9e6de61
0000000000f75471
0000000000000181
00000064dfd36d59
0000006569ca1ff9
000000660828cb79
000000662b8fd1d9
000000667bba9dd9
00000067b68e2b39
00000067e05de4b9
00000067e7700ff9
000000681a367079
000000682fb67b59
00000068e6544cb9
0000006add06bb79
0000006ae2314a79
0000006ae3a0d8d9
0000006b8bc9fd19
0000006bb5720e39
0000006bf057d119
0000006cc47ba019
0000006cfad60b99
0000006d3ec77179
0000006dc43eb6d9
000000db9a519c61
0000000000f75471
0000000000000181
0000006e8b885c19
0000006f98eb0279
0000006fd9e93f79
000000706c019579
0000007204f13359
0000007265bbc8b9
0000007298668cb9
00000072fe65fd79
000000731d27f019
00000073e0be7619
0000007459fc5b79
000000758dc9a0b9
0000007598b82339
000000768075b399
000000768d040f19
000000ee3abc5961
0000000000f75471
0000000000000181
0000007774e8d6d9
000000779625b159
00000077cece0ad9
00000078131f9df9
000000781f67a839
0000007854522a99
000000787344a279
00000079627d3c39
0000007a3e3f9599
0000007a6a4b8b79
0000007b2ba812d9
0000007b36c94df9
0000007d20d86819
0000007d5ed77779
0000007d667b6839
0000007d6fa47c79
0000007dccdb4759
0000007df48587b9
0000007df4be7f99
0000007ea65180d9
0000007eb69ad0d9
0000007f1759ba39
0000007f49f31719
0000007f829fd299
0000007f8357b6b9
0000007fb3e0e0f9
00000100db271661
0000000000f75471
0000000000000181
00000080ae3f7359
00000080ca2c0239
00000081a7b4aaf9
00000081d377ba99
0000008226e87db9
000000824f6d2159
000000831ea08419
00000083465e6779
00000083517bbff9
0000008376d32eb9
00000083af5420d9
000000859b86e8b9
00000085b4653ad9
00000085bb6afed9
00000086886d9cf9
00000086934f21d9
00000086a58db379
0000008703e258d9
00000087222a8e59
000000891a6dc779
00000089370d49f9
000001137b91d461
0000000000f75471
0000000000000181
0000008a05372d19
0000008a06b6b199
0000008ae4f84799
0000008aedb315d9
0000008b404a1db9
0000008b61beaa79
0000008b91ff7079
0000008cb752a219
0000008e14700f99
0000008e16885819
0000008e18849459
0000008e19d72a99
0000008ebfe1d619
0000008f41bc7839
000000902073e279
000000908480e419
00000090f4880839
0000009176dddcd9
000000917d908799
0000009189d3cf59
000000919f401df9
00000091af3b4159
00000091fc1de8d9
00000092c2ed3d59
000001261bfc9161
0000000000f75471
0000000000000181
000000933ef4f199
00000093500ca7f9
00000093bfabfc39
000000940e002639
00000095456c1159
0000009546bede79
00000095b282c7d9
00000096169a9f19
000000962292e319
0000009642442319
000000965bfccfd9
000000966fea62f9
0000009680244739
0000009695e671d9
00000096ac784f39
00000096b75b1559
000000978ef86859
00000097a112a679
0000009807cfebb9
0000009810cb19d9
000000988dba8b79
00000098c83740f9
0000009965a1de39
00000099bdc5cfd9
0000009ab5bde9d9
0000009b1cfd45b9
0000009c281cdc39
00000138bc674f61
0000000000f75471
0000000000000181
0000009d2838ad19
0000009d888ef999
0000009e178a43d9
0000009e9f3277d9
0000009f0055c979
0000009fde72d3f9
000000a08162a6f9
000000a0a9a53179
000000a0d1817cd9
000000a0de8f0db9
000000a1858bc819
000000a395139db9
000000a3d6878e99
000000a4463ea9b9
000000a54a1d6739
000000a5839eb679
000000a585c99cf9
0000014b5cd20c61
0000000000f75471
0000000000000181
000000a5ba0836d9
000000a6067b2df9
000000a65515d1b9
000000a6960f35d9
000000a707269d19
000000a77b09ad79
000000a78a3a8459
000000a843985879
000000a878fbafd9
000000a8c9f236b9
000000a904405999
000000aa3e93db39
000000ac50e6f939
000000ac9d299899
000000acc23583d9
000000acd47fb4d9
000000ad3a49d559
000000ad92bf28d9
000000ad9e3f6959
000000ae6be6fd39
000000ae6fd29b59
000000aea00ccd39
0000015dfd3cca61
0000000000f75471
0000000000000181
000000af35446419
000000af890b0d99
000000afa96ebd79
000000b0ad155759
000000b0b4847f39
000000b161e6bf99
000000b1d3ba94d9
000000b228a4b3d9
000000b41ad703d9
000000b5485cbff9
000000b585c0bb59
000000b59772c499
000000b5a3421df9
000000b5d0aa0fb9
000000b5f9c8b8d9
000000b62d1750f9
000000b68a251b39
000000b725341a19
000000b7dd1410b9
000000b80d253ef9
000000b8405bbc39
000001709da78861
0000000000f75471
0000000000000181
000000b88f6a83d9
000000b8eb7fa8b9
000000b918628439
000000bb2267d719
000000bbeede0879
000000bc145eb159
000000bc632448f9
000000bd67d2d679
000000bd879f8559
000000bd8ee25ef9
000000bd8ee277f9
000000bdeb201a39
000000be911bda99
000000bf02595699
000000c00025c5f9
000000c181e2b819
000001833e124661
0000000000f75471
0000000000000181
000000c1a51e3ad9
000000c207b39879
000000c2419b2859
000000c24c520939
000000c34bfc2759
000000c395ea2939
000000c3b28b0939
000000c4c2339159
000000c5d5744e79
000000c6063d4079
000000c6155e7659
000000c6f69be1d9
000000c75864f279
000000c850ca9039
000000c8867ccd59
000000c88e3ef3d9
000000c8feac2a59
000000c9166bb459
000000c9a04c8359
000000c9b4cdb899
000000ca1afc8fd9
000000ca7b086699
000000cad4685339
00000195de7d0361
0000000000f75471
0000000000000181
000000cb1e0840b9
000000cb83cb0b19
000000cba26d8019
000000cc388f6e99
000000cc39706459
000000ce07051599
000000ce468f9139
000000cf53ad0379
000000cf6a84bb59
000000cf994d2a19
000000d01e5918f9
000000d06ab8d0f9
000000d07d7a56f9
000000d0bae6d9b9
000000d141ae8e99
000000d1d0b3bbf9
000000d24caef519
000000d25cc5a8b9
000000d2c4ad37f9
000000d2db8f3f39
000000d3343f5959
000000d3933c7a19
000000d3b19117d9
000000d3c7f32439
000000d404276159
000001a87ee7c161
0000000000f75471
0000000000000181
000000d50cdaa1d9
000000d53b6abeb9
000000d59fd11cd9
000000d5ea3e4999
000000d686559399
000000d687dc7fb9
000000d90c76ebb9
000000da923bb279
000000db71a85199
000000dbae2ce7b9
000000dc77022119
000000dd5d647699
000000dd7b20cfd9
000001bb1f527f61
0000000000f75471
0000000000000181
000000ddf54f8079
000000de8faadc59
000000de91c0b9b9
000000de9d2226f9
000000df17148439
000000df18022ff9
000000df88fccff9
000000e01f71b5b9
000000e08b59e659
000000e0b9e947d9
000000e0f1d10e99
000000e1f61b2cb9
000000e248c210d9
000000e2bb0adc39
000000e3642c0d99
000000e3e079c199
000000e3f1dc5619
000000e471b4f639
000000e47d6e5d59
000000e542b30199
000000e565fd1699
000000e62f210b79
000000e64a30c899
000001cdbfbd3d61
0000000000f75471
0000000000000181
000000e871038819
000000e8b3531f39
000000e8f62e3539
000000e9c3f4f339
000000eac5e08b39
000000eb9d6a0db9
000000ebc0ecb6b9
000000ebcd498399
000000ebf5306a39
000000ec2a686e79
000000eccc663db9
000000ecf3971b59
000000edbf2acbf9
000000eddc4fa0b9
000000ee0b332759
000000eea70fc259
000000eed1ede359
000000ef49b9f7b9
000001e06027fc61
0000000000f75471
0000000000000181
000000f035be7a39
000000f0bb91e439
000000f0d5873a39
000000f0f97fb1d9
000000f11f795199
000000f220665259
000000f236ecded9
000000f296220e79
000000f2b46e0cb9
000000f2c16e5779
000000f2e96a1779
000000f2f2f0da19
000000f3864779f9
000000f404f3c3b9
000000f455e0b5f9
000000f48b4e2bd9
000000f543cdb6f9
000000f601798899
000000f6e80936b9
000000f6f753ebf9
000000f740ea67d9
000000f8f5ac14f9
000000f8fb255ff9
000000f96bed6bf9
000001f30092ba61
0000000000f75471
0000000000000181
000000f98bff4bb9
000000fa59a73099
000000fb5e4d5419
000000fb8898d699
000000fb9186fc19
000000fbc3579b39
000000fc035f4df9
000000fd08b7f439
000000fd2460bc39
000000fd82d656f9
000000fdf41fcaf9
000000fe1016b419
000000fe53e88b39
000001004fd22a99
00000100a6746ed9
0000010125e03b79
000001012c069559
00000205a0fd7861
0000000000f75471
0000000000000181
00000102d8882c19
000001030c74c959
00000103680510d9
00000104733e0559
0000010580217459
0000010599941f79
00000105bc9d1879
000001064b058099
00000106b9e2c319
00000107e72e2179
0000010817e885f9
00000108255adab9
0000010826577e99
00000108667dc059
00000108864d8fb9
00000108f2d1fdf9
000001095c2eaa39
00000109675dd059
0000010a928ad999
0000010ad517e819
0000010b9f9d7b19
0000010bee117899
0000021841683661
0000000000f75471
0000000000000181
0000010ca8bfcff9
0000010ccb8181f9
0000010d154e75b9
0000010d9abb3859
0000010e993e31d9
0000010f5d1b2659
0000010fbd9430b9
0000011043470d19
0000011080ceb759
0000011118e3f559
000001118caf2299
0000011273a470d9
000001127bc5e679
000001128ed737d9
000001130b1142b9
00000113be3f8b79
00000113cc0324f9
00000114662d4559
00000115024ee219
000001150c30f919
000001151fc07559
0000011526fae6b9
000001152bd02899
00000115380aaeb9
0000022ae1d2f561
0000000000f75471
0000000000000181
00000115f1d93f79
00000116957d6e79
00000116a6f41339
00000117e7638af9
000001180598c9d9
0000011807fa15d9
000001180d7bd499
000001184017b079
00000119656ba919
0000011a0ab054f9
0000011b01323479
0000011b7e0880b9
0000011b7e08f399
0000011bdc5b7b79
0000011bf4e850d9
0000011c125ae979
0000011dc8e9eb39
0000011e6ff35899
0000023d823db361
0000000000f75471
0000000000000181
0000011ed18be159
0000011f06cee9d9
0000011fa3dc4a39
0000011ff2d53559
00000120457f8979
000001209024c659
00000120ecac32f9
000001222982d979
000001225945f499
00000122e40f88d9
000001230d47acb9
0000012392a4afb9
0000012469bfcef9
000001247c3bcbf9
000001261669ddd9
00000126d4129b39
000001272c7d5cb9
000001273072be59
00000127380f8ef9
00000127685f0df9
0000025022a87261
0000000000f75471
0000000000000181
0000012888fc7319
00000128c72dab39
00000128cc071699
000001291193a7b9
0000012946353719
0000012b1d44ea79
0000012bae8de739
0000012ccace7bd9
0000012d317a03d9
0000012e905e72b9
0000012e90ec91f9
0000012f6c290079
0000012fa8f52af9
0000012fc22cbaf9
00000130343c8359
0000013148ae2c79
00000262c3133161
0000000000f75471
0000000000000181
00000131f6edbad9
00000132730c0619
000001327485f219
000001332a0141b9
00000133aa3afe59
000001344173def9
0000013466e6cb59
000001359ebd98d9
00000135a3f09159
00000137ba449319
000001389a7c0359
00000138d9b13799
0000013936a05f59
000001399962e439
00000275637def61
0000000000f75471
0000000000000181
0000013ae4432db9
0000013b35841b79
0000013b74d75319
0000013b7f14b699
0000013cb0920a59
0000013e70f02fb9
0000013ea45ad9b9
0000013ee3317b39
0000013ee393c059
0000013ef6d9e359
0000013f6dfaca59
0000013fa029dc59
0000013fba366439
0000014087e5e9d9
000001409e045059
000001411eb52399
000001413a406b59
000001414c854579
0000014208c72f79
000001428dc94179
00000142f0a01f79
0000014358349fb9
00000143b1389df9
00000143ba0de079
0000028803e8ae61
0000000000f75471
0000000000000181
00000144019df959
00000144578a70b9
00000144ff8c67d9
0000014576129939
000001457ce51bf9
00000146ad17dfb9
00000146f84927f9
00000147fbcb4e59
00000148412a1cb9
000001484ddd2c99
000001491ff8c1d9
000001499a0d7499
00000149ec864b79
0000014a7e61a439
0000014a8b9dca59
0000014ab66b20b9
0000014b365195f9
0000014c8e0d4939
0000029aa4536d61
0000000000f75471
0000000000000181
0000014de03d4d79
0000014e51ddee59
0000014e7ceaeef9
0000014fbb08cf79
0000015071ef9339
00000150e26009d9
000001510c9b2999
000001514c620759
0000015202f19619
000001521ceb22d9
0000015361380179
000001542508cd79
00000155339c8ad9
00000155e7043d79
000002ad44be2c61
0000000000f75471
0000000000000181
00000156e15e0839
00000156ed6763b9
00000157fe45d759
000001585f3d0f99
00000158b4cbdbf9
00000158b8c78b59
00000158cd069679
000001594c181159
00000159a1361999
0000015a6bcb8a99
0000015b79790af9
0000015ba33a6fd9
0000015c16cdbb19
0000015c188b8ed9
0000015cb557e4d9
0000015d3a523099
0000015d610e6f79
0000015d9dffeff9
0000015dc1f15799
0000015ef4cd9bd9
0000015f13d2e359
0000015f3293a399
0000015f329427d9
0000015f37a4fd19
0000015f56222519
0000015f8cb42df9
0000015fae992239
0000015fcdc16f59
000002bfe528eb61
0000000000f75471
0000000000000181
0000016083ed4519
00000161ff2ff499
000001641f3ac519
00000165413cd099
000001658ba731f9
00000165b3821b19
00000167dfb0c039
00000168b18fd239
00000168c0346ff9
000001690e77a279
000001690f521e19
000002d28593aa61
0000000000f75471
0000000000000181
000001696a791d79
00000169a4e9fab9
00000169e7f047b9
0000016a3b6a0959
0000016b4768c4f9
0000016b93876fd9
0000016be5c50ef9
0000016bf5284bb9
0000016c73ef35d9
0000016c75285699
0000016cc550f039
0000016cd1f1fd79
0000016d908f03f9
0000016df5225839
0000016e174c8479
0000016e1f307039
0000016f0b05edb9
0000016f10642c79
0000016f157ca279
00000170554d2159
00000170b4202f79
0000017197e423b9
00000171a5fd3f19
000002e525fe6961
0000000000f75471
0000000000000181
00000172cfad3a39
000001732448a0d9
000001739acc6f19
000001740697f799
000001748cebe039
00000174b20d35b9
0000017505793899
00000175a2b98ef9
00000176c2834fb9
000001775418c799
0000017852a9e579
00000178ea4183d9
000001797226dd99
0000017994d39d99
0000017a14abdcf9
0000017a19437879
0000017b02244339
0000017b102b9cd9
0000017bc50043f9
000002f7c6692861
0000000000f75471
0000000000000181
0000017c9265c339
0000017c9851acd9
0000017caf8cd819
0000017d10237459
0000017d5ea35859
0000017d680a0899
0000017eca6e8899
0000017f5cafbd99
0000017f78a3ad59
0000017faa97aad9
000001809db6b4d9
00000180d99db899
00000180e6aa62f9
0000018290d2fcb9
00000182aa3fc6b9
00000182b16c6d19
00000182babac999
00000183409f53d9
000001834fe6c3b9
000001843d5a61b9
00000184d73fddd9
000001851ebf0e39
0000030a66d3e761
0000000000f75471
0000000000000181
000001864f86ac59
00000186c823d359
00000186f9dd20b9
000001870ac4eeb9
000001871e681e59
0000018747b14ab9
000001875fc29259
00000187ee5d8a39
0000018920853b39
00000189541be799
00000189cd255bb9
00000189d4be4c99
0000018a3bb43719
0000018af6eb86b9
0000018c4d8da719
0000018cc343cad9
0000018d559e20b9
0000018e2ad30839
0000031d073ea761
0000000000f75471
0000000000000181
0000018ed9a7d999
0000018f18fab6f9
0000018f27beaad9
0000019037dd7519
000001904160b619
000001911d3e4a39
000001914eff00f9
0000019251d6bf99
0000019329bfc2f9
00000193b9597d19
000001940329feb9
000001943fa5d6d9
00000194acbf33d9
00000195a00651f9
000001962af600b9
00000196886c8df9
00000196f5e31579
000001979e6c26d9
0000032fa7a96661
0000000000f75471
0000000000000181
00000198c4bcaed9
00000198da778e99
00000198e3597059
000001992732e9f9
00000199287e9959
000001992a5cf9d9
0000019955e50979
0000019a7cd3a9f9
0000019a7d933919
0000019a835989f9
0000019b3678a739
0000019c4f780259
0000019ce72b6a99
0000019d3c1e92b9
0000019f6b123ef9
0000019f8b3f06d9
0000019fb6c08699
000001a035ecc379
0000034248142561
0000000000f75471
0000000000000181
000001a1ac2b2ab9
000001a1ec27c579
000001a25f87c5d9
000001a2bc9d37f9
000001a2c054ab59
000001a3f8bca759
000001a407e11139
000001a456cdd279
000001a487db0839
000001a51e85d659
000001a5eef59039
000001a5fed9d819
000001a628c6afd9
000001a6cf415f59
000001a71f1f5a79
000001a736d01039
000001a7971b9519
000001a7c60eaf19
000001a803d87499
000001a841665e39
000001a915540759
000001a9c3e07379
000001a9e49becf9
00000354e87ee561
0000000000f75471
0000000000000181
000001ac41df28b9
000001acf121c1d9
000001ad316ae939
000001ae027e7ef9
000001aef2185439
000001aff4c21e59
000001b02cf12cd9
000001b04a8c1379
000001b088942b39
000001b108df8db9
000001b1dd52ef79
000001b1fae31179
000001b226ff0d19
000001b248a5d679
000001b271ace1b9
000001b280078079
000001b2f6a3bfb9
0000036788e9a461
0000000000f75471
0000000000000181
000001b589c759b9
000001b5955fb1f9
000001b71b959619
000001b7551444d9
000001b84bb26979
000001b97fc585f9
000001b9f13b7c59
000001ba0eee5a19
000001ba17c62739
000001baff3cb4d9
000001bc2b27cff9
000001bc6f2c5bf9
000001bc82447559
000001bcbf8f7a79
0000037a29546461
0000000000f75471
0000000000000181
000001bd2b148359
000001bf150a6bd9
000001bf7285b579
000001c00d885b19
000001c01f202339
000001c06b9c9479
000001c0f011fc39
000001c108bc83d9
000001c1c546a0b9
000001c24a8b9879
000001c25a100139
000001c266cdf119
000001c2abb7b379
000001c31d482fb9
000001c330bd8af9
000001c3f806e919
000001c4216d8a79
000001c4493d9259
000001c4fa484f79
000001c5f87ee999
000001c60bbe3ff9
0000038cc9bf2461
0000000000f75471
0000000000000181
000001c6bbf85b79
000001c702a094d9
000001c713304ad9
000001c7274f54b9
000001c7968f48b9
000001c7ce7342d9
000001c8d1de0a19
000001c8e0b3cc79
000001c8fe1d8899
000001c90f90c3b9
000001c92d6f5e79
000001ca9e207bd9
000001caa4a17319
000001cadeb90eb9
000001cb0b93f999
000001cb0fe5c279
000001cb5a58a199
000001cb91822579
000001ccee7b3a79
000001cd200f77d9
000001cd296fe239
000001cd926fd179
000001ce27966839
000001ce35711bb9
000001cef6f2a379
000001cef9900519
000001cf7200b879
000001cf8c153d39
0000039f6a29e461
0000000000f75471
0000000000000181
000001d007c56bd9
000001d0f3b80999
000001d0ff66bb39
000001d141a72f19
000001d375462319
000001d3d3b66479
000001d48e31d8d9
000001d4abc2d1d9
000001d4ea2e19f9
000001d52d64f919
000001d6f01f76b9
000001d7fa6e8c79
000001d8659fcb19
000001d88cfc6df9
000003b20a94a361
0000000000f75471
0000000000000181
000001d95e863419
000001d98d29f159
000001d9a0153d59
000001d9eac56199
000001da89cb1b19
000001db616bd259
000001dbc636ac99
000001dbe6bfde99
000001dc05a88439
000001dc35cf3779
000001dc726becd9
000001dd023acb59
000001ddaf486219
000001dddfe1c959
000001de3b5f1679
000001de9a7418d9
000001deb578d199
000001debcc2d7b9
000001dffa630879
000001e04f54e779
000001e1696bb099
000003c4aaff6361
0000000000f75471
0000000000000181
000001e2b4684ab9
000001e2ef5e1b19
000001e32f329c19
000001e400d49159
000001e4783b1279
000001e4fbc36b39
000001e55d939ab9
000001e609f0c299
000001e631e7f639
000001e6c8426db9
000001e7aad8ad39
000001e7f38ca679
000001e89aabbe79
000001e92db25eb9
000001e96e929e39
000001ea043318f9
000001eba0eb62f9
000003d74b6a2361
0000000000f75471
0000000000000181
000001ec9b7c7f99
000001ecb0bceab9
000001ece759cd79
000001ecee92caf9
000001ed3497f499
000001ed8a1e2939
000001ed90ab5d39
000001edc09d33b9
000001ee4d987279
000001ee6dbbcbd9
000001ef40507979
000001f03d6448b9
000001f0765f84b9
000001f099a2d999
000001f15202c1f9
000001f257913b59
000001f2691df379
000001f2cb2a8439
000001f35dd06519
000001f38e72cfd9
000001f460097539
000003e9ebd4e361
0000000000f75471
0000000000000181
000001f4faf0c079
000001f587b08a19
000001f59c0829d9
000001f6431fac19
000001f6475ce139
000001f66fdb4679
000001f68ce8c899
000001f835eaa419
000001f885186c99
000001f8d25b28d9
000001fa799eb7f9
000001fac5fc4239
000001fb0581f6d9
000001fb2bbe5639
000001fb9d115319
000001fcacc323f9
000001fe3b4ccc39
000003fc8c3fa361
0000000000f75471
0000000000000181
000001fe92c52499
000001febd24a859
000001ff393f2959
000001fff2324cd9
000001fffcd70bb9
00000200d33a4cb9
00000201c27b6579
0000020229cdaab9
0000020229e58579
00000202fc0fc539
00000202ff6c8b79
000002032fbfbe59
00000203c402b4f9
00000204081c0499
0000020427110ad9
0000020478749ff9
00000206d86c6eb9
0000020743713af9
000002076bf83139
0000040f2caa6461
0000000000f75471
0000000000000181
00000207ea4e3579
00000208f71f16f9
0000020969af3a79
000002099602a2f9
00000209b8b78db9
0000020aa3471199
0000020ac4d33cd9
0000020b106a5b39
0000020b3b037ef9
0000020bd1133d59
0000020c2b253979
0000020caedceab9
0000020cc644f9b9
0000020e954e31d9
0000020f23634a19
0000020f72cab739
000002105175cab9
00000210bba405f9
00000210be49b0f9
00000421cd152461
0000000000f75471
0000000000000181
00000210ed5aa379
000002115dc7f0f9
0000021163e0d2f9
0000021229615799
0000021255494a59
00000213d0f8c439
00000213e91f8599
00000214b181b1b9
00000215d3ffc9d9
000002161b9213d9
0000021634b39d39
00000216c49137b9
00000216ca11d659
0000021703429eb9
000002173ee84ed9
00000218ce0ac499
000002194a84bef9
000002195ab06279
00000219adf42279
000004346d7fe461
0000000000f75471
0000000000000181
0000021a762ac759
0000021be5811e79
0000021c2226d219
0000021d06a5c4f9
0000021d5d817539
0000021d61d101b9
0000021d8f15a319
0000021eca6925f9
0000021eca694199
0000021eebd5ced9
0000021f3f4dee19
0000021f626ca6d9
0000021fc95e0139
000002219a1f5279
00000221dbb07ed9
0000022219799c39
000002221fb008d9
00000222280e67d9
00000222a3d61539
00000222fdf9f579
0000022317edadf9
000002232c86aaf9
000002236016c679
000002236555b879
00000223864d22b9
000004470deaa561
0000000000f75471
0000000000000181
0000022426443879
000002245808ded9
0000022596aafbd9
00000225d06252d9
0000022652da4759
000002265debb9f9
0000022726b7d3f9
0000022726b7ecd9
00000227f9424d39
000002297d1ca459
000002297e4e56f9
0000022a860cbef9
0000022b310841f9
0000022b9e713939
0000022c1b243559
0000022c55aa3bf9
0000022caa5a0a19
0000022cbbbd57b9
00000459ae556561
0000000000f75471
0000000000000181
0000022e325c3b39
000002312e99a6f9
000002315b08c719
0000023202b3b1b9
000002322724a939
000002338b64bd39
0000023403e694d9
00000234d1b89a59
000002355d58e479
00000235613534f9
0000023569aa44b9
000002357cbb4699
00000235f4e20859
000002360fcc3579
0000046c4ec02661
0000000000f75471
0000000000000181
000002366fe8bd19
00000237308e2af9
0000023750b5dbb9
00000238600891d9
0000023869082179
000002395d75b699
000002396b943299
0000023ad4e5cff9
0000023aeac05839
0000023c1767b939
0000023c3e884d79
0000023daf5d71d9
0000023dd5492599
0000023ed53e3cb9
0000023f19fcfc19
0000023f74b848d9
0000047eef2ae761
0000000000f75471
0000000000000181
0000023fc65a3f99
0000023fe3264539
00000240623247d9
00000240b426b939
00000240bd775719
00000240c706aab9
00000240cf036479
000002421deab0d9
000002424fad16d9
0000024270eb95b9
00000242c4c47c79
00000243d1f4f6d9
0000024402198bb9
000002446ef50859
00000244828a7f59
000002449eb96f59
00000244ce9ec5d9
0000024532028919
000002457c680619
000002459eca5c59
00000245ca82a999
000002460f1c0639
0000024637593c99
0000024674ae69b9
00000246ae11ee79
00000246d2f46a19
0000024776060c79
0000024797f138f9
00000247a2e1e7d9
00000247c4459999
000004918f95a761
0000000000f75471
0000000000000181
00000248e60771d9
00000249343d23b9
00000249bf183319
00000249dd079ad9
00000249e2024859
0000024a422a2439
0000024ba6b4ad19
0000024bdfadd5f9
0000024c484020b9
0000024c48403699
0000024c5b3046f9
0000024c6ec3c839
0000024ce2cf6db9
0000024cfb1c8b59
0000024e1eb34099
0000024e88851859
0000024eacbdf7d9
0000024f27c0a339
0000024fd5176319
0000024fea4ab019
000002501646ca99
000002506f419a99
00000250afe2a739
00000250b2fc73f9
00000250f76ca4d9
000002514c435ff9
000004a430006861
0000000000f75471
0000000000000181
000002523aa82c59
00000252bb9a2219
00000252e8e959f9
000002532d578d99
0000025370a19039
000002556f5d6ed9
00000255fd50d199
0000025608760999
0000025654796939
000002567605f779
0000025742182af9
000002574bcbd279
00000257572ec9b9
000002577c50cbd9
000002578addb959
00000257b9d9bf19
00000257c74a9839
00000257fffc8a79
000002583477f2b9
00000258fc6a9f59
0000025926d1fe39
0000025973170d39
0000025a0a15c8b9
0000025a13a65999
0000025b15bf2419
0000025b4b81b979
000004b6d06b2961
0000000000f75471
0000000000000181
0000025c8687b099
0000025e0db92019
0000025e11b47699
0000025e929195d9
0000025e9f5bc699
0000025efd6533f9
0000025f79815419
000002601274c259
000002609f9ae619
00000260d30f6fb9
0000026173314fb9
00000261ddf8dd19
0000026298289179
00000262f7c405d9
000002633fd05eb9
00000263619c1c59
00000263cdbf2459
0000026422a41259
0000026472c9c879
000002648729ea79
00000264b654fed9
000004c970d5ea61
0000000000f75471
0000000000000181
00000264c85341f9
0000026567309c99
0000026652d92239
000002667affc199
00000266cb7c1719
000002676ae43d39
000002686c4d06d9
000002691003fab9
00000269a41a19b9
0000026a92596dd9
0000026b29f8a7f9
0000026b59200e19
0000026b5e5752b9
0000026c3197bcd9
0000026c91e50b19
0000026d05e03939
0000026d66e0a5d9
0000026d927f15d9
000004dc1140ab61
0000000000f75471
0000000000000181
0000026e704e36b9
0000026f47912099
0000026f938a2419
0000026f98657239
0000026fa2aea8b9
000002708e3e61b9
0000027130e5e1d9
0000027281345939
00000272f721b159
00000273f54bbc99
000002743e871d39
000002744516eeb9
0000027479ac34f9
00000274aaf131b9
0000027595183c19
00000275a3055939
000004eeb1ab6c61
0000000000f75471
0000000000000181
000002782a423199
000002786ab444f9
000002791128ffb9
0000027991ff7059
0000027cb208e499
0000027e443109f9
0000027ec81c5019
0000050152162d61
0000000000f75471
0000000000000181
000002811d72e399
000002813a91cf19
000002813c89c739
00000281de927999
000002830c954bb9
00000283bb0db819
00000283ce604f19
00000284131b2bf9
000002850ea334b9
000002853f372339
00000285b202d8b9
000002860c223c19
000002864f58bcb9
000002868b69b099
000002875ec41bb9
00000288ae5eeaf9
0000028949af73f9
000002896f72d139
00000513f280ee61
0000000000f75471
0000000000000181
0000028a03b27679
0000028a37469999
0000028a9053c459
0000028a94ab68d9
0000028abd4ba899
0000028b6e800999
0000028c4cb18059
0000028cc83ebcb9
0000028cdb5915f9
0000028d89911ef9
0000028d983d8619
0000028e2c318a19
0000028e6a9ba799
0000028e83bec879
0000028e9d3dfa99
0000028f8d9afbb9
0000028fbc46de79
0000029128d95cb9
0000052692ebb061
0000000000f75471
0000000000000181
00000293683aebb9
00000294293bc739
00000295cb5347b9
0000029612a4d1b9
0000029667e31779
000002968ef04519
000002972f5ca919
00000297e09f9c79
000002988db35339
00000298a459d2f9
0000029900896f59
0000029984a53939
0000029985f3c719
00000299e88298f9
00000299fe5570b9
0000029a3c50f899
0000029a68c625f9
0000029a83a87259
0000029aaf8b82f9
0000029abf779f99
0000029adbf17379
0000029b0df1d1f9
0000029baecb76f9
0000029c37d6c499
0000053933567161
0000000000f75471
0000000000000181
0000029cade886d9
0000029d8e0c23f9
0000029d9820b859
0000029db0060999
0000029dfd99d479
0000029e308703f9
0000029f10870799
0000029fd0725b59
000002a1869cd159
000002a1a10dabb9
000002a20f314159
000002a32c4016d9
000002a3343f9899
000002a3bd42fd79
000002a490475e59
000002a56f320bb9
0000054bd3c13261
0000000000f75471
0000000000000181
000002a635730759
000002a674307f39
000002a6df093919
000002a760896df9
000002a87dd6f259
000002a8b4b53c19
000002a9e5d7a619
000002a9e6092339
000002aabcb61d99
000002ad38a75cf9
000002ad4acc42d9
000002ad635bde59
000002af1729e459
0000055e742bf461
0000000000f75471
0000000000000181
000002af55021259
000002af6e0e0f39
000002afe48ec7d9
000002b034298139
000002b04559f639
000002b0ae86ceb9
000002b0c0208bf9
000002b14e286bd9
000002b167c20699
000002b27ea58d79
000002b3705fcd19
000002b37df94159
000002b388507419
000002b4150a79f9
000002b463d75f39
000002b4fda84279
000002b51c243859
000002b65a8cff79
000002b6a0e307b9
000002b7d922c439
000002b81cc29619
000002b852b76999
000002b876ede879
000005711496b661
0000000000f75471
0000000000000181
000002b90d83d1f9
000002ba541e2399
000002badef6f219
000002bae5e08f19
000002bb35f29e19
000002bb5fb8fe39
000002bbbfcfb739
000002bd713f2599
000002be1f51cdd9
000002be4bdb6e59
000002be7b04d239
000002bed64acf99
000002bf7aa67d79
000002bfc05b24f9
000002bff63bb799
000002c00c6f5479
000002c018dafd59
000002c044b671f9
000002c0d7064659
000002c0e8ace559
000002c131b197b9
000002c13b05e199
000002c15a007679
00000583b5017761
0000000000f75471
0000000000000181
000002c24d7050d9
000002c29dbada99
000002c3380e4919
000002c35971b8f9
000002c43f6bb5d9
000002c462540d59
000002c4c1e93e59
000002c6496e0bb9
000002c64ffc4259
000002c7686ccc39
000002c78bd263d9
000002c83ae0cf99
000002c90ce2fe59
000002c93cd011f9
000002c94c385099
000002c9876fc4d9
000002ca55a0af79
000002ca67a55c39
000002caf6fc1059
00000596556c3961
0000000000f75471
0000000000000181
000002cb5fa22319
000002cc04b45b19
000002cd2a4ee639
000002cdc7ce68f9
000002ceff850419
000002d07c79daf9
000002d0d7b85bb9
000002d0e6b27c19
000002d123d286f9
000002d14eddf199
000002d1917fbfb9
000002d2ae765df9
000002d2d66cf0d9
000002d34d299dd9
000002d36a4d3c19
000005a8f5d6fb61
0000000000f75471
0000000000000181
000002d51d4c4ff9
000002d5c2790a19
000002d693ef49d9
000002d6a56e21f9
000002d7519510d9
000002d80425a799
000002d895102b79
000002d98b45a639
000002d9db7a8af9
000002da62037719
000002dab4b8ab39
000002db3a221f79
000002dbea19dab9
000002dc2a3b07d9
000002dc5647fa39
000002dc5647fbf9
000002dc5cf44899
000002dc88f080b9
000002dcb7f35079
000002dcb80e3059
000002ddc289f8b9
000005bb9641bd61
0000000000f75471
0000000000000181
000002de97ac41d9
000002de9c22cd19
000002dee7c60179
000002def7c02659
000002e079e21359
000002e163a77899
000002e30bd0d1b9
000002e368c6beb9
000002e580ee18d9
000002e63e39d919
000002e6416876f9
000002e6d62ea019
000005ce36ac7f61
0000000000f75471
0000000000000181
000002e77c0392d9
000002e7b3dd9bf9
000002e8240eb119
000002e907b30859
000002ea0a99e619
000002ea3cdc14b9
000002eb040dc799
000002eb6f02caf9
000002eba26214f9
000002ebf2b78b19
000002ebfb86f679
000002ecf9ce6c59
000002ed56086c39
000002eda0994c99
000002ee3e8079b9
000002eed459b4f9
000002eefe788199
000002ef2a4a7ed9
000002efc9bbfb19
000002efe7dcd8b9
000002eff7cfb279
000005e0d7174161
0000000000f75471
0000000000000181
000002f07def15d9
000002f0f7007359
000002f2173cb859
000002f403667759
000002f4b97e6739
000002f53b565dd9
000002f5cdc7b659
000002f67d3ee959
000002f734afbf79
000002f74919a4f9
000002f94abd0039
000002f94abd0699
000002f985ab6cb9
000005f377820361
0000000000f75471
0000000000000181
000002f9c52418d9
000002fa2a2ea539
000002fa7e110939
000002fa7e953b59
000002fa993fde19
000002fae6792bf9
000002fb3724e479
000002fb3a5963b9
000002fc0b0ec4d9
000002fc0d377b79
000002fc40a2aa79
000002fc45b9c4d9
000002fc62528379
000002fcd857cc19
000002fd2c0f0559
000002fd309f4559
000002fd961fe7f9
000002fdced90779
000002fea7bb2799
000002feb164ac59
000002fee260c5b9
000002ff101dffd9
000002ff71faa339
000002ff87d30b99
0000030029304e99
00000300459f0df9
00000300fd003339
000003010d85b5d9
0000030205727279
00000302d73a8b79
00000302fd97f4f9
0000060617ecc561
0000000000f75471
0000000000000181
000003039910ad99
00000303d30b3a59
000003047e354e79
00000304d75e3999
00000305e4a77b39
00000306246f3ef9
000003063ab33259
00000306a80beb39
00000307077105b9
00000307761ff399
00000307ab2d1ab9
00000308a1456b39
00000309f1b623d9
0000030a17e48479
0000030aa0787999
0000030aa8e08d19
0000030ab5f87fb9
0000030ad6648199
0000030ae7a88a59
0000030b208b7f59
0000030bceafdc99
0000030c325e2539
00000618b8578761
0000000000f75471
0000000000000181
0000030ca3879db9
0000030d3902a239
0000030e029a0fb9
0000030e7b058fb9
0000030f6518f719
0000030fc2667099
000003104337a079
000003115299f339
00000311f8a63459
0000031272d7af59
00000312bea1dd19
0000031320e7fdb9
0000031378cf5079
000003144100f5f9
000003155102cc19
0000062b58c24a61
0000000000f75471
0000000000000181
000003162aacfc19
000003170e7972d9
00000317539c66b9
000003177df58bd9
00000318064030f9
0000031821fb4879
0000031893e489d9
000003193e525639
00000319753c8779
0000031a8d92e519
0000031acb5d0df9
0000031b3224d2b9
0000031b3f6d2379
0000031b73dad699
0000031c2c26ff59
0000031daec91539
0000031dc11e12d9
0000031e093af599
0000031e3ce82419
0000031e7bf71f59
0000031ed795f679
0000031ef6511699
0000063df92d0c61
0000000000f75471
0000000000000181
0000031f06e33619
0000031f164fc2d9
0000031fb09267b9
0000031fdc3b9d19
00000320b8f24bd9
00000320fde46c19
0000032162f4d299
00000321698d2c39
00000321d9d8f7b9
00000321d9d8fbd9
000003224c056b19
0000032291929dd9
0000032299c29739
00000322a77ffcd9
00000322b7669259
00000322dac9fdf9
00000322f6304c19
00000323f4479639
0000032439dc8919
000003255682e759
00000325d0fcd3b9
000003267a046ef9
000003267b182519
00000326dd218d39
00000327e071b7d9
000006509997cf61
0000000000f75471
0000000000000181
000003286d504079
0000032873155af9
00000328f4448e39
0000032945c84b99
00000329cf4e24d9
00000329ff696459
0000032abc27ad59
0000032b2b59f4d9
0000032bb26724d9
0000032bf6fa1499
0000032c0dd5dc99
0000032c22ce2439
0000032d19ed0499
0000032d56145ad9
0000032d711bffb9
0000032dc6791a79
0000032dfa6a31b9
0000032f287cf959
0000032f48a8a279
0000032fd67258d9
000003306f6daa39
00000330d7470db9
00000330f1b69979
000003315c634db9
000006633a029161
0000000000f75471
0000000000000181
00000331eb3158b9
0000033241114cd9
000003330de340b9
00000333b89d5999
00000334288f6179
000003343d5c0f59
000003345f654559
00000334bcd07619
0000033527769499
000003356e063d59
00000335c9013c19
000003368c2331d9
00000336b57f48b9
00000336e80a6059
00000337076a9d39
0000033756420119
0000033794614ab9
00000337b06e64b9
00000337dee1abd9
00000337e9553019
00000337f9b435f9
0000033849e407b9
000003388b938499
000003399d51c559
0000033a399014f9
0000033a93eb6059
0000033adb77c4b9
00000675da6d5461
0000000000f75471
0000000000000181
0000033af44efab9
0000033b6f46fb59
0000033b96105f19
0000033c2ec045f9
0000033c45e021d9
0000033cb26f2539
0000033cddba3479
0000033dca270239
0000033e1c57d2f9
0000033e3edc9959
0000033eeb50a4f9
0000033f1d1531b9
0000033f6ba8dcf9
0000033f99fde919
00000340d39c2939
0000034193f7b3b9
00000341e13722d9
000003423cfdc699
000003439d94f039
000006887ad81661
0000000000f75471
0000000000000181
00000344d9a76959
000003466dac9359
00000346a71f59d9
00000346f10afbd9
0000034730f656f9
0000034733788a59
00000347cf141379
000003483f3b9dd9
0000034864e151f9
00000348ffa35ed9
0000034902c02519
00000349b6e9ce99
00000349d0d04bf9
0000034a0c1669d9
0000034a1f5b0c99
0000034af85a3979
0000034b616d4839
0000034c4e576e19
0000034cb592e779
0000034cd5300719
0000034cd9a9d5d9
0000034d1a3e8339
0000034d1e6864d9
0000034d4651fc19
0000069b1b42d961
0000000000f75471
0000000000000181
0000034dd2579e59
0000034e5a4fe9b9
0000034e72d92079
0000034eccde7959
0000034f22455a99
0000034f6dd97279
0000034fa924e7d9
0000034fce665639
0000035014a12fd9
000003514dc6d999
000003516cbca439
0000035195648bd9
00000351c0ac1419
0000035262eee059
00000352bbfa3d19
00000352cc0c6e39
0000035347d1be99
00000353a22d3459
00000354c0a6ead9
00000354ff0f1439
00000355b020e239
000003566497cef9
000003566dc5a6f9
000006adbbad9c61
0000000000f75471
0000000000000181
00000356f460b1f9
000003571249b979
00000357b3af6f99
00000357cbe03d99
000003580fd7dfd9
000003588d3356b9
0000035a1ae7d6b9
0000035a54de0739
0000035a6390f219
0000035ae7f86559
0000035b3ee53719
0000035bedbc00f9
0000035befa57a59
0000035c0bb304d9
0000035d05fc9579
0000035d4c3a5bf9
0000035d6b4b0c39
0000035de437dd59
0000035def7e1f19
0000035e375e3699
0000035ed44b9119
0000035f993c1c79
000006c05c185f61
0000000000f75471
0000000000000181
000003606cac06d9
0000036087b15059
000003610ef24b99
00000362bcf8d739
00000364ef6ff959
00000364fbd26759
000003650bdb9459
000003652b3b03f9
000003652e0a0339
0000036597a8e519
000003661a2aced9
0000036719d77659
000003678db61c79
000003682d1fb079
0000036975a138f9
000006d2fc832261
0000000000f75471
0000000000000181
00000369e3f67a19
0000036a3b67a4b9
0000036a77425eb9
0000036adcf27599
0000036b357749b9
0000036b36b32439
0000036babe23b99
0000036be33b6d59
0000036bf4589679
0000036c83be1d59
0000036cace303f9
0000036d989791b9
0000036daa9660b9
0000036dc3238519
0000036dd19dca79
0000036ecbbd9cb9
0000036f2d5aaef9
0000036f8ff12e59
0000036fd2fb1919
000003708a9613b9
000003716f473e79
000003719ca64b39
00000371f68f5399
00000371fc5ad159
000003726bc8a419
00000372cd0c1bf9
000006e59cede561
0000000000f75471
0000000000000181
0000037373a8c319
00000373a92c7519
00000374c5311879
00000375045cb2b9
0000037510269ab9
00000375320d6ff9
000003754ac2aa99
00000375595caed9
00000376b4fb3f59
00000376c0cfe4b9
0000037720de3b99
00000377b68c44f9
00000377b68c4579
00000378116d0599
00000378550e5ab9
000003790f19a039
00000379838502d9
00000379a959e6b9
00000379ccaf4279
0000037b4e2fdcf9
0000037b9e837e99
0000037bfc7efa59
000006f83d58a861
0000000000f75471
0000000000000181
0000037c62820c59
0000037cbb5c4519
0000037d57d22199
0000037dc69adc99
0000037e1f9dc6f9
0000037edef708f9
0000037ef1e10479
0000037fe74594b9
0000037fee17deb9
00000380cd445599
000003812fdf68d9
0000038143b82b79
0000038270af4559
00000382b84f31f9
00000382fd8b0059
000003839e584c99
000003852433a319
0000070addc36b61
0000000000f75471
0000000000000181
0000038590000f79
00000385b2faee19
00000385c9804779
00000386122296f9
0000038675e34259
00000386ce135739
000003872308c899
000003877412ccd9
00000387b6af2579
0000038813ba9f59
0000038855c271b9
0000038879aef899
0000038a127aa419
0000038b36565739
0000038c6f51aab9
0000038c9b7b0c79
0000071d7e2e2e61
0000000000f75471
0000000000000181
0000039023b39a79
0000039047190659
00000390f5bec799
000003912a696399
00000391430eb339
0000039206535979
00000392a0e3b5b9
0000039375ffc419
00000394b94f75b9
00000394bf79f919
00000394f88999f9
000003952a59cfb9
0000039649c58259
000003969dedfab9
00000396b5de9479
00000397c3c66959
0000039809432b59
000007301e98f261
0000000000f75471
0000000000000181
000003987e2035d9
00000398ec11cd59
00000399ac7b6d59
0000039a5e796c79
0000039a5f6c85f9
0000039af3625719
0000039b25a18379
0000039b80fdb2f9
0000039c5c63c779
0000039c9385ab59
0000039d765a9e79
0000039ea4953219
0000039f71f534b9
0000039fbd848879
000003a0711a46d9
000003a0b8d011b9
00000742bf03b561
0000000000f75471
0000000000000181
000003a181931759
000003a1ae711659
000003a26614d119
000003a26758acf9
000003a2cf441d79
000003a2d36a9499
000003a3c422a2d9
000003a3d6beec99
000003a3e4dda379
000003a466305739
000003a4d1b09379
000003a4f377ea19
000003a501aebbd9
000003a5268a0e99
000003a57dd1d839
000003a5f3b1da39
000003a703619a99
000003a7a6619ff9
000003a7c2487a79
000003a7cf679839
000003a7ffd31319
000003a92e989dd9
000003a93bf977d9
000003a93e86ced9
000003a9ca9f3119
000003aa157e9fd9
000003aa1cbfa7d9
000003aa1d7a37b9
000003aa34dfc699
000003aa62478ab9
000003aa63d3e0b9
000003aa9af66e59
000007555f6e7861
0000000000f75471
0000000000000181
000003aada519619
000003ab3d6953d9
000003ab9aad7d19
000003aba9bd46b9
000003ac23d45879
000003acf1106bd9
000003acfecc81b9
000003ada08fe2b9
000003add4c47979
000003ae3fcf6b39
000003aec841f599
000003af20ed3df9
000003afdd6ef139
000003b00eee54f9
000003b05b8ebef9
000003b0d57b8879
000003b0e6ffa3d9
000003b361f4f579
000003b385c1dbf9
00000767ffd93c61
0000000000f75471
0000000000000181
000003b3ffaa2d39
000003b4ba6fbbf9
000003b4f9a49599
000003b523967659
000003b588d4e259
000003b6078925f9
000003b607892819
000003b6589c4959
000003b76d6227f9
000003b76e648a59
000003b8035b80f9
000003b80dd72f39
000003b82d84aa99
000003b8f8920c19
000003b981d0df59
000003b9f05113f9
000003ba0f8262d9
000003bac855f039
000003bacf812619
000003bb3f047179
000003bb887d18d9
000003bbbf7f1e39
000003bbe4e81b39
000003bca46fd519
000003bd134ba999
0000077aa0440061
0000000000f75471
0000000000000181
000003bddb74eb79
000003be2d90d399
000003bf60da2f79
000003bfb8d7c9f9
000003c027444c39
000003c0c1a00b39
000003c1287b5d99
000003c13fbc0739
000003c197229199
000003c1cddbe7f9
000003c273e91939
000003c33a6e5819
000003c38d243479
000003c3a3130779
000003c3a5441e59
000003c404ec4f59
000003c43b9d0679
000003c460747899
000003c476852279
000003c5d99c9fb9
000003c68eab4e99
0000078d40aec361
0000000000f75471
0000000000000181
000003c6a1d494f9
000003c6f743f079
000003c79086ed39
000003c793545759
000003c7a1225239
000003c7d55f1fd9
000003c846cb7cd9
000003c8794ccff9
000003c8c6a7ce99
000003cb26893a59
000003cb30c42379
000003cbd8e4d479
000003cc05ea7099
000003cc05ea7119
000003cc10e6bf99
000003cc4cb92579
000003cd4dff2eb9
000003cd62a64a19
000003cdaec6b579
000003cdfad39fb9
000003ce4dc2e2f9
000003ce8ac1ad39
000003cea8847a39
000003cee0804399
000003cf24a1a019
0000079fe1198761
0000000000f75471
0000000000000181
000003d0277fb679
000003d33e817f59
000003d376423999
000003d37c9e5359
000003d39b124b79
000003d3d2e37579
000003d3d5821799
000003d5b998f7b9
000003d63d3355b9
000003d65f907af9
000003d6d8b8c079
000003d73ad48bf9
000003d777dc1159
000003d7a1a0a5d9
000003d7adde13b9
000003d8eb9d4959
000003d93cf8f579
000007b281844b61
0000000000f75471
0000000000000181
000003d96ad175d9
000003d99183e659
000003d998262d39
000003d9b8e98fd9
000003da07746fd9
000003dac93d75f9
000003dbd722e799
000003dc1305b599
000003dcd893cdf9
000003de1aef9299
000003deee69dbd9
000003df6bc47299
000003dfc8634ff9
000003e10c8e0259
000003e138b2e119
000003e20db3f579
000007c521ef0f61
0000000000f75471
0000000000000181
000003e296ba4979
000003e3bb24b699
000003e3d36c5639
000003e3ee2c02d9
000003e4cc8b6399
000003e548d30b59
000003e615db9a79
000003e669fb8e79
000003e78b956bd9
000003e8e25236f9
000003e933c9e0f9
000003e9fdfd0259
000003ea42ca5d99
000003ea543fe839
000003ea8088a7f9
000003eabcc76719
000003eaeb22a3b9
000003eaee18b459
000003eaf7793eb9
000003eb0cc78459
000003eb41f9e8f9
000003eb834c21b9
000003ebab054bd9
000007d7c259d361
0000000000f75471
0000000000000181
000003ec7dcc7839
000003ecb3dfd059
000003ed65789219
000003ede52bf0d9
000003f036223019
000003f0441ae6d9
000003f09a9c0399
000003f159a55cf9
000003f1728e0bf9
000003f1d489a599
000003f23a55bab9
000003f3aa4b1ab9
000003f3ae7b2c19
000007ea62c49761
0000000000f75471
0000000000000181
000003f5816a65b9
000003f677593019
000003f7625bcaf9
000003f827ddb7d9
000003f912207599
000003f9dccec9d9
000003facbea78d9
000003fb402f1699
000003fb778ebb39
000003fc619016d9
000003fd957d4919
000003fdd7720e19
000003fe08ba3e19
000003fe704a5919
000007fd032f5b61
0000000000f75471
0000000000000181
000003fea199a3b9
000003ff68b66a79
000003ffe514b919
000003ffeeddae99
00000400731d77b9
000004011f44be79
000004015bfdbf79
00000401ccfdc9b9
00000401f5c4be79
00000401f91cd699
000004034c8ca839
000004034f478d39
00000403d401f859
0000040436634c79
00000405a3f519d9
00000406168f3479
00000406d18fc0d9
00000406e972c3f9
000004072e955af9
0000040733658cd9
000004075bdbce79
0000080fa39a1f61
0000000000f75471
0000000000000181
000004087e58bd79
00000408b44d8c99
00000408b4e75379
00000408f595bc79
00000409374a39d9
000004094ab99859
0000040a3b049e79
0000040a6224d299
0000040b2c6b97f9
0000040b3c42cbd9
0000040b61c96eb9
0000040b806479b9
0000040bc914b9d9
0000040c7d28c779
0000040d8a602099
0000040e4df65fb9
0000040e50d639b9
0000040f8a2d7639
0000040fd1cb36b9
0000040fd542d0d9
00000410f30d4559
000008224404e461
0000000000f75471
0000000000000181
00000411c5d987f9
0000041280b1beb9
000004139866fbf9
00000413a632db19
00000414bc8dbf59
00000414f0ac5a39
000004162b356a59
00000416b0a46db9
00000416dfd68bd9
00000416ee405619
00000417778ed2f9
00000417c9bbd4b9
00000417fa313a39
0000041811ddd739
000004181d77df19
000004188a4fe059
00000418b979c159
000004193d88b419
0000041995826159
00000419e2bc6d19
0000041a462b8f99
00000834e46fa861
0000000000f75471
0000000000000181
0000041abffee1b9
0000041b55f967f9
0000041bcd262119
0000041c229c8299
0000041c633f8739
0000041c6c80c7d9
0000041dbac337d9
0000041e95142099
0000041edac659f9
0000041ee90ebff9
0000041efd62af99
0000042052cd4859
000004205d626159
000004209bc44959
00000420a83055f9
0000042182932c39
00000422a6ca9f39
00000422b9154dd9
000004239ffd90d9
0000084784da6c61
0000000000f75471
0000000000000181
000004250475e139
00000425a8c278d9
00000425cf56f3b9
0000042698967339
00000427117122f9
000004286ce665b9
00000428a16b1d39
00000428acd121d9
000004290389cb19
00000429b0a12499
0000042a0a3a11b9
0000042a1f1c0599
0000042a9615e739
0000042ac9208199
0000042affd475f9
0000042b3c1442b9
0000042b6896af79
0000042babadf659
0000042c08ec0419
0000085a25453161
0000000000f75471
0000000000000181
0000042d71f8bc39
0000042e6def6779
0000042f1b74af59
0000042f56b2d579
0000042f619e3e99
00000430d0d8a6b9
00000430e508a399
00000431af8b8619
00000431b28a9859
00000431bb5eb4d9
00000432ccdb80d9
000004339967e099
00000433a7c169b9
0000043417cef6d9
0000043469931479
00000434a302dc19
000004355cbda839
00000435d45f1b19
0000086cc5aff561
0000000000f75471
0000000000000181
000004368b41abb9
00000437a9437cf9
00000439947d0e99
00000439c903e479
0000043a0cfe4679
0000043a680f2bf9
0000043a8f778d99
0000043a96fe73b9
0000043ab4f07bd9
0000043ab82242b9
0000043b403e45b9
0000043b728adbb9
0000043c011cd939
0000043c295d32b9
0000043dbbc23439
0000043dd007e119
0000043e1c70ea79
0000043e84fc7d59
0000043e84fc91f9
0000043f5bfe8e79
0000087f661aba61
0000000000f75471
0000000000000181
00000440c9cf3299
0000044174240b79
00000441c233d459
00000441c233e8f9
00000441d0d34c39
000004420b795279
0000044329b06799
0000044364867d59
0000044394b67019
0000044442725839
00000444f11ad019
0000044543424b19
000004466e039b59
000004469c268eb9
00000446e0b84ff9
00000446f0a1f259
0000044742f37cb9
0000044790ff3979
00000447a0ed9359
00000447e02b8659
000004481016b379
000004483aefa819
000004486dcdda19
00000448e75b3a79
0000089206857f61
0000000000f75471
0000000000000181
00000449bf7be3d9
0000044a3ca0beb9
0000044a59dcf479
0000044b04639719
0000044b102c47f9
0000044b4bbff439
0000044b7bdd13d9
0000044b7bdd1579
0000044c41004839
0000044c4ab8c399
0000044d1d80fef9
0000044d990b27b9
0000044d9bf65fb9
0000044f69cc36d9
0000044f6a0bcc79
0000044ff6a205b9
0000045063854d99
0000045063856fb9
0000045150baa459
000004515ab7a279
000008a4a6f04461
0000000000f75471
0000000000000181
00000452eb050879
00000453a740d8d9
00000454e9e3a119
000004552302d699
00000455443ddb59
00000455af714819
000004561b437519
0000045621ef5979
00000456faf4e299
00000457ead1daf9
00000457ed016799
000004585cd8f259
000004592e824359
00000459f69c6fb9
0000045aab74b7d9
0000045b4dadb059
0000045b98907f79
000008b7475b0861
0000000000f75471
0000000000000181
0000045ba4b602d9
0000045bc012cb59
0000045c1c564619
0000045cc96f8299
0000045d3cbc4019
0000045e2201c0b9
0000045e5debdc99
0000045f147c5f99
0000045fedb65279
0000046089beb859
0000046154f19819
000004618d77bcb9
00000462156e28b9
000004621a2f9af9
00000463f14012b9
000004641ab2c379
00000464a4ff0459
00000464c1bb0739
00000464d8f08ad9
000008c9e7c5cd61
0000000000f75471
0000000000000181
0000046502e75439
00000466ef141339
000004676e55a099
00000467b94f7199
00000468591559d9
0000046890285c59
00000468c18267f9
00000468d5e69dd9
000004695a336eb9
0000046984713fb9
0000046ab2096999
0000046bb16c40b9
0000046bef2b8339
0000046c2a0dcf59
0000046c89641299
0000046df8e9be59
0000046e1d8289d9
0000046e3620afd9
000008dc88309261
0000000000f75471
0000000000000181
0000046f3ff79e19
0000046f7b185859
000004700df28a99
00000470d9ae6c19
00000470f55bcc79
00000470f55bdf79
000004713c56a359
0000047186b900b9
000004727028c439
00000472d62b5579
000004737b0116b9
00000473ee513239
000004747ca5c519
000004748d00d979
00000474a99a2119
00000474b306c2d9
000004750a4a1f99
000004755f0e4e59
00000475d18af7d9
000004762b20d239
000004772b82bc39
00000477859c88b9
000008ef289b5761
0000000000f75471
0000000000000181
00000478c447bb39
00000479e9494559
0000047a00cd0119
0000047a1fb07359
0000047a58a09199
0000047ba098e6f9
0000047bd0c33439
0000047c37535f59
0000047c49aba299
0000047c8a4b5579
0000047c9d8e33f9
0000047cce2a1259
0000047d2a4c18f9
0000047d53022a59
0000047e18eb0619
0000047f3087ad39
0000048089d5fc99
00000480bb6331f9
00000901c9061c61
0000000000f75471
0000000000000181
00000481662c99d9
0000048205f11879
00000482204ade19
00000482a171aff9
00000482ed37b659
000004837b37df59
000004840558c6f9
0000048470e8c019
00000484eed1d1d9
000004857b266319
00000485c214d2b9
000004863e2931b9
0000048652b73139
00000486a0f560d9
00000486da9d3499
00000487060de379
000004874a6a56b9
000004874a6ad599
000004877a4c5b59
00000487c5ab1499
0000048807cd6599
0000048821699cf9
000004889c15e2d9
0000048942f10459
00000489979098d9
00000489addd0ad9
00000489d2d41079
0000048a0bc08499
0000048a1135da79
000009146970e261
0000000000f75471
0000000000000181
0000048a5f8bfa79
0000048b20dd6ff9
0000048b5eebaeb9
0000048bc9cfc079
0000048c2ec74fb9
0000048d1826fc59
0000048d3f545059
0000048e1681d6b9
0000048ec025f559
0000048ee2b19639
0000048f4e7129d9
000004915f1fdd39
0000049202d45cd9
00000492714422d9
00000492b228bd79
000004936519b099
0000092709dba761
0000000000f75471
0000000000000181
00000493a8d2b779
00000493f68c3099
000004942ab7edf9
000004944f2aa8f9
00000494e35ec359
000004957a2e37d9
0000049624376119
00000496c5e5a679
0000049707d42939
0000049715c72e39
000004981aaee2d9
0000049a18459f79
0000049a7d439cd9
0000049a81464379
0000049ac36a7579
0000049bdee63399
0000049bf70467b9
00000939aa466c61
0000000000f75471
0000000000000181
0000049d47718159
0000049d8677bfd9
0000049df69494d9
0000049e009d18f9
0000049e5c5b7df9
0000049e60ea38d9
0000049f140b9939
0000049f64b93d59
0000049f64cbdb79
0000049f8a12f9b9
0000049ffa7ed759
000004a09ad1f1b9
000004a0afec69b9
000004a0f074e7f9
000004a1e2d53419
000004a1ffbaa9b9
000004a21ef8b619
000004a261842e59
000004a310553fb9
000004a3e5fc8139
000004a42ce0fc79
000004a4b9959d39
000004a4f2e4d459
000004a51194e899
000004a56c5bac59
000004a56d834e39
000004a57c568699
000004a5c60d1799
000004a5e012f839
0000094c4ab13261
0000000000f75471
0000000000000181
000004a6ddc091b9
000004a715b92e19
000004a7b627cff9
000004a7ed4ff339
000004a806375fb9
000004a84a80d539
000004a858e09679
000004a871fbf659
000004a986ed37b9
000004a9cb025819
000004aa7e640859
000004aaf5377699
000004ab00ea6d59
000004ab74f908b9
000004ab85fea9f9
000004ac090f5799
000004ad3179ab19
000004ad4b1d7df9
000004ad7b59b919
000004adadf74c19
000004ae280f7a39
000004ae42893899
000004af3f611c19
000004af52df8b19
000004af6980c4b9
0000095eeb1bf761
0000000000f75471
0000000000000181
000004b0481e6d39
000004b1494ed439
000004b1a0539939
000004b23919b7b9
000004b24b7b20b9
000004b297d1c7b9
000004b2b50f8099
000004b2fa2df099
000004b32491e399
000004b3dd19ba39
000004b4177ae979
000004b5b9ed20b9
000004b6a1290519
000004b708e85af9
000004b716a02a99
000004b836259ff9
000004b8ae955819
000009718b86bd61
0000000000f75471
0000000000000181
000004b95fd3abd9
000004b99d787959
000004b9c50c0bf9
000004ba21090f79
000004bb45fad219
000004bb50b550b9
000004bba65083d9
000004bc0eed3e39
000004bc25bfbf79
000004bd02f3db59
000004bd96222899
000004bda620ca79
000004bdda51a219
000004beb95f1899
000004bec882e679
000004bf2d3a93d9
000004bf3c095ed9
000004bf4bdd1ff9
000004bf55083c19
000004bfc968bd59
000004c06d610f39
000004c072540779
000004c0a12d7059
000004c0fbcef9b9
000004c12ebda1d9
000004c17bc957f9
000004c183b61839
000009842bf18261
0000000000f75471
0000000000000181
000004c232e07299
000004c2fd14ee79
000004c412df9e39
000004c44fefb3f9
000004c5a97a43b9
000004c64f5693f9
000004c70710e799
000004c7e91d3159
000004c913ad70f9
000004c91959ffb9
000004c924b14639
000004ca1c15f879
00000996cc5c4861
0000000000f75471
0000000000000181
000004cb6ae5fb99
000004cbe64fbe59
000004cc2de908d9
000004cc79664079
000004cca52ea4b9
000004ccc1fa4339
000004cd84d39139
000004cde18eabf9
000004ce15ffbdd9
000004ce4dc97539
000004ce624b8899
000004ceee246499
000004cf655452b9
000004cf8455ed79
000004cf868dc159
000004cfbe9c4579
000004cfdb2860b9
000004d0542c36d9
000004d1203e7bb9
000004d36e3e2d79
000004d382119579
000004d3895021d9
000004d3919e96d9
000004d40fcf1379
000004d412bebf39
000004d469b58b39
000009a96cc70d61
0000000000f75471
0000000000000181
000004d4f4de2839
000004d51c7c9c39
000004d614ea44f9
000004d63d864e19
000004d652cb7219
000004d6672a7c19
000004d73ce3ccd9
000004d756e6ac79
000004d82b796819
000004d8e9cea359
000004d8ec1f7e99
000004d909c39019
000004da25602999
000004da2aab6379
000004da48912f39
000004da798cd7f9
000004da8f8337f9
000004daca2f90b9
000004dae7be0539
000004db15f587f9
000004dbeb4c1799
000004dc1c06ae39
000004dd2f06e959
000009bc0d31d361
0000000000f75471
0000000000000181
000004df5cfff399
000004e120a85659
000004e223f71a59
000004e243d37c59
000004e245a8a7f9
000004e33a664b79
000004e3a7aa6479
000004e3bfc517b9
000004e3de4ce2f9
000004e3e7dfa8f9
000004e41dc88819
000004e49a1367d9
000004e4a3d3cd59
000004e5429750d9
000004e55614fbd9
000004e5bf16bd79
000004e680f90519
000004e68cd32219
000004e6c1f7aad9
000004e727e33519
000004e74b2551d9
000009cead9c9961
0000000000f75471
0000000000000181
000004e784818ff9
000004e7c6da9899
000004e7f5af3f39
000004e85f7ba3d9
000004e8dbfba099
000004e95d0b19b9
000004e96eebef39
000004e9f88db8f9
000004ea2e5979b9
000004ea9480d359
000004ea9eb4b6d9
000004eb1b787a19
000004eb8a11e259
000004ebd59c5079
000004ebd758d099
000004ebfb207a99
000004ec88bd3eb9
000004ecdd86f939
000004ed102ef139
000004ed1355f399
000004ed1d818dd9
000004edd3defdf9
000004eee54c8ed9
000004ef5f1236f9
000004eff0cbde99
000009e14e075f61
0000000000f75471
0000000000000181
000004f0d5153af9
000004f1a4dc0d19
000004f1f4370799
000004f248deae59
000004f24c0be879
000004f27ae655b9
000004f2a6031239
000004f2bfeec039
000004f3800fedb9
000004f3f67a85b9
000004f484df17f9
000004f4a2c6d159
000004f4e8ebc0f9
000004f513d5ffb9
000004f59362c4b9
000004f5aa0f7759
000004f62726b5b9
000004f7768b6859
000004f78015a319
000004f9092a1299
000004f99a85b159
000009f3ee722561
0000000000f75471
0000000000000181
000004fa03db3a79
000004fa080be059
000004fa20770fb9
000004fa6f9ee359
000004fa903aebf9
000004facc262799
000004fb3001ef79
000004fbea64e339
000004fdff55d4d9
000004fe0cfb3799
000004fe4ebdae39
000004ff5020b5f9
000004ff5020b679
000004ff97025c79
000004ffa27b18b9
000004ffb810dff9
000004ffeaf20eb9
0000050003037579
00000500cf8242d9
000005014db06fd9
000005026e5e1e79
000005027dfc8db9
000005028b2deb19
000005028dd96d59
00000502b2b18d19
000005030cce9c99
00000a068edceb61
0000000000f75471
0000000000000181
0000050384ceded9
0000050496a07b99
00000504ad712159
00000504b7d5f2b9
00000505270077d9
0000050580ce6419
0000050593ae5d59
00000505eec79239
0000050616c84179
000005064a3390b9
00000506afd57c79
00000506b7fd3e39
000005071e034d99
000005078c377279
00000507e5a18cb9
0000050808fbfc39
000005081130c079
0000050897d4c039
00000508be40d3d9
00000508be4154b9
00000508be415659
000005099bec6e59
000005099dcf53b9
00000509e8e19319
0000050a0af2ebb9
0000050a15d8f079
0000050a214af219
0000050a45ac4979
0000050ace923179
0000050aed38ab99
0000050b76f9b799
0000050c7b33d519
00000a192f47b161
0000000000f75471
0000000000000181
0000050d01c69c59
0000050d15d44719
0000050d3e579459
0000050d3e84da59
0000050db28f51d9
0000050dc200e619
0000050dd258ba99
0000050eb9d94d19
0000050ede09e459
0000050f996f9659
00000510fa6342f9
000005111afeda79
0000051164eba1f9
00000511ba47a319
0000051207b50059
000005124b407ed9
000005127a4f4d59
0000051442ded359
000005148c82d359
000005148c82eff9
00000514cd0c3359
000005151d3a03f9
0000051542b5c4f9
00000515508b87b9
00000515532af6d9
00000515e28b9a39
00000a2bcfb27861
0000000000f75471
0000000000000181
00000516429569f9
000005166cdf39d9
0000051711b93019
00000517915c4f19
00000517a5fdd979
00000518f69f8699
00000519323cb759
0000051995976499
00000519ddf4b459
0000051b03274139
0000051b50853379
0000051d20058499
0000051d2c1aaed9
0000051d5dc19519
0000051d7c58a659
0000051d7e0684f9
00000a3e701d3e61
0000000000f75471
0000000000000181
0000051f89bb3779
000005200307cfd9
00000520ccb43c59
00000520d3d31079
00000520da240019
0000052135f8e519
000005215164bf59
0000052223a02bd9
0000052254637d99
00000522951541b9
000005237210edb9
000005238b5ac079
000005244e85c0d9
0000052487b18359
000005254357c299
0000052596e71c79
00000525cd07bef9
00000526d983cff9
00000527424f0b39
000005275a15c379
00000528026e0239
0000052845c7d4b9
00000528481444d9
00000a5110880461
0000000000f75471
0000000000000181
00000528af0e6099
0000052949394639
0000052968d015b9
00000529bb7a1579
0000052a662dbc39
0000052a662dd0f9
0000052a7e1f39d9
0000052aa8fb0419
0000052afc269d59
0000052b2142f8f9
0000052b71a3c059
0000052c0d60cf99
0000052c5adbe6d9
0000052ce31550b9
0000052d2a942519
0000052ead128e79
0000052f03f39019
0000052f3e712ed9
0000052f6655cd79
0000053026e16119
000005313590fd79
00000a63b0f2cb61
0000000000f75471
0000000000000181
00000531f5811019
0000053317d004f9
0000053344ceb599
000005346715b419
00000534f0ec8779
0000053699a84b99
00000538b815a719
0000053906901ad9
0000053abef56639
0000053ad4002c19
00000a76515d9161
0000000000f75471
0000000000000181
0000053c4c307119
0000053d7ab930b9
0000053dbe5bd579
0000053df33aad19
0000053e6d555139
0000053e91677559
0000053f6c19e259
0000053ff3062219
0000053ff6786bd9
0000054045976799
00000540f6678599
000005413334df59
00000541371cf4f9
00000541e649d8f9
000005422488df59
000005426ae50159
00000a88f1c85861
0000000000f75471
0000000000000181
000005453b37fa99
000005466e511959
0000054725f86a59
0000054747a92759
0000054838b38c59
000005488027ee99
00000548c8a1b099
00000548de98daf9
00000548e6037079
00000548e9697cf9
0000054991e9f079
0000054a82fe99f9
0000054bcec16c79
0000054c434075d9
0000054d9534ba99
00000a9b92331e61
0000000000f75471
0000000000000181
0000054dcacb9119
0000054e4ae66ef9
0000055087749819
00000550ae5f4819
000005513dea32f9
0000055245dee079
000005538c816299
00000554d1196999
00000555b1f99ff9
00000555e63297f9
00000555f2aea2b9
00000557188b46d9
00000aae329de561
0000000000f75471
0000000000000181
0000055782f6a099
000005578b38ffb9
0000055861cf0219
00000558e2f65699
00000558f0fbb739
000005592fc7b3b9
00000559b4b8ebd9
0000055a03aad159
0000055a1d708c59
0000055a7ac506b9
0000055ae930fc39
0000055bde6a93d9
0000055c63131999
0000055dc8e53379
0000055e0cb6ddf9
0000055e639cd6b9
0000055eccbfda99
0000055edb6170d9
0000055f594bea39
00000ac0d308ac61
0000000000f75471
0000000000000181
000005606e97ee59
00000560a78cb019
0000056194631cd9
00000562653eea19
00000563529ccd39
0000056371189879
00000563b9c4fcf9
00000563bdf33979
00000564b91474b9
00000564f893ecf9
000005657da17ef9
00000566499cf2f9
00000566499d0839
00000566d1beeed9
00000567f69e9959
00000ad373737361
0000000000f75471
0000000000000181
0000056a98184339
0000056ab4030db9
0000056aee0e2619
0000056b208f12d9
0000056b38368f59
0000056b3b6a5219
0000056b70683299
0000056b90cdf9f9
0000056bfd520799
0000056c1b737939
0000056d3e510c19
0000056d8cfea3f9
0000056d8f1d1f79
0000056db18e3599
0000056e0884bb99
0000056e9bde9399
0000056f16d5a3b9
0000056f86115d99
0000056f95e65699
00000570202fc139
00000570336e7099
0000057083001479
00000571796dc5f9
00000571ac3e6eb9
000005724ed079f9
00000ae613de3a61
0000000000f75471
0000000000000181
000005742dcb4439
000005743c9797f9
00000574ec03df19
0000057501a1c979
00000575063e7ab9
0000057548258e39
00000576add47a59
00000576e80627b9
000005779a6fb9f9
00000af111ccbb61
0000000000f75471
0000000000000181
