[MCS8 A] 97 FW 3.104 SV 1.257 
range=1024
periods=2
sweepmode=27e20d0
fstchan=0
holdafter=0
streamstatus=3
calreg0=0
calreg1=0
calreg2=0
calreg3=0
swpreset=8000        
prena=0
syncout=0
cycles=18
sequences=1
tagbits=16
vdac0=92c
vdac1=807
vdac2=8c8
vdac3=8c8
vdac4=8c8
vdac5=8c8
vdac6=8c8
vdac7=8c8
timepreset=20.000      
digio=0
digval=0
autoinc=0 
savedata=2 
mpafmt=asc
sephead=0 
fmt=asc
smoothpts=5 
[CHN1]
REPORT-FILE from 06/19/2026 12:32:06.995  written 06/19/2026 12:32:06
cmline0=06/19/2026 12:32:06.995 
cmline1=A1
range=1024
active=1
bitshift=4
cftfak=2580100
evpreset=10          
roimin=0
roimax=1000
caloff=0.800000
calfact=12.800000
calfact2=0
calfact3=0
calunit=nsec
caluse=1 
[CHN2]
REPORT-FILE from  written 06/19/2026 12:32:06
cmline1=A2
range=1024
active=0
bitshift=4
cftfak=2580100
evpreset=10          
roimin=0
roimax=1000
caloff=0.800000
calfact=12.800000
calfact2=0
calfact3=0
calunit=nsec
caluse=1 
[CHN3]
REPORT-FILE from  written 06/19/2026 12:32:06
cmline1=A3
range=1024
active=0
bitshift=4
cftfak=2580100
evpreset=10          
roimin=0
roimax=1000
caloff=0.800000
calfact=12.800000
calfact2=0
calfact3=0
calunit=nsec
caluse=1 
[CHN4]
REPORT-FILE from  written 06/19/2026 12:32:06
cmline1=A4
range=1024
active=0
bitshift=4
cftfak=2580100
evpreset=10          
roimin=0
roimax=1000
caloff=0.800000
calfact=12.800000
calfact2=0
calfact3=0
calunit=nsec
caluse=1 
[CHN5]
REPORT-FILE from  written 06/19/2026 12:32:06
cmline1=A5
range=1024
active=0
bitshift=4
cftfak=2580100
evpreset=10          
roimin=0
roimax=1000
caloff=0.800000
calfact=12.800000
calfact2=0
calfact3=0
calunit=nsec
caluse=1 
[CHN6]
REPORT-FILE from  written 06/19/2026 12:32:06
cmline1=A6
range=1024
active=0
bitshift=4
cftfak=2580100
evpreset=10          
roimin=0
roimax=1000
caloff=0.800000
calfact=12.800000
calfact2=0
calfact3=0
calunit=nsec
caluse=1 
[CHN7]
REPORT-FILE from  written 06/19/2026 12:32:06
cmline1=A7
range=1024
active=0
bitshift=4
cftfak=2580100
evpreset=0           
roimin=0
roimax=1000
caloff=0.800000
calfact=12.800000
calfact2=0
calfact3=0
calunit=nsec
caluse=1 
[CHN8]
REPORT-FILE from 06/19/2026 11:29:06.915  written 06/19/2026 12:32:06
cmline0=06/19/2026 11:29:06.915 
cmline1=A8
range=1024
active=0
bitshift=4
cftfak=2580100
evpreset=0           
roimin=0
roimax=1000
caloff=0.800000
calfact=12.800000
calfact2=0
calfact3=0
calunit=nsec
caluse=1 
;MCS8 #97 Sversion=1.257 Fversion=3.68
time_patch=1
;datalength=8 bytes
;bit0..3: channel# 1..8 ( 4 bit)
;bit4: edge 0=up / 1=dn ( 1 bit)
;bit5 ..57: timedata    (53 bit), max sweep length 2001.6 h
;bit58..62: tag0..tag4  ( 5 bit)
;bit63:     data_lost   ( 1 bit)
[DATA]
0000000000000016
000000006388e399
00000000b172d719
000000011d70b179
0000000172934bf9
0000000274e44fb9
0000000331b461b9
000000038b775139
00000003ad4eb959
00000003c03207b9
0000000493f00299
00000004986e5179
00000005a621deb9
00000006211a9059
00000006c3c08459
000000081ff6cf59
00000008621de299
0000000917b24019
0000000957132e99
0000000a0edb1c19
0000000bd17cb1f9
0000000be1f49eb9
0000000c05922cd9
0000000d8d883b39
0000000dc1ac5e19
0000000e25bf3979
0000000fefa99bb9
0000001096644b79
00000021567e5261
0000000001589e71
0000000000000181
000000113accc959
0000001146280479
00000013be03e299
00000014b8912339
00000015355bec79
000000173fb0bff9
0000001780a7beb9
00000018ee45aff9
0000001905dd6359
0000001987e33fb9
00000033f6e90061
0000000001589e71
0000000000000181
0000001a4b1f9c19
0000001adc9f92b9
0000001fc5cc4699
00000021b5bb0dd9
00000022ab10be19
000000469753ad61
0000000001589e71
0000000000000181
0000002412c652d9
00000024749499b9
00000024fe624339
0000002526274759
000000256a1cceb9
000000258b333ef9
00000025b229d879
0000002601ecd599
0000002766dea139
0000002a530186f9
0000002a655d50b9
0000002ac0e2b619
0000002b49c53739
0000002b66482fd9
0000005937be5b61
0000000001589e71
0000000000000181
0000002caa448ad9
0000002d44869919
0000002d55e9b699
0000002dc13b0059
0000002de8f4b519
0000002e6a8e6c79
0000002e771c6f59
0000002f468d4599
0000002fc86f6459
0000003021ff4f79
000000308ae91a39
00000030aea418d9
000000310f38b3f9
00000031cb695f59
000000321befc3d9
00000032ea9acfd9
00000033bf7b5d79
00000033c8d9b9d9
00000035c0a9eb19
0000006bd8290961
0000000001589e71
0000000000000181
00000036d5cd79b9
000000379e39e5d9
00000037e8d7c059
0000003874546539
000000389559d699
0000003a1bc339b9
0000003a5c2dbaf9
0000003a7a321879
0000003ad4a113d9
0000003bd5d52eb9
0000003bf252ac39
0000003c73b0c999
0000003c869e9499
0000007e7893b761
0000000001589e71
0000000000000181
0000003f6cbafc99
0000003fe64ee1f9
00000040873db1b9
00000042224231b9
00000042942117d9
000000445ecb9179
000000447c0bcc39
000000457b724939
00000045fc94baf9
00000047848f0819
00000047e0efd759
00000048664d1379
0000009118fe6561
0000000001589e71
0000000000000181
0000004b5e77dcb9
0000004bfd2c0cf9
0000004cbfd4a1d9
0000004d8c802c59
0000004db826cfb9
0000004df39391d9
0000004eb60ed3f9
0000004f0dc39c79
0000004f26065099
0000004fad42b079
0000004fe2975039
000000516d6856b9
00000051a3823519
000000a3b9691361
0000000001589e71
0000000000000181
00000052de44c079
0000005306e45a79
000000535491d539
0000005420bcd959
000000545436f4b9
0000005499631319
0000005654d95f39
0000005670c6f1f9
000000571bf1aa59
00000057811d1ad9
0000005787fba5d9
000000589daabed9
00000058d52655d9
0000005a857c66b9
0000005b13fb98f9
0000005b1c8e7879
000000b659d3c161
0000000001589e71
0000000000000181
0000005b2e0e3019
0000005b48944099
0000005d5b4d3879
0000005dd216c539
0000005e8aaec379
0000005e94c1fa19
0000005ec7f6ea99
0000005f9a5d27b9
0000005fc2ae6d59
000000610a6a56f9
0000006186ea1939
00000061fef99819
00000062979f06d9
00000063ba137379
000000646d7b55d9
000000c8fa3e6f61
0000000001589e71
0000000000000181
00000064d8594539
000000654445fbd9
00000066035d36b9
00000066220b7299
0000006733c3d999
000000674d8d7cf9
000000684991c059
0000006918e95059
00000069274b3499
0000006b1bf5c479
0000006ba295fc19
0000006bcb631f19
0000006bd83a62f9
0000006c7a2ebb79
0000006cb97a3b39
0000006d2a800859
000000db9aa91d61
0000000001589e71
0000000000000181
0000006e13892c19
0000006f74146079
00000070070ef7f9
00000071c55d65d9
000000722b282999
00000072ef6fc639
00000073610da439
0000007369e88899
00000073bbb54f19
000000748eac0279
0000007522108b19
00000075c3e14ad9
00000076209f5dd9
00000076eafc4599
00000076fa0f2b39
000000ee3b13cb61
0000000001589e71
0000000000000181
000000772d9110f9
00000077340169d9
0000007800709d99
0000007803ac95f9
0000007845351af9
000000785252ae79
0000007869b74699
00000078dcc9b2d9
00000078e59244d9
0000007b25ec91f9
0000007b5c753379
0000007c8c860299
0000007d64929599
0000007e08a46cf9
0000007e0be27419
0000007e27e3bdd9
0000007ed6b1c6d9
0000007f65c03799
0000007f71273019
0000007f87dd6879
0000007ffb6e01b9
00000100db7e7961
0000000001589e71
0000000000000181
00000080801c3b39
00000084213e51d9
000000853ac00899
00000085922c18b9
000000864f3044f9
0000008812324e19
000000884d347d59
00000088e24db759
00000088f8f5dc19
000000890087e259
00000089614a2679
000001137be92761
0000000001589e71
0000000000000181
00000089c27304d9
0000008a09ac97f9
0000008b373b9f39
0000008de2374e39
0000008e948ec2d9
0000008ec2817479
00000090dc9e6f39
00000091b3d8e8b9
00000091b5279259
00000091d12dc5f9
000000926fe4ffb9
000000927984c739
0000009290d91f39
000001261c53d561
0000000001589e71
0000000000000181
0000009471be6c99
0000009605d0e0f9
000000960b43db39
000000973376ecf9
000000974cd07919
000000988b222579
00000098dc98c0f9
0000009909da0879
000000997c829719
00000099d60bd399
00000099eb14a139
0000009a22d88e39
0000009a69564c19
0000009a9cea9cd9
0000009ad818cd39
00000138bcbe8361
0000000001589e71
0000000000000181
0000009c629c1639
0000009ebdf371d9
0000009f0a0f7e79
0000009f6348acb9
0000009fbbe098d9
000000a0742b0c59
000000a16801bef9
000000a20c58d619
000000a39fb48519
000000a3a32f3e19
0000014b5d293261
0000000001589e71
0000000000000181
000000a812d8c259
000000a8fd6168b9
000000a9603fea59
000000a9816a0539
000000a9e8fb7579
000000aa745054d9
000000ab064871f9
000000ac74bfe999
000000adbb7b5d39
000000ae09de5ad9
000000ae3a4c9cb9
000000ae519f0fd9
0000015dfd93e061
0000000001589e71
0000000000000181
000000afcfff7119
000000afdc781779
000000aff973d339
000000b058b5c059
000000b09dbbef39
000000b0dd857ef9
000000b0f93c48b9
000000b26dce4579
000000b2cb56d399
000000b4c3cc05b9
000000b4c3cc5a79
000000b4d428e9d9
000000b51adbc3f9
000000b55170da39
000000b5974def39
000000b63591a539
000000b73639c219
000000b79548fd59
000001709dfe8e61
0000000001589e71
0000000000000181
000000b99d0dfdf9
000000ba62f78259
000000ba6e5e0d19
000000baff812319
000000bb4ca88b99
000000bbaf08bf19
000000bbdcb4d099
000000bcd4169e39
000000c065277339
000000c065277b19
000000c0d83af379
000000c110a912b9
000001833e693c61
0000000001589e71
0000000000000181
000000c308d9aef9
000000c4367ecbf9
000000c44b504dd9
000000c4cae56d79
000000c5424662f9
000000c5fc9b77f9
000000c60811a4d9
000000c61e960619
000000c6f1b06bf9
000000c8469b6959
000000c8a8da76f9
000000c8a8da77d9
000000c960d4a9b9
000000c9bbe87a79
000000ca3690b1b9
00000195ded3ea61
0000000001589e71
0000000000000181
000000cb4123bc99
000000cb6be0e079
000000cdef3d8e39
000000ce51e81b59
000000ceacd37a39
000000ced3e2b479
000000d14f396ed9
000000d1597b5119
000000d17e15ac39
000000d21d409d99
000000d2269c5559
000000d3e253c8b9
000001a87f3e9961
0000000001589e71
0000000000000181
000000d511a24b59
000000d6cbffdab9
000000d7294602f9
000000d736c0f739
000000d7f9653239
000000d81610aeb9
000000d82caa8019
000000d8f4eb2819
000000d9520d3259
000000d9a6b3ad59
000000d9a8d9a6f9
000000d9f4427e79
000000da0fb6ec39
000000da1168feb9
000000db9d2e5c99
000000dc5de53839
000000dc846b5859
000000dcd4b46199
000000dd88813ed9
000001bb1fa94761
0000000001589e71
0000000000000181
000000df3239d399
000000df3798e2f9
000000df942b4259
000000dfbaa289b9
000000e2f208b099
000000e318235539
000000e3e3419639
000000e4c90d2899
000000e5b77aef19
000000e5d1b4faf9
000000e66e6ea099
000001cdc013f561
0000000001589e71
0000000000000181
000000e82dd0bad9
000000e8a7a1f2f9
000000e94c341319
000000e9708a5d19
000000eb88e7d559
000000ebd9991959
000000ec2cbf4079
000000ec525de0b9
000000ecf2ea3bf9
000000ed8cc642d9
000000ed9c109459
000000ee68d5f5d9
000000ee958e8f79
000000eeb3529939
000000ef2eeb5239
000000ef3c72f359
000000ef6f4ac6d9
000000efd1c06539
000000f00d462eb9
000001e0607ea461
0000000001589e71
0000000000000181
000000f0558b7359
000000f05a3b3359
000000f098978ab9
000000f1f86db119
000000f201071319
000000f23a8753f9
000000f2f1fbee39
000000f38d8c2639
000000f42337c559
000000f424fbb3d9
000000f468048159
000000f49390d5f9
000000f4daf46939
000000f58acbfad9
000000f61150c579
000000f72a676cd9
000000f76a01d6d9
000000f848293b99
000000f9601e4c19
000001f300e95261
0000000001589e71
0000000000000181
000000f9b158fa99
000000fa0f969eb9
000000fb53e195b9
000000fd293c95b9
000001019038e939
00000101c7391819
00000101eaa16219
00000205a1540061
0000000001589e71
0000000000000181
000001034cc1d419
00000103a49be899
00000103cb0800d9
000001074597cb79
000001079edb20b9
000001082a0a8419
00000108f38a1f99
000001091aef87b9
0000010b08ec6719
0000010c1a00ea59
0000021841beaf61
0000000001589e71
0000000000000181
0000010d0b28b999
0000010d13d26bf9
0000010d2a703839
0000010d8f249a39
0000010e692cefb9
0000010ed2265459
0000010f0d5e8479
0000010f28f721d9
0000011042885719
00000111093a60d9
000001115803e9f9
0000011171e8af99
00000112a5663459
00000112cc4f7e19
00000113cc105559
0000011420281b19
0000011451f427d9
00000114a60fb559
0000022ae2295d61
0000000001589e71
0000000000000181
000001168f835439
00000116bafd7199
0000011709f9cbb9
00000119573c17d9
00000119efd38a19
0000011a76580b19
0000011bb9057059
0000011cb9aadd19
0000011db92b4379
0000023d82940c61
0000000001589e71
0000000000000181
0000011ee56a8fb9
000001203c3e1479
000001205a809ef9
0000012111cd2c99
000001213cd86499
000001225d5f1759
0000012327ed8639
00000123d75afb79
0000012443138d59
000001252fc70f19
0000012546baaf99
00000125d359e1b9
00000125eef0b9d9
000001261cccd719
000001265b936259
00000126b2953619
00000127b6cf66b9
00000127fe9510b9
0000025022feba61
0000000001589e71
0000000000000181
0000012828981799
00000128825b5b19
0000012888cad3d9
000001288d72c8b9
000001289acf7939
00000129606525d9
000001298b79a899
000001298be7eed9
00000129ed1cce79
0000012ad1f6b539
0000012ae1dbbdb9
0000012b746a6d79
0000012b899f4759
0000012b95182459
0000012cae892ab9
0000012cb3a96e39
0000012d1ea42079
0000012d609946b9
0000012dad39e5b9
0000012e8386a3d9
0000012e843e7939
0000012e9a509919
0000012ef149efd9
0000012ff7418d99
000001303b86bbd9
00000130cc6f9399
0000013136687999
00000262c3696961
0000000001589e71
0000000000000181
000001319fbb0af9
00000133577c7099
00000134076c0479
0000013458f5f059
0000013479e73519
00000134b8b4c939
0000013631faf039
000001366b5aded9
000001367bf33419
00000136a02ab579
00000136c2ab80f9
0000013746c85a99
00000137dfed1759
00000137fd521a99
00000138f1a32a39
0000013a29929dd9
0000027563d41761
0000000001589e71
0000000000000181
0000013ada5b4bb9
0000013b0fe70679
0000013bc9aacdb9
0000013c204135f9
0000013d5e268c39
0000013e45144259
0000013e60ddcff9
0000013f8ee08499
0000013ff3b07739
00000140845bdfb9
00000140fb648fb9
000001413d53ed99
00000141d8ab76f9
000001423e8e0c79
00000142524c15d9
000001425969f0b9
00000142c76c8499
0000014329356999
0000014359e13bb9
00000288043ec661
0000000001589e71
0000000000000181
000001441ecfa9b9
00000144506ee499
0000014534004ff9
000001460f4c0279
000001462b9f14d9
000001462dc93ef9
00000148a5bc05f9
00000148acffbcb9
000001496ba228b9
0000014cc63c2279
0000014d148205f9
0000014d333cf8b9
0000029aa4a97461
0000000001589e71
0000000000000181
0000014f05ee3379
0000014f56928479
000001516e6d0999
000001529906e9d9
0000015380a88259
00000154246920b9
0000015491ae0159
000001554eb1a1d9
00000155ed635d19
00000155ede60a19
00000156458b0859
0000015645a95499
000001568e7d9b19
000002ad45142361
0000000001589e71
0000000000000181
00000156fddde5b9
00000157d5cadef9
00000158148af439
0000015818f0f159
00000158392ead39
00000158769f5959
00000158f0a50219
000001596eb70a19
0000015ad21d1cd9
0000015c1cc52999
0000015ceea9b1d9
0000015d39f27d59
0000015e1b69ed99
0000015e5c038159
0000015ee4d6a499
0000015f8a574bf9
000002bfe57ed261
0000000001589e71
0000000000000181
0000016148084979
0000016181ecc439
00000161eb8cc2d9
0000016223587379
000001622507d519
000001626f38fed9
00000163f54bbe59
000001650f719bb9
0000016551ec09f9
0000016570177c39
00000165a723d4b9
0000016718d71d99
000001672dcbe719
000002d285e98061
0000000001589e71
0000000000000181
000001698f55a8f9
0000016a2b293259
0000016a2ccab939
0000016a4193e079
0000016a7adcb8d9
0000016ada2b8ab9
0000016b001fcad9
0000016b83271a19
0000016bb6955ad9
0000016bbea76899
0000016bbf361999
0000016bcffe2e39
0000016c343fe119
0000016e6731ccf9
0000016e7b67a619
0000016f0ff258d9
0000016f5adbcb39
00000170b6bd1a99
0000017105a92ed9
000001710daa3919
00000171f6982459
000002e526542f61
0000000001589e71
0000000000000181
00000174619ed619
00000174842816f9
000001764834f399
00000176eb206999
000001776b61ead9
00000178d61459f9
00000179a7f60bb9
0000017bcd23c759
000002f7c6bede61
0000000001589e71
0000000000000181
0000017ca2a7ff99
0000017cde454299
0000017d16bfbcd9
0000017d269f2ff9
0000017d9f6b93d9
0000017dba3f7519
0000017dff630179
0000017e0c6061f9
0000018041d7aa99
0000018308ddc759
0000018319cdfa79
00000183348fe059
0000018367a5df19
00000183f5bd0599
00000184c4aff359
0000030a67298d61
0000000001589e71
0000000000000181
0000018538e6a9f9
00000185f4d31d19
00000185f8ecf739
00000187208f1479
0000018735ddb939
0000018737b2bd19
00000188628ea259
00000188a21ef879
00000188c3760e59
000001891407ac99
00000189b47c9979
00000189fa90be99
0000018a42ade639
0000018a5cbcb579
0000018a75cee459
0000018ac440ec99
0000018adc8443b9
0000018b06602d19
0000018b4a8ab659
0000018b7051a179
0000018bab110e59
0000018bc14b6a59
0000018c0b193179
0000018c0b92c299
0000018dedb00939
0000031d07943b61
0000000001589e71
0000000000000181
0000018e83bef199
0000018fd2002ef9
00000190d48c3a19
0000019500858699
0000019545deead9
0000019548db3a99
000001955690d1f9
00000195d0f8dd99
00000196981be439
0000019706cec8b9
000001971282f639
00000197a3f22df9
0000032fa7feea61
0000000001589e71
0000000000000181
00000198fc7f3239
00000199649e06b9
0000019ccda2a499
0000019d1cce9df9
0000019d911fbed9
0000019ed52478b9
0000019f2118d9d9
0000019f3fb50219
0000019f53387139
0000019f57f7fcf9
0000019fde2fbc19
000001a000eacc39
0000034248699961
0000000001589e71
0000000000000181
000001a1e475acb9
000001a2b838c859
000001a2c7920279
000001a2ccbe9639
000001a2d5f7b259
000001a42482d759
000001a44ac69f39
000001a49c25cc19
000001a5913e1499
000001a5ce144a99
000001a69bd611d9
000001a7cc640999
000001a7d9f6eaf9
000001a8931b5259
00000354e8d44861
0000000001589e71
0000000000000181
000001aa79427639
000001aadf10f999
000001aaf2f96839
000001ab6a50aab9
000001ab760ffd79
000001abd82c0539
000001acf2a8d1f9
000001ad4fbb1819
000001ad60020419
000001ae8ff6e099
000001ae969f4f79
000001aebf925eb9
000001af4a1a0a79
000001b0bfa915f9
000001b25fa41f79
000001b2cf62d6d9
000001b2d8e59bd9
000001b2f5371579
000001b316443ab9
000001b346344599
00000367893ef761
0000000001589e71
0000000000000181
000001b4a13951f9
000001b4b6fd2a39
000001b588a58639
000001b6537edc79
000001b68f2a9919
000001b6b5a8ed79
000001b8472526d9
000001b8b1b86539
000001b903d45e19
000001ba43d432d9
000001bb6acb7ff9
000001bc5467a1b9
000001bc6dc69839
000001bcaa41a699
000001bd0b7ced19
0000037a29a9a661
0000000001589e71
0000000000000181
000001bd6c49d959
000001be83801639
000001bf3d1848f9
000001bfa567a659
000001bfbba29a39
000001c0eace9379
000001c11c174eb9
000001c20b1783f9
000001c3040bfdf9
000001c35257c579
000001c35de49e39
000001c3d543dcf9
000001c44d212079
000001c4b85c8639
000001c4fc803799
000001c65b9d39f9
0000038cca145561
0000000001589e71
0000000000000181
000001c7bcacc0d9
000001c8bb618459
000001cb92019739
000001cbf3a0c9d9
000001cd83d8bfd9
000001cd93f52159
000001ce3b03a6b9
000001ceef742239
000001cf2bde5d79
000001cf42144919
000001cf5c62a839
0000039f6a7f0461
0000000001589e71
0000000000000181
000001d091caf799
000001d0cf3d0cd9
000001d1e15e2179
000001d3f4e86b19
000001d46bd929d9
000001d4b0410b19
000001d4f52d8119
000001d5e673e1b9
000001d64c474c99
000001d67ab616b9
000001d6889fe379
000001d85e4daab9
000003b20ae9b361
0000000001589e71
0000000000000181
000001d923dd89d9
000001d949511699
000001dae4c83af9
000001db05ed3bd9
000001db9e371179
000001dbb93ed6b9
000001dc580f0eb9
000001dcc13b01d9
000001ddcb90e119
000001de609ea3f9
000001deb4967c79
000001e0441b0d39
000001e2341ac679
000003c4ab546261
0000000001589e71
0000000000000181
000001e2804e7699
000001e2a3a45359
000001e47888b579
000001e47a0c6c19
000001e4f83c8759
000001e5648bfeb9
000001e5f08147f9
000001e710a24379
000001e866c5f719
000001e949998419
000001eae6d73b59
000001eafcd13ed9
000001eb35d8a159
000003d74bbf1161
0000000001589e71
0000000000000181
000001ebd342b759
000001ec13d04719
000001ecae853bb9
000001ecc5dbe759
000001ee018e1279
000001ee2266db39
000001ee2fe22b79
000001ef0661f2b9
000001ef71966639
000001efd58238d9
000001f043d16db9
000001f359fe46f9
000001f3ccf6eb39
000001f4be525bf9
000003e9ec29c061
0000000001589e71
0000000000000181
000001f5567c62f9
000001f59e602399
000001f666dfedb9
000001f69c31cfd9
000001f75014d199
000001f7bb2639f9
000001f81d5b3339
000001f825971899
000001f8aba4c0f9
000001f8d6c7fb99
000001f990b7cf59
000001fa27e3ee79
000001fa73ff8159
000001faa3c7a039
000001facf868ff9
000001fc331e8ed9
000001fcc2ccec59
000001fd6ddb9c99
000001fd7d7064f9
000003fc8c946f61
0000000001589e71
0000000000000181
000001ffd76d7919
0000020008e862d9
0000020190e3ec59
0000020359706f39
000002038cd00739
000002038d63ba59
00000203cd588759
0000020402b2e059
000002045e2a6839
000002050def7719
000002052d968e99
00000205634b4659
0000020569a8ca19
00000205f31cbf99
0000040f2cff1e61
0000000001589e71
0000000000000181
00000207aef06039
000002082c510839
0000020925b91d99
00000209f34c4159
0000020a0e20f619
0000020acb127ed9
0000020ae1623e79
0000020b023172d9
0000020b5e334339
0000020c32b014f9
0000020c435aff79
0000020c75e56ab9
0000020cb34f9af9
0000020d3610d139
0000020d97cade19
0000020db99df519
0000020dead63bd9
0000020f03f84b79
0000020f129385b9
0000020f4b778599
0000020fb22bc819
00000210ccae3139
00000421cd69cd61
0000000001589e71
0000000000000181
000002112aa24979
0000021192221439
00000211a0248a59
00000212a862a579
0000021328861559
00000213b84c9019
00000214a6909059
00000214b9b51d19
00000215bc432ef9
00000216a9ab5b59
00000216a9ab7479
00000217316071b9
00000217de192cb9
0000021860c94199
000002193c62a9f9
00000219c139ac99
00000219c82a7399
0000021a2d911519
000004346dd47c61
0000000001589e71
0000000000000181
0000021ae104a459
0000021b2c5bdbb9
0000021b3173a7f9
0000021b4f2680d9
0000021b770e7879
0000021be2274db9
0000021bfb63dc79
0000021df53f7579
0000021dff196bd9
0000021e0fd08bd9
0000021e9a6890b9
0000021ed832db59
0000021f3f0007d9
000002205233d6d9
00000220ac0055f9
000002213ed29499
0000022162bd4399
00000221dba77b59
00000222138717d9
000002223082e2d9
0000022284080599
00000222b261e219
000004470e3f2b61
0000000001589e71
0000000000000181
0000022401f97d39
000002241ff5ff19
000002247fe42699
00000225c61b1db9
00000225c61b3af9
0000022678196299
00000226a51db979
00000227529b8a39
000002275cc238b9
00000227a8963c79
0000022969f647b9
00000229a053f819
00000229a0541ff9
00000229a3634499
0000022ad212e1d9
0000022ad9de1619
0000022bbec39f59
00000459aea9da61
0000000001589e71
0000000000000181
0000022e80009739
0000022e9967abf9
0000022f1de651f9
000002306d031419
0000023083c4e4b9
00000230fa6b8399
00000231b2c25239
00000231f69b3579
00000232908c6f99
0000023436d30459
00000234bce11339
00000234e7eff819
00000234fe226dd9
0000023518cbf639
0000046c4f148a61
0000000001589e71
0000000000000181
0000023632aa2af9
0000023649b20db9
0000023718581719
00000237631ae0b9
00000239bbf4a9d9
0000023a3a9d30d9
0000023a4240b6f9
0000023a54212399
0000023a90830cb9
0000023a9600de79
0000023ad4d61179
0000023b19578219
0000023b45c9c7f9
0000023cf5f64b59
0000023da7970139
0000023dc2e068d9
0000023ebc36a159
0000047eef7f3961
0000000001589e71
0000000000000181
0000023fb89fa839
0000023ff5125bf9
000002409b3dff39
0000024236a3aaf9
00000242da1cd5b9
0000024429cac139
00000244f3230319
0000024546722ad9
000002454d6f54f9
000002463a6eb599
00000246c25409d9
00000246f80ca099
00000247d1237ed9
00000248178d79b9
000004918fe9e861
0000000001589e71
0000000000000181
00000248e75ef899
000002492ab3a519
00000249f13f2e79
0000024ab80278f9
0000024aee387d59
0000024b132bd479
0000024b895d9039
0000024bd3e35d99
0000024bdaaa07b9
0000024c5d749b79
0000024cbdadfa99
0000024cd3578019
0000024e8c5f6619
0000024ebf92ce79
0000024ec1709f59
0000024f8c5ef5b9
000004a430549761
0000000001589e71
0000000000000181
00000253160f4499
000002533f8cc939
00000253489b5239
00000253fda04a39
000002540fd22e39
0000025763c4ddb9
00000257675de139
000002577e492c99
00000257f463bc79
00000258e933fbf9
000002593fc67119
00000259a2c032f9
00000259f18c8b59
0000025aa37079d9
000004b6d0bf4761
0000000001589e71
0000000000000181
0000025b7ec592f9
0000025bacc3cc39
0000025baedbfbf9
0000025dc22182f9
0000025dec5a0939
0000025df3150299
0000025ea30b1159
0000025f44e2ab59
0000025f83c93279
0000026083fdd9f9
00000260c5630939
00000260c581e999
00000260d8314439
00000261e41191d9
000002620e539099
000002625bdd6d79
00000262818aedd9
00000262cc994bb9
0000026300176799
0000026394536419
0000026459cf92b9
000004c97129f661
0000000001589e71
0000000000000181
000002679d22b099
000002680f6b1779
00000269c4268759
00000269f4f841f9
00000269fa63e219
0000026b22a38139
0000026c818d9cb9
0000026c96044ad9
0000026cf37c38d9
0000026d8e646799
000004dc1194a561
0000000001589e71
0000000000000181
0000026e59ac1ef9
000002708510e239
0000027156f02af9
000002725b056639
00000272a6b086b9
00000272bbcb9c59
00000273ea8fde79
00000276120cf559
00000276161fceb9
0000027674c45d39
0000027697fbce59
000004eeb1ff5561
0000000001589e71
0000000000000181
00000277ce022199
0000027849ab4279
00000279236ac6d9
000002792e322cf9
00000279980d8039
0000027b716f3cb9
0000027d138ec999
0000027d240df259
0000027d4ba41a19
0000027da7219239
0000027f7a5bf439
0000027f84b55179
0000027fc8751e19
0000028004636999
000002800b20b0f9
000002808ea61f79
00000501526a0461
0000000001589e71
0000000000000181
00000280af289c39
0000028107b295f9
00000281266ef2f9
000002816e3c9619
00000281dd27f319
000002822180e4f9
00000283c9ed7cf9
0000028451e60c79
0000028468ea5799
00000284cc95ea19
00000285cdd3c499
00000286809515b9
000002868ba3ddd9
00000287062cc479
00000287cd685b19
00000287dbceda39
00000288553e3539
0000028871604dd9
000002889d9b0e99
0000028901c97119
0000028979b8a3f9
00000289a733af59
00000289bdc89179
00000513f2d4b461
0000000001589e71
0000000000000181
0000028a4a82f6d9
0000028aee3cf339
0000028b230e5ab9
0000028b927e1b99
0000028b9a0d5eb9
0000028be71cccb9
0000028c99197659
0000028cd1877019
0000028d6614a739
0000028d795f2eb9
0000028e0bbceb39
0000028e78c65fb9
0000028ea9bc35f9
0000028eb1449679
0000028eb14496f9
0000028f075058b9
0000028fa6e1dd39
0000028fda2bc459
00000290348601f9
000002917263f4d9
000002917dd94819
00000291f93e27f9
00000526933f6361
0000000001589e71
0000000000000181
00000293aade1dd9
0000029414e183f9
0000029462948739
000002947726cd99
000002947b55d2d9
000002953fdc9cb9
000002958828e7d9
0000029734e0bed9
0000029775839199
000002980e7a8f19
00000298696eaad9
00000298cf99ded9
0000029944697b99
00000299b213f5d9
00000299d0b949d9
0000029ac3cce299
0000029b011fe599
0000029b87f26e99
0000029b94dac4d9
0000029c8dc62a79
0000053933aa1261
0000000001589e71
0000000000000181
0000029cb6b1e3d9
0000029cbdd62b79
0000029d49d34299
0000029e9d367739
000002a03adb37f9
000002a1203bc619
000002a254ed7359
000002a2e4a405f9
000002a34fe3b0d9
000002a3a71b18d9
000002a3e37b6bd9
000002a3ef586639
000002a4117b8ed9
000002a49cd237b9
000002a4e25e88b9
000002a5e086ae79
0000054bd414c261
0000000001589e71
0000000000000181
000002a733993ab9
000002a76726d0f9
000002a791726a39
000002a7b76a8d79
000002a925001ab9
000002a94b6685b9
000002a95be9c539
000002ab34b16b99
000002ab3564d939
000002ac39f4ae59
000002ac8ea34679
000002ad193c3ef9
000002ad4fbd1a19
000002ad803564d9
000002ade982a699
000002adea01ffd9
000002aee79377b9
000002af1034e179
0000055e747f7261
0000000001589e71
0000000000000181
000002af59f2f019
000002af777482d9
000002b0a37b40d9
000002b0b11fa539
000002b19e7ecc19
000002b23c193b79
000002b297a323b9
000002b369a25519
000002b3993e0f59
000002b3c7b26f59
000002b481b9d9f9
000002b48669efd9
000002b611b3f7f9
000002b658e30a99
000002b69d0b1cd9
000002b72598adb9
000002b7b9ffc319
000002b818a6aad9
000002b86ce63dd9
0000057114ea2161
0000000001589e71
0000000000000181
000002b8b3e040d9
000002ba94183259
000002bab24deab9
000002bb3aa9db79
000002bb997b5b39
000002bc5e83f1d9
000002bc997b20d9
000002bd782b5579
000002bef8bb4399
000002befffe9a99
000002bf42c49979
000002bfd789c379
000002c14559c459
000002c181b755b9
000002c195b92ab9
00000583b554d161
0000000001589e71
0000000000000181
000002c240b05bf9
000002c2fe0141d9
000002c44bc88c79
000002c4ede388d9
000002c4fecf1bd9
000002c5b1627579
000002c690c866f9
000002c6c6fbb439
000002c71d0ac519
000002c788b019d9
000002c794c2af59
000002c80b87d259
000002c840a5eb99
000002c9fcc6dd79
000002ca3003dbd9
000002ca5431bfb9
0000059655bf8061
0000000001589e71
0000000000000181
000002cb32d8d4b9
000002cd28dd2959
000002cd986e1f59
000002cdcb8b02b9
000002cdde0e45d9
000002ce240250f9
000002ce402f7ad9
000002ceea8bf239
000002cfc09bc959
000002d1cd4ce3d9
000002d1f8199439
000002d2a5967eb9
000002d37b53fb79
000005a8f62a3061
0000000001589e71
0000000000000181
000002d4bb646e39
000002d4cd275d59
000002d5563e7ff9
000002d56ef61439
000002d5d0038af9
000002d632fa7c59
000002d638dcff99
000002d63e671439
000002d70a621579
000002d84f400fd9
000002d8a3505bf9
000002d93b0b13f9
000002d9a95423f9
000002d9bc2234b9
000002da0ea23d99
000002da8088ded9
000002dd991d7719
000005bb9694e061
0000000001589e71
0000000000000181
000002df16068cb9
000002e1fc795159
000002e2b7564e99
000002e2c65441d9
000002e2eef9cbb9
000002e30125da59
000002e36e6e8cd9
000002e3ac4c1999
000002e4048a08d9
000002e5ccc2ec79
000005ce36ff8f61
0000000001589e71
0000000000000181
000002e78ab38fd9
000002e8334089f9
000002e8c64e5999
000002e8d3d6d659
000002e932ccfd39
000002e9c304f459
000002e9c851adb9
000002e9e51cc919
000002e9f67a4039
000002ea924a70f9
000002eaa26bf5f9
000002eb30530259
000002eb63adc659
000002eb901be419
000002ebae90f7b9
000002ec93645e79
000002ecc62d6f99
000002ecee358e19
000002ecfd6c5999
000002ed4e39b159
000002ed6e9ea699
000002eda5354379
000002ee0cf82299
000002ee18489359
000002ef1ca2f159
000002ef52eaf239
000002f010a8d4b9
000002f0354ce119
000002f055bff659
000002f0582eb8b9
000005e0d76a3f61
0000000001589e71
0000000000000181
000002f12df4a9b9
000002f1a0c1aa99
000002f217e30ef9
000002f221da8399
000002f2a1afcaf9
000002f32c49d2f9
000002f36b8c2479
000002f3ec4e3379
000002f453208399
000002f4872989f9
000002f53231c399
000002f819a69219
000002f855386f19
000002f8758f8399
000005f377d4ef61
0000000001589e71
0000000000000181
000002fa5a7f7199
000002faaead22b9
000002fb82531239
000002fdfec3a199
000002fe73aa5f79
000002fef4c0de19
00000300e1487b39
0000030135615b79
00000301d6160799
0000030236f49339
000003026ce93f39
00000302789f1319
00000302e5c91599
000003030841e9f9
00000606183f9f61
0000000001589e71
0000000000000181
00000303345d21f9
000003033a795c39
0000030359e8b2b9
000003042d51cc19
00000304c8226339
0000030563a34499
000003057f9c2cd9
00000305a42b8859
000003060ef83479
00000306b3c67939
000003081008d4f9
00000309382f4799
0000030a662c0459
0000030a797e21b9
0000030abdc2de79
0000030bd96d7179
0000030bf4802159
00000618b8aa4f61
0000000001589e71
0000000000000181
0000030d44254839
0000030dc7648899
0000030ddf5eb199
0000030e07436dd9
0000030e7efdfa79
0000030fbe9376f9
0000030fc79b07f9
0000030fc81b0219
0000030fdfe857d9
0000031045167d99
0000031168c65dd9
00000311878fb5d9
00000311a622a4f9
00000311c18bd039
00000311c70c76f9
0000031218460bb9
000003124e4979f9
00000313bcd03a39
00000313c36c56b9
000003144dc0af79
00000314cdbe26b9
0000062b5914ff61
0000000001589e71
0000000000000181
000003173bbd0a39
000003177b6ad979
000003183ba20f59
0000031860961819
00000318d4dbcdd9
0000031957ed4dd9
00000319bb6f8f99
00000319e7f1b7b9
0000031b21ab7339
0000031b50c2bf99
0000031bd3ca4739
0000031cb10ad499
0000031dd52373f9
0000031e48f8d859
0000031e4d1724f9
0000031ed3233af9
0000063df97fae61
0000000001589e71
0000000000000181
000003203ec70479
000003219005a1b9
00000321a69e5bd9
000003223d8d2739
000003224c53d279
0000032291309e39
00000322a19aad39
00000322f027c7b9
000003235fb64659
00000323efee0279
000003243d311f79
000003274b286df9
0000032825218d19
000003282bd67df9
0000065099ea5e61
0000000001589e71
0000000000000181
00000328ade99ad9
000003291038bd59
00000329e8dda519
00000329f1b5c9f9
0000032a3a177a79
0000032a41835c39
0000032b83b6ab99
0000032c69fb8259
0000032d73b65799
0000032e1a2be1b9
0000032e1f13eed9
000003302873d0f9
0000033102339bb9
000006633a550e61
0000000001589e71
0000000000000181
00000332514ffed9
00000332cb13aad9
000003334c465e19
0000033427b96b19
000003346e612619
00000334802c90f9
0000033577748099
00000335fd3c1cb9
000003368f057c99
00000336f71e1739
000003375932c239
00000337cce22df9
00000337d720f779
00000339ca5aa559
00000675dabfbe61
0000000001589e71
0000000000000181
0000033bc091f3f9
0000033bd2f63799
0000033c6c7a99b9
0000033d5f286139
0000033e395d4399
0000033f7b011bd9
000003408bc52619
00000341fd699699
000003425cb28179
00000343baade5f9
000006887b2a6e61
0000000001589e71
0000000000000181
00000344b49bc799
000003451c545019
000003451e02c339
000003456e97c599
00000346092829b9
00000346f7c1a059
000003473fe14f19
0000034779a96539
000003484c696bd9
00000348d0306b99
0000034926301d79
00000349e913a919
0000034abb6c8f99
0000034b8ae75119
0000034bb2cf8a59
0000034c3c68a519
0000034d6555f299
0000069b1b951e61
0000000001589e71
0000000000000181
0000034db3e6a6f9
0000034ee473e699
0000034ef76c1339
0000034f1bf52c99
0000034fdfab8279
0000035237362879
00000352b01f8d19
00000352c260aa99
00000352ffdb0479
00000353fb6a4cf9
000003546810a819
000003546f2d2219
00000355f717a4d9
000006adbbffcf61
0000000001589e71
0000000000000181
00000357730a8899
00000357c6ecd299
00000358904ac1b9
00000358d0861799
00000358d2087af9
00000358fd756999
0000035935ec6a79
00000359c38c8659
0000035af5e38059
0000035af5e39b19
0000035b9555ed39
0000035d502d3419
0000035d93713399
0000035dfe5270f9
0000035e7f9f7b59
0000035f4fa70bf9
0000035f966ca259
0000035fe66d97d9
000006c05c6a7f61
0000000001589e71
0000000000000181
00000361212793b9
0000036161cd1c39
00000361e4742099
00000361e4743f59
00000361e986ab99
0000036203c95379
00000362e072b659
000003636369c979
00000364191013f9
00000365b0bdc959
00000366269b8359
00000366932bee79
00000367e7178959
000003684ab11299
00000368aff8cdf9
0000036978828039
000006d2fcd52f61
0000000001589e71
0000000000000181
0000036a0760bcf9
0000036a0a6d5119
0000036a41b2bb59
0000036a41b2cdd9
0000036af2326819
0000036af8226af9
0000036b9bdd9bf9
0000036c2477b2f9
0000036cd0aaacf9
0000036d0daac1b9
0000036db6f5cdb9
0000036e434945f9
0000036e51221019
0000036f1c0274b9
00000370dfc19a99
00000370e3734519
000003710e3c1e59
000003715ff52759
000006e59d3fdf61
0000000001589e71
0000000000000181
000003732a6d1779
0000037395656359
0000037414370299
000003745313c599
00000374763ae7b9
0000037495c854b9
00000375f4597599
000003763108c179
00000377b639f219
00000377d986b3d9
000003790b769b59
0000037b57ba5f19
000006f83daa8f61
0000000001589e71
0000000000000181
0000037c4108ae39
0000037cad76be19
0000037d2c8f7f79
0000037e4f024839
0000037e67b71c59
0000037e9967ad39
0000037fa1d32b59
0000037fe6a7a099
00000380a5bd1bd9
00000380fcf9b0b9
00000381265122b9
000003835017ee79
00000385117858b9
000003855b3484d9
0000038562fc0f19
0000070ade153f61
0000000001589e71
0000000000000181
000003861a64f1f9
0000038636afa3f9
00000386ba7a82b9
0000038749531959
000003876ad3f319
000003880eddcf79
000003891a20cf99
0000038a29f4ad39
0000038bde02de19
0000038cee1074b9
0000038d4feee379
0000038dcf151ab9
0000038e47250599
0000038e96e2f439
0000071d7e7ff061
0000000001589e71
0000000000000181
0000038f10c21a19
0000038f733db6b9
0000038f93a133b9
00000390f7503fb9
000003918a038339
000003933b0582f9
000003940ab0cb39
00000394375670d9
000003945ca18d19
00000395e5b4e439
00000397805f3b39
00000397874b0cd9
00000397a27e9039
000007301eeaa061
0000000001589e71
0000000000000181
000003983a01f799
00000398e4d581f9
0000039a0fc2def9
0000039b9e9d5c79
0000039c929e37f9
0000039d286facd9
0000039d5a240cb9
0000039e544ff139
0000039e60882299
0000039e88976779
0000039e9e88d519
00000742bf555061
0000000001589e71
0000000000000181
000003a16afcb459
000003a35702c839
000003a35e74e739
000003a4ebbf5eb9
000003a62788f499
000003a64dcdc519
000003a6c40ae5f9
000003a6c64de9d9
000003a726c12b19
000003a740ce4899
000003a744806fb9
000003a74bc51519
000003a7761b5779
000003a88f223559
000003a94a393ad9
000007555fc00161
0000000001589e71
0000000000000181
000003aae2d12159
000003ab3842fcd9
000003abd33b9a39
000003ad6bb2ce19
000003ae5484a559
000003aea658c2b9
000003aeab892959
000003b0f7a54939
000003b197327a39
000003b259090919
000003b2b3a64db9
000003b2d3ab4f99
000003b375b4df79
000003b3f0176439
00000768002ab161
0000000001589e71
0000000000000181
000003b6645ab1b9
000003b8377fe1b9
000003b89a10ec99
000003b8d771c1d9
000003b8f20af259
000003b9c6d1fe79
000003ba38f41af9
000003bb4bb42df9
000003bb7ad877f9
000003bb81500ab9
000003bc97f7d819
000003bca8886679
0000077aa0956161
0000000001589e71
0000000000000181
000003bd89dfe899
000003bf009d0719
000003bfdcefd159
000003c1a196b339
000003c22cb569b9
000003c3f1a83a19
000003c47c380759
000003c4a7708a99
0000078d41001261
0000000001589e71
0000000000000181
000003c755677e99
000003c756060359
000003c886cfe2f9
000003c8d3a86f79
000003c96201edb9
000003c96534a559
000003c9e63732b9
000003ca8590aa59
000003cac00b0259
000003cb8350ca59
000003cb908d50b9
000003cc59614f19
000003cd154ebf79
000003cd2ee1f159
000003ce3b82fdb9
000003cf4bca99f9
0000079fe16ac261
0000000001589e71
0000000000000181
000003d0f2d03d99
000003d0fbd08dd9
000003d1003c8eb9
000003d18a8cd399
000003d18a8cd559
000003d1ac8f1419
000003d22a8d1799
000003d36a320cd9
000003d387ac4959
000003d4594759d9
000003d5a4892d99
000003d70f882779
000007b281d57261
0000000001589e71
0000000000000181
000003da280be2f9
000003da4ab1d279
000003db07ee9bf9
000003dc3358fed9
000003dc50b81439
000003dd12b1a279
000003dd597e5079
000003dd79c175d9
000003ddad87e5f9
000003de6b624639
000003de8eb19619
000003e0ad1818d9
000003e1c821b9d9
000003e1f52e5cb9
000007c522402361
0000000001589e71
0000000000000181
000003e34b970f79
000003e34fbeeb59
000003e3995c1439
000003e4cde4f0f9
000003e55522fdb9
000003e57e0720b9
000003e671da4e39
000003e6df4c16d9
000003e7a598c319
000003e89a1fc659
000003e8ae4010b9
000003e95053dcd9
000003e99c7ca579
000003e9f34aa159
000007d7c2aad361
0000000001589e71
0000000000000181
000003ec31e483b9
000003ec76e68099
000003ec7ee09679
000003edf62d1239
000003eea15b6d79
000003eed6e9a399
000003eee5c43f79
000003ef93da8d59
000003f1dc913479
000003f200265839
000003f21db39e99
000003f26d0d6ab9
000003f370c2b799
000007ea63158461
0000000001589e71
0000000000000181
000003f5def8dfb9
000003f6a1bef259
000003f91b08a359
000003f94ed06719
000003fb4437d2d9
000003fb94234f39
000003fdf9a97b99
000007fd03803461
0000000001589e71
0000000000000181
000003fe81cea8f9
000003fe96ed3cb9
000003febd310819
000004006df9cf59
0000040110698e59
00000401177e62d9
000004028372a0f9
00000402c0add719
00000403942c3fb9
000004044f992eb9
000004055e32d4d9
000004056bfbc1d9
00000405d12e17d9
00000406a602d3f9
00000407085004f9
0000080fa3eae561
0000000001589e71
0000000000000181
0000040909447659
0000040918692f39
00000409cbbf7ef9
0000040a4976c059
0000040ac658eb99
0000040b1dbd27b9
0000040b58bc6fd9
0000040b661d0079
0000040b94ba7679
0000040c7b702bf9
0000040cdf853059
0000040cfd574f99
0000040d6f1de8f9
0000040df07795b9
0000040e6e3a88f9
0000082244559661
0000000001589e71
0000000000000181
00000411296cb059
0000041153f526d9
00000411a71288f9
00000412165d1e59
00000412302cc2f9
000004123f7b4d59
00000412f38ddf79
0000041384099439
00000413b14f4b19
0000041445c9d959
000004159f70e979
00000417c2079f39
00000418503ac4f9
000004185dcc9799
000004196140ef99
00000419d5f8f5b9
0000041a3019ebd9
00000834e4c04661
0000000001589e71
0000000000000181
0000041ae25a0f39
0000041b46117139
0000041b5059a939
0000041c00851c39
0000041cf33e0739
0000041d7b24e3d9
0000041f014d2eb9
0000041f481cc639
0000042020a0c299
000004206fd43459
00000420981bb979
00000420bd27d739
0000042276a80df9
00000422d3c4b3d9
00000422e45bf919
000004234fa427b9
000004239e7fd379
00000847852af761
0000000001589e71
0000000000000181
00000424dd425cb9
00000425654b75b9
00000425872e6f59
00000426d77cb119
00000426edc40899
00000428387190d9
000004285c8cdab9
0000042978adbed9
000004297fc1da99
00000429b8ebf859
00000429c3284539
0000042ab958e739
0000042af61dc7b9
0000042b4bf017d9
0000042c04649259
0000042c7658c279
0000042d062b7799
0000085a2595a861
0000000001589e71
0000000000000181
0000042d1abe2a59
0000042ec50a0a39
00000430fb0ca719
000004312b56e5f9
00000431383daf39
00000431726f1619
00000431ce509199
000004322a039299
00000433c1d4fbb9
000004344b56a2d9
00000435245cfbd9
000004357d8f8019
00000435ab587319
00000435f3a2e099
0000043645b35679
0000086cc6005961
0000000001589e71
0000000000000181
00000436843105f9
0000043763d030d9
000004391c521d19
0000043934208099
0000043addb14859
0000043c551f0919
0000043ea35538b9
0000043f7cbb8ab9
0000087f666b0961
0000000001589e71
0000000000000181
0000043fc4b95519
0000043ffbcff119
00000440e2f5db59
000004411f60e1b9
000004412869deb9
00000441c4acead9
000004422fd22559
0000044255e1f0f9
0000044457e919d9
000004455b29c939
00000445ede70c99
000004465f49f779
000004480f0f7ff9
0000044841c1a399
0000089206d5ba61
0000000001589e71
0000000000000181
0000044984ae5679
00000449d34612d9
0000044cd79ce459
0000044d5cdf5959
0000044da1cfe419
0000044ded064319
0000044e72636259
0000044efc169639
0000044f127b3c19
0000044f854749f9
000004500b996f79
00000451a115dc99
00000451b8df0fd9
000008a4a7406b61
0000000001589e71
0000000000000181
000004529a4de7f9
00000453fdb721f9
000004554f1ba6b9
00000455dadf75d9
0000045785c167f9
000004578f93c819
000004582078b359
0000045838851299
000004586e371b79
00000458a1167679
00000458b56f8159
00000459b268a859
0000045a83cb86d9
0000045ae93e0919
0000045b3e35a599
0000045b84e7a8d9
0000045b84e7aaf9
000008b747ab1c61
0000000001589e71
0000000000000181
0000045bd1ea0e59
0000045c606fa139
0000045cac32f939
0000045cc0da8059
0000045cd1fb0d39
0000045cdc85d839
0000045d57906499
0000045e585ab259
0000045e5dab3199
0000045efd1e32f9
0000045fd490bc99
0000046035846039
00000460649c5ff9
00000460932dfdf9
0000046168c6a0b9
00000461c3a66259
000004620bbbafb9
0000046302e9afb9
000004631cbea059
0000046330d555b9
0000046342533059
000004643d9a3199
00000464ed795b79
000008c9e815cd61
0000000001589e71
0000000000000181
00000466828260f9
00000466f8992579
00000467e35a14d9
00000469f5591d39
0000046a145c6df9
0000046c44e7acb9
0000046ca1b70f79
0000046d962e59b9
0000046da5985dd9
0000046deebc7879
0000046dff93c699
0000046e429a66f9
000008dc88807e61
0000000001589e71
0000000000000181
0000046e8b90a019
0000046efd0d2419
0000046fda757519
000004707f873a39
00000470a593bf79
00000470d3bb24b9
00000470ee1cf7f9
00000471ac778419
00000471e1791579
0000047207b57c19
000004722654cd19
000004726c344d59
00000474dd465b79
00000476155d7599
0000047719d751d9
000008ef28eb2f61
0000000001589e71
0000000000000181
000004784e111159
0000047858925ef9
00000478a998f739
0000047a21ffa579
0000047a48e363f9
0000047b27c04c99
0000047bbb98ea99
0000047bbff59919
0000047be1a81ad9
0000047c020e6e59
0000047d90557d19
0000047d91be8899
0000047d9d656cb9
0000047e9910ae59
0000047f19b098d9
0000047f8b5ecf59
0000047fad542579
0000047fde6377b9
00000480cf2f6f39
00000901c955e061
0000000001589e71
0000000000000181
00000483167697b9
00000483eb7e5159
00000486e384b519
00000487dce58799
000004887fe8a2f9
0000048901b8b3f9
00000489246cb039
0000048995dec2d9
0000048a233d4f39
0000091469c09161
0000000001589e71
0000000000000181
0000048a3823fd59
0000048b96f53479
0000048c773602d9
0000048c913defd9
0000048d104e0879
0000048d86b1a439
0000048e40fd4e59
0000048f596454d9
000004904a288bb9
0000049251743ab9
0000049256e5e619
000009270a2b4261
0000000001589e71
0000000000000181
0000049433f1acf9
000004951011e559
00000495940a4ad9
00000495b21d8ab9
00000496311cb1d9
00000496624e2ab9
00000496e3e069d9
00000497cfc1bb59
000004991fc92599
000004995a654559
00000499c03bc8b9
0000049bc75fb599
0000049c655b0d59
00000939aa95f361
0000000001589e71
0000000000000181
0000049db3c6dd19
0000049e816303f9
0000049f0d99a279
0000049fc8ce88d9
000004a14a3b79d9
000004a17830feb9
000004a1bf8a6dd9
000004a2c04e41d9
000004a2f34214b9
000004a34b452419
000004a3c7ad0539
000004a420f657f9
000004a4a0181619
000004a511cf5979
000004a5594dda99
000004a5c278d2f9
0000094c4b00a461
0000000001589e71
0000000000000181
000004a69ea04419
000004a72065dad9
000004a87340d719
000004a8c1130859
000004a8f2b43999
000004a9122b5e39
000004a985bf4119
000004a9f868e779
000004aa6db19679
000004ab7f7f1479
000004ace9157839
000004adf64d2859
000004ae6f6a32b9
0000095eeb6b5561
0000000001589e71
0000000000000181
000004b096ff3239
000004b0c345eff9
000004b1d389fbf9
000004b30a3ab6d9
000004b468b7d5d9
000004b48b973a39
000004b4a03bd5f9
000004b4a6acc1d9
000004b4b10f2b19
000004b4ca2fd499
000004b4f140c4b9
000004b59bcbb259
000004b5d807dd59
000004b613f16d79
000004b622fde459
000004b74077f879
000004b78d7c4c99
000004b808a68cf9
000004b81e498d59
000004b8251e5679
000004b8981e88d9
000009718bd60661
0000000001589e71
0000000000000181
000004b8caf52bd9
000004b8e3c48b39
000004b96e3c8ab9
000004b98d705679
000004b9b460d5f9
000004ba1d18da99
000004bb8271aab9
000004bbd08593b9
000004bc1e90b1f9
000004be4fc80199
000004be6f4fb679
000004bfb71ed499
000004c056505279
000004c088254d39
000004c0cc0bf679
000004c0e5053259
000004c12b75f839
000004c17790e239
000004c200b2dd19
000009842c40b761
0000000001589e71
0000000000000181
000004c218a2bff9
000004c2c67e3a39
000004c2fb1ed639
000004c4e4aa1639
000004c57fca9699
000004c58780ae59
000004c59bea0239
000004c5afb5ed19
000004c72a88fa59
000004c7efd58559
000004c802636979
000004c85fec7db9
000004c88760b539
000004c8fbf5e699
000004c912ab7a79
00000996ccab6961
0000000001589e71
0000000000000181
000004cbdef881b9
000004cc54cb50b9
000004cccaf1f759
000004cd102c2ad9
000004cdd6194419
000004cf1fce8ad9
000004cf443ff3b9
000004d06bf5e359
000004d0b5303e39
000004d0c3cda539
000004d20a003259
000004d269968c59
000004d300e2cd39
000004d31d4d0599
000004d4b4ab93d9
000009a96d161a61
0000000001589e71
0000000000000181
000004d5714fc579
000004d706f35d79
000004d8773f3299
000004da1b5154d9
000004da5fb25839
000004dc7da49d99
000004dd01af12d9
000004dd1b223ed9
000004dd4be6fe19
000009bc0d80cb61
0000000001589e71
0000000000000181
000004de121a48d9
000004de671467f9
000004de7b8e5eb9
000004debed18f39
000004df1a568299
000004df2d1043d9
000004df67e1d279
000004e040139759
000004e1162082b9
000004e20e87cc59
000004e42b495d59
000004e54cc1a6d9
000004e581ae1219
000004e61dea2d59
000004e65795ecb9
000004e6dadc2539
000004e6f7ab67d9
000009ceadeb7c61
0000000001589e71
0000000000000181
000004e761a0b959
000004e7b2114819
000004e801b84219
000004e8710e0d79
000004e92de92559
000004eb177e0239
000004eb2a27f679
000004eb9dd95ef9
000004ed4fe93899
000004edbeb68699
000004ee9db1d939
000004ef64e1e159
000009e14e562e61
0000000001589e71
0000000000000181
000004f306296599
000004f31356bf99
000004f34f5abfd9
000004f4238d3959
000004f47fb32c59
000004f488887059
000004f4a362f539
000004f4bc7688f9
000004f514f05e39
000004f605cd9579
000004f663c2bc79
000004f73a754e39
000009f3eec0df61
0000000001589e71
0000000000000181
000004fb24bb51b9
000004fb25035f79
000004fc675d6d99
000004fcb846ba59
000004fd2d596099
000004fdd03f5ab9
000004fe03358919
000004fe404cb759
000004ffa3a5eb59
000004ffbef9d0b9
000005000579c079
00000500132768b9
000005002b341879
00000500dee60259
00000501b6480a99
00000501fbf18059
00000a068f2b9061
0000000001589e71
0000000000000181
0000050560abfa79
00000505d23e4099
00000507b90fadb9
000005082e014279
0000050a50ee3779
0000050bba6298d9
0000050c0400ec39
00000a192f964261
0000000001589e71
0000000000000181
0000050cb9bd33b9
0000050e13c28359
0000050f724716d9
0000050f80f70419
0000051121ed9219
000005112737fc59
000005118e1fd059
0000051260a24159
000005129085d2f9
0000051396f38719
000005145a73a5d9
00000514739b4199
00000a2bd000f361
0000000001589e71
0000000000000181
0000051829816179
0000051856847439
000005188f310df9
00000519d8f04a59
00000519f2d580d9
0000051a5c546819
0000051ad4fc0a59
0000051b0dcc47b9
0000051b49e11af9
0000051be9abd839
0000051c5ca06599
0000051e299cc279
0000051e460f1a19
0000051e5af0af99
0000051efb22df19
00000a3e706ba561
0000000001589e71
0000000000000181
000005207fbf7a19
0000052081453dd9
0000052116dbbcd9
000005216b36b1b9
000005216b36c8f9
00000521cd1f36d9
00000521db182879
000005221e692759
00000522718898f9
000005227e669c59
0000052335732519
0000052354bef4f9
0000052391096579
000005249180a019
0000052581120079
0000052732746439
000005273730c439
000005283e517779
00000a5110d65661
0000000001589e71
0000000000000181
00000528b593a1d9
00000529c9cf69d9
00000529cf1d2059
0000052b9183e5d9
0000052bbe2e6179
0000052cb8b778b9
0000052da191ec39
0000052e20504419
0000052e24bc6579
0000052ea9b67859
0000052f6152f959
00000530206287b9
0000053044c6a0d9
000005304ff82ab9
000005309e8c6b19
00000530f15e4699
00000a63b1410861
0000000001589e71
0000000000000181
0000053275868db9
000005328c20aa39
00000532deccfd19
0000053372cadb39
0000053424c13fd9
00000535b6d58e79
00000535d403cdf9
00000535e5bd2bf9
00000536b052a0b9
00000536ed378cb9
00000539dc4438b9
0000053a5537d0f9
0000053a6d573979
0000053af949e919
0000053b048cd879
0000053b165e82f9
00000a7651abb961
0000000001589e71
0000000000000181
0000053be3f05fd9
0000053c04d33859
0000053c67ca3639
0000053ca242c1b9
0000053db8a75db9
0000053e5515a4d9
0000053eeaef12b9
0000053f4e91f559
0000053feddc0419
0000054109091bf9
00000541920a9fb9
00000542f33d2ad9
00000a88f2166b61
0000000001589e71
0000000000000181
00000544b8f94179
000005450ddf2419
00000545e5c6e2d9
0000054658d8ad39
00000546ed9004b9
00000546f2889219
00000548d621b3d9
00000548f9bfb4d9
0000054a4fcf4279
0000054a9cc9e5f9
0000054bb669ff79
0000054c522cf2f9
0000054ca9504b99
0000054d28290a59
0000054d2c09b1d9
0000054d3a050759
0000054db8613fd9
00000a9b92811c61
0000000001589e71
0000000000000181
0000054e29afa899
0000054ebf88fc99
0000054f76ce25b9
0000054fc8538cd9
00000550169c1db9
0000055041ec90d9
000005506e9a90f9
0000055103ffc9d9
0000055239fb9799
00000552ed3eebf9
000005536b9109d9
00000553ebc6a4d9
0000055464dbb8b9
000005551595ce39
0000055520e4ec79
00000556267d19d9
000005565ee390b9
00000556e7e47b19
00000aae32ebce61
0000000001589e71
0000000000000181
00000557588037f9
00000557a34f47d9
000005584ef7e099
0000055a11f2a079
0000055a3e3a8499
0000055ba2a81e19
0000055bdbc8cc79
0000055cb0177639
0000055cfe68d539
0000055d16bf3ab9
0000055d8d86a899
0000055db6fdf3f9
0000055e4b767119
0000055ec32d7df9
0000055eff4f41d9
0000055f4ffd89d9
0000055f56f96ef9
00000ac0d3567f61
0000000001589e71
0000000000000181
00000560916d0019
0000056091af5c19
00000561a702a2f9
00000561e37bf9b9
000005628c117119
000005628ccabc99
00000562be1f0c79
00000563181e1ef9
00000563eed27d59
000005649c1d3919
0000056501029959
00000565cdeb7659
00000566d583f599
0000056718274d59
00000567ea744079
0000056877a4aa39
0000056881a8c7f9
00000568d1df3c99
000005695685aa79
00000ad373c13161
0000000001589e71
0000000000000181
0000056af44edd59
0000056bfa71d999
0000056c0cb331f9
0000056cc95f2a99
0000056cf0349af9
0000056d26d4e499
0000056e6e007d59
0000056ed2fcf3d9
0000056ee0726939
0000056eefa899f9
0000056f1a20b159
0000056f2c484799
0000056fd93fbab9
000005704e1b2239
00000570ba8aa939
00000570d2fbdc39
00000570e7d96899
0000057118ba3399
0000057153b28c79
00000571c372a279
00000571fac65399
00000572863ccf59
00000572be8f2099
00000ae6142be361
0000000001589e71
0000000000000181
0000057407594639
00000574a44bda99
000005762ad81cd9
0000057696183e19
00000576ca2a3939
000005795f9d2bd9
000005799e7d0499
00000579ffc0a959
0000057ab6746859
00000af8b4969461
0000000001589e71
0000000000000181
0000057ddd2827f9
0000057e2c210ab9
0000057e37e04cd9
0000057f15e6dcd9
0000057fa35e63d9
0000057fc48435b9
00000580afaeaf99
000005821642f8b9
0000058243e91ed9
00000582a18c01d9
00000582c81636b9
00000582f8c03859
000005853a6816d9
000005853b653019
0000058562f58f59
00000b0b55014661
0000000001589e71
0000000000000181
00000b0bcf7b9f61
0000000001589e71
0000000000000181
