[MCS8 A] 97 FW 3.104 SV 1.257 
range=1024
periods=2
sweepmode=27e20d0
fstchan=0
holdafter=0
streamstatus=3
calreg0=0
calreg1=0
calreg2=0
calreg3=0
swpreset=8000        
prena=1
syncout=0
cycles=18
sequences=1
tagbits=16
vdac0=92c
vdac1=807
vdac2=8c8
vdac3=8c8
vdac4=8c8
vdac5=8c8
vdac6=8c8
vdac7=8c8
timepreset=150.000     
digio=0
digval=0
autoinc=0 
savedata=2 
mpafmt=asc
sephead=0 
fmt=asc
smoothpts=5 
[CHN1]
REPORT-FILE from 06/22/2026 15:36:17.703  written 06/22/2026 15:36:17
cmline0=06/22/2026 15:36:17.703 
cmline1=A1
range=1024
active=1
bitshift=4
cftfak=2580100
evpreset=10          
roimin=0
roimax=1000
caloff=0.800000
calfact=12.800000
calfact2=0
calfact3=0
calunit=nsec
caluse=1 
[CHN2]
REPORT-FILE from  written 06/22/2026 15:36:17
cmline1=A2
range=1024
active=0
bitshift=4
cftfak=2580100
evpreset=10          
roimin=0
roimax=1000
caloff=0.800000
calfact=12.800000
calfact2=0
calfact3=0
calunit=nsec
caluse=1 
[CHN3]
REPORT-FILE from  written 06/22/2026 15:36:17
cmline1=A3
range=1024
active=0
bitshift=4
cftfak=2580100
evpreset=10          
roimin=0
roimax=1000
caloff=0.800000
calfact=12.800000
calfact2=0
calfact3=0
calunit=nsec
caluse=1 
[CHN4]
REPORT-FILE from  written 06/22/2026 15:36:17
cmline1=A4
range=1024
active=0
bitshift=4
cftfak=2580100
evpreset=10          
roimin=0
roimax=1000
caloff=0.800000
calfact=12.800000
calfact2=0
calfact3=0
calunit=nsec
caluse=1 
[CHN5]
REPORT-FILE from  written 06/22/2026 15:36:17
cmline1=A5
range=1024
active=0
bitshift=4
cftfak=2580100
evpreset=10          
roimin=0
roimax=1000
caloff=0.800000
calfact=12.800000
calfact2=0
calfact3=0
calunit=nsec
caluse=1 
[CHN6]
REPORT-FILE from  written 06/22/2026 15:36:17
cmline1=A6
range=1024
active=0
bitshift=4
cftfak=2580100
evpreset=10          
roimin=0
roimax=1000
caloff=0.800000
calfact=12.800000
calfact2=0
calfact3=0
calunit=nsec
caluse=1 
[CHN7]
REPORT-FILE from  written 06/22/2026 15:36:17
cmline1=A7
range=1024
active=0
bitshift=4
cftfak=2580100
evpreset=0           
roimin=0
roimax=1000
caloff=0.800000
calfact=12.800000
calfact2=0
calfact3=0
calunit=nsec
caluse=1 
[CHN8]
REPORT-FILE from  written 06/22/2026 15:36:17
cmline1=A8
range=1024
active=0
bitshift=4
cftfak=2580100
evpreset=0           
roimin=0
roimax=1000
caloff=0.800000
calfact=12.800000
calfact2=0
calfact3=0
calunit=nsec
caluse=1 
;MCS8 #97 Sversion=1.257 Fversion=3.68
time_patch=1
;datalength=8 bytes
;bit0..3: channel# 1..8 ( 4 bit)
;bit4: edge 0=up / 1=dn ( 1 bit)
;bit5 ..57: timedata    (53 bit), max sweep length 2001.6 h
;bit58..62: tag0..tag4  ( 5 bit)
;bit63:     data_lost   ( 1 bit)
[DATA]
0000000000000016
000000215621b761
0000000000f5e371
0000000000000181
00000033f68c6161
0000000000f5e371
0000000000000181
0000004696f70b61
0000000000f5e371
0000000000000181
000000593761b561
0000000000f5e371
0000000000000181
0000006bd7cc5f61
0000000000f5e371
0000000000000181
0000007e78370961
0000000000f5e371
0000000000000181
0000009118a1b361
0000000000f5e371
0000000000000181
000000a3b90c5c61
0000000000f5e371
0000000000000181
000000565c32a5f9
000000b659770661
0000000000f5e371
0000000000000181
000000c8f9e1b061
0000000000f5e371
0000000000000181
000000db9a4c5961
0000000000f5e371
0000000000000181
000000ee3ab70361
0000000000f5e371
0000000000000181
00000100db21ac61
0000000000f5e371
0000000000000181
00000085e301eeb9
0000008658261bd9
000001137b8c5661
0000000000f5e371
0000000000000181
000001261bf6ff61
0000000000f5e371
0000000000000181
00000138bc61a861
0000000000f5e371
0000000000000181
0000014b5ccc5261
0000000000f5e371
0000000000000181
0000015dfd36fb61
0000000000f5e371
0000000000000181
000001709da1a461
0000000000f5e371
0000000000000181
000001833e0c4e61
0000000000f5e371
0000000000000181
000000c519596c79
00000195de76f761
0000000000f5e371
0000000000000181
000001a87ee1a061
0000000000f5e371
0000000000000181
000001bb1f4c4961
0000000000f5e371
0000000000000181
000001cdbfb6f261
0000000000f5e371
0000000000000181
000000efe4a33779
000001e060219b61
0000000000f5e371
0000000000000181
000001f3008c4461
0000000000f5e371
0000000000000181
00000205a0f6ed61
0000000000f5e371
0000000000000181
0000021841619661
0000000000f5e371
0000000000000181
0000022ae1cc3f61
0000000000f5e371
0000000000000181
0000023d8236e861
0000000000f5e371
0000000000000181
0000025022a19061
0000000000f5e371
0000000000000181
00000262c30c3961
0000000000f5e371
0000000000000181
000002756376e261
0000000000f5e371
0000000000000181
0000028803e18b61
0000000000f5e371
0000000000000181
0000029aa44c3361
0000000000f5e371
0000000000000181
000002ad44b6dc61
0000000000f5e371
0000000000000181
000002bfe5218561
0000000000f5e371
0000000000000181
0000016320664af9
000002d2858c2d61
0000000000f5e371
0000000000000181
000002e525f6d661
0000000000f5e371
0000000000000181
000002f7c6617e61
0000000000f5e371
0000000000000181
0000030a66cc2761
0000000000f5e371
0000000000000181
0000031d0736cf61
0000000000f5e371
0000000000000181
0000018ff8011419
0000032fa7a17861
0000000000f5e371
0000000000000181
00000342480c2061
0000000000f5e371
0000000000000181
00000354e876c961
0000000000f5e371
0000000000000181
0000036788e17161
0000000000f5e371
0000000000000181
000001b63ac1a7d9
0000037a294c1961
0000000000f5e371
0000000000000181
0000038cc9b6c261
0000000000f5e371
0000000000000181
0000039f6a216a61
0000000000f5e371
0000000000000181
000001d051dec659
000001d420d8cfb9
000003b20a8c1261
0000000000f5e371
0000000000000181
000003c4aaf6ba61
0000000000f5e371
0000000000000181
000003d74b616261
0000000000f5e371
0000000000000181
000003e9ebcc0b61
0000000000f5e371
0000000000000181
000003fc8c36b361
0000000000f5e371
0000000000000181
0000040f2ca15b61
0000000000f5e371
0000000000000181
0000020b448fcf79
0000020bacd60d59
00000421cd0c0361
0000000000f5e371
0000000000000181
000004346d76ab61
0000000000f5e371
0000000000000181
000004470de15361
0000000000f5e371
0000000000000181
00000459ae4bfb61
0000000000f5e371
0000000000000181
0000046c4eb6a361
0000000000f5e371
0000000000000181
0000047eef214a61
0000000000f5e371
0000000000000181
000004918f8bf261
0000000000f5e371
0000000000000181
000004a42ff69a61
0000000000f5e371
0000000000000181
000004b6d0614261
0000000000f5e371
0000000000000181
000004c970cbe961
0000000000f5e371
0000000000000181
000004dc11369161
0000000000f5e371
0000000000000181
000004eeb1a13961
0000000000f5e371
0000000000000181
00000501520be061
0000000000f5e371
0000000000000181
00000513f2768861
0000000000f5e371
0000000000000181
0000052692e12f61
0000000000f5e371
0000000000000181
00000539334bd761
0000000000f5e371
0000000000000181
0000054bd3b67e61
0000000000f5e371
0000000000000181
0000055e74212561
0000000000f5e371
0000000000000181
00000571148bcd61
0000000000f5e371
0000000000000181
00000583b4f67461
0000000000f5e371
0000000000000181
0000059655611c61
0000000000f5e371
0000000000000181
000002cfa588d119
000005a8f5cbc361
0000000000f5e371
0000000000000181
000002dd338dc4b9
000005bb96366a61
0000000000f5e371
0000000000000181
000002e133b1feb9
000005ce36a11161
0000000000f5e371
0000000000000181
000005e0d70bb861
0000000000f5e371
0000000000000181
000005f377765f61
0000000000f5e371
0000000000000181
000002ff77cc57f9
0000060617e10761
0000000000f5e371
0000000000000181
00000618b84bae61
0000000000f5e371
0000000000000181
0000062b58b65561
0000000000f5e371
0000000000000181
0000063df920fb61
0000000000f5e371
0000000000000181
00000650998ba261
0000000000f5e371
0000000000000181
0000066339f64961
0000000000f5e371
0000000000000181
00000675da60f061
0000000000f5e371
0000000000000181
000006887acb9761
0000000000f5e371
0000000000000181
000003481b607839
0000034c6a12c779
0000069b1b363d61
0000000000f5e371
0000000000000181
000006adbba0e461
0000000000f5e371
0000000000000181
000006c05c0b8a61
0000000000f5e371
0000000000000181
00000364afcb98b9
000006d2fc763161
0000000000f5e371
0000000000000181
00000372bf0d29d9
000006e59ce0d861
0000000000f5e371
0000000000000181
000006f83d4b7e61
0000000000f5e371
0000000000000181
0000070addb62561
0000000000f5e371
0000000000000181
0000071d7e20cb61
0000000000f5e371
0000000000000181
000003961bd181b9
000007301e8b7161
0000000000f5e371
0000000000000181
00000742bef61861
0000000000f5e371
0000000000000181
000007555f60be61
0000000000f5e371
0000000000000181
000003b29558b0d9
00000767ffcb6461
0000000000f5e371
0000000000000181
0000077aa0360b61
0000000000f5e371
0000000000000181
000003bf7a4a1199
0000078d40a0b161
0000000000f5e371
0000000000000181
0000079fe10b5761
0000000000f5e371
0000000000000181
000007b28175fd61
0000000000f5e371
0000000000000181
000007c521e0a361
0000000000f5e371
0000000000000181
000007d7c24b4961
0000000000f5e371
0000000000000181
000003ec507b5b79
000007ea62b5ef61
0000000000f5e371
0000000000000181
000003f915770859
000007fd03209561
0000000000f5e371
0000000000000181
0000080fa38b3b61
0000000000f5e371
0000000000000181
0000082243f5e161
0000000000f5e371
0000000000000181
00000834e4608761
0000000000f5e371
0000000000000181
0000084784cb2d61
0000000000f5e371
0000000000000181
0000085a2535d361
0000000000f5e371
0000000000000181
0000042e2ce5b6b9
0000086cc5a07861
0000000000f5e371
0000000000000181
0000087f660b1e61
0000000000f5e371
0000000000000181
000004476fc1bb99
000008920675c461
0000000000f5e371
0000000000000181
000008a4a6e06961
0000000000f5e371
0000000000000181
000008b7474b0f61
0000000000f5e371
0000000000000181
000008c9e7b5b561
0000000000f5e371
0000000000000181
000008dc88205a61
0000000000f5e371
0000000000000181
000008ef288b0061
0000000000f5e371
0000000000000181
00000901c8f5a561
0000000000f5e371
0000000000000181
0000091469604b61
0000000000f5e371
0000000000000181
0000092709caf061
0000000000f5e371
0000000000000181
00000496d5d665d9
00000939aa359661
0000000000f5e371
0000000000000181
0000094c4aa03b61
0000000000f5e371
0000000000000181
0000095eeb0ae161
0000000000f5e371
0000000000000181
000009718b758661
0000000000f5e371
0000000000000181
000009842be02b61
0000000000f5e371
0000000000000181
000004c7f3cd0859
00000996cc4ad161
0000000000f5e371
0000000000000181
000009a96cb57661
0000000000f5e371
0000000000000181
000009bc0d201b61
0000000000f5e371
0000000000000181
000009cead8ac061
0000000000f5e371
0000000000000181
000004e97ef27b59
000004f02e213459
000009e14df56561
0000000000f5e371
0000000000000181
000009f3ee600b61
0000000000f5e371
0000000000000181
00000a068ecab061
0000000000f5e371
0000000000000181
0000050afa8c9979
00000a192f355561
0000000000f5e371
0000000000000181
00000a2bcf9ffa61
0000000000f5e371
0000000000000181
00000a3e700a9f61
0000000000f5e371
0000000000000181
00000524b23fe6d9
00000a5110754461
0000000000f5e371
0000000000000181
00000a63b0dfe961
0000000000f5e371
0000000000000181
00000a76514a8e61
0000000000f5e371
0000000000000181
00000a88f1b53361
0000000000f5e371
0000000000000181
0000054c92328df9
0000054cfc4c85f9
00000a9b921fd861
0000000000f5e371
0000000000000181
00000aae328a7d61
0000000000f5e371
0000000000000181
00000ac0d2f52261
0000000000f5e371
0000000000000181
00000ad3735fc761
0000000000f5e371
0000000000000181
00000ae613ca6b61
0000000000f5e371
0000000000000181
00000575591107d9
00000aec2e37ce61
0000000000f5e371
0000000000000181
