[MCS8 A] 97 FW 3.104 SV 1.257 
range=1024
periods=2
sweepmode=27e20d0
fstchan=0
holdafter=0
streamstatus=3
calreg0=0
calreg1=0
calreg2=0
calreg3=0
swpreset=8000        
prena=1
syncout=0
cycles=18
sequences=1
tagbits=16
vdac0=92c
vdac1=807
vdac2=8c8
vdac3=8c8
vdac4=8c8
vdac5=8c8
vdac6=8c8
vdac7=8c8
timepreset=120.000     
digio=0
digval=0
autoinc=0 
savedata=2 
mpafmt=asc
sephead=0 
fmt=asc
smoothpts=5 
[CHN1]
REPORT-FILE from 06/22/2026 15:55:37.844  written 06/22/2026 15:55:37
cmline0=06/22/2026 15:55:37.844 
cmline1=A1
range=1024
active=1
bitshift=4
cftfak=2580100
evpreset=10          
roimin=0
roimax=1000
caloff=0.800000
calfact=12.800000
calfact2=0
calfact3=0
calunit=nsec
caluse=1 
[CHN2]
REPORT-FILE from  written 06/22/2026 15:55:37
cmline1=A2
range=1024
active=0
bitshift=4
cftfak=2580100
evpreset=10          
roimin=0
roimax=1000
caloff=0.800000
calfact=12.800000
calfact2=0
calfact3=0
calunit=nsec
caluse=1 
[CHN3]
REPORT-FILE from  written 06/22/2026 15:55:37
cmline1=A3
range=1024
active=0
bitshift=4
cftfak=2580100
evpreset=10          
roimin=0
roimax=1000
caloff=0.800000
calfact=12.800000
calfact2=0
calfact3=0
calunit=nsec
caluse=1 
[CHN4]
REPORT-FILE from  written 06/22/2026 15:55:37
cmline1=A4
range=1024
active=0
bitshift=4
cftfak=2580100
evpreset=10          
roimin=0
roimax=1000
caloff=0.800000
calfact=12.800000
calfact2=0
calfact3=0
calunit=nsec
caluse=1 
[CHN5]
REPORT-FILE from  written 06/22/2026 15:55:37
cmline1=A5
range=1024
active=0
bitshift=4
cftfak=2580100
evpreset=10          
roimin=0
roimax=1000
caloff=0.800000
calfact=12.800000
calfact2=0
calfact3=0
calunit=nsec
caluse=1 
[CHN6]
REPORT-FILE from  written 06/22/2026 15:55:37
cmline1=A6
range=1024
active=0
bitshift=4
cftfak=2580100
evpreset=10          
roimin=0
roimax=1000
caloff=0.800000
calfact=12.800000
calfact2=0
calfact3=0
calunit=nsec
caluse=1 
[CHN7]
REPORT-FILE from  written 06/22/2026 15:55:37
cmline1=A7
range=1024
active=0
bitshift=4
cftfak=2580100
evpreset=0           
roimin=0
roimax=1000
caloff=0.800000
calfact=12.800000
calfact2=0
calfact3=0
calunit=nsec
caluse=1 
[CHN8]
REPORT-FILE from  written 06/22/2026 15:55:37
cmline1=A8
range=1024
active=0
bitshift=4
cftfak=2580100
evpreset=0           
roimin=0
roimax=1000
caloff=0.800000
calfact=12.800000
calfact2=0
calfact3=0
calunit=nsec
caluse=1 
;MCS8 #97 Sversion=1.257 Fversion=3.68
time_patch=1
;datalength=8 bytes
;bit0..3: channel# 1..8 ( 4 bit)
;bit4: edge 0=up / 1=dn ( 1 bit)
;bit5 ..57: timedata    (53 bit), max sweep length 2001.6 h
;bit58..62: tag0..tag4  ( 5 bit)
;bit63:     data_lost   ( 1 bit)
[DATA]
0000000000000016
0000000044f5a3f9
000000043bfc8cb9
000000053889add9
0000000a12fa2339
0000000c64e09899
0000000c7553f099
0000000c76f756d9
0000000cb48d2339
0000000e9fc492f9
00000021573ffb61
00000000025c4d71
0000000000000181
0000001222e27e19
000000151a323719
00000033f7aa8f61
00000000025c4d71
0000000000000181
0000001b47fc2559
0000001e866e6e79
00000020c84575b9
0000004698152361
00000000025c4d71
0000000000000181
00000025918ae7b9
000000281f0256d9
0000002883e210b9
0000002a7936ac59
0000002b3c676879
00000059387fb861
00000000025c4d71
0000000000000181
0000002fe38d0519
000000339eb54759
0000003420b9aad9
00000034b29ad439
00000034b29dee19
0000006bd8ea4c61
00000000025c4d71
0000000000000181
000000397caeb4f9
0000003d9ad2f3b9
0000003e73134859
0000003f31c5dbd9
0000007e7954e061
00000000025c4d71
0000000000000181
000000402f4f17f9
000000409ce90a39
0000004275122e19
0000004375991139
00000046555f8b39
00000046910b0199
0000009119bf7561
00000000025c4d71
0000000000000181
0000004933bcc319
00000049d1ae0e79
0000005181bb9d19
000000a3ba2a0961
00000000025c4d71
0000000000000181
000000537e3d1e99
000000537f639fb9
00000054ab227839
000000578f2b3a19
000000b65a949e61
00000000025c4d71
0000000000000181
0000005fd3f5a859
00000060d32fa8f9
000000c8faff3261
00000000025c4d71
0000000000000181
00000065c06a3d19
0000006b556e8d39
0000006d2aa8ce79
0000006d7298e9d9
0000006d885c5f59
000000db9b69c661
00000000025c4d71
0000000000000181
00000070f2a84879
00000071db51fc99
0000007201664299
00000074ba8057d9
00000075ec0375d9
00000076118bad99
000000ee3bd45b61
00000000025c4d71
0000000000000181
000000788e7367f9
0000008018ea7239
00000100dc3eef61
00000000025c4d71
0000000000000181
000000842fc3a6b9
000000871f3d51b9
000000883c969cd9
000001137ca98461
00000000025c4d71
0000000000000181
0000008b35fdd619
0000008f09aee579
000000929ca61639
000001261d141861
00000000025c4d71
0000000000000181
0000009664e181f9
0000009694693299
000000982ce7d399
000000989eb2a199
0000009ac00e0219
0000009bab3467d9
00000138bd7ead61
00000000025c4d71
0000000000000181
000000a18adf90d9
000000a1fe257859
000000a2fc7c4779
0000014b5de94161
00000000025c4d71
0000000000000181
000000a738aabbd9
000000a7416a5979
000000aafd56f339
000000ab69a89819
0000015dfe53d661
00000000025c4d71
0000000000000181
000000afec68d479
000000b2ea6249d9
000000b5d4a3ab19
000000b665386419
000000b7cc0a6579
000000b846db6a19
000001709ebe6a61
00000000025c4d71
0000000000000181
000000ba4349d539
000001833f28ff61
00000000025c4d71
0000000000000181
000000c411ba4639
000000c60d0c52d9
000000c711bdebb9
000000cabbe2c899
000000caeb10c259
00000195df939461
00000000025c4d71
0000000000000181
000000cb6d7c5659
000000cbaaf73d99
000000ceb6409879
000000cf6f78ea99
000000d16996bbf9
000001a87ffe2861
00000000025c4d71
0000000000000181
000000d45be763b9
000000d4a4e38059
000000d6c8730979
000000d9bb84e919
000000da2250c499
000000dbdb61a299
000000dc28458db9
000000dc6f3e8d59
000000dc96c20559
000001bb2068bd61
00000000025c4d71
0000000000000181
000000e0298e4339
000000e10918a5f9
000000e2b5908cb9
000000e6704184f9
000001cdc0d35161
00000000025c4d71
0000000000000181
000000ee0d3eb379
000001e0613de661
00000000025c4d71
0000000000000181
000000f0ccdd5fb9
000000f2ea3cc639
000000f8654569d9
000001f301a87b61
00000000025c4d71
0000000000000181
000000f9cfbe3bd9
000000fa58b9c679
000000fc5ba1cb19
00000100071d8b19
00000100515fa8f9
00000100d8cbcf99
00000205a2130f61
00000000025c4d71
0000000000000181
000001037b0e74d9
00000103db3278d9
00000105bdd88619
000001066923b9b9
000001078867e739
000001082561d2f9
00000108ab9bf739
0000010bdbdb72b9
00000218427da461
00000000025c4d71
0000000000000181
0000010e4d4e4b99
0000010e57947ef9
00000110fcb796d9
0000022ae2e83961
00000000025c4d71
0000000000000181
00000115bc40f819
00000118a6188199
0000011a138ae6b9
0000011ddfe547d9
0000023d8352cd61
00000000025c4d71
0000000000000181
0000012075b34fb9
0000012409420bd9
0000025023bd6261
00000000025c4d71
0000000000000181
000001281404ba99
00000128939ee9d9
000001297fc8f179
00000129fbac9819
0000012f7c73a8d9
0000013007441779
00000130f8723319
00000262c427f761
00000000025c4d71
0000000000000181
00000132d403e8b9
000001343f0ae699
00000135fbfebb39
0000013772c6f239
00000137efbaf359
0000027564928b61
00000000025c4d71
0000000000000181
0000013c7141dcf9
0000013ee75d6019
0000013f1c698079
0000013fab6f72b9
00000142be241619
0000028804fd2061
00000000025c4d71
0000000000000181
000001462a6165d9
0000014731e96cb9
00000148b3db3fd9
0000014912619039
0000014bd30bcab9
0000014c515b6b59
0000029aa567b561
00000000025c4d71
0000000000000181
0000014f87f02a39
00000150114cb939
00000150eefe9a99
00000152eef7f519
000002ad45d24a61
00000000025c4d71
0000000000000181
00000158bd0dd0f9
00000159bd0992b9
0000015ad4bf5239
0000015bc5b5c7d9
0000015cba852cf9
0000015d66cd42d9
0000015e3d7b0819
000002bfe63cde61
00000000025c4d71
0000000000000181
000002d286a77361
00000000025c4d71
0000000000000181
0000016bf25f60d9
0000016eaaef7719
0000016eb54a6eb9
0000016f06f1cb99
000002e527120861
00000000025c4d71
0000000000000181
00000172fc38b879
000002f7c77c9d61
00000000025c4d71
0000000000000181
0000017d62ae39d9
0000018090b1d379
00000181cc7148d9
0000018356fff399
000001837d8d0e79
0000030a67e73261
00000000025c4d71
0000000000000181
000001859aff5319
000001862a21f2f9
0000018d413c55d9
0000018e00f4bc39
0000018e12cfef19
0000018e6bf50879
0000031d0851c761
00000000025c4d71
0000000000000181
000001916e17cfb9
00000196bca472f9
0000032fa8bc5c61
00000000025c4d71
0000000000000181
0000019d77de8159
000001a019e5bb59
000003424926f061
00000000025c4d71
0000000000000181
000001a4841f4919
000001a59bae0299
000001a6c747b439
000001a832bb7e19
000001aa6c882b39
00000354e9918561
00000000025c4d71
0000000000000181
000001aba93af319
000001abdcb43459
000001ac8285c879
000001ae21af84b9
000001b2b8306d39
000001b348178439
0000036789fc1a61
00000000025c4d71
0000000000000181
000001b78a8b76f9
000001b7ada2c0b9
0000037a2a66af61
00000000025c4d71
0000000000000181
000001be3cc49779
000001be5f8a0659
000001c1f3cf3bd9
000001c26fda9359
000001c307389a79
000001c412567359
000001c4eb518199
000001c5bb381c99
0000038ccad14461
00000000025c4d71
0000000000000181
000001cb30bd8899
000001cc36d3ea19
000001ce4dcfed99
0000039f6b3bd961
00000000025c4d71
0000000000000181
000001d1ef529d59
000001d294a7e539
000001d420d6ac19
000001d4a3631f39
000003b20ba66e61
00000000025c4d71
0000000000000181
000001d937f04f39
000001d93c242479
000001dd5e8cbaf9
000001e1e4fb1799
000003c4ac110361
00000000025c4d71
0000000000000181
000001e3ae386819
000001e46f49dfd9
000001e4a07f9bd9
000001e5c700bcd9
000001e6dcaefbd9
000001e9c2988cb9
000001e9cda5a9f9
000001eb0768ba19
000003d74c7b9961
00000000025c4d71
0000000000000181
000001ec63c44919
000001ed9c8314b9
000001ee3c1085b9
000001f0a44a58d9
000001f25784d799
000001f2d1dae859
000001f353eb69f9
000001f439759d99
000003e9ece62e61
00000000025c4d71
0000000000000181
000001f69a571599
000001f6bfb727f9
000001f9d54acbd9
000001fa9234c239
000001fbc0369499
000001fc021ecf19
000003fc8d50c361
00000000025c4d71
0000000000000181
000001ff6bf899f9
00000200e3186799
00000204385a9879
0000040f2dbb5861
00000000025c4d71
0000000000000181
0000020ab9609db9
0000020ac7236759
0000020b0611cf59
0000020d4ec96f39
00000421ce25ed61
00000000025c4d71
0000000000000181
00000217492562d9
000004346e908261
00000000025c4d71
0000000000000181
0000021b56bb4239
0000021bb928c699
0000021cdc2e6bf9
0000021d00fe6559
0000021fd125fcf9
00000221325eb7b9
000002216c1e8eb9
000002233f8779b9
000004470efb1761
00000000025c4d71
0000000000000181
0000022401289a39
00000224b75298b9
00000224c9de5cb9
00000227141550b9
00000227c05c9119
00000228a42d4759
00000459af65ad61
00000000025c4d71
0000000000000181
00000230c296d3d9
00000233eb2c8299
00000235b6ff41b9
0000046c4fd04261
00000000025c4d71
0000000000000181
00000239aa1e08f9
0000023dd7ce2299
0000047ef03ad761
00000000025c4d71
0000000000000181
0000024596393719
000002489c1fc0b9
0000049190a56c61
00000000025c4d71
0000000000000181
00000249321ef339
0000024bc7d33d99
0000024cbb3d6019
0000024d51a9d079
0000024e2f6ec699
0000025024254a59
000004a431100161
00000000025c4d71
0000000000000181
00000252789d80d9
0000025381539339
0000025535a11a79
000002563b5ab099
00000258351ce699
0000025aba8707b9
000004b6d17a9761
00000000025c4d71
0000000000000181
0000025bdd971079
0000025d8dd13339
00000262367ca2f9
000004c971e52c61
00000000025c4d71
0000000000000181
000002651d12b1f9
00000265faf8e199
00000266357cdb99
000002664b804579
0000026802d03d39
00000268199ad7f9
0000026bc907b4b9
0000026c6a0b6fb9
0000026cffb717b9
000004dc124fc161
00000000025c4d71
0000000000000181
0000026f72b66e99
0000026fcbfec939
000002716064c679
000002722c58b1f9
00000273f7dade99
000002761cf8dd99
000004eeb2ba5761
00000000025c4d71
0000000000000181
00000277ed242459
000002787cae2979
0000027f44e5fe59
0000027fd1b04039
0000027fde22e679
000005015324ec61
00000000025c4d71
0000000000000181
000002847aefb059
000002872eeb6279
0000028768a7a6f9
00000513f38f8161
00000000025c4d71
0000000000000181
0000028bbb8d2af9
0000028da4c94539
0000028dea12b579
0000028f0e158b59
00000292a35d1039
000002931c5f7679
0000052693fa1761
00000000025c4d71
0000000000000181
000002998918fef9
0000029ae2a51279
0000029af59daa39
000005393464ac61
00000000025c4d71
0000000000000181
0000029efdbd1819
000002a0581e14d9
000002a2dd604dd9
000002a32ab04659
0000054bd4cf4261
00000000025c4d71
0000000000000181
000002a614570299
000002a6b520d059
0000055e7539d761
00000000025c4d71
0000000000000181
000002b08fb41379
000002b225c5b999
000002b2f0e88b59
000002b3e8ecb059
0000057115a46d61
00000000025c4d71
0000000000000181
000002bff4339db9
00000583b60f0261
00000000025c4d71
0000000000000181
000002c5427fe519
000002c5d1a94fd9
0000059656799861
00000000025c4d71
0000000000000181
000002cc4f09c3f9
000002ccaf451ef9
000002ce377e28f9
000002ce9cf4b779
000002d00fe91399
000002d0e2609639
000002d311aba1b9
000002d42ff562b9
000005a8f6e42d61
00000000025c4d71
0000000000000181
000002d522f6ab19
000002d8c84fead9
000002dd079c7e99
000005bb974ec361
00000000025c4d71
0000000000000181
000002e098ba2cd9
000005ce37b95861
00000000025c4d71
0000000000000181
000002e850943419
000002e8f9b7ddd9
000002ea1075e679
000002ec7a0adb19
000002ef96a57339
000005e0d823ee61
00000000025c4d71
0000000000000181
000002f27ab88259
000002f5a0f4e5b9
000002f5df2b2e99
000002f6f3370079
000002f854afc259
000005f3788e8361
00000000025c4d71
0000000000000181
000002fbb4c306b9
000002fcafe06b39
000002fe50872c39
000003022fe0dd19
0000060618f91961
00000000025c4d71
0000000000000181
0000030439a16979
0000030457a5ebb9
00000305bb09c619
0000030830323639
0000030a84495039
00000618b963af61
00000000025c4d71
0000000000000181
0000030cfa8a31b9
0000030d9dc3fc79
0000030eca435019
0000030fcd324339
0000031039f25759
000003105c1403b9
000003115435aef9
00000312065b79b9
00000313ad7a63f9
0000031481c9b3d9
0000062b59ce4461
00000000025c4d71
0000000000000181
000003198a9a7e39
00000319bb1c94f9
0000031be887aa79
0000031eeb7b7559
0000063dfa38da61
00000000025c4d71
0000000000000181
0000031f093b7659
0000032234f71a99
00000322a9c34e79
00000323cd7297d9
00000325fd5fd5b9
0000032640bf5ad9
000006509aa37061
00000000025c4d71
0000000000000181
0000032b55598319
000006633b0e0661
00000000025c4d71
0000000000000181
00000331f8241179
00000332472ec5b9
000003346d2b0a19
000003369940ed79
00000338df9867d9
00000675db789b61
00000000025c4d71
0000000000000181
0000033cd4f368b9
00000340c1484519
00000342c377eab9
000006887be33161
00000000025c4d71
0000000000000181
00000344f57e9279
000003496e36be39
00000349f5de6659
0000034b1dc81779
0000069b1c4dc761
00000000025c4d71
0000000000000181
0000035279c9adb9
00000356a9c53a39
000006adbcb85d61
00000000025c4d71
0000000000000181
00000358890a5059
000003592230dd59
0000035a5a23e0b9
0000035c8bfc9499
0000035ca5ed2299
0000035d3b54f239
0000035df7156419
000006c05d22f361
00000000025c4d71
0000000000000181
0000036390c047b9
0000036679c01f39
000006d2fd8d8961
00000000025c4d71
0000000000000181
0000036a77544139
0000036f7e8d3139
000003714a0627f9
000006e59df81e61
00000000025c4d71
0000000000000181
000003774d5cbaf9
00000377e0d39fb9
0000037a55ed5479
0000037aba7a9699
000006f83e62b461
00000000025c4d71
0000000000000181
0000037d2b7f0179
0000037d705c9a59
00000381b6ec52f9
000003820a4a3c99
00000382bd633ab9
0000070adecd4a61
00000000025c4d71
0000000000000181
00000386e277b679
00000389e81516b9
0000038a3b40c939
0000038af712dd79
0000038b1b5f54d9
0000038b2808a9d9
0000038b7a1d83f9
0000038b7ea8dc79
0000071d7f37e061
00000000025c4d71
0000000000000181
0000038ede0f2319
00000396c3bc3739
00000396d22b21f9
000007301fa27661
00000000025c4d71
0000000000000181
000003993c3d74d9
00000399dbce4579
0000039adfe6e1d9
0000039c716b0f59
00000742c00d0c61
00000000025c4d71
0000000000000181
000003a26e31c079
000003a2cc3c9579
000003a3f8e58c99
000007556077a261
00000000025c4d71
0000000000000181
000003ac475259b9
000003ad4a641999
000003adbe1d3df9
000003b01648ff79
000003b03c41d1d9
000003b2a05ad399
000003b30d18f759
0000076800e23961
00000000025c4d71
0000000000000181
000003b41916ca79
000003b50a670199
000003b5d6f918f9
000003bc615350b9
0000077aa14ccf61
00000000025c4d71
0000000000000181
000003be6a8a0179
000003c0992b3319
000003c1ca232e39
000003c2a0a382b9
000003c3110c5899
000003c4cb339219
0000078d41b76561
00000000025c4d71
0000000000000181
000003cce9b58dd9
0000079fe221fb61
00000000025c4d71
0000000000000181
000003d01f162859
000003d0497297b9
000003d2386c32d9
000003d3b9e3f599
000007b2828c9161
00000000025c4d71
0000000000000181
000003da893c6ef9
000003dba9e11f39
000003de4ef740f9
000003df5259d1f9
000003dfaae50839
000003e118c95bd9
000003e1399bf599
000007c522f72761
00000000025c4d71
0000000000000181
000003e35d3642b9
000003e397842f59
000003e4f7de30d9
000003e50a2f63b9
000003e825e0c039
000003ebac286199
000007d7c361bd61
00000000025c4d71
0000000000000181
000003ed9782e0d9
000003f3a1182f99
000007ea63cc5461
00000000025c4d71
0000000000000181
000003f558417619
000003f918ea09b9
000003f99a0ab7f9
000007fd0436ea61
00000000025c4d71
0000000000000181
00000405c3a57cf9
00000406ab54b7b9
00000407c2bda299
0000080fa4a18061
00000000025c4d71
0000000000000181
0000040ae226d859
0000040b03fa7359
0000040d3db294f9
0000040f73ffe539
0000040fdef44cd9
00000822450c1761
00000000025c4d71
0000000000000181
00000412815e3299
000004138dbf6839
000004172b5f5a59
00000834e576ad61
00000000025c4d71
0000000000000181
0000041af289a379
0000041b6ce16819
0000041db8281959
0000041e617924d9
00000420220f4919
000004208d207719
00000420a8ecddf9
00000422905d0d79
0000084785e14361
00000000025c4d71
0000000000000181
000004273d81cd99
000004290716b699
0000042ab5ab8299
0000042b300e1e19
0000042c1b2fc7f9
0000085a264bda61
00000000025c4d71
0000000000000181
000004346795b479
0000086cc6b67061
00000000025c4d71
0000000000000181
000004382ccab819
0000043b385f9899
0000043f5d742999
0000043f5d744139
0000087f67210761
00000000025c4d71
0000000000000181
0000043fcc4b8719
00000444dc21bb39
00000445883bd219
00000445966c2dd9
000004475a73b079
00000448970f2559
00000892078b9d61
00000000025c4d71
0000000000000181
00000449b41a9ed9
0000044badc4ee59
0000044bb596f079
0000044c1a1a3259
0000044d2e2fb919
0000044ef4d3b079
00000451744dd6b9
000008a4a7f63461
00000000025c4d71
0000000000000181
0000045694610979
00000458b1cbb339
00000458b88f5359
0000045b018348b9
000008b74860ca61
00000000025c4d71
0000000000000181
0000045cda3e09d9
000004602d77dc59
00000461585abc99
000008c302fc0461
00000000025c4d71
0000000000000181
