[MCS8 A] 97 FW 3.104 SV 1.257 
range=1024
periods=2
sweepmode=27e20d0
fstchan=0
holdafter=0
streamstatus=3
calreg0=0
calreg1=0
calreg2=0
calreg3=0
swpreset=8000        
prena=0
syncout=0
cycles=18
sequences=1
tagbits=16
vdac0=92c
vdac1=807
vdac2=8c8
vdac3=8c8
vdac4=8c8
vdac5=8c8
vdac6=8c8
vdac7=8c8
timepreset=20.000      
digio=0
digval=0
autoinc=0 
savedata=2 
mpafmt=asc
sephead=0 
fmt=asc
smoothpts=5 
[CHN1]
REPORT-FILE from 06/19/2026 12:35:33.047  written 06/19/2026 12:35:33
cmline0=06/19/2026 12:35:33.047 
cmline1=A1
range=1024
active=1
bitshift=4
cftfak=2580100
evpreset=10          
roimin=0
roimax=1000
caloff=0.800000
calfact=12.800000
calfact2=0
calfact3=0
calunit=nsec
caluse=1 
[CHN2]
REPORT-FILE from  written 06/19/2026 12:35:33
cmline1=A2
range=1024
active=0
bitshift=4
cftfak=2580100
evpreset=10          
roimin=0
roimax=1000
caloff=0.800000
calfact=12.800000
calfact2=0
calfact3=0
calunit=nsec
caluse=1 
[CHN3]
REPORT-FILE from  written 06/19/2026 12:35:33
cmline1=A3
range=1024
active=0
bitshift=4
cftfak=2580100
evpreset=10          
roimin=0
roimax=1000
caloff=0.800000
calfact=12.800000
calfact2=0
calfact3=0
calunit=nsec
caluse=1 
[CHN4]
REPORT-FILE from  written 06/19/2026 12:35:33
cmline1=A4
range=1024
active=0
bitshift=4
cftfak=2580100
evpreset=10          
roimin=0
roimax=1000
caloff=0.800000
calfact=12.800000
calfact2=0
calfact3=0
calunit=nsec
caluse=1 
[CHN5]
REPORT-FILE from  written 06/19/2026 12:35:33
cmline1=A5
range=1024
active=0
bitshift=4
cftfak=2580100
evpreset=10          
roimin=0
roimax=1000
caloff=0.800000
calfact=12.800000
calfact2=0
calfact3=0
calunit=nsec
caluse=1 
[CHN6]
REPORT-FILE from  written 06/19/2026 12:35:33
cmline1=A6
range=1024
active=0
bitshift=4
cftfak=2580100
evpreset=10          
roimin=0
roimax=1000
caloff=0.800000
calfact=12.800000
calfact2=0
calfact3=0
calunit=nsec
caluse=1 
[CHN7]
REPORT-FILE from  written 06/19/2026 12:35:33
cmline1=A7
range=1024
active=0
bitshift=4
cftfak=2580100
evpreset=0           
roimin=0
roimax=1000
caloff=0.800000
calfact=12.800000
calfact2=0
calfact3=0
calunit=nsec
caluse=1 
[CHN8]
REPORT-FILE from 06/19/2026 11:29:06.915  written 06/19/2026 12:35:33
cmline0=06/19/2026 11:29:06.915 
cmline1=A8
range=1024
active=0
bitshift=4
cftfak=2580100
evpreset=0           
roimin=0
roimax=1000
caloff=0.800000
calfact=12.800000
calfact2=0
calfact3=0
calunit=nsec
caluse=1 
;MCS8 #97 Sversion=1.257 Fversion=3.68
time_patch=1
;datalength=8 bytes
;bit0..3: channel# 1..8 ( 4 bit)
;bit4: edge 0=up / 1=dn ( 1 bit)
;bit5 ..57: timedata    (53 bit), max sweep length 2001.6 h
;bit58..62: tag0..tag4  ( 5 bit)
;bit63:     data_lost   ( 1 bit)
[DATA]
0000000000000016
0000000064ff3979
00000000a4f9ccf9
00000002016da6d9
00000002016da759
0000000210a85739
0000000238d1d1f9
000000024a42dc59
00000003232cc019
00000003232cc5d9
0000000382cf8f39
000000069a1c2d59
00000006b52bcbb9
00000007638d3939
0000000884b6ddf9
00000009785670b9
0000000987314b79
0000000a87bf8c59
0000000b96f881d9
0000000c0e787f39
0000000c1fe7f4f9
0000000d3f5aa1f9
0000000e29159f59
0000000e6f2af5b9
0000000e71b64659
0000000e71c97939
00000010529610f9
000000215622db61
0000000000f99971
0000000000000181
00000010e6265839
0000001142a070d9
0000001165539f59
00000011b52c53b9
0000001257a79c19
00000012acf85719
00000012f5bc7979
00000012f9812bb9
0000001313876939
0000001481241399
00000014ff03b159
000000160be8a959
0000001654a5af99
0000001696087719
000000174e6b2259
00000017a94e66d9
000000181fa4f0f9
000000184b3ee179
00000018c0eedb39
000000190a66ec59
000000196e9f23b9
000000196f36e1f9
00000033f68d8e61
0000000000f99971
0000000000000181
0000001a15602e19
0000001b3e254a39
0000001b3e254d79
0000001c175e4ff9
0000001c9dcd6099
0000001d1c7bddd9
0000001d4d29ea19
0000001d632c5799
0000001d778b3539
0000001db8392519
0000001e3315f979
0000001ea8037fd9
0000001f1ffed4d9
0000001f94aa3719
0000001ff66ac359
0000001fffdb8c99
0000002023e6aad9
00000020bc145c59
000000215e3d9f59
00000021744afdd9
0000002271976c59
00000022b06fc719
00000022e7d4d219
000000230e0c8fd9
0000004696f84161
0000000000f99971
0000000000000181
00000023831e98d9
000000239ee1d0d9
00000023cc357799
000000240e9971f9
0000002457a0e4b9
00000024d46855b9
00000024f2f3a139
0000002622c538f9
000000264d9cec59
00000026815138f9
00000026a3524539
00000026c2cf5519
000000270a020639
00000027caf977b9
00000029cf92d1b9
0000002b360800d9
0000002bf15b52b9
000000593762f561
0000000000f99971
0000000000000181
0000002cb619f639
0000002cd716f619
0000002d6d1a1859
0000002dd57d1eb9
0000002e856fc4d9
0000002ef265e6f9
0000002ef2660699
0000002ff2b7c779
00000031458076b9
00000031857e89b9
00000032a98d9599
0000003303f71539
0000003358990019
000000338704fcb9
00000034921f80d9
0000006bd7cda861
0000000000f99971
0000000000000181
000000362f5f1d59
00000036647b2e59
000000371ce3da59
00000037833549b9
0000003806270459
0000003889e3cf19
00000038bc64a7b9
00000038e9f926f9
000000395e7153b9
00000039df2093d9
00000039fa321239
0000003ade8847f9
0000003ae4066e79
0000003b0ffc4019
0000003b22077919
0000003b47a8b479
0000003b47a8b639
0000003c2d18f4f9
0000003c43583739
0000003c787d89f9
0000003d22c85599
0000003d31b8b4d9
0000003d32b25f79
0000003e8c46e679
0000003ebc753919
0000003ee19e7079
0000007e78385c61
0000000000f99971
0000000000000181
0000003f672f8459
0000003fb2022a39
0000003fde3fcf39
000000403e897459
000000414cd23659
0000004231cbea59
00000042aca51ff9
00000042e4e79c99
00000043723ff739
00000043900d1119
00000044a6f7d639
00000045794503d9
000000458baac6f9
00000045d7633459
000000473f5da2f9
00000047f153d459
0000009118a30f61
0000000000f99971
0000000000000181
00000048d82fd1b9
00000048f5523e59
0000004928e44bb9
0000004b82ec3bd9
0000004b8d6f8859
0000004bd5cd1cb9
0000004c40b60d99
0000004cd229bc59
0000004e0908f339
0000004e696adeb9
0000004e8477ac19
0000004e8999a0b9
0000004eb2d155b9
0000004ee0d543b9
0000004f73c67eb9
0000004f96fc46b9
0000005079541379
000000517d07dcb9
000000a3b90dc361
0000000000f99971
0000000000000181
0000005385cb8499
00000053ca6cdc59
00000053fa14f8f9
00000053fc31b9f9
0000005435980739
000000543b520939
000000543e9273d9
000000546ca74c59
00000055965d9ef9
00000055d4fbd099
00000056b9d898b9
00000056f0e74739
00000057e42eceb9
00000058af52aed9
00000058f7e1f539
00000059e7728b39
0000005acc23c6b9
0000005acdcbb579
000000b659787761
0000000000f99971
0000000000000181
0000005b417b4c79
0000005c2fa07ad9
0000005cb816f959
0000005cec3849f9
0000005cf8c27139
0000005d934d4a19
0000005d994c02b9
0000005dc4a6d979
0000005e3f228739
0000005efe91e6b9
0000005fa8932799
0000005fc6fd7739
0000005fc9cdca99
00000060538199d9
00000060fcf01579
00000061954daf79
0000006249cf9fb9
00000062c3d33919
00000062c9b011d9
000000636a2b73b9
00000063c4ee1f19
000000c8f9e32a61
0000000000f99971
0000000000000181
00000064f1261c59
00000064f8950e79
00000064ff787b39
00000065506a8e79
00000065f5833a59
000000669f678499
000000677e6092b9
000000696b44bd59
000000698fe38099
0000006b9378b099
0000006b98933a59
0000006bc217dfd9
0000006bef02ccd9
0000006ca0d7d4b9
0000006ca0d7f9d9
0000006cd7143d19
000000db9a4dde61
0000000000f99971
0000000000000181
0000006e931bf159
0000006e99ec5919
0000006ee2111cd9
0000006f2df06039
0000006f33b2ec19
0000007055bc9479
000000705a1f3119
00000070700e0339
00000070eae4d5f9
00000071a0e8b3b9
0000007284435819
0000007323dfb719
0000007359115c99
00000073c39ae1b9
00000073de166739
000000744dbb6159
00000075411aff59
000000754e73e839
000000756f201499
00000075cccecf99
0000007636a44e79
000000764e2b5f79
00000076975388f9
00000076c9edb6b9
00000076da56d679
00000076dc3bcfb9
000000ee3ab89161
0000000000f99971
0000000000000181
0000007768ea5059
00000078c0849e39
00000079bcf73799
00000079e1025eb9
0000007a432328b9
0000007a4ed61559
0000007bd59f9a59
0000007c1d2139f9
0000007c83651ff9
0000007c83fe35d9
0000007d2a149a99
0000007e5849cdb9
0000007e636fee79
0000007e9e2d5d99
0000007edf2d36b9
0000007ee7945679
0000008025d71c39
00000100db234561
0000000000f99971
0000000000000181
00000080e0b14ad9
000000814f548279
000000817d6ad4b9
0000008215ea5499
000000827fa377d9
00000082bb28ff99
0000008301ff05d9
00000083857426d9
00000083b6efcd19
0000008453b891b9
0000008504a6f119
000000852e4e5a39
00000085ddccd859
00000086cd7524b9
00000087540067b9
00000087bcdf41f9
0000008800ea0099
00000088181c2299
0000008859bd3f59
000000889e736ed9
00000088f55c6119
000001137b8df961
0000000000f99971
0000000000000181
00000089ede50e39
0000008a71196799
0000008b4fb56779
0000008b917d60d9
0000008bfce2bbb9
0000008c245715f9
0000008c2d7a92d9
0000008c8a9af839
0000008d004f4db9
0000008d20b64059
0000008dd81f0039
00000090028cf919
000000903682d419
0000009238ccca59
0000009265c92919
00000092f1308819
000001261bf8ad61
0000000000f99971
0000000000000181
0000009371477859
0000009376557cf9
00000093c1d11a39
00000094b2fc2f99
00000095a0fa77f9
000000965bd8f2b9
00000096bb457f19
0000009793c2de99
000000981947b819
0000009853d89059
000000989c45d239
000000993dce58f9
00000099676322f9
00000099de0f6a39
0000009b01325e39
0000009bba47cf19
00000138bc636061
0000000000f99971
0000000000000181
0000009cb82a5679
0000009d1ea7e059
0000009d2102fa39
0000009de1e4ac39
0000009e7cdb60f9
0000009fc1a8adf9
0000009fff169fd9
000000a1095d49b9
000000a149ff35f9
000000a2007ea579
000000a255993b79
000000a26608c1f9
000000a28f0e36d9
000000a2b3ac93d9
000000a2b3aca7b9
000000a2f31d1399
000000a336501439
000000a3c84ff7d9
000000a429f6e719
000000a42ff356f9
000000a4365cb4b9
0000014b5cce1461
0000000000f99971
0000000000000181
000000a60a10bdd9
000000a61b962fd9
000000a638169a59
000000a7662a3239
000000a81b103479
000000a845f03bf9
000000aaf7071dd9
000000ab4dbcf439
000000ab817e19b9
000000abb55c7f59
000000ac41bdb019
000000ad2e719859
000000ad721689d9
000000ae0d4c1eb9
000000ae296633f9
000000ae39033719
000000ae74f3fc99
0000015dfd38c861
0000000000f99971
0000000000000181
000000af1a00c819
000000b006e081b9
000000b050723779
000000b087aa4f99
000000b16860c5b9
000000b1788cb7b9
000000b1dadc7139
000000b1ef6fdab9
000000b21328bfb9
000000b30f01abf9
000000b36e0e9d59
000000b371b49e99
000000b3e5c615b9
000000b4b8c67b39
000000b533d2f399
000000b533d2f579
000000b544ad1f79
000000b592be7f79
000000b5c90a73b9
000000b6aa195319
000000b766dc1739
000000b80f079a19
000001709da37c61
0000000000f99971
0000000000000181
000000b85f5d3a99
000000b871e9acd9
000000b892916d19
000000b8e133e879
000000b9c5953639
000000b9e9437a39
000000ba44cc7519
000000ba5abb7699
000000bacf82cf19
000000bb078e0319
000000bb36d9c899
000000bbadaf7f59
000000bbceb79c79
000000bd1566cb79
000000bd22a4a5b9
000000bd45d437d9
000000bd926b6179
000000be360465f9
000000be9473f099
000000bf07215199
000000bfae005479
000000c05218fb99
000000c06eefc519
000000c1181ab0b9
000001833e0e3061
0000000000f99971
0000000000000181
000000c1b2249cf9
000000c3b0c5ea19
000000c50b9ae539
000000c52401fa59
000000c5a4eff3b9
000000c5efe2c1b9
000000c632cc6899
000000c6cd886979
000000c6e0717499
000000c70342f559
000000c716ebf999
000000c74a60ef79
000000c779c26379
000000c8c8c2f2f9
000000c8cc0db5f9
000000c8d34697f9
000000c8de71e639
000000c9ea5e4079
000000ca0039e9b9
000000cab9119019
000000cad13e0b99
000000cadbedbe99
00000195de78e461
0000000000f99971
0000000000000181
000000cb01482579
000000cb0395f199
000000cba6e42739
000000cc66097199
000000cdcbbeb559
000000cde54a3e19
000000ce026235b9
000000ce23f6c059
000000ce65b28e59
000000ce65b28f99
000000ce7d0d17d9
000000cea8c84379
000000cf576bded9
000000cf92ddadf9
000000d115aae499
000000d1ffd94e19
000000d20e13e539
000000d2d6bd6d59
000000d36f935899
000000d389597fd9
000000d3980e9fb9
000000d3b8403419
000000d3d981bf79
000001a87ee39761
0000000000f99971
0000000000000181
000000d44f3ed279
000000d4a5db2379
000000d4e18c3939
000000d50d12e6f9
000000d586173639
000000d633412e59
000000d6f07eff99
000000d744baea39
000000d7938b3a19
000000d7a1ea0499
000000d7b4180cf9
000000d8b46ff4d9
000000d8cb21b659
000000d90bb94c79
000000d92554f1b9
000000d950831e19
000000da3a21e8f9
000000da453f60b9
000000da9d2d6a59
000000dc4e6f0439
000000dcb112cd19
000000dcccc3dbd9
000000dcf2bd6dd9
000001bb1f4e4b61
0000000000f99971
0000000000000181
000000ddd9be0e99
000000df18a86bb9
000000df2bc823d9
000000df312e5139
000000df328eb559
000000dfe2421459
000000e0279af499
000000e02f2c9939
000000e05cda9d39
000000e0818963b9
000000e0a709f839
000000e0f40db259
000000e16b441519
000000e1af597879
000000e22332bd19
000000e26e9746b9
000000e2992c8bb9
000000e2d91bd7d9
000000e2f4376899
000000e465074699
000000e5b5b54e99
000000e662409259
000000e67a9420d9
000001cdbfb8ff61
0000000000f99971
0000000000000181
000000e81c0758d9
000000e85d6b8e19
000000e87d958599
000000e8a6052779
000000e91f06a919
000000e9441fca79
000000ea0f573259
000000eda927af39
000000ef3a04b1d9
000000ef909ef379
000000efb08a3479
000000f0203a7c19
000001e06023b361
0000000000f99971
0000000000000181
000000f0a642c059
000000f0de25baf9
000000f194998cd9
000000f19525ce79
000000f1bc1bab99
000000f1c9a54e99
000000f29064d859
000000f2a9af8ff9
000000f433aa8419
000000f468c93f59
000000f4c3f0aa39
000000f5167c91d9
000000f596cb3459
000000f5b898fbf9
000000f5bcbfbb39
000000f6173e4139
000000f65e10fa59
000000f73fc64579
000000f80c1ebad9
000000f8d0f2bb19
000000f8d972c659
000000f946638419
000000f96a009419
000001f3008e6861
0000000000f99971
0000000000000181
000000fa90388459
000000fb1fcc5259
000000fbb2479119
000000fc08c06c59
000000fc7a3ed619
000000fc8ced6899
000000fc914d9d39
000000fca95862f9
000000fceb894159
000000fd8854bb99
000000fdd45878f9
000000fe57dc61f9
000000ff7458b059
000001007bc12519
00000100d5d736b9
00000100e912b5f9
00000101bea6eef9
00000102ba8130f9
00000102bdef0719
00000205a0f91c61
0000000000f99971
0000000000000181
0000010334490859
0000010357bbdc39
0000010359248759
00000103cad50af9
00000103f1e0b6d9
0000010436694f39
000001049b976999
00000104fa650b79
00000105313c21d9
00000105d22996b9
00000105ed62c599
00000105eef3d739
000001066643c0f9
00000106c1700e99
00000106ce92ee99
00000106e897b099
00000107969e3839
00000107cebfe019
00000108af1a9fb9
0000010955290519
000001096bece539
000001099f75bed9
00000109a9c3dfb9
0000010a4c3e7d39
0000010a862d3979
0000010aa08c7cd9
0000010ae1525d19
0000010b203e8eb9
0000010bc7be5779
000002184163d061
0000000000f99971
0000000000000181
0000010c232bc539
0000010c27724b39
0000010ca86c01d9
0000010ceb44e5b9
0000010d27f73eb9
0000010d40d04879
0000010d4a423799
0000010e63162979
0000010e911e7cd9
0000010f4f602859
0000011035156d99
0000011038ed2959
0000011038ed2a79
000001113f67e219
00000111d34c1759
000001128dca9f59
00000112eb8ca1d9
000001133206dc19
000001137af4a5d9
000001139cbdd859
000001147bca5079
00000114d3b2bbd9
0000022ae1ce8461
0000000000f99971
0000000000000181
00000116534a28b9
000001170284f7d9
0000011756f52019
0000011810b057f9
000001186dd91fb9
00000118df1521d9
000001199a1cb239
00000119b6477e19
0000011b289ee219
0000011b7a9f6c79
0000011b96f05e59
0000011c4a59b7b9
0000011d04d22b39
0000011d492e5339
0000011e1c0ceff9
0000011e67f24d99
0000011e712064d9
0000011e76276b19
0000023d82393861
0000000000f99971
0000000000000181
0000011ecee31659
0000011f488bf6b9
0000011f50117119
0000011f59c80159
0000011fa4c470f9
0000012033d49119
0000012138115539
000001219f466959
00000121f61dfaf9
00000122111aecd9
000001225b1999d9
000001228fbd8179
00000122e22dcc99
00000122fc0c48f9
000001231f6b72d9
000001235ea69c19
000001236556bd59
00000123a58901f9
00000124d364d119
00000124ee243439
00000125a9074a79
00000125dc898d59
00000125edc11819
00000125fd7f52d9
0000012630423559
0000012657ed5339
00000126ace73d99
0000012747746059
0000012761279019
0000012808bd7fb9
0000025022a3ec61
0000000000f99971
0000000000000181
000001286dae10f9
00000128ea9ef359
0000012a76de91d9
0000012ac1825779
0000012b3272a499
0000012bb56100f9
0000012cb7b77579
0000012d923e0039
0000012da8708979
0000012dc98efb19
0000012dde379859
0000012dec691bf9
0000012e52893fb9
0000012e9b86f3b9
0000012ee19934d9
00000130b2021719
00000130e09f0319
00000130ffb2d959
00000131099e44b9
0000013126da8e59
00000262c30ea061
0000000000f99971
0000000000000181
00000131a554d2f9
00000131bd5d4519
000001320801ddf9
000001327bb80f19
00000132bac40839
000001350a764c39
000001358504d019
00000135bbec9ff9
00000136012ca719
00000136b95a3c59
00000136f39a6c59
00000137012b9819
0000013710f7dc79
000001381c800019
000001386bd16439
000001386bd17739
00000138b7383bb9
000001399ba3f639
0000013a78a5e839
0000027563795561
0000000000f99971
0000000000000181
0000013b32d95a19
0000013bed934df9
0000013bfb6b8e39
0000013c057b94d9
0000013c2a1a95f9
0000013c4bb069b9
0000013ca6122779
0000013cc6a51cf9
0000013d2db2ea79
0000013d510bfc99
0000013d90523079
0000013e0413ad79
0000013e4b8da9b9
0000013f5b430259
000001403a30cf19
000001405bae3219
00000140a6042539
00000140e15b6a19
000001412c06ac39
000001414f064499
0000014266998339
00000142a9ccba19
00000142e4886399
000001430e99aaf9
000001433c9cb8b9
00000143b06736d9
00000143d96e8b19
00000143daef9ff9
0000028803e40961
0000000000f99971
0000000000000181
00000145b37cc019
00000145fcbf7239
000001461e6b37d9
0000014622171139
0000014693125819
00000146d32bf259
0000014745e111f9
0000014891f5c659
0000014916792019
000001494d222299
0000014955c1ab39
00000149d08ff699
00000149ee799839
0000014ac2ea0059
0000014af63f7499
0000014c16842a79
0000014c57d21059
0000014c8d960019
0000014cb3338619
0000014d2dc95f19
0000029aa44ebd61
0000000000f99971
0000000000000181
0000014e2d8def39
0000014e2d8e2579
0000014f8832c099
0000014fdec14a79
0000015005984119
000001506eb61c19
00000150ea0e03f9
00000151e98e9319
0000015265940bd9
00000152c1a3eb59
000001530cf99fb9
000001533f94a759
000001536a71b419
000001538f7faa99
000001552aa95bf9
00000155cfcc1f19
000001560eda3539
000001568c42edb9
000002ad44b97261
0000000000f99971
0000000000000181
00000156a82431f9
000001571a457939
0000015744811a99
00000157aac46759
0000015817d110b9
000001586c9b3339
0000015923ebd519
000001594a494039
0000015a85f81bb9
0000015ae337ed39
0000015af99247f9
0000015b2a115e79
0000015b9135bc59
0000015c02820b59
0000015c2d9d1139
0000015c60671ed9
0000015c76da70d9
0000015c84006f79
0000015cc659e399
0000015ceafae8f9
0000015da19f5c19
0000015db71cdff9
0000015e0275a9b9
0000015ea1a97e99
0000015ed3045c79
0000015ed3d8b019
0000015fc1b48c19
000002bfe5242661
0000000000f99971
0000000000000181
000001601224b3f9
000001609135bef9
00000160be66acf9
000001611f86a839
00000161b89a3c79
00000162100c6ff9
00000162c76a8839
00000163392b2259
00000163aa7a96d9
00000163aa7ab319
000001644674c8d9
00000166a23e4c19
000001678f83f119
00000167ec1819b9
000002d2858eda61
0000000000f99971
0000000000000181
00000169490d9bb9
0000016a966d1e79
0000016b4a377739
0000016bb2da0a79
0000016c1bb529d9
0000016c59e10d79
0000016d8a26e799
0000016eca852bf9
0000016f165c1639
0000016f6dd7ac39
0000016faf653279
0000016fb91c6eb9
0000017058cbb9f9
00000170d3efff19
00000170d97de419
0000017146f3ded9
0000017222c8b2d9
000002e525f98f61
0000000000f99971
0000000000000181
00000172e3625599
00000173670867f9
0000017399f9ecd9
00000173cee2e6d9
000001743c7c8319
00000174a3d391f9
00000176198165b9
00000176d416c179
00000177095d0519
0000017727ea4cb9
0000017798ffd179
00000177bac53dd9
00000177e704ebf9
000001782125be59
000001789a9dec59
00000178d9aadd99
00000178dd7625d9
00000178f984b719
000001794bc2cbb9
000001797dba1479
0000017a91887fb9
0000017a9ffff619
0000017aa7849699
000002f7c6644361
0000000000f99971
0000000000000181
0000017c05c94e39
0000017cd025f8f9
0000017dace8de19
0000017e07aeabf9
0000017ec0f2b479
0000017f11494759
0000017f9dce2b19
000001802066a979
00000180557d7bd9
0000018094b1d519
00000180ad1258d9
000001810530db19
000001816894d8f9
0000018260c7e599
000001835e8bcc99
0000018378f34859
00000184554b2a19
0000018456d92679
00000184d607e599
00000185044f11d9
0000030a66cef861
0000000000f99971
0000000000000181
000001855858e5d9
0000018569b875d9
000001873c8a76f9
00000187a2503a99
00000187dfde7a99
00000188525f56f9
0000018855f836f9
00000188ef564119
000001892fd2ceb9
00000189604bbf79
0000018997799b99
00000189cc410ad9
0000018a32421059
0000018b505b66d9
0000018b6d62ec59
0000018bccb6cc19
0000018c230824d9
0000018c97585539
0000018d27cf6999
0000018d53da1199
0000018d866e71b9
0000018dc2dd6f99
0000018e0c5e55f9
0000018e0efe09f9
0000018e0efe0a99
0000031d0739ad61
0000000000f99971
0000000000000181
0000018efcfee979
0000018f252e54f9
0000019070f78219
000001911bb76bd9
000001914b3fe259
00000191644ea459
000001924b464759
00000192527b3fd9
00000192699c1a19
000001927cd6e559
00000192894fe039
00000192c1fdacd9
00000192d6fff339
00000194499d2d59
00000194ec75b439
000001954531be79
00000195e65b2a99
0000019635463639
0000019654b7b799
000001966ba3d8f9
00000196735cc3d9
00000196f6800db9
00000197af1e0ad9
0000032fa7a46161
0000000000f99971
0000000000000181
0000019a23f50db9
0000019a73ad68d9
0000019b327e8899
0000019b51ff0f19
0000019b7d99a799
0000019b913610b9
0000019bc5ffac19
0000019c446a13b9
0000019cde951b39
0000019e4a6a2ed9
0000019e60453979
0000019e63e1fab9
0000019e83354a19
0000019e8b00d4d9
0000019ea40e15b9
0000019eaa750619
0000019f4ba5d019
0000019f722fb7b9
0000019fc9b31719
000001a08349e7f9
000001a0da17a579
000001a106849259
00000342480f1661
0000000000f99971
0000000000000181
000001a171dfa399
000001a23f42e0d9
000001a25a0fe8d9
000001a28205fa59
000001a2ac5fa1f9
000001a2c5640679
000001a31db8cc19
000001a383377f79
000001a3e8643479
000001a4dd5389d9
000001a4f28cc0b9
000001a50ba16f39
000001a5c9196a19
000001a609ede759
000001a61464c699
000001a662d5e5d9
000001a75a23baf9
000001a78835d1b9
000001a7a47672b9
000001a87f825f79
000001a88c19d139
000001a88f6cb5d9
000001a94865b099
000001a9d27a1ff9
000001aa386f08d9
00000354e879ca61
0000000000f99971
0000000000000181
000001aab844fbd9
000001aae2e20119
000001aaf9596f59
000001ab2e01d3b9
000001abebd0c7b9
000001ac4f9ae539
000001acad04e679
000001acb01f1a59
000001ad5a8bbb79
000001ad872410b9
000001adaf3acf39
000001ae595dee59
000001aec21853d9
000001af4064d919
000001af67769299
000001af6a18cd39
000001af914d4ff9
000001afc29254f9
000001b093e2bdd9
000001b0b99c4119
000001b1f6bc2699
000001b222bb2b19
000001b268817fd9
000001b277125759
000001b2a70cdfd9
000001b2f5849eb9
000001b32e415659
000001b39550b859
000001b3a4615419
0000036788e47f61
0000000000f99971
0000000000000181
000001b48874dab9
000001b4985b1519
000001b4d999af99
000001b534a041d9
000001b536470d19
000001b555808379
000001b576e79af9
000001b6ab08b699
000001b7bb3ac159
000001b888c8ca39
000001b8dd9e16d9
000001b8e3359519
000001b92bec3479
000001b9aee73239
000001bb25c0c919
000001bbcaad7f99
000001bc28a47ab9
000001bcc54ce9b9
0000037a294f3461
0000000000f99971
0000000000000181
000001bdff971d19
000001bf266f6ab9
000001bf89d599b9
000001bff94945b9
000001c00aa84eb9
000001c08f5c5519
000001c0f5a9eb79
000001c0f6441919
000001c10fcc0299
000001c171200f79
000001c1ebe79539
000001c1ebe798b9
000001c1f83647d9
000001c246f5f659
000001c32fb3a259
000001c34ae10d39
000001c3a8340539
000001c3c99388f9
000001c4b57329d9
000001c4f7274299
000001c4f950edb9
000001c4fc80d3d9
000001c5cc48ae79
0000038cc9b9e961
0000000000f99971
0000000000000181
000001c704d996b9
000001c720aa8819
000001c741f39439
000001c87b2796f9
000001c9877aabb9
000001c98bc01359
000001c9c015dfd9
000001c9ee6dfed9
000001c9ee6e0079
000001cb2b0c16b9
000001cb71bd9fb9
000001cdc6ca9c79
000001ce714e99b9
000001cee15f8e39
000001ceeb31f9b9
000001cf34c2bad9
0000039f6a249d61
0000000000f99971
0000000000000181
000001d0440616d9
000001d0ec8f0819
000001d0ffa5d839
000001d19a0cdcb9
000001d243e4e239
000001d2d6af1fd9
000001d353291679
000001d3b8146359
000001d3b81463d9
000001d44351cad9
000001d4471471d9
000001d49e44deb9
000001d56aee31b9
000001d583c03e39
000001d5986d18d9
000001d5a4445d19
000001d5c8c05d99
000001d5f95be3d9
000001d6abe7ba19
000001d755546799
000001d75ac15559
000001d7789885f9
000001d77f54ba19
000001d79ef66199
000001d8b7d31059
000003b20a8f5261
0000000000f99971
0000000000000181
000001d97674b119
000001d9d3a35579
000001d9d48b93d9
000001d9df0731b9
000001da7d1c7319
000001da9c8ad859
000001dace930b39
000001daee6cde39
000001daee6cdeb9
000001db0cf09279
000001db15e079f9
000001db19d2c159
000001dc7fd065d9
000001dcdc542d79
000001dd23259ff9
000001ddd1d20ed9
000001de90920739
000001dfd01d7559
000001e19cff8ef9
000001e200728a79
000001e21c07f159
000001e21c085f99
000003c4aafa0761
0000000000f99971
0000000000000181
000001e258ce3cb9
000001e2cd7715f9
000001e36159d679
000001e36d8aa519
000001e3a5de7d19
000001e402804159
000001e4ac2caf79
000001e4ce3494f9
000001e5fb9abef9
000001e5ff5c0bb9
000001e641790619
000001e648f8ee59
000001e811cb35f9
000001e866a3fc39
000001e8d825f959
000001e910f4a1f9
000001e91318bc79
000001e91318c439
000001e9338bdfb9
000001e984e35f99
000001e9df2628f9
000001eadf57bd79
000001eaf753b059
000001eb25a20c99
000001eb43f67a19
000001eb6b672079
000003d74b64bc61
0000000000f99971
0000000000000181
000001ebdb2cd379
000001ebdd145c19
000001ebff6a9e99
000001ecbc2a1599
000001ed6e340839
000001edd22d93f9
000001ef5e68d9b9
000001ef620ecbf9
000001efacd14bd9
000001efacd17499
000001efe19326b9
000001f00ced3d79
000001f04a135cf9
000001f09dba6ed9
000001f0c1066779
000001f0df6683d9
000001f11e3aff59
000001f16895d759
000001f195011bb9
000001f19b80ba59
000001f31aa43c59
000001f3244ea3f9
000001f32eb93b99
000001f380baed79
000001f3d6e45819
000001f4020dc299
000001f45a800739
000001f483ab8bf9
000001f4b3e0dbd9
000003e9ebcf7161
0000000000f99971
0000000000000181
000001f5238354b9
000001f555a395b9
000001f556839219
000001f558bb94b9
000001f5ee5c3659
000001f659999499
000001f74cc6ecb9
000001f7e109f5d9
000001f7fba0e859
000001f84e4bc739
000001f8b0924299
000001fb09782339
000001fb28893a39
000001fbb5604999
000001fbb5c59519
000001fc2a406e79
000001fc2d956d99
000001fc5cf5b799
000001fdc82e53f9
000001fddf83f419
000003fc8c3a2661
0000000000f99971
0000000000000181
000001fe7baaefb9
000001fe7d5fe539
000002010619fb79
00000201b5ae8ad9
00000202693a3f79
000002029818b319
000002039b106579
0000020409fdfa19
0000020429c46cd9
0000020462db8499
0000020489074699
000002067b88ea79
00000206816a6a59
00000206c0086139
000002070eaefe59
0000020767604f19
0000040f2ca4db61
0000000000f99971
0000000000000181
00000207a7c64fb9
00000207f7cb47f9
00000208548a6399
00000208f2a15e59
0000020a6188f5f9
0000020a7d4be139
0000020ab2db3319
0000020b4bdc5999
0000020be9d927d9
0000020daeef06b9
0000020ddde5f179
0000020e421a2719
0000020fbeb5f199
0000020fc7e139d9
00000210d3b8caf9
00000210e3cb2bf9
00000421cd0f9061
0000000000f99971
0000000000000181
0000021124a751f9
000002116d2b5659
000002127ddc5859
00000212d0e7f799
000002134a0f7bb9
00000213906e2079
00000214aee47319
00000214bd2174d9
00000214d78c6619
000002158191a599
000002158868bd99
00000215c1de6a19
000002167a408299
0000021751357c59
00000218297f4459
00000219366401b9
00000219ff1156d9
000004346d7a4561
0000000000f99971
0000000000000181
0000021ab2b3a099
0000021ba4fa7179
0000021bf44ee559
0000021c0f4ae759
0000021c417cad59
0000021c83a97739
0000021d4f9599d9
0000021d7434a6b9
0000021d82253bb9
0000021db84049d9
0000021deb600d39
0000021e20220f39
0000021ecc717fd9
0000021f37835899
0000021ff63f7539
0000021fff6e6299
0000022011cfb959
00000221072539b9
000002210aa7a0d9
0000022213be7f99
000004470de4fa61
0000000000f99971
0000000000000181
0000022439b4e819
000002253051a039
000002254d905959
00000225b2128ef9
000002266a5f3f39
00000226d9d2d239
00000226e61c8639
00000226f2924cf9
000002276753fed9
0000022783e1e059
00000227948be1f9
00000228a1ed4cf9
00000228d73198f9
0000022932a1e119
00000229f8669459
00000229fc21dbd9
0000022a27fef579
0000022a6c48ea79
0000022b87a526b9
0000022b8ffc8c19
0000022bed4f23b9
0000022bfb5bccf9
0000022c31edabb9
0000022c6dae7bd9
0000022c6e954ab9
00000459ae4faf61
0000000000f99971
0000000000000181
0000022d34907939
0000022d3fc66b59
0000022d55ad3b79
0000022d8de72139
0000022daab37419
0000022e67711859
0000022ea9b742f9
0000022ee3313af9
0000022f3c668e39
0000022f4842b979
0000022f4b5f8cd9
0000022f887dffb9
0000022fa072d939
0000022fe1a3dd79
000002304574c499
00000230df6d63b9
0000023110eb3af9
000002311b860719
0000023125a9e3b9
000002317dbcc299
000002319204ec79
00000231c9971dd9
00000232a8532bf9
00000233b17fbbd9
00000233eb2edd99
000002343f2e05d9
00000234a30ca0f9
00000234a769ce99
00000234f6ab2539
00000234fb119bd9
00000235a62cb559
00000235c4978ab9
0000046c4eba6461
0000000000f99971
0000000000000181
00000236f59c6d39
00000236ff34f8d9
000002371cf6f979
000002378faf1559
000002389f7ab439
00000238b155aff9
000002398fd00f39
00000239a03869f9
0000023a5143e899
0000023a864b71d9
0000023aff224f39
0000023b52284c39
0000023b7fc037d9
0000023d2fcdc5f9
0000023d5432c5f9
0000023db526a0d9
0000023dc3b7e179
0000023e676e18d9
0000023ec6f37d79
0000023ecc440479
0000023ee8c2d4b9
0000023f442388d9
0000047eef251961
0000000000f99971
0000000000000181
0000023fa35f7c59
000002407c075f59
00000240a5c18e79
00000240ee1111d9
00000242121d0879
0000024239852b19
000002425811dc99
0000024280dd6299
00000242ca714f99
000002431c214679
000002433cffe119
0000024340fb2859
0000024365e4a379
000002445ca1f059
0000024487c8b7f9
00000244889cee79
00000244ad759159
000002454829c999
00000245bd5d9279
000002460a093379
00000246379cf359
0000024655355dd9
000002467f2f26d9
0000024759740c79
000002485bd5a5b9
0000024891328ed9
000002489e0cc839
000004918f8fce61
0000000000f99971
0000000000000181
00000248efe8cab9
00000249e99fdad9
0000024b11c8aeb9
0000024b3d3fff99
0000024b6cab1c59
0000024b7ef6fc99
0000024d8489cfb9
0000024dca79c699
0000024f7f1f6e19
0000024f87c230b9
0000024febca00d9
00000251122061f9
000002518248a419
000004a42ffa8461
0000000000f99971
0000000000000181
0000025263c92eb9
000002527c9f3899
000002532b0bbdb9
0000025367c608f9
0000025383db3a99
0000025396f4cdd9
00000253cb3ddeb9
0000025521db1299
000002563625aa19
00000257d1e02af9
00000257ef240e99
0000025884f079d9
00000258c7ac8299
00000258eb962e59
0000025971a583b9
00000259848c83d9
00000259c0939f79
000004b6d0653961
0000000000f99971
0000000000000181
0000025b91c67e19
0000025bb7b545f9
0000025bd6d59679
0000025bd91c6539
0000025c5a1d6199
0000025c6dcbe4d9
0000025c93f31259
0000025cb2f11579
0000025cd8f5a1f9
0000025d072e7479
0000025d4c239c19
0000025dd6b60e59
0000025e13f81919
0000025e16b7eb19
0000025f38ddda19
0000026016eb3fd9
000002604f09f859
000002606cb16d59
00000260d3858ed9
00000260d5a71e39
00000260f9b48139
00000260f9b482f9
00000261410d0919
00000261d436e8f9
000002624ccbe979
000002628a7d6119
00000262c1b29919
0000026379883059
00000263e16f6c99
000002640aa1aff9
000002644872c339
000004c970cfee61
0000000000f99971
0000000000000181
00000264cc5cbfb9
000002652fb11919
0000026633fbbc99
000002669fa19259
00000266a014c259
00000266bc3e0919
00000268a3ead4d9
00000268a7aba879
0000026946269ed9
00000269e06d85f9
0000026a3faae939
0000026abacfff59
0000026cb886ca79
0000026cc4715e19
0000026ccc355239
0000026ce38b1cb9
0000026d3925c959
0000026df0cd7579
0000026e01538a59
000004dc113aa361
0000000000f99971
0000000000000181
0000026e17091059
0000026f05d64ff9
0000026f291ff8d9
0000026fbee0fcb9
0000026fcae209d9
000002714c5799b9
000002716b7fea39
0000027193a8db99
00000271a9132ab9
0000027217dd0d19
000002723859d119
00000273a44d15d9
0000027581b56d39
00000275c8c05599
00000276b8729579
000002772b8b2cb9
000004eeb1a55961
0000000000f99971
0000000000000181
000002776ea9c619
00000278649d0999
00000278e3d70199
000002796c14a4f9
00000279db7d2c19
00000279f6831db9
0000027a6d0a0f59
0000027a94436b99
0000027aee7610b9
0000027b14f9cb59
0000027b3e073079
0000027b94478299
0000027bc04cd399
0000027bf65216f9
0000027c08fd0c99
0000027c1f006c39
0000027d20bf5259
0000027d22f47f79
0000027d4fead659
0000027de2a0eaf9
0000027e4352cc39
0000027e4f73c799
0000027f1c1b6079
0000027f919c0cd9
0000027fa30b07d9
0000050152100e61
0000000000f99971
0000000000000181
00000280dbb1d6d9
0000028108c6d659
00000281f07efe19
00000282db7ed219
0000028330bcfdb9
000002853ff48839
0000028568a70a59
000002859d978959
000002862ef273b9
00000286514f6e99
000002865ee51eb9
00000286978f1a59
00000287ad8b0d99
0000028820553ed9
00000288414bb6d9
00000289babb4a79
00000289d85d0ab9
00000513f27ac361
0000000000f99971
0000000000000181
0000028a21f72899
0000028b17c40c99
0000028b92d9f879
0000028b98b40db9
0000028bbffcff19
0000028dd0c0a699
0000028e75211a59
0000028eb4cd0f59
0000028f12d126b9
0000028f3e212979
0000028f6a50ff79
0000028fd7a81b59
0000029023199ab9
000002909cfb5939
00000290f7405679
000002915a63e159
00000291a54ac179
00000291b4f1c9b9
0000029242ae8959
000002924bba2d19
000002933ac47c79
0000052692e57961
0000000000f99971
0000000000000181
000002934d3766f9
00000293d45cab99
0000029449ef54d9
000002944af65439
000002947c7f8999
00000294965a61b9
0000029725aa5f79
00000297c7e01639
00000298f3120619
0000029914bc6019
000002995b1a9299
00000299da7cdeb9
0000029a64da67b9
0000029ae40f8d59
0000029b338294b9
0000029c2a75aa99
0000053933502e61
0000000000f99971
0000000000000181
0000029d4809c559
0000029e11310e99
0000029e79aa7c79
0000029e9cb6b2f9
0000029ec4207ed9
0000029f91bb8df9
0000029ff80be919
000002a03f296ef9
000002a066959819
000002a0ac22c419
000002a0ed3242f9
000002a206f0a3f9
000002a273f71a19
000002a34e0e4619
000002a43bee14b9
000002a4b6ee3a59
000002a5014aaef9
000002a56fa56bb9
000002a5bfe76f79
0000054bd3bae461
0000000000f99971
0000000000000181
000002a63ddced39
000002a6918fbf39
000002a6a2462ad9
000002a706242eb9
000002a71661b4d9
000002a7298a6e59
000002a8e849ee59
000002a8f52e1999
000002a9a706a8b9
000002a9ed819b59
000002aa68946079
000002ab06c6b959
000002ad27be0fd9
000002ae8d3f8fb9
000002aeeb80fd39
000002aeee5ef199
0000055e74259961
0000000000f99971
0000000000000181
000002b0abbc7a39
000002b1253d9e59
000002b151b942b9
000002b175ae0bb9
000002b23d271879
000002b354267619
000002b42125a9f9
000002b48c7f6999
000002b4ebfb2b19
000002b5d6b9d339
000002b62dc00919
000002b6e942ddb9
000002b7069f08f9
000002b71b55f319
0000057114904f61
0000000000f99971
0000000000000181
000002b89cb1c979
000002b8ee2fa7f9
000002b956b0eb79
000002b963c324d9
000002b976e49f39
000002b99520c919
000002ba609739f9
000002baf702ddb9
000002bb0b1cc639
000002bc9d21d1f9
000002bd19131019
000002bd53d56e99
000002bd9ec35d39
000002bdc3f0f979
000002bdcf0daed9
000002bdffc7a7f9
000002be027fef39
000002be8824c779
000002be9947f759
000002bec82b0119
000002bf8c88d639
000002bff70bca59
000002c016ad9159
000002c0a2838ab9
000002c1817fadd9
000002c1bbe9f1b9
000002c1bf099619
00000583b4fb0461
0000000000f99971
0000000000000181
000002c1da78bab9
000002c286299f19
000002c2cb912339
000002c301c47979
000002c31caada59
000002c33af3aad9
000002c3a32b2159
000002c3da3f36f9
000002c4410af7d9
000002c4a2b072b9
000002c4b20df519
000002c4c0812199
000002c5f5c30739
000002c5f7b24879
000002c602e8d8d9
000002c649824959
000002c6ae660279
000002c6fcdb5439
000002c79de83399
000002c7d1c4dff9
000002c7d88f1639
000002c8efcb18f9
000002c953f07759
000002c982a82759
000002c9f0a9cd79
000002ca68fddeb9
000002caf879f219
000002cb10507f19
000005965565ba61
0000000000f99971
0000000000000181
000002cb99b4f119
000002cc310502f9
000002ccb9d30779
000002cdae60f7d9
000002cdd2a88539
000002cdf31ef9b9
000002ce15f46e19
000002ce5c495239
000002cefea20119
000002cf8b985359
000002d07292eb39
000002d0a8fe0c59
000002d1041d0499
000002d305df9cd9
000002d308a36af9
000002d3ea1e6299
000002d3f92879d9
000002d42064d659
000002d474895079
000005a8f5d07061
0000000000f99971
0000000000000181
000002d61d8e2899
000002d7307e4bb9
000002d76de103f9
000002d81da21919
000002d8da798519
000002d903f1f859
000002d9a5dcb3d9
000002d9d10249b9
000002d9e43409f9
000002da28122b99
000002da338b83f9
000002da42c8d899
000002db1dbb3e39
000002db4d8052f9
000002db648654b9
000002dc07b93039
000002dc35176559
000002dc39ea9d79
000002dca7aa4c79
000002dd262dc4d9
000002dd6b1c0639
000002dd8d412e19
000005bb963b2561
0000000000f99971
0000000000000181
000002de1dc2c339
000002de3c390939
000002def0ef0cb9
000002dfa5f0e439
000002dffe6ec399
000002e0092471b9
000002e0780618f9
000002e09c01ca19
000002e24ff791d9
000002e255bb3c59
000002e2c1195e99
000002e34c861e59
000002e35128eef9
000002e36396aa19
000002e373155d19
000002e391292919
000002e3cd6d0ef9
000002e46e736ff9
000002e4cdfb8099
000002e4eb13a159
000002e51cfd0199
000002e6b58d6a39
000002e6eea9df19
000005ce36a5db61
0000000000f99971
0000000000000181
000002e7cbdd5859
000002e9adfcd2d9
000002eb8097a6d9
000002eb9bed06d9
000002ec123c3879
000002ecb6fb5219
000002ed01b637f9
000002ed27701e79
000002ed4a174bf9
000002edd458c439
000002ee08604ab9
000002ee1a0b8039
000002ee3955d579
000002ee911a26d9
000002ef2d43eff9
000002f051621859
000005e0d7109161
0000000000f99971
0000000000000181
000002f0bdb32879
000002f1a19471d9
000002f1d96e68b9
000002f1dd2cc1d9
000002f236798359
000002f23aa158d9
000002f23e71a6b9
000002f348e9d6d9
000002f40153f839
000002f4a264dff9
000002f5759e2b79
000002f5a0d29279
000002f5d24a0df9
000002f62f27b1d9
000002f64a0ab939
000002f6af2177b9
000002f7bb846819
000002f7ec9664f9
000002f84e26ff39
000002f8c0b62899
000002f8e41f4459
000002f8ef394539
000002f95aca8919
000005f3777b4761
0000000000f99971
0000000000000181
000002fa60194eb9
000002fa9aa0aab9
000002fb5977fbd9
000002fbb21ba619
000002fbc9aad779
000002fd505c1799
000002fe34767439
000002fea6eb40d9
000002fed47da5d9
000002fee66fdd59
000002ff105175b9
000002ff46474ff9
000002ff5a6446f9
000002ff7eafda59
000002ffe957deb9
000003000eeb8e79
0000030023ec4399
0000030060f6aa79
0000030161d8ce99
0000030179badf59
0000060617e5fd61
0000000000f99971
0000000000000181
000003036039c199
0000030495b6e799
0000030608f4c739
000003061744ce59
0000030664c765f9
0000030682983f19
00000306fd7ec3b9
0000030716ee9ad9
00000307b93bc639
0000030816345ff9
0000030826ef5039
000003089fe694d9
000003089fe6b779
00000309235b5879
0000030929b22bf9
00000309686a1999
00000309e8b54a99
00000309ff1a8239
0000030a88c90279
0000030a9235d899
0000030aae174479
0000030b4ed9f0d9
0000030b6e23ed19
0000030b74054519
0000030bebdf3f79
00000618b850b261
0000000000f99971
0000000000000181
0000030c82b345f9
0000030ca099c359
0000030d0a104cb9
0000030d38b3c3f9
0000030d62c41cf9
0000030e32f811b9
0000030e75ef6f79
0000030f44734bd9
0000031013251219
00000310ae6291d9
0000031108ca79f9
000003112d648eb9
00000311333660f9
00000312bd0739d9
00000312ceb2c9b9
0000031316807339
0000031499cba519
00000314fbc74c19
0000031557738bf9
0000062b58bb6861
0000000000f99971
0000000000000181
00000315b9572c19
00000315cb4578b9
00000315f0d8f3f9
000003160b8da579
00000316c4e0c319
00000316ee1a6c19
000003174ec62799
00000317a348f439
0000031871167819
0000031884985879
00000318b414b2b9
000003193d8f0059
000003193d8f1459
000003194b81bc19
000003194bf5f379
0000031997d36279
0000031b1938cf59
0000031b8a147239
0000031bba8d24f9
0000031cb1747b39
0000031cb4f640f9
0000031d1de9fff9
0000031d8a3d6ab9
0000031de098afb9
0000031e55f2fb59
0000031e62efca99
0000031e859bb059
0000031edb8e8b39
0000063df9261e61
0000000000f99971
0000000000000181
00000320d2e180d9
00000321019decd9
00000321065f7119
0000032128518359
000003215192b6b9
00000321634ed1f9
00000322289c9959
000003223e2f71d9
0000032340589959
0000032368a37f39
000003247fa1e059
0000032529c057f9
000003256f80f719
000003266e79be19
000003270272a359
00000327610275d9
000003278b5bdef9
000003281f5e5679
00000328413205b9
000006509990d461
0000000000f99971
0000000000000181
00000328b112d199
00000328b112d259
00000329790fec59
0000032c2571d0f9
0000032c41f214d9
0000032cb1373a19
0000032ccee4aa79
0000032cead58b19
0000032cf6865679
0000032d64ff9a79
0000032d6b612199
0000032e4b36aef9
0000032e70d9db79
0000032e83817af9
0000032f28607bd9
0000032f3fe64e99
0000032f8d556059
0000032fc816d9b9
0000033057f42799
0000033099bcef79
00000330f0ff3339
00000330fe6923d9
000003311b47e9d9
000003318a349a79
0000066339fb8a61
0000000000f99971
0000000000000181
00000331adf9b4b9
00000331e1bea199
00000331e1beb5d9
0000033211cf0699
0000033241172bb9
00000332723f6119
000003331a911159
000003334a45bb19
00000333661db5d9
000003337c28a339
00000333a70d8b99
00000333bcec47f9
00000333c6531e19
0000033409fffd59
0000033416eb0bb9
00000334f3b5ce39
000003352fbda479
00000335ca7de679
00000335ce6424b9
000003361f507859
0000033664470af9
00000336f0e992d9
0000033710698bd9
0000033751498a19
0000033768a35039
000003379b47eab9
00000337ed63f099
0000033855708e39
00000338741a3b59
0000033881913539
00000338a594e799
0000033923550ef9
0000033962a7d139
00000675da664061
0000000000f99971
0000000000000181
0000033b8f211399
0000033ba97f9039
0000033bce9f4e79
0000033c358ee2d9
0000033cc24348d9
0000033d805692f9
0000033e096e5bd9
0000033ed3b53619
0000033f8b6d41b9
0000033f8fc21639
000003402a77ad19
00000340599fd979
00000340d6a188b9
00000340f9bddd79
000003412cf050f9
00000341c0705779
0000034233949b99
000003429b92bb59
00000342be4ff239
00000343141db0d9
000006887ad0f661
0000000000f99971
0000000000000181
000003454bcb3b99
00000345fadbfe79
00000345fadc59d9
0000034618089ab9
0000034672171e79
000003467f0e8519
00000346b3843a39
00000347045cea19
000003471eb1f459
00000347b1b7fcd9
00000347f197d799
00000348f7d79579
000003497a062639
0000034b7bbe1139
0000034bb7bc9619
0000034c28f4f3b9
0000034c8d476bf9
0000034cb78f6499
0000069b1b3bac61
0000000000f99971
0000000000000181
0000034dfc5a1379
0000034ebab14f19
0000034f50ddfbb9
0000034fea167ad9
000003521299c319
0000035218f17b79
000003525b1adcb9
00000352ab118b79
00000352c7269219
00000352feede6b9
000003536ef88d59
00000354140307d9
000003544558afb9
00000354b4f5caf9
00000355106840f9
000003551c12fb19
0000035533bace99
0000035543871639
0000035659231259
00000356c6a38659
000006adbba66261
0000000000f99971
0000000000000181
000003586aebe879
00000358b1b2a379
00000359a921b819
0000035a99c5da59
0000035bc2b67e99
0000035bf99a78f9
0000035c573db799
0000035c9f327639
0000035d148d5399
0000035d163278f9
0000035e1c8ce339
0000035f965cb299
000003601fc4f319
000006c05c111861
0000000000f99971
0000000000000181
0000036067d926b9
00000360a53b4459
00000360b4c37159
000003615327fab9
00000362d1f85eb9
0000036312821059
0000036342e2d159
00000363be1b8439
00000363fbb83079
000003644ff30419
000003647588deb9
00000364b1d3eb79
00000364e9758039
0000036530eaacf9
000003653a017279
000003654647e099
000003659efabb19
00000366fc8ecfd9
0000036734f05319
0000036762368859
00000367af4ad3f9
0000036819c44ef9
000003692d833c19
000003693abeabf9
000006d2fc7bce61
0000000000f99971
0000000000000181
000003698bbc89f9
0000036afc103439
0000036b6d27f2f9
0000036b7b889179
0000036bab85da39
0000036bcea6f1d9
0000036da2c021d9
0000036db9a778d9
0000036ddeca1b19
0000036e65b4ba39
0000036ec0b687b9
0000036ec75131d9
0000036efe5310b9
0000036f30bc4559
0000036f59d081b9
0000036f5e4b08d9
0000036f78ad0979
0000036f89c647f9
00000370193b7e19
0000037177f5d1b9
00000371ebfcfcb9
00000371f3d93299
000006e59ce68561
0000000000f99971
0000000000000181
00000373ecfbdd19
000003741248d959
000003745ffe1c99
00000375b1330759
0000037600cd2fd9
000003776001e7b9
00000377619131b9
0000037783c3b619
0000037790b75399
00000378979ce099
0000037915abbf79
0000037978825819
0000037985370639
00000379e024e039
0000037a13d48f79
0000037a83bdb379
0000037a8814d379
0000037ac75536d9
0000037b7471ea59
000006f83d513b61
0000000000f99971
0000000000000181
0000037c75f922f9
0000037e6cf86899
0000037f9d75e8d9
0000038070b683d9
000003818c8d4219
00000381b2d8fcf9
00000381bed0b759
00000381ffcaf7b9
000003820b3b4959
0000038240e229b9
00000382905f4439
00000382bacac039
000003830d15fdd9
00000383ff6b4ed9
0000038478e7f6b9
000003849c2ce1b9
00000384d01e27b9
00000384f09f38d9
0000070addbbf161
0000000000f99971
0000000000000181
0000038613922439
000003862cf19139
00000386f331aed9
00000387565f65b9
000003877a21d439
000003882d5af079
00000388d36715b9
00000388f54beff9
000003894ce1a659
000003896545d439
00000389e0c9fdd9
0000038a9509b2b9
0000038ad39dc759
0000038d51752cf9
0000038d59c3e979
0000038d64741939
0000038d8301bb59
0000038e6a006ab9
0000071d7e26a761
0000000000f99971
0000000000000181
0000038ff5efb179
0000039123f435b9
000003916721fbf9
000003917e7bbd39
00000391aa4b9eb9
00000391ba255a59
00000391e17283f9
000003920bcf87d9
00000393b68374b9
00000393e30cf899
00000394252e2c39
00000394ad3f5cf9
00000394ba89e0b9
000003953c6d1d19
000003955cb6ffd9
00000395830c2c99
000003973b53ed19
00000397f3f6bc99
000007301e915d61
0000000000f99971
0000000000000181
000003986671f319
00000398db1f7e99
000003995e432a19
00000399c78be259
0000039a22f19bd9
0000039b43527919
0000039c6015d3f9
0000039ce9b585b9
0000039d08fddc59
0000039dd5cb97b9
0000039e4e500819
0000039e8102f9d9
0000039efc88c1d9
0000039f6910e459
0000039f6c7c7039
0000039fa84f5c19
0000039fc5bc0359
000003a0098e0d59
000003a09475b1d9
000003a0afa000f9
000003a13e49fcf9
00000742befc1461
0000000000f99971
0000000000000181
000003a1db95cff9
000003a2c2052259
000003a36d5f73f9
000003a3a3348659
000003a4727c3cf9
000003a4a9915499
000003a545b93cd9
000003a55ff270d9
000003a5b86b55b9
000003a641952999
000003a7401b5219
000003a76727fe39
000003a80c55f3d9
000003a80dbe4579
000003a81486d019
000003a912448159
000003a95681aad9
000003a9b82d1699
000003aa1c242499
000003aa817b5539
000007555f66ca61
0000000000f99971
0000000000000181
000003aadd0f37f9
000003aae4754059
000003ab166ec8b9
000003ab71e0abb9
000003abd69883f9
000003ac094ab4d9
000003ac1857c599
000003ad061b2d99
000003ade8658759
000003ae0757c319
000003af3698c479
000003afbf91d579
000003afda49b6b9
000003b013052fd9
000003b0f93fb139
000003b1c23edbd9
000003b2038acb79
000003b2c3ef3e79
000003b3973d59f9
00000767ffd18061
0000000000f99971
0000000000000181
000003b4366ba959
000003b48257d3d9
000003b484ce7619
000003b50533d879
000003b524221fd9
000003b5cd8f2f59
000003b6039fc059
000003b61ca38139
000003b63bc2c479
000003b69824e639
000003b74adb7cb9
000003b8a4b41f19
000003b9945bc879
000003b9f472d5b9
000003ba5cbee179
000003baa780dc99
000003baee987f79
000003bb19edd699
000003bc397c1a79
000003bc9f3df179
000003bcdf7ebf39
000003bcf56fdf79
0000077aa03c3761
0000000000f99971
0000000000000181
000003bdb50b2759
000003bddc418019
000003be16a0ce79
000003be4875c4b9
000003be652dfad9
000003be8df65bf9
000003bf4997d7d9
000003bf8c8d9959
000003bfceb54f79
000003bff1f29139
000003c072ad8bf9
000003c0824b7559
000003c0e45d54f9
000003c10422fa39
000003c33450ac59
000003c33817e3b9
000003c34015dfb9
000003c359995179
000003c451a97139
000003c51b86c439
000003c55ed02659
000003c5cb158d39
000003c684d28559
0000078d40a6ed61
0000000000f99971
0000000000000181
000003c71c7b6079
000003c733565819
000003c7c33a5739
000003c7f5591119
000003c833447199
000003c85e999119
000003c8ad711899
000003c8b00ce9b9
000003ca3c947459
000003ca8b8e4ef9
000003cb4f91bf59
000003cb6cd5e7d9
000003cb92a91979
000003cba53ee2f9
000003cc18cce859
000003cd08864c79
000003cd2f718c59
000003cda3dc2eb9
000003ce5e89a559
000003ce78fe5d19
000003cfb5ab1ed9
000003cfd1e7fb79
0000079fe111a461
0000000000f99971
0000000000000181
000003d01bbc21b9
000003d06ea4c3d9
000003d0c8578559
000003d1135c2a79
000003d1699f4f19
000003d2253e5f39
000003d285ec8b19
000003d3176b9c59
000003d39d86ae39
000003d459362a79
000003d4889545f9
000003d48c912399
000003d508479099
000003d521883459
000003d5fc5458f9
000003d699affd59
000003d6b9c2c539
000003d7b7e2b6b9
000003d7f09c6219
000003d7fc661919
000003d845c958b9
000003d858c24819
000003d8dc027859
000003d939582e39
000007b2817c5a61
0000000000f99971
0000000000000181
000003dacc84c1f9
000003db4a2bc339
000003dbb228b659
000003dd48cff799
000003dd74a3b059
000003ddbc3c4bb9
000003ddc1f55619
000003def1bc77f9
000003e02a36f159
000003e073ed8f99
000003e16057bf59
000003e21ed7d919
000007c521e71161
0000000000f99971
0000000000000181
000003e2ff28e799
000003e33020f659
000003e37c9021d9
000003e445c10f39
000003e4593653b9
000003e48ab75759
000003e503cad379
000003e51849cc99
000003e6089daad9
000003e643ca37b9
000003e65fc4e2d9
000003e66434d919
000003e6e940eed9
000003e70a628bd9
000003e724245879
000003e733f27a99
000003e7db536b59
000003e82b180a79
000003e8618b2579
000003e9240d7779
000003e954d09179
000003e96a1aa339
000003ea199c3c39
000003eab6ae3939
000003eae467aad9
000003eaea1c6339
000003eb06640159
000007d7c251c761
0000000000f99971
0000000000000181
000003ec14b92639
000003ec2666a5b9
000003ec45c54579
000003eccde22c99
000003ecd687be19
000003ee4e02df19
000003ee683ac7b9
000003eeb74d6819
000003eec7bfbcf9
000003efc0b731f9
000003efc360b279
000003efdcb76ef9
000003f07a9c88d9
000003f15bca0419
000003f18f064439
000003f283aea339
000003f290b44e99
000003f2a0b21659
000003f2abd33a19
000003f30857e799
000003f3231f9ad9
000003f35c546d99
000003f442bf1e79
000003f48ba70499
000003f4a75f47f9
000007ea62bc7e61
0000000000f99971
0000000000000181
000003f53ce369b9
000003f554b64d79
000003f579f33b99
000003f776407719
000003f875c8c839
000003f9ae5a76d9
000003f9cd77ed19
000003f9d5780099
000003fa7ade73d9
000003fbb808c3d9
000003fbdb1cc919
000003fbe61a77b9
000003fc02334ed9
000003fd0eaf5af9
000003fd6202a699
000003fe1aeda9b9
000007fd03273561
0000000000f99971
0000000000000181
000003fe81bcd679
000003ffa84013d9
0000040034eb6019
00000400beb07ef9
0000040104e24fd9
000004015ca680d9
00000401b0da6619
00000401be4c3ad9
00000402687d3579
000004031671f0d9
00000403afea1e19
000004040eae3059
00000404c6f093d9
00000404eef3d699
0000040590be20b9
00000405a4c27899
000004060c956f79
0000040622cb8c79
000004068c688c99
000004069f6d2b59
00000406c779f539
00000406dde9d259
000004073608a959
00000407c6aaba59
0000080fa391eb61
0000000000f99971
0000000000000181
00000407e0cb8519
00000407efbca8f9
0000040870cc0fb9
00000408d451b779
0000040904c74479
0000040921015739
00000409786e6f59
0000040a1f07c279
0000040a942259b9
0000040aa8a5a899
0000040ad4c81019
0000040b123137d9
0000040b6485dcb9
0000040c17d2b7b9
0000040c243796f9
0000040cf54f7d39
0000040d075bcef9
0000040d3ae5bb19
0000040d9a207139
0000040dfe157e39
0000040e01e64d39
0000040e69983759
0000040e9476cc79
0000040ec363b239
0000040ffa81fbb9
00000410857a9e19
0000082243fca261
0000000000f99971
0000000000000181
0000041121e852f9
0000041121e8e459
000004119a8882b9
00000411f45b6c99
0000041271c98b79
00000412fb034299
00000413623845d9
000004139553a959
000004139822e8f9
00000413a1dda6b9
0000041453ff8db9
0000041470fc07f9
0000041493c0dff9
00000414aeab9d99
00000414c71defb9
00000415139790f9
000004164ac20ad9
0000041727fc9d39
00000417708d5679
000004178573a399
00000417f124df19
00000418045beeb9
000004181649b8b9
00000418b120fef9
00000418fab5c139
0000041905b2bd59
00000419cbf97df9
00000419e5736599
00000419ecd5a139
00000419f1ee3fd9
00000834e4675961
0000000000f99971
0000000000000181
0000041af6e06c79
0000041b1b5c5039
0000041b943da339
0000041bc7e59259
0000041c105ce119
0000041c1d19eb19
0000041c54098b59
0000041c7ad6bbb9
0000041c9b287639
0000041caddd29b9
0000041cbaa46079
0000041d3187bb59
0000041d8a1bb639
0000041d9ee81db9
0000041f40a15cb9
0000041f86d77959
0000041f86d78f79
00000420a11dc539
00000420cc1c4239
00000421a4dabd19
0000042225866fb9
000004225d2e21b9
00000423371b66f9
00000423a416ecf9
0000084784d21061
0000000000f99971
0000000000000181
000004245388be79
00000424eba3aa59
0000042582194ff9
00000425848abad9
000004266dad69b9
0000042720db85b9
0000042728d15c39
00000427422b9c39
000004277b0b29f9
0000042859e71299
00000428633c1ed9
0000042898ccccb9
0000042aa95e2a39
0000042afd68a239
0000042b5ccb0e59
0000042c7f26e939
0000042c96b88bb9
0000042ccf93d799
0000085a253cc761
0000000000f99971
0000000000000181
0000042d8e0dcad9
0000042d9700e379
0000042fa7d27b19
0000042fe2428a99
0000042ff3195db9
0000043086488ef9
000004308b919df9
0000043143a381b9
000004322d61dc59
000004326f9268b9
00000433012cbef9
000004333f5661d9
00000433a1539079
0000043430c1fc19
000004348869f6b9
000004349e085739
00000434f0d905d9
00000435d0856f59
00000435d45265f9
0000086cc5a77d61
0000000000f99971
0000000000000181
00000436682b4dd9
00000436d6306739
000004373b733d59
0000043802015cd9
00000438d76dc1f9
0000043957351879
0000043963c43299
000004397eb4a959
00000439b2242519
00000439bff91ed9
0000043a26928a79
0000043a82e53279
0000043accb1be39
0000043ad515f879
0000043b35a7c979
0000043b391a0539
0000043b85084fb9
0000043c04613d39
0000043c638e53b9
0000043d8beb0f39
0000043e366564f9
0000043eaa96cf39
0000043eaa98d499
0000043edb5a20d9
0000043ee246d079
0000043f038b26d9
0000087f66123461
0000000000f99971
0000000000000181
000004401589b179
00000441b67fb6b9
00000442242f9159
00000442bed49db9
000004438b268a79
000004438f3f9b79
000004439f5b6319
000004440f122cd9
00000444365b1459
00000444a4f3aeb9
00000445bfa512d9
00000446226ae059
000004463acdc959
0000044664f6b6b9
000004468df69a79
00000446f685af99
00000447b53b32b9
00000447defa7399
000004480455bbd9
000004485857d2f9
0000044862baf0f9
00000448b3037139
00000448ce4ff359
00000892067ceb61
0000000000f99971
0000000000000181
0000044a15899919
0000044a2fc72679
0000044bc62ede59
0000044c22df3619
0000044d3148dd99
0000044de7095619
0000044e0df6d4d9
0000044e42bbb599
0000044e6475e099
0000044e6a3a40f9
0000044e90e79759
0000044e90e797d9
0000044f4af69219
00000450115a2d59
0000045035c96519
000004506379a5f9
000004511c640959
00000451d03c2cb9
000008a4a6e7a261
0000000000f99971
0000000000000181
000004531ab7bc19
000004545e616299
0000045480827fb9
000004548d8e07b9
00000455631d1c59
000004558c4e5499
000004559da78219
0000045623752a59
000004567b8398b9
0000045825f5eb19
00000458727703f9
00000458830bf5d9
00000458b5fb9259
00000459012e1b19
0000045903fb5d99
00000459d82bf0b9
0000045a730d7339
0000045aa10b8a59
0000045b3a7d0559
0000045b98ad40d9
000008b747525961
0000000000f99971
0000000000000181
0000045bcc2fbd19
0000045c305cfe59
0000045d7d5a9d99
0000045ddd7a90d9
0000045de776c619
0000045e529da2b9
0000045f61a2f9f9
0000045fc2979f59
0000045fd7accef9
000004601f4c2d79
000004606ce12999
00000462286f4fd9
000004635ea75db9
00000463623bf5b9
000004636a638eb9
000004647e65d6b9
0000046499d06dd9
000008c9e7bd1061
0000000000f99971
0000000000000181
000004657098d5f9
00000465bdeac879
000004662e5ccd19
0000046741c4e2f9
000004684345ee19
00000468df308ad9
00000469dff5b8d9
00000469e6849059
0000046a0dbf8c19
0000046a43eba819
0000046a5745c4d9
0000046a70b67cd9
0000046ab1997219
0000046c73744d39
0000046d153855f9
0000046de05600f9
0000046de14b33b9
000008dc8827c761
0000000000f99971
0000000000000181
0000046e68d71b79
0000046f02794e79
0000046fc426f8d9
0000047001057039
000004715f332399
0000047285178399
00000472ff376a19
000004732c663cb9
0000047402d14b59
0000047410849ef9
00000474b4a7fdf9
00000474c6008ff9
00000476a5cff539
000008ef28927e61
0000000000f99971
0000000000000181
00000477e764cbf9
000004781f41caf9
00000478f760b539
000004795d19f439
00000479f98a7df9
0000047a1c50c339
0000047a2e5b9e99
0000047b34c4d4f9
0000047c2a327799
0000047cd85dbd19
0000047d2a585ed9
0000047d768d2f39
0000047deca19779
0000047e36514379
0000047f217e5459
0000047f39393db9
0000047f433f8879
0000048039aa3ad9
00000901c8fd3661
0000000000f99971
0000000000000181
000004813debbc99
000004819c4dbeb9
00000481ceb90039
0000048206589039
000004826bcffcb9
00000482fb0c3cd9
00000483a2696039
00000483fb7bc2d9
000004843b7955d9
0000048465ab0db9
000004856618a1f9
000004867f6589f9
00000486a6e76af9
00000486a92d2a39
0000048769f15f59
00000487a0f812d9
000004881f6d4639
000004886f3deef9
0000048974880079
00000489e2d5cdd9
000009146967ed61
0000000000f99971
0000000000000181
0000048a75a86e19
0000048ac3e86759
0000048ae61a07b9
0000048afbdd7f79
0000048b099c34b9
0000048b6e0859b9
0000048b6fcb6499
0000048ba960a9f9
0000048beb575439
0000048bf8cd2479
0000048c3b1a6f39
0000048d43adbfb9
0000048e104f75f9
0000048e95b181b9
0000048ebda19699
0000048f0efd1459
0000048f87871e39
0000048fe0e45719
0000048ff2a7a879
000004910480bd79
000004918ef071f9
00000491aeb703d9
000004922d85d779
000004926e110a39
00000492a4c2d999
00000492b2e7dc39
00000492d0601bf9
0000092709d2a461
0000000000f99971
0000000000000181
00000493b6ab9bb9
00000493f2ede259
00000494458d5219
0000049468ef9b59
000004946d9c3eb9
0000049476caf699
0000049494db2299
0000049547b4c899
0000049558109079
00000497f86c91b9
00000497f86cb5d9
00000497f86d12b9
0000049871096719
00000499a078b8f9
00000499cc9edd59
00000499cf7c8059
00000499d1527719
0000049a39733ef9
0000049a80dee779
0000049aca377fd9
0000049aef83e5d9
0000049b6add8e79
0000049bb0ddf239
0000049c13feb1b9
00000939aa3d5b61
0000000000f99971
0000000000000181
0000049d2999f0f9
0000049d8b4865d9
0000049de51bc1d9
0000049ea4ccb579
0000049ed759c3f9
0000049f75b0cfb9
0000049fc0e92e79
0000049ff932fcf9
000004a04b577e39
000004a05b16cf79
000004a0684bba79
000004a0a41410f9
000004a0bbc0c939
000004a109b01339
000004a11e334299
000004a19163a6d9
000004a1a9e320f9
000004a208387bf9
000004a208eda539
000004a28c3efcd9
000004a2aa6c3979
000004a2b6fe5399
000004a2bd792839
000004a31642e019
000004a3599a2fb9
000004a359c09579
000004a38a1e4779
000004a3b1c2f0b9
000004a3c1165299
000004a3eb50aeb9
000004a4f5118ef9
000004a54085d259
000004a54a66d799
0000094c4aa81261
0000000000f99971
0000000000000181
000004a62a77c6d9
000004a631f23419
000004a7191e8d19
000004a7828bded9
000004a7a79d0dd9
000004a7ac548319
000004a8db971a59
000004a8e6aa83f9
000004a96b75cbf9
000004a9e341e979
000004aaa2180059
000004ab41709859
000004ac37fdbd99
000004ac79952439
000004ac9c618739
000004ad7f51d359
000004ae00ec6599
000004ae06dd7db9
000004ae3266da39
000004ae423e5919
000004ae99c01899
0000095eeb12ca61
0000000000f99971
0000000000000181
000004aff0ad6419
000004b032aa8ef9
000004b137388599
000004b1a1501e99
000004b2831799d9
000004b4f48f80b9
000004b5937ff339
000004b5aa6f9df9
000004b601bdcef9
000004b67617e6b9
000004b718e8e3d9
000004b76c5ead39
000004b77203f719
000004b785e348b9
000004b7c8eab919
000004b816a44bd9
000004b888fca359
000009718b7d8161
0000000000f99971
0000000000000181
000004b8f4beb4f9
000004b9501295d9
000004b98470abd9
000004b9f1ac23f9
000004bb310ec3f9
000004bbaacae119
000004bc06cdd919
000004bc109fd6d9
000004bd5ec7f119
000004bdee197ad9
000004be24864159
000004be75e21279
000004bf25932839
000004bf876b4f39
000004c12b6cdd59
000009842be83861
0000000000f99971
0000000000000181
000004c28827af99
000004c2bc8037d9
000004c2f32aff19
000004c33064f6b9
000004c43948c0d9
000004c490bf4139
000004c4ec347c59
000004c524c4f9f9
000004c71b0b60f9
000004c74c202299
000004c80e98d619
000004c8810fec19
000004c8de707159
000004c8ea2d50d9
000004c90e383a79
000004c976527dd9
000004c99dc3baf9
000004c9ac044d99
000004ca4759a179
000004cad5b73839
00000996cc52ef61
0000000000f99971
0000000000000181
000004cbdd12fcf9
000004cce5a1fff9
000004ccf9e3a979
000004cd692c39f9
000004cdec917c59
000004ce44593559
000004ce4f356a39
000004cf29fc3519
000004cfb2278519
000004d0247ccf39
000004d03df21179
000004d09a232819
000004d10ca258f9
000004d1478909d9
000004d15928de39
000004d220f2a8b9
000004d2fbe4f1f9
000004d33d2ce4f9
000004d48367d5d9
000009a96cbda761
0000000000f99971
0000000000000181
000004d60e040e39
000004d61abf6799
000004d6d17bf1d9
000004d77b390339
000004d784d134b9
000004d79efc0ff9
000004d7dfd24d79
000004d8117ed0b9
000004d879ba4cb9
000004d89dae32f9
000004da7162c2b9
000004daec2af9b9
000004daf3e4f079
000004dc4f53f7f9
000004dcbbfae7f9
000004dd3da590b9
000009bc0d285e61
0000000000f99971
0000000000000181
000004de49887f19
000004de730f0e19
000004df31212179
000004df33625f59
000004df7e49c979
000004dfecd8dd99
000004e0d4bc9cf9
000004e0f756bff9
000004e196cf14b9
000004e2d8a61a99
000004e3d6223219
000004e409146bb9
000004e41daf20d9
000004e4beeb8a99
000004e55fc104f9
000004e57bca77b9
000004e595715c39
000004e5f2aac439
000004e642842c99
000004e657c37239
000004e6e62b2bb9
000009cead931661
0000000000f99971
0000000000000181
000004e75c56efb9
000004e781c44599
000004e7f15a5f39
000004e8821bd2d9
000004e88b938bb9
000004e9bcbc76d9
000004ea0bea2019
000004ea0f3c9ef9
000004ea771aa859
000004ea9ef28dd9
000004eab3a87a79
000004eb0a5419d9
000004ec2642ec59
000004ec3ce80d39
000004ec83ae8db9
000004ecd1bc47d9
000004ecef5fcad9
000004ed74a67859
000004ede3ee99f9
000004eecf7a9a39
000004eed09c9079
000004eee07b1d59
000004efd9054939
000004f02b1926b9
000009e14dfdcd61
0000000000f99971
0000000000000181
000004f0b1b05519
000004f1606d0c79
000004f1cd828e39
000004f1ee132859
000004f250b35bd9
000004f2b3c11eb9
000004f30f3bf679
000004f3796b4399
000004f3c417b1b9
000004f3df356dd9
000004f3f0e44939
000004f42a052bb9
000004f4d2ce6e79
000004f4ff31e099
000004f50ea5b619
000004f58e7d2439
000004f5d1c0fab9
000004f61edd5d19
000004f656e1ba39
000004f65f521dd9
000004f76a8fa8d9
000004f77a14ab79
000004f798f27e39
000004f7d1163639
000004f7fbd65fd9
000004f801b84b79
000004f9167859b9
000004f9add3ecf9
000004f9bfe20639
000009f3ee688561
0000000000f99971
0000000000000181
000004fab40e05b9
000004fc1ed21599
000004fc88138cf9
000004fcee99c679
000004fd889f7119
000004fe9a169ed9
000004fed15557b9
000004ff55f23879
000004ff5afd4c39
000004ff644f6cb9
000004ff68bd3f99
000004ff8c6c69b9
0000050074eab919
00000500d319b859
00000500f40a4ab9
000005013bcea1b9
00000501463befd9
000005015d8da4d9
000005019781cb59
00000501dbc69af9
00000502c2c17d19
00000a068ed33c61
0000000000f99971
0000000000000181
0000050361f1b1b9
00000503647bc579
00000503b9744c79
00000505ead4e5f9
00000505fb04c4f9
00000507a1d3a479
00000507bd3f7959
00000507e713add9
0000050800338519
00000508280f9fd9
0000050850ae2179
0000050860182439
000005089b9ece19
0000050a0773a679
0000050a55094c59
0000050ac2fed679
0000050ac69a4219
0000050aed58e979
0000050b44864079
0000050c90061ed9
00000a192f3df461
0000000000f99971
0000000000000181
0000050d216b0759
0000050d3428ee79
0000050f30ab8699
0000050fc3553619
0000050ffef66ff9
00000510048010b9
000005105943cad9
00000510c19cf6b9
000005112c936d59
00000511df54fa79
00000511f8619e39
0000051201857f79
000005125752c199
0000051350eb3419
000005140970b3b9
000005151507ef19
00000515e4e1a039
00000a2bcfa8ab61
0000000000f99971
0000000000000181
000005162170d3d9
00000516786f6039
0000051706e161b9
000005170f360619
00000517be3ad459
00000517c0cfdd79
00000518c1e59f39
00000518c9e6cf59
00000518fc57e919
000005193e91fdb9
00000519a96e9819
0000051a2e154f39
0000051a4c8f23b9
0000051a8424bef9
0000051bd6281d79
0000051bf0c53a19
0000051c82e95d79
0000051cc4122d99
0000051cc985e299
0000051ccb004759
0000051cd9b80299
0000051d0b4fbbf9
0000051d51f2a7d9
0000051d54356959
0000051d7fd87cf9
0000051de6688019
0000051e306e8079
0000051e61260af9
0000051e72c44579
0000051e73b63e39
0000051f257b69f9
00000a3e70136361
0000000000f99971
0000000000000181
00000520e927e699
00000521025c79d9
000005218f374899
00000521c2596cf9
000005225230e6d9
0000052261d1b679
0000052283349c19
0000052289e1dbb9
00000522a23bea79
00000522c087ff59
00000523b6a8c2d9
00000524528ae4f9
000005248b660e19
000005249cc29ef9
00000524a0fa7b59
000005256ec5b2f9
000005258c78f659
00000525fa605b19
0000052620ffca39
00000526aea19959
0000052765eefef9
00000a51107e1a61
0000000000f99971
0000000000000181
00000528928ea6d9
00000528d35fd5b9
000005291e689239
0000052a7cacaa19
0000052af0e2e619
0000052af35f51b9
0000052b9cb70019
0000052be060b2f9
0000052c2b6d15f9
0000052c7a3a2219
0000052c91ab9579
0000052c98eb06d9
0000052cce04bbf9
0000052d2fcff999
0000052d7ca24d39
0000052de9134139
0000052edfbc9ff9
0000052f498541b9
0000052f80e0d139
0000052fa07bce99
0000052fcb682b39
0000052fdff047d9
0000053012e2b379
00000531000249b9
0000053183103039
00000a63b0e8d261
0000000000f99971
0000000000000181
0000053289290099
00000532aeeaab99
00000532f3e71e79
0000053311f2c2f9
0000053371753159
0000053376208e59
00000533891eb019
00000533a875c079
00000533cd9642d9
00000534631ae819
00000535887e8579
0000053624e85d59
00000536649f1b59
000005369881fc79
00000536a2011ff9
00000536cfac77f9
000005371799d239
0000053799f9f6b9
00000537a9539619
000005380ae18579
0000053827a67079
00000538f895f099
000005396f863859
00000539e0f4f439
0000053a648f4359
0000053ae4446019
0000053b1f5d6039
00000a7651538a61
0000000000f99971
0000000000000181
0000053b872a0179
0000053bdd70fe39
0000053c8d983c59
0000053ca2ee0459
0000053d53710839
0000053d78f072f9
0000053d98f2e1b9
0000053ee3ccc659
0000053f323ba5b9
0000053f89584cf9
0000053ffc826719
000005414e00f779
000005429a7dd499
00000542b5705a59
00000543836b7799
000005439ed162f9
000005442addff59
00000a88f1be4161
0000000000f99971
0000000000000181
00000544841fe199
00000544b7306099
0000054557c48459
000005459d4ea1d9
00000546109ed699
0000054639c23c99
000005497ee7e219
0000054a4ad05859
0000054b1e5b6f59
0000054bb4e10819
0000054c1a503c19
0000054c6c3da399
0000054c951dc099
0000054cdc1dbf19
0000054d24339399
0000054d73739eb9
00000a9b9228f961
0000000000f99971
0000000000000181
0000054deeaad7d9
0000054e352d7039
0000054e7003a219
0000054e894ee0f9
0000054f6f9f8cb9
0000054f911c17b9
0000054f95717d19
00000550006f2579
00000550178ebe99
00000550393f61b9
00000550898076f9
00000550bf98ec39
00000550ca4d3939
000005512ad11eb9
000005517f4b8ed9
00000551dbd71019
000005526a8eb919
000005529caab079
000005529cd38c19
00000552f138b319
0000055358b1efb9
00000553d57efbb9
00000554979b62b9
000005549a263d39
00000555265ac1f9
00000555be2712d9
000005568613ef99
00000556f62186b9
00000aae3293b161
0000000000f99971
0000000000000181
0000055722701659
00000558104f6af9
0000055891cc48d9
00000558ddbedbd9
000005592a22ad59
00000559a7eb6fd9
00000559f54ef3b9
0000055aabba8779
0000055acfdc6279
0000055b610ac639
0000055cccf278d9
0000055d1ab1f779
0000055d1cdb1c79
0000055da72c2019
0000055de484bf19
0000055e2dcaafb9
0000055f47f7a679
0000055f47f7bf19
0000055f6b038839
0000056016734f99
00000560251d11d9
00000ac0d2fe6961
0000000000f99971
0000000000000181
000005610797e599
000005631d361219
00000563dc098019
000005643e302c59
000005644c4111b9
0000056482b1f3f9
000005648eff0e99
00000565523e68f9
000005657086ecb9
00000566bf51da19
000005673444e279
000005689c9dc3b9
000005692ab11d79
0000056954bb69d9
00000ad373692161
0000000000f99971
0000000000000181
00000569d17e8999
00000569ed2e0899
0000056a11f3e2d9
0000056a3bd7d9f9
0000056b1411afd9
0000056b271f83d9
0000056b6294ce79
0000056b954f2019
0000056ced8f56d9
0000056de368a6b9
0000056e04edb659
0000056e0f27eb59
0000056e5ebfd799
0000056e64609ad9
0000056e8cba1f79
0000056eaaed2459
0000056f98d62339
000005710cd58639
00000572295aaff9
000005728d246399
00000572b7800459
00000ae613d3d861
0000000000f99971
0000000000000181
0000057329a61099
000005732c2d3659
00000573c78b8559
00000573c9df0cb9
00000573d27b4139
00000573e6d57cb9
00000574c28c5199
00000574e5dc27b9
0000057543311059
00000577f68eb9f9
000005781efb34b9
00000578208161f9
0000057978a865f9
00000579ab0c7099
00000af3f03be261
0000000000f99971
0000000000000181
