[MCS8 A] 97 FW 3.104 SV 1.257 
range=1024
periods=2
sweepmode=27e20d0
fstchan=0
holdafter=0
streamstatus=3
calreg0=0
calreg1=0
calreg2=0
calreg3=0
swpreset=8000        
prena=1
syncout=0
cycles=18
sequences=1
tagbits=16
vdac0=92c
vdac1=807
vdac2=8c8
vdac3=8c8
vdac4=8c8
vdac5=8c8
vdac6=8c8
vdac7=8c8
timepreset=120.000     
digio=0
digval=0
autoinc=0 
savedata=2 
mpafmt=asc
sephead=0 
fmt=asc
smoothpts=5 
[CHN1]
REPORT-FILE from 06/22/2026 15:44:14.738  written 06/22/2026 15:44:14
cmline0=06/22/2026 15:44:14.738 
cmline1=A1
range=1024
active=1
bitshift=4
cftfak=2580100
evpreset=10          
roimin=0
roimax=1000
caloff=0.800000
calfact=12.800000
calfact2=0
calfact3=0
calunit=nsec
caluse=1 
[CHN2]
REPORT-FILE from  written 06/22/2026 15:44:14
cmline1=A2
range=1024
active=0
bitshift=4
cftfak=2580100
evpreset=10          
roimin=0
roimax=1000
caloff=0.800000
calfact=12.800000
calfact2=0
calfact3=0
calunit=nsec
caluse=1 
[CHN3]
REPORT-FILE from  written 06/22/2026 15:44:14
cmline1=A3
range=1024
active=0
bitshift=4
cftfak=2580100
evpreset=10          
roimin=0
roimax=1000
caloff=0.800000
calfact=12.800000
calfact2=0
calfact3=0
calunit=nsec
caluse=1 
[CHN4]
REPORT-FILE from  written 06/22/2026 15:44:14
cmline1=A4
range=1024
active=0
bitshift=4
cftfak=2580100
evpreset=10          
roimin=0
roimax=1000
caloff=0.800000
calfact=12.800000
calfact2=0
calfact3=0
calunit=nsec
caluse=1 
[CHN5]
REPORT-FILE from  written 06/22/2026 15:44:14
cmline1=A5
range=1024
active=0
bitshift=4
cftfak=2580100
evpreset=10          
roimin=0
roimax=1000
caloff=0.800000
calfact=12.800000
calfact2=0
calfact3=0
calunit=nsec
caluse=1 
[CHN6]
REPORT-FILE from  written 06/22/2026 15:44:14
cmline1=A6
range=1024
active=0
bitshift=4
cftfak=2580100
evpreset=10          
roimin=0
roimax=1000
caloff=0.800000
calfact=12.800000
calfact2=0
calfact3=0
calunit=nsec
caluse=1 
[CHN7]
REPORT-FILE from  written 06/22/2026 15:44:14
cmline1=A7
range=1024
active=0
bitshift=4
cftfak=2580100
evpreset=0           
roimin=0
roimax=1000
caloff=0.800000
calfact=12.800000
calfact2=0
calfact3=0
calunit=nsec
caluse=1 
[CHN8]
REPORT-FILE from  written 06/22/2026 15:44:14
cmline1=A8
range=1024
active=0
bitshift=4
cftfak=2580100
evpreset=0           
roimin=0
roimax=1000
caloff=0.800000
calfact=12.800000
calfact2=0
calfact3=0
calunit=nsec
caluse=1 
;MCS8 #97 Sversion=1.257 Fversion=3.68
time_patch=1
;datalength=8 bytes
;bit0..3: channel# 1..8 ( 4 bit)
;bit4: edge 0=up / 1=dn ( 1 bit)
;bit5 ..57: timedata    (53 bit), max sweep length 2001.6 h
;bit58..62: tag0..tag4  ( 5 bit)
;bit63:     data_lost   ( 1 bit)
[DATA]
0000000000000016
0000002157133661
0000000002310d71
0000000000000181
00000033f77dd861
0000000002310d71
0000000000000181
0000001fc5dc5339
0000004697e87a61
0000000002310d71
0000000000000181
0000005938531b61
0000000002310d71
0000000000000181
0000002ebcb1b059
0000006bd8bdbd61
0000000002310d71
0000000000000181
0000007e79285f61
0000000002310d71
0000000000000181
0000004874f9b019
0000009119930161
0000000002310d71
0000000000000181
000000494582ad99
000000508310fcd9
00000050fec50119
000000a3b9fda261
0000000002310d71
0000000000000181
000000b65a684461
0000000002310d71
0000000000000181
0000005b73819299
000000c8fad2e661
0000000002310d71
0000000000000181
000000db9b3d8861
0000000002310d71
0000000000000181
000000ee3ba82961
0000000002310d71
0000000000000181
00000077a72b6d79
00000100dc12cb61
0000000002310d71
0000000000000181
00000085f4f83459
00000088d4d58f99
000001137c7d6d61
0000000002310d71
0000000000000181
00000092d3b2d159
000001261ce80f61
0000000002310d71
0000000000000181
000000976231ae39
0000009b808d8039
00000138bd52b161
0000000002310d71
0000000000000181
0000014b5dbd5361
0000000002310d71
0000000000000181
000000a925705799
0000015dfe27f461
0000000002310d71
0000000000000181
000000b5c947d899
000001709e929661
0000000002310d71
0000000000000181
000001833efd3861
0000000002310d71
0000000000000181
00000195df67da61
0000000002310d71
0000000000000181
000001a87fd27c61
0000000002310d71
0000000000000181
000000d6858c07b9
000000dbb0059339
000001bb203d1e61
0000000002310d71
0000000000000181
000000dda01436f9
000001cdc0a7c061
0000000002310d71
0000000000000181
000000e7638e2199
000000ed5236d959
000001e061126261
0000000002310d71
0000000000000181
000000f0e5abe1d9
000000f12a3cdb59
000000f6cbfc92d9
000000f7157a9b99
000001f3017d0461
0000000002310d71
0000000000000181
000000fc256b2059
00000100e4fb7cd9
00000205a1e7a661
0000000002310d71
0000000000000181
00000105803afcd9
0000021842524861
0000000002310d71
0000000000000181
0000022ae2bcea61
0000000002310d71
0000000000000181
0000011643ce1919
0000011b5fd61d19
0000023d83278c61
0000000002310d71
0000000000000181
0000012146fa4cb9
00000127404d1279
0000025023922e61
0000000002310d71
0000000000000181
00000129c267d719
0000012f1b0abc59
00000262c3fcd061
0000000002310d71
0000000000000181
00000133fda164f9
00000139303c0c79
0000027564677261
0000000002310d71
0000000000000181
0000028804d21461
0000000002310d71
0000000000000181
0000029aa53cb661
0000000002310d71
0000000000000181
000001567118f7f9
000002ad45a75861
0000000002310d71
0000000000000181
000002bfe611fa61
0000000002310d71
0000000000000181
0000016815b0bd99
000002d2867c9c61
0000000002310d71
0000000000000181
000002e526e73e61
0000000002310d71
0000000000000181
0000017407256d79
0000017825496199
000002f7c751e061
0000000002310d71
0000000000000181
0000017bf3cd4b59
0000030a67bc8261
0000000002310d71
0000000000000181
00000186eba8d179
00000187ac461379
0000031d08272461
0000000002310d71
0000000000000181
0000019701a35459
0000032fa891c561
0000000002310d71
0000000000000181
0000034248fc6761
0000000002310d71
0000000000000181
000001a1fc1fad19
000001a349ef1c59
000001a64c2378b9
000001aa70648a19
00000354e9670961
0000000002310d71
0000000000000181
000001ac96525519
000001b32e712739
0000036789d1ab61
0000000002310d71
0000000000000181
000001b49f5868f9
000001b9481288b9
0000037a2a3c4d61
0000000002310d71
0000000000000181
0000038ccaa6ef61
0000000002310d71
0000000000000181
000001ca35c05419
0000039f6b119161
0000000002310d71
0000000000000181
000001cfeb5da579
000003b20b7c3361
0000000002310d71
0000000000000181
000001e165c7b479
000003c4abe6d561
0000000002310d71
0000000000000181
000001e39478e6f9
000001e8a8ca6bf9
000001e9e3b2f839
000001ea7e5c1ab9
000003d74c517661
0000000002310d71
0000000000000181
000003e9ecbc1861
0000000002310d71
0000000000000181
000003fc8d26ba61
0000000002310d71
0000000000000181
0000040f2d915c61
0000000002310d71
0000000000000181
0000020b5ce87e59
0000020bae4e9119
00000421cdfbfe61
0000000002310d71
0000000000000181
000004346e669f61
0000000002310d71
0000000000000181
000004470ed14161
0000000002310d71
0000000000000181
00000459af3be361
0000000002310d71
0000000000000181
0000022cedb2aa39
0000046c4fa68561
0000000002310d71
0000000000000181
0000023777f014d9
0000023b8a4324d9
0000023d270c5b19
0000047ef0112761
0000000002310d71
0000000000000181
000002427e356419
0000024310c53079
00000491907bc861
0000000002310d71
0000000000000181
00000249e29de479
0000024cc472bdf9
0000024d370c44f9
000004a430e66a61
0000000002310d71
0000000000000181
000004b6d1510c61
0000000002310d71
0000000000000181
0000025f6f660e39
000004c971bbae61
0000000002310d71
0000000000000181
000002672b362499
000004dc12264f61
0000000002310d71
0000000000000181
0000026ecde05ff9
000002754852add9
000004eeb290f161
0000000002310d71
0000000000000181
00000277651ee699
00000278b3d2a6d9
0000050152fb9361
0000000002310d71
0000000000000181
00000289bdafe199
00000289c1221fd9
00000513f3663461
0000000002310d71
0000000000000181
0000052693d0d661
0000000002310d71
0000000000000181
00000539343b7861
0000000002310d71
0000000000000181
000002a032c27259
0000054bd4a61961
0000000002310d71
0000000000000181
000002aa98b80259
000002ace7531e79
000002af0aaa95d9
0000055e7510bb61
0000000002310d71
0000000000000181
000002b09c74ac39
00000571157b5c61
0000000002310d71
0000000000000181
000002be5ba04119
00000583b5e5fe61
0000000002310d71
0000000000000181
0000059656509f61
0000000002310d71
0000000000000181
000005a8f6bb4161
0000000002310d71
0000000000000181
000005bb9725e261
0000000002310d71
0000000000000181
000005ce37908461
0000000002310d71
0000000000000181
000005e0d7fb2561
0000000002310d71
0000000000000181
000002f247a39559
000002f9b35ce119
000005f37865c761
0000000002310d71
0000000000000181
000002fbea0e8bb9
00000301e77a3e39
00000302455b5b99
0000060618d06861
0000000002310d71
0000000000000181
00000305f32d9cb9
00000618b93b0961
0000000002310d71
0000000000000181
0000030df0aad399
0000062b59a5ab61
0000000002310d71
0000000000000181
0000031b17fcd979
0000031d0765e039
0000063dfa104c61
0000000002310d71
0000000000000181
000006509a7aed61
0000000002310d71
0000000000000181
000003306b1c36b9
000006633ae58f61
0000000002310d71
0000000000000181
00000675db503061
0000000002310d71
0000000000000181
000006887bbad161
0000000002310d71
0000000000000181
0000069b1c257261
0000000002310d71
0000000000000181
000003555d8c7359
000006adbc901361
0000000002310d71
0000000000000181
000006c05cfab561
0000000002310d71
0000000000000181
000003653a968d99
000003659246c059
000006d2fd655661
0000000002310d71
0000000000000181
000006e59dcff761
0000000002310d71
0000000000000181
00000377d6565599
000006f83e3a9861
0000000002310d71
0000000000000181
0000037f3b60e1b9
0000070adea53961
0000000002310d71
0000000000000181
0000071d7f0fda61
0000000002310d71
0000000000000181
0000038f26d2f339
000007301f7a7b61
0000000002310d71
0000000000000181
00000742bfe51c61
0000000002310d71
0000000000000181
00000755604fbd61
0000000002310d71
0000000000000181
000003aabd1a8cf9
000003ac9183fd79
0000076800ba5e61
0000000002310d71
0000000000000181
000003b7579a77d9
0000077aa124ff61
0000000002310d71
0000000000000181
000003c4f123f299
0000078d418fa061
0000000002310d71
0000000000000181
000003c71c8afdb9
0000079fe1fa4161
0000000002310d71
0000000000000181
000003d5c7d3dfb9
000007b28264e261
0000000002310d71
0000000000000181
000007c522cf8361
0000000002310d71
0000000000000181
000003e4bf20b739
000003e91cddb399
000003e97e67a019
000007d7c33a2461
0000000002310d71
0000000000000181
000003ebe420d9d9
000007ea63a4c461
0000000002310d71
0000000000000181
000003fc4897b539
000007fd040f6561
0000000002310d71
0000000000000181
000004075adb8499
0000080fa47a0661
0000000002310d71
0000000000000181
0000040a1c69da59
0000040f7fa221f9
0000082244e4a761
0000000002310d71
0000000000000181
00000414acfdedb9
0000041962ddc359
00000834e54f4761
0000000002310d71
0000000000000181
0000084785b9e861
0000000002310d71
0000000000000181
0000042b427f6859
0000085a26248961
0000000002310d71
0000000000000181
00000435a60d9d99
0000086cc68f2a61
0000000002310d71
0000000000000181
00000439e775a579
0000043a54d10d59
0000087f66f9ca61
0000000002310d71
0000000000000181
00000444dc699df9
0000089207646b61
0000000002310d71
0000000000000181
0000044d5ee33d19
000004515da3d1d9
000008a4a7cf0b61
0000000002310d71
0000000000000181
000004542e505c99
0000045749e26f99
000008b74839ac61
0000000002310d71
0000000000000181
0000045dea4021b9
000008bdd0d1e861
0000000002310d71
0000000000000181
