[MCS8 A] 97 FW 3.104 SV 1.257 
range=1024
periods=2
sweepmode=27e20d0
fstchan=0
holdafter=0
streamstatus=3
calreg0=0
calreg1=0
calreg2=0
calreg3=0
swpreset=8000        
prena=1
syncout=0
cycles=18
sequences=1
tagbits=16
vdac0=92c
vdac1=807
vdac2=8c8
vdac3=8c8
vdac4=8c8
vdac5=8c8
vdac6=8c8
vdac7=8c8
timepreset=120.000     
digio=0
digval=0
autoinc=0 
savedata=2 
mpafmt=asc
sephead=0 
fmt=asc
smoothpts=5 
[CHN1]
REPORT-FILE from 06/22/2026 16:00:30.609  written 06/22/2026 16:00:30
cmline0=06/22/2026 16:00:30.609 
cmline1=A1
range=1024
active=1
bitshift=4
cftfak=2580100
evpreset=10          
roimin=0
roimax=1000
caloff=0.800000
calfact=12.800000
calfact2=0
calfact3=0
calunit=nsec
caluse=1 
[CHN2]
REPORT-FILE from  written 06/22/2026 16:00:30
cmline1=A2
range=1024
active=0
bitshift=4
cftfak=2580100
evpreset=10          
roimin=0
roimax=1000
caloff=0.800000
calfact=12.800000
calfact2=0
calfact3=0
calunit=nsec
caluse=1 
[CHN3]
REPORT-FILE from  written 06/22/2026 16:00:30
cmline1=A3
range=1024
active=0
bitshift=4
cftfak=2580100
evpreset=10          
roimin=0
roimax=1000
caloff=0.800000
calfact=12.800000
calfact2=0
calfact3=0
calunit=nsec
caluse=1 
[CHN4]
REPORT-FILE from  written 06/22/2026 16:00:30
cmline1=A4
range=1024
active=0
bitshift=4
cftfak=2580100
evpreset=10          
roimin=0
roimax=1000
caloff=0.800000
calfact=12.800000
calfact2=0
calfact3=0
calunit=nsec
caluse=1 
[CHN5]
REPORT-FILE from  written 06/22/2026 16:00:30
cmline1=A5
range=1024
active=0
bitshift=4
cftfak=2580100
evpreset=10          
roimin=0
roimax=1000
caloff=0.800000
calfact=12.800000
calfact2=0
calfact3=0
calunit=nsec
caluse=1 
[CHN6]
REPORT-FILE from  written 06/22/2026 16:00:30
cmline1=A6
range=1024
active=0
bitshift=4
cftfak=2580100
evpreset=10          
roimin=0
roimax=1000
caloff=0.800000
calfact=12.800000
calfact2=0
calfact3=0
calunit=nsec
caluse=1 
[CHN7]
REPORT-FILE from  written 06/22/2026 16:00:30
cmline1=A7
range=1024
active=0
bitshift=4
cftfak=2580100
evpreset=0           
roimin=0
roimax=1000
caloff=0.800000
calfact=12.800000
calfact2=0
calfact3=0
calunit=nsec
caluse=1 
[CHN8]
REPORT-FILE from  written 06/22/2026 16:00:30
cmline1=A8
range=1024
active=0
bitshift=4
cftfak=2580100
evpreset=0           
roimin=0
roimax=1000
caloff=0.800000
calfact=12.800000
calfact2=0
calfact3=0
calunit=nsec
caluse=1 
;MCS8 #97 Sversion=1.257 Fversion=3.68
time_patch=1
;datalength=8 bytes
;bit0..3: channel# 1..8 ( 4 bit)
;bit4: edge 0=up / 1=dn ( 1 bit)
;bit5 ..57: timedata    (53 bit), max sweep length 2001.6 h
;bit58..62: tag0..tag4  ( 5 bit)
;bit63:     data_lost   ( 1 bit)
[DATA]
0000000000000016
00000001004b9b39
000000020bb792f9
000000029f72c159
00000003155e2999
00000003cf342299
00000004d1f53479
0000000624dbac99
000000098255ceb9
0000000c0299a2f9
0000000cd9958459
0000000d28463819
0000000edf4640f9
0000000f8b2c8c79
00000021578f7861
0000000002d5db71
0000000000000181
00000010ecd640f9
00000014bc5e9439
0000001540f167f9
00000016717dd9f9
00000016b0521f39
00000017a8894af9
00000018e74cde19
00000033f7fa1561
0000000002d5db71
0000000000000181
0000001b0d855119
0000001cd28f7699
0000001f056d9c59
0000001f4c402899
000000204f69f439
00000021a270b739
0000002271b1f3f9
0000002321681df9
000000233de25ad9
000000469864b261
0000000002d5db71
0000000000000181
000000236fc64459
00000024eb9c0af9
000000262f1b0239
00000027ee6e5859
000000283716f1f9
00000028f7fc8859
00000029ff6d5af9
0000002a6d5c43d9
0000002c28a1ef59
0000005938cf4f61
0000000002d5db71
0000000000000181
0000002d684c9dd9
0000002f6baa6a19
00000030f32b7ff9
00000034a4342c19
0000003533b6de59
0000006bd939ec61
0000000002d5db71
0000000000000181
000000361c585f19
0000003838a90f79
0000003bd4bf4879
0000007e79a48961
0000000002d5db71
0000000000000181
0000004178677659
000000419bd31339
00000042d4502519
00000044fbbc07b9
000000463946fa39
000000471710ea79
000000911a0f2661
0000000002d5db71
0000000000000181
00000049785e7d19
0000004ec345b9b9
0000004f28c3e6b9
0000004f4542dfb9
000000a3ba79c361
0000000002d5db71
0000000000000181
00000054159ebfd9
00000054b90663b9
00000055b4b7b5f9
0000005616c28e59
000000567358f359
000000577e461559
000000582f7d13f9
00000058753261d9
000000598cc3ee59
000000b65ae46061
0000000002d5db71
0000000000000181
0000005d8325a8f9
0000005f2bb26d39
0000006087af97b9
00000062a7912b59
000000c8fb4efd61
0000000002d5db71
0000000000000181
000000650a588e59
000000653ba14659
000000663e7dde99
00000067b8575bb9
00000069370e0d19
0000006bfaa52879
0000006c1323e959
0000006d7b5ff179
0000006db5d098b9
000000db9bb99b61
0000000002d5db71
0000000000000181
0000006dcce85259
0000006dde618cd9
0000006f1ab5cb39
000000715a57c919
0000007432dd3039
0000007576235cb9
00000076febe7f39
000000ee3c243861
0000000002d5db71
0000000000000181
0000007920d62919
0000007922792839
00000079c6c38c99
00000079df889cd9
0000007c70d999d9
0000007dd5b02499
0000007f9f25eb79
0000007fbef019b9
00000100dc8ed561
0000000002d5db71
0000000000000181
000000815e44a139
00000084337114b9
000000851ee3f0d9
00000085ae2e09f9
000000873bb5eb59
000000875970c239
000000877234a979
000000879a5101b9
000000881f6782f9
000001137cf97361
0000000002d5db71
0000000000000181
0000008d6b946319
0000008dbcfb77d9
0000008f90e862f9
00000090cd7ae239
00000092a10b7839
000001261d641061
0000000002d5db71
0000000000000181
00000093fb567a59
000000950e4f4019
00000095d00f5eb9
000000989ed101b9
0000009afe1b69b9
0000009b6cad3619
0000009c54b8b899
00000138bdceae61
0000000002d5db71
0000000000000181
0000009dece4d159
000000a176af6ef9
000000a1891ba8d9
000000a3b41af379
000000a520b24239
0000014b5e394b61
0000000002d5db71
0000000000000181
000000a7b6569cd9
000000a8eb736bb9
000000aaa3fff5f9
000000ab36e9aef9
000000ab73e5d2d9
000000ac5feafb39
000000ae7282bd99
0000015dfea3e961
0000000002d5db71
0000000000000181
000000b1aa838ef9
000000b225de5539
000000b29b3d7d99
000000b476ba9339
000000b78a04c359
000001709f0e8661
0000000002d5db71
0000000000000181
000000b89c002fd9
000000b9609ef619
000000b96f1fb359
000000ba3f903bf9
000000bbb49b0179
000000bc6aed62d9
000000be53b31519
000000c048692359
000001833f792461
0000000002d5db71
0000000000000181
000000c559a20b19
000000c6f7a03959
000000c791ab49d9
000000c83920f739
000000ca57ecda79
00000195dfe3c261
0000000002d5db71
0000000000000181
000000cbb27f6eb9
000000ccee714039
000000ce334e32d9
000000d110c0a3d9
000000d255f53db9
000000d2c31fbf19
000001a8804e6061
0000000002d5db71
0000000000000181
000000d489178e19
000000d5167441d9
000000d5960725d9
000000d5b907daf9
000000d6bfda7c19
000001bb20b8fd61
0000000002d5db71
0000000000000181
000000e4d7f83d19
000000e58f91bd59
000001cdc1239b61
0000000002d5db71
0000000000000181
000000e7559e53d9
000000edd2641879
000000eed4a52c99
000000ef23e5fef9
000000ef88c93b59
000001e0618e3961
0000000002d5db71
0000000000000181
000000f6226ee0b9
000000f8c5de7f59
000001f301f8d761
0000000002d5db71
0000000000000181
000000fc06e26dd9
000000fd9fe9e019
000000fe1b5adeb9
000000ff36b23b99
000000ffbb7316d9
000001013ab78199
00000205a2637561
0000000002d5db71
0000000000000181
0000010adcc41719
0000021842ce1361
0000000002d5db71
0000000000000181
0000010c3a797999
0000010d571e0319
0000010ef9d47339
000001107e3c1d19
000001134eb51899
00000114c85d0d59
0000022ae338b161
0000000002d5db71
0000000000000181
0000011591d760d9
00000117e473fcf9
000001180a829d19
0000011a94dd47d9
0000011e01e60cf9
0000011e825d44b9
0000023d83a35061
0000000002d5db71
0000000000000181
0000011f10ccfcf9
00000122cf8e14f9
00000122f22de599
00000124f820e279
00000126b3356dd9
00000126ec118999
0000012743c1ff19
00000250240dee61
0000000002d5db71
0000000000000181
00000128aaa89c59
00000129b3764399
0000012a038e1f99
0000012ed96e8119
0000012fa1351a99
00000130279b9719
00000130e1994519
00000262c4788c61
0000000002d5db71
0000000000000181
00000132b3498b99
00000134da8ffb19
0000013523be0e99
00000135a3703a79
000001371b949c79
00000137bbafdad9
00000138a6a44e39
0000027564e32a61
0000000002d5db71
0000000000000181
0000013ae0c71e59
0000013e55acbb39
0000014155b00c39
00000141d3dfb999
0000014226034cd9
00000288054dc961
0000000002d5db71
0000000000000181
000001476252e539
00000147ca5579d9
00000147e44575f9
000001482ac942b9
000001483372d4f9
0000029aa5b86761
0000000002d5db71
0000000000000181
0000014e838553f9
0000014ec75359d9
0000014fba6a7a19
0000015050f072f9
0000015085621819
00000151f7231a39
00000153bdf2e6f9
000001541af54359
000001560b31a699
000002ad46230561
0000000002d5db71
0000000000000181
00000157927bdb79
0000015866436fd9
0000015a43325a79
0000015b7cb9b539
0000015b80790d39
0000015ccca6bc59
000002bfe68da461
0000000002d5db71
0000000000000181
000001643b468219
00000168e5973b19
000002d286f84261
0000000002d5db71
0000000000000181
0000016ba2e0f319
0000016e947ccdd9
0000016edd480139
000002e52762e161
0000000002d5db71
0000000000000181
00000172cce2b079
00000172e9ea4af9
00000172f87281b9
00000174cf761859
00000174e8a005f9
00000176f526d459
00000178555f6099
0000017a01cd60d9
0000017b6cb31739
0000017bcd87fb99
000002f7c7cd8061
0000000002d5db71
0000000000000181
0000017e3142a959
0000017ff81cbef9
00000183788f74f9
00000184a31584f9
00000184e073f4d9
0000030a68381e61
0000000002d5db71
0000000000000181
000001853de71d79
00000185e7e28819
0000018742d22ff9
000001892fbd4e79
0000018982ce1bf9
0000018acd008219
0000018c96926719
0000031d08a2bd61
0000000002d5db71
0000000000000181
0000018e97f8bf19
0000018f43de7439
00000190bcbbcf39
000001919faa0519
00000193b895c3f9
0000019449c14e19
00000194afafc079
0000019669e16f99
000001972cd87519
0000032fa90d5c61
0000000002d5db71
0000000000000181
0000019ab58e6d19
0000019b2d11eab9
0000019bb24b9f59
0000019bcbf5e0b9
0000019ca3c329f9
0000019e163b46b9
000003424977fb61
0000000002d5db71
0000000000000181
000001a259b355f9
000001a3e43572f9
000001a660368779
000001a7f8534059
000001a9844d7439
00000354e9e29a61
0000000002d5db71
0000000000000181
000001ab67f34199
000001ac319320f9
000003678a4d3961
0000000002d5db71
0000000000000181
000001b49327c6b9
000001ba1935eb99
000001ba7495d6d9
000001baf38e8119
000001bcac436739
0000037a2ab7d861
0000000002d5db71
0000000000000181
000001bd88b94759
000001be16b34019
000001be219502d9
000001bf029e3a79
000001c1bc616759
000001c251996ff9
000001c50943b759
000001c60a81c159
000001c6552ed499
0000038ccb227761
0000000002d5db71
0000000000000181
000001c6be6e6cf9
000001c74e74abb9
000001c8bf86fa79
000001c9fefb53b9
000001ca21283a39
000001cb8beace99
000001cc0144b1f9
000001cd5f01e1d9
000001ce79514bf9
0000039f6b8d1661
0000000002d5db71
0000000000000181
000001d187dad459
000001d1a26da1b9
000001d1df94b5f9
000001d230ae57b9
000001d7d58f7359
000003b20bf7b561
0000000002d5db71
0000000000000181
000001db6c2c1bf9
000001dbfd786559
000001dc1dea34b9
000001de5a1fe5f9
000001e1514def99
000001e1dfd47ad9
000001e1e1ff8879
000003c4ac625461
0000000002d5db71
0000000000000181
000001e339ace9b9
000001e53e59b379
000001e639739579
000001e84411e0b9
000001e92df06dd9
000001ea1efda2d9
000003d74cccf361
0000000002d5db71
0000000000000181
000001ebb914ef39
000001ecbe5aecd9
000001eda5d6e6d9
000001ef38096b79
000001f10e191819
000001f459c9f279
000001f4b0aaa299
000003e9ed379361
0000000002d5db71
0000000000000181
000001f60ff1c179
000001f6c09ed599
000001f772504d99
000001f7889862f9
000001fbed8318d9
000001fd05e8d5d9
000001fd7d281939
000003fc8da23261
0000000002d5db71
0000000000000181
00000201e1da7f79
00000202f0dbce59
000002066a34d799
0000040f2e0cd161
0000000002d5db71
0000000000000181
0000020813e9b099
00000208c9295859
0000020a26ceaad9
0000020c871f51b9
0000020ccac70879
0000020d333bab19
0000020df44ccd19
0000020f3e83b599
00000421ce777161
0000000002d5db71
0000000000000181
000002112f3803d9
000002124b513519
0000021622ab05f9
000002169b6e2459
00000216ae359119
00000217d3064bb9
00000218b9c73439
000004346ee21061
0000000002d5db71
0000000000000181
0000021a434562d9
0000021bd0b0dd79
0000021c3dd63db9
0000021d43313119
0000021f1267c639
0000022136e58bf9
000002231ccf5db9
000004470f4cb061
0000000002d5db71
0000000000000181
00000223effc77d9
000002255a3907b9
0000022710b6a299
00000227e89674f9
00000228f6734159
0000022b6a160599
0000022b900b3f59
00000459afb74f61
0000000002d5db71
0000000000000181
0000022cf8854059
0000022d26f4fff9
0000022d5ad75fb9
0000022efedfc6d9
0000022ffa7c5ed9
000002335e98b239
00000234deda9eb9
00000235def39879
00000235e21cba99
0000046c5021ef61
0000000002d5db71
0000000000000181
00000238de6f0339
0000023e2eba2799
0000047ef08c8f61
0000000002d5db71
0000000000000181
0000023fbc1ed739
0000023ff58c2259
000002402473f0f9
0000024114a7f279
0000024509343cb9
00000245b17c4159
000002477693acf9
0000024846c05059
0000049190f72e61
0000000002d5db71
0000000000000181
00000249bad42559
0000024a153a8559
0000024b16a39bb9
0000024c63382119
0000024cf8f332d9
0000024d0142dc99
0000024ed30811b9
0000024fbdb9a1d9
000004a43161ce61
0000000002d5db71
0000000000000181
0000025232517759
0000025794684df9
0000025976d05019
000004b6d1cc6e61
0000000002d5db71
0000000000000181
0000025dc4e86d99
0000025e011324f9
000004c972370e61
0000000002d5db71
0000000000000181
0000026588e4dd19
0000026593e50ed9
0000026d93a68399
000004dc12a1ad61
0000000002d5db71
0000000000000181
0000026f8a404139
0000026fbc22c859
00000270f2ea2a39
000002735c815b79
00000274e36b4bf9
0000027513841279
000004eeb30c4d61
0000000002d5db71
0000000000000181
00000278de8c1779
00000279525ec859
0000027a6f7001f9
0000027b11c67b19
0000027f22f6d459
0000027f51dd1d39
0000028013e96d99
000002801bd9f019
000005015376ed61
0000000002d5db71
0000000000000181
000002827d60cfb9
00000285623db199
00000513f3e18e61
0000000002d5db71
0000000000000181
0000028a0d98eb79
0000028d375596d9
0000028d446d1a19
00000290695d7ad9
00000290b628bdf9
00000526944c2e61
0000000002d5db71
0000000000000181
0000029489d8fef9
0000053934b6ce61
0000000002d5db71
0000000000000181
0000029e18057db9
0000029e1c4cb019
0000029eb04ce359
000002a45d97ee59
000002a545f84e19
0000054bd5216e61
0000000002d5db71
0000000000000181
000002a7e2dcd319
000002a82f4ed4d9
000002a939aef4b9
000002a94d42cc79
000002aa5bdd4219
000002aabb986279
000002aac97b9079
0000055e758c0e61
0000000002d5db71
0000000000000181
000002afe511f459
000002b1ee4ea619
000002b214303f79
000002b21be22899
000002b5cb0bfa59
000002b7d2df61d9
000002b85c4f34f9
0000057115f6af61
0000000002d5db71
0000000000000181
000002b97697ead9
000002bbd2a739f9
000002bc0abc2419
000002bd961e7279
000002be9ce05139
000002c0f4881ed9
000002c1c180aeb9
000002c1cef24499
00000583b6614f61
0000000002d5db71
0000000000000181
000002c394209599
000002c43a3f11f9
000002c4c1557439
000002c5c1b50e99
000002c951494719
0000059656cbf061
0000000002d5db71
0000000000000181
000002cb6762ecf9
000002cbc7802319
000002cd3957dad9
000002ce4cdf1a19
000002cf3f224939
000002d386080439
000005a8f7369061
0000000002d5db71
0000000000000181
000002d82d031399
000002d897d2ca19
000002da8f2b9799
000005bb97a13161
0000000002d5db71
0000000000000181
000002e149764bb9
000002e31f64add9
000002e36bf972d9
000002e5ff884879
000002e6d9a79e19
000005ce380bd161
0000000002d5db71
0000000000000181
000002e7b3b04cf9
000002e8cefe9cd9
000002ea355dcb59
000002ef2ef5d559
000002f02b36fbd9
000002f03a5506f9
000005e0d8767261
0000000002d5db71
0000000000000181
000002f287ed7659
000002f2f6901839
000002f351b43779
000002f4d50b2099
000002f5416027d9
000002f8ac874b99
000005f378e11361
0000000002d5db71
0000000000000181
000002fbad27e159
000002fc1ca99759
000002fe1c12c539
0000030074d78cd9
00000301fb4768b9
00000606194bb461
0000000002d5db71
0000000000000181
0000030594eb4d99
0000030644fe03d9
000003067fcd6d59
00000306ce5cd279
00000308e5c3cc39
000003091904e699
0000030b2ed3ea59
00000618b9b65461
0000000002d5db71
0000000000000181
0000030df753ea59
0000030ec54b3a19
000003107ea71579
000003135b0aba59
00000313ee3c2b19
000003145c7d4939
00000315442999b9
0000062b5a20f561
0000000002d5db71
0000000000000181
000003168a9002d9
000003172bb430d9
0000031aa1b6fa19
0000031e9f601bf9
0000063dfa8b9661
0000000002d5db71
0000000000000181
0000031fba364299
00000322de701839
00000324887da379
000006509af63761
0000000002d5db71
0000000000000181
000003285a0f19b9
000003286cad8df9
0000032939af4259
0000032a4bd59239
0000032c07564779
0000032c492bdd19
0000032ee124c039
0000032f37959cb9
000006633b60d861
0000000002d5db71
0000000000000181
00000333aba6d9d9
00000334170e52d9
000003354bf3df19
000003367bc94d39
000003386815dad9
00000339d8243b19
0000033a9e2b6c79
00000675dbcb7a61
0000000002d5db71
0000000000000181
0000033f98248c99
0000033faf453859
00000340d25efd39
000003419b8fb4b9
000006887c361b61
0000000002d5db71
0000000000000181
0000034497f54b39
00000344ae3d3ed9
000003452d6bd1b9
0000034631716699
0000034654684cb9
0000034669f60fd9
00000346f270c079
000003492679eeb9
0000034a2705a619
0000069b1ca0bc61
0000000002d5db71
0000000000000181
0000034fcdc04239
00000352e701d999
000003549a373e79
00000355129f46d9
000003565997d599
000006adbd0b5d61
0000000002d5db71
0000000000000181
0000035707e1a979
00000357270a8879
0000035766815139
0000035c6c5b5fb9
0000035d83c80df9
0000035e90c300b9
000006c05d75ff61
0000000002d5db71
0000000000000181
00000360c92adc59
00000363d9c44c39
00000363e6b0b179
00000364d5505a19
000003652ee8e439
000003674f36c4f9
000006d2fde0a061
0000000002d5db71
0000000000000181
0000036a2fcca879
0000036b65dec039
0000036c84adec39
0000036e3bcea7b9
0000037019dfa439
0000037040aa3f39
000003711e4d7759
000003718ab3db39
000006e59e4b4261
0000000002d5db71
0000000000000181
0000037547525499
0000037630003c39
00000378afb4a1f9
0000037b58f223b9
0000037ba9d05779
0000037c1b5aa739
000006f83eb5e361
0000000002d5db71
0000000000000181
0000037e6eafc799
0000038093068179
00000381a4c0a179
000003847f7664b9
00000384d08e3b79
0000070adf208561
0000000002d5db71
0000000000000181
00000385ab9fe6d9
00000385dd76de19
000003863a28d939
0000038721198079
0000038752179a59
00000387d05f9019
00000389b5857a39
0000038ab2e6c719
0000038b3cdc6b99
0000038cbcee27d9
0000071d7f8b2661
0000000002d5db71
0000000000000181
0000039096394839
00000391b1492559
0000039325b21f59
00000394e49bd4b9
000003967cc4d899
000007301ff5c861
0000000002d5db71
0000000000000181
0000039d79057139
000003a0f88847b9
00000742c0606a61
0000000002d5db71
0000000000000181
000003a16edfc659
000003a1e3d34c99
000003a524b299f9
000003a6b3945af9
000003a6bcb2de19
000003a9e4e2d039
0000075560cb0c61
0000000002d5db71
0000000000000181
000003abe3f36939
000003ae729b3d79
000003b02b726dd9
000007680135ae61
0000000002d5db71
0000000000000181
000003b430ed42b9
000003b4ae561b79
000003b869689d79
000003b86e197c59
000003baaa0a4d79
000003bbfa365e99
0000077aa1a05061
0000000002d5db71
0000000000000181
000003be4e6cec99
000003bf49509779
000003c0512607f9
000003c14f22ae99
000003c1980eaff9
000003c1a23ebbd9
000003c40a048e39
000003c4a8a6e079
0000078d420af261
0000000002d5db71
0000000000000181
000003c718b95d19
000003c8340f5019
000003c9dc5bfb79
000003cc32bc3279
000003cce35d8fb9
0000079fe2759461
0000000002d5db71
0000000000000181
000003d496066db9
000003d6f38f77d9
000003d79e7461b9
000003d7d8783c79
000003d8f3145919
000007b282e03661
0000000002d5db71
0000000000000181
000003dbe284b879
000003dc61ec9059
000003df55004b59
000003e004fb52d9
000003e0f5080b39
000003e1547e7619
000007c5234ad861
0000000002d5db71
0000000000000181
000003e39b6a7239
000003e4ce7136d9
000003e51b7b3e99
000003e8cf0521f9
000003e961cdf1d9
000003e98fa6ab79
000003eae2217119
000003eb376acf79
000003eba1e91339
000007d7c3b57a61
0000000002d5db71
0000000000000181
000003ed9cbb0959
000003ede2ed26d9
000003ef9345f559
000003f04e49cdf9
000003f1886dc6d9
000003f4b72b4699
000007ea64201c61
0000000002d5db71
0000000000000181
000003f6989ad499
000003f82d124e39
000003f903a4aef9
000003fbd152a339
000007fd048abf61
0000000002d5db71
0000000000000181
00000400bf5e71d9
00000403c9f27039
00000405a6f455d9
000004063b9aafb9
000004065ce533f9
0000080fa4f56161
0000000002d5db71
0000000000000181
000004089e3d9839
0000040b592a9f79
0000040cc01db1d9
0000040cc1993539
0000040cdb10ffd9
0000040cfa0f92d9
0000040d4ae20719
0000040fd7e20579
0000082245600361
0000000002d5db71
0000000000000181
0000041169a46819
00000412a6efc2f9
000004149f8b51b9
00000418a01e2179
0000041968401999
0000041a27c563b9
00000834e5caa661
0000000002d5db71
0000000000000181
0000041a7d1ff3b9
0000041aaf712ef9
0000041c40837839
0000041f8fc1d219
00000420abfaa5d9
00000421e3e0e199
00000422087790f9
0000042263c724f9
00000422701bce39
0000042351586ad9
0000084786354961
0000000002d5db71
0000000000000181
00000424d15769f9
00000425bb13bd59
00000427df266c19
0000042947b12219
00000429f7d30559
0000042c5e682d79
0000085a269feb61
0000000002d5db71
0000000000000181
0000042f925c6219
0000042f9712e999
00000431266f62f9
00000433fea9d739
00000434be61bcd9
00000435b79f9f19
0000086cc70a8e61
0000000002d5db71
0000000000000181
00000437d52570f9
0000043a878b92f9
0000043a8d71a719
0000043b2bbe9b99
0000043c12dfa939
0000043ca6744579
0000087f67753061
0000000002d5db71
0000000000000181
00000441296fae79
00000441468adc39
00000441811c4159
0000044292ef6899
0000044378458539
00000443bd1c1b39
00000447760532f9
0000089207dfd361
0000000002d5db71
0000000000000181
0000044d8cb61a99
0000044def847f79
00000450a30dad19
000008a4a84a7661
0000000002d5db71
0000000000000181
000004550ecc3979
0000045516e7ff39
0000045553ae2c39
000004555c7b8b59
0000045668937779
0000045669c2fcd9
0000045782e77eb9
000004590cfdfc39
0000045b6b53c5d9
000008b748b51961
0000000002d5db71
0000000000000181
0000045df83754d9
0000045ec48cb739
000008c175b62461
0000000002d5db71
0000000000000181
