[MCS8 A] 97 FW 3.104 SV 1.257 
range=1024
periods=2
sweepmode=27e20d0
fstchan=0
holdafter=0
streamstatus=3
calreg0=0
calreg1=0
calreg2=0
calreg3=0
swpreset=8000        
prena=1
syncout=0
cycles=18
sequences=1
tagbits=16
vdac0=92c
vdac1=807
vdac2=8c8
vdac3=8c8
vdac4=8c8
vdac5=8c8
vdac6=8c8
vdac7=8c8
timepreset=150.000     
digio=0
digval=0
autoinc=0 
savedata=2 
mpafmt=asc
sephead=0 
fmt=asc
smoothpts=5 
[CHN1]
REPORT-FILE from 06/23/2026 15:26:18.565  written 06/23/2026 15:26:18
cmline0=06/23/2026 15:26:18.565 
cmline1=A1
range=1024
active=1
bitshift=4
cftfak=2580100
evpreset=10          
roimin=0
roimax=1000
caloff=0.800000
calfact=12.800000
calfact2=0
calfact3=0
calunit=nsec
caluse=1 
[CHN2]
REPORT-FILE from  written 06/23/2026 15:26:18
cmline1=A2
range=1024
active=0
bitshift=4
cftfak=2580100
evpreset=10          
roimin=0
roimax=1000
caloff=0.800000
calfact=12.800000
calfact2=0
calfact3=0
calunit=nsec
caluse=1 
[CHN3]
REPORT-FILE from  written 06/23/2026 15:26:18
cmline1=A3
range=1024
active=0
bitshift=4
cftfak=2580100
evpreset=10          
roimin=0
roimax=1000
caloff=0.800000
calfact=12.800000
calfact2=0
calfact3=0
calunit=nsec
caluse=1 
[CHN4]
REPORT-FILE from  written 06/23/2026 15:26:18
cmline1=A4
range=1024
active=0
bitshift=4
cftfak=2580100
evpreset=10          
roimin=0
roimax=1000
caloff=0.800000
calfact=12.800000
calfact2=0
calfact3=0
calunit=nsec
caluse=1 
[CHN5]
REPORT-FILE from  written 06/23/2026 15:26:18
cmline1=A5
range=1024
active=0
bitshift=4
cftfak=2580100
evpreset=10          
roimin=0
roimax=1000
caloff=0.800000
calfact=12.800000
calfact2=0
calfact3=0
calunit=nsec
caluse=1 
[CHN6]
REPORT-FILE from  written 06/23/2026 15:26:18
cmline1=A6
range=1024
active=0
bitshift=4
cftfak=2580100
evpreset=10          
roimin=0
roimax=1000
caloff=0.800000
calfact=12.800000
calfact2=0
calfact3=0
calunit=nsec
caluse=1 
[CHN7]
REPORT-FILE from  written 06/23/2026 15:26:18
cmline1=A7
range=1024
active=0
bitshift=4
cftfak=2580100
evpreset=0           
roimin=0
roimax=1000
caloff=0.800000
calfact=12.800000
calfact2=0
calfact3=0
calunit=nsec
caluse=1 
[CHN8]
REPORT-FILE from  written 06/23/2026 15:26:18
cmline1=A8
range=1024
active=0
bitshift=4
cftfak=2580100
evpreset=0           
roimin=0
roimax=1000
caloff=0.800000
calfact=12.800000
calfact2=0
calfact3=0
calunit=nsec
caluse=1 
;MCS8 #97 Sversion=1.257 Fversion=3.68
time_patch=1
;datalength=8 bytes
;bit0..3: channel# 1..8 ( 4 bit)
;bit4: edge 0=up / 1=dn ( 1 bit)
;bit5 ..57: timedata    (53 bit), max sweep length 2001.6 h
;bit58..62: tag0..tag4  ( 5 bit)
;bit63:     data_lost   ( 1 bit)
[DATA]
0000000000000016
000000008cd4d339
000000031e0346d9
00000003cd4bd2b9
00000004656b56d9
000000051de1cf19
0000000548745079
00000007309802d9
0000000855c6d0f9
00000009b05af6b9
0000000d15bcb9d9
0000000dc83c1b79
0000000e3729c359
0000000e58be0099
0000000f0036c9f9
0000000f311c7c39
00000021575bc661
0000000002a01371
0000000000000181
00000014dc5c4119
000000166de56839
00000017ecd7f5f9
0000001807b209d9
00000018576fcbb9
00000033f7c71c61
0000000002a01371
0000000000000181
0000001c1b1f2999
0000001cfd640379
0000002116ab7599
0000004698327261
0000000002a01371
0000000000000181
000000255c16d3d9
00000026b2a6be79
0000002762a17bd9
0000002894595f19
00000028e29ef7f9
0000002947a02a79
0000002957676259
0000002b7e6021f9
00000059389dc861
0000000002a01371
0000000000000181
0000002da42020d9
0000002e42715e39
000000338ee8b099
0000006bd9091e61
0000000002a01371
0000000000000181
00000038d58fc959
00000039559e9c99
00000039a56f38f9
0000003b48826599
0000003d55474c59
0000003d783bc3f9
0000007e79747361
0000000002a01371
0000000000000181
0000003f4863e859
00000040e80e5559
0000004122171339
0000004177ca2559
00000041840dd719
00000042ee45c099
000000438ba52eb9
00000044c644f999
0000004570332a19
000000474a6066b9
0000009119dfc961
0000000002a01371
0000000000000181
000000499ba110b9
0000004ce51c7ad9
0000004dda268af9
000000500632e619
000000a3ba4b1f61
0000000002a01371
0000000000000181
000000588a802479
0000005913a155d9
0000005a655c8519
0000005b1ce8e959
000000b65ab67561
0000000002a01371
0000000000000181
0000005b73bae6b9
0000005cb17594f9
0000005d49ff3319
0000005f89f82c59
000000606ff3aad9
0000006115596079
000000614d559059
00000061c4ff8f19
000000c8fb21cb61
0000000002a01371
0000000000000181
00000065a62d36b9
000000696d41d579
0000006999cfb639
00000069efd1db19
0000006c7381b779
000000db9b8d2161
0000000002a01371
0000000000000181
0000006eba3c6579
0000006edf6a0a59
00000071367cbef9
000000724424ac19
00000073e00d75b9
00000074710888d9
00000076ce7faeb9
000000ee3bf87761
0000000002a01371
0000000000000181
0000007729d49639
00000077d541a8f9
000000780c5e0f39
000000785c6d5b79
00000078bd22ac79
00000079679b1459
0000007dcf564f99
0000007e4a599659
0000007ee36f3859
0000007ffd589239
00000100dc63cd61
0000000002a01371
0000000000000181
0000008134089b19
00000082c32ba659
000000845b9a08f9
00000086b4c261d9
000001137ccf2361
0000000002a01371
0000000000000181
0000008a552fc1f9
0000008a5e17f139
0000008c91853ad9
0000008cbbf693f9
0000008d13332dd9
0000008e481ad9f9
0000008efd9f1339
0000008f4875d579
000001261d3a7961
0000000002a01371
0000000000000181
00000093fc48eed9
00000095fff13d99
00000096a02e8fb9
0000009759bbf8f9
00000097bbd47959
00000099fa07a3f9
0000009a6044c6f9
0000009b57617019
0000009baaa58879
00000138bda5cf61
0000000002a01371
0000000000000181
0000009eb9e992f9
0000009f7b9eb1b9
000000a3b9564359
0000014b5e112561
0000000002a01371
0000000000000181
000000a5b0871f59
000000a7f4357bd9
000000a9623cedf9
000000a9ed5b96b9
000000a9f6d46519
000000a9f7ecc279
000000aa57af84d9
000000aa5da38979
000000ac5013fe39
0000015dfe7c7b61
0000000002a01371
0000000000000181
000000af701e67b9
000000b39b84f119
000000b6249839b9
000000b77c5ab3b9
000001709ee7d161
0000000002a01371
0000000000000181
000000b96f408959
000000bbbc300bd9
000000bc481f7839
000000bc49e8c6b9
000000bf78142ab9
000000bf908ce5f9
000001833f532761
0000000002a01371
0000000000000181
000000c254cdd439
000000c4f5f59959
000000c9456f20b9
00000195dfbe7d61
0000000002a01371
0000000000000181
000000cb64315af9
000000cbe02645f9
000000cd383c5a59
000000cdbb5826b9
000000ce992a9299
000000ceb72f4af9
000000cecf9aa139
000000cedb468cf9
000000cee0248c99
000000d021e84cb9
000000d27c27ccf9
000000d343f50479
000000d3d85896f9
000001a88029d361
0000000002a01371
0000000000000181
000000d491d91899
000000d4e1189af9
000000d747ffa539
000000d8fddd1bd9
000000dacac7f039
000000dc91dbc379
000000dcf01a7cd9
000001bb20952961
0000000002a01371
0000000000000181
000000e0e37b7a39
000000e215ed0519
000000e393689dd9
000000e396ac6f19
000000e3b544dbb9
000000e42a861cd9
000001cdc1007f61
0000000002a01371
0000000000000181
000000e730d0dc79
000000ead7b33739
000000eae7d5e9b9
000000eb22a4c359
000000ecb69c7439
000000ee30e6a319
000000efa82bc719
000001e0616bd561
0000000002a01371
0000000000000181
000000f07b80ac99
000000f1bfc64419
000000f31971e2f9
000000f417d49879
000000f8a1cf1479
000001f301d72b61
0000000002a01371
0000000000000181
000000fad69c0c59
000000fb40d585b9
000000fc08a2c339
000000fdbfc45c19
000000fe8c1ba339
000000fea1959799
000000fecdc44e79
000000fee7b3f059
00000205a2428161
0000000002a01371
0000000000000181
00000103ea2e0379
000001048b176b39
00000105736f4719
000001066ea64579
00000108128617b9
0000010ae29de9b9
0000021842add761
0000000002a01371
0000000000000181
0000010daaa64659
0000010e9487e8d9
0000010e99c1e059
0000010f3d6d8039
000001126b38fbd9
000001127ab4fe59
00000112e0638a59
0000022ae3192d61
0000000002a01371
0000000000000181
00000116ce724d99
0000011a8be44bb9
0000011bad5eb4f9
0000011bf8b91e19
0000011cfef024b9
0000011dc87d7159
0000023d83848361
0000000002a01371
0000000000000181
0000012210b4fdf9
00000122edae09d9
000001235e146639
00000124032ddd39
0000025023efd861
0000000002a01371
0000000000000181
00000128c9575ab9
0000012abcea54f9
0000012b403b63b9
0000012b46231759
0000012d7611bf79
00000130aaa1e259
00000262c45b2e61
0000000002a01371
0000000000000181
0000013444010559
00000134e9baccb9
000001350ae0c579
00000137206bb9d9
00000138f7f98f19
00000139640e5c79
0000027564c68461
0000000002a01371
0000000000000181
0000013c36f84239
0000013d15c76319
0000013e0d7f0819
00000142a398d459
000002880531da61
0000000002a01371
0000000000000181
00000147d117cff9
00000148322141d9
0000014b052ff9f9
0000029aa59d3061
0000000002a01371
0000000000000181
0000014d5843f3d9
0000014e47124fb9
000001519f9a7c79
000001546f5c5199
0000015682240899
000002ad46088661
0000000002a01371
0000000000000181
0000015a2f75c1b9
0000015a785b9899
0000015b32923a39
0000015b65a40f99
0000015b68eb4619
0000015d60089ff9
000002bfe673dc61
0000000002a01371
0000000000000181
000001607468d899
0000016330bf2939
00000165fdcb2a79
0000016613377c19
0000016685d0f5f9
000001678384fb19
00000167cda1f9f9
00000168b69a6319
000002d286df3261
0000000002a01371
0000000000000181
00000169dfd96cd9
0000016d1a4b18b9
0000016da01d6a59
0000016e0d68f819
0000016ec58ce7f9
00000170fdfdb699
000002e5274a8861
0000000002a01371
0000000000000181
00000173e16b8479
00000175d2ce2d39
000001761b2aaa99
00000176234bd059
000001763875ea99
00000176ea686839
00000178217a0439
00000179272666d9
00000179aba04899
0000017b6c0bf4f9
000002f7c7b5de61
0000000002a01371
0000000000000181
0000017c0753a439
0000017cb1064859
0000017d570404b9
0000017db3006479
0000017f61c08699
000001817598aa79
000001843ea8ebd9
0000030a68213361
0000000002a01371
0000000000000181
0000018ba3af13b9
0000018d105cbf99
0000018d5238e0f9
0000031d088c8961
0000000002a01371
0000000000000181
0000018f501e8ef9
0000018fbdc12a99
0000018ff62211f9
0000019040cf5b99
00000190a9b24d99
0000019167865fd9
000001922e200f39
000001929264ddb9
00000196556e8ed9
0000032fa8f7df61
0000000002a01371
0000000000000181
00000199aa996359
0000019b220f4ab9
0000019cd1623459
0000019cf9b73459
0000019de9bf65d9
000001a0d0557b59
0000034249633561
0000000002a01371
0000000000000181
000001a12e9eb2b9
000001a19fc64eb9
000001a2d6805319
000001a2f09c7f59
00000354e9ce8a61
0000000002a01371
0000000000000181
000001aa99890199
000001aacd6858d9
000001aee8ee61d9
000001aeedd7afd9
000001b0aca94f59
000001b16f9a5dd9
000001b2780ccd39
000001b396b7aeb9
000003678a39e061
0000000002a01371
0000000000000181
000001b4f2bccab9
000001b710d29739
000001b9141e09b9
000001b9b7458bd9
000001ba6ec83df9
000001bbb2984059
000001bc9bfbe5b9
000001bcc7d1c219
0000037a2aa53661
0000000002a01371
0000000000000181
000001c00f818379
000001c09b20a319
000001c0aa7ba619
000001c0ad7dbf39
000001c60653e959
0000038ccb108b61
0000000002a01371
0000000000000181
000001c7179496b9
000001c71ff52f59
000001c914a4b379
000001cb5c6814d9
000001cc49d52a19
0000039f6b7be161
0000000002a01371
0000000000000181
000001cff1ab4cd9
000001d39180ebb9
000001d442210039
000001d5525b2779
000001d84c889639
000003b20be73761
0000000002a01371
0000000000000181
000001d99ffe2cd9
000001da2838e7f9
000001da70e3cf59
000001da76cd62d9
000001da76cd6499
000001db849ce7b9
000001dda8a38179
000001deb4061c79
000001ded023a819
000001e104953359
000003c4ac528c61
0000000002a01371
0000000000000181
000001e3d455c759
000001e3e19b7e79
000001e4995045f9
000001e66e217f39
000001e66f73e179
000001e6a5d05a79
000001e6fa8505d9
000001ea68a4e699
000001ead9249139
000003d74cbde261
0000000002a01371
0000000000000181
000001ec3a082af9
000001ed6068fb59
000001edd766ccb9
000001eeba204fd9
000001ef1757f879
000001ef85bd1839
000001f4f301ed99
000003e9ed293861
0000000002a01371
0000000000000181
000001f54641e879
000001f59c1a7bd9
000001f8d198d5f9
000001f952da1799
000001f9cf57cb59
000001fb4cfd8a19
000001fd163316f9
000001fd564c64d9
000003fc8d948d61
0000000002a01371
0000000000000181
000001fe70613e79
000001ffb27cc3f9
000001ffe5f47a59
00000200aed48e59
00000201688b7019
00000203f26aa279
00000205a5577379
00000205a5578459
000002064be5a679
0000020769a3a419
0000040f2dffe361
0000000002a01371
0000000000000181
0000020c3e2a0e79
00000421ce6b3961
0000000002a01371
0000000000000181
000002120c9909f9
00000213c4690019
0000021633e0de39
0000021865dccef9
000002188eb03bb9
000002195c2bfcb9
0000021979382ab9
0000021a2efa74d9
000004346ed68f61
0000000002a01371
0000000000000181
0000021b450b9ad9
0000021ba518c999
0000021c4b578979
0000021c4c6ac5b9
0000021ccbd60cb9
0000021f125a8199
0000021f61ac8339
0000022022922ef9
00000220a57b8719
00000221339c9239
0000022318e98519
000004470f41e461
0000000002a01371
0000000000000181
000002299a5f7819
0000022a9d14d1b9
0000022ca0236fb9
00000459afad3a61
0000000002a01371
0000000000000181
0000022d89cb8e99
0000022e413afa39
0000022fb1689879
00000230199c5f99
0000023045b94d39
0000023098c36b79
0000023138a60db9
0000046c50189061
0000000002a01371
0000000000000181
0000023ac9f0a079
0000023af48cdf59
0000023ba4d832f9
0000023dc86bb819
0000023e1c2bf0b9
0000023e7e4d7479
0000047ef083e661
0000000002a01371
0000000000000181
000002412942e6d9
0000024258e12639
0000024696a85339
00000247b3697b59
0000049190ef3b61
0000000002a01371
0000000000000181
00000248fd63cf79
000002492518a2f9
0000024a7b9e8519
0000024f3497b599
0000024f71127319
000002501a3e0099
000002508f7a44d9
0000025112d190b9
00000251564dd259
000004a4315a9161
0000000002a01371
0000000000000181
00000253eecf0419
0000025607f48b59
000002582b8109d9
0000025962ab1479
00000259f5d0d1b9
0000025b4e11ddb9
000004b6d1c5e761
0000000002a01371
0000000000000181
0000025d1c1f4bf9
000002600a5ff3b9
00000260270bed19
000002608171db59
000002618af846f9
0000026199d0c599
000004c972313d61
0000000002a01371
0000000000000181
0000026686749799
0000026951a413b9
00000269b9c27e59
0000026ab02ff5d9
0000026ca39a1079
000004dc129c9361
0000000002a01371
0000000000000181
0000026e3bb6b3b9
0000026ec0b90f99
0000026f0b514999
0000026f54facd99
0000026fc6ec4bb9
000002765ab79ff9
00000276d29a1e39
000004eeb307e961
0000000002a01371
0000000000000181
0000027808881cd9
0000027993cedc19
00000279a6ed2a99
00000279d14ab699
00000279e1107e39
0000027b2b2098d9
0000027c96b0a559
0000027cde80cbf9
0000027d61352a19
0000027fe1865cf9
0000050153733f61
0000000002a01371
0000000000000181
00000281139c9f39
00000281accfa1b9
00000281b39b7239
00000281b98c2879
00000281b9b880f9
0000028219f35579
000002829150acd9
00000283db506fb9
000002844e833219
00000284a2b95739
0000028591b397d9
00000285976a5759
00000286e1cff5b9
00000287071b0a59
00000288b4c44659
000002898fe754b9
00000513f3de9461
0000000002a01371
0000000000000181
0000028abc53c9f9
0000028bb6578f99
0000028c0f720999
0000028cbf125ab9
0000028fddb6fa79
00000290215cd019
00000290ddb99d79
00000291bbfe44d9
00000291e35e6df9
000002923d166e39
000002929e024359
000005269449ea61
0000000002a01371
0000000000000181
00000293a421ecd9
0000029499a0ec19
00000297046ca219
000002979b108219
00000298bb820019
0000053934b54061
0000000002a01371
0000000000000181
0000029e0a014299
0000029e7958a4d9
0000029edf9da2b9
0000029f190aeff9
000002a047ff6479
000002a073644959
000002a21d215cf9
000002a2992abcd9
000002a53fd72f99
0000054bd5209661
0000000002a01371
0000000000000181
000002a69b7c7b19
000002a841f3f259
000002a9f5972f79
000002ac62b937b9
000002ac8281fef9
000002acec052459
0000055e758bec61
0000000002a01371
0000000000000181
000002b44c0f9179
000002b4bbc87a79
000002b525707239
000002b68e1f5d59
000002b7d71fe159
0000057115f74261
0000000002a01371
0000000000000181
000002ba6ffd0339
000002be918f2639
000002beae6ee839
000002bf7c9dec99
000002c05e0ec799
000002c09c9bd499
00000583b6629861
0000000002a01371
0000000000000181
000002c27fe54bf9
000002c2dbcfef39
000002c7ba3e2f39
000002c84eebeab9
000002c948df0159
000002c97faf8b79
0000059656cdee61
0000000002a01371
0000000000000181
000002cdb0a3e219
000002cdea4a2eb9
000002cf43744679
000002d21e61fd39
000002d2cba6e259
000002d328587899
000005a8f7394461
0000000002a01371
0000000000000181
000002d4cc9a6499
000002d5523cd5b9
000002d6f7044439
000002d7cd5a6f59
000002d8af17ba19
000002dab1d0f139
000002dceae12399
000002dd918742f9
000005bb97a49a61
0000000002a01371
0000000000000181
000002deb1aba7b9
000002df29ad9499
000002df50bc4919
000002df7b21dbd9
000002dffd22f699
000002e0899f1259
000002e56ae790f9
000002e6a1cc5439
000005ce380ff061
0000000002a01371
0000000000000181
000002e907a11219
000002eafe019a99
000002ecfb0683d9
000002edf9462639
000005e0d87b4661
0000000002a01371
0000000000000181
000002f3c22aa139
000002f46ed2ced9
000002f4ad7cad59
000002f5c4041019
000002f5eaac3159
000002f65bc7e899
000002f8a8fe3099
000002f90f4a3739
000005f378e69d61
0000000002a01371
0000000000000181
000002fa59b0b1d9
000002fac6076059
000002fd34b9af99
000002fddff83859
000002ffc45c1699
000002ffef17d7f9
000003000241b499
0000030105b8bc19
0000030209e4def9
000006061951f361
0000000002a01371
0000000000000181
000003074d1dd879
000003076f57d619
00000308ff8c22d9
0000030b2747ceb9
0000030b366b6639
0000030bb2434d19
00000618b9bd4961
0000000002a01371
0000000000000181
0000030c5c3c06d9
0000030ed4bce6b9
00000310202545f9
00000310c476a1b9
0000031220e83699
000003124689c5b9
00000314e0968159
00000315852fb639
0000062b5a289f61
0000000002a01371
0000000000000181
000003176cfbbe39
0000031898229a99
00000318a623bef9
0000031b0f14f3b9
0000031c28e10cb9
0000031dc3ded6f9
0000031dd88faed9
0000031ebfc84a79
0000063dfa93f561
0000000002a01371
0000000000000181
0000031f1217bb99
0000031f21a63d19
000003216d45a0f9
000003216d45bef9
00000322ca7bb719
00000323f03dd099
00000324c9e49499
000003255f3c1639
000003267c7966b9
000006509aff4b61
0000000002a01371
0000000000000181
0000032a737d7eb9
0000032ab2d0a4b9
0000032dfe014e59
0000033045a27bb9
00000330a0ee4419
000006633b6aa161
0000000002a01371
0000000000000181
00000331a79d59f9
00000331d09c4a99
000003331d527279
00000334aefea619
00000334dcc63f39
00000334f3cda659
00000335644478d9
00000337265c0bb9
0000033ab66f0239
00000675dbd5f761
0000000002a01371
0000000000000181
0000033b6ad79239
0000033b9c2ef959
0000033c8462b5d9
0000033e84ca4a59
00000340126e28f9
000006887c414d61
0000000002a01371
0000000000000181
000003444d87db99
00000345a2ff4639
000003463aa7eef9
00000347e7c91ab9
0000034a0f4d4a99
0000034b98662419
0000034d25b0d199
0000069b1caca461
0000000002a01371
0000000000000181
00000350cc222ed9
00000353f36fb279
00000356148c4359
000003565bafa079
00000356ab898299
000006adbd17fa61
0000000002a01371
0000000000000181
000003575ea4edf9
000003589279ddf9
0000035b9a94af99
0000035bc600f259
0000035bfdb3ed99
0000035e20f13639
0000035f96e53519
000006c05d835061
0000000002a01371
0000000000000181
0000036083ee7799
0000036344f2deb9
000003634e73c439
0000036468232239
00000364f091db79
000006d2fdeea661
0000000002a01371
0000000000000181
0000036c3eba6539
0000036d0a408519
0000036d60e57f39
0000036d9fbe2f59
0000036e302d5919
0000036f585fbcb9
000003718b1926d9
00000371fba19019
000006e59e59fc61
0000000002a01371
0000000000000181
00000374a71d7e39
000003756a17d399
00000376058fbf79
00000376f70d2579
00000379312ba7f9
0000037b66a6c239
000006f83ec55261
0000000002a01371
0000000000000181
0000037cd245b379
0000037f87fd9119
0000038048ac8119
000003810cdc2559
000003844c6ff019
00000384b3538c39
000003855661d759
0000070adf30a861
0000000002a01371
0000000000000181
0000038598d582b9
000003865f0e6a59
0000038807d203b9
0000038c1b08f819
0000038e2ab4b459
0000038e8ca9aab9
0000071d7f9bff61
0000000002a01371
0000000000000181
0000039217dde6f9
00000392cd6ed019
00000394d76683f9
00000395f73cf099
000003963ff00159
00000396456f0819
0000039657247779
000003975bef0279
0000073020075561
0000000002a01371
0000000000000181
0000039853110c39
000003987abce999
00000398ee8e93f9
0000039dba355379
0000039e6da9b319
00000742c072ab61
0000000002a01371
0000000000000181
000003a2ae9adfb9
000003a5bdb344b9
000003a5edd05939
000003a839a4ba39
000003a86a09e139
000003aa9e5f5899
0000075560de0161
0000000002a01371
0000000000000181
000003abd6c237f9
000003ae4c9454f9
000003af3b117f59
000003b000c7f1b9
000003b239e81eb9
0000076801495761
0000000002a01371
0000000000000181
000003b4c75cf599
000003b61de25f99
000003b7beff3039
000003b7fadb4959
000003b8f820a939
000003ba79b4e619
0000077aa1b4ad61
0000000002a01371
0000000000000181
000003c0202b5119
000003c0442e5db9
000003c0fb27ffd9
000003c322976eb9
000003c4b4a7aed9
000003c61be23a99
000003c61f7bb139
000003c65fa707d9
000003c6944c3079
0000078d42200361
0000000002a01371
0000000000000181
000003c806812339
000003ca899a6a79
000003cd080d69f9
000003cdc4bd9339
000003ce0c241019
0000079fe28b5a61
0000000002a01371
0000000000000181
000003cff0f55939
000003d1769c1559
000003d1be78adb9
000003d1c8c49819
000003d28ee64c59
000003d2fd17fe99
000003d34b49cf39
000003d3a70163f9
000003d4498dd8f9
000003d54f8f4bb9
000003d7b010b459
000007b282f6b061
0000000002a01371
0000000000000181
000003d9e337d8b9
000003dc185dabd9
000003dcbb536199
000003dd28e0c0b9
000003df44512c39
000003e0605b72b9
000003e1caf99599
000007c523620661
0000000002a01371
0000000000000181
000003e2b2ebda19
000003e364994e19
000003e3b0acf199
000003e3cf2836b9
000003e4bb59eaf9
000003e718a69499
000003eb658be0d9
000007d7c3cd5c61
0000000002a01371
0000000000000181
000003eccb7fd359
000003eea8fd2639
000003eeefce4db9
000003eef7d819d9
000003ef1e65d219
000003ef44a8b559
000003f008ec2079
000003f030864739
000003f1471d2d19
000003f38fee56b9
000003f3d4bcacb9
000007ea6438b261
0000000002a01371
0000000000000181
000003f7523f9659
000003f8b06d7f79
000003fa0d099959
000003fab3df5399
000003fac80e0679
000003fcf72173b9
000003fd023be919
000007fd04a40861
0000000002a01371
0000000000000181
000003fe830bd439
000003ffadec7af9
0000040123baaf99
0000040437963c59
0000040556c8a479
00000405b3e26fd9
000004063750c7d9
00000406e6d42319
0000080fa50f5f61
0000000002a01371
0000000000000181
0000040885e902f9
0000040a02997a79
0000040ad4b75599
0000040af2807099
0000041085cc6e79
00000822457ab561
0000000002a01371
0000000000000181
000004130fd47339
00000413e58d4e59
00000413e97f50d9
000004140a4b7d39
00000417cb6b5379
00000418ca32d939
00000419c2bcab19
00000834e5e60b61
0000000002a01371
0000000000000181
0000041cad038019
00000420a967e319
00000420ca7f5899
0000084786516161
0000000002a01371
0000000000000181
000004277b543e79
000004296a624f19
00000429e7d717f9
0000042af4633439
0000042ba6bdc4f9
0000042be6b73839
0000085a26bcb861
0000000002a01371
0000000000000181
0000042d260a2279
0000042d505821f9
0000042dd0e47fb9
0000042ec0d3f099
0000043039f8cdb9
0000043058e79019
00000430b73f07b9
00000432b48c5319
0000043337a8d039
00000434addfaa79
0000086cc7280e61
0000000002a01371
0000000000000181
000004383f366a79
00000439006900d9
0000043a9c14e159
0000043c29ac2899
0000043ecd70bf39
0000087f67936461
0000000002a01371
0000000000000181
0000044095fa3379
000004424d4d21d9
0000044343dd4d59
00000444c57c02f9
00000444df43d459
0000044689c89d39
000004469440f559
00000448692e9899
000004489b9ecbd9
0000089207feba61
0000000002a01371
0000000000000181
0000044aae848579
0000044c0568bbf9
0000044ccba0cd59
0000044d8a4b9719
00000450e33db299
00000450fa104759
00000451252d8879
0000045160e61a59
000008a4a86a1061
0000000002a01371
0000000000000181
00000452f29d2279
000004530542c959
0000045357ee28f9
0000045a23231c99
0000045b9c6ebed9
000008b748d56761
0000000002a01371
0000000000000181
0000045da76f39d9
0000045df2f6d539
0000045e7062a219
0000045ea4b2c2b9
0000045ea812f2f9
0000045f3b585b59
0000045f89bba7b9
00000460b740d899
00000463eba1c7d9
000008c9e940bd61
0000000002a01371
0000000000000181
00000465b33648d9
000004663dc46b99
00000466b5c378d9
0000046856c835f9
00000468ec03d759
0000046996dbbd99
0000046b39ceedb9
0000046bd3f2fd99
0000046e2b9830b9
000008dc89ac1361
0000000002a01371
0000000000000181
00000473f6d69f19
000004749df4bfd9
0000047602deaef9
00000476805a6659
000004774132c039
000008ef2a176961
0000000002a01371
0000000000000181
000004781fe26c79
0000047a14e62e79
0000047d704fc499
0000047e8b1e2159
000004806c2769b9
00000901ca82bf61
0000000002a01371
0000000000000181
00000480eaf48b39
000004813639b739
00000481c6df5ab9
000004828923f8d9
00000486e4b43819
000004870b139079
0000048962ede2d9
000009146aee1561
0000000002a01371
0000000000000181
0000048d8c0d58d9
0000048fb020e099
0000048fc092c979
0000049067596519
0000049289ad3bd9
000009270b596b61
0000000002a01371
0000000000000181
00000494b5b5a159
00000497aa054f79
000004999f2fa399
0000049b7c322bd9
00000939abc4c261
0000000002a01371
0000000000000181
0000049deb241c59
0000049f8f3ce479
000004a0f66a5359
000004a28aeb6fb9
000004a2b45a0f79
000004a2b837b899
000004a3c2f06519
0000094c4c301861
0000000002a01371
0000000000000181
000004ab374e1a59
0000095eec9b6e61
0000000002a01371
0000000000000181
000004af7f6e4e99
000004af81d3d9b9
000004afca8674b9
000004b0999c5499
000004b0e2a55559
000004b59f734a99
000004b6e04710d9
000009718d06c461
0000000002a01371
0000000000000181
000004bc6da77df9
000004bcc4fcc0b9
000004bdc1fff199
000004be6aaba699
000004bf2d8050f9
000004bfe217c539
000004c03517f739
000004c20f372439
000009842d721a61
0000000002a01371
0000000000000181
000004c2561172d9
000004c26ae93419
000004c3029618d9
000004c38cf38e59
000004c38cf3a419
000004c69259b819
000004c838816779
000004c9c4aff119
00000996cddd7061
0000000002a01371
0000000000000181
000004cc056c01f9
000004cc48bce059
000004cc85d874d9
000004cdb4567df9
000004d056fb5bf9
000004d0f90062f9
000004d15e535779
000004d1a5b40619
000004d2ee8e5479
000004d2fa403a59
000009a96e48c661
0000000002a01371
0000000000000181
000004d4bbb47979
000004d53135f079
000004d6e2e504d9
000004d84465d739
000004d8bc1f9ab9
000004da78b6b499
000004db75fc72f9
000009bc0eb41c61
0000000002a01371
0000000000000181
000004de1c5bec19
000004de934b9899
000004dfba952359
000004dfdba7e0f9
000004e26bdf7b59
000004e31f79d219
000004e6f5c511f9
000009ceaf1f7261
0000000002a01371
0000000000000181
000004e908c2cef9
000004e9b42647f9
000004ea000d93f9
000004eb96b24ff9
000004ecfa70ff59
000004ee58cbf519
000004f061ec59f9
000009e14f8ac861
0000000002a01371
0000000000000181
000004f28b99f3b9
000004f3a80b00b9
000004f457417fb9
000004f6ae5004d9
000004f776397e99
000004f841fae579
000009f3eff61e61
0000000002a01371
0000000000000181
000004fbd79a6f39
000004fc784d2099
000004fc8364df99
000004fea9406ed9
00000501cb3293b9
00000a0690617461
0000000002a01371
0000000000000181
00000504cd09d8f9
00000506403db839
00000507981ca779
00000508a6645499
00000508b03aef39
00000509225a0099
00000a1930ccca61
0000000002a01371
0000000000000181
0000050d9593b5b9
0000050e717429b9
0000050ef2066979
0000051074357f59
000005117826eed9
00000515cace3759
00000a2bd1382061
0000000002a01371
0000000000000181
00000517259c6759
00000518d2efe1d9
0000051958fda739
0000051aa150c559
0000051b995ac099
0000051bb6a64ad9
00000a3e71a37661
0000000002a01371
0000000000000181
0000052062ccda59
00000520677ac279
000005217c2e7419
00000522bcb2c4d9
0000052311b9d5f9
000005247db34a99
0000052620c6a759
00000527243a5559
0000052740059639
00000a51120ecc61
0000000002a01371
0000000000000181
0000052b2db90539
0000052bb6cbd9f9
0000052ca33dcd79
0000052e4c8f9879
0000052f40ba48d9
0000053168afca19
00000a63b27a2261
0000000002a01371
0000000000000181
0000053466408d19
0000053831c502b9
0000053a7d90f1d9
0000053adb319319
00000a7652e57861
0000000002a01371
0000000000000181
0000053b6b2041b9
0000053c277fb359
0000053fd2d9c759
00000541d0b8f319
00000542b6808419
00000a88f350ce61
0000000002a01371
0000000000000181
00000545951cd579
00000546a84bc3d9
00000549c0e8dc59
0000054a577dc9b9
0000054b316e7139
0000054ce9a41019
0000054d61efa899
0000054d7f7dc6d9
00000a9b93bc2461
0000000002a01371
0000000000000181
0000054e7d178a19
0000055183e6c6b9
00000552e624b0f9
0000055307ddccf9
00000555c60bcad9
0000055605d6b3b9
00000aae34277a61
0000000002a01371
0000000000000181
00000557ba4f1959
0000055881f71db9
0000055b811b49f9
0000055c11dc5b99
00000ac0d492d061
0000000002a01371
0000000000000181
00000560934c3c79
0000056298a4da99
000005635f756e99
000005649219a499
00000564ebdd88b9
000005661ba8e1d9
000005662a3cd7d9
0000056954f8f779
00000569a2884f19
00000569b07fca39
00000ad374fe2661
0000000002a01371
0000000000000181
00000569c66a7b39
0000056c62c3bd59
0000056cbfd2f5d9
0000056cf1c85059
0000056d01b5c7b9
0000056dfcbffb39
0000056eb2c90af9
00000ae615697c61
0000000002a01371
0000000000000181
00000575962841d9
00000aeca4370561
0000000002a01371
0000000000000181
