[MCS8 A] 97 FW 3.104 SV 1.257 
range=1024
periods=2
sweepmode=27e20d0
fstchan=0
holdafter=0
streamstatus=3
calreg0=0
calreg1=0
calreg2=0
calreg3=0
swpreset=8000        
prena=1
syncout=0
cycles=18
sequences=1
tagbits=16
vdac0=92c
vdac1=807
vdac2=8c8
vdac3=8c8
vdac4=8c8
vdac5=8c8
vdac6=8c8
vdac7=8c8
timepreset=150.000     
digio=0
digval=0
autoinc=0 
savedata=2 
mpafmt=asc
sephead=0 
fmt=asc
smoothpts=5 
[CHN1]
REPORT-FILE from 06/23/2026 15:29:08.241  written 06/23/2026 15:29:08
cmline0=06/23/2026 15:29:08.241 
cmline1=A1
range=1024
active=1
bitshift=4
cftfak=2580100
evpreset=10          
roimin=0
roimax=1000
caloff=0.800000
calfact=12.800000
calfact2=0
calfact3=0
calunit=nsec
caluse=1 
[CHN2]
REPORT-FILE from  written 06/23/2026 15:29:08
cmline1=A2
range=1024
active=0
bitshift=4
cftfak=2580100
evpreset=10          
roimin=0
roimax=1000
caloff=0.800000
calfact=12.800000
calfact2=0
calfact3=0
calunit=nsec
caluse=1 
[CHN3]
REPORT-FILE from  written 06/23/2026 15:29:08
cmline1=A3
range=1024
active=0
bitshift=4
cftfak=2580100
evpreset=10          
roimin=0
roimax=1000
caloff=0.800000
calfact=12.800000
calfact2=0
calfact3=0
calunit=nsec
caluse=1 
[CHN4]
REPORT-FILE from  written 06/23/2026 15:29:08
cmline1=A4
range=1024
active=0
bitshift=4
cftfak=2580100
evpreset=10          
roimin=0
roimax=1000
caloff=0.800000
calfact=12.800000
calfact2=0
calfact3=0
calunit=nsec
caluse=1 
[CHN5]
REPORT-FILE from  written 06/23/2026 15:29:08
cmline1=A5
range=1024
active=0
bitshift=4
cftfak=2580100
evpreset=10          
roimin=0
roimax=1000
caloff=0.800000
calfact=12.800000
calfact2=0
calfact3=0
calunit=nsec
caluse=1 
[CHN6]
REPORT-FILE from  written 06/23/2026 15:29:08
cmline1=A6
range=1024
active=0
bitshift=4
cftfak=2580100
evpreset=10          
roimin=0
roimax=1000
caloff=0.800000
calfact=12.800000
calfact2=0
calfact3=0
calunit=nsec
caluse=1 
[CHN7]
REPORT-FILE from  written 06/23/2026 15:29:08
cmline1=A7
range=1024
active=0
bitshift=4
cftfak=2580100
evpreset=0           
roimin=0
roimax=1000
caloff=0.800000
calfact=12.800000
calfact2=0
calfact3=0
calunit=nsec
caluse=1 
[CHN8]
REPORT-FILE from  written 06/23/2026 15:29:08
cmline1=A8
range=1024
active=0
bitshift=4
cftfak=2580100
evpreset=0           
roimin=0
roimax=1000
caloff=0.800000
calfact=12.800000
calfact2=0
calfact3=0
calunit=nsec
caluse=1 
;MCS8 #97 Sversion=1.257 Fversion=3.68
time_patch=1
;datalength=8 bytes
;bit0..3: channel# 1..8 ( 4 bit)
;bit4: edge 0=up / 1=dn ( 1 bit)
;bit5 ..57: timedata    (53 bit), max sweep length 2001.6 h
;bit58..62: tag0..tag4  ( 5 bit)
;bit63:     data_lost   ( 1 bit)
[DATA]
0000000000000016
0000000010caf799
000000008d4134f9
0000000172109eb9
00000003917e98d9
000000048a45d759
00000004ce5d63d9
000000057d20b819
00000006ac18d5b9
000000071e418ff9
000000076b3badb9
00000007725e78b9
00000007d0616739
0000000932888759
0000000b2a301699
0000000c5e30e499
0000000d3085a819
0000000e8e571e79
0000000f326cffb9
0000000fbadbb719
000000104a5ed479
000000107e83b839
00000021572ab361
0000000002459b71
0000000000000181
000000116a6aec59
000000117de93f59
000000122d76e7b9
00000012c89077b9
00000012da616499
0000001355214bf9
0000001392481dd9
0000001420e9b6f9
0000001475a53b99
00000016b9b55d39
00000017ac45b959
000000187ca80239
00000033f7960961
0000000002459b71
0000000000000181
0000001b849dc3d9
0000001c195d5e99
0000001db3580719
0000001db87a23d9
0000002115e33799
00000021b87df2b9
00000022f9937139
0000004698015f61
0000000002459b71
0000000000000181
000000242b33d519
0000002472390b39
0000002508897199
000000255df2ad79
000000263748f299
00000026f8f0a739
000000273a58b8f9
000000276139c159
0000002802a06259
0000002804998ab9
0000002926f90719
0000002aaf3d8d99
0000002ba7e15079
0000002ba7e15219
00000059386cb561
0000000002459b71
0000000000000181
0000002cc3c8dc39
0000002e452971f9
00000031737a7279
000000321ff06199
00000034a9faadd9
0000006bd8d80b61
0000000002459b71
0000000000000181
0000003689aa5699
00000036e66ede39
0000003872e0ab79
000000391394be19
0000003a81520f79
0000003dc5263779
0000003e207ac639
0000003e6aa6e0b9
0000003eb842f899
0000007e79436161
0000000002459b71
0000000000000181
0000003f40041f39
000000404d8d6719
000000405da8df59
00000046ea9ec779
0000004702cef1f9
0000009119aeb761
0000000002459b71
0000000000000181
0000004959b527f9
000000497a187719
00000049a84761b9
0000004d88197e79
0000004de64f9619
0000004e850080f9
0000004ed0a41459
000000a3ba1a0d61
0000000002459b71
0000000000000181
00000052c41b85b9
00000052dc1fd999
000000558a706659
00000055b896ba39
0000005840797a19
00000058cb20c019
0000005a97359cf9
000000b65a856361
0000000002459b71
0000000000000181
0000005b7441b5b9
0000005c0afba099
0000005d50d3ec99
0000005e968ecaf9
0000005f9c7faa99
0000005ff0b55e59
00000060b1d1dc99
00000061703d3079
00000061770f1ad9
000000623c7ea0b9
000000c8faf0b961
0000000002459b71
0000000000000181
00000065a6d72039
00000066c44f3459
000000688d52fb99
0000006a1ef8d659
0000006ad39e3eb9
0000006b34212239
0000006b593dcfb9
0000006bd22cce39
0000006da9b13539
000000db9b5c0f61
0000000002459b71
0000000000000181
0000006e642ac799
0000006e874e70d9
0000006eee93bbf9
0000006f2d86be19
00000072952f48f9
0000007346cbb6b9
0000007365bd8bd9
0000007382ddb0d9
00000077057f31b9
000000770e08ac99
000000ee3bc76461
0000000002459b71
0000000000000181
0000007738f56e39
000000774ec12719
000000774fba6299
000000789b394fd9
0000007a17fde219
0000007aa6f96eb9
0000007ac2053279
0000007b8b4b6159
0000007bb15d93d9
0000007d2c945bb9
0000007d8ab1d419
0000007e46566a59
000000804a321839
00000100dc32ba61
0000000002459b71
0000000000000181
000000815047df79
000000833d058fb9
000000837179ea79
00000084102a89f9
00000085a4e7a1f9
00000085e9fa7399
00000086c17ec059
00000088f3d509f9
000001137c9e1061
0000000002459b71
0000000000000181
0000008a1eecaf19
0000008b59543f59
0000008bc47a3e39
0000008bd67b3459
0000008c031b28b9
0000008eada226f9
000001261d096661
0000000002459b71
0000000000000181
00000093831b0799
000000939c1c4fd9
000000942c7a3ef9
0000009447559bf9
000000945ba34919
00000095a0e757f9
000000984f38a779
00000098bc860dd9
000000992c31dbb9
000000993ab188d9
00000138bd74bc61
0000000002459b71
0000000000000181
0000009c95d64bb9
0000009d2d8490f9
0000009f9b23f259
000000a05fd65159
000000a0cdca48f9
000000a2de4bc399
000000a3a3833259
0000014b5de01261
0000000002459b71
0000000000000181
000000a6b1888eb9
000000a6dcccad99
000000a78d5569d9
000000a849cfed39
000000a929a586b9
000000aa0b609dd9
000000ac9786ac79
000000ae3558d819
0000015dfe4b6861
0000000002459b71
0000000000000181
000000af436e3539
000000b0d94a3259
000000b0f69cb2f9
000000b239a06c19
000000b68d9d6d59
000000b6ddd622b9
000001709eb6be61
0000000002459b71
0000000000000181
000000ba63a58e39
000000bace6935f9
000000bb6d0770f9
000000bb79c23199
000000bbae4cd479
000000bd2ed550d9
000000be3845d0d9
000000be79371219
000000c0c342d819
000001833f221361
0000000002459b71
0000000000000181
000000c2dd988019
000000c381e42779
000000c3bda95d39
000000c4c64d4859
000000c539379af9
000000c6c8dcee59
000000c93b2462d9
000000c93c2b5139
000000ca088ad119
000000ca1b56e7f9
00000195df8d6961
0000000002459b71
0000000000000181
000000cb2c027159
000000cc5becd579
000000cd2012a7d9
000000ce06e88499
000000cef6177ff9
000000cf096d1299
000000d08d74e8b9
000000d1f5b22e19
000000d1f73f8b39
000000d2dc703119
000001a87ff8bf61
0000000002459b71
0000000000000181
000000d6e79ae579
000000d6e97fe5b9
000000d79db8d759
000001bb20641561
0000000002459b71
0000000000000181
000000dfafd545d9
000000e3fde757b9
000000e56041a519
000001cdc0cf6b61
0000000002459b71
0000000000000181
000000e6ec744a99
000000e702d31699
000000e7802ea399
000000e78ccb40d9
000000e7e6ca1a39
000000e801612559
000000e83aed7fb9
000000e8fa9a2399
000000e9b721a8f9
000000ea6dc586f9
000000ec11e98739
000000ec45fad859
000000ec499c7859
000000ed98fd26d9
000000ee7c4cf8d9
000001e0613ac161
0000000002459b71
0000000000000181
000000f0599cdd39
000000f0be3f5c39
000000f423e2eaf9
000000f62a967159
000000f80bc64cf9
000000f853fc3159
000000f8677a5179
000001f301a61661
0000000002459b71
0000000000000181
000000fb613895f9
000000fbe4551119
000000fcde1b0979
000001010e3af2f9
00000205a2116c61
0000000002459b71
0000000000000181
00000104608ef4d9
00000104b41a0019
0000010577de95b9
000001064a2b3599
0000010736cb18f9
0000010773f8b1b9
0000010906da28f9
00000109d6f912b9
0000010a55a538f9
0000010acf1d7a39
0000010bfbe2e019
00000218427cc261
0000000002459b71
0000000000000181
0000010d28e84739
0000010d9c4b72d9
0000010f9e1f38b9
00000110a2811ab9
00000112f35920f9
0000011465702859
000001149d9a06b9
000001154ef199b9
0000022ae2e81861
0000000002459b71
0000000000000181
000001165512c139
00000116c12504f9
000001176e8a8159
0000011a3f2079f9
0000011c04760ad9
0000011c89ea5fd9
0000011cbf67dfb9
0000011e43e1b6d9
0000011e74011f39
0000011ea7cef279
0000023d83536d61
0000000002459b71
0000000000000181
00000120549d8b19
000001213a97a639
00000121694e7899
00000122677fec39
0000012519f7ded9
00000125d145b8b9
000001276c8cddb9
00000127b30c7839
0000025023bec361
0000000002459b71
0000000000000181
000001281f8e6e79
000001286c2c5f59
00000129a448ee59
0000012c32f6d7f9
0000012d3490b9d9
0000012fa1f3a019
0000012fba81fa19
000001307d24f319
00000262c42a1961
0000000002459b71
0000000000000181
000001321728ef79
0000013691b138d9
00000138a879aeb9
00000138d5c37cf9
0000013a7883d759
0000027564956e61
0000000002459b71
0000000000000181
0000013b50b64359
0000013bb31ce4d9
0000013c5ab2cfb9
0000013ec6160b59
0000013fddab6299
0000013fe6dd4f59
000001420e3d5cf9
0000014253d54759
00000143990b6639
000002880500c461
0000000002459b71
0000000000000181
00000145cc4aa779
00000146b661c319
00000146de7aba79
0000014848fe7e79
000001490acf2819
0000014933be10f9
0000014967cb0ef9
0000014a7d6d0cb9
0000029aa56c1a61
0000000002459b71
0000000000000181
0000014e0e6cb499
000001504eb34219
000001509a13d759
000001528f996ff9
0000015315de4e39
00000153af593b59
00000156341d9119
000002ad45d76f61
0000000002459b71
0000000000000181
0000015796349c79
00000157a6baaf19
0000015b959a6a39
0000015de3c81ef9
0000015e89ac7bd9
000002bfe642c561
0000000002459b71
0000000000000181
000001601e501cb9
0000016020e317d9
00000161e2b75459
000001623d632df9
00000164e8c54bd9
000001675b69a0d9
0000016798602959
000001683930e2b9
000001685846e319
00000168d4036b79
000002d286ae1b61
0000000002459b71
0000000000000181
0000016a37eeb7f9
0000016b33ab21d9
0000016c10e6d4f9
0000016c7fde5ff9
0000016dc854c979
0000016e41dd1bb9
000002e527197061
0000000002459b71
0000000000000181
00000174485cbb19
00000174f1918cf9
000001755a655d99
00000175dd7f0499
00000177e7f13ed9
000001780281c2b9
000001783e10f479
00000178ccc7b479
00000179408696b9
0000017a93ddb959
0000017aa7e0ba99
000002f7c784c661
0000000002459b71
0000000000000181
0000017c2ca5c6d9
0000017d7cd34b59
0000017e60377df9
000001820be636d9
00000183a7477cd9
0000030a67f01b61
0000000002459b71
0000000000000181
00000185bce43179
000001861f912539
000001882889a639
000001887b3ef2f9
0000031d085b7161
0000000002459b71
0000000000000181
00000192b582be39
0000019356766179
00000196dcae51f9
0000032fa8c6c761
0000000002459b71
0000000000000181
0000019831e54999
00000198f81c8b39
0000019923cf4199
0000019991638339
0000019aac9f22b9
0000019ea078c1b9
0000019f14ce1239
000001a07ec833b9
000001a11f6487f9
0000034249321c61
0000000002459b71
0000000000000181
000001a12384cc59
000001a1409bd339
000001a1514985d9
000001a2111cd299
000001a3153fc119
000001a669070f59
000001a838b514f9
000001aa4089f579
00000354e99d7261
0000000002459b71
0000000000000181
000001ab8c7b0599
000001ab9bb0e379
000001abe3a87d59
000001ac30995299
000001afc3273579
000001afd49bf139
000001b373265859
000001b3c1b3d179
000003678a08c861
0000000002459b71
0000000000000181
000001b42e684c99
000001b45bb1d819
000001b49c6d89b9
000001b4d56644d9
000001b5b8c758b9
000001b5d4c3b899
000001b8fedab719
000001b9b7eca059
000001bb174909d9
000001bb3dfb3d79
000001bb46ce5d79
000001bc34162219
0000037a2a741d61
0000000002459b71
0000000000000181
000001bdf12407d9
000001be325e2fb9
000001bf2324e139
000001c346801a99
000001c3db28bdf9
000001c40d6745b9
000001c482045f59
0000038ccadf7361
0000000002459b71
0000000000000181
000001c8e90ffab9
000001c9fbd30339
000001ca7ea0be19
000001cc04fb0259
000001cee99b03f9
0000039f6b4ac961
0000000002459b71
0000000000000181
000001d0f7778b39
000001d2f9ac8059
000001d324aa19d9
000001d3728802d9
000001d42e665339
000001d6a3bf8859
000001d6e3c4bb59
000001d7c154b019
000001d7d759e2f9
000001d804148bf9
000001d84dc19ad9
000003b20bb61e61
0000000002459b71
0000000000000181
000001da8a3c8eb9
000001dc4869ac59
000001dd2bfff739
000001de78a5b9d9
000001ded8e97e59
000001df85eaa219
000001e0152a64f9
000001e137697679
000001e1714cd819
000003c4ac217461
0000000002459b71
0000000000000181
000001e4242791d9
000001e67f7fc1b9
000001e6ba967819
000001e6e5017719
000003d74c8cc961
0000000002459b71
0000000000000181
000001eddf1ca039
000001ee57021b99
000001ee898374f9
000001ef36db93d9
000001ef51620219
000001efc846fcd9
000001f2828f6ef9
000001f3394c1cf9
000001f3e2c50719
000001f3ea015cb9
000003e9ecf81f61
0000000002459b71
0000000000000181
000001f55ac5b4f9
000001f5e2bcd8b9
000001f61319b859
000001f613ec20d9
000001f7b02fa839
000001f84a1ea079
000001f974878559
000001f9f8aaaf59
000001fa1358cb59
000001fc6b8f2d79
000003fc8d637561
0000000002459b71
0000000000000181
000001fedec4d2b9
000001fff2880359
00000201a7257999
000002021226ead9
0000020251b4c879
00000203a84e2099
00000203f03333b9
00000203f7586b19
00000204b8df1cd9
0000040f2dcecb61
0000000002459b71
0000000000000181
0000020873891db9
00000208fbdebcd9
00000209aea81899
00000209bd5e60d9
0000020aa290d719
0000020b70f8acb9
0000020e168622b9
0000020f233109f9
0000020f6cdd3f59
00000421ce3a2061
0000000002459b71
0000000000000181
0000021365befb99
000002137bb38419
00000213d09e0ed9
0000021439294979
00000214a9446459
00000214b1b221b9
0000021509b848b9
00000216f9160319
00000218d49a72b9
000004346ea57661
0000000002459b71
0000000000000181
0000021a7dc2c299
0000021c6da14339
0000021c975220f9
0000021ed4441e99
0000021fdfebf679
0000022011c3f9d9
0000022020625cb9
000002222c15b0b9
000002234c0c3a79
000004470f10cc61
0000000002459b71
0000000000000181
0000022404b879d9
000002261aad0cd9
0000022926dc1319
0000022ba2aa6179
00000459af7c2161
0000000002459b71
0000000000000181
0000022dd73d8d59
0000022e095359f9
0000022e327c2899
0000022ed84e1c79
000002301ea8aeb9
0000023040159b79
00000230498309f9
00000230fed1f1f9
00000232ee11e679
0000023358d00079
00000234d5c08639
0000046c4fe77761
0000000002459b71
0000000000000181
0000023691d14f59
0000023942ee7ed9
0000023a7171b059
0000023dbae0f299
0000023def418f59
0000023f3742ba79
0000023f67aa6e79
0000023f69fd4f39
0000047ef052cd61
0000000002459b71
0000000000000181
0000023fae077379
0000024137f623b9
00000242b6c13539
00000244c346d339
000002450ac57839
00000245372dcf59
00000245ad843c99
00000246280f99f9
0000024634cd1ff9
0000024694a9a939
0000024883c5e759
0000049190be2361
0000000002459b71
0000000000000181
0000024a8557e6b9
0000024ac232db19
0000024bb66272b9
0000024de4802ed9
0000024f9b93f2f9
000004a431297861
0000000002459b71
0000000000000181
00000252d9cc8439
000002539dd1bff9
00000253d8834699
00000253ee3c3319
0000025610c09bb9
00000256475df979
0000025695aa29d9
000002585084b639
0000025864ba4419
000002587125ca39
00000258be5ba419
0000025a94ce8399
0000025b037f3339
000004b6d194ce61
0000000002459b71
0000000000000181
0000025c6fcd6559
0000025c936e0459
0000025e1f34f0b9
0000025e813f5cd9
0000025e898fd559
0000025e898fd799
00000261cc598ef9
000002630ddb2a39
000002631470b279
000002640cc339b9
000004c972002461
0000000002459b71
0000000000000181
00000265902058f9
00000266bd66d439
00000266de1e33b9
00000266e14b6bf9
000002692ab5ca39
000002696b481479
00000269cb52db79
0000026b31988639
0000026b9602b1b9
0000026bb4657559
0000026dd7df0159
0000026ddef76219
000004dc126b7a61
0000000002459b71
0000000000000181
0000026f278397b9
000002707ba7f759
00000271874d2d79
00000271935a47d9
000002722c773f39
000002728d9cfd19
0000027343fc8819
000002735f1d1b19
000002747c63ae19
000002753a5f2ad9
000002768a4ed839
000004eeb2d6cf61
0000000002459b71
0000000000000181
00000277b35596d9
000002780a09bfd9
00000278af387859
000002795bb3cf19
0000027b168ecd79
0000027b2393b259
0000027c18671ab9
0000027e2e3c22f9
0000027e955f4039
0000027fe5a8c079
000002800128d2f9
00000280a7082c99
0000050153422561
0000000002459b71
0000000000000181
00000280ef6b0579
0000028313aab339
000002832f0fec59
0000028421cf4739
00000284299238d9
000002846eb813f9
00000285420dcc19
00000285b3ab43f9
000002874db9b8d9
00000288ea644f79
00000289a68742f9
00000513f3ad7b61
0000000002459b71
0000000000000181
0000028b63fb8c39
0000028c2d71d499
0000028c2e6a51f9
0000028ddc5a8159
0000028de2368279
00000290038d9bf9
0000029019bc3d39
0000029062d63e59
0000029075d74899
00000292027f39b9
000005269418d161
0000000002459b71
0000000000000181
0000029711c5c9f9
000002989f9412d9
00000299a1fb62f9
00000299e89dff99
0000053934842661
0000000002459b71
0000000000000181
0000029d916d00d9
0000029dabd2e739
0000029dc8008759
0000029dd90e5c39
000002a0205255b9
000002a0bc4b5939
000002a264805d59
000002a29cbe9859
000002a31ac92119
000002a34cc21b59
000002a3748ae0b9
000002a5d6b6f5d9
0000054bd4ef7c61
0000000002459b71
0000000000000181
000002a6ca325c39
000002a6e25bf219
000002a7740d0059
000002a81af0d779
000002a9d7bb17d9
000002ab437b71f9
000002ac62b1ee59
000002ae7dbafc39
0000055e755ad261
0000000002459b71
0000000000000181
000002af71075a59
000002afe43b8bd9
000002b0f98c0bf9
000002b2eeb4c019
000002b33d362fb9
000002b580819779
000002b5bc1e96f9
000002b624a57ef9
000002b81eb00d99
000002b85f7f9819
0000057115c62761
0000000002459b71
0000000000000181
000002b9a8d28199
000002bab7994699
000002bb4f220a39
000002bc56c703f9
000002bca535a899
000002bd2fdcd279
000002c009604c99
00000583b6317d61
0000000002459b71
0000000000000181
000002c2635005d9
000002c4b733a6b9
000002c4eaac8ad9
000002c50fb89bb9
000002c6d0162df9
000002c7b8fe5ad9
000002c823285799
000002c87e2e1ed9
000002c989588b59
00000596569cd361
0000000002459b71
0000000000000181
000002cc67245ff9
000002ccde66a599
000002d0ad4b7b99
000002d0caadea39
000002d24d847439
000002d3a4da5919
000005a8f7082861
0000000002459b71
0000000000000181
000002d5033c6899
000002d5774b2179
000002d59483f779
000002d645eeb539
000002d987d4dbd9
000002d9d7d67499
000002db8443ceb9
000002dd089218f9
000005bb97737e61
0000000002459b71
0000000000000181
000002de80d4c919
000002dff0c2cbd9
000002e2a34f2b99
000002e2e7505bf9
000005ce37ded461
0000000002459b71
0000000000000181
000002e8c7aee459
000002eb74978739
000002edd45beff9
000002ef67d22eb9
000002f051971299
000005e0d84a2961
0000000002459b71
0000000000000181
000002f0c835bb39
000002f1875a3c19
000002f1a67e87d9
000002f417752039
000002f70ec20a19
000002f78c7e6c79
000002f870a04dd9
000005f378b57f61
0000000002459b71
0000000000000181
000002fb457c6419
000002fe14044839
000002fe5634edd9
000002fec39a3fd9
000002fedd8c1439
000002ffbdf11c19
00000302590a10d9
000006061920d561
0000000002459b71
0000000000000181
000003030c9fc399
000003037f673c79
00000303b9ea1fd9
00000303c927e419
000003049ecf9599
000003060fc787f9
00000306ca6073f9
0000030759ee5e99
00000307f51bc3d9
00000308adc34819
0000030b1244d599
0000030b4d4473b9
0000030c01c2b559
00000618b98c2a61
0000000002459b71
0000000000000181
0000030dd5a98d99
0000030f20469759
0000030f33e874b9
0000030fa25c9e19
000003128a82e359
0000031334d6a559
00000313966a06f9
000003139cbdd0d9
000003153fd8c199
00000315585f1079
0000062b59f78061
0000000002459b71
0000000000000181
0000031798ac3cb9
000003191bdcd779
00000319e9c0c1b9
0000031b3ba8c859
0000063dfa62d561
0000000002459b71
0000000000000181
0000031f42f34099
0000031fec0e5659
00000320496bab79
00000320e38f56f9
0000032102183899
00000322fafb2099
00000323479fa4b9
00000324fc9ae1b9
0000032596650a59
0000032733b24eb9
00000327a106e299
000003284b169ab9
000006509ace2b61
0000000002459b71
0000000000000181
000003288882e019
00000328cc6770d9
00000329e8856559
0000032ab1b75c19
0000032cc6d34739
0000032cd9d28db9
0000032f7c94ffb9
0000033186305979
000006633b398161
0000000002459b71
0000000000000181
0000033324785279
000003341c328239
000003356772e979
000003375a53b919
00000339006f1419
00000339e9efadf9
00000339ee5a3799
00000675dba4d661
0000000002459b71
0000000000000181
0000033edd2a2d79
0000033f162b12b9
0000033f6f31c299
000003409b6fc839
00000340ae257db9
00000342e51313d9
00000343a0acc339
000006887c102c61
0000000002459b71
0000000000000181
000003446ee0dd39
00000344ba7c61f9
00000346dcddcf99
0000034824b663d9
0000034c472a34d9
0000034d0f4fb0b9
0000069b1c7b8161
0000000002459b71
0000000000000181
0000034ea2923439
000003500e0a9539
00000350d2ed5159
00000351fb7cfcb9
0000035283fba519
00000352bb347059
00000353f25908d9
000006adbce6d761
0000000002459b71
0000000000000181
00000357264ed699
00000358833d5519
00000358ce0c4899
0000035afcdd92d9
0000035efdea9139
000006c05d522c61
0000000002459b71
0000000000000181
0000036035919a19
000003603a905199
00000363a122a259
000003650d2423f9
000006d2fdbd8261
0000000002459b71
0000000000000181
00000369e2ebad39
0000036a20bdf939
0000036a27cebdf9
0000036a9359b7f9
0000036b9fca7059
0000036cb2842d79
0000036ce00dec99
0000036cf0f76cb9
0000036f159b1f39
0000036fbc803539
000006e59e28d861
0000000002459b71
0000000000000181
000003744d5af139
00000374e9c52299
000003752ed7dbd9
0000037aa4fcbd79
0000037aa5871879
0000037b0e929999
0000037b7c7bef99
0000037b7eafa5b9
0000037ba7340df9
000006f83e942d61
0000000002459b71
0000000000000181
0000037c58a931d9
0000037d634e7e59
0000037f37371459
000003813ec86939
0000038281089eb9
000003839e6f77b9
00000384f2787219
0000070adeff8361
0000000002459b71
0000000000000181
000003866b7abf59
00000387d9d6a2d9
0000038850b53079
0000038a0637e399
0000038b11393f99
0000038ba8134d59
0000071d7f6ad861
0000000002459b71
0000000000000181
00000390087faf79
000003915a5409b9
00000394b13aab19
00000394dc7addb9
000003955ddd9099
00000395f1e94f39
0000039648a146b9
000007301fd62e61
0000000002459b71
0000000000000181
00000398782c17f9
000003991b49df59
0000039993cdb0b9
0000039acae0acf9
0000039b568d51b9
0000039cec331119
0000039ef2fe4679
0000039f384ba3f9
000003a01981d359
00000742c0418361
0000000002459b71
0000000000000181
000003a165df0239
000003a1687464f9
000003a1cfa08619
000003a2529aff39
000003a2ea1620d9
000003a356dcbef9
000003a406ca5179
000003a4ef6d4af9
000003a5b0d4a419
000003a5ec0baa39
000003a7992f1db9
0000075560acd961
0000000002459b71
0000000000000181
000003ac0a4a9539
000003acca8751f9
000003accb6a4a39
000003ad03e3bb59
000003ad8cfc8739
000003aee1854d19
000003af96683139
000003b01a1dd659
000003b1ce774b19
000003b2bc2e9639
000003b3f9dcdcf9
0000076801182f61
0000000002459b71
0000000000000181
000003b4018844d9
000003b4b7ce7db9
000003b5894915b9
000003ba3152ae19
000003bbbce781b9
0000077aa1838461
0000000002459b71
0000000000000181
000003beb1ee92b9
000003bee88d3699
000003bf8ad12c99
000003c0ce653599
000003c0dd9a59b9
000003c1c4eab839
000003c3f2ee44f9
000003c420b38b19
000003c448be1af9
000003c5c03c7bb9
000003c656a14919
0000078d41eeda61
0000000002459b71
0000000000000181
000003c8efe66a99
000003cc61e28039
000003cd60fee599
000003cf21ebf039
000003cf47558139
0000079fe25a2f61
0000000002459b71
0000000000000181
000003d08326c779
000003d09c0417b9
000003d0afc21959
000003d1a2193779
000003d1b0fc0ff9
000003d4ff834599
000003d5589933b9
000003d683942a19
000003d759aa8239
000003d899ce3679
000007b282c58561
0000000002459b71
0000000000000181
000003da23d1cdf9
000003db21402c39
000003db7457d139
000003dbecd20ff9
000003dc295fd9b9
000003dcd2af16d9
000003dd5c7760d9
000003de1c6d3e99
000003df6cdeccb9
000003dfd776fb19
000003e00589e619
000003e045d45279
000003e0c79fc579
000003e0fad3c459
000003e0fe3bbc99
000003e154dfaaf9
000003e1df73cf39
000003e1e9f572f9
000007c52330db61
0000000002459b71
0000000000000181
000003e4cd3b6a99
000003e7230fa4d9
000003e82cbd5779
000003eaeb6eedb9
000003eb7745af59
000007d7c39c3061
0000000002459b71
0000000000000181
000003ee3e54c099
000003f009a8e459
000003f14ce054b9
000003f1bd50a799
000003f2074caad9
000003f2469c6a79
000003f251066399
000003f3c7d4ec19
000007ea64078661
0000000002459b71
0000000000000181
000003f6537c5e39
000003f78ef0fc79
000003facec2f959
000003fcef38cc39
000007fd0472dc61
0000000002459b71
0000000000000181
000003febe80c2d9
000003fec175a779
0000040050dda8f9
00000400dd6017b9
0000040112f11459
00000402aca47ff9
000004036e52cdf9
00000405806f35f9
0000080fa4de3161
0000000002459b71
0000000000000181
0000040bbefc0cd9
0000041019592279
000004105aa04519
0000082245498761
0000000002459b71
0000000000000181
0000041188d77059
00000411a06df219
00000411cdcd4579
000004127ccf0239
00000412b1825739
000004135438ccf9
0000041431109779
00000415585ee7b9
00000415a4d66ed9
000004169a9963f9
00000416a5ad0739
000004173a4d6319
000004187005fbb9
0000041a2d1f24d9
00000834e5b4dd61
0000000002459b71
0000000000000181
0000041b2a6f32d9
0000041cfc148e59
0000041eaad91a79
0000041f0b2e3fb9
000004207ac16899
00000422bf3b0d99
0000084786203261
0000000002459b71
0000000000000181
0000042595d7b939
00000426290d2139
0000042893a5b839
000004296583b359
00000429bbba2359
0000042af1ceced9
0000042af311ab19
0000042b2bb139b9
0000042bf5e894b9
0000085a268b8861
0000000002459b71
0000000000000181
0000042f9290ed79
0000043283f478b9
000004332cbcfeb9
00000433ee4e2519
0000043495208cd9
0000086cc6f6de61
0000000002459b71
0000000000000181
0000043696519fb9
0000043823d5f159
0000043a0933ec39
0000043b5f7d2099
0000043d50244a19
0000043ded9a4399
0000087f67623361
0000000002459b71
0000000000000181
0000044028377079
000004421c1ed1d9
000004428daab9d9
000004429d5db379
0000044309f9d5f9
000004437f964e19
00000443863be479
00000443c29daed9
00000444d3e56379
00000444eee0f559
000004489dabfc19
0000089207cd8961
0000000002459b71
0000000000000181
0000044be4803019
0000044c63b4f739
0000044d50d87839
0000044e8aa3cbd9
0000044ead2246d9
00000450f453c159
00000450f50bc859
000004514c331199
000008a4a838de61
0000000002459b71
0000000000000181
00000453927a5c79
0000045862382e59
0000045ae7e04099
000008b748a43461
0000000002459b71
0000000000000181
0000045c86027db9
0000045e48288b19
0000045e6252d339
0000045e7fc6f199
0000045ed805da79
0000045f38c3af19
0000045ff57defd9
00000463ac3cf559
000008c9e90f8961
0000000002459b71
0000000000000181
00000465421ba099
0000046583232e79
0000046644b99e79
000004665f973e99
00000469e4898399
00000469e9f50399
0000046ad88ab2d9
0000046cf5cf3a59
0000046e1749a2d9
000008dc897adf61
0000000002459b71
0000000000000181
0000046e4610e179
0000046edd222119
00000471268dfc39
000004719bd13ab9
000008ef29e63561
0000000002459b71
0000000000000181
00000478347779b9
0000047ba53088f9
0000047cac12fff9
0000047cfb24bcb9
0000047e03335479
0000047f0eeca1b9
0000047fbe7323b9
00000480d9141a59
00000901ca518a61
0000000002459b71
0000000000000181
0000048349e4e519
00000483cd9c5eb9
0000048504992d19
00000486715a56f9
0000048715e73d39
00000487404de679
00000487b6935839
0000048801b6a8b9
00000488d87f78d9
0000048950368d99
000009146abce061
0000000002459b71
0000000000000181
0000048a7d13d539
0000048ab0e0b299
0000048b77db2979
0000048bf5eb7c19
0000048daad0f3d9
0000048de47dd199
0000048f1e537bb9
00000490139e2839
00000492b8f71ef9
000009270b283561
0000000002459b71
0000000000000181
00000494254c41b9
0000049621284419
0000049805957219
0000049b88454879
00000939ab938b61
0000000002459b71
0000000000000181
0000049dcc6f8bf9
0000049e4d98d5b9
000004a1ffcd9939
000004a2506d0c79
000004a39a2ccf39
0000094c4bfee161
0000000002459b71
0000000000000181
000004a7ac6b00f9
000004a7f8ec66d9
000004a97f904339
000004aa2f1e80d9
0000095eec6a3661
0000000002459b71
0000000000000181
000004af8bb56879
000004b0047cb359
000004b0c0a963b9
000004b0d26f09b9
000004b0eb96dc79
000004b2238b5639
000004b25cb0fcf9
000004b505f20df9
000004b5dfed3859
000004b61e674e79
000004b7f0e9f1b9
000004b80c8ff519
000004b846c5ae59
000009718cd58c61
0000000002459b71
0000000000000181
000004b95e844d79
000004ba3c6c8419
000004bbf8b69b59
000004bcbd551859
000004be4e31ad19
000004bf1c0b21f9
000004bfd13bffb9
000004c0dc5ee1f9
000004c1ce716cf9
000009842d40e161
0000000002459b71
0000000000000181
000004c2cdca8639
000004c75eb5d5b9
000004c84188df79
00000996cdac3761
0000000002459b71
0000000000000181
000004cba6cc1d99
000004cc6c8f1839
000004cc71ead0b9
000004ccc16e76d9
000004cd616bba79
000004cea2b5f039
000004cf465831f9
000004cfa7fd0b59
000004cff858a3f9
000004d01550b899
000004d11f7a2e59
000004d26d856c59
000009a96e178c61
0000000002459b71
0000000000000181
000004dabffc5bf9
000004dc8ae1c9f9
000004dd9785d8b9
000009bc0e82e261
0000000002459b71
0000000000000181
000004de23b4a2d9
000004e109eb8a59
000004e205523ab9
000004e2ae2fbbd9
000004e58a6bf759
000004e6613c26f9
000009ceaeee3761
0000000002459b71
0000000000000181
000004e76d636f39
000004e7f9b4bb39
000004e8b535f9d9
000004ebd7814f79
000004ec97950d59
000004ed9cf48ef9
000004ee535505b9
000004ef6ced11b9
000004f056a156f9
000009e14f598d61
0000000002459b71
0000000000000181
000004f1006122b9
000004f2893344d9
000004f3615dd239
000004f406096bb9
000004f57758fc99
000004f63932a439
000004f653699e59
000004f98d089619
000009f3efc4e261
0000000002459b71
0000000000000181
000004fad2ee2379
000004fb4dcbb839
000004fd80144119
000004fe083ec659
000004ff70145b39
000004ff9f0e6259
0000050077da0d99
00000500e90e9379
00000a0690303861
0000000002459b71
0000000000000181
00000503e57f2099
00000507c7fdbcb9
00000a19309b8d61
0000000002459b71
0000000000000181
0000050cc906e059
0000050df5c6d3f9
000005122279c2f9
00000512b1ee8459
0000051352a5d779
00000a2bd106e261
0000000002459b71
0000000000000181
0000051740694d59
000005178100a2d9
0000051866bd48d9
00000518bbcd3a99
00000519fd6abf19
0000051bdf7d3a39
0000051cc8f30199
0000051eacc53ff9
0000051eae722fd9
00000a3e71723861
0000000002459b71
0000000000000181
00000520cd242c39
0000052190f84ab9
000005223acf53b9
00000a5111dd8d61
0000000002459b71
0000000000000181
00000528eb4a5399
0000052960b480b9
00000529fd0aea59
0000052ae3585979
0000052b34ccc9f9
0000052c5c747c39
0000052cd47e0279
0000052cd8e59819
0000052de94aa179
0000052f7a0d0779
0000052f9e496679
00000531866c4f19
00000a63b248e261
0000000002459b71
0000000000000181
000005321207de79
000005333cc12ef9
0000053441d9af39
00000534828138f9
00000535121318d9
000005377976bd79
000005393343c9d9
0000053a17aab299
00000a7652b43861
0000000002459b71
0000000000000181
0000053c6c611919
00000a88f31f8d61
0000000002459b71
0000000000000181
000005459845dfd9
000005483a385539
00000549a0b61c19
00000549aea72879
0000054af78c2879
0000054b0155f679
0000054c73915939
00000a9b938ae261
0000000002459b71
0000000000000181
0000054e8d2233f9
0000054eef492679
0000054f7e1e2779
00000550fd34ea19
000005527e824659
00000556713d7b39
00000aae33f63861
0000000002459b71
0000000000000181
000005587a5e5799
000005597eab7af9
0000055bc3c7e8f9
0000055be1b4fd19
0000055bfa730ad9
0000055e6ac1e6d9
00000ac0d4618d61
0000000002459b71
0000000000000181
0000056125516f39
00000561e032ba79
00000561e0d53d39
0000056527f512f9
00000567bbb18679
000005689ac13b99
00000ad374cce261
0000000002459b71
0000000000000181
00000569f5a133f9
0000056aa0f44d79
0000056ae8f9cd79
0000056e7da7e899
0000056ff02803f9
0000057007aab239
00000572f3a156d9
00000ae615383761
0000000002459b71
0000000000000181
00000573e170ca59
00000aeb20704461
0000000002459b71
0000000000000181
