[MCS8 A] 97 FW 3.104 SV 1.257 
range=1024
periods=2
sweepmode=27e20d0
fstchan=0
holdafter=0
streamstatus=3
calreg0=0
calreg1=0
calreg2=0
calreg3=0
swpreset=8000        
prena=1
syncout=0
cycles=18
sequences=1
tagbits=16
vdac0=92c
vdac1=807
vdac2=8c8
vdac3=8c8
vdac4=8c8
vdac5=8c8
vdac6=8c8
vdac7=8c8
timepreset=120.000     
digio=0
digval=0
autoinc=0 
savedata=2 
mpafmt=asc
sephead=0 
fmt=asc
smoothpts=5 
[CHN1]
REPORT-FILE from 06/22/2026 16:19:36.576  written 06/22/2026 16:19:36
cmline0=06/22/2026 16:19:36.576 
cmline1=A1
range=1024
active=1
bitshift=4
cftfak=2580100
evpreset=10          
roimin=0
roimax=1000
caloff=0.800000
calfact=12.800000
calfact2=0
calfact3=0
calunit=nsec
caluse=1 
[CHN2]
REPORT-FILE from  written 06/22/2026 16:19:36
cmline1=A2
range=1024
active=0
bitshift=4
cftfak=2580100
evpreset=10          
roimin=0
roimax=1000
caloff=0.800000
calfact=12.800000
calfact2=0
calfact3=0
calunit=nsec
caluse=1 
[CHN3]
REPORT-FILE from  written 06/22/2026 16:19:36
cmline1=A3
range=1024
active=0
bitshift=4
cftfak=2580100
evpreset=10          
roimin=0
roimax=1000
caloff=0.800000
calfact=12.800000
calfact2=0
calfact3=0
calunit=nsec
caluse=1 
[CHN4]
REPORT-FILE from  written 06/22/2026 16:19:36
cmline1=A4
range=1024
active=0
bitshift=4
cftfak=2580100
evpreset=10          
roimin=0
roimax=1000
caloff=0.800000
calfact=12.800000
calfact2=0
calfact3=0
calunit=nsec
caluse=1 
[CHN5]
REPORT-FILE from  written 06/22/2026 16:19:36
cmline1=A5
range=1024
active=0
bitshift=4
cftfak=2580100
evpreset=10          
roimin=0
roimax=1000
caloff=0.800000
calfact=12.800000
calfact2=0
calfact3=0
calunit=nsec
caluse=1 
[CHN6]
REPORT-FILE from  written 06/22/2026 16:19:36
cmline1=A6
range=1024
active=0
bitshift=4
cftfak=2580100
evpreset=10          
roimin=0
roimax=1000
caloff=0.800000
calfact=12.800000
calfact2=0
calfact3=0
calunit=nsec
caluse=1 
[CHN7]
REPORT-FILE from  written 06/22/2026 16:19:36
cmline1=A7
range=1024
active=0
bitshift=4
cftfak=2580100
evpreset=0           
roimin=0
roimax=1000
caloff=0.800000
calfact=12.800000
calfact2=0
calfact3=0
calunit=nsec
caluse=1 
[CHN8]
REPORT-FILE from  written 06/22/2026 16:19:36
cmline1=A8
range=1024
active=0
bitshift=4
cftfak=2580100
evpreset=0           
roimin=0
roimax=1000
caloff=0.800000
calfact=12.800000
calfact2=0
calfact3=0
calunit=nsec
caluse=1 
;MCS8 #97 Sversion=1.257 Fversion=3.68
time_patch=1
;datalength=8 bytes
;bit0..3: channel# 1..8 ( 4 bit)
;bit4: edge 0=up / 1=dn ( 1 bit)
;bit5 ..57: timedata    (53 bit), max sweep length 2001.6 h
;bit58..62: tag0..tag4  ( 5 bit)
;bit63:     data_lost   ( 1 bit)
[DATA]
0000000000000016
000000005ae313d9
00000000b882da79
000000014f695db9
00000002339dc459
0000000235f827b9
0000000268808c39
0000000336e216f9
000000038ab324b9
000000039d6d5b99
00000003ae12f7d9
0000000424797f39
00000004a6fbbe99
00000005060f3199
00000005831aaaf9
00000005c8b96d59
000000065650a519
00000006cd08bad9
000000076eb2b219
00000007764dfc39
000000078ab18db9
00000007d84a9f39
00000007e7e861b9
00000008c14e5539
00000008d4d32c59
00000008fa63a5b9
000000091a50ccd9
0000000941d6f499
0000000a11780639
0000000aaf4c2d79
0000000baa959a39
0000000bb15c06f9
0000000bdc9d5fb9
0000000bf6a2e139
0000000cad611c59
0000000cf4caf519
0000000e19452b39
0000000ec4af7a99
0000000f30b786b9
0000000fad5b3c39
00000021571f1b61
00000000023ad771
0000000000000181
00000010e818e1b9
000000112612c499
000000116861d719
00000011f9a96439
00000012959e6919
00000012aa9281d9
00000013afd84879
00000013eca88d39
00000013fc6919b9
00000014fc419579
00000015699d0959
00000015e48f5179
0000001635316bb9
000000189e87d939
000000192b552979
00000019f5c89bd9
00000033f789c561
00000000023ad771
0000000000000181
0000001a604d2619
0000001b528906f9
0000001b76035059
0000001baa7192d9
0000001bbeb40859
0000001c3efe0039
0000001cdac79bd9
0000001d20b336b9
0000001d33200dd9
0000001dbf5c2059
0000001dd4e14639
0000001e4947a9b9
0000001edc3d8579
0000001f140e8599
0000001f2a811d39
0000001f5714e699
00000020874f53d9
00000020ff0054f9
000000214ab64dd9
000000221451ae39
000000225999ab79
0000002282882219
000000229ce428d9
00000022e9b47759
0000004697f46e61
00000000023ad771
0000000000000181
0000002375e75619
0000002378fcbbb9
0000002444ad6819
000000248659ccb9
00000024ac08cb59
00000024ffdb7699
0000002521e6ea39
0000002523538119
0000002565ac3379
0000002568e84859
00000025f95b3259
00000026598ae2f9
000000266b8fa419
00000026aac61279
00000026e29d6a99
00000027830efcd9
00000027c7bae6d9
000000285fe63339
000000287d6645f9
000000291092a4f9
0000002990393f19
00000029cec5b899
0000002a119640f9
0000002b1dfddbf9
0000002c11f88239
0000002c21c89fd9
00000059385f1761
00000000023ad771
0000000000000181
0000002ccbed0199
0000002cd5c44159
0000002dd46085f9
0000002e05e6a839
0000002f3e683359
0000002f8bfa0d59
00000030ca4c1859
00000030ea31f099
000000316194fe99
00000031918544b9
000000323dbb12d9
000000329dbcf019
00000032ccddf779
00000033dca882b9
000000342327ecd9
000000344f292839
0000003468691399
000000348e568119
00000034f70056d9
00000034f9bb0259
000000350aa81af9
000000356b6f9f79
0000006bd8c9c061
00000000023ad771
0000000000000181
000000362cf81db9
0000003630f9bd39
0000003683f01279
0000003731541099
000000384f576239
00000038ff3c8199
000000398bac0d39
0000003994314a99
0000003a41b2ebb9
0000003a621ea219
0000003b49fd4599
0000003ba0da4879
0000003bc6bf9fd9
0000003bd831ddd9
0000003d8b9a0519
0000003daadb2019
0000003e266b4599
0000003e54ff0999
0000003eae17c759
0000003ece51c319
0000003ed729e739
0000007e79346961
00000000023ad771
0000000000000181
0000003f6255bbb9
0000003f81474e99
0000003f88793999
0000004040a66b99
00000040fab0bc79
000000414cc08ad9
00000041dece0199
000000421744d0f9
00000042392ec579
0000004266f046d9
00000042fa422f99
00000043429161d9
000000435fa31b79
0000004382ec0e19
00000043beef5e79
000000440daa4099
000000446a25c2f9
00000044ebf73f99
0000004577b70b19
0000004585f2dff9
00000045aad7fc99
000000460a7e5e59
000000462c83dcb9
000000467cd3a399
00000046b202b839
00000046d2611139
00000047b8f82af9
00000047df879419
000000480cd4f359
00000048328f57b9
000000483fc71ff9
0000004868d99439
00000091199f1361
00000000023ad771
0000000000000181
00000048b2323f19
00000048d2a04759
00000048d6f442f9
0000004936600d79
000000493cbac7b9
0000004bf19e86d9
0000004bf586a499
0000004d2c850b19
0000004db69a9939
0000004db785dcb9
0000004dcefaf119
0000004e53d15499
0000004e852712b9
0000004e9681c219
0000004eaefd5f39
0000004fe31729f9
000000509a4ccaf9
00000050e91745f9
00000050f0579bf9
00000050f9dd0ab9
0000005123500d59
000000518618c2f9
000000a3ba09bc61
00000000023ad771
0000000000000181
00000051e0fcadd9
00000051e7378e19
00000053bf0b2c79
00000054c87b3959
000000552a763019
000000562f38c1f9
000000565a497bd9
0000005693b13cb9
00000056d24a7119
000000570c4a1519
00000057490a0859
00000058069174d9
000000584e361cf9
000000585d6a9fd9
0000005865c98559
000000588757cff9
00000059065b1239
0000005950ba1a59
0000005a8bc4c579
0000005a8dc3e899
000000b65a746561
00000000023ad771
0000000000000181
0000005b5791f979
0000005b84b324b9
0000005ba77deb59
0000005c851d46b9
0000005cafbdf859
0000005cc9a62219
0000005d5343be99
0000005d9443b699
0000005da9669159
0000005ee8f22759
0000005f05654af9
0000005fb8420419
00000060a15dee19
00000060b1968179
00000060ce89bb39
00000060d78644b9
0000006238e5ee99
00000062afe98779
00000062b5021e79
00000062d83ec899
0000006458b057d9
000000c8fadf0e61
00000000023ad771
0000000000000181
0000006480bd22f9
00000064c70c9c99
00000065cf48c5f9
00000066eee8b3f9
0000006795c351f9
0000006842b9a019
000000684a2bac79
0000006852df3cb9
0000006879844399
000000688c9e6179
00000068bffc66b9
000000691e219af9
00000069222890d9
00000069d4add699
0000006a3b793599
0000006ad47605d9
0000006b50691899
0000006b72f25079
0000006c4a90d739
0000006c4feb1e59
0000006ccf1e4499
0000006d70e241d9
0000006d77656199
0000006dc7cac519
000000db9b49b761
00000000023ad771
0000000000000181
0000006dda7b2a79
0000006dec37fb59
0000006e1fe04719
0000006f9624f319
0000006fdcca2db9
000000708a62b1f9
00000071ce0e4859
0000007220ad4519
0000007344e9bc79
000000738de36459
00000073c7b02439
00000073f330a3b9
0000007407f1d299
0000007449897fb9
00000074513c1319
00000074cd851999
00000075c1ba9399
0000007652f0def9
00000076f24fd739
000000ee3bb46061
00000000023ad771
0000000000000181
00000077799ab4f9
00000077937a3699
00000077c995a599
00000077e3e17379
00000077eb40b179
000000783a6843b9
0000007861a2a299
00000078778cead9
0000007960f552f9
000000796827f899
000000799bf3e7d9
00000079a06eaed9
0000007a6684ea79
0000007bdafb02d9
0000007c197dc6d9
0000007c928cb9b9
0000007ca7c26f19
0000007d26de8b39
0000007de574a319
0000007f2a77cf79
0000007f40b84899
0000007f483f4599
0000007f67578c99
0000007f8d848e39
0000007fd29c5079
0000007fdbd19a79
0000007fe95c33d9
00000100dc1f0961
00000000023ad771
0000000000000181
00000080a2f248d9
00000082425065d9
000000824d6a8c19
00000082d041cff9
000000836eb95ad9
00000083b4ccda99
0000008488f48319
00000084e06be579
00000084f4e67719
000000851e6b82f9
000000855ec8dcf9
0000008565bcc1b9
0000008657b50eb9
000000866d95a739
000000872bf000b9
000000872d84ab19
000000878a11acb9
00000088339b4679
000000886dda97b9
0000008896c48b19
00000088bcc584d9
0000008928bc7359
000000897633d979
000001137c89b261
00000000023ad771
0000000000000181
00000089ded3a3b9
00000089e5cb2299
0000008a8a8df3f9
0000008ab8f0e3d9
0000008abde57cd9
0000008ac258def9
0000008ad70c95f9
0000008b39023f19
0000008b609f2059
0000008bb110a599
0000008bc51b39f9
0000008bde4149f9
0000008c1bd4f379
0000008cda711fb9
0000008d5909ae99
0000008d67738419
0000008d8b552879
0000008e04325bf9
0000008e4bcff579
0000008e949e4a59
0000008eb181b4d9
0000008f65b45319
0000008fd270dc59
00000090130f6479
000000903b0b7439
00000090bb60ee39
0000009143d2da59
0000009161ce9579
0000009165539b59
00000091ff7be7f9
0000009286a6aeb9
000001261cf45b61
00000000023ad771
0000000000000181
0000009313fd1ef9
000000935e203999
00000093949d61b9
00000093c82300d9
00000094166693d9
0000009481bb47b9
000000953a2ffcf9
00000095f0a253b9
000000960c6a5ed9
000000963b8de7b9
00000096539af6f9
000000967f4311f9
0000009684a70639
000000971b44ef79
000000978d800e39
00000097cc546679
00000097ee5e9e99
0000009887a2a959
00000098ab36db59
00000098e3211ed9
000000997bd20839
0000009a2d521c19
0000009a4b2c37b9
0000009abdba55f9
0000009b91871199
0000009ba8166179
00000138bd5f0461
00000000023ad771
0000000000000181
0000009c739df979
0000009cada860b9
0000009cade13d19
0000009cb252b2b9
0000009d2c53e2d9
0000009ee7a65039
0000009ef80fbbd9
0000009f11dffef9
0000009f151266b9
0000009f7d7d2079
000000a0608d3bb9
000000a09e2323b9
000000a0dfedad59
000000a112aabb59
000000a12a0d9d39
000000a18285b5d9
000000a1fd804319
000000a216a10d99
000000a220a464d9
000000a2f3fba6d9
000000a325023f19
000000a33f161ad9
000000a3878a1bf9
000000a426462ff9
000000a4c200adf9
000000a510293679
000000a5494e8839
000000a5aca99bb9
0000014b5dc9ad61
00000000023ad771
0000000000000181
000000a635cf7f59
000000a648b07bd9
000000a672e05159
000000a6fb2e19f9
000000a7490e7459
000000a797122839
000000a7c80838d9
000000a880736e39
000000a8d1086e39
000000a9032c87d9
000000a91938d4f9
000000a92c0c68b9
000000a9307f59b9
000000a950f1d539
000000aa2a270259
000000aa6dc0d4f9
000000aa95f61799
000000aaf6186419
000000ab74a3e319
000000ab9bba15b9
000000abe19bf539
000000ac6b2ec4b9
000000acd3fa64d9
000000ad16be97d9
000000aed55292b9
0000015dfe345561
00000000023ad771
0000000000000181
000000af38e76a99
000000af7b4a8399
000000afa246b0f9
000000afc32bed99
000000afe5945879
000000b090b46639
000000b12b6111b9
000000b299e892f9
000000b29fde76f9
000000b2f5b65d59
000000b3055a80f9
000000b410ec9739
000000b413f1bc59
000000b5314ccdb9
000000b59de0e7f9
000000b647d740d9
000000b6fd50d4b9
000000b714a5e819
000000b7f4fe5439
000000b80920ed79
000001709e9efe61
00000000023ad771
0000000000000181
000000b853468079
000000b8c0f609d9
000000b908eea0d9
000000b985b466f9
000000ba43ac9e39
000000baad7e08b9
000000babcae8759
000000baf54b8d79
000000bbfcf347f9
000000bc7de593b9
000000bc83227979
000000bd1aae7259
000000bd91affcd9
000000be337f3999
000000be4215f0d9
000000be90ef89b9
000000bfab702879
000000bffc803159
000000c054457119
000000c061e8aef9
000000c09160d999
000000c14917e859
000001833f09a761
00000000023ad771
0000000000000181
000000c1a6749ff9
000000c2205a79f9
000000c2d89b0399
000000c2e1ac39b9
000000c2fb38fcb9
000000c301cd3c79
000000c3fa4c0f39
000000c51ccfae19
000000c6843aaf99
000000c6942535d9
000000c6b62264f9
000000c6e8fda259
000000c6f4a630f9
000000c72962a059
000000c75595e8d9
000000c76a983d39
000000c786d14fd9
000000c907d5a5d9
000000c9195e28b9
000000c9f2bbe039
000000ca8b579a79
00000195df745061
00000000023ad771
0000000000000181
000000caf40fa8d9
000000caff9b3d39
000000cba3b57c19
000000cba3dc9f99
000000cbb408f999
000000cbb40b4339
000000cbc7e5b039
000000cc9ce38b39
000000ce0aaa19d9
000000cea68f8799
000000ceae822239
000000ceb7b3c679
000000d0da230839
000000d0dbd21519
000000d124630679
000000d23b463b19
000000d31f0d83f9
000000d376b3a019
000000d40f4b6859
000001a87fdef861
00000000023ad771
0000000000000181
000000d44c096c39
000000d478d590b9
000000d4905c15f9
000000d4fd2a8ff9
000000d557686719
000000d6ddb6c599
000000d707568ad9
000000d7c29a2459
000000d7c97fae59
000000d7d1cd9af9
000000d811737a19
000000d8a0f73c79
000000d8ddfaf3f9
000000d8fcb7abf9
000000d9578800d9
000000d96f09ba99
000000d98bd3b0f9
000000d9bdc6bd19
000000d9c4c23f79
000000da27e4b1d9
000000daef76f539
000000db332e5e99
000000db46ec9759
000000db59522db9
000000db7b607319
000000db9f29fed9
000000dc492d9599
000000dc566898d9
000000dcc6d7ca59
000000dd0012d719
000001bb2049a161
00000000023ad771
0000000000000181
000000df95f350f9
000000dfc68f55d9
000000dfe6db5219
000000e181527b39
000000e1bf3a2bd9
000000e1f39c12d9
000000e2477eee59
000000e2c3102319
000000e34a294899
000000e44670c359
000000e463be73d9
000000e46a239299
000000e4c6ba1799
000000e4f4b43ab9
000000e50361a3d9
000000e5736636d9
000000e588320fb9
000000e5ac6fc879
000000e62ea6dc59
000000e67e208dd9
000001cdc0b44a61
00000000023ad771
0000000000000181
000000e7222ab379
000000e773dec039
000000e7b88a3cd9
000000e88caba1b9
000000e8b14d0839
000000e8b675b139
000000e917571d19
000000e979b1acf9
000000e99826fe59
000000e9a7125bd9
000000e9db764b19
000000e9eb446399
000000eaac6c3cd9
000000eabd02b119
000000eac19965d9
000000eb35326679
000000ebbcf194b9
000000ebf0e7d9d9
000000ec9fcd2279
000000ed4dfc14f9
000000edf36eb579
000000ee320557b9
000000eedfbc0b59
000000ef09c27859
000000f01d34e639
000001e0611ef261
00000000023ad771
0000000000000181
000000f05302ad19
000000f0b8325979
000000f163f43139
000000f1f0e0db39
000000f222da5a59
000000f23d81b419
000000f274d6c9f9
000000f2b6713219
000000f2b94c7479
000000f2d9a827d9
000000f307a7c7d9
000000f3262c0f19
000000f3cdff0339
000000f484a4e4f9
000000f486421c39
000000f5ba6a5179
000000f5c10ae299
000000f66614d939
000000f84ec236f9
000000f8e0657bf9
000001f301899b61
00000000023ad771
0000000000000181
000000f9a81a0639
000000fb904b1e19
000000fc15282df9
000000fd16df5779
000000fd2d47e099
000000fd626c01f9
000000ff3d006b59
000000ff69a326b9
000001009bcf4bd9
00000100ce816359
00000100d1321779
00000101d2b0ac39
0000010214b0d2d9
00000102876291f9
0000010291ab1cd9
0000010297e04079
00000205a1f44361
00000000023ad771
0000000000000181
00000102d703b519
00000102f92a2159
00000103c0a05eb9
00000103d543ec79
00000103ebeab6b9
0000010432804f99
0000010504241419
0000010548448ef9
00000105921a97b9
00000105d8aca379
00000106417831f9
0000010641f79359
0000010682531f79
000001075319e239
000001075b109119
0000010785a3fbb9
000001079e4a42b9
00000107ff377559
00000108838d6959
00000109456195f9
000001096dfc2fd9
0000010994a12af9
0000010a4e51cd39
0000010acaad4879
0000010b17868979
0000010be8f8dab9
0000010bffedd039
00000218425eec61
00000000023ad771
0000000000000181
0000010c34890bb9
0000010cc02f3359
0000010cd16da5b9
0000010dc7f8d439
0000010dd1ae9859
0000010dde4a3239
0000010e272a3d79
0000010f7604c979
0000010f81cef179
0000011025ee93f9
00000110dc4ebd19
00000111148765d9
00000111d2f38639
00000111e8ea21b9
000001121f60c7b9
0000011221f828b9
000001125530f6d9
0000011261313239
0000011298f3a439
0000011316758059
00000113d9710ff9
00000113ee72a399
00000114f65ddbd9
0000022ae2c99461
00000000023ad771
0000000000000181
0000011620501579
00000116ee7c31f9
0000011727aa3b99
00000117a3e40bd9
0000011827262c79
0000011834a05739
000001188a620539
00000118c93932d9
0000011940430b99
00000119411cf9f9
0000011962fec939
00000119b622ddf9
00000119dabd4199
0000011a0f1c5359
0000011a8e761679
0000011b33266f99
0000011bef39e1d9
0000011c233d6379
0000011c4e2b3c19
0000011c80bdde99
0000011cc2e30959
0000011cf746e5d9
0000011cfc98c399
0000011d8dbae839
0000011ddc856059
0000023d83343d61
00000000023ad771
0000000000000181
000001200247f1f9
000001204c210fb9
000001206c2d2439
00000120b9294ad9
00000120de6a14f9
00000121940d79f9
00000121d77017d9
000001224dc48439
00000122e6860639
000001231f9e7db9
00000124b81fe919
00000124ee99f5d9
00000124f5c243b9
000001254775b8f9
0000012562389419
000001259d48bb59
00000125e7d0eb59
000001264dcb0df9
00000126ac120839
000001273cf5a439
0000012758e48c39
00000127c0961c39
0000012800a55879
00000250239ee561
00000000023ad771
0000000000000181
0000012831d5b9f9
000001283e8ff739
000001287eb10ef9
00000128ade41139
0000012997a4b919
00000129f7262ad9
0000012abe1d88f9
0000012ace345059
0000012ba628c559
0000012bcad5caf9
0000012bcdd99819
0000012bf6c638f9
0000012c25441fb9
0000012c60cbc4f9
0000012caef93ff9
0000012cb5e1d559
0000012d2d41cb79
0000012d2da32e59
0000012d52476a79
0000012dd225de39
0000012e0b8c6cd9
0000012e30a921d9
0000012ef2e1fe39
0000012f3a8788b9
0000012f9b5856b9
00000130d067d819
00000130dcf60559
00000262c4098e61
00000000023ad771
0000000000000181
000001317eb05059
0000013256f119b9
0000013308739839
000001339369bf99
00000133c49920d9
000001351dbe05b9
00000135b4e633f9
00000135c67617b9
000001362a23acf9
000001367bc166f9
00000137043df2b9
0000013805f855b9
0000013872484a19
00000138754c4fb9
00000138f93b58f9
000001398ba019d9
0000013a392048b9
0000013a58518979
0000013a6f07aeb9
0000027564743661
00000000023ad771
0000000000000181
0000013b8eec1f59
0000013bf4d0f7b9
0000013c57f24679
0000013ca6870d19
0000013cad70e3f9
0000013db7d03cf9
0000013df54fdb79
0000013e17b6b799
0000013e69e770d9
0000013e98cd0b19
0000013ec3634559
0000013f680d8f19
0000013fc6b8b179
00000140d139a819
00000140edd1e959
000001415f5acf99
0000014160aa5b99
000001419fdbc179
0000014215d555f9
0000014262942739
0000014299d37a99
00000142dc038279
0000014317dcfc19
000001434a120eb9
00000143a1a469f9
0000028804dedf61
00000000023ad771
0000000000000181
00000144777b8cb9
000001449fb305f9
00000144f84a6b59
00000145f0b60b39
00000145fa4e1819
00000146331c1d59
0000014644cf1d99
00000146eefcdef9
000001470ba027d9
0000014809efb9b9
000001484c5fe499
00000148d7885a99
000001496c63e0d9
0000014972add319
00000149e5b5e3b9
00000149f788a559
00000149fe3130f9
0000014aabb62df9
0000014b52505ed9
0000014b5f81ae39
0000014bc2d81459
0000014c0b36cc19
0000014c49c5b939
0000014c60e2b8f9
0000014cc1140d39
0000014d306be7b9
0000014d50c21ab9
0000029aa5498761
00000000023ad771
0000000000000181
0000014d8faf4379
0000014e5ebb7299
0000014f06e3b759
0000014f42d20c79
0000014f69159019
000001501a31c2d9
0000015026657e19
00000150d8b4e7d9
000001510d4cebd9
000001516dd47679
0000015172baadb9
00000152aa12ca39
00000153635efc19
000001537c1eb979
00000153f1da39d9
00000154343be199
0000015468ef7e19
00000155009e72f9
000001558a22e499
000002ad45b43061
00000000023ad771
0000000000000181
00000156ceaa0d39
000001572efc5959
000001580b614cb9
0000015846873659
00000158b82b34f9
00000159089fbd19
0000015918140559
0000015949a558d9
00000159628e78b9
0000015964a7b979
00000159653c35f9
000001596f68e719
000001597a4e9699
0000015983218af9
000001598ee1fdd9
0000015a32178c99
0000015a4c83b499
0000015a50258899
0000015a943d3e59
0000015a9c73c5d9
0000015ae2b5adf9
0000015b8d9ef819
0000015c176c2ef9
0000015d26637139
0000015d6a96ebf9
0000015d73a02499
0000015df253ca79
0000015e02867b39
0000015e5ee04d59
0000015e8f1571d9
000002bfe61ed861
00000000023ad771
0000000000000181
000001606a9b02d9
00000160bdcd5cd9
000001615b390a19
000001619d696d39
0000016222ab5ff9
000001626ccec199
00000162ed4de4b9
00000162f4668d19
0000016364864599
000001641e170479
000001647ca60fd9
00000164a01f0219
00000165215a32f9
00000165b7c3a2d9
00000165f126f379
000001666d59cd99
00000166b08329d9
000001673f887a59
00000167eaf2d039
000001689572a1d9
00000168f7fa8919
0000016919ea1e19
000002d286898061
00000000023ad771
0000000000000181
00000169640956b9
000001696e47f559
00000169fbf66959
0000016a050cddb9
0000016af3114399
0000016b26dba3f9
0000016b2ece0e39
0000016b55813259
0000016b57341819
0000016b5d4f77b9
0000016c79f8d459
0000016d30b2cd19
0000016d39879db9
0000016d8bbcc7d9
0000016df22153b9
0000016e6fd31299
0000016e899547f9
0000016ed9839419
0000016ffb36bdf9
0000017026604ad9
000001705e745cf9
000001705f412ed9
00000170d7b665b9
000001710f1f3479
00000171120e6439
000001714f8dfa99
00000171c9cba0d9
00000171f4658159
00000171f7fab839
0000017208d4f199
000002e526f42961
00000000023ad771
0000000000000181
0000017307efdb79
000001730ac8e2b9
0000017369932799
00000173ded04279
0000017401f43439
000001740c4594b9
0000017425dc7e59
0000017565f570b9
00000175a03dea59
00000175bf58c679
000001760fe2b699
000001769b443059
00000177d063af99
000001789458a099
00000178c820ae99
00000178eb014259
00000179939b54f9
0000017a020303d9
0000017a9e2656d9
0000017b217a2719
000002f7c75ed161
00000000023ad771
0000000000000181
0000017c0e33c3d9
0000017c62dc45f9
0000017c73f9a0b9
0000017cc59122f9
0000017d2da43379
0000017d50172ab9
0000017d93d4cab9
0000017dc39d7139
0000017e274cb159
0000017fa2a7daf9
0000018036c1c659
00000180a1f94319
000001819f3c4059
00000181f0870a79
0000018247a690b9
00000182551135b9
00000182995ab679
00000182d4d84859
0000018334ac28b9
00000183bbda44b9
000001844f193af9
0000030a67c97961
00000000023ad771
0000000000000181
0000018555450eb9
00000185629104b9
000001866a229719
00000186b14f5739
00000186c3d40b39
00000186ea561ab9
000001880960b299
00000189985b3a39
00000189f7c2ee59
0000018a429f86d9
0000018a68f543d9
0000018a9a941f99
0000018b55c613d9
0000018cecf55e59
0000018cfe020b59
0000018d0258e719
0000018d81fcbdd9
0000018db9815459
0000018df86705d9
0000018e09ea67d9
0000018e0b582ff9
0000018e115f2c59
0000018e27a1acb9
0000018e64fd1979
0000031d08342161
00000000023ad771
0000000000000181
0000018f425a4cd9
0000018f5a44e819
0000018f682c3319
0000018fbc811b79
0000018fcbf09279
0000019024092c19
0000019048307279
00000190b6456e99
00000190ef8ba999
000001910e4d58d9
00000191b460be39
00000191f35fc4b9
000001929f335719
00000192d211d359
00000192d95d7eb9
00000192e419be79
00000193ac3947b9
00000193dc0a7719
000001941cd77959
00000194fc5cd9b9
000001955c0d4a39
0000019576f741b9
00000195a70c9e79
00000195f3ce8a39
000001962c8cc479
000001964e6709b9
00000196d31d4079
00000196d3bb2b59
00000196e19a90f9
0000019705188d59
000001970fe5f799
000001971fb79699
0000019758079b39
0000032fa89eca61
00000000023ad771
0000000000000181
0000019805bfa8f9
00000198806b9c59
000001990078f379
0000019957bd3919
0000019a483dfed9
0000019a87390079
0000019b527b3799
0000019bdd0066b9
0000019c056af219
0000019ce02c1cf9
0000019d53f228d9
0000019d76c317f9
0000019d7c2005b9
0000019da03f6819
0000019ed8b013f9
0000019edf0fe0d9
0000019f069c3ab9
0000019f41d1a9f9
0000019fb246f439
000001a0620916b9
0000034249097261
00000000023ad771
0000000000000181
000001a12a22eb39
000001a1991e0c39
000001a1a7168139
000001a21cb131d9
000001a227f1d399
000001a33ead1a19
000001a3b3bdc099
000001a3bc3a31d9
000001a401164119
000001a41f6e8039
000001a488105439
000001a4cbe29fb9
000001a4f8d2f839
000001a501c0dd19
000001a505dba339
000001a57997db79
000001a77341bad9
000001a7a8d52999
000001a880fcca19
000001a902c4aa19
000001a9a8272359
000001a9ae47d8b9
000001a9edd79c39
00000354e9741a61
00000000023ad771
0000000000000181
000001aa8dbd8139
000001aac0925a19
000001aac0a4d7d9
000001ab97c3bf19
000001ab9d6f1299
000001abc3682e99
000001ac09d8b8d9
000001ac494342f9
000001ac739b72f9
000001ac77596a99
000001ac9a6c63f9
000001adaceb0699
000001ade9d982b9
000001ae17f3cb79
000001ae3f2cbe79
000001af461abe79
000001af874e44f9
000001b17f6dabb9
000001b1a3c78799
000001b1a94f86b9
000001b1b18d11d9
000001b1f0221699
000001b2eb4c7219
0000036789dec261
00000000023ad771
0000000000000181
000001b4c40989d9
000001b4ef17d399
000001b50a7ae2b9
000001b55deaf219
000001b55e497179
000001b58295fd19
000001b6bc2527b9
000001b737988f39
000001b78d61f139
000001b7f8d000d9
000001b8578cc359
000001b8d3bfa459
000001b8e453ed19
000001b9c6aa0b99
000001b9e2ae41b9
000001ba12abb1f9
000001ba98d1c079
000001baef8d7b79
000001baf5ba2359
000001bb1e361319
000001bba6455c79
000001bba6456a39
000001bcaabc7c19
000001bcea827b39
0000037a2a496b61
00000000023ad771
0000000000000181
000001bdbe12e4f9
000001be2d201ed9
000001be53653519
000001bee8d20979
000001bf55830019
000001bf858f6d39
000001c009dba999
000001c0de866d39
000001c0e60e3a99
000001c19b159359
000001c24de7b5f9
000001c27dd0e5b9
000001c2801ad819
000001c283b00599
000001c2ba75d119
000001c30dc0cc79
000001c35a9c05d9
000001c3e9a50b19
000001c402500159
000001c4212698f9
000001c4fae919b9
000001c5412466d9
000001c56268c399
000001c65f150fd9
0000038ccab41361
00000000023ad771
0000000000000181
000001c677a0b879
000001c6f0536879
000001c7099712f9
000001c709dd3c19
000001c75c88df99
000001c783f96c79
000001c7dbf498d9
000001c83dde5079
000001c88da54159
000001c8c88fb399
000001c90f2070b9
000001c91695fb19
000001c92763f4d9
000001c934802a19
000001c96ce898b9
000001cb5c31a679
000001cb8abbadb9
000001cb97d01ab9
000001cbba564359
000001cbf6ff4af9
000001cc2571d3d9
000001cc78c57d19
000001cca646c219
000001cce15daf79
000001cd8be29259
000001ce15f25f99
000001cec7456779
000001cf0806eef9
000001cf1d0cd8b9
0000039f6b1ebb61
00000000023ad771
0000000000000181
000001d00b5fca79
000001d01398f5d9
000001d036dab299
000001d0c60b9cf9
000001d11da2a899
000001d1923f0199
000001d2d48a62d9
000001d30e6b2ab9
000001d3f1688399
000001d529229799
000001d54e9831f9
000001d55e3a2bd9
000001d5a0094779
000001d5b7d36979
000001d62adaad59
000001d69fad1339
000001d6e972fc19
000001d708b13579
000001d72610f7f9
000001d74a1e0b59
000001d76241ca59
000001d850ed13d9
000001d895def859
000001d8fdff2d39
000003b20b896361
00000000023ad771
0000000000000181
000001d92dc9a379
000001d92e497af9
000001d9ada726f9
000001d9c1e2fb19
000001da1144a319
000001db59549439
000001dc4de17179
000001dc8be0cc59
000001dcb6549bf9
000001dd3f48d9d9
000001dd8ab48119
000001dd98ca2139
000001de56599c39
000001de7f37d8b9
000001debd659ef9
000001def9414299
000001df1cb4c1f9
000001dfc9f47279
000001dfef6414b9
000001e03d4d87f9
000001e04051ccf9
000001e082f13719
000001e0e41a0099
000001e231dd3f39
000003c4abf40b61
00000000023ad771
0000000000000181
000001e25bef6e59
000001e2e28e5d79
000001e2fe774579
000001e3e1ee2619
000001e3f3b267d9
000001e4b3a2dd19
000001e523abd3b9
000001e594b4d619
000001e60b081779
000001e67b5b9059
000001e6ce6f5779
000001e6d6b495b9
000001e7741498f9
000001e776e3fdd9
000001e816d2a8b9
000001e81ed561f9
000001e87d7fc719
000001e881e034b9
000001e9174f2bd9
000001e97aaf7019
000001e9be9abc39
000001e9c8d809b9
000001eb21a2f979
000001eb449c9fd9
000001eb91a4c059
000003d74c5eb361
00000000023ad771
0000000000000181
000001ec1cb58179
000001ece3a2e319
000001ed2b6a8839
000001ed61ecec99
000001ee500bf5d9
000001ef5510ba39
000001ef6169b619
000001ef78bbec39
000001efc7cb9279
000001f02d010979
000001f0597c9219
000001f14ec02019
000001f16a95c799
000001f28073ab59
000001f377f76f59
000001f3f20e5d99
000001f4c07ca779
000001f4ce9cd139
000003e9ecc95b61
00000000023ad771
0000000000000181
000001f5c0a12959
000001f5dec272b9
000001f5e75798f9
000001f63afaecb9
000001f640769559
000001f6409045d9
000001f64c03cc99
000001f72a161e99
000001f735077139
000001f751978d59
000001f7c942aab9
000001f7fb8fd339
000001f8591287b9
000001f89e1e7c79
000001f95131acd9
000001f954ee5ff9
000001f995717319
000001fb5b0202f9
000001fcf90000f9
000001fd40919879
000001fd6a082859
000003fc8d340361
00000000023ad771
0000000000000181
000001fe4e539db9
000001fe8790c199
000001fe9e2b7b59
000001ff5ddbbbd9
000001ffd5eb2679
0000020042b622b9
00000201074d9ed9
0000020130a0a779
000002014ffb1c79
0000020193955479
000002026ceedc79
00000202773087d9
00000202b3532799
00000202f2e82d19
000002038ec8aad9
0000020472de9399
00000205316445d9
0000020598f095d9
00000205e0e80259
000002063a3d9019
0000020693731a79
00000206e443d5f9
0000040f2d9eab61
00000000023ad771
0000000000000181
00000207c6e2ca79
000002082f5c3359
0000020860b96fb9
000002092bcf34b9
000002094df27e39
00000209df353539
0000020a37ecacd9
0000020a9db1ea59
0000020b476f9db9
0000020bc84c2679
0000020bf4980899
0000020bf4c731d9
0000020c35b73759
0000020c6ed185d9
0000020d0d26b799
0000020e02d489f9
0000020e398ad559
0000020e89a81139
0000020f0fc311f9
0000020f872a8d59
0000020f95873ab9
000002101339c779
000002107e2e1f19
00000210a3285559
00000210c3234b79
00000421ce095361
00000000023ad771
0000000000000181
0000021135d84af9
000002113c34c679
000002115199d1d9
00000211f9c3a0b9
00000212621803b9
000002127cf731f9
00000212a7e94079
00000213c789cc19
000002142417b3b9
000002143dd08219
0000021442ad94f9
0000021442b37279
000002158d684a99
00000215a0c83bb9
000002163f71c899
00000216724be119
00000217688f8159
00000217849bddd9
000002178ed3ded9
0000021803c48659
0000021840e60299
000002187405f4f9
00000218d0d71879
000002191856cd99
000004346e73fa61
00000000023ad771
0000000000000181
0000021abf726719
0000021ada84edb9
0000021af693c379
0000021b9f1f8999
0000021bcaf50579
0000021cb096f239
0000021d6a322f19
0000021dbdf1cab9
0000021e0bd0beb9
0000021e101d26d9
0000021e12e90dd9
0000021e22d40c39
0000021eae8a47d9
0000021f891e8719
0000021f9c142199
00000220edbc0779
0000022161b12039
000002219375ef39
00000221d9516379
000002223d6ded79
0000022277c9de59
00000222b3717bf9
00000222c2735819
000002234c223479
000002236bc7d699
000004470edea261
00000000023ad771
0000000000000181
00000224e1772439
0000022530121999
00000225acf06ef9
00000225c60c2b19
0000022641fc0e99
0000022672178419
0000022690c17c39
000002269c0d5b59
00000226e85ac3d9
0000022741206bd9
00000227c2f67159
00000227c6f175d9
00000228ca3bab19
0000022983a1a9f9
00000229c58b6439
00000229cf8c7fb9
00000229ed6db039
0000022a45a3b4f9
0000022aa0803739
0000022b633a3a99
0000022b996fcf39
0000022bb20c6e59
0000022bf07d7fd9
0000022c2eb1edd9
0000022c76f2dc39
00000459af494a61
00000000023ad771
0000000000000181
0000022d0fda5bf9
0000022d66219439
0000022d8bd30659
0000022ddbb49679
0000022e814d0ef9
0000022e836ef879
0000022ef07e4999
0000022f217a1759
0000022faef9b019
0000022fc7ed3059
000002303cb34959
0000023137a4e9b9
0000023201bebe79
0000023313ddd5b9
00000233406f0b79
00000233c56eaeb9
00000233da462ff9
00000234da300219
00000235e068feb9
0000046c4fb3f261
00000000023ad771
0000000000000181
000002367c208c39
0000023693f4b159
00000236fdf15959
000002372c7cd879
0000023769844339
000002376b817879
00000237d0c0edb9
00000237fd017bf9
00000238c5903e99
00000238fdab3599
0000023ac1caaad9
0000023aced3a8b9
0000023af3d53799
0000023b38872f39
0000023c2fcb4879
0000023c6cc0fb99
0000023cac503b19
0000023cd8bd4059
0000023d3cfae1b9
0000023d861e06f9
0000023da546e799
0000023dd7425ff9
0000023e4d679119
0000023e76e26d59
0000023f18575299
0000047ef01e9a61
00000000023ad771
0000000000000181
0000023fa6d31439
0000024124b979d9
000002412bfc4d19
00000241bf90def9
00000241d1363839
00000241d52b94b9
000002421319bff9
00000242146eeab9
000002424fdae959
000002427280d6d9
0000024290565af9
00000242afffcd39
000002430bee2319
0000024338e148b9
000002436244dbd9
00000243b83bb739
0000024405f928b9
00000244256fdb59
00000244343879f9
00000244c4bc2ad9
00000244c66f1359
000002461f73a6f9
00000246435d6b59
00000246ae414979
0000024712f94c39
0000024724c09939
0000049190894261
00000000023ad771
0000000000000181
00000249737a9259
00000249acc7b379
0000024a58d98099
0000024afe8fd179
0000024b0fb09279
0000024b59f12299
0000024b67c9d899
0000024bab7f7f39
0000024bcadd8299
0000024c0e1cbc99
0000024c16320e39
0000024c1f957399
0000024cfb2f7199
0000024d38f8c679
0000024d92c6f919
0000024deab78359
000002501dc2fd39
0000025026caa299
000002515d062d19
00000251c1012cf9
00000251eb1f9ab9
000004a430f3e961
00000000023ad771
0000000000000181
0000025295f15bd9
00000252f5a26fb9
00000252f96aabf9
00000253cee7f9f9
00000253df927d39
000002541a58fe99
000002547cfe5519
000002558dca4699
00000255bfcf8119
0000025613972b39
00000257008007b9
00000257b9fd5639
00000257e2b091b9
0000025804e560b9
0000025841f2c999
00000259e00c1179
0000025a0d3c5299
0000025a3c8016b9
0000025a54bb9bf9
0000025b5d5893d9
0000025b62a8a159
000004b6d15e9161
00000000023ad771
0000000000000181
0000025c07927c79
0000025c92447359
0000025cfb97c8d9
0000025e68ab1039
0000025ec09217f9
0000025f45da7079
0000025f77169e19
0000025f84135179
0000025ffa57a679
000002601a8181b9
000002606471d779
000002609eb6e679
00000260a6fbb279
00000260e71ea079
00000261aff65a79
00000261c8136839
000002620243c6f9
0000026253b9beb9
000002629b783679
00000262b394e599
00000262eaa7af59
00000262fc21d119
000002638e601b79
00000263c74abf59
00000263e67c9519
0000026463a42d19
0000026480e233b9
000004c971c93961
00000000023ad771
0000000000000181
00000264dfff6fb9
00000264e02eebd9
00000264f9afdbb9
00000265241e13b9
000002653e3b9299
00000265e0b1a039
000002660598a279
000002663f8f3419
000002668ba290b9
00000266cefaadf9
000002678a079119
00000267ab06bed9
00000267f16bbd79
0000026857cbc359
0000026860ddfef9
00000268944454d9
0000026914939219
00000269505096f9
00000269654f4c59
00000269af1c23b9
00000269ee6bf5d9
0000026a4bd0ae59
0000026a50144e39
0000026abdd6efd9
0000026b57218019
0000026bb4032b39
0000026bd41b7999
0000026c7cd28619
0000026ca0de1239
0000026d659ad619
000004dc1233e061
00000000023ad771
0000000000000181
0000026e130be8f9
0000026e1ab34439
0000026e244f5f59
0000026e8b94ff59
0000026eb3a34b79
0000026ec71423f9
0000026f1b8f10d9
0000026f1ea650f9
0000026f223ca319
0000026f8c3e7eb9
0000026fa80d0139
0000027006665b99
000002701683ee39
000002702d103f99
00000270e9085539
000002711137eed9
000002715a0219b9
000002715e68c059
000002717e9c0459
000002718fa8dbd9
0000027238000799
00000272446fe939
0000027262c1add9
000002726eb648b9
0000027277fe1319
0000027280bb7c99
000002737a097bb9
0000027382a4cd99
000002739890f979
00000273d9ecad99
000002747439f979
000002759c2c38d9
00000275aa17d939
00000276ef31af59
000002771c6ef5f9
0000027729296cd9
000004eeb29e8861
00000000023ad771
0000000000000181
0000027780fdc479
000002780fcb7419
0000027884fe5499
00000278d441f579
00000279025378b9
00000279ab1b8b39
00000279d6b17d39
00000279e18c1f99
0000027a65b72099
0000027bc52c1ed9
0000027bf1ac4a39
0000027c5ffc96b9
0000027d20998eb9
0000027e3338db99
0000027f3f14c319
0000027f48d4c6d9
0000027f7c3d4cd9
0000027f900a37d9
0000027fca61fdd9
0000027ff3f2d599
0000027ffa142059
0000050153093061
00000000023ad771
0000000000000181
00000280d66a81b9
00000280efecf4b9
00000281839a1ed9
0000028187d5aa19
00000281e0934039
0000028258f15919
00000283dc273219
00000283dceb9719
00000284a2dd9559
0000028573a2f219
00000285e8ff3a39
00000286981dc459
000002870c4ac9d9
000002871eb61039
0000028847d8bd79
000002886e99f7f9
00000288a710b719
0000028907d9eb19
000002898d9609b9
00000289c86d8af9
00000513f373d761
00000000023ad771
0000000000000181
0000028a241810b9
0000028a494b6759
0000028aad972e59
0000028ab51acaf9
0000028b06c51dd9
0000028b227ca3f9
0000028b53ac0b99
0000028b8b6d8e39
0000028b9021d0d9
0000028b93966af9
0000028ba3f7b2f9
0000028c684ff559
0000028cb3cc1fb9
0000028cdd618879
0000028d464167b9
0000028db0b658b9
0000028de46e60d9
0000028e20c075d9
0000028e44470679
0000028e86ac97d9
0000028f1a8f09d9
0000028f7901d8b9
000002905167b239
00000290b54142d9
000002915b9eb559
0000029163b83df9
00000291820ff3f9
00000291fc532f79
0000029246dc3479
0000029275de88d9
00000292f43fe659
0000052693de7f61
00000000023ad771
0000000000000181
0000029356b56ef9
00000293787e6579
0000029440106df9
00000294593dabf9
0000029475f05b59
000002956ddd64f9
00000295dce35ad9
00000296999c5f39
000002969af8e319
00000296afcc9199
00000296e01eab99
00000297d187f359
0000029829c98d39
000002984895aa19
00000298532012d9
00000298907610d9
000002989db54319
00000298a07de2f9
00000298adef5d99
00000299b589fa19
00000299dad4f719
00000299ef41d899
00000299f34d6359
0000029ab590a8d9
0000029b148ef1d9
0000029b3d8309f9
0000029b7ff80d59
0000029c095f29f9
0000029c15262639
0000053934492661
00000000023ad771
0000000000000181
0000029d15a0c9f9
0000029d55e08c99
0000029d6bb402b9
0000029dbb019bd9
0000029dc138cff9
0000029dd2aa8459
0000029f7062a1f9
0000029fd33d1379
0000029fdba85339
000002a00dcfcdf9
000002a0d71511b9
000002a177139b19
000002a1a91f4219
000002a1be0b6479
000002a1dbeba8d9
000002a1f9a1ac39
000002a20d153299
000002a2cfa457b9
000002a31ccfb1f9
000002a3bc68c359
000002a4e4a39019
0000054bd4b3ce61
00000000023ad771
0000000000000181
000002a6a2061559
000002a6d6593db9
000002a8b9267d39
000002a8ee142959
000002a917290e79
000002a98c7cac39
000002a9a8dabad9
000002aa8e633cd9
000002abd03d5b19
000002abe7c321b9
000002ac232523d9
000002ac25f8abd9
000002ac400a1859
000002ac5bc58099
000002ac94888ad9
000002acbf7c18d9
000002ad8da8ecf9
000002ad9f6b8d39
000002adb46af259
000002ae6d785179
000002ae8ba5b939
000002aeb7877f39
000002aebf62a899
0000055e751e7561
00000000023ad771
0000000000000181
000002af78f19f59
000002af826d19f9
000002afa9a8e699
000002afee309599
000002affebc8ab9
000002b0dd27afd9
000002b15e6ca119
000002b27266a679
000002b344d8f9b9
000002b3585147d9
000002b3bc44fd39
000002b3bccca8d9
000002b45cb43d99
000002b48815b4b9
000002b48dc52cb9
000002b4d26dbb19
000002b6848f8d19
000002b6a9648859
000002b6b55ae799
000002b6c6e604d9
000002b704b26159
000002b7200b1979
000002b72034f139
000002b7497f3b19
000002b7670b3a99
000002b76adf2b59
000002b8433f8299
000002b845d8b999
0000057115891d61
00000000023ad771
0000000000000181
000002b91295a2b9
000002ba11f13d39
000002ba2118e119
000002bc34e7efb9
000002bc8f7f47d9
000002bd4e6639d9
000002bdc06ca219
000002bdf8f2e819
000002bdfd1c03d9
000002bed1838cd9
000002bed7830919
000002beeb64e7f9
000002bf181e8eb9
000002bf38f3de99
000002bfd28cc159
000002c003e8a899
000002c0164363b9
000002c110165239
000002c12fe7f759
000002c151c699d9
00000583b5f3c461
00000000023ad771
0000000000000181
000002c24005a279
000002c24e130459
000002c2895dc239
000002c29847c2d9
000002c2c96a1d59
000002c4a325e299
000002c4a5250819
000002c4f2083019
000002c54fecb719
000002c68378dbb9
000002c6b1141e79
000002c718e08019
000002c74fdce439
000002c75a0ce6b9
000002c807d82c99
000002c82769e119
000002c85d0048b9
000002c889608039
000002c8b66ae859
000002c8e4205899
000002c90b9e6e59
000002c90c7330d9
000002c911632c39
000002c97167b319
000002c9b65c7799
00000596565e6c61
00000000023ad771
0000000000000181
000002ccceceb959
000002cd13eae479
000002cd1f5d5479
000002cd523a9e19
000002cdaf415319
000002cde988ff19
000002ce3f026d19
000002ce63073dd9
000002ce7565bb59
000002cea9164d39
000002cf1e8ce2f9
000002cfe42ea859
000002d09b60e659
000002d0d38fa799
000002d100fa2e99
000002d101360099
000002d1073e3159
000002d194c65d19
000002d1dbc0a539
000002d2b014b719
000002d31bbe70d9
000002d44299b5d9
000005a8f6c91361
00000000023ad771
0000000000000181
000002d6b3aabd59
000002d6b85e6399
000002d7c76211b9
000002d831116d19
000002d96134ca59
000002d9636d3e59
000002d981f79939
000002dacdf4d359
000002dad6237379
000002db57df79d9
000002dbcb969099
000002dbfe025879
000002dcb3589379
000002dcca02d4b9
000002dcf50d3a59
000002dd00534139
000002dd5b42dcf9
000002ddadf75f79
000005bb9733ba61
00000000023ad771
0000000000000181
000002de3d17c639
000002de71f77679
000002de783831d9
000002de86102d39
000002decf659119
000002df14504ef9
000002df459eeeb9
000002e0dd25a839
000002e157d14239
000002e1804aa479
000002e1b0860c99
000002e1d7b81e19
000002e2820da079
000002e2cdb29799
000002e3061226d9
000002e31c225e79
000002e346e8c399
000002e42e2b39f9
000002e4a5d74c99
000002e541700bf9
000002e5527f4f79
000002e57bad2679
000002e580bd6459
000002e5840d4b79
000002e626e3f2f9
000002e6e10f8679
000002e6e6e43f79
000005ce379e6161
00000000023ad771
0000000000000181
000002e773f22119
000002e93f6275d9
000002e9dd171079
000002e9fbd16c99
000002ea02ff9599
000002ea3ec0be39
000002eac86fbc19
000002eb807ac419
000002ebec35ce39
000002ec03e9ecf9
000002ec04cc2459
000002ec9d068ab9
000002ecb4f51699
000002ed9745f799
000002edd4b2db79
000002ee359f0b19
000002eefad76379
000002ef7aeb91f9
000002f015887119
000002f03c8dd9d9
000005e0d8090861
00000000023ad771
0000000000000181
000002f0ccdcbc19
000002f0e29efa59
000002f0fa3d1599
000002f11b80ba19
000002f1283fa539
000002f142acbaf9
000002f1ca0b1c39
000002f2d65afb39
000002f2da8915f9
000002f2eb9f3599
000002f36a864cb9
000002f36a865e79
000002f36d593c19
000002f397a84f59
000002f3bdd5afd9
000002f3c6714af9
000002f3ccfb61d9
000002f43628eff9
000002f477ead2f9
000002f49ed93799
000002f56b55e659
000002f5c2ab58b9
000002f5edbb38f9
000002f5fe76f719
000002f6a9b30a39
000002f6e0254119
000002f707361759
000002f70fc4bc99
000002f74bb2ecb9
000002f7b35b9a99
000002f7d6a1d559
000002f83f42fcb9
000002f8564d2ab9
000002f8ab2c9b19
000002f9157afbb9
000002f941c90ed9
000002f971bc9459
000005f37873af61
00000000023ad771
0000000000000181
000002faf5845119
000002fb256aa499
000002fb5442fd39
000002fb5d3534f9
000002fb9d0d86f9
000002fc4168ab19
000002fce2619d19
000002fcf7f5af59
000002fd4a4788d9
000002fd5f27b979
000002fdb3304339
000002fdba779d39
000002fdf2a05419
000002fe254eb2b9
000002fe42b81e39
000002fea9dbef79
000002fee48fbd79
000002ff836aa5b9
000002ffb85ebad9
000002ffd9b9a7f9
00000300943ccbf9
00000301b0a1b159
000003023ba70019
0000030259f62a99
000003029c334a59
0000060618de5661
00000000023ad771
0000000000000181
00000303903fea79
0000030396544cb9
00000303d332d099
0000030402efc419
00000304648e2ff9
00000304656c81f9
00000304cb1fb219
0000030511a3b559
000003061bf5cb99
000003063c72f519
0000030725514b79
00000308b1c33e59
0000030917039db9
0000030962a72859
00000309b44582f9
00000309ef859279
0000030a74b8dff9
0000030ab25b2959
0000030b92bd8679
0000030bb34389f9
0000030c4dee72b9
00000618b948fd61
00000000023ad771
0000000000000181
0000030c7ce61fb9
0000030cdc2950f9
0000030d28000a99
0000030df8eee399
0000030dfcfa58d9
0000030dfe095cd9
0000030e1e465819
0000030e826aad39
0000030f45935f19
0000030ff53000d9
00000310005f5339
00000310063f3599
000003106abb7c59
0000031087cce8b9
0000031125c038d9
0000031171be1519
00000311c98f3839
000003122c7f8999
00000312d8343d99
0000031437849f19
00000315899fbcf9
0000062b59b3a361
00000000023ad771
0000000000000181
00000315cb887a59
0000031617b7bc59
000003161e2c6f99
00000316aaae7579
00000316cec00779
000003172cf0cef9
0000031814caa4f9
0000031822d22bd9
000003199bb04279
00000319ceb6e399
0000031b25c98e19
0000031b2619aff9
0000031b44583879
0000031bb0b67659
0000031bd5d65b19
0000031bdbd46f79
0000031bf2d8d2f9
0000031c01c0d099
0000031cd1918cf9
0000031d3c24edf9
0000031e36f694b9
0000031e433b6e59
0000031e5076adb9
0000063dfa1e4a61
00000000023ad771
0000000000000181
0000031fb0314919
0000032078250f99
0000032105a2ffb9
00000321669bfb99
0000032222623a59
00000322379427f9
00000322e56507b9
000003236de32799
00000324615a5ab9
00000324debfe859
00000325387c7679
0000032541a7d159
00000325da0976d9
000003263bf3a0b9
00000326cb7aa359
000003282139d4b9
00000328344b1b39
000006509a88f161
00000000023ad771
0000000000000181
00000328cc98e2d9
00000328e2b074d9
00000328fbfabc19
00000329718681b9
00000329a42b65b9
00000329a6498799
00000329c09bfd19
00000329c6b3b2d9
0000032a239dc579
0000032a77046639
0000032a9f7cd439
0000032ad5782619
0000032af0632599
0000032b3c0054b9
0000032b9d83a539
0000032c17027939
0000032c409bbc79
0000032c56433ef9
0000032c9cedeaf9
0000032e882d2cd9
0000032eb6b6a359
0000032ec8c6e6f9
0000032fb9a42459
000003304eef01f9
000003317d7dffd9
000006633af39861
00000000023ad771
0000000000000181
000003321a22a9d9
0000033227c45279
0000033237060ef9
0000033256051e39
0000033345142f79
000003343c912679
00000334574223f9
00000334aa6bddb9
000003353b86c699
000003353f75e8d9
000003355dfd5b19
0000033568121419
00000336587ffbb9
00000336595ce759
00000336a7475ff9
0000033705180459
00000337c3f2e899
00000338274d12d9
0000033833be00d9
000003388b515bf9
00000338b46f8439
00000338d012dcb9
00000339346ad0f9
00000339593b5ed9
0000033994893eb9
00000339b33593d9
00000339fa867679
0000033a0cf19819
0000033ad7a5a359
00000675db5e3e61
00000000023ad771
0000000000000181
0000033b2951af39
0000033b2962a119
0000033b5a494e39
0000033b6f864039
0000033bd712c8f9
0000033be158dd39
0000033be5c1a1d9
0000033bfdd32fb9
0000033c5003fa79
0000033dcbb3ec79
0000033e27be0e39
000003401f582779
0000034033b74579
00000340ba7c5839
00000340d02e4eb9
000003410eda7659
0000034187a14819
00000341c261edb9
00000342146ce3d9
00000342940215d9
0000034312438659
000003431622c779
000003439e91b6b9
000006887bc8e561
00000000023ad771
0000000000000181
0000034553780dd9
0000034556ea4519
00000345827a9bd9
0000034619f4ea79
00000346d338eed9
000003479243ae59
00000347bd358179
00000348e3c02619
000003491f320f19
0000034940ad7059
00000349ca636079
0000034a49195e19
0000034aaa4aa219
0000034b34ec3b99
0000034b53672a19
0000034b57ecb0d9
0000034b614f3539
0000034ba60bbe19
0000034bf989e7d9
0000034c18994ed9
0000034ca98bebb9
0000034cda2e93d9
0000034d7c444df9
0000069b1c338b61
00000000023ad771
0000000000000181
0000034d9b1281f9
0000034e0735fb99
0000034ebd3e6279
0000034f6f435879
0000034f81afb199
00000350e76d05f9
0000035136eb3119
0000035246502b99
00000352cd2a7599
000003536a901af9
0000035375ffe299
00000353d82292b9
00000353fb4f2b39
0000035411a00d79
00000354dbb153f9
00000354f1117859
000003558cc7e0b9
00000355b2a4e699
00000355dca59a79
00000355eff4b259
00000356a6da5919
000006adbc9e3261
00000000023ad771
0000000000000181
00000357020788f9
0000035714001a59
00000357457cb579
000003576beb44b9
0000035789289e59
000003585ad276b9
00000358bb90bc59
000003596db08819
00000359cb165b19
0000035a2bb66e59
0000035a497e8419
0000035abc1299d9
0000035b2ba00e39
0000035b5fd3bbd9
0000035bb78d7599
0000035bdada5739
0000035c3ec769b9
0000035cc713e319
0000035ce57c1d39
0000035d22dfd139
0000035e01598919
0000035e67136eb9
0000035ead6d1379
0000035efbf30299
0000035f548e33f9
0000035f9d7ad819
0000035fc8f1f5d9
000006c05d08d861
00000000023ad771
0000000000000181
00000360a5dd6db9
00000360c24dc919
000003613adc63b9
00000361efe9c6b9
00000362f74ba479
0000036370252979
00000363bd5f04f9
000003642159c139
0000036472fb7819
000003648dca0df9
0000036490ea4559
00000364e24ae3d9
000003664e4f16d9
000003668856f759
00000366f24b7279
000003670b111d19
00000367c2aef5f9
000003683867a479
00000368a51d8099
0000036921c85b79
00000369431803b9
00000369471bb419
000003694c256b19
000006d2fd737f61
00000000023ad771
0000000000000181
0000036af42433b9
0000036b0b829919
0000036b1df62239
0000036b66dd9099
0000036bcf44e2b9
0000036c083c9619
0000036dd30c1039
0000036e5858d7d9
0000036e7853e699
0000036ea813dbb9
0000036f29c17d79
0000036f75aa8739
0000036fd4163279
00000370723dac59
000003728fbc5559
000006e59dde2561
00000000023ad771
0000000000000181
000003730934f379
0000037421b5c199
0000037473bdec79
00000374e150f0d9
0000037566ad8c19
00000376792dc619
0000037754dcce39
000003775f921b79
00000377cf412e79
00000377fb5789b9
00000378058dc899
00000378757b00b9
000003789a685519
00000379eee885b9
00000379fa79b6f9
0000037a45035939
0000037a85c614d9
0000037ac3c15559
0000037b6ef870b9
0000037b87687699
0000037bea9d3ed9
0000037bed99dc19
000006f83e48cb61
00000000023ad771
0000000000000181
0000037c44ad5a19
0000037c66c88f59
0000037c7b9cb3b9
0000037cd6a873d9
0000037d242a19d9
0000037d46102779
0000037da2ca91d9
0000037e15913259
0000037eaca40c99
0000037f13844fd9
0000037f4e018519
0000037f5706d279
000003801755f559
000003802e4f4899
000003807936e7b9
00000380a27660d9
00000380f180b259
0000038100d1a6f9
000003812f8ca6d9
000003824f6b2719
0000038302f878d9
0000038332e257b9
0000038364f2ae19
00000383e6ebea59
0000038440222bd9
00000384905b8259
00000384b3ed39f9
00000384d57bc8d9
000003850bc40419
0000070adeb37161
00000000023ad771
0000000000000181
00000385704792b9
0000038586b11479
000003858bbe77f9
00000385c44a67b9
00000385d3dbd239
00000385dceefc39
00000385e298e819
000003860247a079
000003866acb9db9
000003868d03b739
00000386c5c16f39
00000386e110d5d9
00000387b133ba39
000003888122ba19
00000388864aa599
00000388a0e58bb9
0000038903a3ba99
00000389222c96f9
000003893f13e0d9
00000389580907b9
0000038a0e5df339
0000038a5ffcd439
0000038ac6386ab9
0000038ae5a1f0d9
0000038b1b5dd439
0000038b92551ff9
0000038bdc1607b9
0000038bddc0a139
0000038c1490afb9
0000038c65325419
0000038c6cb5f2f9
0000038c882ce9d9
0000038ce11f2919
0000038d46e2d339
0000038d8af60599
0000038da2182879
0000038dc9a2ddf9
0000071d7f1e1861
00000000023ad771
0000000000000181
0000038ed64a4b19
0000038f4b1e5099
0000039015bf8a59
0000039042c09099
0000039069c06619
00000390fa0171f9
000003910c93cdd9
00000391295a35f9
000003916c571019
000003919270e379
00000391eee25b79
000003921ce0b719
00000392d6379179
00000392f2704959
0000039315f73219
000003936c6e9e39
00000393ef30d239
00000393fd1685f9
0000039441f827b9
00000394f5587839
000003956e4c9a39
0000039571328179
0000039590ef4439
000003963c24b459
00000397109ec9f9
000003972a52d359
00000397c096fef9
000007301f88be61
00000000023ad771
0000000000000181
000003986b1e6df9
00000398a18fc759
00000398a36db359
00000398f9b4cdd9
000003991f385fb9
000003996e4d2379
000003998f196079
0000039b1d951739
0000039b430da059
0000039b95f6dd99
0000039d42acfff9
0000039d4816f159
0000039d5bd177f9
0000039de3e10bf9
0000039e600d7779
0000039e97aac979
0000039eaa43f0b9
0000039eb1212659
0000039f416b5e59
0000039f717f9a59
0000039f82649919
0000039f874dbdb9
0000039f9e83f959
0000039fceee14f9
0000039fceffd439
000003a014af3f39
000003a08e005979
000003a0ee3d7659
00000742bff36461
00000000023ad771
0000000000000181
000003a19f430c99
000003a19f4344b9
000003a1ebc7b3b9
000003a22c205459
000003a28fe25739
000003a29a325e79
000003a2bc2f3e39
000003a35b633439
000003a3a417d859
000003a3ad6056f9
000003a3c8c9b459
000003a42a8dd4d9
000003a4a4169f99
000003a4fb930b79
000003a5441f8dd9
000003a5e615ecd9
000003a5efadbc39
000003a650059179
000003a65aa7dc19
000003a716c1bbd9
000003a7212b3339
000003a72d67ac59
000003a77a04a339
000003a801e2c699
000003a8352fa599
000003a843eca5b9
000003a85d980b79
000003a89443d199
000003a9079f0eb9
000003a9104c3db9
000003a93a3843f9
000003a96115b2f9
000003a9777ec779
000003a9789d7799
000003a9cb4cd719
000003a9ee4e8c99
000003aa3044fbb9
000003aa496c60f9
00000755605e0a61
00000000023ad771
0000000000000181
000003ab142b0759
000003ab5d979779
000003ac475bff19
000003ac596675f9
000003ac5bc1edd9
000003ac942f42d9
000003acc4d9edd9
000003ad32e7d9f9
000003ad49503299
000003ad97c622b9
000003ae8b6ff899
000003ae9a125cb9
000003af87db93d9
000003afbf35d4b9
000003b06b9feed9
000003b1b45a5ed9
000003b1b951bd59
000003b1f9877559
000003b20c082359
000003b27ab68419
000003b309c64a79
000003b39a4273f9
000003b3a4801659
0000076800c8b061
00000000023ad771
0000000000000181
000003b43f8f5cd9
000003b49242ead9
000003b4de51ea99
000003b4fe356979
000003b5458ac039
000003b5f0a771f9
000003b60e99dbd9
000003b74a046279
000003b805482699
000003b84ff7d9f9
000003b89f2e8bb9
000003b8e0a7f259
000003b8f22f6a59
000003b9eecce1b9
000003ba04599a79
000003baa8157df9
000003bb07035179
000003bb1a8ace79
000003bb6fad6f79
000003bbc14e2119
000003bbf002bcf9
000003bcd656f719
000003bd0ef40f79
0000077aa1335661
00000000023ad771
0000000000000181
000003be1cef1ff9
000003be20692a99
000003be2ec6b499
000003bf027f4259
000003bfa5721159
000003c02005c9f9
000003c020549bb9
000003c0803c8e59
000003c09e87cd39
000003c12ec9fe39
000003c14e465579
000003c166da5e19
000003c1820b8619
000003c1cead66d9
000003c1dfd21779
000003c20144bf59
000003c215fdc219
000003c3f3862179
000003c40ba69719
000003c57d332559
000003c620683899
000003c6760b4a99
0000078d419dfc61
00000000023ad771
0000000000000181
000003c748560e59
000003c7b8eac959
000003c7d145f839
000003c84d4c5439
000003c858891639
000003c8888c0eb9
000003c8d1b3a719
000003c9dcbe8579
000003ca49ff76b9
000003ca5cd7d699
000003cb53029bb9
000003ccf5dd2359
000003cdf951b419
000003ce1201da59
000003cf27c93839
000003cf471a9c19
000003cfb56f1239
0000079fe208a261
00000000023ad771
0000000000000181
000003cff1c94f59
000003d0054df219
000003d0c31f9a39
000003d18e04cb19
000003d255808999
000003d280f4f859
000003d2b0f5bf79
000003d318ead7f9
000003d31ee90a39
000003d3803dc859
000003d3d7a52979
000003d449279ab9
000003d4cfffefb9
000003d5ac99da59
000003d6002b90b9
000003d8482e26d9
000003d8904676b9
000003d8a8544139
000007b282734761
00000000023ad771
0000000000000181
000003d9a628a119
000003da4479b1b9
000003da4a604dd9
000003da5af31919
000003da8873a4f9
000003da8873bc39
000003da89ecb179
000003db8c26a339
000003dbd5989f39
000003dbf97dc8b9
000003dc0639e079
000003dc25394899
000003dc4f150179
000003dc546da659
000003dca0820519
000003dcbf576df9
000003ddcad20419
000003deed7647b9
000003df1bb85fb9
000003df5b056e99
000003dfc4d743b9
000003dfddafa879
000003e042c9d0b9
000003e0523b8d59
000003e07da69759
000003e08e0a1a39
000003e0a8e559d9
000003e21724eab9
000003e21c3c8519
000007c522dded61
00000000023ad771
0000000000000181
000003e336a49c59
000003e3b4c84619
000003e4240a0cf9
000003e4a904d1b9
000003e4b091a859
000003e4e9897799
000003e5361cba19
000003e57e5f5c99
000003e5fe5e9639
000003e696faf799
000003e6f824b619
000003e74df60f39
000003e768b35a39
000003e7705410f9
000003e7ac2cfb59
000003e8d00b1759
000003ea29ef9659
000003ea393a2979
000003eb7bccef99
000007d7c3489361
00000000023ad771
0000000000000181
000003ec46c57ad9
000003ec9a97b3b9
000003ecc6fad1d9
000003ecc85ef439
000003ecc8e01ad9
000003ed9c8e13d9
000003edccc94839
000003edd3332cd9
000003ee4a7fbb99
000003eeb0e4bc99
000003ef4db328f9
000003ef99c5cb59
000003efee3015f9
000003f02cf37619
000003f03a791f39
000003f06d95ee59
000003f076ba2779
000003f12b3a5c39
000003f15e9bf1d9
000003f2d7460159
000003f311a448f9
000003f42c49c919
000003f447407b79
000003f470a7d839
000003f4d509fb59
000003f4e7de66b9
000007ea63b33961
00000000023ad771
0000000000000181
000003f570e84e99
000003f5883b61b9
000003f5bfbca099
000003f5d99b5919
000003f631c964d9
000003f64e614a59
000003f6ee7d0419
000003f706542559
000003f7178c5999
000003f7e1f23779
000003f966840279
000003fa3ed36759
000003fa624484f9
000003faa7fc7219
000003fae4eb3879
000003fb4d0d6219
000003fb82e98639
000003fbe3ac9d39
000003fbe4689339
000003fbf2f95fd9
000003fc8b34c999
000003fca3e95739
000003fd32fcd2b9
000003fd449ba279
000003fe0b7753f9
000003fe0f22fad9
000007fd041dde61
00000000023ad771
0000000000000181
000003fee64dba39
000003ffa2f13fd9
00000400bdeba3d9
00000400c3e40d99
00000400dd717db9
00000400e369d1b9
00000400f8e5f519
0000040129d9ba79
00000401f39f10b9
00000402346ec2f9
000004025cd6b239
00000402a40005b9
000004034028ec39
00000403902a41f9
00000403ac0c6139
00000403db8bd399
000004045cc5a8b9
00000404b8abc099
00000404fe985b19
00000405b284c419
000004067e393b39
0000080fa4888461
00000000023ad771
0000000000000181
000004094d0e5ad9
00000409fe21e779
0000040a40bf8859
0000040a93e68cf9
0000040aa35ff199
0000040aeb16d359
0000040aecbb95f9
0000040b2ca7f5b9
0000040b435f1339
0000040cb3cb6759
0000040cc3f18739
0000040ddea3c359
0000040e3a17ec99
0000040e513bf8b9
0000040e9b5508d9
0000040f982a9c59
00000410166e16b9
000004102b197459
00000410865b2f99
0000082244f32a61
00000000023ad771
0000000000000181
00000411f8b32f19
000004121ab46619
00000412225452b9
00000412311823b9
000004127bbfb299
000004136e3b0979
0000041475c1be59
00000414b36e03b9
000004152ce7a4d9
00000415300121d9
000004155166a459
0000041626077ab9
000004164523b359
00000416e8d35079
000004172ab0a6f9
0000041737bfa0d9
0000041771093639
00000418a1ec1b39
00000419f729d8f9
0000041a420a6eb9
00000834e55dcf61
00000000023ad771
0000000000000181
0000041aad9d9df9
0000041af5430459
0000041afd766d39
0000041b150dca19
0000041b5fefee99
0000041b9f540239
0000041c5a156fd9
0000041cf10fb079
0000041d6fe1ed39
0000041dbe7ce199
0000041def519679
0000041f1c3e8e79
0000041f36e1f359
0000042007677819
0000042137c734d9
000004213b6c5d79
00000421a8b17cf9
00000421ba4ed579
0000042209fcb5f9
0000042297ce3359
00000422d2642ab9
00000423a84aff39
0000084785c87561
00000000023ad771
0000000000000181
00000424ba211b79
00000424c9cc4f39
00000424ef4025b9
0000042547d1ea39
0000042697e8aa39
00000426aa21f619
0000042743e54619
000004275db3c919
00000427a5292ad9
0000042811a7b819
000004281771fb99
0000042825a5e519
00000428903ab099
00000428ea38c2b9
000004291f16dd79
00000429f3343ff9
00000429f5a95639
0000042a0b983339
0000042a250b1f79
0000042a33050c39
0000042abaae9c39
0000042b130a9e59
0000042b1811bcd9
0000042ba360a479
0000042c788f0bd9
0000042c845386d9
0000085a26331a61
00000000023ad771
0000000000000181
0000042dbacdf3f9
0000042e08c1e5d9
0000042e81e66a39
0000042eac1717f9
0000042ee3dd0e19
0000042f48f77c39
0000042f71c88359
00000430269859b9
00000430635dd499
00000430dfc87779
000004311473cdf9
000004312c0c2db9
0000043189ec1419
00000431ec3d6639
00000431ef835bb9
00000431eff524b9
000004320af028f9
00000432110baa39
000004329b2d8459
00000432a7b767f9
00000432ef827f99
00000432f818c2f9
00000434105b8c99
000004341e21c919
00000434dfee1379
00000434f23d0339
000004352627fd79
0000043623e2c5b9
0000086cc69dc061
00000000023ad771
0000000000000181
000004369dc69199
0000043768f77bf9
000004382a4d0a39
000004383d109519
000004398ab6f8b9
0000043a4454fcd9
0000043ada03b7b9
0000043ada03c579
0000043bc83ae819
0000043cd465e4d9
0000043d2923c299
0000043e3ce8cb59
0000043e45a61a39
0000043ee3b8adb9
0000043ef95082f9
0000043f2f5c08d9
0000043f3e0cb479
0000087f67086561
00000000023ad771
0000000000000181
000004404e5e0c19
00000441055399b9
000004419eff4ed9
00000441a369bb39
00000441ad7667b9
00000441df743019
00000441f169d459
000004422ffc9f79
0000044277fbdb39
000004429cbe41d9
0000044319a96219
000004439509c7d9
0000044446355ad9
0000044452205239
000004446dc247d9
00000444cd2722b9
00000444db4a4ab9
000004458e4fe6f9
0000044667bd84d9
0000044681e134f9
00000446bac00659
0000044720c8ab79
0000044720c8b319
000004473eb8b919
0000044785abf239
00000448c2e34259
00000448e0f533f9
0000089207730b61
00000000023ad771
0000000000000181
000004491f219f59
00000449877691d9
00000449b0077439
0000044a0b03ce59
0000044a22c56539
0000044ad745d5b9
0000044b6165db99
0000044b76c11c19
0000044c8c792759
0000044cc3c59a59
0000044cc3d78a99
0000044ccf485659
0000044d84477079
0000044e024abbb9
0000044e10455a79
0000044e227577b9
0000044e82b0bbd9
0000044ec1748c79
0000044f46b84ad9
0000044f7d1a1119
0000044fafb064b9
00000450bba4d599
0000045145b23a79
0000045160796f59
000004516dc43db9
000004518892e3b9
00000451a4079bf9
000008a4a7ddb061
00000000023ad771
0000000000000181
000004528934d359
00000452a6320899
00000452bf4397b9
00000452cb1f2239
0000045308d3a439
000004534bfc1e19
000004535421fcf9
0000045382231d59
00000453dd0dca39
00000453e6e7db19
0000045400809cf9
00000454d5c2c6b9
000004555e5a4319
0000045569f9df99
000004559025a039
00000455a30e1539
00000455c9d92439
000004565aea9f39
000004573435e659
00000457415f1619
00000457ba7f5819
00000457d781b999
00000458483a8ef9
0000045872abd059
000004587afb3219
00000458c38479f9
00000458cce31959
00000458ee584959
0000045976dd5f39
000004598a6f29d9
00000459dd277a59
0000045a034534b9
0000045a36c115d9
0000045a3e4d43d9
0000045b267b5a19
0000045ba02bf1d9
000008b748485661
00000000023ad771
0000000000000181
0000045bb4ac05b9
0000045bd3b59bb9
0000045bd89d4cb9
0000045c182539b9
0000045c7ae513b9
0000045c8627b5b9
0000045c9a3d1719
0000045dd50bf9b9
0000045e18139a19
0000045e1c4f6fb9
0000045eb0edc9d9
0000045f19e77b19
0000045f56137dd9
0000045fcfe47799
0000045fe1c291b9
0000045ff9b13579
000008c062961661
00000000023ad771
0000000000000181
