[MCS8 A] 97 FW 3.104 SV 1.257 
range=1024
periods=2
sweepmode=27e20d0
fstchan=0
holdafter=0
streamstatus=3
calreg0=0
calreg1=0
calreg2=0
calreg3=0
swpreset=8000        
prena=1
syncout=0
cycles=18
sequences=1
tagbits=16
vdac0=92c
vdac1=805
vdac2=8c8
vdac3=8c8
vdac4=8c8
vdac5=8c8
vdac6=8c8
vdac7=8c8
timepreset=150.000     
digio=0
digval=0
autoinc=0 
savedata=2 
mpafmt=asc
sephead=0 
fmt=asc
smoothpts=5 
[CHN1]
REPORT-FILE from 06/25/2026 13:14:05.934  written 06/25/2026 13:14:05
cmline0=06/25/2026 13:14:05.934 
cmline1=A1
range=1024
active=1
bitshift=4
cftfak=2580100
evpreset=10          
roimin=0
roimax=1000
caloff=0.800000
calfact=12.800000
calfact2=0
calfact3=0
calunit=nsec
caluse=1 
[CHN2]
REPORT-FILE from  written 06/25/2026 13:14:05
cmline1=A2
range=1024
active=0
bitshift=4
cftfak=2580100
evpreset=10          
roimin=0
roimax=1000
caloff=0.800000
calfact=12.800000
calfact2=0
calfact3=0
calunit=nsec
caluse=1 
[CHN3]
REPORT-FILE from  written 06/25/2026 13:14:05
cmline1=A3
range=1024
active=0
bitshift=4
cftfak=2580100
evpreset=10          
roimin=0
roimax=1000
caloff=0.800000
calfact=12.800000
calfact2=0
calfact3=0
calunit=nsec
caluse=1 
[CHN4]
REPORT-FILE from  written 06/25/2026 13:14:05
cmline1=A4
range=1024
active=0
bitshift=4
cftfak=2580100
evpreset=10          
roimin=0
roimax=1000
caloff=0.800000
calfact=12.800000
calfact2=0
calfact3=0
calunit=nsec
caluse=1 
[CHN5]
REPORT-FILE from  written 06/25/2026 13:14:05
cmline1=A5
range=1024
active=0
bitshift=4
cftfak=2580100
evpreset=10          
roimin=0
roimax=1000
caloff=0.800000
calfact=12.800000
calfact2=0
calfact3=0
calunit=nsec
caluse=1 
[CHN6]
REPORT-FILE from  written 06/25/2026 13:14:05
cmline1=A6
range=1024
active=0
bitshift=4
cftfak=2580100
evpreset=10          
roimin=0
roimax=1000
caloff=0.800000
calfact=12.800000
calfact2=0
calfact3=0
calunit=nsec
caluse=1 
[CHN7]
REPORT-FILE from  written 06/25/2026 13:14:05
cmline1=A7
range=1024
active=0
bitshift=4
cftfak=2580100
evpreset=0           
roimin=0
roimax=1000
caloff=0.800000
calfact=12.800000
calfact2=0
calfact3=0
calunit=nsec
caluse=1 
[CHN8]
REPORT-FILE from  written 06/25/2026 13:14:05
cmline1=A8
range=1024
active=0
bitshift=4
cftfak=2580100
evpreset=0           
roimin=0
roimax=1000
caloff=0.800000
calfact=12.800000
calfact2=0
calfact3=0
calunit=nsec
caluse=1 
;MCS8 #97 Sversion=1.257 Fversion=3.68
time_patch=1
;datalength=8 bytes
;bit0..3: channel# 1..8 ( 4 bit)
;bit4: edge 0=up / 1=dn ( 1 bit)
;bit5 ..57: timedata    (53 bit), max sweep length 2001.6 h
;bit58..62: tag0..tag4  ( 5 bit)
;bit63:     data_lost   ( 1 bit)
[DATA]
0000000000000016
000000003026f859
000000004b030c59
0000000053b6d199
0000000058f0f559
00000000818d0c99
00000000a248ef79
0000000107d8d019
000000012843cb99
000000012bac7919
00000001baa426f9
00000001cb15f399
00000002395c1b59
000000025151b7d9
00000002bbe39859
00000002c2565d39
000000046f08ed79
000000050331d6d9
0000000563dd43f9
000000059dd2cf79
00000005e04efb39
000000060c6cc419
0000000627da34d9
000000062b0fe159
0000000658160959
0000000688b7b159
00000006e79b5ef9
000000075172d5b9
0000000821c4a959
00000008588b4d39
00000008d8ab94b9
0000000988f99079
000000099ae1ccd9
00000009da8a03d9
0000000a45024819
0000000a5f44bad9
0000000a8b3c5e59
0000000aec0c1479
0000000b1144bc99
0000000bbb81cc99
0000000bd24a5d59
0000000c1855f739
0000000c26e55079
0000000c3cb37679
0000000cf96b3ff9
0000000d64ec73f9
0000000d91bd8019
0000000dd6729539
0000000deb9554b9
0000000e7ee443b9
0000000ec9672cb9
0000000eecb49fd9
0000000f65d15a59
0000000f70e379d9
0000000f91479799
0000000fab434559
000000102e6b5e39
000000102f3ac0d9
000000215755a461
00000000024d1471
0000000000000181
00000010fa9e8619
0000001148d18f39
000000116474b479
0000001187fa4af9
000000119f4342f9
00000011a6016559
00000011c2541439
00000012aefe8dd9
000000132998eab9
0000001347ed5f79
00000013b3fea7f9
00000013ef93c179
00000014502a1a79
00000014f028d0d9
0000001560b391f9
00000015892a2c59
000000159c960ad9
00000015a524c899
00000015b0178f59
00000015fbd042f9
000000162472efd9
00000016f9c02f39
0000001709e2f779
000000176aa90119
0000001798314939
00000017beea51d9
00000017c6c94099
00000017e39ec9b9
000000184f666279
000000186db0f479
000000188de2b3b9
00000018ca8d9ab9
00000018d434cd19
000000197e265fd9
00000019e9ae7539
00000019ec3e6839
00000033f7c07261
00000000024d1471
0000000000000181
0000001a4466a3f9
0000001a82e92339
0000001b93b2b319
0000001d1d959819
0000001d6319e0b9
0000001d8975d479
0000001db36fb5b9
0000001e2fc121f9
0000001f28d4b4d9
0000001f30adb499
0000001f472745d9
0000001f59812ab9
0000001f63830079
0000001f81d6a299
0000001f89efd1f9
000000205f2f7eb9
00000020b3da8339
00000020e289ab99
0000002144e48179
0000002156e9d3d9
0000002163ef9379
00000021da599399
00000021f93ea699
000000221b442159
000000225f904f39
00000022e4cf4959
000000233c566999
00000046982b4161
00000000024d1471
0000000000000181
0000002375c77cb9
000000239e71b579
00000023a4009739
00000024b450ec39
00000024bcd905b9
00000024e8306c99
00000025297fe3b9
000000253d10e0b9
000000259c036c19
000000260596c2f9
000000261377f579
00000026150a8b79
0000002655ee75f9
0000002689649eb9
00000026ec7ab4d9
000000271f149ab9
000000286176f2f9
000000292ca3d9f9
0000002935adf859
00000029483039f9
000000297dbaa539
00000029cf478f79
0000002a34b02fb9
0000002a673c0879
0000002aba614399
0000002ae7c306d9
0000002aede660b9
0000002af6fc4619
0000002afa87d3b9
0000002b186b0df9
0000002bbdca4039
0000002bf9b09f79
0000005938960f61
00000000024d1471
0000000000000181
0000002c9fc02799
0000002ca918d8d9
0000002d206f2079
0000002d3c9ff299
0000002e17f14ad9
0000002e43d50579
0000002e9134be59
0000002ec1061b19
0000002eee0035d9
0000002eeed0b1b9
0000002f5a8a15f9
0000002fafe56619
0000002fb28eb079
0000002fd41bfab9
000000302cbdb799
0000003047f5b599
000000307c197919
000000309a36e039
00000030b22a75b9
00000030f3534119
0000003101daa519
0000003108b01b99
000000311cf9d339
00000031427b2519
000000319775f1d9
000000319eba2159
000000324972c8d9
00000032614b7b19
000000333bcf7799
00000033ec173cb9
0000003469763219
0000003489ccaa59
00000034ac857699
000000359318b419
0000006bd900dd61
00000000024d1471
0000000000000181
0000003684380f99
000000368bf68499
00000036922dbf39
000000369fa30d59
00000036a5d326b9
00000036eba9f539
00000036fa071759
000000371cadaf59
000000372de99799
0000003819c61d79
0000003847c83fd9
00000038ae3b1499
0000003952d85059
000000395716ba59
00000039922194d9
00000039c00f0139
00000039c2e0c639
00000039eef8d819
0000003a241ceb79
0000003a3a82a119
0000003a6c458f39
0000003a75b95d59
0000003a8a725a59
0000003b26c0c6f9
0000003b870f3179
0000003b98042739
0000003c12a17599
0000003ca2be7139
0000003cd03b05b9
0000003d1a39bdb9
0000003d2230a9d9
0000003d4c3ab859
0000003d96bdf179
0000003ee82fbbb9
0000003f018022f9
0000003f3336ccd9
0000007e796bac61
00000000024d1471
0000000000000181
0000003f9e28d399
000000401d1ebf79
0000004052fde099
00000040b224bfb9
00000040d3283239
00000040d45ab399
00000040d848a359
00000040d92f58b9
000000414ff60979
00000041fef8fab9
00000041ff6a4d59
0000004201de20d9
000000425c46de79
00000042e12a8cb9
000000430ca4ca59
00000043153396d9
00000043526a3139
0000004392916319
00000043e0e46c79
00000044451c8db9
00000044510dd499
00000044afcabcd9
000000458550ee99
00000045db55b5f9
00000045e275db59
0000004688e42879
000000469d66a399
000000471a610359
000000473007f519
000000473d69c3f9
00000047c1ead6d9
00000047e3f84999
00000047ffb2f339
0000004824c53a99
0000009119d67a61
00000000024d1471
0000000000000181
00000048ce526ff9
000000491e954a39
0000004956bcd359
0000004957685f39
000000497000d539
000000497d28c3f9
00000049a1002e39
00000049ee82d919
0000004b2a80f559
0000004b4fd21019
0000004b902cbc79
0000004c93e56d39
0000004d0deec559
0000004d1e4f0c19
0000004d66a04199
0000004d8b644bf9
0000004e0c0f4659
0000004e19da8099
0000004e1a63b1b9
0000004e6d2dbad9
0000004e9e6507d9
0000004ea8ce0db9
0000004ee7abbd79
0000004f19d1f3d9
0000004f82dec3d9
00000050271a9e79
000000502dc15899
00000050337e4f19
00000050acf9d0f9
00000050b3147819
00000050ee0ba2b9
000000514e9bb5d9
000000517b781679
000000a3ba414861
00000000024d1471
0000000000000181
000000522c879259
000000535acc5a79
00000054170deaf9
000000547762a159
0000005478440c59
00000054cf6fc9d9
00000054eb8e1999
00000055edcef659
00000055ee6eab79
000000561d361c19
00000056546b0d39
0000005693dbdb99
00000056a6345299
00000056bc2b4879
000000573e8531b9
00000057432399d9
000000575f82a359
000000578efd2179
00000057af8cff19
00000057f9d1c6f9
0000005832309ad9
00000058603dbe59
0000005864a26499
00000058cb981259
000000592e33b579
000000593e7e6819
0000005964bbfbd9
00000059968e3279
0000005a31428db9
0000005a8e00fff9
0000005a9ef6ba19
0000005acc02c5d9
000000b65aac1761
00000000024d1471
0000000000000181
0000005b92ef7dd9
0000005bb26810f9
0000005c316e1879
0000005c517ba7f9
0000005c62add7d9
0000005cabefd699
0000005ddb19bd99
0000005e3ac34139
0000005e5b34d6f9
0000005e5c527859
0000005e78535b59
0000005f00eaa5b9
0000005fa07f0b79
0000005fb40da3d9
0000005fcd0b5c99
0000005ff7cd62d9
000000603f476779
000000608205d999
00000062312a8f79
000000637247a059
0000006431f54499
00000064771da8b9
000000c8fb16e561
00000000024d1471
0000000000000181
000000649af803b9
0000006510c57ff9
000000652f3e1d79
0000006564d2cf19
00000065738cdeb9
00000065eba703d9
0000006640078ed9
0000006653c2cf39
000000666cddbc99
000000670c570f59
000000675b2856d9
0000006778505d79
000000677b343c79
00000067b2a38179
00000067cbb86d39
00000067cceaa159
000000681f985339
00000068339d0579
000000688373f599
000000691e9089d9
00000069ad5f93d9
00000069c007b139
00000069f82b5df9
0000006a1dc3f639
0000006a67e0a439
0000006a70735259
0000006b2164ce19
0000006b22bf1059
0000006bdd8ff8d9
0000006cfea703d9
0000006d072ef479
0000006d22270a59
0000006d9f7a9c79
000000db9b81b361
00000000024d1471
0000000000000181
0000006e1e40f199
0000006e54311f99
0000006e5c76d779
0000006e82e460d9
0000006eeaf273b9
0000006f4d8d7f79
0000006ff94fc5d9
0000007010f5a199
000000702aa1aa99
000000703238c0d9
0000007093be9259
000000714e6ce0f9
0000007196fe8e39
000000725ab0a019
0000007272dd1b19
0000007359be0af9
00000073a22a34b9
00000073bfc84ef9
000000746ba04239
000000756dac66b9
00000075ce95f359
00000075e740d419
000000767ec5c339
000000770c5f5f39
000000ee3bec8161
00000000024d1471
0000000000000181
000000773ab531d9
000000774c1f8ef9
0000007758296fb9
00000077d68b5d79
00000077fbdd71f9
00000077ff2be2b9
00000078a170ad79
000000790b2abe39
00000079411acd99
00000079420637d9
000000794d0bc6b9
000000797319e859
00000079c3c5b679
00000079ca8735f9
0000007a563df739
0000007a8b311619
0000007a91783ff9
0000007a9691e959
0000007ad5561479
0000007adf7a6559
0000007b40712099
0000007c5fc16499
0000007cd09b8ad9
0000007d7b842dd9
0000007e33079b19
0000007e51d4f679
0000007e5beeaef9
0000007ebb18c3b9
0000007ec6900559
0000007edbdc2d99
0000007f212e0c79
0000007f27c15c39
0000007f32640db9
0000007f3be960f9
0000007f4a9b55b9
0000007f927a41f9
0000007fcda207f9
0000007fd983b439
000000800f78d059
00000100dc574f61
00000000024d1471
0000000000000181
000000807de21559
0000008098fa63f9
00000080c035af99
00000080c2c11179
000000810115b5d9
00000081c9b041b9
00000081f6361ef9
00000081f8a51759
000000827eea4f99
000000834672dcf9
0000008348527459
000000836e0e8ed9
0000008396986d79
00000083cfb07519
0000008519ab79f9
00000085841e0679
00000085b7fb52b9
00000086281334f9
0000008632b63139
0000008634f24799
000000867d9bb579
0000008763fefb79
00000087f09b16d9
000000882ca42b99
0000008840bbe0b9
0000008865fb5dd9
000000887c7f0cf9
00000088c1279139
00000088d5b8ca59
0000008909036e99
00000089ba4ac059
000001137cc21d61
00000000024d1471
0000000000000181
00000089c9261839
00000089e06962d9
0000008a1fa63039
0000008a336a4b99
0000008acabb9339
0000008b138208d9
0000008b309ee379
0000008b3837b0b9
0000008b42754e59
0000008b4823a379
0000008b89af6819
0000008bde57aff9
0000008be3b4ff19
0000008bea997699
0000008c064c6039
0000008cc3ede679
0000008d67b48119
0000008dd3562579
0000008e537f5e79
0000008e8a7f9b79
0000008f1c343619
0000008f220e5f59
0000008f3c86c1f9
0000008f74ef6239
0000008faf5b7ef9
0000008fc01e65b9
000000900c1d1479
000000902cfc8c59
000000906e84c779
00000090acfff499
00000090d1177db9
00000090d45c0219
0000009131b2e7f9
000000914df170b9
0000009184238cf9
0000009247ba1b79
000000924bf75a19
000001261d2ceb61
00000000024d1471
0000000000000181
00000093d5753e99
0000009401cfc6b9
00000094166ada79
0000009440558379
00000094864b0b19
0000009493eaa7d9
00000094965f1a79
00000094c2d55639
0000009595a8e399
00000095ebf9d819
00000095ffe4baf9
000000960a920e39
00000096235730d9
0000009639c9e019
000000966b612fb9
00000096a6480819
0000009794358d59
00000097e1389ff9
0000009803d2c9b9
00000098540e9099
00000098a0c36f59
00000099272239b9
000000994a62fe39
00000099e70df919
0000009a6bb92c19
0000009b32293d39
0000009b8390e2d9
0000009b87583079
0000009b8a0b0cf9
0000009badfd8019
0000009bbd029e19
0000009bdf132d39
0000009becf779d9
0000009bfd3ef739
0000009c0d669b59
00000138bd97b961
00000000024d1471
0000000000000181
0000009c856efdb9
0000009cb65d2419
0000009ceefbf1b9
0000009d75620c19
0000009db3b022b9
0000009dd5238139
0000009e5f5a0cb9
0000009e682b0e99
0000009e7fd57939
0000009eaed57a19
0000009ec7085419
0000009ee1c3ec39
0000009f38312f79
0000009f7d371ab9
0000009f91392759
0000009ff42725f9
000000a000215779
000000a0d52f24b9
000000a0eed332d9
000000a2123c5f39
000000a2e8d38739
000000a313b669b9
000000a36b95adb9
000000a3bf1b5d19
000000a3ed99bb39
000000a435eb2119
000000a4b2fa1819
000000a52b1ef899
000000a537129d79
0000014b5e028761
00000000024d1471
0000000000000181
000000a5b39e32b9
000000a5c889f4d9
000000a5cbb76439
000000a5d27ba959
000000a5de85c759
000000a608f78039
000000a6c6f50b39
000000a6cfef41b9
000000a74486c499
000000a76ce6d1f9
000000a78bf69d19
000000a79c8f8239
000000a7ea0849f9
000000a8489e8f19
000000a85efa30d9
000000a9546cc579
000000aabb7921d9
000000aabe78d139
000000aac89107b9
000000ab592df639
000000abbf39e619
000000ac0de88cb9
000000ac17dd4019
000000ac3f8b6359
000000ac766348f9
000000acec372cd9
000000acf65c40d9
000000ad7804c319
000000ae473e0219
000000ae67b5c1f9
0000015dfe6d5561
00000000024d1471
0000000000000181
000000af32a45c79
000000afd48bca79
000000afd6e86c99
000000b001c4aa59
000000b009ea7ad9
000000b01ceca139
000000b01dc08bf9
000000b09fa7c519
000000b0fb304179
000000b1b352e819
000000b1fd7c3a79
000000b240a1acd9
000000b27c82c499
000000b2c3f9c7f9
000000b2fd8953d9
000000b364d0cc59
000000b366d77539
000000b393ddbc79
000000b3b96c7bb9
000000b430e76739
000000b52bb44479
000000b53a529099
000000b592c40319
000000b5afa886b9
000000b5c439ff79
000000b62dd2c779
000000b656f6fb19
000000b666a1e499
000000b6a403daf9
000000b6b6c413b9
000000b6b8c7ee39
000000b79a0d3c39
000000b7b39870f9
000000b8009f4fb9
000000b803dca559
000001709ed82361
00000000024d1471
0000000000000181
000000b8abea1ad9
000000b96a7050d9
000000b99f50ed99
000000b99fdbd079
000000b9d4c6e399
000000ba10e01819
000000baa26f5c59
000000babf837199
000000bb767bcad9
000000bbf02d18f9
000000bc667259b9
000000bc95328f99
000000bc9ab73e19
000000bd3ded3619
000000bd70d390f9
000000be28172319
000000be29348739
000000be56d6a919
000000be8df4b159
000000bf9f222dd9
000000bfe57fe599
000000bff7dfa739
000000c109acd239
000000c137e53c79
000000c15c1d5d99
000000c1666e1a39
000000c19208dcb9
000001833f42f161
00000000024d1471
0000000000000181
000000c1a93190f9
000000c1fd5963d9
000000c230157b59
000000c2771c4859
000000c29c85d039
000000c2a43ed259
000000c2aa12ebd9
000000c2be193fb9
000000c310e3b9d9
000000c32c871cb9
000000c3374cd159
000000c39b8fced9
000000c3efeaa1b9
000000c40c419859
000000c45f1ff779
000000c50fe5a219
000000c52d953779
000000c54358c319
000000c5520b49f9
000000c59a7cee19
000000c5effc85d9
000000c6076e96b9
000000c631d35dd9
000000c6a6795139
000000c6b94092b9
000000c6d7ef4699
000000c7528717f9
000000c80a2e2e19
000000c817c24119
000000c869cd8a59
000000c9090f1dd9
000000c90b45a019
000000c934f9ba59
000000c945986c59
000000c9e74a3bd9
000000ca752fdfb9
000000ca79cf1339
000000cabeee6b59
000000cae6cfa999
00000195dfadbf61
00000000024d1471
0000000000000181
000000caf7a442f9
000000cb02bd6279
000000cb18210019
000000cb8f73a459
000000cba74222d9
000000cbaaf5cbf9
000000cbcca754d9
000000cbd1ad9e79
000000cc7c766239
000000cd0796efd9
000000cf6dae7279
000000cf8877e599
000000cfc1fcdef9
000000d00f4f4319
000000d0e3d4f579
000000d15d10c939
000000d27d2a9bf9
000000d2a31ce159
000000d2c196b299
000000d302608dd9
000000d324457a79
000000d399749eb9
000000d39d3095d9
000000d3c521cd59
000001a880188c61
00000000024d1471
0000000000000181
000000d44ca0c499
000000d46ca1c3f9
000000d4a9f24679
000000d50f23a759
000000d5cfc746b9
000000d5dc1b9879
000000d5efeed459
000000d6112c4e19
000000d64184cc59
000000d64d0cec39
000000d671621239
000000d71b2c5059
000000d7399370b9
000000d75183ca19
000000d7d8042a79
000000d7ea454939
000000d87e109459
000000d8845a9279
000000d8d69b78b9
000000d8e5f2ccf9
000000d8ebc6b8d9
000000d8f6439119
000000d9be02b019
000000d9f29b3739
000000daf56639b9
000000db1d4edbd9
000000db7567d0d9
000000db8457a9b9
000000dc15409979
000000dc55e85eb9
000000dc8bf85519
000000dcb6e6a6b9
000000dd74658c19
000001bb20835a61
00000000024d1471
0000000000000181
000000ddd9ee7259
000000de1b833e79
000000de205f8d79
000000de8421bcb9
000000de9b22e579
000000df2a19b5b9
000000df4cafea79
000000dffed5bf99
000000e021ecdcb9
000000e0f2546439
000000e0f41d6e39
000000e11625c179
000000e14baea559
000000e213b8eff9
000000e26d62a919
000000e27aa9fab9
000000e282865bb9
000000e297ef2259
000000e2c8683fd9
000000e2ca712279
000000e306a7a0b9
000000e3918c50b9
000000e43a4f1039
000000e489629f59
000000e51b6f1859
000000e5551d0d59
000000e57dce94b9
000000e5c8d41c99
000000e5cecb26d9
000000e61e8caa19
000001cdc0ee2861
00000000024d1471
0000000000000181
000000e72d5d6199
000000e73ff94219
000000e74ba33019
000000e75b81d3b9
000000e7663d2bf9
000000e853535359
000000e8653e6b99
000000e8c4c9c619
000000e953455fb9
000000e9ddf99359
000000ea2d7be4f9
000000ea4a912db9
000000ea57a5d859
000000eacb076939
000000eb14c7bb99
000000eb1e5806d9
000000eb72218dd9
000000eb8daf8a59
000000ec0d76de99
000000ec951973b9
000000eda41d96b9
000000edafbdd839
000000ede2693499
000000ee28a2ad39
000000ee4ef69559
000000ee50b530b9
000000ee695cbc99
000000ee92f5ba39
000000ee9d0f7cd9
000000eeb76ff519
000000ef2c3954b9
000000ef67352e19
000000efd7e23df9
000001e06158f661
00000000024d1471
0000000000000181
000000f051b2c979
000000f10db8bc99
000000f13239fb99
000000f14ff7bfb9
000000f1f00ee7b9
000000f23c3bd439
000000f2875a9ad9
000000f29d975c39
000000f314391499
000000f322a5d5f9
000000f324881b19
000000f35932abd9
000000f420065bb9
000000f49ae41ef9
000000f57d914fb9
000000f5a6a5ec19
000000f5f71d5179
000000f64319a7b9
000000f644f01559
000000f697bb9df9
000000f6d7186999
000000f6f9cc0899
000000f738d0bd59
000000f7b6493ad9
000000f7c1aeaab9
000000f86f3126d9
000000f87dc0cb59
000000f88f152e19
000000f8a7dac239
000000f8ab1465b9
000000f8f6f0d159
000000f909f1e9f9
000000f94dfd07b9
000001f301c3c361
00000000024d1471
0000000000000181
000000f9aed04879
000000f9af222db9
000000f9af222f19
000000fa0b3ce759
000000fa197fc7d9
000000faa00a9139
000000fb1f867db9
000000fc1764bf79
000000fc3ed0ec79
000000fc456e77b9
000000fc5f053079
000000fcac2699b9
000000fcfc9752f9
000000fd162be559
000000fd4df0f779
000000fde9f0e219
000000fe6cc7b319
000000fe79489cf9
000000fe7f84e299
000000feaf9bac79
000000ff240a55b9
000000ff71e8dbf9
000001000f964f59
0000010038c24939
0000010043a4d719
000001014717c159
000001020acac4f9
0000010223e8cfb9
000001022799df79
00000102916a8e59
00000102a4308599
00000205a22e9161
00000000024d1471
0000000000000181
000001032d27e639
00000103c04ba459
00000103cd895a59
00000104f158bf99
0000010596002f19
00000105cd973cf9
00000105cd973db9
00000105d1751599
000001068edfed59
00000106c9893559
0000010700d65ab9
00000107088f7599
00000107b4bdcbd9
00000107c2fc41f9
0000010833a77379
0000010847fcc439
00000108d2fa9a79
00000108ee2d2c39
00000108fbe513b9
00000109692461b9
0000010992440879
00000109ee64f339
0000010a1a1fd0d9
0000010a86dfc779
0000010aae56f379
0000010b3de9d7d9
0000010b58446919
0000021842995e61
00000000024d1471
0000000000000181
0000010cce09e099
0000010cd77a1319
0000010d30914919
0000010da0ef5179
0000010dc8ddfb79
0000010dcc0e9939
0000010e0778ced9
0000010e164f7299
0000010e78f8fe19
0000010ef68dc039
0000010f12eb0779
0000010f260bbb59
0000010f71df0039
0000010f7b361af9
0000010f8aa6cf59
000001100106f1d9
0000011004f680d9
00000110886a84d9
000001109205bbd9
000001109dd4a3d9
000001114a319e79
00000111e4714c79
000001124d2ddb99
0000011256731a99
0000011257e37539
000001131b46b819
000001132d2f48d9
000001136741adb9
00000113f1782559
0000011433d06739
00000114b7675ab9
00000114eebf0e99
000001152d633c59
0000011538736e99
0000022ae3042c61
00000000024d1471
0000000000000181
000001167df8fd19
00000116ae998359
000001173aa052d9
000001174bb3fd99
0000011778c23199
000001178d12c2f9
00000117b5da9979
00000117fb900a59
000001192cafb5d9
0000011997f86259
00000119ae85c199
00000119e2284759
0000011a409d7f99
0000011a5f42c5b9
0000011ad3520ad9
0000011af4b7cbd9
0000011b819b7519
0000011ccea3ad39
0000011d01822839
0000011d308315d9
0000011d403123f9
0000011da3b7eb79
0000011df3bc7899
0000011df9f6c839
0000011e7927b259
0000023d836ef961
00000000024d1471
0000000000000181
0000011ecfe77bb9
0000011f4f5b3d59
0000011f6f92d479
0000011f985603b9
0000011f98560499
000001202ea735b9
00000120393bb1d9
0000012094ab1db9
00000120b3996939
00000120b53ab719
00000121144f54d9
000001215acb67f9
0000012183456159
00000121a8941bd9
00000121d0a9ca19
00000123a4b76799
00000123b94ad719
00000123d79e56f9
0000012522b3af99
00000126635222b9
000001267ad434f9
00000126871f4479
00000126b0d1b079
00000126cede1a19
00000126fd6e3999
0000012702700af9
000001271dac6f39
000001276a7416f9
000001277bdaf239
00000127b31a5599
00000127ce552f39
00000127f16ac019
0000025023d9c761
00000000024d1471
0000000000000181
00000128a7e117d9
0000012927542619
000001293ed08039
0000012959ad6359
000001299b7c3039
00000129ab6cd559
0000012a60a022f9
0000012a90643939
0000012ad6b3e759
0000012ae72ed639
0000012b029e92f9
0000012b99ae1c79
0000012bbac90059
0000012bd4250219
0000012be77d67d9
0000012c33db0839
0000012ce9afd279
0000012d09010f39
0000012d8d840a79
0000012d91a3a9f9
0000012dc353fe79
0000012e0581c139
0000012e1d0518b9
0000012e2328da59
0000012e2f5e9179
0000012ed7f821f9
0000012ef2817af9
0000012f9f577819
0000012ff543c9d9
00000130151e6fb9
000001302fd50059
0000013091a4ce39
00000130f6a8f119
000001313638f159
00000262c4449461
00000000024d1471
0000000000000181
0000013195ec4299
000001324507fbd9
00000132547457f9
000001325a3e3d79
0000013260417559
000001326c0f0fd9
00000132a11f7119
00000132e07687d9
00000133336ed759
0000013371959e39
00000133c83acf39
000001342c340239
00000134642f9f39
00000135338fea39
000001353a6d90f9
00000135424e1a59
00000135d20d1f59
000001364319a399
000001369b2e90b9
000001369cb68639
00000137d0d3ef79
00000138140a48b9
000001381d34d8d9
00000138237730b9
0000013854caa259
0000013882cfc1d9
00000138911e4a99
00000138c1b03939
0000013975266299
00000139ef09ddf9
0000013a63b02e99
0000027564af6261
00000000024d1471
0000000000000181
0000013ad1b95b79
0000013bd9757359
0000013ca83c3ab9
0000013cae3423b9
0000013cdc859c99
0000013cf30bdc19
0000013d2584bcb9
0000013d41c6aaf9
0000013d632e1b39
0000013d90f825b9
0000013db220efd9
0000013dbaf88fb9
0000013ea60bc0f9
0000013ed90c5fb9
0000013f0f785b19
0000013f107cebb9
0000013f51517759
0000013f5c017959
00000140880c3a79
0000014188642c79
00000141e45622b9
00000141f013b839
000001429d1189b9
00000142a401def9
00000142c3e154b9
000001430b548b19
000001433b724379
000001436fcafff9
00000143db06abb9
00000143de3fd4d9
00000143fff60e79
00000288051a2f61
00000000024d1471
0000000000000181
0000014480383939
0000014485a82879
00000144c7130539
00000144cc132bd9
00000144cddb4a79
000001458d0a7f39
000001459425a679
00000145cde59479
00000145d07d73b9
000001462f216999
00000146a3c01299
000001471959a779
000001479748f299
0000014842c29799
00000148929e6019
00000148aaf3ce59
00000148e47a19d9
00000148e4e3ec99
000001497b5482f9
000001497cf257d9
00000149d31c0499
0000014a29380a19
0000014a4052c1d9
0000014a4a7553f9
0000014a9fb2dab9
0000014abd02e7d9
0000014b11f599b9
0000014b4fa0a5d9
0000014bd1e2b159
0000014c56f0e339
0000014ce6a8be99
0000014d0b4c0119
0000014d10ef59b9
0000014d28bd9699
0000029aa584fd61
00000000024d1471
0000000000000181
0000014d6690bc19
0000014d8c5cdff9
0000014d994710b9
0000014de3706a99
0000014df649ced9
0000014e1f621679
0000014e6d995fd9
0000014eb2cfb799
0000014eb3805519
0000014ec1f3a419
0000014eef5c6139
0000014ef3384179
0000014f9d0983f9
0000015053c89fb9
000001507f92d5d9
00000150a5386299
00000150e1035d79
00000150fd6602f9
000001510d57f979
0000015274137cf9
00000152a0191db9
0000015302b03199
0000015364475c39
00000153686f87b9
00000153de32be39
00000153f42d6839
00000154ab3a9099
00000154ea162cf9
000001551035a5b9
00000155266c8c59
0000015547389ad9
00000155b9fb9e99
000002ad45efca61
00000000024d1471
0000000000000181
00000156f0959099
000001570b713d59
000001570c66f059
000001573f2ddf19
0000015754c5b3f9
00000158910ac7b9
000001598e0b4b59
0000015a31844959
0000015a38427cb9
0000015b769d7599
0000015b8a5dc379
0000015c1d832a79
0000015c3af2fa59
0000015c610b5539
0000015cb0b2ae59
0000015cd7272db9
0000015d20695199
0000015d2db16479
0000015d80c3f459
0000015dabf4a899
0000015dce1319d9
0000015e1ddb0799
0000015e5790a9d9
0000015e5d5c66d9
0000015ee0a6b779
0000015eeebc0299
0000015f59a2b539
0000015fca1187f9
000002bfe65a9761
00000000024d1471
0000000000000181
0000015ffeb5ee59
000001608286f639
00000160b60f27d9
00000160cddd59f9
00000160cff5b8b9
0000016130265439
000001619bb2d4b9
00000161a4d7abd9
00000161fb005079
0000016254c74599
000001627294e0b9
00000162ae609f19
000001635b040739
00000163655b38f9
00000163b0e81279
000001640bc92d39
0000016434172f39
00000164d8f95e19
0000016596f4f459
0000016600136a79
00000166d7b08979
00000167e85a8c59
00000167f860f6b9
000001683efdd339
0000016904f3b159
0000016941df22d9
000002d286c56461
00000000024d1471
0000000000000181
0000016947721a99
000001697245de79
00000169bca02079
00000169f5185959
0000016a247f84f9
0000016a37b14079
0000016acbd155d9
0000016b2b4b2019
0000016ba787ffd9
0000016bb8c05f59
0000016ca9f49799
0000016d12217919
0000016d2e441cd9
0000016d7e4759b9
0000016dc0336679
0000016df3d66c79
0000016e2fcab979
0000016ede558e19
0000016f01daa219
0000016f1a8bd1b9
0000016fa5b1e3d9
0000016fd8f80019
0000016ffc1d5d19
000001700e3fd4f9
0000017011b6c859
000001704b47a859
0000017065967599
000001706f309299
00000170c3c72199
00000171d3aabff9
00000171e45e9ff9
00000171e48bee99
0000017214326ab9
00000172462cac19
0000017268b57639
000002e527303261
00000000024d1471
0000000000000181
00000172a4e08dd9
00000172a90fc2d9
0000017314e335b9
000001731d8bd119
000001738a180579
00000173efd4ba19
000001743e3f3f39
00000174bae9dbd9
00000174f1583539
000001751ca69899
0000017554252959
00000175685b8e99
00000175dbf2cf99
00000177dddd0fd9
00000177dfefa4d9
000001781a4a79d9
000001782dbedb99
0000017849f6ecd9
00000178c1c4e4f9
00000178df6a6c19
000001793b1bb999
0000017960a63799
00000179c8d271b9
00000179e7b956b9
0000017a1a250ad9
0000017a757a98d9
0000017a8fde1ed9
0000017a9177a939
0000017af559bd59
0000017afc8cdf79
0000017b3020b8f9
0000017b4c27c9d9
0000017b5dd42119
0000017b699ceaf9
0000017b750d6779
000002f7c79aff61
00000000024d1471
0000000000000181
0000017c72e100b9
0000017c9eba3a39
0000017d3c70dfd9
0000017d5884cc99
0000017d6830a5b9
0000017d977f7039
0000017d984d8939
0000017e45426db9
0000017eaafd3c39
0000017f0d354739
0000017f4d6f1ab9
0000017f7f608dd9
0000017f964efd19
0000017fd997e9d9
0000017ff19acd39
0000018017f0c7b9
000001801c0cb2f9
0000018062cb4519
00000180e6a31fb9
000001815f03f579
000001817af348d9
0000018181c332b9
0000018190c78ff9
00000181a2dc5739
00000181a421fe79
00000181a7e6b619
00000181c98fd639
000001822ac66499
0000018247c87cb9
0000018262c43c99
000001826383f0b9
000001827e3e8499
00000182a8c4e959
000001833b5e6b79
0000018386ed5f79
000001839eeda459
00000183c4713159
00000183fa9ee8d9
0000018403355239
00000184a962edb9
0000018509f33d99
000001851f5fdf59
00000185229df3d9
0000030a6805cc61
00000000024d1471
0000000000000181
0000018627524b39
0000018681458a99
00000186d2424c59
0000018740c52899
00000187b38fc5d9
0000018879cdd2d9
00000188b74831b9
00000188e4c7a4b9
000001892e56ca19
00000189709be0f9
00000189b1a919b9
0000018aac0b15d9
0000018ab10969f9
0000018acb477559
0000018b0ce04bb9
0000018b2455dbd9
0000018b9e4331f9
0000018bb40d7039
0000018bc6327ef9
0000018bc8bf5539
0000018c098995b9
0000018c4114e8f9
0000018cf540b239
0000018d23b38199
0000018d4c054ed9
0000018ddbb4f699
0000018de15deb19
0000018e097368d9
0000018e53ffd579
0000018e67f2f899
0000031d08709961
00000000024d1471
0000000000000181
0000018ec0c1daf9
0000018f1b409619
0000018f8d1e7b59
000001905b5393b9
00000190bb4b5579
00000190d029d099
000001910a46ee79
0000019142b09879
000001915342df19
000001915c5d4db9
0000019185f632b9
00000191db815059
00000192006a6679
000001922b8c1a59
00000193642a1d99
000001936adebfb9
000001936adec059
000001939d94ed39
000001939de2af99
00000193dfc75a39
00000193f1ca2ed9
00000193f293d819
00000194111e7bb9
0000019418be3c19
0000019428908759
00000194ace84cd9
0000019507c9f1d9
0000019533d96ff9
00000196919cf539
00000196e566dbb9
0000032fa8db6661
00000000024d1471
0000000000000181
00000197e2c06659
00000197f038c039
0000019807166c19
00000198157b3c19
0000019826313d79
00000198449bfcb9
00000198ad9f9f79
00000198d0ca07f9
00000198d24e8059
000001993f556979
000001997ef48919
0000019985626f59
0000019a92a35459
0000019af96ebf59
0000019be907b9f9
0000019c387e19b9
0000019c549fb5d9
0000019d6ea82999
0000019d7b75d479
0000019d890f7df9
0000019da7c532b9
0000019df47a71b9
0000019e01194059
0000019e081dda39
0000019e159a9379
0000019e4946b999
0000019f903b89b9
0000019fd781b419
000001a0682d7f99
000001a069032359
000001a08a7db279
0000034249463361
00000000024d1471
0000000000000181
000001a13b061899
000001a189baee99
000001a1b028e3d9
000001a1f10c7099
000001a1f74c2759
000001a23f8c0359
000001a2464eb559
000001a26cf8bb19
000001a28eda8259
000001a2aef4e879
000001a2cf928759
000001a3144e8c79
000001a3e14b4cb9
000001a41abec419
000001a6baefc099
000001a6d491f939
000001a8626c7c79
000001a916a155d9
000001a9241d87d9
000001a9c0e25cf9
000001a9fdedd2b9
000001aa6e77cb19
00000354e9b10061
00000000024d1471
0000000000000181
000001aa7a9ff079
000001aa8c59a359
000001aab8befff9
000001aafd7cf819
000001ab13b353d9
000001ab25ac8539
000001ab817e8f99
000001abf7156839
000001ac5bc5c4d9
000001ac807b4d39
000001acfed57a19
000001ae033da899
000001ae08e15779
000001ae42329499
000001ae535fe1d9
000001ae9059f679
000001aea69c0a19
000001aed7e5a239
000001af838f44f9
000001af884370d9
000001afc4546579
000001b03740bc39
000001b0ad1f56b9
000001b118888959
000001b1782b0a99
000001b2d5194d19
000001b31ee4d1b9
000001b356423bd9
000001b3ae0213f9
000003678a1bcd61
00000000024d1471
0000000000000181
000001b4680d3ab9
000001b47f4f5f79
000001b4e419ddd9
000001b564c20d19
000001b5669f0799
000001b587fe8479
000001b656f274d9
000001b68a82fe99
000001b6dff11159
000001b6f49b3cd9
000001b765975899
000001b76a339bd9
000001b797d84739
000001b79995c399
000001b864774a59
000001b8651bf399
000001b866fc8059
000001b873d0d139
000001b8759efc59
000001b8e29ca339
000001b91e77b319
000001b94028fef9
000001b952da2759
000001b99de222d9
000001b9b55f3ef9
000001ba13e834b9
000001ba6f34f3d9
000001ba880a3719
000001baff112699
000001bb095d56b9
000001bb48b71cf9
000001bb5aaf4519
000001bbcec661b9
000001bc1ec41d99
000001bc764644f9
000001bc7f2bbd19
0000037a2a869a61
00000000024d1471
0000000000000181
000001bd60a6e2b9
000001bda7c31d39
000001bdfb866579
000001bed385b479
000001bedc99abb9
000001bfa12f1a99
000001bfc80b1759
000001bfdc770579
000001bfead46439
000001c012b75a79
000001c02512e299
000001c062240979
000001c06573a5b9
000001c0faac7639
000001c15ece7239
000001c17b26ed79
000001c18e25a6f9
000001c1a3597a59
000001c200834a59
000001c2939f54f9
000001c29a60d379
000001c318536979
000001c351622219
000001c359a94e99
000001c369d65119
000001c398e4a459
000001c415352b99
000001c4a44ab4b9
000001c4be2732b9
000001c4c1c857d9
000001c50a527559
000001c530f57c59
000001c550714399
000001c571dbcdb9
000001c5d9042e59
000001c5e03ad019
000001c5ec415d39
000001c618649599
000001c653f1df19
000001c657c76d59
0000038ccaf16761
00000000024d1471
0000000000000181
000001c696d7ed39
000001c6af842a39
000001c70b57d259
000001c70deb5399
000001c735087b59
000001c75eb21ff9
000001c76695c859
000001c76de22d79
000001c7ca20d5d9
000001c7e465cab9
000001c7ff979559
000001c835698759
000001c8565eef79
000001c88a524e99
000001c895645979
000001c8cb83ef79
000001c8e87e5b39
000001c90d788999
000001ca50982a59
000001ca99238099
000001caa71f17f9
000001caac8b1f99
000001cb7954eed9
000001cb87b679f9
000001cbc06e2199
000001cbcc8b8f39
000001cbdf4db899
000001cbf367c159
000001cc7818b4f9
000001cc80ed8b59
000001ccadb38a79
000001ccce3b8f59
000001cd1e576f19
000001cd4efe9479
000001cd8fc7a3b9
000001cdb7090b59
000001cf48252399
000001cf57510239
000001cf7136a1d9
000001cf8bde75b9
000001cfa23d5959
000001cfaa7bcd79
0000039f6b5c3461
00000000024d1471
0000000000000181
000001cfbc7bed39
000001cfbc7bfe99
000001d00e6881d9
000001d0ad3d1af9
000001d15a61f159
000001d175946f99
000001d18b6bf7b9
000001d1ec695519
000001d2216a6c59
000001d25e2cb179
000001d2836a42f9
000001d2843e2db9
000001d2b92c7379
000001d308633259
000001d33e2b2739
000001d3ee962939
000001d40c65f239
000001d450754759
000001d46a0d0879
000001d4aee32719
000001d4c26d2d99
000001d4f5375199
000001d55f63efd9
000001d581ad8df9
000001d5947530d9
000001d59ac5cd19
000001d5f6d1fb19
000001d7117cf639
000001d765cb4e79
000001d781176bb9
000001d7c315c239
000001d8aa648059
000001d8dd3eae99
000003b20bc70161
00000000024d1471
0000000000000181
000001d982ada2d9
000001dacfcce1d9
000001db1f555fd9
000001dbd07b4ef9
000001dbf143f5b9
000001dc45bdf819
000001dcf1e043f9
000001dcfd6a94f9
000001dd22d54179
000001dd9c150019
000001dda138def9
000001ddca7b7359
000001ddf8837d39
000001de59389579
000001de8c48df19
000001de9c0ec019
000001dea9744bd9
000001deb4b88e79
000001dec0eef739
000001def1cff179
000001dfbb27f5f9
000001e0a92ef799
000001e0b52bfdb9
000001e102f1d879
000001e103d00019
000001e12557c6b9
000003c4ac31ce61
00000000024d1471
0000000000000181
000001e33d781119
000001e3497793b9
000001e3a26d98d9
000001e3a801b599
000001e3c5cb6cb9
000001e3e233e799
000001e3f4321979
000001e406db12f9
000001e452d9cd19
000001e524233319
000001e53aacc979
000001e55a811439
000001e59133acf9
000001e5976b95b9
000001e5cd4a6399
000001e63ca256d9
000001e6833afad9
000001e6d8c71919
000001e70ed8bf59
000001e72833cf19
000001e73fe75499
000001e7752da5b9
000001e788d86999
000001e7b28c1d79
000001e7b7243919
000001e8770bf9f9
000001e8cdc7f6f9
000001e8d3cce499
000001e960265db9
000001e9912f6839
000001e99cc48559
000001e9c6693839
000001e9f404c5b9
000001eaab58ad59
000001eab4839e19
000001eb928d0ff9
000003d74c9c9b61
00000000024d1471
0000000000000181
000001ec52a5c1f9
000001ed3be67839
000001ed65844e79
000001ed7013e8b9
000001ee294e5779
000001ee69ab6019
000001ee826893b9
000001ee938006d9
000001eedaded459
000001eeddb1b939
000001eee21b6919
000001ef36c21c99
000001f00d13f1d9
000001f07ba94c39
000001f0978c8fb9
000001f09fab0099
000001f0f1a6eaf9
000001f128ea5c99
000001f14ba2fd39
000001f15bf55019
000001f15ceb9739
000001f1bb4d1f79
000001f1cfc84af9
000001f22c64fcf9
000001f25e388579
000001f27ccfb439
000001f29de50eb9
000001f2a94d1279
000001f2b18e2df9
000001f31af423b9
000001f36dff7d99
000001f38fbb3d19
000001f3c01e66d9
000001f40bd794f9
000003e9ed076861
00000000024d1471
0000000000000181
000001f5098e2279
000001f5822d7f79
000001f5c518d039
000001f5dd0a9c79
000001f60c1c37f9
000001f68b93fdf9
000001f6eb539b99
000001f6f96d0759
000001f6fb7415b9
000001f700b8f5b9
000001f731469899
000001f82d965ab9
000001f87e91ef59
000001f8ab130ab9
000001f8f2e90e99
000001f9904a5bf9
000001f9f96c1539
000001fa2a229a99
000001fa2f985a59
000001fa3c4e3099
000001fa98eeab99
000001fac9732139
000001faffbc6699
000001fb66d88399
000001fbc7b8d119
000001fbe65eb7b9
000001fc079d93d9
000001fc98e9dc79
000001fd1a324fb9
000001fd209cac19
000001fdb7d71d59
000001fde260a399
000001fdf312a0d9
000001fe0b9bd6b9
000001fe3b3b3399
000001fe4551aa79
000003fc8d723561
00000000024d1471
0000000000000181
000001fe9e033079
000001fec4a023d9
000001ff6e64f239
000001fffd89d619
000001fffe9b08d9
0000020001706ef9
000002009d8ca279
00000200e42a0239
000002010b53b5d9
000002010ffaa599
000002014a19a479
00000201525fbef9
000002019610b439
00000201da619d79
00000202494bd499
000002026274fd79
00000202f1650a39
0000020362ad0c19
0000020398f3af99
00000204403dc4b9
00000204d2e35e59
00000204e44a84f9
00000204efed97b9
0000020523906779
0000020523b886d9
0000020553c7e1d9
00000205b217c5f9
00000205c9db1119
00000205dd4e7a39
0000020660e51599
0000020696974939
00000206cc146fd9
00000206efcc2019
00000206f2684cd9
0000020724ee15d9
000002076c770cb9
0000040f2ddd0261
00000000024d1471
0000000000000181
00000207d57e0e99
00000207eb424479
00000207fbc8d079
000002085206f559
00000208e3974179
0000020900fb1159
000002093ebc4819
0000020945448779
000002096d869d39
0000020980a00c59
00000209a6844399
0000020ad5c81579
0000020b106e7999
0000020b45496679
0000020b83b527b9
0000020b92270ed9
0000020b934eda39
0000020bab59f6b9
0000020bdc37e5d9
0000020bdc83a839
0000020bdc88c879
0000020bef06faf9
0000020d5f903839
0000020d67606cf9
0000020d81dd5879
0000020e18fbf979
0000020e50177d19
0000020e7b8a2fb9
0000020ea56342f9
0000020f65920c79
0000020f7106a359
0000020fa051de39
0000020fe151cd39
00000210801f47b9
00000421ce47cf61
00000000024d1471
0000000000000181
00000210ef614339
0000021154fd12f9
00000211fed48d19
00000212261c07d9
000002123fcb6df9
000002134e53df39
0000021416ef3659
000002146258d5d9
00000214cb5ac559
0000021572a6bf99
00000215d8e09d99
000002169e587479
000002169ec63f39
00000216ca692819
00000216f1b02179
000002175acfa379
00000217c65ce599
00000217dc2b8fd9
00000218524f0b79
0000021867580d19
000002192d7a5439
000002194200de39
000002194ed24f79
0000021956bf35f9
00000219eba8a299
00000219ebc5ec39
000004346eb29c61
00000000024d1471
0000000000000181
0000021a38bd2af9
0000021ab6c80b39
0000021abbb8c119
0000021b064e2379
0000021bba3897f9
0000021bdaaf6ed9
0000021be3f1c9b9
0000021c27102819
0000021c34309cf9
0000021c90d86959
0000021ca90c7599
0000021d549ebbf9
0000021ddee1b099
0000021de0c8e099
0000021de897c7b9
0000021e84f20a99
0000021f1ba3ea19
0000021f61976d59
0000021f8b8e8b59
0000021feeed4579
0000021ffde6bad9
000002200ff168d9
00000220a9aae919
0000022165a8ca59
00000221697ea779
000002223fec7819
00000222767fdd79
00000222e8cb30f9
00000222ee020b39
00000222f3d5db79
00000222f86b89f9
0000022324d5e879
000002233a187819
000002233b08b7f9
000004470f1d6961
00000000024d1471
0000000000000181
000002239377db19
00000223db143f99
00000223eb421c39
0000022417a81db9
00000224adfb5539
000002253960c579
00000225b1ab73d9
0000022637912159
000002263e3e5599
000002265b69e179
0000022685e2c5d9
00000226d0ed4f19
00000226faafdc99
0000022733ffde59
000002274bfc2439
000002292c94a139
0000022949f9f279
000002298e5fb7f9
0000022997d39fb9
0000022a27954779
0000022a950615d9
0000022b0411bbf9
0000022b204fb8b9
0000022b21f0d5f9
0000022b4000bb59
0000022b784b67b9
0000022b839e6259
0000022bc9b7c2f9
0000022be55a3bd9
0000022c047a82b9
0000022c6469ab39
00000459af883661
00000000024d1471
0000000000000181
0000022d10207799
0000022da92451b9
0000022de758bc99
0000022e57b192b9
0000022e9dead899
0000022ecd6eba59
0000022ef1c6f519
0000022f3f5dea59
0000022f3f795b99
0000022f918db5b9
0000022fa8b37359
000002301821b099
00000230e94b3b59
000002313a6eebf9
0000023140f64999
00000231a2a1de19
00000231cb5279f9
00000232a178a9f9
00000232f9b8f1b9
000002337d628039
0000023392a73ad9
00000233e88a9db9
00000233fff76999
0000023406ebac19
0000023430af3af9
0000023432447659
000002343fd54dd9
0000023440e31fd9
000002358172c299
00000235ff5a1119
0000046c4ff30361
00000000024d1471
0000000000000181
000002364459c479
0000023676e566b9
00000236945b8599
000002369f6cb8b9
0000023738670c39
00000237e4a3cfd9
000002385fcdbad9
00000238cd5fe679
00000238d7b61199
000002392e7ae059
00000239362334b9
000002395dc63939
00000239865bd019
00000239872c52d9
00000239e4402199
0000023a0c770979
0000023a29c08839
0000023ab04dd339
0000023b82b72df9
0000023b835d1299
0000023c872a3e39
0000023c88afeb19
0000023cd68466d9
0000023d43ed4c99
0000023d58a898d9
0000023d5c3c2579
0000023dc9d84dd9
0000023df6a7d199
0000023e16fdead9
0000023e532b9819
0000023e6c7ca0d9
0000023e95579d39
0000023eeadacfb9
0000023f06d91c59
0000023f2226fe79
0000047ef05dd061
00000000024d1471
0000000000000181
0000023fafd760b9
0000023fc221a679
0000023fc43d5ff9
0000024022df6d59
0000024056ba3b19
0000024090768639
000002409535edb9
00000240ff85f179
000002416167bff9
00000241640bcc39
00000241857b1ed9
00000242537c9199
00000242539f9fd9
00000242e247c1f9
0000024314a2a2b9
0000024360c9f2b9
00000243fcb41819
0000024490474199
00000244a70d2639
00000245e93a53b9
00000245ea9cec19
000002464dbb5899
00000246664327f9
0000024702fce939
00000247aab9eed9
0000024870084959
000002487d0bdef9
0000049190c89c61
00000000024d1471
0000000000000181
00000248dae23bb9
00000248e63f0d39
0000024909870d99
000002491231ae59
000002492cf0b559
000002495e74f2b9
00000249a446a919
00000249d98cb8d9
00000249f9d27a59
0000024a4d048359
0000024adf594259
0000024b20176c59
0000024b40fb96b9
0000024b5fd827b9
0000024bece3dd99
0000024bf18cb099
0000024c64c5e519
0000024c678d6559
0000024c9a9902d9
0000024d3e082d39
0000024d424f0439
0000024d64003739
0000024d68318ab9
0000024dd09d0379
0000024e2c097719
0000024e5f9b0d59
0000024e93bfc4d9
0000024ec4d87259
0000024eff960ff9
0000024f281b7339
0000024f56f6def9
0000024ffaccdc59
000002502446f999
00000250d7477139
000002515aa7a499
00000251bf0af599
0000025204347499
0000025206070279
000004a431336961
00000000024d1471
0000000000000181
0000025228b8ec39
000002527b015939
000002528197e479
000002533733c599
000002533c0da219
0000025379604df9
000002538caf4f79
00000253b12cc339
00000253bac76319
00000253ef260579
0000025443045019
00000254498b0a59
0000025475da32b9
0000025496deb7b9
00000254b04fb8d9
00000254c5315e99
0000025505279f19
000002553553ea39
0000025559422479
000002559179ec59
0000025669c6ec39
000002569313bdf9
00000256de43b6d9
000002572f0db679
000002572f9cfd59
0000025787716399
0000025832d93fd9
000002589c4f2299
00000258ad8f2ed9
00000258de270a59
00000258e75326b9
00000259245b8c39
0000025996119539
000002599c1fe179
00000259a37ec859
00000259edc29659
0000025a660510b9
0000025a84d7dbd9
0000025aa2ea6dd9
0000025ab8e14c59
0000025aba9bfa19
0000025abb695399
0000025ae4328419
0000025b20f40ef9
0000025b40af3cf9
000004b6d19e3661
00000000024d1471
0000000000000181
0000025b89d0a679
0000025c1608bef9
0000025c2d7730b9
0000025c71ae3499
0000025c929dd6b9
0000025cf0392cb9
0000025d5bc138b9
0000025d8dc34bf9
0000025dad8fd719
0000025dcd9c7399
0000025df7cfc379
0000025ed5cda939
0000025eeeb804f9
0000025f63c8f739
0000025f89b4b6d9
0000025fdf614d79
0000025fec948bf9
000002610454dc99
000002611999ccb9
00000261a8164e59
00000261c1942fd9
00000261d39aa139
00000261e64cfad9
00000261ea5afe59
00000261f42c4679
000002627cacfd59
000002631200d939
000002639d818019
00000263d6d60599
00000263fac43899
0000026480322519
000004c972090361
00000000024d1471
0000000000000181
00000265226d2bf9
000002652e699b79
0000026530d63df9
00000265a6f1e859
00000265c09ea759
00000265c8436719
00000265e6f97fb9
0000026648a4ead9
00000266542a5719
000002665ec3d5b9
00000266afe3d419
000002670ba2abb9
0000026736c850d9
00000267dc846999
0000026858384af9
000002688dbd93d9
00000268ce5fed79
00000268e1795d59
00000268eede9bd9
0000026964399f39
00000269a7b1d399
00000269b2dd7159
00000269be5c7c19
0000026ad6de1939
0000026adffec4d9
0000026b04161339
0000026ba19c2f39
0000026bbba15e19
0000026c3e59a5b9
0000026c5bf944d9
0000026df9055059
0000026dfdd38b19
000004dc1273d061
00000000024d1471
0000000000000181
0000026e7234d459
0000026eb3036859
0000026ee4621b79
0000026ef6f668b9
0000026f5b29a019
0000026f99c3cf39
0000026fa693c019
0000026fb6369719
00000270cee1e279
00000270dcecba79
000002712f9ccf79
00000271421aeef9
000002714894b259
000002718316fd59
00000271902c79d9
00000271d5df9479
00000273080f76f9
00000273549825f9
0000027373b6bbd9
00000273c3886bd9
0000027458b0c5b9
000002748ae10eb9
00000274b018ad79
00000274dedcdbd9
00000275bffcf299
00000276eb6e43d9
000004eeb2de9c61
00000000024d1471
0000000000000181
000002776ebc8f39
0000027793513a99
00000277988bb499
00000277b4f656b9
0000027868399959
00000278890681b9
00000278dbac7699
00000279628a2f39
00000279d5204c79
00000279f53dcd19
0000027acc40b4b9
0000027ae085bcd9
0000027b33386979
0000027b8803dd59
0000027bc28f3b99
0000027bdd7f73b9
0000027d05768479
0000027dc31bce99
0000027dc71b5bf9
0000027e2f6975b9
0000027e66d2a399
0000027ebfb9d719
0000027fb65ebf59
00000280058dc7d9
0000028048288499
0000050153496961
00000000024d1471
0000000000000181
00000280b8be3b39
00000281d3c7c0f9
00000281d6074d59
0000028238fb7539
000002823a31b879
0000028255fd6ed9
000002825f2497d9
00000282b0710559
0000028308edb659
000002839d2fa239
00000283bafb5ff9
00000284591a1979
00000284bf5e1019
00000284cd1daf59
0000028592fecab9
00000285a7f3c079
00000285c0a8a019
00000285ee0f1999
00000285f8ad98b9
0000028689790359
00000286c5b2b9b9
00000286d650a159
0000028710fd2119
0000028757f8e919
00000287ca42e079
00000287e3b14d59
0000028840957179
0000028873e7a8f9
0000028899874bd9
000002899ffd44f9
00000513f3b43661
00000000024d1471
0000000000000181
0000028a136ec439
0000028a267c1079
0000028a8976e959
0000028a9846ed19
0000028b1b2ce279
0000028b8a77ce39
0000028bb9162519
0000028bc28edc39
0000028c14e2aa59
0000028c2d443f39
0000028c8d987af9
0000028ce43c4079
0000028dd8a983b9
0000028e20b0d8f9
0000028eb3d8df79
0000028efaa174d9
0000028f40c2d539
0000028fdac6d119
000002907cfbf7d9
0000029133510399
000002913c582c79
00000291dcc36139
0000029209189459
0000029213c9df79
000002921c380159
00000292389d7df9
000002927e15e5d9
00000292d0399119
00000292f938d0f9
000002930e85ee39
00000526941f0361
00000000024d1471
0000000000000181
000002937c73e419
000002938f04f719
00000294aebe6fb9
00000294d8ff66f9
00000294de914999
000002952005dd79
0000029529861019
0000029587985a79
0000029598a4da39
00000295b0ee1fb9
00000295da378a59
00000295dcae2019
00000295edec3019
00000295ff10dc39
000002961a63c059
000002964d72c679
000002969d4b5299
00000296ad91c739
00000296ad91c7f9
00000296de9085b9
00000297390f4359
0000029763d60099
00000297801cc859
000002979075d6d9
00000297fd2b5b39
0000029806a21b79
000002985bb61d59
0000029875db6b39
000002999eaf6bf9
0000029a096e5b39
0000029a9e5bb419
0000029ac17be759
0000029ad9404799
0000029ae62344f9
0000029b486f4659
0000029b5f9a3299
0000029b96982699
0000029ba34aaad9
0000029c28d72e79
0000029c5a774299
000005393489cf61
00000000024d1471
0000000000000181
0000029cab4b3fd9
0000029cc21113d9
0000029d29e97079
0000029d51edb459
0000029d66f2b099
0000029d6b2782f9
0000029dd642f6d9
0000029ddcf783f9
0000029dea4c1cf9
0000029efd6ad859
0000029f680489b9
0000029f993800b9
0000029ff7a54c19
000002a017144ed9
000002a037960939
000002a068787ab9
000002a0d5775819
000002a0e2c4aaf9
000002a0ea17c419
000002a108aaf579
000002a1b33b1e39
000002a1b3b1fff9
000002a1e071bfb9
000002a1e2980639
000002a21475d519
000002a219d27fb9
000002a2338e07f9
000002a24a3f38b9
000002a2683a6b99
000002a37a24cf59
000002a39c01c779
000002a3caeec8b9
000002a40cfa2999
000002a4dcab4319
000002a4e4e1ee19
000002a4f8824999
0000054bd4f49c61
00000000024d1471
0000000000000181
000002a63e4c8d99
000002a67b2b6759
000002a67e545cf9
000002a692662b99
000002a6af1ddd19
000002a6c36aff59
000002a73e5b2b19
000002a77143d0d9
000002a7725485d9
000002a7d3a7e8b9
000002a80dd1ab99
000002a81eb71b19
000002a829d7f5d9
000002a8861ceed9
000002a8d098d2f9
000002a91ce57679
000002a926d60359
000002a92a680e19
000002a9b094ee59
000002a9f3698f19
000002aa03af9c59
000002aa203f3419
000002aa4bd5f659
000002aa6459acd9
000002aa828594f9
000002aacafc76b9
000002ab0e00e099
000002ab458fa259
000002abfb1d4fd9
000002ac92116bb9
000002aca1dbf0b9
000002acd7e62cd9
000002acfba01cd9
000002ad45c649f9
000002ad69823559
000002ad8c292bf9
000002ae5564dc39
000002ae6d5a0299
000002ae913fca59
000002aed8d3c159
000002af0ae8d7f9
000002af3520d819
0000055e755f6961
00000000024d1471
0000000000000181
000002af4537eb79
000002afa3b6c9b9
000002afcd45ec19
000002b0079db2b9
000002b01c83fdd9
000002b02e04da59
000002b08c7248f9
000002b0f134fc39
000002b17bf00bb9
000002b25ca298d9
000002b26bf4e899
000002b2b051fc39
000002b2c4dc2e19
000002b2d32e3759
000002b36ead56b9
000002b38cfefd19
000002b40442d6d9
000002b4b93a2919
000002b5513919d9
000002b5b4245779
000002b5e7717699
000002b5f36ec439
000002b624a2f4d9
000002b66b6dbd99
000002b6dcc648d9
000002b6f5636c39
000002b768d3d179
000002b7c7094539
000002b80f2298f9
000002b8310232f9
0000057115ca3661
00000000024d1471
0000000000000181
000002b8f03f5939
000002b90b9d1f19
000002b919ecdc39
000002b9a8c05259
000002ba02131f19
000002ba7c85fab9
000002ba928dcef9
000002bb0bf0bcd9
000002bbfeccf719
000002bc2d4816d9
000002bcbce3a519
000002bd92c66539
000002be348d1c59
000002be6073bfb9
000002be94d8fcb9
000002bf0f9c9559
000002bf336463b9
000002bf450f3179
000002bf8481eb59
000002c0044d19b9
000002c0558f87b9
000002c0cd677379
000002c0e3485659
000002c16658ba79
000002c16edba4d9
000002c17506c859
000002c18f211759
000002c18f211819
000002c18fab94d9
000002c1c70da819
00000583b6350261
00000000024d1471
0000000000000181
000002c209254559
000002c243b856d9
000002c2630fa0f9
000002c268d0a779
000002c28495d5f9
000002c2fa100339
000002c36e56b0f9
000002c441e88cf9
000002c47c44fc39
000002c486327359
000002c4a6d25139
000002c4e69a2819
000002c4f97e7b39
000002c5541b26f9
000002c575568119
000002c5fc7d60b9
000002c6337f8a39
000002c71b931c99
000002c7f0507d59
000002c89d9850d9
000002c94cef8b19
000002c95859a519
000002c95ec0f579
000002c967d7a459
000002c9c1e1bb19
000002ca02b39df9
000002ca4bd207f9
000002ca4d3fdb99
000002ca5bc67ab9
000002caf9c294f9
00000596569fcf61
00000000024d1471
0000000000000181
000002cb2edc0079
000002cb47286d59
000002cbb0b42179
000002cbf42db3d9
000002cc6b2758d9
000002cc99b587f9
000002cc9dca4659
000002ccc5b772d9
000002cd5ad4dd19
000002cd7542c159
000002cd773468b9
000002cda921b5d9
000002cdbe8aff99
000002cdeb6a8ed9
000002cdf22c0479
000002ce0b83fd19
000002ce230a7299
000002ce724649b9
000002ce81d0b2f9
000002cea9bcb599
000002cec40a3b39
000002cf03ba3019
000002cf1991e299
000002cf428adaf9
000002cf459d6e19
000002cfc3f8c639
000002cfcad6b219
000002d01af587d9
000002d05486c939
000002d08e42ea59
000002d120add699
000002d147041759
000002d15106ef59
000002d17a12d2d9
000002d18e6a9e79
000002d1b685dd99
000002d1be506019
000002d1e4837479
000002d2481e5e59
000002d27f13c5d9
000002d29445f759
000002d33e2b5259
000002d391c1cf19
000002d3953af819
000002d3ebacb059
000002d42e445979
000005a8f70a9b61
00000000024d1471
0000000000000181
000002d4d1a7b779
000002d516764299
000002d555d6f399
000002d5655e0019
000002d61716b7d9
000002d6a2316139
000002d6c8d52459
000002d71bdb3399
000002d797d77eb9
000002d8135800b9
000002d8206b9259
000002d8508b6bf9
000002d89e50f919
000002d8a14dbe59
000002d91a0bc559
000002d9345667b9
000002d99b60cd19
000002d9ba56d779
000002d9ed213819
000002da16a06319
000002da39a562d9
000002dac5b4b019
000002dbac899b79
000002dbbb02e439
000002dc95e6ae99
000002dcde85db19
000002ddca5f7e59
000005bb97756861
00000000024d1471
0000000000000181
000002dde0355af9
000002de309ea439
000002de3a3a0a39
000002de4d0c92f9
000002df12d33b79
000002df2e9c6439
000002dfbc3c2db9
000002e02451ced9
000002e0e4870779
000002e173c09459
000002e2189b4939
000002e22ccd11b9
000002e2c09da299
000002e2f8d70e39
000002e301d81db9
000002e36ca155d9
000002e3deaf2899
000002e41ea32dd9
000002e42b6cfe79
000002e471455819
000002e4e8e2da79
000002e4f4b727b9
000002e6a12a22f9
000002e6e92317f9
000002e718503ef9
000005ce37e03561
00000000024d1471
0000000000000181
000002e726477db9
000002e7366597b9
000002e7975623d9
000002e7bb15a719
000002e7c30773b9
000002e7cd86abd9
000002e7eee37479
000002e844677059
000002e8632ec839
000002e8a68fd499
000002e96a7b90b9
000002e9b8c4ff99
000002ea04890379
000002ea1bed7dd9
000002ea56158d99
000002eab37a9639
000002eb3ab947f9
000002eb4f1758d9
000002eb83c28e59
000002ebfdbfd019
000002ec231c0599
000002ec8cbfaa79
000002ec986c0f79
000002ec9a1d2db9
000002ececa09c79
000002ed3272ba19
000002ed42695cb9
000002ed44856299
000002ed4ca42ad9
000002edb51fec79
000002edd0542559
000002ee436ae899
000002eeb0d3b3d9
000002eec0affa79
000002ef5c131799
000002f047899639
000005e0d84b0161
00000000024d1471
0000000000000181
000002f096743099
000002f096744a79
000002f0ece4b319
000002f1044a1099
000002f13682dd79
000002f160e52d59
000002f16cbb98b9
000002f195d0c799
000002f1b04fce99
000002f1b48c6ad9
000002f1cfe55879
000002f1dc8a2919
000002f24bf48bb9
000002f2cfd90899
000002f2d110b6d9
000002f3150f1bb9
000002f36804c039
000002f36de122d9
000002f3cbe2aad9
000002f3fdb9ad19
000002f4377dbfd9
000002f43a2e76f9
000002f4c9d2cab9
000002f530426ef9
000002f531225039
000002f5ae6a8799
000002f5ba1c5399
000002f60c1e7ab9
000002f641b6deb9
000002f7b4761ff9
000002f7d4811a39
000002f8248c7ad9
000002f82fea9799
000002f85bd81479
000002f8a887ccf9
000002f8afcd0b59
000002f8b9905d59
000002f8bf14f379
000002f8d4312b99
000002f8e4530979
000002f900746719
000002f95be766f9
000002f97309fb19
000002f973e20dd9
000005f378b5ce61
00000000024d1471
0000000000000181
000002fa116bdf99
000002fa5371d919
000002fb4e3bdfb9
000002fb70e5b759
000002fc1f7108d9
000002fc27f27c39
000002fcb97c28f9
000002fcc1bf7c59
000002fcd6dcde19
000002fd74ec7759
000002fd7844b879
000002fd9d839cd9
000002fda00a7999
000002fdee9fed39
000002fe0c83e379
000002ff29b59459
000002ff6de78ed9
000002ff7ef50c19
000002ffed5dc7f9
0000030090baed59
0000030091e45639
00000300ca703b59
00000301408d95f9
0000030202b9f4f9
0000030237510a79
00000302ba6ff159
00000302eb95df79
0000060619209a61
00000000024d1471
0000000000000181
000003032a17d079
0000030336c765d9
00000303a8945979
00000305006fdfd9
000003051481e819
000003052f048a39
00000305352e8579
0000030556f96cf9
0000030623c29e19
000003067c157ab9
00000306b48b8b19
00000306e155e319
000003071e61a059
000003076ef2feb9
000003079c8ca679
00000307a6a60999
00000307bb9a89d9
00000307c3a1e839
00000307ce9b2499
00000307d8d70db9
000003085a75e819
00000308a25f74d9
000003093857af79
00000309acf61819
00000309c75e0b99
00000309dbc19c19
00000309fe9d5ad9
0000030a35cfa9d9
0000030ac15c1a99
00000618b98b6761
00000000024d1471
0000000000000181
0000030cf7a569b9
0000030da85e4b39
0000030dd995fa39
0000030deb354659
0000030df5df5639
0000030e1b4881f9
0000030e222532f9
0000030e9042f019
0000030ec4bd9159
0000030ef74ae719
0000030f293e7579
0000030f8515deb9
0000030ff4126799
000003101c08cf99
000003107829d039
00000310904a7b19
00000310cb124339
0000031138af7f39
0000031197e6c999
00000311c839db39
00000312289d6599
000003122a087b39
0000031288b4ae59
00000312c56aea79
000003132e86f799
0000031371757af9
00000313781f3279
00000313ba8ee999
0000031433e7c5b9
0000031448ba18f9
0000031553b90bb9
0000031568f3d479
0000031595faccb9
0000062b59f63361
00000000024d1471
0000000000000181
00000315ad0b6239
00000315b05c44d9
000003170857a059
00000317086862b9
00000317353143b9
0000031873ca4199
00000318d5b3cd99
000003194c6b4019
0000031976f1aad9
0000031a0bfe39d9
0000031a22f3cbf9
0000031a71e9a8d9
0000031a91873a39
0000031ab8b38919
0000031ae35f4ef9
0000031b4571bff9
0000031b80182f19
0000031bbb2fd779
0000031bea0eb679
0000031bedb46c19
0000031c84ef77f9
0000031c90aa4879
0000031c929ef7b9
0000031cb3c07059
0000031cddd62a59
0000031d210c9af9
0000031d3a9ad1f9
0000031d966e3519
0000031db109b599
0000031e05bf44b9
0000031e0faa5df9
0000031e7d902ef9
0000063dfa610061
00000000024d1471
0000000000000181
0000031f13bda799
0000031f4bc64bb9
0000031f5a934df9
0000031fa6b0d099
00000320182b1a99
0000032045091139
00000320715b6ed9
00000321c21b16b9
000003220ccd2eb9
00000323be4b8879
000003245376de19
000003245f572f19
00000324a92e7979
00000324b28c5419
00000324ebcfcd59
00000325063ba359
0000032578564439
000003259a97acf9
00000325a11a20d9
0000032605821e79
000003265057c3f9
0000032679a34299
000003268710dff9
000003268bbed959
0000032727213e39
0000032795e35bb9
000003279eca7bd9
00000327fc388d59
00000327fe11e159
000003280cee3499
0000032813478239
000003281a68bc59
000006509acbcc61
00000000024d1471
0000000000000181
00000328967dff19
000003289fc20079
000003290a98a119
000003294ee07c99
0000032966892f59
00000329e8138559
0000032ab3a0b779
0000032af60b5959
0000032b7f095059
0000032baccfaa99
0000032c274fa8f9
0000032c364054f9
0000032c70e0b259
0000032c98e7d8d9
0000032ca479f5f9
0000032ce49f64b9
0000032ce8dae9f9
0000032d0e6bd0b9
0000032da892f9b9
0000032df21c1d19
0000032e51460139
0000032eff840199
0000032f04096599
0000032f38b05d99
0000032faca3b239
0000032fb1d4ad39
0000032fc6cf46d9
000003301ef5d739
000003302f215d99
000003306de6a799
000003309ab05959
00000330cdd6ffd9
000006633b369961
00000000024d1471
0000000000000181
00000331e7235e19
000003325ba4d759
000003329bd0d1f9
00000332c84946b9
000003337b17c3b9
0000033401cdb699
0000033460b90fb9
00000334858c6879
000003348b613cf9
00000334af305e79
00000334cca9fff9
00000335542f5579
000003357d6bbc39
00000335e65ec3f9
00000335efbe35b9
0000033680705219
00000336b24f7a59
00000336c0e2b0f9
00000336f5f68019
00000337464aeb99
000003374dc33e39
00000337fd12c539
0000033843114659
00000338910443f9
00000339b33cb999
00000339d7fd3a19
0000033a442c3fb9
0000033a5eb88d79
0000033a6a2b5f79
0000033ab450c4b9
0000033ab8aa4899
0000033ad9e5a559
00000675dba16561
00000000024d1471
0000000000000181
0000033b2f6e14f9
0000033ba6f48099
0000033bdc9d7059
0000033c34813f19
0000033c382d4cd9
0000033c5a5b0559
0000033d8dcc5d79
0000033de14e6519
0000033e60738299
0000033e7af6b5b9
0000033e84e90c99
0000033ec95b4979
0000033f0f343c79
0000033fb691ded9
0000033fc0dfac79
0000033fc51e9c79
000003401ca5d459
0000034073cdbab9
000003407fa44b99
000003408aecf799
000003408e1c5239
00000340a88f72d9
00000341ef0386f9
00000341efea8a79
00000342424f3779
00000342c608efb9
00000342dcf72699
00000342e255e3d9
0000034335c37239
000003435858c519
0000034363fea8b9
00000343aa529159
00000343ac1716d9
00000343cf7e2fb9
000006887c0c3261
00000000024d1471
0000000000000181
000003444c653599
000003449c30acf9
00000344d0bc8699
00000345120dd5d9
0000034524015739
0000034557e343d9
000003458ffff2f9
00000345e47ace19
00000346961dde39
00000346aa7de399
00000346c939c999
000003473b58ef39
0000034855edaa79
0000034880a3df19
00000348ab153ad9
00000348e465a819
00000348e5afd719
00000348fabf5b59
00000349119ccad9
000003491fe09399
000003498f54f6f9
00000349c0fcd9d9
0000034a310c3cb9
0000034a3790d119
0000034aae61e899
0000034af2615fd9
0000034b0674f019
0000034b3ca92099
0000034b65b14879
0000034b80e41ff9
0000034b81e99a99
0000034bb6501f79
0000034bcaa77dd9
0000034c4ec9a9d9
0000034c662e6b39
0000034c66354139
0000034c9c79c659
0000034cbc992d39
0000034cfbd52719
0000034cfcca5899
0000034d0fe655b9
0000034d8a3369f9
0000069b1c76fe61
00000000024d1471
0000000000000181
0000034da1d660f9
0000034e553f6859
0000034e901a7d79
0000034eb2ebc319
0000034efdcdce79
0000034f081e2b79
0000034f20165419
0000034fb7ef2e39
0000035009949999
00000350331e2d19
000003503ac78d39
00000350540ce699
00000350a4d91739
0000035142fb0b19
00000351cb63b059
00000351dfe5c139
00000352bb73c879
0000035303276c59
000003542138e819
000003542ba4d579
000003543f70ead9
00000354c17c7d79
00000354cbe9b739
000003551296bf19
000003553a002b19
00000355fbcc1179
000003563ecdfbb9
0000035664b8db19
000003566ae7af39
0000035688941459
0000035691e8d399
00000356a6553019
00000356ade88c19
00000356b903e0d9
000006adbce1ca61
00000000024d1471
0000000000000181
00000357261c6439
0000035774b12f79
00000357e5b6d899
000003581d794a39
00000358926b44d9
00000358a28161b9
00000358b3807199
00000358d6aad2f9
00000359164163d9
000003593c4d22b9
000003593e26f579
00000359a97b6139
00000359b3a477d9
0000035abd5cced9
0000035ad3f16799
0000035ad4c54e79
0000035b18322959
0000035b2fd915d9
0000035b7c2139f9
0000035bd7ff86d9
0000035bdcafd659
0000035c71e289f9
0000035c8f4a5279
0000035cf05f6c59
0000035d0c1e1f59
0000035d35b3bcd9
0000035d64de7619
0000035d8238b0f9
0000035d8438d3d9
0000035dcb2a49d9
0000035de936cd79
0000035e60e98e39
0000035ef275f2f9
0000035fe0519839
0000035ffabf6c39
0000035ffc4797b9
000006c05d4c9761
00000000024d1471
0000000000000181
0000036051b0cc59
00000360543586d9
0000036056beefd9
000003606bc9a739
000003608843d599
000003609a910019
00000360eac3e7d9
0000036156828b79
0000036159c612d9
00000361926271d9
00000361f6d65839
00000362006c6bb9
00000362195e3299
0000036263858e79
00000362a7fbe079
00000362ce820279
0000036332fdcbb9
00000363762eb259
000003637d2ac739
00000363a715c619
00000363ed453979
00000364056452d9
000003647afad459
00000364ae6efef9
00000364f0ed0619
000003654501b359
0000036572b0bfb9
00000365a18e7819
00000365bc7f7219
00000365c18538b9
00000365c255b719
00000367da01e219
0000036834a50fd9
0000036850185b59
000003685d053079
0000036896935699
00000368baef02f9
00000368f55cf7b9
000003692005c459
000003696619e439
000006d2fdb76361
00000000024d1471
0000000000000181
000003699183bb19
0000036a57e81179
0000036a716a8599
0000036b36337fd9
0000036b466d6db9
0000036b578cb879
0000036bcefab859
0000036beb00ebb9
0000036c33cadab9
0000036c751c6d79
0000036cad819179
0000036d71604439
0000036dcfff84f9
0000036f688cb939
000003700f018db9
0000037024503ef9
00000370694c76b9
0000037076f7d159
00000370b4569039
000003712ac2a8f9
00000371617f9619
000003716f8b9d39
00000371cbe91399
00000371edad5899
000003721b1c3599
0000037281368539
00000372bbb787b9
000006e59e222f61
00000000024d1471
0000000000000181
00000372d6127c79
00000372da738379
00000373a9fa32b9
0000037421eb15d9
000003748804c039
00000374c36b0a59
000003750c2802f9
000003751a9f6cb9
00000375733d2af9
0000037576c281d9
0000037605804fb9
000003762e462719
000003765228c5f9
00000376a2c25c99
000003771f9bf4b9
0000037734326539
000003775d08d219
0000037791d236b9
000003779cf97c39
00000377a3081059
00000377c2340e19
00000377f4ec9b99
00000378047cae19
000003784e20a8f9
00000378a8e60b39
0000037902d93499
00000379569afc19
00000379669ab999
00000379e6051119
0000037a092edb19
0000037a7d0bf0b9
0000037a8ef00859
0000037b38a7f539
0000037bf2346e39
0000037c1443bbf9
000006f83e8cfc61
00000000024d1471
0000000000000181
0000037c318c0bd9
0000037cb24420b9
0000037cbd55cb79
0000037cc9d9a299
0000037ce0b5f599
0000037ce6ad75f9
0000037d1f7b3cb9
0000037d24bca779
0000037d82eeb159
0000037ddc1bb079
0000037dfb6cb879
0000037e37922059
0000037f6e6775d9
0000037f80bb7619
0000037fcafc3519
0000037fd3326e99
00000380784f9799
00000380c8e537b9
0000038124e9b3d9
0000038136f1b3b9
000003818de6f959
00000381cfa47339
00000381d8d7ced9
000003822b0200b9
00000382dd006d99
00000383198a7e59
0000038345947cb9
0000038352e9cdb9
000003835cb2ed39
000003836a1df139
00000384cffe3859
00000384d0be43b9
00000385175ccbb9
00000385369d1319
0000038547c1b5d9
000003856e2918d9
0000070adef7c861
00000000024d1471
0000000000000181
00000385ac8d4539
00000385ba7267b9
00000386ebd47499
00000386fa28cab9
0000038705b26ab9
000003870682e679
000003870c86a2b9
0000038742bb9f59
000003877366fb39
00000387941a7079
00000387b9aa3fd9
00000387e6adcd39
0000038841c820d9
0000038847639319
00000388857f63b9
00000388984bdf39
000003893cc96079
0000038965019bb9
00000389d8e8c499
0000038a79f772d9
0000038ac89e1979
0000038b1b627e59
0000038b31275399
0000038bcfd8b099
0000038c12a6df59
0000038c1ee7df39
0000038c9f2f8fd9
0000038ccab09679
0000038cf8c6e779
0000038d0bbef2d9
0000038d10cd3ab9
0000038d2f01fc39
0000038d5b40ef39
0000038e8832dfb9
0000038e8a63a319
0000038eb8ad58b9
0000071d7f629461
00000000024d1471
0000000000000181
0000038ee2960399
0000038f1d693ed9
000003901f2ee059
0000039028761f99
000003903f984e79
00000390ac0cd7d9
000003919509fad9
000003923db2d739
0000039262248019
0000039289442519
00000392921ad079
00000392d5313639
0000039364379a19
000003937c970eb9
0000039393791699
00000393bfcfed59
00000393edcec9b9
00000394398ba5f9
000003947afc99d9
000003949cae3119
00000394c4d47599
0000039521a60039
00000395448c1b59
000003954dfe3199
00000395cff0d699
000003962f756f39
0000039657e69019
0000039659261259
0000039697a45939
00000396d94d9f99
0000039718049db9
000003971c7a8bf9
0000039745208659
00000397736b5a99
00000397f54470b9
0000039806646759
000007301fcd6161
00000000024d1471
0000000000000181
0000039847fa0ff9
00000398a475aa19
00000399c7b64739
00000399f22090d9
0000039adf493579
0000039ae9c08ab9
0000039b5bcc39d9
0000039bae4eae79
0000039c3c906299
0000039c8446d839
0000039c89a73539
0000039cb48851b9
0000039d69f866f9
0000039dbf9ff7d9
0000039ee2fe60b9
0000039f79ce3cf9
0000039ffbb58159
00000742c0382d61
00000000024d1471
0000000000000181
000003a26b80af59
000003a2877430b9
000003a2bb7d9af9
000003a2cd52c9b9
000003a32157fe59
000003a364609b79
000003a36cb71f19
000003a378869499
000003a395f84e59
000003a3a2dd9759
000003a3b46f2db9
000003a4c1add199
000003a529eb0d59
000003a554cbe699
000003a64d929f19
000003a6b795c939
000003a81b60ac99
000003a823e76f39
000003a8b5bbe079
000003a8e8808279
000003a8fba06ad9
000003a94b0d6119
000003a98047c159
000003a99f417ff9
000003a9d9a6e119
000003a9edd84899
000003aa1bc38719
000003aa37519c99
000003aa5d2e3339
000003aa6146e159
000003aa6f1c35d9
0000075560a2f961
00000000024d1471
0000000000000181
000003aacee52359
000003aadb4345d9
000003ab1fd5dd19
000003ab3ab30ff9
000003ab69210179
000003abbd3d77f9
000003ac1e30eb19
000003aca148eef9
000003acf9b3a859
000003ad0b974899
000003ad7e6c8db9
000003ae5b986d99
000003aeed5e0659
000003afa6a39299
000003b0cedba139
000003b127ba3299
000003b127e09dd9
000003b2084a12d9
000003b215458cd9
000003b22e0ffb39
000003b2b1ea0e79
000003b37c2436f9
00000768010dc561
00000000024d1471
0000000000000181
000003b438f52279
000003b4d44aa199
000003b501599539
000003b77a38a4f9
000003b77e9f99b9
000003b78ef43799
000003b7b425e259
000003b81bcf35d9
000003b8bb9ddbf9
000003b8ce6f3799
000003b8ea95fbf9
000003b91222ae79
000003b920964699
000003b9627b7239
000003b9dbbacdb9
000003b9feef8959
000003ba69c45ed9
000003ba978f50f9
000003babbdaa5f9
000003bad6341d79
000003bb25b3ed19
000003bb2a8c40b9
000003bb2fc43ab9
000003bb561e6f39
000003bbafc8e179
000003bc2b10bef9
000003bd31afed79
0000077aa1789161
00000000024d1471
0000000000000181
000003bd59a8c779
000003bdb8798239
000003bde59c74b9
000003be0a2a52f9
000003be60eca179
000003be6579f519
000003be77129d79
000003bf44df0c59
000003bf60d0e799
000003bfa94289d9
000003c01f4356b9
000003c063269679
000003c0f579ccf9
000003c16949baf9
000003c1eef5e1b9
000003c2130533f9
000003c249f019d9
000003c2bbd77c79
000003c32ca5d1f9
000003c3d2822f39
000003c3f1a886d9
000003c448e5daf9
000003c46e180b59
000003c4dc5d3699
000003c5621d1759
000003c61a995819
000003c68fded059
000003c695157739
0000078d41e35e61
00000000024d1471
0000000000000181
000003c6ae482019
000003c6b8d4d5d9
000003c6f2aa9679
000003c72f0f4cf9
000003c78971f959
000003c79ec44379
000003c818f0b4f9
000003c89b1feb59
000003c9748fa819
000003c9874a0019
000003c9cd451fb9
000003ca9a0230b9
000003caa2468899
000003cae2eacdd9
000003caf508cc99
000003cb76156db9
000003cb84728a19
000003cb8e411099
000003cb93a56959
000003cbc447bd39
000003cbf732ee99
000003cc36a3ec79
000003cc4a20fab9
000003cc560812d9
000003cc5e033dd9
000003cc96983299
000003cc9c447d59
000003cc9d7e5739
000003cd0a0d2179
000003cdf10959f9
000003ce4b8a5039
000003ce7b2b1959
000003cf16e36dd9
000003cf2a5ad6f9
000003cf3987b6f9
000003cf7480b979
000003cf842aa279
000003cf8aa7ba39
000003cfaf4b78d9
0000079fe24e2a61
00000000024d1471
0000000000000181
000003cffba345d9
000003d044bc23d9
000003d0bd50c9d9
000003d0c8355259
000003d1002dea39
000003d1469535b9
000003d16b252619
000003d187489c19
000003d1cb838eb9
000003d229efa819
000003d25586a459
000003d2586bf559
000003d27d88a579
000003d2ae1e30d9
000003d36a10adf9
000003d3dc7baf99
000003d419d17eb9
000003d44c1dbdf9
000003d46a995bd9
000003d535cb0a99
000003d53afeb339
000003d56cb46cd9
000003d589acce19
000003d58b1f6b39
000003d5d97451d9
000003d5f8e731d9
000003d6a2f28ef9
000003d6b5e4a2f9
000003d6de4350b9
000003d70eb20739
000003d7a8fe3bb9
000003d7c238f019
000003d7e4ae7e39
000003d8773fcdb9
000003d8e51f02f9
000007b282b8f661
00000000024d1471
0000000000000181
000003d980e33a79
000003d981d660d9
000003d983078f39
000003d98893ead9
000003d9f10d2cd9
000003da92e825d9
000003daac347a19
000003db0e4df379
000003db75bfcad9
000003db83a7a839
000003dba1ec4579
000003dbf7fd9ff9
000003dc0fd8c099
000003dc66cfcf39
000003dcd59742b9
000003dcf3c71219
000003ddaaf6cd99
000003ddfb2201d9
000003de6372a679
000003dea946c459
000003dedd0cb2f9
000003dee1da3579
000003df04a595d9
000003df064d6b19
000003df39442f59
000003df428d6779
000003df471c6459
000003df71d07699
000003df77453ef9
000003df90d4fe39
000003e0180234f9
000003e12bb239f9
000003e17ae38979
000003e1b4473cf9
000003e223eb1b99
000007c52323c261
00000000024d1471
0000000000000181
000003e31ed27ad9
000003e3ee9472d9
000003e4241a93d9
000003e518216339
000003e531bd0cf9
000003e53c45cd59
000003e543822db9
000003e5736f9a39
000003e581e45c99
000003e591ac9a39
000003e5a9f90e39
000003e5b4c0a819
000003e6941f6939
000003e6ac8cde59
000003e6dbd59bd9
000003e70a714639
000003e7e3136219
000003e7fcd7b2d9
000003e85f98fb39
000003e8e4be25d9
000003e8faa96d79
000003e931b154b9
000003e957e970d9
000003e96815f059
000003e982998159
000003e9979dc639
000003e9e16454d9
000003ea9845da19
000003ea999ca339
000003ebb2b1b8b9
000003ebc7789bd9
000007d7c38e8e61
00000000024d1471
0000000000000181
000003ecab641939
000003ed77b68c59
000003edf35fff59
000003ee005c69b9
000003eeb2b8fcd9
000003eeedd986b9
000003ef16a0fb59
000003ef83c49279
000003f0ab8d07d9
000003f0d1e3fd99
000003f0dab103d9
000003f1d96f7199
000003f213c4cd59
000003f2ab6e6bd9
000003f2ec34fb99
000003f2edd65419
000003f310b51279
000003f405a506b9
000003f49dc6da99
000003f4b33bf799
000003f4e63fb2f9
000003f50f41ce79
000007ea63f95b61
00000000024d1471
0000000000000181
000003f54c851cf9
000003f55384cef9
000003f65eec0279
000003f6a3ca0bd9
000003f6a3ca0c79
000003f71a1be499
000003f77e416119
000003f7cafbdeb9
000003f7e3a14879
000003f8b16e2b79
000003f946ace3d9
000003f973456139
000003f9f98992d9
000003fa11729dd9
000003fa149792d9
000003fa3b1c5879
000003fad77165d9
000003fb7eb52b99
000003fb9599e0d9
000003fb9aab01f9
000003fbae59a439
000003fc199b4319
000003fc61044619
000003fc6bb407b9
000003fc89f53c79
000003fca7307099
000003fcb0a331b9
000003fcbfaf1dd9
000003fd66cd1e39
000003fd91ed1fd9
000003fd986f4959
000003fda2292df9
000003fdb90f6ed9
000007fd04642761
00000000024d1471
0000000000000181
000003ff1a3d6e59
000003ff4160f719
000003ffcc5082b9
000003ffd83406b9
000003ffdf0d5699
0000040007f61fb9
0000040042077579
000004009f3e4639
00000400d014bef9
00000400ec8706f9
00000401327b0199
0000040192554819
0000040193eaf019
00000401b55401b9
00000401c47f8879
00000401d920f6f9
000004029c39a7b9
00000402f023adb9
000004031284e0b9
000004038070b499
000004040ce0a399
00000404621b1d19
00000404664f58f9
00000404d76c86b9
0000040510d58659
000004052fb3aa39
00000405b28ef959
0000040602ec75d9
000004064b97ccd9
000004066025a9f9
00000406e4dd4f39
000004076129b3d9
000004076a2f4d79
000004076fc08879
0000040790ea60b9
0000080fa4cef361
00000000024d1471
0000000000000181
00000407f151d6f9
000004080fbccc99
000004083c8451f9
000004091c29a9b9
000004091ca4c419
00000409e55250d9
0000040a2745be39
0000040a6ee76bb9
0000040a89bca359
0000040ae7ba7739
0000040af8d69bf9
0000040afc5f4159
0000040b49f5b8b9
0000040b7ac1ab39
0000040b88eb2e99
0000040ba86cb839
0000040bdd312439
0000040c09e40079
0000040c1b8921d9
0000040c629dd939
0000040d21248739
0000040dadd9d539
0000040e6906f139
0000040ec9047f39
0000040f86148c39
0000040facd826b9
0000040feed7a239
0000041001ac6b39
0000041058b9e5d9
00000410a8ff1779
00000410b02ee199
00000410bb568d39
00000410c651e459
000008224539bf61
00000000024d1471
0000000000000181
00000411c42e8419
0000041211836479
00000412763885f9
0000041291dd1e59
000004134102a7b9
00000413805bbbd9
00000413a7bffe99
00000413eb636a39
000004141480df79
00000414ee2a0259
0000041505b589d9
00000415699a1079
00000415d0ff8039
00000415fac4d159
00000415fe1eb739
000004160ebc5499
0000041642fa43f9
0000041650938599
0000041697ac1499
000004169f4f2cf9
00000416bba8c0d9
00000416f2441519
00000417454acbd9
000004176480a659
0000041766186759
00000417a06899d9
00000417a2ba16f9
00000417a5022f59
00000417a61f9739
00000417ae2305d9
00000418dea66959
0000041941652299
000004194b346b99
000004196ff899f9
0000041a671a8ab9
00000834e5a48b61
00000000024d1471
0000000000000181
0000041a91bd87d9
0000041afd1fd319
0000041bb0345779
0000041c178994b9
0000041cd65fe299
0000041cde04af19
0000041cf5c3a719
0000041d05252719
0000041d7d2e3059
0000041decf35a99
0000041e1c77fbf9
0000041e6b1aa939
0000041ebe349ef9
0000041ef4ed8fd9
0000041f1fdf4619
0000041f55679899
0000041f6bbcea19
0000041fc7601619
0000041fde964479
00000420108ec219
00000420573fe6f9
0000042108a79639
000004220d9b7579
00000422bb634e19
000004237124c819
00000423aa9b0299
00000847860f5761
00000000024d1471
0000000000000181
000004244b6e07b9
000004247623aed9
00000424de5cdf39
00000425616e7719
0000042647054199
0000042653f00b99
00000426aa43f7f9
000004276de926b9
00000427ca136899
00000427e56cbc59
00000427f32ecb99
000004283b8f9019
00000428b2672e19
00000428c3157ff9
0000042a0421b959
0000042a0d21b059
0000042a432633d9
0000042a584d1919
0000042a908d8739
0000042ab4684cf9
0000042b21248819
0000042b2dcf0979
0000042b992db6d9
0000042c2a085b19
0000042c4f9df419
0000042cceff5639
0000085a267a2461
00000000024d1471
0000000000000181
0000042d14dd6f99
0000042d3f6cb619
0000042d8b251a99
0000042f1882e1f9
0000042fcd7e7d39
000004303c185539
000004308809de99
00000430ddfd5979
0000043105eba659
000004310f6b4f39
000004315773eb39
000004316872e319
00000432062f3c19
000004324d3860d9
00000432679b0d39
000004329decc6d9
00000432ecc64719
0000043338e49cb9
00000433b8957b59
00000434444a5599
000004345e621af9
0000043460620ab9
00000434892d06f9
00000434b59bb019
00000434d0158399
0000043570f98119
00000435863caed9
0000086cc6e4f061
00000000024d1471
0000000000000181
000004368a96c0b9
00000436ec1dc2b9
00000436f77a7a99
00000436f84e5a79
00000437111956b9
000004373cc987f9
000004376dfe0cf9
000004376e7b0a99
0000043782166919
00000437b4497af9
00000437c202fd59
00000437d0c4a319
0000043811cf32b9
0000043873ac78f9
0000043892a5d679
00000438a4a10af9
00000438ab385399
000004394e76acf9
0000043997ded499
00000439ca875799
00000439ede49af9
0000043a026c6ed9
0000043a0cca7d79
0000043a494593d9
0000043a6fb590f9
0000043a72478039
0000043aa8a155d9
0000043af7594a19
0000043b2afdc439
0000043b425b7e99
0000043b958f7119
0000043beb299e59
0000043c06cc6999
0000043c1995ad59
0000043cb8887c79
0000043d0cdab419
0000043e197a2599
0000043e8193be99
0000043eca990e79
0000043edbbb2559
0000043ee33b4999
0000087f674fbc61
00000000024d1471
0000000000000181
0000043fb7f46779
0000043fbe36a059
0000043ff041b459
0000043ffee45f59
0000044048da8a39
00000440a7d4c439
000004410e4e5b19
000004410e726dd9
000004412a7ec839
00000441941457b9
0000044218e17d19
000004422f6688f9
000004423f8414d9
00000442447bd479
0000044299c053f9
000004429dbe2b19
000004432b915679
000004436cd83699
00000443cb3efcf9
000004442eacd2f9
0000044476a39899
000004447a51c9f9
00000444ad63f7f9
00000444bd7bd159
00000444d3981e99
00000444f3d176d9
0000044537eb0439
0000044578774cb9
000004457f9c1519
00000445908c15d9
00000445f03c5df9
000004464ca6c319
0000044663679559
00000446dade5c59
0000044713758559
00000447215fedf9
000004473794f4d9
00000447aa8fabd9
00000447fb553e19
00000448a40bee79
00000448e10e4779
00000448fe241979
0000089207ba8861
00000000024d1471
0000000000000181
000004492abfb259
00000449ec62d879
0000044a2f7f86d9
0000044a8f564939
0000044ac1d2e6f9
0000044afa145239
0000044b39b56f19
0000044b500f66d9
0000044ba01e4179
0000044be52d76f9
0000044c1aa2cdd9
0000044c2469aeb9
0000044c69eb0e39
0000044c9dbca4d9
0000044cdb1648f9
0000044d7cb83419
0000044dc83434d9
0000044df7e7da39
0000044e255e2539
0000044e282a3119
0000044e5cefb659
0000044e66e053f9
0000044f83c442d9
0000044fb87dcfb9
0000044ff30d65d9
00000450204f1359
000004503cfdd779
00000450ad4467f9
00000451074642b9
000004510dda36d9
000004518e5b1d79
00000451ac20b4f9
00000451b2c48fb9
0000045211887db9
000004523047b3f9
000008a4a8255461
00000000024d1471
0000000000000181
000004528f83edf9
00000452ebfa4539
0000045302dd1a19
0000045314df4bd9
00000453416790d9
00000453474e5159
00000453e6d20f59
0000045481149499
0000045498c13e79
00000454a5829d19
00000455198679b9
00000455a1f7fc79
0000045691b212d9
0000045696b33f39
0000045696b342f9
00000456a9fc6159
00000456bedc0619
00000456f35f22d9
000004578e6fb5b9
00000457cd3e14d9
00000457f83ee8b9
00000458366215b9
0000045844cd8df9
000004586b25e6f9
00000458a42ba819
00000458d65a6399
00000458edda2679
0000045922dadf79
0000045a0260ce59
0000045a387cd4f9
0000045a664bef19
0000045a6a8f4b79
0000045a7684c7d9
0000045ae93d6c59
0000045b1c36c1d9
0000045b2a8becf9
0000045b86f0e0f9
0000045b915fbbd9
000008b748902061
00000000024d1471
0000000000000181
0000045bf7c77a39
0000045c1407f1b9
0000045c33b50079
0000045ce31beb59
0000045d922a8199
0000045db2dc2819
0000045dec0d7979
0000045e93b3ff19
000004607ace0679
00000460a33eccf9
00000461cf633579
0000046264a29e99
00000462697485d9
000004627c685bf9
00000462b48ef2f9
00000462fd65aa99
0000046335859679
0000046339b37b99
00000463e8a95419
000004641b3914d9
000004642ee7c379
000004649c013779
00000464b0f29c59
00000464da97bb39
000008c9e8faec61
00000000024d1471
0000000000000181
0000046543ac0299
00000465d3660e79
00000466530f8df9
0000046685249619
00000466dcf7cd59
0000046770b9cab9
00000467e8c41eb9
00000467f410aa39
000004685a5ad599
00000468e7149559
0000046912e37299
000004696396dbf9
000004697b1e2619
0000046a7685d499
0000046b65cb8839
0000046b72f5b099
0000046b9606ea59
0000046c0e3d6d79
0000046c33b0fa39
0000046c66d8c439
0000046d27c67ff9
0000046d38c76919
0000046d85f62df9
0000046e374257b9
000008dc8965b961
00000000024d1471
0000000000000181
0000046e67e25e19
0000046e73dcea19
0000046ec3b19af9
0000046f3ca21a59
00000470732316d9
00000470a1f8c319
00000470f017ea59
0000047119848519
000004713782b959
000004714fbee4f9
0000047187303dd9
000004718d4df399
000004722c79bfd9
000004725783c2b9
0000047262928d79
00000472f1e7f6f9
000004731bb50039
0000047392481219
00000473967557f9
00000473a194d859
00000473da9ebb99
00000474ba3727b9
00000474f78af479
0000047512582d99
0000047555b33619
000004758b50d259
000004758cf4c5b9
00000475a2ff9399
00000475fd3fad19
00000475fd8b6819
00000476477f7539
000004767a857579
000004772457dcb9
0000047734169e19
000008ef29d08561
00000000024d1471
0000000000000181
00000477c2ec7579
00000478270fe879
000004783913ab59
00000478e20c29d9
00000478e8e771d9
00000478eb6a1459
00000478fdf7d579
0000047909b9b339
0000047914ec5a99
00000479213eb739
0000047977e8e659
00000479a14fee19
00000479af269739
00000479c0e6a659
00000479cb0b7999
00000479cb557c59
0000047a261b8e79
0000047a46d2a199
0000047a4cb614d9
0000047a966cc399
0000047b35f24ab9
0000047b4ea0ae79
0000047b554e6759
0000047bc10a09b9
0000047c165d03d9
0000047c3c826719
0000047ca1ddc9f9
0000047d0a445159
0000047d35822059
0000047d360c0d39
0000047d52023759
0000047e525f6f99
0000047e75d0f239
0000047e8aa1a599
0000047ed1a38ff9
0000047f2d1e2719
0000047f54998419
0000047fc9af3e79
0000047ffef761f9
00000480117ae999
000004806f5f5719
00000901ca3b5161
00000000024d1471
0000000000000181
0000048114f1bb99
0000048139c9d319
000004819ff714f9
00000481aba05759
00000481c312dcb9
000004820538f3b9
0000048288ccc679
0000048288ccc739
000004829d246f19
000004829f78aad9
000004831c392a19
000004834d992579
000004835c0d5879
000004838e4eb579
00000483a4a2a339
00000483cb50edb9
0000048450ad6139
000004853c605c59
0000048588464499
00000485c40a2979
0000048670ef2319
0000048706b74dd9
000004873de897d9
00000487a7b33d59
00000487e4f73939
000004885b9d37b9
00000488f44de179
000004891846fd59
0000048951ea59b9
000004895c724599
00000489e94e2f79
0000048a0aa9e259
000009146aa61d61
00000000024d1471
0000000000000181
0000048a6cfb6419
0000048aafec0079
0000048ade8a7e59
0000048af647dd79
0000048c22cd53d9
0000048cad25fe99
0000048ce9d7d719
0000048d074aa199
0000048d40f6aff9
0000048d954f13b9
0000048db4c3fa99
0000048de1e964f9
0000048e053cd899
0000048f07113839
0000048f7d5790d9
0000048f9ab9dad9
0000048fee833859
000004901c52fd59
0000049023b09c19
000004911186b9d9
000004911186ba99
000004911b57fdd9
000004915fc62379
00000491a6633319
00000491a9e0ec79
000004922868d539
0000049251612839
0000049257f14779
000004928f14b7b9
00000492e1f37ed9
0000049335d03d19
0000049360428299
000004937646f439
000009270b10e961
00000000024d1471
0000000000000181
00000493c5953879
00000494036d8f19
00000494057bf559
0000049434b38b79
00000494610bcf79
0000049557507659
000004955ecc37d9
000004956bd52879
00000495b3a737b9
00000495f00b5859
00000495fb8ec339
00000496244d0db9
000004962f52dc39
00000496bf15f3b9
0000049896ce38b9
00000498feb356f9
0000049929e13319
0000049996cda119
000004999a31ccb9
0000049a27621a19
0000049aa91861b9
0000049ad022c4d9
0000049add7222f9
0000049b46c38a39
0000049ba54b7cb9
0000049baea5cfd9
0000049bf489b219
0000049c4d5a0879
0000049c85a0db99
00000939ab7bb561
00000000024d1471
0000000000000181
0000049cdd3e0e39
0000049cfc674839
0000049d550bd3b9
0000049d81c14579
0000049d831e0979
0000049dfa379819
0000049e52e97899
0000049ed38c6d79
0000049ed8a62c59
0000049f5e58d219
0000049fe3d88159
000004a06591d059
000004a0b5c90a19
000004a0ce75d0d9
000004a0e9f3ca59
000004a156d55279
000004a2379a0cb9
000004a258014619
000004a261fcadd9
000004a2a11d5b99
000004a2e90cb199
000004a322d61a59
000004a34ced2199
000004a3836bb299
000004a3e11d7a39
000004a3edfabf19
000004a41ca125b9
000004a42b270a79
000004a483d19c19
000004a4c94f3d79
000004a53a10b9f9
000004a547142939
000004a57bf1bb99
000004a58c036319
000004a58f7012b9
000004a59c264679
000004a5a889ac59
000004a5bda23359
000004a5dea74f59
000004a60d730379
000004a62099d019
0000094c4be68161
00000000024d1471
0000000000000181
000004a634f4e1d9
000004a733c34d99
000004a74adfe459
000004a7b0df1ff9
000004a7b1aa7f19
000004a7b20c5599
000004a7d63927f9
000004a8238b46b9
000004a86da2b6d9
000004a8b6a77499
000004a8e0edd299
000004a92f322c99
000004a9456b7b59
000004a979423839
000004a98e7eda79
000004a9badcd819
000004aa5a67f5b9
000004aa5c9e0119
000004aa7b765ed9
000004aa816a1ed9
000004aa83359779
000004aab6b13cd9
000004aae20b64f9
000004ab389988d9
000004ab54d37a39
000004ab99df5059
000004abd33a6eb9
000004abfbf12939
000004ac98ac3f59
000004acb42f4479
000004acc600d1f9
000004ace59fced9
000004ad287fc9b9
000004ad8533ee59
000004ada9abead9
000004adbe715cd9
000004adc3eb3919
000004aed0a38799
000004aeefdd37f9
000004aef53e2d79
000004af474b3b59
0000095eec514d61
00000000024d1471
0000000000000181
000004af96f414d9
000004b01d183459
000004b0d475ad59
000004b0df5274b9
000004b0ef93dbd9
000004b13f1064f9
000004b1a4f8aab9
000004b1fcf5fab9
000004b21741bd79
000004b219dc3e19
000004b275f3c6d9
000004b2bf66e479
000004b3426a4c99
000004b35c7cd6d9
000004b37aac1039
000004b408d89999
000004b447fe0ed9
000004b46f678cf9
000004b487488eb9
000004b4c02f3119
000004b4c71df279
000004b4d2025279
000004b60090c479
000004b64bf55779
000004b6554e0cd9
000004b6a0c28759
000004b6f10e56b9
000004b7732fd1f9
000004b7bea1fc59
000004b7ee8786f9
000004b821f8de59
000004b873257439
000009718cbc1961
00000000024d1471
0000000000000181
000004b8e399bdf9
000004b910eab759
000004b9681bb759
000004ba29b97279
000004ba5b79bef9
000004ba62ac5a79
000004ba64f68ed9
000004ba7b45d799
000004baa4bd1fb9
000004baa74bb0d9
000004bab5af5099
000004bb1a93bf19
000004bb36236af9
000004bba3dba599
000004bbbf2a0359
000004bbf2d6fb39
000004bc557cfc99
000004bc97594d19
000004bcbafc6059
000004bcda450a19
000004bd237d66b9
000004bd8011ceb9
000004bd91437059
000004bd95726499
000004bdcdb04099
000004bde824d5f9
000004be10dcb179
000004be15184a19
000004be58358319
000004be63d0c359
000004bec8c57f39
000004beccbb4939
000004beebbf1199
000004c00a453579
000004c0615da079
000004c0d28659f9
000004c10e35f6f9
000004c12b9b4c39
000004c142b06e99
000004c1b1fa6539
000004c1c4cde139
000009842d26e561
00000000024d1471
0000000000000181
000004c248a2c9b9
000004c2c5c00659
000004c2e1e3ebb9
000004c2ff6cf0b9
000004c3765c4f99
000004c3961c6659
000004c48faa7ed9
000004c4b504d5b9
000004c4c788bd39
000004c4c9df2e39
000004c5b435ea79
000004c6b6b6e879
000004c718c07ed9
000004c76b427019
000004c776f19779
000004c77d0da319
000004c7964a2d79
000004c799c43cd9
000004c7d24c5999
000004c7f0d72a39
000004c809a776f9
000004c816814c59
000004c8601e8999
000004c881e75c79
000004c8c43a5179
000004c8f5f2c499
000004c9071ac0d9
000004c926de7979
000004c941e77e59
000004c960747079
000004c9c0835899
000004c9e1fcdf79
000004cad3576079
00000996cd91b161
00000000024d1471
0000000000000181
000004cb89aec6d9
000004cba11e7799
000004cbdfb212d9
000004cd1034d6d9
000004cd5913c199
000004cd620b9cb9
000004cd8df192b9
000004cda8fce779
000004cde0b2e179
000004ce283127d9
000004ce9c9765b9
000004ceb6deb5d9
000004cfcd80a7f9
000004d00f6d2299
000004d099a82739
000004d0a9013fd9
000004d0dc641e19
000004d0e2cae779
000004d0f76a7c79
000004d103201159
000004d15826daf9
000004d1ebb3eaf9
000004d1f77b6659
000004d240b65779
000004d325678199
000004d3d986ffb9
000004d42516c019
000004d4454a2119
000004d48eaf2f59
000004d4a7c76a19
000009a96dfc7d61
00000000024d1471
0000000000000181
000004d62cf4e4d9
000004d68385acb9
000004d70c675859
000004d7284e36f9
000004d7acff5679
000004d7dd2a7679
000004d81b211319
000004d83e1081d9
000004d88c0e1e39
000004d89e84bc99
000004d8aa788e39
000004d8d91858f9
000004d8deb7b439
000004d8f68edf39
000004d9736d5e99
000004d9b13c0d99
000004d9f4c1f5b9
000004da2c54e639
000004da72a1c0b9
000004da83ad1db9
000004da85c8d2b9
000004daddea3f19
000004dae8dd1d99
000004db5d242779
000004db82cd5979
000004dbefdb8f19
000004dbf905b3d9
000004dc215fc659
000004dc3fe79039
000004dc6e85e5d9
000004dc9bf75379
000004dcc2d77939
000004dcf1b0eb19
000004dd17f79d79
000004dd49f29ed9
000004dda6128f39
000009bc0e674861
00000000024d1471
0000000000000181
000004de062d2df9
000004de4360d9f9
000004debfb6efd9
000004defedfefd9
000004dfa557da79
000004e0170bd8d9
000004e0f5c0c219
000004e1cf41ccf9
000004e1d260f379
000004e1e5f37759
000004e1f41a90d9
000004e256535cd9
000004e2b19b22f9
000004e2b8e50359
000004e2e9de7419
000004e33574fe19
000004e3b6887539
000004e40fb1dfb9
000004e4252d0ef9
000004e42a0c9c79
000004e43e2189b9
000004e44b14b559
000004e45a695ed9
000004e47af00a59
000004e47eb0d019
000004e4969af419
000004e5180b7c39
000004e586fa1999
000004e5987532f9
000004e5b978f9f9
000004e61ca58339
000004e672d4a1f9
000004e678876bd9
000004e69eab4e39
000004e6e7a0b8d9
000009ceaed21461
00000000024d1471
0000000000000181
000004e77bcd0d99
000004e790ce3ef9
000004e7995e56d9
000004e79b196c59
000004e7c9631439
000004e7e2335979
000004e823c97f59
000004e89e60b7d9
000004e8a6008599
000004e9071c05d9
000004e9cfcfb699
000004ea56be9479
000004eaffc581b9
000004eb54d0d339
000004eb7c535ad9
000004eb82486639
000004ec242405d9
000004ec6a3bfa79
000004ec95d22ff9
000004ecad891599
000004eceac84359
000004ed8f9fe599
000004ee00b92319
000004eebf9429d9
000004eec8325fd9
000004ef32450419
000004efa9e89779
000004efd6d606f9
000004efdf226799
000004f056ca1fd9
000004f0775cc7f9
000009e14f3ce061
00000000024d1471
0000000000000181
000004f0acda6b99
000004f21c0ca979
000004f2463c0f39
000004f25f144b59
000004f27d5b17d9
000004f2e426f5f9
000004f34682a139
000004f38b925619
000004f3a2a83ef9
000004f3d0e14719
000004f3dd974999
000004f3f1a2cf99
000004f41393bc39
000004f457e4f4b9
000004f46efe5ff9
000004f4b72d4699
000004f4bf06c0f9
000004f4c19dbe99
000004f4e0353359
000004f4e80c60f9
000004f500db15b9
000004f561f0e239
000004f57d8a1d59
000004f5a56e5799
000004f5bd465499
000004f6244ab139
000004f6251ce6d9
000004f6349aaf79
000004f66e3ebcb9
000004f67f912ff9
000004f68dc5f4f9
000004f6e7693539
000004f7263d3839
000004f79acb3979
000004f7a423e1d9
000004f8703f17d9
000004f880701d59
000004f8a4365ef9
000004f8b2996499
000004f8f6836919
000004f922d7d0b9
000004f93fb07319
000004f97fce00f9
000009f3efa7ac61
00000000024d1471
0000000000000181
000004fa05714919
000004fa3a8f80f9
000004fb1746e199
000004fb26d93139
000004fb9b662699
000004fc09d34699
000004fc10334679
000004fc80ac48f9
000004fcc5d39999
000004fd17ddfc59
000004fd27e578d9
000004fd5b9f94f9
000004fd5f99a159
000004fe9854fd79
000004fec5241cd9
000004fed908b1f9
000004ff3d9c73d9
000004ff3f0376d9
000004ff458fd199
000004ff8fdd3c39
0000050001b070d9
000005003ffb3959
0000050049a2ff19
0000050067c7c6d9
000005008eab0899
00000500c1cf9119
00000500d048ded9
00000500fcc874f9
0000050172576eb9
000005018408f1d9
0000050187880859
000005018a5264f9
000005023158b559
00000502805e24b9
000005028f3871d9
000005029febdf59
00000502d30b62d9
00000a0690127761
00000000024d1471
0000000000000181
000005034c5b06f9
000005039b1122f9
000005039f534b79
00000503ede0eb59
00000503fe5b1f79
00000504223e7399
0000050435e43799
0000050468ca4b39
00000504b6c14d19
000005051c63f239
0000050546b90259
000005056da745b9
000005058eaa1cf9
00000505f6f59b79
000005065f851ab9
000005069818d6d9
00000506bbf1aa19
00000508659b3819
00000509485ece19
00000509e2d71b19
0000050a7b906139
0000050aafec5359
0000050ac5528b59
0000050afee0b099
0000050ba3634359
0000050bc6c8b7d9
0000050c7c694939
0000050c7d888999
0000050c852d7359
00000a19307d4361
00000000024d1471
0000000000000181
0000050cac8700d9
0000050cdff0f679
0000050d63868e79
0000050d6cb0e4d9
0000050dda7f8d19
0000050e7b939899
0000050e8c338179
0000050e9161a819
0000050e9763b279
0000050f7f097c79
0000050fa69711f9
0000050fe0bc1559
0000050feed80019
000005101bfe36b9
000005109bbdfcf9
00000510a90e03b9
00000510bd9081f9
00000510f88b60b9
0000051142714b99
0000051155d13a79
0000051177f8fe99
00000511796508b9
00000511ec58e539
0000051234880779
00000512358aaa79
00000512704ec9f9
0000051277022159
00000512b5ec56b9
000005136c850bf9
000005139c21f739
00000513ac5ca059
00000513c27dfe19
00000514788d46d9
000005148c53b079
00000514ad3661b9
00000514bc562cd9
00000514d5852879
00000515421b48b9
0000051546a89c59
00000a2bd0e80e61
00000000024d1471
0000000000000181
000005164026b759
000005169d644ff9
00000516cf953f79
00000516fa61fbd9
000005175297b579
00000517bb4f0a59
0000051827b2d0f9
00000518546a9b19
00000518b172ff59
00000518c0c15659
000005190d4e9079
000005193612f719
00000519ffb548f9
0000051a05bfb9b9
0000051a067881f9
0000051a49ea79f9
0000051a78235999
0000051abca77db9
0000051ad5861859
0000051ae272a3f9
0000051b03bdd6b9
0000051b4f1eca99
0000051b4f4cdbf9
0000051b9ec75e79
0000051bdfbc9019
0000051c18129259
0000051c2398d839
0000051d180e7cf9
0000051d433b5dd9
0000051d7746a0f9
0000051dc864db19
0000051dd8bc57b9
0000051e05e6c479
0000051e2066a639
0000051e2294cf19
0000051e4068f479
0000051e85bf4b79
0000051efa1a45d9
00000a3e7152da61
00000000024d1471
0000000000000181
0000051f5a04ca39
0000052004779db9
000005207b910019
000005209f4f0659
00000520a3983619
000005210c8bac99
0000052142f2cc79
000005215ae7f499
000005215bba4019
00000521cae0f759
00000521d0e30139
00000522007f8e19
00000522345b04f9
00000522ac825619
00000522d373d979
00000522d4a2d519
00000522f994c7d9
00000523df4efe39
0000052418507e39
0000052444d22cb9
0000052457373719
00000524bbcf9c79
000005259f0852d9
00000525f8cde3b9
0000052600263819
0000052668945719
000005272e7d5b79
00000527825dc899
00000528212d64f9
0000052881801af9
00000a5111bda661
00000000024d1471
0000000000000181
00000528ac1cc2b9
00000528b656add9
0000052931ef7619
0000052945004019
000005294637d9f9
0000052a015612b9
0000052a28fe2bd9
0000052a29204359
0000052a5749a359
0000052af34e6339
0000052b08a37339
0000052b2c798079
0000052b8397ef79
0000052b94e41319
0000052bef98be39
0000052c46921d79
0000052ccc2280d9
0000052cdc9f4b39
0000052ce7403b79
0000052d11f10c19
0000052d4aba4119
0000052d50cb4c99
0000052d7ef6a019
0000052daceea979
0000052db9fa1119
0000052dc785a179
0000052df2a75079
0000052df9263839
0000052ed34a5439
0000052f19736e39
0000052f35e54319
0000052f5a1d3579
0000052f811c3b99
0000052f90c7ba79
00000530330a2e99
00000530ba62a7d9
00000530d74c4339
00000530df9b9799
000005316f3d3759
000005317f5c8b39
000005318ed14e99
00000531c8b8e1b9
00000a63b2287161
00000000024d1471
0000000000000181
0000053206355c79
0000053254773219
000005326240c7d9
000005328b88af19
000005337a8efc99
00000533ca22a979
00000534b2749459
0000053506c76c39
00000535384432f9
0000053569eb5d19
00000535fb6f6399
0000053616e85679
000005363b45e0b9
00000536a441c059
00000536f0b93df9
000005370e9b69d9
000005373cdb6b39
0000053760cbbf59
000005376c811159
000005379de54379
00000537ff628df9
000005380cd48959
0000053861b47f39
00000538bc672799
000005392f51a3b9
000005395c638399
000005396c7de8b9
0000053981745759
00000539ad27c4d9
00000539b43fb459
00000539c29db059
00000539e8cba8d9
0000053a43cb5179
0000053a4e3fdb99
0000053a66dbc8d9
0000053aa86b7f19
0000053aa995d999
0000053ac47106b9
0000053aeef97359
0000053afceae239
0000053b0b6d1099
00000a7652933d61
00000000024d1471
0000000000000181
0000053c1935c8b9
0000053c59591fd9
0000053da005bef9
0000053e2bd6fe39
0000053e4639ca79
0000053ec09e1dd9
0000053ec1e81379
0000053eff690859
0000053f08856019
0000053fb12cb0f9
0000053fe1a98e39
000005401a0cd8d9
0000054026e89539
000005407143ed19
00000540d7fc90f9
000005410fcb1a99
0000054114d5ad39
000005411ef9c4b9
0000054120d5e619
000005412c66d879
000005421a573bd9
000005423574aad9
000005423b46f819
0000054278bdc319
00000542cd8fac39
00000542d4ed5539
00000542dd961059
00000542ecef4b59
000005434401e879
0000054375c6c459
00000543b8e258d9
0000054438eb1379
0000054441facb99
00000a88f2fe0861
00000000024d1471
0000000000000181
000005455ea798f9
0000054581b678f9
00000545a2f34399
00000545c8275139
00000545f457aa39
00000546638bc879
000005467b0c5c99
000005468acbd1f9
000005469f2b4059
00000546e846e199
00000547567acdb9
0000054759ee64d9
00000547fce1fb59
0000054807b722d9
00000548997a7d99
00000548e863d4f9
000005491aa0dab9
0000054945799799
0000054984531039
000005499f23ee99
000005499fe5a359
00000549ec3ddff9
0000054a42fa3819
0000054aae8f1999
0000054ac8424ff9
0000054b05e58419
0000054b1933f0f9
0000054b44a00659
0000054c96c10b79
0000054cb7100259
0000054cd226a959
0000054d59d4cdd9
00000a9b9368d461
00000000024d1471
0000000000000181
0000054dc8c23df9
0000054de78b6c79
0000054e0798b979
0000054e0a0b92d9
0000054e819e7a39
0000054e9352f879
0000054f3f55b639
0000055032ec43d9
00000550720a3279
00000551016fbb99
000005516c6597f9
00000551c9adfe19
000005526e334139
00000552cd528c59
0000055353e27b19
000005536db9cd39
00000554259d2f99
0000055429d3a119
0000055499b10cb9
00000554c2fe7339
00000554d3fbb539
00000554d557a859
00000554e23eb899
00000554f2412c99
000005551b142339
000005558f0c91b9
0000055653d9c419
000005569cb9f019
00000556a11f3979
00000556cbff5f99
00000aae33d39f61
00000000024d1471
0000000000000181
00000557747acb99
0000055779084639
00000557b2dff179
00000557c30cd2d9
0000055819951d59
000005590266d3d9
000005597dc3eff9
0000055984428159
000005598ecb7e99
00000559c04a13b9
0000055a386dd1b9
0000055ad52eb479
0000055afb0e9379
0000055afcbf6c79
0000055b4a301059
0000055bf29af4f9
0000055c3fcf8cb9
0000055c46db1139
0000055c4dd811b9
0000055c4ec08139
0000055c53123fd9
0000055c96fbdfd9
0000055c97c08ad9
0000055cdc9d1a99
0000055d0f403a39
0000055d3458db39
0000055d96b4ddd9
0000055d9ecf8319
0000055dcbbf9f99
0000055e4185a1f9
0000055eff6fd499
0000055f0fb5e2d9
0000055f3ac83bf9
0000055fb33329d9
000005602b405e99
00000ac0d43e6b61
00000000024d1471
0000000000000181
00000560fa652259
000005615ed0ac59
00000561c347d8b9
00000561c347d959
000005626a84f579
000005627f90c539
0000056298117479
00000562f0a7c2f9
000005635292ce99
0000056358dc0139
00000563a5f137b9
0000056400706939
00000564be38f239
00000564eedb1899
000005652eaa3e59
000005656a595a79
0000056572a07ad9
00000565b88c19d9
00000565c5e83079
00000566183aa819
0000056673d266f9
000005667a9e1479
00000566ebd00df9
00000566eec584b9
0000056792da93b9
00000567a8b61399
00000567e5cf3199
00000567ed3b2619
00000568b8be6a79
000005698595f4d9
0000056996c87859
00000ad374a93661
00000000024d1471
0000000000000181
00000569db533379
00000569df7dc479
00000569e0984579
00000569ea0841d9
0000056a899d2af9
0000056a94c95019
0000056aa42681d9
0000056ac6e2ac19
0000056ad8e121d9
0000056ae97cfa99
0000056b0dde3459
0000056b176b71b9
0000056b408452d9
0000056b97ce8c99
0000056d0dbd1199
0000056e1d8b2b19
0000056ead65e479
0000056efaee8839
0000056fbc5a6039
0000056fde873ab9
00000570212f71f9
00000570ed6b90f9
00000570edf65119
00000570f2d86b39
0000057148d6fef9
000005714c4b4819
000005717d953e19
00000571cacaafd9
00000572642544f9
00000572aea39079
00000572c45ee959
00000ae615140161
00000000024d1471
0000000000000181
0000057314e12559
0000057321aa31d9
000005734e3954f9
000005736c831579
00000573cf61d959
00000573d5847e79
00000573ffc1bc99
000005745dbb2b99
000005746f9d37b9
00000575041942d9
000005759aebc739
00000575e90b3339
0000057665fb1059
000005767da695b9
00000576925155b9
00000aee00c55e61
00000000024d1471
0000000000000181
