[MCS8 A] 97 FW 3.104 SV 1.257 
range=1024
periods=2
sweepmode=27e20d0
fstchan=0
holdafter=0
streamstatus=3
calreg0=0
calreg1=0
calreg2=0
calreg3=0
swpreset=8000        
prena=1
syncout=0
cycles=18
sequences=1
tagbits=16
vdac0=92c
vdac1=807
vdac2=8c8
vdac3=8c8
vdac4=8c8
vdac5=8c8
vdac6=8c8
vdac7=8c8
timepreset=120.000     
digio=0
digval=0
autoinc=0 
savedata=2 
mpafmt=asc
sephead=0 
fmt=asc
smoothpts=5 
[CHN1]
REPORT-FILE from 06/22/2026 16:03:20.667  written 06/22/2026 16:03:20
cmline0=06/22/2026 16:03:20.667 
cmline1=A1
range=1024
active=1
bitshift=4
cftfak=2580100
evpreset=10          
roimin=0
roimax=1000
caloff=0.800000
calfact=12.800000
calfact2=0
calfact3=0
calunit=nsec
caluse=1 
[CHN2]
REPORT-FILE from  written 06/22/2026 16:03:20
cmline1=A2
range=1024
active=0
bitshift=4
cftfak=2580100
evpreset=10          
roimin=0
roimax=1000
caloff=0.800000
calfact=12.800000
calfact2=0
calfact3=0
calunit=nsec
caluse=1 
[CHN3]
REPORT-FILE from  written 06/22/2026 16:03:20
cmline1=A3
range=1024
active=0
bitshift=4
cftfak=2580100
evpreset=10          
roimin=0
roimax=1000
caloff=0.800000
calfact=12.800000
calfact2=0
calfact3=0
calunit=nsec
caluse=1 
[CHN4]
REPORT-FILE from  written 06/22/2026 16:03:20
cmline1=A4
range=1024
active=0
bitshift=4
cftfak=2580100
evpreset=10          
roimin=0
roimax=1000
caloff=0.800000
calfact=12.800000
calfact2=0
calfact3=0
calunit=nsec
caluse=1 
[CHN5]
REPORT-FILE from  written 06/22/2026 16:03:20
cmline1=A5
range=1024
active=0
bitshift=4
cftfak=2580100
evpreset=10          
roimin=0
roimax=1000
caloff=0.800000
calfact=12.800000
calfact2=0
calfact3=0
calunit=nsec
caluse=1 
[CHN6]
REPORT-FILE from  written 06/22/2026 16:03:20
cmline1=A6
range=1024
active=0
bitshift=4
cftfak=2580100
evpreset=10          
roimin=0
roimax=1000
caloff=0.800000
calfact=12.800000
calfact2=0
calfact3=0
calunit=nsec
caluse=1 
[CHN7]
REPORT-FILE from  written 06/22/2026 16:03:20
cmline1=A7
range=1024
active=0
bitshift=4
cftfak=2580100
evpreset=0           
roimin=0
roimax=1000
caloff=0.800000
calfact=12.800000
calfact2=0
calfact3=0
calunit=nsec
caluse=1 
[CHN8]
REPORT-FILE from  written 06/22/2026 16:03:20
cmline1=A8
range=1024
active=0
bitshift=4
cftfak=2580100
evpreset=0           
roimin=0
roimax=1000
caloff=0.800000
calfact=12.800000
calfact2=0
calfact3=0
calunit=nsec
caluse=1 
;MCS8 #97 Sversion=1.257 Fversion=3.68
time_patch=1
;datalength=8 bytes
;bit0..3: channel# 1..8 ( 4 bit)
;bit4: edge 0=up / 1=dn ( 1 bit)
;bit5 ..57: timedata    (53 bit), max sweep length 2001.6 h
;bit58..62: tag0..tag4  ( 5 bit)
;bit63:     data_lost   ( 1 bit)
[DATA]
0000000000000016
0000000128a5ed99
000000016d83e2b9
00000001a98af839
0000000248457cb9
00000003158e9859
00000003538e3e79
00000004273ed879
0000000452c534b9
0000000494147f79
00000004eb972379
00000005fb7226d9
0000000a23bca1b9
0000000c33555079
0000000e085e8dd9
0000000f57f98a39
0000000f81e159b9
00000021569f0061
0000000001e96a71
0000000000000181
0000001405c6c5d9
00000016ad8f7319
00000016fa2cb839
00000017ec3398d9
00000017ec339a59
00000019790c37b9
00000033f709a661
0000000001e96a71
0000000000000181
0000001aeffc3519
0000001b8d650019
0000001e0f908919
0000001e49448e99
00000020e53e87f9
0000004697744c61
0000000001e96a71
0000000000000181
00000023508eecf9
00000023ffa87db9
0000002464f20099
00000025a07de739
000000265bbb36d9
000000271be24779
000000272f94c839
00000027d35d6899
00000027f320d4b9
00000029b289c3b9
0000002a82b6e9b9
0000002c4adeb099
0000005937def261
0000000001e96a71
0000000000000181
0000002e1a639499
000000308f0a9659
000000309daeecf9
000000309f20c6f9
000000314b192a19
000000319a75cfb9
00000032549c3299
000000336f7bc199
000000343174ab19
000000349aef4879
00000034aaab4799
0000006bd8499861
0000000001e96a71
0000000000000181
000000374428e159
00000037591ec859
000000381d2a2139
0000003d410ff6b9
0000003d47ab8699
0000003e1af8b0d9
0000007e78b43d61
0000000001e96a71
0000000000000181
00000040d8f5ae79
0000004162811b79
0000004231436f79
000000431b0d3b39
0000004464b0b819
0000004502ac82b9
00000046141e4019
000000480130dfb9
00000091191ee361
0000000001e96a71
0000000000000181
0000004cac253159
0000004f64ba3f19
00000051902a93d9
000000a3b9898961
0000000001e96a71
0000000000000181
00000052a8ee9799
000000538fd5a4d9
000000539ef7c999
000000544ec9b119
00000054e6ac2559
00000055f3ce1719
0000005645339d39
00000056a1709299
0000005732300b19
0000005811f5b399
00000058f16d0bb9
00000059ec9c1059
000000b659f43061
0000000001e96a71
0000000000000181
0000005be930f799
0000005ce4c5bdf9
00000060351f2b79
00000061af2ca1f9
00000063298136d9
000000c8fa5ed661
0000000001e96a71
0000000000000181
00000065942cacf9
00000065a5bd0079
00000065ddaa6799
000000662a11a4b9
00000067a4b66479
0000006810fde679
00000068a9087ff9
0000006aacc856b9
0000006d92404879
000000db9ac97c61
0000000001e96a71
0000000000000181
0000006e689f8699
0000006f0f1db459
0000006fd1dc1ad9
00000070798d4b79
000000715ef526f9
00000071748af299
00000071df596199
00000072082275b9
000000744d7b5e99
000000753f8d0899
000000769e594fb9
000000ee3b342261
0000000001e96a71
0000000000000181
000000781a1b9c39
0000007963769759
0000007b93e02af9
0000007bb443a899
0000007cb3755099
0000007cf702be79
0000007fdf29b9d9
0000008009d37eb9
00000100db9ec961
0000000001e96a71
0000000000000181
000000821e3ae999
000000823fa8d499
00000084daab8299
000000858bf91e59
0000008751fbe459
00000087a59a7239
000001137c096f61
0000000001e96a71
0000000000000181
0000008a589d9ff9
0000008cc852d159
0000008d0703f7f9
0000008d24b45fd9
0000008d68987c59
0000008de9216f19
0000008e5a7d5bd9
0000008f6a13be79
0000009134926a19
000001261c741561
0000000001e96a71
0000000000000181
0000009396a49159
000000949b815479
000000950f321e79
000000953a32eed9
00000095c849fbb9
00000098ad393e99
0000009c026ce139
0000009c4ee4f2b9
00000138bcdebc61
0000000001e96a71
0000000000000181
0000009c9ba7ba99
0000009dfaf27519
0000009e74bfdd99
000000a0ecc4edd9
000000a401c21e39
0000014b5d496361
0000000001e96a71
0000000000000181
000000a676605339
000000a7e3f55259
000000a8d353e6d9
000000a926d0c0b9
000000aac5a4b3b9
000000ad21f2e319
0000015dfdb40961
0000000001e96a71
0000000000000181
000000afb34ab019
000000b1d9acf659
000000b21e3d2099
000000b32e59a1b9
000000b36adba9b9
000000b3f4f0fc19
000000b58edcdef9
000000b5b64e5fd9
000000b70c86fe39
000000b74f4a4bd9
000000b78e08d959
000001709e1eb061
0000000001e96a71
0000000000000181
000000b87cd673b9
000000bbe2b52779
000000bcee7ef799
000000bd2b8bbcd9
000000bfb5fe6579
000000c060d85b79
000000c0941248f9
000000c0c553a179
000000c1023122b9
000000c1445c1ef9
000000c1798fb979
000001833e895761
0000000001e96a71
0000000000000181
000000c1aa16c1f9
000000c202c31199
000000c2bc4dd719
000000c588efecf9
000000c807358bf9
000000c83cd38699
000000c8d30aae59
000000ca20d6b719
000000ca965e79b9
00000195def3fd61
0000000001e96a71
0000000000000181
000000cafcf94a59
000000cb3930d659
000000cd64392839
000000cdac5fe379
000000d2fc766679
000001a87f5ea461
0000000001e96a71
0000000000000181
000000d4a7adf239
000000d946989899
000000db13a45d59
000001bb1fc94b61
0000000001e96a71
0000000000000181
000000de73a9ca99
000000df4231f459
000000dfbbe0ae39
000000dfc3fddcf9
000000e11f846a79
000000e2df9cb3b9
000000e52884d479
000000e63f82d319
000001cdc033f261
0000000001e96a71
0000000000000181
000000e8509005d9
000000e894ea3199
000000e904d3d499
000000e9bdcb85b9
000000ea266da1d9
000000ebb0b75839
000001e0609e9961
0000000001e96a71
0000000000000181
000000f24f2bca39
000000f3f0b60039
000000f6d79856b9
000000f6fc5514b9
000000f962a01e19
000001f301094061
0000000001e96a71
0000000000000181
000000fac863ab19
000000fc56c13699
000000fce8f2c559
000000fd61c58699
000000fe43fe17d9
0000010068097339
00000101a07e8a99
00000205a173e761
0000000001e96a71
0000000000000181
0000010544b8a6f9
00000106cbd4c4f9
000001072af8d9f9
000001073917e719
00000108f2024d79
000001092d4e36b9
0000010ababa26f9
0000010c1068b479
0000021841de8f61
0000000001e96a71
0000000000000181
0000010f580d84b9
0000010fa0695039
000001100ddbf259
00000111983b1159
0000011347241b19
000001134d9326f9
00000114f8219399
0000022ae2493661
0000000001e96a71
0000000000000181
0000011600452719
00000117a1f36179
0000011869ab1f59
0000011ca585e5f9
0000011da796bd79
0000011e8ef3cad9
0000023d82b3dd61
0000000001e96a71
0000000000000181
0000011f2fc74499
00000120ae05ee19
00000127db213b19
00000127fe67ed79
00000250231e8561
0000000001e96a71
0000000000000181
00000129010f42b9
0000012b97434d79
0000012e7fcf00d9
0000012f027c0399
0000012fbefcc399
0000012feba67239
00000262c3892c61
0000000001e96a71
0000000000000181
00000131da21c379
0000013414619579
0000013418ed3f59
00000136d3274f39
00000137608f98d9
0000013773ba05d9
00000139a15cafd9
0000013a161c45d9
0000013a3992a9b9
0000027563f3d461
0000000001e96a71
0000000000000181
0000013c3587e6f9
0000013dbc600619
00000140e3171419
00000142370a5ab9
00000142ad2f2179
00000143b0128439
00000288045e7b61
0000000001e96a71
0000000000000181
000001445146b879
000001459404a8f9
00000147a3fae8f9
0000014841e06139
0000014860dca7f9
0000014a869ddef9
0000029aa4c92361
0000000001e96a71
0000000000000181
0000014e305ee079
0000014e4edcf6b9
0000014e5c235bf9
00000150b60a02f9
000001536a512db9
000001543db2f559
00000154bb77b5f9
000002ad4533cb61
0000000001e96a71
0000000000000181
0000015d409ab339
0000015e29f1e799
000002bfe59e7261
0000000001e96a71
0000000000000181
000001622d713e79
00000162738ec419
0000016314f5c819
000001661db53419
000001679e848bf9
000002d286091a61
0000000001e96a71
0000000000000181
0000016a025cea79
0000016b078a33d9
0000016d121229f9
0000016f6e9d9979
0000016ff0f29959
00000170874aa9b9
00000170e0040419
00000171c6e9daf9
00000171e57f27b9
000002e52673c261
0000000001e96a71
0000000000000181
000001744415f1d9
000001756e553919
0000017677ad7c99
00000179951300b9
0000017b3a849a79
000002f7c6de6a61
0000000001e96a71
0000000000000181
0000017d1ed172f9
0000017da35c73b9
0000017e3e599159
00000182c3060ab9
000001836e9fd979
0000030a67491261
0000000001e96a71
0000000000000181
000001858b99ed79
00000185d993a419
00000189726fe719
0000018a4abf7a39
0000018abbb42d59
0000018db389bf39
0000018e7c0a5f79
0000031d07b3ba61
0000000001e96a71
0000000000000181
0000018ed0444779
0000018f0c7fc299
0000018f80d23b39
0000019022eb6879
000001905fc496b9
000001944dedb499
00000195581b5e99
0000032fa81e6261
0000000001e96a71
0000000000000181
0000019b53af9b19
0000019c990e39d9
0000019dcd6aa259
0000019ff410fb39
000001a0377f3879
0000034248890b61
0000000001e96a71
0000000000000181
000001a2c165b9d9
000001a82575cd79
000001a882efa7d9
000001a94787c819
00000354e8f3b361
0000000001e96a71
0000000000000181
000001aad588d4b9
000001ab5b702f79
000001ac20514899
000001ac53bef5d9
000001af9051c739
000001b029a4b5b9
000001b1f35dccf9
000001b353637af9
00000367895e5b61
0000000001e96a71
0000000000000181
000001b3e78b3839
000001b51422a5f9
000001b5a75a2b39
000001bcb6f689f9
0000037a29c90461
0000000001e96a71
0000000000000181
000001bdbf579339
000001be2ecffd39
000001be4d339099
000001be967c12f9
000001bfb76a3bf9
000001c185bc25d9
000001c4a9cce9d9
000001c4f5f120f9
000001c55118ed19
0000038cca33ac61
0000000001e96a71
0000000000000181
000001c6fd31ca19
000001c8d4905179
000001ca36d13639
000001cb4ed29999
000001cbcaeaa659
000001cbde2cba99
0000039f6a9e5561
0000000001e96a71
0000000000000181
000001cff3a77739
000001d0eddb5b99
000001d1d43d2679
000001d2469665b9
000001d30b699719
000001d4df71fc79
000001d51c380199
000001d539f92e59
000001d5c2546599
000001d645e2a3d9
000001d83e62d1d9
000001d8f476daf9
000003b20b08fd61
0000000001e96a71
0000000000000181
000001d92bf32e39
000001de061ce859
000001dea0b8a8b9
000001e06c6d7919
000001e1e0ba5439
000003c4ab73a661
0000000001e96a71
0000000000000181
000001e5027fd1f9
000001e53383a4f9
000001e575a4b379
000001e623eb6c59
000001e6cffe0c39
000001e821e21059
000001ea57444ed9
000001ea8cd94fb9
000001eaf13850d9
000001eb350b3399
000003d74bde4e61
0000000001e96a71
0000000000000181
000001ec8425e839
000001ec9401ee59
000001ecb3927eb9
000001ee3d08c5b9
000001ef5b2b1779
000001f151e3f859
000001f17b6f1659
000001f4a479ac39
000003e9ec48f761
0000000001e96a71
0000000000000181
000001f68a7587b9
000001f694908219
000001f885a47c19
000001fba5563079
000001fd9b31fa59
000001fdd8dacbf9
000001fe23960a99
000003fc8cb3a061
0000000001e96a71
0000000000000181
000001fe5c5d7ef9
000001ff18118359
000001ffdba84559
00000201a195b739
000002042ac9eb99
000002066432e499
000002071269d519
0000040f2d1e4961
0000000001e96a71
0000000000000181
00000207aae5e719
00000207e5d28519
0000020bbf1aa8f9
0000020c6f0d4ed9
0000020e0d6524d9
0000020f8030eaf9
00000421cd88f161
0000000001e96a71
0000000000000181
00000216860a3c99
00000217d4a90bb9
00000218558fc159
0000021873314479
00000218f6cde619
000002192fd13819
00000219b2d0f8b9
00000219e0963b79
000004346df39a61
0000000001e96a71
0000000000000181
0000021b180f2e99
0000021ba188e139
0000021d6c95d479
0000021ea957bcb9
0000021ef9d8b159
0000021f39684119
0000021fb4ce9779
000002204981fdf9
0000022063919359
00000220ddbbb4d9
000002211fbf5db9
000002228c388739
000004470e5e4361
0000000001e96a71
0000000000000181
000002241712ba59
000002254a108179
00000225d91f41f9
000002267b9fd259
00000226bd7ce8b9
00000226eb62abf9
0000022716c8a819
000002294cc7bd79
0000022a4bd9b219
00000459aec8ec61
0000000001e96a71
0000000000000181
0000022df14d6ef9
0000022e2e21dad9
0000022f26483fd9
0000022f2efdb499
0000022fe8aaa479
00000231ce1ab9f9
000002342f8c2819
0000023544c7b119
0000046c4f339661
0000000001e96a71
0000000000000181
0000023762f7c3d9
000002395059e839
000002396009d999
0000023aad7b3a59
0000023cc2361e39
0000047eef9e3f61
0000000001e96a71
0000000000000181
00000241f2886579
000002426fef3c99
000002426fef6719
00000242c7eb1f39
0000024316e8add9
000002442035a2b9
00000246862604b9
0000024747f09bf9
000002482ccbf2b9
0000024888396359
000004919008e861
0000000001e96a71
0000000000000181
0000024a81a1c5f9
0000024a9f6d5899
0000024c5c90a179
0000024cfb4797d9
0000024dc0cbbf99
0000024e2a483e39
0000024e598fef59
0000024e8619cff9
0000024f1e875699
0000024f2cec5299
0000024f3955cff9
000002500a684419
00000250d6d3d459
0000025206661a59
000004a430739161
0000000001e96a71
0000000000000181
000002533100bd59
000002533cc4c839
0000025417d83279
000002580225b719
000002594d689019
000002595cc47079
0000025965f40a19
0000025a2c550259
000004b6d0de3b61
0000000001e96a71
0000000000000181
0000025ec8b48719
0000026055e3cd39
000002644bfd1d39
000004c97148e461
0000000001e96a71
0000000000000181
00000264fc145059
000002654d949cb9
00000265e5f75939
000002668c6630d9
00000268a59221f9
00000269b20be0d9
0000026b6331c8d9
0000026c2ce7a2b9
000004dc11b38e61
0000000001e96a71
0000000000000181
0000026fba99d799
0000026fffe536d9
00000270b7c7d3d9
00000270c2adab99
00000271b2d8b1f9
00000272dfc09ed9
0000027329d87039
00000273a9a48959
00000273f49a6919
00000274b6a95c79
00000275a8f18619
0000027688ac94b9
00000276e88ce1f9
000004eeb21e3761
0000000001e96a71
0000000000000181
000002778cad8fb9
00000279f5ecc3f9
0000027a42190dd9
0000027bb04151f9
0000027c35837039
0000027df870b759
0000027ec1071159
0000027f29ff11f9
0000027fc7fe6a79
0000027ff041dc39
000005015288e161
0000000001e96a71
0000000000000181
00000285635b63f9
000002857aff94b9
00000285b17a9199
00000286331162d9
0000028799e0fad9
00000287e91f9239
0000028868943fd9
00000513f2f38a61
0000000001e96a71
0000000000000181
0000028a9fdff979
0000028cc332b099
0000028fa7a7fb99
0000028fad606d79
000002908e083299
00000290fa80ec19
00000292cdab2739
00000292fb407cb9
0000029311fb2999
0000029334a6e439
00000526935e3461
0000000001e96a71
0000000000000181
00000293d3995a19
0000029692f3c619
000002979c806959
00000297fafbe079
000002985591f259
0000029ad190dcd9
0000053933c8de61
0000000001e96a71
0000000000000181
0000029db09f8799
0000029dea8dafd9
0000029ee84c2a39
000002a097ab9039
000002a16e5bba99
000002a3468cc439
000002a408988f39
000002a44ed95d99
000002a523aed839
000002a5db2695b9
0000054bd4338861
0000000001e96a71
0000000000000181
000002a659ea5139
000002aadde5f1b9
000002accdc124f9
000002ad91407b19
000002ae1f3aa9d9
000002af2a18a7b9
0000055e749e3161
0000000001e96a71
0000000000000181
000002b381e5c739
000002b39dfb97f9
000002b679d2bd99
000002b69db11739
000002b6b2dc3259
000005711508db61
0000000001e96a71
0000000000000181
000002b8bd816739
000002b9fcb7e739
000002bc3bc4f579
000002bd4b257659
000002be3f8518f9
000002be68bb1219
000002bfe0375eb9
000002c0c6f52479
00000583b5738561
0000000001e96a71
0000000000000181
000002c20c1da5b9
000002c2728c1299
000002c2b40252b9
000002c50de7f379
000002c6d9393759
000002c7372fb5b9
000002ca66cfbdf9
000002cab9955539
0000059655de2f61
0000000001e96a71
0000000000000181
000002cb5470a919
000002cdc8e51fb9
000002cf99b702b9
000002cfeeeac2f9
000002d03a275f19
000002d195485cf9
000002d290024479
000002d3ec2c79b9
000005a8f648d961
0000000001e96a71
0000000000000181
000002d7c1c723f9
000002d853e36979
000002d896b50d59
000002db51e91079
000002dc704f25f9
000005bb96b38361
0000000001e96a71
0000000000000181
000002e178c93119
000002e1835053d9
000002e2027a6499
000002e3e4a63819
000002e651029259
000005ce371e2d61
0000000001e96a71
0000000000000181
000002e77f305119
000002e7c96da2d9
000002e7e5135e19
000002e936270cd9
000002e9a01df8f9
000002eaa4d96519
000002ebd665c3f9
000002f008f24379
000002f0111a6659
000005e0d788d861
0000000001e96a71
0000000000000181
000002f53a7308f9
000002f68ec90059
000002f74b11dbb9
000002f7ced88139
000002f82664e6d9
000002f8867ab819
000005f377f38261
0000000001e96a71
0000000000000181
000002fc6c27c619
000002fdfd465759
000002fe39748919
000002febf149879
000003003d8f9ff9
00000606185e2c61
0000000001e96a71
0000000000000181
000003036b681159
00000305afa199d9
0000030645fa4419
000003097513d1b9
00000618b8c8d761
0000000001e96a71
0000000000000181
0000030e16a9ed59
0000030e3d2e72d9
0000030f98de7f99
00000311c5f8a2b9
000003130049b6f9
00000313af8918d9
00000315317f6319
0000062b59338161
0000000001e96a71
0000000000000181
00000315d1fb5ff9
00000318654dcf59
00000318d02c0c39
00000319ad0d0359
0000031a0a04df79
0000031c2dcbec79
0000031cd56a2ab9
0000063df99e2b61
0000000001e96a71
0000000000000181
0000031f3f2ecb99
0000031ff26904d9
00000322a5ced459
00000322c3d439d9
000003242fd52619
0000032692f20179
0000032744e2ce59
000006509a08d661
0000000001e96a71
0000000000000181
00000328b68d5759
00000328d308cf59
0000032aa7dd7799
0000032c6dea82f9
0000032e43b6ea99
000003305ba1f6d9
00000330a1157e59
00000331244447b9
0000033155263799
000006633a738061
0000000001e96a71
0000000000000181
00000331c1b98ab9
000003326c5f8399
00000335b1f03919
000003362b76bf59
00000338adbaee79
00000339a6abb899
0000033a9913cb79
0000033ac7e7dd79
00000675dade2b61
0000000001e96a71
0000000000000181
0000033cbebba2f9
0000033cc28a9a79
0000033cd4ff39d9
0000033f7897f979
00000341790a4379
00000342cbaac819
000003438973d059
00000343a2f8a359
000006887b48d661
0000000001e96a71
0000000000000181
00000344df86c4d9
00000345cf890139
00000348599ed2f9
000003499a4609f9
0000034aaf588619
0000069b1bb38061
0000000001e96a71
0000000000000181
0000034dbd006d19
0000034f3489b459
0000034fd14a8079
00000351ae44a7b9
00000352a19f0f39
000003549b685e39
000006adbc1e2b61
0000000001e96a71
0000000000000181
0000035784add579
00000357b0d0c7b9
0000035869464219
0000035cd3d8ee79
0000035d60bcf759
0000035d66aa86d9
0000035dc17f4559
0000035fa94cfcf9
000006c05c88d661
0000000001e96a71
0000000000000181
000003606a241019
00000362581791d9
000003634679c959
00000363b53dc6b9
000003641a6e1db9
00000366441b65f9
000003675ad8fef9
00000367db984c19
000003694b2b3cf9
000006d2fcf38161
0000000001e96a71
0000000000000181
000003698d6aba39
0000036a57becb39
0000036b57e09919
0000036f414cf839
00000370273f77b9
00000370da707eb9
00000372b785d899
000006e59d5e2c61
0000000001e96a71
0000000000000181
0000037395bea2b9
00000373a65f5519
00000375c5cca179
0000037710c69979
00000379af78e8d9
0000037abf447b19
000006f83dc8d661
0000000001e96a71
0000000000000181
0000037e48ccad79
0000037ebf078259
0000037f3c338c19
000003812e046859
0000038238576819
0000038323ebf0d9
0000038465308859
000003851dc513f9
0000070ade338161
0000000001e96a71
0000000000000181
00000385750e2bf9
000003859fe4dd99
00000385fefb0339
00000386ad3d0299
00000388778b4579
00000388b5e38679
000003892c442059
0000038b5683c1f9
0000038c7ab29479
0000038e9da602b9
0000071d7e9e2d61
0000000001e96a71
0000000000000181
0000038f914302b9
0000038fc768bdb9
0000038fce9aa9b9
0000038ff66ba419
00000390018129d9
0000039130b21559
000003964d0a6ad9
000007301f08d861
0000000001e96a71
0000000000000181
0000039839c18e79
000003989df200f9
0000039a05a40df9
0000039a85fabf59
0000039c30ebd279
0000039f58793519
0000039fd8641599
000003a00c282f59
00000742bf738361
0000000001e96a71
0000000000000181
000003a1750975f9
000003a33bd63cf9
000003a427566699
000003a5a0ee8819
000003a5c817c2f9
000003a6de69b359
000003a887e92459
000003a9b700dcb9
000007555fde2e61
0000000001e96a71
0000000000000181
000003aaf7c8bd59
000003ac3fa10df9
000003ad3a111a99
000003adaa4d7ff9
000003adabc2baf9
000003afb60dc3f9
000003b10a602279
000003b307f87619
000007680048d961
0000000001e96a71
0000000000000181
000003b440f82559
000003b442b30879
000003b4661fc719
000003b4923cdfd9
000003b56b006ff9
000003b612edcb39
000003b86e957959
000003b9799607f9
000003bb33ce7759
000003bc5a02f419
000003bc85eafb99
0000077aa0b38461
0000000001e96a71
0000000000000181
000003be622b4719
000003bed2ee20d9
000003bef335aed9
000003c109a0cfb9
000003c1eed7db59
000003c4bc3b9679
0000078d411e3061
0000000001e96a71
0000000000000181
000003c96b371939
000003ca3da04579
000003cd44485ad9
000003cd9bd29a99
000003cfdb2a28f9
0000079fe188db61
0000000001e96a71
0000000000000181
000003d11f109699
000003d22f0443f9
000003d2605af9b9
000003d421cf78f9
000003d68914de19
000003d6ec218b79
000003d87c1b6339
000007b281f38661
0000000001e96a71
0000000000000181
000003ded8519979
000003e1e3e2b439
000007c5225e3261
0000000001e96a71
0000000000000181
000003e2fd11cf19
000003e60e835219
000003e84d5a3b79
000003e867587d39
000003eba3950259
000007d7c2c8dd61
0000000001e96a71
0000000000000181
000003ed6d0a1ff9
000003ef81009db9
000003f016d93779
000003f15c62b9d9
000003f26ffa4639
000007ea63338961
0000000001e96a71
0000000000000181
000003f97f57d759
000003fcaf96bbd9
000003fdc7e63319
000007fd039e3461
0000000001e96a71
0000000000000181
000003ff5c327d79
000004013d7eda39
000004019fac95b9
000004040d176179
00000404c3ca9ef9
00000404c9db41f9
00000406b054aed9
000004074197a8b9
0000080fa408e061
0000000001e96a71
0000000000000181
00000408a2511219
00000408e9627099
0000040aaddffef9
0000040b1700add9
0000040eaad56d59
0000040f40201939
0000040fda6ab739
000004103c6e3a39
0000082244738b61
0000000001e96a71
0000000000000181
0000041215e25059
000004145b8c72f9
00000414b9d445b9
0000041602613c19
000004164d704399
00000416a1a63139
00000417ecfee9b9
0000041913a91779
000004196cf57d79
0000041a10746439
00000834e4de3761
0000000001e96a71
0000000000000181
0000041a73c49db9
0000041c40684999
0000041d02be9859
0000041db1a02599
0000041ef4526739
000004227a74c479
00000422fb2b7f99
000004239a8a2d59
00000423bdaf30d9
000008478548e361
0000000001e96a71
0000000000000181
00000424df453739
00000426c03b2e99
00000426cadd4c19
000004285d3ac639
0000042a813113f9
0000042af53485f9
0000042b74085919
0000085a25b38e61
0000000001e96a71
0000000000000181
0000042eda8cb0b9
00000432a688a239
000004330cef23b9
00000433431f4e39
0000043458a69e99
0000086cc61e3a61
0000000001e96a71
0000000000000181
00000437a421d159
0000043813ac59f9
0000043978918c39
0000043a07e69ad9
0000043e1c1797b9
0000043edcdd6879
0000043f5fc17b19
0000087f6688e661
0000000001e96a71
0000000000000181
00000445bb7073f9
00000447d2f46d79
00000447da42fa59
00000447e2456119
0000089206f39261
0000000001e96a71
0000000000000181
0000044c815fced9
0000044ca2303319
0000044f04def679
0000044f9d312899
0000045074d46239
000004508aab7c79
000008a4a75e3d61
0000000001e96a71
0000000000000181
00000453925484f9
00000456d3ac7619
00000457496d75d9
00000457d231dd39
0000045a5fe9a4b9
0000045a6e1e1859
0000045b80ab9319
0000045b80cb2219
000008b747c8e961
0000000001e96a71
0000000000000181
0000045c083e3779
0000045dfc1d1159
0000045e6002c979
000008c01f19e261
0000000001e96a71
0000000000000181
