[MCS8 A] 97 FW 3.104 SV 1.257 
range=1024
periods=2
sweepmode=27e20d0
fstchan=0
holdafter=0
streamstatus=3
calreg0=0
calreg1=0
calreg2=0
calreg3=0
swpreset=8000        
prena=1
syncout=0
cycles=18
sequences=1
tagbits=16
vdac0=92c
vdac1=807
vdac2=8c8
vdac3=8c8
vdac4=8c8
vdac5=8c8
vdac6=8c8
vdac7=8c8
timepreset=150.000     
digio=0
digval=0
autoinc=0 
savedata=2 
mpafmt=asc
sephead=0 
fmt=asc
smoothpts=5 
[CHN1]
REPORT-FILE from 06/23/2026 15:20:15.194  written 06/23/2026 15:20:15
cmline0=06/23/2026 15:20:15.194 
cmline1=A1
range=1024
active=1
bitshift=4
cftfak=2580100
evpreset=10          
roimin=0
roimax=1000
caloff=0.800000
calfact=12.800000
calfact2=0
calfact3=0
calunit=nsec
caluse=1 
[CHN2]
REPORT-FILE from  written 06/23/2026 15:20:15
cmline1=A2
range=1024
active=0
bitshift=4
cftfak=2580100
evpreset=10          
roimin=0
roimax=1000
caloff=0.800000
calfact=12.800000
calfact2=0
calfact3=0
calunit=nsec
caluse=1 
[CHN3]
REPORT-FILE from  written 06/23/2026 15:20:15
cmline1=A3
range=1024
active=0
bitshift=4
cftfak=2580100
evpreset=10          
roimin=0
roimax=1000
caloff=0.800000
calfact=12.800000
calfact2=0
calfact3=0
calunit=nsec
caluse=1 
[CHN4]
REPORT-FILE from  written 06/23/2026 15:20:15
cmline1=A4
range=1024
active=0
bitshift=4
cftfak=2580100
evpreset=10          
roimin=0
roimax=1000
caloff=0.800000
calfact=12.800000
calfact2=0
calfact3=0
calunit=nsec
caluse=1 
[CHN5]
REPORT-FILE from  written 06/23/2026 15:20:15
cmline1=A5
range=1024
active=0
bitshift=4
cftfak=2580100
evpreset=10          
roimin=0
roimax=1000
caloff=0.800000
calfact=12.800000
calfact2=0
calfact3=0
calunit=nsec
caluse=1 
[CHN6]
REPORT-FILE from  written 06/23/2026 15:20:15
cmline1=A6
range=1024
active=0
bitshift=4
cftfak=2580100
evpreset=10          
roimin=0
roimax=1000
caloff=0.800000
calfact=12.800000
calfact2=0
calfact3=0
calunit=nsec
caluse=1 
[CHN7]
REPORT-FILE from  written 06/23/2026 15:20:15
cmline1=A7
range=1024
active=0
bitshift=4
cftfak=2580100
evpreset=0           
roimin=0
roimax=1000
caloff=0.800000
calfact=12.800000
calfact2=0
calfact3=0
calunit=nsec
caluse=1 
[CHN8]
REPORT-FILE from  written 06/23/2026 15:20:15
cmline1=A8
range=1024
active=0
bitshift=4
cftfak=2580100
evpreset=0           
roimin=0
roimax=1000
caloff=0.800000
calfact=12.800000
calfact2=0
calfact3=0
calunit=nsec
caluse=1 
;MCS8 #97 Sversion=1.257 Fversion=3.68
time_patch=1
;datalength=8 bytes
;bit0..3: channel# 1..8 ( 4 bit)
;bit4: edge 0=up / 1=dn ( 1 bit)
;bit5 ..57: timedata    (53 bit), max sweep length 2001.6 h
;bit58..62: tag0..tag4  ( 5 bit)
;bit63:     data_lost   ( 1 bit)
[DATA]
0000000000000016
0000000431bc8959
000000044d5ebb59
00000004efd40379
00000007f2885db9
0000000a09752579
0000000e47337019
000000215739eb61
00000000024bf771
0000000000000181
000000130275bf39
00000016c2349bf9
00000033f7a53f61
00000000024bf771
0000000000000181
0000001a573a7d79
0000001d7094c2f9
0000001d8fa39959
0000001ebdc69959
00000020a2e03d79
00000020f41472d9
0000004698109261
00000000024bf771
0000000000000181
000000256bff2239
0000002613cd29d9
0000002a8cc08099
0000002af24b7679
0000002afe7d3419
00000059387be661
00000000024bf771
0000000000000181
0000002e56b7f2d9
0000003121ffa1b9
000000313c6c9939
00000031d0ee15b9
00000032b58b9039
0000003360329719
000000336aa13dd9
00000034d7c380b9
00000035d05ca8f9
0000006bd8e73a61
00000000024bf771
0000000000000181
000000366e449519
00000036b6ca3cf9
00000036fb136c19
000000379cdea699
000000387b9ba4f9
0000003ad27d5f39
0000003b9f8b7719
0000003ea8da5259
0000007e79528d61
00000000024bf771
0000000000000181
000000451428e4b9
000000474cde2b99
0000009119bde161
00000000024bf771
0000000000000181
00000049216f2f99
00000050f73f20f9
000000a3ba293561
00000000024bf771
0000000000000181
0000005445ce04f9
0000005727fbd439
000000b65a948861
00000000024bf771
0000000000000181
0000005e6edb4139
0000006398c53499
000000c8faffdc61
00000000024bf771
0000000000000181
0000006796404d39
000000696dfe3839
0000006b18c8c439
000000db9b6b3061
00000000024bf771
0000000000000181
0000006def18fbd9
0000006e50819fb9
00000073f02c2059
000000ee3bd68361
00000000024bf771
0000000000000181
00000077fe1a7fd9
0000007896c4de79
000000791f009c39
0000007e42e01599
0000007f7c0b9979
00000080299a6279
00000100dc41d761
00000000024bf771
0000000000000181
000000812e56bc59
0000008317cd1f19
0000008585f4ff59
00000086b91be559
000001137cad2a61
00000000024bf771
0000000000000181
00000091476253f9
00000092735728b9
00000092bf828939
000001261d187e61
00000000024bf771
0000000000000181
00000093f5166759
0000009453867079
00000094ec013239
00000099f820a859
0000009a59029959
0000009bd0a74c39
00000138bd83d261
00000000024bf771
0000000000000181
0000009cb4e20399
000000a11a4410f9
000000a38b0bd739
000000a4725ad0b9
000000a56f39dd59
0000014b5def2561
00000000024bf771
0000000000000181
000000a6777d6e99
000000a8fc15c1d9
000000aa810ccaf9
000000ae09ed89b9
0000015dfe5a7961
00000000024bf771
0000000000000181
000000b1af21bc39
000000b2904ee679
000000b36d7796b9
000000b8093d55f9
000001709ec5cc61
00000000024bf771
0000000000000181
000000b8d26d8fd9
000000b96fb3f359
000000ba56aa3c19
000000bb80401759
000000bc1b123d99
000000bd1f2f9359
000000c0039d5cb9
000000c0e6754339
000001833f312061
00000000024bf771
0000000000000181
000000c683790179
000000c8270e4af9
000000caa91e97f9
00000195df9c7361
00000000024bf771
0000000000000181
000000cce11cdff9
000000cde841c6b9
000000d0ea570b39
000000d148d1bd79
000000d301a27259
000001a88007c761
00000000024bf771
0000000000000181
000000d94ee48db9
000000da558a2f19
000000dc819e0ab9
000000dd23f1d119
000001bb20731a61
00000000024bf771
0000000000000181
000001cdc0de6e61
00000000024bf771
0000000000000181
000000e83f156219
000000eb0c6f2159
000000ec24096df9
000000ece7978719
000001e06149c261
00000000024bf771
0000000000000181
000000f12be4e9f9
000000f223f88eb9
000000f3765d9199
000000f67df3efd9
000000f7d47a85d9
000001f301b51561
00000000024bf771
0000000000000181
000000fe8d6b7279
00000205a2206961
00000000024bf771
0000000000000181
0000010423ecaeb9
000001051e468a79
0000010672e79519
00000106e588d499
00000109f70cded9
0000010b0e37ae99
00000218428bbd61
00000000024bf771
0000000000000181
000001110fdd9d79
000001115f4ac539
0000011196c7b5f9
00000114f4840d79
0000022ae2f71061
00000000024bf771
0000000000000181
0000011708b3b6b9
000001182f800c79
0000011844897b79
00000119116874b9
0000011a4c941939
0000011b300fb819
0000011c20e6fb39
0000023d83626461
00000000024bf771
0000000000000181
0000011efbf34df9
0000011f204d7719
0000011f97d0ce59
000001201c2cf499
000001205e5aa579
0000012639d68579
00000127295b9519
0000025023cdb861
00000000024bf771
0000000000000181
0000012abbc75cf9
0000012d0f632dd9
0000012fd67bffd9
00000262c4390b61
00000000024bf771
0000000000000181
00000132aacabb19
00000134c3f4ffb9
0000027564a45f61
00000000024bf771
0000000000000181
0000013b05819cb9
0000013b6cf8cbb9
00000140f7e79059
000001419f1bd439
00000143dbcba079
00000288050fb361
00000000024bf771
0000000000000181
00000148a32cb059
0000014935355619
0000014d1bcc29d9
0000029aa57b0661
00000000024bf771
0000000000000181
0000014f77827a79
00000150ba4ff459
000001558a036e79
000002ad45e65a61
00000000024bf771
0000000000000181
00000157e2d12d59
00000158c5e18119
000002bfe651ae61
00000000024bf771
0000000000000181
000001670392a519
000002d286bd0261
00000000024bf771
0000000000000181
000001699f806499
0000016ab26c1619
0000016dec7b34d9
000002e527285561
00000000024bf771
0000000000000181
00000172cb7d1ad9
0000017411387979
00000177b3749259
0000017a4369e419
000002f7c793a961
00000000024bf771
0000000000000181
0000017d8b5ae3b9
0000017e0de16379
00000181775a42f9
00000182d03bbb19
0000030a67fefd61
00000000024bf771
0000000000000181
00000185646a57d9
00000188b55644f9
0000018905118e79
0000018a55c457b9
0000018c955b6739
0000031d086a5161
00000000024bf771
0000000000000181
000001920e18ad19
000001922d4c1119
00000195837a09f9
0000032fa8d5a561
00000000024bf771
0000000000000181
000001982c7d35b9
0000019a56f217b9
0000019ac641f799
0000019cf4952639
0000019da26156b9
0000019fb3f2e1d9
000001a02858cb99
000003424940f961
00000000024bf771
0000000000000181
000001a1f6d533b9
000001a252e595d9
000001a69ce27c19
000001a6d8ddef39
000001a84b7f1db9
00000354e9ac4d61
00000000024bf771
0000000000000181
000001aa870b40d9
000001ab2ac7ba19
000001abedb8c1f9
000001ac1a23dfd9
000001acc223da79
000001afb07d7899
000001b168d95239
000003678a17a161
00000000024bf771
0000000000000181
000001b7f110c2d9
000001b8d8373c59
000001b901c46059
000001b99f75de19
000001ba12327399
000001bc0c63e219
0000037a2a82f561
00000000024bf771
0000000000000181
000001bd7bc95099
000001be8293a319
000001bec7ffd8f9
000001befe6c5719
000001c273db1d39
000001c33cb36299
000001c504b9a839
000001c5cf7215f9
0000038ccaee4961
00000000024bf771
0000000000000181
000001cd462177d9
000001ce734b3579
0000039f6b599d61
00000000024bf771
0000000000000181
000001d12f615019
000001d28784b199
000001d4ff45de59
000001d5d442f5d9
000001d81c4d8b99
000003b20bc4f161
00000000024bf771
0000000000000181
000001d9479a9959
000001daceba5479
000001dce87b9db9
000001dddf771999
000001e0b02c3379
000001e1051fd559
000003c4ac304561
00000000024bf771
0000000000000181
000001e66278e499
000001e771ea1339
000001e7fc8e2cd9
000001e8d74cb959
000001e92273d6f9
000001ea6c8b7959
000001eb313831d9
000003d74c9b9961
00000000024bf771
0000000000000181
000001ecb5392fb9
000001ee665cf199
000001ef717feb19
000001effca83b19
000001f0f3d74f79
000001f267d4b4d9
000001f33f9c4279
000001f4a87ced39
000003e9ed06ed61
00000000024bf771
0000000000000181
000001f5eea411f9
000001f64f4b10d9
000001f89b940df9
000001fcc63bdff9
000001fde41ce639
000003fc8d724161
00000000024bf771
0000000000000181
000001ff1c0dedb9
0000020265a47d59
000002030fc96019
00000204c945e199
000002064ebaf939
00000206c5759599
0000040f2ddd9561
00000000024bf771
0000000000000181
00000209a841cc39
0000020a12a68f99
0000020a2eeb5299
0000020a553b0c39
0000020c828b8279
0000020fee138f59
00000421ce48ea61
00000000024bf771
0000000000000181
000002160a8115b9
0000021770ff7979
0000021922a84cb9
000002195c7cee59
000004346eb43e61
00000000024bf771
0000000000000181
0000021c1f9415b9
000002209b62ff59
00000220fde09ed9
000002211ee3a039
000002213b4dfd19
000002232a469199
000004470f1f9261
00000000024bf771
0000000000000181
00000226408adf19
00000226b3770919
00000226d3ae4c19
0000022aba0e0d39
00000459af8ae661
00000000024bf771
0000000000000181
0000022da2d81b79
00000230925dc859
0000023114a902d9
000002328a1fa3b9
0000046c4ff63a61
00000000024bf771
0000000000000181
0000023974706f99
0000023c18c450b9
0000023c8150ab79
0000047ef0618f61
00000000024bf771
0000000000000181
00000240006c5cf9
000002408dac8a99
00000240e3142b39
000002440e8c14b9
00000244936f1af9
00000245cd7ab159
0000024658818c59
00000247654c7f59
0000024814d25119
0000049190cce361
00000000024bf771
0000000000000181
0000024a544c72b9
0000024af8031cd9
0000024c90ba5cb9
0000024e93a60e19
0000025112742d99
000004a431383761
00000000024bf771
0000000000000181
000002537c46f659
00000253fcbcb299
0000025477639419
00000254b48a0df9
000002552ad95839
000002564da4bfb9
00000259ab6ad839
000004b6d1a38b61
00000000024bf771
0000000000000181
0000025bc8cfbb99
0000025cdcb29419
0000025d606707b9
0000025f15bff319
0000026190b64599
00000261d78f1cf9
00000262bab47f19
000002645de3d499
000004c9720ee061
00000000024bf771
0000000000000181
000002686f463699
00000268b64a1159
0000026c3a421219
000004dc127a3461
00000000024bf771
0000000000000181
0000026ef54dcc59
000002756a362799
000002760de8e919
000004eeb2e58861
00000000024bf771
0000000000000181
0000027da710bfd9
0000027e19d32ab9
0000028038e03699
000005015350dd61
00000000024bf771
0000000000000181
00000283a623a1b9
00000284cfca36b9
00000285544b2ff9
00000285c1d6b559
00000287f285d4f9
00000289252fbb79
00000513f3bc3161
00000000024bf771
0000000000000181
0000028e0411e779
0000028f1a635a99
0000028f41621e99
000002906258fe39
0000029160b07359
00000291e87a7219
0000052694278561
00000000024bf771
0000000000000181
00000294422178f9
000002987f2499d9
00000299a83112d9
000005393492d961
00000000024bf771
0000000000000181
0000029dd5dd9099
0000029def097df9
0000029f158ca4f9
000002a24fc3a019
000002a258861e79
000002a27aa30639
0000054bd4fe2e61
00000000024bf771
0000000000000181
000002a671129ab9
000002a6e89e09d9
000002a801c01e99
000002aa0edb9759
000002ab6204c999
000002ae54dbbd19
0000055e75698261
00000000024bf771
0000000000000181
000002b165b58819
000002b3fe207279
000002b40bbedbf9
000002b413bdacd9
000002b551d7bd99
000002b62cb671b9
000002b716a4e999
0000057115d4d661
00000000024bf771
0000000000000181
000002ba65aacf59
000002c1204cfa99
000002c1841b2119
00000583b6402a61
00000000024bf771
0000000000000181
000002c4e9f2eb39
000002c5392040b9
000002c87a3d7c79
000002c8a7f25f59
000002c8b55b7e39
0000059656ab7f61
00000000024bf771
0000000000000181
000002cbb8568859
000002d19b66c8f9
000002d2e7babd59
000002d3b4e365b9
000005a8f716d361
00000000024bf771
0000000000000181
000002d661b36659
000002d958c1b419
000002dd50e67a39
000002dd5ff9da19
000005bb97822761
00000000024bf771
0000000000000181
000002ddf81fb339
000002df1271d9d9
000002df561c3639
000002e22a4ae779
000002e2497316f9
000002e4a3daaa59
000002e4e63f0879
000005ce37ed7b61
00000000024bf771
0000000000000181
000002e98c3cf6f9
000002eb3b28bc59
000002eb3bee79f9
000002ec14a6ad99
000002ee2e2ede19
000002ef94dc8c79
000005e0d858cf61
00000000024bf771
0000000000000181
000002f2d0fe1c39
000002f38c106b79
000002f5ea3d6499
000002f8eeac81f9
000002f92d5124f9
000002f94dc5a9b9
000005f378c42461
00000000024bf771
0000000000000181
000002fa1c5a8059
000002fb181cb759
000002fb3f823d59
000002fbf55294f9
000003005d6e9e39
00000300fbca91f9
000003022f51d539
00000606192f7861
00000000024bf771
0000000000000181
000003048a2560f9
000003089c5d2cb9
000003094fa0f8b9
0000030b6b732af9
0000030bde749019
00000618b99acc61
00000000024bf771
0000000000000181
0000030dd055aa19
00000310329f2959
00000311233d4e99
0000062b5a062061
00000000024bf771
0000000000000181
0000063dfa717561
00000000024bf771
0000000000000181
00000323e3d40939
00000325230cd599
00000325ed664e39
0000032613075979
00000326d5aaaf99
000006509adcc961
00000000024bf771
0000000000000181
0000032b88c2b519
0000032d97a23d39
00000330562c50b9
000006633b481d61
00000000024bf771
0000000000000181
0000033264ee51d9
0000033394706cf9
00000334554c8079
00000335dc467d19
0000033971a7f9b9
00000339bf09cff9
00000339d66964b9
0000033a764307f9
00000675dbb37161
00000000024bf771
0000000000000181
0000033e46852ab9
0000034008a8f1d9
0000034350083679
000006887c1ec661
00000000024bf771
0000000000000181
00000344e4caf959
00000345ba8fefd9
0000069b1c8a1a61
00000000024bf771
0000000000000181
0000034fdcb429f9
0000035446191799
00000354841d33d9
00000354ec78eb19
0000035562036f19
000006adbcf56e61
00000000024bf771
0000000000000181
00000358826f1279
0000035a10e641f9
0000035ad3041939
0000035d9fe502f9
0000035e5288be39
0000035e59a98019
0000035e9ac2e639
000006c05d60c361
00000000024bf771
0000000000000181
000003604d3f7719
00000363cc5e4379
0000036424511dd9
000003681e992b79
000003693de9d1b9
000006d2fdcc1761
00000000024bf771
0000000000000181
0000036cab54a219
0000036dc1a19cf9
0000036de1941399
0000036e3b4a98d9
0000036f265de3f9
0000036ffe8908b9
000006e59e376b61
00000000024bf771
0000000000000181
00000376af4729d9
000003784cf29839
00000379e8066d59
0000037a363a4959
0000037b6fc50b99
000006f83ea2bf61
00000000024bf771
0000000000000181
0000037c202857d9
0000037c383d72f9
00000382ec2ac719
00000384da70c779
0000070adf0e1461
00000000024bf771
0000000000000181
0000038586242359
000003882c870f59
0000038a65f62f79
0000038a933df159
0000038c0bb71c99
0000038d8e7061d9
0000038e26e87719
0000071d7f796861
00000000024bf771
0000000000000181
0000038fb7d5f899
000003946c48d2b9
00000394b00ab639
00000396928db3d9
000007301fe4bc61
00000000024bf771
0000000000000181
0000039cde072399
0000039daf4c0cb9
0000039dc03dbc19
000003a05bcabef9
000003a11269b139
00000742c0501061
00000000024bf771
0000000000000181
000003a37c1e6019
000003aa0cb6c119
0000075560bb6461
00000000024bf771
0000000000000181
000003aae26f4d79
000003aae537b459
000003abf7ac7759
000003aca1dcd7b9
000003b1d87b0d39
000007680126b961
00000000024bf771
0000000000000181
000003b6212d83b9
000003ba04cf3819
000003bb7b6f8039
0000077aa1920d61
00000000024bf771
0000000000000181
000003bfde9f7a19
000003c011ca2079
000003c0aec649b9
000003c56afd3759
000003c5c6837e79
0000078d41fd6161
00000000024bf771
0000000000000181
000003c930489979
000003c94f1c1379
000003ce825d3059
000003cf7839e799
000003cf8a192b19
0000079fe268b561
00000000024bf771
0000000000000181
000003d143330f59
000003d5016ad6b9
000003d66460d5f9
000003d7909000f9
000007b282d40961
00000000024bf771
0000000000000181
000003daa8353cf9
000003db04914039
000003dd2eca3c79
000003de3b9eaf99
000003ded8d76e59
000003defa08ded9
000003dfcee8e659
000007c5233f5e61
00000000024bf771
0000000000000181
000003e344242c79
000003e4904e85d9
000003e63bba7639
000003ea30549cd9
000003ead9634519
000003eaeb9078f9
000007d7c3aab261
00000000024bf771
0000000000000181
000003ed11cd08f9
000003f1be294b19
000007ea64160661
00000000024bf771
0000000000000181
000003f75c7b3779
000003fc35b91219
000003fe3a062999
000007fd04815a61
00000000024bf771
0000000000000181
000003ff3914d779
00000400e8c2dc19
000004015ad5a7b9
00000404b51ec6d9
0000080fa4ecaf61
00000000024bf771
0000000000000181
0000040898ffb339
0000040b0dcd3c39
0000040b191040f9
0000040c72224199
0000040ebfe8ebf9
0000040f2b2b6d59
000004105c9ecd19
0000082245580361
00000000024bf771
0000000000000181
000004141d2f96f9
00000414cc9d0859
0000041677d57099
00000834e5c35761
00000000024bf771
0000000000000181
0000041d8d60fdb9
0000041e984da7b9
0000041ebbb11e99
0000041f51c9ed39
00000847862eab61
00000000024bf771
0000000000000181
00000423cc752739
000004280e68cf99
00000428428f2e59
000004293ec9e1f9
0000042b91d8d299
0000042bb75b8819
0000085a269a0061
00000000024bf771
0000000000000181
0000042d7a0d8959
0000042f31ebfb39
000004309c0dcb99
0000043197677b59
0000043212462f79
000004334f5b9bf9
00000433d81410d9
00000434c3cc81d9
0000086cc7055461
00000000024bf771
0000000000000181
0000043785fc62b9
000004380cbb3879
0000043a1ea0cb19
0000087f6770a861
00000000024bf771
0000000000000181
00000441ef813b59
0000089207dbfc61
00000000024bf771
0000000000000181
0000044a5a8d3959
0000044b2a0d21f9
0000044c4147b599
0000044d64f64a99
0000044e95185299
0000044f4c983e39
000008a4a8475161
00000000024bf771
0000000000000181
0000045496a987d9
000004556ee9ad59
000004571a5b0039
0000045b85843cd9
000008b748b2a561
00000000024bf771
0000000000000181
0000045d0e230939
000004606b70cf99
00000464143d0299
00000464745da459
000008c9e91df961
00000000024bf771
0000000000000181
0000046a7e3b1c59
000008dc89894e61
00000000024bf771
0000000000000181
0000047009e78499
0000047118906a59
0000047147d29559
000004732fa10ef9
00000473b353efb9
000008ef29f4a261
00000000024bf771
0000000000000181
0000047886570959
00000478923f9d19
00000478f33ddd79
00000479fb929b99
0000047b7571a1d9
0000047cd6dfd0b9
0000047d1ce23a59
00000901ca5ff661
00000000024bf771
0000000000000181
00000481a9733a79
0000048310de11b9
0000048412a62c79
000004884777ddd9
0000048863e2b4f9
00000488d07694f9
000009146acb4b61
00000000024bf771
0000000000000181
0000048cf671e439
0000048d3c7408f9
0000048d9eb7dbf9
0000049269200379
00000492c7e8dc79
000009270b369f61
00000000024bf771
0000000000000181
000004948bd414b9
00000496701a7c59
00000496e623b619
0000049752b5ba99
00000499596500b9
0000049a036b08b9
0000049c6611bd39
00000939aba1f461
00000000024bf771
0000000000000181
000004a1623d7ad9
000004a297748239
000004a4b1b0df79
000004a4cbe54459
0000094c4c0d4861
00000000024bf771
0000000000000181
000004a6cef1b259
000004a917354a99
000004a97553aa19
000004aa5eb0ba79
000004aa88bb6a39
000004addee3f6d9
0000095eec789d61
00000000024bf771
0000000000000181
000004b07812bbf9
000004b1c39a2479
000004b384adb119
000004b515e1f759
000004b87372c4d9
000009718ce3f161
00000000024bf771
0000000000000181
000004b9baf71c99
000004b9cc11fe19
000004bb6ba23b19
000004bcf7c7c359
000004bdcdd2f339
000004c14e728359
000009842d4f4661
00000000024bf771
0000000000000181
000004c27a34d6d9
000004c30702e2b9
000004c6a13fae59
000004c76f041819
000004c8c31659f9
000004c8cd2fa0f9
00000996cdba9a61
00000000024bf771
0000000000000181
000004ccbe683299
000004ceda4b06b9
000004d0a7eb6199
000004d1469b2179
000004d16dc1d2b9
000004d2978dc2b9
000004d3123ced19
000009a96e25ef61
00000000024bf771
0000000000000181
000004d865c8d999
000004da6b1fa359
000004dd35455bd9
000009bc0e914361
00000000024bf771
0000000000000181
000004e028cf3f99
000004e6cdb47df9
000009ceaefc9861
00000000024bf771
0000000000000181
000004ed813a4059
000004ee5bb1a199
000009e14f67ec61
00000000024bf771
0000000000000181
000004f0b2622999
000004f1e5682f99
000004f8e4e6ed39
000009f3efd34161
00000000024bf771
0000000000000181
000004fcde795f19
000004fdbbcb9879
000004fdfd5c98d9
00000501a1f760d9
00000a06903e9561
00000000024bf771
0000000000000181
00000506e9d45f99
0000050881ded499
0000050bad6b35f9
00000a1930a9ea61
00000000024bf771
0000000000000181
0000050da59691f9
000005102e95e0b9
00000a2bd1153f61
00000000024bf771
0000000000000181
0000051622ee1759
0000051de5205219
00000a3e71809361
00000000024bf771
0000000000000181
00000520f869f8d9
00000524d9c8bfd9
000005251bbc3ff9
000005253f1ff779
0000052792f7b419
00000a5111ebe861
00000000024bf771
0000000000000181
00000529a6381d19
0000052f15282059
00000530d424ec59
00000a63b2573d61
00000000024bf771
0000000000000181
000005332fb1e719
00000537a62b5259
0000053b0f9ca6b9
00000a7652c29161
00000000024bf771
0000000000000181
0000053d7e8fea19
0000053d8b048b79
0000054088cb6059
00000a88f32de661
00000000024bf771
0000000000000181
00000545ca0d6039
00000a9b93993b61
00000000024bf771
0000000000000181
0000054ea3cbb5b9
00000552a00dc159
00000553fa1e7959
000005545981b0f9
000005560537c0b9
00000aae34049061
00000000024bf771
0000000000000181
00000559528982b9
0000055a4cece819
0000055a4f3cdaf9
000005600ed8fab9
000005605d646039
00000ac0d46fe461
00000000024bf771
0000000000000181
00000562ed444199
00000563f8814519
000005647e631e39
000005656f3a9bd9
00000566124633b9
00000ad374db3961
00000000024bf771
0000000000000181
0000056af075c2f9
0000056b29720879
0000056bc71b5839
0000056e6b9b62f9
00000570ca71b559
00000570f3a72f39
00000570ffb34fb9
000005721ea38e19
00000572b86f5c39
00000ae615468e61
00000000024bf771
0000000000000181
00000574397c2659
00000574e959cc59
0000057627f8eb79
00000aef4ebee261
00000000024bf771
0000000000000181
