[MCS8 A] 97 FW 3.104 SV 1.257 
range=1024
periods=2
sweepmode=27e20d0
fstchan=0
holdafter=0
streamstatus=3
calreg0=0
calreg1=0
calreg2=0
calreg3=0
swpreset=8000        
prena=1
syncout=0
cycles=18
sequences=1
tagbits=16
vdac0=92c
vdac1=807
vdac2=8c8
vdac3=8c8
vdac4=8c8
vdac5=8c8
vdac6=8c8
vdac7=8c8
timepreset=120.000     
digio=0
digval=0
autoinc=0 
savedata=2 
mpafmt=asc
sephead=0 
fmt=asc
smoothpts=5 
[CHN1]
REPORT-FILE from 06/22/2026 16:17:23.304  written 06/22/2026 16:17:23
cmline0=06/22/2026 16:17:23.304 
cmline1=A1
range=1024
active=1
bitshift=4
cftfak=2580100
evpreset=10          
roimin=0
roimax=1000
caloff=0.800000
calfact=12.800000
calfact2=0
calfact3=0
calunit=nsec
caluse=1 
[CHN2]
REPORT-FILE from  written 06/22/2026 16:17:23
cmline1=A2
range=1024
active=0
bitshift=4
cftfak=2580100
evpreset=10          
roimin=0
roimax=1000
caloff=0.800000
calfact=12.800000
calfact2=0
calfact3=0
calunit=nsec
caluse=1 
[CHN3]
REPORT-FILE from  written 06/22/2026 16:17:23
cmline1=A3
range=1024
active=0
bitshift=4
cftfak=2580100
evpreset=10          
roimin=0
roimax=1000
caloff=0.800000
calfact=12.800000
calfact2=0
calfact3=0
calunit=nsec
caluse=1 
[CHN4]
REPORT-FILE from  written 06/22/2026 16:17:23
cmline1=A4
range=1024
active=0
bitshift=4
cftfak=2580100
evpreset=10          
roimin=0
roimax=1000
caloff=0.800000
calfact=12.800000
calfact2=0
calfact3=0
calunit=nsec
caluse=1 
[CHN5]
REPORT-FILE from  written 06/22/2026 16:17:23
cmline1=A5
range=1024
active=0
bitshift=4
cftfak=2580100
evpreset=10          
roimin=0
roimax=1000
caloff=0.800000
calfact=12.800000
calfact2=0
calfact3=0
calunit=nsec
caluse=1 
[CHN6]
REPORT-FILE from  written 06/22/2026 16:17:23
cmline1=A6
range=1024
active=0
bitshift=4
cftfak=2580100
evpreset=10          
roimin=0
roimax=1000
caloff=0.800000
calfact=12.800000
calfact2=0
calfact3=0
calunit=nsec
caluse=1 
[CHN7]
REPORT-FILE from  written 06/22/2026 16:17:23
cmline1=A7
range=1024
active=0
bitshift=4
cftfak=2580100
evpreset=0           
roimin=0
roimax=1000
caloff=0.800000
calfact=12.800000
calfact2=0
calfact3=0
calunit=nsec
caluse=1 
[CHN8]
REPORT-FILE from  written 06/22/2026 16:17:23
cmline1=A8
range=1024
active=0
bitshift=4
cftfak=2580100
evpreset=0           
roimin=0
roimax=1000
caloff=0.800000
calfact=12.800000
calfact2=0
calfact3=0
calunit=nsec
caluse=1 
;MCS8 #97 Sversion=1.257 Fversion=3.68
time_patch=1
;datalength=8 bytes
;bit0..3: channel# 1..8 ( 4 bit)
;bit4: edge 0=up / 1=dn ( 1 bit)
;bit5 ..57: timedata    (53 bit), max sweep length 2001.6 h
;bit58..62: tag0..tag4  ( 5 bit)
;bit63:     data_lost   ( 1 bit)
[DATA]
0000000000000016
000000001e9d0b79
00000001687454b9
000000016f71c039
00000001d56f21d9
00000002724b2dd9
000000032fd27e79
000000036b5bd6f9
00000003ee036d19
0000000461ef4d19
00000004a4d00b59
00000004bf060979
0000000514c71f99
000000056939e4f9
00000005b54a3679
00000006d3945cb9
000000070b6fe139
000000077060e079
00000007d5fe90f9
00000007f95196b9
00000008815b3ab9
00000008adfd3b39
0000000945ccc739
000000094782af39
0000000952996339
00000009c909caf9
0000000a294742b9
0000000ae6fe8fb9
0000000b0840ead9
0000000b6dc2bbb9
0000000bc7451659
0000000c3528be19
0000000c7a2be6f9
0000000c8dcd7759
0000000cc4994699
0000000e80edb399
0000000f1704fcf9
0000000fc9302b39
0000001026beb559
000000106f07d2b9
00000021570ffa61
0000000002267a71
0000000000000181
00000010d77a1159
0000001151f08799
000000118f9acb99
00000011bd851ff9
000000125bcf1e39
00000013b41bce59
00000013bb062219
00000013da29e119
0000001486836799
00000015c35d1a79
0000001652764439
00000016616686d9
000000170dd4c999
00000018053158d9
000000182623ce39
0000001897d88b79
0000001972e45a79
00000019d21429d9
00000033f77aa761
0000000002267a71
0000000000000181
0000001a72518c59
0000001b0a6f2839
0000001b6147d4f9
0000001c487952f9
0000001d5387dbf9
0000001d9c0f66b9
0000001ded2b7819
0000001e36b881f9
0000001f5aa171d9
0000001f67a873d9
0000001fd0ba4b39
000000200bb59ad9
00000020bc3c2e59
00000020dc5001b9
000000211797d359
0000002122231e59
00000021716966f9
0000002229c5e6f9
00000022403a9879
0000002241816859
000000227b16e579
000000234a6feb79
0000004697e55561
0000000002267a71
0000000000000181
000000248f5743f9
00000024d068a819
000000252a66e239
00000025529a2c59
0000002654caa8b9
00000026ea0ae8b9
00000026fd7a4439
0000002702bd7359
000000277a645199
000000277eeddcd9
00000027d4bed7d9
00000027eccd5579
000000284117fd79
00000028bb15d819
000000291c4152b9
00000029650b29d9
0000002a6a3bc059
0000002abf0bd979
0000002aff25daf9
0000002be09d21d9
0000005938500261
0000000002267a71
0000000000000181
0000002c9f8eb8b9
0000002d898407b9
0000002dbd380cb9
0000002dc606fb39
0000003091e644b9
00000030fae69019
00000031071270f9
00000031d2346339
00000032e5fd86f9
00000032ed53fab9
00000033017c58d9
0000003350ed3619
00000033a0724459
000000342cb6af19
00000034fad90a99
000000350bed85f9
000000353bd9b379
0000006bd8bab061
0000000002267a71
0000000000000181
000000361ebcbe99
000000367770e279
0000003729a7af99
000000382683a7f9
00000038277bdf39
000000387befa8b9
00000038d1403099
0000003940317b59
000000394de798f9
00000039c9405fd9
0000003a51ab71d9
0000003a53683719
0000003aca2844b9
0000003ae8edd279
0000003b92509619
0000003b95243459
0000003bce9cae59
0000003c4bfede59
0000003d633de939
0000003d68714f99
0000003deaaef479
0000003ebd7f0799
0000007e79255d61
0000000002267a71
0000000000000181
0000003fae4a5d39
0000003fbfb23819
0000003fcef39479
00000040b0a19439
00000041c0e44439
000000436d72a559
000000440aaf3cb9
0000004416c41099
00000044ecc9b939
000000459f53fe79
00000045e6876959
000000468d642bb9
00000046c8b0c7d9
00000046fc631839
000000476ffff2f9
000000477d2f4999
00000047a7a61f79
00000047e8eaeef9
000000484fa25af9
0000009119900b61
0000000002267a71
0000000000000181
00000049d97e77d9
0000004a104c1859
0000004c024beeb9
0000004c0982cd19
0000004dbadb98f9
0000004dd3415739
0000004e80f51999
0000004ecde10e99
0000004f451e81f9
0000004fd329e479
0000005184114f99
00000051cb73f5b9
000000a3b9fab861
0000000002267a71
0000000000000181
0000005231f59b19
00000052dea61379
000000530bdc0e99
0000005383ddc259
00000054bf684cd9
00000054f534c179
00000055079a70b9
0000005563fdf759
00000055662651b9
00000055ab09e3f9
00000055b5dfde39
000000563874b639
00000056a81c55f9
0000005774b72ff9
00000057df5a0c19
0000005857b88e39
00000059a88608f9
000000b65a656661
0000000002267a71
0000000000000181
0000005ce81437b9
0000005d36294a99
0000005d7ff53b19
0000005dab5e6319
0000005e3d1529f9
0000005e64b3c019
0000005ed8a5c679
0000005fe937b319
000000611a95c779
0000006161734b19
00000061ef94ac39
00000061ff56f559
000000624d8b46b9
0000006279285479
000000629654f699
00000064735e3e59
000000c8fad01361
0000000002267a71
0000000000000181
00000064cc870c59
000000651738a519
00000065a25d74d9
00000066b2842dd9
00000066e589d919
00000067adadad59
0000006841394cf9
0000006916be5699
0000006929f39159
0000006949627a99
00000069b4369ef9
00000069c8486ff9
0000006a0f1cc579
0000006a55005ad9
0000006a95bc9279
0000006abb457719
0000006b5df902f9
0000006c9fc63eb9
0000006cd2cb1e39
000000db9b3ac061
0000000002267a71
0000000000000181
0000006e49da9d79
0000006f08576299
0000006f45afff39
0000006fe35d1179
0000006fe7c39cd9
00000070008a0499
000000700c27d379
000000701769da59
000000704a254839
00000070c8e55419
0000007133d69859
00000071f2422a19
0000007241951179
00000072450006d9
00000073c4ec2799
0000007472ca8099
0000007519409979
00000075846f0099
00000076a4f75db9
000000ee3ba56e61
0000000002267a71
0000000000000181
0000007739381a79
000000774fc33ef9
000000775e6ad899
00000077872e44f9
000000781cb933b9
000000795eb51a39
000000799cf81f39
00000079f6c524b9
0000007a83fefd79
0000007ac8011a39
0000007b233eb319
0000007b279894d9
0000007b573d62d9
0000007b57c75eb9
0000007b59ddd819
0000007b7e64f239
0000007bc8559199
0000007bd3d1a859
0000007c23c04959
0000007d35c62b39
0000007d8790d0b9
0000007dd7b295b9
0000007de9e67d99
0000007e7c57e179
00000100dc101b61
0000000002267a71
0000000000000181
00000080e3b1c959
00000081059bced9
0000008339e56479
000000834dfc6399
00000083926451f9
000000844ef272f9
000000849222ef79
00000084a7385759
000000855b6caa99
00000086313a6a79
000000865315a739
0000008681962399
00000086e3b3b819
000000878ab95fb9
000000883437b799
000000884d144ef9
000000891ac49119
0000008922392379
000000895b8fcfd9
000001137c7ac861
0000000002267a71
0000000000000181
00000089fe4697d9
0000008aba18c6d9
0000008b09106a59
0000008b11137d79
0000008b66d60559
0000008bbd8ddd39
0000008ee65951f9
0000008efa3c56d9
0000008efdb687f9
0000008f52cf2979
0000008f85ebb039
0000008f8f4ab739
000000904d9f7e79
00000090670b4c99
00000090c95412f9
000000912190ba59
000000912588a159
000000917963ed39
000000919f0c1199
00000091b7c74e99
00000091fa277c79
000000929d6800f9
00000092c30786b9
00000092db05ca39
000001261ce57561
0000000002267a71
0000000000000181
000000931b89d3d9
00000094ac09c679
00000094eb0532b9
00000094ffe6deb9
0000009520a64879
00000095856a0899
000000961e311dd9
000000963968ae99
000000970a5104b9
0000009795ca0999
000000979e4b5559
00000097cd96b819
00000097ef86ed99
00000097fbf1b479
00000098d1dd9ad9
0000009917b8bfb9
0000009929ebdbd9
0000009966965759
00000099b01c1859
0000009ae8320a19
0000009b1a1ae239
00000138bd502261
0000000002267a71
0000000000000181
0000009c88ca0cb9
0000009d2bf68319
0000009d30b10c19
0000009e58894459
0000009e89d47199
0000009ee005c5f9
0000009ee184e199
0000009f0b70c659
0000009f401ea3b9
0000009ff4893b39
000000a02cc07159
000000a05b119c39
000000a19f2590f9
000000a1d9a5d099
000000a232d9fe39
000000a2581865b9
000000a30c14a3f9
000000a392949799
000000a516724839
000000a5393fead9
000000a556d00659
000000a55c266519
0000014b5dbacf61
0000000002267a71
0000000000000181
000000a63d2a0899
000000a6b5483279
000000a6da5df4d9
000000a6f38f82d9
000000a8344d40f9
000000a83736b9f9
000000a869df7479
000000a89e500439
000000a8d2d94639
000000a9301b4d39
000000a962a82af9
000000a9dff46fb9
000000aa80319459
000000ab03ee03b9
000000ab1f5ff179
000000ab62637759
000000ab6d727879
000000abfe67efb9
000000ac332cca79
000000ac79101979
000000adc5d02c99
000000ae5d812b39
000000ae8916c799
000000aec40081f9
0000015dfe257c61
0000000002267a71
0000000000000181
000000afcf9510d9
000000b09700b099
000000b0aa8d93f9
000000b163063259
000000b1fa7830f9
000000b20019a259
000000b2bb9a1859
000000b4a89e0e99
000000b4d816c7d9
000000b4d8be2859
000000b4d95a0519
000000b4e280a059
000000b68db685d9
000000b708eed9f9
000000b7570c3059
000000b7db1d0b99
000000b7ed09eaf9
000001709e902961
0000000002267a71
0000000000000181
000000b8772ba659
000000b8df1eee59
000000b8e755b119
000000b908d5cbd9
000000b965906239
000000b9fc428759
000000ba79d59579
000000ba97d6c499
000000bb5d145419
000000bbc6fb8d19
000000bd04822f79
000000bd27f87b59
000000be6f3eda99
000000be79260439
000000bf31cba0f9
000000bf8cc5d579
000000bf906a8df9
000000c060b59059
000000c12d4e87f9
000000c198cc74b9
000001833efad661
0000000002267a71
0000000000000181
000000c1f5385719
000000c20d03e5f9
000000c213bc35d9
000000c2e1733af9
000000c313bd52f9
000000c390e058d9
000000c41bab2779
000000c4d6afb7f9
000000c4f591d5b9
000000c553b1f7f9
000000c58b2e2119
000000c590bf4c39
000000c5baf45279
000000c6de20e7b9
000000c74b69ca39
000000c84a98d1b9
000000c88f70e1d9
000000c8bbc8b799
000000c90784b9b9
000000c90e0eaf59
000000ca53341059
000000ca89493879
00000195df658361
0000000002267a71
0000000000000181
000000cb1248a2b9
000000cbb77b2519
000000cc52a82239
000000cc5d18bb79
000000cc7668ebf9
000000cd1722ad59
000000cdd21e8e39
000000ce95b18e39
000000cf39196c59
000000cfd98937f9
000000d193241359
000000d1dfc7e359
000000d1e369acb9
000000d277fc6139
000000d28c8340d9
000000d28e99b039
000000d2ef143fb9
000000d34c494ab9
000000d37c9e7819
000000d3903254b9
000000d3e25f9c39
000001a87fd03061
0000000002267a71
0000000000000181
000000d4502fea99
000000d491222fd9
000000d4a67103f9
000000d5338f2319
000000d551e39b99
000000d6ee1454d9
000000d752400019
000000d783284bd9
000000d805a92bb9
000000d8d1160f99
000000d8d730be19
000000d8f4a51b39
000000d933999939
000000d9cb517519
000000d9daf5a1f9
000000d9db896bf9
000000dae7f18159
000000db4f00fef9
000000dba4848e19
000000dbf6050799
000001bb203add61
0000000002267a71
0000000000000181
000000de96a4cc59
000000df58506039
000000df69dc81f9
000000dffb859fb9
000000e1a2019e99
000000e23d5b55b9
000000e26f5c8e79
000000e2b383ff39
000000e2d6b06c99
000000e3083954b9
000000e343ca1999
000000e35f5e4899
000000e4e4d615d9
000000e5a7b798b9
000000e614a5e9b9
000001cdc0a58a61
0000000002267a71
0000000000000181
000000e7107659d9
000000e75e7d7099
000000e83d7a19b9
000000ea73fdebf9
000000eac6f103d9
000000ead4df9659
000000eae97019d9
000000eb52a6f3b9
000000eb77263439
000000ebaaef5319
000000ed0bf01899
000000ed605760f9
000000ed63324859
000000ede0c9a7f9
000000ee1d7b46f9
000000eee76eb199
000000ef0baec879
000000ef40333b39
000000ef59e24479
000000ef5e489f19
000000efef0c4039
000000f02c4544b9
000001e061103761
0000000002267a71
0000000000000181
000000f046501d99
000000f0dd69b479
000000f11ecfa259
000000f14948a559
000000f25f3b0979
000000f28097b719
000000f2bf045979
000000f3deadcab9
000000f47c8d5279
000000f578f01a79
000000f612d64a59
000000f67fa40619
000000f68f308ed9
000000f74fcf4e79
000000f7a7fad519
000000f818256cb9
000000f82bdc2099
000000f876e4f719
000000f95edda4d9
000001f3017ae461
0000000002267a71
0000000000000181
000000f9991c7dd9
000000f9dad0b1d9
000000fa15675a59
000000fa2717c559
000000fa45e12e39
000000fa59838c99
000000fac23e3579
000000fb155ae119
000000fb380e7fd9
000000fb4f505019
000000fbe1e528b9
000000fbe277e0d9
000000fc351318b9
000000fcd78153b9
000000fce54ee379
000000fcfef43c79
000000fd55247819
000000fd5e7acd39
000000fdb4679b99
000000fddaf7a7d9
000000febe120019
000000ff79a00d59
0000010005531d99
00000101dc23f599
00000102794effb9
00000205a1e59061
0000000002267a71
0000000000000181
00000103a57332d9
000001046028f239
000001049a7a2719
000001052e7e0719
000001052f7c2ab9
000001055faf8119
00000105687d9859
00000105aaef25b9
00000105ccf2b8f9
00000106106c1219
000001065ebaae39
00000106a408c379
0000010718c574f9
00000107b87a4b59
0000010843f14e79
00000108709f67f9
00000109359c7dd9
00000109ed389699
0000010a4809c7f9
0000010aa78e9b99
0000010ae5518459
0000010aeb621c99
0000010b26c0c6f9
0000010b4e3a7139
0000010b4e3a78f9
0000010bc317ce19
0000021842503d61
0000000002267a71
0000000000000181
0000010c8302bb99
0000010e3453dcd9
0000010e40407b59
0000010e4dcc9bb9
0000010e826f7cd9
00000110bc1b18f9
00000110cebc0b79
000001110d470719
00000111444927f9
000001118bda7819
00000111fb905ab9
00000112031209f9
000001124edab7b9
0000011264b45f39
00000112cd55a419
0000011337fbb2b9
000001133bd0ad19
00000113731e77f9
000001145847a959
00000114e0f937b9
00000115276ec519
0000011545fb10d9
0000022ae2baea61
0000000002267a71
0000000000000181
00000116379d11f9
0000011688dbda99
000001168c9018f9
00000117d106ba79
00000117f3349079
00000118598fb1b9
00000118c01d6459
00000118dd817db9
00000119303ccc99
0000011981c312b9
000001199752a399
0000011aacfd3d99
0000011abd3fe419
0000011ae6ce0a99
0000011b854a1bf9
0000011c236cac59
0000011ca9f71d79
0000011cb68d4579
0000011ccfff8fd9
0000011cd68ba3f9
0000011cfed60a59
0000011e0685e6b9
0000011e1f7803d9
0000023d83259761
0000000002267a71
0000000000000181
0000011ec810e2f9
0000011f904b9559
0000011fa7f23b39
00000120097d0879
0000012073de73b9
00000120df7dbcb9
000001217226d399
00000121a42fb739
00000121fd2a2999
0000012254bb2e79
0000012305860f59
000001238f5d7bb9
00000123ab8abd39
00000123b00663d9
00000123ecddd779
00000124d8336bf9
00000124ef1f6179
00000124f30d44d9
00000125a75e0db9
00000125cdafb4d9
0000012708898679
0000012714c80439
0000012802827ad9
0000012802828259
0000025023904361
0000000002267a71
0000000000000181
000001286353c299
000001286c4dc8f9
00000128bc332ff9
00000128bed2a039
00000128e29845b9
00000129e675f8b9
00000129e6760079
0000012a47f519f9
0000012bc1b80bb9
0000012bcc0c7bf9
0000012bfe5b74b9
0000012c01eb1019
0000012c4c4c3079
0000012c89672979
0000012cf2b9ab39
0000012d3f8ab919
0000012d5a1ec119
0000012dc429b4f9
0000012dcbf0ffb9
0000012dd9c4a319
0000012f0bde66d9
0000012f3c993f39
0000012fc739f4f9
0000012fe22c6cb9
0000013035e88d19
000001309d357979
00000130adb74af9
00000130bba0ced9
0000013105af0899
00000262c3faf061
0000000002267a71
0000000000000181
00000131d3a7fff9
000001321f20ccf9
000001326bba7099
00000132ace1e279
0000013347350d79
0000013393fd3f99
00000133d677de39
0000013409ff1019
000001341b18f1b9
0000013465c5fcd9
000001351ce9c0f9
00000135840a04f9
000001358e619cb9
0000013668d547b9
00000136946c9fb9
00000136fce81979
000001374bf11099
000001375005bad9
00000137ddfdc6b9
000001386b658139
00000139c5f820f9
00000139dd9e7559
00000139f2a3f2b9
0000013a24c3afd9
0000013a503907d9
0000013a7242d979
0000027564659c61
0000000002267a71
0000000000000181
0000013b87650a59
0000013b974dfa39
0000013c9eacfef9
0000013cd53111d9
0000013d53b61079
0000013fc31aca79
000001401c7a7df9
000001409b9e3fd9
00000140f7e6c3f9
0000014117973eb9
000001413a666b79
000001417110cad9
00000141804c4199
0000014204b31199
000001421a6d7639
000001421ebc8379
0000014229aabff9
000001433c6077f9
000001436e23c999
000001438ca5e3f9
00000143ab5aed99
00000143c29626f9
0000028804d04961
0000000002267a71
0000000000000181
00000144293dc859
00000144911590f9
000001450d7c4c39
000001455d546059
00000145cae82379
000001463782e2d9
00000146ad015b39
000001476848f759
00000148544cb7f9
0000014872665a19
00000148e446ec39
00000148f8807c59
0000014a00b64cb9
0000014a04e99ff9
0000014a474d5d99
0000014a64be18b9
0000014a84c09939
0000014b15fa2bf9
0000014b22e34739
0000014bb19f1e79
0000014c72400859
0000014c9379c479
0000014c9acd6cd9
0000014ca7cafa39
0000014cea4cbf39
0000029aa53af561
0000000002267a71
0000000000000181
0000014da8517e79
0000014dacd5c1b9
0000014dfc526cb9
0000014e3ca34899
0000014e919ec9b9
0000014f0750f2f9
0000014f08ba9279
000001504ce0c319
000001505bd28df9
000001511e226fb9
000001511e82e3b9
0000015159929ed9
000001516e482559
00000151c41ac7d9
000001520a742439
0000015221c791f9
000001525bcd6af9
00000152ebcb53d9
00000153f065bbb9
000001543d61e099
000001543f8baf39
0000015476e955f9
000001554305a299
000001559ed8ecd9
00000155fe588899
000001567fb4a179
000002ad45a5a261
0000000002267a71
0000000000000181
00000156c91e0499
00000156dad4fb39
00000157b14f4c19
00000157fa922ad9
0000015814daa299
00000158c7eb9899
00000159d37746b9
0000015b672071f9
0000015b7fc8b6d9
0000015dca5d9339
0000015e133df6b9
0000015e1a17df99
0000015f61e09dd9
0000015fd4f44839
000002bfe6104e61
0000000002267a71
0000000000000181
000001612b0035f9
000001613a0cd699
00000161e7fcca59
000001623a246139
0000016244187b39
000001625b7367f9
0000016281d14299
00000162cf9d2419
00000162ff6ea739
000001635bd30f79
000001636190d119
00000163aded2a19
00000163dff6f959
000001645b94e919
00000164d82e4139
000001658a154fd9
00000165cd32f759
0000016698451939
00000166c59d4739
000001680106c3f9
000001687438c399
00000168a7e4c919
00000168fdd13db9
0000016918657a79
000001691be6e0f9
000002d2867afb61
0000000002267a71
0000000000000181
000001699f189d19
00000169e5c51419
0000016a933260f9
0000016ad7fa6b59
0000016ba2d3dd99
0000016bc8acb719
0000016bd4433bf9
0000016c3bd9f679
0000016d7c23aaf9
0000016dd5586ed9
0000016e3c1681f9
0000016e6c41c119
0000016e81979579
0000016f23700479
0000016f9eb3a279
0000016fd2d2e6d9
0000016ff094e899
000001705d6ce219
0000017087256099
00000170e1cc87d9
0000017124cd79f9
0000017188fe42d9
00000171a7b17df9
000001724c431cd9
000002e526e5a761
0000000002267a71
0000000000000181
00000172b33f7019
00000172e7695899
000001739a7236d9
00000173c9330f59
0000017556ba43f9
0000017669b4f659
00000176f159eb39
00000177476c0d19
00000177fe2fa8b9
000001786debc9b9
00000179529c3139
00000179757eea39
0000017ab7e53479
0000017ac99e5b59
0000017b1d00ad79
0000017b70169e39
000002f7c7505361
0000000002267a71
0000000000000181
0000017c79ca47b9
0000017d30cbdb99
0000017d788bdd79
0000017e5f6d5d79
0000017e752146d9
0000017e8d8534d9
0000017f832b4d99
0000017fa3f48dd9
0000017fbd9698b9
00000181714dcb79
000001818d82ad99
00000183c121a1f9
00000183fc800219
0000030a67bb0061
0000000002267a71
0000000000000181
00000185348d2979
0000018548219219
0000018577db7c19
0000018592c24f19
00000186315fecd9
0000018652f50c79
000001866cb2e099
00000189b7302539
0000018a182b2879
0000018a3a4eeff9
0000018a430370b9
0000018a496bf4f9
0000018a80471f99
0000018aba2141f9
0000018b3f403859
0000018b6fa103b9
0000018bceb28819
0000018c3844f799
0000018ca3879fd9
0000018de47cac59
0000018e40da1e59
0000018e4d593579
0000018e6d7ddbf9
0000031d0825ac61
0000000002267a71
0000000000000181
0000018f275ee899
0000019009543db9
000001906014d479
00000190e720eaf9
00000190eb56be99
00000191af79bb19
0000019250b51d79
0000019268ce7759
0000019286c81659
00000192e4947979
000001941a0b28d9
000001942bde97b9
00000194caa45c59
0000019502b51b59
000001955a4c6f19
000001958f20bd59
000001961fc3b879
00000196cc102a99
00000196d857c979
0000019724ca1b99
000001972a8d5ed9
000001978a454e79
0000032fa8905861
0000000002267a71
0000000000000181
00000197e1c801b9
00000197fedce339
00000198f630f039
000001995f712719
000001997c6d8dd9
0000019ad1a10559
0000019ad6d463d9
0000019bb3467659
0000019bb75dd1d9
0000019bbe725f19
0000019bfb91a0d9
0000019c1599a439
0000019c2db79fd9
0000019d9045de99
0000019e17d8d699
0000019e3979f259
0000019e4bf46c59
0000019e521d6af9
0000019e8e2d9899
0000019eece1def9
0000019f011a8d79
0000019f88402b59
0000019f8a122d59
0000019f8c2e97f9
0000019fe25171b9
000001a015103619
000001a044067259
000001a08f680659
000001a1095b9c39
0000034248fb0461
0000000002267a71
0000000000000181
000001a1496ab399
000001a162157ff9
000001a170f27c79
000001a18e12e239
000001a19b1ec2d9
000001a1b84bdb39
000001a1d1e92bb9
000001a22387ecb9
000001a23cfba879
000001a2551bc619
000001a28ba55639
000001a2ce23d2b9
000001a331f9abb9
000001a34a33f1f9
000001a353fb2b99
000001a41beb7999
000001a60a2daa19
000001a63b4fdd39
000001a6aec7a359
000001a6ceacf219
000001a7579ce7f9
000001a7ec3806f9
000001a80e5cd099
000001a8c967b519
000001a90ae0ba19
000001a945b9e559
000001a9cf0415f9
000001aa50de3919
000001aa636e28f9
00000354e965b061
0000000002267a71
0000000000000181
000001aab4e9f119
000001ac30b227f9
000001acc70598d9
000001ae6565aa39
000001af96d62e39
000001b0352becd9
000001b170952539
000001b2fc56a8b9
0000036789d05d61
0000000002267a71
0000000000000181
000001b4680adfd9
000001b48170d039
000001b5041cb839
000001b505756a99
000001b559c169d9
000001b58eac48f9
000001b5a3015079
000001b5f055f3d9
000001b78063ded9
000001b8115cb4f9
000001b83208f919
000001b8735d3099
000001b87c52e3b9
000001b92885c079
000001b935a7db99
000001b997dc64d9
000001b9bab204d9
000001ba445f0059
000001bb169d7399
000001bc127b0719
000001bc15699d19
000001bc1fde08f9
000001bc99f10e59
000001bcf23042f9
0000037a2a3b0961
0000000002267a71
0000000000000181
000001bd2711fc19
000001bd4235d619
000001bd8ab6a059
000001bd9cec17f9
000001be97e90659
000001beb3e5bb79
000001bf089aea99
000001bf76347939
000001c007d83499
000001c20447eeb9
000001c296b97fb9
000001c2d091e9b9
000001c2ffb219d9
000001c3003a2439
000001c30df7bbd9
000001c341a5f039
000001c3ce984bb9
000001c482b64499
000001c551114299
0000038ccaa5b561
0000000002267a71
0000000000000181
000001c731a31379
000001c818788e39
000001c834031f99
000001ca46af7679
000001cab573ae59
000001cb782d59b9
000001cc358ba3b9
000001cc3745c579
000001ccc21bf8d9
000001cce80ef639
000001cdd998daf9
000001ce72631019
000001ce856cb9f9
0000039f6b106161
0000000002267a71
0000000000000181
000001d0409af139
000001d04988c639
000001d100481979
000001d15dd94a59
000001d31c01e0b9
000001d3a88123f9
000001d3b6122ed9
000001d52bacd3f9
000001d53e2c8559
000001d56aebcdf9
000001d57d3fae19
000001d58d367359
000001d5e8b185b9
000001d621292599
000001d6483a99f9
000001d68fab7bf9
000001d6e10001d9
000001d706f3fd19
000001d74cdd4579
000001d87f1e4d39
000001d89172eff9
000001d8e19d2cf9
000003b20b7b0d61
0000000002267a71
0000000000000181
000001d9205169d9
000001d99276edb9
000001d9f7ff9639
000001da0e599f59
000001db3d5c1bd9
000001dbe9db8479
000001dc63cfe0b9
000001dcbd8e5e39
000001dda7940339
000001de1203bf19
000001de3f9cd719
000001df4f14a2b9
000001dfba82ddf9
000001e05ddbeab9
000001e0fa3ea1b9
000001e179725c19
000001e1eb067df9
000001e2108d8d99
000003c4abe5b961
0000000002267a71
0000000000000181
000001e39549e719
000001e39965b119
000001e41497cd39
000001e4f45991f9
000001e5ac607059
000001e685f24c79
000001e69e9f1ff9
000001e6ca1f0fd9
000001e75fae9479
000001e91a41dad9
000001e995fb8019
000001e9af8158f9
000001ea478848b9
000001ea505c5fb9
000001ea9c40b959
000001eaa4acb739
000001eaee6dc8f9
000001eb1d15bd39
000001eb4088c6f9
000003d74c506561
0000000002267a71
0000000000000181
000001ebc8dd2959
000001ebf0b44d59
000001ec873e22d9
000001eca3d79359
000001eda3d0c679
000001ede916f379
000001edf8121539
000001edfaebbd79
000001ef55f38d19
000001efbc0ca359
000001f055a381b9
000001f07910c799
000001f0f126ec19
000001f174c32e59
000001f17bc60a79
000001f1f55443b9
000001f2143589d9
000001f2d02fe9d9
000001f369f12a59
000001f37fac3319
000001f38bb2a379
000001f3a8adf4d9
000001f3ced6c999
000001f4630f36d9
000001f49d048ef9
000003e9ecbb1161
0000000002267a71
0000000000000181
000001f6b7505b59
000001f771253839
000001f797b74439
000001f7b63f7c19
000001f7f5309d99
000001f9219e9719
000001f98c1789b9
000001fa44bca2b9
000001fab1cd7259
000001fabdde7c79
000001fafced7c39
000001fb33321fb9
000001fbcb6e0719
000001fc3bd82799
000001fcea4c3a79
000001fd08dd9399
000001fe208c8979
000003fc8d25bd61
0000000002267a71
0000000000000181
000001fe7a820c39
000001fe8154d4f9
000001fe8a583579
000001feb3fccbb9
000001ff169d4e59
000001ff351ccad9
000001ff437b0c99
000001ff9784b219
000001ffbff09019
000001fff60b1c99
0000020038bae979
0000020142b66e99
000002027d699059
00000202a7c34499
000002042fc72a79
0000020454c534d9
00000204f791dd79
000002053df209d9
00000205c153a239
0000020692615559
00000206cb47d5b9
00000206fab7fd99
0000020788df9ef9
0000040f2d906861
0000000002267a71
0000000000000181
000002081bb2c359
0000020881c5a279
000002088dc69ef9
000002089574dd79
00000208d26e75d9
0000020974e7aaf9
0000020988b43f19
000002099eebb959
0000020a703897b9
0000020bfa52f199
0000020c348c7eb9
0000020c89e46579
0000020cb173d719
0000020d6bc92b19
0000020d8866c879
0000020e088d1ef9
0000020ec696b459
0000020ef1ebbcb9
0000021011588979
0000021062c843d9
00000421cdfb1461
0000000002267a71
0000000000000181
00000210f7fa33b9
00000211eca49db9
00000212929662d9
00000212cf6fc299
00000212f37e10d9
00000213544186d9
00000214af289a59
00000214b8cee679
000002153a761eb9
000002158931e9f9
0000021611ea6479
00000216172ac959
00000216e7906eb9
00000216f9af2db9
000002170deebc99
000002172e7dae59
000002173106d1f9
0000021731b44639
00000217b1d465f9
00000217cd2feb79
00000217ff26a139
00000218a51ae519
00000218f83db859
000002191564e1f9
000002196f4760d9
000004346e65c061
0000000002267a71
0000000000000181
0000021a972fe6f9
0000021ae2533f79
0000021b421ada39
0000021cf5fc8339
0000021d048bd959
0000021d10c2af59
0000021d192048f9
0000021dd0e1aaf9
0000021e5ff94b99
0000021e7336f879
0000021f356d20f9
0000021f36a99259
0000021f391074f9
0000021f4ca9f7f9
0000021f6ae81919
0000021f8ef5c319
0000021f8fbe9b99
0000021faa1a9959
0000021fad60fc39
00000220a1534f99
00000221749c2c99
0000022179963f59
000002219355e3f9
00000221c61b7339
00000222e6d15819
0000022343e27799
0000022371edd6b9
000004470ed06c61
0000000002267a71
0000000000000181
00000224dfa1dff9
000002256e5f3cf9
00000225eb068239
000002261bc76079
00000226a85efbf9
000002272552ed19
0000022766cc4359
00000227ad284559
00000227c36d38b9
00000227d8f16bd9
00000228423a9cf9
000002291eee9799
00000229ae595af9
0000022ab84dc839
00000459af3b1861
0000000002267a71
0000000000000181
0000022e049abdd9
0000022f0b193fb9
0000022fede07299
0000023011247df9
000002301a394379
0000023089783fd9
0000023098ee0019
0000023193a16179
00000231a165ccd9
00000231fa340c39
000002320f03a879
000002326a450919
000002327c4a5959
000002339c803a99
00000233a6c1d639
00000233d94a7859
000002342a1b3eb9
00000234fb872df9
00000235aafdcb39
00000235bae4a739
0000046c4fa5c461
0000000002267a71
0000000000000181
00000236993450f9
0000023761980cf9
000002378ddaa659
00000237903e4159
00000237a2725079
00000237adfc4539
00000237bb7539d9
0000023879f31a99
000002390fefb779
00000239f7b6cbb9
0000023a5cab1719
0000023a76224199
0000023ac7ed6539
0000023ba6cbf079
0000023c56cb40b9
0000023cb203b4b9
0000023d707ac479
0000023dd86c9359
0000023e4e224e79
0000023e5f5ed899
0000023e92d3a459
0000047ef0107061
0000000002267a71
0000000000000181
00000240e40dd459
00000240f120e199
000002414fb35bf9
000002415639e099
000002417bba4eb9
000002422099d159
000002426e811099
0000024284d00ab9
000002441b67a5f9
000002445a56f999
00000244cf5c3cd9
000002452ff5fbf9
000002454be81839
00000245e8b32219
000002460d322a19
000002461935de99
000002463d8dba39
000002474d8af859
00000247b186a2d9
000002484a1a91d9
00000491907b1b61
0000000002267a71
0000000000000181
0000024934d33019
0000024943a4ac19
00000249e9f0def9
0000024a5b7bac79
0000024af03d2939
0000024af3423d19
0000024c099ed3d9
0000024c1d681d39
0000024c4ef70639
0000024dff6c6239
0000024e230c1199
0000024e2e452b19
0000024ec3504639
0000024edce88239
0000024f77eb6459
0000024fd0378e99
000002506625e1b9
0000025095b96919
00000250be103dd9
00000250c8d40439
00000250d08e5539
000002511c7e3e59
00000251e471ebb9
000004a430e5c761
0000000002267a71
0000000000000181
00000252af90b759
00000252b1894d79
00000252c270c339
000002541065b499
0000025425bef899
000002545ef62b39
000002548442a6b9
00000254a27b7bd9
00000254b0d43a59
00000254b660b139
00000254e75ef4b9
00000254ed08d3d9
000002564382fb19
0000025659c301d9
00000256e81957f9
00000256ff084119
0000025779169319
0000025787aa49d9
00000257c90e9019
00000257eb328059
000002586f471839
00000258d42b3a59
000002596609f8b9
000002598b2cc619
0000025a865a22f9
0000025b024dea39
0000025b165e5b59
0000025b2c41f479
0000025b5b1b9219
000004b6d1507361
0000000002267a71
0000000000000181
0000025babf913f9
0000025c0bf9d199
0000025c2da13b39
0000025c895a85f9
0000025d39f891d9
0000025d7f947d79
0000025d7f949d79
0000025d923d4c59
0000025da20072b9
0000025da5126e79
0000025dd2064999
0000025e18337539
0000025ec1935699
0000025ef4da5399
0000025f6e095159
0000025f769d95b9
0000026039d50279
00000260a8438b39
00000260c1ac2179
00000261ab3ffed9
00000261bcc68d39
000002620a342fd9
00000262c97bae79
000004c971bb1f61
0000000002267a71
0000000000000181
00000264f0c91c79
0000026527aedc99
000002653fb1b019
000002668a2d43d9
0000026691f41fb9
0000026726918e39
0000026835e32919
00000268f9101ad9
00000269b1dd1499
0000026a2ac718f9
0000026a4f965c19
0000026a8ac9f2b9
0000026ab7576059
0000026aca390799
0000026b9eb8e2d9
0000026c4e0a6f39
0000026c5aa375d9
0000026c9a1854f9
0000026cb0f6e019
0000026d761d6919
0000026dab05a359
000004dc1225ca61
0000000002267a71
0000000000000181
0000026ea27e4939
0000026f94e772f9
0000027087740ed9
0000027159c2bad9
00000271ab69c4d9
00000272f65f4939
000002737cb16719
00000273fed467b9
000002742c2db3b9
0000027476978779
0000027476979699
00000274a9d3c8d9
000002751c85d079
00000275210c1a79
00000275a317de59
00000275cecc67f9
000002771d18e3f9
000004eeb2907661
0000000002267a71
0000000000000181
00000277721c5599
000002784bfcbef9
0000027998f6dab9
0000027b41720e99
0000027b4c49b119
0000027c06858879
0000027c6d0b8f19
0000027c80ad8439
0000027cc1a6dbd9
0000027e948c3df9
0000027ead3aa0b9
0000027f9cee70d9
000002803a401bb9
0000050152fb2261
0000000002267a71
0000000000000181
00000281374ec0f9
000002815b26bbb9
000002815f8e7cd9
00000281f720bdb9
00000282149d5dd9
000002824c529699
00000282c5d80719
000002833a8f5599
0000028398d4b5d9
000002840ad6b659
000002843ee65219
0000028453a2a659
0000028455580bd9
00000284aeaf1ed9
00000285f94bea79
000002872b7c4d99
000002879a1008d9
00000287c0a666d9
00000287d88746f9
00000287f1a48e59
0000028812142e39
00000288cd593bd9
00000289261f9379
00000513f365cd61
0000000002267a71
0000000000000181
0000028a00f32b39
0000028a61a1a899
0000028a65983799
0000028bb5575599
0000028bca8f0019
0000028bfb311d99
0000028cd5b02c19
0000028d13bc3239
0000028d9c513e19
0000028dfc0b60d9
0000028e536a3e59
0000028eb5724ed9
0000028ec8a1bf79
0000028ed6d875b9
0000028f4b1d22b9
0000028f53bf33b9
00000290426700f9
000002905249d9b9
00000290ba9c8e79
00000290bcbb8759
00000290be5eaf79
0000029180beaad9
00000291f0a4d7d9
00000291fc5c0479
000002921f136f19
000002923b1c6dd9
000002931cae4579
0000052693d07961
0000000002267a71
0000000000000181
000002937880ccb9
00000294d1de0879
0000029510cd7a99
000002957348f279
00000295d8e30af9
0000029630fc3e39
00000296be09d499
00000297447948b9
000002975aaee359
00000297973c5b79
000002987d92a679
0000029a4f3e6cf9
0000029a82d9f0b9
0000029a8e278539
0000029abc4b2bb9
0000029b12258079
0000029b6fc04559
0000029b7417e699
0000029c27285fd9
0000029c62167ed9
0000029c954279d9
00000539343b2461
0000000002267a71
0000000000000181
0000029da9ea1a99
0000029e0af40d59
0000029e9dec5499
0000029f1ce62599
0000029f2ebcb899
0000029fa02070b9
0000029fb33e0f99
000002a0338852d9
000002a0de0d6579
000002a133219b79
000002a1f9461c19
000002a200cc1939
000002a2652da999
000002a28d2114d9
000002a2e48723f9
000002a330f68159
000002a38602edf9
000002a3c0f215d9
000002a3ce0dad99
000002a44d812a59
000002a490be3579
000002a4f46b16b9
000002a5a4542af9
000002a5ddad97f9
0000054bd4a5d061
0000000002267a71
0000000000000181
000002a796d8c179
000002a7a9f9feb9
000002a80e233b19
000002a8afca3ab9
000002a8c002c719
000002a90fc86fd9
000002a9dd86ce99
000002aa0cd8d339
000002aa17164fb9
000002aa3289f9b9
000002aabf71bdd9
000002aae677eeb9
000002ab42048559
000002ab8ec41459
000002abacf66f59
000002abae9058f9
000002abf21bea59
000002abf730ed39
000002ac3b963279
000002ac766f3499
000002acee853119
000002adf78f0439
000002ae29211259
000002ae9eb92b39
0000055e75107b61
0000000002267a71
0000000000000181
000002af7d0ca3f9
000002af8256ead9
000002b0a689c759
000002b0e679b7d9
000002b17c7bd479
000002b18cd75ed9
000002b1bfbd47d9
000002b1d16e6879
000002b1eae69659
000002b1ed1f50f9
000002b1f07fe759
000002b23f59dd99
000002b273c88159
000002b3fc6a9d79
000002b59884d059
000002b5a20ea119
000002b65c9f84f9
000002b67540d539
000002b74f458999
000002b7aa5dae99
000002b7c9605799
000002b87cbc9899
00000571157b2761
0000000002267a71
0000000000000181
000002b8bbc3cc39
000002b937968f59
000002b93ffc2259
000002b94c16aeb9
000002b956044cb9
000002ba14fd5fd9
000002ba527e50b9
000002bad0845239
000002bb87b1f999
000002bbc151bcf9
000002bc2273e0b9
000002bcede9d1d9
000002bde85a3b79
000002bee4882699
000002c001c0e319
000002c03f8b86f9
000002c0c6eb06d9
000002c0fc575c19
000002c115792e99
000002c120716cf9
00000583b5e5d261
0000000002267a71
0000000000000181
000002c1df9a91b9
000002c2f3671459
000002c4e18f9199
000002c4ff7e73f9
000002c50f00e279
000002c5362aaf59
000002c53eeb1b59
000002c576c945b9
000002c6bd2f7b39
000002c7073dfbb9
000002c74c7c0339
000002c7e47cb679
000002c8665b3519
000002c8a4ffe519
000002c933a2c9d9
000002c9a5834fb9
000002c9b1753619
000002ca05ecf7f9
000002ca9c9c5499
0000059656507d61
0000000002267a71
0000000000000181
000002cbee49ae19
000002cc29ddc479
000002cc3b2b1ab9
000002ccbb62d0b9
000002cd0274c979
000002cd08650a99
000002cd413e1559
000002cd8b1c4e59
000002ce506ac479
000002cf6d9a0af9
000002cf6d9a1c99
000002d099c78239
000002d0bf580379
000002d0efae2b79
000002d10ea6a559
000002d10f281f79
000002d12a7d19b9
000002d1aeb43179
000002d1fdfe1959
000002d2344abc99
000002d321142959
000002d3232dde59
000002d341f016b9
000002d3484fb159
000002d430485059
000002d441b08079
000005a8f6bb2861
0000000002267a71
0000000000000181
000002d592c9ec99
000002d59bcd4e79
000002d59d994239
000002d5deb24f59
000002d62cd8d2b9
000002d670e8e9f9
000002d68e8a84b9
000002d6b82aa1b9
000002d70296df19
000002d88ddb9199
000002da3e2c98b9
000002db6c412a59
000002db7590ff19
000002db9e24c499
000002dbcb900019
000002dc3c145699
000002dc4332acf9
000002dcfb7ced99
000002dcfbae5779
000002dd554661b9
000005bb9725d461
0000000002267a71
0000000000000181
000002ddceb3e639
000002ddd13d65f9
000002ddd48354f9
000002dfa498acb9
000002dfd5835e19
000002e081e58259
000002e0dfca63f9
000002e0f4dd0519
000002e100466f79
000002e1d2d2a3d9
000002e226eac9b9
000002e298ffcf39
000002e2d1ca21b9
000002e2e3496e59
000002e2eda88399
000002e3bb9c7c19
000002e40cde44f9
000002e51a7050d9
000002e53f898b39
000002e5486b8999
000005ce37907f61
0000000002267a71
0000000000000181
000002e789cfdf59
000002e803f54ab9
000002e8a4250ed9
000002e8ef380119
000002e9176e0559
000002ea9791eb59
000002eaa959bf39
000002eaeb90cad9
000002eb5946f719
000002ec292f7d39
000002ecb82b7399
000002ecf0405219
000002ecf758a4d9
000002ed308b05d9
000002ed3607ffd9
000002ed431854f9
000002ed6c1141b9
000002eda6e26c99
000002edbe9bd6f9
000002ee001c3239
000002ee790940b9
000002eec657bdb9
000002eee6486079
000002efe8549f79
000002f035281a79
000002f04afff119
000005e0d7fb2a61
0000000002267a71
0000000000000181
000002f0817ef959
000002f1d5ea2499
000002f260e1af59
000002f2905be2d9
000002f2c2e49ed9
000002f2d2b6f7d9
000002f374ca52f9
000002f3efb19619
000002f400e4f579
000002f43765cad9
000002f464f9ab99
000002f4c4378499
000002f4fbd2a759
000002f5c98be559
000002f63bc5c859
000002f6a01e88b9
000002f74976f239
000002f758d64499
000002f771dc8359
000002f7d3266e79
000002f84b4f2d79
000002f9a7522d59
000005f37865d561
0000000002267a71
0000000000000181
000002f9be5ab9f9
000002fa37c07579
000002fa3e344259
000002fab5bf3819
000002fb06ce1c19
000002fba5a50719
000002fba7df5359
000002fc21517739
000002fc45e77dd9
000002fc712ee359
000002fc853a5179
000002fd2a114ff9
000002fd5247ca59
000002fda25b8779
000002fdb4e08df9
000002fe465e66d9
000002ff0cec34f9
000002ff126a8419
000003011214f999
000003013e531d39
00000301bff89cf9
00000302e84c3db9
00000302ebf791f9
0000060618d08061
0000000002267a71
0000000000000181
0000030366341019
00000303a577f299
000003058b27c8f9
000003058bf5c799
0000030635ca2139
00000306996962b9
00000306cf502a39
00000307ca6ef879
00000308bc3f92d9
00000308d9e3ec99
00000309bd4e3e79
00000309f5d20f19
0000030b26b844b9
0000030b9673fe99
0000030c59e9e939
00000618b93b2b61
0000000002267a71
0000000000000181
0000030cbed72d59
0000030d2501b679
0000030e39984db9
0000030e4ee9c419
0000030e78814c79
0000030f6b029c59
0000030f6f037159
0000030f82c014b9
0000030f85e9fa79
0000030fae2f3a59
0000030fd6aa8419
000003101dba8c59
00000310bfacc619
00000310f4ab4ab9
000003115553ef39
000003116899a099
000003116a37c0f9
000003120201a1b9
00000312050c56b9
0000031217282e39
000003128ff5ad19
000003129a6b53d9
0000031342ed0dd9
00000314258dab39
000003142e590619
0000031574b65019
000003159a2cde39
0000062b59a5d661
0000000002267a71
0000000000000181
00000315afae9e19
00000315bcb574b9
000003165087f3d9
000003189864db59
00000318fecbf5d9
00000319100154b9
000003192b04b199
00000319c5988af9
00000319ea7843b9
0000031a030cfa79
0000031a7e981499
0000031bb13c8019
0000031bb358dc19
0000031c99782a39
0000031e06ec6a19
0000031e50ab5019
0000031e74c9ab39
0000063dfa108161
0000000002267a71
0000000000000181
0000031f1b85e219
0000031f6a3e07f9
000003201c462479
0000032030b41fb9
000003206f2c27d9
00000320cd0e6699
00000320ec16a3d9
00000321114e37f9
000003217c74e6f9
000003219c2f9119
0000032297570019
000003230b2b8599
00000323706931d9
00000324ea79f139
0000032548505839
000003257177e3b9
0000032618a7ddb9
000003263c48f8d9
00000326b6532a39
00000326ff336619
00000327110cded9
00000327945550b9
00000327f2db7499
000006509a7b2c61
0000000002267a71
0000000000000181
00000328593d04f9
000003290e4ecef9
0000032a239ec2d9
0000032b06fff259
0000032b7a3c0939
0000032bbaa026d9
0000032cb808de59
0000032cf0ba1c99
0000032d3b36def9
0000032d96bb1dd9
0000032e85c78d39
0000032f56bf9679
00000330fe2cddb9
0000033113438819
000003315f802679
000006633ae5d761
0000000002267a71
0000000000000181
00000331cb397f39
0000033200e66079
00000332301e59f9
000003324b80ced9
00000332de34acd9
00000332e249ae59
000003338051a7d9
00000333b4c0f4d9
000003342caba459
0000033443ef5ab9
0000033615cf8d99
0000033627508d39
000003369e89ded9
00000336d52d21d9
0000033741492fb9
00000337b06eacb9
00000337c14a3159
00000337cdb390b9
00000337d889b019
0000033876a93a99
0000033878bfd859
00000338f7115699
0000033955e05f99
0000033a00c54539
0000033abcf59b19
00000675db508261
0000000002267a71
0000000000000181
0000033c4b5eba19
0000033d05891bb9
0000033d231f0c59
0000033da6bf2379
0000033f2e0b25f9
0000033f5a9d9699
0000033f964c9bb9
0000033fbad52739
000003400fbecb79
00000340156e4159
0000034208678d59
0000034218c9dd19
000003424e1c02f9
00000342b18aedd9
000003430f772ff9
0000034320537dd9
00000343c9e91139
00000344066cbd39
000003440fb805d9
0000034434e63959
0000034434e655d9
000006887bbb2d61
0000000002267a71
0000000000000181
0000034465f1c919
0000034471cab2f9
00000344edb3cb79
00000345147974f9
000003455383a939
000003456d2b5a99
000003456f7d2239
000003464a3de339
0000034732d3f8b9
00000347c8c6a819
0000034805d48459
000003483de45b79
00000348c90465f9
0000034c01125f79
0000034c0122c539
0000034c109e1f39
0000034c688b8599
0000034c86c49df9
0000034ccaebde79
0000069b1c25d861
0000000002267a71
0000000000000181
0000034d90b2de59
0000034dc231b0f9
0000034f02c11419
0000034f325ea599
0000034f3ca90fd9
0000034f56630719
0000034f91f4a0f9
00000350442b46d9
0000035087150bd9
00000351383517f9
000003516ee866d9
00000351eeab04f9
0000035201c27c79
000003523d147259
0000035250d3b179
000003525e0b4999
00000352de836b39
00000352e320df39
000003534442a019
00000353a39dd399
00000353c9004cf9
00000353cdb52099
000003541220dc79
00000354f7ae7419
00000355b487c819
00000355f421aff9
0000035668b06bf9
000006adbc908261
0000000002267a71
0000000000000181
00000356ec22dbd9
000003570f6ec339
0000035756d86c19
000003576c7f6359
0000035982491779
0000035a4f007659
0000035a592a17f9
0000035a67f97279
0000035a6e753fd9
0000035a94a57379
0000035af6b46ff9
0000035b70f9d239
0000035bbd9cdfd9
0000035dbca81bf9
0000035e8fd2cc39
0000035ee8afdff9
0000035fe91d7719
000006c05cfb2d61
0000000002267a71
0000000000000181
0000036064dad119
000003606561b9d9
00000360b9bcf639
00000360f8b112d9
0000036118aac479
00000361ca406e79
00000361d76541b9
00000361fd1932d9
0000036360f55c19
0000036375ba8c19
0000036393eb5399
000003641322bfb9
00000364bb627ff9
000003656b26f8f9
00000365871a8479
00000365ce596479
000003662fcbb519
000003663937e699
000003666e303a39
00000366d262b599
00000367b8bd05b9
00000367edee9a19
0000036884cbd5b9
0000036903a3fc99
000003692ada7c59
000006d2fd65d861
0000000002267a71
0000000000000181
000003698d1d5df9
00000369b6049259
00000369c9354b59
00000369ea9aef99
0000036a00a3f479
0000036a61b67339
0000036ace85eab9
0000036ae2761c59
0000036ae56dc639
0000036bf0b71899
0000036c2d53d939
0000036c735b16d9
0000036c82c28459
0000036caf8fda79
0000036d4975e239
0000036d98fc4a19
0000036e0bd2b4f9
0000036e5b99b879
0000036ebb89a7f9
0000036ed5e65939
0000036f23468cd9
0000036f2c56f899
0000036f65b30099
0000036f7182f599
0000036f9e31e859
0000036fa0c55279
00000370108ae8f9
0000037067ffe7f9
00000371c3dc9d99
00000371f5a27d19
0000037204378a39
00000372c37a27d9
000006e59dd08261
0000000002267a71
0000000000000181
000003732a1bba99
00000373c0abed59
00000374275dcfd9
00000374e75430b9
00000376d449ac79
000003774e83d5f9
00000377fb993519
00000377fd41c2f9
0000037895268db9
0000037970810239
0000037a2a733a59
0000037a981014d9
0000037aa1ed3099
0000037ac69d3979
0000037b31fa1699
0000037b920f4db9
0000037bccf58619
0000037bdaf0dbd9
000006f83e3b2d61
0000000002267a71
0000000000000181
0000037c5d9d2919
0000037ca6711b39
0000037cbaca7059
0000037cc4216ab9
0000037d154512b9
0000037da4fa7e79
0000037dde967539
0000037e0ef06a79
0000037e411c28b9
0000037f2b9a32b9
0000037f41b94939
0000037f78599e99
00000380fb738679
000003822fdbaaf9
000003824f1ff3f9
0000038289711bf9
000003835aad9439
000003845a86df19
00000384f9d6cdb9
0000038501b21319
0000038512865179
0000070adea5d861
0000000002267a71
0000000000000181
000003860fa7b3d9
00000386ab70d5f9
00000386ffafd1f9
000003883186ce59
000003883654e959
0000038838fb25f9
000003886144b8d9
0000038895953f19
00000388c73ce2f9
00000388fa3c1759
0000038981a38c99
00000389f053b979
0000038a20d24c59
0000038a7cee18d9
0000038aba1d3559
0000038ae5aea2d9
0000038b290b23f9
0000038bd58be319
0000038c14ac6cd9
0000038c5f6323f9
0000038cf183fbd9
0000071d7f108361
0000000002267a71
0000000000000181
0000038f1c3997b9
0000038f36957a99
00000390b834e179
00000391743d5659
0000039200053079
0000039241a2df79
000003927eb29879
00000392c8b6e0b9
00000393a0c02719
00000394a1c3bab9
00000394b29b8af9
000003953af4a339
0000039609bad939
00000396310f8e79
0000039664c935d9
0000039668ead5f9
00000396a6a40d59
0000039737f4cb59
000003975b9fe9f9
000007301f7b2d61
0000000002267a71
0000000000000181
000003985aa128f9
000003987470c1f9
00000398ec513cf9
0000039ae2c85139
0000039ae79e2c19
0000039af2487af9
0000039b99f52299
0000039ef1fd27b9
0000039f5c9ea239
0000039f748915f9
0000039fb8249e39
0000039fc9cc8839
000003a06c5d9a59
000003a0868820b9
000003a09633a3b9
000003a0b0d77b59
000003a0bcfea139
000003a0e202f6b9
000003a157dd9f99
000003a15b15f4f9
00000742bfe5d861
0000000002267a71
0000000000000181
000003a1b4f6dc59
000003a230e6a919
000003a24abcd279
000003a28ce8e9f9
000003a336e565f9
000003a4033812d9
000003a4310cd259
000003a4693032d9
000003a5e44b5639
000003a7354a40b9
000003a79a8c4f79
000003a7d2a4e999
000003a7e53f3079
000003a7f7e23e99
000003a834edf3d9
000003a92dffb8f9
000003a96d222699
000003a9b6706199
000003a9ef701939
000003aa56428219
0000075560508261
0000000002267a71
0000000000000181
000003aac33c4cb9
000003ab26116d99
000003ab731207d9
000003ab8a360039
000003ab8bfbcbb9
000003abc2440359
000003acb9ddb839
000003ae0fec0a79
000003aefc08a4b9
000003af9a024019
000003b0c1775ab9
000003b1264a2cd9
000003b14e1b81d9
000003b172a49099
000003b1ffb2dc39
000003b2019bc239
000003b214e4b279
000003b28635f5f9
000003b2bf304799
000003b2e1b97b19
0000076800bb2d61
0000000002267a71
0000000000000181
000003b49c65bdb9
000003b4f0255259
000003b5a9e3b059
000003b607274319
000003b64ee6fc39
000003b77a773159
000003b7a5f1f059
000003b7ef99cf59
000003b90e9517f9
000003b96312d119
000003b971034e19
000003b9eac5cad9
000003ba4a1cf8d9
000003bac6374d99
000003bb0d812f19
000003bcb6720059
000003bcb74a5279
000003bce8c87859
000003bcf30e7b19
0000077aa125d861
0000000002267a71
0000000000000181
000003bd5fc897b9
000003bdb866a379
000003be91bfb679
000003bf87806579
000003c0239cd979
000003c0dcf6bef9
000003c15b14e6f9
000003c1c8b15199
000003c1dd4ec579
000003c272928af9
000003c296ad3f39
000003c31c882c39
000003c39930a5d9
000003c3b02eb259
000003c41be45f99
000003c537ad1459
000003c5b48676d9
000003c5eaec2319
000003c68817b979
0000078d41908261
0000000002267a71
0000000000000181
000003c6df5077f9
000003c703cd3399
000003c7b5643a59
000003c86b422b19
000003c8f22b46f9
000003c96f0d5659
000003c9febe0b39
000003cb113cb4f9
000003cb63bc1259
000003cbf00afb79
000003cc3253e099
000003cc4232d599
000003cc6c66fbd9
000003cc842b43b9
000003cd8be02319
000003ce74e10cd9
000003cf8537db79
000003cfbbe85cd9
0000079fe1fb2d61
0000000002267a71
0000000000000181
000003d0031b98b9
000003d02f4ff999
000003d04e2752b9
000003d09fd894d9
000003d118f91b59
000003d12fc7f739
000003d313817879
000003d35cc50b79
000003d36068e6b9
000003d3b848d539
000003d4bc737459
000003d4be6af2b9
000003d57c2d1ff9
000003d5829b0db9
000003d6c34059d9
000003d6f7f22bf9
000003d721682039
000003d7438adc79
000003d7dd209759
000003d8235d2fb9
000003d836a29099
000003d85c14e8f9
000003d87520e359
000003d8b6963319
000003d8c788dd19
000007b28265d761
0000000002267a71
0000000000000181
000003da035691d9
000003da7b4a7c79
000003da8322a4b9
000003dc3c5242d9
000003dc94f781d9
000003dce98c0559
000003dd47a9c859
000003ddea481479
000003de59070af9
000003de895bd119
000003ded3ecf7b9
000003df41abd559
000003df83ca47b9
000003dfc6766639
000003dffeb8b399
000003e1042ba799
000003e17f695b19
000007c522d08161
0000000002267a71
0000000000000181
000003e2b3acdbd9
000003e31196f539
000003e35bb9db79
000003e3dc23c359
000003e4661140f9
000003e50ae4fe19
000003e5d890eaf9
000003e5e34b83d9
000003e66caed739
000003e68cc7c279
000003e6fbcde6b9
000003e7309eab19
000003e7f3d8ddd9
000003e82016d959
000003e9153668b9
000003e9a230ba79
000003ea2bcbd479
000003ea72609bd9
000003eaa6761d59
000003eaa8fc8d39
000003eacb715479
000003eae17703f9
000003eb4640fc39
000003ebc1913379
000007d7c33b2c61
0000000002267a71
0000000000000181
000003ec123b24f9
000003ecf0f93779
000003ed67fcd3f9
000003eda36e2219
000003ee201d93b9
000003eec061a6b9
000003ef05621039
000003ef36a10d19
000003ef5c585c19
000003ef92552d99
000003efb2877099
000003f04523bd99
000003f06a47e899
000003f1064742b9
000003f1c3ab3839
000003f2144a6259
000003f2820c0099
000003f38b2740f9
000003f3f2e42b39
000003f42cbf7c39
000003f47b2999f9
000003f48562e8b9
000003f49ae58ed9
000003f4f9db9ad9
000003f52736fdd9
000007ea63a5d661
0000000002267a71
0000000000000181
000003f54b3ceed9
000003f7117a2339
000003f734adcab9
000003f771f54a59
000003f781e41d19
000003f788a79959
000003f84cecad19
000003f878d0a599
000003f977a130d9
000003f98a7dd679
000003fa019f9339
000003fad2a243f9
000003fb7be45919
000003fba4b02479
000003fbd5e95db9
000003fbdc6e6db9
000003fd039489d9
000003fdcff8d519
000003fe4bde5f39
000003fe74aeac59
000007fd04108161
0000000002267a71
0000000000000181
000003feed5e2999
000003ff45da4fb9
000003ff64087819
000003ff8174d239
0000040026267cf9
000004005b7bb479
00000400ad75fe99
00000400cf67a0d9
00000400efcefd19
00000400f523da19
000004016771ae19
00000401e567c5d9
0000040251d26839
000004025acc40f9
00000403e324d559
00000403e91f9199
000004048a12c019
000004051568a319
000004060844a959
0000040787a0d9b9
000004079de23639
0000080fa47b2b61
0000000002267a71
0000000000000181
00000407ff4c3279
00000408d3649039
0000040985979719
0000040a649eb0f9
0000040aac947419
0000040af0de4b19
0000040b18878239
0000040b4191f9b9
0000040b5ccbe279
0000040b5faf9379
0000040b8be95b79
0000040bbe6c8579
0000040bc248c659
0000040bf0392919
0000040bf53bf7b9
0000040c5a246899
0000040d414e7239
0000040d8b434d99
0000040de93df9d9
0000040ef6f2af99
0000040fe23db479
000004100d5dc379
000004106b672039
00000410f8e1d719
0000082244e5d561
0000000002267a71
0000000000000181
000004125ad18599
0000041289acab19
00000412e12afed9
00000413760a4059
0000041387b84499
0000041487f615f9
000004163ad60739
000004167eb96f39
00000416c8e6a179
000004188e912939
000004189f0b3819
00000418d0a85c79
00000418ebc021b9
000004197980bcf9
0000041a6da7a2b9
00000834e5507f61
0000000002267a71
0000000000000181
0000041aeeae3c79
0000041b0291b759
0000041b3dad0479
0000041b81b1a6b9
0000041c807e3919
0000041cb3d4d859
0000041d9cce2499
0000041dad254a39
0000041f2e09e5d9
000004201b08c299
0000042056b4fef9
00000420e6cdc279
0000042141acd879
000004214694c239
000004217a4e8ff9
000004219d97ebd9
000004219fa7fa39
0000042328ab2e19
0000084785bb2a61
0000000002267a71
0000000000000181
000004240eda16f9
000004246266b5b9
0000042483b0b059
000004252a880159
00000425763cb3f9
00000425901be6f9
00000425b6cbf8b9
00000425d1a8c4d9
0000042604a2f899
000004267fe544b9
000004270300b119
0000042839dd48f9
00000429b7068ed9
0000042a316340f9
0000042ab0b52bd9
0000042b188bf2d9
0000042c6aa152f9
0000085a2625d461
0000000002267a71
0000000000000181
0000042d45004bd9
0000042d66a87cd9
0000042d99a9da59
0000042dfa54cab9
0000042f1332bbb9
0000043033a042f9
0000043075ec5e59
00000430e4e3a459
000004313033dfd9
00000431310aa599
000004314b020439
00000431a8658d79
00000431d1c772b9
0000043200abd5f9
000004320ad884d9
0000043293ec3779
000004331914fff9
000004334380b819
0000043348268299
00000433654b0e39
000004352e612779
00000435aa7f37b9
00000435b42dae19
000004361041e1f9
00000436338b3679
0000086cc6907e61
0000000002267a71
0000000000000181
00000436a99a4eb9
0000043720bea4f9
00000437acbfc759
00000437c5228a19
00000438602555d9
0000043951bd90d9
0000043969942679
0000043a14bbafd9
0000043a15c7f499
0000043a59ff3479
0000043b699d9b19
0000043badb1ce99
0000043c49966699
0000043c9d49cf19
0000043cc7aa2319
0000043d9cd543d9
0000043e38837fb9
0000043ecd34fbf9
0000043f21ab5799
0000087f66fb2861
0000000002267a71
0000000000000181
000004407dc26a79
000004409c1367f9
0000044128a49bf9
00000442e6ec7919
00000443058f1fb9
000004433d835c99
0000044358019639
00000443c5f49919
00000444065ca659
0000044459d24519
00000444d5ae8a19
00000444f54f70d9
000004455d2ee3d9
000004456cbf96d9
0000044579f7abb9
00000445f5657399
00000448647ed279
0000044866e871f9
00000448de8a87f9
000008920765d261
0000000002267a71
0000000000000181
0000044a5aff0cf9
0000044acccba519
0000044af75550f9
0000044af813f8f9
0000044b53ae9ab9
0000044b668b6919
0000044b8eedbbd9
0000044c477d8c59
0000044cd1dec879
0000044cd5f9bcb9
0000044d9ade5719
0000044e360fb919
0000044eb60c0539
0000044f8f944479
0000044faa3d7d79
0000044fdd097739
000004503fe52779
000004509f22a199
00000451cdcf5b59
000008a4a7d07c61
0000000002267a71
0000000000000181
000004526232d479
00000452829b3899
000004528b063499
00000453234a34d9
00000453b1d953d9
000004542f9905d9
000004543a180279
000004547542b7d9
00000454bea98379
00000454c8ba9eb9
0000045501512c99
0000045557fe8ff9
0000045708095239
000004582b650ad9
00000458e21d7959
000004591724a5f9
000004594640b319
0000045a369c8879
0000045a9023a6f9
0000045b870a00f9
000008b7483b2661
0000000002267a71
0000000000000181
0000045bf1312bb9
0000045c10a6ee19
0000045c684c5fd9
0000045cc75e6bd9
0000045d0c0376d9
0000045d4cb0f319
0000045d8bf69559
0000045e70c4c1f9
0000045e792dce59
0000045ea7234d59
0000045ee3c701b9
0000045ef4a25a59
0000045f9c7c4b99
000004606301fff9
000004606f38a9d9
00000460a339f3b9
00000460cf47bcf9
0000046163d54059
0000046180e2c459
000008c347caec61
0000000002267a71
0000000000000181
