[MCS8 A] 97 FW 3.104 SV 1.257 
range=1024
periods=2
sweepmode=27e20d0
fstchan=0
holdafter=0
streamstatus=3
calreg0=0
calreg1=0
calreg2=0
calreg3=0
swpreset=8000        
prena=1
syncout=0
cycles=18
sequences=1
tagbits=16
vdac0=92c
vdac1=807
vdac2=8c8
vdac3=8c8
vdac4=8c8
vdac5=8c8
vdac6=8c8
vdac7=8c8
timepreset=150.000     
digio=0
digval=0
autoinc=0 
savedata=2 
mpafmt=asc
sephead=0 
fmt=asc
smoothpts=5 
[CHN1]
REPORT-FILE from 06/23/2026 15:31:56.942  written 06/23/2026 15:31:56
cmline0=06/23/2026 15:31:56.942 
cmline1=A1
range=1024
active=1
bitshift=4
cftfak=2580100
evpreset=10          
roimin=0
roimax=1000
caloff=0.800000
calfact=12.800000
calfact2=0
calfact3=0
calunit=nsec
caluse=1 
[CHN2]
REPORT-FILE from  written 06/23/2026 15:31:56
cmline1=A2
range=1024
active=0
bitshift=4
cftfak=2580100
evpreset=10          
roimin=0
roimax=1000
caloff=0.800000
calfact=12.800000
calfact2=0
calfact3=0
calunit=nsec
caluse=1 
[CHN3]
REPORT-FILE from  written 06/23/2026 15:31:56
cmline1=A3
range=1024
active=0
bitshift=4
cftfak=2580100
evpreset=10          
roimin=0
roimax=1000
caloff=0.800000
calfact=12.800000
calfact2=0
calfact3=0
calunit=nsec
caluse=1 
[CHN4]
REPORT-FILE from  written 06/23/2026 15:31:56
cmline1=A4
range=1024
active=0
bitshift=4
cftfak=2580100
evpreset=10          
roimin=0
roimax=1000
caloff=0.800000
calfact=12.800000
calfact2=0
calfact3=0
calunit=nsec
caluse=1 
[CHN5]
REPORT-FILE from  written 06/23/2026 15:31:56
cmline1=A5
range=1024
active=0
bitshift=4
cftfak=2580100
evpreset=10          
roimin=0
roimax=1000
caloff=0.800000
calfact=12.800000
calfact2=0
calfact3=0
calunit=nsec
caluse=1 
[CHN6]
REPORT-FILE from  written 06/23/2026 15:31:56
cmline1=A6
range=1024
active=0
bitshift=4
cftfak=2580100
evpreset=10          
roimin=0
roimax=1000
caloff=0.800000
calfact=12.800000
calfact2=0
calfact3=0
calunit=nsec
caluse=1 
[CHN7]
REPORT-FILE from  written 06/23/2026 15:31:56
cmline1=A7
range=1024
active=0
bitshift=4
cftfak=2580100
evpreset=0           
roimin=0
roimax=1000
caloff=0.800000
calfact=12.800000
calfact2=0
calfact3=0
calunit=nsec
caluse=1 
[CHN8]
REPORT-FILE from  written 06/23/2026 15:31:56
cmline1=A8
range=1024
active=0
bitshift=4
cftfak=2580100
evpreset=0           
roimin=0
roimax=1000
caloff=0.800000
calfact=12.800000
calfact2=0
calfact3=0
calunit=nsec
caluse=1 
;MCS8 #97 Sversion=1.257 Fversion=3.68
time_patch=1
;datalength=8 bytes
;bit0..3: channel# 1..8 ( 4 bit)
;bit4: edge 0=up / 1=dn ( 1 bit)
;bit5 ..57: timedata    (53 bit), max sweep length 2001.6 h
;bit58..62: tag0..tag4  ( 5 bit)
;bit63:     data_lost   ( 1 bit)
[DATA]
0000000000000016
00000000415c7919
000000008b8a6479
00000002093b35b9
00000002ea7c8a99
000000056c0fbe39
000000059a1534b9
00000005ac1ec839
00000005c9a58b59
000000065d9d5c19
00000007af0fa259
00000009ce9f6819
0000000a4ee5d159
0000000a7153bc79
0000000a858120d9
0000000aa26e3e79
0000000bfcd154b9
0000000de8c7f2d9
0000000e814eae99
0000000eb52126f9
0000000efe026619
0000002157237861
00000000023b2271
0000000000000181
00000011a1cbbff9
0000001290012759
00000012f6abe1f9
0000001347e991d9
0000001400ed8df9
0000001420866f39
00000014d02a1139
00000015c71c2639
00000015f9df02b9
0000001684f284f9
00000033f78ecd61
00000000023b2271
0000000000000181
0000001a496f0439
0000001ad36ccbf9
0000001cd7b4e839
0000001e80e3a5b9
0000001fefc246d9
000000211d878b59
00000021da960b59
0000002227d7eab9
0000002244742f19
0000002339a26519
0000004697fa2261
00000000023b2271
0000000000000181
00000023a45c0679
0000002407489099
00000026755004b9
00000027acf6bbd9
000000291a0145d9
0000005938657761
00000000023b2271
0000000000000181
0000002cb988cfd9
0000002d68d0edd9
0000002e121cc4b9
0000002eeacea739
0000003054cc4179
00000031039cfed9
00000032146387d9
0000003316472db9
00000034cedaecf9
0000003512a2b039
0000006bd8d0cd61
00000000023b2271
0000000000000181
00000036dccd8c79
00000037868ec239
00000037ca4d6dd9
00000038bb386319
0000003a08a65239
0000003acf9fe639
0000003b949d3e99
0000003c2ea116b9
0000003f2d1129b9
0000007e793c2261
00000000023b2271
0000000000000181
0000004124086899
0000004258ee9739
00000043441900f9
0000004350c55539
0000004454617679
0000004496ae6099
000000452d54e399
0000004692ef1a59
00000047978c8e79
0000004819f33599
0000009119a77761
00000000023b2271
0000000000000181
000000488f6ddf39
00000049adb22439
0000004c88a11879
0000004cc1f1f219
0000004d970d4c39
0000004ec573bcd9
0000004ed3208679
0000004fedce81f9
00000050bfd3f119
00000051b2c66d99
000000a3ba12cc61
00000000023b2271
0000000000000181
00000051e3ee1839
00000051feb50bf9
0000005222dccdf9
0000005226033199
00000052807eee79
000000533ff882f9
00000053cd794b39
00000053eb8800b9
000000551fddd779
00000056340c8e79
000000564d25aeb9
0000005783784239
00000057fd80b999
0000005854b699b9
0000005a1639c679
000000b65a7e2161
00000000023b2271
0000000000000181
0000005b666efef9
0000005b687de6d9
0000005becbe71d9
0000005c4da4e659
0000005dce45ee79
0000005e6d3af459
0000005fd391be99
0000005fe6ff28d9
0000006131e42959
000000613eba0679
000000616b149999
00000064260f2179
000000c8fae97761
00000000023b2271
0000000000000181
000000658f8d7d79
00000066eb4eab59
0000006759d53d59
0000006836c5e899
0000006885b60b39
0000006972316039
0000006a2f1f82b9
0000006afcce88d9
0000006b3c06e2f9
0000006c24f0d5f9
000000db9b54cc61
00000000023b2271
0000000000000181
0000006efa48c4b9
0000006f3f483219
00000070d399ccf9
0000007169c740d9
0000007184bd1a39
0000007382c54979
00000074293d0e99
000000742d4d4439
0000007442747db9
00000074f59124f9
000000751f0319d9
0000007613daca39
00000076b3af66f9
000000ee3bc02161
00000000023b2271
0000000000000181
00000077e30dabf9
0000007a0701b1b9
0000007a09b9c119
0000007b08ca2d79
0000007b2dda9cf9
0000007b9b2c2359
0000007ba612ba79
0000007c798da6b9
0000007ef2422b99
00000100dc2b7761
00000000023b2271
0000000000000181
00000081a0332d39
00000083cf127db9
0000008482030499
00000085a33a67b9
00000086b2c47db9
0000008714cf6c99
00000087ad9f4819
000000889ff89439
00000088b90b87d9
00000088bd958499
000000895726ebf9
00000089651f9879
0000008980da91f9
000001137c96cc61
00000000023b2271
0000000000000181
0000008c4b980c99
0000008d97a67a39
0000008e9ac2a879
000000902e5a1eb9
000000907ed7f6f9
0000009221fa46f9
000000923dc11bf9
000000926822b079
00000092af7c6f79
000001261d022161
00000000023b2271
0000000000000181
00000093eb451879
000000948fa5da39
000000956045add9
00000097d7ef5559
0000009805c2f079
000000989a7e8459
00000098bb95d7d9
00000098cdf655f9
00000138bd6d7761
00000000023b2271
0000000000000181
0000009dc890a1f9
0000009ee62f8bb9
0000009f480bebf9
000000a20aabd6d9
000000a2e23dae19
000000a2ea735439
000000a47bb16799
0000014b5dd8cc61
00000000023b2271
0000000000000181
000000a5f49027d9
000000a764b47a59
000000a88af63c59
000000a9f43e0d19
000000aa6e7e57f9
000000aa6fbeb319
000000aaf024d7b9
000000aba3bf92f9
000000abdfca2019
000000acac8460d9
000000acc2f05cb9
000000ad474e57b9
000000ae3175df99
0000015dfe442161
00000000023b2271
0000000000000181
000000af03578499
000000b0fb4558b9
000000b1bcf0d879
000000b1e0467ff9
000000b2a65a3f59
000000b2dad85f99
000000b4b1b16559
000000b70e999ed9
000001709eaf7761
00000000023b2271
0000000000000181
000000b9a96706b9
000000bbc8d07c99
000000bd441e21b9
000000bf10d04259
000000c02136efb9
000000c1008a8159
000000c1037c23f9
000001833f1acc61
00000000023b2271
0000000000000181
000000c1f253f839
000000c26a0cd599
000000c4d2ba3539
000000c5b98f58b9
000000c6eac39379
000000c7e87d5699
000000ca35453119
000000ca9d0f7139
00000195df862161
00000000023b2271
0000000000000181
000000cb27a2d059
000000cb78d1da59
000000cbdd140739
000000cc3b854579
000000cd025ecf59
000000cefe7b8719
000000cf2efcc3f9
000000cf905998b9
000000d04e74e319
000000d0902e7ef9
000000d0b7088199
000000d0d715e8d9
000000d2bca750b9
000001a87ff17761
00000000023b2271
0000000000000181
000000d463425939
000000d87c7cbc79
000000d90ed70bd9
000000dc5c2dfef9
000000dd8d5eced9
000001bb205ccc61
00000000023b2271
0000000000000181
000000dee79b04d9
000000dfb9524619
000000e23d3cceb9
000000e250b6c9b9
000000e29666f8d9
000000e29a4d43d9
000000e54d269b19
000000e590fe8299
000000e5aed237b9
000000e66ec3c499
000001cdc0c82161
00000000023b2271
0000000000000181
000000e8d9173d59
000000e969beb9d9
000000e9e2bfb819
000000eaa6afda59
000000ec0488f2f9
000000ed6f6dd1f9
000000ed9b8b7199
000000edc8eb3a59
000000eddce78cf9
000000effed0d419
000001e061337761
00000000023b2271
0000000000000181
000000f2d4426b99
000000f3a00f1259
000000f4d0524199
000000f4ff37a119
000000f5d95d7119
000000f6b3693cb9
000000f776f52499
000000f96d03bc99
000001f3019ecc61
00000000023b2271
0000000000000181
000000f9a47c5999
000000f9c875d5b9
000000fb0c08fbd9
000000fc4e9833b9
000000fcf1f7d9f9
000000fd506f0399
000000fdff1a7939
000000ff03a5c9f9
000001000cc90939
000001013790eed9
0000010173a12919
000001022e389eb9
00000205a20a2161
00000000023b2271
0000000000000181
0000010397542eb9
00000105df4a68b9
00000106e11ecdd9
000001086a176939
00000108a932c9d9
000001097aeffc19
0000010bee8d2d59
0000021842757761
00000000023b2271
0000000000000181
0000010caddb37f9
0000010ceb9eb0b9
0000010db7aa3a79
0000010ed9196779
0000010f686b8d19
0000011004d5f559
000001107a92dd99
00000111f7cabc99
0000022ae2e0cc61
00000000023b2271
0000000000000181
000001163b34d2f9
00000116fe5d5659
000001173c021d79
0000011bd47eb959
0000011c42891e39
0000011c90d0dd59
0000023d834c2161
00000000023b2271
0000000000000181
0000011ff6bfa539
00000120509ae3b9
000001216ed26219
0000012191386999
00000123e96254f9
0000012404518f39
000001244feab639
000001254b51ac79
0000012581dd71f9
000001259b8f1fb9
000001263a054299
0000025023b77761
00000000023b2271
0000000000000181
00000128152b6f99
0000012886847c99
00000128917a8779
00000128ee2a33f9
0000012bc5e0e359
0000012f1e625c19
0000012f23c298f9
000001301f72b599
000001306294f799
00000130befa29f9
00000262c422cc61
00000000023b2271
0000000000000181
000001330854af39
000001330ccee5f9
00000134d25b9c19
000001354a5e4979
000001360e282059
00000137438345d9
000001377ad91c19
000001384eb598b9
000001386faa6fb9
000001393198cd59
000001395c6e3019
00000275648e2161
00000000023b2271
0000000000000181
0000013b274aebb9
0000013b31a8aff9
0000013ba9f0d899
0000013c2c5b3dd9
0000013cb8841ed9
0000013ea1b03019
0000013ecfebd619
0000013fec0bd1f9
000001400e9ee879
0000014084010a39
0000014291bb4b59
0000028804f97761
00000000023b2271
0000000000000181
00000144a6853019
0000014566138219
00000145ae1b0cf9
0000014712a38939
00000147f2df0a99
0000029aa564cc61
00000000023b2271
0000000000000181
0000014d87b5e8b9
0000014e957dfdf9
0000014f043962f9
0000014f546f7859
00000150f8e97a79
00000152163c4bb9
0000015225d060f9
00000153f3162899
000001549a62cdb9
0000015635e320f9
000002ad45d02161
00000000023b2271
0000000000000181
00000156b8865579
00000158d7f8cd39
000001591ccc7699
000001591d3eb219
0000015991a89bb9
0000015b5d8d6eb9
0000015c3cf58699
0000015c67c736b9
0000015e5aa02779
000002bfe63b7761
00000000023b2271
0000000000000181
0000016045be7139
00000160933e7979
0000016115484579
0000016255108779
00000162c03f6179
00000162cccf3739
00000163d4315379
00000164bca3e2b9
0000016616ee4ad9
00000167711d98b9
000002d286a6cc61
00000000023b2271
0000000000000181
0000016a21e05479
0000016a2cef6899
0000016a361f8599
0000016b19291f99
0000016b9e133cb9
0000016c48f19d19
0000016d31e31e39
0000016e986a9859
0000016ed4051ed9
0000016f890ec8f9
0000017020d51519
000001709a978259
00000170bb072ab9
0000017156b68e99
00000171ea170419
000002e527122261
00000000023b2271
0000000000000181
000001730bdb0d39
000001736c2f2f19
00000173834b6919
00000173bf7bf0d9
00000173cdefacf9
0000017618636039
000001769dbdb5d9
00000177356fc5d9
00000177b9973a39
0000017991bfaa39
0000017aa2df9e39
0000017b788454f9
0000017b92718f19
000002f7c77d7761
00000000023b2271
0000000000000181
0000017c4e0ee579
0000017c62fcb4b9
0000017cbaae2839
0000017f46cd5e79
0000018001f5faf9
000001800a371119
0000018291572c19
00000182c9bc85b9
00000183f1b93b59
00000184699985b9
000001849610f319
0000030a67e8cc61
00000000023b2271
0000000000000181
0000018566bf8999
0000018567b750d9
000001861a5ead79
000001863410e839
00000188589938d9
00000189aa3cea79
00000189bb2788b9
0000018a0143fd79
0000018bc14cac79
0000018cbb1b2ff9
0000018d204d9159
0000018d244bab19
0000018d36d3f799
0000018d6c88e1b9
0000031d08542261
00000000023b2271
0000000000000181
0000018f4b0d7099
0000018fdae5fa59
0000018fe94d5219
000001904763e539
000001906ac93b59
00000190f07c67f9
0000019146dca979
0000019155ddee59
0000019189dbb5b9
00000191e5ab9439
000001928cb61879
00000192eb780699
0000019520dad099
0000019602f46e99
0000032fa8bf7761
00000000023b2271
0000000000000181
00000199cc6ef819
0000019a60623839
0000019b987f9199
0000019bf89205b9
0000019c5a0ac199
0000019e2511ec79
0000019e572d6a39
0000019e572d6c59
00000342492acc61
00000000023b2271
0000000000000181
000001a1445b6ef9
000001a184ea31d9
000001a20134ae59
000001a4145903d9
000001a6ac90c7b9
000001a9a883bfd9
000001aa5ea7b079
00000354e9962261
00000000023b2271
0000000000000181
000001ab7990fa19
000001abe74132f9
000001ad04a4f319
000001adf5e0b959
000001ae50218099
000001b04a2efb99
000001b0619a58d9
000001b20bdb7379
000003678a017761
00000000023b2271
0000000000000181
000001b4cf943fd9
000001b4e7603eb9
000001b571877319
000001b68a51f439
000001b79af1fdd9
000001ba26cce6d9
000001bc5198ccd9
0000037a2a6ccd61
00000000023b2271
0000000000000181
000001be012cf079
000001bf310d3459
000001bf4add2a79
000001bf9b24c8d9
000001c013ef6139
000001c083012479
000001c0985bf519
000001c37028a439
000001c481686539
0000038ccad82261
00000000023b2271
0000000000000181
000001c8491757b9
000001c884db6d79
000001ca1589ed79
000001cb09a158f9
000001ce914e7859
0000039f6b437761
00000000023b2271
0000000000000181
000001d032449659
000001d103817859
000001d2605d9159
000001d39b09c299
000001d3d662d059
000001d4a1107719
000001d51868fd99
000001d5e6e0d779
000001d5e9b29459
000003b20baecd61
00000000023b2271
0000000000000181
000001d9ef3bea59
000001da7ae91999
000001da9be0e639
000001dca00918f9
000001ded23d9639
000001e0b4e33899
000001e18dada819
000003c4ac1a2261
00000000023b2271
0000000000000181
000001e369c215f9
000001e40538dcf9
000001e6b8ee75d9
000001e7f54daf59
000001e7f8ff4339
000001e8d3968c79
000001eaa2c80bb9
000001eab6fa3fd9
000001eabaf23eb9
000003d74c857861
00000000023b2271
0000000000000181
000001ecbf5be659
000001ed18cb30f9
000001ede44836b9
000001ee5365daf9
000001eeb75584f9
000001eebcf87719
000001eef5757cf9
000001ef6a86f119
000001f00f3509b9
000001f089334679
000001f0b6afe059
000001f436910c79
000001f4ea8036d9
000003e9ecf0cd61
00000000023b2271
0000000000000181
000001f5ec74f699
000001f6b5468339
000001f7a88eb6b9
000001f7b0b78639
000001f958bb70f9
000001f9c62955f9
000001fa14943c99
000001fdd440d059
000003fc8d5c2361
00000000023b2271
0000000000000181
000001ff8d596cf9
000002002999b759
00000201ca080fd9
000002031e74a619
000002031ed82019
0000020487441859
000002048f00ed39
0000040f2dc77861
00000000023b2271
0000000000000181
0000020899d09e79
00000208a3739099
00000209528c61f9
00000209c2500ed9
00000209d3b64659
0000020aa1893459
0000020e612b2459
0000020f5fa29e59
00000421ce32ce61
00000000023b2271
0000000000000181
0000021104ab1bb9
000002119a6fb539
00000215ec575df9
000002169d0f5359
00000216c441fc59
00000218cf01c179
000004346e9e2361
00000000023b2271
0000000000000181
0000021a90582699
0000021cc1fed1b9
0000021d7bde7699
0000021d8fd20299
0000021e32b09a19
0000021e3d39d5b9
00000220c1fa4199
000002219c95a799
0000022236ae8959
00000222ba36b819
000004470f097961
00000000023b2271
0000000000000181
0000022424621f39
000002251ea1f4f9
00000227137bb259
000002271f1b9af9
00000227bd158b19
00000227fa566219
0000022919a7df19
00000229749d4b99
0000022a02392ff9
0000022b781ca2d9
0000022c8066a959
00000459af74ce61
00000000023b2271
0000000000000181
0000022cdbc8bed9
0000022d79817019
0000022d8693bc79
0000022e2ef343b9
0000022e3fbc9439
0000022eac85d179
0000022efc36b5b9
00000234d7377af9
0000046c4fe02461
00000000023b2271
0000000000000181
00000237350809d9
00000237883c0379
000002382f4fe0d9
0000023862138879
0000023a60c25a79
0000023cf674b5d9
0000023e8e6aa499
0000023ed8bb14d9
0000047ef04b7961
00000000023b2271
0000000000000181
0000023f7b09c8b9
0000024046e346f9
0000024091f5b7b9
00000240f3e39e19
000002428d1a83f9
00000242e66063d9
00000246fc3d7879
0000024880f2b7d9
0000049190b6cf61
00000000023b2271
0000000000000181
00000249e6317259
0000024ec7c5a4d9
0000024ec8340fd9
0000024f47f32899
000002509786a579
00000250e7b837d9
00000251f7e81cb9
000004a431222461
00000000023b2271
0000000000000181
000002530f62be59
000002534d1fb4b9
00000253e1414879
000002554484ae79
000002563ef79679
000004b6d18d7a61
00000000023b2271
0000000000000181
0000025bca949b79
0000025d9d95abb9
0000025dd12247d9
0000025ee3c66b99
0000025f207b56d9
0000025f3abaeb59
000002600bac3ad9
00000260ffc484b9
000002613ded5539
00000261868b7ed9
00000263174c4199
000004c971f8cf61
00000000023b2271
0000000000000181
0000026573c23639
000002667d1d9299
00000266dcca2619
00000266eae95599
000002681f890a59
000002698970cf99
0000026ae15dc6b9
0000026b0cc5ef59
0000026b3e36ab19
0000026bb5d0c899
0000026bd21ed0d9
0000026be589c119
0000026c21463379
000004dc12642561
00000000023b2271
0000000000000181
0000026e0e6461f9
0000026f316e0bd9
0000026f956c5f79
000002708322fd99
000002714f7c2bd9
00000273ccd1ee79
000004eeb2cf7a61
00000000023b2271
0000000000000181
000002787046c9b9
0000027acfb2fc79
0000027bc56d2e19
0000027c08633c59
0000027e92b31339
0000027ee39770f9
0000027f86f1e999
00000501533ad061
00000000023b2271
0000000000000181
0000028242c26db9
00000282fdfcb839
000002834021fa99
00000284196ec039
00000284a8f61d59
00000284e5deaed9
000002856a597fb9
00000286cd3d1f99
000002879f7dacb9
000002883a26e579
00000288d2bd2519
00000289af8a7f39
00000513f3a62561
00000000023b2271
0000000000000181
0000028b44b7c299
0000028bb24843d9
0000028d6a2802d9
0000028da0ce5b39
0000028eb8cde839
0000029143c4d239
000002921550c939
00000292aad7f6f9
00000292ae81aef9
0000052694117b61
00000000023b2271
0000000000000181
000002937b3bb939
000002950979dc59
00000295fcbafb59
00000297bba80e39
0000029a20194379
0000029c0959fd79
0000029c4261d359
0000029c6e5c38f9
00000539347cd061
00000000023b2271
0000000000000181
0000029cbf5c4b19
0000029d1e6ceef9
000002a029493d39
000002a07e87fe99
000002a1f051b7b9
000002a37c8536b9
000002a4bcf21359
000002a52e7fd699
000002a5969a59b9
000002a5a8873b79
0000054bd4e82561
00000000023b2271
0000000000000181
000002a7c9edb419
000002a7e36d7a99
000002a8eb85d199
000002aaf9d1da19
000002ab20d1a039
000002ac8e2afb19
000002af1a863ef9
0000055e75537b61
00000000023b2271
0000000000000181
000002af957ab399
000002b70ac7c499
000002b78c0c3899
000002b7df35cb79
000002b812aa2159
0000057115bed061
00000000023b2271
0000000000000181
000002b8c36494d9
000002b8f9361779
000002ba30761639
000002bbfc278e19
000002bc08574239
000002bc0c54e739
000002be7c29a939
000002c0997320d9
000002c1036b8f39
00000583b62a2661
00000000023b2271
0000000000000181
000002c1ed82ccd9
000002c2083d41b9
000002c2a32bd079
000002c6ff2bbbb9
000002c72147da79
000002c9032918d9
000002c92549a539
000002ca07e683b9
000002cafe0d8a39
0000059656957b61
00000000023b2271
0000000000000181
000002cc6eb81999
000002cc7e54e799
000002ce6c404d99
000002ceb1ef5459
000002d0b4dc2e79
000002d1a6593e19
000002d2ab4e19f9
000002d348d5c8f9
000002d3ab90ab19
000005a8f700d061
00000000023b2271
0000000000000181
000002d583f792b9
000002d6a5d72039
000002d8ddfe65b9
000002d8e03598d9
000002d908c65b59
000002d90a25bb19
000002d9712ed059
000002da41d73259
000002da61264a19
000002dcbff090b9
000002dd72b40eb9
000005bb976c2661
00000000023b2271
0000000000000181
000002de67782179
000002e04795dab9
000002e08aee6d99
000002e08fb2bf39
000002e08fe1a219
000002e0bc97d579
000002e165c6c559
000002e2899bee39
000002e37caeb8f9
000002e3e9fd8af9
000002e4128bc0d9
000002e50df375f9
000002e517f4e8f9
000002e553c66ff9
000002e5a591af99
000005ce37d77b61
00000000023b2271
0000000000000181
000002e94f59a999
000002ea33bf66d9
000002ea58cc1e79
000002eab66a9e59
000002eb5ceda2b9
000002eb924a17d9
000002ec390ca7b9
000002ecdfc22339
000002ed32b86999
000002f04ba4bbb9
000002f05a506839
000005e0d842d161
00000000023b2271
0000000000000181
000002f0f6f2cff9
000002f1bd2ccc19
000002f255e47159
000002f61c7c9a19
000002f7af57e619
000002f8126f44b9
000002f9b0a06819
000005f378ae2661
00000000023b2271
0000000000000181
000002fb1d00e599
000002fc8d3007f9
000002fcf84945b9
000002fdbc8bc339
000002fdcf0ea0f9
000002fdd745bd19
000002feeddd8d39
000002ff54546c79
000002ffc9992919
00000300051f2fb9
000003000d0c9a39
00000301d2860119
0000060619197b61
00000000023b2271
0000000000000181
000003038cf6aab9
00000303e9199639
0000030423617f19
00000305bfbc8659
0000030937ec3bf9
00000309700826d9
0000030bc1516079
0000030c00d19119
00000618b984d061
00000000023b2271
0000000000000181
0000030ce50bcd99
0000030daaea77d9
0000030ea5b76779
0000030f3268ce99
000003102d54b659
0000031081617c39
000003139a7d3999
00000313bc907ab9
000003149e846fb9
0000031591706079
000003159cc37db9
0000062b59f02661
00000000023b2271
0000000000000181
000003169b572ed9
00000317b92df239
00000317fe988e59
00000319548d0039
000003198ae2c4b9
0000031a1d5a4af9
0000031aead12779
0000031b7c045399
0000031d3f74c579
0000031d59f69bf9
0000031d66d12939
0000031dcae85059
0000031dfb269cf9
0000063dfa5b7b61
00000000023b2271
0000000000000181
0000031f496ce439
000003217c3d8419
000003223f539719
000003226e78e039
0000032496130b59
00000325127e8239
00000326151d6a59
0000032653f42659
00000327f97a2899
000006509ac6d061
00000000023b2271
0000000000000181
0000032a113d51b9
0000032c36fc44f9
0000032d433224f9
0000032e3c788979
0000032e64ce36f9
0000032ecaba51b9
0000032f1f6e1af9
0000032f36e16239
0000032f3fbcc5f9
0000032f5c8beaf9
0000032fbccfd299
000006633b322561
00000000023b2271
0000000000000181
00000331a22cb779
00000331db780419
00000333696605f9
000003350013f7f9
00000336a0ee4ed9
00000336b0b4d639
0000033911d35f59
00000675db9d7a61
00000000023b2271
0000000000000181
0000033b5148b9b9
0000033c1a07c699
0000033d4544ceb9
0000033d681e3b79
0000033e06ffc599
0000033e19dc8c79
0000033ee49d38d9
0000033f55436819
00000340b3a6bd99
00000340bca0cf39
00000340eb0e51d9
0000034428a162f9
000006887c08d061
00000000023b2271
0000000000000181
0000034515f806b9
0000034528b94d99
000003461d8666b9
00000346919e3fb9
00000349435019d9
00000349952ff639
0000034a93894e79
0000034d1a405b59
0000034d3119e9f9
0000069b1c742561
00000000023b2271
0000000000000181
0000034ecb7d45b9
000003510959c3b9
00000352241809d9
0000035340040359
0000035380025379
0000035531baf6f9
000006adbcdf7a61
00000000023b2271
0000000000000181
00000358848ae719
0000035aef37ef59
0000035b0f004519
0000035be973dbb9
0000035c5d348099
0000035dfcde4db9
0000035e000150d9
0000035e35afd9f9
0000035eb4dbfe59
000006c05d4acf61
00000000023b2271
0000000000000181
000003629f83d6d9
000003638830f719
000003638abb5239
00000363a0d34c19
00000364f1a9d679
00000365e77cfbf9
000003660febb799
000003662602db79
0000036880bc5a99
000006d2fdb62461
00000000023b2271
0000000000000181
0000036aaa876459
0000036d88d1a9b9
0000036f02977c59
0000036f102237f9
0000036fec796c39
0000037034377979
000003721d184bb9
000006e59e217961
00000000023b2271
0000000000000181
000003730dd11f99
000003758837dab9
0000037720905979
00000378a61fe379
00000379584f37d9
0000037969291bd9
00000379a7c90199
0000037a04110a99
0000037a965ae5f9
0000037ba22bda99
000006f83e8cce61
00000000023b2271
0000000000000181
0000037d54aeffd9
0000037fa24b89f9
00000380171eaad9
00000380f8b5e5d9
000003811da3e399
000003821c82dbd9
0000038386552c99
0000038442fb9db9
0000070adef82361
00000000023b2271
0000000000000181
00000385f3f15939
0000038669eb2c79
00000386966c0f99
00000386966c2359
00000386bc441b59
000003871423b019
00000387b62a88b9
0000038911f47019
000003893385d8b9
00000389b2cfa5f9
0000038a7dcc76f9
0000038b68ce7519
0000038c77539cb9
0000038cc08f7979
0000038d6ba9a1f9
0000071d7f637861
00000000023b2271
0000000000000181
0000038f1d757019
000003923c3841d9
00000393072d0d19
0000039378ed0ab9
000003975f2726b9
000007301fcecd61
00000000023b2271
0000000000000181
0000039816a847d9
000003984c0bdc19
0000039a18e6b4f9
0000039a58bf86b9
0000039a9d8c6a59
0000039ab0edd8b9
0000039b2c0e3699
0000039b4b4c0419
0000039c12dd6099
0000039c7dce8679
0000039c88a4a279
0000039caf3a86f9
0000039d265b4b99
0000039d6f587ff9
0000039d8069a439
0000039fbc1e7bb9
00000742c03a2261
00000000023b2271
0000000000000181
000003a23a6e35d9
000003a2eca69ad9
000003a361b0b239
000003a4d8f04d19
000003a70bf9a019
000003a72a8dd819
000003a762fa4d99
000003a7b6ef2e59
000003a894b0ded9
000003aa45f2f1b9
000003aa9fbd65b9
0000075560a57761
00000000023b2271
0000000000000181
000003ab242d8719
000003ad8bfaf9d9
000003aeb8bfb7d9
000003b066ebbb59
000007680110cc61
00000000023b2271
0000000000000181
000003b404d20e19
000003b835e16ad9
000003ba0fd088b9
000003baa3df4ed9
0000077aa17c2161
00000000023b2271
0000000000000181
000003be5f6835b9
000003bfaed13019
000003c038f6b879
000003c049397759
000003c13839bbb9
000003c253e76319
000003c3327a3df9
000003c36d40c079
000003c5360f61f9
000003c53f1b0479
000003c545cc3ef9
000003c5fc9771f9
0000078d41e77661
00000000023b2271
0000000000000181
000003c78c2d9019
000003c9bf315e19
000003cbc2e10179
000003cc2a4192d9
000003cc40b31b79
000003cda2cb5db9
000003ce1ac391d9
0000079fe252cb61
00000000023b2271
0000000000000181
000003d003b62e59
000003d06b9a2a59
000003d15462ebd9
000003d15538fc39
000003d2eff585d9
000003d3aa6b6279
000003d497702999
000003d5c784bcb9
000003d750d23e59
000003d85ee19d19
000007b282be2061
00000000023b2271
0000000000000181
000003d9d696e419
000003dbc3a77619
000003ddb7b39979
000003e248b79939
000007c523297561
00000000023b2271
0000000000000181
000003e5115d8f99
000003e5413b3db9
000003e5dc828219
000003e72a499799
000003e770988879
000003e7cc3f8159
000003e7d58193b9
000003e892862df9
000003e8a4799679
000003e965963159
000003e98fc395d9
000003e9a32c7879
000003ea58c4cad9
000003eacd43c539
000003eace6f17f9
000007d7c394ca61
00000000023b2271
0000000000000181
000003ef613113d9
000003f1246b6d39
000003f49081dfb9
000007ea64001f61
00000000023b2271
0000000000000181
000003f531dacff9
000003f53a5a1119
000003f68e34dcd9
000003f691858899
000003f6fe413eb9
000003f792bedbb9
000003f9149ef259
000003fa63c7fcf9
000003fa68a98db9
000003fb0507c619
000003fbb7002519
000003fc4c350759
000003fd9ea302f9
000007fd046b7461
00000000023b2271
0000000000000181
000004002653ce39
00000402188e8499
00000402a5c42e99
0000040367b1da99
00000405cbb43699
00000407b9720f39
0000080fa4d6c961
00000000023b2271
0000000000000181
00000408453eaf39
0000040a0fe95a59
0000040a18f7bfb9
0000040b2def59d9
0000040cf0b24d79
0000040d5898adb9
0000040e2b36e7d9
0000040f14bb7f79
0000040f15ac2f39
0000040f4c288bd9
00000410512b5419
0000082245421e61
00000000023b2271
0000000000000181
00000412906e6379
000004143b0d3199
000004149615f1b9
00000415aeed0839
00000416b5f865b9
00000417ad844199
00000419c6620579
00000834e5ad7361
00000000023b2271
0000000000000181
0000041ab83bb5b9
0000041abde798b9
0000041b54f72479
0000041b95d72cb9
0000041c233c5d59
0000041cfd83d339
0000041dc692a119
0000041e06d6d979
0000041f5ae45319
00000420595fab39
00000420d81afdb9
0000042178864899
0000042246b43359
0000042257f14b99
00000422b0e321d9
0000042353c65b39
000008478618c861
00000000023b2271
0000000000000181
00000423e90f1f39
0000042402c11e59
000004250c1d2bf9
0000042656e20d19
00000426cd8b6e99
000004270d029939
000004283c836a79
000004287af9aa79
00000429534a0479
000004299caa4b99
0000042a15376939
0000042c9795af99
0000085a26841d61
00000000023b2271
0000000000000181
0000042f60edd839
00000430189be1b9
000004329619d1d9
0000043342380d19
000004343ebed659
00000435e23da779
0000086cc6ef7261
00000000023b2271
0000000000000181
0000043771cc63b9
00000439e2f9b179
0000043a8bca2d19
0000043d6162d839
0000043dc20814f9
0000043e75b90879
0000087f675ac861
00000000023b2271
0000000000000181
00000440766dfcb9
00000440fdbfc019
0000044212662019
00000444031711d9
0000044703d0d039
000004479104c419
00000447efda3ed9
0000044847ef9019
0000089207c61d61
00000000023b2271
0000000000000181
0000044953d73239
00000449f5a65579
0000044c22695099
0000044d8c1697b9
0000044ec9850839
0000044f4bc7ad99
0000044fd2393919
0000044fd6f1ff19
0000045062110c39
000008a4a8317261
00000000023b2271
0000000000000181
000004533a715a59
00000455109ff6f9
00000455859d89b9
00000458ba690779
000004591dbecc19
00000459d20b24b9
0000045ac12440d9
000008b7489cc761
00000000023b2271
0000000000000181
0000045bbcbb8859
0000045bf97f7659
00000460443ea8f9
000004619d8d6af9
00000462296e2d39
00000462ab570099
0000046334495839
00000463b07f6e19
000008c9e9081c61
00000000023b2271
0000000000000181
00000466ed7fe559
000004672917d539
00000467abcd0af9
00000467ba0334d9
0000046918d62cd9
00000469356c6739
0000046a9e298679
0000046aef254619
0000046b231933d9
0000046c92de3599
0000046d8eb77399
000008dc89737161
00000000023b2271
0000000000000181
0000046f8a13aa19
0000046f90014f99
0000047257240bd9
00000472a0f52679
00000473cdd5a039
00000474b17e5879
0000047575881359
0000047576d4d139
000004759f164c99
00000476413a6c79
0000047676534af9
0000047741eadfb9
000008ef29dec661
00000000023b2271
0000000000000181
0000047835369bd9
00000479319cd299
0000047a277bb419
0000047b22604a59
0000047b26286299
0000047b2df6bf79
0000047b68b1aef9
0000047d4b1599d9
0000047f2c435c19
000004801b275199
000004807637d9b9
00000901ca4a1b61
00000000023b2271
0000000000000181
00000481066124b9
00000481381d85b9
0000048448412699
000004868d67e819
0000048715aa8e79
00000487252ed279
00000487b90f8df9
00000487bdbcf119
00000488952be4b9
00000488cfc16939
00000488f0ecb999
000004891a37a239
000009146ab57061
00000000023b2271
0000000000000181
0000048a6203c119
0000048bad54e959
0000048bff9bf9f9
0000048e1125b9d9
0000048e9b188e79
0000048ef10f98d9
00000490bebbf139
000009270b20c561
00000000023b2271
0000000000000181
000004939e7fbc19
000004945efa2419
00000494f86fde39
0000049644181579
000004965d19f9f9
000004970e5de519
000004974528e899
0000049768e95159
00000497d7f01119
00000497fbf6c959
000004986af41319
00000498a347fc19
000004998080cab9
00000499955d2899
0000049a0c326019
0000049abb746c19
0000049b3f312719
0000049c0e162cd9
0000049c6f6167f9
00000939ab8c1a61
00000000023b2271
0000000000000181
0000049e91e6fd39
0000049ec137d539
000004a10b17d819
000004a404b69099
000004a4279a7479
000004a42bbf8b99
000004a5ad147cb9
0000094c4bf76f61
00000000023b2271
0000000000000181
000004a6e89c1a39
000004a7457013f9
000004a7485b59d9
000004a768f277b9
000004a93cac1079
000004a949277339
000004a9699e8459
000004ac50618139
000004ac7f2406d9
000004ac855e3139
000004ad0c44e0b9
000004ad28b4c419
000004ad40a730b9
000004ad53f8d6f9
000004adc61b01f9
0000095eec62c461
00000000023b2271
0000000000000181
000004afdd8b7719
000004b1ddbcdbf9
000004b200bf3d99
000004b3e85e7d59
000004b53d32f779
000004b551d3e559
000004b59d8562f9
000004b5b2bfe8b9
000004b8a6d68bf9
000009718cce1961
00000000023b2271
0000000000000181
000004b8ccae7e79
000004b979622979
000004b982c59cb9
000004b9c2205d59
000004baba3b8659
000004bc8bf6a619
000004bcd171ab59
000004bd26d2de39
000004bdf0e6fed9
000004be0487e499
000004be2a87bad9
000004bf9dd29419
000009842d396e61
00000000023b2271
0000000000000181
000004c5a73f41b9
000004c7c69a40f9
000004c9cbfbddb9
000004cab0ae7db9
000004cb02277c39
00000996cda4c361
00000000023b2271
0000000000000181
000004cb83170b79
000004ce8cae7bf9
000004ceb7d38619
000004d035b2e399
000004d06ffc3779
000004d19f058319
000004d326feb959
000004d4120c9f59
000004d459bb53b9
000009a96e101861
00000000023b2271
0000000000000181
000004d577598279
000004d6565f5379
000004d72f009019
000004d771a159f9
000004d8a66dfb79
000004d9112d6f39
000004d9364934d9
000004da95e1d8f9
000004db41d36899
000004dc2ad02c79
000004dcc17bda39
000009bc0e7b6d61
00000000023b2271
0000000000000181
000004dee3552e59
000004dfb9cf5699
000004e0e89040b9
000004e22bc9f619
000004e2372aa6d9
000004e519313819
000004e593f96c59
000004e69594d219
000009ceaee6c161
00000000023b2271
0000000000000181
000004e7d7bc4619
000004e8d2badfd9
000004e92129e9d9
000004e93fa6b7d9
000004e9cc98c579
000004ea82f66f19
000004eaf5ed4a19
000004ecc6c1e919
000004ee422adab9
000004ee65029519
000004f0593b2c19
000009e14f521661
00000000023b2271
0000000000000181
000004f2293439d9
000004f3ff317f79
000004f4c5e87b19
000004f4c72ea159
000004f4fd4bff59
000004f768e89379
000004f7db61a6f9
000004f8d2e51959
000004f9a5597539
000009f3efbd6b61
00000000023b2271
0000000000000181
000004fadf34ddf9
000004fd92d55679
000004fdb5710159
000004fddae81e39
000004ff16cd1fb9
000004ff534a8359
000004ff83cf1139
000004ff86d40459
000004ff8e2a0559
0000050202f87bd9
00000a069028c061
00000000023b2271
0000000000000181
0000050348b04a79
000005048a717c59
00000505ff9fe4d9
0000050612829939
00000506f4f31f79
00000507df7f9979
000005083ff28ef9
000005097dd68cf9
0000050bd60117d9
00000a1930941561
00000000023b2271
0000000000000181
0000050e149f4c59
0000050ea94ed839
0000050f708a5d39
00000510419b2a39
000005115a4c2ff9
00000512acea3819
00000513618fe0f9
0000051371ae5cb9
0000051423c4cdb9
00000514293448f9
0000051497cac699
00000a2bd0ff6a61
00000000023b2271
0000000000000181
000005162701f419
00000516ecee12d9
0000051bc9837b19
0000051d6e048079
0000051e23849379
00000a3e716abe61
00000000023b2271
0000000000000181
00000520cdee86b9
000005210ccd5a99
000005226c3f4059
000005226dc92bf9
00000524c860e559
0000052588e32379
00000526861484b9
00000527eb8b6df9
00000a5111d61361
00000000023b2271
0000000000000181
000005294d587dd9
0000052959dc6b39
00000529b8aaca39
0000052a003ed9b9
0000052b55c9f459
0000052d0aa1f5f9
0000052d615ab0b9
0000052de2483879
0000052e4ff0cd99
00000531012554b9
00000a63b2416861
00000000023b2271
0000000000000181
0000053387faef99
00000533b0d23d59
000005364d0bd4b9
00000538fd375599
00000a7652acbd61
00000000023b2271
0000000000000181
0000053b2f088719
0000053d414fa799
0000053d72cfe1b9
0000053dcb957759
0000053fe25fe3b9
000005400d7400f9
00000543324a7bb9
00000a88f3181161
00000000023b2271
0000000000000181
00000544a3c0cd19
000005478cc91d99
000005486fbaa539
000005494ae7af99
0000054a529b48d9
0000054a6c964ff9
0000054add0f7719
0000054aec2889f9
0000054bc0f7ae59
0000054c1e84ea99
0000054cc78e4979
0000054d49d29eb9
00000a9b93836661
00000000023b2271
0000000000000181
0000054df8635c79
0000054e4d5761d9
0000054e5d919159
0000054e6665d7d9
0000054e80d130d9
0000055136d07519
00000552a39d64b9
000005537346dbb9
00000553f863e019
00000554da966299
00000554e2094899
00000555a2e75679
00000555a694b579
00000555ca78ca79
00000556200879d9
000005563ae950b9
00000aae33eebb61
00000000023b2271
0000000000000181
000005581f378ef9
000005588ee8b599
00000559631595d9
0000055ab9d5c959
0000055db49574d9
0000055f6346cf19
00000ac0d45a1061
00000000023b2271
0000000000000181
0000056097504a19
0000056201f35079
000005639e7e0e59
00000564d44bb3d9
000005662e5d67b9
000005672195e9f9
000005673937f659
00000568a20db979
000005691e6ba219
00000ad374c56461
00000000023b2271
0000000000000181
0000056a310b0d59
0000056bd284e2f9
0000056c31e1bdf9
0000056e08b15f19
0000056e92bdde99
0000056fbe60fad9
00000571c31cf639
00000571ca494ef9
00000573052bae99
00000ae61530b961
00000000023b2271
0000000000000181
00000573d786f419
00000573f50bc1f9
00000574a5eb0919
00000574a92f8db9
00000574d9d68699
00000575ae111a79
00000578900d9f79
00000af1b3cbc161
00000000023b2271
0000000000000181
