[MCS8 A] 97 FW 3.104 SV 1.257 
range=1024
periods=2
sweepmode=27e20d0
fstchan=0
holdafter=0
streamstatus=3
calreg0=0
calreg1=0
calreg2=0
calreg3=0
swpreset=8000        
prena=1
syncout=0
cycles=18
sequences=1
tagbits=16
vdac0=92c
vdac1=807
vdac2=8c8
vdac3=8c8
vdac4=8c8
vdac5=8c8
vdac6=8c8
vdac7=8c8
timepreset=150.000     
digio=0
digval=0
autoinc=0 
savedata=2 
mpafmt=asc
sephead=0 
fmt=asc
smoothpts=5 
[CHN1]
REPORT-FILE from 06/23/2026 15:17:13.949  written 06/23/2026 15:17:13
cmline0=06/23/2026 15:17:13.949 
cmline1=A1
range=1024
active=1
bitshift=4
cftfak=2580100
evpreset=10          
roimin=0
roimax=1000
caloff=0.800000
calfact=12.800000
calfact2=0
calfact3=0
calunit=nsec
caluse=1 
[CHN2]
REPORT-FILE from  written 06/23/2026 15:17:13
cmline1=A2
range=1024
active=0
bitshift=4
cftfak=2580100
evpreset=10          
roimin=0
roimax=1000
caloff=0.800000
calfact=12.800000
calfact2=0
calfact3=0
calunit=nsec
caluse=1 
[CHN3]
REPORT-FILE from  written 06/23/2026 15:17:13
cmline1=A3
range=1024
active=0
bitshift=4
cftfak=2580100
evpreset=10          
roimin=0
roimax=1000
caloff=0.800000
calfact=12.800000
calfact2=0
calfact3=0
calunit=nsec
caluse=1 
[CHN4]
REPORT-FILE from  written 06/23/2026 15:17:13
cmline1=A4
range=1024
active=0
bitshift=4
cftfak=2580100
evpreset=10          
roimin=0
roimax=1000
caloff=0.800000
calfact=12.800000
calfact2=0
calfact3=0
calunit=nsec
caluse=1 
[CHN5]
REPORT-FILE from  written 06/23/2026 15:17:13
cmline1=A5
range=1024
active=0
bitshift=4
cftfak=2580100
evpreset=10          
roimin=0
roimax=1000
caloff=0.800000
calfact=12.800000
calfact2=0
calfact3=0
calunit=nsec
caluse=1 
[CHN6]
REPORT-FILE from  written 06/23/2026 15:17:13
cmline1=A6
range=1024
active=0
bitshift=4
cftfak=2580100
evpreset=10          
roimin=0
roimax=1000
caloff=0.800000
calfact=12.800000
calfact2=0
calfact3=0
calunit=nsec
caluse=1 
[CHN7]
REPORT-FILE from  written 06/23/2026 15:17:13
cmline1=A7
range=1024
active=0
bitshift=4
cftfak=2580100
evpreset=0           
roimin=0
roimax=1000
caloff=0.800000
calfact=12.800000
calfact2=0
calfact3=0
calunit=nsec
caluse=1 
[CHN8]
REPORT-FILE from  written 06/23/2026 15:17:13
cmline1=A8
range=1024
active=0
bitshift=4
cftfak=2580100
evpreset=0           
roimin=0
roimax=1000
caloff=0.800000
calfact=12.800000
calfact2=0
calfact3=0
calunit=nsec
caluse=1 
;MCS8 #97 Sversion=1.257 Fversion=3.68
time_patch=1
;datalength=8 bytes
;bit0..3: channel# 1..8 ( 4 bit)
;bit4: edge 0=up / 1=dn ( 1 bit)
;bit5 ..57: timedata    (53 bit), max sweep length 2001.6 h
;bit58..62: tag0..tag4  ( 5 bit)
;bit63:     data_lost   ( 1 bit)
[DATA]
0000000000000016
00000003f41893f9
000000045e4c93f9
00000005786990d9
0000000b296619d9
000000105da1c0f9
000000215709a861
00000000021a6571
0000000000000181
00000012ee39cd59
00000014f70770d9
00000019105d53f9
00000033f774fb61
00000000021a6571
0000000000000181
0000001bebc56979
0000001c8d549759
0000002022619db9
0000004697e04d61
00000000021a6571
0000000000000181
00000023ece5bed9
000000263d809459
00000026adc3d199
0000002baa9b7bf9
00000059384b9f61
00000000021a6571
0000000000000181
0000003344140979
0000006bd8b6f261
00000000021a6571
0000000000000181
0000003b9011bd59
0000003ba4820259
0000003cec94a439
0000007e79224461
00000000021a6571
0000000000000181
00000040a2017999
00000042809ac739
00000043089929f9
000000440207a119
00000045ba1ce619
00000091198d9661
00000000021a6571
0000000000000181
00000049befb5839
0000004a8d62a859
0000004eee6069d9
00000050e14e78d9
000000a3b9f8e961
00000000021a6571
0000000000000181
0000005252b534f9
000000575b13b6b9
0000005a167b0699
000000b65a643b61
00000000021a6571
0000000000000181
0000005c27c0bdd9
0000005ecaac4b19
0000005f0a884539
00000062410e9d39
000000c8facf8d61
00000000021a6571
0000000000000181
000000673e72c519
0000006a47eeda99
0000006ae19b99d9
000000db9b3ae061
00000000021a6571
0000000000000181
0000007143f9d499
00000072fd108279
000000ee3ba63261
00000000021a6571
0000000000000181
0000007b3585f859
0000007c10bdac19
0000007eae3b7d99
0000008018547e19
000000804ffc8df9
00000100dc118461
00000000021a6571
0000000000000181
00000085a0501dd9
00000085c0cd06b9
000000864655c619
00000086b7779a59
00000089511f3479
000001137c7cd661
00000000021a6571
0000000000000181
0000008a5e573b39
0000008a895e87d9
000000921eb40439
0000009299013a99
000001261ce82961
00000000021a6571
0000000000000181
000000939ca5ccd9
00000093d173a899
00000095b7abad39
00000099ffe14639
00000138bd537b61
00000000021a6571
0000000000000181
0000009fb7e70259
000000a1c0d0a1f9
0000014b5dbecd61
00000000021a6571
0000000000000181
000000a96c481359
000000ab5630a659
0000015dfe2a1f61
00000000021a6571
0000000000000181
000000b1876ad639
000000b3125df559
000000b7a17b11b9
000001709e957261
00000000021a6571
0000000000000181
000000b855b7deb9
000000c0e17551d9
000001833f00c461
00000000021a6571
0000000000000181
000000c24b8f20d9
000000cae2c352b9
00000195df6c1661
00000000021a6571
0000000000000181
000000cc4b51abf9
000000cc6701bf19
000000cebf612db9
000000d0a589c739
000000d19d90ccd9
000001a87fd76861
00000000021a6571
0000000000000181
000000d947cc9339
000000d988bee8f9
000000db7afa0159
000000dd4f412659
000001bb2042bb61
00000000021a6571
0000000000000181
000000dd9cdccef9
000000e428099219
000001cdc0ae0d61
00000000021a6571
0000000000000181
000000ef158602f9
000001e061195f61
00000000021a6571
0000000000000181
000000f03cf21539
000000f19d0bd899
000000f437f09819
000000f74266c3b9
000000f7678a4539
000000f891b553b9
000001f30184b161
00000000021a6571
0000000000000181
000000fb0b8f4479
000000fe7ce591b9
000000fee30ef499
00000205a1f00461
00000000021a6571
0000000000000181
000001044a493b19
00000105cacc4899
00000105d3427cd9
00000106143ad8b9
00000218425b5661
00000000021a6571
0000000000000181
0000010edebf7eb9
0000022ae2c6a861
00000000021a6571
0000000000000181
00000116c4be8919
0000011814a202d9
00000119c25d0a19
0000011a4ca66dd9
0000011bf25c0099
0000023d8331fa61
00000000021a6571
0000000000000181
00000120a1699f99
00000121309c0899
00000121bc8705b9
0000012260ef23b9
000001241c055fd9
00000124e3df0b99
00000250239d4d61
00000000021a6571
0000000000000181
0000012895d907b9
0000012e15508079
0000012eec4015f9
0000012fb8bdb8f9
0000013129574939
00000262c4089f61
00000000021a6571
0000000000000181
00000134c4b0e199
000001365d0555b9
00000138f5dddcf9
000002756473f161
00000000021a6571
0000000000000181
0000013e3f5abfd9
0000013e986b0139
00000140471d1139
000001413df22a59
0000028804df4361
00000000021a6571
0000000000000181
00000145ee7be779
00000146ccabc6b9
0000029aa54a9661
00000000021a6571
0000000000000181
0000014d7adbe059
0000014dd2d256b9
000001519a7e98f9
000002ad45b5e861
00000000021a6571
0000000000000181
0000015c1dcef439
0000015c9fe73939
000002bfe6213a61
00000000021a6571
0000000000000181
000001645d171af9
00000164f3d5a419
00000164fa29cc39
000002d2868c8d61
00000000021a6571
0000000000000181
0000016c20a01059
0000016c458176b9
0000017216d6e2d9
0000017227cf5879
000002e526f7df61
00000000021a6571
0000000000000181
000001750748f679
0000017898bb3739
0000017adedf9d19
000002f7c7633161
00000000021a6571
0000000000000181
0000017c96a5f019
0000017e902f1219
00000181bf29dc79
0000030a67ce8461
00000000021a6571
0000000000000181
0000018d27ae0379
0000018d8edb48d9
0000031d0839d661
00000000021a6571
0000000000000181
000001932e46e959
00000194a5072299
0000019765fc84d9
0000032fa8a52961
00000000021a6571
0000000000000181
0000034249107b61
00000000021a6571
0000000000000181
000001a1631f6139
000001a17a544f99
000001a2f26413f9
000001a843f10f39
00000354e97bce61
00000000021a6571
0000000000000181
000001ab3994df59
000001ac4f4ddd39
000001ac6c480859
000001acf13e5139
000001b13c929599
0000036789e72061
00000000021a6571
0000000000000181
000001bb9e5e32f9
0000037a2a527361
00000000021a6571
0000000000000181
000001bebc4740f9
0000038ccabdc561
00000000021a6571
0000000000000181
000001c8aaeff939
000001ca0bd85199
0000039f6b291861
00000000021a6571
0000000000000181
000001cfba3e2d99
000001d1c914c979
000001d2da94edb9
000001d398d7bdb9
000001d75d66a3d9
000003b20b946a61
00000000021a6571
0000000000000181
000001dad283f099
000001dc3d526af9
000001dcf71e9919
000001dd1b8b4a19
000001ddb5ccfef9
000001de26d131b9
000003c4abffbd61
00000000021a6571
0000000000000181
000001e2e111e7d9
000001e647106019
000001ea697efeb9
000003d74c6b0f61
00000000021a6571
0000000000000181
000001ef3feff4f9
000001f2b2096079
000001f3e51bd599
000001f4d6e84859
000003e9ecd66261
00000000021a6571
0000000000000181
000001f54934d279
000001f7b35cee59
000001f7ecc0a439
000001f819cff2d9
000001fb43279939
000001fb8ec20259
000001fbc267ced9
000001fdb6e7f9b9
000003fc8d41b561
00000000021a6571
0000000000000181
000001fe56548119
000001fe7753f379
00000200059760b9
00000201a7b65f99
0000040f2dad0761
00000000021a6571
0000000000000181
0000020d3caf9379
00000421ce185a61
00000000021a6571
0000000000000181
000002146f057799
00000214d9e0d299
00000214e21c2cd9
00000217151bd359
0000021822d72239
00000219d93ebc59
000004346e83ad61
00000000021a6571
0000000000000181
0000021a8b0e9cd9
0000021af1286a19
0000021c1515e2b9
0000021d5c192419
0000021df926e6d9
000002232f09cd99
0000022370ec9379
000004470eeeff61
00000000021a6571
0000000000000181
00000224e3a11e39
00000227ed5a7519
000002291dcea259
00000459af5a5261
00000000021a6571
0000000000000181
00000230a6503979
0000023119dd73d9
00000231ef0e7fd9
00000233f76a5399
00000235b0038759
0000046c4fc5a561
00000000021a6571
0000000000000181
00000236bdd61f79
0000023f73620ad9
0000047ef030f861
00000000021a6571
0000000000000181
000002427071c219
000002459b8cd6f9
00000246542e46f9
00000248a4b12f59
00000491909c4a61
00000000021a6571
0000000000000181
000004a431079d61
00000000021a6571
0000000000000181
000002534edb6059
000002535f260c39
00000254e71d43d9
0000025744f65539
000004b6d172f061
00000000021a6571
0000000000000181
0000025c459ac1b9
0000025f13eb17f9
000004c971de4361
00000000021a6571
0000000000000181
000002650dfe5a19
0000026a15dcdc79
000004dc12499661
00000000021a6571
0000000000000181
00000270814700b9
00000272796262f9
000002731baa2a19
0000027471495659
00000275a92d27f9
00000276b70df0b9
0000027744d6e3b9
000004eeb2b4e861
00000000021a6571
0000000000000181
0000027da4df0b79
00000280142c7d19
0000050153203b61
00000000021a6571
0000000000000181
0000028260ef6319
000002855c3b7d99
00000288d5b6efd9
00000288ec51e239
000002892d03fef9
00000513f38b8e61
00000000021a6571
0000000000000181
0000028a6010ab99
0000028e0ce7af19
0000028f233f8199
00000291add91e79
0000052693f6e161
00000000021a6571
0000000000000181
0000029426d844f9
00000295f074e8d9
0000029733ca0d59
000002990b79a899
0000053934623461
00000000021a6571
0000000000000181
000002a0977cffb9
0000054bd4cd8761
00000000021a6571
0000000000000181
000002a9464fddf9
000002a9a27a8d79
0000055e7538da61
00000000021a6571
0000000000000181
000002b3bc18c859
000002b40a517959
000002b672113639
0000057115a42c61
00000000021a6571
0000000000000181
000002bf7a8604f9
00000583b60f7f61
00000000021a6571
0000000000000181
000002c2f5718c39
000002c42d5c6619
000002c540c139d9
000002c5a429a699
000002c8766cf199
000002c89a850939
00000596567ad261
00000000021a6571
0000000000000181
000002d03b54daf9
000005a8f6e62561
00000000021a6571
0000000000000181
000002d4d2e734d9
000002d66ccfa199
000002d8ab660139
000002d95793b579
000002dd2f466379
000005bb97517861
00000000021a6571
0000000000000181
000002ddef06bd59
000002e2d4966439
000002e6d644e1b9
000005ce37bccb61
00000000021a6571
0000000000000181
000002e964aa7b79
000002e99c1d7a79
000002eb25cba639
000002ed253ac0f9
000002ed8d375b39
000002ee35422559
000005e0d8281e61
00000000021a6571
0000000000000181
000002f89e075839
000005f378937161
00000000021a6571
0000000000000181
000002fc7df11519
000002fe718c6cf9
000002ff1bd7b0f9
000002ff449d4cd9
000002ffca755339
000002ffea521359
0000060618fec461
00000000021a6571
0000000000000181
0000030a362f49f9
0000030b1daea3f9
0000030b56d09a99
00000618b96a1761
00000000021a6571
0000000000000181
0000030e55865c39
0000062b59d56a61
00000000021a6571
0000000000000181
00000316568f6cd9
0000031a27539199
0000031c60a3bd99
0000063dfa40bd61
00000000021a6571
0000000000000181
000003226fe77dd9
0000032394b6dcb9
000006509aac1061
00000000021a6571
0000000000000181
0000032b2014ceb9
0000032e59a20a99
0000032e65a78759
000003301add86d9
00000330b0cc85f9
000006633b176361
00000000021a6571
0000000000000181
00000331a61b89d9
00000331d5bb71d9
00000331e7a0e6b9
0000033335b13bd9
000003342c2898d9
00000334b75c1d19
000003359c5cdb79
000003363deba019
00000675db82b661
00000000021a6571
0000000000000181
000006887bee0961
00000000021a6571
0000000000000181
0000034505bb94b9
00000347ac3994f9
0000034b2eb19e99
0000069b1c595c61
00000000021a6571
0000000000000181
000006adbcc4af61
00000000021a6571
0000000000000181
000003594a5fdd19
0000035fb250ccd9
000006c05d300361
00000000021a6571
0000000000000181
000003612d1fda79
00000361c4644d59
00000366ee796f19
000006d2fd9b5661
00000000021a6571
0000000000000181
0000036b54615459
0000036faa78b7d9
000006e59e06a961
00000000021a6571
0000000000000181
00000376368efb19
000003776105d5b9
0000037b46ef8f99
000006f83e71fc61
00000000021a6571
0000000000000181
000003836beeec59
0000070adedd4f61
00000000021a6571
0000000000000181
000003890ca1ebd9
0000038b95fdae59
0000038cf9ce4f59
0000071d7f48a261
00000000021a6571
0000000000000181
0000039236a0b9f9
000003953e2a1999
000007301fb3f661
00000000021a6571
0000000000000181
00000742c01f4961
00000000021a6571
0000000000000181
000003a46b7e8679
000003a4e03827d9
00000755608a9c61
00000000021a6571
0000000000000181
000003b0ab5dbc79
000003b2c5c71c39
000003b2e56fddd9
000003b339b70bf9
0000076800f5ef61
00000000021a6571
0000000000000181
000003b4121f2079
000003b49596c0d9
000003b6487882d9
000003bca0efb519
0000077aa1614261
00000000021a6571
0000000000000181
000003beae430e19
000003c034bfcb59
000003c1d480acb9
000003c250fd27f9
000003c4c8ddbe99
0000078d41cc9661
00000000021a6571
0000000000000181
000003caf92ee799
000003cc67c823f9
0000079fe237e961
00000000021a6571
0000000000000181
000003d0d70656d9
000003d4a9264739
000007b282a33c61
00000000021a6571
0000000000000181
000003da2dc54239
000003dab481e5b9
000003db52ebf3d9
000007c5230e8f61
00000000021a6571
0000000000000181
000003e29a334619
000003e471202e59
000003e5802a9e39
000007d7c379e361
00000000021a6571
0000000000000181
000003eca4bd20f9
000003edd6faba99
000003ede98d1ef9
000003f05c1ce1b9
000003f11f966d39
000003f2cc03d1d9
000003f363ac5719
000003f452897ab9
000003f50f514739
000007ea63e53661
00000000021a6571
0000000000000181
000003f8b95cac19
000003f8e76c4819
000003fb1faf3639
000003fe10ce26f9
000007fd04508961
00000000021a6571
0000000000000181
0000040300dd6b79
0000080fa4bbdc61
00000000021a6571
0000000000000181
000004088b0c0339
00000408e82c71b9
0000040b462249b9
0000040d990165f9
0000082245273061
00000000021a6571
0000000000000181
0000041593381799
00000419488b8e99
00000834e5928361
00000000021a6571
0000000000000181
0000084785fdd661
00000000021a6571
0000000000000181
00000429d0c9cbb9
00000429e4a36719
00000429eaeb1659
0000085a26692a61
00000000021a6571
0000000000000181
0000042d726ad139
0000042f14fb2639
0000042f5833c559
0000042fb5e88cd9
0000043004d5aef9
00000430e3647219
0000086cc6d47d61
00000000021a6571
0000000000000181
00000436803c6019
00000436ff4d2919
0000087f673fd061
00000000021a6571
0000000000000181
000004423fa96499
000004437c822639
00000443982f67d9
00000444694a3b39
000004454cb2e1f9
0000089207ab2461
00000000021a6571
0000000000000181
0000044c81413e79
0000044c9180a259
0000044cf6a745d9
0000044df9700279
0000044ff4e4c079
000004501632cb59
00000451ced2b239
000008a4a8167761
00000000021a6571
0000000000000181
00000452eebae039
000004555e7eeff9
00000455f5cf7cb9
0000045679261ad9
000004569eeff079
0000045969bd2b19
000004599f50ee59
000008b74881cb61
00000000021a6571
0000000000000181
0000045bc0a59af9
0000045e194b8b19
00000462ed8478d9
000008c9e8ed1e61
00000000021a6571
0000000000000181
00000468592391b9
0000046c79ebe8d9
000008dc89587161
00000000021a6571
0000000000000181
0000046e8f09ab79
0000046f8edac119
000008ef29c3c561
00000000021a6571
0000000000000181
00000479030724d9
0000047b8ac8a379
00000901ca2f1861
00000000021a6571
0000000000000181
00000482d1aa30d9
00000483aee5a0b9
0000048749d627d9
00000487a7f08d59
00000489a49c49b9
00000489adf94519
000009146a9a6c61
00000000021a6571
0000000000000181
000004921a2d9bf9
000004925e8937f9
00000492dd8ffa79
000009270b05bf61
00000000021a6571
0000000000000181
0000049c6ef23499
00000939ab711361
00000000021a6571
0000000000000181
0000049ea42c1759
000004a19cdcdd79
000004a1a2c1ff19
000004a1e1ebf059
000004a2ce0ed9d9
000004a4749ff139
000004a4b5f3ea99
0000094c4bdc6661
00000000021a6571
0000000000000181
000004a626bd2e79
000004a73f9140f9
000004a81f66b739
000004a879585159
000004aab3d17799
000004acdfda0419
0000095eec47ba61
00000000021a6571
0000000000000181
000004b0cbf9aeb9
000009718cb30d61
00000000021a6571
0000000000000181
000004b969d16a19
000004b9f3a962f9
000004bbdc0417d9
000004bc2d3ff3b9
000004bc8f3281b9
000004bf72be8079
000004bf830e3259
000004bff108bff9
000004c07c6b88b9
000009842d1e6161
00000000021a6571
0000000000000181
000004c25b71d619
000004c33e9dcdd9
000004c4347702b9
000004c6e10c4839
000004c7a1220bd9
000004c9c0414d19
00000996cd89b461
00000000021a6571
0000000000000181
000004cbf26b8a19
000004cc36578699
000004d0e2037ad9
000004d19797dd99
000009a96df50861
00000000021a6571
0000000000000181
000004d69fc23819
000004dad25800b9
000009bc0e605b61
00000000021a6571
0000000000000181
000004dfc2653899
000004e1a1d86799
000004e1d74b6179
000004e3ef564699
000004e4fd7a5ff9
000004e691781f99
000009ceaecbaf61
00000000021a6571
0000000000000181
000004ea278fd0b9
000004eac84bbb39
000004ee0c4cb919
000004ee57eb6e99
000009e14f370261
00000000021a6571
0000000000000181
000009f3efa25661
00000000021a6571
0000000000000181
000004fb98338b59
000004fc407106f9
000004fd11378a99
000004fefc692f59
000004ffb54af639
000005017738c219
00000a06900da961
00000000021a6571
0000000000000181
000005037c0eb759
00000503caa1a039
0000050a1ea85af9
0000050c078b9939
0000050c36fe05b9
00000a193078fd61
00000000021a6571
0000000000000181
0000050e413880f9
00000510c85df899
000005125eb584d9
000005131066f8d9
000005139ed5bdd9
00000514eb1c11d9
00000a2bd0e45161
00000000021a6571
0000000000000181
00000a3e714fa461
00000000021a6571
0000000000000181
00000521ed99e299
000005242553fe99
0000052449d70b39
00000524cf736899
00000527fb883d79
00000a5111baf861
00000000021a6571
0000000000000181
0000052e6116b619
0000052ec7882c19
00000531300d29d9
00000a63b2264c61
00000000021a6571
0000000000000181
00000531e0ac65d9
00000532ccd98c99
00000535c6b2e5f9
0000053909413f59
0000053b1682f159
00000a7652919f61
00000000021a6571
0000000000000181
0000053baec949b9
0000053fe277d339
000005400bd27439
0000054032230119
000005409158c579
0000054258b95b39
00000a88f2fcf361
00000000021a6571
0000000000000181
0000054730267139
0000054be48b9db9
00000a9b93684661
00000000021a6571
0000000000000181
00000550d8a8ca39
00000aae33d39a61
00000000021a6571
0000000000000181
0000055940ef6079
0000055e7be53cd9
0000055f1f1ed5b9
00000ac0d43eee61
00000000021a6571
0000000000000181
00000565ac0cbb79
00000569540ade19
00000ad374aa4261
00000000021a6571
0000000000000181
0000056a5b2b61f9
0000056cb98d19f9
0000056cd27c4bb9
0000057001a0c479
000005700f1c26d9
00000ae615159561
00000000021a6571
0000000000000181
00000574bc8c0759
0000057547e25059
00000576d2d45739
00000af0b36ce861
00000000021a6571
0000000000000181
