[MCS8 A] 97 FW 3.104 SV 1.257 
range=1024
periods=2
sweepmode=27e20d0
fstchan=0
holdafter=0
streamstatus=3
calreg0=0
calreg1=0
calreg2=0
calreg3=0
swpreset=8000        
prena=1
syncout=0
cycles=18
sequences=1
tagbits=16
vdac0=92c
vdac1=805
vdac2=8c8
vdac3=8c8
vdac4=8c8
vdac5=8c8
vdac6=8c8
vdac7=8c8
timepreset=150.000     
digio=0
digval=0
autoinc=0 
savedata=2 
mpafmt=asc
sephead=0 
fmt=asc
smoothpts=5 
[CHN1]
REPORT-FILE from 06/25/2026 13:06:42.167  written 06/25/2026 13:06:42
cmline0=06/25/2026 13:06:42.167 
cmline1=A1
range=1024
active=1
bitshift=4
cftfak=2580100
evpreset=10          
roimin=0
roimax=1000
caloff=0.800000
calfact=12.800000
calfact2=0
calfact3=0
calunit=nsec
caluse=1 
[CHN2]
REPORT-FILE from  written 06/25/2026 13:06:42
cmline1=A2
range=1024
active=0
bitshift=4
cftfak=2580100
evpreset=10          
roimin=0
roimax=1000
caloff=0.800000
calfact=12.800000
calfact2=0
calfact3=0
calunit=nsec
caluse=1 
[CHN3]
REPORT-FILE from  written 06/25/2026 13:06:42
cmline1=A3
range=1024
active=0
bitshift=4
cftfak=2580100
evpreset=10          
roimin=0
roimax=1000
caloff=0.800000
calfact=12.800000
calfact2=0
calfact3=0
calunit=nsec
caluse=1 
[CHN4]
REPORT-FILE from  written 06/25/2026 13:06:42
cmline1=A4
range=1024
active=0
bitshift=4
cftfak=2580100
evpreset=10          
roimin=0
roimax=1000
caloff=0.800000
calfact=12.800000
calfact2=0
calfact3=0
calunit=nsec
caluse=1 
[CHN5]
REPORT-FILE from  written 06/25/2026 13:06:42
cmline1=A5
range=1024
active=0
bitshift=4
cftfak=2580100
evpreset=10          
roimin=0
roimax=1000
caloff=0.800000
calfact=12.800000
calfact2=0
calfact3=0
calunit=nsec
caluse=1 
[CHN6]
REPORT-FILE from  written 06/25/2026 13:06:42
cmline1=A6
range=1024
active=0
bitshift=4
cftfak=2580100
evpreset=10          
roimin=0
roimax=1000
caloff=0.800000
calfact=12.800000
calfact2=0
calfact3=0
calunit=nsec
caluse=1 
[CHN7]
REPORT-FILE from  written 06/25/2026 13:06:42
cmline1=A7
range=1024
active=0
bitshift=4
cftfak=2580100
evpreset=0           
roimin=0
roimax=1000
caloff=0.800000
calfact=12.800000
calfact2=0
calfact3=0
calunit=nsec
caluse=1 
[CHN8]
REPORT-FILE from  written 06/25/2026 13:06:42
cmline1=A8
range=1024
active=0
bitshift=4
cftfak=2580100
evpreset=0           
roimin=0
roimax=1000
caloff=0.800000
calfact=12.800000
calfact2=0
calfact3=0
calunit=nsec
caluse=1 
;MCS8 #97 Sversion=1.257 Fversion=3.68
time_patch=1
;datalength=8 bytes
;bit0..3: channel# 1..8 ( 4 bit)
;bit4: edge 0=up / 1=dn ( 1 bit)
;bit5 ..57: timedata    (53 bit), max sweep length 2001.6 h
;bit58..62: tag0..tag4  ( 5 bit)
;bit63:     data_lost   ( 1 bit)
[DATA]
0000000000000016
0000000026e1b739
0000000088a335f9
000000016c45d079
00000003214e99b9
0000000429d23c59
000000052c134079
0000000534817f99
0000000546a24e99
0000000556d074d9
000000069edd8bd9
00000006f4fbab59
000000071b78c259
000000072c2b3599
00000007de991b99
0000000825a56e39
00000008a5848b59
00000008c9f9b5b9
000000095f7ab1f9
000000098fbc32d9
00000009b7e7e979
0000000ae863a8b9
0000000b3371e999
0000000d99fa4df9
0000000e06ceb119
0000000e47bd54d9
0000000f052598d9
0000000f2a14f6b9
0000000f5afb20d9
000000215722a661
00000000022b9b71
0000000000000181
00000010b39d4cf9
00000011265af499
000000119f594ad9
00000011d81bf319
00000011d9cfc4d9
0000001277886579
000000127d329a79
00000012b01cd939
00000012ee205739
000000137b744459
00000013d21fba79
00000014f40f7bb9
00000016bc095719
00000016e4413799
0000001758842319
00000017dacdf299
00000018be7a5db9
0000001912d31f59
00000019305bdb99
000000195a786639
000000198cba7b59
00000033f78d6861
00000000022b9b71
0000000000000181
0000001a140caeb9
0000001a1a773f19
0000001aa61d2d79
0000001aff6c3f19
0000001bf4506139
0000001c86017c59
0000001cb15e1439
0000001d32454f59
0000001db43ec859
0000001dc3a10f79
0000001e1e656659
0000001ea2a17b59
0000001f41680379
0000001fb84d01f9
00000020285e8c99
00000020391c4259
000000204c76aed9
00000021278204b9
0000002175ca1b39
0000002175ca1bf9
00000021d3723659
00000022d9a42839
0000004697f82b61
00000000022b9b71
0000000000000181
00000024fef416f9
000000252ca6b0f9
00000025664e1cb9
000000258455bbf9
000000258c7361b9
000000260189bbb9
000000262510e639
000000263b091719
000000264b04ad99
0000002696573779
000000275a952299
0000002857dda3b9
00000028814328f9
00000028d79c8039
00000029061a04b9
0000002916f6a819
0000002988cb4319
0000002990ccb359
0000002a227055d9
0000002a348e7759
0000002a79648099
0000002b3694f659
0000002b45d5f979
0000002b595d3459
0000002baea0cff9
0000002c39c77319
000000593862ed61
00000000022b9b71
0000000000000181
0000002e1f5e7659
0000002ed7d215d9
0000002f20cfadb9
0000002f8eec8679
0000003001748c39
0000003034572619
000000304ae07059
00000030b008b399
0000003139746ff9
000000318ba762d9
00000031b341c8f9
00000031d4caa4b9
00000032cded8f79
00000032f95307f9
000000330b78f3d9
0000003325e70f79
00000033b24ed059
0000003450b2a819
00000034761189f9
00000034b0f07139
00000034e557a5d9
00000035248d6bf9
0000006bd8cdaf61
00000000022b9b71
0000000000000181
00000036d2727a99
00000036d6b17cd9
00000036e74a5799
00000036f3e358b9
0000003824664c19
000000384fbe3679
000000389c0b4ef9
000000389db54179
00000038b49eb339
00000038cbdbe459
00000038e0224cd9
00000038efe91bd9
000000391a80deb9
00000039ae4b95f9
0000003af2fe6e99
0000003afce6b919
0000003b17c774d9
0000003bf17a4579
0000003c2e330a39
0000003d435e1279
0000003d56a57779
0000003d725d5339
0000003dd479b619
0000003e41223279
0000003e5722f799
0000003e8f3c79f9
0000003ed6a155b9
0000003f37e4d759
0000007e79387161
00000000022b9b71
0000000000000181
0000003f49d0dbb9
0000003f7e0702f9
0000003ff533aff9
00000040465cfe59
0000004054662cd9
0000004096b95439
00000041de938619
000000424df371d9
00000042c056a519
0000004303443d79
000000430f72a6b9
000000432b863019
00000043431b1499
0000004348ac3f19
00000043c4ca7779
000000440a0de919
00000045027bca39
000000454f7594f9
000000455b5e6259
00000045a3235df9
00000045e1b693b9
00000045ea29b7d9
000000464bda8939
00000047ad689fd9
00000047b061fcd9
00000047fb56dcb9
0000009119a33361
00000000022b9b71
0000000000000181
00000048cfc4a319
0000004966217019
00000049de989fb9
00000049e88413b9
00000049f79260d9
0000004a09cc12f9
0000004a60e568f9
0000004bafaed0b9
0000004bd7bd4619
0000004c0f755bf9
0000004c22357d99
0000004c7382d059
0000004d4acf2299
0000004d96d86979
0000004dbc4285d9
0000004e18030e19
0000004e8c6277f9
0000004f50fd4cf9
0000004f53374399
0000004f89bb9619
000000507b4fab39
00000050a85cf859
00000050f11f2d59
00000051489f68d9
000000515567d5b9
00000051bac34939
000000a3ba0df561
00000000022b9b71
0000000000000181
00000052f9551e59
0000005349980dd9
000000537fece039
000000541afa81d9
0000005451735ed9
00000054e4322899
00000054e4322939
00000055498869f9
000000557ac8c799
0000005654df4019
0000005657825859
000000566b514899
000000567576d5f9
0000005747612cf9
0000005769ffd539
00000058b9943ab9
00000058c54175d9
00000058dcf1b919
00000058ecc57519
000000593f9d4579
0000005948e84b59
00000059569b4699
000000599059ecb9
0000005ad0e5f439
0000005b0237a2d9
0000005b03c89a19
000000b65a78b761
00000000022b9b71
0000000000000181
0000005b4d3cbd59
0000005bcc214119
0000005be98c69f9
0000005c1ef7b659
0000005cb0eb0cb9
0000005cdc7f6e39
0000005df04f56f9
0000005e23ae34f9
0000005e5269ce39
0000005e63d32a79
0000005f314d7dd9
0000005fa87be279
0000005fabe01659
0000005fdfd4ec79
000000601fd0d5b9
000000603b609899
000000604ec81039
00000060e4547979
000000617699a8b9
00000061b82c0d79
00000061ed196f39
0000006222c66399
00000063457410f9
000000637ce23b19
0000006396585a79
00000063cce6c2d9
000000c8fae37961
00000000022b9b71
0000000000000181
00000064caf3fc59
000000653cc46bb9
00000065f7d997b9
000000664da7f8d9
000000666d0e7399
00000067d7592c99
00000067f08c9cb9
000000681f593439
00000068c0e86619
000000691ec1d959
0000006967dea359
00000069e28440b9
0000006a370279b9
0000006aad218cd9
0000006adb848539
0000006b193ff7b9
0000006befa63379
0000006bf9e84139
0000006c46302159
0000006c62676c99
0000006d0554dc99
0000006d91dec9f9
000000db9b4e3b61
00000000022b9b71
0000000000000181
0000006e6f1f9fd9
0000006e7351f379
0000006eb7d20339
0000006ebf291319
0000006f1e06ff19
0000006f80f47219
0000007004774b39
00000070977058b9
00000070ad1dc6d9
00000070b05eecd9
00000070c1404639
00000070e880fbd9
00000070f6b72439
000000716f2c7c39
000000723c3b77b9
000000726bcf6679
00000072b3be7d59
0000007335a7c8d9
0000007535dbd439
000000754b0e6419
00000075536b48b9
000000757e76f0b9
000000758a074779
00000076018c2e59
0000007631eb6359
000000766e15c3f9
0000007691a8bc99
00000076cbe79459
000000ee3bb8fd61
00000000022b9b71
0000000000000181
000000771d9c15d9
0000007726e72d79
0000007756fcb4b9
00000077634e6a19
00000077bb71dd39
00000078977062d9
000000789e47f159
00000078a0e78bb9
00000078ddeaed99
00000078f748fbd9
0000007914a1e3b9
000000797d4ee079
0000007a66e168f9
0000007aae4aa939
0000007abd5cbe79
0000007abfda28f9
0000007b17d80239
0000007b195a6779
0000007b902a1eb9
0000007b9d317499
0000007bdb252f79
0000007bfee446d9
0000007c082f1279
0000007c0b88f6d9
0000007c97cdc9f9
0000007cdf9315f9
0000007d30b41599
0000007d7cce6039
0000007d9f022e79
0000007e5b4a2a39
0000007e71778719
0000007ece514719
0000007ef2948b59
0000007f6661d079
0000007ff7308f59
00000100dc23bf61
00000000022b9b71
0000000000000181
0000008178a1d259
000000819e3005f9
00000081c3bc0b79
000000820137b6b9
000000820dcb6dd9
0000008282ec3259
00000082a30352b9
0000008373dddef9
00000083edb5aa79
000000849cac8299
00000084cc772159
00000085c385e7f9
00000085c7c9f339
00000085d1f2ff59
000000869c898339
00000086b2669e79
000000873f82af19
00000087dd6cb1f9
00000087ec0ef279
00000087f9ce5c99
00000088575c42f9
00000088a8349cd9
000000893ec61d79
000001137c8e8161
00000000022b9b71
0000000000000181
00000089d868c059
0000008a4b8a42d9
0000008a94301739
0000008bdf94f759
0000008bf2d080d9
0000008c04d121d9
0000008c269c2e99
0000008cddcdfa19
0000008dde4b1b19
0000008e067d87d9
0000008e36143e19
0000008e3f80c0b9
0000008ee87c02b9
0000008f02d1db79
0000008f6e7cc759
0000008f998a0c39
0000008f9a336519
0000009144b44639
000000914719ea39
000000914b4b46d9
000000915b6540f9
00000091b509c019
00000092622cf559
00000092666bbd99
00000092724d9079
000000929500b8b9
000000929ffa37d9
00000092b2acd139
00000092b5407bf9
00000092bf67c139
000000930a0bed59
000001261cf94361
00000000022b9b71
0000000000000181
00000093ac7d22b9
00000093c7311d79
00000093e01774f9
00000093e8940b39
00000093f37ab5d9
00000094356261f9
000000944647a2f9
00000094d4909ad9
0000009524d2f819
00000095ed4e2279
000000960382e119
00000096181721f9
000000963c6488f9
00000096897d3179
00000096afd73379
00000096c6f6bd59
000000970693efd9
0000009761b392f9
0000009774fb30d9
00000097b886bd19
00000097f47eaed9
0000009810475c39
0000009828f6eb99
000000985c95b559
00000099114734d9
00000099fc7923d9
0000009a127905f9
0000009a3b6805b9
0000009a3d50f0b9
0000009a7a1b5d79
0000009a95d43639
0000009abd969319
0000009af4acb319
0000009b3ffd1279
0000009bd1c775d9
0000009c5c7afb19
00000138bd640561
00000000022b9b71
0000000000000181
0000009d5636af99
0000009e4410b739
0000009f10266819
0000009fd5dcfa99
0000009fe2575259
000000a00197d6d9
000000a02687bfd9
000000a02a9c0719
000000a03ed98679
000000a04c72b1b9
000000a0834db1f9
000000a09c79e879
000000a0d8785cf9
000000a1319370b9
000000a192eb0b59
000000a311b44619
000000a31810e019
000000a33f856519
000000a3c77a2279
000000a4bca8bf59
000000a4bda80c79
000000a4cea8aa79
000000a4d78f4399
000000a5053d50d9
000000a51750d619
0000014b5dcec761
00000000022b9b71
0000000000000181
000000a5cd33f399
000000a609053439
000000a60fa43439
000000a70ccd5999
000000a83f2ef039
000000a870caf299
000000a872b8d579
000000a897f577d9
000000a9541d67f9
000000a976dff059
000000a9b66cdd59
000000a9e1939819
000000aa0d8cabf9
000000aa78eebc99
000000aa78eebd59
000000ab9f8f25f9
000000aba9a74cb9
000000ac84b4fad9
000000aca3897fb9
000000adbf9b4d39
000000ae266d9f39
000000ae7f1bc339
000000aeec1bf039
0000015dfe398961
00000000022b9b71
0000000000000181
000000af05250a19
000000af586e5199
000000af85d99c59
000000b0217db679
000000b024d05ef9
000000b026f6f0f9
000000b0f92142d9
000000b11c73b8f9
000000b24ddcafb9
000000b253c6ddb9
000000b2c0cb08d9
000000b2dbf5dd19
000000b3043a8c99
000000b331303a79
000000b33eb35d19
000000b347a0f8d9
000000b374fc1ef9
000000b3f84bd819
000000b4015598f9
000000b40ff61899
000000b4fcf68019
000000b55d846f19
000000b57eca28b9
000000b5ac946af9
000000b5d2881479
000000b5d5043ad9
000000b5f4351719
000000b5fd904ab9
000000b6385fb4d9
000000b680281359
000000b693b939b9
000000b821111279
000000b830f28659
000001709ea44c61
00000000022b9b71
0000000000000181
000000b86bae8219
000000b8ee82d719
000000b910f7aa39
000000b9302298f9
000000b9be568db9
000000b9f78df179
000000ba393c8c79
000000bb4f38ba19
000000bc03aa22f9
000000bc204a9e19
000000bcae1c6eb9
000000bccf1c8cd9
000000bdcecbe0d9
000000be4a6ef0f9
000000be5486b439
000000bea1923839
000000bea4d96559
000000beb844cb59
000000bee48280f9
000000bef8ff7ab9
000000bf15ec9619
000000bf374fd4b9
000000bfbdf39159
000000c0050649d9
000000c0d3dac979
000000c17d00a079
000001833f0f0e61
00000000022b9b71
0000000000000181
000000c1c1462e99
000000c1cfb02879
000000c38bfd4ef9
000000c3a6a9a279
000000c3b17a2c59
000000c3f3ee3539
000000c42df3ce79
000000c45b977619
000000c4c79e2d59
000000c4e1c140d9
000000c55c02ac99
000000c575ac74f9
000000c5d1fdd959
000000c60d489a39
000000c629458f39
000000c67dd86559
000000c769de7d59
000000c7a2a50879
000000c7ff86efd9
000000c83aceed79
000000c86d062619
000000c88ad1e7b9
000000c8f6ee2339
000000c8f80f49f9
000000c90e526239
000000c920c09e59
000000c920ddac39
000000c9678c75d9
000000c96885fd79
000000c9fc3d88b9
000000ca7863c4f9
000000cab2929cf9
00000195df79d061
00000000022b9b71
0000000000000181
000000cb80c7d219
000000cbe4ffca79
000000cc2303ac99
000000cc3ca70f39
000000cc55380c19
000000cc6ae3e339
000000ccc2550599
000000cd3d70ddb9
000000cd4c6165f9
000000cd9d065ef9
000000ce3767e159
000000cea25da099
000000cf499e68f9
000000cf598df4b9
000000cf8670cf39
000000cf99aa6f39
000000d047385479
000000d06cd2f2f9
000000d0b90db4d9
000000d15283c0f9
000000d1b8b06779
000000d290f66e39
000000d37c855979
000000d39d7fecd9
000000d41e1fe0d9
000001a87fe49261
00000000022b9b71
0000000000000181
000000d4c6e56b39
000000d4e90ea1f9
000000d4e9ecce39
000000d4f5fadb99
000000d51ddb9659
000000d600e89d99
000000d60654c099
000000d62447d7b9
000000d6616d8939
000000d68560f2f9
000000d68cfb9819
000000d6d27cf479
000000d7ab70d319
000000d7ba1993d9
000000d7ccb79479
000000d7decca819
000000d8211e7a19
000000d8a59e9579
000000d8c63ee819
000000d987c7d299
000000d988ab0479
000000d98aecc719
000000d997b08d59
000000d9c6e4c539
000000da07e021f9
000000da2e253839
000000da3cbc6c19
000000da538ddad9
000000daf6826bf9
000000db3de9f0d9
000000db69b72879
000000dc1cb03fb9
000000dc23fcd8f9
000000dc2ba91019
000000dc5ca3fe59
000000dca4138ad9
000000dd0ec79ab9
000000dd2ab0a039
000000dd49ef7899
000001bb204f5461
00000000022b9b71
0000000000000181
000000dddde45139
000000de05d2a8b9
000000deb19cd379
000000df629ce959
000000e045641279
000000e18b05ac99
000000e25b5e9079
000000e263b53b39
000000e293a075b9
000000e3811e83f9
000000e41e95e1f9
000000e475eb3b79
000000e575df7a79
000000e63ad2c679
000000e64b33ed39
000000e65cc3b699
000000e6c25bd559
000000e6cf736d99
000001cdc0ba1661
00000000022b9b71
0000000000000181
000000e6e30c6719
000000e71b6eb7f9
000000e748c86d79
000000e749ad7159
000000e75a7989f9
000000e78e88c919
000000e7fd0ef3f9
000000e810254719
000000e81623cc99
000000e81e84c179
000000e87a2914d9
000000e891d15079
000000e8ec5efdb9
000000ea0c095499
000000ea1ac0b039
000000ea7ceb1cd9
000000eab516fe79
000000eb1e412819
000000eb3b935cb9
000000eb3b9a32d9
000000ebe5b216d9
000000ec057fac19
000000ecf75eb619
000000ed72e41679
000000ed926d1f39
000000eda5dbb739
000000edf3cb5d99
000000ee12fa5a39
000000ee5188c919
000000eebcbb2279
000000eeca09a779
000000eecda45599
000000ef661a47f9
000000ef67b50099
000000ef85ec38b9
000000f017cdcdf9
000001e06124d861
00000000022b9b71
0000000000000181
000000f172838619
000000f1ce674a79
000000f1f70be859
000000f2a518fab9
000000f3757fd099
000000f3eec246d9
000000f3f4ae31f9
000000f461dc37b9
000000f50dfc9719
000000f512ca0339
000000f58a3d4419
000000f59c1c5959
000000f5aa7f39b9
000000f639793fd9
000000f674d8cc99
000000f6c15f5ed9
000000f70ef08379
000000f7422155d9
000000f7535d6019
000000f7746a16f9
000000f7fb3babd9
000000f82f8e98f9
000000f842533d79
000000f845b9d079
000000f85fcee2f9
000000f8d5880979
000000f95f5624f9
000001f3018f9a61
00000000022b9b71
0000000000000181
000000f9da97df79
000000f9e67503f9
000000fa30714459
000000fa997fdbd9
000000fb7ec58e19
000000fb97e54b39
000000fc0388b059
000000fc4a0613b9
000000fcd9e465d9
000000fd3c6493b9
000000fd42c9f219
000000fd8a00ec79
000000fdbca1d9d9
000000fe33fc52d9
000000fe8fd730d9
000000fedf335559
000000ff891f27d9
000000ffc12b6b59
000000ffe9d76b99
00000100ada1aad9
00000100ba6cb999
00000101703a96d9
0000010173f88b79
00000101a2f1f359
00000101b96e8b39
0000010232ad3679
000001029ae833b9
00000205a1fa5d61
00000000022b9b71
0000000000000181
00000102de71dc39
00000102e4647f59
000001030ab9ce79
000001032f5e1199
000001033bdaea59
0000010413854259
000001053cf04a39
00000105a5ca9299
00000105a70d5ff9
000001074a231059
000001083d317379
00000108bfe56a19
0000010938b4d8f9
000001096a5e5879
00000109934caf59
0000010a636d0f79
0000010ae3264779
0000010ba120d699
0000010bd3fe9419
0000021842651f61
00000000022b9b71
0000000000000181
0000010c696ed099
0000010ccc752ad9
0000010ce506e1b9
0000010d48715579
0000010d611ceb39
0000010d92fa55b9
0000010da12f26d9
0000010dcf50c619
0000010dcf50c6d9
0000010e5014c1b9
0000010eb4c14d79
0000010f3220b079
0000010f3949b3d9
0000010f8774a5b9
000001102fc1e3b9
00000110533247b9
0000011100ed0c39
0000011154725cd9
00000111601562b9
000001126ee1c519
00000112818ae1f9
00000112d5c0b619
00000113a65fe6b9
0000011413768b79
00000114656308d9
00000114aff3f5d9
00000114e5fd4559
000001152d0eec19
000001154195f339
000001155a999019
0000022ae2cfe161
00000000022b9b71
0000000000000181
0000011615da5dd9
0000011642fec0f9
00000117ecb45fb9
00000117efb40a19
00000117f74baf99
0000011800eb1599
000001186c599759
00000118d2066a99
00000118f4d87159
000001191790a4f9
0000011978020619
00000119f3a9e9b9
00000119fd61f979
0000011aeca49af9
0000011b06617799
0000011b1fab2a59
0000011bac24d5d9
0000011bcd550a39
0000011c33e18e19
0000011d0dbb9b19
0000011d34b70a19
0000011decb7aff9
0000011e46904739
0000023d833aa361
00000000022b9b71
0000000000000181
0000011ec4a27699
0000011eead0c9b9
0000011f0874afd9
0000011f90cbd2f9
0000012020516f19
0000012035ab5479
0000012060a60539
00000120ba1cf539
00000120da6c40f9
00000121140107f9
00000122aa2d0e99
00000122ae08e879
0000012366eac399
00000123ef09e219
00000123fdac2839
00000124016e4659
000001247263a599
000001247ca1cdd9
00000124842dd499
00000124909ed659
0000012517d33db9
0000012545e3e099
0000012578c1ff19
00000125a100ca99
00000125e0d0e999
00000125ed2f4079
00000125f6b4f7d9
000001263ec93659
00000126acbe8ab9
00000126d5cb1719
00000126faf33a19
0000012703bd9cd9
00000127063ccfb9
0000025023a56561
00000000022b9b71
0000000000000181
0000012817fcfb79
0000012863dd5cd9
00000128957925f9
000001298b3ed139
00000129cd54c899
00000129d0d17939
00000129d66d0c79
0000012a2f9daa79
0000012a30345239
0000012a6f0c72b9
0000012aec1fd9f9
0000012afcab5a99
0000012b623d0899
0000012b7ea51fd9
0000012b9018ba79
0000012b959f0659
0000012c0776a399
0000012c3117a819
0000012cbc996439
0000012cf490f2d9
0000012d2eb1ee39
0000012d547c4719
0000012d6688db99
0000012d6c657239
0000012da54f4599
0000012de4d90499
0000012e76e7c859
0000012eb1d71639
0000012eb5c4ac59
0000012f2a14a0f9
0000012f5b257f99
0000012f8f643599
0000012fc8d87359
000001301dddebb9
0000013021071ff9
000001307549bf99
00000130cfc82539
000001312aab4d99
00000262c4102861
00000000022b9b71
0000000000000181
000001316b0f0cf9
00000131b2cc5c19
00000131e0738679
00000132977eb9b9
000001333ee9dd79
000001338cc18419
00000133d75e9979
000001340e9c8939
0000013504657999
00000135337eceb9
000001356454ead9
0000013663176e99
0000013695131cd9
00000136f16d70f9
000001373bff9c19
00000137607f3459
0000013775d10579
00000138dfce1599
0000013912b2ca19
000001393c183e59
0000013958b27139
0000013a1553ae19
0000013a5ee0cb99
0000013a722717f9
0000013a93576db9
00000275647aea61
00000000022b9b71
0000000000000181
0000013b16de8a39
0000013b665f1a39
0000013c27c00659
0000013c887de479
0000013d51b0a7f9
0000013d7ab43c99
0000013dd3a85879
0000013e24f15d39
0000013e521a7479
0000013ed87dded9
0000013efa4e2219
0000013f3b37a079
0000013f6fe39139
0000013fc0bf0579
0000013fd2ae5099
0000013fd621e579
000001400cf904d9
00000140689d37f9
0000014073f790f9
0000014075289d19
00000140c7a27979
000001419dc96979
00000141d1e716b9
0000014208b95419
0000014322675759
00000143738ddd79
0000028804e5ac61
00000000022b9b71
0000000000000181
0000014489e8d7d9
00000144d5bcd959
000001451d6b5c79
0000014548e887f9
000001455d1c5099
00000145a08c77b9
00000145f287f459
000001460010a559
000001460ac7db19
00000146266b1779
0000014643ce8a19
000001464e96ccb9
00000146dbe26b79
00000147257f2dd9
00000147c596cfd9
00000148415bf919
000001496cd8efb9
00000149745bc099
000001498b71ad19
00000149a5828499
00000149f438fe79
0000014a695c8ef9
0000014aa16f4f79
0000014af071e799
0000014b26535459
0000014bc0550739
0000014bc217a1b9
0000014c83087b59
0000014ca8d08439
0000014d2c6b51b9
0000029aa5506f61
00000000022b9b71
0000000000000181
0000014d910a9db9
0000014dc4c1aeb9
0000014e2a5f4ff9
0000014e3be79c79
0000014f323bbed9
0000014f4f2930b9
0000014f9e20b819
00000150982b9679
00000151ac3c7599
000001528630f339
00000152d7d3e4b9
000001535107cad9
00000153b2d396f9
00000153f9c4f799
000001541d6eeb99
0000015425aa4239
0000015426dcbf19
000001548361b359
00000154b59c43b9
00000154cb6be379
00000155269cab59
00000155b2e10859
00000155f84fb8f9
00000156317a58f9
0000015659934e39
000002ad45bb3161
00000000022b9b71
0000000000000181
0000015751d85f19
000001577b16c939
00000157c50afad9
000001584de77159
00000158e2ac07b9
00000158fd120f99
00000159077c1639
000001596a585d39
000001598fe6d179
00000159c4877619
0000015a6e041819
0000015ab1c8b8d9
0000015b3b3b56d9
0000015b8c73f019
0000015bf6e62639
0000015bf8760f39
0000015ce61cee39
0000015d1e5416d9
0000015d44891d39
0000015e41366bf9
0000015e83fe32f9
0000015ea13ab4b9
0000015ea13ab559
0000015eb8b8d859
0000015f5cf65d79
0000015fa3095e59
0000015fda222b99
000002bfe625f361
00000000022b9b71
0000000000000181
00000161673855b9
0000016168770f19
00000161a93a8479
0000016200dbd259
00000162205bb999
000001625257ab39
00000162f05b4799
000001630816edd9
000001632f163039
000001633d243d99
00000163bbce0b19
000001643163fbf9
00000164d066cf79
00000164f28a6ad9
000001650f0b9eb9
00000166dec13bd9
000001672a287c59
00000167c309f879
0000016801415c19
0000016813d34c79
0000016884c50639
000001690358b259
0000016921951c59
000002d28690b561
00000000022b9b71
0000000000000181
0000016a18c45ff9
0000016b42793b39
0000016b42795219
0000016bd0290c79
0000016bd88a0519
0000016c24e635b9
0000016c6949e299
0000016c806d5919
0000016c8a744ab9
0000016cd86f2159
0000016d6da3fa99
0000016e25e02e39
0000016e316a8259
0000016e49f186d9
0000016eb1c541d9
0000016f7f39df59
0000016fc9802d39
00000170115f4b79
000001701236a1f9
0000017032eed239
00000170eedd1e79
00000171110a6c59
000001718ad32479
000001723800e279
0000017262999dd9
000002e526fb7861
00000000022b9b71
0000000000000181
0000017328e47579
0000017387a9d6f9
00000173db6db519
000001741bf10179
000001741d6abdb9
0000017472467979
000001747c0ed6d9
00000174ba39f419
000001750cab8f39
00000175eff0b379
00000176befc0079
00000176e1e0bcb9
00000176f4da8b39
0000017757f99859
00000177984fc019
00000177a91f6a99
000001783489b539
000001783cfb7f99
00000178dbc387f9
00000178f28f35b9
00000179251a0659
000001794e593a39
00000179764e96f9
0000017aa52e9299
0000017aa9b93a59
0000017b06282999
0000017b15169619
0000017b326ab079
0000017bb5f741b9
000002f7c7663a61
00000000022b9b71
0000000000000181
0000017c0988a3b9
0000017c3b127379
0000017c9c21fc79
0000017cb8520cd9
0000017d53f29679
0000017d9e033d39
0000017dfe24e999
0000017e20640639
0000017e32eac479
0000017e62ee2919
0000017f0fbf97b9
0000017f2ce3ddd9
0000017fb77be119
000001805d947499
00000180a2adb7b9
00000180ace97c59
00000180ace97d19
00000180b0fec1d9
00000180b8c68dd9
00000180e34f6559
00000180f8429e79
000001810247e359
0000018112dbf819
0000018127ecf699
0000018157190a39
00000181a8595039
00000181cb4c9919
000001820beaf759
00000182336d8d59
0000018249f6adf9
00000182a30ca4b9
00000182d1f0bdf9
00000183f9bcbe39
000001848214bfd9
0000030a67d0fd61
00000000022b9b71
0000000000000181
00000186aa3381f9
00000186fd0846f9
00000187d6cf2879
00000187e92b17b9
0000018849992a59
000001885c128c59
00000188a9a97f39
00000188a9a97fd9
00000188b7d740b9
00000188ba385cd9
00000188da6055f9
000001892707c099
0000018963c59779
000001896d888dd9
00000189ec0015f9
00000189f8a9f1f9
0000018a18ebf519
0000018a2aa5a3d9
0000018a4cc11459
0000018a4e55b5d9
0000018b62758c39
0000018ca7a5a479
0000018d3d1aaaf9
0000018d76015d99
0000018db81e7939
0000018e186fa4f9
0000018e389619b9
0000031d083bbf61
00000000022b9b71
0000000000000181
0000018ed848bc59
0000018f25f21eb9
0000018f87a35919
000001904a1ee2f9
00000190a1dc38b9
00000190efb21839
0000019119eaa439
000001914889a219
0000019166ddc719
00000191eee09af9
0000019213f13b39
000001929ad63759
000001931d389fd9
00000193333a7df9
000001933d3c6719
00000193492228d9
0000019386ee1799
000001938c727f99
00000193ad56a159
000001953d2005b9
000001966c600859
000001967c74d1f9
00000196e0bbb739
0000019767a364f9
0000019788b84079
000001979240dff9
0000032fa8a68161
00000000022b9b71
0000000000000181
0000019800ff0219
0000019817946379
000001985e7c4639
00000198a9416ff9
0000019942143bf9
00000199a65f1199
0000019a0f655599
0000019a73838639
0000019a7ebda739
0000019af85ee079
0000019b382317b9
0000019b6e30de19
0000019b843d4199
0000019bb24ef2f9
0000019be0ea3f99
0000019bf5f41619
0000019cd0f290f9
0000019d15c9f499
0000019d1ec6acd9
0000019de3bd5d19
0000019e3d210ef9
0000019e411671d9
0000019e7b10b399
0000019e86095f19
0000019f61462a59
0000019f6d628739
000001a0191a5fb9
000001a01b1b3979
000001a03f8165f9
000001a070cdb599
000001a0a7ad0259
0000034249114461
00000000022b9b71
0000000000000181
000001a1d30a89b9
000001a1df80fc59
000001a236e0aeb9
000001a237e640d9
000001a246042279
000001a28fef4119
000001a2bed12939
000001a2c8829cb9
000001a387bbebb9
000001a3b2afd5b9
000001a5374babb9
000001a549a9ab79
000001a577a79a99
000001a58de975d9
000001a5c03dec59
000001a5e02bd719
000001a61dd76019
000001a6257a9a39
000001a64c9bc579
000001a6a8cc25b9
000001a6ebf7da59
000001a717532279
000001a754e82839
000001a777018cf9
000001a7a6052c99
000001a7ebe6e979
000001a7ed922d79
000001a7f864c4b9
000001a82a9309b9
000001a8821d6c39
000001a8a4fd2eb9
000001a8d1b3c639
000001a917b417f9
000001a9557ab1b9
000001a9fc8c9719
000001aa68cd5819
00000354e97c0661
00000000022b9b71
0000000000000181
000001aaa75d5399
000001ab5a2d9099
000001abb4907579
000001abbe784bd9
000001abcff8fed9
000001ac37c97df9
000001acd2277c59
000001ad96428e59
000001ae06ecff39
000001ae08a0d039
000001af0163a5f9
000001afbcfc5919
000001b035d0ad19
000001b0ee9d4fb9
000001b181b34b19
000001b1929b9819
000001b1a83d5479
000001b215910279
000001b21f3e7eb9
000001b221f37459
000001b228eda099
000001b290d2f319
000001b2ff784459
000001b30faa7339
000001b32b69fcb9
000001b35352b879
0000036789e6c961
00000000022b9b71
0000000000000181
000001b505e34559
000001b50eb59259
000001b5172e6a99
000001b522d0e899
000001b5d012fb99
000001b61a8a8119
000001b643910df9
000001b6696f8179
000001b69b295b19
000001b6b8a45959
000001b6c33d59f9
000001b7062e8eb9
000001b79aaf8d19
000001b7c28df6b9
000001b8647095f9
000001b86f0bd779
000001b939e9a099
000001b9991a2d19
000001ba6c7ba4f9
000001bb2741c599
000001bbc4161e99
000001bbdc1fbf59
000001bbeba5d779
000001bc2fd2d099
000001bcc54cc279
000001bcedd16a99
0000037a2a518b61
00000000022b9b71
0000000000000181
000001bddad3a559
000001be73bbad19
000001bec3b96c19
000001bedda77d19
000001bf8de22339
000001bfcfd9c979
000001bff64c1579
000001c051dfeff9
000001c0a9f81f19
000001c16d76cab9
000001c21bb377d9
000001c308f1f279
000001c34b3811f9
000001c3510c13f9
000001c39aa68d39
000001c3e6833e59
000001c41ec86e79
000001c4258bb4d9
000001c452e53219
000001c4a3efb439
000001c4ab43ea99
000001c4d1233af9
000001c5071ba859
000001c53de096b9
000001c567afe319
000001c637c13f59
0000038ccabc4e61
00000000022b9b71
0000000000000181
000001c67f46b0f9
000001c69cf3b059
000001c6a840a339
000001c712788879
000001c715e5cf19
000001c737406d99
000001c7696228b9
000001c7d1398dd9
000001c86d73a2f9
000001c8c1132ad9
000001c8c85b2e19
000001c96d4b4059
000001c998ee1699
000001c9b4992659
000001c9f2e7f499
000001cab02cbf59
000001caf31091f9
000001cb6177e059
000001cbbd687eb9
000001cc446b6d59
000001ccf89775d9
000001cdae499719
000001cdc996a079
000001ce1481a019
000001ce45e25819
000001cf0451b319
0000039f6b271061
00000000022b9b71
0000000000000181
000001d044ba7339
000001d04bda14b9
000001d08a39e879
000001d0df422779
000001d120c27c79
000001d16e9f3879
000001d17d7d0819
000001d1a53705f9
000001d217dcbc79
000001d256a44539
000001d279668c79
000001d295677219
000001d314818b79
000001d39dcb75f9
000001d45bce8079
000001d45e6904f9
000001d49a28d459
000001d4effa7859
000001d535b729f9
000001d53fd29279
000001d550025ff9
000001d600544d79
000001d614024999
000001d70c9e0699
000001d70c9e0759
000001d7727c0959
000001d88a418e79
000001d8f39cef99
000003b20b91d361
00000000022b9b71
0000000000000181
000001d9b206e5b9
000001d9b2cf6219
000001d9d4a8a339
000001db151b0579
000001dbd5ba9e99
000001dbe90ae199
000001dc28999a99
000001dc5929a0b9
000001dc7e1a0779
000001dcab3847b9
000001dcb52fb119
000001dcd1420b99
000001dce49051b9
000001dcfe6953d9
000001dd41c27a99
000001ddf0576219
000001de81885439
000001deb2832f39
000001defa2d5359
000001df1262ee39
000001df4d220ad9
000001dfb7fe68f9
000001e0128653f9
000001e01e96c059
000001e08a94bcd9
000001e101b83019
000001e165f5db19
000001e16bd762f9
000001e1a31ed2b9
000001e1d7965479
000001e2103e6dd9
000001e214164e19
000001e247b78139
000003c4abfc9561
00000000022b9b71
0000000000000181
000001e27d40f579
000001e353c89019
000001e496d1c119
000001e4b471d479
000001e5557e1079
000001e5a2e96e39
000001e5b0dfe039
000001e6c6b46a59
000001e6d28fb859
000001e6f6206a59
000001e7638b4599
000001e76dece5f9
000001e7d413d279
000001e830bee359
000001e83c9b60d9
000001e849de9139
000001e850c84579
000001e8b6a40239
000001e8e02bc5d9
000001e8fc7235f9
000001e96944dd19
000001e96a2b9779
000001e9c2c33959
000001e9c4521019
000001ea1be868f9
000001ea1e847a79
000001ea591f18d9
000001ea5c86ba99
000001eab1d5d6d9
000001eaefca6b99
000001eb0c3b1919
000003d74c675861
00000000022b9b71
0000000000000181
000001ebd6fe2879
000001ebe53d7219
000001ebf395f639
000001ec614b60b9
000001ec9d21e8d9
000001ed817d3619
000001edb7f67299
000001edec69c419
000001eefb460059
000001eeff69d719
000001ef627c9b79
000001efa582bed9
000001f070bde459
000001f0afa795f9
000001f0b6ec1299
000001f1438ba559
000001f1550ce0d9
000001f16a0d8bd9
000001f16c114759
000001f171a66ff9
000001f19c76ac39
000001f225013c79
000001f2bb9796b9
000001f3473ad759
000001f376e0a1b9
000001f3bf853519
000001f3c27011b9
000001f3f8b75019
000001f4a6b524f9
000003e9ecd21a61
00000000022b9b71
0000000000000181
000001f59535ddd9
000001f65d3b09f9
000001f6cc24e299
000001f6e7d0b339
000001f6f4ce6c59
000001f73969bdf9
000001f7a1cf2ef9
000001f7a27ad4b9
000001f7ad65c839
000001f7b9ecf639
000001f80e9260d9
000001f870b26499
000001f8af0ba579
000001f8d6e6c7b9
000001f9802dfd99
000001fa06c654d9
000001fa4e1f9899
000001fa9c22d439
000001fb26fff999
000001fb624cf959
000001fbb3ae7ef9
000001fc09bdc8b9
000001fd0173fe19
000001fd486802f9
000001fd986e6379
000001fdf9470ad9
000001fe1e608999
000001fe2cfb2099
000001fe32aeecf9
000003fc8d3cdd61
00000000022b9b71
0000000000000181
000001fef6c7e059
000001ffb760d6f9
000001ffb77d3699
0000020000fd2899
00000200146c0fb9
0000020061b86659
0000020069ea2c59
00000200d0388d59
00000200d61877f9
000002013f4bdb99
000002014284bcb9
0000020156f903d9
00000201ba5efc99
0000020202d329b9
000002021d901b99
0000020234a918d9
0000020242d41db9
0000020299ac4cf9
000002031ab5d0d9
0000020397b6d659
00000203991049b9
0000020402fd8e79
000002041ea8ecf9
0000020422824459
000002046dd101f9
000002047ab42059
00000204978ab559
00000204eed1b599
00000205028a1979
000002056ab5c9d9
00000206157505f9
00000206d89df119
0000020720eced39
000002072e8a3ab9
000002077d244af9
0000040f2da79f61
00000000022b9b71
0000000000000181
00000207ad75fb59
00000207c1769ef9
00000208406166f9
000002088c94b8b9
00000209559df879
000002097e3a8d79
0000020a7212f4d9
0000020a8c045579
0000020b8b5ba939
0000020b8f860a39
0000020bc543dc19
0000020bfa0c1f59
0000020bfd7d0af9
0000020c011b7959
0000020c3c20f779
0000020c6e30a539
0000020c8e8ea079
0000020d01daff59
0000020d0e8ece39
0000020e459c13b9
0000020eaa19ccf9
0000020f69040c59
0000020f9db70579
0000020fb3a6ead9
000002100b5a3579
000002105a9b0eb9
00000421ce126261
00000000022b9b71
0000000000000181
00000211162d9f19
000002113c82ca79
000002123756c159
00000212f9d180f9
0000021324c02099
000002133b868cd9
000002138c034039
000002138c787c79
000002139ce06f99
00000213dfdef619
0000021486fafbf9
00000214c8e51699
00000214dc3aa959
00000215319aa579
0000021554400259
00000215ef510819
00000215fd6bb9f9
000002160df02d79
00000216371f6059
000002163cc275b9
00000216784809f9
00000216ab803599
0000021726196df9
000002178e1ee999
00000218073a8319
000002183257ee99
000002186cd9ff79
000002192df5abb9
000002195952de59
00000219b2d4a919
00000219ebb2dd59
0000021a20ea0d99
0000021a2ce30e79
000004346e7d2461
00000000022b9b71
0000000000000181
0000021a46b3df79
0000021a48e0fdd9
0000021a691fc939
0000021b1e0e1499
0000021b3de509b9
0000021c54101639
0000021c5d5ba279
0000021c6693f199
0000021c909e2299
0000021c99acffb9
0000021d50b2f759
0000021d7833c039
0000021e8e35bd59
0000021f0ad1b8d9
0000021f7a5f8419
0000021f9d0a2639
0000021ff21943d9
00000220841a3cf9
000002218f4c15d9
00000221bda8f699
00000222e05d7839
0000022346909399
000004470ee7e761
00000000022b9b71
0000000000000181
00000223a2fe77d9
00000223cd3b45f9
000002242594aa59
000002243d45e999
0000022477de97f9
000002249bf3f9b9
00000225c72053f9
0000022601cd8979
00000226e13e3379
000002273b061019
000002279c7c1d79
00000227e2f33339
0000022861464f19
0000022891188a19
000002289c336799
0000022949c5fcf9
000002299d5edf19
00000229b992b439
00000229cce81c59
00000229e32ab639
00000229eb772919
0000022a6d86bad9
0000022a80588e19
0000022b0c0424b9
0000022bc76ed6b9
00000459af52a961
00000000022b9b71
0000000000000181
0000022d04250c59
0000022d12911839
0000022d31f00d99
0000022d3722fb99
0000022d37647e39
0000022d5309ca79
0000022dd66a0df9
0000022f07c8ed99
0000022f2697cf99
0000022f618544b9
0000023033a7da79
00000230510ae559
0000023071dcad59
00000230769b1a19
00000230c93159f9
000002316f5c1e59
000002320ac91ff9
000002322aee4139
000002323cb759b9
000002327f2b77f9
0000023327598719
0000023383948df9
000002339a12f4b9
00000233a44d0d19
00000233bda81ef9
00000233d6b974f9
0000023425e81df9
00000234d08239d9
00000234d6e26679
00000234e007be59
00000234eafc4339
0000023569817e39
0000023601316c99
0000046c4fbd6c61
00000000022b9b71
0000000000000181
0000023695eb66d9
00000236a5c47019
00000236fb343679
000002370cf08e59
000002379dbd7ff9
00000237c6796eb9
00000238900c86b9
0000023898ae5ab9
00000238a5d9bd19
00000238dc29c8f9
00000239236a2cb9
0000023947db5c59
0000023969d95d99
000002397084aa39
0000023974b94699
000002397fbcefd9
0000023a40814939
0000023a6b5f8939
0000023ada3a3719
0000023b156be0d9
0000023b59e05159
0000023b69b27e59
0000023b8ec65639
0000023bf52406d9
0000023d067d6d19
0000023d6871f719
0000023d7d9f7859
0000023e4856f759
0000023e8a855439
0000023f347a7879
0000047ef0282f61
00000000022b9b71
0000000000000181
0000023fa25fda39
0000023fc95d7819
0000024039411fd9
00000240b491bd39
00000240b98995f9
00000240ef0cbad9
00000240fb2ca3b9
000002415551d2b9
0000024155f09a59
000002416ccf7999
0000024212258779
0000024240e1b2b9
000002424d8b66d9
000002429ff89539
00000242ca08baf9
00000242e97514b9
00000242fd6ace59
00000243976e9459
00000243b6df8a59
00000243bc59a199
0000024404fe5099
0000024449edfa39
000002452c9997b9
000002453de2f559
000002460b667499
000002462ff28d19
00000247545b8d59
0000024853a035f9
000002486fa460f9
0000024870889a19
00000248b39e9459
000004919092f161
00000000022b9b71
0000000000000181
00000248cdbbff19
00000248ebb07619
0000024958af6839
000002496f834159
00000249b1b4efb9
00000249bcacb739
00000249ccf4bd99
0000024a4318dc19
0000024a88e52ed9
0000024bb84981b9
0000024bd1d56459
0000024c6962bf59
0000024c90e0ff19
0000024ca487d799
0000024d03f610f9
0000024d398afbb9
0000024d60c0be39
0000024d8351e0b9
0000024e69940bd9
0000024ead6f82b9
0000024f443fddd9
0000024fab96d599
0000025032dc46f9
00000250471e2779
000002506c485839
0000025071f537b9
00000251514942d9
000002517b12e699
0000025189664679
00000251c844d199
000004a430fdb461
00000000022b9b71
0000000000000181
000002521cb670f9
000002528f486e59
00000252abf2be39
00000252b1e04599
000002531596ead9
00000253284aeb39
00000253311e26b9
000002537c6e6df9
000002547ad38459
0000025492d04639
00000254d981bdb9
000002552e955a39
00000255e84f7e39
00000256331d66d9
0000025663815359
00000256ef3bbcd9
000002570ed3e599
000002574ee00ed9
0000025758a37919
00000257d300ab39
00000258603f1d79
00000258d90aa299
0000025904642659
000002591823cf19
0000025937e6fb19
0000025989ccdb59
00000259949536f9
00000259c5d5b139
0000025a051a2a99
0000025a188f2679
0000025ad4448279
0000025b389cb399
0000025b3f2cf5f9
000004b6d1687661
00000000022b9b71
0000000000000181
0000025b912ab519
0000025bc22ebaf9
0000025bc8881b19
0000025bcd7f1039
0000025c2d47df99
0000025c6327ba59
0000025ca615f999
0000025cc8776759
0000025ce268fdd9
0000025cf5f00a59
0000025d58abc099
0000025d63370219
0000025e56c8e719
0000025e908a1f99
0000025eebc3d1d9
0000025f7f3201d9
0000025fa2be3ff9
000002601b5be859
000002603e950619
000002605fb28079
000002608ceda1d9
00000260b00ea0f9
0000026119ba3bf9
000002617b900a79
000002618425b9b9
000002618e40feb9
00000261ab5692b9
00000261b7209dd9
00000261bde8cfd9
000002623d76bb99
0000026284aa2099
0000026333c21339
00000263ac79a6f9
00000263e89bcc19
000002640d629239
000004c971d33961
00000000022b9b71
0000000000000181
00000264fd3a7c59
00000264fec6a859
00000265239010f9
000002652e18bcf9
0000026533d137d9
00000265ad284a19
00000265b59059d9
00000265fde792d9
000002669f84d459
000002670ef7be39
00000267213b5299
0000026773b7d0b9
0000026878ecab99
00000268be06f099
0000026903decd39
0000026971c70159
00000269a181b3f9
00000269daf27579
0000026a1b6e7679
0000026af0694d99
0000026b65ae7ff9
0000026bbaa38819
0000026c0fde9079
0000026cf8edb8f9
0000026df03f0939
000004dc123dfc61
00000000022b9b71
0000000000000181
0000026e72857559
0000026e81eda039
0000026eda287359
0000026eeacd3939
0000026f8a1d81d9
0000026fc30ee659
0000027025fd9b99
00000270990e0a59
000002718d96f8b9
00000272508c1019
000002727c2f30d9
00000272b6586cd9
00000272be091f39
0000027307666e19
0000027327417379
00000273ee80d619
0000027433cf4219
00000274a9b87799
00000274ac54ab39
00000274d6a752b9
00000275c8500af9
00000275dabb2839
00000276878f39b9
000002769bd9b819
00000276d55fff79
000004eeb2a8bf61
00000000022b9b71
0000000000000181
000002784e302db9
000002787d321bb9
000002796c241ed9
00000279dc552559
0000027a13d8fd19
0000027a6cd8a2d9
0000027b1aa79a79
0000027ba2a857d9
0000027bcf01fc39
0000027c68b742f9
0000027c70d2e6f9
0000027d62bc5159
0000027d91c6ecd9
0000027d95782919
0000027da6509439
0000027dac2d48f9
0000027e4ecbafd9
0000027e9fdf69f9
0000027f0d55eb59
0000027f1fbb1cb9
0000027f7f060f59
0000027f8444c099
0000028019082559
00000280432ed8b9
00000280475af599
00000280839db5f9
00000280962ed2f9
0000050153138161
00000000022b9b71
0000000000000181
00000280cc4a7779
00000280fccaa959
000002812e3c1f19
000002819d8f5dd9
00000281c6ed8059
00000281ef772ff9
00000281f8ce6579
0000028236835319
000002825a400239
0000028276d6a199
000002829dfb3b79
00000283059cd959
00000283283ef019
000002834b5bd379
000002834caafb79
0000028367eb0279
0000028377140a59
00000283c1c708b9
00000283c7d339f9
0000028464b4fbd9
00000284bea5c479
0000028531b04b79
0000028536bfb599
000002861a5e8899
000002866a327c59
00000286b829d7d9
00000286e4953439
0000028720122bf9
00000287498d0039
000002875ea73359
000002883445ccb9
0000028856d18f99
000002889167d2b9
000002890d3cc279
00000289e7b0f939
00000513f37e4461
00000000022b9b71
0000000000000181
00000289fa145b19
0000028a4069a6f9
0000028a797d0779
0000028b7c2bfed9
0000028bbf69d979
0000028c218b8d59
0000028c79b974f9
0000028d3feae039
0000028d86e382b9
0000028e41cb4439
0000028fca34d539
0000029066cb57d9
0000029071f9a779
00000290e528f419
00000291130026f9
0000029159a5b059
00000292050a6259
00000292c2765ff9
00000292d0b48599
000002930fe84299
0000052693e90761
00000000022b9b71
0000000000000181
0000029383bf9b19
000002943db246d9
0000029447e8c279
0000029458afffd9
00000295056cfef9
0000029558e0d739
00000295aa851e59
000002960a542cb9
0000029719a428b9
00000297796a4ef9
000002983c054579
0000029883541799
00000298c0b35299
00000298dcf50079
00000298e2272ef9
00000298f7129699
0000029988d78899
000002998a7da0f9
0000029ad8c4ce79
0000029af76a6059
0000029b39f67cf9
0000029b9d2caff9
0000029c1b61fb99
0000029c6575c459
000005393453ca61
00000000022b9b71
0000000000000181
0000029cb757d319
0000029ce0879db9
0000029d100f2ad9
0000029d41581419
0000029d436ef279
0000029d6efe92f9
0000029e4c5ab179
0000029e89496579
0000029eb564fc79
0000029ec934f579
0000029ecac9f479
0000029f5bc85e79
0000029fb052e199
0000029ff1e88759
000002a0dc4aa959
000002a1042909d9
000002a15764dd79
000002a1628232f9
000002a1ac3bad59
000002a25cffbf19
000002a27767e679
000002a2c85aa339
000002a348c48739
000002a57972cc59
000002a5b599c3d9
000002a5e6532a79
0000054bd4be8c61
00000000022b9b71
0000000000000181
000002a6059043f9
000002a64ee87219
000002a65b586559
000002a6d8d39c19
000002a6f5a05c19
000002a7770dd499
000002a7a4d09899
000002a92e0e1979
000002a92ede9219
000002a9ca5e5d39
000002a9fab2a379
000002aa08df9f19
000002aa3ed6d3b9
000002aa6a19a539
000002aaf2d34b59
000002abafee4219
000002acae7ee099
000002ace95b8019
000002adc40e4f39
000002addcb72099
000002ae2b5c05f9
000002ae4b243859
000002ae833a1c99
000002aef7e2fb59
0000055e75294f61
00000000022b9b71
0000000000000181
000002afb7a9ebd9
000002b0c34af959
000002b1146e2a39
000002b16c9ef499
000002b1753371b9
000002b1946148f9
000002b1d626b699
000002b2cea0f2d9
000002b308fe6f99
000002b3587632b9
000002b3ab553c59
000002b3e97111f9
000002b409f6b099
000002b42c766059
000002b477c5d639
000002b4af2d5379
000002b4ef7c6b39
000002b60cd19259
000002b6318f68f9
000002b64c6c3a59
000002b6e5dd16d9
000002b6e9465779
000002b7063f0f99
000002b78e41ac99
000002b7ce1ff419
000002b7ce3f45d9
000002b82bb0bf99
000002b8822890d9
0000057115941261
00000000022b9b71
0000000000000181
000002b8f162b599
000002b8f25d7b99
000002b95098dc19
000002b9bc7dd019
000002b9ce780599
000002bb1268bc79
000002bc2e116ff9
000002bc909c6419
000002bca3cd9759
000002bca4f07d19
000002bcf0b0e999
000002bd30cd82f9
000002bd69934739
000002bda882a479
000002be03768919
000002be0f7a8fd9
000002be2aa0b519
000002befcb597d9
000002bf04682439
000002bf8116ae39
000002c0e5812a39
000002c0eedcf9f9
000002c0f885bc79
000002c159a3f659
00000583b5fed561
00000000022b9b71
0000000000000181
000002c25c291279
000002c28cf4a939
000002c2c9d12899
000002c341c9f4b9
000002c3a6b10d39
000002c3ad7bd8d9
000002c3fff60cb9
000002c401e1b8d9
000002c430de4679
000002c43a5fb5d9
000002c4889ee419
000002c4a3bd44b9
000002c4c3285979
000002c4d346ba99
000002c4f38189d9
000002c5ecf014b9
000002c6a70350f9
000002c6b9f61099
000002c6cc655499
000002c6d1dd1619
000002c733b35fd9
000002c798415059
000002c7cf485319
000002c88cc3f7b9
000002c8af508f19
000002ca13674459
000002ca5c229d99
000002ca8fcc3979
000002ca9b7d72f9
000002cab31071b9
000002caf0ac6099
000002cb1e9dbcf9
0000059656699861
00000000022b9b71
0000000000000181
000002cb486dd7f9
000002cbc1d8f8f9
000002cbf6539839
000002cc7108a559
000002cd12e1b6d9
000002cd332166d9
000002cd858bb7f9
000002cdcc2f5bf9
000002cdff74f4d9
000002ce0a60e579
000002cf0c4ea1d9
000002cf430d9899
000002cf9650ec39
000002d1764fc4b9
000002d1d32a6239
000002d1ddfd59b9
000002d2372c5259
000002d26dc01519
000002d289a96859
000002d2941e9fd9
000002d2e14631b9
000002d301aa2919
000002d43beb73b9
000002d47519d119
000005a8f6d45b61
00000000022b9b71
0000000000000181
000002d4a800ea99
000002d50c3afb19
000002d56731a059
000002d569091a19
000002d5a7cac9f9
000002d5d52578f9
000002d657991e39
000002d6e76b0959
000002d6f1389af9
000002d738c21d39
000002d7f73104f9
000002d83bb82bd9
000002d84ce2b019
000002d852b32259
000002d96bf19239
000002d9883d5f99
000002d9e4316159
000002daab8c9659
000002daf5da6dd9
000002dbb88bc339
000002dc1279c359
000002dc46cc0759
000002dc974c8779
000002dc995770f9
000002dd6b4fbc99
000005bb973f1e61
00000000022b9b71
0000000000000181
000002ddf0036ed9
000002de25eb98f9
000002de5f80cf79
000002debc001eb9
000002deebc8b1f9
000002e04419c959
000002e054404019
000002e0826ba7b9
000002e0db0906f9
000002e0e8a73339
000002e103240119
000002e159772339
000002e1cbd5fc79
000002e215c74019
000002e265f8eef9
000002e2d9ba4e39
000002e39cba5759
000002e3a2b8fa19
000002e3b564cfb9
000002e4218691b9
000002e464d61739
000002e4aa7440b9
000002e4d4d9c9d9
000002e52b3c5379
000002e629e5f499
000002e6a771c099
000002e6c4f886f9
000002e6d21221d9
000005ce37a9e161
00000000022b9b71
0000000000000181
000002e7b6bf6799
000002e834ee78d9
000002e869dddb79
000002e8b7fd3a99
000002e905cab659
000002e9061f9499
000002e921670639
000002e922f3aa19
000002e92ed9e179
000002e933f93959
000002e94a3d09f9
000002e9b80bdd79
000002e9d733ed79
000002e9f33447b9
000002ea2ec10399
000002eb0829b859
000002eb35c4c6b9
000002ec87313ed9
000002ec9a505e79
000002ecb3c56cb9
000002ece1deb839
000002edb5106cd9
000002edc4d81719
000002eddb7b4839
000002edfde90819
000002eeb9a0cfb9
000002eecf40e899
000002ef165df679
000002ef7ecdc719
000002ef863a71f9
000005e0d814a461
00000000022b9b71
0000000000000181
000002f07a1be0d9
000002f0cb6dc919
000002f15f9873d9
000002f184d0ffb9
000002f240a880f9
000002f2e64e96f9
000002f31c5a5699
000002f3769fcf79
000002f39543c5d9
000002f453e33179
000002f478f3a919
000002f4dc59c679
000002f5c46a7619
000002f5e684f159
000002f68c896039
000002f717399079
000002f75dfea279
000002f82ea97db9
000002f8d9623bd9
000002f8e4958879
000002f8ff048819
000005f3787f6761
00000000022b9b71
0000000000000181
000002f9db500f19
000002fa8a3f3e99
000002facfce03d9
000002fad5a381f9
000002fb59f08839
000002fb7cbc9db9
000002fbd92b7ef9
000002fbdbd3f059
000002fbf5eba039
000002fc2cd386d9
000002fcacddf019
000002fccb172d79
000002fdf1670b59
000002fe9983fd39
000002feb02586b9
000002ff023ec939
00000300172c6979
0000030070fb17b9
000003013099f039
0000030199e22a59
000003029eeda1d9
0000060618ea2a61
00000000022b9b71
0000000000000181
000003036a607799
000003039c9e23b9
00000303b854bb59
00000303c4f720f9
000003042b3d0d19
000003044f388479
00000304692114d9
0000030475a23b59
000003059641aa19
00000305afb23419
00000305d9c49139
000003060982f879
000003062dae6f19
000003066751a019
00000306830cc979
00000306b5b6c419
00000306e00cd8d9
000003072e90bad9
00000307361bd999
0000030795b98d79
00000308387b7a39
000003084973ca99
00000309abfa6159
00000309d5f00739
0000030a3855b879
0000030a50c18c99
0000030a80945719
0000030ab1923139
0000030aca145c79
0000030b7528bad9
0000030b8766c559
0000030c36901799
0000030c4d6dd439
0000030c59ce33f9
00000618b954ed61
00000000022b9b71
0000000000000181
0000030c77c269f9
0000030cb6947459
0000030ce0549259
0000030d2c5ada39
0000030d3600c6b9
0000030dc097a8f9
0000030e7fd544b9
0000030ea2960d99
0000030f09e73539
0000030f6ed49f79
00000310018413b9
000003104edd75b9
00000310b7d54899
00000310e06beb39
00000311595d4bb9
000003116b525319
0000031220ee1479
000003125f4509f9
00000312aca39459
00000312fc901c99
000003133bfd1779
0000031384654b79
000003138dc17239
00000313d45a9939
000003145313a8b9
0000031454116fb9
00000314642d5d19
0000062b59bfb061
00000000022b9b71
0000000000000181
00000315e53d87f9
00000315ed7bd6b9
00000315f3474359
00000316179a2799
00000316f9ff7119
00000317066acff9
0000031713195419
0000031717577f19
000003175aa3f1f9
0000031766ba2899
000003177d855f79
0000031789b861d9
000003179f524d79
00000317d249ce59
00000317eb080ef9
000003184e2ba499
00000318d5485319
00000318dc0ef219
00000318fa3f2819
0000031a1d452b39
0000031a274c54b9
0000031a2b2a1c59
0000031a33bf8b79
0000031a5e8fffd9
0000031b09ca7f39
0000031b6c8f0ed9
0000031bcc243779
0000031be7676a39
0000031c091d8b99
0000031c87425a39
0000031c94d75af9
0000031d3ccf1db9
0000031d78f895d9
0000031d8a4c9459
0000031ddf17da79
0000031de4d678f9
0000031e28d067f9
0000031e2ed42339
0000031e5d569959
0000031ea61e9299
0000031ec0e34f19
0000031ec52e1e99
0000063dfa2a7361
00000000022b9b71
0000000000000181
0000031f60908959
0000031f8039d159
0000031f9e81f299
0000031fad777ab9
000003206ae46979
0000032076020239
0000032088a57559
00000320ec17ca19
000003228bb412f9
0000032325673259
000003234b19c319
00000323cdbce099
00000323f95d54f9
0000032483908dd9
00000324c299b8b9
00000325b6b578d9
00000325c3165219
0000032605a84379
00000326be721699
00000326ddc30cd9
00000327a77b3379
0000032824421ff9
0000032837a19419
000006509a953661
00000000022b9b71
0000000000000181
000003287b407219
00000328aca262f9
00000328c9709359
000003293a2f0499
00000329603db599
00000329a5ad0199
0000032a8e16e919
0000032be4c1a299
0000032c0d8f15f9
0000032c26de3479
0000032cc78802f9
0000032d6efaba99
0000032e472edc19
0000032e7bece0f9
0000032e91330ff9
0000032ec8703f39
0000032ef823f719
0000032f2a47c539
0000032f533bfaf9
0000032ffb9533d9
000003301d798219
0000033037eac7d9
00000330750bcc39
00000330fd0c6039
000003312f028d79
000003316a9d9c19
00000331976f7b99
000006633afff961
00000000022b9b71
0000000000000181
00000331d02f9899
00000331d9078359
000003322f698b79
000003326cf35319
00000332abf8ba59
000003335977dad9
0000033387096299
0000033441787299
000003348ed61039
00000334db74fa19
000003355222aff9
00000335600200f9
00000335740a8299
00000335a275e639
00000335a6c86ff9
0000033636866ef9
0000033680fb5db9
00000337cc0bea79
00000337cc698dd9
00000337f92a5ef9
000003382029cd79
000003382f676b59
0000033843228f99
0000033856c7def9
000003386a2ab479
000003391b9c3eb9
0000033927304619
00000339c322cb19
0000033a8dbf66d9
00000675db6abd61
00000000022b9b71
0000000000000181
0000033afd4e8bb9
0000033b3ac3c9d9
0000033b3fc72ad9
0000033c458b56d9
0000033c4ee73339
0000033c6d277019
0000033d455fccb9
0000033d58e13879
0000033d9719d259
0000033db5188e79
0000033efd022e99
0000033f56803c59
000003400b97e8f9
000003404a2bb779
000003413a087059
0000034145a046b9
0000034274bb6a39
000003432baee399
000003435e7b98b9
0000034395de0779
00000343c6ad8bd9
00000344310e1db9
000006887bd58061
00000000022b9b71
0000000000000181
000003452bfd8979
000003453ddbca39
00000345b15e3159
00000345e4390fb9
00000345f92081f9
000003464a475d59
00000346f1267c19
00000346f4d31f59
000003470ff5e619
0000034749bbb6b9
00000347ae1f5439
00000347cc9de139
0000034812e7a079
000003481c1368d9
00000348605d78f9
000003489738a119
0000034926c44359
000003492af1fe39
00000349d35557d9
00000349ddeded79
0000034b33d26499
0000034bf8bf4d19
0000034c25189c59
0000034c2a00e5d9
0000034c34ab6fd9
0000034c37cec5f9
0000034c3fa33419
0000034c56767699
0000034c5aa95099
0000034c804b5019
0000034cbe214e59
0000034cc7d6bbd9
0000069b1c404361
00000000022b9b71
0000000000000181
0000034d98ac4ed9
0000034e26b775f9
0000034e91aaa0b9
0000034fa67cf219
0000034fa998b159
0000034fb3fe65f9
000003505d84c1d9
00000350633675f9
00000350dac12af9
0000035236db2e79
00000352a79bebf9
00000352bf7f6119
000003534ca472f9
00000353b036bd79
0000035480264859
00000354921f2b59
00000354a997be99
00000354bf2b3dd9
00000355aa0208d9
000003560f9846d9
000003565cd53bf9
00000356aeea3a19
00000356be5ec299
00000356cbe00239
000006adbcab0661
00000000022b9b71
0000000000000181
000003574d919719
00000357ad2369d9
00000357e35a0bb9
00000358673fb2d9
00000358e97a9d19
00000359706d5af9
0000035988598019
00000359d5c1f979
0000035a09f66e79
0000035ad5bc02f9
0000035b8d3f98f9
0000035bc50eabb9
0000035c7beb9039
0000035cd2a15179
0000035d13ff54b9
0000035d1f068799
0000035d1f74ded9
0000035d1f91f9f9
0000035db7477bd9
0000035dca9ec0b9
0000035dee4245b9
0000035e5339e5f9
0000035e7985d139
0000035e88bafe39
0000035ea0875059
0000035f09d47659
0000035f528369f9
0000035f692f5379
0000035f7c4a8119
0000035fc9fa6699
0000035ffd8cc839
000006c05d15ca61
00000000022b9b71
0000000000000181
000003603f3a4359
000003609ad94979
000003609f2421d9
000003610937ee59
00000361e52dad19
00000362313235f9
0000036246f0c399
00000362ed965599
00000363109e3cd9
0000036360ca16b9
00000363a8dee539
000003652d2ae7b9
000003653744c1f9
000003653de74ff9
0000036582e71019
00000366aa914e39
00000366ea0e61b9
000003671a68a299
000003677f7eee59
000003679defc439
00000367aaa83c99
00000367aefee8b9
00000367c6ba3439
00000368cd1ed579
00000368d9517739
00000369527c5fb9
000006d2fd808d61
00000000022b9b71
0000000000000181
00000369839ae139
00000369cdc4c0d9
00000369ce9c1419
00000369eed6db19
0000036b956ae299
0000036bb5666779
0000036c58927d39
0000036d91111c19
0000036db999a8b9
0000036ee0dc8a59
0000036f645be9d9
0000036f8c7a1ef9
0000036fab6efd19
0000036fbaa77139
000003705fbe0259
00000371513d4e79
00000371a09eb1f9
00000371c4297a39
00000371c8c930d9
00000371f55e3559
000003729daa92d9
00000372a7a3d679
000006e59deb5061
00000000022b9b71
0000000000000181
000003730ad889d9
000003736ba8ca79
000003739ca2afb9
00000373bbcb0959
00000374cfded539
000003758a854339
00000375c4975179
00000375de409139
00000375e1798a79
0000037611310db9
00000376501f1eb9
000003766bb7c7d9
0000037679376119
000003767e4f4679
00000376ee89e239
00000377873ad799
000003779e35f3b9
00000378cd970559
00000379162c67b9
0000037938c680b9
000003794a301419
00000379649835b9
0000037a0fb9bd99
0000037a2da98d99
0000037a39c6e979
0000037b79ef7a79
0000037ba4c686f9
0000037bcd618179
000006f83e561461
00000000022b9b71
0000000000000181
0000037c41cf8ed9
0000037caea3d8f9
0000037ce9dde259
0000037d2a20dd19
0000037d7574c999
0000037d8110aa99
0000037d976bd1b9
0000037ea4728c79
0000037ecdf47d59
0000037ee3519219
0000037ee54acb79
00000380159e5559
0000038188c8b239
000003819a395a79
00000381c8ddd9b9
000003827ebf2d59
00000382ebec13f9
000003836facff39
00000384043f16b9
000003840be83159
0000038428337099
00000384bb18fcf9
00000384c13bb619
00000384d426b5d9
00000384de8e3379
0000070adec0d761
00000000022b9b71
0000000000000181
000003861fea9b39
000003862c732159
0000038643960fb9
000003868535e719
00000386b6657659
00000386dcce8e19
0000038744284199
00000387ab034f39
00000387ae4550b9
0000038835a629b9
00000388e51197b9
0000038949310c19
00000389844e42f9
000003899133fa79
00000389b36abaf9
0000038ab39671b9
0000038b5c5aff19
0000038b929130d9
0000038b988f0db9
0000038c25dc13b9
0000038c7b151bd9
0000038cf27b7479
0000038d4cb58159
0000038d5c2cff99
0000038db0d75ab9
0000038e0beb6359
0000038e1eaa2379
0000038e46958959
0000071d7f2b9b61
00000000022b9b71
0000000000000181
0000038ec1ae3379
0000038ed5f2d059
0000038f51451359
0000038fa150af99
000003904c1c3619
0000039057a6e079
000003917ab70fd9
000003920df665d9
0000039224409f99
000003924db383b9
0000039299f082d9
00000392c0430a99
0000039310a69899
00000393aab71019
000003948613fbf9
00000394aca16bb9
00000394ad7f98d9
00000395138be099
00000395ab302a39
00000395e706e7d9
00000395f57066f9
0000039625c6a2f9
0000039704c467b9
00000397052ff2b9
0000039792218659
000007301f965e61
00000000022b9b71
0000000000000181
000003988e022a79
000003993509ee79
0000039969824b99
000003998dff8a39
00000399bbf429f9
0000039a524c6bd9
0000039a88e168d9
0000039abe7feeb9
0000039ad31c59b9
0000039b06af82d9
0000039b3a9070b9
0000039c47475399
0000039c63041419
0000039c7ac6c739
0000039cc808b899
0000039d47d16d39
0000039d7b8de759
0000039d7eecf239
0000039db19d65b9
0000039e80c8b5d9
0000039e95e2d119
0000039f65c166f9
0000039fd330d119
000003a006325559
000003a018584419
000003a01b73a419
00000742c0012261
00000000022b9b71
0000000000000181
000003a1c24b3739
000003a1f4e5b499
000003a25a543ad9
000003a2d6e752d9
000003a2ed0925b9
000003a319602e39
000003a31f4dee99
000003a366101cb9
000003a4c2ff74f9
000003a4eb13fa79
000003a52f814ed9
000003a54aa13dd9
000003a5dff661f9
000003a5e9011539
000003a649ad9f79
000003a700448c59
000003a70fa95e99
000003a7707552b9
000003a7bad33a99
000003a7cafc9cf9
000003a8d32ea199
000003a8d8895b99
000003a92aa942d9
000003a9611b73b9
000003a9a755f459
000003a9bd4b1259
000003a9c4824479
000003a9d9e7fb79
000003a9dd4e8f79
000003aa66349799
00000755606be561
00000000022b9b71
0000000000000181
000003aabcba2ed9
000003aae2ba0559
000003ab7c54f8f9
000003ac6fcb90f9
000003ad10fb29d9
000003ad1895a6d9
000003ad6b8e7ff9
000003ada2a50f99
000003ada3706db9
000003ae141a7019
000003aea3d4c639
000003aefafd8219
000003af15aa22f9
000003af19d802b9
000003afc4a85859
000003b004c5e399
000003b0417376b9
000003b087033579
000003b08cedce79
000003b0d96b0979
000003b1243e8059
000003b143cea239
000003b153c416f9
000003b1567fe299
000003b160685e99
000003b294022ed9
000003b2b2a456d9
0000076800d6a961
00000000022b9b71
0000000000000181
000003b4525da479
000003b454116d79
000003b45c7ab479
000003b481e3a0d9
000003b4a485e4d9
000003b4b1496ef9
000003b53d4aa5d9
000003b5a485ba19
000003b5eed7dc79
000003b5fba8f819
000003b65c43f419
000003b685689439
000003b698053db9
000003b6ba016039
000003b713ccbcb9
000003b7a63812d9
000003b7f8545e39
000003b82f2e9a39
000003b854296ed9
000003b8a4df4179
000003b941919179
000003ba5d817ad9
000003ba83be7a19
000003bad7864759
000003bade7095f9
000003bb12b70759
000003bb4e29d199
000003bb605e23d9
000003bc9aef1939
000003bd091afb59
000003bd2a6f5e99
000003bd4d9db859
0000077aa1416c61
00000000022b9b71
0000000000000181
000003bd540c5899
000003bd5f3f2e59
000003bda5160ad9
000003bdd30f3959
000003be61e2d539
000003bfc70cc619
000003bfd7beacb9
000003c031438d19
000003c08afc9179
000003c1093a02b9
000003c10a91d8b9
000003c11be10659
000003c1370e7f79
000003c2194d7619
000003c343002439
000003c372b911b9
000003c3b7e08199
000003c3f80ae439
000003c43f24ee99
000003c445cd2879
000003c4c5c10959
000003c500f61979
000003c5392d42b9
000003c549d8c999
0000078d41ac3061
00000000022b9b71
0000000000000181
000003c6f3a32d39
000003c7e44837d9
000003c7f00f02f9
000003c842fce719
000003c86f143e59
000003c904ae7c79
000003ca37e5cf59
000003ca4a957dd9
000003ca810e4299
000003caeccd2079
000003cb3a579579
000003cb9ddc7359
000003cc1c41d019
000003cdc5d14699
000003cdf38732b9
000003cdf870cfb9
000003cdfc1440f9
000003cef4a005d9
000003cf1c003db9
000003cf592499f9
000003cf6d5827d9
000003cfb4f35d79
0000079fe216f461
00000000022b9b71
0000000000000181
000003d07f19f839
000003d09e11f419
000003d0a5ae66b9
000003d0fe0f8459
000003d14336cad9
000003d157f8e459
000003d21d424999
000003d26e288359
000003d28daa1dd9
000003d2d0147db9
000003d2ed290c99
000003d30b0ca459
000003d3615f6759
000003d3813861b9
000003d392337dd9
000003d45ad73c39
000003d466b5ed59
000003d4c75fff59
000003d522fd89f9
000003d558c93079
000003d58152b419
000003d5855e7899
000003d60729db79
000003d652661dd9
000003d66417f899
000003d671b8ff59
000003d69bf96ab9
000003d6b544c859
000003d6deb9bd19
000003d7c4594c39
000003d85e7a2459
000003d8b82fa479
000007b28281b761
00000000022b9b71
0000000000000181
000003d957e936d9
000003d98327f3f9
000003d9a33f5bb9
000003d9e00a08b9
000003d9f77088d9
000003dc24b95df9
000003dccc3043f9
000003dd4bc75d99
000003dd6fdabf99
000003dd926fbc39
000003ddd96c31f9
000003ddfeb5f6d9
000003de375c91b9
000003de53f43f79
000003df40b16479
000003df6e9b94b9
000003df9f33df59
000003e09e559c79
000003e0fda05359
000003e16b4caa99
000003e1c5ecf599
000003e22b7616f9
000003e289014299
000007c522ec7b61
00000000022b9b71
0000000000000181
000003e2c7677919
000003e2d59079b9
000003e36bf36ab9
000003e38647d679
000003e39475ba39
000003e42d580c79
000003e4334e1d59
000003e4b1780af9
000003e52d13c8f9
000003e5c0d98ad9
000003e5caa11699
000003e648ab5859
000003e6e3719eb9
000003e713946f19
000003e715ed83d9
000003e76a0e5899
000003e7dbb6f479
000003e7fe986959
000003e85fa0b939
000003e891bc4a99
000003e8d923e819
000003e918b891d9
000003e9497ff559
000003e983999c79
000003e99e5c81b9
000003ea154086b9
000003ea3eccf979
000003ea45b1b839
000003ea54def059
000003eac14f2139
000003eace8cbed9
000003eaf34fe799
000003eb01e7db79
000003ebda7a3599
000007d7c3573f61
00000000022b9b71
0000000000000181
000003ec32a62dd9
000003eca003b579
000003eca15a4b19
000003ed41248cf9
000003ed59a43499
000003ed6709e259
000003ed6a659979
000003ed6c0bbeb9
000003ed6ce4ccf9
000003ed7b5808b9
000003edb0412859
000003ee304c0959
000003ef48dd9539
000003efab7164b9
000003f00e60d019
000003f0401003d9
000003f15b928cd9
000003f1e02483b9
000003f29075cd59
000003f35a734db9
000003f3aa1b4c59
000003f3bc7a9d39
000003f3be301b59
000003f3bef2f259
000003f422aa05f9
000003f4424c83d9
000003f4d7379ed9
000003f52be25d19
000007ea63c20261
00000000022b9b71
0000000000000181
000003f64ace13b9
000003f6c089b0b9
000003f6dcdc5179
000003f71b7f3339
000003f71fd54079
000003f96b901199
000003f99552b119
000003f9ed1e1059
000003fa1bb84ff9
000003fa289b8319
000003fa5ac666d9
000003fad3da7359
000003fb12274d19
000003fb59edc6d9
000003fbf3374ed9
000003fc7cc8b319
000003fcf1e7ff79
000003fd0ca821b9
000003fd2a9bb699
000003fe4781da99
000007fd042cc661
00000000022b9b71
0000000000000181
000003febda577b9
000003fedcaeb639
000003ff2638fa59
000003ff569a4859
000003ff7a3bb7d9
0000040040aeb979
00000400443f6e79
0000040088ee6b19
000004016f237919
000004017cc6fdb9
00000401bd9d44f9
00000401ce8c7e19
0000040271dfc7f9
0000040292821cb9
00000402a4d75ef9
000004031da6bed9
0000040353408679
00000403c4976cd9
0000040422263079
000004043656a019
000004048edd73f9
0000040512162f79
000004061570b4d9
000004061c21edf9
00000406974876d9
00000406b0d510d9
00000406fb169819
0000040766efa699
00000407762d6bf9
00000407b0290e19
0000080fa4978a61
00000000022b9b71
0000000000000181
00000407f5a266d9
000004081a168fd9
0000040846e1fb59
000004099c13c419
00000409aee5b6f9
0000040a1ba42259
0000040a3189c019
0000040ab57c2479
0000040ae2bae799
0000040b47834b39
0000040b4fc7a759
0000040bac18cdf9
0000040d8897e1d9
0000040de3712df9
0000040e0f5009b9
0000040e4f8b2539
0000040e943dc439
0000040f24d74fb9
0000040fd0c407b9
00000410a4ca26f9
00000410b5c0a0d9
00000410b5c0a179
00000410cc7076f9
00000410f03ce579
0000082245024e61
00000000022b9b71
0000000000000181
000004112fb7bdd9
000004113b3bd399
00000411ded2e699
0000041295f8f9d9
00000412d40844d9
00000412fe56ce79
00000413679a9599
00000413f6fff099
0000041444612ab9
000004146933e939
00000414e85060b9
00000415dbd75c99
0000041635a9ae99
00000416e1e67439
0000041728ff33b9
000004177eb14a99
00000417977aee59
00000417f9f99079
000004181d9e7f19
000004182d695679
0000041852052e99
00000418cdd79c79
00000418e45ad539
000004193efb7bb9
000004194f0d5bd9
000004196e86bb99
00000419b2d98d99
00000419d6e318f9
0000041a5d633bd9
00000834e56d1261
00000000022b9b71
0000000000000181
0000041adab0b459
0000041bc36dba79
0000041bf4807db9
0000041c6dcb3cf9
0000041c92b3e1b9
0000041c9a5386f9
0000041d473d72f9
0000041d473d8359
0000041d5948e879
0000041d8e9e9519
0000041de41a36f9
0000041e19f658d9
0000041ed23cf2d9
0000041f1314e259
0000041f58718af9
0000041fc1f82a39
0000041fe07b0f99
0000041fe31d0179
000004204cf880b9
00000420aed72ff9
0000042103511f19
000004217eb955f9
000004218112e259
00000421f0968479
0000042214e65879
000004229dbbc2b9
00000422b237b459
00000422d8bc0f99
00000422f381be99
000004236930d8b9
0000042373470fb9
0000084785d7d661
00000000022b9b71
0000000000000181
00000424637791f9
000004247bcf6819
0000042504006e79
000004257fbff259
000004259e124e79
000004261ff9e399
0000042656a270b9
0000042713d658f9
00000427f1245f19
000004284c614e99
00000428e1844df9
0000042a1454a5f9
0000042aba1e4bf9
0000042ac1c22099
0000042adf1e3af9
0000042b58a84f19
0000042be9e704b9
0000042c4b20d539
0000042ce3293b79
0000042d0ed50319
0000085a26429961
00000000022b9b71
0000000000000181
0000042d193309b9
0000042d2e31e0b9
0000042d44ff24b9
0000042d63797f19
0000042d6e032139
0000042d8ceaefd9
0000042d8ceaf079
0000042e209bbbb9
0000042e400590f9
0000042e75fe4b99
0000042ed17bc6b9
00000431574bbe19
00000432e959ab59
000004330936ed79
000004337e6a6519
00000433933303d9
000004339494d459
00000433c859eeb9
00000434a6407cf9
00000434b4a19ff9
00000435ce7b99f9
00000436142aaf19
0000043633244779
00000436432e3159
00000436434896f9
0000086cc6ad5d61
00000000022b9b71
0000000000000181
0000043674e132b9
00000436d35b99f9
0000043704695959
000004371fba5a79
00000437539c9519
0000043760ca18b9
000004378c9ad2b9
00000437a07fb579
00000437b986a239
00000437f3d31f59
00000437face78f9
00000438472d3fb9
0000043848639159
000004385c28b539
000004397a5cefb9
00000439bc449c39
00000439fff7a839
0000043a23bec479
0000043c7d27a7f9
0000043cb5458839
0000043d0802c459
0000043d10ac9719
0000043d4b423939
0000043d7a95c9d9
0000043dbdcd59f9
0000043e9b670779
0000087f67182161
00000000022b9b71
0000000000000181
00000441d6c46739
00000441dd80db39
0000044236f6b079
000004424a5f8f99
0000044254c66919
0000044291ec69f9
00000442b6d797b9
00000442fbe93159
000004443cf48399
000004444e5650d9
0000044497567f39
00000444a3b2fa79
0000044573bd0879
00000445b5c4c279
00000445fb3c75f9
00000445fb3c76b9
00000446475ba059
00000446654b3e99
000004469b9c4079
00000446d8176819
000004470bb57479
000004471acd9ef9
0000044730142a59
0000044730142bb9
00000447495c2e59
0000044749c13219
000004475c520e59
00000447ee4e5db9
00000448cd8ee299
000008920782e561
00000000022b9b71
0000000000000181
000004495b3362d9
00000449da1f4879
00000449f2aeb939
0000044b118a8a59
0000044b1be343d9
0000044bddfc44b9
0000044c0f757db9
0000044c6927dfd9
0000044c8fc0d359
0000044c9864e219
0000044cb77c2559
0000044cd510d9b9
0000044d1cc09259
0000044d1d9262f9
0000044d9cdb20b9
0000044e84c59939
0000044e84c599d9
0000044eacf673f9
0000044f3fb898f9
0000044f6a016619
0000044fd93862b9
0000044fdc9ffc39
000004503fd1b3f9
00000450767c0ed9
00000450a9c9dc59
00000450e54bacb9
0000045103119df9
0000045118ca9d19
000004515ed273b9
00000451e1835599
00000451e86b0519
000008a4a7eda961
00000000022b9b71
0000000000000181
00000452d4fee299
000004536cf589d9
00000453712da159
000004537b4c7559
00000453aeede859
00000453d33b8bb9
00000453da0fcf19
000004543b865e39
00000454557d59f9
000004553d98fb39
0000045580d5afb9
00000455b6e98679
00000455c6462479
00000456c380faf9
000004574c1d70b9
000004578c5e7799
00000457d6cbefd9
00000457f14731b9
00000457fa6e90d9
0000045846e7f419
000004591436f959
000004591a699499
0000045920f027f9
00000459431544b9
000004599632a0d9
00000459f06f2039
0000045a16e3c519
0000045a2f78b119
0000045a7331a319
0000045ab0ae3ff9
0000045adb6adc99
0000045b0bd9e1d9
0000045b50443c59
000008b748586d61
00000000022b9b71
0000000000000181
0000045c21530899
0000045c500bb4d9
0000045c7ec72599
0000045c924b5e39
0000045c9f53c1b9
0000045ce2056af9
0000045cf992f039
0000045d2f2abaf9
0000045dcef2ef39
0000045e144b42b9
0000045e60f1cd39
0000045ec85de0d9
0000045f1e037319
0000045f34937f99
0000045f7ff36799
0000045fe1e614d9
00000460af5425b9
00000460cd93c139
0000046147e21519
00000461b3136539
00000461df05b519
0000046234fd5fd9
0000046257c6a799
0000046287b411f9
00000462cc016c39
0000046338855d39
000004633ecfdf59
0000046351c49b39
00000463800d7c79
000004644a0562d9
000008c9e8c33161
00000000022b9b71
0000000000000181
00000465249c0019
00000465898a5fb9
00000465b28e71d9
0000046604938bb9
00000466095610d9
00000466245fb9d9
000004669cd7c239
00000466d38a4099
00000466dd8c5799
00000466f52e1d99
00000467a5c8a7f9
00000467d3a6e919
00000468c7426d59
000004690a18ca99
0000046962838119
000004696dfb3599
00000469e1113db9
0000046a753c6f79
0000046a9344bbd9
0000046a9df39519
0000046aadf918b9
0000046afb1234b9
0000046afcc7bb39
0000046b0dfe7839
0000046b3e2d21b9
0000046b63ef2179
0000046b69d3ecd9
0000046c0d269779
0000046c3092bf59
0000046d8f2d1079
0000046da0fe46f9
0000046dbe607bb9
000008dc892df661
00000000022b9b71
0000000000000181
0000046ed11cb5b9
0000046f04e51ff9
0000046f6d939cb9
0000046f758f0979
0000046fc633d2b9
000004708fef67d9
00000470d266fa79
00000471e01ca9d9
0000047295225ef9
00000472df5fa419
0000047338f238d9
0000047347f89d19
000004738baf0039
0000047392ddfe19
00000473f9b26719
00000473fe7163d9
000004745874e259
0000047514602b99
0000047531541159
000004755245d959
0000047585348419
000004761cf11239
00000476cc404659
000004771d9f79b9
000004772fc4fd19
000008ef2998ba61
00000000022b9b71
0000000000000181
000004780dca6479
0000047a0401c899
0000047b4695c6d9
0000047b534863f9
0000047b71403d79
0000047b8d48cfd9
0000047b9fc1b799
0000047be08787f9
0000047c9eb43759
0000047d244d3c19
0000047dbfc19f39
0000047e872d3959
0000047f20a80eb9
0000047f34ff6479
0000047fe5c04b99
0000047fe9592ad9
00000480dde1e019
00000901ca037e61
00000000022b9b71
0000000000000181
00000480f5316f59
00000481bb412b59
00000482163342f9
00000482814a6699
00000482b38aff99
00000482bbfea259
00000483dc892119
000004853b126739
000004853da2a399
0000048558b119b9
0000048594251179
00000485f1111eb9
00000486565cf959
000004865fd4cef9
0000048731d39bd9
000004879033dd39
00000487b8529f99
00000487f3a48199
0000048847934939
0000048915f55879
0000048989dc5519
0000048994226439
000004899e852059
000009146a6e4261
00000000022b9b71
0000000000000181
0000048b250c3719
0000048b26f79ab9
0000048b337ecd39
0000048b36711b99
0000048b5312f799
0000048ba37dce79
0000048d15141319
0000048d2ad86a19
0000048d4cc09bd9
0000048dcb33c4b9
0000048e31157b79
0000048e988d4139
0000048ffc9e8f19
000004908c3af739
00000490f9234739
000004919d0dd9d9
00000491b45be339
00000491e9d83ed9
00000491fcc31519
0000049214b3e339
000009270ad90661
00000000022b9b71
0000000000000181
00000493dc734fd9
000004944927a5b9
000004945c9df159
00000494783a4c19
0000049499ccddf9
00000494cf81d139
00000494dcbf38f9
000004975c2b0bb9
000004978a5c71b9
00000497c309b7b9
0000049823cd4539
000004984e6ff999
000004986b1fee39
000004987d82a8b9
00000498f0e4f899
00000498f5b05c39
000004993262b699
000004996cb63e79
0000049ab3e68039
0000049aff67a3d9
0000049b46609c79
0000049b895fd359
0000049bb15dcc79
0000049bc61dec39
0000049bd2b8f779
0000049be991ddf9
0000049bfbee1279
0000049c0d5e8279
0000049c46a12bd9
00000939ab43cb61
00000000022b9b71
0000000000000181
0000049d3fba4ef9
0000049d522bebb9
0000049db6a69819
0000049ddb759ad9
0000049ddc9ffc19
0000049e02a5c0d9
0000049e0f770fb9
0000049e0f771059
0000049f2959fd19
0000049f42fd0cb9
0000049f468f3d59
0000049f64b92e99
0000049fa159d179
0000049fd3578199
000004a063ccf3f9
000004a08248ff19
000004a111bb99f9
000004a18081a4b9
000004a1e0bbeb19
000004a1f4583939
000004a20d3085d9
000004a21c037659
000004a272acecd9
000004a287882c19
000004a2b2bac5d9
000004a2c4e0bb19
000004a36e9ef659
000004a38a7b52b9
000004a39ff8a879
000004a3f1d45979
000004a3f968b0b9
000004a3fcd3b3b9
000004a4613dfdf9
000004a47ee9a379
000004a4ee6777d9
000004a51ef6bcd9
000004a56ca846f9
000004a59caa2619
000004a5a3a93379
000004a61da195b9
0000094c4bae8f61
00000000022b9b71
0000000000000181
000004a66a1ed2f9
000004a6c75a6a59
000004a737f40e39
000004a75b4bdf19
000004a76b15bbb9
000004a7fb3238b9
000004a83356d319
000004a84c753059
000004a866162f59
000004a8971de279
000004a8d006f059
000004a8d686c0b9
000004a8db9b5179
000004a905183959
000004a94a6d1a59
000004a9d7577a79
000004aa4781f139
000004aaf96b0c59
000004ab7f13b279
000004abb948b2d9
000004abbb982579
000004abe259e5f9
000004ac310e5bb9
000004ad01db15f9
000004ad10031fb9
000004aeb73a4ef9
000004af01a9b959
000004af0f518119
000004af5e1b66f9
0000095eec195361
00000000022b9b71
0000000000000181
000004afce72db19
000004b020f44a19
000004b0481fa179
000004b05da3b339
000004b0f22eb1f9
000004b163862fd9
000004b20ac51039
000004b2cb6ef0f9
000004b2d235b0f9
000004b2f6521b19
000004b322b12b59
000004b3aa07ead9
000004b3ec2ffd59
000004b4a07ad6d9
000004b4f3bcf999
000004b57e349ff9
000004b581bd40b9
000004b5e3ba5859
000004b60499e5b9
000004b626499c59
000004b67f43ccf9
000004b77cbe9439
000004b7b4eaf4f9
000004b7db97a2f9
000004b82b5bd319
000004b82dec1639
000004b83eac8fb9
000009718c841761
00000000022b9b71
0000000000000181
000004b960333359
000004b979ab3819
000004b9a8c33dd9
000004ba3e24de39
000004ba45a43df9
000004bb13c35e19
000004bbca355879
000004bc0d352839
000004bc38297df9
000004bca5e2df19
000004bcaa9b0a39
000004bcf3e2d739
000004bd22bf5fd9
000004beac8e6859
000004bec7d0f439
000004bec8c482b9
000004bf728c5c79
000004c0640ad819
000004c0a46d4099
000004c115d52319
000004c199632939
000004c1bbb42659
000004c1c3caa1f9
000004c1d1b0da39
000009842ceedc61
00000000022b9b71
0000000000000181
000004c326c80d59
000004c4812a0ef9
000004c5eaa33139
000004c63e2527b9
000004c6c3583499
000004c7084c1559
000004c79dfde299
000004c7cf9eb0d9
000004c7ff429a19
000004c864b69879
000004c9414645d9
000004c958e757b9
000004c9e45db4d9
000004ca005f96d9
000004ca06b70f79
000004ca2642b479
000004cae18c3859
000004caf68469f9
00000996cd59a061
00000000022b9b71
0000000000000181
000004cb7cd03839
000004cbdacc6619
000004cc0ef71819
000004cc21093c79
000004cc251d63b9
000004cd0661f2b9
000004cd2b1bac59
000004cd43828b99
000004cd72c2e0b9
000004cda18b4599
000004cda67c38b9
000004cdb3ec9eb9
000004cdc897f9d9
000004ce603c7779
000004ce728c8859
000004ce73472859
000004ce95b192f9
000004ceb86a1739
000004cf69d1c5b9
000004cf773b6ef9
000004cf97e7f879
000004d00ce1b659
000004d0454e1019
000004d0b2d9aeb9
000004d0d2012579
000004d125f44bf9
000004d13b0ead59
000004d20c3a5fd9
000004d34654b9d9
000004d3902998f9
000004d396217439
000004d3c9bb55b9
000004d3d211a5b9
000004d40f9d5639
000004d4111d86f9
000004d43e570219
000004d465cdc779
000004d4a490a899
000009a96dc46561
00000000022b9b71
0000000000000181
000004d538880859
000004d542c53799
000004d6123b7579
000004d621149779
000004d64a610919
000004d68de4a919
000004d6b47b4b99
000004d71557fe79
000004d760207159
000004d7c378c799
000004d858b62419
000004d91397d199
000004d96450d6f9
000004d98f129019
000004d9a359d7d9
000004da4ff7c6f9
000004db92a3f8b9
000004dc01f950d9
000004dc4437dc79
000004dc7ee88bd9
000004dc7f851af9
000004dc9d768399
000004dcbec9e419
000004dd072b9a99
000009bc0e2f2961
00000000022b9b71
0000000000000181
000004de6e727c99
000004decc9175f9
000004def513ac79
000004df36f7f4d9
000004dfd2a23779
000004e023b38b79
000004e025b4e259
000004e04df81879
000004e0b0ce61f9
000004e20d74a5b9
000004e249d4a6f9
000004e260d75d99
000004e267b819b9
000004e2a83dd1d9
000004e2d4cd7e39
000004e33f7a0bb9
000004e3a6119d59
000004e411c23259
000004e42114e379
000004e42f3fd859
000004e49ffce679
000004e4b32c8ff9
000004e52ffe95f9
000004e601f69699
000009ceae99ee61
00000000022b9b71
0000000000000181
000004e76b285979
000004e775ac23b9
000004e77f45f519
000004e7a8d10039
000004e7b13055d9
000004e8860cf799
000004e89dbfc7d9
000004e8d04e2719
000004e90e015859
000004e92b58c2f9
000004e934650579
000004e9734715f9
000004ea0d969399
000004ea5acac2f9
000004eb2aa86119
000004eb48237539
000004eb856d4439
000004eba2c53a19
000004ec9015b7d9
000004ecea392679
000004ecf1b3ff19
000004ed113be3f9
000004edc5536939
000004eddc99edb9
000004edf4feb0d9
000004eed2402859
000004ef40e1c0d9
000004efc31e0b39
000004f00b3b3039
000009e14f04b261
00000000022b9b71
0000000000000181
000004f1409e6a99
000004f17afa7099
000004f2331b8e79
000004f27c3b4bd9
000004f3b36e3f79
000004f3ca88b099
000004f3ca88b1f9
000004f3e9d1b099
000004f3ea08f959
000004f3f67395f9
000004f509d0f5d9
000004f56e354eb9
000004f5848ce8d9
000004f5a1311499
000004f61bc0e739
000004f63c141a59
000004f660dd07b9
000004f70e2804b9
000004f71af9c919
000004f747f23039
000004f80fc43219
000004f9c653afd9
000004f9d7340699
000009f3ef6f7761
00000000022b9b71
0000000000000181
000004fa036b1cd9
000004fa4f1f9919
000004fa8874b659
000004faa850db99
000004fb1bc9a3b9
000004fbcf0a6ed9
000004fc03055859
000004fc0f14d059
000004fc2ee10a19
000004fc6c0bebb9
000004fc8a551fd9
000004fcdf8eac59
000004fd88fbe939
000004fddef28b59
000004fdf3a1ad59
000004fe39448f39
000004fe563348d9
000004fe73129ef9
000004fea8c5ee79
000004ff973e4fd9
000004fff1f0e499
00000500f5d7c619
000005011f9e1179
0000050192ac76b9
00000501f15aa2f9
000005027bf2a679
00000502cdcca5f9
00000a068fda3c61
00000000022b9b71
0000000000000181
00000503a2854739
000005046ddc86f9
000005051d821eb9
0000050551fa1c99
00000505890b1299
000005061455df59
000005063c600899
000005069c457db9
00000506bf68ac99
00000507c48b5719
00000507fac4c1d9
00000507fe338f19
000005084b7df439
000005086e4e06d9
000005089522f9d9
00000508c9bc8fd9
0000050916de5979
00000509a28bd719
0000050a02d0d679
0000050a038b0e59
0000050ae99dd619
0000050bafffda59
0000050c8a7506d9
00000a1930450061
00000000022b9b71
0000000000000181
0000050cc453ddd9
0000050d1e66a9f9
0000050d2e3cd1d9
0000050db5b395d9
0000050deda4ad79
0000050e1c1e0bd9
0000050e28c9b519
0000050eccc09079
0000050ee95d2819
0000050f1f71d819
0000050f61af41f9
0000050f93beddd9
0000050fba0a5959
000005104547a959
000005108da04b79
00000510da3bfa59
000005112e45f4d9
00000511c7085dd9
00000511ebe0a159
000005124585bd79
00000512658a0819
00000513a4479ed9
0000051489008279
00000514b07fdef9
00000514e6d8cb19
000005151cc0b459
00000515286311f9
000005153bdf4ff9
000005156d2345b9
00000515aa814679
00000a2bd0afc561
00000000022b9b71
0000000000000181
0000051638c9c7b9
000005165adcf479
0000051660b9deb9
000005178a97db19
00000517e815ad59
00000519116557b9
0000051965b5f2d9
0000051a3b859939
0000051a5347d7d9
0000051ab1a6fcb9
0000051abb0ef399
0000051acab75b39
0000051b11712819
0000051b32d06139
0000051b630ec5b9
0000051b666c0df9
0000051c260a46b9
0000051c3d187079
0000051c7d70bc99
0000051cefdfeef9
0000051cf94eaeb9
0000051d09e8e019
0000051da0b5fcb9
0000051e13a2db19
0000051e952e4af9
0000051ede3d9ad9
0000051ef6578cb9
00000a3e711a8a61
00000000022b9b71
0000000000000181
0000051f56a52659
0000051f80f691b9
0000051f82454bb9
0000051feed70019
00000520913e8a79
00000520ba911499
00000520beffd299
00000520e91e3239
00000520eac5ead9
0000052112fb47d9
000005213caf6979
00000521401a8099
0000052286e04899
00000522a2178c59
00000523825de099
000005247b069ab9
00000524bd9b7b79
000005255c993d79
00000525ae257239
00000525c8003b59
0000052698958419
00000526b81b9119
00000526fc63b3f9
0000052710683479
0000052734f48679
000005277021c119
00000527a8756579
00000527ae499a99
00000527b6be8699
00000527bcf7de19
00000527c9001ff9
000005280beefcb9
00000a5111854e61
00000000022b9b71
0000000000000181
00000528a33224d9
000005291d9ad499
00000529545bddd9
00000529d86c5879
0000052a9eefe959
0000052aea9f64f9
0000052b0404a8b9
0000052c6c6807f9
0000052c8ccab3f9
0000052c9d463f19
0000052cac94d359
0000052cb625b959
0000052cd11a0c99
0000052d836612b9
0000052d93369019
0000052d940b0119
0000052eba6c6dd9
0000052f2b5e6459
0000052faed993f9
0000052fe6f5cff9
0000052fedaa10b9
00000530138cb939
0000053031271639
000005303530e4d9
0000053104fd7519
0000053146855399
0000053193fed299
00000531c8050039
00000a63b1f01361
00000000022b9b71
0000000000000181
00000531e0233919
00000532312b6699
000005324193dfb9
0000053271a39939
0000053283de5219
00000532cd0b1679
000005334cde8a59
000005336f7fc119
00000533b6968079
00000533c09610d9
0000053405b0adb9
00000534784e86b9
0000053479f80b19
000005353ddbc2f9
00000535d8adc0d9
00000536042156d9
00000536f6862539
00000537136fb619
0000053727a840b9
000005373d6d5479
00000537e629f3d9
00000538496faad9
00000538c62cd519
00000539ff6f6199
0000053a1a3ca5f9
0000053a79e7af19
0000053aa0c2f379
0000053ac5b1df99
00000a76525ad861
00000000022b9b71
0000000000000181
0000053baaa64199
0000053bf1b62e99
0000053c2a195d99
0000053c89070539
0000053cc93de2b9
0000053cdbd950d9
0000053cf095cdd9
0000053d3800a059
0000053d3d75a9d9
0000053d6dce1799
0000053d6dce1859
0000053d78081e19
0000053dcbc332d9
0000053de9302979
0000053e1531e059
0000053e9c5c7079
0000053f40a32059
0000053f6f9ebb99
0000053fb6c6ad19
0000053fc7c70479
000005403a104099
0000054090561b19
000005411850c539
0000054182500559
00000541b7d576f9
00000541e56bc6d9
00000541fdd0a679
00000542d06264b9
00000543294aecf9
000005433a7d1d19
0000054398e78479
00000543c15b2a39
00000543d40f7959
0000054414083419
00000a88f2c59d61
00000000022b9b71
0000000000000181
00000544a708df59
00000544ed5e6ef9
000005454e04bb59
000005455bb92139
00000545b88f9c59
00000545c4f37159
000005463839b839
0000054639f9a0f9
00000546c864e199
000005484c379639
00000548da67a459
0000054957d7cd39
00000549b1dc6659
00000549c47996d9
0000054ab52bd859
0000054b70ba99f9
0000054b801f6a39
0000054ba59cd7b9
0000054c03eff8b9
0000054c42d78899
0000054c71a4cc99
0000054ca81becf9
0000054ce0342db9
0000054d4e426e39
00000a9b93306261
00000000022b9b71
0000000000000181
0000054dde369c79
0000054e625a98f9
0000054eabd7fbd9
0000054eef414959
0000054ef13afbf9
000005502eb0f0d9
000005505d7c18d9
000005506c23c419
000005509c48e999
00000550e76b9c19
00000551e9764b99
00000551ebeea019
000005529d2d4b39
00000552affb8fb9
00000552def1c539
000005535ed001f9
00000553a3bbd359
00000554a0252ad9
00000554d3467839
00000554f0a5f8f9
00000554f4e80759
000005562bb23299
00000556b8ba5859
00000aae339b2761
00000000022b9b71
0000000000000181
00000557e0cf3819
00000557fae7e419
000005580ca68599
00000558bea6cf19
0000055ae1310a39
0000055b24e5b079
0000055b7730bfb9
0000055b910d8d99
0000055c42bbb3d9
0000055c705b9319
0000055cc1e80a59
0000055d13c7d599
0000055d97aba3f9
0000055d98329ab9
0000055dc6490979
0000055dca064b99
0000055f09c7e279
0000055f2ad5df59
0000055f91f81c79
0000055fa3a4da39
00000ac0d405ec61
00000000022b9b71
0000000000000181
00000560fb1403b9
00000561c6740bb9
000005620fa30ef9
0000056246e553d9
00000562ae3e1f99
00000562ced4f439
00000562d24bd699
00000562f4ea9039
000005638e60a039
00000564cc696a19
00000564e88988d9
0000056572db0819
00000565740c35d9
000005658d981eb9
00000565be6e9619
00000566141ae039
0000056645e73179
00000566cbdb4cb9
00000567d7b71639
000005680e309319
0000056860417fd9
00000568801d18b9
0000056896dfe519
00000568f1e6acb9
0000056916f9e339
0000056928d418f9
000005696a10cbf9
000005696e511eb9
00000ad37470b161
00000000022b9b71
0000000000000181
00000569f06c9079
0000056a0d3c12b9
0000056a8969b519
0000056b0c8dc199
0000056b38d46399
0000056b6abd3bd9
0000056b7c7f2559
0000056bd55d8059
0000056cfb6b0219
0000056d170b90d9
0000056d3231bf99
0000056d790bcb79
0000056db9d332b9
0000056def445a79
0000056df9f43719
0000056e29051ab9
0000056f5e026239
0000056f631db8d9
0000056f858a9a39
000005702d81eaf9
0000057051823f19
000005707309cbd9
00000570b7afdd99
00000570d2ca2939
00000570da554b39
00000570f126d6f9
00000570fa93e179
00000571cfb5a8b9
00000571d32a84b9
00000571d4610219
00000571e6bd8639
000005722a56d579
0000057282cc4df9
00000572b11d7dd9
00000ae614db7661
00000000022b9b71
0000000000000181
000005736375d6f9
000005737a7bc0b9
00000574265ba639
00000574bc21c299
00000574c73b3239
00000574e3bcae19
00000574f0e627b9
00000575303a00d9
0000057575fab9b9
00000575dd7b1e79
00000aec56dbf861
00000000022b9b71
0000000000000181
