[MCS8 A] 97 FW 3.104 SV 1.257 
range=1024
periods=2
sweepmode=27e20d0
fstchan=0
holdafter=0
streamstatus=3
calreg0=0
calreg1=0
calreg2=0
calreg3=0
swpreset=8000        
prena=1
syncout=0
cycles=18
sequences=1
tagbits=16
vdac0=92c
vdac1=807
vdac2=8c8
vdac3=8c8
vdac4=8c8
vdac5=8c8
vdac6=8c8
vdac7=8c8
timepreset=150.000     
digio=0
digval=0
autoinc=0 
savedata=2 
mpafmt=asc
sephead=0 
fmt=asc
smoothpts=5 
[CHN1]
REPORT-FILE from 06/23/2026 15:37:42.160  written 06/23/2026 15:37:42
cmline0=06/23/2026 15:37:42.160 
cmline1=A1
range=1024
active=1
bitshift=4
cftfak=2580100
evpreset=10          
roimin=0
roimax=1000
caloff=0.800000
calfact=12.800000
calfact2=0
calfact3=0
calunit=nsec
caluse=1 
[CHN2]
REPORT-FILE from  written 06/23/2026 15:37:42
cmline1=A2
range=1024
active=0
bitshift=4
cftfak=2580100
evpreset=10          
roimin=0
roimax=1000
caloff=0.800000
calfact=12.800000
calfact2=0
calfact3=0
calunit=nsec
caluse=1 
[CHN3]
REPORT-FILE from  written 06/23/2026 15:37:42
cmline1=A3
range=1024
active=0
bitshift=4
cftfak=2580100
evpreset=10          
roimin=0
roimax=1000
caloff=0.800000
calfact=12.800000
calfact2=0
calfact3=0
calunit=nsec
caluse=1 
[CHN4]
REPORT-FILE from  written 06/23/2026 15:37:42
cmline1=A4
range=1024
active=0
bitshift=4
cftfak=2580100
evpreset=10          
roimin=0
roimax=1000
caloff=0.800000
calfact=12.800000
calfact2=0
calfact3=0
calunit=nsec
caluse=1 
[CHN5]
REPORT-FILE from  written 06/23/2026 15:37:42
cmline1=A5
range=1024
active=0
bitshift=4
cftfak=2580100
evpreset=10          
roimin=0
roimax=1000
caloff=0.800000
calfact=12.800000
calfact2=0
calfact3=0
calunit=nsec
caluse=1 
[CHN6]
REPORT-FILE from  written 06/23/2026 15:37:42
cmline1=A6
range=1024
active=0
bitshift=4
cftfak=2580100
evpreset=10          
roimin=0
roimax=1000
caloff=0.800000
calfact=12.800000
calfact2=0
calfact3=0
calunit=nsec
caluse=1 
[CHN7]
REPORT-FILE from  written 06/23/2026 15:37:42
cmline1=A7
range=1024
active=0
bitshift=4
cftfak=2580100
evpreset=0           
roimin=0
roimax=1000
caloff=0.800000
calfact=12.800000
calfact2=0
calfact3=0
calunit=nsec
caluse=1 
[CHN8]
REPORT-FILE from  written 06/23/2026 15:37:42
cmline1=A8
range=1024
active=0
bitshift=4
cftfak=2580100
evpreset=0           
roimin=0
roimax=1000
caloff=0.800000
calfact=12.800000
calfact2=0
calfact3=0
calunit=nsec
caluse=1 
;MCS8 #97 Sversion=1.257 Fversion=3.68
time_patch=1
;datalength=8 bytes
;bit0..3: channel# 1..8 ( 4 bit)
;bit4: edge 0=up / 1=dn ( 1 bit)
;bit5 ..57: timedata    (53 bit), max sweep length 2001.6 h
;bit58..62: tag0..tag4  ( 5 bit)
;bit63:     data_lost   ( 1 bit)
[DATA]
0000000000000016
0000000175f5c879
00000001c24f5959
0000000243ee12d9
0000000462ec8399
0000000529af99d9
000000054077eeb9
000000058719a919
000000076472f619
000000094cf492f9
00000009806e82d9
00000009806e8499
0000000ab1063459
0000000ae17ea499
0000000c2ea162f9
0000000e22b487b9
0000000e56551139
0000000f7ccb5959
0000000fa72a9ab9
0000002156ac1361
0000000001a9e571
0000000000000181
00000011754f4d59
00000011a5cdfd99
00000011b9fa4ff9
000000123b7ff8f9
000000128c704e59
00000012b0456c39
0000001365e415f9
000000149c64faf9
00000014e71bbd39
00000015135a3659
00000015ad986619
0000001656470eb9
00000016aba5e2f9
00000016bae65299
00000018008c2559
000000191727a7d9
00000019e13d10b9
00000033f7176961
0000000001a9e571
0000000000000181
0000001cce202a39
0000001d39e66839
0000001d4dc92819
0000001d70cc57d9
0000001e3879acf9
0000001ead443979
0000001f30661c59
0000001f80ab2699
0000001f9c9702d9
0000001fa8ba7699
0000001fd23fa919
0000001fdf18d879
000000203ea0d199
00000020bddaceb9
0000002152a5b9d9
0000002183b2acb9
0000002276b110f9
0000002300e183f9
000000469782be61
0000000001a9e571
0000000000000181
000000246dd53119
000000255a124f19
00000025e224edd9
000000262f15cb99
0000002939139d59
0000002ac0e89039
0000005937ee1361
0000000001a9e571
0000000000000181
0000002d180a9a59
0000002d61fc15b9
0000002ef330eed9
0000002f51342ff9
00000030a02f3f79
000000314cf7bfd9
000000318a5705b9
000000320a63bcb9
000000322de1dbd9
00000032bff75e39
00000034c855d8d9
0000003595ac5bd9
00000035c35c1e39
0000006bd8596961
0000000001a9e571
0000000000000181
0000003763d99059
00000037801ed299
000000382ff57319
0000003841ff4779
00000038c2bad239
0000003904fa72d9
00000039ad23f6d9
0000003b69c61f59
0000003d035468f9
0000003d05d157d9
0000003d55694f99
0000007e78c4be61
0000000001a9e571
0000000000000181
0000003fa25c2cd9
0000003fa99dfcd9
0000004047cfcf99
000000429703ee59
00000042b49ff319
000000440643a119
0000004556c70b99
0000004613c29e39
00000046f7b2fb19
00000047b11bd0b9
00000047f690f459
0000009119301461
0000000001a9e571
0000000000000181
0000004a55cc5fd9
0000004aafecb3b9
0000004be4edbaf9
0000004c7a7044f9
0000004cdd3f0c99
0000004dcd9a0059
0000004e28001079
0000004f3dd80bf9
0000004f47bc15d9
0000004fc5155359
0000004fe78cce79
000000a3b99b6961
0000000001a9e571
0000000000000181
0000005210d1da39
00000052653a2939
00000052ba3cb379
00000052e5da4739
00000052eda603f9
00000053366ea0f9
00000053d9c92799
00000054ae0afa99
000000550ffd7bf9
000000560e995d99
00000056bb7c0079
0000005794b4ea99
000000584a4684f9
0000005907fbaf19
000000b65a06bf61
0000000001a9e571
0000000000000181
0000005febcbe059
00000060e3bed979
000000635421a7d9
00000063c11db6f9
000000c8fa721461
0000000001a9e571
0000000000000181
00000064f091ad99
00000065c3bdfd99
00000065f20a5799
0000006834e67cb9
0000006973835f19
0000006a01c277b9
0000006a0a79f679
0000006ab68cdcd9
0000006b79fc3b39
0000006c08e192f9
0000006c3dd1cd59
000000db9add6a61
0000000001a9e571
0000000000000181
0000006eb2ce0639
0000006f23af1739
0000006f691fc099
0000006f79c8d979
000000704eb2e779
00000070ee90cab9
00000071da91b199
000000724bccc639
000000734c6403b9
00000073962b4959
00000074407b6739
0000007488880119
00000074ac55a3f9
00000074ef115c59
0000007505c04299
00000076c4344499
00000076da581f39
000000ee3b48bf61
0000000001a9e571
0000000000000181
000000780b3ba379
000000783551b439
00000078f29dbf79
00000079ca3f9f99
0000007b6a025f79
0000007d04eaaa79
0000007e7b529059
0000007ef5d89dd9
0000007f2008ded9
0000007f3b8def59
00000100dbb41461
0000000001a9e571
0000000000000181
00000080d2a25d19
000000819c2eb559
00000082bbcdebd9
000000835d01db59
000000846ef491d9
0000008498027299
00000084aefd0bf9
00000084c86cfd99
00000084ffe82c79
0000008503451939
000000856dcb2bf9
000000872a2cc519
000000874ba7b8b9
00000087b29c6d79
00000087ffc1c939
00000088267e4d99
000001137c1f6a61
0000000001a9e571
0000000000000181
0000008acb74b599
0000008b17f7ac39
0000008b341ce599
0000008b374bd379
0000008be568c179
00000090e8f2fff9
0000009216a782b9
000000922b9a3d99
000001261c8abf61
0000000001a9e571
0000000000000181
000000938adca3d9
00000095478deb59
000000959acb9b59
00000095a186f9b9
00000096454c9a19
00000098e7fa3f39
0000009940f11a39
00000099627dd3d9
00000138bcf61561
0000000001a9e571
0000000000000181
0000009c745f6d79
0000009f127cc3b9
0000009ff05dec59
000000a0a4e7a7d9
000000a184c75d99
000000a28d7f5279
000000a2b4423b59
000000a45b80da79
000000a46612ec59
000000a4b63b0159
000000a4e8e61319
000000a4eff5f759
0000014b5d616a61
0000000001a9e571
0000000000000181
000000a5ff2e9b19
000000a684672b19
000000a6c986fbb9
000000a76198a059
000000a8b93a2319
000000aa2e3dbe99
000000ab12b4d2d9
000000ab72713c39
000000ab87e703b9
000000ad7db05fd9
000000ae30c59e99
000000ae5cd017f9
0000015dfdccc061
0000000001a9e571
0000000000000181
000000af6f0decf9
000000afc63ce719
000000b0645a19d9
000000b0a8e4b0d9
000000b0d892a3b9
000000b255277af9
000000b3498be159
000000b3b61b9cf9
000000b3ccb90259
000000b3d00e3679
000000b3e8009e59
000000b447a4ce99
000000b4995ff4d9
000000b5663fa4b9
000000b5ad19cb39
000000b635c89b19
000000b642d80a59
000000b647da5859
000000b6ec4b27f9
000001709e381561
0000000001a9e571
0000000000000181
000000b87e5afed9
000000b8a1ab0ff9
000000b989fc67d9
000000bc658ab2f9
000000bc8674e4f9
000000bc9b659059
000000bdcd2b2e39
000000bff50aec99
000000c14cc91d39
000001833ea36b61
0000000001a9e571
0000000000000181
000000c39aef8739
000000c3d0dec5b9
000000c45e04e5f9
000000c49c651899
000000c54bd14799
000000c67a274499
000000c86fc510f9
000000c8c0338899
000000c98100e3b9
00000195df0ec061
0000000001a9e571
0000000000000181
000000cafdfdc7d9
000000cc0a5c7f79
000000cc2ee8a4d9
000000cc766f71d9
000000cd3da92699
000000cd4bce4bd9
000000ce30fe50f9
000000cea63db779
000000ced9e51179
000000cf10298239
000000cf5511d0d9
000000cfae729bb9
000000d20396e779
000000d23acdc5d9
000000d281fd1ed9
000000d313979a79
000000d3b96e06f9
000001a87f7a1661
0000000001a9e571
0000000000000181
000000d8d91c57d9
000000db93617d59
000000dba71c58f9
000000dc0d8a3b79
000000dcb30bd1b9
000001bb1fe56b61
0000000001a9e571
0000000000000181
000000ddc9b24d19
000000de3b161559
000000dec236bc99
000000dfa2069039
000000e00d0966d9
000000e2aae51ef9
000000e3082a72b9
000000e3267d6b79
000000e36937d5f9
000000e3a3d7ed99
000000e3edab4379
000000e434870c39
000000e5bb27cf59
000000e61b5dcaf9
000000e61fe89079
000000e62b6b0ad9
000000e64fd33a99
000000e66d447039
000000e69c040479
000001cdc050c161
0000000001a9e571
0000000000000181
000000e7165050b9
000000e826313f79
000000e83c11a379
000000e9078446b9
000000eac477a059
000000eaf8283f19
000000eb2b61e5f9
000000eb9644d3b9
000000ebad7edc99
000000ec55e73999
000000eccd11f7b9
000000ecf6d12939
000000ed4d9a6099
000000ed8ff48539
000000ed91cf6c59
000000ef03aa3259
000000ef6fcdc5d9
000000efb01d7359
000000efdc2cd499
000001e060bc1661
0000000001a9e571
0000000000000181
000000f03ef0af19
000000f245763c39
000000f2ba10c919
000000f2ded4d3b9
000000f2e81071b9
000000f656dcb7f9
000000f6d30360b9
000000f6eb07f639
000000f750761059
000000f7f1e4ae79
000000f829c558d9
000000f88fc40379
000001f301276c61
0000000001a9e571
0000000000000181
000000f9ea6c6859
000000fb69881939
000000fbba986fb9
000000fbe25928b9
000000fd005dec79
000000fd28cf8bb9
000000fe46b416f9
000000fead2fda79
000000fff833f459
00000100740c56d9
00000100a3eec299
00000100c34e9059
000001017ed18659
000001017ed325f9
0000010245543979
00000205a192c161
0000000001a9e571
0000000000000181
00000104a6aa0719
00000104bc673bd9
00000104cfae8e39
00000109364fdf79
000001095db06679
0000010b75c371f9
0000010bf7e9c979
0000021841fe1761
0000000001a9e571
0000000000000181
0000010cde12dc19
0000010cf00023f9
0000010d4c1c5e99
0000010dd0a370b9
0000010e08c087d9
0000010e2a42f7d9
00000110bc6111d9
00000112972415d9
000001134106b419
000001137ea9f139
000001150b3bd879
0000022ae2696c61
0000000001a9e571
0000000000000181
000001157399d2f9
00000115bc3d16f9
000001169ff9eef9
000001186620cb59
00000119c58197d9
00000119e9640eb9
0000011b0f8a7e19
0000011b499aedd9
0000011c050090b9
0000011cd0bda4f9
0000011d515d0cb9
0000011dd0a32539
0000011dd237a8b9
0000023d82d4c261
0000000001a9e571
0000000000000181
0000011eeea6aed9
000001205f1914f9
00000120ce869d19
0000012144a0d9d9
000001227a277b59
000001228eaed4b9
000001229ae37c59
00000122ee15d359
00000122fa4f1739
00000123a77bda39
000001244ba1e379
000001256b07b839
00000125932dbe19
00000125ab17acf9
00000125dc414c79
000001261101dbd9
00000127ffa0dd99
0000025023401761
0000000001a9e571
0000000000000181
0000012847f7b1d9
00000128846b93b9
00000128847a6ed9
0000012abd949679
0000012acc0d3db9
0000012af21cd039
0000012af9018c99
0000012b8b7d84b9
0000012c95883af9
0000012d1e9f8e39
0000012d880f6b79
00000130f06a44d9
00000131273a9159
00000262c3ab6c61
0000000001a9e571
0000000000000181
00000131700fc979
00000131df5e2a19
0000013277740159
0000013287041499
00000132fdd00cb9
00000133ba87b5f9
00000133e7b16519
00000134e37dbad9
00000135cdeb0199
0000013695884bd9
000001387aa96459
000001388be92559
00000138d3b0db79
00000139dadfb499
0000013a4db98d79
000002756416c261
0000000001a9e571
0000000000000181
0000013cab8176b9
0000013ccb714559
0000013d4e2bc4f9
0000013db3489979
0000013e06e69559
0000013e299457b9
0000013f3ba5c819
0000014028802a99
000001408ab2c0d9
0000014109d12099
00000141e3a8a539
00000143cde12cd9
0000028804821761
0000000001a9e571
0000000000000181
0000014474d31e39
00000145fb54d479
00000145fe4ab879
000001462eb75299
00000148e51cfb79
0000014b18bbc7f9
0000014b9886c339
0000014bb70da0f9
0000014bbd9dc5f9
0000014c6af57d79
0000014cae59eb19
0000014cf3e98cd9
0000014d2ee4fef9
0000029aa4ed6d61
0000000001a9e571
0000000000000181
0000014e6a30a8b9
000001503ebafd39
00000150af28e719
000001517c7ec8b9
000001519a858859
00000151e77ab859
00000152084a3499
00000152dcc2cc99
0000015491e69ad9
00000155e474b7d9
000002ad4558c261
0000000001a9e571
0000000000000181
000001571eab0bf9
00000157acf56d79
000001580352fb99
000001589155e9d9
00000158cf12c9b9
00000158fff2fd39
000001594c819079
0000015962eda759
00000159f2e67a39
0000015a3fd1d559
0000015ac4bb5b79
0000015b1ce02019
0000015b849d6b99
0000015b995e1379
0000015bf9e2efd9
0000015e23bd8c79
0000015e48f16179
0000015e4e80e1d9
0000015e7e89ee39
0000015f39279179
000002bfe5c41861
0000000001a9e571
0000000000000181
0000015ff730f519
0000015ff737fcf9
0000016047584c39
00000160c2e57eb9
0000016110ca1f99
00000161580ced79
000001617de4a939
00000162ed2471f9
000001659bf803b9
00000165a60549f9
00000165e437da19
00000166a9cb7179
00000166ac59c919
00000167f09e45b9
00000167f1ee7159
00000168fd591c59
000002d2862f6d61
0000000001a9e571
0000000000000181
00000169bb5660d9
00000169e1861b99
0000016a2e313459
0000016aa15ebcd9
0000016b02afa1f9
0000016b7bbfd439
0000016c10fd05f9
0000016c5af1d2b9
0000016e3eee9259
0000016e4ef96d99
0000016ed2204c39
0000016fcd8aca59
0000017015604db9
00000170f89fd039
000002e5269ac261
0000000001a9e571
0000000000000181
00000174357f6c39
00000174a93931b9
0000017515a471b9
000001752fd4d4f9
00000175db5fdf79
000001774cf4e4d9
00000177cfcb9739
000001785087a739
00000178d1dec639
00000179132ef5d9
0000017a6efb6279
0000017a9dd9d739
000002f7c7061861
0000000001a9e571
0000000000000181
0000017c12aa2459
0000017cb6492ff9
0000017f7782ccd9
000001800a3b10d9
000001802ebcc6d9
00000180772313d9
000001823b5571f9
000001828f38c5d9
00000184a6879619
00000184b0ac34b9
00000184bd0d0df9
000001851f059819
0000030a67716d61
0000000001a9e571
0000000000000181
000001869bc5da99
00000187ca197079
00000187d4625a19
00000187ef6984f9
000001882cb4d4b9
00000188c4dcb459
00000188effe6c99
0000018912a78599
00000189631da199
00000189af925d99
0000018a194e3ad9
0000018b469b6879
0000018beebe9399
0000018c14320df9
0000018ccff5b359
0000018ce72917d9
0000018d593e0319
0000018e041f68b9
0000018e2b41aef9
0000018e4c6215d9
0000031d07dcc361
0000000001a9e571
0000000000000181
0000018f5ef623d9
0000018f6f044339
0000018f82f16299
000001909ffc7f79
000001919a670319
00000192068c4cb9
00000192cc5d8bd9
00000193321ec159
000001940bd11bd9
0000019483783e39
00000196074f9599
000001960e4685f9
000001965855d3d9
000001969efbe7b9
00000196b03ac0d9
000001973e614c39
0000032fa8481861
0000000001a9e571
0000000000000181
00000198997f04d9
0000019997986f79
0000019af31d0bf9
0000019bc7207939
0000019bf67ccc39
0000019cbe209f79
0000019d48db2179
0000019d7dae43f9
0000019d88acc6f9
0000019e65a5e879
0000019eb37aa379
000001a04d4a5b79
0000034248b36d61
0000000001a9e571
0000000000000181
000001a15f026d39
000001a1963e9db9
000001a25be050b9
000001a27d4123b9
000001a2c71608f9
000001a34b1b30f9
000001a4f1b755d9
000001a524b168b9
000001a52c59fdb9
000001a6c671bf19
000001a6ec69e699
000001a852ddfbf9
000001a8715afc19
000001a8d4619339
000001aa2fcd7279
000001aa32e79ff9
00000354e91ec361
0000000001a9e571
0000000000000181
000001abf64a23b9
000001ac7584c7d9
000001ae0c0a9699
000001ae1260b119
000001af74dce239
000001afe02f1699
000001b012514259
000001b17c2f9c39
000001b1a4df0519
000001b2b3e17559
000001b32c849659
000001b352d1e779
00000367898a1861
0000000001a9e571
0000000000000181
000001b42e0e77b9
000001b4ca956899
000001b4d3e3daf9
000001b5c95380d9
000001bbd68ab799
000001bbe48597d9
0000037a29f56e61
0000000001a9e571
0000000000000181
000001bd332c5bf9
000001bde9d0f759
000001bec1c9ff19
000001bed5530a39
000001c0e45f36b9
000001c197759ed9
000001c34d9f91d9
000001c390fd2a19
000001c465d2bdb9
000001c47462a2d9
000001c56c182819
000001c58ba04ff9
0000038cca60c361
0000000001a9e571
0000000000000181
000001c792bf8199
000001c82d2f27f9
000001c8a3a38cd9
000001c8e4496219
000001c9248eb699
000001ca7db523b9
000001cadd274ff9
000001cc069fc5d9
000001cd16903999
000001cdd1fe81b9
0000039f6acc1861
0000000001a9e571
0000000000000181
000001d08fdbfff9
000001d12c8e2139
000001d324ca2159
000001d374e28739
000001d457ce56b9
000001d679742979
000001d68c754e59
000001d6caea8b59
000001d766562ff9
000001d855a69e99
000001d8be3fe6f9
000003b20b376e61
0000000001a9e571
0000000000000181
000001d922d2abf9
000001dc351e1119
000001ddfa96fe79
000001df9bf26519
000001e1135deb59
000001e1c2d97859
000001e24fda0039
000003c4aba2c361
0000000001a9e571
0000000000000181
000001e2842111b9
000001e3d86692d9
000001e3f4ccc759
000001e50480d659
000001e53810d059
000001e5db0ad679
000001e61d4c6219
000001e6cc023279
000001e7625ab2f9
000001e9c713a339
000001e9fa2d02b9
000001ea0fb4d379
000001ea482e75f9
000001ea85852fd9
000001ea9dbf5659
000001eaa20aa019
000001eadb721e39
000003d74c0e1961
0000000001a9e571
0000000000000181
000001ebf35daad9
000001ebf93594f9
000001ecfdec8f79
000001edb0237159
000001eeec33dbb9
000001f0157303d9
000001f0d0f436f9
000001f136065e99
000001f2386cd8b9
000001f2f65eb739
000001f427a37d79
000001f42d56ecf9
000001f434ef4e99
000001f434ef5e39
000003e9ec796e61
0000000001a9e571
0000000000000181
000001f4fee35a79
000001f513157459
000001f5a6fbc739
000001f6b437eb39
000001f747e1b039
000001f76d4f0839
000001f878645c39
000001f8dad4d5f9
000001f8f3e659d9
000001f9c201e479
000001f9f66d0ad9
000001f9f66d0d19
000001fa9d8b8739
000001facf219b99
000001fbc82fba59
000001fc9d62b159
000001fd5ffaa659
000003fc8ce4c461
0000000001a9e571
0000000000000181
000001ffb8a850f9
000002008ef9ef99
00000201cf531019
00000201dfd30119
0000020596c99b19
000002076febb339
0000040f2d501961
0000000001a9e571
0000000000000181
00000208868612d9
000002088908de99
000002096bf75dd9
0000020be2e3e379
0000020c2086aad9
0000020c23308f19
0000020cd02f3719
0000020ce16a33b9
0000020ce4c87c79
0000020d06497319
0000020d42303a99
000002101677df59
00000210de88f499
00000421cdbb6f61
0000000001a9e571
0000000000000181
00000210ecc3a1d9
00000211ed1e4279
00000211fd9242f9
00000212480371b9
000002124cc88739
0000021270cd54d9
000002138f027ed9
00000213ffe09639
0000021422b3eaf9
0000021431b1fa19
000002185c25d099
00000218f155dcd9
0000021934743099
0000021934744e19
00000219f1753bb9
000004346e26c461
0000000001a9e571
0000000000000181
0000021b91bb28d9
0000021bf13e7399
0000021cbb8f8779
0000021cf02bce19
0000021d58d1f959
0000021d7ebdc119
0000021e27e0e539
0000021f0fd40279
0000021f868ad9f9
0000021fe5c3b039
00000220947c5699
00000220eaacd4f9
00000220fbc04b19
00000220fe01a339
000002213c8f8d99
0000022155f07c59
000002227b134379
00000222e33a1d59
000002231869d279
0000022376a04cf9
000004470e921a61
0000000001a9e571
0000000000000181
000002246ea52fb9
000002248df851d9
00000224c06752f9
00000224d6b1f459
0000022669f3fef9
00000226b8c58ed9
00000226ee953bd9
000002271b5c12b9
000002277129f0b9
000002289b4b33b9
00000228f5521259
00000228ffd68559
000002294d6bdaf9
00000229a92ac9f9
0000022a788b59b9
0000022c3f67d399
0000022cb3a3c119
00000459aefd6f61
0000000001a9e571
0000000000000181
0000022cf790aeb9
0000022db153de79
0000022e1b5e0299
0000022e7e8b70d9
0000022f3111a839
0000022f587ad299
00000231713a5ad9
00000232aa018c99
00000234143ce699
0000023420c9b1f9
000002342d655039
00000234594a3ad9
000002348e36d319
00000235ee326599
0000046c4f68c561
0000000001a9e571
0000000000000181
00000237a22b5dd9
00000239354d7899
0000023a683fda79
0000023a6ba96b79
0000023bbe2e7ad9
0000023bcf28e5d9
0000023beb05d139
0000023bfd33eff9
0000023cef0cccb9
0000023d1be510d9
0000023d53e39a99
0000023df2596539
0000023eaa56b0f9
0000023ef8385099
0000047eefd41b61
0000000001a9e571
0000000000000181
0000024080258699
00000240b823a339
00000240c646c0b9
0000024175b65919
000002439e5ce219
00000244436d9ed9
00000245f6e451b9
00000247146771d9
000002478270ee19
0000024816dbf059
0000024859f30f39
00000491903f7061
0000000001a9e571
0000000000000181
000002495ae13199
00000249e14af239
0000024b2d80a919
0000024bfb8e9759
0000024cc9bc5d19
0000024cee6b6279
0000024ddcd14f59
0000024eebb15359
000002514161e1f9
000002516e6d2759
000004a430aac661
0000000001a9e571
0000000000000181
00000252ce23f999
000002542fe6ca39
000002547a24d299
0000025509011c59
000002552bef04b9
00000255e1f07b19
0000025605ce1af9
000002567aff6a99
000002581e43d8b9
000002584de65a19
0000025939ec0cb9
00000259a5eb9a59
00000259d4533d79
0000025b58eac739
000004b6d1161b61
0000000001a9e571
0000000000000181
0000025ba4a49bb9
0000025ca805d2d9
0000025de149d859
0000025e788b3a79
0000025ec0756099
0000025fd5407bf9
000002601aee9f99
00000260f922a919
000002621ce3d359
00000262a3842b99
00000262ac358679
000004c971817161
0000000001a9e571
0000000000000181
000002650ad2f179
0000026574d3f4f9
0000026646dd2ef9
00000266c83ce759
0000026746c79f59
000002675d3d26d9
0000026810d93a79
000002682b7dbbf9
000002682f052d59
000002689225f9f9
00000268ea242999
0000026a951710b9
0000026b25d190b9
0000026c0d955499
0000026c6a5eba19
0000026c929a03f9
0000026cef6dd139
000004dc11ecc661
0000000001a9e571
0000000000000181
0000026edb568579
0000026f29c40fb9
000002726362e7f9
000002735d246d39
0000027378ca56b9
00000273f1de5019
00000274ff281f79
000002751e2f0e39
000002755b465839
00000275b6e663f9
0000027673f35b39
000004eeb2581c61
0000000001a9e571
0000000000000181
00000277da8cf3d9
00000278e5c5bab9
0000027a101cfcf9
0000027a3b6b9959
0000027a9d272b79
0000027b13ae6ed9
0000027cccfd0819
0000027cde2a8bd9
0000027d259ce059
0000027d745ad279
0000027ec6755879
0000027f9d154659
0000027fb6a3dff9
00000280065f42f9
0000028057ac65d9
00000280780f3759
0000050152c37161
0000000001a9e571
0000000000000181
00000280e3495d39
000002813aadce59
00000281882d61f9
00000281ec371ed9
000002820e98f1b9
00000282f47016b9
00000282fe3a0f59
000002835352d7f9
000002841c756c19
0000028460767df9
00000285bcab3dd9
0000028644d7bf99
00000288bfbaded9
00000288d809d8d9
00000289852ebc99
00000289b95fbe79
00000513f32ec761
0000000001a9e571
0000000000000181
0000028a0f6c5579
0000028a2ccd7319
0000028bfc68efb9
0000028c4c1ae0b9
0000028c5d1c8159
0000028c8e3662f9
0000028da2ffe579
0000028e309a16f9
0000028ef1b0dd59
0000028f5c1eb579
0000028f62c762f9
0000028f67f093d9
0000028f9d665619
0000028fa15b9b59
0000029036bae419
0000029098b2b359
00000290d14cb1b9
0000029203917639
000002922f4a1739
0000029289eb9f99
00000292bc15e699
00000526939a1d61
0000000001a9e571
0000000000000181
0000029357481a39
00000293679b9ff9
0000029419faf879
00000295261ab6d9
00000295ac436cf9
00000295c35dd139
000002973a2f6e59
00000297e22f9d79
0000029801932439
0000029856259bd9
00000298a355aab9
0000029947c63219
00000299b6807119
00000299ef4328f9
0000029c03363059
0000053934057261
0000000001a9e571
0000000000000181
0000029cd2912399
0000029ee2fc8519
0000029fc52764f9
000002a1d5465159
000002a265e1d3b9
000002a2b5731dd9
000002a2fb2c74d9
000002a364c9cf19
000002a4db16c459
000002a5008f3f39
0000054bd470c861
0000000001a9e571
0000000000000181
000002a6a7bf9379
000002a78b58d7f9
000002aabab45779
000002ab1becd939
000002ab617c9f19
000002abe16daf99
000002ac572a9939
000002ac7d077a19
000002acc1923a39
000002ad5ab7d339
000002ae041a71d9
000002ae5988b519
000002ae944277b9
0000055e74dc1d61
0000000001a9e571
0000000000000181
000002b05b367879
000002b17007f359
000002b1a5eb58f9
000002b20f215459
000002b2aa3d0059
000002b326985819
000002b3288970d9
000002b3eed29879
000002b4374df599
000002b457061699
000002b612a8bc19
000002b6d8f65259
000002b7c2004c59
0000057115477361
0000000001a9e571
0000000000000181
000002b8a7261c39
000002b93709dd79
000002bb2ac55db9
000002bcabab2459
000002bcfe387079
000002bd0c8a2cd9
000002bfd26c36b9
000002c08c35e639
000002c0bd7acb59
000002c198750399
00000583b5b2c861
0000000001a9e571
0000000000000181
000002c202456b39
000002c23de340d9
000002c2f68ec939
000002c31861c699
000002c34185f799
000002c35b272e99
000002c3eca81ad9
000002c40aa79bd9
000002c83221d0d9
000002c841ca11d9
000002c84a66eaf9
000002c90c8bd019
000002c9995deef9
000002ca2643d259
00000596561e1e61
0000000001a9e571
0000000000000181
000002cc30a40879
000002cd72be9a79
000002cdf53c7319
000002ce8697ab59
000002cf2f197419
000002cf5e449519
000002d19c6f6099
000002d2d0444cb9
000002d46e674739
000005a8f6897461
0000000001a9e571
0000000000000181
000002d4839f9b79
000002d4ac7a3059
000002d649871ab9
000002d7353505d9
000002d747b6cbd9
000002d7d72f0ef9
000002d95f530c19
000002d9737a2f59
000002da25bfac99
000005bb96f4c961
0000000001a9e571
0000000000000181
000002ddf915e619
000002de403c7499
000002def9119399
000002df9e8c46b9
000002e01d2eaed9
000002e1947cb0f9
000002e1b68e8699
000002e1d28aa519
000002e22dc85499
000002e2974a4c39
000002e37921b199
000002e43823dd79
000002e44590ef99
000002e4695a7379
000002e52e0e9b19
000002e687418879
000002e69b78eef9
000002e6b925cbb9
000005ce37601f61
0000000001a9e571
0000000000000181
000002e8a3ce1659
000002ed6942bc79
000002eda012efd9
000002ee050add79
000002ee20e1e999
000002ee2f869df9
000002ee620d3999
000002ee9af3c6f9
000002ef3a1d0c59
000005e0d7cb7461
0000000001a9e571
0000000000000181
000002f28922bd19
000002f29a410dd9
000002f2f284f7d9
000002f3b686e979
000002f41b225b19
000002f4d91c4c19
000002f5c5b2df39
000002f5cbfb58b9
000002f60dc5e0d9
000002f6310b0519
000002f63a22aaf9
000002f677a278b9
000002f7ffbf0f19
000002f8923d9f59
000005f37836ca61
0000000001a9e571
0000000000000181
000002fa0b505b39
000002fd2524c0d9
000002fda549ed39
000002fe03c3d959
000002fe2266ff79
000002ff0c526db9
000003005cc83199
0000030213abc179
00000302636e8559
0000060618a21f61
0000000001a9e571
0000000000000181
00000303f5dfe0b9
0000030454fe12d9
0000030515ec67d9
00000306312fd199
000003064f087379
0000030705668a59
00000307911b2cf9
00000307c1daaf99
00000307c7debcb9
0000030813f651d9
0000030841ff0a59
00000308d746b079
000003093086de79
0000030a08f8b8b9
0000030ad509aa79
0000030b4ebd6bb9
0000030b68cda079
0000030bea0fac39
00000618b90d7561
0000000001a9e571
0000000000000181
0000030d0265b5d9
0000030dcf9f0eb9
0000030e0793de79
0000030f1ec650d9
00000310b4523ed9
0000031105ee72d9
0000031175f8f5b9
0000031279f31ab9
00000312c068ce39
000003138070e9f9
00000313ef8e3d79
000003141937cbd9
0000062b5978cb61
0000000001a9e571
0000000000000181
00000315e8ce2cb9
000003169cdc75b9
00000316a8b975d9
00000316faf64fb9
00000317ae2b95d9
00000318fb8b25f9
0000031a03e50339
0000031a6c5f6cb9
0000031ab3b7cbf9
0000031b365896b9
0000031b5b18d2d9
0000031bc4bf4eb9
0000031d38376b79
0000063df9e42061
0000000001a9e571
0000000000000181
0000031fb07ff339
0000031fc1c5d3b9
000003207a9d6599
00000321fafd9359
0000032217f532b9
000003228b51b4d9
00000322d97f9819
0000032392c440f9
00000323944e3379
00000325aafd5039
00000325b5df6059
00000326426748d9
000003265520af79
00000326b7d6c5b9
00000327cfe10299
00000327db46b079
00000327e54d48d9
00000327e80ccff9
000006509a4f7661
0000000001a9e571
0000000000000181
00000328641b0e59
00000328ab4f3819
00000328ccc621d9
000003299af8e179
0000032bf28a18f9
0000032c30e516b9
0000032ce9006499
0000032d30f0fa99
0000032d38e22199
0000032d89f04c39
0000032ee3e67479
0000032f47a6aad9
00000330064fb179
000006633abacb61
0000000001a9e571
0000000000000181
000003332d473979
000003335fab0a59
0000033481659339
00000334a90da2d9
00000334c34023b9
00000335da18c359
00000336196b7f79
000003374aaa6839
00000337f6c8fdd9
00000338bbb8bd99
00000338c5ba5af9
00000338e77d14d9
00000339824d4139
00000339a2de5219
0000033a95a70759
00000675db262161
0000000001a9e571
0000000000000181
0000033c00c8cd59
0000033cd8309479
0000033cdd4f9d79
0000033dde6715d9
0000033e373fc579
00000340d1307cf9
0000034123aa4d39
0000034143d347b9
000003414aec8059
000003416e4323b9
00000343cddd5019
000006887b917661
0000000001a9e571
0000000000000181
00000344d9763259
00000346e46e86f9
000003491eda5a79
00000349473ade19
00000349913a92f9
00000349dd134e59
0000034a121e1cd9
0000034a50df5a99
0000034affbfee99
0000034bacc0cd59
0000034bb58d0159
0000034becaf14b9
0000034c2274a999
0000034c47121719
0000034ca042f1d9
0000034d214e9419
0000069b1bfccc61
0000000001a9e571
0000000000000181
0000034dbc975599
0000034e1c46b979
0000034f3a0b6c79
0000034fd952bf39
000003501fa68159
000003521bd0f859
0000035289f93e59
00000352c9aab479
0000035327a9a199
000003545df129b9
0000035508ea1cf9
00000355c21454f9
00000355f11e8899
000003567d55bc39
00000356d65cb4d9
000006adbc682161
0000000001a9e571
0000000000000181
000003575d874119
000003578c7ac9b9
0000035806501ff9
000003592ec737f9
000003599452b8d9
0000035a69911f99
0000035afaeb2e79
0000035b34ea8ad9
0000035b9c617079
0000035bbbf23839
0000035c7223d439
0000035d6b823b19
0000035e2b3f8d99
0000035e960873b9
0000035ebe22bc99
0000035f2274d5d9
0000035fb56957f9
000006c05cd37661
0000000001a9e571
0000000000000181
000003623cdeda39
00000362ea1af5b9
00000362f1ac08f9
0000036352b85859
00000364009bd919
00000364188b19f9
00000364749ff2b9
0000036485a34059
00000364c043ed99
00000365f8877179
0000036636f77c79
00000367c9d7c2b9
00000368833b8e59
000006d2fd3ecc61
0000000001a9e571
0000000000000181
0000036ac940ddd9
0000036b0aa118b9
0000037075a65fd9
000003710dfe62f9
000003716f955d79
000003722ab1c579
000003722d0eb939
000003725b9ed279
00000372bd69d319
000006e59daa2161
0000000001a9e571
0000000000000181
0000037311e875b9
00000373285a0f79
00000374aba46bf9
000003755d1508b9
0000037635ac6159
000003769b2dc199
000003792214c299
0000037a3771a059
0000037bf54550d9
000006f83e157761
0000000001a9e571
0000000000000181
0000037d088e9cb9
0000037d19e51bb9
0000037e7b9b2b59
0000037ed431afd9
0000037f36e619f9
0000037fd37e7979
0000037fdf02ebf9
000003806c8400d9
000003813de1b4b9
0000038175295b39
0000038277a9c4b9
00000383211064b9
00000383c57e9639
00000383fb335c79
00000384618f2939
00000384e8318ed9
0000070ade80cc61
0000000001a9e571
0000000000000181
000003861f24af39
00000386b0047959
00000386eb7c3dd9
00000387c1ae1239
00000388a721f519
0000038978199b39
0000038a5d84e479
0000038be52c7379
0000038c671dbe79
0000038d9f333a99
0000038e81f3a459
0000071d7eec2261
0000000001a9e571
0000000000000181
0000038f17a0ce59
0000039110c6f5f9
000003915a745c59
00000391beb40dd9
00000391c088e899
000003933deea699
00000393b28fedb9
00000393ee636e39
0000039440ba4499
0000039454ccfdf9
0000039474a360f9
000003947fc6a739
00000394d48245b9
00000395d2733839
000003960f1c6659
00000396103baa99
00000397a04d3c79
00000397b7e33a99
00000397e0d4bb19
000007301f577761
0000000001a9e571
0000000000000181
0000039851c00999
000003987207ad99
0000039b79c1b759
0000039c09f89359
0000039c913ceed9
0000039d02faf0b9
0000039d166ff7b9
0000039d5def7299
0000039dddbc7419
0000039e47808439
0000039edcc7f059
0000039f37f6e5f9
0000039fb22bbfd9
000003a038a2df59
000003a0adf47619
000003a0bf1a0b79
000003a158dc1c99
000003a15edd5819
00000742bfc2cc61
0000000001a9e571
0000000000000181
000003a2e99f8b79
000003a3fc0f1999
000003a4b87a0dd9
000003a5641a1cb9
000003a6302874f9
000003a86ef09c79
000003a8e7490df9
000003a8fbe86619
000003a9f9527a79
000003aa4b15fd19
00000755602e2261
0000000001a9e571
0000000000000181
000003aab5d23c39
000003aabdb43599
000003ad0330a259
000003ad5c3c9239
000003ad9c201439
000003af115f6a19
000003af3345f4b9
000003af387b3f39
000003af7a0ba2b9
000003af850e7c39
000003afaec4f359
000003afd3ec6a59
000003b033515fb9
000003b0897bb019
000003b1112b6ed9
000003b123252239
000003b1954f4639
000003b1b5df3b39
000003b1ff478399
000003b2178ae219
000003b283314a59
000003b295df5f19
000003b2a95fb739
0000076800997761
0000000001a9e571
0000000000000181
000003b475c64539
000003b4d475cfb9
000003b655d06239
000003b80f451439
000003b9f1813ab9
000003bb0db93ad9
000003bb7e6fc039
000003bcf1eb0bf9
0000077aa104cc61
0000000001a9e571
0000000000000181
000003bd7a42edb9
000003bf38b9e6d9
000003bf758390f9
000003c0d7202e39
000003c196c6b979
000003c1c7124259
000003c23a8dd859
000003c28691afd9
000003c30fe826b9
000003c38e0c0699
000003c3dd06c0d9
000003c45597c059
000003c5f9114d59
0000078d41702261
0000000001a9e571
0000000000000181
000003c6d8611159
000003c8d2ee0779
000003c9b6512b19
000003ca0d3e68d9
000003ca306acb39
000003cd06330319
000003cd08ae8559
000003cd93d8e299
000003cdc86cb859
000003cdf0465e79
000003ce27f1e239
000003cefc91b919
000003cf609e2779
0000079fe1db7761
0000000001a9e571
0000000000000181
000003d027ae7df9
000003d11ccfdb79
000003d1e9d13859
000003d25f0aabd9
000003d2da8ee319
000003d33cf962f9
000003d4e92946f9
000003d54eb3ce79
000003d58d6aa279
000003d657849cf9
000003d7633fa759
000003d828a562b9
000003d88b5ef959
000003d8f7c5b339
000003d90c99d639
000007b28246cc61
0000000001a9e571
0000000000000181
000003db05216e99
000003db28da91d9
000003db5ce060d9
000003dbb43294b9
000003dbbf27b6f9
000003dd78e2a5f9
000003dd94173879
000003ddb2554b79
000003de15078dd9
000003df21c3ecb9
000003df64a19b19
000003e00f18cb59
000003e0d54a2519
000003e0d8f9e679
000003e0ebc6a739
000003e14610f119
000003e147593259
000003e1db0cb079
000007c522b22261
0000000001a9e571
0000000000000181
000003e2e5e12659
000003e327340879
000003e3df407d19
000003e3f2c62d79
000003e5ec24b4f9
000003e637fab299
000003e91e41e0d9
000003e9b1374cd9
000003eb17c0b7b9
000003eb9007f4b9
000003ebae1ae7f9
000007d7c31d7761
0000000001a9e571
0000000000000181
000003ed8ff65e59
000003ee045536b9
000003ee09a94839
000003ef60581079
000003eff1c2a959
000003f1cea29c39
000003f1d6c96199
000003f2066115b9
000003f4a14e8799
000007ea6388cc61
0000000001a9e571
0000000000000181
000003f62e69ca79
000003f6368338f9
000003f6da943a99
000003f71d1fdcb9
000003f7ebbe4279
000003f84cca3b59
000003f8b4ce7019
000003fc734e3779
000003fdbd283339
000003fe29557959
000007fd03f42261
0000000001a9e571
0000000000000181
000003fffe573d59
00000400498e4fb9
00000401d919a6d9
0000040211258a19
0000040363370db9
00000403c1710139
0000040485b94c99
00000405a34e55d9
00000405f2c7c939
00000406689d2219
00000406b3ffd9b9
000004070b175339
0000080fa45f7761
0000000001a9e571
0000000000000181
00000408a2d23dd9
00000408dc5c6c39
00000409b7f3b659
00000409baf0fd79
0000040b53a6d4f9
0000040b97858179
0000040be58d6c79
0000040d235012f9
0000040e0ac5b5d9
0000040ef8dc5e19
0000041077f3e7f9
0000041098b52479
0000082244cacc61
0000000001a9e571
0000000000000181
000004114742d9b9
00000411744b7af9
000004118556f459
00000411979940f9
0000041214e332b9
00000412a6f1ff59
00000412d64726d9
000004131b17c319
0000041367e07ab9
00000413ad4ec539
000004148979b339
000004152a00bf79
0000041683b5c739
00000416ad153559
0000041756b1c039
000004178f187599
00000418b5275cf9
00000418d2cadf99
00000419eb51cbf9
00000834e5362261
0000000001a9e571
0000000000000181
0000041a7e476899
0000041daac88479
0000041de1200c39
0000041ea97c3699
0000041eb04a75b9
00000420af518f79
0000042137c53f19
00000421bada2059
000004228e2401d9
00000422d5cd2979
000004238e8d3c39
0000084785a17761
0000000001a9e571
0000000000000181
0000042403140399
00000424d9ab0db9
00000424f28d4a79
000004255ff62c39
0000042573199db9
000004258812d759
0000042649288bb9
00000426df13f919
0000042733cadb39
000004276bee2b79
0000042810f0d919
00000428a4d43999
00000429b30ed359
0000042a904779b9
0000042bb978fed9
0000042bdf029cb9
0000042c8accec79
0000042ce5525699
0000085a260ccc61
0000000001a9e571
0000000000000181
0000042d99db6cf9
0000042f8ecf13d9
0000042f9d5dd959
0000042fc9aa41b9
0000042feb4e0779
000004314b71a0d9
00000431ad630c19
00000431e6537599
00000431ea23cbf9
00000432ccc73439
000004333f049d19
0000043346e018d9
0000043477cf5759
00000434d52c9959
0000043579020199
00000435bc071899
000004363d500e59
0000086cc6782261
0000000001a9e571
0000000000000181
000004370ddc7eb9
0000043774f42b59
00000437a5268239
00000438f27bae19
00000439348aa719
00000439a4a40f19
0000043b30592ab9
0000043b6cb8ef79
0000043b6ef39cf9
0000043b83617f79
0000043bd46f63d9
0000043bdce60d19
0000043c03c669f9
0000043c4acc03d9
0000043e2ee76099
0000043e93345a59
0000043ee3468bb9
0000043f4c173e59
0000043f6c183639
0000087f66e37761
0000000001a9e571
0000000000000181
000004400aecb279
00000440105d8259
00000440eb9ba719
00000440f0d991b9
0000044199bb6a79
00000441f0ecd579
000004421b2ee4f9
000004445d295259
000004446009acf9
0000044501a6e639
00000445507c19b9
00000445fa10aed9
000004462857c8b9
0000044633e31619
00000446d2d515d9
0000044720cf6939
000004472bd1e479
00000447d07927b9
0000044883a176d9
0000044894fcc959
00000892074ecd61
0000000001a9e571
0000000000000181
00000449fb51d4d9
0000044b662358d9
0000044c6721a9d9
0000044d43a720b9
0000044e8eae8479
0000044fa472e8d9
0000044fb48babd9
00000450283d4ab9
0000045084bcb019
000008a4a7ba2261
0000000001a9e571
0000000000000181
000004527f9ea739
00000452ee80b119
000004532290bf59
000004534903d7d9
00000453c41ca8d9
000004549ca87299
00000454ad64c519
0000045545e26f99
00000455a1c7d679
0000045663210999
000004569d4795f9
00000457d9964c39
00000458de859999
000004592a119e99
0000045953ea3e79
0000045966c30779
00000459bba68019
00000459f857da79
0000045ab16d5799
0000045b3fbe8cf9
0000045b795ed439
0000045b8741e539
000008b748257761
0000000001a9e571
0000000000000181
0000045bdcac9919
0000045cc1fc1919
0000045d6277a539
0000045eaf6cc9f9
0000045fa6e98899
000004602f5be579
000004618b6681f9
000004619cae7c19
000004626d45f759
00000462bf081319
00000462ccafc619
0000046334045cf9
00000463d88fb439
00000463e2e40159
000004640da51e19
00000464dd6f9cf9
00000464e0d5d219
000008c9e890cd61
0000000001a9e571
0000000000000181
00000464fe223639
00000466abbcb1b9
00000467b7e5a3b9
00000467e4511499
00000468eaa11119
00000469637bec59
000004698a140d39
0000046ae92108d9
0000046ba4114f79
0000046bec1efa99
0000046c2fa5e979
0000046c61f0dab9
0000046d006f6cd9
0000046e1cbc1df9
000008dc88fc2261
0000000001a9e571
0000000000000181
0000046e5ede5a79
0000046f1beea439
00000470555f74d9
0000047215103799
0000047220baced9
0000047226b6fe59
00000472b91bf939
00000474601f7079
00000475f1a9b5d9
000004769af8a139
00000476d3103cd9
000008ef29677861
0000000001a9e571
0000000000000181
000004781dd2d339
000004788147f719
00000478e2383219
0000047a25afa3f9
0000047a6906e639
0000047c8ccf4ff9
0000047cc4b782d9
0000047d17dde999
0000047d1c4dd459
0000047d89f14819
0000047e45a08819
0000047e66738ff9
0000047f02b01839
0000047fa72536d9
000004800b39e0f9
0000048027ccfbd9
00000480b18687b9
00000480beb84579
00000901c9d2cd61
0000000001a9e571
0000000000000181
0000048157dd1e59
000004821e1ba7b9
0000048256e8ca99
000004825ed22f19
000004826f9e2ad9
00000482cd3cda59
0000048340a2ea19
000004838c3ae739
00000483f808acd9
000004845204f5d9
00000485080e3ff9
00000485ab3f4119
00000486513bc0f9
000004877ed29b99
000004888eff5739
00000488ff4e7f19
000009146a3e2361
0000000001a9e571
0000000000000181
0000048a8fcbecb9
0000048c8aeeaa39
0000048d32623ad9
0000048d8d17bdd9
0000048e1fd29e99
0000048fff91c459
0000049053feb3f9
00000490dfcd1179
00000490f6e1cef9
0000049160850c79
000004917fb66519
000009270aa97861
0000000001a9e571
0000000000000181
0000049444d03859
00000494e99a8959
000004950e390b79
0000049525cc8719
000004956200aa99
00000495cdc85ed9
0000049675c37cd9
0000049736571319
00000497428c2e19
00000497a0d1b379
000004987fa99af9
0000049cb73e0cf9
00000939ab14ce61
0000000001a9e571
0000000000000181
0000049de6b42ad9
0000049e2a670f39
0000049ee675be59
0000049f5c55ca59
0000049fd76535d9
000004a0384f1459
000004a0cfcf1719
000004a1481eaf99
000004a24e48ff39
000004a341b90b99
000004a36bf285d9
000004a546e4aff9
000004a619a2a979
0000094c4b802361
0000000001a9e571
0000000000000181
000004a72fdccad9
000004a739362319
000004a7475baaf9
000004a93ceaf0f9
000004a995942619
000004ab95acf9d9
000004addbadf2b9
000004ae26e3a1d9
000004ae40955979
000004ae5f73e199
000004af471ced79
0000095eebeb7961
0000000001a9e571
0000000000000181
000004b044f78d19
000004b07f157859
000004b0c5275959
000004b1bccb3219
000004b263362879
000004b309604c99
000004b44be1c7d9
000004b44e9f2cf9
000004b5017a23b9
000004b5f211f8b9
000004b5f21be519
000004b6d0cb0e19
000004b76976af99
000004b82d19e7b9
000009718c56ce61
0000000001a9e571
0000000000000181
000004b928506999
000004b9db1beb99
000004ba0ab1c4b9
000004ba198a9959
000004ba34464699
000004ba8402c019
000004bacc4d6c99
000004bbfbecfdd9
000004bc40a2edb9
000004bc502d5899
000004bc50442939
000004bd271cd279
000004bf23e8fef9
000004c04b872859
000004c067b134f9
000004c112cb9d79
000004c1148c0e59
000004c1d2c0eab9
000009842cc22461
0000000001a9e571
0000000000000181
000004c2a049d179
000004c364e7e619
000004c374803bf9
000004c3affd7259
000004c3fd1cb5f9
000004c4aa4cb7b9
000004c4b652d919
000004c5332ee279
000004c5cc924bb9
000004c5d4836c39
000004c62e7def59
000004c69f89b619
000004c7a67db739
000004c7e766cb99
000004c8d202c6b9
000004c8d54398d9
000004cafbd53ad9
00000996cd2d7961
0000000001a9e571
0000000000000181
000004cbc5d4b4d9
000004cbcb170579
000004cd9e471e99
000004cdd2fdbfb9
000004cf7ef951d9
000004cff75772d9
000004d11d2c8499
000004d16bfdbc19
000004d17986f579
000004d1f5fb5699
000004d299172419
000004d2fb851919
000009a96d98cf61
0000000001a9e571
0000000000000181
000004d5d7ee1fd9
000004d613ce0359
000004d64cce9999
000004d86606b799
000004da1a76a639
000004dac08b0c79
000004db48160b39
000004db6214e219
000004db7e7b7099
000004dbb85f6739
000004dc1cbf0fb9
000004dd16beb759
000004dd41633039
000009bc0e042561
0000000001a9e571
0000000000000181
000004de9a480c79
000004df319a1f99
000004df7f13ad99
000004df859490b9
000004df9d9c7019
000004e0093e3b39
000004e05a1b4f59
000004e11cc96279
000004e17cf40259
000004e236cdf2f9
000004e288c464d9
000004e3ff9e5619
000004e4b1f6cc39
000004e5b0546459
000004e6720b1779
000004e72ea2c8f9
000009ceae6f7a61
0000000001a9e571
0000000000000181
000004e963a0cb59
000004ea0047e539
000004ea2cb38e39
000004ea65a8b699
000004eb91a08f39
000004ed9edad9b9
000004ee7b8730f9
000004eeb58c6779
000004eed7d29519
000004f024ebf119
000004f07de8be99
000004f0959c5c19
000009e14edad061
0000000001a9e571
0000000000000181
000004f2b3fb25f9
000004f2d5caeb79
000004f301f39e59
000004f44817d559
000004f532a3c099
000004f608ec15b9
000004f649a99e39
000004f72941f959
000004f738b6f959
000004f7a383eb59
000004f7c154da19
000004f83554c579
000004f8382343b9
000004f899d7c259
000004f8bf1a7e99
000004f9584d17b9
000004f970c40999
000009f3ef462561
0000000001a9e571
0000000000000181
000004fa06e42cd9
000004fa4591f399
000004fa8b875e79
000004fc1c3a6f59
000004fd2a2f10b9
000004fe4f80d7d9
000004fed1d22cd9
000004fedc5aa159
000004fefa661cb9
000004ffa0af7ad9
000004ffe53e4619
00000500310b3d39
000005005351b0d9
00000500b95bdf39
00000501a1d72859
0000050235092759
00000502a4099579
00000502e7557279
00000a068fb17b61
0000000001a9e571
0000000000000181
0000050452fba019
00000506259ee959
000005069cd9ec39
000005075dfd5759
00000507ae81cb39
00000507ccf8b6d9
00000507f481e679
00000508e7af4459
0000050909a81619
00000509ba7366f9
0000050bae2f7959
0000050bc10d1979
0000050c1ca0a919
00000a19301cd061
0000000001a9e571
0000000000000181
0000050ce18188f9
0000050d62ba42d9
0000050d9fc9bb39
0000050da0d0fb79
0000050fe52ee119
00000510633ff959
00000511151a5559
000005131457fef9
000005135efe3f59
000005137b421ab9
00000513b3ed8399
0000051465aa11d9
00000514aba01ed9
00000a2bd0882661
0000000001a9e571
0000000000000181
00000516695cd599
00000517057a5599
0000051714403fb9
000005174a4f0c39
0000051774a635f9
00000517baadf7b9
00000518929e0759
000005196e85a1d9
00000519b4f04b19
0000051b0382b4b9
0000051ba47822b9
0000051bed4de579
0000051c2a8e8ad9
0000051da56a1439
0000051e90006559
0000051ea06bb3d9
00000a3e70f37b61
0000000001a9e571
0000000000000181
0000051fae760a79
0000051fb28c1179
0000051ff326c6f9
00000520682005d9
00000520f7d0e5d9
00000521d67f0799
00000523a9e19bb9
00000524ec278bf9
00000524ee6f6639
000005274262d3b9
00000527d75e8fd9
00000a51115ed161
0000000001a9e571
0000000000000181
00000528cd168859
00000529e2d5dd59
0000052c6f427739
0000052cd6b97f59
0000052cf46369d9
0000052d1d7d0e99
00000530049a05d9
00000530505d1639
00000530d230cb79
00000531c0c17c19
00000a63b1ca2661
0000000001a9e571
0000000000000181
0000053208cf4b19
00000532626221b9
0000053269bc12f9
00000533da9f57f9
00000533dd59dd39
00000534240207b9
00000534ea734cf9
000005355f629579
00000535617cf499
00000535aaed9419
0000053643ab1899
000005392ddbddb9
000005398850e2b9
0000053a09cadc19
0000053a6506ba19
0000053aacbf41b9
0000053aaf75dd99
0000053abf165c59
0000053ace69e239
0000053af54f6539
0000053b076020b9
00000a7652357b61
0000000001a9e571
0000000000000181
0000053bc7c2f719
0000053be504edf9
0000053da480a8d9
0000053e18170b59
0000053e3385d6d9
0000053f1a0975d9
0000053ffb5ad539
00000540d698dc39
000005419ac9c259
00000541a032b9f9
0000054271189b19
00000a88f2a0d161
0000000001a9e571
0000000000000181
00000544c4345ad9
00000545be47a1b9
00000545ce83b919
00000545f279b239
000005465698a259
0000054690e54c39
00000548149d7959
0000054822cb3899
0000054948259799
0000054ac85b5b79
0000054acc141699
0000054c18b18779
0000054ca0053999
0000054d209d9299
0000054daf9ddf59
0000054db26ecfb9
00000a9b930c2661
0000000001a9e571
0000000000000181
0000054e40492779
0000054e92106d59
0000054ef1a83bd9
0000054f9d1acb99
0000054fd6faa739
0000055020d75139
00000551dc980399
00000552019a6979
000005527ed7c679
00000552bbe43559
0000055492310df9
00000556d33988f9
00000aae33777c61
0000000001a9e571
0000000000000181
000005575e1f31f9
0000055a08f2b239
0000055dad62db19
0000055e0fb57979
0000055e3b8ea2b9
0000055fa6be2039
0000055fc0462319
000005602cd594b9
00000ac0d3e2d261
0000000001a9e571
0000000000000181
00000562045f8119
00000562c532bf99
00000562ed59d159
00000563f58b5019
0000056451d21a59
00000564cc5a0d19
0000056583bd1439
000005661ac11079
00000569af968479
00000ad3744e2761
0000000001a9e571
0000000000000181
00000569c2ed4619
0000056ac1809959
0000056b15ef1099
0000056cf2bc4759
0000056d93683579
0000056da1f4b719
0000056de81d4439
0000056ed1401579
0000056f34f3cbb9
0000056f442de4f9
0000056f60a053f9
00000570550b0e19
00000ae614b97d61
0000000001a9e571
0000000000000181
000005730f5e8e59
0000057327091e79
000005736f6c6f79
000005738012c0d9
0000057425031b39
00000574260e6219
0000057435ecd419
0000057451862799
00000aecb2159361
0000000001a9e571
0000000000000181
