[MCS8 A] 97 FW 3.104 SV 1.257 
range=1024
periods=2
sweepmode=27e20d0
fstchan=0
holdafter=0
streamstatus=3
calreg0=0
calreg1=0
calreg2=0
calreg3=0
swpreset=8000        
prena=1
syncout=0
cycles=18
sequences=1
tagbits=16
vdac0=92c
vdac1=807
vdac2=8c8
vdac3=8c8
vdac4=8c8
vdac5=8c8
vdac6=8c8
vdac7=8c8
timepreset=120.000     
digio=0
digval=0
autoinc=0 
savedata=2 
mpafmt=asc
sephead=0 
fmt=asc
smoothpts=5 
[CHN1]
REPORT-FILE from 06/22/2026 16:10:36.758  written 06/22/2026 16:10:36
cmline0=06/22/2026 16:10:36.758 
cmline1=A1
range=1024
active=1
bitshift=4
cftfak=2580100
evpreset=10          
roimin=0
roimax=1000
caloff=0.800000
calfact=12.800000
calfact2=0
calfact3=0
calunit=nsec
caluse=1 
[CHN2]
REPORT-FILE from  written 06/22/2026 16:10:36
cmline1=A2
range=1024
active=0
bitshift=4
cftfak=2580100
evpreset=10          
roimin=0
roimax=1000
caloff=0.800000
calfact=12.800000
calfact2=0
calfact3=0
calunit=nsec
caluse=1 
[CHN3]
REPORT-FILE from  written 06/22/2026 16:10:36
cmline1=A3
range=1024
active=0
bitshift=4
cftfak=2580100
evpreset=10          
roimin=0
roimax=1000
caloff=0.800000
calfact=12.800000
calfact2=0
calfact3=0
calunit=nsec
caluse=1 
[CHN4]
REPORT-FILE from  written 06/22/2026 16:10:36
cmline1=A4
range=1024
active=0
bitshift=4
cftfak=2580100
evpreset=10          
roimin=0
roimax=1000
caloff=0.800000
calfact=12.800000
calfact2=0
calfact3=0
calunit=nsec
caluse=1 
[CHN5]
REPORT-FILE from  written 06/22/2026 16:10:36
cmline1=A5
range=1024
active=0
bitshift=4
cftfak=2580100
evpreset=10          
roimin=0
roimax=1000
caloff=0.800000
calfact=12.800000
calfact2=0
calfact3=0
calunit=nsec
caluse=1 
[CHN6]
REPORT-FILE from  written 06/22/2026 16:10:36
cmline1=A6
range=1024
active=0
bitshift=4
cftfak=2580100
evpreset=10          
roimin=0
roimax=1000
caloff=0.800000
calfact=12.800000
calfact2=0
calfact3=0
calunit=nsec
caluse=1 
[CHN7]
REPORT-FILE from  written 06/22/2026 16:10:36
cmline1=A7
range=1024
active=0
bitshift=4
cftfak=2580100
evpreset=0           
roimin=0
roimax=1000
caloff=0.800000
calfact=12.800000
calfact2=0
calfact3=0
calunit=nsec
caluse=1 
[CHN8]
REPORT-FILE from  written 06/22/2026 16:10:36
cmline1=A8
range=1024
active=0
bitshift=4
cftfak=2580100
evpreset=0           
roimin=0
roimax=1000
caloff=0.800000
calfact=12.800000
calfact2=0
calfact3=0
calunit=nsec
caluse=1 
;MCS8 #97 Sversion=1.257 Fversion=3.68
time_patch=1
;datalength=8 bytes
;bit0..3: channel# 1..8 ( 4 bit)
;bit4: edge 0=up / 1=dn ( 1 bit)
;bit5 ..57: timedata    (53 bit), max sweep length 2001.6 h
;bit58..62: tag0..tag4  ( 5 bit)
;bit63:     data_lost   ( 1 bit)
[DATA]
0000000000000016
00000000019f0c19
000000008aed0ab9
0000000132612f39
000000023057c7f9
0000000286059b19
0000000293bd2a79
00000002ed921e79
00000003ca513f79
0000000497a74279
0000000628da9679
000000063823fef9
000000076d96ee19
00000009eb36fed9
0000000ad2bd2699
0000000b3a984859
0000000b5a83aa99
0000000b6d6e2599
0000000d0fab6179
0000000d8d003839
0000000ea9d473b9
0000000f1a837d19
0000000ffb201b59
0000002156b6a561
0000000001d65d71
0000000000000181
0000001150ce1bb9
0000001157caaeb9
00000012a2117699
0000001342e015f9
0000001453d4b559
0000001485eb84d9
00000016b0d81719
00000017b6aa1479
00000017dc794579
00000019b0d9c8f9
00000019de52af39
00000033f7215761
0000000001d65d71
0000000000000181
0000001b32259eb9
0000001c20902619
0000001d10f37a39
0000001d3e338cb9
0000001ef7e37839
00000020bbf91a39
00000046978c0961
0000000001d65d71
0000000000000181
0000002417300df9
000000249a5053b9
00000024d2799099
0000002505a78b79
00000025182bc619
00000025ab3ebd79
0000002675e65c19
00000026af32d7b9
0000002710210fb9
0000002727028399
00000027b2da3e99
0000002824fc5979
00000028c1796399
00000029e961eeb9
0000002b7f28da99
0000002bb7ec56f9
0000002c92220719
0000005937f6ba61
0000000001d65d71
0000000000000181
0000002d1e69fb79
0000002d43d0da99
0000002db415f1b9
0000002e0ebd8c79
0000002fd503ea39
00000030aeeff7f9
0000003253702e39
000000332707e2b9
000000335da00279
00000033b3463ef9
00000033d20c8919
00000034ca7d3939
0000006bd8616c61
0000000001d65d71
0000000000000181
000000378f59c8d9
0000003790ce3e39
0000003826e30f79
0000003860ef59d9
000000390797b859
0000003abbabbf39
0000003adf122859
0000003bd484fdb9
0000003c3a993bb9
0000003c4a943ef9
0000003c4fd76d79
0000003c9673c9d9
0000003cae15e6b9
0000003dca1085b9
0000003e2dc08539
0000003e614c5f39
0000007e78cc1e61
0000000001d65d71
0000000000000181
00000041de791fb9
0000004356f2f1d9
00000045506d5c39
00000045926b5539
00000045a26c6d39
000000460f5ef079
0000004690b26e39
00000046db03c5d9
0000004868079f19
000000911936cf61
0000000001d65d71
0000000000000181
000000493dcd8bf9
000000495673d9b9
0000004a3fcb56b9
0000004a84555819
0000004b26dc77d9
0000004bfcbf3179
0000004c2aecaa59
0000004ce89678f9
0000004ec939e379
0000004ecdc2bbf9
0000004ef6f59979
0000004f022b0cf9
0000004f0d876bd9
0000004f32e85db9
0000004f804d7679
000000501ff64d59
0000005029d74c19
0000005134415199
0000005147cf1fd9
000000a3b9a18161
0000000001d65d71
0000000000000181
00000052745977d9
0000005294f33a99
00000052ef84b7b9
000000537f01bb99
00000053f48912d9
000000542daa5239
00000054596b1699
000000549cafb6b9
00000054d8a649d9
000000559b07a9b9
00000055f8bd7ab9
00000056a69c29f9
00000056c47195b9
0000005707f5fa99
00000057169ffb59
000000574bb07399
00000057a4d80c59
00000058c0861e39
00000059904ac9d9
0000005992ba3ed9
00000059e734b839
0000005a11811939
0000005abb55b939
000000b65a0c3261
0000000001d65d71
0000000000000181
0000005b2f839a19
0000005cdc1471d9
0000005d6a5dd159
0000005e2c3dce79
00000062be078079
00000063e92f5ef9
000000c8fa76e461
0000000001d65d71
0000000000000181
00000064eb90a799
000000656c837a99
000000656ddadfb9
00000067254819d9
000000677f04d239
00000067ccb8b659
000000680955fb19
0000006a7c914c99
0000006b1ccf84d9
0000006c566eb279
000000db9ae19661
0000000001d65d71
0000000000000181
0000006e52509bf9
0000006e9f2a6b39
0000006ec5cb4699
00000070d6af5059
0000007112644a39
00000071202cee59
0000007185a83179
0000007289d57359
000000745bc0fe99
00000075665cb7b9
000000760c080a79
000000ee3b4c4761
0000000001d65d71
0000000000000181
00000078ea9f55d9
00000079b6219959
0000007b54a36219
0000007bcc578399
0000007f2eb51699
0000007f763a9d19
00000100dbb6f961
0000000001d65d71
0000000000000181
0000008267f57c39
0000008325821379
0000008380a75eb9
00000084786414d9
00000084af7c5e39
00000084b0cdb2b9
000000854b7d7759
00000086fb9455b9
000000871c007b59
00000088f26ba4d9
000001137c21ab61
0000000001d65d71
0000000000000181
00000089f75c0b19
0000008a5de14df9
0000008b60232cd9
0000008e543127d9
0000008e7b9e6fb9
0000008f569c7199
0000008f912751f9
00000090103e4fb9
00000090717debb9
000000911266c439
0000009272157a99
000000929363e819
0000009299a63d39
000001261c8c5c61
0000000001d65d71
0000000000000181
00000094278a6d99
000000948b54a8f9
000000950c9158d9
000000954b4dbb19
00000095f25e9659
00000096e0ff7639
00000097ac297539
00000097ac297739
00000098c4cf19f9
00000099e1c1fa99
0000009b5846fa59
0000009b5abcd2d9
0000009b6cab1a19
0000009b8de730d9
00000138bcf70e61
0000000001d65d71
0000000000000181
0000009c72a928d9
0000009c7e5afd99
0000009d4978f059
0000009df009f7f9
0000009e5fb83739
0000009e74973e59
0000009e8ff26d39
0000009fd1c555d9
000000a0a90e2579
000000a10fce7519
000000a21b06b639
000000a22e095919
000000a240785a99
000000a2cfcbbf19
000000a3ae0a2e99
000000a4ab74f899
0000014b5d61c061
0000000001d65d71
0000000000000181
000000a7448bb019
000000a848364a59
000000a85714f699
000000aa2531ab19
000000aa9893db79
000000ab4ca03259
000000abc8676919
000000ad072d6639
000000ad2ce4a5d9
000000ad43e6cff9
000000ae1dbab379
000000aee50b2599
0000015dfdcc7161
0000000001d65d71
0000000000000181
000000af35c58b59
000000b0f2416c19
000000b1eba72819
000000b1f7a61e99
000000b2626c65f9
000000b685bc4359
000000b6b6f09df9
000000b6bd4ddad9
000000b6fd2b0459
000000b776f06739
000001709e372361
0000000001d65d71
0000000000000181
000000b8b15e2059
000000b9a8876239
000000ba2855d139
000000bae85f9bf9
000000bbf5c38839
000000bc21f08119
000000bc61f8b0f9
000000bd2c371719
000000be17f3db99
000000be4cbfb3d9
000000bf3aa0c7d9
000000c0f1694fd9
000000c15f765b39
000001833ea1d461
0000000001d65d71
0000000000000181
000000c1af0d6899
000000c229c90cb9
000000c256f6bd79
000000c381211259
000000c3a111c359
000000c3a2504a19
000000c531504d59
000000c6c7e0cd59
000000ca3d2de4d9
000000ca79bf09b9
000000cab3153ab9
00000195df0c8661
0000000001d65d71
0000000000000181
000000cb4a5ee419
000000cbba340099
000000ccd0445059
000000cd2f5e88f9
000000ce3fa14a19
000000cf1a5b0999
000000d0dd83a979
000000d18ea690d9
000000d30c59bb99
000000d3cc55f0b9
000001a87f773861
0000000001d65d71
0000000000000181
000000d533565639
000000d5c453d819
000000d68011ae59
000000d68dc8ee99
000000d82802e3f9
000000d85194a9f9
000000d8643d5bd9
000000d8bebf43f9
000000d90f640df9
000000d9c046d899
000000d9c7c09579
000000d9caa22499
000000daa824b779
000000dd6d630899
000001bb1fe1e961
0000000001d65d71
0000000000000181
000000de159da899
000000de30a8b359
000000de78fd9db9
000000ded7cd73f9
000000dfa7c6b939
000000e022925939
000000e199606d19
000000e1afa68779
000000e224fa8eb9
000000e2478815b9
000000e321b19299
000000e3f9ed2319
000000e4670325b9
000000e4bb4b25f9
000000e4e15c2299
000000e56838c699
000000e638a15b59
000000e642df6259
000000e6701c70b9
000000e6969e0559
000001cdc04c9b61
0000000001d65d71
0000000000000181
000000e76581a319
000000e8425e1899
000000e94403b459
000000e9ebb829f9
000000ea2a780999
000000ea454ed679
000000ec7c117719
000000ed20409e79
000000ed7dd06cd9
000001e060b74d61
0000000001d65d71
0000000000000181
000000f0b7149759
000000f110f693f9
000000f197534ab9
000000f1fe63c099
000000f4cd8f8839
000000f4d20bb7f9
000000f51f0c5e79
000000f543f123f9
000000f6045930b9
000000f777604f19
000000f840ff7b79
000000f8a0e55979
000000f97aaf2359
000001f30121fe61
0000000001d65d71
0000000000000181
000000f9b28ce059
000000fb0fe96619
000000fd3f5cd679
000000fe4062ec39
000000ff9a186139
0000010033db80d9
000001007277d939
000001010f896b59
000001016ed4f599
00000102b9007739
00000205a18cb061
0000000001d65d71
0000000000000181
0000010391ea5219
0000010392651bf9
00000103d1f8d6f9
00000105486bc619
00000105c5199459
0000010690d6bfd9
00000108002ab379
0000010938b972f9
00000109ade01919
0000010a24c6a899
0000010a650b39f9
0000010b04f05bb9
0000010b5ccde999
0000021841f76261
0000000001d65d71
0000000000000181
0000010c30c73819
0000010d2375d559
0000010de3cb62d9
0000010e8c79ec99
0000010f812bb6b9
0000010f987b7179
0000011094610d99
00000110fefc2d79
0000011110efad79
00000111dc5de359
000001127759daf9
00000112c74fe739
00000114ac35e879
00000114b4527e79
00000114ca238779
00000114e796f7f9
0000011531921a79
0000022ae2621461
0000000001d65d71
0000000000000181
000001173ac8fc99
00000117abdb2619
00000117c928b8f9
00000117f8df3979
00000118bab5aed9
00000118f793ca99
00000119cca90059
00000119d6e1b399
0000011c69106a79
0000011db24fc519
0000011e4d9ab659
0000023d82ccc561
0000000001d65d71
0000000000000181
0000011f2db03f79
00000120c8e25259
00000121c4a33c39
00000121f04c7079
000001228681eb19
00000123572c4299
00000123e8d08d99
00000125d9a62099
0000012631c56039
0000012753386a59
000001278d7b0359
00000127a60fd299
00000127a75c0f19
00000127e5e68639
0000025023377761
0000000001d65d71
0000000000000181
000001286279ae59
000001287484fdb9
00000128ba3759d9
00000128c213d799
0000012968ad7839
0000012b1f802379
0000012b584ac4f9
0000012b73b7daf9
0000012bbd42c739
0000012be3492ab9
0000012c5f004a19
0000012d6e70af39
0000012de6f45ed9
0000012e7b64e839
0000012e9b3ba759
0000012f169ed299
0000012fbef62b59
00000130e754e599
00000262c3a22961
0000000001d65d71
0000000000000181
000001319d5bc239
00000131e303c959
0000013257744359
000001329da8a0d9
00000133209e3fd9
000001338e91e919
00000133ba1e0979
000001344c71a0b9
00000134a58cd0b9
0000013617bb84b9
000001377f9e6979
00000137982471d9
0000013945819539
000001396cefe679
000001396cfabcf9
0000013a18a29359
0000013a5ea5c5d9
00000275640cda61
0000000001d65d71
0000000000000181
0000013ad0bb85f9
0000013af41be239
0000013afe2bd0f9
0000013bdb50ebd9
0000013c6922bf59
0000013d024fa4b9
0000013dd7aa3159
0000013f85af6879
0000014017078e19
00000140d33dc6d9
000001414f9a9ef9
00000141b0c89219
00000141d38bced9
00000142af9eab39
00000142b3cdc419
00000143314a3919
00000143c832ab99
0000028804778c61
0000000001d65d71
0000000000000181
0000014435ca6779
00000144f4996819
00000145ee2f4139
0000014669cc0a79
0000014a32dac2b9
0000014c8dc9a359
0000014c9fbdc5d9
0000029aa4e23e61
0000000001d65d71
0000000000000181
0000014f170e31b9
0000015371cd6519
000002ad454cf061
0000000001d65d71
0000000000000181
0000015745073139
000001579f66e899
0000015814589ab9
00000158b858b879
0000015969ba4799
00000159a6d77bf9
00000159a9b9f159
0000015a2d2a67d9
0000015c398c36f9
0000015dd7fb6ed9
0000015e92ae3f59
000002bfe5b7a261
0000000001d65d71
0000000000000181
0000016073104099
00000160b5a83339
0000016227a52f99
00000162ef3cbd59
000001631595e6d9
000001635ccc5179
00000163acf34079
00000164c59c6b99
00000165ea8885d9
000001684c205799
000001690e1c9cd9
00000169259ffa59
000002d286225361
0000000001d65d71
0000000000000181
0000016969c41cb9
0000016a9e2c2b39
0000016b3db63059
0000016b5fa8c519
0000016b6e59c519
0000016c7c077a19
0000016cc66d8419
0000016d05a6b699
0000016d1b7d7639
0000016d6eb23739
0000016d8793faf9
0000016dae6b5539
0000016de072d0f9
0000016ebb769f59
0000016ed35ee479
0000016f553222f9
0000016fa8bce779
0000017259fccf59
000002e5268d0561
0000000001d65d71
0000000000000181
00000172ce0f9af9
000001750e9f1419
000001768301ac79
00000178d5919cb9
0000017a0f06a639
0000017a2878e4b9
0000017a66e391f9
000002f7c6f7b761
0000000001d65d71
0000000000000181
0000017c032285f9
0000017c1493e9f9
0000017c770f1839
0000017e63a21219
0000017ee380e979
0000017f8bbab639
00000180234c5e19
0000018094a0e059
00000180d6ba7619
0000018277edb899
0000018285bda999
00000182c312d679
00000182de2305f9
000001841c619259
0000030a67626961
0000000001d65d71
0000000000000181
000001862c6b1619
000001863f7cc7b9
000001864a484a59
00000186d50dd459
000001871b245f79
00000187770209b9
0000018778c34339
000001897d893079
0000018985b85019
0000018a599c7f99
0000018b4139b699
0000018b6ccffd59
0000018db7ddfdb9
0000018e6e075619
0000031d07cd1a61
0000000001d65d71
0000000000000181
0000018e8e39cd79
0000018f128bd379
0000018f92a6eff9
0000019017503fb9
000001915dfb7759
000001916e4a1a79
00000192a4509839
00000192cde36799
000001934b8365d9
000001944ee27839
00000196d7332379
0000032fa837cc61
0000000001d65d71
0000000000000181
000001988932b859
00000199a7e0e1b9
0000019a788b1e99
0000019d1bc74839
0000019d811425d9
0000019d82793199
0000019e898cd319
0000019fa1276eb9
000001a019caf919
000001a0a8290d79
0000034248a27e61
0000000001d65d71
0000000000000181
000001a16730c259
000001a1dacefe19
000001a27b132979
000001a2da1baa19
000001a34715ed59
000001a3f4fa0859
000001a41a6e4179
000001a42ad95ad9
000001a4b8922e19
000001a6868831f9
000001a6fa2508b9
000001a98fd9b239
00000354e90d3061
0000000001d65d71
0000000000000181
000001aacb67d499
000001ab80d09d39
000001abb3b15c19
000001ad6f21ba59
000001aea6471b79
000001aed64484f9
000001aeed09ccb9
000001b127e52f79
000001b2fb0ee799
000001b33e83c7b9
000001b3bdc55239
000003678977e261
0000000001d65d71
0000000000000181
000001b50c12af39
000001b51340e5f9
000001b783449c79
000001b815fb5119
000001b829dbadf9
000001b8854f1c79
000001b997ca2d19
000001b9c1ba94d9
0000037a29e29361
0000000001d65d71
0000000000000181
000001bf8f317199
000001c07788fe99
000001c1c1ec3059
000001c1c6e424f9
000001c28836e9d9
000001c4bcd243b9
000001c57aad4499
000001c5bdc981d9
0000038cca4d4561
0000000001d65d71
0000000000000181
000001c8d348c319
000001c97434a439
000001ca092c6e19
000001caa121ea39
000001ce276cd8d9
000001ce4e28d559
000001cf95b44439
0000039f6ab7f761
0000000001d65d71
0000000000000181
000001d0bba035f9
000001d18a109279
000001d339ce6639
000001d5a23a2ff9
000001d6bacc2bd9
000001d764b6fd59
000001d88b0552f9
000001d8b6962bd9
000003b20b22a961
0000000001d65d71
0000000000000181
000001d9f6322b79
000001da2b123a79
000001da2de5d339
000001da3d894659
000001dd1f71bd79
000001dd898b5b39
000001def4e334f9
000001df36e9d7f9
000001dfd9bc7d59
000001e0a90186d9
000001e11dad7999
000001e21a1f95b9
000001e2236ad4d9
000003c4ab8d5b61
0000000001d65d71
0000000000000181
000001e2843add19
000001e29d9389b9
000001e2a5c6cab9
000001e2ccf5da59
000001e2ddf52759
000001e758d10019
000001e77ace6ed9
000001e7d3b8a579
000001ea211a3bd9
000001ea383b8359
000001eb9d0792f9
000003d74bf80d61
0000000001d65d71
0000000000000181
000001ed36f44ab9
000001eddeacecf9
000001ee1a62c359
000001ee4aea0ff9
000001eed52255d9
000001f02d1a9a79
000001f301ef5d79
000001f31a604359
000001f3245197d9
000001f353e4ef79
000003e9ec62bf61
0000000001d65d71
0000000000000181
000001f6b406bc39
000001f6e65844f9
000001f711cd7b59
000001f7364c99b9
000001f75f375539
000001f80de98c39
000001f8327d6c19
000001f8a274c419
000001fac1c76559
000001fc24e62b39
000003fc8ccd7161
0000000001d65d71
0000000000000181
000001ff47a0a879
0000020184595a19
000002033c0edcb9
000002048e4cb9f9
00000205a3884d19
00000205d2f72d39
0000020618bbee99
0000020649306799
00000206e240e219
0000040f2d382261
0000000001d65d71
0000000000000181
00000207f3448b39
00000208bbcf8e39
000002095bd6f179
000002095dd24719
0000020b01b43a39
0000020c3460efb9
0000020d7864ffb9
0000020df20d4419
0000021000899479
000002109e666579
00000210ad3e6bd9
00000421cda2d461
0000000001d65d71
0000000000000181
00000211157f1b39
000002114b0a3bf9
00000211bfbac9f9
000002122453ad99
000002124aea52b9
000002151b0de8b9
00000215700e27d9
00000217655cf779
000002177a3798f9
000002182df12cd9
0000021838c03679
000004346e0d8661
0000000001d65d71
0000000000000181
0000021aefdcfb39
0000021b601fb019
0000021d09323b59
0000021d280efef9
0000021ed57d6bd9
0000021f2ed3cc99
00000221f7143019
00000222855f82f9
000004470e783861
0000000001d65d71
0000000000000181
00000223acb4efd9
00000226c53b3059
000002280a4a6399
0000022842833699
000002287943cb39
00000228c7c8e539
00000229153f1a79
0000022935c14e99
00000229526dbfd9
0000022bd0ad0459
0000022cc8f42819
00000459aee2ea61
0000000001d65d71
0000000000000181
00000230d8dd8519
00000231b47d0cb9
00000234818057b9
00000234d0360b19
000002351b618079
000002352b841bd9
00000235c4e4b439
0000046c4f4d9c61
0000000001d65d71
0000000000000181
00000236c3327dd9
00000236cc230d59
000002379e7520b9
000002380005fa59
0000023845d738d9
0000023940ed3839
0000023bd54e77f9
0000023e3c2fcad9
0000023eef1e0b59
0000023f34a55539
0000047eefb84e61
0000000001d65d71
0000000000000181
000002403cdb08f9
000002406058cb59
00000240c50e85b9
000002412c7085d9
000002425c40bc99
000002433eb557b9
000002440a1ad879
0000024506f6ef39
0000024587c9c119
00000245ac518dd9
00000246051e4659
0000024651c25a19
0000024722ec2f99
00000247cea908f9
0000024863209279
0000049190230061
0000000001d65d71
0000000000000181
0000024a639a3779
0000024bfb3ee499
0000024c67c59959
0000024c6c891af9
0000024d87287c79
0000024edd5e27b9
0000025017d62e59
0000025025cf9979
000002514c439079
00000251cbf6e539
000004a4308db261
0000000001d65d71
0000000000000181
0000025297c99ad9
000002532035ff39
0000025474100679
00000254de720a99
00000255de6e6e19
00000256509b9af9
000002566dc6d979
000002569258b939
0000025713345e39
0000025796b28a59
0000025821450e79
0000025829296db9
00000259949d26b9
000004b6d0f86461
0000000001d65d71
0000000000000181
0000025ce9db4c19
0000025cef276d99
0000025cf0d8ab79
0000025d6ff3d859
0000025e02f082d9
0000025e2daa8059
0000025fd01d7a79
0000025fdaa80659
00000260586d51b9
00000263da4da819
0000026425ef1599
000004c971631561
0000000001d65d71
0000000000000181
00000264e0564859
0000026589c0b259
00000265d92e5bb9
00000269a5424a19
0000026a4d917099
0000026afd02d859
0000026b29e49399
0000026bdda4d839
0000026bf78e4199
0000026ddadaa9f9
000004dc11cdc761
0000000001d65d71
0000000000000181
0000026e4c136d59
0000026e962b8eb9
0000026f6eca78b9
00000270a83227d9
00000271df494399
00000272e7295c39
000002744f195f99
00000274fa70fb59
00000274fc0889f9
000002750faea239
00000275181a2f59
0000027548679e59
00000275e4c30819
00000275eac5d919
00000277155197f9
000004eeb2387961
0000000001d65d71
0000000000000181
000002778bd6f0d9
00000278903cd559
00000278f83bad99
00000279166fb859
00000279924c9959
00000279cda06959
0000027a8a521679
0000027b14d8a339
0000027b184af7f9
0000027c24ffef79
0000027d35bca159
0000027d88d059b9
0000027dcf2a6c99
0000027e8096e179
0000027f83bf92b9
0000027fb25331b9
0000028081a92499
0000050152a32b61
0000000001d65d71
0000000000000181
00000282a85879b9
00000282fa3be1f9
0000028383ef7099
00000283d50bf179
000002848bc50c19
000002855e312d39
000002856f5be699
00000285984c24b9
00000286b46f8e19
00000286d0e24f79
000002875f6eb4d9
00000287c27bb8b9
00000288326ec4d9
00000289d1ae9fb9
00000513f30ddd61
0000000001d65d71
0000000000000181
0000028adc802f39
0000028bb1a00859
0000028c1a4cce99
0000028e7d46e6b9
00000291369d8159
00000291ad5b5a59
0000029253117c19
00000292cbe08f19
0000029335472439
0000052693788f61
0000000001d65d71
0000000000000181
000002936113e7b9
0000029400bbb759
0000029402630b79
00000294733b5939
00000294a7d879b9
0000029528fdf5d9
000002955c693d19
00000296edce4d79
00000297678b33d9
00000297c4995239
0000029849d8b4f9
0000029a15bcced9
0000029a994d3839
0000029b60b9a959
0000029bc7fa9d59
0000053933e34161
0000000001d65d71
0000000000000181
0000029d0df9a059
0000029d5375f459
0000029f5a445559
0000029f751fd899
000002a130165679
000002a19cca8799
000002a1bd214b99
000002a2114ea899
000002a2f30fc3f9
000002a3bdaf9e99
000002a3e259b979
000002a5dc7b4a99
0000054bd44df361
0000000001d65d71
0000000000000181
000002a61c56b4f9
000002a636fc59b9
000002a6b109b0f9
000002a770d76fd9
000002a9022a99f9
000002aa1c078399
000002aa7352e4f9
000002aada2122f9
000002ab2eee97b9
000002abf71dad39
000002ac6991c4b9
000002ad1cf16479
000002addf54b839
000002ae33a6f2b9
000002ae5b8528b9
0000055e74b8a561
0000000001d65d71
0000000000000181
000002af3c194919
000002afede90319
000002b053425bd9
000002b33c6dbcf9
000002b360e86cf9
000002b36e4f8819
000002b45d0c80b9
000002b45d17c819
000002b480d1b0d9
000002b522833d79
000002b614deb439
000002b7655c89b9
000002b7eaacddf9
000002b817d04319
0000057115235761
0000000001d65d71
0000000000000181
000002b8a590ad79
000002b91db53b59
000002b99b11b6b9
000002ba40d056f9
000002ba55073a99
000002baa004b319
000002bb65bba4b9
000002bdf3b629d9
000002be26c3c639
000002bf9c8d4cf9
000002bfed61e039
000002bff511da59
000002c0337ae999
000002c0cb0c3d79
000002c16c687019
00000583b58e0961
0000000001d65d71
0000000000000181
000002c383a57119
000002c38e4e94d9
000002c60f13d079
000002c6857a4439
000002c72cc401f9
000002c98465b739
000002c9b5b48319
000002cb1a823719
0000059655f8bb61
0000000001d65d71
0000000000000181
000002cb3f952d39
000002cb84ecdf99
000002cc2cf574f9
000002cc3c0cfab9
000002cc563df319
000002ccdbb24eb9
000002ce77f1df19
000002cee40a1b19
000002d0080557b9
000002d0b48e43d9
000002d0f85a14f9
000002d14120b9d9
000002d2915dc599
000002d32f138659
000005a8f6636d61
0000000001d65d71
0000000000000181
000002d4bee296d9
000002d54f7ac619
000002d5a7be3639
000002d5fd57b459
000002d697f7c6f9
000002d6ae34a4b9
000002d6ddfb3119
000002d6f14a0ad9
000002d7464c1e59
000002d871efeb99
000002d88d6d4979
000002d8f20b1219
000002d903317b79
000002d92d9ae459
000002d9f342f939
000002da544014d9
000002daa1def559
000002dab5753539
000002dc446e1cf9
000005bb96ce1f61
0000000001d65d71
0000000000000181
000002de39884079
000002dfa0e87139
000002e0375df159
000002e1702063f9
000002e1a4deb4b9
000002e261a9d019
000002e3101f2a19
000002e3673ad919
000002e3ff300599
000002e652bc06f9
000002e69f4f7bf9
000002e717bd4e79
000005ce3738d161
0000000001d65d71
0000000000000181
000002e731262399
000002e840467f39
000002e86a801059
000002e8a2a22299
000002e8a7803159
000002e96ec822f9
000002ea225ebed9
000002eabe7952d9
000002eabf3261d9
000002eae532d159
000002eb349151f9
000002ece8c5d099
000002eeeca33f59
000002ef0157eb19
000002ef89366899
000002efe9b8e0f9
000005e0d7a38361
0000000001d65d71
0000000000000181
000002f497ddc799
000002f497de0df9
000002f716f8cfb9
000002f76c1ddcb9
000002f8679ab579
000002f986659699
000002f98f4cfdd9
000005f3780e3561
0000000001d65d71
0000000000000181
000002fada61f8d9
000002fadf2cabb9
000002fd3ea2de99
000002fd8b6e59f9
000002fd8e9c3199
000002fd9eb899f9
000002fdf7f55c79
00000300cd99fbf9
000003013422fc99
0000030186e957f9
000003021a451ab9
0000030250a63fb9
000006061878e761
0000000001d65d71
0000000000000181
000003030f7822f9
00000303a7002339
0000030417043d79
00000305f5a5b519
00000307666346f9
0000030834fe1d39
00000308739ee939
00000308d9994879
000003095cba5179
00000309be6428b9
0000030a380678f9
0000030b55840c59
0000030b67619339
0000030b7d9178b9
0000030b87353899
0000030bf4b667b9
00000618b8e39961
0000000001d65d71
0000000000000181
0000030d9eb6c079
0000030e0036abf9
0000030e4ed79c19
0000030e9e69ceb9
0000031092c5d639
00000310b553af39
00000311e9703bf9
000003122d7e9659
000003123ad35439
00000312f8df2699
00000313244f7799
000003147a861a19
00000315287eb779
0000062b594e4b61
0000000001d65d71
0000000000000181
0000031662d279f9
0000031882be4ed9
00000318b2cce839
000003195ca82e59
00000319af897e99
0000031a4fd53b19
0000031addb5ca19
0000031c5fa6d139
0000031d3c9ad979
0000031de972d2f9
0000031e29eeee99
0000063df9b8fd61
0000000001d65d71
0000000000000181
0000031fecd38ef9
00000320322365f9
0000032238211319
000003227f0ce9f9
000003235e693759
00000324507e6119
0000032523f90e39
00000325f9f0b8b9
00000326338b2399
00000327acc23859
000006509a23af61
0000000001d65d71
0000000000000181
00000328706176d9
000003290bfc3259
0000032973d54fd9
00000329d0806859
0000032a987f4c19
0000032c3f8d4ff9
0000032ca408a1f9
0000032ca6f65079
0000032ee59b2159
0000032fae0c1079
00000330c26b8e99
000003316e58a379
000006633a8e6261
0000000001d65d71
0000000000000181
000003340de54c99
00000336621e4839
00000336d9fe1af9
000003375b400879
0000033845f0b8b9
000003386ee81619
00000338c6df2ab9
00000338d32c3fd9
0000033a71c0b1f9
0000033a7e70e4b9
00000675daf91461
0000000001d65d71
0000000000000181
0000033b6dc83e19
0000033c8eb89ef9
0000033d17c09239
0000033d55d2ca39
0000033dcb6e5e39
0000033eceb14d19
0000033f126bc419
000003403a6317d9
000006887b63c661
0000000001d65d71
0000000000000181
00000344840cbfd9
000003456d9bb619
000003465a269a19
000003468af1a379
00000347c01d80f9
0000034939b09799
0000034a11af9799
0000034ad9986839
0000034ceea29939
0000034d62ea2659
0000069b1bce7861
0000000001d65d71
0000000000000181
0000034ea2836659
0000034f23956839
000003500e72e5f9
00000351f55c3f99
00000352681ad979
000003544be3ca59
00000354a8b81eb9
00000354fb6a4899
000003557997ce39
0000035667221599
00000356c47b5339
000006adbc392a61
0000000001d65d71
0000000000000181
00000358316b9259
0000035a0d151459
0000035b0fb9c3b9
0000035b15ef3dd9
0000035bebb0ab79
0000035c232024b9
0000035c6a6a03d9
0000035c90a3a099
0000035cb1b77279
0000035dbf5e6779
0000035dea26c899
0000035e0fbf72b9
0000035e6a7015d9
0000035f22454039
0000035f42abc459
000006c05ca3dc61
0000000001d65d71
0000000000000181
00000360ea2864f9
0000036406908e99
0000036597302659
000003661bd2f599
000003671875cf79
0000036816c98159
000003684ac94d59
000003688941d559
000006d2fd0e8e61
0000000001d65d71
0000000000000181
0000036b084bb339
0000036bb34f8df9
0000036bec9f29b9
0000036c8804c559
0000036f071f2f39
0000036f162daab9
0000036f974ce999
0000036fa2e51e19
000003714f3de659
0000037154daa039
000003724eaa9f79
0000037266585879
000006e59d794061
0000000001d65d71
0000000000000181
0000037537d15b99
00000375ba7aecb9
0000037699fbaf59
00000376bce614f9
000003774288b179
0000037754ddd6d9
00000378a31aceb9
00000379e3b26639
00000379fd5e74d9
0000037ba6c505d9
000006f83de3f261
0000000001d65d71
0000000000000181
0000037c37a06039
0000038021bf55d9
00000381031077d9
000003810d9fd179
0000038402cecfb9
0000038419f16c19
00000384f85814d9
000003850a67a4d9
0000038513d83599
0000070ade4ea461
0000000001d65d71
0000000000000181
00000385afc6e9f9
00000385fc761859
0000038776e25e99
000003883a9ef739
00000388956a31d9
0000038916476f19
00000389ce1d3a19
0000038a7bee8299
0000038c92bd3d19
0000038cbc533f19
0000038e29e11919
0000071d7eb95661
0000000001d65d71
0000000000000181
0000038ec3e0af79
0000038ecd6055f9
000003927e9645f9
0000039297af4a19
00000393f725ddf9
000003944991f4d9
0000039498089c59
0000039531a66c79
00000396faee5ff9
000003970d278199
000007301f240861
0000000001d65d71
0000000000000181
0000039ba2a22719
0000039bf150e1f9
0000039c45175659
0000039e9e81ae79
0000039f617a0719
000003a0f6e545f9
000003a13ce5b9d9
00000742bf8ebb61
0000000001d65d71
0000000000000181
000003a5344957d9
000003a74e9d3559
000003a7594c5d39
000003a856abf1b9
000003a97c50e159
000003aa831c98f9
000007555ff96d61
0000000001d65d71
0000000000000181
000003ab92cac799
000003abdb03acf9
000003adba7b50f9
000003af5b5a3ff9
000003af65194f59
000003af95b24039
000003b01df64a99
000003b10ed2e9d9
000003b11a807899
000003b183707339
000003b18f465839
000003b237a7a519
000003b27d16be19
000003b3930c7419
0000076800641f61
0000000001d65d71
0000000000000181
000003b42db6aa19
000003b4416e8ff9
000003b5332e1eb9
000003b6f8f08fb9
000003b8b0299259
000003b908ef2159
000003b9e2219ef9
000003ba1e611539
000003bac1516c59
000003bade477a99
000003bb55e42ed9
000003bd14c90bb9
0000077aa0ced161
0000000001d65d71
0000000000000181
000003bf28e58499
000003c00e145199
000003c0147c3779
000003c05ff0ec19
000003c09055dcf9
000003c0a7e2bc39
000003c3d5a92819
000003c3fa4ee4d9
000003c534204559
000003c690422139
0000078d41398361
0000000001d65d71
0000000000000181
000003c6d1e70119
000003c7e64cf239
000003c88f7a49f9
000003c9822cbfd9
000003c98bb89f59
000003c9ca66a599
000003ca34651d79
000003ca8e81fa79
000003cb64671959
000003cb8f35bb99
000003cc1ae67979
000003cce4ce2cb9
000003cce86110b9
000003cd78c7c139
000003cee059cab9
000003cf5a19e099
0000079fe1a43661
0000000001d65d71
0000000000000181
000003d0210bb259
000003d0c7c5ea19
000003d2cdd55719
000003d4112ace59
000003d41be947d9
000003d510b616d9
000003d52e335af9
000003d7180be059
000003d87a20f399
000007b2820ee861
0000000001d65d71
0000000000000181
000003dce3853f79
000003dd489294f9
000003df64bb0cb9
000003df69d087f9
000003df7d5c22d9
000003dfb0534519
000003e028050a39
000003e0bee11619
000007c522799a61
0000000001d65d71
0000000000000181
000003e4db209799
000003e5ce5125d9
000003e6f668b2b9
000003e7d2824b79
000003e7d8d54ff9
000003e7e704b039
000003e84085e339
000003e8c8306a39
000003e90f7a9b79
000003e91efea079
000003e970f2ff59
000003e9aeec9c79
000003ebd67617b9
000007d7c2e44c61
0000000001d65d71
0000000000000181
000003ecf9f2cc39
000003ed7e78f639
000003ed8fe03dd9
000003edfdf14f99
000003ee7bb135b9
000003efe7abaad9
000003f2675f6b79
000003f4c3dd3919
000007ea634efe61
0000000001d65d71
0000000000000181
000003f6f8963499
000003f834db5e99
000003f9d2685839
000003fe3fe8ac19
000007fd03b9b161
0000000001d65d71
0000000000000181
000003ff2b462499
000003ffd1daa739
000004014b7501f9
00000401bc442cf9
00000401c41cd659
000004020661fad9
00000403fac37c99
00000404662218b9
0000040470cc5239
00000404ba525419
00000404ed332719
00000406e95c0cb9
0000080fa4246361
0000000001d65d71
0000000000000181
00000408205195d9
00000408d6f3b139
00000408eee31f59
0000040958376ff9
0000040960800139
000004096a6cdcf9
000004097287f2b9
00000409c3fbf739
0000040a2331c139
0000040b8b2bf6d9
0000040c6347ef39
0000040c6646ffd9
0000040c9d7b9599
0000040dc68bd719
00000822448f1561
0000000001d65d71
0000000000000181
00000411ee12b6f9
00000412ea81b7f9
00000413a9c80219
00000415308a80d9
0000041588bd69f9
000004166db363d9
00000416fd2e7d79
0000041a54746139
00000834e4f9c761
0000000001d65d71
0000000000000181
0000041d3fbdfc39
0000041f2b40c0d9
00000420d68da919
00000422a2e1da99
00000422d5662779
00000423213eb6f9
0000042330980659
0000042357158b59
0000084785647a61
0000000001d65d71
0000000000000181
00000424ab281719
00000427572f0c99
00000427ac8545d9
000004285c92b3d9
00000428c77645f9
0000042aa74d5699
0000042b024cfd39
0000042bcdb54cd9
0000042bf1831b99
0000042cbfa935b9
0000085a25cf2c61
0000000001d65d71
0000000000000181
0000042e61ee7779
0000042eca39fb39
0000042fdc88a459
0000042fe1d6a259
000004308515a379
00000431e5cdf759
00000433cf587659
000004346b1a89d9
0000043510a3ab19
00000435f8f1b1b9
0000086cc639de61
0000000001d65d71
0000000000000181
00000436ea69bf99
000004374b48d0b9
000004376dc4a819
0000043800a2f2b9
00000439a539ef59
00000439e1e94999
0000043acb698799
0000043bcf18eff9
0000043e5ef4c559
0000043e6afc01b9
0000043f1892fc59
0000043f63b5e839
0000087f66a49061
0000000001d65d71
0000000000000181
00000440290b0bd9
0000044029da4fd9
00000441e2891599
0000044214a71419
00000443ab6dd519
0000044468e84b59
000004465e300a19
000004476db2ae59
00000447d7722b79
000004485b859579
00000448c5e525b9
00000448cc6d6119
00000448f8c09339
00000892070f4361
0000000001d65d71
0000000000000181
0000044977cd20d9
0000044985bd5ad9
0000044bbf23a739
0000044cda2c13b9
0000044d6b527999
0000044e44951df9
0000044ea8d06c79
000008a4a779f561
0000000001d65d71
0000000000000181
0000045355f499d9
000004549be81779
000004551e6aa979
0000045543062ed9
000004558209a119
0000045670b3d8b9
00000458558b0599
000004588136c359
00000458a29f5119
00000458ad15beb9
00000458e138ce99
0000045934501859
000004595f16be39
0000045999d6a619
0000045b9d3a6e99
000008b747e4a761
0000000001d65d71
0000000000000181
0000045ba38aa779
0000045c311ad559
000008bbf74e5e61
0000000001d65d71
0000000000000181
