[MCS8 A] 97 FW 3.104 SV 1.257 
range=1024
periods=2
sweepmode=27e20d0
fstchan=0
holdafter=0
streamstatus=3
calreg0=0
calreg1=0
calreg2=0
calreg3=0
swpreset=8000        
prena=1
syncout=0
cycles=18
sequences=1
tagbits=16
vdac0=92c
vdac1=807
vdac2=8c8
vdac3=8c8
vdac4=8c8
vdac5=8c8
vdac6=8c8
vdac7=8c8
timepreset=120.000     
digio=0
digval=0
autoinc=0 
savedata=2 
mpafmt=asc
sephead=0 
fmt=asc
smoothpts=5 
[CHN1]
REPORT-FILE from 06/22/2026 16:12:50.508  written 06/22/2026 16:12:50
cmline0=06/22/2026 16:12:50.508 
cmline1=A1
range=1024
active=1
bitshift=4
cftfak=2580100
evpreset=10          
roimin=0
roimax=1000
caloff=0.800000
calfact=12.800000
calfact2=0
calfact3=0
calunit=nsec
caluse=1 
[CHN2]
REPORT-FILE from  written 06/22/2026 16:12:50
cmline1=A2
range=1024
active=0
bitshift=4
cftfak=2580100
evpreset=10          
roimin=0
roimax=1000
caloff=0.800000
calfact=12.800000
calfact2=0
calfact3=0
calunit=nsec
caluse=1 
[CHN3]
REPORT-FILE from  written 06/22/2026 16:12:50
cmline1=A3
range=1024
active=0
bitshift=4
cftfak=2580100
evpreset=10          
roimin=0
roimax=1000
caloff=0.800000
calfact=12.800000
calfact2=0
calfact3=0
calunit=nsec
caluse=1 
[CHN4]
REPORT-FILE from  written 06/22/2026 16:12:50
cmline1=A4
range=1024
active=0
bitshift=4
cftfak=2580100
evpreset=10          
roimin=0
roimax=1000
caloff=0.800000
calfact=12.800000
calfact2=0
calfact3=0
calunit=nsec
caluse=1 
[CHN5]
REPORT-FILE from  written 06/22/2026 16:12:50
cmline1=A5
range=1024
active=0
bitshift=4
cftfak=2580100
evpreset=10          
roimin=0
roimax=1000
caloff=0.800000
calfact=12.800000
calfact2=0
calfact3=0
calunit=nsec
caluse=1 
[CHN6]
REPORT-FILE from  written 06/22/2026 16:12:50
cmline1=A6
range=1024
active=0
bitshift=4
cftfak=2580100
evpreset=10          
roimin=0
roimax=1000
caloff=0.800000
calfact=12.800000
calfact2=0
calfact3=0
calunit=nsec
caluse=1 
[CHN7]
REPORT-FILE from  written 06/22/2026 16:12:50
cmline1=A7
range=1024
active=0
bitshift=4
cftfak=2580100
evpreset=0           
roimin=0
roimax=1000
caloff=0.800000
calfact=12.800000
calfact2=0
calfact3=0
calunit=nsec
caluse=1 
[CHN8]
REPORT-FILE from  written 06/22/2026 16:12:50
cmline1=A8
range=1024
active=0
bitshift=4
cftfak=2580100
evpreset=0           
roimin=0
roimax=1000
caloff=0.800000
calfact=12.800000
calfact2=0
calfact3=0
calunit=nsec
caluse=1 
;MCS8 #97 Sversion=1.257 Fversion=3.68
time_patch=1
;datalength=8 bytes
;bit0..3: channel# 1..8 ( 4 bit)
;bit4: edge 0=up / 1=dn ( 1 bit)
;bit5 ..57: timedata    (53 bit), max sweep length 2001.6 h
;bit58..62: tag0..tag4  ( 5 bit)
;bit63:     data_lost   ( 1 bit)
[DATA]
0000000000000016
000000009c3d7a79
00000000a869ac59
000000017dc9e819
00000001a3061879
0000000297fc97f9
00000005b36417d9
0000000628522659
00000007f4687619
000000080c1ee239
0000000839801739
0000000870279e19
00000008cf2235f9
0000000967a97939
00000009f876acb9
0000000d4ec31b19
0000000da8f0bd39
0000000e28e4e0d9
0000000eae2147f9
0000000f33802239
0000000fa21feed9
0000000fbf584239
00000021584a2861
00000000036d6371
0000000000000181
00000010dca01c19
000000128c218659
00000012be2de5f9
000000137c4a77f9
0000001383367dd9
00000014112eb059
000000161ca5a639
0000001710deb4d9
00000017ed69d439
00000017f61c4539
0000001819cc3cf9
00000019661da579
000000198cc9de39
00000033f8b4db61
00000000036d6371
0000000000000181
0000001a0b2c4bb9
0000001a97cacf19
0000001a9ad38199
0000001be668b819
0000001c60a72699
0000001ccde5b9b9
0000001cf5a61cb9
0000001d2fd2cc39
0000001dcf27b9b9
0000001eee9ae479
0000001f79c98c59
00000020241ff419
0000002036c38d79
000000206590f239
00000021540e83f9
000000215a8138b9
000000219a8714b9
00000046991f8d61
00000000036d6371
0000000000000181
000000243e0a4419
000000246f527359
00000024ff352799
00000027961c48d9
00000028e3c7dff9
00000028e4083dd9
00000028f3696659
00000029124a3cb9
00000029218c9559
0000002941632fd9
00000029cfc1cdb9
0000002a2d093a99
0000002bd76361b9
00000059398a3f61
00000000036d6371
0000000000000181
0000002cd0214339
0000002d8c9e9cf9
0000002e2d357a99
0000002e4da87079
0000002fca3b0df9
0000003037bbeb39
0000003086021e59
000000311672bf79
000000316ca399d9
000000327f0e0e99
00000032b9ca63b9
0000003346969df9
00000033b6e33939
000000350afdbff9
00000035cdbe67f9
0000006bd9f4f161
00000000036d6371
0000000000000181
0000003aea648ff9
0000003d83205599
0000003df840ebf9
0000003e0b36d7b9
0000003e7e899599
0000003ec05a78b9
0000003f072675b9
0000007e7a5fa461
00000000036d6371
0000000000000181
0000003f44bac459
000000409372cc19
000000412bc55499
0000004242bcf479
00000042f47b65d9
0000004344ad29d9
000000449bfaa0b9
00000044d7761499
00000044f60073f9
00000047b445f219
000000911aca5661
00000000036d6371
0000000000000181
000000488ffa0cb9
0000004895a2daf9
00000048d047b9b9
00000048d2836279
000000496cdecf39
0000004995839999
00000049c7fd33d9
0000004a8bda5bd9
0000004c342b3059
0000004c99460899
0000004cddb43e39
0000004cf0d243b9
0000004d82f2c199
0000004e3355b2b9
0000004e596abc39
0000004f56315d59
000000a3bb350861
00000000036d6371
0000000000000181
0000005234980339
0000005307f79219
000000531b4b2f59
0000005340c9f2f9
00000056683430d9
00000056ee02b119
00000058a4660bd9
000000b65b9fba61
00000000036d6371
0000000000000181
0000005b3b119d19
0000005c21780b79
0000005c77e0e859
0000005e25efac59
0000005e2fac2539
0000005fe3574cb9
0000006003ee8c39
0000006117e61579
00000063123cfe59
000000631a10ac39
000000c8fc0a6d61
00000000036d6371
0000000000000181
00000064b79034f9
000000661ddf1619
000000671f841679
000000672c5a7379
00000067d3cce3f9
000000696b72d679
0000006a3e3fe859
0000006bad20be39
000000db9c751f61
00000000036d6371
0000000000000181
0000006e5f41de99
0000006ec638a279
0000006f482f5379
00000070482ffaf9
0000007079381239
0000007407405e79
0000007618bb2299
000000ee3cdfd161
00000000036d6371
0000000000000181
000000775e1d6439
0000007844861bb9
000000789cff4e59
0000007ab5ca1d39
0000007ce78c23f9
0000007da19593f9
0000007f04b260f9
0000007ff14f86d9
00000100dd4a8461
00000000036d6371
0000000000000181
00000080e81eca39
00000080f581ad99
0000008148ff1319
00000081656473b9
00000085db2ed0d9
000000866886c8f9
00000087032765f9
000000883e05c579
000001137db53661
00000000036d6371
0000000000000181
0000008a2409ddb9
0000008a6cd11d59
0000008b928de699
0000008c3dcf2c39
0000008c4bed1ff9
0000008d3ab7a3d9
0000008e14d4ddf9
0000008e151bb2b9
0000008edfd8dc19
0000008f9d68aab9
00000090519fab99
000000924f5544d9
000001261e1fe861
00000000036d6371
0000000000000181
00000093786a71d9
000000941c6171b9
000000950bf32e39
00000095cfd43c59
00000097e3ac5079
000000995776b0b9
0000009a098f6439
0000009a0dfa6c39
0000009b406e9379
0000009b457cfdf9
0000009c02d803b9
00000138be8a9a61
00000000036d6371
0000000000000181
0000009d2df755f9
0000009d5cf66ed9
0000009d5fd70099
0000009f3b30b279
000000a0519c8e19
000000a05d0efb19
000000a0f4e46199
000000a10f1e1eb9
000000a19db003b9
000000a1d5f04339
000000a28289d319
000000a2c2ab2339
000000a333803859
000000a43e8e8b39
0000014b5ef54d61
00000000036d6371
0000000000000181
000000a6ca363319
000000a7d3de39b9
000000a917daeb59
000000a9b6c37019
000000aa3dbe1f99
000000ab9eefb099
000000ad95a5e699
0000015dff5fff61
00000000036d6371
0000000000000181
000000b1ea4d5eb9
000000b20463ee79
000000b26dafe1d9
000000b298cb88d9
000000b31c0f54f9
000000b3a19786f9
000000b41cea4299
000000b43ccebc19
000000b531f7bc79
000000b696da2859
000000b70cf31f19
000000b7b289fa99
000000b7d2ac9f39
000000b7ea994759
000000b8002f87f9
000000b84894f639
000001709fcab161
00000000036d6371
0000000000000181
000000b8d4e1fa99
000000ba0ab96199
000000ba1507bb99
000000ba28d27439
000000ba900788b9
000000bbd335f7f9
000000bc86cd1419
000000bd0ca07859
000000bd76845899
000000be3136c499
000000bed9618499
0000018340356461
00000000036d6371
0000000000000181
000000c1d5c30559
000000c22e663ff9
000000c255192c39
000000c4c0b28bb9
000000c5d486b219
000000c5f5e434d9
000000c682033499
000000c78b7a6d39
000000c78fdfbbb9
000000c82010e1f9
000000c82e43a6f9
000000c8cb17d979
000000c9c4564ef9
000000ca5acdf719
00000195e0a01661
00000000036d6371
0000000000000181
000000cb5f2c4fb9
000000cb76e41159
000000cbd35ec619
000000cc159cf1d9
000000cd06b5ad79
000000cd86c1a2f9
000000ce169e4c39
000000ce778d7eb9
000000d001e13719
000000d0667f32d9
000000d0771d7cb9
000000d0e36904b9
000000d0e4458039
000000d188963b99
000000d277d65979
000000d286d009b9
000000d2b55179b9
000000d2e4223e99
000000d2ec9eeed9
000000d3bf4244f9
000000d4388c3939
000001a8810ac861
00000000036d6371
0000000000000181
000000d59fa824d9
000000d7ad6a4399
000000d8094c72f9
000000d85484a119
000000d8a53b60b9
000000d9e8526159
000000d9e8792359
000000d9f020e859
000000d9fd33a539
000000daaf407479
000000dbdfb56a99
000001bb21757b61
00000000036d6371
0000000000000181
000000de0b9903f9
000000de66271c59
000000dfad109d99
000000dfaf824919
000000e1a55e9f59
000000e2d794ed39
000000e4513adf79
000000e4f83f7f79
000000e5e51bf939
000000e656ca3f59
000001cdc1e02d61
00000000036d6371
0000000000000181
000000e7b1f4cc39
000000e8002965b9
000000e8128b4f19
000000e8707790d9
000000e874f749f9
000000e93aa46fd9
000000eba40cc279
000000ec6e0f23d9
000000ecb4c3c599
000000ecdcee4639
000000ee023f6119
000000ee89959059
000000ef2d1eb419
000001e0624adf61
00000000036d6371
0000000000000181
000000f0b8912a19
000000f12ff945b9
000000f49e112ab9
000000f5c0ff4ed9
000000f5eea6eed9
000000f6c3212ef9
000000f79735c659
000000f834af71b9
000001f302b59161
00000000036d6371
0000000000000181
000000f9a7a14439
000000fa343567d9
000000fabea32939
000000fb6cf81a79
000000fbb6a53239
000000fc47ebeb19
000000fc8fc9ce79
000000fd051d53b9
000000fd28a0e439
000000fd4591f399
000000fd60178ad9
000000fd6806b8d9
000001003e1851f9
00000100a5777799
000001011fb74599
0000010138437ab9
00000101f09766b9
00000205a3204461
00000000036d6371
0000000000000181
00000102d35a9d19
0000010697487e59
0000010749e9b079
00000108b8702c39
00000108f4079259
0000010a866a5e39
0000010aa5f50a39
0000010aa88560b9
0000010b18cb0199
0000010b47153d39
00000218438af661
00000000036d6371
0000000000000181
0000010cf8597dd9
0000010e5e9655f9
0000010ec1e81b99
00000112b6a79d19
00000112eb2f02b9
0000011388fcce19
00000113e3a28799
0000022ae3f5a861
00000000036d6371
0000000000000181
0000011614387d39
00000117494df179
0000011863b25279
000001188fd4a599
0000011904ddc879
00000119eb2ab939
0000011a1f29b6f9
0000011a61cccd99
0000011b38bf1d59
0000011b49afae39
0000011c02ad7d39
0000011c4e0849f9
0000011d3ee8c7d9
0000011d5f50da99
0000011e3e5e5359
0000023d84605b61
00000000036d6371
0000000000000181
0000011eff203f19
00000121a9ab1ad9
0000012212e49ff9
0000012223bbabb9
00000123d5e08759
000001253bd0e479
000001255eff7ed9
000001271e166379
00000127890f6ff9
000001278c8ca219
00000127e9596af9
0000025024cb0d61
00000000036d6371
0000000000000181
000001282f415959
00000129362b3bf9
000001296cf0f999
00000129dd862739
0000012a3602fe39
0000012ad76ae719
0000012b91623519
0000012eb1c43139
0000012efbd56819
0000012f89137159
0000012f8c090f99
0000012faf89f419
0000012fc1f90019
0000013082510c59
00000262c535bf61
00000000036d6371
0000000000000181
00000133932ae439
00000133adbd7879
0000013406f18879
00000134c5af2499
00000134dfc3f8b9
00000134eaff9e99
00000135cab53d79
000001375f6b1f59
000001386d33fe99
0000013945961779
0000027565a07161
00000000036d6371
0000000000000181
0000013b2b17de99
0000013b55327ff9
0000013b92b76c99
0000013c8c11f419
0000013f2cfb2a79
0000013f3e54b519
0000014079ea6e19
00000140b839db39
00000140bb9a8a99
00000140f67e54d9
0000014168c0fe19
00000141b278cc79
000001421e361c99
00000142c4b22839
00000142ec8f6cd9
00000288060b2461
00000000036d6371
0000000000000181
00000144ed944e59
000001459148c059
00000145b6cee499
00000145de075b39
0000014735866679
0000014869be7e59
000001491894d8f9
00000149d7120799
0000014a3cc4a799
0000014a8c64a439
0000014b10e20ab9
0000014b85cc7099
0000029aa675d661
00000000036d6371
0000000000000181
0000014dec9f7859
0000014eacc74c39
0000014f4940bc79
00000151754aaad9
000001524a6b6939
000001529a5aad19
00000152ba396759
00000153a34383d9
000001543f6babf9
00000155f76392b9
0000015697aa1ad9
000002ad46e08861
00000000036d6371
0000000000000181
00000158c4ce2d19
00000158ca3bb119
00000158f0367879
00000158f0367a79
0000015ba4b8cf99
0000015bd927da79
0000015c25afa8f9
0000015c2be83ab9
0000015d6e226b79
0000015d75e8dd39
0000015d99e5e5f9
0000015e3135a639
0000015e49ea6899
0000015e884cda59
0000015ee1e61579
0000015facd838f9
0000015fccd62839
000002bfe74b3a61
00000000036d6371
0000000000000181
00000160af6d8e79
000001612254c259
000001619d129b39
00000161c4ca5599
000001621c2f7439
00000162dd353159
0000016558e865f9
000001655a359e59
00000165a6bd3079
00000166a3dc3759
00000166fb47b7f9
000001672206ec19
000002d287b5ed61
00000000036d6371
0000000000000181
0000016a89077ff9
0000016c804af9f9
0000016c8f129079
0000016cd6a0b659
0000016ce6032a39
0000016e5b831d79
0000016e63145899
0000016e92ad16d9
0000016f23f9d839
00000171905ddd99
000001719c7ba2d9
000002e528209f61
00000000036d6371
0000000000000181
00000172a956c639
0000017471516559
000001764f349999
00000176afd7a599
0000017892a84dd9
00000178d23424b9
000001790f297499
00000179f02ef5d9
0000017af9a06b59
0000017b4646caf9
0000017b497ecf79
000002f7c88b5161
00000000036d6371
0000000000000181
0000017c59f574b9
0000017d99433019
0000017f1f5d58b9
0000017f5cb5ef59
0000018142c5bc39
00000181e0d01a59
00000181f2320659
000001827ec673b9
0000030a68f60361
00000000036d6371
0000000000000181
0000018576be8ad9
00000186fd2eb6f9
000001878242edf9
00000187d2914d19
000001882b4ab279
0000018841c247d9
00000188e687c559
0000018b14fd79b9
0000018b8174fe59
0000018c71220b99
0000018cefb49379
0000018e057c7bb9
0000031d0960b561
00000000036d6371
0000000000000181
0000018e90b042f9
0000018ea59b37d9
000001901ef8aa99
000001905a1ab279
0000019121981d79
00000192c232c459
0000019343fcfa99
000001934f290479
000001937ab47679
000001943aea4639
0000019457c85a59
00000194f9c3fbf9
0000019512d21a59
000001957a7d1579
0000032fa9cb6761
00000000036d6371
0000000000000181
00000199ec32bb59
0000019a584dbcd9
0000019b50382d19
0000019bc932bbf9
0000019bf7d69539
0000019e9bee4ed9
0000019f41ec8859
000001a01d075d59
000001a107cd54f9
000003424a361a61
00000000036d6371
0000000000000181
000001a279f07419
000001a2eb7d4bb9
000001a313fb5179
000001a3a4a6e9b9
000001a44337faf9
000001a47c430379
000001a56aae04f9
000001a56d667a59
000001a5afca1539
000001a67d1bd699
000001a7cba0ffd9
000001a9f046b939
00000354eaa0cc61
00000000036d6371
0000000000000181
000001ab933d7019
000001abd0e63c99
000001ac57a8c9d9
000001ac90ebd9d9
000001ad84d61a99
000001aedb40f139
000001aff22cea19
000001b03da5e399
000001b07d478219
000001b19df50c39
000001b1dd702dd9
000001b1ee096619
000001b21bafe719
000003678b0b7e61
00000000036d6371
0000000000000181
000001b407ba63b9
000001b4a1a87ed9
000001b5be233fd9
000001b60aab00d9
000001b6886f5b39
000001b6cc26f239
000001b8d84ec0b9
000001b999d0dd39
000001ba32a4e7d9
000001bb2ee072f9
000001bb9bafcab9
0000037a2b763061
00000000036d6371
0000000000000181
000001bf1f637b59
000001bf63365ab9
000001bf67ebf9d9
000001c069ebd799
000001c08d1a9b59
000001c1425f4959
000001c257f17819
000001c3e1ff8379
000001c4053e44f9
000001c438595959
000001c5585ecd79
0000038ccbe0e261
00000000036d6371
0000000000000181
000001c77d7e14f9
000001c7a9e96459
000001c82c00cdd9
000001c8370ecbf9
000001c86a413b59
000001c9a569eff9
000001c9ca717cf9
000001cc23777cf9
000001cea7dcbbb9
000001cf59b4a559
0000039f6c4b9461
00000000036d6371
0000000000000181
000001d337bcd639
000001d3abf7eeb9
000001d4366b5159
000001d476fb6859
000001d6d7dc5bb9
000001d6ecbe37b9
000001d75f3b4d59
000001d7d50e2579
000003b20cb64761
00000000036d6371
0000000000000181
000001d92fceff79
000001d95f336ff9
000001da35a0d379
000001da64f754f9
000001dc9a5e2899
000001dce2cb1859
000001dede04e779
000001e050910b19
000001e103627939
000001e165a005b9
000001e1fceb6759
000001e203b9a579
000001e220e022b9
000001e2400c8339
000001e24f310f79
000003c4ad20f961
00000000036d6371
0000000000000181
000001e255b1d199
000001e288b32339
000001e2bae48e39
000001e2daf57819
000001e4165fa779
000001e47c3f7299
000001e5cbeb1e59
000001e6ab343939
000001e70d73acf9
000001e7e42f60b9
000001e805db5019
000001e8202596b9
000001e85572bf99
000001e8c2648559
000001e8ed9585b9
000001e93462eb99
000001e9a10a0ad9
000001e9b5734d39
000001e9ff49bf79
000001ea0d7842f9
000001ea54a1e9d9
000001eb3b421319
000003d74d8bab61
00000000036d6371
0000000000000181
000001ec68205bd9
000001ee72b978f9
000001ee733dfb19
000001efc5fe8199
000001efd24a7df9
000001f02aad5b39
000001f061aaa659
000001f149b175d9
000001f34dde5899
000001f3b6e78899
000001f415e7a859
000003e9edf65d61
00000000036d6371
0000000000000181
000001f5384cf299
000001f5e4cbca99
000001f70bbf1f99
000001f74c950519
000001f7641d5f59
000001f80ac1be79
000001f869bb7779
000001f87ac3ff59
000001fa000d5759
000001fa9a3363f9
000001fb3be1f219
000001fb6a870c39
000001fbaa759339
000001fc73d676d9
000001fca7457579
000001fd2a60ed79
000001fddf706759
000001fde6fb0239
000001fe0b63ee19
000003fc8e610f61
00000000036d6371
0000000000000181
000001fe84f795f9
000001fecc4e01b9
000001fefe5a1239
000001ff3ce6cbf9
000001ffade63f79
000002015164fbb9
000002018a3e8ed9
00000201e53116b9
00000201eced8ad9
00000201f3acb0d9
00000202ef52f139
0000020374d9ad79
000002048a509f99
000002054103bd19
00000205669f2639
00000205723db1b9
000002057ee71f99
0000020637080d79
00000206d49322f9
0000040f2ecbc261
00000000036d6371
0000000000000181
00000207d0159479
000002091917cdd9
000002091944b059
0000020a7b019759
0000020b793ba919
0000020e6e6c8e59
0000020eb4e51699
0000020fbaa04459
000002100304d839
00000421cf367461
00000000036d6371
0000000000000181
00000210fe971a99
000002120bf84b79
0000021222aa81b9
0000021387d534d9
000002163a2ed0f9
00000217953bd379
000002187c0bba19
000002196ea82779
000004346fa12661
00000000036d6371
0000000000000181
0000021af7fcca39
0000021b3f4e4eb9
0000021cc4d6f559
0000021d38effbd9
0000021dc8df1dd9
0000021fccb551b9
0000022094f5d5f9
000002209f5a8639
00000220bc9729f9
00000220c6df11d9
0000022139607a99
00000221e88e3a79
00000222181f0b19
000002221c422679
0000022297697459
00000223289f6639
00000447100bd861
00000000036d6371
0000000000000181
000002239866dbf9
0000022407bc59b9
000002240f6fc0d9
00000225403bd3d9
00000226417767f9
0000022642c51279
0000022673b6ab99
0000022677e817b9
00000226ca612eb9
00000229060998b9
0000022923603f99
0000022a0f7326d9
0000022acd234d19
0000022c31a08639
0000022c3317eb99
0000022cc5b68159
00000459b0768a61
00000000036d6371
0000000000000181
0000022d6738d8b9
0000022f570ecfd9
0000022f69f32cf9
0000022fda4f3a59
00000230ccc920d9
00000232504fb199
00000232ccec1079
00000232fd27ea59
000002330214b919
00000233590bc039
000002335958d879
000002335e0364b9
00000233858504f9
00000233f1ced139
000002343a34e779
000002360cec48d9
0000046c50e13d61
00000000036d6371
0000000000000181
000002363f584f59
000002367f02d059
00000236fe4494d9
000002386b6b2959
0000023a0707a199
0000023b4e005d19
0000023b68870999
0000023c2591b1d9
0000023d3ad2a099
0000023d83b61239
0000023dac6e5a59
0000023dc3f41819
0000023de50fd019
0000023e9627ad99
0000023eaecfd939
0000023f124fdcb9
0000047ef14bef61
00000000036d6371
0000000000000181
0000023f9aa8a2f9
0000024050e15299
00000241fad457f9
00000242d6ddfb19
0000024309398479
000002431b5d4a59
00000243b08ec7b9
00000243d4d40119
000002441d6a6d19
0000024460dc6ff9
00000244abba1559
00000245f9c50a19
000002467e47dd99
00000247aef36879
000002482681d739
000002482d8da719
0000049191b6a161
00000000036d6371
0000000000000181
00000249c9d8f499
0000024a29ec3a99
0000024b3e66e2f9
0000024f7cb016b9
0000024f92f96439
000002503536e879
00000250f33ca939
0000025105254179
000002511c815859
000004a432215361
00000000036d6371
0000000000000181
000002530bf54cd9
0000025325c67999
000002532e79b2b9
0000025395c68b79
0000025419cd3f59
00000254d040f259
00000254d85756d9
00000254d8c811b9
00000255055a9e19
0000025587c9a7d9
00000255890a7659
00000257976fe439
000002579ec11e99
0000025855465859
0000025898ac24f9
0000025937251159
0000025a71d9fb39
000004b6d28c0561
00000000036d6371
0000000000000181
0000025cf77db1d9
0000025dd9111639
0000025e247b16f9
0000025e7ec02ad9
0000026116852cd9
0000026436f82e39
000002645a340b19
000004c972f6b861
00000000036d6371
0000000000000181
0000026583c05259
00000265bbf6b3b9
00000266e81fa739
0000026755dfd759
0000026855efd139
0000026971e09739
0000026b5632b9f9
0000026b6760b899
0000026c14254679
0000026c8a911799
0000026d33422ad9
0000026d91c6c9d9
0000026df9a783b9
000004dc13616a61
00000000036d6371
0000000000000181
0000026e9bc3db79
0000027008c36999
000002709ae716d9
00000270a59fd599
000002714d5a8ad9
0000027151236159
0000027417fa7599
00000275f2ddd639
0000027620369239
000002762969a279
00000276d98c0619
000004eeb3cc1c61
00000000036d6371
0000000000000181
00000277e7ca6859
0000027c253ac859
0000027c79133ad9
0000027c846d6579
0000027ee94089b9
0000027f7fceca79
0000027f8af460d9
0000028011085839
000005015436ce61
00000000036d6371
0000000000000181
00000281d76cf019
0000028313b513f9
0000028368b84f19
00000283a39a2399
00000284055745d9
000002845df0db59
00000284738b8b59
000002856cd084b9
000002857afb8e39
000002875b6652f9
000002886d9351b9
00000288bc5b9019
00000288f945ee19
0000028964773af9
00000289ed0930d9
00000513f4a18061
00000000036d6371
0000000000000181
0000028a144afb39
0000028ae6714ed9
0000028be9f9eb59
0000028cfbed9fd9
0000028d7c4a23f9
0000028dde3ede79
0000028e0432d0b9
0000028e78ac25f9
0000028e7f04d0b9
0000028e9226e4f9
0000028eb46cf7f9
0000028fa6f083d9
000002908dc48339
00000291cf09dfd9
0000029270b9ea39
00000293081d6059
00000526950c3361
00000000036d6371
0000000000000181
00000293a519f479
0000029434444279
000002950601db19
000002963eb99f59
0000029688f5ca39
00000296d3d18679
000002971c7a0eb9
00000298a9c184f9
00000299a4423739
00000299ef98fd99
0000029b31929a99
0000029c28f47199
000005393576e561
00000000036d6371
0000000000000181
0000029d4a636519
0000029e7fecc6b9
000002a010187179
000002a235c5f8b9
000002a3cfdd77d9
000002a4312f21d9
000002a447415eb9
0000054bd5e19761
00000000036d6371
0000000000000181
000002a622230299
000002a6a42905b9
000002a78a487ab9
000002a79d1fbed9
000002a96f4d8259
000002a99049add9
000002aa16e58af9
000002aa93f72619
000002ac03fdfc79
000002ac09aad939
000002aedb92e9b9
0000055e764c4961
00000000036d6371
0000000000000181
000002afb7dac2d9
000002afbfffdd99
000002b067c36a79
000002b0a28314b9
000002b0a93171d9
000002b0f4a6d8f9
000002b1a5a96ab9
000002b2b9fbe8b9
000002b2f73e7279
000002b323022499
000002b41b458679
000002b44eb01859
000002b49ad08139
000002b4ca44fad9
000002b554531219
000002b56e7ac5b9
000002b79332adb9
000002b8731a4ab9
0000057116b6fc61
00000000036d6371
0000000000000181
000002b95e3f6299
000002ba5de2fd39
000002baec47e579
000002bbc2e6ded9
000002bc2a2ef459
000002bd7fb4dcb9
000002bda65f10f9
000002be349f7f59
000002be78b27299
000002bf97f35c39
000002c1a3661299
00000583b721ae61
00000000036d6371
0000000000000181
000002c20b822019
000002c332acfc59
000002c4106f4459
000002c41269aa39
000002c495eb4439
000002c4a0e52f39
000002c88b96b519
000002c9664d0ed9
000002cacd152d59
00000596578c6061
00000000036d6371
0000000000000181
000002cbfcd563b9
000002cd896d7019
000002cdad865b79
000002cec632fff9
000002cf22886559
000002cf33968b99
000002d18b2bee39
000002d1a3468919
000002d1e21e5059
000002d25f882079
000002d2e4d87479
000002d2f76586b9
000002d35cb40459
000005a8f7f71261
00000000036d6371
0000000000000181
000002d4ec7a7699
000002d50f6be499
000002d575ac4439
000002d597180e39
000002d597ebea79
000002d5cb44ad79
000002d7177fb2f9
000002d72c25e139
000002d8391b8d99
000002d8fae6e939
000002d95b1aa319
000002d95cf2f499
000002db0ccdc599
000002db3064f439
000002dd101ad7f9
000005bb9861c461
00000000036d6371
0000000000000181
000002ddd8e0a0b9
000002de25b4df79
000002de46869819
000002de70dc4819
000002de942d1a99
000002df283136b9
000002e38c8d1919
000002e3a3058d99
000002e3e74d2a79
000002e6107385f9
000002e6439e9719
000002e673810ff9
000002e673b93ff9
000002e6c3760bf9
000005ce38cc7661
00000000036d6371
0000000000000181
000002e766edc839
000002e7930a54b9
000002e840fed4f9
000002e89a992299
000002e8d78e9379
000002e9238b0c39
000002e97a6763b9
000002ea68364e59
000002eaa3bbf079
000002eb105f12d9
000002eb304a5c39
000002ebc00f7a59
000002ebeae91359
000002edabf5faf9
000002ee6e200a79
000002f01db86979
000005e0d9372961
00000000036d6371
0000000000000181
000002f080480c39
000002f1b81c6719
000002f28c28f3b9
000002f3242cfa99
000002f337caa1b9
000002f761ca81b9
000002f7790b6cf9
000002f78843a299
000002f7d435e0d9
000002f82191d5b9
000002f87d910ab9
000005f379a1db61
00000000036d6371
0000000000000181
000002f9fdbf46b9
000002fa76d021f9
000002faaf877319
000002fd2f4fb859
000002fd32b47879
000002fddf160279
000002fe11c692b9
000002ff409e9699
000002ff6f6e33d9
000002ff82e9d999
000002ff8dc07739
000003000c559eb9
00000300c473b479
00000300e1b8efd9
00000301475fad19
0000030302e13af9
000006061a0c8d61
00000000036d6371
0000000000000181
000003031cdb39f9
0000030370fc5599
000003052239e759
00000305565760f9
0000030638c71bf9
00000306519bb759
00000307a42bd199
00000307e1d44819
00000308f310b959
000003092de53739
0000030c130d94d9
00000618ba773f61
00000000036d6371
0000000000000181
0000030cbe935f79
0000030e1fd686f9
0000030e4facf759
0000030e604d7599
0000030e67ab98b9
0000030f12ede1d9
0000030f8d7cc839
0000031074ca9af9
000003118a26d8b9
00000312bca196d9
00000313ca465d59
00000313d5e74d99
00000314a020d619
0000031552db5419
000003158d203499
0000062b5ae1f161
00000000036d6371
0000000000000181
0000031662bd6c99
00000316b448d1d9
000003172c872f39
00000317820ea999
00000317f3fc2779
000003186d8f33d9
00000318bd415af9
000003190bcc04b9
000003193d7faf59
000003193e618f19
000003197f144539
00000319b4d77799
0000031abd6e86d9
0000031b07491e59
0000031b0bb413d9
0000031c6abc52d9
0000031cb1d3d639
0000063dfb4ca461
00000000036d6371
0000000000000181
0000031f2683b399
0000031f377f15b9
00000321e77d2799
0000032245cfc919
0000032283bd0819
00000322f58ce579
00000323a4abdbd9
000003246f419bd9
00000324768665d9
000003249e346799
00000325252fb019
00000325cfa01a59
00000325cfa01c59
00000326a8ab28d9
0000032722dfc2f9
000003273cfa83d9
000003281967b019
000006509bb75661
00000000036d6371
0000000000000181
000003296d42a659
0000032a3be98b19
0000032c18b59d99
0000032cb1205559
0000032d521aec39
0000032d546b1b19
0000032e8fbaf519
0000032f3f33e039
0000032f7f0effd9
00000330432d8179
000003305d73f0b9
000006633c220861
00000000036d6371
0000000000000181
000003325afa4059
0000033324667e59
000003341bcad2d9
00000336d7ec80d9
00000336dfc71f39
0000033798132cf9
00000337d4be05f9
00000337f1cf36d9
0000033904782bd9
0000033955114c99
0000033a738b9039
0000033a9bd16279
0000033ae7b96d39
00000675dc8cba61
00000000036d6371
0000000000000181
0000033b25a0dcd9
0000033c2b340d39
0000033d614d25b9
0000033edaf90f59
0000033fe16fbc59
00000340313344f9
00000340846a6ef9
00000342fc852599
000003441a20d2f9
000006887cf76c61
00000000036d6371
0000000000000181
00000344429f1a79
000003445e523f39
00000344626de419
000003450a894fb9
00000346fd415399
0000034728431859
000003479d844db9
000003481f537059
00000348b3051a19
0000034944495bb9
00000349c76eec39
00000349ce52b119
00000349d51216f9
00000349e7da2519
0000034a2d480299
0000034a7701dc79
0000034ac38d5979
0000034c32ea68d9
0000034c6d6f9159
0000034ceee337d9
0000069b1d621e61
00000000036d6371
0000000000000181
0000034e8b3e6219
0000034f3faf8ef9
0000034f564aae59
0000034f8469a219
0000035006fc3af9
00000352729d61b9
00000352a18e2bd9
0000035428eb6839
00000354b5f596d9
000003558bbafd79
0000035695dc8239
000006adbdccd161
00000000036d6371
0000000000000181
00000358a997b1f9
00000359e325a099
0000035abb2d3579
0000035b31ad9df9
0000035b5ad175b9
0000035bc58e0539
0000035bd0a41eb9
0000035bf979c3f9
0000035ee0bb8bb9
0000035fff273479
000006c05e378361
00000000036d6371
0000000000000181
00000360ad012d79
000003616ed81b99
000003616ed83179
00000362c40a6839
0000036325a0a019
00000364a49d96b9
00000364daa8d5f9
00000364f392f799
000003662553e379
000003668c67c639
00000366c4a64039
0000036742d57e39
000003674cfeb519
00000367d64fc899
00000368639127d9
000003689b5a89f9
00000369444e1539
000003697870c199
000006d2fea23561
00000000036d6371
0000000000000181
00000369f9e57b99
0000036a21c4b2b9
0000036adc24d619
0000036b97342e39
0000036c86730d79
0000036d514f1279
0000036e21c2ad19
0000036e2e94f0f9
0000036e8aeda1b9
0000036f496c9719
00000370b50985f9
00000370c4123c19
00000371baac55d9
000006e59f0ce761
00000000036d6371
0000000000000181
00000373fede5f59
0000037530870599
0000037553765239
0000037579b10c39
00000376b5382379
00000376bfd58359
00000377184f1b99
0000037865dad039
000003795ed55a79
00000379bac5d099
00000379e6f86599
00000379f45acb99
0000037b370fbfb9
000006f83f779961
00000000036d6371
0000000000000181
0000037c5dcfcdd9
0000037dd6da8919
0000037ef8155d19
000003809af364d9
000003812a384339
000003824cea8939
000003832c7bda39
0000038462ac9c19
000003856dc36979
0000070adfe24b61
00000000036d6371
0000000000000181
00000386cf4efcf9
00000386ff35fa19
000003871ca85d19
00000387c3a5a439
000003888733bf99
0000038a36294e19
0000038ba0d26e59
0000038ca9841379
0000038d05037f99
0000071d804cfd61
00000000036d6371
0000000000000181
0000038f2f30c5d9
0000038f64a9dc79
0000039055f45839
00000390970989b9
00000391cb215c99
00000394a0338a99
0000039582f0c6b9
00000395dfafec59
000003965de574d9
00000396a7513439
000003979484a659
0000073020b7af61
00000000036d6371
0000000000000181
000003989f5aa8d9
00000398cd735e19
000003993f82eab9
0000039aec341799
0000039b21d86c59
0000039d044924f9
0000039e432eb019
000003a014766bb9
000003a03df8d1b9
000003a040530819
000003a09b5e28b9
00000742c1226161
00000000036d6371
0000000000000181
000003a22f4fa679
000003a30ad00379
000003a39276a8d9
000003a41d9253f9
000003a652a365b9
000003a6a3933c99
000003a77a975979
000003a7e2ba34b9
000003a858649819
000003a889d87fb9
000003a93ffcdff9
000003a942099819
000003a9a9c780d9
000003aa5c07a6d9
00000755618d1361
00000000036d6371
0000000000000181
000003ab580fa039
000003acd1bda4b9
000003aced714c19
000003adf71004f9
000003ae33bb6b39
000003aebd5c5d59
000003b05eec4d79
000003b098059b39
000003b165ae0899
000003b19309cd79
000003b34ac54b19
000003b3c18d64f9
0000076801f7c561
00000000036d6371
0000000000000181
000003b501a15f39
000003b5f9ce3959
000003b6047753d9
000003b6baedc179
000003b7a26b97b9
000003b7c1dde679
000003b814cf5659
000003b92b126259
000003b984e3b419
000003ba74e19039
000003bab114b699
000003bad259e5b9
0000077aa2627761
00000000036d6371
0000000000000181
000003bdb9a38fd9
000003bf229e4b59
000003bf3349c9f9
000003bf3349e0f9
000003bf7c7d07f9
000003bfe180b859
000003c3bbcb11f9
000003c451bf77b9
000003c49db02579
000003c4a36ad5b9
000003c4e46fbd99
000003c521a94f39
000003c5377448b9
000003c5d7455d39
000003c6793d9319
0000078d42cd2961
00000000036d6371
0000000000000181
000003c7c3318499
000003c83959b839
000003ca762f0959
000003cc792eb9d9
000003cec1714799
000003cf2aa5c6b9
0000079fe337db61
00000000036d6371
0000000000000181
000003cff5b93c59
000003d069115eb9
000003d15ec625d9
000003d1c13d1019
000003d25837e439
000003d2e8eaded9
000003d382d12939
000003d3b50e45b9
000003d4ed5740d9
000003d56374a6b9
000003d59a1c75b9
000003d674f8db39
000003d6878b1c59
000003d6bc6e47d9
000003d6c563d119
000003d7520d0359
000003d76d99a9d9
000007b283a28d61
00000000036d6371
0000000000000181
000003d9c88f02b9
000003da5ee78059
000003db4b0c21d9
000003dc9238c919
000003dd9c68d499
000003de747b1b39
000003de8a201ef9
000003decd6de679
000003dee58a9a99
000003def4b6ad99
000003e0b2fcc359
000003e0c80c4979
000003e0f0b8e8b9
000003e1c115db19
000007c5240d3f61
00000000036d6371
0000000000000181
000003e3b377f019
000003e3e93e0a99
000003e40453f859
000003e4331dacd9
000003e4414e2879
000003e4d2fd7c19
000003e525aad2f9
000003e59f582519
000003e5e7fa1019
000003e617aab859
000003e61f46c779
000003e684191c59
000003e6935b0579
000003e6bc295259
000003e6e643bff9
000003e6f7f0c099
000003e7f814f4f9
000003e81b5810d9
000003e884a25699
000003e8d56a78f9
000003e97b224519
000003e9b988a4d9
000003eb50646799
000007d7c477f161
00000000036d6371
0000000000000181
000003ec1c8b1299
000003eceb624ab9
000003eeb87ebff9
000003efa6729a19
000003eff074ed99
000003f0343676b9
000003f0b36364d9
000003f192fe4779
000003f27e8d91b9
000003f2ab53c2f9
000003f2ba4b53b9
000003f3757d59b9
000003f3cac05359
000003f4a64a5b99
000003f50398b259
000007ea64e2a361
00000000036d6371
0000000000000181
000003f591a2c3d9
000003f5f2dae9d9
000003f61b495b99
000003f68d8b4ad9
000003f6bc19c8b9
000003f7046ca439
000003f8f4151719
000003f91b8a78b9
000003fa3d5eb139
000003fa489b9c79
000003facf6dcdf9
000003fbf3b1e859
000003fc75bc3239
000003fc81d3e319
000003fd2f6408d9
000003fdf08e7339
000003fe57707c79
000007fd054d5561
00000000036d6371
0000000000000181
000003ff4d5db439
000003ffb61f97f9
000004005de5bcf9
00000403aa91ef59
00000403c34c4c19
000004053c29bb99
0000040582112759
00000405c26b2d99
000004060917ce59
00000406ba966af9
000004075cbe9d59
0000080fa5b80761
00000000036d6371
0000000000000181
000004081b35b099
00000408f5068259
0000040aba3153f9
0000040c53f4a3f9
0000040e0cfb5e19
0000040eb3c152d9
0000040f03eafeb9
0000040f96d544b9
0000040fcec5b479
00000410323d90d9
000004107721b6d9
000008224622b961
00000000036d6371
0000000000000181
000004113e986619
00000412264c2279
000004123cfddb19
0000041306f07af9
0000041421acfad9
0000041453547559
00000414e323acb9
0000041574658199
0000041594755d99
00000417a10aa719
00000417ac2fb659
00000418fe72aa79
00000834e68d6b61
00000000036d6371
0000000000000181
0000041ac1bc36f9
0000041af5cc3e59
0000041d01fb3eb9
0000041d49349cd9
0000041d7eeee199
0000041dd16f8179
0000041ed7ff2859
0000041f33fa2d79
0000041fad23cf19
000004203b149e79
000004223629b3d9
00000422c1b60ef9
0000084786f81d61
00000000036d6371
0000000000000181
00000423db4c96f9
000004240312d4d9
00000424a34fab39
00000424f27503b9
000004250fb37e99
000004257b7a3a39
00000425dda715b9
00000425f159d959
000004271132f719
00000429a4969c39
0000042a8e7dd959
0000042c3292e879
0000085a2762cf61
00000000036d6371
0000000000000181
0000042ed84bd419
0000042ed936a6f9
0000042edf81e619
0000042ee8522479
0000042f3ed69339
0000042fcd03cff9
00000430fdac6ab9
00000431bf1f69d9
000004320b689279
000004328a8ecc79
00000433392f51f9
0000043348f64b59
0000043422043d99
0000043472bc7839
00000434c00af839
00000434e22c8a39
000004350c7ae439
000004353893ddd9
0000086cc7cd8161
00000000036d6371
0000000000000181
0000043705a5c419
00000437a22cf819
00000437ebf2abb9
000004380d5a7679
00000438d82da8b9
00000439ecb0bc59
00000439fd0620f9
0000043a7372fcd9
0000043ab8dbceb9
0000043b3791c139
0000043ccd890079
0000043d9f99bb59
0000043e17f66a19
0000043e24549959
0000043ee40adb59
0000043f68e0df39
0000043f971ad8d9
0000087f68383361
00000000036d6371
0000000000000181
0000043fed915fb9
00000440945dad39
0000044111c10039
00000441949da3d9
000004426a3ff019
000004431bc73d59
00000443cd7c3ad9
00000443e4245e39
00000443fc2c63b9
00000444bd400df9
000004452a305299
000004456ccac459
00000445a4d87c59
000004460780fdd9
0000044616f938f9
00000447fe44b119
0000044804816af9
0000089208a2e461
00000000036d6371
0000000000000181
00000449149b81b9
000004497d29b839
0000044983af1d39
0000044b1d06e1d9
0000044cc3c59e99
0000044db5025fb9
0000044e0f6a4739
0000044e6417d439
0000044f3e0adff9
0000045013f72999
0000045031359fb9
000008a4a90d9661
00000000036d6371
0000000000000181
0000045331c261d9
000004541b88f399
00000455153ab6b9
0000045664304699
00000456a16c2459
00000456fa3dabd9
00000457a9bfd719
000004598d649cd9
0000045a6da99ab9
0000045aa54951d9
0000045b0b7cf659
0000045b1e81cf19
0000045b783d74f9
000008b749784861
00000000036d6371
0000000000000181
0000045e43be4999
0000045e5a2831f9
000004607e45cfd9
0000046093918cd9
00000461322e6399
000008c3336c7861
00000000036d6371
0000000000000181
