[MCS8 A] 97 FW 3.104 SV 1.257 
range=1024
periods=2
sweepmode=27e20d0
fstchan=0
holdafter=0
streamstatus=3
calreg0=0
calreg1=0
calreg2=0
calreg3=0
swpreset=8000        
prena=1
syncout=0
cycles=18
sequences=1
tagbits=16
vdac0=92c
vdac1=807
vdac2=8c8
vdac3=8c8
vdac4=8c8
vdac5=8c8
vdac6=8c8
vdac7=8c8
timepreset=150.000     
digio=0
digval=0
autoinc=0 
savedata=2 
mpafmt=asc
sephead=0 
fmt=asc
smoothpts=5 
[CHN1]
REPORT-FILE from 06/23/2026 15:23:23.766  written 06/23/2026 15:23:23
cmline0=06/23/2026 15:23:23.766 
cmline1=A1
range=1024
active=1
bitshift=4
cftfak=2580100
evpreset=10          
roimin=0
roimax=1000
caloff=0.800000
calfact=12.800000
calfact2=0
calfact3=0
calunit=nsec
caluse=1 
[CHN2]
REPORT-FILE from  written 06/23/2026 15:23:23
cmline1=A2
range=1024
active=0
bitshift=4
cftfak=2580100
evpreset=10          
roimin=0
roimax=1000
caloff=0.800000
calfact=12.800000
calfact2=0
calfact3=0
calunit=nsec
caluse=1 
[CHN3]
REPORT-FILE from  written 06/23/2026 15:23:23
cmline1=A3
range=1024
active=0
bitshift=4
cftfak=2580100
evpreset=10          
roimin=0
roimax=1000
caloff=0.800000
calfact=12.800000
calfact2=0
calfact3=0
calunit=nsec
caluse=1 
[CHN4]
REPORT-FILE from  written 06/23/2026 15:23:23
cmline1=A4
range=1024
active=0
bitshift=4
cftfak=2580100
evpreset=10          
roimin=0
roimax=1000
caloff=0.800000
calfact=12.800000
calfact2=0
calfact3=0
calunit=nsec
caluse=1 
[CHN5]
REPORT-FILE from  written 06/23/2026 15:23:23
cmline1=A5
range=1024
active=0
bitshift=4
cftfak=2580100
evpreset=10          
roimin=0
roimax=1000
caloff=0.800000
calfact=12.800000
calfact2=0
calfact3=0
calunit=nsec
caluse=1 
[CHN6]
REPORT-FILE from  written 06/23/2026 15:23:23
cmline1=A6
range=1024
active=0
bitshift=4
cftfak=2580100
evpreset=10          
roimin=0
roimax=1000
caloff=0.800000
calfact=12.800000
calfact2=0
calfact3=0
calunit=nsec
caluse=1 
[CHN7]
REPORT-FILE from  written 06/23/2026 15:23:23
cmline1=A7
range=1024
active=0
bitshift=4
cftfak=2580100
evpreset=0           
roimin=0
roimax=1000
caloff=0.800000
calfact=12.800000
calfact2=0
calfact3=0
calunit=nsec
caluse=1 
[CHN8]
REPORT-FILE from  written 06/23/2026 15:23:23
cmline1=A8
range=1024
active=0
bitshift=4
cftfak=2580100
evpreset=0           
roimin=0
roimax=1000
caloff=0.800000
calfact=12.800000
calfact2=0
calfact3=0
calunit=nsec
caluse=1 
;MCS8 #97 Sversion=1.257 Fversion=3.68
time_patch=1
;datalength=8 bytes
;bit0..3: channel# 1..8 ( 4 bit)
;bit4: edge 0=up / 1=dn ( 1 bit)
;bit5 ..57: timedata    (53 bit), max sweep length 2001.6 h
;bit58..62: tag0..tag4  ( 5 bit)
;bit63:     data_lost   ( 1 bit)
[DATA]
0000000000000016
0000000039b38bf9
00000002d199c6f9
00000003f756bd59
0000000475335879
000000052be49eb9
00000005db019779
00000007e986fe79
0000000822467399
00000009b6691e99
0000000b4f5c4439
0000000b819436b9
0000000b9ae38919
0000000caf97bad9
0000000d60f69639
000000103228fb19
00000021577d8c61
0000000002c01271
0000000000000181
000000117eca3019
0000001218b34dd9
00000012f0342a39
00000013eb35f9f9
00000014a87d2f19
00000017162ffc39
00000033f7e8e161
0000000002c01271
0000000000000181
0000001aa2de2a59
0000001ce6f6b6d9
0000001e8f084d19
0000001ef7c08f99
00000020ad34b679
00000020aee6f019
0000004698543661
0000000002c01271
0000000000000181
0000002456b4f299
00000025acd40339
000000265c28c2d9
00000026ccf8e7f9
00000027051b7bd9
0000002a7ce236f9
0000002add9aef39
0000005938bf8b61
0000000002c01271
0000000000000181
0000002d653e3eb9
0000002ef3c7c9f9
0000003090125b99
00000031436223f9
000000315a31b779
0000003201cd9b19
00000034c33b1559
0000006bd92ae061
0000000002c01271
0000000000000181
00000039eead9299
0000003b42fdb879
0000003b86c884d9
0000003cad3cc1d9
0000003df3cc95f9
0000003e3bb96339
0000007e79963561
0000000002c01271
0000000000000181
000000400b97fbf9
00000042ebdc6c59
0000004437080e39
0000004462833b59
00000045b6796679
0000004677c9e619
0000004804898ef9
000000487e26af59
000000911a018a61
0000000002c01271
0000000000000181
00000048ed9432f9
0000004a711fc1f9
0000004a845e4ed9
0000004b7f115059
0000004ba346d1f9
0000004c8f3cc999
0000004df7ae0359
0000004f11b42299
00000050a2b9ecd9
00000051d1301af9
000000a3ba6cdf61
0000000002c01271
0000000000000181
0000005271308d59
0000005482543379
00000056cad01e99
00000056ec7c0179
000000573a5b9579
00000058f74abdf9
000000b65ad83461
0000000002c01271
0000000000000181
0000005d32924cb9
0000005f0d363d39
0000005f543f8b39
00000062f15a0599
000000c8fb438961
0000000002c01271
0000000000000181
00000066e251adb9
0000006a2a5c1bf9
0000006cce225259
0000006ceb83ef19
000000db9baede61
0000000002c01271
0000000000000181
0000006e8d5c96d9
0000006f7b2f89d9
00000070bdbf35b9
000000755505c699
000000758a810bb9
00000075ad4ae259
00000075e8dc1919
00000076495a86b9
000000ee3c1a3461
0000000002c01271
0000000000000181
00000078dfbb40d9
0000007a2165c9f9
0000007b6574a839
0000007bb2261a59
00000100dc858961
0000000002c01271
0000000000000181
0000008448bd9899
00000085a93ff539
0000008950c9baf9
000001137cf0de61
0000000002c01271
0000000000000181
0000008a22a28459
0000008ae7be6f99
0000008d72399479
0000008ee970bed9
0000008f31ad4359
0000009079ecfc39
00000091d8be1699
000000926a6d8719
00000092df69c839
000001261d5c3361
0000000002c01271
0000000000000181
00000094e691f5f9
00000094e9612d19
0000009632d900b9
0000009b351f6f39
0000009b4c88b0f9
00000138bdc78961
0000000002c01271
0000000000000181
0000009f05456899
000000a122abcd59
000000a1f431e6f9
000000a4fd69fbd9
000000a566154059
0000014b5e32de61
0000000002c01271
0000000000000181
000000a5bb5b7139
000000a7444d55d9
0000015dfe9e3361
0000000002c01271
0000000000000181
000000b32e764e19
000000b5126ccef9
000000b71f287c59
000000b80a4b02f9
000001709f098861
0000000002c01271
0000000000000181
000000b92e03a099
000000bb5932e359
000000bfaf08aef9
000001833f74de61
0000000002c01271
0000000000000181
000000c365bc2dd9
000000c529176a19
000000c6f77d23b9
000000c728b0f979
000000c8535c4679
000000c9653d84d9
000000ca45156259
000000ca8b16a859
00000195dfe03361
0000000002c01271
0000000000000181
000000cd5aaf3119
000000d3703b4699
000000d41bad85d9
000001a8804b8861
0000000002c01271
0000000000000181
000000d5b5f07239
000000d651cf2239
000000d6d270ca99
000000d8210ccf99
000000d9c0acadd9
000000dc93fa17d9
000000dcf22c8919
000001bb20b6dd61
0000000002c01271
0000000000000181
000000dd90fdb5d9
000000de67c11859
000000df29cc3dd9
000000e475aeb239
000000e54e998bb9
000000e64538c9f9
000001cdc1223361
0000000002c01271
0000000000000181
000000e71cb00e99
000000e77bb63ff9
000000e888f6fc99
000000ea70148879
000000ebaf1b7119
000000ece1d47b99
000000f018bbc2b9
000001e0618d8861
0000000002c01271
0000000000000181
000000f43279b779
000000f5f8c69459
000000f777306059
000000f91c13e979
000000f91fd67a59
000001f301f8dd61
0000000002c01271
0000000000000181
000000fabf2b1e39
000000fb2413f819
000000fc663a31b9
000000fc6caf20b9
000000fe8becd759
000000fee2fc69d9
00000100038876d9
000001013e664379
00000102b66eb399
00000205a2643261
0000000002c01271
0000000000000181
00000103e22dab59
00000104473b37f9
000001046a772cd9
000001094eb9ff99
000001098c7b2879
0000010a4490ae99
0000021842cf8861
0000000002c01271
0000000000000181
0000010c31f12bd9
0000010eb9302a99
0000010fb49099b9
000001103ccd7e59
0000022ae33add61
0000000002c01271
0000000000000181
000001170ae36339
0000011b114562b9
0000011c6d397c39
0000011cf53e06b9
0000011d5cba4cb9
0000023d83a63261
0000000002c01271
0000000000000181
00000120ff6ba819
00000121d05575b9
0000025024118861
0000000002c01271
0000000000000181
000001292698a319
00000129f01d55b9
0000012c95bab7d9
0000012d37b689d9
0000012eb1917939
00000262c47cdd61
0000000002c01271
0000000000000181
0000013282864439
0000013293882479
00000136f02444d9
00000138f0d56479
00000139e3eead39
0000013a376e7c39
0000027564e83261
0000000002c01271
0000000000000181
0000013c19f94df9
00000142a09bf219
00000143b56dd659
0000028805538861
0000000002c01271
0000000000000181
0000014513af2b19
0000029aa5bedd61
0000000002c01271
0000000000000181
0000014e95b025d9
0000014ec144bcd9
0000014ee69dbfd9
0000015030fcdcd9
0000015163550bf9
000001520273bef9
000001525fa74119
00000154c84abaf9
000002ad462a3261
0000000002c01271
0000000000000181
00000156a9343479
000001586b804a19
000001587157f3b9
00000159326a9059
0000015b4d5018d9
0000015da3361af9
0000015dd4e4aed9
0000015f57981739
0000015f762a4f39
000002bfe6958761
0000000002c01271
0000000000000181
000001602cad2cf9
000001647a506c99
00000168f527a1f9
000002d28700dd61
0000000002c01271
0000000000000181
0000016b7d2321f9
0000016e14935ef9
0000016f51e5c499
000001724c43c499
000002e5276c3261
0000000002c01271
0000000000000181
0000017346c3a819
0000017525b4fd99
0000017786cc7ff9
00000177c0db0c39
0000017ac31cc759
0000017adff7fb39
0000017b96ad5539
000002f7c7d78761
0000000002c01271
0000000000000181
0000017c11606059
0000017d66f657b9
0000017f660b2af9
0000018052fa90b9
000001816a4dd359
0000018329d62b59
00000184a52ba119
0000030a6842dd61
0000000002c01271
0000000000000181
00000186288e5ff9
0000018b954d3d79
0000018ca1898b99
0000018cb1a95e19
0000018cb44ed399
0000018d30e1ec79
0000018d6f63cd39
0000018d96b4f899
0000018dad830739
0000031d08ae3261
0000000002c01271
0000000000000181
0000018f25764dd9
0000018f2b9667f9
0000019190ebc079
00000193562120b9
0000019565308879
0000019580e18999
000001975eec1a99
0000032fa9198761
0000000002c01271
0000000000000181
0000019ba1f15219
0000019bb0b828f9
0000019cb1019e59
0000019d7b7c6f39
0000019fd7df9399
000003424984dc61
0000000002c01271
0000000000000181
000001a1b551ac59
000001a54b668679
000001a6c7838d59
000001a877fa90d9
000001aa11232579
00000354e9f03261
0000000002c01271
0000000000000181
000001aaa82f0b19
000001ab589ec139
000001abfdb17839
000001ac4a5dd999
000001af87400359
000001aff57af619
000001b0578048d9
000001b0dede1619
000001b1c08acfb9
000003678a5b8761
0000000002c01271
0000000000000181
000001b498683979
000001b68b44de99
000001b6a33c21d9
000001b9fd3463b9
000001ba32a42ef9
000001bb31297f79
0000037a2ac6dc61
0000000002c01271
0000000000000181
000001bd65d7cf39
000001bfdbbfa459
000001c03c20f6b9
000001c1479743d9
000001c23dd572d9
000001c65f3dfb59
0000038ccb323261
0000000002c01271
0000000000000181
000001c7bbecead9
000001c7ce51aa79
000001c81d959719
000001c89a596919
000001ca03c5d0b9
000001ce63d7e179
000001ce7c99c939
000001cf33a27d59
0000039f6b9d8761
0000000002c01271
0000000000000181
000001cfc9e0e319
000001d22bf10979
000001d25b651bd9
000001d43220a1d9
000001d6c0bc1dd9
000003b20c08dc61
0000000002c01271
0000000000000181
000001d961d2e639
000001da3127f1d9
000001da664e5939
000001dba3a6b659
000001de4bd1ca59
000001decd275079
000001df3aa77819
000001e089bcfa19
000001e1efd48279
000003c4ac743161
0000000002c01271
0000000000000181
000001e46a2a4b39
000001e4977f7939
000001e7345f3579
000001e7d0740299
000001e8107d5d19
000001e91f38ef99
000001eb66dcd799
000003d74cdf8661
0000000002c01271
0000000000000181
000001ec8cd72df9
000001f283c92a99
000003e9ed4adc61
0000000002c01271
0000000000000181
000001f55ccc0619
000001f7f529b0f9
000001f96d86b7d9
000001fbcfa5b9f9
000001fc65855c99
000001fc888e2539
000001fdfe0e1bd9
000001fe38ad4ad9
000003fc8db63161
0000000002c01271
0000000000000181
000001fec6747339
000001fed020b4b9
0000020191ad7719
000002044477e199
000002064c71b499
0000040f2e218661
0000000002c01271
0000000000000181
0000020bbda63459
0000020e7861e5d9
0000020ef45ad719
0000020f2c02baf9
00000210ccf1ff79
00000421ce8cdb61
0000000002c01271
0000000000000181
000002119e626239
000002136d965099
000002188be5ba59
0000021a2d90bc99
000004346ef83061
0000000002c01271
0000000000000181
00000221ddce8e19
0000022206f3f539
000004470f638561
0000000002c01271
0000000000000181
00000225ada60f79
00000225c6672bd9
000002261d36b9f9
000002274be3cd79
000002287b911879
00000228a9bb6019
000002294d97b579
00000229a4ed0479
0000022c2b1d0ad9
00000459afceda61
0000000002c01271
0000000000000181
000002312a714099
000002334c873d19
00000235d9b18159
00000235ff919c39
0000046c503a3061
0000000002c01271
0000000000000181
00000237e25d98d9
00000238e049bf79
0000023b00c2e919
0000023e794e4479
0000047ef0a58561
0000000002c01271
0000000000000181
00000241c3dfe499
00000243203cf299
0000024408343919
0000024663675fb9
00000247076a9c79
000002482c9125f9
0000024866a867f9
000004919110da61
0000000002c01271
0000000000000181
000002490a4c78f9
0000024bceaf1cb9
0000024d464221d9
0000024f5cb8f079
0000024fd193cef9
000004a4317c2f61
0000000002c01271
0000000000000181
00000256641cba99
000002570faa8899
0000025777360ff9
00000257bfe53259
00000259510e9059
00000259e0bd4259
0000025a9c395cf9
0000025aa00151d9
000004b6d1e78461
0000000002c01271
0000000000000181
0000025cc14b4bb9
0000025cf703b5f9
0000025e0f201299
0000025e90bfd1f9
0000026497b44059
000004c97252da61
0000000002c01271
0000000000000181
00000265999ad939
00000265edfb6759
0000026a5152f4f9
0000026cfae0c9b9
0000026db2c87d19
0000026dd812bbf9
000004dc12be2f61
0000000002c01271
0000000000000181
000002715af145f9
00000273e43a8479
00000274a71ba479
0000027663179459
000004eeb3298461
0000000002c01271
0000000000000181
000002796baaba99
0000027a33e42ff9
0000027bb1fc13f9
0000027bc5df60f9
0000027e8737a479
0000027f66e69019
000005015394d961
0000000002c01271
0000000000000181
00000281d47d9319
0000028274b0e239
00000285e8614e59
00000513f4002f61
0000000002c01271
0000000000000181
0000028d5064e419
0000028d764b5ef9
000002906bacaab9
0000029345784119
00000526946b8461
0000000002c01271
0000000000000181
00000294ffc65259
00000299168b90b9
000002994af40b19
0000029a4ed9b839
0000053934d6d961
0000000002c01271
0000000000000181
0000029e6f90fc19
0000029e91eca7b9
0000029eee948099
000002a0e54bbf39
000002a0e65b0719
000002a0e65b19f9
000002a13ccae7d9
000002a1e5c5b2b9
000002a4ba492879
000002a4ca4a70f9
000002a5843e4899
0000054bd5422e61
0000000002c01271
0000000000000181
000002a9ec1f97b9
000002ab049d69f9
000002adc61cbad9
000002af01beca99
0000055e75ad8461
0000000002c01271
0000000000000181
000002b1e1dc57d9
000002b372d52659
000002b3d19ecd59
000002b4173b6dd9
000005711618d961
0000000002c01271
0000000000000181
000002baabb281b9
000002bbbfa37639
000002bc93149579
000002bd8b6bac19
000002bfa4c39e39
000002c05889add9
000002c19155f519
00000583b6842e61
0000000002c01271
0000000000000181
000002c480a9c479
000002c4912d2379
000002c5460ee4d9
000002c63c4f2079
000002c80ae53c99
000002c867c43719
000002cad5c98f59
0000059656ef8361
0000000002c01271
0000000000000181
000002ceb5332159
000002d28734f399
000002d370f56dd9
000005a8f75ad861
0000000002c01271
0000000000000181
000002d4f6e333b9
000002d7d48e3459
000002d90ae0a579
000002d9df7b76f9
000002da25441df9
000002dd5cdad739
000005bb97c62e61
0000000002c01271
0000000000000181
000002e05908af99
000002e0b3bdb5b9
000002e175686859
000002e1838a1bf9
000002e47d539099
000002e568aab159
000002e6d1448f79
000005ce38318361
0000000002c01271
0000000000000181
000002e7687ec3d9
000002e7efc8b319
000002e91f48a219
000002ed28f76979
000005e0d89cd861
0000000002c01271
0000000000000181
000002f4ce8bf9b9
000002f519af3839
000002f54b341819
000002f598881c79
000002f5ee427519
000002f8b8510ed9
000005f379082d61
0000000002c01271
0000000000000181
000002fa81802cd9
000002fb53fbadb9
000002ffefb47a99
00000302128f8d19
0000060619738261
0000000002c01271
0000000000000181
00000304f4b65e19
00000307ac7d42d9
0000030b2be170f9
00000618b9ded861
0000000002c01271
0000000000000181
0000030cbf8e4439
0000030cce5144b9
0000030ce8bcb219
0000030e72890519
0000031474f0a599
00000314c2ec7819
0000062b5a4a2d61
0000000002c01271
0000000000000181
0000031b2ffe8dd9
0000031ba70229f9
0000031c2117b7d9
0000031da41424d9
0000031e12fd3519
0000063dfab58261
0000000002c01271
0000000000000181
0000031fed4c6ed9
00000320af9d94b9
00000321fb629ef9
00000325a539a759
000003266dcafeb9
000003271caf81b9
000006509b20d861
0000000002c01271
0000000000000181
0000032a2ff66b59
0000032b8b933d59
0000032f25caf6d9
000006633b8c2d61
0000000002c01271
0000000000000181
0000033230b97479
00000334cc8864d9
000003350d964019
00000337e09896d9
0000033858d9ee19
0000033925643c79
0000033a30f13c99
0000033ac4a51039
00000675dbf78261
0000000002c01271
0000000000000181
0000033bdbe54359
0000033e33928eb9
0000033e76d94279
0000033feabff499
000003407e8c9459
000006887c62d861
0000000002c01271
0000000000000181
0000034694380ef9
0000034b66781099
0000069b1cce2d61
0000000002c01271
0000000000000181
0000034e3c284cd9
0000034e7abf90f9
0000034e887a4ff9
00000350436b7439
000003513af32199
00000354facbcaf9
000003554ad81eb9
00000355a05a9079
0000035688311019
000006adbd398261
0000000002c01271
0000000000000181
00000358f41ebe79
0000035936aac279
0000035ea97e2e19
000006c05da4d861
0000000002c01271
0000000000000181
00000363d18cda59
0000036702bae739
000003675ed39f39
00000368c5b35439
000006d2fe102d61
0000000002c01271
0000000000000181
0000036a17939bd9
0000036bc111cb79
00000370410c0c99
00000372c8d72339
000006e59e7b8261
0000000002c01271
0000000000000181
00000372fcbd8db9
00000373f2b82f39
00000375c489c599
00000376f0c910f9
000003774bfd6279
0000037833b0b7f9
00000379c44936d9
0000037a4595ef39
000006f83ee6d861
0000000002c01271
0000000000000181
0000037c31e7d039
0000037c4e5135d9
0000037c98230919
0000037d813a8179
00000380351548f9
00000380aaa1f199
00000381630e4f19
00000382fab7e219
000003830388daf9
0000070adf522d61
0000000002c01271
0000000000000181
00000386f9970f39
000003884d75fe99
000003888a9751b9
0000038b0ce41b99
0000038c739196b9
0000038cc3e61619
0000071d7fbd8361
0000000002c01271
0000000000000181
00000390a9da9db9
00000391c0c5e2f9
00000393836219b9
000003946e48d219
00000394db8a6df9
0000039622bfc2f9
00000396e8472c19
00000396f51e41b9
00000397c3acab99
000007302028d861
0000000002c01271
0000000000000181
000003997e5a5f39
0000039c920f72b9
0000039ffbba5179
000003a0049a6ab9
000003a12626e539
00000742c0942d61
0000000002c01271
0000000000000181
000003a1e5678599
000003a58325d839
000003a6cdd346b9
000003a747d7e079
000003a9b1058259
0000075560ff8361
0000000002c01271
0000000000000181
000003ac2cd3a0f9
000003ac7d231079
000003ac96b3c8b9
000003ad2c7f0d99
000003ad9edadcb9
000003ae31751799
000003af029b2df9
000003b027380c99
000003b028e7ee79
000003b0e55d0299
000003b16d3d84d9
00000768016ad861
0000000002c01271
0000000000000181
000003b658d65f79
000003b82ed1a8d9
000003b8d90f5e59
000003b9c98746d9
000003baad89f0b9
000003bad8386659
0000077aa1d62e61
0000000002c01271
0000000000000181
000003bd57368619
000003bd8168eb59
000003bf01782819
000003bfa8e09ff9
000003bfbf72b159
000003c1f72da379
000003c2fdd475d9
000003c4971c6c19
0000078d42418361
0000000002c01271
0000000000000181
000003c8e2226df9
000003ca94e85299
000003cd288075f9
000003cdfe7d8f99
000003cea090ced9
0000079fe2acd861
0000000002c01271
0000000000000181
000003d10007ab99
000003d280679cb9
000003d3ce98c139
000003d3e8de84d9
000003d74e119779
000003d8380f6339
000003d8c4ef21d9
000007b283182e61
0000000002c01271
0000000000000181
000003db9f4c6b39
000003dbc36ed119
000003dbc9121159
000003dc368e7e99
000003dca6e10759
000003dd7303ab39
000003dd99ed3af9
000003ddb756f079
000003deb6e2c0f9
000003ded3c95599
000003e20aa56079
000007c523838361
0000000002c01271
0000000000000181
000003e356b89d79
000003e5f6d5a459
000003e64df190d9
000003e942cf6b79
000007d7c3eed961
0000000002c01271
0000000000000181
000003eccf2691f9
000003ef04cbe059
000003ef93550819
000003f08c9ff659
000003f0c78ab899
000003f1bac5e999
000003f2cd42d0b9
000003f4a2009339
000007ea645a2e61
0000000002c01271
0000000000000181
000003f62b58edb9
000003f6c9db5499
000003f8d43cc879
000003f9086605b9
000003f956918a59
000003fa593123d9
000003fadd1a7899
000003fafff2c779
000003fd9ba5be39
000007fd04c58361
0000000002c01271
0000000000000181
0000040168670339
0000080fa530d961
0000000002c01271
0000000000000181
00000408df9f8b19
00000408fb1cc219
0000040aadb41db9
0000040b09da4e19
0000040b30e242f9
0000040caa62e439
00000410ef45c6f9
00000822459c2e61
0000000002c01271
0000000000000181
00000411924b4e99
000004127b342a99
00000412c6e61c39
000004179606d999
00000419ab918bf9
00000834e6078461
0000000002c01271
0000000000000181
0000041e35f1edb9
0000041e8e9ef999
000008478672d961
0000000002c01271
0000000000000181
00000424660f1459
000004253c216f19
00000427071da5b9
000004280f0cf899
000004293c0e80f9
0000042b500efd19
0000085a26de2e61
0000000002c01271
0000000000000181
0000042db573ae19
0000042f584f1239
0000042fd838c839
0000043064684299
00000434635a8a19
00000435e0172879
0000086cc7498461
0000000002c01271
0000000000000181
0000043774e9d119
000004386c72a999
0000043cd927be59
0000043cee376899
0000043d8ffe6d59
0000087f67b4d961
0000000002c01271
0000000000000181
0000044022965bd9
000004420da22b79
00000443306009f9
0000044545f29b59
000004454f9e4bf9
0000044762f4c2f9
00000447f091ef79
00000448169702f9
0000044822e9a8f9
0000089208202f61
0000000002c01271
0000000000000181
00000449e1a436b9
0000044b6ff47ef9
0000044fb9ad2319
000004500e8ac1b9
0000045193d57db9
000008a4a88b8461
0000000002c01271
0000000000000181
000004529e7df3b9
000004545e14a4f9
0000045639f60459
0000045802f05bd9
00000459334bc4d9
0000045a09a25939
0000045a6f2d6099
0000045b492c1199
000008b748f6da61
0000000002c01271
0000000000000181
0000045c37ba5439
0000045c79281b19
0000045d0c678059
0000045d1620be19
0000045db318a119
0000045eecf5b759
0000045f91caa179
000008c9e9622f61
0000000002c01271
0000000000000181
000004686cf78c79
00000468b0d837b9
00000468e97e4fb9
000004699003bb79
00000469c2b1d0b9
0000046df7083ed9
000008dc89cd8461
0000000002c01271
0000000000000181
00000472043fb099
00000472eb7da539
000004730dca6db9
0000047393983439
00000473ee3b7799
000008ef2a38da61
0000000002c01271
0000000000000181
0000047a7208fdb9
0000047b3de667f9
0000047d40a4bc39
00000901caa42f61
0000000002c01271
0000000000000181
000004818115f8f9
000004826c4b0159
00000482fad19279
000004840b8dcff9
000004883200a379
000009146b0f8461
0000000002c01271
0000000000000181
0000048bc539d919
0000048e07095e79
0000048e50eae519
0000048e73206e79
0000049064def559
000004922b87eb79
00000493544ba859
000009270b7ada61
0000000002c01271
0000000000000181
00000497282ccc39
000004982e279a99
00000498aca8c3d9
0000049abfbcfcf9
00000939abe62f61
0000000002c01271
0000000000000181
0000049d555ba639
0000049efc4d0ad9
000004a3c48a7219
000004a4f9b2ce59
000004a5601830f9
000004a5d1436039
0000094c4c518561
0000000002c01271
0000000000000181
000004ac7eaad3f9
000004acdced6079
000004adb88416b9
0000095eecbcda61
0000000002c01271
0000000000000181
000004afc73fba99
000004b4aa314659
000004b6758bf759
000009718d283061
0000000002c01271
0000000000000181
000004ba17352759
000004bb36c9a279
000004bced2d6b19
000004c0c2a028f9
000009842d938561
0000000002c01271
0000000000000181
000004c3fed6ad59
000004c4d5ff5ad9
000004c5a6085419
000004c5abfe1599
000004c5f75339f9
000004c653743479
000004c6b4f42ff9
000004c72e7b1d79
000004c8d3264179
000004ca1bb188f9
00000996cdfeda61
0000000002c01271
0000000000000181
000004cf6e3df539
000004d0ea7410b9
000004d142d881b9
000004d19241c3f9
000004d22a799fd9
000009a96e6a3061
0000000002c01271
0000000000000181
000004d630446b99
000004d64c52f179
000004d746712319
000004d9f0d01af9
000004da5356b479
000004dc02225f39
000004dc76a84ef9
000009bc0ed58561
0000000002c01271
0000000000000181
000004de7c7e5339
000004deabeb1419
000004e0629d4a39
000004e256d4e199
000004e3beb861f9
000004e693733a99
000004e6959458b9
000009ceaf40db61
0000000002c01271
0000000000000181
000004ec0c5f98b9
000004eea06ade79
000004ef8697b859
000004f05b43e2d9
000009e14fac3061
0000000002c01271
0000000000000181
000004f1be305259
000004f4b9832d39
000004f6d9dfb7d9
000009f3f0178561
0000000002c01271
0000000000000181
000004fabae76599
000004fcb2768599
000004fd2e5e4a79
000004fe842e0e79
00000502ec0728d9
00000a069082db61
0000000002c01271
0000000000000181
000005064717c1d9
000005064a81a739
000005067ee067b9
000005088b23ac39
00000508f402a2b9
0000050a15d44179
00000a1930ee3061
0000000002c01271
0000000000000181
0000050edca5d9f9
0000050f62c20639
00000510e1177cf9
000005116a69e439
00000512064efd39
000005123cb67f99
00000512a41d25d9
00000513025e6619
000005135e5140b9
00000a2bd1598561
0000000002c01271
0000000000000181
00000519f00eae59
0000051bb6eb14f9
00000a3e71c4db61
0000000002c01271
0000000000000181
0000051f41cd61f9
0000051f785b7499
000005211a095bf9
0000052193c557f9
0000052507d65cf9
00000a5112303061
0000000002c01271
0000000000000181
0000052feafb0bf9
0000053034752ad9
000005305fc8f919
00000a63b29b8661
0000000002c01271
0000000000000181
00000534126cc099
00000534d5bdb119
000005360e18f939
0000053a41edbd59
00000a765306db61
0000000002c01271
0000000000000181
0000053c4f577c39
00000541501c88f9
00000541b53acc39
0000054303dced39
000005433aac6c79
00000543d4859a19
00000543fcbc89f9
000005443a041239
00000a88f3723061
0000000002c01271
0000000000000181
00000545d0934cb9
0000054d35bd1559
00000a9b93dd8661
0000000002c01271
0000000000000181
0000054e6061d2b9
0000054f60b50759
00000550eb1144f9
000005532536f839
00000aae3448db61
0000000002c01271
0000000000000181
00000557478ab5f9
00000559d7619d39
0000055efd620239
00000ac0d4b43161
0000000002c01271
0000000000000181
0000056187e0d699
00000562143ff059
00000562dce670d9
000005673ac71059
00000568694de4d9
00000ad3751f8661
0000000002c01271
0000000000000181
0000056c6f1080d9
0000056cbcd84b99
0000056d31219459
0000056eb802e279
00000570442e7639
00000572e59016b9
00000572f0d88219
00000ae6158adc61
0000000002c01271
0000000000000181
00000573fca04a79
0000057497899f59
00000574d7e594b9
00000574fb6f7059
00000575161944f9
00000576eb843bd9
00000aedf2ff9d61
0000000002c01271
0000000000000181
