[MCS8 A] 97 FW 3.104 SV 1.257 
range=1024
periods=2
sweepmode=27e20d0
fstchan=0
holdafter=0
streamstatus=3
calreg0=0
calreg1=0
calreg2=0
calreg3=0
swpreset=8000        
prena=1
syncout=0
cycles=18
sequences=1
tagbits=16
vdac0=92c
vdac1=807
vdac2=8c8
vdac3=8c8
vdac4=8c8
vdac5=8c8
vdac6=8c8
vdac7=8c8
timepreset=150.000     
digio=0
digval=0
autoinc=0 
savedata=2 
mpafmt=asc
sephead=0 
fmt=asc
smoothpts=5 
[CHN1]
REPORT-FILE from 06/23/2026 15:34:50.547  written 06/23/2026 15:34:50
cmline0=06/23/2026 15:34:50.547 
cmline1=A1
range=1024
active=1
bitshift=4
cftfak=2580100
evpreset=10          
roimin=0
roimax=1000
caloff=0.800000
calfact=12.800000
calfact2=0
calfact3=0
calunit=nsec
caluse=1 
[CHN2]
REPORT-FILE from  written 06/23/2026 15:34:50
cmline1=A2
range=1024
active=0
bitshift=4
cftfak=2580100
evpreset=10          
roimin=0
roimax=1000
caloff=0.800000
calfact=12.800000
calfact2=0
calfact3=0
calunit=nsec
caluse=1 
[CHN3]
REPORT-FILE from  written 06/23/2026 15:34:50
cmline1=A3
range=1024
active=0
bitshift=4
cftfak=2580100
evpreset=10          
roimin=0
roimax=1000
caloff=0.800000
calfact=12.800000
calfact2=0
calfact3=0
calunit=nsec
caluse=1 
[CHN4]
REPORT-FILE from  written 06/23/2026 15:34:50
cmline1=A4
range=1024
active=0
bitshift=4
cftfak=2580100
evpreset=10          
roimin=0
roimax=1000
caloff=0.800000
calfact=12.800000
calfact2=0
calfact3=0
calunit=nsec
caluse=1 
[CHN5]
REPORT-FILE from  written 06/23/2026 15:34:50
cmline1=A5
range=1024
active=0
bitshift=4
cftfak=2580100
evpreset=10          
roimin=0
roimax=1000
caloff=0.800000
calfact=12.800000
calfact2=0
calfact3=0
calunit=nsec
caluse=1 
[CHN6]
REPORT-FILE from  written 06/23/2026 15:34:50
cmline1=A6
range=1024
active=0
bitshift=4
cftfak=2580100
evpreset=10          
roimin=0
roimax=1000
caloff=0.800000
calfact=12.800000
calfact2=0
calfact3=0
calunit=nsec
caluse=1 
[CHN7]
REPORT-FILE from  written 06/23/2026 15:34:50
cmline1=A7
range=1024
active=0
bitshift=4
cftfak=2580100
evpreset=0           
roimin=0
roimax=1000
caloff=0.800000
calfact=12.800000
calfact2=0
calfact3=0
calunit=nsec
caluse=1 
[CHN8]
REPORT-FILE from  written 06/23/2026 15:34:50
cmline1=A8
range=1024
active=0
bitshift=4
cftfak=2580100
evpreset=0           
roimin=0
roimax=1000
caloff=0.800000
calfact=12.800000
calfact2=0
calfact3=0
calunit=nsec
caluse=1 
;MCS8 #97 Sversion=1.257 Fversion=3.68
time_patch=1
;datalength=8 bytes
;bit0..3: channel# 1..8 ( 4 bit)
;bit4: edge 0=up / 1=dn ( 1 bit)
;bit5 ..57: timedata    (53 bit), max sweep length 2001.6 h
;bit58..62: tag0..tag4  ( 5 bit)
;bit63:     data_lost   ( 1 bit)
[DATA]
0000000000000016
000000006668adb9
000000029743da39
0000000582c04119
000000076207fc79
00000007a113b759
0000000989e4d279
000000099c02f9f9
0000000b8603f9b9
0000000b872e8ab9
0000000cf9f87879
0000000e32e5b5f9
000000215732b061
000000000253e371
0000000000000181
00000010b9986399
00000011062547b9
00000011696f0dd9
00000011715e06f9
00000011de7e13b9
000000120bec6f79
00000012198b0179
00000013dbb7b699
00000013dd881659
00000014b5443259
00000014cd3984d9
00000014d8cc34b9
00000014efa409b9
000000153b3f0199
00000015abd93939
000000179f6977b9
00000018b702c739
00000018f7b64239
0000001922e3e4b9
0000001951270179
00000019c4e96c99
00000033f79e0561
000000000253e371
0000000000000181
0000001a1ae2d1b9
0000001c2e35fad9
0000001c3d394df9
0000001d5703dad9
0000001d75e700b9
0000001db80e6399
0000001dd582db79
0000001fdba3dcf9
000000201b1f5ab9
00000020733fd0f9
000000211dee4539
0000002304835099
0000004698095a61
000000000253e371
0000000000000181
0000002384050e59
000000277cc25859
00000028326923d9
0000002961129c39
0000002b1fec1cf9
0000002b7b283259
0000002b93611919
000000593874ae61
000000000253e371
0000000000000181
0000002d6cdf3799
0000002d733a73f9
0000002dac1bb7f9
0000002df6ff8299
0000002e2755e639
0000002e6ffcc519
0000002faed78bf9
0000002ff52d8599
0000003231487919
00000032c6ed5b59
000000349f8d5659
000000356fca3cd9
00000035774671f9
0000006bd8e00361
000000000253e371
0000000000000181
000000366ce21919
00000037c23fbfd9
00000037f1d72479
0000003878070ef9
0000003884e2cd59
0000003a69295559
0000003b87e05779
0000003c3ee5fd39
0000003d3fca5879
0000007e794b5861
000000000253e371
0000000000000181
0000003f70f009f9
00000040003e6ff9
00000040dd896f59
0000004120bfa059
00000043308dee79
00000043b9cc2899
00000044908809b9
00000045992914f9
00000045a930e279
00000045cf7566d9
00000046506947d9
0000004773347db9
0000009119b6ad61
000000000253e371
0000000000000181
0000004b09b93ff9
0000004c670bae79
0000004df9d55899
0000004e4faf50d9
0000004e7a849519
0000004ece823b79
0000004f5bdec219
0000005034315c59
0000005073aa8859
000000513fd96fd9
00000051ca13e439
000000a3ba220261
000000000253e371
0000000000000181
000000528579f279
00000052d57bb899
000000533805f679
000000546cbd54b9
0000005482f206f9
000000549c98f919
00000054f6150899
00000055b3aacdb9
0000005773808119
00000058bedc0cf9
00000058dd8482d9
0000005ab8e31219
000000b65a8d5661
000000000253e371
0000000000000181
0000005b4b3fdbd9
0000005be509e359
0000005c2b1a0d99
0000005f228936d9
0000005f5551f6d9
0000005fb559cb59
0000005fcb3a2499
0000005fea2b9479
000000607cd02419
00000060a2501219
00000060fb2058f9
0000006164ee5a79
000000619e140fd9
00000062f952ba19
0000006371ff04b9
000000c8faf8ab61
000000000253e371
0000000000000181
000000647e790319
000000649ad03499
000000657b66b879
000000660b79a219
00000066cf1d8459
000000694f257d99
0000006a62d6c599
0000006abde3e279
0000006ac33fce59
0000006c65dcd959
0000006d9373bdf9
000000db9b640061
000000000253e371
0000000000000181
0000006e8dcd9cf9
0000006f2694f259
0000007025d92759
0000007389110919
00000074c2c670f9
00000075958f7a99
000000ee3bcf5561
000000000253e371
0000000000000181
00000077ca240539
000000785315a319
00000079bd559999
0000007a596b3ed9
0000007bbfa776f9
0000007bfd9cabd9
0000007f4ad51299
0000007f6129c2d9
0000007fab4f4bb9
000000802f170199
00000100dc3aa961
000000000253e371
0000000000000181
000000808f5edef9
00000080bd258759
0000008154fa5ab9
000000818de4e979
00000081bd2d1e59
000000822ac38a19
00000082e773a399
0000008352beff79
000000836fab2619
000000838c456f19
00000084516d41b9
000000845354b3d9
000000855d9bb3f9
00000085dde58939
00000087afd40e39
00000088574f79d9
000000885ca5bf79
0000008894b4a079
000001137ca5fe61
000000000253e371
0000000000000181
0000008a6cb62af9
0000008af85ca099
0000008b1b00c8f9
0000008c1ebd1079
0000008cf18eeb79
0000008df90ca919
0000008e627ed7f9
0000008eb6503699
0000008ed65236d9
0000008feff68c99
000000916e042399
000001261d115361
000000000253e371
0000000000000181
0000009322786ed9
00000093ce569319
000000946359d339
000000946b0e0cb9
00000095447dec39
0000009611779939
000000982faa9cb9
00000098929fa719
00000098b0ab4799
00000098dd338819
0000009b4fa6cc99
0000009c00cacad9
00000138bd7ca861
000000000253e371
0000000000000181
0000009e7cb56719
0000009fb41cd8b9
000000a0aa2a6dd9
000000a116698159
000000a2469ceaf9
000000a2f9ce16b9
000000a3bfd73ab9
000000a491957af9
0000014b5de7fd61
000000000253e371
0000000000000181
000000a5f8c1de19
000000a6b2257539
000000a6f34dc739
000000a7dc629499
000000a8abc59e19
000000a93efdef99
000000a96d223fd9
000000aa806c76b9
000000aaa8d9fc39
000000ab8624d119
000000ac844b4819
000000acad18f559
000000adb5a86759
0000015dfe535261
000000000253e371
0000000000000181
000000af20dee279
000000af40fdae79
000000af9d752879
000000af9da80099
000000b00d92de99
000000b010d0afb9
000000b0f3401019
000000b1a3cbd119
000000b487732859
000000b6b0e40879
000000b73e128279
000000b7ded82919
000001709ebea661
000000000253e371
0000000000000181
000000b964cfa439
000000b989b7cfb9
000000baf86e4259
000000bb13702a99
000000bb7ab6f699
000000bce1ebd059
000000bf65017ed9
000000c0cba4ab99
000001833f29fb61
000000000253e371
0000000000000181
000000c2707d6c39
000000c2b7143719
000000c3327521d9
000000c350ee7819
000000c3c4cd5bb9
000000c635bc1919
000000c6fb0cb459
000000c76b314279
000000c7ab481159
000000c87da0c659
000000c8be157a39
000000c8cf1a8e19
00000195df955061
000000000253e371
0000000000000181
000000cb4eccbc19
000000cbbd0bbff9
000000ccaea391f9
000000ccfbd38d99
000000cd6246ba59
000000cdfaf7caf9
000000ce642afa19
000000d0a2125c59
000000d1d69f1db9
000000d20c72adf9
000000d2e9cb4e39
000000d3adb4d959
000001a88000a561
000000000253e371
0000000000000181
000000d4f752e0d9
000000d50f626bb9
000000d5efe14459
000000d88fc76b19
000000dc28aa0b19
000000dd484db259
000000dd50c326d9
000001bb206bfa61
000000000253e371
0000000000000181
000000de4e207419
000000e013b8ddb9
000000e0bd235f59
000000e3b8e018f9
000000e3da3a9359
000000e4b89022f9
000000e5179feb19
000000e524ed84b9
000000e5c234c7f9
000000e660c7d6b9
000001cdc0d74e61
000000000253e371
0000000000000181
000000e8012d7979
000000e8b10485f9
000000e99c34e259
000000ea3e49c3f9
000000ea4d596bd9
000000eaa6c93fd9
000000eada6208b9
000000eb7b035d59
000000eee02b4639
000001e06142a361
000000000253e371
0000000000000181
000000f036deabd9
000000f14374c119
000000f1575b0db9
000000f3f4834939
000000f5a7fe18b9
000000f66860c259
000000f78d708679
000000f7e53f4399
000000f81d937259
000000f82b1904d9
000000f90c9a4c19
000000f97e825c19
000001f301adf861
000000000253e371
0000000000000181
000000f9940a0ef9
000000f9bcd45179
000000f9cabc5539
000000fb4c8286d9
000000fbe0e58fb9
000000fc014461d9
000000fc4796f079
000000fdf803d4f9
000000fe864cb3b9
0000010039769919
0000010296b49979
00000205a2194d61
000000000253e371
0000000000000181
00000103ce630ad9
0000010408eec119
0000010436c57279
00000104bf1ba959
00000104cd6fda19
0000010572d261f9
00000107a61d8cd9
000001086d20fb39
0000010889084e99
00000108a279af19
0000010a2e08bed9
0000010a47886af9
0000010abb9c7579
0000010b6cb7f579
000002184284a261
000000000253e371
0000000000000181
0000010cd0bb4999
0000010e7da650d9
0000010feb313179
00000110561fb3d9
00000110961190b9
0000011242b70479
000001138e51ed99
0000022ae2eff761
000000000253e371
0000000000000181
0000011687b375f9
00000117ca103899
00000117ec4b8d39
0000011930d4df19
00000119a0c6ba19
0000011a950b6879
0000011cb05396f9
0000011d492e1359
0000011e8e91f7f9
0000023d835b4c61
000000000253e371
0000000000000181
0000012071bcb279
00000120d58f3179
00000120e726a4f9
00000122eae35e99
000001231d10de19
00000123207e2399
00000125a7125919
00000125d272e3b9
00000125dd18ff79
00000126406b2219
0000025023c6a161
000000000253e371
0000000000000181
00000128ba502399
00000128db1e3139
0000012959e7c219
0000012a7c72e4d9
0000012ac1617f19
0000012acc98eab9
0000012c38b3c939
0000012e09a45a19
0000012e79952539
0000012ecd943079
0000012f0fa3dfd9
0000012f1d67c319
0000013053b96659
00000130c4f34839
00000130c5ed2839
00000262c431f661
000000000253e371
0000000000000181
00000131a60f56b9
00000131a67a2859
00000133f02e3939
000001384916f339
000001395b41c039
0000013aaeb499f9
00000275649d4b61
000000000253e371
0000000000000181
0000013abddd8199
0000013b9a2bfe99
0000013c496b77d9
0000013c912bcb39
0000013eca2f2cb9
0000013ed39c9eb9
0000013efd2e1eb9
0000013fc8875e59
0000013fe5b74a39
00000140f6da9c99
000001422819e379
000002880508a061
000000000253e371
0000000000000181
00000144441935b9
000001444d47ac59
00000144d2013879
00000144e799c979
00000145c8808b59
00000146104a1e99
0000014626ba6219
00000146601a63b9
000001475a5ac8b9
00000147c0dc1959
00000148fe9710b9
00000149d3859119
0000014a31f3bd79
0000014a81d9d619
0000014b42554519
0000029aa573f661
000000000253e371
0000000000000181
0000014dbaa96a19
0000014e5bdfe8d9
0000014f3f6cefb9
0000015053b40e79
00000150653dba39
00000150b0da59d9
00000150e9a476f9
00000151521148f9
0000015153077f39
00000153049384b9
0000015513836bb9
00000155620fa939
000001558f99ac39
000002ad45df4b61
000000000253e371
0000000000000181
0000015706b7d6b9
0000015712bd7719
00000157df0ad639
00000159a8060139
00000159b9b04c19
0000015a71dbb239
0000015b3c8886d9
0000015c2a605a59
0000015c6779ae39
0000015c8e1e5659
0000015e59d898d9
0000015f2a84df99
000002bfe64aa061
000000000253e371
0000000000000181
00000161e43d2ed9
0000016240ffd6f9
000001626b102859
00000162eff0b759
00000162f1368219
0000016454ef42f9
0000016736b1f939
0000016798854359
0000016810f14599
000002d286b5f561
000000000253e371
0000000000000181
00000169cd347dd9
0000016c63b84999
0000016d41a4d2d9
0000016d52098e59
0000016e5fbc9ad9
0000016eb2c53239
0000016f9fc75a79
000001703100e7b9
0000017086d36e59
000001724187d439
0000017257e4a9d9
000002e527214a61
000000000253e371
0000000000000181
00000173249fd619
00000173db611439
00000173df8b3c99
00000174db1f4e39
000001757667cff9
00000175ba119c79
00000176a1ae25d9
000001777c079339
00000177d9015139
0000017b11fec219
0000017b75b020d9
000002f7c78c9f61
000000000253e371
0000000000000181
0000017f91ddc3b9
000001820441e339
000001821c0e8079
0000018253d19a59
000001829e48fd59
00000182a18f1e59
000001847b2c9659
0000030a67f7f461
000000000253e371
0000000000000181
00000185650cc839
000001859f93d0d9
00000186bca50979
00000189390638f9
00000189bd04df99
00000189dd842979
0000018a02057a39
0000018a9dfc97d9
0000018ae29e2859
0000018c2e6fc1d9
0000018d2641c1f9
0000018e31226379
0000018e4face6f9
0000031d08634961
000000000253e371
0000000000000181
0000018f3ffb0a59
0000018fd266a759
00000190030bfcb9
0000019029c5ebf9
000001905460df19
000001916b9a1639
00000192de9993f9
0000019339e7ec59
00000193c71ee6b9
0000019401fe2119
00000194a4894919
00000194adc1d4d9
0000032fa8ce9f61
000000000253e371
0000000000000181
0000019940dd6eb9
0000019a654a3359
0000019a81a4ced9
0000019c71517259
0000019c9305cb59
0000019e46250239
0000019e94af4839
0000019ef17ca759
000001a097d6f759
000001a0e6dc6879
000001a0ee7ab439
000003424939f461
000000000253e371
0000000000000181
000001a2c8847bf9
000001a450451bf9
000001a456ec69f9
000001a4c60ba459
000001a51b252859
000001a5d07d09b9
000001a5efec4879
000001a704eb44b9
000001a77976b879
000001a837ac2a79
000001a8aaada079
000001a9269e4b99
00000354e9a54961
000000000253e371
0000000000000181
000001aac3e26d59
000001abc19445b9
000001ac47d04279
000001ad7913c5d9
000001aea1ab5419
000001af05889799
000001afa0e2ec79
000001b096eacad9
000001b0e7b00d79
000001b15cd59919
000001b3c3aeb119
000003678a109e61
000000000253e371
0000000000000181
000001b423181b59
000001b443e99839
000001b5518929d9
000001b55557d5f9
000001b6954e4ff9
000001b81ffb3cb9
000001b828e4a7f9
000001b84852c9f9
000001b870bcf979
000001b92b6227b9
000001b9e6514b59
000001ba38530e79
000001baf8ece7d9
000001bb2313f8f9
000001bb96b565b9
000001bbbb91ae99
000001bc21db6539
000001bc23a93899
000001bc2b5c6799
0000037a2a7bf361
000000000253e371
0000000000000181
000001be0ab80099
000001c0feea4179
000001c283d90619
000001c299e5f339
000001c4d1215d19
000001c5323f91d9
000001c5afc48ed9
000001c5d7e37279
0000038ccae74861
000000000253e371
0000000000000181
000001c6855396f9
000001c75a3bd819
000001c7f8713bd9
000001c8029606d9
000001c90c3b6839
000001c99d6367f9
000001c9e8491cf9
000001cad2a93419
000001cbe98253b9
000001cc0b648e59
0000039f6b529d61
000000000253e371
0000000000000181
000001d0ff8d37f9
000001d32be2a019
000001d3a059f219
000001d508229619
000001d5a8f536d9
000001d5f8a45e79
000001d7d4fc9b79
000001d88bdb9019
000003b20bbdf261
000000000253e371
0000000000000181
000001d9ba4505f9
000001dab6096299
000001daf3139399
000001db6bfc5099
000001dc1473ef39
000001dc7ca4f379
000001dce82e9f59
000001dd79af7a59
000001df9f2f01f9
000001dfbeadc6f9
000001e1bf150639
000003c4ac294761
000000000253e371
0000000000000181
000001e377e4edd9
000001e57ca67739
000001e5d02e3a39
000001e7a55ca039
000001e831c16859
000001e8347782d9
000001e875727339
000001e901f3c459
000001eaf7e8bb79
000001eba0b2cc99
000003d74c949c61
000000000253e371
0000000000000181
000001ec5f985c39
000001ed4d17ac19
000001ee123ffdf9
000001ee2dd01af9
000001ee322fbf79
000001ee8effc039
000001efa121ce39
000001efb14dd679
000001efb14dde19
000001f0cee1a5f9
000001f155ce4559
000001f207e8e779
000001f2983786b9
000003e9ecfff161
000000000253e371
0000000000000181
000001f6e046a299
000001f7d71c2999
000001f7d896a9d9
000001f8013ad4b9
000001f81df37479
000001f9382e0e59
000001fb74609419
000001fd8f26de19
000001fe326b02d9
000003fc8d6b4661
000000000253e371
0000000000000181
000001fe6e36d3f9
00000200f9e87499
0000020121c03459
00000202d20a73f9
00000206e486f1f9
0000040f2dd69b61
000000000253e371
0000000000000181
00000207d79b2799
0000020809e64739
000002089b959d79
00000208f7f31f99
0000020a06fb1079
0000020bd12cedf9
0000020c4b13be99
0000020cbc995019
0000020d331c7fb9
0000020e9e7587d9
0000020eb2e1cbb9
0000020fb42edc79
0000020fbfcdfc39
000002104c98e379
00000421ce41f061
000000000253e371
0000000000000181
000002121fc4f899
0000021223e99399
000002123ae4e539
00000212784fccb9
00000213be29d5d9
000002145b96e0d9
00000216500b34b9
000002168c114b19
000002173d9cb659
00000217923329b9
000004346ead4661
000000000253e371
0000000000000181
0000021ab05ed899
0000021c3a137699
0000021cc2f997f9
0000021cf6b0d5f9
0000021d6ee90679
000002219570b819
0000022213779179
000002225eae4319
0000022273a21059
000004470f189b61
000000000253e371
0000000000000181
0000022549072e59
00000225af44b219
000002271892a339
0000022797181f59
00000227a18893f9
00000229016385b9
000002293fb62579
0000022a68d61639
0000022a72c03579
0000022a7fdf84d9
0000022abc739619
0000022b4111cb79
0000022b4dc41a19
0000022bbf7ecbd9
00000459af83ef61
000000000253e371
0000000000000181
0000022d6d560f39
0000022df425dab9
00000230cb1bb819
00000232b9fd9399
00000233075dd299
000002346589f679
0000023489517179
0000023498c38299
0000046c4fef4461
000000000253e371
0000000000000181
00000236f8e82099
000002384aa7d039
0000023979c77439
0000023abfc10119
0000023b1edbe439
0000023c27d6db99
0000023c8c7b89f9
0000023cbcde5a79
0000047ef05a9961
000000000253e371
0000000000000181
00000240bf8859d9
0000024243eb4859
000002425b7cc979
000002432dfd86f9
000002438fa4fcb9
00000246009edc79
0000049190c5ee61
000000000253e371
0000000000000181
0000024a265d99b9
0000024fcd929059
0000024fdd6ef859
00000251ed199079
000004a431314361
000000000253e371
0000000000000181
00000253a9cb45b9
00000254abea86d9
00000254dca8c519
000002558e2e8ab9
0000025698eeb079
0000025705551b59
000002574e9bb419
00000258534f0e79
000002585595c6d9
00000258bae05979
00000259615ded99
0000025a3c32a8b9
000004b6d19c9861
000000000253e371
0000000000000181
0000025c51f97799
0000025c54c85e59
0000025c91375f39
0000025c98b90419
0000025d7f548a39
0000025db1e59d99
0000025e26ac0619
0000025ee920e279
0000025f0bee4d79
0000025f85a58079
0000025fe34ab3f9
00000260a9bd5579
000002631c297519
0000026362678879
000002642f4c22f9
000004c97207ed61
000000000253e371
0000000000000181
00000264d68182b9
00000265d8f8d779
0000026629297619
000002671d5fe5b9
00000267c42c3e99
0000026987185cd9
0000026b2bb6baf9
0000026bf6318cf9
0000026c6cf27dd9
0000026d0f9b7ab9
0000026d72e05119
000004dc12734261
000000000253e371
0000000000000181
0000026ebe5dcab9
0000026fedb63399
00000270d57fc9b9
00000271a7eafcb9
00000271cce76e59
00000273d77696d9
0000027427caf939
000002759f5494f9
000002760cb87099
00000276d142e839
00000276da1ec659
000004eeb2de9761
000000000253e371
0000000000000181
00000277e1387879
00000278053df879
00000278f11fc7b9
00000279ae2c4e79
00000279e9379cd9
00000279fb6c9159
0000027b5336f419
0000027b5905c4d9
0000027ce1cd6db9
0000027d6c88ec39
0000027d84771f99
0000027e01680019
0000027e9a282039
0000027e9a2826b9
000005015349ec61
000000000253e371
0000000000000181
000002813d3c5459
000002824625b0d9
0000028259c9a6d9
00000282f6034fd9
000002833011d559
00000283859d3719
0000028387bea279
000002838d6315b9
00000283fe67b019
000002840a1c0d19
000002843afad519
00000286505610d9
0000028676442af9
0000028753d5a4b9
000002875720f659
000002888b250ef9
00000513f3b54161
000000000253e371
0000000000000181
0000028d84d4c4b9
0000028dd17b7e39
0000028e0ba3b279
0000028e82ff1279
000002901204fad9
00000291de2be219
0000052694209561
000000000253e371
0000000000000181
00000293b5f87e39
00000294d36f06b9
00000295ca92b219
00000296384006b9
0000029783636cb9
000002986c0072d9
00000298ed0efa19
000002995e259479
0000029989dfc319
0000029a962e8d39
0000029bc2269139
0000029c5ce64079
0000029c7fc87579
0000029c94aeee79
00000539348bea61
000000000253e371
0000000000000181
0000029d8cf46af9
0000029e54619999
000002a041700db9
000002a06dd6f3b9
000002a08d8de459
000002a1a4116959
000002a22831faf9
000002a22ccc3c99
000002a3c4bbe459
000002a4e7c66f99
0000054bd4f73f61
000000000253e371
0000000000000181
000002a7dbdec479
000002a7e2f0f4f9
000002a80d502499
000002a9364b2679
000002a99644b099
000002aa13dbc559
000002aae5eabe99
000002ae03f6dd39
000002ae3d1d73d9
0000055e75629461
000000000253e371
0000000000000181
000002b0ebbb7a99
000002b15e2c8239
000002b15f61fbf9
000002b18b43abf9
000002b1a8781a59
000002b1c4fc3e39
000002b2b9fedf19
000002b360920199
000002b4bcdec4f9
000002b6217e6b99
000002b621a2ffb9
000002b6c2cde5f9
0000057115cde961
000000000253e371
0000000000000181
000002b8ba4a55b9
000002b90d19b359
000002b9e3cde8f9
000002b9f8975a79
000002bb34b695b9
000002bbed780db9
000002bdd7c83d59
000002be2fb48979
000002be44aebad9
000002be4d503719
000002be80b63f99
000002bf838e1999
000002bfbd065f99
00000583b6393e61
000000000253e371
0000000000000181
000002c25c5aa299
000002c26b202a39
000002c2c4cbfc39
000002c497e2c7d9
000002c774511c79
000002c7a2ece759
000002c8fe8af219
0000059656a49361
000000000253e371
0000000000000181
000002cb64669019
000002cc9dc685f9
000002ccb55fef79
000002ccefbd77d9
000002ccf2385fd9
000002cd25a38b59
000002cd2a7c3659
000002ce2ac22019
000002ce95672f39
000002cedf915959
000002cfad09ebd9
000002d15085b5d9
000002d19ac354b9
000002d1cdb38499
000002d2cfe065f9
000002d3de5959b9
000005a8f70fe861
000000000253e371
0000000000000181
000002d525a761f9
000002d677db8799
000002d6ecdf6d99
000002d6fc2bf9b9
000002d86d65ecb9
000002d86ee8b3d9
000002d91f559139
000002d995c51939
000002dc976ff379
000002dcd70009f9
000005bb977b3d61
000000000253e371
0000000000000181
000002de190eb4d9
000002de78588b79
000002de8e2956b9
000002dee1ef6a39
000002df11d7f5d9
000002e1bdded199
000002e25ea19e99
000002e2c6500359
000002e4678db239
000002e4e1f1b179
000002e50a9a7af9
000002e61d3dc2b9
000002e6e6398219
000005ce37e69261
000000000253e371
0000000000000181
000002e720ac0799
000002e87cf20e19
000002e98d228a39
000002ea3445dfd9
000002ea434b6679
000002eb78327319
000002ec41ba3019
000002ed3a72dcf9
000002ed9b02b619
000002ee0bd9f859
000002ee0bda5699
000002ee543eb559
000002eec07dd519
000002ef653c96f9
000005e0d851e761
000000000253e371
0000000000000181
000002f11baf5e99
000002f131a4eff9
000002f2ef4e2c99
000002f44d483039
000002f4a9098bd9
000002f53b935559
000002f5d45d9439
000002f608ea0a59
000002f63b698459
000002f661e0d919
000002f6c1636059
000002f726db9579
000002f7f2998f59
000002f81dd0fc39
000002f8bad10e39
000002f984c98ef9
000005f378bd3c61
000000000253e371
0000000000000181
000002fa4833bbf9
000002fbee429e39
000002fc9aff9ef9
000002fd098f1bd9
000003004be32dd9
000003007505a019
0000030099620959
00000301b935ad79
0000060619289161
000000000253e371
0000000000000181
000003031c061619
000003047b12e899
0000030548466fb9
000003055ca8fad9
00000305b1f0ac59
000003069bea7599
0000030742b0fe19
00000307726304b9
00000308bab1b5f9
0000030a26ed87d9
0000030aa3b916d9
0000030abb81ad39
0000030accf02a39
0000030adea1fbd9
00000618b993e661
000000000253e371
0000000000000181
0000030c9386ad39
0000030d934a4899
0000030e0faaac99
00000310666b10d9
00000310669189b9
00000310ebb15339
00000311cc716b99
0000031239e3bd79
00000312447fa7d9
0000031329d25d39
0000031336c01299
000003146124ad39
0000062b59ff3b61
000000000253e371
0000000000000181
00000315b076e039
00000315c4a21679
00000316663ad019
00000317a2940019
00000317ee3aa939
00000318333625d9
000003184ed8ff19
0000031a1c6d1059
0000031a5a7b4239
0000031b29ceb799
0000031b65bb15b9
0000031b92f405b9
0000031dd1149999
0000031ef0076bf9
0000063dfa6a9061
000000000253e371
0000000000000181
0000031f0334f179
0000031f2c51b899
000003225a8ebff9
000003235aea3bb9
000003236222b139
0000032417c39839
000003267d7630d9
0000032691900899
00000326d886ae59
000003276aa38319
000003283b4bfb19
000006509ad5e561
000000000253e371
0000000000000181
00000328e9602f79
0000032ad7918559
0000032b45abeaf9
0000032ccbab1ed9
0000032ce3035419
0000032d8555c0f9
0000032da988c0f9
0000032dc2fdebd9
0000032e1477b059
0000032e76e9cfd9
0000032eca7e6d19
0000032fcb0da459
00000330510599d9
000003308cbf7699
00000330dcd8bcd9
00000331839bfaf9
000006633b413a61
000000000253e371
0000000000000181
0000033203b48bb9
0000033275afb859
00000333fd3cab59
0000033465f21a19
0000033590a238b9
0000033602ec79b9
00000336083eeb59
0000033612870fb9
0000033612871159
00000336cbaa7979
0000033a37cfff19
00000675dbac9061
000000000253e371
0000000000000181
0000033c19e1aef9
0000033dd1a40539
0000033e115302d9
0000033eb0b7f9b9
0000033eb0b80839
00000343cfef03f9
00000343f571c8f9
000006887c17e561
000000000253e371
0000000000000181
0000034473b912d9
0000034475b57bd9
000003450cda6a59
00000345346d05b9
0000034768c22b19
000003484f9b7579
0000034b60692af9
0000034cb9771c39
0000034cd3455d19
0000034d1a472a39
0000069b1c833a61
000000000253e371
0000000000000181
0000034e4520afb9
0000034ec46a6b19
0000034f76289df9
000003502bf57519
000003522d6f1939
0000035250a504d9
000003527327b459
00000352eff31299
0000035331570a79
00000353f9b20679
000003542ddb2319
000003556faf7239
00000355eb3f1599
00000356249e3179
0000035671bbb2f9
000006adbcee8f61
000000000253e371
0000000000000181
000003588abc3eb9
00000358c3790459
0000035aa504cf99
0000035b363a9cd9
0000035b88f0e559
0000035cd38e6e39
0000035e1865cc39
0000035f67bd6d39
000006c05d59e461
000000000253e371
0000000000000181
000003604e441b39
00000360c6565b99
00000361b9ba4e79
0000036200c9e559
00000363dec42a99
00000363f3919ff9
0000036410ebc6d9
0000036488672fd9
00000364fd06fed9
0000036504dcfa99
000003681c2f91b9
00000369514d9139
00000369715a94d9
000006d2fdc53a61
000000000253e371
0000000000000181
0000036a22ce3af9
0000036a5213c9d9
0000036b6393fff9
0000036ceaa36bf9
0000036cf4ab5859
0000036cf88239f9
0000036eef080619
0000036f14caa799
0000036f4f1ab2b9
00000370061b96b9
00000370b3817839
00000371bcdb3519
000003722761e6f9
000006e59e308f61
000000000253e371
0000000000000181
0000037472b8e4b9
00000374efb36539
000003757a6a7cf9
000003758b122e79
00000376c157c739
0000037b93f137f9
0000037bde67e559
0000037bf4f35199
000006f83e9be461
000000000253e371
0000000000000181
0000037c63966559
0000037cc06e7fb9
0000037d512e5c39
0000037def30d8b9
0000037e294658b9
0000037e936db2b9
0000037ea902f4b9
0000037fd6e1e879
00000380b4eaf099
00000380cfa77a59
00000380dca2a919
00000380f8218e59
0000038119e5cd79
00000381651fa879
0000038247b9b999
000003825e6fa859
0000038332f347b9
00000383fca2cdf9
0000070adf073961
000000000253e371
0000000000000181
00000387b8952639
00000388c2856039
00000389dc627659
0000038bbfb99039
0000038c8ec952b9
0000038cac9fbd99
0000038dc6d32859
0000038e1fc20d59
0000071d7f728e61
000000000253e371
0000000000000181
0000038eed8c4759
00000390f50fa859
00000391672d7d39
00000394e43a8bf9
00000395746eaa59
00000395f755e819
000007301fdde461
000000000253e371
0000000000000181
00000399848900d9
00000399fc84bdf9
0000039a25ad79f9
0000039a9e71c8b9
0000039b1c87d2b9
0000039b62c9b439
0000039b646a8b79
0000039c4be8c319
0000039ca870b0d9
0000039ce8d307b9
0000039d77feea39
0000039e3f799ff9
0000039efd721c59
00000742c0493961
000000000253e371
0000000000000181
000003a172b7d4f9
000003a39aeeecf9
000003a4725a24d9
000003a546c49a19
000003a665838699
000003a6d7a9da79
000003a76eda4e19
000003a7e1166219
000003a894272fb9
000003a8b3817dd9
000003a959319719
000003a9d154d7d9
0000075560b48e61
000000000253e371
0000000000000181
000003ab2b77ed19
000003ab6f9cfa99
000003ac45af8399
000003acc1cd3479
000003ae73939399
000003af5524d339
000003b355601fd9
00000768011fe461
000000000253e371
0000000000000181
000003b4a5df18d9
000003b4bc77f179
000003b4fc9fa399
000003b6c265c379
000003b7ea784fb9
000003b87e62e219
000003b8e19bef59
000003bbc61975b9
000003bbd9b0f439
000003bbfb000b39
000003bc07e1a4d9
0000077aa18b3961
000000000253e371
0000000000000181
000003becce594d9
000003bf5eaf9399
000003bf8f32d859
000003c077035359
000003c376f91219
000003c3c7f91159
000003c601104d59
000003c60f7decd9
0000078d41f68e61
000000000253e371
0000000000000181
000003c7c446b939
000003c7d363c2b9
000003c8714c9559
000003c8a99002d9
000003c9188997f9
000003ca5134ff79
000003ca5f9d2659
000003cbe6b35e19
000003cd98519b59
000003cd99e6bb39
000003cda662b779
000003ced924b939
0000079fe261e361
000000000253e371
0000000000000181
000003d1fbe693d9
000003d274a5d179
000003d2f4c8a879
000003d30c7605d9
000003d711925c39
000003d71a490579
000003d865af81f9
000007b282cd3961
000000000253e371
0000000000000181
000003d963943699
000003d9bc884219
000003d9cb98f4b9
000003dac6e9ec39
000003db7daa2399
000003dd122dbe79
000003de64733eb9
000003de770e56f9
000003de8c2bfc79
000003dea7d70639
000003dedb193019
000003dfc8097659
000007c523388e61
000000000253e371
0000000000000181
000003e3d41d5d59
000003e550101b79
000003e572fb1a59
000003e5e27536d9
000003e5e2753879
000003e5e27547d9
000003e78f114e19
000003e8138646f9
000003e81d1f47f9
000003e854a1fa79
000007d7c3a3e361
000000000253e371
0000000000000181
000003ec690c8f39
000003ed5e1255f9
000003ed87f1c799
000003ef558deff9
000003f0093af1d9
000003f05cd47e99
000003f0f293b3d9
000003f10156f799
000003f278eb5c99
000003f3c3cab599
000003f4bfcfd339
000007ea640f3861
000000000253e371
0000000000000181
000003f6e53edfd9
000003f821175ab9
000003f85cea1499
000003f8b932d979
000003f910de80b9
000003fa82013119
000003fab8c2ca99
000003faf952e0f9
000003fc60ac08d9
000003fc64e06739
000003fcc76f2659
000003fe45c312f9
000007fd047a8e61
000000000253e371
0000000000000181
0000040068dc5bb9
0000040718d3e239
0000040726d30af9
0000080fa4e5e361
000000000253e371
0000000000000181
0000040855dcc279
0000040c0b9a3599
0000040dc99f0e79
0000040e2da98159
0000040eaa723f59
0000040f76510eb9
0000041041cb8859
0000041052942f59
00000410d07781b9
000004111d53cb79
0000082245513861
000000000253e371
0000000000000181
00000412995c0d79
00000412d1611299
0000041481870af9
0000041558959d19
000004173f249b59
000004176976e4d9
00000418be3fe879
00000418ed3badb9
00000419d22ca399
00000834e5bc8e61
000000000253e371
0000000000000181
0000041afaf48b99
0000041b7753fa79
0000041b8330f159
0000041ba31a8819
0000041bc89a68d9
0000041c29cf6bf9
0000041d10fca6f9
0000041e506fd0b9
0000041eb3d9fe19
000004209eb80f19
00000421c4606379
00000422d7fe6bb9
0000042318e0e0b9
000008478627e361
000000000253e371
0000000000000181
000004249daee6b9
000004256b655699
0000042a9c6b4239
0000042ae6011299
0000042b56794c99
0000042baadadab9
0000042c43ce1e19
0000085a26933861
000000000253e371
0000000000000181
0000042d52ca45f9
0000042ee4f5a499
0000042fc2357e79
000004305fc9c579
00000430fdc87a59
0000043132a4b479
00000432b2764e79
0000043304c19619
00000433610bbd39
00000434e20224f9
0000043534269d39
0000043611060af9
0000086cc6fe8d61
000000000253e371
0000000000000181
0000043697340d99
00000436a37c13b9
00000436afef4419
00000437401bfb19
00000437b0f8f8d9
000004399976cdf9
0000043afbe2e859
0000043b438e15d9
0000043bc1f9bd59
0000043ca3cf6299
0000043d66ba9ab9
0000043e696bdcb9
0000043f021f31d9
0000087f6769e361
000000000253e371
0000000000000181
000004401ff31ad9
000004413afeffd9
000004417705a5b9
000004426505a239
0000044476445c99
0000044599c6d239
0000044625bc3859
0000044814516e59
0000089207d53861
000000000253e371
0000000000000181
0000044990e597b9
0000044b47759799
0000044d0f39af99
0000044ee766f1b9
0000044eea62bcf9
0000044ef5302899
0000044f384e2699
0000044f84cdd2d9
000004506e2e9ef9
0000045094c437b9
00000450b4282119
00000451747a6859
000008a4a8408d61
000000000253e371
0000000000000181
00000453bf0150d9
00000454085e6bd9
0000045415825719
0000045437a31ed9
0000045508179b59
00000456abc34d19
00000457be7b3e99
00000457e99b9f39
00000457eacee3d9
000004590e2419f9
0000045a192d3d59
0000045a561e9219
0000045aca1d59d9
000008b748abe361
000000000253e371
0000000000000181
0000045c6a53a5f9
0000045e27df70f9
0000045e83081db9
0000045e943faa59
0000045fa89cd239
0000046265b65059
000004629ea4d5b9
000004636ce710f9
00000463747f4b19
00000463d2a45f19
00000463dee44679
00000463f15fc5b9
00000464e94219d9
000008c9e9173861
000000000253e371
0000000000000181
000004664cbf41f9
00000467ac05e8b9
00000467c65a0959
00000467d6daeb59
00000469749bab59
0000046a63a11fb9
0000046a73605b79
0000046b288a3b59
0000046b56f8d2b9
0000046c5beb2439
0000046c6db5c279
0000046c796c9959
0000046d773c38d9
0000046e1db85e79
0000046e1db86519
000008dc89828d61
000000000253e371
0000000000000181
00000471907fbc19
00000472342859d9
000004727cbcd199
0000047285a22579
0000047390a35639
00000473b6a057f9
000004748f5435d9
00000475e69abb59
0000047667194c99
00000476eed8a719
000008ef29ede361
000000000253e371
0000000000000181
000004788f7db659
000004795aeb5019
0000047a67fbac39
0000047a79bddeb9
0000047ad1007919
0000047c1f042759
0000047c534b1299
0000047db1dc1199
0000047db94f1019
0000047eaac3e339
0000047eae487c19
0000047fae40ba59
0000047ff55a9c79
000004801aac1259
00000901ca593861
000000000253e371
0000000000000181
0000048155931679
000004816ea21179
00000481f94ec939
00000482d3aa0939
000004830d2d2819
000004857cd39939
00000485c3c3e159
00000487064011b9
0000048729be9c79
0000048a13a6fab9
000009146ac48d61
000000000253e371
0000000000000181
0000048aecd9f659
0000048bd24717f9
0000048c8a6d0619
0000048ca1c9bad9
0000048df3cd83f9
0000048e5cb5d659
0000048f6d4cc3b9
0000048fc0d48cd9
000004905ab08a59
000004911f202999
000004914f846c39
000004918b0101b9
00000491c341e7f9
0000049285173059
0000049350b36859
000009270b2fe361
000000000253e371
0000000000000181
000004940db82299
00000494694ee0d9
000004950e2ffa99
0000049640018b99
000004968c2662f9
00000496cbc43bb9
00000496f57976d9
000004983c4f5239
00000498e8a2f579
000004999b115cf9
0000049c7d9f14f9
00000939ab9b3861
000000000253e371
0000000000000181
0000049d00442839
0000049f7ca79139
000004a08980e599
000004a0fdc4fbb9
000004a10ab9c539
000004a2612fe459
000004a52fc74179
000004a5c12af0f9
0000094c4c068d61
000000000253e371
0000000000000181
000004a63164c9f9
000004a6bbd15499
000004a6fe1a26b9
000004a8e8fc5b19
000004aa35c558b9
000004aa52931a59
000004aadf226039
000004ab504605b9
000004ab515e6df9
000004abe9c50379
000004ad69b56c79
000004ad900b3359
000004ae55abcaf9
0000095eec71e361
000000000253e371
0000000000000181
000004b12ba4cdd9
000004b198663439
000004b20ea51979
000004b25ef248d9
000004b2f708c719
000004b344fecdf9
000004b36a165079
000004b3a8a47a19
000004b402675599
000004b477636f39
000004b5070ca8f9
000004b5109a3479
000004b51e82e9b9
000004b8aa804b19
000009718cdd3861
000000000253e371
0000000000000181
000004b902333259
000004b92c4de0f9
000004b9738c31f9
000004b9d3b1f219
000004ba77613839
000004bb1a699379
000004bb6a188159
000004bcf823c1f9
000004bd9c4a4b59
000004be9b386079
000004bf73606bb9
000004bfb3980d59
000004c0acb7a4f9
000004c0da05e779
000004c10567ce59
000009842d488d61
000000000253e371
0000000000000181
000004c216382559
000004c2dc69bd79
000004c3a9f8a1f9
000004c4e78f35f9
000004c51f21b759
000004c55b60ff79
000004c5e83a8379
000004c69fb3a1b9
000004c6f166f879
000004c83c456bf9
000004c8eec40779
000004c8fdf5d039
000004ca6fa649f9
000004cabde8d619
000004cb5e7cccf9
00000996cdb3e361
000000000253e371
0000000000000181
000004cbb89dd379
000004cd0ef5feb9
000004ce70c0e0f9
000004cedc18d439
000004cf3f575bf9
000004cf899d0719
000004cf968113d9
000004d1f078cb19
000004d25d6c9879
000004d31fa8c759
000004d4226ab339
000004d4290470b9
000004d43e331499
000009a96e1f3861
000000000253e371
0000000000000181
000004d5f54dfed9
000004d632592b19
000004d69c1b58d9
000004d6d98875d9
000004d8f98221f9
000004d92e8667f9
000004da4ee6c3f9
000004daf541e359
000004db4c6ffa39
000004dc06c53599
000004ddf1d53559
000009bc0e8a8e61
000000000253e371
0000000000000181
000004dea1dda419
000004e092d21839
000004e09cbe2059
000004e26cd91ab9
000004e2e22eb239
000004e383bc3c59
000004e387931db9
000004e3c24543f9
000004e3e7394259
000004e401f593b9
000004e45bb64e59
000004e6ef666f39
000004e7413188d9
000009ceaef5e361
000000000253e371
0000000000000181
000004e829cdf3d9
000004e88eb5ced9
000004e97ef654d9
000004e99cb030f9
000004eafca749b9
000004ec5ab6fe19
000004ec68203a99
000004ed114fbc19
000004ed6b0b07b9
000004ede4ecc039
000004ee574a32f9
000004eeb41b5c59
000004ef94c71bf9
000009e14f613861
000000000253e371
0000000000000181
000004f1b7246759
000004f3002dacf9
000004f32e7a6839
000004f397ad1079
000004f3ea1ecb39
000004f43423a859
000004f45cc91a79
000004f59f5e0539
000004f6f3420179
000004f7d5eb17b9
000004f7ec671d19
000004f7ee7d42f9
000004f9a0b033f9
000009f3efcc8e61
000000000253e371
0000000000000181
000004fa1e96cd99
000004fbbf21cd39
000004fd6c255ef9
000004fdbb1c2ab9
00000501d2197d19
00000502a6067b39
00000502d65ffad9
00000a069037e361
000000000253e371
0000000000000181
0000050378dc6ff9
000005040750f679
00000506033bbab9
00000507023e9039
000005070ebd4439
000005089ee24d99
00000508c3cae039
0000050a69a9dd19
00000a1930a33861
000000000253e371
0000000000000181
0000050da3eb5a39
0000050e00bed3d9
0000050e34d0f5b9
0000050ee07b5bd9
0000050faa755db9
00000511062e4959
000005117eba2eb9
00000511db9c1319
000005126f460319
000005141e10f139
00000515963ad959
00000515a2102259
00000a2bd10e8e61
000000000253e371
0000000000000181
000005165433c879
000005165e7020b9
00000516902f40b9
00000517eb1b6419
00000517f6cfab79
000005181ff11019
0000051a1242dd99
0000051b2fedf819
0000051c01c456d9
0000051d680c98b9
0000051e993f4f79
0000051ef1cf2ed9
00000a3e7179e361
000000000253e371
0000000000000181
0000051f7628c259
0000051fc8763bb9
0000051ff66706b9
000005200617bbf9
00000520a0db4739
00000521e01d5359
000005223e298599
0000052308bd9619
00000524d10a0119
000005251d2aeab9
000005255284b279
000005258f9701d9
00000526720e6e59
00000528152ec839
00000a5111e53961
000000000253e371
0000000000000181
0000052930c1c9d9
00000529379635f9
000005297bdacc19
0000052a13284139
0000052a2b62d839
0000052c95cdd699
0000052daa78b0f9
0000052ebb855979
00000530142119f9
000005307f1e8fb9
000005308d0beb79
00000530c656ad79
0000053181e59f99
00000a63b2508e61
000000000253e371
0000000000000181
00000532d2fd6d39
0000053346fee719
000005335fee6319
000005338e27f7d9
000005344b12a5d9
0000053589d4e619
00000536756c87d9
00000537997c0679
000005381c29ff59
000005387fc7a8b9
0000053928477979
00000539ed322ad9
0000053a0bc80e39
00000a7652bbe361
000000000253e371
0000000000000181
0000053be584be59
0000053ec333b6b9
0000053f1b9f1279
0000053f348b2459
0000053fafec6439
0000053fbfc31ab9
00000540ed148139
000005426fb36d39
000005443054f3d9
00000a88f3273961
000000000253e371
0000000000000181
00000544a9851859
00000544f202e7b9
00000546f7c71f59
00000547ad154399
00000547be5f4799
0000054860365399
0000054a4b6b86d9
0000054ae5668ad9
0000054b157499b9
0000054b4f153939
0000054c80cfd0d9
0000054cc6d3b679
0000054cedc3ee79
0000054cefd3e619
0000054d5c1257b9
0000054dabe527d9
00000a9b93928e61
000000000253e371
0000000000000181
0000054e24ac9559
0000054e26e7b5f9
0000055364525dd9
000005536d6fd5f9
00000553c32786d9
000005542dd9d759
00000aae33fde461
000000000253e371
0000000000000181
000005592cc556f9
0000055ba0b7c919
0000055c3b83c899
0000055e6b8e7679
0000055edd4fa5f9
0000055f5dd9fdf9
00000560132517b9
000005601e02b459
000005605aa230b9
00000ac0d4693961
000000000253e371
0000000000000181
0000056165070b19
000005622e69afb9
00000565691fdd99
000005673f7ac0f9
000005674be704b9
00000ad374d48f61
000000000253e371
0000000000000181
0000056a36e3cbb9
0000056ad60aeb59
0000056b95ba2eb9
0000056bde85f179
0000056bfce41f99
0000056c490d7339
0000056c87ed4179
0000056d408f1559
0000056da2673399
0000056e8256ac59
0000056fdf5ab799
0000057018477ed9
00000570f0e5a319
00000572cf86d7d9
00000572ecaa6659
000005730460cc99
00000ae6153fe461
000000000253e371
0000000000000181
0000057393bb8af9
0000057593048379
00000575fe1216d9
00000aef904a5761
000000000253e371
0000000000000181
