[MCS8 A] 97 FW 3.104 SV 1.257 
range=1024
periods=2
sweepmode=27e20d0
fstchan=0
holdafter=0
streamstatus=3
calreg0=0
calreg1=0
calreg2=0
calreg3=0
swpreset=8000        
prena=1
syncout=0
cycles=18
sequences=1
tagbits=16
vdac0=92c
vdac1=807
vdac2=8c8
vdac3=8c8
vdac4=8c8
vdac5=8c8
vdac6=8c8
vdac7=8c8
timepreset=120.000     
digio=0
digval=0
autoinc=0 
savedata=2 
mpafmt=asc
sephead=0 
fmt=asc
smoothpts=5 
[CHN1]
REPORT-FILE from 06/22/2026 16:08:12.424  written 06/22/2026 16:08:12
cmline0=06/22/2026 16:08:12.424 
cmline1=A1
range=1024
active=1
bitshift=4
cftfak=2580100
evpreset=10          
roimin=0
roimax=1000
caloff=0.800000
calfact=12.800000
calfact2=0
calfact3=0
calunit=nsec
caluse=1 
[CHN2]
REPORT-FILE from  written 06/22/2026 16:08:12
cmline1=A2
range=1024
active=0
bitshift=4
cftfak=2580100
evpreset=10          
roimin=0
roimax=1000
caloff=0.800000
calfact=12.800000
calfact2=0
calfact3=0
calunit=nsec
caluse=1 
[CHN3]
REPORT-FILE from  written 06/22/2026 16:08:12
cmline1=A3
range=1024
active=0
bitshift=4
cftfak=2580100
evpreset=10          
roimin=0
roimax=1000
caloff=0.800000
calfact=12.800000
calfact2=0
calfact3=0
calunit=nsec
caluse=1 
[CHN4]
REPORT-FILE from  written 06/22/2026 16:08:12
cmline1=A4
range=1024
active=0
bitshift=4
cftfak=2580100
evpreset=10          
roimin=0
roimax=1000
caloff=0.800000
calfact=12.800000
calfact2=0
calfact3=0
calunit=nsec
caluse=1 
[CHN5]
REPORT-FILE from  written 06/22/2026 16:08:12
cmline1=A5
range=1024
active=0
bitshift=4
cftfak=2580100
evpreset=10          
roimin=0
roimax=1000
caloff=0.800000
calfact=12.800000
calfact2=0
calfact3=0
calunit=nsec
caluse=1 
[CHN6]
REPORT-FILE from  written 06/22/2026 16:08:12
cmline1=A6
range=1024
active=0
bitshift=4
cftfak=2580100
evpreset=10          
roimin=0
roimax=1000
caloff=0.800000
calfact=12.800000
calfact2=0
calfact3=0
calunit=nsec
caluse=1 
[CHN7]
REPORT-FILE from  written 06/22/2026 16:08:12
cmline1=A7
range=1024
active=0
bitshift=4
cftfak=2580100
evpreset=0           
roimin=0
roimax=1000
caloff=0.800000
calfact=12.800000
calfact2=0
calfact3=0
calunit=nsec
caluse=1 
[CHN8]
REPORT-FILE from  written 06/22/2026 16:08:12
cmline1=A8
range=1024
active=0
bitshift=4
cftfak=2580100
evpreset=0           
roimin=0
roimax=1000
caloff=0.800000
calfact=12.800000
calfact2=0
calfact3=0
calunit=nsec
caluse=1 
;MCS8 #97 Sversion=1.257 Fversion=3.68
time_patch=1
;datalength=8 bytes
;bit0..3: channel# 1..8 ( 4 bit)
;bit4: edge 0=up / 1=dn ( 1 bit)
;bit5 ..57: timedata    (53 bit), max sweep length 2001.6 h
;bit58..62: tag0..tag4  ( 5 bit)
;bit63:     data_lost   ( 1 bit)
[DATA]
0000000000000016
00000000a62b7659
00000000c0286f99
00000000d6f7a3f9
00000000e794c999
00000001dd33a1d9
000000024f381d39
0000000314ab0ff9
0000000379d1a519
00000003d20f42d9
0000000614e318d9
0000000763a8c5f9
000000078c91d6b9
000000078db55f59
00000008443b9d59
00000009ca37c6f9
0000000b25dca6b9
0000000c28817c79
0000000d021ac799
0000000e0f7cea99
0000000fb0d36b39
00000021570d3661
000000000216ce71
0000000000000181
0000001177951ed9
000000119b837bd9
00000012d065e359
0000001496341e19
00000014c7d2db79
0000001526aa9819
00000017b3c25c79
00000033f777e661
000000000216ce71
0000000000000181
0000001a6de2a639
0000001aa4400659
0000001b18a7a859
0000001da8047a59
0000001dfb45efd9
0000001ef39f6fb9
0000001efb982d99
0000001f974c11f9
0000001fc50d40f9
0000001fc50d4b19
000000202d2945f9
00000022f15b9f19
0000004697e29761
000000000216ce71
0000000000000181
000000235283ff39
00000026644499d9
000000269f7fdc79
00000027ff8f7f79
00000028d54d7239
00000029d2d91c79
0000002bb5d362b9
0000002bc54fb0f9
0000002bd0090ff9
00000059384d4761
000000000216ce71
0000000000000181
0000002e545eb3b9
0000002e66843ef9
0000002f2a56e859
0000002fbb48bf99
0000002fd079f039
000000300556cb79
000000302d30ff59
000000304db92e59
00000030cc68bff9
000000312918bb59
0000003162019ff9
000000328c6bc899
0000003365799799
00000033f63a2d39
0000003437f58099
00000034a49d3cd9
0000006bd8b7f761
000000000216ce71
0000000000000181
00000035f73e82b9
0000003659924c39
00000037e90de119
0000003a3f135c19
0000003b50a158d9
0000003c9e5fcc19
0000003d216c0559
0000003d216c0759
0000003d78cc9699
0000003e9bb655f9
0000003eae23acf9
0000003f22b1f699
0000003f347d7e59
0000007e7922a861
000000000216ce71
0000000000000181
00000044d4433d19
00000045198a7c79
000000451e3d24f9
00000091198d5861
000000000216ce71
0000000000000181
00000049429d8e39
00000049c695e4b9
0000004a82b23c79
0000004d25dc0ef9
0000004dbade4679
0000004ee06d9b59
0000004f983dcff9
0000004ffccbdb19
000000505ab462f9
000000508abf9ed9
00000050d30e54d9
000000514b190b19
000000a3b9f80861
000000000216ce71
0000000000000181
000000520eb868f9
000000538b7a5179
0000005431f442f9
00000055d80c7059
000000568b3aed59
000000582c2d1cb9
000000584e68c9b9
0000005857d8d459
00000058d1820b59
0000005a91460779
000000b65a62b861
000000000216ce71
0000000000000181
0000005e12d289f9
0000005e34369c39
0000005f7eeb0839
00000060c3f0f3b9
00000062051a4599
000000626cd0a419
00000063b8a01259
000000c8facd6961
000000000216ce71
0000000000000181
00000064a41a6839
00000064d89792d9
00000068bbd088b9
00000069141e8419
00000069a5fb9a39
0000006a97db9cd9
0000006adf594019
0000006c955f59b9
0000006d2a94a819
0000006d9f6b45f9
000000db9b381961
000000000216ce71
0000000000000181
00000070b679b819
000000710ce036f9
0000007110988399
000000717eaf0a59
000000721e0296d9
00000072b688edf9
000000730ab76d59
00000073181cc9b9
0000007349e34b59
00000074e6342739
000000ee3ba2ca61
000000000216ce71
0000000000000181
0000007893a5d959
0000007a13675ad9
0000007af08eceb9
0000007baae39559
0000007bac438139
0000007bf4675539
0000007c4ed1b679
0000007c8eecfe39
0000007d381816f9
0000007ffc4ca439
00000100dc0d7a61
000000000216ce71
0000000000000181
00000081064de7b9
00000085b3055e39
00000088449bcb19
0000008965343019
0000008997695859
000001137c782a61
000000000216ce71
0000000000000181
0000008a7fc0d639
0000008aeca891d9
0000008b9074cc59
0000008bc3d7bbf9
0000008d86b72859
0000008db1cafcf9
0000008e26f2d939
0000008e6e3a5639
0000008f767d72f9
0000008fba7a41b9
00000090b21d0979
000000910d0afd39
0000009243ca9b59
000001261ce2db61
000000000216ce71
0000000000000181
00000094cc88c6d9
000000954ac594f9
00000096afdd0539
00000097a4f4cfb9
0000009806190ad9
00000098d13b3399
000000992277c8f9
0000009999d3ab19
0000009a1967b199
0000009b084e9319
0000009b11fc2439
0000009baebf4ed9
00000138bd4d8b61
000000000216ce71
0000000000000181
0000009cf9094739
0000009d68c5d7f9
0000009ddd09fa79
000000a00ed2b879
000000a163b6a559
000000a166e52b99
000000a34e9427d9
000000a37f5ac339
000000a38be38739
000000a45e30ead9
000000a5237983b9
0000014b5db83c61
000000000216ce71
0000000000000181
000000a5c6656619
000000a5e1e3e1b9
000000a5ea995699
000000a63fa5d4b9
000000a797476099
000000a99286f7b9
000000ab54a5f219
000000ac736af699
000000adde6321b9
000000aebe553959
0000015dfe22ec61
000000000216ce71
0000000000000181
000000aff96ffbd9
000000b457bd37d9
000000b5b49296b9
000000b5f3b75279
000000b7adae5d99
000000b822670139
000001709e8d9d61
000000000216ce71
0000000000000181
000000b89102b619
000000b898ff4e39
000000ba3bb60199
000000baf08f8839
000000bb7e52d2f9
000000bbffc85c99
000000bccff4ea39
000000bcd417be19
000000bd405664d9
000000c02d25ed59
000001833ef84d61
000000000216ce71
0000000000000181
000000c219198e59
000000c4fd97ad99
000000c581e1c979
000000c5bbbba179
000000c5c3cedaf9
000000c67d89c059
000000c79b23ae59
000000c7b412e3d9
000000c8b3aeaa59
000000ca40c6a599
000000caa97853d9
00000195df62fe61
000000000216ce71
0000000000000181
000000cd5c4b1a39
000000cde0cf3459
000000cf27e414d9
000000d03b98e219
000000d1a957b9b9
000000d1da195639
000000d1ef37aef9
000000d1f7bcd499
000000d24cd59619
000000d2bbf796d9
000001a87fcdae61
000000000216ce71
0000000000000181
000000d63cfe9ab9
000000d6b46e5279
000000d729cfa359
000000d8031dbaf9
000000d8ec7fbfd9
000000da37422a79
000000da563a64d9
000000da5e9234b9
000000da80e6ac39
000000db05bd7ff9
000000dbb66525d9
000000dc0525acf9
000000dd750405b9
000001bb20385f61
000000000216ce71
0000000000000181
000000decde2e799
000000e540bd2179
000001cdc0a30f61
000000000216ce71
0000000000000181
000000e6fe3c6a39
000000e8c6cc17d9
000000e943b4f3b9
000000e94842da59
000000e98af350b9
000000ea99e8a4b9
000000eac00db979
000000eaf451c2f9
000000ee4cf7c919
000000ee528e49d9
000000f01f79fbb9
000001e0610dc061
000000000216ce71
0000000000000181
000000f12dce3059
000000f1c899cf59
000000f24a9922f9
000000f261743cf9
000000f60fc5c379
000000f68cd38e59
000000f6962be639
000000f858bf48f9
000000f870a7cab9
000000f8a67a7499
000000f944c64679
000001f301787061
000000000216ce71
0000000000000181
000000fab1b78919
000000fb04746119
000000fc48f64ff9
000000fe6e923c39
000000ff648e93b9
00000205a1e32161
000000000216ce71
0000000000000181
00000102db1b3bb9
0000010357878579
00000104c30bd699
00000104f88c5cb9
00000107333d9379
00000107d57e39f9
00000108c2a0fd39
000001093e6c5199
00000109dd318039
00000218424dd161
000000000216ce71
0000000000000181
0000010eac1ea679
0000010eebb342f9
000001103499c3f9
00000110abe4c559
00000110b2a18539
000001144e0ddd59
00000114bce121d9
0000022ae2b88261
000000000216ce71
0000000000000181
0000011579b23fd9
00000116ee010199
00000116f47a8459
0000011747154d99
000001174a8801f9
00000118a57fcb79
00000118bb024159
00000118f20092f9
0000011a8db89e19
0000011a91262f99
0000011d96e60b19
0000023d83233261
000000000216ce71
0000000000000181
0000011eca7a4659
0000011ee59fb979
0000011ef4253159
0000011ffc277179
00000121a687fd19
00000122b070c4d9
000001232972b2f9
00000123d369ae19
000001240d74e519
00000124f42a9cb9
00000250238de361
000000000216ce71
0000000000000181
0000012acd92b919
0000012b2c9e8899
0000012b5348d399
0000012ce7f48ad9
0000012e12ad57b9
0000012e65dea099
0000012f0acc38d9
000001303a6b0f19
00000262c3f89461
000000000216ce71
0000000000000181
00000131917102d9
00000135b266d479
00000136a5e61c99
0000013738167c39
00000137863dc8f9
0000027564634461
000000000216ce71
0000000000000181
0000013b151655f9
0000013bad161e19
0000013c135692f9
0000013cdcd92f19
00000140059d94d9
0000014042c6da59
000001409f7326f9
00000140e6145cf9
000001411ea11f79
000001412c0cb099
00000141f72b4939
0000014395da29b9
0000028804cdf561
000000000216ce71
0000000000000181
00000144d86ed3d9
000001453d3ce859
000001459917a4b9
00000145eaccbbb9
00000149f03ea1d9
0000014a732af379
0000014ae375cc79
0000014b2e6bf499
0000014bd72d8ab9
0000014cb3e5f2b9
0000029aa538a561
000000000216ce71
0000000000000181
0000014d95221d59
0000014e546f6759
0000014f0183fd99
0000014f46575d39
000001502256a8b9
0000015374b13a79
00000153c8e1be99
000001563903e7f9
000002ad45a35661
000000000216ce71
0000000000000181
00000156cac1cbb9
000001570f73b359
000001597a0da479
0000015ac7c0b559
0000015ba583d1f9
0000015bc2a6dbb9
0000015c936b4739
0000015cd595b3b9
0000015f444f3019
000002bfe60e0761
000000000216ce71
0000000000000181
00000160210dbed9
000001607c082bf9
000001607e4e01b9
00000161dc72ca99
000001627f6e4179
00000165240e33b9
0000016575200eb9
00000165dccf5039
000001665d346b19
0000016698fd8879
0000016878b006b9
000002d28678b761
000000000216ce71
0000000000000181
0000016a80550959
0000016aa2e08b39
0000016aec64c819
0000016b4d7cf0b9
0000016ba8701a19
0000016bf1a2a379
0000016d1e3bce79
0000016e789692d9
0000016f6ed6e0b9
000002e526e36861
000000000216ce71
0000000000000181
00000172c09a5bf9
00000172de5fbbf9
00000174a4a5d319
00000174b63eb519
000001765068d9d9
00000176f2898519
000001791fcfc879
00000179992a6599
0000017a8befe239
0000017b37a06059
000002f7c74e1961
000000000216ce71
0000000000000181
0000017c773b87b9
0000017d6f646399
0000017d7a3f65d9
0000017edef28f99
0000017ee7e78139
0000017f3fce3859
0000017f9762df59
0000017fa9761e99
0000018122fd9719
00000181dd315b79
00000183d1b5e839
0000030a67b8c961
000000000216ce71
0000000000000181
00000186c2dafe19
0000018784d3a759
00000187b414fa99
00000187caa514f9
0000018812244c39
0000018aa137bf79
0000018b63a8c919
0000018cdc405a79
0000018cf03ed719
0000018dfce06f19
0000018e2739bcf9
0000031d08237a61
000000000216ce71
0000000000000181
0000018ebae3bcd9
0000018ed00c32b9
0000018eea6e7719
0000018ef31e42b9
0000018f65881099
0000018fc5820c79
000001910e5468b9
00000191274f8239
00000191c66db2b9
0000019313d6a9d9
0000019458153d79
000001945d5275b9
00000195d0149039
00000196595b3859
00000197d0d17839
0000032fa88e2b61
000000000216ce71
0000000000000181
00000197ec774219
00000198dce52d99
00000199329b6f39
000001995850b859
0000019b0496d299
0000019cde6da9f9
0000019e054ae239
0000019e8e4d8419
0000019fade99a39
0000034248f8dc61
000000000216ce71
0000000000000181
000001a18d15a299
000001a33d975499
000001a54a76c039
000001a59c052039
000001a5fedcb4b9
000001a71e826759
000001a7230f75f9
000001a728c5d2f9
000001a8bfc91b39
000001aa5c610cb9
00000354e9638d61
000000000216ce71
0000000000000181
000001abd9790759
000001ac6d93a259
000001ac7bdff879
000001ad936a7259
000001aef7f8a039
000001af58787e59
000001af720a9019
000001b0f7a34a79
000001b26cdb90d9
000001b2cb6cad99
0000036789ce3d61
000000000216ce71
0000000000000181
000001b405b7ea59
000001b5721c1ed9
000001b5fb5ad7b9
000001b62ca1b899
000001b659e8ba99
000001b6f12b67f9
000001b728e16119
000001b77e230079
000001b9905179f9
000001b995f6f199
000001ba3691cbb9
000001ba3d673559
000001ba3d674979
000001bb436c11f9
000001bb7f2c9f19
000001bc4ad6b2b9
000001bc5287b559
0000037a2a38ee61
000000000216ce71
0000000000000181
000001c1ce38f619
000001c1ef205219
000001c21059d319
000001c29e638079
000001c3fb3c8059
000001c5f47de5d9
000001c622eeb199
0000038ccaa39f61
000000000216ce71
0000000000000181
000001c680f1b7f9
000001c75ba74439
000001c940b10f59
000001c98de2e0f9
000001c9b2689579
000001ca1c09bbf9
000001ced4e13179
000001cfb00303f9
0000039f6b0e5061
000000000216ce71
0000000000000181
000001d048412bf9
000001d0a1c55bf9
000001d262b9db59
000001d290e88ad9
000001d2a30b4a59
000001d327ab9f99
000001d3392da6f9
000001d46e08b999
000001d4dabcf599
000001d531c0bd99
000001d5d87322b9
000001d72f2d4af9
000001d72f2d5379
000001d80a240999
000001d820471a79
000001d859ed0559
000003b20b790161
000000000216ce71
0000000000000181
000001d9905b5919
000001d9b8500779
000001db51967459
000001dc052fabb9
000001dd72a8ad99
000001de8abac519
000001de8ff6d879
000001deaaa6add9
000001e1435b7df9
000001e230f52339
000003c4abe3b261
000000000216ce71
0000000000000181
000001e2f2b04759
000001e3c6c61d19
000001e3d7025d99
000001e47ca31ff9
000001e6ab83dbb9
000001e7d1984159
000001e87df2d059
000001e8932664d9
000001eb22762959
000001eba2f00779
000003d74c4e6361
000000000216ce71
0000000000000181
000001ec545b92d9
000001ec6538ce79
000001ec6a2d6259
000001ede4d131b9
000001ee260bbd59
000001eee104abd9
000001ef5f4fe399
000001f009076ed9
000001f179a00879
000001f1c1bd4eb9
000001f1c2529c19
000001f1fed48b79
000001f310e2ab99
000001f4080bd4f9
000003e9ecb91461
000000000216ce71
0000000000000181
000001f52f887fd9
000001f74e89db79
000001f91ec58b59
000001f91ed27bf9
000001fab3a0bc79
000001faf5936f39
000001fbd5a91d59
000001fd8982d1d9
000001fdd4402f19
000003fc8d23c561
000000000216ce71
0000000000000181
000001fff13b4b79
000002004be00e59
0000020057f865d9
000002010571e5b9
0000020145848319
00000201c8cc7099
00000201dd87e8f9
00000202147a0799
0000020232082359
0000020250f94419
000002056f99e3d9
00000205c4b292d9
0000020705a6c759
00000207691cd279
0000040f2d8e7661
000000000216ce71
0000000000000181
0000020941536f99
000002094e0b2819
0000020a59731919
0000020ae01ca339
0000020b808906d9
0000020bb30b9439
0000020df502d179
0000020e62239b59
0000020f4af62c79
00000421cdf92761
000000000216ce71
0000000000000181
00000211b612f659
00000212a683a139
00000212b0c91259
00000212fa4f88d9
000002131a5362f9
00000213aa13f199
0000021460e72599
00000214e5a61639
00000215a95aeb79
0000021646231ad9
00000216b22f16f9
00000217152d9539
00000217fa6bb019
000002180a2ce879
00000218f9ecbf19
000004346e63d861
000000000216ce71
0000000000000181
0000021a81c13999
0000021b10f14939
0000021c95b1e1b9
0000021e204d9d19
0000021f3dd30bd9
0000021f61f927d9
000002200d8b62f9
000002206a3a6719
0000022256fcb7b9
00000222b78911f9
00000222bc352019
00000222f1a7e339
0000022373fa7df9
000004470ece8961
000000000216ce71
0000000000000181
00000223b0286539
00000223e3ff9619
000002267ae72039
0000022711948219
00000228faf84af9
0000022994c753b9
00000229e55be059
0000022a1fc056d9
0000022ade15cd39
0000022c5f5e2219
0000022ca55d74d9
00000459af393a61
000000000216ce71
0000000000000181
0000022d2944f719
0000022da8560439
0000022e38129a39
0000022ee4fb21f9
0000022f7d95d379
0000022f91c408b9
0000022fbf6193f9
00000230641fa859
00000231e1139539
0000023319c047d9
000002331accdfb9
000002342f720bd9
000002343a458959
0000046c4fa3eb61
000000000216ce71
0000000000000181
0000023668c43679
0000023726f129b9
0000023757e99c19
00000237884ac079
00000238d7f3e579
00000239033ff599
0000023906e32459
000002397d4289d9
00000239d3ff89f9
0000023c122831d9
0000023d67257879
0000023db74ab0f9
0000023dd4a46079
0000023e10eee219
0000023ee38f1ad9
0000023f6ca3b039
0000047ef00e9c61
000000000216ce71
0000000000000181
0000024000ed2959
00000241197c8a39
0000024130b10dd9
000002438a5266b9
000002438ea24d79
00000244693b1159
00000247fab468d9
0000024819c0c0b9
00000248ab5a1e99
0000049190794e61
000000000216ce71
0000000000000181
000002496d1cffb9
0000024af6148859
0000024bcb896d79
0000024c521001f9
0000024da54006f9
00000250e885b719
000002513a10a179
00000251827d31f9
000004a430e3ff61
000000000216ce71
0000000000000181
00000252a3ebfa79
00000252aa031e59
000002530bffda99
000002535a002b39
000002568acfc6d9
000002587c953479
000002595ca3bb39
0000025984436379
000002598493acd9
0000025a34874db9
0000025a6ffe7939
0000025afec823f9
0000025b59b12299
000004b6d14eb061
000000000216ce71
0000000000000181
0000025b6e3bdff9
0000025c5955b179
0000025d2a5e00b9
0000025de8088719
0000025f6ad31fd9
0000025f6ea40019
0000025fa1920739
0000026012a462b9
000002622d5d2599
000002633c9a1b59
0000026367a59f39
00000263b97d5a99
0000026418018099
00000264b79d2939
000004c971b96161
000000000216ce71
0000000000000181
00000264c6d2ab59
0000026615b77639
00000267851cc8d9
0000026893174d79
00000269ac416499
00000269de5555b9
0000026a1b55c859
0000026d1c3585d9
0000026dde69e299
000004dc12241361
000000000216ce71
0000000000000181
0000026e5d921139
0000026e65e1d499
0000026efa642759
00000270310ffbb9
00000271fd621299
00000272ab1c8a79
00000272fccf8f99
000002746f1f5839
0000027552301b59
000002755b39c299
0000027580c37159
000004eeb28ec461
000000000216ce71
0000000000000181
000002779f568cf9
000002784cce45b9
00000278fe2af579
0000027c34f902d9
0000027dcf203799
0000027e01560db9
0000027ff51cdc19
000002807fb5a0d9
0000050152f97561
000000000216ce71
0000000000000181
000002810aa8d0d9
00000281f02bd919
0000028598da7479
00000285bca61279
00000286d2d78cd9
0000028801ba4999
00000289059d0679
0000028936a217b9
00000513f3642661
000000000216ce71
0000000000000181
0000028e66968c79
000002901d3f91d9
0000029022bea299
00000290e60bdb19
00000291cece8179
0000052693ced861
000000000216ce71
0000000000000181
000002936d651f19
00000293baf46e59
000002945958a3d9
000002957e116df9
000002963d0fd459
000002966db76139
000002967822f399
0000029770bf7479
000002998dfd6379
00000299c79b2499
0000029accd4c959
0000029b2c327ef9
0000029bd7e2d4f9
0000053934398961
000000000216ce71
0000000000000181
0000029de5571899
0000029f21bc9bf9
000002a02ceebbd9
000002a074460b19
000002a0b4f80119
000002a23c291639
000002a2753373b9
000002a28dee8cd9
000002a2d1907759
000002a314066619
000002a4a3ae53b9
000002a5a5cfe099
0000054bd4a43a61
000000000216ce71
0000000000000181
000002a7388cca79
000002a7abbbbd99
000002a7adb13739
000002a7f2b49399
000002a9e3a2f8b9
000002aac2ce3239
000002ab12736ed9
000002aec2b49959
000002af09e015b9
000002af200e77d9
000002af34d03bb9
0000055e750eeb61
000000000216ce71
0000000000000181
000002b01ad362d9
000002b02396af59
000002b1d2733939
000002b25a0e9a39
000002b309d3fef9
000002b3bb4b65f9
000002b425945f39
000002b42cda5219
000002b4b4614439
000002b718a45579
000002b747163bb9
0000057115799d61
000000000216ce71
0000000000000181
000002b8af035e19
000002b8cf488c99
000002b982979ed9
000002bc8cd5bad9
000002bd902d94b9
000002bdcd455a99
000002be472756f9
000002be5da2b239
000002be9b379359
000002bfe3730419
000002c0b4c8baf9
000002c139a97f59
00000583b5e44e61
000000000216ce71
0000000000000181
000002c39cd41499
000002c45cffc359
000002c489e016f9
000002c8d0f00d99
000002c95903de59
000002cae0569039
00000596564eff61
000000000216ce71
0000000000000181
000002cb3871c8f9
000002cecb899f59
000002cfc3f43499
000002d17e8e1559
000002d19af597d9
000002d1f1a709d9
000002d2457adcd9
000002d392af8519
000005a8f6b9b161
000000000216ce71
0000000000000181
000002d59a560919
000002d639a34419
000002d6b246b1d9
000002d733a61f39
000002d7a3573179
000002d904026919
000002d99e142639
000002da5c439fd9
000002dd810ce2d9
000005bb97246261
000000000216ce71
0000000000000181
000002de2c749479
000002de6760f1b9
000002dead934e79
000002e14e9f7b59
000002e2aff7be19
000002e4cd10e9b9
000002e510938d99
000002e6b47e5b39
000005ce378f1361
000000000216ce71
0000000000000181
000002e76fae6bd9
000002e8a14cf339
000002eb63f79cf9
000002ee1d2a4159
000002ee7d559079
000002ef184a09d9
000002eff6c0ec19
000005e0d7f9c461
000000000216ce71
0000000000000181
000002f195d185d9
000002f2de319cf9
000002f34dfa0a99
000002f368d33fd9
000002f36b6fed39
000002f3df3a9c59
000002f47951f739
000002f52644a619
000002f6fcc314f9
000002f7a8c60ad9
000002f82dd276b9
000002f83304d899
000002f900652419
000002f97c509d99
000005f378647661
000000000216ce71
0000000000000181
000002fdd0c250f9
000002fdedb26e79
000002fe94ccc799
000002fed0fae379
000002feeab09119
000002feee2f6a79
000002fef3ca2a19
000002ffe7c42ab9
0000030200084159
0000060618cf2761
000000000216ce71
0000000000000181
000003051d4146d9
00000305381d5179
00000306ea046bf9
0000030722b3b6d9
00000307237f6759
000003079e03a2b9
00000307bf0587f9
00000308d8c54f19
0000030945382df9
0000030a5b41cd39
0000030ac01feff9
0000030ad3562819
0000030ae029c059
0000030bacbc4959
0000030bcc79e8f9
0000030c47ef6b59
00000618b939d861
000000000216ce71
0000000000000181
0000030c63f5f2f9
0000030cf91f0539
0000030df2aead79
0000030ec12320b9
0000030f439abfb9
0000030f46b25eb9
00000310f0c10ad9
00000312c8bd83f9
0000031379df4bf9
00000314d55aef39
0000062b59a48961
000000000216ce71
0000000000000181
000003176b7c95d9
00000317c30d9179
00000318e66ae939
00000318ebcd4959
0000031913468619
0000031987332979
0000031a8be3b619
0000031a94808959
0000031ade488119
0000031bbc09f639
0000031e4fffc1f9
0000031eb5fce359
0000031ed079c8b9
0000063dfa0f3a61
000000000216ce71
0000000000000181
0000031f020497b9
0000031ff067ce39
00000321124f5559
000003224c549519
00000324640a98f9
00000324b7270079
00000324b7400699
0000032543c4d5f9
000003272a263159
000003275de3ff99
00000327af3c7e59
0000032834a8dff9
000006509a79ec61
000000000216ce71
0000000000000181
00000329750ceb19
0000032a59060339
0000032ac128e639
0000032b26e65e99
0000032b969c30d9
0000032c5bf40c59
0000032e781cbeb9
0000032eea0c3d99
0000032f1622b479
0000032f351eb1b9
0000033078598299
00000330d7ccde99
000006633ae49d61
000000000216ce71
0000000000000181
000003332c7ee3b9
0000033494924a99
00000334cf80d119
000003356142d7f9
00000335b70ee839
00000335dcf842f9
00000338b32887d9
0000033a7bd6fdd9
00000675db4f4e61
000000000216ce71
0000000000000181
0000033bb8756339
0000033c68a35179
0000033d0056ea19
0000033dcc4516b9
0000033f6d366179
0000033fe6c5da99
000003417a360399
00000341d7d88119
000003421b0ae799
000003426e804719
00000342955bb9b9
000003431c9ecaf9
00000343dea45279
000006887bb9ff61
000000000216ce71
0000000000000181
000003457a8f8b39
00000346050dadb9
000003460ed556d9
00000346ed9102d9
000003487d202179
000003493771c1f9
0000034a7828a4f9
0000034ad44dc5b9
0000034b1b2e7ef9
0000034bca049599
0000034cc3baf919
0000034d555017f9
0000069b1c24b161
000000000216ce71
0000000000000181
00000350e64f0a99
000003520105d2f9
0000035310c5c819
00000354ef65e5d9
00000354fddf3eb9
000003557bdebfb9
000006adbc8f6261
000000000216ce71
0000000000000181
00000356ea359e19
00000357083902b9
00000357b5029af9
000003588df84159
0000035890ccfd59
000003589d5ec1f9
00000358d7769499
000003590c574cb9
000003596803f5b9
0000035a8ad928d9
0000035abe566c39
0000035b726097f9
0000035b75209619
0000035c7df89819
0000035d8a133079
0000035dc3bd9b59
0000035ddb9c7139
0000035e6371a699
0000035fb366d959
0000035fc072bfb9
000006c05cfa1361
000000000216ce71
0000000000000181
00000360786d57b9
0000036085aef559
00000360a541b6d9
0000036149367819
0000036284fde459
00000363468c2fd9
00000363f86e29f9
0000036401aec219
000003640a106639
00000364e5127479
00000367987f15d9
000006d2fd64c461
000000000216ce71
0000000000000181
00000369c31945b9
0000036a0108af19
0000036adf218bd9
0000036af01b1099
0000036b0377bd39
0000036d94d67899
0000036d9f1c4339
0000036e3f1e8359
0000036e8e4aac19
0000036ef9eb2539
0000036f3938f5b9
0000036f86145a99
0000037297c2ee59
000006e59dcf7661
000000000216ce71
0000000000000181
00000372e9ccd9d9
00000372ead56959
00000372f62014b9
0000037326403ad9
0000037334bfa019
0000037375018a39
0000037382163af9
0000037449a47059
00000374593c9f99
00000374a531dd39
000003761effd459
00000377240ccab9
0000037891e27b99
0000037b67bd1759
0000037c14010eb9
000006f83e3a2761
000000000216ce71
0000000000000181
0000037ca2a5f7f9
0000037d225c4db9
0000037dda338299
0000037ea3591a79
0000037f55cb67d9
0000037fe4e32459
0000038010755e19
000003804e9b6dd9
00000380ca8bb3f9
000003830dbebdd9
00000383a3749039
000003849cd9d479
0000070adea4d861
000000000216ce71
0000000000000181
0000038753fb67f9
000003875d446d39
0000038a0d9c6c99
0000038a1529d879
0000038bc6402c39
0000038d2ea4c679
0000038d443f29b9
0000038d94835959
0000071d7f0f8a61
000000000216ce71
0000000000000181
0000038fba99f599
00000392fe483d99
000003938ca89799
000003943670aa19
00000394ffe54459
00000395c4454c99
00000396e4bc3cf9
00000397323ddd59
000007301f7a3b61
000000000216ce71
0000000000000181
00000398798a1659
0000039ac6ea7cf9
0000039ad4daf519
0000039b2f7dbd39
0000039cf09d90f9
0000039d0eac5a59
0000039f06a4f259
000003a1488c6bb9
00000742bfe4ec61
000000000216ce71
0000000000000181
000003a21fda32d9
000003a2f91ea7f9
000003a316daf079
000003a447ae8cb9
000003a651bf9479
000003a690bd4fb9
000003a6fc16b1d9
000003a753bfdf99
000003a78e226439
000003a850c36b99
000003a8a8e777b9
000003a8e6fb2799
000003a9ebb9a4b9
00000755604f9e61
000000000216ce71
0000000000000181
000003aac6129d19
000003ababc514f9
000003ac1b7df819
000003ac45cf9879
000003ad3555c979
000003ad48cdd039
000003ae2b478cb9
000003ae4b8ebb59
000003ae51ec2699
000003aef47ab9d9
000003af29627a99
000003afda6f2dd9
000003b0702b8e99
000003b0e9489a59
000003b11f0aae19
000003b12a9c2319
000003b13b1ecbf9
000003b1b6992ef9
000003b27766a219
000003b27766bb39
000003b3f91697f9
0000076800ba4f61
000000000216ce71
0000000000000181
000003b60987a979
000003b82b968dd9
000003b87d1e04d9
000003b893093cf9
000003b8d4fa6259
000003b944778db9
000003ba8ea4e879
000003bba8607859
000003bbbd9cae19
000003bcc7e4a559
0000077aa1250061
000000000216ce71
0000000000000181
000003bda72b0159
000003be9f7cc099
000003bf41e853f9
000003c0d0f6c159
000003c25bc6d7f9
000003c3532dcad9
000003c4fcd89699
000003c574de8ab9
0000078d418fb261
000000000216ce71
0000000000000181
000003c758b19239
000003c7b25f2a99
000003c83fa0e719
000003c8d55d4f99
000003cadfa50fd9
000003caf27181d9
000003cb14dd4779
000003cb23994339
000003cc36d09b19
000003cc74df90f9
000003cc79819099
000003ccd83d0299
000003ccf311f7b9
000003cd1eef9c59
000003cde0640839
000003ce0ed6e2f9
000003ce5e9cbef9
000003cead4f8c19
000003cec9db1dd9
000003cef87a3e19
0000079fe1fa6361
000000000216ce71
0000000000000181
000003cff2b8ec99
000003d04f0a9919
000003d10963b979
000003d2032b45d9
000003d20ff16679
000003d215841859
000003d4e404f439
000003d5dc804799
000003d5f5bd27f9
000003d67b6aaa99
000003d6af59e9f9
000003d702da6ff9
000003d731f09c39
000003d76c915179
000003d88beb8319
000007b282651461
000000000216ce71
0000000000000181
000003d9b5519999
000003daf6c71439
000003ddcdd183b9
000003ddfb427639
000003dfeee889d9
000003e0e193d799
000007c522cfc661
000000000216ce71
0000000000000181
000003e2e899dc19
000003e327286879
000003e39bec04f9
000003e5564754f9
000003e58856ccf9
000003e702a1fd79
000003e71425e399
000003e7465185b9
000003e9aa1475b9
000003ebdcaade99
000007d7c33a7761
000000000216ce71
0000000000000181
000003ecfbb691d9
000003ed4fba0b79
000003eea129dd39
000003eed4562f59
000003eed915d639
000003ef9483b699
000003efedd20fd9
000003f0c2fb22b9
000003f1cd629639
000003f2fb71bdb9
000003f37cb585d9
000003f407dcc9b9
000003f4ddd2e419
000007ea63a52961
000000000216ce71
0000000000000181
000003f55f640319
000003f5e588b139
000003f73f883219
000003f7bf01c1b9
000003f8f4a22fd9
000003f902546199
000003faf1293d59
000003fbfa2ea199
000003fc8a54e439
000003fce06aec39
000003fd10a1ed59
000003fd41d85279
000003fe2df32699
000007fd040fda61
000000000216ce71
0000000000000181
000003ff757a69f9
00000400d1eb8ab9
00000401d1ada499
000004023fd87e99
0000040281e631f9
00000402bd549d79
00000403c74e5bb9
00000404839b3e59
00000404e9cf4d39
00000405f5926099
00000406e5adcdf9
0000040788d70759
0000080fa47a8c61
000000000216ce71
0000000000000181
0000040ad86ada19
0000040b3ab03f79
0000040b54108b79
0000040bdb5b4b59
0000040bf04399b9
0000040bfef82e99
0000040cfbbe5c99
0000040de5bfb1f9
0000040e9274d979
0000040eda13d799
0000040f029eecb9
0000040f551bfa39
000004108eca56b9
0000082244e53d61
000000000216ce71
0000000000000181
0000041177e0e919
0000041250ebc779
000004129cf52cd9
000004144731fcf9
00000416aa5ecbb9
0000041789c33cf9
00000417ad5756d9
00000418319375d9
00000418b3c05359
00000419c399f659
0000041a5f4324f9
00000834e54fef61
000000000216ce71
0000000000000181
0000041c3937a5f9
0000041dc8d5fbf9
0000041e207a5099
0000042100da68d9
00000421af48fab9
00000421d1afcab9
00000422584bc559
00000422724a9099
00000423069dc1d9
00000423915389b9
0000084785baa061
000000000216ce71
0000000000000181
0000042450fcc379
000004245ceaa7b9
00000425286e7639
000004254d12eb19
00000425b06335d9
000004262e4b6739
000004267f7295b9
000004271535a5f9
00000427e4bcdb59
00000427f0d48fb9
000004285fa49c39
00000429b2d55b79
00000429f38f4059
0000042ae4866dd9
0000085a26255261
000000000216ce71
0000000000000181
0000042d59b01539
0000042d7a7e5059
0000042e06d8d639
0000042e403ad1f9
0000042ee8e9d319
0000042fb01debd9
0000043188489f79
00000432f9cf8119
00000434c926d559
00000435000e2c19
000004356951f779
00000435c8bb8439
00000435ef057959
0000086cc6900361
000000000216ce71
0000000000000181
00000436990b8339
000004386c8f2eb9
0000043936774ad9
000004393688cdf9
00000439435289b9
0000043965c5d819
00000439822c2db9
0000043a866611d9
0000043aa3fbf9b9
0000043b16392739
0000043ca02f0ff9
0000043ca30ecf39
0000043ce70ce319
0000043edbe46959
0000043f33df2499
0000087f66fab561
000000000216ce71
0000000000000181
000004403dcfdd99
000004412071aa19
000004418999d819
00000441d5942839
00000443fe2c6139
000004442bec8f19
0000044519406c39
0000044608a411d9
0000089207656661
000000000216ce71
0000000000000181
0000044a7cbc56b9
0000044aebb45fb9
0000044b1ad27779
0000044eaa597e59
0000044f544257f9
0000044fa6aab5d9
000004509e867db9
00000450d5ea04b9
00000451c7163c99
000004522927d239
0000045241dd8c79
000008a4a7d01861
000000000216ce71
0000000000000181
000004535785a679
00000453ce346959
0000045574f1df79
000004557c309359
00000455c3dbc819
00000455c7863019
00000458540eb4d9
0000045b27795cd9
000008b7483ac961
000000000216ce71
0000000000000181
0000045e13cb2f99
0000045e29eaf979
000008bcb9eb5861
000000000216ce71
0000000000000181
