[MCS8 A] 97 FW 3.104 SV 1.257 
range=1024
periods=2
sweepmode=27e20d0
fstchan=0
holdafter=0
streamstatus=3
calreg0=0
calreg1=0
calreg2=0
calreg3=0
swpreset=8000        
prena=1
syncout=0
cycles=18
sequences=1
tagbits=16
vdac0=92c
vdac1=807
vdac2=8c8
vdac3=8c8
vdac4=8c8
vdac5=8c8
vdac6=8c8
vdac7=8c8
timepreset=150.000     
digio=0
digval=0
autoinc=0 
savedata=2 
mpafmt=asc
sephead=0 
fmt=asc
smoothpts=5 
[CHN1]
REPORT-FILE from 06/23/2026 15:14:20.769  written 06/23/2026 15:14:20
cmline0=06/23/2026 15:14:20.769 
cmline1=A1
range=1024
active=1
bitshift=4
cftfak=2580100
evpreset=10          
roimin=0
roimax=1000
caloff=0.800000
calfact=12.800000
calfact2=0
calfact3=0
calunit=nsec
caluse=1 
[CHN2]
REPORT-FILE from  written 06/23/2026 15:14:20
cmline1=A2
range=1024
active=0
bitshift=4
cftfak=2580100
evpreset=10          
roimin=0
roimax=1000
caloff=0.800000
calfact=12.800000
calfact2=0
calfact3=0
calunit=nsec
caluse=1 
[CHN3]
REPORT-FILE from  written 06/23/2026 15:14:20
cmline1=A3
range=1024
active=0
bitshift=4
cftfak=2580100
evpreset=10          
roimin=0
roimax=1000
caloff=0.800000
calfact=12.800000
calfact2=0
calfact3=0
calunit=nsec
caluse=1 
[CHN4]
REPORT-FILE from  written 06/23/2026 15:14:20
cmline1=A4
range=1024
active=0
bitshift=4
cftfak=2580100
evpreset=10          
roimin=0
roimax=1000
caloff=0.800000
calfact=12.800000
calfact2=0
calfact3=0
calunit=nsec
caluse=1 
[CHN5]
REPORT-FILE from  written 06/23/2026 15:14:20
cmline1=A5
range=1024
active=0
bitshift=4
cftfak=2580100
evpreset=10          
roimin=0
roimax=1000
caloff=0.800000
calfact=12.800000
calfact2=0
calfact3=0
calunit=nsec
caluse=1 
[CHN6]
REPORT-FILE from  written 06/23/2026 15:14:20
cmline1=A6
range=1024
active=0
bitshift=4
cftfak=2580100
evpreset=10          
roimin=0
roimax=1000
caloff=0.800000
calfact=12.800000
calfact2=0
calfact3=0
calunit=nsec
caluse=1 
[CHN7]
REPORT-FILE from  written 06/23/2026 15:14:20
cmline1=A7
range=1024
active=0
bitshift=4
cftfak=2580100
evpreset=0           
roimin=0
roimax=1000
caloff=0.800000
calfact=12.800000
calfact2=0
calfact3=0
calunit=nsec
caluse=1 
[CHN8]
REPORT-FILE from  written 06/23/2026 15:14:20
cmline1=A8
range=1024
active=0
bitshift=4
cftfak=2580100
evpreset=0           
roimin=0
roimax=1000
caloff=0.800000
calfact=12.800000
calfact2=0
calfact3=0
calunit=nsec
caluse=1 
;MCS8 #97 Sversion=1.257 Fversion=3.68
time_patch=1
;datalength=8 bytes
;bit0..3: channel# 1..8 ( 4 bit)
;bit4: edge 0=up / 1=dn ( 1 bit)
;bit5 ..57: timedata    (53 bit), max sweep length 2001.6 h
;bit58..62: tag0..tag4  ( 5 bit)
;bit63:     data_lost   ( 1 bit)
[DATA]
0000000000000016
00000001754ff8b9
00000006e7b33999
0000000dacc08139
0000000df75802d9
0000000e84480939
0000000ed7293579
0000000f6936cdf9
0000000ff94d7839
0000002156f49d61
0000000001fdab71
0000000000000181
00000014990ab439
0000001513574c19
000000160c203b19
000000162b147db9
000000163377ebf9
0000001995ed0ab9
00000033f75fef61
0000000001fdab71
0000000000000181
00000021743bc579
00000021f1a51bb9
0000004697cb4061
0000000001fdab71
0000000000000181
0000005938369161
0000000001fdab71
0000000000000181
0000002e2b247699
0000002e82ee3a79
0000002ebadfef99
0000002edd1f2739
00000031b484bff9
0000006bd8a1e361
0000000001fdab71
0000000000000181
00000036924a6e19
0000003934bf4959
0000003be92e1e79
0000003d53936519
0000003dc5a7b4b9
0000003e0291f539
0000007e790d3461
0000000001fdab71
0000000000000181
0000003fbec2b899
00000041022730b9
0000004329faf059
0000009119788561
0000000001fdab71
0000000000000181
0000004ab8d47bd9
0000004bc52fc199
0000004fb097d479
000000a3b9e3d761
0000000001fdab71
0000000000000181
00000052f9334db9
000000586986f619
000000b65a4f2861
0000000001fdab71
0000000000000181
0000005cc8097c99
000000634adba3b9
000000c8faba7961
0000000001fdab71
0000000000000181
000000674cb69919
00000068ec8a3499
0000006b481c9379
000000db9b25ca61
0000000001fdab71
0000000000000181
0000006e41489b19
00000071c2fa6899
00000075d7658899
000000ee3b911c61
0000000001fdab71
0000000000000181
00000077e6f16e79
0000007eccd46119
00000100dbfc6d61
0000000001fdab71
0000000000000181
00000080b7a82c79
00000082d04f8299
000001137c67be61
0000000001fdab71
0000000000000181
0000008c8b7b46b9
0000008facde5019
0000009214560059
0000009231a9e1f9
000001261cd30f61
0000000001fdab71
0000000000000181
00000093470d9479
000000945b5ce639
00000138bd3e6161
0000000001fdab71
0000000000000181
0000009db6f78899
0000009e37807299
0000009e53aeedb9
000000a3102b4419
000000a31c6a0ab9
0000014b5da9b261
0000000001fdab71
0000000000000181
000000a8c19bb799
000000a99c207619
000000aa3d35ed19
000000add96ca4b9
0000015dfe150361
0000000001fdab71
0000000000000181
000000af2b2e7879
000000b1cf17df79
000000b3216b2039
000001709e805561
0000000001fdab71
0000000000000181
000000bedb216979
000000bf747a9759
000001833eeba661
0000000001fdab71
0000000000000181
000000c340fbd9f9
000000c3f60dded9
000000c6cf5e4939
000000c8873ec299
000000c972a34cd9
000000cacd4fb379
00000195df56f761
0000000001fdab71
0000000000000181
000000cafa725a79
000000cb412c5979
000000cb9dc862d9
000000cebdc85d99
000000d1098d1279
000000d3df7ac759
000001a87fc24961
0000000001fdab71
0000000000000181
000000d5bb5c1699
000000dba0bf6939
000000dc06bdfab9
000001bb202d9a61
0000000001fdab71
0000000000000181
000000dda4625979
000000de561c9a79
000000df62001059
000000e167aa2659
000000e1e8ebc259
000000e2d0658a79
000000e2e52e53f9
000001cdc098eb61
0000000001fdab71
0000000000000181
000000e7b3c94659
000000e7c912b279
000000e8468ea8b9
000000ed69bc91b9
000000eeeb1955b9
000000efa86e1199
000000efcde5d379
000001e061043d61
0000000001fdab71
0000000000000181
000000f07bdf62f9
000000f2a994a179
000000f36cd14619
000000f42131f579
000000f5d48fa5f9
000001f3016f8e61
0000000001fdab71
0000000000000181
000000fd2007e439
000000ff7b0fef59
0000010034f71679
000001008e5cbc39
00000205a1dae061
0000000001fdab71
0000000000000181
0000010923e78f39
0000021842463161
0000000001fdab71
0000000000000181
00000111f98b64d9
0000022ae2b18261
0000000001fdab71
0000000000000181
0000011618b4b259
000001174fe07159
0000011a2cb729f9
0000023d831cd461
0000000001fdab71
0000000000000181
0000011ff2383019
00000121c8843939
0000012232884719
000001244084e739
0000012725dd85d9
00000128096fd619
0000025023882561
0000000001fdab71
0000000000000181
0000012971468299
0000012b25c829d9
0000012caec3e959
00000262c3f37761
0000000001fdab71
0000000000000181
000001348bbafd19
000001351562deb9
00000275645ec861
0000000001fdab71
0000000000000181
0000013d4150ca79
0000013e0ef28db9
0000013e849f90f9
0000013f7516e799
00000142353f69d9
0000028804ca1a61
0000000001fdab71
0000000000000181
000001475337d5b9
0000014c59d7cb99
0000014ccacd67d9
0000029aa5356c61
0000000001fdab71
0000000000000181
000001542f076319
000001545ccad899
000002ad45a0bd61
0000000001fdab71
0000000000000181
00000158c1d15219
0000015d7d512bb9
0000015f6b7ebcd9
000002bfe60c0f61
0000000001fdab71
0000000000000181
000001630d28e559
0000016560cdbfd9
00000166794cd7f9
00000167f065bab9
000002d286776061
0000000001fdab71
0000000000000181
0000016df2cf6f59
00000170cf712499
000002e526e2b261
0000000001fdab71
0000000000000181
00000177840ad6f9
0000017a972e2539
000002f7c74e0461
0000000001fdab71
0000000000000181
0000017ff545e079
00000181fdab88b9
0000030a67b95561
0000000001fdab71
0000000000000181
00000185e962c8b9
0000018a1a8ee139
0000018b2180de99
0000018bafa59c19
0000018e6c0ff1f9
0000031d0824a761
0000000001fdab71
0000000000000181
0000018faf2d0339
000001906b2a4559
00000191a18e3499
000001945c83a5b9
000001955f5cf0b9
0000032fa88ff961
0000000001fdab71
0000000000000181
00000197e5c2fb79
0000019b5e2ebad9
0000019f7e0d7199
0000034248fb4a61
0000000001fdab71
0000000000000181
000001a150f02ff9
00000354e9669c61
0000000001fdab71
0000000000000181
000001ab82917c19
000001ad6cc8d179
000001aeb6521c19
000001af323e68d9
000001b037073df9
000001b056e5f699
000001b1c0685b79
000001b1cf4fb079
000001b2e2b3b6b9
0000036789d1ee61
0000000001fdab71
0000000000000181
000001bc9523c5f9
0000037a2a3d3f61
0000000001fdab71
0000000000000181
000001c17fd1d139
0000038ccaa89161
0000000001fdab71
0000000000000181
000001c80bc43019
000001cb39e70db9
0000039f6b13e361
0000000001fdab71
0000000000000181
000001d1ca87bb59
000001d585c3a5f9
000001d84a7622f9
000003b20b7f3461
0000000001fdab71
0000000000000181
000001db5475e219
000001dd9a6b6699
000001e0735288f9
000001e0d7c6b679
000003c4abea8661
0000000001fdab71
0000000000000181
000001e53a7b7539
000001e9016c7219
000001eb2434d119
000003d74c55d861
0000000001fdab71
0000000000000181
000001eee04a06d9
000001f4b9767b19
000003e9ecc12a61
0000000001fdab71
0000000000000181
000003fc8d2c7b61
0000000001fdab71
0000000000000181
00000204ba9dc279
00000204c533bdd9
0000020733adaa79
0000040f2d97cd61
0000000001fdab71
0000000000000181
00000208e6dcf779
0000020b2592ebf9
0000020cb6f9d259
00000421ce031f61
0000000001fdab71
0000000000000181
00000213b9e116d9
000002192394ee19
000004346e6e7161
0000000001fdab71
0000000000000181
0000021d2e2e0df9
000004470ed9c361
0000000001fdab71
0000000000000181
00000223caa6c679
0000022514465a59
0000022881b13f19
0000022a78d60c59
0000022c71a4f3d9
00000459af451561
0000000001fdab71
0000000000000181
0000022f4b36ba39
00000231762df759
00000231ad6ed1f9
00000233355a1199
00000233e7ec5779
0000046c4fb06761
0000000001fdab71
0000000000000181
0000023859c46099
0000023a8aba1919
0000047ef01bb961
0000000001fdab71
0000000000000181
00000245f6269079
0000049190870b61
0000000001fdab71
0000000000000181
0000024d8751f859
00000250292460f9
000004a430f25c61
0000000001fdab71
0000000000000181
000002521f861279
00000253e2fda0d9
000002554553eb99
000002583e53a559
00000258fa776db9
00000259357930b9
00000259c0f9b5d9
000004b6d15dae61
0000000001fdab71
0000000000000181
0000025f5e8008f9
000004c971c90061
0000000001fdab71
0000000000000181
0000026ac916b6b9
0000026aef0d09d9
0000026cbf7de079
000004dc12345261
0000000001fdab71
0000000000000181
0000026e1429fd79
0000026e8e7e6239
0000027092a635d9
000004eeb29fa561
0000000001fdab71
0000000000000181
0000027833e25819
0000027c2ce24c19
0000027ec49ce899
0000027f30821479
00000501530af761
0000000001fdab71
0000000000000181
000002838c0446b9
00000284c4bda9f9
0000028905be45b9
000002896b73b139
00000513f3764961
0000000001fdab71
0000000000000181
0000028b1cc153f9
00000290cecb64b9
0000052693e19b61
0000000001fdab71
0000000000000181
0000029c13b26a79
00000539344ced61
0000000001fdab71
0000000000000181
000002a1f9e53299
0000054bd4b83f61
0000000001fdab71
0000000000000181
000002a69a009b99
000002a91478ffd9
000002a9479b7db9
000002acdc8b6ad9
0000055e75239161
0000000001fdab71
0000000000000181
000002af442b0a99
000002b207750af9
000002b45c89a1b9
000002b4a52af199
00000571158ee361
0000000001fdab71
0000000000000181
000002bc19b66719
000002bec6215319
00000583b5fa3561
0000000001fdab71
0000000000000181
000002c5e3632d39
000002c704c1e459
000002c7da5eb139
0000059656658761
0000000001fdab71
0000000000000181
000005a8f6d0da61
0000000001fdab71
0000000000000181
000002d51a18e519
000002d89a8f2ff9
000005bb973c2c61
0000000001fdab71
0000000000000181
000002ddec8a56d9
000002de321a3779
000002e06ae2afb9
000002e5d06e8019
000005ce37a77e61
0000000001fdab71
0000000000000181
000002ead3b463b9
000005e0d812d061
0000000001fdab71
0000000000000181
000002f144985639
000002f183d9b7f9
000002f18c655fb9
000002f50a69a959
000005f3787e2361
0000000001fdab71
0000000000000181
000002fce5d30ef9
000002fe2dab12d9
0000060618e97561
0000000001fdab71
0000000000000181
00000308995fe039
0000030967fa4119
0000030a2465a999
00000618b954c761
0000000001fdab71
0000000000000181
0000062b59c01961
0000000001fdab71
0000000000000181
00000315d4d88479
00000319abe63319
0000031b7202dcf9
0000031cf62754b9
0000063dfa2b6c61
0000000001fdab71
0000000000000181
0000031fb9c778d9
00000323e6428039
00000326ea78f299
000006509a96be61
0000000001fdab71
0000000000000181
00000329baf8cd79
0000032bf79eba39
0000032e63519bd9
000003300a640c39
000006633b021061
0000000001fdab71
0000000000000181
0000033920fa4af9
000003397422dc99
00000675db6d6361
0000000001fdab71
0000000000000181
0000033b85c56c99
0000033d8568a919
0000033fa99ff0d9
00000341436dd359
000003417fb44679
000006887bd8b561
0000000001fdab71
0000000000000181
000003450c19aa99
0000034c7a37d8f9
0000034d1c8902b9
0000069b1c440761
0000000001fdab71
0000000000000181
0000034e3545fbf9
00000351fe8da319
000003531ed9c219
000006adbcaf5a61
0000000001fdab71
0000000000000181
00000358658506b9
0000035b7183b399
0000035efd81ed39
000006c05d1aac61
0000000001fdab71
0000000000000181
00000362e5d27b19
000003630bf9a239
00000363c2617fd9
00000363eca57799
000006d2fd85ff61
0000000001fdab71
0000000000000181
0000036aac43c2d9
0000036b0a70b7d9
0000036b38039559
00000371a8e62a99
000006e59df15161
0000000001fdab71
0000000000000181
00000378346f6a39
000006f83e5ca461
0000000001fdab71
0000000000000181
0000037e154bc379
0000037e8d23c979
0000037f62d20bf9
00000381faba2e79
0000070adec7f661
0000000001fdab71
0000000000000181
00000386b8504719
00000386c70d6a79
000003892dad7c99
0000038c0e5ef0d9
0000071d7f334961
0000000001fdab71
0000000000000181
0000039217e74879
0000039516427bf9
000003979f6502f9
000007301f9e9b61
0000000001fdab71
0000000000000181
000003987be49b59
0000039d93a398d9
000003a08300e119
000003a0fd8ad919
00000742c009ee61
0000000001fdab71
0000000000000181
000003a234c6abd9
000003a28bb117b9
000003a60407e719
000003a85bc830f9
0000075560754061
0000000001fdab71
0000000000000181
000003b319839079
0000076800e09361
0000000001fdab71
0000000000000181
000003b4c7f5a939
000003b9055bfe59
000003baae35e9d9
000003bb56cdb2f9
0000077aa14be561
0000000001fdab71
0000000000000181
000003bd831580d9
000003bf2341b999
000003bffb101c39
000003c16aba84d9
000003c17217acd9
000003c201c68179
000003c39022f479
000003c538b80b39
0000078d41b73861
0000000001fdab71
0000000000000181
000003c99e945a19
000003c9b061f4b9
000003ce8e518979
0000079fe2228a61
0000000001fdab71
0000000000000181
000003d177458439
000003d907f371b9
000007b2828ddd61
0000000001fdab71
0000000000000181
000003d9605dd719
000003ddf4d41759
000007c522f93061
0000000001fdab71
0000000000000181
000003e761069af9
000003e9915c3af9
000007d7c3648261
0000000001fdab71
0000000000000181
000003ef2e21a7d9
000003f0209d6c79
000003f0d58928f9
000007ea63cfd561
0000000001fdab71
0000000000000181
000003f90ccb5979
000003fc34959899
000007fd043b2761
0000000001fdab71
0000000000000181
00000402ccf1cbd9
00000405a9523759
0000080fa4a67a61
0000000001fdab71
0000000000000181
0000040bcb5313b9
0000040d1aaa2079
0000040da61b3cd9
000008224511cc61
0000000001fdab71
0000000000000181
000004180067da59
0000041a48c96ab9
00000834e57d1f61
0000000001fdab71
0000000000000181
0000041dfbe3cb39
000004210b824db9
00000421eb1c8c59
00000422235fd319
0000084785e87161
0000000001fdab71
0000000000000181
00000424ab314d99
0000042a5114c739
0000085a2653c461
0000000001fdab71
0000000000000181
0000042e81b9ae99
0000042f1d2e3619
0000042f39a7a699
0000042fa297b019
0000042fc76ce599
0000043132dd4199
000004328ba67519
0000086cc6bf1661
0000000001fdab71
0000000000000181
00000436e10fbab9
0000043757351039
00000437b32f3cd9
00000439b2098099
0000043a7b3a46b9
0000043af4225db9
0000087f672a6961
0000000001fdab71
0000000000000181
000004465269c799
000008920795bc61
0000000001fdab71
0000000000000181
00000449e52bdb39
0000044f6cd2c8d9
000004520709ba99
000008a4a8010e61
0000000001fdab71
0000000000000181
00000454807fa299
00000456a57f3879
00000457a252d239
0000045b1fccc8d9
000008b7486c6161
0000000001fdab71
0000000000000181
0000045ca340e5b9
0000045dc69024d9
00000460be835579
00000461fd143b99
000008c9e8d7b361
0000000001fdab71
0000000000000181
000004671c72e059
0000046b7c0f3d79
0000046c989bc439
0000046d9ce8cbb9
0000046da5cd8979
0000046dc877eaf9
000008dc89430561
0000000001fdab71
0000000000000181
00000473758a9fb9
00000473c4c56399
000004768c397719
000008ef29ae5861
0000000001fdab71
0000000000000181
0000047abf7e7919
0000047b86eb5c79
00000901ca19aa61
0000000001fdab71
0000000000000181
00000487753eb699
000004885cf14b79
00000488cbb4cbd9
00000489e81d29f9
000009146a84fc61
0000000001fdab71
0000000000000181
0000048addb0c899
0000048c7560f5d9
00000491d18cd959
000009270af04f61
0000000001fdab71
0000000000000181
00000493c7c92499
0000049875081dd9
00000939ab5ba161
0000000001fdab71
0000000000000181
0000049f6f2a7f39
0000049fa699aef9
0000094c4bc6f361
0000000001fdab71
0000000000000181
000004a93538c519
000004aa647e4c99
000004aa90991d99
000004adf6543899
0000095eec324661
0000000001fdab71
0000000000000181
000004b51fe30e99
000004b6001dcd59
000009718c9d9861
0000000001fdab71
0000000000000181
000004b9ca68d459
000004bb490b6ab9
000004bc4c205dd9
000004c003876199
000004c1a4c19919
000009842d08ea61
0000000001fdab71
0000000000000181
000004c2ea5f7eb9
000004c93a002359
000004c9ffac5479
00000996cd743c61
0000000001fdab71
0000000000000181
000004cdbf4f78d9
000004d2a2daa199
000004d300bc5c99
000004d473d2b2d9
000009a96ddf8f61
0000000001fdab71
0000000000000181
000004d62b19ce99
000004d63582e119
000004d9867ef619
000009bc0e4ae161
0000000001fdab71
0000000000000181
000004e47daf7bf9
000004e6647a1d59
000004e6e03ee419
000009ceaeb63361
0000000001fdab71
0000000000000181
000004e794531739
000004edaf45ac39
000004ee4ca0ad99
000004ef352c4399
000009e14f218561
0000000001fdab71
0000000000000181
000004f1164bbdd9
000004f2f457b2b9
000004f61554e719
000004f78ec34d79
000004f9743e4879
000009f3ef8cd861
0000000001fdab71
0000000000000181
000004ff582e3579
00000501b2476ab9
00000a068ff82a61
0000000001fdab71
0000000000000181
000005057b08a979
000005076257e2f9
00000508e1c5d1d9
00000509e8cc0ad9
00000a1930637c61
0000000001fdab71
0000000000000181
0000050dc91addb9
0000050e7dbd88f9
0000050fd2b322d9
00000511caa95799
0000051360f8f679
00000a2bd0cece61
0000000001fdab71
0000000000000181
000005189d4d27f9
0000051f27d783b9
00000a3e713a2061
0000000001fdab71
0000000000000181
00000521dcf1a079
0000052265c02f19
000005252f213479
00000527c8c888f9
00000a5111a57361
0000000001fdab71
0000000000000181
0000052eb80ed999
00000a63b210c561
0000000001fdab71
0000000000000181
00000531e70e0439
000005340f43b9b9
000005371d858879
00000539d28902b9
0000053a45c74db9
00000a76527c1761
0000000001fdab71
0000000000000181
0000053d6f121bb9
0000053e6f60f6d9
00000540bed67a79
000005440dd347f9
00000a88f2e76961
0000000001fdab71
0000000000000181
0000054b3c66eab9
0000054ca9caa2b9
00000a9b9352bb61
0000000001fdab71
0000000000000181
0000054f12d44179
00000550dd467fb9
0000055125154959
00000551585e1b79
0000055700a29039
00000aae33be0d61
0000000001fdab71
0000000000000181
00000558ec2909b9
0000055f60c0a659
00000ac0d4296061
0000000001fdab71
0000000000000181
000005618c7a82b9
00000562afb95e99
00000562b72b65f9
000005639c7cea79
000005651b383299
00000ad37494b261
0000000001fdab71
0000000000000181
0000056bafb620f9
0000056f577df1b9
0000057128c4f6b9
00000ae615000461
0000000001fdab71
0000000000000181
00000573fa6cacb9
0000057829d0bcd9
00000af0dd015461
0000000001fdab71
0000000000000181
