[MCS8 A] 97 FW 3.104 SV 1.257 
range=1024
periods=2
sweepmode=27e20d0
fstchan=0
holdafter=0
streamstatus=3
calreg0=0
calreg1=0
calreg2=0
calreg3=0
swpreset=8000        
prena=1
syncout=0
cycles=18
sequences=1
tagbits=16
vdac0=92c
vdac1=807
vdac2=8c8
vdac3=8c8
vdac4=8c8
vdac5=8c8
vdac6=8c8
vdac7=8c8
timepreset=150.000     
digio=0
digval=0
autoinc=0 
savedata=2 
mpafmt=asc
sephead=0 
fmt=asc
smoothpts=5 
[CHN1]
REPORT-FILE from 06/24/2026 13:13:38.468  written 06/24/2026 13:13:38
cmline0=06/24/2026 13:13:38.468 
cmline1=A1
range=1024
active=1
bitshift=4
cftfak=2580100
evpreset=10          
roimin=0
roimax=1000
caloff=0.800000
calfact=12.800000
calfact2=0
calfact3=0
calunit=nsec
caluse=1 
[CHN2]
REPORT-FILE from  written 06/24/2026 13:13:38
cmline1=A2
range=1024
active=0
bitshift=4
cftfak=2580100
evpreset=10          
roimin=0
roimax=1000
caloff=0.800000
calfact=12.800000
calfact2=0
calfact3=0
calunit=nsec
caluse=1 
[CHN3]
REPORT-FILE from  written 06/24/2026 13:13:38
cmline1=A3
range=1024
active=0
bitshift=4
cftfak=2580100
evpreset=10          
roimin=0
roimax=1000
caloff=0.800000
calfact=12.800000
calfact2=0
calfact3=0
calunit=nsec
caluse=1 
[CHN4]
REPORT-FILE from  written 06/24/2026 13:13:38
cmline1=A4
range=1024
active=0
bitshift=4
cftfak=2580100
evpreset=10          
roimin=0
roimax=1000
caloff=0.800000
calfact=12.800000
calfact2=0
calfact3=0
calunit=nsec
caluse=1 
[CHN5]
REPORT-FILE from  written 06/24/2026 13:13:38
cmline1=A5
range=1024
active=0
bitshift=4
cftfak=2580100
evpreset=10          
roimin=0
roimax=1000
caloff=0.800000
calfact=12.800000
calfact2=0
calfact3=0
calunit=nsec
caluse=1 
[CHN6]
REPORT-FILE from  written 06/24/2026 13:13:38
cmline1=A6
range=1024
active=0
bitshift=4
cftfak=2580100
evpreset=10          
roimin=0
roimax=1000
caloff=0.800000
calfact=12.800000
calfact2=0
calfact3=0
calunit=nsec
caluse=1 
[CHN7]
REPORT-FILE from  written 06/24/2026 13:13:38
cmline1=A7
range=1024
active=0
bitshift=4
cftfak=2580100
evpreset=0           
roimin=0
roimax=1000
caloff=0.800000
calfact=12.800000
calfact2=0
calfact3=0
calunit=nsec
caluse=1 
[CHN8]
REPORT-FILE from  written 06/24/2026 13:13:38
cmline1=A8
range=1024
active=0
bitshift=4
cftfak=2580100
evpreset=0           
roimin=0
roimax=1000
caloff=0.800000
calfact=12.800000
calfact2=0
calfact3=0
calunit=nsec
caluse=1 
;MCS8 #97 Sversion=1.257 Fversion=3.68
time_patch=1
;datalength=8 bytes
;bit0..3: channel# 1..8 ( 4 bit)
;bit4: edge 0=up / 1=dn ( 1 bit)
;bit5 ..57: timedata    (53 bit), max sweep length 2001.6 h
;bit58..62: tag0..tag4  ( 5 bit)
;bit63:     data_lost   ( 1 bit)
[DATA]
0000000000000016
00000000222318b9
0000000078f8da39
00000000b79d93d9
00000000c3289699
00000000cafee4b9
00000001144d7cb9
000000012de0ba99
000000023742ca79
00000002c0128079
0000000336d5fa99
000000039feccdd9
00000003cd271319
00000003e20fc239
0000000489935a39
00000004cf1245f9
0000000584451ad9
00000005b9bcb999
00000006da5883d9
0000000704a64a99
000000073433c9b9
0000000765f33e59
000000077b0fc3f9
000000077ea17279
000000078a8cbef9
00000008a939ccd9
000000099eebbb79
00000009a1fb9019
0000000aa1bae039
0000000ad9171399
0000000b30e31f59
0000000b6d572079
0000000bea9c4899
0000000c9548b419
0000000cc6355eb9
0000000cfd641ed9
0000000da329a0f9
0000000e19481a19
0000000e87ac68b9
0000000f46ee2439
0000000fdfc9da19
0000002157a55861
0000000002e12671
0000000000000181
00000010e8a52ef9
0000001107d38d59
000000111ef85199
00000011f5e498b9
000000125ef1d119
0000001269dae739
000000126be5e899
0000001349954db9
00000013577e03f9
00000013926a25b9
0000001403382019
00000014d9fbce19
000000157d496599
00000015b3c68019
00000015e4d639d9
0000001675bbfab9
000000167ae11039
00000016d647c3d9
000000170c1203b9
000000176e7be979
0000001787680eb9
0000001795a42cb9
00000017e81fb5b9
000000183b7a3c79
0000001845c79ed9
0000001888f5af99
000000188c2f9039
000000189c7b9319
00000018a3dcc179
00000018ddbb2539
0000001906a92d79
00000019081644b9
000000191b0e0df9
0000001940117139
0000001967c0d9f9
000000197aa32339
000000197cc54439
000000199397b379
00000019990abed9
00000033f80ff761
0000000002e12671
0000000000000181
0000001b805346b9
0000001c136f8eb9
0000001c57413399
0000001c992df5f9
0000001ca2b62859
0000001d283098f9
0000001d5fcef659
0000001d7785b239
0000001d9a304359
0000001da1bc75b9
0000001dd4f952d9
0000001e52fe2bd9
0000001f3b626a39
0000001f7ad04bb9
0000001f91077ed9
0000002154c25d39
00000021d78668b9
00000022ff790c59
00000046987a9661
0000000002e12671
0000000000000181
0000002384e43b99
00000023d99ad859
0000002403d0c5d9
0000002469750fd9
0000002518d964f9
0000002536309eb9
000000259c659f99
00000025eff79759
00000025f8b260b9
0000002667e52e39
000000268e05f9b9
00000027699e6799
00000027708aa539
0000002834cf9e39
000000283a0c5019
00000028484cea39
0000002861efd8d9
00000028ec3dc5f9
00000028f638c5d9
00000029a6a8cc39
0000002a126f1c99
0000002a469b9d39
0000002a4e0d24f9
0000002a68f1b439
0000002a6d775c99
0000002ace19a8b9
0000002b659cb3b9
0000002bb1bef8f9
0000002bf4cc2439
0000002bf8448e79
0000002c2adf82b9
0000005938e53561
0000000002e12671
0000000000000181
0000002d7b575399
0000002e32acf7f9
0000002e555418f9
0000002f0669f299
0000002f7704ed19
000000300daf8d79
0000003018fe4499
00000030784200f9
00000030e0f64e19
000000310ef0a9d9
000000311f2cccf9
0000003163933099
00000031e8b132d9
0000003284edd619
000000329058c259
00000033152db3b9
0000003316301a59
000000339423a979
000000342b368799
00000034b09afd39
00000034b09b1879
0000003565a46239
00000035a1533499
00000035a7c83459
00000035d7000c59
0000006bd94fd461
0000000002e12671
0000000000000181
000000361b4e76f9
00000036379a85f9
0000003752038b99
0000003804ae1479
000000384487e179
00000038f4383479
0000003a22df1499
0000003aba039a39
0000003aedd85b79
0000003b0feaf959
0000003b4fbca759
0000003b772c4739
0000003bbfaa21d9
0000003bf20d0179
0000003bf3bffd19
0000003ca96dcbf9
0000003cc4f20739
0000003ccfc18c79
0000003d0e6784f9
0000003d18d66219
0000003d4f11d179
0000003d5f0ff0d9
0000003ec6430ef9
0000003f144b06f9
0000007e79ba7361
0000000002e12671
0000000000000181
0000003f4c660d39
0000003f6d23ddb9
0000003f7ac174d9
0000003fbbf02b39
0000004013831e79
0000004123f87459
00000041f85fa6d9
000000427688f3f9
0000004283750819
0000004288700499
000000429c39fbb9
00000042eff85a99
00000043b970c199
00000043c25519f9
00000043c6c8b0f9
0000004405b878d9
000000443a22a939
00000044a6522e79
00000044b0b9ec59
000000453428c2d9
000000455e3bfe99
000000456977f6d9
00000045a2af8b99
00000045b39a7759
00000046422a8819
000000464c187bb9
00000046ae753c99
00000046d28554b9
00000046d2c600d9
00000046d69b4b99
00000046d896ad19
0000004704256559
0000004714df37f9
000000473bf78c39
000000476c109df9
0000004798f399f9
000000482857bf19
00000048295455b9
000000911a251261
0000000002e12671
0000000000000181
000000490fd69579
0000004a41224f79
0000004a5daa5b99
0000004b3610e639
0000004b43ebc5d9
0000004b8af25979
0000004c67122ab9
0000004cb606c539
0000004d083a6a79
0000004d68ee5c99
0000004d7ea65579
0000004d98379519
0000004e193b8c59
0000004e40bcc7b9
0000004f2431fb19
0000004f4d439859
0000004f9b2f1af9
0000004fd737c819
0000004fdc5bd2d9
0000005018903199
0000005083ae7579
000000508d8dcd39
0000005105b188b9
0000005139b31cf9
000000514b8ef179
0000005169391879
00000051daeec339
000000a3ba8fb061
0000000002e12671
0000000000000181
00000052bdc1aa99
00000052e4e57859
00000052f6b7bad9
00000053083f2239
0000005360078979
000000538fae0959
000000539e201cd9
00000053a53429b9
0000005432b11399
000000546ea20db9
00000054b6d73939
00000055c355a6d9
0000005626fd4ad9
000000574a6b3799
0000005762b06cb9
0000005764e9a579
00000057a4082939
000000586b71d799
0000005897699959
000000589b0d5af9
00000058e44c1bf9
0000005903d303f9
000000593ed45779
00000059a5925c79
00000059c5480df9
0000005a93926ed9
0000005ac1356299
000000b65afa4f61
0000000002e12671
0000000000000181
0000005b5e8be2b9
0000005b89be46b9
0000005baf403b19
0000005bc81aae39
0000005bce60ff59
0000005bd0b1d0d9
0000005c48c5a119
0000005c5a767799
0000005ca7f87719
0000005d859e9e39
0000005d95dc3b59
0000005e17985579
0000005e2372e179
0000005ec12c5fb9
0000005f042613d9
0000005f0dd31ed9
0000005f1cebbcd9
0000005f8ab7d359
0000005f917474b9
0000005faf5fcb99
0000005fb86dafd9
000000600a0c31b9
000000607ea84619
00000060d39611b9
00000060e9584b59
0000006123b0f219
000000615846e6d9
0000006175ac80b9
0000006374661b19
00000063b4960a39
0000006439cbfa19
0000006454376b39
000000c8fb64ee61
0000000002e12671
0000000000000181
0000006509760759
000000657d7aa6f9
000000657f4dc939
000000660f9d0779
00000066223375b9
000000663340a799
0000006692ac6819
00000066c85955f9
00000066da881179
000000671c5611b9
00000067ac7d9ab9
00000067b7da42d9
00000067b9afa299
00000068087aab59
000000687a2d6a19
00000068b33e54d9
00000068e120b739
0000006909947a79
00000069679919b9
0000006a3680cd39
0000006a3e933439
0000006a3f6c44f9
0000006aa65a5c99
0000006acad2d419
0000006aea65dc19
0000006af6b1de59
0000006b24a25f79
0000006b544f40d9
0000006b819dcdf9
0000006ba4fb44f9
0000006bc378c099
0000006bd30cf0f9
0000006c67574b39
0000006c762fb279
0000006c9b9dc999
0000006ca71c7ed9
0000006cd97f2479
0000006cfa786879
0000006d51ffd379
0000006d7ee048d9
0000006d88f279d9
000000db9bcf8d61
0000000002e12671
0000000000000181
0000006e042dac99
0000006e05f4c9d9
0000006e0ad8c799
0000006fa2477279
0000006fad024c99
000000700cb32999
00000070d1e84919
00000070fa7aab99
00000071761739f9
0000007176378a19
0000007278a990d9
00000072875defd9
00000072ce4e26f9
00000072e66e46f9
000000733bca8339
000000735a469b59
0000007381959099
00000073a3a9ee39
00000073aaeff559
00000073b2b3fc59
00000073b4c8f059
00000073c8a51079
0000007461171419
00000074a850aa79
00000075063fc759
0000007519fc04f9
000000751a6954d9
0000007525919379
0000007546356159
000000755bc175b9
000000757fe54b19
00000075bdb82ff9
00000075c41dc4d9
00000075ea637679
00000075f1d05bf9
000000762a0cb099
00000076dad8dbd9
000000ee3c3a2c61
0000000002e12671
0000000000000181
00000077b242d819
0000007829f0fa99
0000007889cf5099
00000078bcdf8d39
00000078f8fd1bf9
000000797f101c79
000000799b518d19
0000007a5952af39
0000007aa37d3959
0000007bbcd165b9
0000007bc9b95d39
0000007bfddda599
0000007c24a52f39
0000007c8cc8a7d9
0000007d155a1d79
0000007d1d4395f9
0000007d352da659
0000007d6403c519
0000007d94707bb9
0000007df07c0619
0000007f909e5199
0000007fb4b3d4f9
0000007fe7394c79
00000080303a3c99
00000100dca4cb61
0000000002e12671
0000000000000181
0000008088d363b9
00000081c6ae6ad9
00000081e419bd59
000000826334ff99
0000008286c7d3b9
00000082a45a6dd9
00000082d82bf879
00000082f7269f79
0000008377aeed19
00000083afd8f799
00000083ceab7459
0000008454744ed9
00000085f2cd9ff9
0000008637f15399
000000864a5948d9
0000008686203259
00000086d4203f39
00000087a59caf99
00000087a7da04d9
00000087f2ac4819
000000884f688fb9
00000089601ea119
0000008966417b19
0000008997643139
000001137d0f6b61
0000000002e12671
0000000000000181
00000089fcceee79
0000008a1713b6d9
0000008aeb482119
0000008b6c23c9f9
0000008b9c49e019
0000008bb8e9fa39
0000008c08c85339
0000008c5e755019
0000008cb71d79f9
0000008cfd065639
0000008d4176c179
0000008e1a59a859
0000008e50409dd9
0000008eb07cc239
0000008eef445f79
0000008f485091d9
0000008f9e282d79
0000008faf7f88f9
0000008fcf05a9f9
0000009006a695d9
00000090a108cad9
00000090c5deb659
000000913d4223b9
000000915d39a319
000000917bf67239
00000091eedd5f99
000000923eb6a319
0000009240629719
00000092660fa859
00000092ab411179
000001261d7a0a61
0000000002e12671
0000000000000181
00000093408b9d99
00000093e4ca3af9
000000943a6d7b19
000000943dbe2a99
00000094401c48f9
0000009516462419
0000009560d3cb39
0000009578e5ee59
000000959866fab9
000000965bd2d639
000000969ce2e339
00000096b8502219
000000972a5b7639
0000009811c164f9
000000982f845099
00000098976e6a19
00000098bbbd9979
00000098ef3e45d9
0000009968c258f9
0000009972193699
00000099857ac8f9
00000099e1c054d9
0000009a11bac1b9
0000009a86d79019
0000009ac95f7d39
0000009ae33d5599
0000009b738e13d9
0000009b85a2b8d9
0000009bdb728259
00000138bde4a961
0000000002e12671
0000000000000181
0000009cb413ccf9
0000009cb91850b9
0000009d0cd6ff19
0000009daf8bceb9
0000009dd6bbfaf9
0000009dfde10959
0000009e02f531b9
0000009f5d13ab19
0000009f8b3b33b9
0000009fafb56239
0000009fb59421d9
0000009fb7eccbf9
0000009fc0083c19
0000009fd1c76519
000000a094ace3f9
000000a0a3c1e439
000000a0c92d5179
000000a0efe212f9
000000a0f84c7a59
000000a10f018a19
000000a11b022779
000000a152503279
000000a159399b99
000000a194c1a859
000000a201c448d9
000000a20742b9f9
000000a21d607979
000000a267fae9d9
000000a2d48cadf9
000000a306996ff9
000000a3572bc639
000000a3fce66799
000000a4724a5b79
000000a4b02ffe39
000000a529f744b9
000000a53bd172f9
0000014b5e4f4861
0000000002e12671
0000000000000181
000000a6de157b19
000000a6ef083919
000000a71daa3e59
000000a737b451f9
000000a7b98524f9
000000a7c8059299
000000a7ee491e79
000000a7ef9691f9
000000a84b4cbdd9
000000a870993b19
000000a87129eff9
000000a900713159
000000a9a92a5f39
000000a9d16705f9
000000aa17294939
000000aa18a64999
000000aa1c734f19
000000aaf8b7a119
000000ab180b8639
000000ab56f39839
000000ab84701fd9
000000abacbe9f19
000000abcb6b1559
000000ac1b3056b9
000000ac4399a2f9
000000ad0febb4b9
000000ad98f81b39
000000ae476c9059
000000ae8980b3b9
000000aec1357439
000000aec1358499
0000015dfeb9e761
0000000002e12671
0000000000000181
000000af7be6bf99
000000afb9f45239
000000b01a7f2999
000000b049da1bf9
000000b049dab9d9
000000b07f7b6c99
000000b13f1b1399
000000b180a8e899
000000b1ba55cc59
000000b1d359e819
000000b21420bc79
000000b21518e119
000000b253321af9
000000b253323459
000000b28a71e4f9
000000b2a1c29c79
000000b2d03a4299
000000b321edf879
000000b3650dec79
000000b380044ff9
000000b3ea5af379
000000b45200e879
000000b5871b4599
000000b5ae383759
000000b5cf1c58b9
000000b6436329f9
000000b69706af59
000000b6b789b8f9
000000b792cf27d9
000001709f248761
0000000002e12671
0000000000000181
000000b865acccb9
000000b880207719
000000b9201fd559
000000b9e2d7c3d9
000000b9f0aabf39
000000ba5a6e19b9
000000ba8e6099f9
000000ba95711019
000000ba96d417d9
000000badcccf959
000000bb3f44ad19
000000bbc77a24f9
000000bc30f5f539
000000bcc61e8559
000000bd037a0ad9
000000bd0c4ac7b9
000000bd4b100a79
000000bdc98da099
000000bdedf0e8d9
000000bf205b0e79
000000bf455ff9b9
000000bf4c73ddf9
000000bf725775f9
000000bfc7743c79
000000bfd0f6ab39
000000c02b9f6d39
000000c0d86fa279
000000c0ea079879
000000c0ec64e639
000000c0ef150f39
000000c160e0ed59
000001833f8f2661
0000000002e12671
0000000000000181
000000c1c703b199
000000c1ef904f39
000000c20c38fad9
000000c2168f2dd9
000000c33cd1ee59
000000c3d1e4fc59
000000c44b4c8319
000000c452a54719
000000c452d7fb19
000000c54c2b6ad9
000000c602696799
000000c6c0cf0499
000000c6e30b7899
000000c70f074999
000000c7258c68b9
000000c728241839
000000c739a18cf9
000000c7820978b9
000000c786d2c0d9
000000c8179c7219
000000c82005d2f9
000000c8c4ab6119
000000c9de3d8e39
000000c9ed3ccd99
00000195dff9c561
0000000002e12671
0000000000000181
000000cb54ca16b9
000000cb6dbb7fd9
000000cb7492de39
000000cb98ad6379
000000cbdfea6499
000000cc15db9e99
000000cc62df06d9
000000cca7277779
000000cd30050599
000000cd8ee41479
000000cde8cfff39
000000ce597154d9
000000cee5520e39
000000cf2a022c19
000000cf512b7539
000000d0050dce19
000000d03b0bf619
000000d0714789b9
000000d07795fbb9
000000d0b7f10a19
000000d0dde7cbd9
000000d0dde7d919
000000d0ee194599
000000d1b1862959
000000d23c58e819
000000d25afff319
000000d289e4e559
000000d2b245a0d9
000000d2d7f3fb79
000000d3921820b9
000000d3b15f15b9
000000d400bb8619
000000d43d7ed859
000001a880646561
0000000002e12671
0000000000000181
000000d44a9754f9
000000d4d3845a59
000000d4ed050679
000000d5d03e9139
000000d5dd7a4399
000000d5e326a7d9
000000d63938f6b9
000000d6796eddb9
000000d693991d19
000000d6be9369f9
000000d6fe7d2e59
000000d74cd82339
000000d76d1d7cf9
000000d7813fcb19
000000d7a42a3d39
000000d84500caf9
000000d8504f4d59
000000d87659c819
000000d8fc535999
000000d916f8f0f9
000000da1ea220f9
000000da2ab1b839
000000da41818499
000000da6b1523f9
000000daebd3b8d9
000000db1d133cd9
000000db295a6139
000000db41b86b79
000000db57c83bb9
000000dc46aa2459
000000dc7f75a4b9
000000dcd11b2259
000000dcd11b39f9
000001bb20cf0461
0000000002e12671
0000000000000181
000000dda5d9bb39
000000ddabc20bf9
000000de004924f9
000000de885d17f9
000000dea559b3b9
000000dee00aa4b9
000000dfc4d606d9
000000dfc5d8f7b9
000000e08bcc6d39
000000e0ab920179
000000e0cae60bd9
000000e0f7e1e079
000000e11edd7119
000000e124266ff9
000000e1add4cc99
000000e2404d0f79
000000e2ba021b99
000000e2db865b19
000000e2dc729c19
000000e31dee4db9
000000e344be1899
000000e3a1a768d9
000000e3b85a94f9
000000e42ced6f39
000000e47613bb39
000000e4e5431259
000000e4e5548919
000000e5031035f9
000000e5203dccd9
000000e581d81119
000000e583a919f9
000000e5995ed979
000000e5d2e0aad9
000000e636f29479
000000e66ab00519
000000e69d090a79
000001cdc139a361
0000000002e12671
0000000000000181
000000e7651d8239
000000e787eca919
000000e85c64a099
000000e89d53ad59
000000e8bb6fb879
000000e8f79e2539
000000e9fd9896b9
000000ea6fb1ecd9
000000ea8ce6d3d9
000000eb1b1f35f9
000000eb20e8cbf9
000000eb330bfdd9
000000eb509a3d79
000000eb86c8d7f9
000000eb95b68f59
000000ebb5690b59
000000ebf78fd819
000000ec25209d39
000000ec4f9f93f9
000000ec72ed66d9
000000ec859a2c79
000000ec9e2352f9
000000ee17d6b8d9
000000ee21d104b9
000000ef03c35019
000000ef273d0779
000000efe9dacb39
000000f01f4787b9
000001e061a44361
0000000002e12671
0000000000000181
000000f03a8f4859
000000f06131b059
000000f07e952239
000000f0eb2b3299
000000f1c875b5f9
000000f1ee97e879
000000f213b83619
000000f2e95fa4b9
000000f3a9cbc559
000000f494b59e59
000000f4d01e8579
000000f4fc7fad99
000000f4fe7da079
000000f502a30ab9
000000f5283a6779
000000f537e8eeb9
000000f5456d34b9
000000f546f72999
000000f591e6be99
000000f5f177c0b9
000000f5fd164a39
000000f609178239
000000f6ba745219
000000f6e5c7a9b9
000000f78ba5ed59
000000f7c1379f79
000000f7e7198f39
000000f835d3ec59
000000f83a0e1c99
000000f8a6e0f479
000000f8a8f04239
000001f3020ee261
0000000002e12671
0000000000000181
000000f9ccb8dff9
000000fa9019dcd9
000000faab2d97f9
000000faf8629219
000000fc3d50a359
000000fc4095d599
000000fc51a15c19
000000fc5db30319
000000fc739d5c19
000000fc85d941d9
000000fcc9ee8459
000000fcf06a68d9
000000fcf97e1359
000000fd06222f59
000000fd2e233ff9
000000fd3122da99
000000fdb4ab3679
000000fdfdbba559
000000fe29c8e4b9
000000fe3e04bbf9
000000fe7ca3c4f9
000000fe9908e419
000000ff259ad519
000000ff2a4742d9
000000ff7ea83499
0000010027343559
00000100372ee4d9
000001008bb8c0d9
000001016865f999
00000102296554b9
0000010288b7b9d9
000001029a437e19
00000102a98555d9
00000102c056be39
00000205a2798261
0000000002e12671
0000000000000181
000001034642b1f9
0000010388124bf9
000001038fa6edb9
00000103f1c7d959
0000010466822779
00000104b43a92f9
00000104b8dc6a39
00000104f5b48e79
00000104f6171cd9
0000010501271919
0000010563c0e919
00000105f06a9559
000001060f514dd9
0000010632fd8299
00000106378a0759
000001063d7529d9
0000010657dc8479
0000010727fcd6f9
000001073fdacf59
0000010771b58cf9
00000107966ebbb9
00000107b448c2b9
00000107ca5eef39
00000107ea32be79
00000107f8501179
0000010845f2cc39
000001085a68ddf9
00000108823c8fb9
0000010928016119
000001096150a179
00000109e5ee8bf9
00000109feae9079
0000010a1c232319
0000010a36a2fd39
0000010a56669739
0000010a7143f4f9
0000010ad2495319
0000010b8b396119
0000010bd91e0759
0000010be2f44bf9
0000021842e42161
0000000002e12671
0000000000000181
0000010c3d0fbed9
0000010c50cafcd9
0000010c80dea359
0000010d10817839
0000010d50d52939
0000010d672817b9
0000010d96e0ed79
0000010dec78e099
0000010df6c16799
0000010df993e039
0000010e36a45799
0000010e4e447319
0000010e4e448919
0000010ee8e7b799
0000010f10afb5f9
0000010f99e444b9
0000010fdedacb79
0000010ff5471b39
0000011014fe1819
00000110adb4a3d9
00000110f4f919f9
0000011120855d39
000001116d3be019
000001116d3be1b9
000001117daa30b9
000001119f5cda19
00000111eb4cf899
000001121b795f59
00000112987bb8b9
00000112ebc110b9
0000011326b314f9
000001134b39ebb9
000001136742ead9
00000113942c20b9
00000113b0089b39
00000113c386fe39
00000113c3872739
00000113f8084dd9
00000114164f0559
000001143d208559
00000114ccd644b9
00000114d90dd179
00000114e1ada3b9
00000114e5723579
0000022ae34ec161
0000000002e12671
0000000000000181
000001159f3404f9
00000115c0d3ca39
0000011649983219
000001166612fa19
000001178a109fd9
000001186fa50e99
000001187f41c5f9
00000118b6516879
00000118c6615139
00000118d8c4bdf9
00000118dc25bcb9
0000011937c2f4f9
00000119a6a32719
00000119b40d24b9
0000011a60adccd9
0000011a65ac8e99
0000011a9fe3e839
0000011af9853079
0000011b43f8ac79
0000011b6f498c19
0000011bbf53c1b9
0000011bcb5b25f9
0000011bd6f5b4d9
0000011c188e1d59
0000011c55c4d479
0000011c70a53db9
0000011c846b7239
0000011c90ca5bd9
0000011cb7c398f9
0000011d25988559
0000011d4e8bb8f9
0000011da41492d9
0000011e1bce8619
0000011e2b420eb9
0000011e6cacd759
0000011e707e7d19
0000011e8d001f99
0000011e99b53779
0000011eabefdfb9
0000023d83b96161
0000000002e12671
0000000000000181
0000011f69dc0319
0000012019ab5619
0000012052a1f6d9
000001206ce04079
0000012074b66899
00000120f63fa179
00000120f97faff9
000001218aa45e79
00000121b60357f9
00000122108987b9
000001224578b1b9
00000122549b8f19
000001227dca5a79
000001234f296e99
0000012387c4b359
0000012388da4019
000001239fe4aef9
00000123de299099
000001242286c179
0000012427d02d59
000001242a15ffd9
000001249b955659
00000124a35e24f9
00000124c5a10459
00000125794911b9
00000125d39424f9
00000125f4e57039
0000012603cf49f9
00000126244f65f9
0000012659ac5279
00000126dc3ab179
00000126e650d8f9
00000127674724f9
00000127a71b5a39
00000127bc6de159
0000025024240061
0000000002e12671
0000000000000181
000001283576c0b9
0000012837b87df9
0000012887a90859
00000128edc4e939
0000012943f2f119
00000129469915d9
0000012947abc2f9
000001294bbc29b9
000001296a7484b9
0000012970f911b9
0000012a477c8199
0000012a4b09dbb9
0000012a7b36cff9
0000012a8008f639
0000012a9296f519
0000012b51fb3039
0000012b95ad9499
0000012c031f2339
0000012c083d4b99
0000012c2108f6d9
0000012c25d27df9
0000012d1b27f639
0000012d69846b39
0000012d74620ab9
0000012d838af879
0000012dc9cd8639
0000012e37c4b719
0000012e5d8b3699
0000012e8a2a9cf9
0000012ec5ebcd59
0000012edc6a2219
0000012efaeb3259
0000012f67eacd19
0000012fa61ba019
0000012fca1a7919
0000012fedab7d99
000001307292fb79
000001308eae91f9
000001309ad56f19
00000130df96b219
00000130ecca46b9
00000130ff2c89b9
00000262c48ea061
0000000002e12671
0000000000000181
000001321bc04259
0000013232dffe39
0000013245d93319
00000132601034b9
000001327845b8d9
0000013289d4fb39
00000132af542a19
00000132e54a6d59
0000013307a05759
000001339a607179
0000013440b5d099
00000134ab168d99
00000135387bdb19
0000013554302859
0000013592df9d19
00000136125c5d99
0000013646abd399
00000136b57bdd59
00000136d972d439
00000136d972dc99
00000137242e4e79
0000013737d29d99
000001373b465519
00000137509b5939
00000137c3d4fa59
00000138356153b9
00000138401f22d9
00000138421a9b19
0000013902b14639
000001390aa4d779
000001396cd83c19
000001396df35399
00000139972596f9
00000139a1c79219
00000139b442c4b9
00000139f7f8e2b9
0000027564f94061
0000000002e12671
0000000000000181
0000013af4daf9f9
0000013b9c15cdd9
0000013bce28f6d9
0000013bec68b439
0000013beff9c319
0000013c2e3e3ab9
0000013c45107559
0000013c81695b79
0000013dbb945c99
0000013e0718c619
0000013e2d36a2f9
0000013e40e41659
0000013ea442eb99
0000013f5e4e62b9
0000013f8168ca39
0000013fbcf044f9
0000013ff182bb19
00000140146ea499
00000140519a0859
00000141541626b9
00000141674c4959
0000014243149c99
000001428c804a79
00000142c7662399
00000142c7664419
00000142cfdc0df9
00000143f39f74f9
000002880563df61
0000000002e12671
0000000000000181
0000014433cf6819
00000144448c10d9
000001449e2914d9
00000144e2fdae79
00000144efa1fed9
000001452f1822d9
000001454f8889b9
000001457d3a4d99
00000145b50fc759
00000145e0be8879
000001462f973c39
000001463beaa1d9
00000146aa7a0db9
0000014769cc73d9
0000014815d8b8f9
0000014827b78699
00000148b907db19
00000148bde38019
000001490b9a5f19
0000014928e36339
000001492e4ac279
00000149731d6ad9
000001498441b839
00000149b56f0259
00000149cd7a8079
0000014a0554b9b9
0000014a54d16a79
0000014a84a7c759
0000014ad307b659
0000014afb8aecb9
0000014b19bf4e59
0000014bbeaf3219
0000014c04df6419
0000014c191710f9
0000014c673cc199
0000014c7afb6fd9
0000014cb3583fb9
0000014cfebe67f9
0000029aa5ce7f61
0000000002e12671
0000000000000181
0000014d7aff6e59
0000014d94e24139
0000014db5aea159
0000014dbea2eeb9
0000014dc84c4ad9
0000014de904a299
0000014e0687df39
0000014e7af945b9
0000014f0857b3d9
0000014f80f317d9
0000014f8ed19eb9
0000014fb35b7e39
0000014fecad05f9
0000014ff469e179
00000150049c27d9
000001500c9e1199
0000015015e00759
000001501f2f8c19
00000150e75c6939
000001511a57fad9
000001512e5ff039
00000151a9fc7bf9
00000151bc695e79
0000015205eae059
000001527ef73179
0000015288736b99
00000153766617f9
00000153cbd179b9
000001545d2c11f9
000001549121e899
00000154aae07cb9
000001559c29f719
00000155d2b2f079
000001560e314979
000001565ba60cb9
000002ad46391f61
0000000002e12671
0000000000000181
00000156a77a23b9
00000156a8091859
00000156ac69f239
000001571147bfb9
000001571198b459
0000015718522719
00000157218a92b9
00000157b24cf419
000001585a270099
00000158ab392319
00000158d02a3ef9
0000015a518977f9
0000015b1df62fb9
0000015b3f0b6199
0000015bafd6ca39
0000015c2e1faa39
0000015c80ed6e19
0000015cc80e2e59
0000015cf38774f9
0000015de05ec159
0000015e04086ed9
0000015e0685d8d9
0000015e93baacb9
0000015ed2afc259
0000015f2843add9
0000015f2ec03319
0000015f34c7afd9
0000015f3d830039
0000015f421d43b9
0000015f713e8319
000002bfe6a3bf61
0000000002e12671
0000000000000181
00000160129e9e39
0000016012a031d9
000001601c2d7279
000001601c52edf9
0000016049a04e19
0000016138c157d9
0000016138c165d9
000001615f27f6b9
00000161c29a0779
00000161fac42859
00000164bf1783f9
00000164ca3f28b9
0000016552b63539
0000016599161659
00000165adfb85d9
00000165c0345c99
00000166243fc6f9
000001662aad6479
000001662b41e499
000001664aa60899
0000016650d2ecb9
0000016667cc2d59
000001669541e3b9
0000016776ab2439
0000016777f54a99
0000016791ce43d9
0000016791d77f79
00000167f02304d9
0000016864973df9
0000016874054279
0000016874f13b59
000002d2870e5f61
0000000002e12671
0000000000000181
00000169548cbf99
00000169af4a0859
00000169e404deb9
0000016a93c61679
0000016b58703059
0000016b6e7283d9
0000016ba5285a79
0000016c11b8cd99
0000016cc2cb4459
0000016ce2c369f9
0000016cfe4d2459
0000016d8b318c59
0000016db41986f9
0000016dd86b2e99
0000016e1a701079
0000016e39c3b5b9
0000016e6e05adb9
0000016e853595f9
0000016e8c73abb9
0000016ec63b4159
0000016f010c13f9
0000016f6e7373b9
0000016f716b2479
0000016fa94e4839
00000170143b7ab9
00000171c42bc859
00000172003c0799
000001722d787019
000001725c0412d9
000002e52778ff61
0000000002e12671
0000000000000181
00000172ba899459
00000172c4c0ba19
00000172d164b2f9
000001736a305159
000001737499ea39
0000017387c4bb99
000001739bf61b19
00000173a105d4d9
00000173a6310f99
00000173d151f579
00000173e7f9bfd9
0000017410f21999
000001747f483eb9
000001751fb674f9
0000017594af58b9
00000175ac9df5d9
00000175c106e099
000001763f262f19
00000176edce3ed9
00000176f8cb47d9
000001771216e819
000001773fef2c99
0000017757d87839
0000017768cfb7d9
00000177cdf1ce19
000001789994a0d9
0000017899977299
0000017899ed06f9
00000178c2aa2439
000001792f2e3799
0000017a0a27d159
0000017a3ab0e5d9
0000017a547ba9d9
0000017ac8a8ce99
0000017aeb2b4e39
0000017af1e795b9
0000017b2e85cf19
0000017b412028d9
0000017b5e077339
000002f7c7e39f61
0000000002e12671
0000000000000181
0000017bf081aeb9
0000017c08d027d9
0000017c44bfb159
0000017c4e7064b9
0000017c7694e0b9
0000017cc7db7a59
0000017cdf8a0c99
0000017ce694c8f9
0000017d06bf55f9
0000017d52752839
0000017d76e4cdb9
0000017dc055d699
0000017dfa2fce99
0000017e1a2aaef9
0000017e58abe959
0000017f2bd0a019
0000017f67ae6059
00000180400f7d59
00000180a3f3b719
00000180f0cb6359
0000018133a0ca19
0000018177619df9
00000181f0a68b19
000001821e92fd79
00000182619f3979
0000018271623df9
00000182c4799d39
00000182dcd0eeb9
00000182eaa65fb9
000001830a94db39
0000018311fa0979
00000183218424d9
000001832dc35299
0000018358ed6cf9
000001843938b499
00000184467118f9
000001846e503fd9
0000018476768af9
00000184825d6219
0000030a684e3f61
0000000002e12671
0000000000000181
00000185428f59d9
000001858e836b79
000001864bf8ff59
000001866b6c5679
00000186912a68b9
00000186a5b451d9
0000018720f42659
00000187b735b079
000001880fe63c39
0000018817c12d99
00000188c636bd39
00000188f5f93f99
00000188f734a739
000001892033a479
0000018a08d59e59
0000018a3ecdb5f9
0000018a9dbc9f19
0000018b505036d9
0000018b57965639
0000018b6a482379
0000018babfe7cd9
0000018c0cf197b9
0000018c43a783d9
0000018c45c2ca19
0000018c475d1779
0000018c47a29b59
0000018c6b490cb9
0000018c94969739
0000018cce3896b9
0000018d1d520b79
0000018dc12d02b9
0000018dd6dff2f9
0000018e51dd3dd9
0000031d08b8df61
0000000002e12671
0000000000000181
0000018ed3269f99
0000018f6ba496d9
0000018f8f968259
0000018ff752ab39
0000019188855bb9
000001919bf3e4d9
00000191b8743099
00000192058d2119
000001924057d759
00000192410cf4b9
0000019244b1f1b9
00000192a0c11799
000001934402f219
00000193d2ed1579
00000193e6240099
000001941ba496d9
00000194402642b9
0000019459f132d9
0000019469d89d39
000001946aa9f3f9
000001946e991419
000001947dc28719
0000019490488e59
0000019495b4e139
00000194ef63e639
00000194fca77059
00000195ca189539
0000019647d42779
00000196607e4cb9
000001968cafba99
00000196af6716f9
00000196caa92139
00000196e14f64b9
00000197063353f9
000001977c643b59
0000032fa9237f61
0000000002e12671
0000000000000181
00000198370f3159
000001983726b479
000001987aedf479
00000198ae987859
0000019946bf93d9
0000019950b109f9
000001995949a659
0000019a1ff5cd99
0000019a2daa0cb9
0000019a75cd7919
0000019ae6b1f8d9
0000019b8ff9ebd9
0000019bd756d639
0000019c0efd94b9
0000019c3c5b4f59
0000019c6058d159
0000019ce5a10c19
0000019d1291e0f9
0000019d76c9b1b9
0000019d8c127af9
0000019de059d179
0000019defb5cb99
0000019e5d8d7cd9
0000019ea8b8edb9
0000019eabd99f59
0000019f432886b9
0000019f48a0b979
0000019f675775b9
0000019f8a5add59
0000019fc7e79539
000001a023fd9df9
000001a0956ed379
00000342498e1f61
0000000002e12671
0000000000000181
000001a12634f439
000001a1474921d9
000001a1933d58d9
000001a19c4339b9
000001a1aef799d9
000001a1cafbaa99
000001a23f005a19
000001a27cdf8c59
000001a2c8c5f2b9
000001a30fe669b9
000001a363c74619
000001a36e581039
000001a47f3f2c19
000001a506af1c39
000001a53beef579
000001a5ea19fa19
000001a665c46a59
000001a68b3388b9
000001a6fadd4979
000001a7268fe039
000001a7a1fe3419
000001a7fbe5ef99
000001a807f52b59
000001a869578fd9
000001a8a032a219
000001a8b636e459
000001a8cdd85039
000001a8eef22c59
000001a90d799c99
000001a93f1ddf19
000001a969924ad9
000001a991c62fb9
000001a9cf7a7319
000001aa31a068d9
00000354e9f8bf61
0000000002e12671
0000000000000181
000001aab61fbd39
000001ab387e2759
000001ab4c8afab9
000001ab8fc23b59
000001ac023dbc99
000001ac36c08639
000001ac37ae09f9
000001ac67d82b19
000001ac94b38a59
000001ac985d2a19
000001acf1ba9779
000001ad6c6f5f79
000001ad85a9bbf9
000001ad89103479
000001ada8b8a7b9
000001adfa84b339
000001ae17a509f9
000001ae30bcb759
000001aeea8907d9
000001af1b1baa39
000001af21bc4739
000001afb1e39a59
000001afbd1a1259
000001afbd1a68f9
000001b00933f9f9
000001b050bcb9f9
000001b0699df339
000001b06f0bc979
000001b1dd06b919
000001b1def494d9
000001b1e94301b9
000001b1ea3b9d19
000001b1f61bd1f9
000001b28e40b779
000001b2e530e839
000001b331f88b19
000001b35b441099
000003678a636061
0000000002e12671
0000000000000181
000001b3d24f8119
000001b40635bc59
000001b4af39e099
000001b4cd5fe779
000001b4d140f219
000001b547cd4e99
000001b56dd2a539
000001b584078ad9
000001b5af2939f9
000001b615d67ff9
000001b63e558059
000001b63ec10c59
000001b69206ca39
000001b70500be79
000001b7dfcf9b39
000001b7f5723759
000001b8450009d9
000001b8d5515339
000001b8f8a0b859
000001b9ad7720b9
000001b9c93ac1d9
000001ba58c64e39
000001ba97b80819
000001bb1d04bf79
000001bb31b15ad9
000001bb53d49679
000001bb71368859
000001bbbe667439
000001bbd87e2df9
000001bbdd6a51b9
000001bc46f46399
000001bc4dc34ad9
000001bc56814b59
000001bc5e267f19
000001bc848c0e99
000001bcb27123f9
0000037a2ace0061
0000000002e12671
0000000000000181
000001bd514fe219
000001bdf195b8f9
000001be13d01979
000001be43a37cb9
000001bf30762319
000001bffddf6879
000001c0335b0db9
000001c124987f99
000001c148abaaf9
000001c149611699
000001c1570ee779
000001c16537df99
000001c2a335dbd9
000001c2b67769b9
000001c2d5dcc139
000001c3d11ed3b9
000001c425583f19
000001c42cd9fdb9
000001c438885299
000001c447eae859
000001c4484b1039
000001c4ea42ec99
000001c4ff63ef59
000001c50cd99f59
000001c5269a2c59
000001c531f78359
000001c619d25899
000001c65bde0079
0000038ccb38a061
0000000002e12671
0000000000000181
000001c66e2fb499
000001c672562bb9
000001c726f0e159
000001c78e024839
000001c7a3510079
000001c887104ad9
000001c8a301a119
000001c95667d7f9
000001c9638c3319
000001c970139bb9
000001c9b43b6999
000001ca3981fc79
000001ca98e59799
000001cb2e4387b9
000001cb7490a379
000001cbab60b879
000001cc1c689879
000001cc633a7af9
000001cc8233b639
000001cce5234d59
000001cd091eb679
000001cdf75fe599
000001ce5fc90459
000001ce7699f6f9
000001ce883b33b9
000001ce9eaca299
000001cee1cb3059
000001cf592e8b59
000001cf76effc19
000001cf9d53e059
000001cf9eca9a99
0000039f6ba34061
0000000002e12671
0000000000000181
000001d09adb8dd9
000001d11576ac19
000001d168e57df9
000001d197a91959
000001d1cac2a159
000001d212c26859
000001d21437e9b9
000001d21fd06099
000001d229b2bcd9
000001d2ac07a139
000001d2c6ec2c39
000001d2ee238839
000001d34b9964d9
000001d403cdcc39
000001d41a1659b9
000001d41a167419
000001d4276cdf79
000001d444052e59
000001d456faab39
000001d46970b099
000001d4c5549cb9
000001d4fffcff19
000001d5027dfcb9
000001d5427ee259
000001d5ba9da3f9
000001d6d9c93b99
000001d706ad8579
000001d70d0c4639
000001d75e8c1339
000001d85d521b79
000001d8643f55d9
000001d88f8a14d9
000001d8cfb880f9
000003b20c0de161
0000000002e12671
0000000000000181
000001da9e890d59
000001dac328ee79
000001dacf387799
000001daeb8ef599
000001db8c8ccdf9
000001dc079261b9
000001dc4cf3b9b9
000001dc61e13019
000001dca1824479
000001dd238d54b9
000001dd665253b9
000001dd72708339
000001dd9f8f4819
000001de0a1c9cf9
000001de12d2ddf9
000001de24a4cd79
000001de416a0939
000001de45687cb9
000001df8897cb79
000001df9703c499
000001dfeb79ee59
000001e01c2b7ef9
000001e031c6f019
000001e04b8c5bf9
000001e060edc579
000001e0d54547f9
000001e0e4616e59
000001e189efb619
000001e199e62d79
000001e1dd3a1db9
000001e2082a8f39
000003c4ac788161
0000000002e12671
0000000000000181
000001e25bd0e599
000001e25f86dc39
000001e268594ff9
000001e2ddf96679
000001e336d38d79
000001e3c5d33159
000001e40c100f59
000001e42d80e539
000001e4336e33d9
000001e471ab8cb9
000001e486516e99
000001e5295c3839
000001e529e209f9
000001e5479b4c79
000001e54b4f30d9
000001e5a7bdc459
000001e5d878ab39
000001e66ee8f8d9
000001e6c8d24df9
000001e6cb6d28d9
000001e70b9c1999
000001e7164f6bb9
000001e7948aa039
000001e87ee43e39
000001e8df018af9
000001e918506cd9
000001e94f2f5719
000001e9a280f219
000001e9fa478ab9
000001ea4cd49479
000001ea51c096b9
000001ea7034fc79
000001ea77256679
000001ea90158599
000001eaae49b239
000001eadb3a95d9
000001eb07d8b119
000001eb2ee6c5b9
000003d74ce32261
0000000002e12671
0000000000000181
000001ebd7fdbab9
000001ec1b506c39
000001ec5b503939
000001ecadf781f9
000001ecc1ef66b9
000001ecf9554839
000001ed7d4dd0d9
000001ed81ff5439
000001eda8d95079
000001eddd7e8999
000001edfcea7a59
000001ee44248ab9
000001ee55a1ebd9
000001ee621d0179
000001eed5a40919
000001ef3d3471f9
000001ef8e57d699
000001f007b1a1b9
000001f0b07aaad9
000001f0d546e859
000001f0d822ed79
000001f0f19e0dd9
000001f15eafc1f9
000001f161f11579
000001f1ee2cb539
000001f2714bf159
000001f2723974f9
000001f2792635d9
000001f34eda7cb9
000001f48cec88f9
000003e9ed4dc261
0000000002e12671
0000000000000181
000001f513ce1599
000001f60526b779
000001f60d0fd979
000001f618df5a79
000001f647c71a99
000001f671b63859
000001f6bb672539
000001f6e547ab19
000001f772028019
000001f7e1b8b1f9
000001f7e6e28cf9
000001f84e6cc6b9
000001f89a27fab9
000001f8a8db46d9
000001f8f97920f9
000001f950348d59
000001f993a7b3b9
000001f9b895d379
000001fad0b9b619
000001fbb03db239
000001fbe149e8f9
000001fc9f4389b9
000001fcba8e3559
000001fd10816419
000001fdb6019cf9
000003fc8db86361
0000000002e12671
0000000000000181
000001fe4a12c779
000001fe94b88f39
000001feebba61f9
000001ff2eadb399
000001ff42f73659
000001ff7555c499
000001ffc288f639
0000020046098239
000002007bf14619
000002008c1f1719
00000200c5ae7d99
000002017d51f3b9
0000020192ad6179
00000201d4330d79
00000201dd8f1e79
00000201eb95f9d9
00000202201d3639
0000020276df3ed9
000002029260ca19
00000202a1e37f39
00000203619e41f9
00000203939dc319
00000203c7c3cc59
0000020401f34d79
00000204153f2d39
0000020445b88819
0000020447065a79
00000204556762b9
00000204dc14f2d9
000002053cd7e6d9
000002055e92cfd9
000002056475aaf9
00000205ba65d5d9
000002062b234519
000002063a6a41b9
00000206729abdb9
00000207290dea59
000002075cec7a59
000002078460d399
000002078a2dfa99
00000207936ab579
0000040f2e230361
0000000002e12671
0000000000000181
0000020850a61359
00000208c31227f9
00000208c4c4ce39
0000020931b04df9
00000209439e1639
000002096cebd3b9
00000209a3817ab9
00000209de666af9
0000020a17a30099
0000020a45020139
0000020ac4c8b999
0000020af3c65f59
0000020af8e8c119
0000020b64a3da19
0000020b7fabfb59
0000020b81762779
0000020bb4ab08d9
0000020bf6349a59
0000020c05a4f4f9
0000020c6a0b5879
0000020ccd8324f9
0000020cce769599
0000020cde79ee39
0000020d06d8fed9
0000020d85873119
0000020dcc87c699
0000020e391faa79
0000020eb332d779
0000020ee5264419
0000020f6a67acb9
0000020fc36977d9
0000020fd5b82359
0000020ff3ba7539
0000020ffa3f4eb9
0000021019a8e3f9
0000021055488319
0000021093e19959
00000210a44025b9
00000210df25c599
00000421ce8da461
0000000002e12671
0000000000000181
000002110d49ac59
0000021119807cb9
0000021132fa6599
0000021133942119
000002117260c439
00000211728ad679
000002119d367119
00000211a513ee59
00000211c4cd8639
00000212cf87fb99
00000212e412ef79
000002134cc651d9
000002138c25dd39
00000213bcc2ba99
00000213d8dbb759
000002145f71fb19
000002153819c019
00000215fcfc0979
000002169bcd4bd9
00000216e4ff6ef9
0000021771584fb9
00000217aca73c79
000002180504e439
0000021810301499
000002185e5660b9
00000218ab91a019
00000218dce66379
0000021938f9cd99
0000021947deaab9
00000219898c17d9
000004346ef84561
0000000002e12671
0000000000000181
0000021a8fe1fdb9
0000021aa7298f19
0000021aaa42c379
0000021ac817b9d9
0000021ad734bad9
0000021af8ff5559
0000021b6af25699
0000021c37632d39
0000021c5d768ff9
0000021c7ddba279
0000021cfb104459
0000021d48410439
0000021d54e6d7b9
0000021da8dd0779
0000021e01256959
0000021e36a38519
0000021e3e950d39
0000021e5b557c39
0000021e6e6f6df9
0000021e8464a7d9
0000021ee414bd79
0000021f573c3739
0000021f6be25839
0000021f6ed4b4b9
0000021fc8b9f3f9
0000021fd0ad85d9
0000022025065639
000002204c4ae239
000002208a3fe3b9
000002209a4450d9
00000220bf5248b9
00000220f34dc619
00000221299cfaf9
000002218e67e859
0000022192f571b9
00000221feaf1f39
000002224ce00739
00000222ac95eeb9
00000222c62488f9
00000222ec79dc79
00000222f2bb2bd9
000002234743cab9
000004470f62e561
0000000002e12671
0000000000000181
00000223c6b48959
000002241ec7db99
000002243576d2f9
0000022596cabf99
00000225e322fc59
0000022642d4df19
0000022684583ed9
00000226907f5079
00000226a0166299
0000022717fc7e19
00000227274126b9
0000022748f370b9
00000227a1643239
00000227c02de3d9
00000227dbf34fb9
00000228d9d01139
00000228eddcad39
00000228f79236f9
00000229132eb7b9
0000022a3f3622d9
0000022a45b4ef19
0000022a8244c439
0000022ac248fed9
0000022b2f9308d9
0000022b4ff15759
0000022b8ea307f9
0000022bea665d79
0000022c14c1a239
00000459afcd8661
0000000002e12671
0000000000000181
0000022ce36a8b59
0000022d1ccf6019
0000022d6010fbb9
0000022dbb485cf9
0000022dd93a0a79
0000022e0f31b199
0000022e615e7719
0000022f28677259
0000022f4e3bdc39
00000230075cf599
00000230aca5d0b9
000002314d31c139
00000231613eb9d9
000002316f17f5b9
0000023194f48839
00000232bd89a5b9
000002343cb44499
00000234c6faa399
00000234d3beb1f9
000002350e010c39
000002353750cab9
000002355eb11ab9
00000235c7610219
00000235e89107b9
00000235efbe9a79
0000046c50382761
0000000002e12671
0000000000000181
000002367ef91359
00000236b1448659
00000236e21cc479
000002374636f5f9
000002378bc8cd39
00000237af8bf4d9
00000237b5024d19
00000237e9e3fdd9
00000238d5d21df9
00000239295b70b9
00000239a5c0ae59
0000023a03584599
0000023a10865cf9
0000023a6b05e959
0000023d9605f7d9
0000023da17581d9
0000023eaeeea6f9
0000023ebc903f39
0000023eea313859
0000023f1d9a5b59
0000047ef0a2c861
0000000002e12671
0000000000000181
0000023f98aa9199
0000023f9a0459b9
0000023ffbc93939
00000240184adfb9
00000240391468f9
0000024053dd7b19
0000024082e28139
0000024085805c19
000002409a3d0039
00000240b691a299
00000240f1c779f9
000002425b5905f9
0000024265f96199
00000242f8029299
000002436a65c199
00000243a5736599
0000024427f8e9f9
0000024507a39519
000002452842d6b9
00000245aeb885b9
00000245dad275d9
00000245e4be6519
0000024616736ef9
0000024617a39d79
0000024652b9a479
000002473408ef39
00000247f7315bd9
0000024818c727d9
000002481b277939
00000248b31a6799
00000491910d6861
0000000002e12671
0000000000000181
00000248e70fba79
00000249241ca9b9
0000024950cb1b19
00000249553c94d9
000002496a3a5b99
00000249a2190fb9
00000249a9c767f9
00000249c6ca7bf9
00000249dd783919
0000024a46b504f9
0000024a8ea196d9
0000024a92f6f6d9
0000024ac9706f79
0000024bd5dca719
0000024bf3d4c439
0000024c02331df9
0000024c35974099
0000024cf00eced9
0000024cf6a02ab9
0000024d14ee60d9
0000024d2a94e1f9
0000024d7ca097b9
0000024da1db8cf9
0000024e50f0f6d9
0000024e74692b59
0000024ebf347ad9
0000024ed4c83959
0000024edc31d339
0000024ee3898ed9
0000024efa449579
0000024efc681e19
0000024f6cc18679
0000024f7936d299
0000024fd35633d9
0000024ffb4c3e19
000002500202f939
000002500fd21579
00000250472fa739
00000250d8186159
00000250df6ffb59
00000251be01b3f9
00000251d90549d9
000004a431780961
0000000002e12671
0000000000000181
0000025248233039
00000252704fa099
00000252a7ce62f9
00000254274e3279
000002548f24ec59
00000254a5cc0659
00000254a5cc0819
0000025506462d39
000002555f4e7f19
00000255877ffb19
00000255916e4eb9
00000255baff0619
00000255dbc24b19
000002563cde3799
0000025756f13079
000002578288fe99
00000257e262dd19
0000025810248079
00000259259268d9
0000025a1bff5019
0000025a28713df9
0000025ab6974a79
0000025ac9769b99
0000025ad0c1ba59
0000025b309468d9
000004b6d1e2aa61
0000000002e12671
0000000000000181
0000025b6f145079
0000025bc4ef58b9
0000025c33932d39
0000025c794c00b9
0000025cf5522739
0000025d057931d9
0000025d6a5d60b9
0000025d74d90fb9
0000025da38526b9
0000025debc81579
0000025eb69b4fb9
0000025ee9a98eb9
0000025efd1e18f9
0000025f61be4c59
000002600d77c399
000002606a7d8c19
00000260a0b3f339
00000260ca9735f9
00000261214dbef9
000002616fdd3539
00000261f487d519
000002620ae018f9
000002624371e939
000002626411e2f9
00000262f67901d9
000002631fad8cf9
00000263deda96f9
000002641c8807f9
000002649e23f999
000004c9724d4b61
0000000002e12671
0000000000000181
000002651ff9f979
00000265463119f9
00000265618d46b9
00000265eaff5099
000002664612ec59
00000267457ee159
00000267f156c639
000002685d86b139
00000268a77eb9b9
00000268a97d9c59
00000268d2ac3419
00000268d534e419
0000026947f06019
0000026965e1c319
00000269bf032c39
0000026a6532c699
0000026a739f3699
0000026a9e675459
0000026b81165b19
0000026b98973ef9
0000026bbbc99419
0000026be717ca99
0000026c41e23cd9
0000026d0cfc8919
0000026d1d9060d9
0000026d30dd42b9
0000026d6c617d39
0000026da48ebf59
000004dc12b7ec61
0000000002e12671
0000000000000181
0000026e2ea74df9
0000026ec05ce459
0000026ec05ce679
0000026ec3558599
0000026ed491c339
0000026f80b86f19
0000026f9f413ef9
0000027005087739
000002716f397df9
00000271f251dcb9
000002720de0e5d9
0000027243b72659
000002726f2aec59
00000272801981d9
00000272da51baf9
00000272e3b45f59
00000272f6ee1039
00000273537c8719
00000273f8b7f0d9
000002740d78c719
0000027418eefc79
00000274a8927b99
00000274d1136bd9
00000274eed40eb9
00000276221fa699
0000027639350279
0000027658ffd0d9
000002767db88999
00000277145dac79
000002771a9d82f9
00000277443b7e99
000004eeb3228d61
0000000002e12671
0000000000000181
00000277fb3e1d19
00000278a0afe579
00000278c16b0719
00000278e5d56a19
00000279014ca079
000002796c357779
000002798d845ed9
0000027997d13199
00000279a8f34ed9
0000027a01f56399
0000027a7c153439
0000027acff7f9b9
0000027b145d8079
0000027b2d975599
0000027b41dc2719
0000027b6286bff9
0000027ce2a44c19
0000027cea609e59
0000027d18d2f919
0000027d867b0159
0000027e4c60ad99
0000027e91855239
0000027ead5b6d79
0000027ece6a2959
0000027f3a3c0b39
0000027fe1d75779
0000027ff12b2ff9
000002803c1f5039
0000028041dad4d9
0000028042c9fc79
00000501538d2e61
0000000002e12671
0000000000000181
00000280bb944239
00000280c2d0a599
0000028139dbee59
00000281be6fea39
0000028288328db9
0000028330a68a59
00000283396cc9f9
000002833cff4179
00000283d889c6d9
0000028435408999
0000028444273eb9
0000028453275ab9
0000028499d1e3b9
00000284b8fe7d39
0000028500afab19
000002850f5f1579
00000285da8c4339
00000285fab62099
000002860c3e3039
000002861ff71699
00000286667b9c59
00000286678135f9
00000286ba2653d9
00000286d3bb9cf9
000002875a440219
000002880a4d6759
00000288368c5639
00000288a55ec9f9
00000288fc4d6df9
00000289182331d9
00000289a9595c79
00000513f3f7cf61
0000000002e12671
0000000000000181
0000028ab0edeb99
0000028ad01a74d9
0000028b827ac799
0000028c495b04d9
0000028c732da319
0000028d04b2c639
0000028d2f42b119
0000028d47884119
0000028d6d893579
0000028dbd1cd6f9
0000028ddf8ed379
0000028e17d20fd9
0000028e78b67999
0000028f104be399
0000028f8123c419
0000029009909c79
00000290107a1459
000002903087e699
0000029057243ab9
0000029080ffb099
0000029101200c59
000002915038f459
00000291700a4d19
00000292130ffd79
0000029304a9a699
0000052694627161
0000000002e12671
0000000000000181
00000293924bcd99
00000293a3b2c819
00000293f8799239
000002942a7eab59
000002948a981a19
00000294c4964a59
00000294ff950db9
0000029551b30cd9
00000295549ecf39
0000029583595cd9
0000029647f9f379
000002964ebe6ad9
000002969cc83179
000002974e7d0b79
00000297793d5639
00000297a5c59ad9
00000297f9fbc119
0000029823420cb9
000002982c33af79
000002987b277b59
00000298e5690359
00000298fbc9b499
000002999362a819
00000299ed9bdc99
0000029a1b97ef79
0000029a35289339
0000029a78de08f9
0000029a7dec2339
0000029a84947bd9
0000029aa7f4ea19
0000029aa93c95f9
0000029ab6b13059
0000029af65bf999
0000029b07e73ad9
0000029bd452c8b9
0000029c6032bf19
0000053934cd1261
0000000002e12671
0000000000000181
0000029ce59dedd9
0000029ce59e0199
0000029ce7d88919
0000029cef157219
0000029d23d6d7f9
0000029d3597c299
0000029d40bd9ff9
0000029d6faee399
0000029e322997b9
0000029e3229a459
0000029e3fee22b9
0000029ee3daea39
0000029f0cee23d9
0000029f36a7f9d9
0000029f8bf64999
000002a007ef74f9
000002a008677ff9
000002a05dee9ef9
000002a06edf2a39
000002a0a80b56b9
000002a0aa44eef9
000002a0e4756139
000002a10710ceb9
000002a110e345b9
000002a12879dd79
000002a17039af19
000002a1d35bba79
000002a1d6b99319
000002a1ee1ecc59
000002a1f8897f99
000002a3c95cfb59
000002a401d3b319
000002a416536a19
000002a44aae0fb9
000002a4a155e5b9
000002a559669f59
000002a5ad794f79
0000054bd537b361
0000000002e12671
0000000000000181
000002a66bdcac39
000002a69d5e5259
000002a6b4664e99
000002a6be56a0f9
000002a6d31642d9
000002a7d06fbb39
000002a7e9c43579
000002a81b7775b9
000002a832bcb6b9
000002a8f58c2479
000002a909477419
000002a9154886d9
000002a977ce7399
000002a9d813d3d9
000002aa57b6eeb9
000002aad6741f59
000002ab1ba347d9
000002ab6d4598d9
000002ab77ea3c59
000002ab785f58f9
000002abdaac6679
000002abdff50019
000002ac29985ff9
000002ac60139179
000002acb075bcb9
000002ad13a75519
000002ad60a062f9
000002adc0d6e0f9
000002adc7f5d899
000002ae47d648d9
000002ae6b9c7f99
0000055e75a25461
0000000002e12671
0000000000000181
000002af48ea3cb9
000002afd6342439
000002b01b3530b9
000002b01ff38419
000002b04c3a9f99
000002b06fa8b859
000002b0e3823779
000002b0f4949779
000002b12b32a759
000002b154920719
000002b16ff2be59
000002b1b9426af9
000002b219b07499
000002b241fd8ef9
000002b2b240ab19
000002b2bd9db179
000002b300a89939
000002b34193fcd9
000002b404a79c79
000002b45a454979
000002b46dc9e639
000002b473a7f319
000002b5147286d9
000002b57a3d9819
000002b58bebc9b9
000002b5a400cdb9
000002b5be2374b9
000002b5c558ea59
000002b647e47179
000002b64c3d8659
000002b64ec82739
000002b665144879
000002b66fee9ab9
000002b725c7be59
000002b762e8b419
000002b8103b23b9
000002b837702199
000002b84d70a2d9
00000571160cf661
0000000002e12671
0000000000000181
000002b8c4208879
000002b985139d19
000002b9b9597219
000002babf828bd9
000002bac45e3e79
000002bad49847b9
000002baf5924bf9
000002bb785088d9
000002bb7a12b2d9
000002bb7f91c839
000002bbd4488fd9
000002bc86e00119
000002bc8a3a20f9
000002bc9066fb79
000002bca4f9c0b9
000002bcb0038139
000002bd1c636979
000002bd36168859
000002bd4a432ab9
000002bd66c11479
000002bd7c12eab9
000002bdcd2c90b9
000002be7f60f2d9
000002bf507c0079
000002bf5b7698b9
000002c044a85a99
000002c08dd20819
000002c0b0555eb9
000002c0cbe6f8f9
000002c0e2a4b319
000002c10fc3a9f9
000002c172469e79
000002c1a6ebba19
000002c1a90fa319
000002c1baa78a59
00000583b6779761
0000000002e12671
0000000000000181
000002c205ee1919
000002c206a941b9
000002c206a94559
000002c29807ea59
000002c2af307459
000002c32c1d5e79
000002c3504d74d9
000002c474ed5859
000002c47fe0b2f9
000002c49abf4639
000002c4b8f765f9
000002c4b9486959
000002c4b9486b19
000002c5707e5219
000002c5eb3ddcf9
000002c62f5e3539
000002c66b30f7b9
000002c762df49f9
000002c7aeef2db9
000002c802228759
000002c81a75b459
000002c8fb2a3259
000002c93fdafb19
000002c945257bf9
000002c99631a739
000002c9cd9b5cf9
000002caf633db39
000002cb1e5d9a39
0000059656e23861
0000000002e12671
0000000000000181
000002cb476a7bb9
000002cb919bc419
000002cc77723d19
000002cc88c722d9
000002ccde6a7a79
000002cd2de3e2d9
000002ce55205a39
000002ceb6059cb9
000002cf38fa89d9
000002cff2a27ab9
000002d064202899
000002d0a1d7a919
000002d1d6d53ed9
000002d20a2b7319
000002d25a63c299
000002d26055ba59
000002d2cbb8a979
000002d30a08d1b9
000002d335b356f9
000002d3b9f04699
000002d40dbf3059
000002d41e741db9
000002d46f3d6859
000005a8f74cda61
0000000002e12671
0000000000000181
000002d47ade4cb9
000002d488324659
000002d4a89e3299
000002d4ae502bd9
000002d4c35b2759
000002d4d47dbc79
000002d595589b59
000002d63c2ecc79
000002d64e1a14f9
000002d67cf63b99
000002d6a68497b9
000002d6f4a33599
000002d802462139
000002d8ae39b8b9
000002d8c6328779
000002d8e2ed27d9
000002d926b20cb9
000002d990e5af99
000002d9b3212e79
000002d9ed88e6b9
000002da028ec819
000002da159973f9
000002da45ff46b9
000002dac2f07919
000002db702eefd9
000002db79494eb9
000002db90474c39
000002dc2d6ecf59
000002dc99f86cd9
000002dcbf67a239
000002dd1dbcda39
000002dd4d3309b9
000005bb97b77b61
0000000002e12671
0000000000000181
000002ddce5b1399
000002de2319b6f9
000002de698adf79
000002de72f8c399
000002ded331bef9
000002dee659ccb9
000002dee87246d9
000002df167a9cf9
000002df18139919
000002df6c485039
000002df8b8f7b19
000002dfc89b6a99
000002dff56b0819
000002e0565f1939
000002e07164cb99
000002e0cf4e84d9
000002e1010229b9
000002e11bb04899
000002e15251de19
000002e17090dff9
000002e173fa3e39
000002e17a37dbd9
000002e1a2948979
000002e1bb566259
000002e1f7c9bed9
000002e258f5b3b9
000002e2bfbd1899
000002e320c2c7f9
000002e355a1fd99
000002e35c1eb359
000002e3b4efe759
000002e3c8c74b99
000002e423d14779
000002e4ad6843d9
000002e4c80aac79
000002e53666f479
000002e56dc55a79
000002e56fca88b9
000002e589643079
000002e5efed87b9
000002e626a1d979
000002e64ce7f6b9
000002e66e4a0499
000002e6859d6f99
000002e6a59bdd19
000002e7001630d9
000005ce38221d61
0000000002e12671
0000000000000181
000002e7c065a0d9
000002e7c97edaf9
000002e80d9ef1b9
000002e8186b95b9
000002e82410acd9
000002e836932899
000002e86ea1f0b9
000002e88a134b99
000002e8d239a619
000002e910ba07f9
000002e93ab46a99
000002e960376f99
000002eaa9eddf79
000002eab493f719
000002eaf4a27739
000002eb8fa2ce79
000002ec2cf95099
000002ec47e7f099
000002ecae035b39
000002ed1e5a2839
000002ed8ae0df19
000002ed958a32f9
000002ede78e9519
000002ee38a7e239
000002ee3af02a39
000002ee5fd4d3b9
000002ee7808b499
000002ee9ff30099
000002eee34d32b9
000002eee64d32d9
000002eee72f7799
000002ef344742b9
000002ef41dfc699
000002ef6d2a13f9
000002ef8edd6cf9
000002efd41063d9
000002f0547600f9
000005e0d88cbe61
0000000002e12671
0000000000000181
000002f0c616f519
000002f0f4da0459
000002f272654ab9
000002f294505179
000002f323e78d59
000002f32d678f79
000002f346f2f239
000002f34d022299
000002f35cd49179
000002f369090f99
000002f37bd80a59
000002f3a2035b39
000002f42991d459
000002f43e4a7eb9
000002f4deb45439
000002f5076ebe99
000002f52dae53d9
000002f5da981b79
000002f5e17665f9
000002f61045afd9
000002f6204f0499
000002f6e109cb59
000002f704f62679
000002f752fd56b9
000002f80a67d8b9
000002f8337984b9
000002f833798639
000002f83d9dc5f9
000002f85ac341b9
000002f893f50519
000002f8a7998cd9
000002f8bc4e73b9
000002f91c73d539
000002f942999b39
000002f95deb3fd9
000002f99d9e9639
000002f9a8e839d9
000005f378f76061
0000000002e12671
0000000000000181
000002fa32765959
000002fa3b5b3a59
000002fa61935699
000002fa8a875f39
000002fb357c2839
000002fb937c9bf9
000002fd22d6b9b9
000002fd64316fb9
000002fd697641f9
000002fd751d56b9
000002fda6b9eef9
000002fe33655199
000002fe75ae5bb9
000002fed4410d59
000002fedafb6c59
000002ffbcacb8f9
0000030003efcb39
00000300044156b9
000003001dc67cb9
000003002177ac59
000003004dfbf5f9
00000300d47e4459
0000030142e36399
0000030176043119
00000302467c4f79
000003027fcc7619
00000302ecb90ef9
00000302edb42a99
0000060619620161
0000000002e12671
0000000000000181
000003033e314c99
00000303dd752e59
000003044a07bcb9
000003048cf3e1d9
000003048cf3efb9
00000304a3323179
00000304a4ed9a79
00000304e7ab7439
0000030508ff8a39
000003050aba8d19
000003052301ea99
0000030644c7d859
0000030650272759
0000030687d22d59
000003071cf0bf19
00000307852bedd9
00000307eb8fcdd9
000003085c49a739
000003086eef7a99
000003087d028d99
000003089578c579
00000308b93821f9
0000030a2bfdc059
0000030a5552ac59
0000030a9db766d9
0000030ad8f26219
0000030adad0ebf9
0000030bcb484939
0000030bd5391139
0000030c07232359
00000618b9cca361
0000000002e12671
0000000000000181
0000030c61b7fef9
0000030d4ca25b79
0000030d7d1341b9
0000030d8c6d5839
0000030db3d69bb9
0000030dd9757759
0000030df3bd6f59
0000030e0b0008f9
0000030eefeaa139
0000030f14b37ff9
0000030f1501a539
0000030f5b8f9019
0000030f5f30ec19
0000030f69dfe119
0000030f7d66a899
0000030fa703dcd9
0000030fb086a419
0000030fff479159
0000031029b59fb9
00000310984c7ff9
00000310fa833e79
00000311f82a1bd9
000003123b905ff9
00000312de36b459
0000031399f9d439
0000031549cce2b9
0000062b5a374561
0000000002e12671
0000000000000181
00000315e02dc799
00000315fd7c9cd9
000003162c015b79
0000031666f444d9
000003167b495779
000003167be6c0d9
00000316a747bfb9
00000316c5a650d9
0000031704886e99
00000317133f96f9
00000317393b2a19
00000317436ef859
000003177f9add59
00000318680b7a39
00000318e01f8af9
0000031904e68359
0000031904e690d9
00000319553fd459
000003197610a639
0000031a15ca0639
0000031a1a4aed39
0000031a1a5ebd19
0000031a299dac99
0000031a3d70d479
0000031abc117399
0000031ac1314e39
0000031b1eabdc59
0000031b233506f9
0000031b3b661cf9
0000031c0b306459
0000031c94019959
0000031d3fc08f99
0000031d486418b9
0000031d6b2c1bf9
0000031db0fb7a39
0000031e006c5d79
0000031e485286f9
0000063dfaa1e661
0000000002e12671
0000000000000181
0000031f124771f9
0000031f76c727f9
0000032023d518b9
000003203cf0bf39
0000032058fb1a79
00000320a0308599
000003210a344ff9
0000032133b324d9
00000321d7f2a219
0000032211712d19
0000032276bcf2f9
00000322c8da2bf9
0000032313339d79
0000032313cc7239
0000032397482039
00000324cc1ef739
00000324d5787a59
000003252e62a8b9
00000325305923d9
0000032581b66619
000003258c9e4739
000003258c9e48f9
00000326552c73d9
000003273f9ed659
00000327477f22f9
00000327574c8f59
000003276781c759
000003278ae2c279
000003279d351259
00000327ac5b1e79
00000327bba73219
000003281cee3799
000006509b0c8861
0000000002e12671
0000000000000181
0000032864243119
00000328650f08b9
000003286b8259d9
000003287c6c2279
0000032894bf1759
00000328cbed3e19
00000328e1491a59
00000329068f3b99
00000329b7f72599
0000032a1c96c2f9
0000032a43db4359
0000032a78d04019
0000032aa21e81b9
0000032ad6a6a099
0000032b51f748f9
0000032b8d212479
0000032bc997a179
0000032bfd64e5d9
0000032c1778cb99
0000032c1ce11cb9
0000032c2e416239
0000032d037dc5b9
0000032df714a9b9
0000032e31cd45d9
0000032f0d61bfd9
0000032f18d07079
0000032f7568b7f9
0000032fad23beb9
000003306ed0adb9
00000330b3d4a579
00000330f28bd159
0000033101c88079
0000033154df5679
000003315993cc39
000003316f6d8979
000006633b772a61
0000000002e12671
0000000000000181
00000331fd419e79
0000033246d57719
00000332e4e13a59
0000033314449199
0000033328530839
0000033396837519
0000033451d41e99
0000033474d65f99
00000334b5f8dfd9
00000334e52afdd9
00000334f1cde539
000003357f99f979
0000033583531379
0000033608176b59
000003362497e1b9
00000336308c5779
000003364b858479
000003365104de59
000003367ef7f8f9
00000336a1a2aa19
00000337547ad959
000003377fd730b9
00000338180b2d59
0000033825d9c0f9
000003387a412d19
000003389cc7e7b9
00000338ec7abdf9
0000033900e2b079
000003393afa5079
0000033a3579db19
0000033a3ca06719
0000033aa2a1e2d9
0000033aa32578d9
00000675dbe1cc61
0000000002e12671
0000000000000181
0000033b06cf3819
0000033b2bf64999
0000033b5728cc99
0000033b66f37b39
0000033c2840fcb9
0000033c569dad39
0000033c908ee4b9
0000033d23432859
0000033d5b76e959
0000033d721a96b9
0000033dca6032b9
0000033dd3f23959
0000033e2b0137b9
0000033e5b2e03d9
0000033ea10b56f9
0000033edb124a79
0000033f69edc779
0000033f92930779
0000033fbbbbc779
0000034028aa3099
0000034028aa3f19
000003406086c3b9
00000340c56be4f9
00000340f5a69259
000003414cb72b39
000003418af8bb19
00000341ef288959
000003424b98c239
0000034259c16f79
000003425e27f159
000003426d19a979
0000034297100fd9
0000034299910219
000003439f2c4739
00000343d4fd1959
000006887c4c6e61
0000000002e12671
0000000000000181
000003446da49d39
000003449db738d9
00000344f60d98b9
00000345116e59d9
0000034519745a79
000003454fce5a59
00000345e431c079
00000345ef842379
00000346617a87b9
000003466496e719
00000346b90e40f9
00000346dac09eb9
0000034722812c99
00000347376d7e99
00000347930e1fd9
00000347a38dfa59
00000347acbf3ad9
00000347e3f2be99
00000347e7d05119
000003481696a799
000003481c040db9
0000034823c7b219
000003484dca91f9
00000348bde434b9
00000349222c6d39
00000349917ab979
0000034a22f9d619
0000034a58d00b19
0000034ab52d66f9
0000034b3b9af159
0000034b4a4f79f9
0000034c0c6ddad9
0000034c26e962b9
0000034c35037779
0000034c4fa636d9
0000034cc1ffd819
0000069b1cb71061
0000000002e12671
0000000000000181
0000034dc94cb0f9
0000034eaa0ee119
0000034ed5534059
0000034ee5172ed9
0000034f0d599699
0000034f1bdb3179
0000034f7ac5f0d9
000003501fdf40b9
0000035026817c99
000003510a546879
000003518febbdb9
00000351a5506539
0000035232d859f9
000003526f8778b9
000003530387f379
0000035370e97a79
00000353b21c8ed9
00000353ecdfae39
0000035410f571d9
000003543e95ab19
000003547053ce99
0000035480399a39
00000354aac0bb39
00000354ca8193f9
000003551f5acef9
00000355e89dcb39
0000035643999d79
00000356565c7459
000006adbd21b261
0000000002e12671
0000000000000181
00000356e1aba679
000003571e82d599
0000035793015879
00000357b5a2d519
00000357bf490539
0000035850b02b19
000003593b299219
0000035965407e19
000003596cf85639
00000359d48cba39
0000035a0c9ebd79
0000035a97ca1d39
0000035afc275af9
0000035b181355f9
0000035b1cafb119
0000035bcb5d64f9
0000035bd28b3cf9
0000035c505ea239
0000035c987fd439
0000035d4c965a59
0000035defbde659
0000035e3fd02699
0000035e6c4dc639
0000035e98304ed9
0000035ee53ad399
0000035f82695779
0000035fb35e4719
0000035fe1d3c539
0000035fe44e5d79
000006c05d8c5461
0000000002e12671
0000000000000181
000003604525c1d9
0000036079d86039
000003607ca361b9
00000360a3a2c619
00000360ee8d3659
000003611fa264d9
000003612e676bd9
000003615a4f9599
000003615a4fb559
0000036168d354f9
00000361df30b139
00000361f3b3f979
00000362039616b9
0000036246953959
000003624a2cb159
00000362983364b9
00000362bce44a59
000003630fa3aab9
0000036334096059
000003638459ae39
00000363a505ff99
00000363e466e639
000003641178e7b9
00000364dc8ad979
00000364e03b0df9
000003654b6c6179
00000365847325d9
00000365942b6df9
00000365afa58059
00000365f8c71bd9
000003660f882139
0000036645acb7f9
00000366930dbbb9
00000366936bb599
00000366cd376d39
00000366db6da3d9
00000366eb9e7a19
00000367158924b9
000003673b99bab9
00000367bca55a79
00000367cc19db39
0000036801a86399
0000036816689819
000003682f230179
000003684ebb0679
0000036896036779
0000036920bf97d9
000006d2fdf6f661
0000000002e12671
0000000000000181
0000036998e65dd9
0000036998e666f9
00000369a91d50b9
00000369b413fc59
0000036af2df20f9
0000036af7b97319
0000036bc3743ff9
0000036c1976a419
0000036c4ece3d59
0000036c4ece4db9
0000036c84116bb9
0000036d04b2f779
0000036d69c8cf59
0000036dcb0c90b9
0000036dec0c5239
0000036e2c8167d9
0000036e7978ec59
0000036eabcca9f9
0000036ef86a3459
0000036ff0fa7319
0000037048fba579
00000370a0074d79
000003711a792b99
000003712c979899
00000371896741b9
00000371c6593959
00000371d5609059
0000037203f9ccb9
000006e59e619861
0000000002e12671
0000000000000181
00000372d682ae99
000003744d707b79
0000037525586c39
000003756abfb9b9
0000037599b5a499
00000375c0683479
00000375c24145f9
00000375f7d21d19
0000037651576299
00000377242fea99
0000037724d37d19
00000377736da399
0000037799a30df9
00000377af0bb5d9
00000377b5f05699
00000377c8c87819
00000378395e47f9
0000037871f67659
00000378d7121c19
000003797e28e119
00000379b92e86f9
0000037a070c4a39
0000037a33bd81f9
0000037a3c767859
0000037a5a8e75f9
0000037b308bbeb9
0000037b50052e99
0000037bcb4f5ed9
0000037bd31eebd9
000006f83ecc3a61
0000000002e12671
0000000000000181
0000037c43809919
0000037c92048df9
0000037d0b43e159
0000037e1f079d39
0000037e243aba79
0000037e716a0bf9
0000037e8433e439
0000037f411bf2d9
0000037f492569b9
0000037f8f274859
0000037fd31cb959
000003809a28f1b9
000003816be5caf9
00000381b300e5f9
00000381f29ce079
000003820c2b7fd9
00000382604b09b9
00000382d3bb59d9
00000383483a93d9
00000383feaf3819
00000384044a9e59
0000038419188ef9
0000038426526399
000003842a350979
000003843b3fde59
0000038478696c79
00000384f2845139
0000038505b8a499
0000070adf36dc61
0000000002e12671
0000000000000181
000003857fe6e8b9
0000038594384b19
00000385d9cd1659
00000385ea059699
00000385f3fa5d39
0000038665b51f99
00000386f6162039
000003873e55b959
000003885cc6a299
00000388720fc059
00000388957e90d9
0000038970df65b9
00000389739c06b9
00000389cda1dc79
00000389de9e44b9
00000389fada7e99
0000038a960bea19
0000038ad8d6adb9
0000038b57d935d9
0000038c29aaceb9
0000038c53d168d9
0000038ca9020239
0000038cbf14fcb9
0000038ce38dd639
0000038ce6493559
0000038d4795ab39
0000038d74a883b9
0000038dc3841459
0000038e20b932d9
0000038e6fb27219
0000071d7fa17e61
0000000002e12671
0000000000000181
0000038efdba33b9
0000038f80a45679
0000038f92097c99
0000038fb6241539
000003900977f4f9
00000390bfb7bb39
00000390c4228d59
000003910a7b3f79
00000391177ef039
00000391ef8a8c59
000003922de54e19
00000392cfa9e499
00000392d4ac1db9
0000039319558459
000003935b666ad9
000003935e026a39
0000039391f924b9
00000393ab790439
00000393d4f86e99
00000393dd0eae59
00000393e274aef9
00000394231150d9
000003945428b619
0000039462755159
0000039489150e39
00000394d59751b9
000003951b816f79
0000039557655159
00000395b57c5799
00000395df80a4f9
0000039618306519
000003964f625039
0000039696d42339
00000396edb31e39
0000039700d5fb39
000003973dc35599
00000397aa7bf599
00000397eaeab9f9
00000730200c2161
0000000002e12671
0000000000000181
000003985c8d77f9
00000398625bd8d9
000003989558bed9
0000039936f1af59
000003993eb02839
0000039a04588ad9
0000039c213adcb9
0000039c600de319
0000039c6c5e2939
0000039ce3768719
0000039cfac48199
0000039d30362b79
0000039d6f66cbd9
0000039dd561bf99
0000039e7d753919
0000039ebd989539
0000039ef07d4ab9
0000039ef4c4f259
0000039efff11359
0000039f9bf80679
0000039fcbca6d19
000003a03fc56879
000003a0949df839
000003a0c88ce419
000003a10f9add99
00000742c076c361
0000000002e12671
0000000000000181
000003a1adf85af9
000003a3dc53d279
000003a41aa39579
000003a426ecc499
000003a4c42c3139
000003a4c42c32f9
000003a4c42c5ff9
000003a4f4d16519
000003a5201ada79
000003a58a621d99
000003a61fd61479
000003a64e6ff8d9
000003a706ba5a19
000003a748596599
000003a803f33ef9
000003a8400221f9
000003a8470830d9
000003a8e73f51d9
000003a93f679759
000003aa4329ab19
000003aa78734759
000003aaa650e8b9
0000075560e16561
0000000002e12671
0000000000000181
000003aac94cdf59
000003aad15fa7d9
000003aadbf40219
000003ab387d6239
000003ab6079ab39
000003abf7a3e819
000003ac30ce07f9
000003acc65699b9
000003ad0264ff19
000003ad1663bdf9
000003ad1daa9a79
000003ad43d38df9
000003ad84521279
000003add62bd479
000003ade3e6b219
000003adeb12df59
000003adfdf69059
000003aec043fc19
000003af00222db9
000003af27098d79
000003af5055e939
000003b03ff2f099
000003b14729b6b9
000003b18cef71f9
000003b1def97f39
000003b2e62fb9f9
000003b30bdb47b9
000003b33c6f1179
00000768014c0861
0000000002e12671
0000000000000181
000003b43aba9799
000003b4ad846a79
000003b4d0e1e839
000003b4ea9bb219
000003b512d875f9
000003b563dc8879
000003b5ad9ab9f9
000003b6259e4fb9
000003b63d6fbe59
000003b644fa57d9
000003b68cad2bd9
000003b6bb952d79
000003b6f646e559
000003b6ff2402d9
000003b6ff8f9119
000003b953cbd339
000003b96cfc5599
000003b9789a9539
000003ba4e5200f9
000003babbbeb839
000003baf0a2b5f9
000003baf85df099
000003bb25623579
000003bb41f1e4f9
000003bb6cb3c099
000003bbcfd9f8b9
000003bbe4e6bbd9
000003bc0fa34859
000003bc4c8c8859
0000077aa1b6aa61
0000000002e12671
0000000000000181
000003bd6a291e39
000003bd7cae3079
000003be12e42699
000003becae385d9
000003bf2977c219
000003bf5fe01cb9
000003bfb72e2359
000003bfdd8bdd99
000003c000b07219
000003c03522deb9
000003c0448d17d9
000003c0c4883139
000003c21e20fd19
000003c22d3d2639
000003c22e6cec39
000003c244cbc7d9
000003c2c661c919
000003c355dc5399
000003c3b8114439
000003c3d8d996b9
000003c43d98d2b9
000003c443bcaa79
000003c46f378259
000003c48c49c139
000003c4b35c45b9
000003c4fd7d3479
000003c521b7bf39
000003c54466ea19
000003c58027ff59
000003c596b5d6d9
000003c5f81e06b9
0000078d42214c61
0000000002e12671
0000000000000181
000003c6a0ce99f9
000003c6ad1e7919
000003c72a75ccb9
000003c736623d79
000003c7dcc39059
000003c834e7b999
000003c86f6f5579
000003c89a279f79
000003c8ca6f6d99
000003c96134c399
000003c97a675039
000003c9a3bd5059
000003c9c13a1c79
000003c9c99808b9
000003c9cfa38879
000003c9f6351999
000003ca7b21e199
000003cafd7bb539
000003cb1f87dad9
000003cb68fc4759
000003cbc95ef379
000003cc0864bdf9
000003ccbf5cc2d9
000003ccc2c21bf9
000003ccdb35c419
000003cd3ff13659
000003cda6b83a39
000003cdac629c79
000003cdd688a959
000003ce04f9b579
000003ce28e1dbb9
000003ce46af9bb9
000003ce8f2aac79
000003cea5555b79
000003cebf9db159
000003cf7a77e599
000003cfc29ae019
0000079fe28bef61
0000000002e12671
0000000000000181
000003cff058e359
000003cff65bb399
000003d004df96b9
000003d0111c24d9
000003d028762f19
000003d02cb69eb9
000003d036a0d5d9
000003d06189fef9
000003d11d76bef9
000003d1c1649e59
000003d1cfea91f9
000003d1d1b03b59
000003d1ed2bb8d9
000003d223be6bb9
000003d2fb279119
000003d31afa01d9
000003d32fe18699
000003d3a11ef9d9
000003d3e51c7c19
000003d4377bfcb9
000003d43b1bbbf9
000003d49eeb8239
000003d4cc7504f9
000003d513a4c819
000003d578db80d9
000003d6133a6e39
000003d648397a19
000003d657408359
000003d6b33da339
000003d6ea6528b9
000003d6ee8ccad9
000003d7b76c6439
000003d7d09aa499
000003d8104110f9
000003d84a03b1f9
000003d8b4cd9e59
000003d931fda8b9
000007b282f69261
0000000002e12671
0000000000000181
000003d956fa2119
000003d97981c2f9
000003d9b99a9db9
000003d9d4026eb9
000003da7bf09839
000003dafd1e8099
000003db5305a9b9
000003dbc9c21019
000003dc55265a79
000003de631b2419
000003deeec9c179
000003df218868b9
000003dfbc3eedb9
000003dfbe244d79
000003e001881c39
000003e005f3ca59
000003e00f51bcb9
000003e038ae5ff9
000003e0c107e179
000003e0c1455339
000003e0ce36f599
000003e0e6d77f79
000003e0e9fd8599
000003e190df6259
000007c523613461
0000000002e12671
0000000000000181
000003e2b69b0839
000003e349624b59
000003e3b46aa3f9
000003e3e3344399
000003e406dee519
000003e4a1b3db19
000003e4d4c16739
000003e53023c799
000003e5766bea19
000003e60fa61d59
000003e61e4a1cf9
000003e691ff4db9
000003e6c7431839
000003e75931b819
000003e764f40419
000003e7bbd39199
000003e7c33a9ff9
000003e8022bf399
000003e8702673b9
000003e8896cac19
000003e88f1cf8f9
000003e8a3abe819
000003e8d6b9a199
000003e9380cee39
000003e956b3ddd9
000003eab775b0d9
000003eb4c6cf739
000003eb583d79d9
000003eb7a91c739
000003eb97f44699
000003eb9fb638b9
000003ebdbb6ced9
000007d7c3cbd761
0000000002e12671
0000000000000181
000003ebfc0f2ed9
000003ec03eb0119
000003ec801bbb79
000003eca90e1ad9
000003ecd28530b9
000003ed0ec6a2f9
000003ed707eba99
000003ede9a70c99
000003ee3ea4e9f9
000003ee5fc64a19
000003ee7d2a7979
000003ef322ac479
000003ef42647359
000003efd7ecfb19
000003efe5318019
000003f001133d99
000003f0c8e12659
000003f0c8fad839
000003f0ca038899
000003f0d396d0b9
000003f0e92a2219
000003f14c22bab9
000003f183340439
000003f22b78dcf9
000003f241419bd9
000003f24f650859
000003f25bcb0239
000003f27fbdbeb9
000003f34adf0319
000003f383c5ef19
000003f3c1674119
000003f3ca3e9c99
000003f4027938d9
000003f41e22f8d9
000003f435364699
000003f43cfeb739
000003f49655a3b9
000007ea64367961
0000000002e12671
0000000000000181
000003f53cc9d719
000003f5cf608f19
000003f612f0ff99
000003f68c377439
000003f68d4ad579
000003f6c65f9999
000003f6cf796559
000003f733eff219
000003f735ff7639
000003f75543d439
000003f7ac2ea8d9
000003f8dd49fb59
000003f8f26fbcf9
000003f92be13d39
000003fa318530b9
000003fa4ddf2c19
000003fa68d34db9
000003fae606b8f9
000003faf2f92079
000003fb72586d79
000003fba6b61459
000003fbb4dc2699
000003fbcf5a9999
000003fc34012c79
000003fc4291ead9
000003fc43930d19
000003fc7e718ab9
000003fcd8676d39
000003fd480f7479
000003fd82e0b639
000003fda0fe6059
000003fdab270579
000003fdbac469b9
000003fe58163b79
000007fd04a11c61
0000000002e12671
0000000000000181
000003fe9f3d7039
000003fee23565f9
000003ff975eaad9
000003ffd9261b99
000004004f5bac79
0000040104d95979
0000040109455859
000004017178a4b9
0000040175814699
00000401d1a21179
000004022584f419
0000040287e25219
000004028a8b9ef9
000004028fd076b9
00000402c8ee5b59
00000402db37cfd9
000004034c5ed399
000004034d562e99
0000040412363af9
0000040430193b19
000004044d903359
0000040461b95e79
00000404e155a1f9
0000040502ea4939
000004054f9afb59
00000405b9dc4df9
000004068554b179
00000406be4d4599
000004073730ee39
0000040790515cb9
000004079dc34a59
00000407bc1435f9
0000080fa50bbf61
0000000002e12671
0000000000000181
00000407f856e819
00000408ac6058b9
00000408e405cf79
0000040928bcd899
000004096e824159
00000409b06110b9
0000040a61fdd2b9
0000040abd5f6db9
0000040ace418339
0000040b0af75979
0000040b3f9eafd9
0000040b665ead59
0000040beb511499
0000040ca15c8ab9
0000040cc9bf5b79
0000040cdd09cb99
0000040d434fb079
0000040d5434fd39
0000040d96b5f9b9
0000040dd49bd739
0000040dee834019
0000040e5f222579
0000040eac9044f9
0000040fa176e3b9
0000041020158e79
000004103f933a19
0000041046c26699
00000410b8dc8d59
0000082245766261
0000000002e12671
0000000000000181
000004115da35979
0000041160f6d799
00000411aa327199
00000411e5f71939
000004121558a2b9
00000412296838f9
0000041234c2f439
000004124e722999
000004125c9c4ad9
0000041282b21279
00000412954b76d9
0000041296f32199
00000412b04685b9
00000412cfdb6e39
0000041334779b39
000004137139bf19
0000041392cc1759
00000414505a0479
00000414c6c0f419
00000414cf984b79
00000414d7de48b9
00000414e29566d9
00000414e8a9aa39
00000414f1412b19
00000415021c5239
000004158e59a139
00000415a65ad119
00000415ab1942b9
000004165387a599
00000416ab1a9739
00000416e77d7419
0000041761259d79
00000417628bb499
00000417e2867039
00000418005bd619
0000041815b21d79
000004184e42f2b9
0000041897b13019
00000418a5f254b9
0000041916881f99
00000419504ed059
00000419648a1c59
000004197ee85539
0000041990de0319
00000419ee49d239
00000834e5e10461
0000000002e12671
0000000000000181
0000041a912a40f9
0000041ad5d2a899
0000041b2ded5859
0000041b88380f99
0000041b9d926d39
0000041baacd3f59
0000041be80f9dd9
0000041bfeca8a39
0000041c501a3459
0000041ca3cbdcd9
0000041d00b26f59
0000041d17b2f8f9
0000041de3843879
0000041e1d886ab9
0000041e55d33719
0000041e734f9659
0000041ec0e4cbb9
0000041ee9757d59
0000041ef37b7f79
0000041f9ed33239
000004201a1db879
0000042068956b79
0000042087308579
00000420e0875319
00000421b4c44fd9
00000421b970edd9
00000421d2577239
00000422b46784f9
00000422bf5b1c59
00000422d4a5d999
0000042328854419
00000423b06b2bd9
00000847864ba761
0000000002e12671
0000000000000181
00000423d7214dd9
0000042428bd59b9
000004244dc11eb9
00000424bb58acd9
000004252018ddb9
0000042555168f99
0000042650304719
0000042683a77699
0000042804f959b9
000004282a4444f9
000004289653a8b9
000004289a663119
000004289b994059
00000428ab72e739
00000428df49c199
00000428e2d2d8b9
00000429174cc639
00000429b82094d9
00000429eb2011d9
0000042a1db9fed9
0000042b2827eed9
0000042b67cfbfb9
0000042b76ad95d9
0000042bcf38b159
0000042c115eccf9
0000042c2fb6b4b9
0000042c36ed9b39
0000042c68082999
0000042c8de202d9
0000042cbb8248b9
0000085a26b64a61
0000000002e12671
0000000000000181
0000042da7d8f1d9
0000042dc4202a59
0000042e6a42f9f9
0000042f0ec9d799
0000042f26082d19
0000042f3456e519
0000042f5481b519
0000042f9c6e2079
0000042fcda33759
0000043033360f79
0000043036ce6cf9
00000430577146d9
0000043065571c59
000004306b568bf9
000004307e741439
0000043102deb559
0000043180c18759
00000431e4f723d9
00000432944c7e59
00000433486a1319
000004339d224739
00000433b72878b9
0000043401d29359
00000434051d8459
0000043452ee4839
00000434f368eff9
000004350971c399
000004354765aef9
0000043572466899
000004358f4aac59
000004360d82ee79
0000086cc720ed61
0000000002e12671
0000000000000181
0000043736896559
000004377f2dc499
00000437f34fe799
00000438cb33f1f9
000004391bb317b9
0000043acdf23979
0000043b3bbac0b9
0000043b6df02599
0000043c7a78e599
0000043cdb672599
0000043d3b1087f9
0000043d3bf271f9
0000043deffa7e99
0000043e47152519
0000043eb4728f59
0000043f2515f219
0000043f7fb4afb9
0000043f90ef97f9
0000087f678b9061
0000000002e12671
0000000000000181
0000043fc3be33f9
0000043fc7d36839
0000043fdbbd0e39
0000044059e06639
0000044115703ed9
000004411e894619
000004417a47e959
00000441a4ee5499
00000441db90c0f9
000004422b73ca99
00000442724fc079
000004429e79c299
0000044357093659
000004440113a1f9
0000044404d6aa19
0000044429e577b9
0000044470a63ed9
000004455e450259
0000044562b47a99
0000044712b729b9
0000044715c20f99
0000044733438a39
000004475bac2af9
00000447d9efc759
0000044839670df9
000004487e68bed9
00000448a2376df9
00000448a8c42bb9
00000448e4c9d0d9
00000448e57320f9
00000448ef974559
0000089207f63361
0000000002e12671
0000000000000181
0000044909e84f79
000004492e0fd699
0000044968aeeeb9
0000044984ef4c99
00000449a02217f9
0000044a2a7dbf79
0000044a5cc185d9
0000044a68399599
0000044b49d13df9
0000044b6b61f179
0000044b9783b3b9
0000044b9b60ec79
0000044c4942ed39
0000044c50e74799
0000044cd5e2e3f9
0000044ceb242299
0000044d18f7bb79
0000044d2ca2ca19
0000044d346e5019
0000044d89c978f9
0000044d8d86df99
0000044de0425239
0000044e10198f39
0000044e725373b9
0000044f0a8b8cf9
0000044fbb6d8899
0000044fdb2a4439
0000045025ad7cf9
00000450d9b39e39
00000450e1e9e999
000004518a85eff9
00000451b99035f9
00000451d70d3d99
000004521459c419
000004521d4654f9
000004521eb6cf59
0000045229178cf9
000008a4a860d661
0000000002e12671
0000000000000181
000004529f9c4d19
00000452ad990219
00000453e5beaed9
000004542f3bb959
000004546213ff39
00000454b8d27819
00000454be5997b9
00000454ed80eb79
0000045513a452d9
00000455a99ed139
00000455af79d8d9
000004561d7cbcd9
00000456297da979
0000045677ddeb39
00000456a958b039
00000456db347579
000004579fd96539
00000457e012ae59
00000457f30cf2d9
000004581934c219
000004581c41f2b9
000004583b51a499
000004586f261dd9
00000459414e9879
00000459fdf0ce19
0000045af706de99
0000045afca63ed9
0000045b1ab45ef9
000008b748cb7961
0000000002e12671
0000000000000181
0000045ba7e4ca19
0000045be7810ab9
0000045ce9275c39
0000045cf9eecad9
0000045d5857ec59
0000045d89afd3d9
0000045dca0ae419
0000045e66114f39
0000045f462eb239
0000045f54582379
0000045f62229c59
0000045f958823d9
0000045fcc4c4a59
0000045fe8ea0719
000004602b3dcf19
00000461549548d9
00000461afeee739
00000461dd1938b9
0000046255c19b59
00000462911f8df9
000004629c1581d9
00000462c21cd6f9
00000462d7dfd2f9
00000462d91dd399
00000462e8a01af9
0000046354349559
00000463d939e6f9
00000463e18138b9
00000464ef8e1779
000008c9e9361c61
0000000002e12671
0000000000000181
00000464f6f6d1d9
00000465312f25d9
0000046537721599
000004660fda5499
0000046633586739
00000466e9937419
000004678bbcdd99
00000467b0097a39
00000467dc348219
00000467e9412379
00000467fc4a1a19
000004687c74f179
00000468e69cd419
0000046926018ff9
00000469a81a0bd9
00000469c394e919
0000046a38727ad9
0000046a6f6d0b19
0000046b65608b59
0000046c33640d19
0000046c655e4699
0000046c8fc08f79
0000046cbfd12479
0000046cd99aec79
0000046d7daa1619
0000046db2a9c659
0000046dcb3c0c39
000008dc89a0bf61
0000000002e12671
0000000000000181
0000046e7ee1a5d9
0000046eb691e099
0000046ef7072b99
0000046f2a8a0559
0000046f30497359
0000046f3ad9d079
0000046faa590979
0000046faf267699
0000047074fda479
000004714b7f0c79
0000047180e9b879
00000471955d5219
00000471aa7e0c19
00000471facac299
00000472020219f9
000004726d4b5919
00000472ae7c5bd9
000004734e3ca7d9
0000047360211cf9
000004737782b419
00000473c0a7f199
00000473dccc93b9
00000473fd9604d9
0000047459eb1859
0000047478c222b9
000004749403c5d9
00000474c3076879
0000047505b02a59
00000475236ea399
00000475a6fe4259
00000476e23cf519
000004774a0fded9
0000047775c980d9
0000047785198219
000008ef2a0b6261
0000000002e12671
0000000000000181
00000477b2ffe359
0000047815acc599
00000478c605a099
00000478d7dad4d9
00000479140a7d19
000004796be4f039
00000479a909b2f9
0000047a199bbd39
0000047a5e396359
0000047aaac14439
0000047b2f76b359
0000047b9f39e399
0000047ce7ae3459
0000047cecddac39
0000047d427ed539
0000047d44026b59
0000047e1a899e99
0000047e2784f679
0000047ec096a319
0000047eca439fb9
0000047ed01576f9
0000047ed3d3a979
0000047f43baf739
0000047f6bbe9ed9
0000047fb27ecd79
0000047ff74eb0f9
000004804d280579
000004807d47b099
0000048080b17499
00000901ca760561
0000000002e12671
0000000000000181
00000480e96bc539
0000048215a5e339
000004827c9d60f9
000004827e21ebb9
00000482a5d57ff9
00000482b7a14a99
000004834d76a659
00000483b7a76b79
0000048417e76339
000004846951f119
00000484f689b159
0000048509b9da39
000004850e5d68d9
0000048584331979
000004858a6f3259
000004859da761d9
0000048635c96f79
000004863d94b339
00000486aed5fe59
00000486ef130d39
000004870cbdd8b9
0000048758f941f9
000004876848d7b9
0000048785c11019
00000487cecef0b9
00000488f1688839
0000048902875479
000004891c88c639
0000048929c75bd9
00000489a58bb5f9
00000489ebb38b59
000009146ae0a861
0000000002e12671
0000000000000181
0000048a3e7a8f79
0000048b787cefb9
0000048c5f74ab79
0000048c601829d9
0000048c75ecca79
0000048cbc421ab9
0000048cc3d719f9
0000048ce678ce59
0000048cf219cd39
0000048d078c1ad9
0000048d4f679f19
0000048d7a56a299
0000048d965296d9
0000048dfcebd879
0000048e08458bb9
0000048e264aa219
0000048f5ca1a8b9
0000048f77c71c19
0000048f81220999
0000048f81221159
0000048ff6471a99
0000049063620f79
0000049065206c79
0000049096deea79
0000049113752319
0000049128b641f9
000004920c73d1b9
000004924ead5379
00000492b67cb399
000004934a3ed9d9
000009270b4b4c61
0000000002e12671
0000000000000181
00000493905f6919
0000049395452fd9
0000049459593479
0000049468f93f39
00000494894f8af9
00000495473bf3b9
00000495502893b9
000004957cbf3fd9
00000496f04c59d9
000004980e6e42f9
0000049871b7bfd9
00000498a6ee6239
00000498d20b6cb9
000004991dba6eb9
000004992976e159
00000499ac3a5af9
00000499daf0cd99
0000049a364006f9
0000049b0c9e94b9
0000049b24a80839
0000049b58c73339
0000049bb99b9299
0000049bb99b9e99
0000049bd27f3fd9
0000049c0467a1b9
0000049c0a6dfd59
0000049ca86e4e79
00000939abb5ef61
0000000002e12671
0000000000000181
0000049cfcce5919
0000049d2f9b7759
0000049d8ee29079
0000049df0cd2a59
0000049df547c039
0000049e072ae979
0000049ea0ab1039
0000049ebff120b9
0000049f73e294f9
0000049f768b90b9
0000049f83b31159
0000049fc9b2eb79
0000049fde6c3af9
000004a06a586e59
000004a0a728f559
000004a0d57de159
000004a1a05ce759
000004a1b92d0db9
000004a247aa1679
000004a2973e9859
000004a2b4b8bd39
000004a2dfba6419
000004a31dcbcfd9
000004a3b1666559
000004a482b46c39
000004a4c36e77f9
000004a59b37fa79
000004a5e175c9f9
0000094c4c209261
0000000002e12671
0000000000000181
000004a66794cb19
000004a6a6ab3af9
000004a6bab45679
000004a6bab46979
000004a6ee258f59
000004a713ed5f59
000004a735f101f9
000004a77860eb19
000004a794e265d9
000004a7db4cf559
000004a7ea544159
000004a8aa4f89b9
000004a8bf6ce2b9
000004a94a509d59
000004a9a89dfa79
000004a9f7d97a39
000004aa16bc0579
000004aa63471ad9
000004aa9fe0be79
000004ab1043d699
000004ab526c4859
000004ab98921019
000004abc23457b9
000004abf26c36f9
000004ac54520fd9
000004ac5bfecd19
000004ac67ec0119
000004adcca23139
000004ae09e65b39
000004ae61046a59
000004aee5903759
000004af3bd15939
0000095eec8b3661
0000000002e12671
0000000000000181
000004afb8ba3b99
000004afd70a1a19
000004afdafb3b59
000004b03142a559
000004b07cf20279
000004b0ac3c6d19
000004b0bb91b259
000004b11b107e99
000004b2674ad3b9
000004b2a626d419
000004b2c2aaf6f9
000004b2deda6679
000004b31f20b719
000004b359346bb9
000004b39c1074d9
000004b39d740d39
000004b3d1ff5199
000004b43769e819
000004b49fa1b259
000004b4aef4c199
000004b572714719
000004b57fd1fef9
000004b619477c59
000004b619795939
000004b70ddabd79
000004b7a3d5fa19
000004b7cae71bb9
000004b850ddf0f9
000004b851b69cf9
000009718cf5d961
0000000002e12671
0000000000000181
000004b8e7bccc79
000004b94e316c19
000004b99f6ade59
000004b9e6cbfd59
000004b9f3c060f9
000004ba9c6017f9
000004bae429ef19
000004bb2661bdf9
000004bb370b34d9
000004bb5a083bd9
000004bba6f6ecb9
000004bbabbf3bf9
000004bbbd9806f9
000004bbd2748d59
000004bc27657c59
000004bcd7bfea79
000004bcdb915279
000004bd00062a99
000004bd0f472cd9
000004bd2e211c39
000004bda3c756f9
000004bdf0e79e99
000004bea3216599
000004beaca45519
000004bf2fe51c19
000004bf3cd4a479
000004bf40a2b259
000004bf61497999
000004c00e96eb79
000004c01f493219
000004c081da3db9
000004c0ae601139
000004c0cca64bb9
000004c0f06eb8d9
000004c1008116d9
000004c181557199
000004c1eebd58b9
000004c1f5cda659
000004c209428ad9
000009842d607d61
0000000002e12671
0000000000000181
000004c25644a6b9
000004c28726bfb9
000004c2b03a80d9
000004c2b4a2be79
000004c2e98c48d9
000004c325bc96f9
000004c325d5ec59
000004c32eb50199
000004c34c07a2d9
000004c38e563159
000004c39f592019
000004c45b805d99
000004c4879cc779
000004c534228cf9
000004c5648e7899
000004c585459499
000004c5a34ba539
000004c5df37af19
000004c6a0b7ed79
000004c6b4d12bd9
000004c71db44a39
000004c74648d8d9
000004c75b64b679
000004c76de1a719
000004c7ee921999
000004c808f52b79
000004c847aadb19
000004c86a076d59
000004c90c533039
000004c9b77144b9
000004ca0f652439
000004ca5f2ba779
000004caf0173239
000004cb4f085e39
00000996cdcb2061
0000000002e12671
0000000000000181
000004cb7edd3e59
000004cc1d98cb99
000004cd7b8a0379
000004cd9bf44159
000004cdb69d42d9
000004ce685db299
000004cf3674a4f9
000004d041325019
000004d05f1e3559
000004d06c97d459
000004d0dbef4159
000004d18ca990f9
000004d1d5e90379
000004d20940aa39
000004d2497cc239
000004d2796f1539
000004d285812659
000004d2e5b1a5f9
000004d361a5f439
000004d3755ccd19
000004d38c449619
000004d3ea108879
000004d450e0fc19
000004d4815b32b9
000009a96e35c461
0000000002e12671
0000000000000181
000004d4baeba2f9
000004d54ba2add9
000004d559e89919
000004d5753ecbf9
000004d581c9c399
000004d651c4ef79
000004d68ddd2c59
000004d6aa313ed9
000004d70b4da739
000004d749f73199
000004d75b057f79
000004d7f6d055d9
000004d816d486b9
000004d83455ee19
000004d86aa23219
000004d875b65319
000004d9c4c814f9
000004d9ce4d22d9
000004da0eb0d659
000004da59d3c2d9
000004dad5fd9739
000004dadd2f85f9
000004dafc1aa339
000004db034ad7d9
000004db05306739
000004db4c90d879
000004db5b6247d9
000004dba9540479
000004dbea679799
000004dc3ba06619
000004dc852d9f59
000004dcac3ad619
000004dcbc68b799
000004dcc4767559
000004ddaa4b6019
000004ddcefeda99
000004ddefb2f999
000009bc0ea06761
0000000002e12671
0000000000000181
000004de10f26539
000004de3d5879d9
000004df26795559
000004df9f0cdfb9
000004dfed5658b9
000004e0214428d9
000004e049f56a79
000004e0a76785d9
000004e0f3b4c8f9
000004e26b8c9859
000004e27960bc79
000004e301497679
000004e30149acb9
000004e318961fd9
000004e31de03e39
000004e34baca779
000004e3bb709579
000004e42ad258b9
000004e4de085d19
000004e56f347dd9
000004e5c3fed079
000004e651245859
000004e65f912119
000004e73cf57b19
000009ceaf0b0b61
0000000002e12671
0000000000000181
000004e77a556c39
000004e7ad73c8d9
000004e7bf999579
000004e7e8aecf39
000004e7f1861e79
000004e8e3034859
000004e9163c5439
000004e9c5b66839
000004ea2470ee99
000004ea74d5fa79
000004eaae045679
000004eb1e49ec99
000004eb7a919379
000004ebdc90a7d9
000004ec5284e979
000004ec9c37c919
000004edb94ca9b9
000004edf60d8539
000004eea7ddb2b9
000004ef12d044d9
000004efa909d119
000004f02494b959
000004f02613f659
000004f0545ec979
000004f05cd0ddd9
000009e14f75ae61
0000000002e12671
0000000000000181
000004f0bcf7fc59
000004f117c05e59
000004f1613c6519
000004f21dbb5339
000004f25f1f1879
000004f2891f3419
000004f352e97039
000004f3870378f9
000004f398543599
000004f4b88f4cd9
000004f5aa70fd19
000004f5d41b3299
000004f648b6d699
000004f6b1630d99
000004f6c23b39d9
000004f724374119
000004f75c946eb9
000004f767b00839
000004f7ed85fed9
000004f87c392879
000004f8e0dc4e99
000004f8e2fe42b9
000004f954b2fab9
000004f9963ad779
000004f9a5f99a39
000004f9eb626659
000009f3efe05261
0000000002e12671
0000000000000181
000004fa08ee1dd9
000004fa59ad8c19
000004faad528659
000004fad49cf499
000004fb5f1c0259
000004fb768dfa19
000004fb80fec079
000004fbcaf20859
000004fc485e07d9
000004fcbe53fe39
000004fcf07c4659
000004fcfdb11db9
000004fd1fd08779
000004fd46de5739
000004fd53cedf19
000004fdeeae2d19
000004fe3b328e39
000004fe8a8ad3f9
000004fed9151a79
000004fedbbf3539
000004ff5c0ec5d9
000004ffb4a86ed9
000004ffe4ccc839
000005003f059219
0000050047343f39
000005007bfc16f9
00000500d6ebf879
0000050100a3cbd9
000005015bb55b39
00000501a3d91a79
00000501aa34f959
000005021513d499
0000050231b5d3b9
00000502914e61b9
000005029ca85b99
00000502f54f6bb9
00000503395456d9
00000a06904af661
0000000002e12671
0000000000000181
00000503d7b2fbb9
000005041a797a59
0000050422d74039
000005051f356959
0000050533999939
000005056b2e9ad9
000005056d401879
00000505dcd34eb9
0000050621c252f9
0000050687dcd359
0000050688141239
000005069b29a5b9
000005074b48cdd9
000005075b7cdcf9
000005077d9b0bd9
00000507833e1bb9
00000507966418b9
00000508398d69b9
000005083d5ee3b9
00000508b58de279
00000508d0e39fd9
00000509692d4459
000005096e096359
00000509f2266ef9
0000050a3d8fd6d9
0000050a9185d359
0000050af807d8f9
0000050b3faea2f9
0000050b8eee8279
0000050c32599399
00000a1930b59961
0000000002e12671
0000000000000181
0000050d133a59d9
0000050d45448259
0000050d61e4ddd9
0000050d7def9719
0000050da2087879
0000050da8bbc4b9
0000050e4d5945b9
0000050ed8e4c459
0000050eddb62439
0000050edf615799
0000050f56b9af39
0000050fa58bff39
0000050fb72bedf9
0000050fc39d4f39
0000050fcb76f999
0000050ff835dad9
000005100480c6f9
000005102969e579
000005102ea629b9
00000510d6f80d79
00000510f54e9ab9
00000510f9b591b9
000005113c15de99
000005114d417819
000005116729cf79
00000511e1c858b9
00000511f20fff59
0000051216d81c99
000005127f1d8999
00000513dbf39f39
000005143029f1b9
000005144e9a6419
000005145d91d6f9
00000514fbe909d9
000005155a9b5399
00000515a94732b9
00000a2bd1203d61
0000000002e12671
0000000000000181
000005161bca6e19
00000516405e6f39
00000516452b2039
000005173a562f59
0000051758d88d39
00000517f7c0f7b9
0000051860708d39
00000518b6d45159
00000518bf25b599
00000519910c8cb9
00000519935aded9
00000519a67ac259
0000051a48b68159
0000051a648d8639
0000051a6af5a199
0000051a82c031b9
0000051a87e5e359
0000051a9f644719
0000051ac9096c19
0000051b695f0b59
0000051bbd434af9
0000051bf29731f9
0000051c34d18799
0000051c3e270299
0000051c527ee639
0000051c5b0732f9
0000051c7a85a579
0000051c9e0af379
0000051ca00d1579
0000051cc8404519
0000051cf0182419
0000051d1c061619
0000051d53476bf9
0000051eb0559559
0000051f044d6f99
0000051f0fbb1259
00000a3e718ae161
0000000002e12671
0000000000000181
0000051f6f828f79
0000051fc7d2c3b9
0000051fdd52b7f9
0000052012f98bd9
00000520383f0999
0000052087495019
0000052139829c99
00000521cc9be4d9
00000521cd316719
0000052246fff5b9
00000522790d2199
000005228d8ea739
00000522b3be8d59
000005231a7054f9
000005232719c539
0000052358067619
0000052361cfd939
00000523bb3420f9
0000052413577e39
0000052482e93ff9
00000524b6144919
0000052512aed679
000005254d564039
00000525988fe799
0000052695bc8139
00000526a22f5299
00000526a81524f9
000005271bdfd0d9
0000052727be6299
0000052773d89cf9
0000052785e61039
0000052791ac2e59
000005279a28e539
00000527be572f39
0000052806793b39
000005281ac58b79
000005285ca12639
00000a5111f58561
0000000002e12671
0000000000000181
00000528b55ebcd9
00000528c82eb319
00000528d1c71279
00000528fb582059
000005295aada5b9
00000529b27c1439
00000529b7d97d19
00000529bfaa2679
0000052a25ca9319
0000052a662e1cf9
0000052aa7f545d9
0000052ab9513039
0000052c277934d9
0000052c36d6a679
0000052d348be4f9
0000052d88d0f079
0000052db55ea919
0000052deb56e439
0000052e6bbe4339
0000052ea756b599
0000052ec06086b9
0000052efc951bb9
0000052f0802f879
0000052f41b18339
0000052f6b44ae79
0000052f836b74b9
00000530308db399
000005309770d8b9
000005309a758eb9
00000530e70c5af9
00000530f71636b9
0000053137eea479
00000531426b10d9
00000a63b2602961
0000000002e12671
0000000000000181
00000531ea4fe619
00000531f2df8d99
00000532222b7479
0000053236075379
00000532c4669e59
00000533dcda8819
00000534784a9019
00000534f22049f9
000005358db90759
00000535b272c9f9
0000053628d92b19
00000536358759b9
00000536980850b9
00000536ddc15139
00000536f8fbc7b9
00000537124e86f9
00000537187e8999
000005373357ccf9
0000053735f2d1b9
000005373c2f7579
000005381bdda979
00000538b1d412f9
000005390fb5d259
0000053953eae7b9
0000053a3132a959
00000a7652cacd61
0000000002e12671
0000000000000181
0000053b4df34b19
0000053b51454f19
0000053b85613259
0000053c4c5d1119
0000053d47d5e899
0000053d6eec29d9
0000053d7d3204d9
0000053d9170a1f9
0000053d9a8a4f79
0000053da5f28039
0000053dca72ddf9
0000053e32655e79
0000053e6823b2b9
0000053eaa1f1119
0000053ec749b299
0000053f45274f19
0000053f69d32559
0000053f9e34b419
0000053fe0d82959
000005406c6ae639
00000540bb531139
000005414a7706f9
000005416b3c7779
0000054173bdeb79
000005419b180f79
00000541a8c95a79
00000541f27c8eb9
0000054260acc199
000005427ad4e139
00000543d6eafd99
0000054441e48a39
00000a88f3357161
0000000002e12671
0000000000000181
00000544c7830eb9
00000544fc04acb9
00000545add943f9
00000545b53ef219
00000545e4537759
000005462a02a6b9
00000546cb7af079
000005472fd94439
00000547851f6379
00000547bf3e0ff9
0000054931b21379
000005493af65739
00000549c75aedf9
00000549d3652f39
0000054a05021f79
0000054a4f581079
0000054a51331839
0000054a51333259
0000054a56268ef9
0000054aec04b1b9
0000054b281b5d19
0000054b6544a0b9
0000054b8bd4aef9
0000054b93c65a39
0000054bae5dc579
0000054bc94de9f9
0000054bde8463b9
0000054ced5dcad9
0000054cf48d8b19
0000054d139893b9
0000054daa5c6179
00000a9b93a01561
0000000002e12671
0000000000000181
0000054dd0667179
0000054de63b66d9
0000054e040160d9
0000054e06c43c39
0000054e2970beb9
0000054e4f39df79
0000054ee87d3f19
0000054efaecdcb9
0000054f807b9159
00000550adf52059
00000551124a9579
000005513d2fded9
000005514a522c39
00000551d31bc8f9
00000551dbd476f9
00000552344b0679
00000552545a1199
00000552e6628cf9
00000553a6f89099
00000553eaa8d579
000005541a5d0df9
0000055460c98859
00000555248e6d59
000005553ce5f359
000005556080de19
00000555e7b1f379
00000556115f24d9
000005563e244839
00000556f7ecda39
00000557022786f9
00000aae340ab961
0000000002e12671
0000000000000181
000005575fdd1239
000005582aea1059
00000558376a67b9
000005585d4b6d99
000005585d4b9299
00000558b79da3f9
00000558d92bb719
000005590ea858d9
00000559512668b9
000005598d6c4999
0000055990ea4b79
0000055a139a1679
0000055a802bc079
0000055aba244f99
0000055abc09fd79
0000055b859fecb9
0000055c213f0bf9
0000055d311f0899
0000055d6d21c459
0000055de628b319
0000055dee4e0cb9
0000055e5540cbf9
0000055e691036d9
0000055e72800ed9
0000055ed3e44ad9
0000055fd36c5779
000005603c1dc119
00000ac0d4755d61
0000000002e12671
0000000000000181
00000560bef3f5d9
00000560d48b6139
00000561cb3c30b9
00000561d782ac39
0000056285d336b9
00000563216dbc79
000005641518ad19
000005641bedb539
000005642332beb9
000005644ab954d9
0000056450eaed59
000005655113c6f9
00000565d7937eb9
00000565dfd72e79
00000567350e36f9
00000567fb108ef9
000005680d4950f9
000005686b6fbef9
000005687193cd19
00000568fc8501d9
00000568fd7c92d9
0000056962648199
0000056989e2eff9
00000ad374e00161
0000000002e12671
0000000000000181
00000569e3fdf359
00000569fadd0599
0000056a5a202e99
0000056a76dc4319
0000056a9eb3d839
0000056ac58b1339
0000056b08ed1719
0000056b12191cd9
0000056b19816339
0000056b19819159
0000056b32afcb59
0000056b67e0dad9
0000056b8d767099
0000056bbb36d2b9
0000056bbf348499
0000056bf4049a79
0000056c4460eeb9
0000056d7e5a8b39
0000056e19070579
0000056e4f665299
0000056e6992da99
0000056ee8c02d19
0000056f10eb0f99
0000056f5db88279
0000056f7933dd19
000005706041ce79
0000057111f694b9
0000057172286419
0000057224235759
000005723d667039
0000057259528979
0000057264bff019
000005726e38bf59
00000572cfbda139
00000572dd7627f9
00000ae6154aa561
0000000002e12671
0000000000000181
000005734fbbcf19
0000057352121359
000005749be4ceb9
00000574ec77eef9
00000575c34d3c99
000005760a9bbcb9
0000057615c827d9
00000576c52e0199
00000576d8fa0979
00000576ed7e49f9
00000577ae167079
00000577ae168919
00000aef7a9e5361
0000000002e12671
0000000000000181
