[MCS8 A] 97 FW 3.104 SV 1.257 
range=1024
periods=2
sweepmode=27e20d0
fstchan=0
holdafter=0
streamstatus=3
calreg0=0
calreg1=0
calreg2=0
calreg3=0
swpreset=8000        
prena=1
syncout=0
cycles=18
sequences=1
tagbits=16
vdac0=92c
vdac1=807
vdac2=8c8
vdac3=8c8
vdac4=8c8
vdac5=8c8
vdac6=8c8
vdac7=8c8
timepreset=120.000     
digio=0
digval=0
autoinc=0 
savedata=2 
mpafmt=asc
sephead=0 
fmt=asc
smoothpts=5 
[CHN1]
REPORT-FILE from 06/22/2026 16:24:07.841  written 06/22/2026 16:24:07
cmline0=06/22/2026 16:24:07.841 
cmline1=A1
range=1024
active=1
bitshift=4
cftfak=2580100
evpreset=10          
roimin=0
roimax=1000
caloff=0.800000
calfact=12.800000
calfact2=0
calfact3=0
calunit=nsec
caluse=1 
[CHN2]
REPORT-FILE from  written 06/22/2026 16:24:07
cmline1=A2
range=1024
active=0
bitshift=4
cftfak=2580100
evpreset=10          
roimin=0
roimax=1000
caloff=0.800000
calfact=12.800000
calfact2=0
calfact3=0
calunit=nsec
caluse=1 
[CHN3]
REPORT-FILE from  written 06/22/2026 16:24:07
cmline1=A3
range=1024
active=0
bitshift=4
cftfak=2580100
evpreset=10          
roimin=0
roimax=1000
caloff=0.800000
calfact=12.800000
calfact2=0
calfact3=0
calunit=nsec
caluse=1 
[CHN4]
REPORT-FILE from  written 06/22/2026 16:24:07
cmline1=A4
range=1024
active=0
bitshift=4
cftfak=2580100
evpreset=10          
roimin=0
roimax=1000
caloff=0.800000
calfact=12.800000
calfact2=0
calfact3=0
calunit=nsec
caluse=1 
[CHN5]
REPORT-FILE from  written 06/22/2026 16:24:07
cmline1=A5
range=1024
active=0
bitshift=4
cftfak=2580100
evpreset=10          
roimin=0
roimax=1000
caloff=0.800000
calfact=12.800000
calfact2=0
calfact3=0
calunit=nsec
caluse=1 
[CHN6]
REPORT-FILE from  written 06/22/2026 16:24:07
cmline1=A6
range=1024
active=0
bitshift=4
cftfak=2580100
evpreset=10          
roimin=0
roimax=1000
caloff=0.800000
calfact=12.800000
calfact2=0
calfact3=0
calunit=nsec
caluse=1 
[CHN7]
REPORT-FILE from  written 06/22/2026 16:24:07
cmline1=A7
range=1024
active=0
bitshift=4
cftfak=2580100
evpreset=0           
roimin=0
roimax=1000
caloff=0.800000
calfact=12.800000
calfact2=0
calfact3=0
calunit=nsec
caluse=1 
[CHN8]
REPORT-FILE from  written 06/22/2026 16:24:07
cmline1=A8
range=1024
active=0
bitshift=4
cftfak=2580100
evpreset=0           
roimin=0
roimax=1000
caloff=0.800000
calfact=12.800000
calfact2=0
calfact3=0
calunit=nsec
caluse=1 
;MCS8 #97 Sversion=1.257 Fversion=3.68
time_patch=1
;datalength=8 bytes
;bit0..3: channel# 1..8 ( 4 bit)
;bit4: edge 0=up / 1=dn ( 1 bit)
;bit5 ..57: timedata    (53 bit), max sweep length 2001.6 h
;bit58..62: tag0..tag4  ( 5 bit)
;bit63:     data_lost   ( 1 bit)
[DATA]
0000000000000016
00000000abe176f9
00000000c752cd99
00000000f46965d9
00000000fe1a3619
0000000146a0b7f9
000000015e418179
000000018dce0899
00000001ad9c4519
00000001b01b4459
000000021c0f62f9
00000002286bf039
0000000272e11a59
00000002db545759
000000031c2613b9
000000034646c7f9
00000003f0637a59
000000041664e719
000000042208b619
0000000429ba06d9
000000043c0ab879
000000047476f219
000000047b4019b9
00000004de647579
00000005ccb81e59
0000000737f16c19
00000007507bafb9
00000007998ccb19
000000084830cd99
000000087bcaf5b9
00000008de668279
00000009369b73f9
000000093d0238b9
00000009981927b9
0000000a0d0c6579
0000000a1b70ec39
0000000a84000b39
0000000aee8cc2b9
0000000b27548499
0000000b74efe139
0000000bc99c78f9
0000000bc99c9899
0000000c3e588cb9
0000000cc24d1d79
0000000d0f179c19
0000000d63f882d9
0000000e06e1dbb9
0000000e5b8558b9
0000000e5ea8c3f9
0000000ee1614bd9
0000000ee88ffaf9
0000000eef8526d9
000000215794c261
0000000002d73971
0000000000000181
00000011144f0c19
0000001151d8c499
0000001219179f19
000000122f3ac539
000000125390a959
00000012a6ee6979
00000012fbe34979
000000130220c6b9
000000137835fad9
00000013fbe8aa79
000000153e754539
0000001542ca1d39
000000158bda97b9
000000159ee83719
00000015c84341f9
00000016040cd319
00000016b08e4439
00000016b6b968d9
00000016c32e3f59
00000016c5cab199
00000017842575b9
00000017b98af239
000000181885fe79
000000191005d499
00000019261cc739
0000001935b8c439
00000019716940f9
0000001971695919
00000019a3de5159
00000033f7ff6361
0000000002d73971
0000000000000181
00000019fcb95659
0000001a758750b9
0000001a7629e7d9
0000001b00eecfd9
0000001b1389aab9
0000001b4c8525f9
0000001bcf3a8559
0000001bcff348d9
0000001d607cd7b9
0000001dc3e1c799
0000001e5a673df9
0000001e5c9902f9
0000001eb3c7fe19
0000001f1fcaa659
0000001f366bf339
0000001f735d55f9
0000001f9e258d19
0000001fe8ab0659
0000002030e63199
00000020852a13f9
000000208834c859
000000208f6e1c99
00000020b18bde59
00000020f0e24619
00000020fe1006b9
000000212643c559
00000021653e9699
00000021a2a53f19
00000022288d6679
00000022c7be86b9
000000230fdbc839
00000046986a0461
0000000002d73971
0000000000000181
0000002359165c99
000000239f502459
0000002405470119
0000002428f13b59
000000243b3bf019
000000249cb1e519
00000024ac556c79
00000024acc106b9
000000250fea6679
00000025281231f9
0000002575d123b9
0000002583e74b39
00000025a823c779
00000025cd1b94b9
0000002615bb31d9
00000026c7781d19
000000274e76abd9
000000276564e7f9
00000027b4a91579
00000027d860d339
00000027efe25039
00000028411fcdb9
000000285ffaee59
00000028c5df3ff9
00000028d1d5a9d9
0000002a475f00d9
0000002ae3bde1f9
0000002b9f965899
0000002c06729a59
0000002c15445059
0000002c1e7dbe99
0000002c5b871a99
0000002c99424b79
0000005938d4a461
0000000002d73971
0000000000000181
0000002c9dc89359
0000002c9e3826f9
0000002d197a30b9
0000002dc6c38139
0000002eb7123bd9
0000002ee9153a79
0000002f68c0cbb9
0000002fd8587839
0000002fe48e3ab9
0000003050cf1739
00000030bb03dfd9
00000030c342ddf9
00000030d5b3f619
000000325cd01ff9
000000327fe5e159
00000032926d2b19
00000032a2260ef9
00000032e01503d9
0000003353e25cf9
000000335c2ade79
000000338b139379
0000003402584459
0000003442cc5539
00000034b7ca40f9
0000003534c909d9
000000355d963ab9
0000003570e62279
0000006bd93f4561
0000000002d73971
0000000000000181
0000003677cb3139
000000368b21f9d9
00000036d211ad19
0000003718a33d99
000000372b455359
00000037419135d9
0000003770690a39
000000382980af79
000000384d46cbf9
00000038f2f391f9
00000039391eff39
00000039b9adcf19
0000003a1ab3a5d9
0000003a62344979
0000003a72010319
0000003af7b42939
0000003b02dd6899
0000003b0d6538f9
0000003b1a297819
0000003bab21d299
0000003bda742119
0000003c00f3a499
0000003c1550c7d9
0000003c2167ba59
0000003c3fdfbf19
0000003c40bf99d9
0000003c41523379
0000003c4e338079
0000003c576d2d19
0000003cadd6fc79
0000003d01175519
0000003d6582b139
0000003d71909e59
0000003dc7339f99
0000003e3c92a539
0000003e601f6019
0000003e7969b879
0000003e9d83aa99
0000003eb60c8339
0000003ed82c5459
0000007e79a9e661
0000000002d73971
0000000000000181
0000003f4199ccb9
0000003fac847079
0000003fc7c775f9
0000004006b3d999
0000004078afd439
0000004079f90559
0000004081f15299
00000040d16f0719
00000040ec2ed2b9
000000412341f279
0000004250f3b139
000000425929e319
00000042913f5019
000000429b200f79
000000429c909799
00000042a08b0d39
00000042d12dc679
00000042fa6ce199
00000043984176d9
00000043d9c641d9
0000004417511cd9
00000044dae41299
000000451451f7b9
000000451e314439
0000004590b03f99
00000046150ff779
00000046e1731819
00000046edafbcd9
0000004713f31f19
000000474c005599
000000476b938fb9
000000476e4b4139
00000047750b4fd9
00000047a3b115f9
0000004860fcaf99
00000048868f2c39
000000488b478bf9
000000911a148761
0000000002d73971
0000000000000181
00000048c4190759
00000048eed12199
000000490babf259
0000004939d6d4f9
000000493ab95359
0000004aa74162b9
0000004ac9faa0b9
0000004b07278fb9
0000004bef563c79
0000004c4f003b99
0000004c6597b779
0000004d0243f7d9
0000004d0fd638f9
0000004d135e7099
0000004d885bd499
0000004d9cd597b9
0000004dbc093119
0000004dbf1fbc99
0000004e1d954699
0000004e45829419
0000004e59d8b559
0000004ec64a1619
0000004f2404acf9
0000004fb1d0d799
0000004fc610ced9
00000050aa899719
00000050bff18df9
000000515aa2e1d9
00000051b617c359
00000051c78b7539
000000a3ba7f2761
0000000002d73971
0000000000000181
0000005267590b59
000000526c291f39
000000530c3c8db9
000000534b567a99
00000053e82e2fd9
0000005434e358d9
0000005449952579
0000005486441539
0000005492c3b3d9
00000054aa672c79
00000054cdde2cf9
00000054e0c691d9
000000554b37a7d9
000000555b73d559
000000555e313719
00000055a95b0479
00000056023b5399
00000056482d4079
000000566c26f199
0000005675400b39
0000005685b7d399
000000569345db59
000000569a8fc059
00000056abda7739
00000056c9109e19
0000005751159a99
00000057a5845b59
00000057d2cdf339
00000057db78e839
000000581b72f4f9
0000005865c35a19
00000058ac9ccb19
00000058e575fcf9
00000059680c75f9
0000005a0688f219
0000005ae1420679
0000005af297fe79
0000005b08d54219
0000005b0c586739
000000b65ae9c861
0000000002d73971
0000000000000181
0000005b775e2e39
0000005b85544ad9
0000005b8d0b13d9
0000005be4bee019
0000005c0c8b44d9
0000005c47ed3bf9
0000005ca89c3799
0000005da64dd559
0000005eca708d19
0000005ecdc39cd9
0000005ee64d1ff9
0000005ef271fe79
0000005f22471e39
0000005f4cc8cd19
0000005f5ce53df9
0000005f6f8ab919
0000005fa2f5b9b9
0000005fc8ea3d19
000000602c318039
00000060636551f9
00000060a6fcbc59
00000060b23356d9
000000612429f5b9
000000612f215659
0000006178eb5139
0000006208e97239
000000628944bc39
000000638a616e39
000000643e0be759
0000006455b73bb9
000000c8fb546961
0000000002d73971
0000000000000181
000000653f3f89f9
0000006551ee21d9
000000656568c9b9
00000065cb197139
00000065f9cd1bd9
00000066076d3519
0000006624a4bad9
0000006625943559
00000066c5d81799
00000066d82c12b9
00000066da3a0879
00000067406e4ad9
00000067536bde59
000000679c988b19
00000067a0b86d39
00000067be858039
0000006859a2e519
0000006866b77e19
00000068937354f9
00000068b49ce379
00000068e9285df9
00000069d5e3c419
0000006a109d6879
0000006a1b714e99
0000006a2584b759
0000006a4def6e39
0000006aaaa2ebf9
0000006abd8667f9
0000006b128e7359
0000006b6b19c079
0000006c72cbdd79
0000006cd99cd3b9
0000006d51116b99
0000006d6cd88219
0000006d974cdf99
000000db9bbf0961
0000000002d73971
0000000000000181
0000006de33fef59
0000006e1bee1559
0000006e1e3e8f39
0000006e2a2c7279
0000006e87531279
0000006e9e44fa59
0000006ec5cd8e19
0000006f00c48019
0000006f0421a859
0000006f0e5055b9
0000006f1b5f8499
0000006f720043f9
000000703abc9df9
00000070edc77fd9
00000070f9936c19
000000717deb4639
000000717ee2c959
00000071b0251fd9
00000072833f0899
00000072adf62399
0000007456b673d9
00000074a4181f99
000000751df4fcd9
000000753bc15479
000000757b664459
000000757faa1c59
000000761f5b9079
000000763202a039
0000007640e73bf9
00000076cfc40499
00000076d42991f9
00000076f514f939
000000ee3c29aa61
0000000002d73971
0000000000000181
0000007732c1b279
00000077be634099
00000077c58f25d9
00000077df7f0ef9
00000078c1f4e559
00000078d924a719
00000078fc3e7a19
0000007925c66699
0000007980d26519
00000079949d2159
000000799fe00199
00000079ea7d6cd9
0000007a0dc2db79
0000007aa22585d9
0000007aa271ae59
0000007ab5226179
0000007ad0bd4599
0000007afa7da739
0000007afb2a9ff9
0000007c2dca1859
0000007caad68eb9
0000007cc77d0d19
0000007d7abd5819
0000007d8ac26a39
0000007dba7ca819
0000007dc44328d9
0000007dff0413b9
0000007e15108499
0000007e70c66b79
0000007eae776e99
0000007f0f520c99
0000007f20060199
0000007f4118cf99
0000007f45f7aa99
0000007f8f7077b9
0000007fc74cf5f9
0000007fe03d2e59
0000008010b38899
0000008022480b99
000000805b71f5b9
00000100dc944a61
0000000002d73971
0000000000000181
000000808b4cad99
00000082348f4db9
00000082aeaf0499
00000082c1f2c059
00000083015e7839
0000008350629ab9
00000083d782cdb9
000000841a517899
000000844a748199
00000084ed15f239
00000084fe5a5fd9
000000850b491079
00000085103c8d59
0000008519996059
0000008519f81c59
000000854315a699
000000856bf43c39
00000085a1bc56d9
000000870c0c0719
00000087145b4519
0000008741da5239
000000875a3f4579
000000875adb03b9
00000087b7918119
00000087f6f308f9
000000881584ce19
0000008871458039
00000088831ab4f9
00000088ba86df99
00000088d26ab639
000000890d724cf9
000001137cfeeb61
0000000002d73971
0000000000000181
00000089ebd24779
0000008a668c9319
0000008aa9d8ffd9
0000008ae4a840d9
0000008b41fbcc39
0000008bb64cf419
0000008bb9b79939
0000008c627e95f9
0000008caf3bf1d9
0000008cf3475c79
0000008d58e5d839
0000008dbb0b0ab9
0000008de99a2499
0000008e07d59879
0000008e14690b99
0000008e89427439
0000008e96958cd9
0000008eb6fc4939
0000008f14c7b079
0000008f2d641619
000000906031c8b9
0000009074e86f19
00000090e3b91ff9
0000009176eec1d9
00000092f46e4259
000001261d698b61
0000000002d73971
0000000000000181
000000930f81d319
0000009373727d59
0000009380e32b19
000000941f2b9af9
00000094361dea19
0000009442ee03f9
0000009476e89a59
00000094a10bd9f9
00000094d21df1f9
000000951764c1d9
000000953db106f9
0000009559da7bd9
00000095f554a9b9
0000009685c6a979
00000096bf75e9b9
00000096c1e24639
0000009700810239
0000009702d75d79
00000097955e3399
000000983409d4d9
00000098799e0eb9
000000988cb77999
00000099c09de1f9
0000009a8b030039
0000009ba1470159
0000009ba35e9179
0000009ba9903839
0000009bc929eb99
00000138bdd42c61
0000000002d73971
0000000000000181
0000009c8d48d7d9
0000009c93713dd9
0000009cb7666459
0000009d16b46ad9
0000009d2547c779
0000009d75e78719
0000009db65ffbd9
0000009ebaa1e3d9
0000009f6c464b19
0000009f77750859
0000009fa2b99219
0000009fd8f04c39
000000a01ce65f79
000000a02e96f4d9
000000a06e554a59
000000a0b0284d39
000000a1c180ec99
000000a1f1cacfb9
000000a208000839
000000a225d71139
000000a247409239
000000a249641e19
000000a284ef67d9
000000a2ac8319b9
000000a2ae96b1f9
000000a301cee779
000000a3586fce59
000000a3c65cbcf9
000000a493e06ff9
000000a4f59f20b9
000000a510dd6ed9
000000a55e8621d9
000000a5998bca59
0000014b5e3ecc61
0000000002d73971
0000000000000181
000000a6448bbc79
000000a6d4c15f79
000000a735c352b9
000000a74c5f18f9
000000a7a56bc219
000000a7f1614039
000000a81d4312b9
000000a861fab5f9
000000a86b5fad39
000000a891dc4eb9
000000a8b9697479
000000a8d1153639
000000a8e2a39cb9
000000a8ece9a939
000000a90f409b99
000000a932c3b639
000000a97fdf0279
000000a99a05f7b9
000000a99aef07f9
000000aad10c7cd9
000000aad88b7039
000000ab47122ed9
000000ab6cfb7799
000000ab826d3899
000000aba4dc3dd9
000000acad7cd399
000000acb780a019
000000acf0e3d2f9
000000ad4b258e59
000000ad4e8a0d99
000000ae5b4a8e19
000000ae687974f9
000000aecc341459
0000015dfea96d61
0000000002d73971
0000000000000181
000000af01d71a79
000000afa9d14039
000000afc332fe59
000000b0230910d9
000000b03cabd519
000000b05197f939
000000b0729d16d9
000000b1456b15d9
000000b14f214639
000000b18e2b7b19
000000b1e9298a59
000000b24e5c9839
000000b28cae7619
000000b29afacf19
000000b34d4556d9
000000b3c38389f9
000000b3cc0da979
000000b50fae9159
000000b511874ab9
000000b5c0734079
000000b6391fe259
000000b655ebe999
000000b6670fc319
000000b76ad472f9
000000b780a0e799
000000b7a2a2f639
000000b7e1b58df9
000000b7ef8f15f9
000000b838761e19
000001709f140d61
0000000002d73971
0000000000000181
000000b858c283f9
000000b8a3450119
000000b999af5c99
000000b99a8c3799
000000b9d73d2959
000000bacf680639
000000baea0ba739
000000baf0b76cf9
000000bafcc9f119
000000bb57f0ceb9
000000bb9fb3a5f9
000000bc4f8218f9
000000bc556f66f9
000000bc8dc108b9
000000bdc6f3a3f9
000000bdf1e8b1f9
000000be71946c99
000000be90f440b9
000000bee60a1239
000000bf01927f99
000000bf3d390879
000000bf5b744479
000000bff27d2359
000000c09e649bf9
000000c0c717cf79
000000c0c9666139
000000c1032d8079
000000c198582319
000001833f7eae61
0000000002d73971
0000000000000181
000000c211c19f59
000000c252d4ea59
000000c2606660d9
000000c2e211f319
000000c3fa7f0859
000000c40c7af319
000000c4c4e3f839
000000c4df085259
000000c4eec43f19
000000c5360ab379
000000c56624f459
000000c57e4ab239
000000c5b87edd99
000000c5d4987e99
000000c6b1834ed9
000000c6e71e6919
000000c720059019
000000c7b6666319
000000c80aca0bb9
000000c86725bd99
000000c86bafb8f9
000000c9520b2739
000000c96d269fb9
000000c9787caff9
000000c9787cce19
000000c9ba648579
000000c9df915e39
000000c9dffa74f9
000000c9fa367479
000000ca28589bf9
000000ca7f1e7ad9
000000ca8261bbf9
000000ca996a2b79
000000cada10cbd9
00000195dfe94e61
0000000002d73971
0000000000000181
000000cb303f1059
000000cb57b98259
000000cb64075939
000000cb8fab4a79
000000cc5f898099
000000ccc339d379
000000ccc99fd4b9
000000cce1f0b0f9
000000cd35889cf9
000000cdfc49d8f9
000000ce8c036fd9
000000ceb17bf2b9
000000cee03427b9
000000cef38be399
000000cef626adb9
000000cf48868839
000000cf5c558199
000000cf6af451f9
000000cfe48f7cd9
000000d0345efb99
000000d05207a2b9
000000d05d2f8599
000000d0a94022b9
000000d0af41fd39
000000d0c519c479
000000d112e57b79
000000d1450bd5f9
000000d167e9b979
000000d18b873339
000000d1eed3c6d9
000000d26b188079
000000d29079d599
000000d2b0aac159
000000d38dc2ffd9
000000d39682be59
000000d4004dff99
000000d40fb93439
000001a88053ef61
0000000002d73971
0000000000000181
000000d45e468099
000000d49ae5adb9
000000d4b94001d9
000000d4cd4587f9
000000d565f375b9
000000d5d29fc1b9
000000d6499e10b9
000000d6516f4f99
000000d6aeb2dc59
000000d828c209d9
000000d8615249d9
000000d9ec78ed79
000000da3a69e519
000000da7b7ae6d9
000000da8d25a559
000000dac31e1699
000000db1041a999
000000db2be14a79
000000db306649b9
000000db7dcdef99
000000dbb54734d9
000000dbc6ff3c39
000000dbd32189d9
000000dbda836399
000000dcb3e93d19
000000dce782d059
000000dd60e0f139
000001bb20be8f61
0000000002d73971
0000000000000181
000000ddd9538099
000000ddfeef82b9
000000de0e1378d9
000000de190fc479
000000deec5d60f9
000000dfc35c12d9
000000dfc3e0cdf9
000000dffea78ff9
000000e0200e1df9
000000e064943e59
000000e07190e8f9
000000e0ab94a0f9
000000e0d606aa19
000000e0e3cde559
000000e1a7224b79
000000e39f914239
000000e3ffa5d439
000000e4276f1119
000000e49401ebd9
000000e4d6fbde99
000000e510cd6a99
000000e5458859f9
000000e5a1bbb679
000000e5e2402439
000000e65d8d6939
000000e68cf23a19
000000e699ba6479
000000e6c1596ad9
000001cdc1293061
0000000002d73971
0000000000000181
000000e7058d70d9
000000e7163fe219
000000e72237c219
000000e79dfc08f9
000000e7e3823999
000000e891831d99
000000e964e32ef9
000000e9de59f739
000000ea10697099
000000ea1e74b399
000000ea352933d9
000000ea6561e4b9
000000eb21da1339
000000ec04275e59
000000ec2a30cfd9
000000ece0b32599
000000ed58ad8999
000000ed7893c399
000000ee56623a59
000000ef36da6bd9
000000ef58738459
000000ef896f20f9
000000efd58d83b9
000000efe17951b9
000000f002bc0eb9
000001e06193d061
0000000002d73971
0000000000000181
000000f0ccb10a39
000000f10542ca39
000000f188cf6e39
000000f188cf8239
000000f1b478d7d9
000000f1be816a39
000000f1cec04959
000000f2606aa699
000000f3a38cc699
000000f3cf66c5d9
000000f3fc542819
000000f41d817399
000000f473be7919
000000f50310b479
000000f53008cbb9
000000f530378a79
000000f5701b7099
000000f5ed12da79
000000f627c92c59
000000f63ea451f9
000000f6773a6cf9
000000f6be54d859
000000f709d3a379
000000f7c7c539d9
000000f7ded4a1f9
000000f808337a39
000000f8366b1c19
000000f880f9fbb9
000000f8dac96039
000000f949811679
000000f97cc8dcf9
000001f301fe7061
0000000002d73971
0000000000000181
000000f9cddfa3f9
000000faaae0c7b9
000000faf4b9c6d9
000000fb381e2e19
000000fbc5ebb1f9
000000fc402b3cb9
000000fc95186319
000000fd4e4601d9
000000fd5b81f179
000000fe68c8c8d9
000000ff02a9cc79
000000ff0c0daf99
000000ffc2618999
000000fff8ad7c99
0000010186a123f9
00000101a5b06d39
00000101e9ad7039
00000102515532b9
00000102a038ce39
00000205a2691161
0000000002d73971
0000000000000181
000001032d17b6b9
0000010380e02279
000001041008c819
0000010471ee7a79
00000104a2587df9
00000104a97aac79
00000104dcd8aef9
000001054b7f7ef9
0000010569971599
00000105ebe13b39
000001067a4ff739
00000106a0b359d9
00000106b4904af9
0000010854043e19
000001086b19bb59
00000108c6cbe979
0000010941490e59
00000109830c58f9
0000010983baa139
00000109ad44de99
0000010a7af7fe19
0000010a802566d9
0000010aa5d588d9
0000010aa5ee08b9
0000010b09370f99
0000010b12b92af9
0000010b52c29cf9
0000010b6695e0b9
0000010bad1ae299
0000010bec9c06f9
0000010bf0657bd9
0000021842d3b161
0000000002d73971
0000000000000181
0000010ce004ea59
0000010d18ebaeb9
0000010d837953d9
0000010f12a4a7f9
0000010f67aae3d9
0000010fa161dcb9
0000010faa3050f9
0000010fe95f85d9
0000010ff0259559
0000010fff9556d9
00000110555e77d9
000001106428a599
000001107ded7d19
0000011080eec039
00000110853fccf9
00000110ffc3d859
000001118365e7d9
000001122019afb9
000001126efc8db9
000001127c7e0439
000001133eb289b9
00000113741711d9
00000113b933e879
00000113d2827499
00000113d72b1d79
00000113d8a084f9
000001143036a079
0000011469ae8d99
00000114db6b0919
00000114ff514619
0000022ae33e5261
0000000002d73971
0000000000000181
00000116747c1839
00000116a4e6dd59
00000116c6530bb9
00000116db6b8fd9
00000117180812d9
000001174de44559
000001179c9a3619
00000117f30b5a19
000001183e787339
000001184d1f4ad9
00000118888fc599
00000118c45f2cb9
00000119348f2d19
0000011965625339
00000119a4a69b59
00000119af215779
00000119b42fb8b9
00000119b6f13879
00000119e6d37c19
00000119f5d3e959
0000011b19b0ca19
0000011b2846c839
0000011b44079db9
0000011b5072d179
0000011bb30edc39
0000011bfbd7ee99
0000011c21c727b9
0000011c4e1d23d9
0000011cc2e89bd9
0000011cd7fdedb9
0000011cf38b78b9
0000011d08dfa459
0000011d21ee8bd9
0000011e587b2a39
0000011e5ee78139
0000011e6d723c39
0000011e771517b9
0000023d83a8f261
0000000002d73971
0000000000000181
0000011ee5c22db9
0000011f0607eed9
0000011f794b7119
0000011f95e1c319
000001202b094319
0000012063972979
00000120c9fbed59
00000121030ee559
0000012159bc1599
000001219102bc39
00000121dd0be739
00000122601915b9
0000012273126f39
0000012295de5179
00000122cfca11f9
000001236a337d99
000001238e242739
00000123e5387f39
000001246c9e93b9
000001247abdd839
00000124901f7619
0000012514557c79
0000012565282559
00000125c520d559
00000125cacc5e79
000001261f1e7c99
000001262f8c56f9
00000126a6806f59
000001274e57c959
00000127be214299
00000127f55f9a39
0000025024139261
0000000002d73971
0000000000000181
000001287507ef59
0000012875086b19
00000128e7b437f9
0000012999d50999
00000129cf9d2e39
00000129f89f8bd9
00000129fe5e4259
0000012a81cc5499
0000012aa0157659
0000012aa94eb8d9
0000012ab6fe78b9
0000012ba0e3b6b9
0000012c1ae92999
0000012c405784d9
0000012cbfd1c879
0000012cc2eee739
0000012ce54557f9
0000012d4ab90fd9
0000012d6c0f96b9
0000012d7fe0aaf9
0000012d8a1713f9
0000012d8f89bb39
0000012e589d8c79
0000012e8045b8d9
0000012ed156ee59
0000012f6e61cc59
0000013046ca6579
000001305e61c0f9
00000130798e03f9
00000130b0462679
00000130be5677d9
00000130c04b14b9
00000130db4aebb9
000001310f9e9459
0000013138f57359
00000131428a7ff9
00000262c47e3261
0000000002d73971
0000000000000181
000001317ef10a59
00000131e95b2c59
000001321ae16eb9
0000013240f9a979
000001326645afd9
00000132c0a86e99
00000132cb6790f9
00000133411a9a79
0000013361833419
00000133915d2419
00000133e2a79cf9
00000133e7c08359
000001341489d1f9
0000013462ced7f9
00000134ceef2699
00000135188f0879
00000136a6deb499
00000136d47c5679
00000136d769bd79
0000013769163519
000001386084a719
0000013976ab6bb9
0000013a18aaa159
0000013a5d5a23f9
0000013a60882f39
0000013a728d0f59
0000013a72d342f9
0000013aa9aed3d9
0000027564e8d361
0000000002d73971
0000000000000181
0000013b1dca0379
0000013b4bad1899
0000013b4c90a979
0000013c35242d19
0000013c4100e6b9
0000013c43eaa299
0000013c8af71cf9
0000013c9c508e99
0000013ca03db5b9
0000013d493a23b9
0000013da4236579
0000013da728e739
0000013e75f1b0b9
0000013eccf75af9
0000013ed47776d9
0000013ed93545f9
0000013f176e6539
0000013f73a893d9
00000140423aadd9
000001407f5ed899
00000140a3460d39
00000140f52eaab9
0000014188df0a79
0000014297b121b9
0000014352831499
0000028805537361
0000000002d73971
0000000000000181
0000014473e45399
00000144b0526179
00000144caa4c819
00000144d3636d39
00000145631640f9
000001457d7234b9
00000145f9b73b59
0000014625430a19
000001464c3d9139
00000146cc103599
00000146e822ab99
00000146f0193c19
0000014744bfa459
0000014746da97f9
000001478aa7a459
00000147a1cbee59
00000147c9486019
00000147f6b8c9f9
000001493b358759
000001498c6eba19
00000149bf7792b9
00000149f097eed9
0000014a4b174579
0000014b242f5a39
0000014b727cfdb9
0000014bd896e579
0000014be89af619
0000014c0c62c779
0000014c98ae6059
0000014cb55a6879
0000014ccfb466d9
0000014cfd0d7ab9
0000029aa5be1361
0000000002d73971
0000000000000181
0000014d605bcef9
0000014d70ddc0b9
0000014db8199c59
0000014e428d2c99
0000014e7b45ad39
0000014e9d3a9779
0000014f03e25999
0000014f3de24bf9
0000014fc62b8379
0000014fea011cf9
000001502878f7f9
000001508b065cd9
000001513135e619
00000151a90e6959
00000151bd64d0b9
00000151e0076b19
0000015226af83f9
000001525b4c9339
0000015269ccae59
00000152bf7c8a79
00000152cdadb2d9
0000015388cae2f9
00000153a0591fd9
00000153df00cff9
00000154420382f9
00000154a8519999
00000154b7a7a4d9
0000015555a67839
00000155ca4c0a19
000001563e505cb9
00000156834174d9
000002ad4628b361
0000000002d73971
0000000000000181
000001574774e399
000001575d06d399
00000157bf979059
000001585eeb05d9
000001588085c019
00000158944c7879
00000158bd521379
000001590a58a459
00000159121c39f9
00000159abcb25b9
0000015a03c2c3d9
0000015a1d41b319
0000015a37a87939
0000015a4809f379
0000015a87e3e4f9
0000015a9c65a519
0000015aa5e48259
0000015aaf166979
0000015ab14f4b79
0000015abf5408b9
0000015ada3cbc59
0000015aeeaf37d9
0000015b1b36b259
0000015bc4d05279
0000015c49f0fe79
0000015c77280139
0000015c847e14b9
0000015ca61a9019
0000015cd2e69079
0000015d5da4da59
0000015db9b921b9
0000015dec83ce99
0000015e09211519
0000015e268b7a59
0000015e32547c79
0000015e4059d979
0000015e53d0ff19
0000015e8cc4f259
0000015ef2cb6599
0000015ef31df7d9
0000015efa8b1979
0000015f1cfcb9f9
0000015f41510e79
0000015f642591b9
0000015f73e27ed9
0000015fbbb9edb9
000002bfe6935461
0000000002d73971
0000000000000181
000001602aa8f1d9
000001603a6288d9
00000160a8eec299
00000160d66ef239
000001612e5fc899
0000016188189eb9
00000161a47839d9
00000161b1d34ab9
00000161b7ba1b39
00000162026e6ef9
0000016281aeeaf9
00000162a2c6af39
00000162eb394279
00000162eb395759
000001636ca8dd19
000001638fa30ad9
0000016478cafef9
00000164a49ebeb9
00000164b55028b9
00000164ce100fb9
000001658ba48199
00000165b99af899
0000016653304779
0000016737940ed9
00000167d54c12d9
00000167e290e6b9
00000167fc942d39
00000168dabe0bb9
000002d286fdf461
0000000002d73971
0000000000000181
000001694506a279
00000169c592c059
00000169d59ebeb9
0000016a50785879
0000016a6e3eb839
0000016aaf0c12d9
0000016cabd8ec19
0000016d7e6d5519
0000016da19f7e19
0000016de19f0239
0000016e21d9f919
0000016e23a69c79
0000016e436a4b19
0000016e4858e639
0000016e9a411fd9
0000016ead0a9499
0000016eb3286459
0000016eb86ebb59
0000016edd28c999
0000016f01daf999
0000016fa414e899
000001701cea6939
000001704b642cf9
0000017060ec27b9
000001710170f459
00000171072109b9
00000171888e6e79
00000171aa493679
00000171abfc6919
00000171d2aeedd9
00000171f49e0459
00000172007fb519
000001721d693919
000001725c17fc19
0000017261c1f799
000002e527689461
0000000002d73971
0000000000000181
000001730e36e699
0000017346edcb79
00000173b3ebf619
00000173d932d7f9
0000017419abed59
000001748b6169f9
00000174986aceb9
0000017513b74219
000001754db1a139
0000017577da3df9
000001758dcc5779
00000175a223e819
00000175ab6f8759
00000175c66c0319
00000175d4e6a379
00000176d8d9bcd9
00000177b00674b9
00000177c47aa939
00000178030775f9
000001784f181139
0000017878e7e639
00000178b82bbc59
00000179ca6aa9b9
00000179d4548479
00000179da036a79
00000179dcfa1099
0000017b208ca5d9
0000017bc022f579
000002f7c7d33461
0000000002d73971
0000000000000181
0000017c42bedd99
0000017c7e0d44b9
0000017cd4e41399
0000017d84cd9239
0000017d8c4a7879
0000017dbed31eb9
0000017ef99f2479
0000017efe099bd9
0000017fdeffd8b9
0000017fe893dfb9
000001801a401999
000001801ec06c39
000001806cbacf99
0000018080854ed9
00000181ee013af9
000001821f3c16b9
000001825ec0bef9
00000182b4238999
00000182c5504e99
00000182f867fdd9
00000183757ab339
000001838944c9f9
0000018396965919
00000184324dab79
0000018497a7fd19
0000030a683dd461
0000000002d73971
0000000000000181
000001856fdec999
000001858e857659
0000018594936b99
00000185b2781f99
00000185c7ba4159
000001866153b0f9
000001869d229939
0000018740c1d8d9
000001876341af39
000001879c087ab9
000001885011c9f9
0000018860f18479
00000188a49d8039
00000188e2b15c99
00000188eab02259
00000188f7846f19
0000018959ebe9b9
0000018974748059
0000018980b21fb9
00000189c85ac9b9
0000018a2135c679
0000018a3d9987b9
0000018a5c57cd99
0000018aa6959899
0000018bc4c55e99
0000018bcff599f9
0000018c74033b79
0000018ce0f5d979
0000018d19332639
0000018d1b3b0cf9
0000018d3f5997d9
0000018d6d2b2079
0000018d9d75d339
0000018da19c5cd9
0000018e0775f3d9
0000018e6eca0f39
0000031d08a87461
0000000002d73971
0000000000000181
0000018ffd441459
000001918cad5c39
0000019238ef28d9
00000192753b2679
00000192b4114f59
0000019323eba2d9
0000019354aa91d9
00000193628ba4b9
0000019433155d19
00000194b1961cf9
00000195545ea6d9
0000019580a6fc59
00000195a25a8499
00000195abe8b099
00000195c85c4659
000001960d09c9f9
000001964f1ef399
00000196a4c2ad59
0000019739b19a19
00000197bfe0d979
0000032fa9131461
0000000002d73971
0000000000000181
0000019817872199
0000019834e37bf9
0000019869b98ef9
00000198a44605f9
00000198c43657f9
00000199303d8cd9
00000199fc3e79b9
0000019a5543a3f9
0000019acdcd6139
0000019aeb501dd9
0000019b175d8619
0000019b3a6597d9
0000019b5508e139
0000019b89cec819
0000019c13e0bed9
0000019c936161d9
0000019cbdcc7c59
0000019cf3792a99
0000019cff37a139
0000019d88a04c59
0000019d9c45d7b9
0000019da9f73259
0000019dc817e6d9
0000019dc8471419
0000019df8d59379
0000019e1daedb99
0000019e67865159
0000019e9b560f59
0000019ea868ec39
0000019f897db419
000001a05595f099
000001a064229cd9
000001a096cd7259
000001a0aa2cbbf9
00000342497db461
0000000002d73971
0000000000000181
000001a1574c3b59
000001a170c16539
000001a1e67ba879
000001a2cbb36479
000001a33929e759
000001a431e7f739
000001a446741d79
000001a478ff5b59
000001a4d6aea079
000001a4fd062a19
000001a56184c619
000001a59559b9f9
000001a5ec3aab19
000001a6072e55f9
000001a61e2d59d9
000001a6bbb82ed9
000001a713a04c59
000001a750225379
000001a760312139
000001a810ccf2b9
000001a8438b6659
000001a863b3b3d9
000001a892a92e19
000001a8cbd1ded9
000001a905889c19
000001a9251e6779
000001a982904a59
00000354e9e85461
0000000002d73971
0000000000000181
000001aa79d0fbb9
000001aa83b76219
000001aa94baf599
000001aaf4049919
000001ab0e9c11d9
000001ac4778bcd9
000001ac81122599
000001ad71669039
000001ad8f9f6a39
000001ad8f9f87d9
000001ada99b4a19
000001add777e899
000001ae59099e19
000001af43b24c99
000001b03308eeb9
000001b0ca711699
000001b10455d459
000001b13e6812d9
000001b1dbc6c879
000001b23c3183f9
000001b24b1dc919
000001b2f5bcb979
000003678a52f461
0000000002d73971
0000000000000181
000001b427c130f9
000001b4523a73d9
000001b455f096f9
000001b475026259
000001b4cdfc6a19
000001b63d3cfc79
000001b655cbff59
000001b68ef88099
000001b6f96248d9
000001b72f3783f9
000001b7565cc039
000001b7ad880ef9
000001b7ce2f8a99
000001b7e8c9a5f9
000001b8572c7919
000001b86a6976d9
000001b89e2a6399
000001b8b96409f9
000001ba75696459
000001baf64fb9f9
000001bb01bc30f9
000001bb7e96ac79
000001bbe3d248f9
000001bc12b48359
000001bc7048b0b9
0000037a2abd9461
0000000002d73971
0000000000000181
000001bd175efdb9
000001bd45454eb9
000001bd91df84b9
000001bdc6530079
000001bdee75df79
000001be0a36caf9
000001be0ce6fbd9
000001be8a33a1b9
000001becc7d1c79
000001becd9ad2f9
000001bf0ceb57d9
000001bf21518e59
000001bf88e9c699
000001bf9cde8d59
000001bfbfaec679
000001bfdc008399
000001bfdc0096f9
000001c0583469d9
000001c0668f0579
000001c0e6b70e59
000001c11651cab9
000001c1997920d9
000001c19fd8a719
000001c1f0285cd9
000001c1f5b59a39
000001c233649479
000001c3765e8b39
000001c429777379
000001c4af96d459
000001c4f6926e79
000001c5e296e3b9
000001c6115e6899
0000038ccb283461
0000000002d73971
0000000000000181
000001c680e60279
000001c68af718f9
000001c6ab6fbe19
000001c6c29e7499
000001c6d82ebb79
000001c6fe5e3799
000001c712c3f639
000001c71d3d36d9
000001c7a5ec12b9
000001c8180a1a59
000001c874e324f9
000001c8f888a359
000001c969ed5099
000001c96e0568d9
000001c9946a01b9
000001c9e6a0a1b9
000001ca0d46c859
000001ca67c99cf9
000001ca7cd22699
000001cae13fc639
000001cb47ac39f9
000001cb83ff7599
000001cb944dcaf9
000001cb97dd6f79
000001cc583c1c99
000001ccea1a47f9
000001ccfd9132f9
000001cd4197f1f9
000001ce25093a99
000001ce30785b79
000001cebaa58eb9
000001cf33a4cf39
000001cfb4580679
0000039f6b92d461
0000000002d73971
0000000000000181
000001cfba0c61f9
000001d00042a859
000001d03b4a38f9
000001d069cd4379
000001d0ce19de99
000001d0e5f6b759
000001d180237a59
000001d2955ae4b9
000001d29a1e3739
000001d2ed4f20b9
000001d2f251f9d9
000001d3654de879
000001d37ad1e7f9
000001d3ae662c79
000001d422c98b79
000001d4f23cad19
000001d4f57e62f9
000001d644268559
000001d69301b339
000001d6d0828b19
000001d6db359419
000001d756dcf1f9
000001d76c0cdeb9
000001d778b99659
000001d7a23e6199
000001d7cc5aecd9
000001d7fd62c919
000001d8093efe39
000001d82f9a2f39
000001d87450c8b9
000003b20bfd7461
0000000002d73971
0000000000000181
000001d932af2c99
000001d960856119
000001dad17d47f9
000001db0ee1ad59
000001db4fa05919
000001db89e63159
000001dc82b853d9
000001dccb7c5719
000001dcf17d29f9
000001dcfb357619
000001dd0a82c279
000001dd1c300b79
000001dd2595d659
000001dd77601639
000001de519f64f9
000001de8b5a7539
000001ded2baccb9
000001df111ac6b9
000001df25787859
000001df3baa1af9
000001df9d922819
000001dfd564a999
000001e020c48a59
000001e02c773ed9
000001e09f2a46d9
000001e0bda139d9
000001e0d0b2c239
000001e1418f6a19
000001e151294719
000001e17251e999
000001e1f9393ad9
000001e1fe2601f9
000001e23bf901f9
000001e23d032b99
000003c4ac681461
0000000002d73971
0000000000000181
000001e261b9b9d9
000001e306ad1fd9
000001e34aab5719
000001e3aea8b479
000001e4d4370739
000001e4d63e0b79
000001e4fef3f319
000001e500a12899
000001e5aec47619
000001e5bc3e36f9
000001e6c3c01739
000001e6ea747fb9
000001e70a060a79
000001e74e83f639
000001e75793d279
000001e797cb4999
000001e86087ae99
000001e868efd9d9
000001e8ac0f98f9
000001e929aa2b19
000001e950ba2c99
000001ea9a4db699
000001eab8d63699
000001eafee1c8b9
000003d74cd2b461
0000000002d73971
0000000000000181
000001ebc13746f9
000001ec26708299
000001ecace91179
000001ecc1878d39
000001ed1dc186b9
000001ed32349099
000001ed3483af19
000001ed3764eff9
000001ed59f63dd9
000001edfe102179
000001ee546dfaf9
000001ee600f7539
000001ee854e2a79
000001ee8b5f1e79
000001f026a3c679
000001f061ba8b99
000001f0b8bf9359
000001f101ccd219
000001f12013ae79
000001f132cb5459
000001f1432062d9
000001f19abc59d9
000001f1f3ab02d9
000001f20017bd79
000001f21fba2999
000001f238590819
000001f3ac70ab19
000001f4310a56f9
000001f4783be419
000001f49cd91219
000001f4c83ee719
000003e9ed3d5361
0000000002d73971
0000000000000181
000001f502e39c39
000001f5109139b9
000001f5257927d9
000001f547a8c159
000001f55efd3499
000001f587ba12d9
000001f5bc0c4db9
000001f5e7be7cd9
000001f609df2df9
000001f695fb44f9
000001f6be5b2b19
000001f6ede308b9
000001f760d4dc19
000001f784d931d9
000001f7905091d9
000001f94986ba99
000001f9d8031599
000001fa1ee3c419
000001fa2125b0b9
000001fa23f80c39
000001fa5ff3b7d9
000001facbb25199
000001faccd63719
000001fae9e14059
000001fb3272d959
000001fb78cca4f9
000001fb82f4c479
000001fbe193a2b9
000001fc1ccf0679
000001fcf99f3079
000001fd53fab239
000001fd778522d9
000001fd801c7ed9
000001fdf8f109f9
000001fe0ad02759
000003fc8da7f361
0000000002d73971
0000000000000181
000001fe6915fa59
000001fede2f3639
000001ff0d95d739
000001ff55bcfb39
000001ffa385d7f9
000001ffd1cb6c79
00000200d247ea79
00000200e52ff919
00000200e88ed3f9
0000020177bff879
00000201d7a901b9
000002022b5f9c39
00000202424b5079
00000202a5f7db39
00000202b8c44ff9
000002032ef5b8f9
00000203458f8ed9
000002042ef7f999
000002043627fa79
000002046ae96179
00000204b19749d9
00000204c4d6c779
00000204db484059
00000205b49471f9
0000020631d1c439
000002063e4ffe19
000002066c0d41b9
000002066e52b9d9
0000020678043c79
0000040f2e129361
0000000002d73971
0000000000000181
000002087c27a0d9
0000020914656bb9
000002094ac84fb9
00000209b9ac5f19
0000020a30b07a59
0000020abc2da719
0000020b2dd5fe39
0000020b4a6e6439
0000020c0dd31f39
0000020c5c807ef9
0000020c93418019
0000020cdd2b5339
0000020dba6a1639
0000020eaa8ff6b9
0000020ed28d5ad9
0000020f313c6af9
0000020f41fe65d9
0000020fb4c78019
0000020fe67ef939
0000021013ee0c19
0000021023e57719
0000021043476b99
0000021073511bd9
00000210a511ec79
00000421ce7d3261
0000000002d73971
0000000000000181
00000210f69fa1b9
0000021121dc0c79
0000021151241959
00000211f2153bb9
00000212b6286e39
00000212bcb00ab9
00000212debca1d9
00000212f69bef59
00000213080dba99
0000021325c91519
0000021353c509f9
00000213bc06c879
00000214b47a1b79
00000215060e9bb9
000002155a125799
000002159ade7a79
00000215e6d11639
00000215fbbe8839
00000216569e0e59
0000021670d942d9
000002171e139479
00000217bcdadf99
00000217f8a29d39
0000021959400ab9
00000219ac6fdf39
00000219f96d30f9
000004346ee7d261
0000000002d73971
0000000000000181
0000021a8e8acb79
0000021abede21b9
0000021b0269a1f9
0000021b07af8a99
0000021b3845b839
0000021bd652e2f9
0000021cda89efd9
0000021d2d7799b9
0000021d99fb6759
0000021de0bf4299
0000021e2ccce2b9
0000021e4262c439
0000021e543d3c39
0000021e6afb6539
0000021e803f17d9
0000021eb90466d9
0000021f414293d9
0000021f4e9dd0d9
0000022005e41f59
0000022045f6df19
00000220beb34d79
00000221c2c63039
00000222258f05f9
00000222294a5e79
0000022234ddfc19
0000022290feef99
0000022294cdd999
00000223288a0cf9
000004470f527261
0000000002d73971
0000000000000181
0000022390177619
000002239f6e1499
00000223c9e9fcf9
00000223cb0ad1d9
00000223dfb1d8b9
00000223e106a379
000002243a19f4d9
0000022467546699
00000224a41d2419
00000224a5e5b679
000002256430e4f9
00000225818695f9
000002266ab76cb9
0000022680a72ff9
00000226820532f9
00000226a4d3a539
00000227548ae639
00000227a2d382f9
00000227af1eb519
00000227b886ca19
00000227c77cd719
0000022815cb9659
0000022819518299
000002284182ba39
00000228cd108219
000002294b472bd9
00000229cff4af79
00000229d36752b9
00000229e7dc7f59
00000229fbc1d259
0000022a1dc57cf9
0000022a6d52a219
0000022af4075279
0000022b6c167f99
0000022ba5302a39
0000022bfa0f9279
0000022c2551e939
0000022c3e2bd199
0000022c69bf7679
0000022c88ba1e39
0000022cb10bf0b9
00000459afbd1161
0000000002d73971
0000000000000181
0000022d041a3cf9
0000022d301c10d9
0000022d44d1a379
0000022d7fef9179
0000022dfdbfd999
0000022e86d02019
0000022e945b9919
0000022f02ad8019
0000022f309d5bd9
0000022f38711039
0000022faafbdfb9
0000023011fa1cd9
0000023020e84299
000002307dffd9b9
0000023088551a39
0000023113331e59
0000023196829879
00000231cdff27d9
00000231d82dbf59
00000232d9b5c479
00000232df99b619
00000232f95fa459
000002333d23ac59
000002336fc51d59
00000233a9fc2939
00000234485e5919
0000023454ea9239
00000234ec4672b9
00000235139daa99
0000023599f58e59
00000235a483ba99
0000046c5027b161
0000000002d73971
0000000000000181
000002365825e3d9
000002365b006bf9
00000236f34b7c59
00000236f3b76fb9
00000236fb0df4b9
000002374dcb4d79
0000023801d081b9
0000023801f40099
00000238996033d9
00000238a1be5a39
00000238fcf41939
000002391ffc8d79
000002392bfeaaf9
0000023949d1e639
00000239e502c959
0000023b1d54c819
0000023b46af9ed9
0000023bdd5f8a59
0000023bfe510959
0000023c0bbe0199
0000023c1d248219
0000023c427a36f9
0000023c9b5d7a19
0000023d4eb0adf9
0000023dd640c3b9
0000023de9b9c0f9
0000023e1b6dc059
0000023e22279bf9
0000023e5a4f9fb9
0000023efca10f79
0000023f27330c39
0000047ef0925061
0000000002d73971
0000000000000181
0000023ff9418f19
0000024020fba239
00000240566c3639
0000024084b55af9
00000240ab3366f9
00000241580d7559
000002416f172bb9
00000241b15c5699
00000241edd490f9
0000024297b5f599
00000242bf5be8f9
0000024378dfd739
00000243c65f5879
00000244efbb2dd9
0000024560402019
00000245bf1a20d9
00000245d88714f9
000002463cb1ecf9
0000024696fc09f9
00000246cb93ed99
0000024712775b19
0000024721396ff9
0000024765340539
000002476a6646b9
000002476ca75fb9
00000247a9b68499
00000247d08852d9
00000247ee14ecd9
000002488d27f939
00000248c5f41099
0000049190fcf061
0000000002d73971
0000000000000181
0000024961095f99
00000249694849b9
00000249720a8619
0000024a43a11eb9
0000024ac52ce819
0000024b37708dd9
0000024b8b406459
0000024bd677a999
0000024be888a199
0000024bf5e00899
0000024c4bca45d9
0000024c55732db9
0000024ca6cc3979
0000024cd5941d99
0000024cd96d04f9
0000024d2743c9f9
0000024d47b0ef79
0000024d54ecc099
0000024d5cdb15f9
0000024e089bce39
0000024e8987edf9
0000024e9c92c979
0000024f8ec71299
0000024f945a0539
0000024f96db5c39
0000024fdedaa279
0000024fe2e3b6f9
0000025008562319
0000025054226099
0000025076908d39
00000250bc511439
000002513209c799
000002518a97e599
00000251d725e579
00000251fb01b039
000004a431678f61
0000000002d73971
0000000000000181
0000025224c13d79
000002524021d119
000002525272a859
0000025266a800f9
00000252db2885b9
00000252e3db5479
00000253441999b9
000002535d633f59
000002538c7d3bb9
00000253ac445879
00000253e15b3699
000002545cab0ef9
00000254a6371419
00000254e0992db9
00000254fc53ce59
00000255178f5a99
000002552802e3f9
00000255cb7ccb39
00000255e824ea59
00000255effed579
0000025664df2df9
00000257966a77f9
00000257b53eca59
00000258a2082819
0000025972ec5899
0000025974e7b659
0000025992728719
00000259c5ddb639
0000025a1050e779
0000025a2a4bee59
0000025a47a32d99
0000025a4e19df99
0000025a6af7c759
0000025af1890279
0000025af81c0139
0000025b35514279
0000025b387714b9
000004b6d1d22f61
0000000002d73971
0000000000000181
0000025b97350519
0000025c52e48059
0000025ccc4e1959
0000025ce68e2959
0000025d0128ec59
0000025d70073119
0000025e08976a79
0000025e349836f9
0000025e4faa9339
0000025effc3ea39
0000025f650667f9
0000025fe32848d9
0000025ff877a679
00000261138d7d79
00000261484fd159
000002616c4f2fb9
000002633a946639
00000263441223d9
000002636062d3b9
0000026371232a79
0000026425d7b079
0000026459509fd9
000004c9723cce61
0000000002d73971
0000000000000181
00000265d2b28799
00000265db168b19
00000266759de779
0000026676a26819
0000026684bc69d9
000002672129c019
00000267e2a90399
00000267f7f2ef59
00000268114db279
000002685147b3b9
00000268b91348f9
00000268ca827359
000002694460ee59
00000269604a5f79
0000026980c84ab9
00000269a653c6b9
00000269ba570bf9
00000269c22eac39
0000026aef68b1b9
0000026b55317fd9
0000026b6d861619
0000026c159dcab9
0000026c91128259
0000026ca7356319
0000026dff75bbb9
000004dc12a76e61
0000000002d73971
0000000000000181
0000026ed11b5db9
0000026f8063b039
0000026fc78f69d9
0000026fe0f96119
000002706de729b9
00000270c555bc19
00000270d1241a99
00000270fd8d77d9
00000271367a7019
00000271b5fd17f9
00000271c1def519
00000271c1df0339
00000271dfb2b499
00000271e2bbef59
000002720380e2f9
00000272e77e1159
00000272feaac9b9
00000273029f0919
000002735595f5b9
00000273c6e208b9
00000273cc86fad9
00000274349f0cb9
0000027487dcf859
00000274ce650f59
00000274d52db839
00000275191e5479
000002755d2c6939
00000276509f5a59
000002765ab47179
00000276781e8079
000004eeb3120d61
0000000002d73971
0000000000000181
000002778cd394d9
00000277a918e2b9
00000277c215ea79
000002789a54c219
00000279159d2b19
000002791b104c19
000002794ac75b39
0000027a5e0400f9
0000027a81750579
0000027a8d4253d9
0000027a9529b139
0000027abe8f1cd9
0000027b0c3120d9
0000027b95c68b19
0000027bb53775f9
0000027bd5055a19
0000027c32675bd9
0000027ca274ef19
0000027d55e72f39
0000027e15834cd9
0000027e4394cc59
0000027ea8fb7239
0000027eb88129f9
0000027f05cb6079
0000027f468e4039
0000027fc449e199
000002800b01d7d9
000002801efab159
00000280439c9839
000002805e197979
000002805e8e3f39
00000501537cad61
0000000002d73971
0000000000000181
00000280adf99619
00000281745816d9
000002817ae499f9
000002827a7d81d9
0000028280614ff9
000002830ed16f59
000002835f5d65b9
00000283b14d4a79
00000283dfd56f39
00000283f4894d19
000002840cdc3359
000002841f138819
000002845067b419
0000028502252d59
0000028637abe959
00000286b47b08f9
00000286cd37eb19
0000028739e65d39
000002878430cff9
000002878ec27259
0000028792b94b79
00000287a7a045d9
00000287a9dd4ed9
00000287c60ea6d9
00000287e4925cd9
00000287ebd61a59
00000287ffaa0af9
00000288005a4c79
000002883fff91f9
000002892f0f7199
0000028964b2cd19
00000513f3e74c61
0000000002d73971
0000000000000181
0000028a647a28b9
0000028a6a34b0d9
0000028a75063ef9
0000028ae1707d59
0000028afa22ab79
0000028afab984d9
0000028b86588599
0000028b8acdcab9
0000028be8f2d299
0000028c390c90d9
0000028d8071b899
0000028e9eddd839
0000028ea48eb9f9
0000028ea4fcd2b9
0000028ec0706ad9
0000028faffbd3d9
000002900e979279
00000290625b4e39
000002908bf20019
0000029125e27f59
000002915b276c39
000002916d573279
000002917fe7f4d9
0000029253236719
000002926fae8d99
00000292a7ab9859
000005269451eb61
0000000002d73971
0000000000000181
0000029369006a39
0000029385d359b9
00000294286fce39
000002944c8b9ed9
00000294daed92f9
00000295f91a52b9
00000296ed8c4f59
000002971e4dfbd9
000002975bff73b9
0000029940cd3a99
00000299925cb739
00000299ef12eb99
0000029a0b1c2dd9
0000029a25b4bf39
0000029a8c62db39
0000029aa8e76c59
0000029b1628d4d9
0000029b4f30f1d9
0000029b7e32c219
0000029bdc029119
0000029c4a9af099
0000029c6cd93f99
0000029c96710fb9
0000053934bc8a61
0000000002d73971
0000000000000181
0000029c9bf3e4f9
0000029cdf96cef9
0000029d37f4c739
0000029d3889c319
0000029d3b572d59
0000029e5d997d19
0000029ead604979
0000029eb3292f59
0000029f89f25519
0000029fa3748559
0000029fbdd4bc99
0000029fe507f4f9
000002a001106e99
000002a03738a639
000002a0ac432b39
000002a0c3ff8939
000002a0c9102ab9
000002a0cf1b7c99
000002a1eba4a3b9
000002a2ac587fb9
000002a325f11579
000002a3bffcbcd9
000002a51b64f8b9
000002a51f5caf19
000002a570d448b9
000002a598c8a1b9
0000054bd5272961
0000000002d73971
0000000000000181
000002a62c544db9
000002a6647d3c59
000002a6977bc6f9
000002a6f3e05df9
000002a73b3debb9
000002a7574a54f9
000002a757880319
000002a7d5f2e6d9
000002a9e5388a59
000002aaaf2243d9
000002ab03af4d39
000002abdcd20079
000002abe9447199
000002abfa318a19
000002ac44001579
000002ad44407099
000002ad8b977639
000002ad956657f9
000002adac61a659
0000055e7591c961
0000000002d73971
0000000000000181
000002af91291339
000002afc5c52a79
000002afdabb94f9
000002aff227d319
000002b049403df9
000002b064997d99
000002b0734071b9
000002b08d71d859
000002b0c247ad59
000002b0c2e42899
000002b0f5532759
000002b158262ef9
000002b17940ba79
000002b18e7db799
000002b1fc72e2b9
000002b2dfc6f959
000002b32228b4f9
000002b382db9739
000002b3d1fc4979
000002b4594d2f39
000002b47e17cf19
000002b48fb39419
000002b4917b5759
000002b4d864b679
000002b4d9dc44f9
000002b538a3e619
000002b5937e8419
000002b5b9d0fb99
000002b5d5349359
000002b65340a179
000002b6e1b9bef9
000002b7066d3b79
000002b74bc4d8f9
000002b79abb4279
000002b7a0819859
000002b839a62079
0000057115fc6861
0000000002d73971
0000000000000181
000002b8b07fa9d9
000002b8dae08739
000002b929dc59d9
000002b930f966f9
000002b97e32b479
000002b9a79a9119
000002b9fc460db9
000002ba1ace4ed9
000002babb8dad99
000002bad4355519
000002baeb3bfc99
000002bb687cc279
000002bba2d80579
000002bc9f227c59
000002bcf6c1f799
000002bd48d7be59
000002bdcd054f59
000002bf76ca21f9
000002bfcff3ba59
000002bff68ba1b9
000002bff93d6ef9
000002c0381b71b9
000002c09406be99
000002c0c78f27f9
000002c100525db9
000002c1304ba8f9
000002c185d10ed9
00000583b6670761
0000000002d73971
0000000000000181
000002c228df2f59
000002c2335c72d9
000002c2861517d9
000002c35795acb9
000002c3b83deff9
000002c3c6959b79
000002c3f56cfa99
000002c4aa7c2c39
000002c533160ff9
000002c56b5dd5d9
000002c5dfc6bfd9
000002c6273e6879
000002c64ccc0e79
000002c66cf76db9
000002c67f649239
000002c6842d8b99
000002c68cae0d79
000002c6dc7e5cf9
000002c70f9341d9
000002c750a34279
000002c793df4c19
000002c8416fa9f9
000002c91e92b979
000002c960154c79
000002c9b591e9f9
000002c9f17cea99
000002ca0fcebb59
000002ca296c50f9
000002ca4bec61b9
0000059656d1a661
0000000002d73971
0000000000000181
000002cb2f163a99
000002cb556fc879
000002cb8da14b19
000002cc1565d459
000002cc284946b9
000002cc2c378939
000002cc7f69ca39
000002cd0a049559
000002cd1493f9b9
000002cd7a682d59
000002cd8d14e7d9
000002cdadd59279
000002cec02988b9
000002cedec61af9
000002cee9ea3eb9
000002cf29179259
000002cf7b343199
000002cf9709ed39
000002cfc68640f9
000002cfe4c8b439
000002d08d9aae99
000002d0e6a9fa59
000002d13c4cf5f9
000002d1c1687499
000002d276f768b9
000002d2a2f24799
000002d2c0e03759
000002d2d662aa19
000002d305553979
000002d30dcd9499
000002d36de76279
000002d37e87fe39
000002d3eff420b9
000005a8f73c4561
0000000002d73971
0000000000000181
000002d5c0c0a439
000002d687ef2959
000002d7676f7979
000002d842d61db9
000002d8481eb199
000002d853fcdc79
000002d87eb85b59
000002d92f1aab19
000002d9e20102d9
000002da2d442e39
000002da2dd885f9
000002da8df79d39
000002db0135abb9
000002dbbca56299
000002dbd36268f9
000002dbd3626a79
000002dbe05c8019
000002dc06bdaff9
000002dd140b7639
000002dd55f1c579
000002dd5fc9ddf9
000002ddbd5f2599
000005bb97a6e461
0000000002d73971
0000000000000181
000002ddfadc00b9
000002de7eee8a19
000002de87c2c7b9
000002dea8785879
000002dec7428b79
000002df092b37d9
000002df0fafd179
000002df7725ba79
000002dfb4b99579
000002dfbf241739
000002dfc57d8919
000002dff8a2b3f9
000002dff9cea379
000002e0adf4a979
000002e133a8ea39
000002e13cb16599
000002e188cebb79
000002e1a44a20f9
000002e1b6505119
000002e2312514d9
000002e29ac45df9
000002e2d6a18459
000002e315c4f039
000002e34a62b499
000002e3c725c739
000002e3c738d679
000002e3df612d59
000002e3ff820399
000002e4354ab119
000002e4a6cae7f9
000002e4d387dbf9
000002e4ea6b2399
000002e5586e3119
000002e55cab1c79
000002e57ae7a539
000002e58af005f9
000002e58c21d639
000002e634644079
000002e65edc88f9
000002e6e3ab9379
000002e6f9ea98f9
000002e7156db259
000005ce38118361
0000000002d73971
0000000000000181
000002e733ed1319
000002e73887f699
000002e780eff6f9
000002e789e3a1f9
000002e7e83ff9b9
000002e8614e44d9
000002e9115aa3f9
000002e9115abdd9
000002e9699f07b9
000002e9d9e0a019
000002ea2af97279
000002ea44b0a579
000002ea53007779
000002eb2a1b0b59
000002eb6f76d1b9
000002eb76d5ba99
000002eba817d619
000002ebbbfc09b9
000002ebbea6dc39
000002ec29b2df59
000002ec55e9c539
000002ecb9cb0439
000002ed34029d59
000002ed9f33ea39
000002ee804d7479
000002ee8c7bf059
000002eeb85bc959
000002eefd92c959
000002ef3a1f9a99
000005e0d87c2261
0000000002d73971
0000000000000181
000002f06e5e0f19
000002f09b3d7fd9
000002f0dd55f999
000002f0ef82f499
000002f100142399
000002f10a468a99
000002f11edc9b99
000002f1235c2db9
000002f177856e99
000002f18abbf0d9
000002f19331db59
000002f221c215f9
000002f27412ebb9
000002f2a031d739
000002f2b05c77d9
000002f317ad48b9
000002f3d41d1099
000002f3f32e2bb9
000002f462976fd9
000002f4744c8cd9
000002f4af719f39
000002f5494a59f9
000002f558099079
000002f564ffb619
000002f61f5183f9
000002f6613f7cb9
000002f6b2ee9b79
000002f6fe81e499
000002f751c86979
000002f7ec71cd19
000002f87f204299
000002f881cf68f9
000002f8977cef59
000002f9866d9219
000002f9bac45b79
000005f378e6c161
0000000002d73971
0000000000000181
000002f9bf69d5f9
000002fa60d81179
000002fa849e2e99
000002fb18ad5cf9
000002fbba8e5ab9
000002fbf84bf979
000002fc4d092639
000002fd0555a7f9
000002fda60c4d99
000002fe438b9339
000002fe507d48b9
000002fe9d5bb1d9
000002feaea63579
000002feb23c5019
000002fef68a91d9
000002ff1a58fcb9
000002ff31ae7819
000002ff47860af9
000002ffb37670b9
000002ffeb04c0d9
0000030014824c99
000003008f922719
00000300ab73d239
00000300df230079
00000300f0cc5cb9
000003019f1c4459
00000301b2600279
00000301fb1ba359
0000030202d42979
000003020f914f59
00000302a810cc99
00000302b30f9b19
0000030304edb079
0000060619516061
0000000002d73971
0000000000000181
000003036fb04a59
00000303a94d7239
00000303b7923059
0000030492a05e79
00000304bbb613f9
0000030502f90779
000003054b1be819
000003057d6460d9
000003060d391399
0000030699ff82b9
00000306a7d4ebd9
00000306d2bb8d19
00000306eb37a8f9
000003071f04d9b9
00000307b2e3e9d9
00000307b2e3fb59
0000030805b9f239
000003080d046d99
000003089d5ad839
000003092493d299
00000309f4606cd9
0000030c10948ef9
0000030c38b59159
00000618b9bbff61
0000000002d73971
0000000000000181
0000030d50e5b379
0000030d9b2a1139
0000030ddfe14759
0000030e1d16dd99
0000030e5e589f19
0000030ecf0d1259
0000030eee65a6b9
0000030f2ecc24b9
0000030ff5771c19
0000031048a01cb9
00000310bf956db9
00000310c1ef0d99
00000310d0c474b9
00000310f9da5959
000003111990e539
0000031162d6a919
00000311b1b1fa59
00000312a1353ff9
00000313272e9e19
0000031350da6bf9
0000031352dbb059
000003136ed072d9
000003138f424179
00000313d9321c39
00000313db14ed59
00000313e6fa69f9
000003140dd3fd99
0000031485699859
000003148f22a8d9
00000314ba472db9
0000031500861019
000003156a81dab9
0000062b5a269e61
0000000002d73971
0000000000000181
00000315d59a8dd9
000003162c2e09d9
000003164cfbd8d9
00000316db33b359
00000317044dcc59
000003170cfaa299
00000317c35063b9
00000318aff17b39
00000318d818eb39
000003193f58a319
00000319b5a606f9
0000031a2d62ee39
0000031a3f3606b9
0000031a61788659
0000031b39d63f39
0000031b41c3d659
0000031b7786e479
0000031b8d1b1a19
0000031b9bc0d059
0000031ba09822f9
0000031bb9e94219
0000031bd72f5f79
0000031c1d367819
0000031c316254f9
0000031cd373f719
0000031cd5043e99
0000031ce40024d9
0000031cfd84ea39
0000031d48685059
0000031d873a5279
0000031e18f130f9
0000031e6df7aab9
0000031eb5eb52b9
0000031ed3d3d9b9
0000031eec1d6e79
0000063dfa913d61
0000000002d73971
0000000000000181
0000031f01631019
0000031f5c76f5f9
0000031f75de0d39
0000031fa1636859
0000031fe03340d9
000003200015e6b9
000003200a23a119
0000032022349479
000003202b428b19
000003209ff49999
00000320a2bd04b9
000003213108e859
00000321a26b4c39
00000321b078d2f9
00000321e2b11c39
0000032227ddbc39
0000032262eae8d9
00000322712ef9d9
00000322742d1d79
000003236e8fbf99
0000032463b7f579
00000324987c9079
00000324e2a0e8f9
00000325048fead9
00000325248e3fd9
000003255de28c59
00000325f263ee19
00000326d8df02b9
0000032767a12319
0000032791ce0a59
00000327937e7d99
000003280408d0f9
000003284376eff9
000006509afbdc61
0000000002d73971
0000000000000181
00000328e2344f79
000003299834d759
0000032a0265e879
0000032a20c71f19
0000032a3e7619d9
0000032aef9bb699
0000032b2839d1f9
0000032b2f7fe799
0000032b6d1cc219
0000032cf5b44b79
0000032cf7199059
0000032d52a665f9
0000032d983c99d9
0000032dae072cd9
0000032de4cf00b9
0000032efb6eab79
0000032f5374bd19
0000032fe460d5d9
0000032fe85c3359
000003306e6928f9
000003309a65c839
00000331024555d9
000006633b667b61
0000000002d73971
0000000000000181
00000331c3a70e79
0000033206509199
00000333a9f7c379
00000334aef9e459
00000334fb5a3879
000003350dc8be59
000003351582ee59
000003356c6de7f9
000003358aa700f9
000003358edfb2b9
00000335ec0a4679
00000336494ceaf9
000003367fb64c59
000003371fbf3799
000003374873c9b9
000003375cfa10d9
0000033765ceb979
0000033785e287b9
00000337949f7bf9
00000337eead0c99
000003387b860499
00000338ca9c2e19
000003391b2af5b9
000003399f8c1179
00000339c669e079
00000339fa664959
0000033a459e65f9
0000033a76d9ab19
0000033ab21c3899
00000675dbd11a61
0000000002d73971
0000000000000181
0000033b20dda999
0000033b2a1c4579
0000033b8f231179
0000033bbcabfdd9
0000033c23b019b9
0000033c62f94df9
0000033c7e10b3d9
0000033d238ca5f9
0000033d44bde679
0000033d8382ec99
0000033df2357d39
0000033e8788ae59
0000033ebfaabed9
0000033efc309ab9
00000341271fd939
0000034194ad4719
00000341e97bc0d9
00000341f8b1ecd9
0000034202ec20b9
000003422e4d2d79
00000342ad6181b9
00000342ff03c299
00000343457e4559
000003434e67a2d9
0000034373172fd9
00000343a6dcbed9
00000343ea194d59
00000343fc68cdd9
000006887c3bb961
0000000002d73971
0000000000000181
000003446d18eef9
000003446eedc759
0000034481edbb19
00000344ff7da819
000003453504f719
000003455a4d4059
00000345e83cff59
00000346785cacb9
000003469568ef79
00000346e2833079
0000034719d4ceb9
00000347694ac939
000003476d83bb39
000003476d83d8f9
00000347e08cbb19
00000348be0fd759
00000348e84f7419
000003490f70d699
00000349e9cd9db9
00000349fa070c39
0000034a3c5f3559
0000034a880d1699
0000034b69780159
0000034ba45ed419
0000034c5ce2d9f9
0000034c625b96f9
0000069b1ca65761
0000000002d73971
0000000000000181
0000034db7e678b9
0000034dbf824479
0000034ddff93e39
0000034e63c378d9
0000034ef3f0f579
0000034f0320d699
0000034f8e66cf79
0000034fb9593d59
0000034fbd30bb99
0000034fedd25d19
0000034ff65f7eb9
000003500efe5b39
0000035038090339
0000035059845919
00000350996d0ff9
00000351220a7159
00000351640304f9
0000035175298ef9
0000035271f46239
00000352a6c0da59
000003533cdfc119
00000353f5ab5f99
0000035417351339
00000354e7928df9
0000035557b1c5d9
000003555f35ef79
0000035583a7d939
000003558e9d5d39
00000355a188ce79
00000355c6bd11b9
00000355de21aed9
0000035646a6d619
000003567414e0b9
000006adbd10f661
0000000002d73971
0000000000000181
00000356f8131439
00000357402d7219
0000035775407b19
00000357ffd9da79
000003581dfc75f9
00000358b2cf1a79
00000358f9a8ce79
0000035991f52f19
00000359a5d04799
00000359ebd54b99
0000035a16480839
0000035a1879cc39
0000035a25a49cb9
0000035a5a9670d9
0000035ae4930039
0000035b236d5b19
0000035b254b6e19
0000035b5bff1319
0000035b98191419
0000035c035b7359
0000035c5c54bbd9
0000035d10ab16f9
0000035d5ce9efd9
0000035d6044a3b9
0000035dc814cb99
0000035dc8bafcd9
0000035e25f5d079
0000035e52d28ff9
0000035e5b27ba39
0000035e628c32d9
0000035ee16965d9
000006c05d7b9561
0000000002d73971
0000000000000181
000003609141db99
00000360b85ec399
00000360cc11a979
00000361567958f9
00000361e3c7e039
00000361e8f37639
000003625b1982b9
00000362a1c60b79
00000363a0e0ce59
00000363b79e97d9
00000363c24f6059
0000036464b70779
00000364ee7c5f59
000003651fca33f9
000003654291ecf9
000003655c1095b9
000003656c1f7ab9
00000365c1fd5439
00000365c3851c99
0000036644d15459
00000366499fe679
00000366b4b686b9
00000367282450f9
0000036792b90439
00000367dff7f4f9
00000368203d4bf9
000003684280e779
00000368523bd3b9
00000368cf529919
000006d2fde63461
0000000002d73971
0000000000000181
000003698929ad79
0000036991c661b9
00000369c81f5bb9
00000369dad8d5d9
00000369f54d95d9
0000036a9fec2479
0000036ae03b2099
0000036ae783b6d9
0000036afa8f5fd9
0000036b13e9e759
0000036b2545a119
0000036b258c83f9
0000036b6c6dc6b9
0000036baff69059
0000036ca2d96959
0000036ce9b55279
0000036d0ca2b759
0000036d39d68f59
0000036da5fb90b9
0000036dfb94b8b9
0000036e76860279
0000036f0df48719
0000036f2b719379
0000036f3a3c8fd9
0000036f3ae639b9
0000036f5cb83ef9
0000036fb76c16f9
0000036fbc33b159
0000037002a86c59
000003702c8a1399
00000370371b5079
000003703861fd59
00000370920f9319
000003710e8450b9
000003715bd33579
00000372834c2099
000006e59e50d261
0000000002d73971
0000000000000181
00000372f54fdd19
0000037347f91019
0000037348e1a519
00000374630c8f79
00000374e95f00b9
00000375019c0499
000003751aae0c19
0000037579a27779
0000037599c855b9
000003759f610ff9
0000037606154d39
0000037616e03e19
000003766e7839d9
0000037682ff8899
00000377202502b9
0000037777ad8cd9
000003780ca77c99
00000378c4a8db99
000003790e8d6bd9
0000037933df2bf9
000003795e1dcf59
0000037984e2cdf9
00000379b9988af9
0000037a5dad0359
0000037a6c371019
0000037a7b763c19
0000037aea8e4bd9
0000037b9b427019
0000037bdcf9cf59
0000037bde978459
0000037be1246899
0000037be160de99
000006f83ebb7161
0000000002d73971
0000000000000181
0000037cadd35b99
0000037d1e1237d9
0000037d2667fa99
0000037d707d8159
0000037d85c2e0b9
0000037dc7dcb139
0000037dd7ce2499
0000037e00185f99
0000037e4ad8d779
0000037e6c175e39
0000037eb7aefdb9
0000037f7824a299
000003803f139259
000003804f07e039
00000380f8ff22f9
0000038146d26659
00000381741e2559
00000381b82745d9
00000381ed96be19
00000382b7e25499
000003830d732cd9
000003833c9f52d9
000003839b1a6d19
00000384322a3fb9
00000384b4e2be19
00000384f7ec0d79
0000038553e41159
0000038556184d99
0000070adf261061
0000000002d73971
0000000000000181
0000038634bd02f9
00000386c3ffafd9
00000387cd8ed759
000003883e515d39
0000038857b51f59
00000388e23d5779
00000389147a9d99
000003894fe01939
000003896a6fb8b9
0000038989167919
00000389c3a6baf9
00000389e274a739
0000038a4ea33579
0000038abe4cc759
0000038af00f0579
0000038b2ad95ed9
0000038c565bacd9
0000038c6bfa8479
0000038c92b88519
0000038caedeaed9
0000038cf0ae2e19
0000038d23465799
0000038d53b60bd9
0000038d67a62b79
0000038d69a2f1d9
0000038dd481c0f9
0000038deb396939
0000038e0a2b5639
0000038e3de12919
0000038e6342ddf9
0000038eb6304c39
0000071d7f90ae61
0000000002d73971
0000000000000181
0000038f474113b9
0000038fab40e1b9
00000391ed380bd9
00000392732d49b9
00000392c4ed5359
00000392c6238999
00000392cc373219
0000039321c8f539
00000393350e31d9
00000393d284aaf9
00000393eb342219
00000393f37b0e19
00000393f7422df9
0000039436981959
000003946ac0f1b9
000003946eacbad9
00000395630fe519
000003959e2b6b99
00000395a9fbb159
000003972b8a03b9
000003975f0617f9
00000397ce66fb59
000007301ffb4d61
0000000002d73971
0000000000000181
000003996d867819
0000039977d7c4b9
0000039988bf2db9
0000039a05bdf719
0000039a0ad6e839
0000039a80041079
0000039acadd0179
0000039acfba2799
0000039ae01d1179
0000039ae01d1fb9
0000039b5424e459
0000039b7200ae99
0000039b72c20659
0000039bbf4a0e59
0000039bdaba82f9
0000039d22705a39
0000039d8518b639
0000039d8adf9dd9
0000039d8fbd45d9
0000039ddae14eb9
0000039e0ac70639
0000039e5f6a2919
0000039ea86fd219
0000039f266ca879
0000039f337a14f9
0000039f54d57799
0000039fdac26439
0000039fea6c9499
000003a04ff23ab9
000003a11f9453f9
00000742c065ec61
0000000002d73971
0000000000000181
000003a166ed0c39
000003a16e1b7739
000003a1a54bd759
000003a1fa4e70d9
000003a230fd0ed9
000003a2a7259ab9
000003a2c448a239
000003a3238055f9
000003a37bad0a99
000003a39c3d29d9
000003a39d828ff9
000003a3a9d28639
000003a3e2803a19
000003a428737559
000003a45c1f9779
000003a4feed05d9
000003a5196bbd59
000003a69abc7bd9
000003a6a801fef9
000003a70c428359
000003a7113bfd39
000003a7174a9b79
000003a75fcae4b9
000003a762d0f8d9
000003a7aaccd4b9
000003a803527b99
000003a886eba759
000003a8a05e5d59
000003a8a4c6ab19
000003a8c13f97b9
000003a909e62b19
000003a9117806f9
000003a91897e0d9
000003a919e08559
000003a97f0b4e39
000003a98dab77d9
000003aa19186d99
000003aaad62c7b9
0000075560d08a61
0000000002d73971
0000000000000181
000003aabe3cc179
000003ab88b8e0f9
000003ac184512d9
000003ac6d753c99
000003adee1be5b9
000003ae61b87499
000003ae8fb29bb9
000003aea136c099
000003aeb6f54bf9
000003af231abcf9
000003af3161f099
000003af99ef3699
000003afd198e919
000003afdca045f9
000003b04113bb39
000003b18d7e4579
000003b1defd0939
000003b2d800ecb9
000003b3522f3519
000003b3a3865a79
000003b3b6e68a79
000003b3fbc11fd9
00000768013b2961
0000000002d73971
0000000000000181
000003b4401a8359
000003b538692339
000003b55eec8639
000003b55f3d7119
000003b56d324ab9
000003b577552b39
000003b61832a4f9
000003b65585dbd9
000003b6a23ea179
000003b744fd41b9
000003b83cd03159
000003ba30309a39
000003ba881fbdf9
000003ba93d5a1f9
000003baa3255739
000003bac572bfb9
000003bb1262d819
000003bb33035ef9
000003bba8d42779
000003bc22a81859
000003bc6192a339
000003bc8cb18699
000003bc97b5d599
000003bca9f87379
000003bcbf4aa139
000003bd3b6faa39
0000077aa1a5c761
0000000002d73971
0000000000000181
000003bdcffbd5b9
000003be0c75e719
000003be348b53f9
000003bf704191b9
000003c00c0ce559
000003c03b885ed9
000003c06d77d2d9
000003c0f5037bb9
000003c10513a579
000003c1455cfd59
000003c14b28f019
000003c14be8def9
000003c167109d19
000003c1879246b9
000003c1a090aa59
000003c1cff606b9
000003c20bb806d9
000003c20cd81e99
000003c2cb4d0559
000003c2d76072d9
000003c36b68c0f9
000003c38d77e4f9
000003c3b208e459
000003c3fc57b879
000003c45983e099
000003c5d21dc4f9
000003c646e6edf9
000003c680a5de19
000003c684304f59
0000078d42106661
0000000002d73971
0000000000000181
000003c6e9a0e919
000003c71373caf9
000003c78b5e34f9
000003c7cb9541b9
000003c7cf7e8499
000003c8c288c859
000003c90a558999
000003c94e79c0d9
000003c9a2f10f99
000003c9c100fa39
000003c9c4aae559
000003ca0bc41cd9
000003ca34717ef9
000003cac7428a39
000003cb1e9dc139
000003cb6789b7d9
000003cb8fcaf119
000003cc0c164a19
000003cc1bea0919
000003cc3586f8d9
000003cc470308d9
000003cc4d32fed9
000003cc5d606039
000003cd47d6cff9
000003cd796e1839
000003cda3aa9e79
000003cdac50b759
000003ce0e9730d9
000003ce9a426d99
0000079fe27b0561
0000000002d73971
0000000000000181
000003d126271739
000003d16dbc6b39
000003d2ec6dc299
000003d41d38b319
000003d501f32e99
000003d667d7fef9
000003d667d825b9
000003d66c54f459
000003d6db8f7459
000003d72355a059
000003d816dd0a99
000003d848efe0d9
000003d8994efa99
000007b282e5a361
0000000002d73971
0000000000000181
000003d96199d019
000003d9775bc099
000003d9b4695d99
000003d9bb7888b9
000003d9d52f8839
000003d9f1687d99
000003da37d1c759
000003da3c22ea79
000003db0904cef9
000003db41dca3d9
000003db44805df9
000003db84a5ec39
000003dbad993f19
000003dbb69850b9
000003dbd64b9eb9
000003dc6bbf3cb9
000003dcec0b8db9
000003dd095379f9
000003dd0df88ef9
000003dd175c8859
000003dd812f6099
000003dd8c18d0b9
000003dda127f139
000003ddb37ab8b9
000003ddce432679
000003ddd28a8559
000003de11865dd9
000003de4965fef9
000003df2833e7d9
000003df385cf219
000003e001936979
000003e0c2051919
000003e0ddc937f9
000003e0deaefb19
000003e0fb2f4719
000003e0fb73a479
000003e1156393d9
000003e1214c92b9
000003e122374e19
000003e26b3b6979
000003e283210eb9
000007c523504261
0000000002d73971
0000000000000181
000003e31810f5d9
000003e3ccddb079
000003e3dcc65599
000003e400fad939
000003e47bf78ed9
000003e49d304319
000003e4e698dc59
000003e5695c4519
000003e5b8ba6bd9
000003e5bab065b9
000003e5d7d91479
000003e60d805559
000003e616f6adf9
000003e67c318059
000003e68e1ccb59
000003e76fbe6a79
000003e8c6fb5019
000003e8ed179ff9
000003e97eafa0b9
000003e99ec99c99
000003ea39000979
000003ea96e48a99
000003eab90a5dd9
000003eb0ac39379
000003eb764f74d9
000003ebb7978979
000003ebc554e579
000003ebdff23ed9
000007d7c3bae061
0000000002d73971
0000000000000181
000003eca2052f99
000003ed192bfab9
000003ed1c7334d9
000003ed46493d59
000003ed95c94379
000003ed967ac039
000003edba931259
000003ee33f83c39
000003ee46189b19
000003eea7725d59
000003eeabed1979
000003ef7e353a59
000003ef86a32c99
000003efab046559
000003efabbd9fb9
000003f0007fb2d9
000003f0b84b3019
000003f0be999319
000003f0ca150879
000003f166af0279
000003f170abfd99
000003f1bc2f5319
000003f1bdbaa279
000003f1bdbd2039
000003f1ea99b6d9
000003f2b47eff39
000003f30398f139
000003f37f3e94f9
000003f3b737d339
000003f3d61f84f9
000003f4214d99d9
000003f4348eff59
000003f4389baa19
000007ea64257f61
0000000002d73971
0000000000000181
000003f56f28ab39
000003f58173af79
000003f63f58cb99
000003f6882830f9
000003f69f020bf9
000003f6c6ebf639
000003f7718c06d9
000003f78a6629d9
000003f79502ffb9
000003f7c713e3d9
000003f81b9ba199
000003f8271a5cf9
000003f8c6a14d79
000003f92fa88f59
000003f969f79559
000003fa57c21119
000003fa857c4459
000003fa970c3d39
000003fa9d1227f9
000003fab4a0a3b9
000003fb0467c659
000003fb1620b1d9
000003fb1650f119
000003fb2d753739
000003fb38483479
000003fb42c587d9
000003fb9499a8f9
000003fc10f24179
000003fc2b1708b9
000003fc33686d39
000003fce30568d9
000003fd16fcbf59
000003fd1de83759
000003fd22753ab9
000003fd87628b39
000003fda98c2bb9
000003fddf0c2bb9
000003fdf0d33279
000003fdff1f1d99
000003fe7b34b339
000007fd04901d61
0000000002d73971
0000000000000181
000003feeacf0d19
000003ff3eed81f9
0000040029fbb0b9
0000040039028899
0000040046dc2a59
000004005cbe73d9
0000040070998d79
00000401db42d5d9
000004024ba36a99
00000402f826d679
00000403063207f9
00000403517c6979
00000403893e3939
00000403b644d139
00000404323a0339
00000404cd72e439
00000404ecde6499
00000405086dc0b9
000004052912f299
000004052d3a0b79
00000405c2eb5519
00000405dd30edf9
0000040642bf4bb9
000004065b052299
000004072fbda5f9
0000040734505139
000004074e059879
0000040769bb54b9
00000407c1b5eb59
0000080fa4fabc61
0000000002d73971
0000000000000181
00000407ed587599
00000407f4b982b9
000004086040b6d9
00000408729ac659
000004087314dd79
000004089e8ea1f9
000004091d7032d9
00000409296a51d9
000004094b317a99
0000040966df77b9
000004098ee970d9
0000040a1571f439
0000040a42d5f079
0000040a88b62e39
0000040a9111aa59
0000040bca342679
0000040be7d772d9
0000040cc838f019
0000040cd13d05d9
0000040d5c8c5519
0000040d78abef39
0000040e1f6ea559
0000040e6e4466f9
0000040e7857a4d9
0000040eb805d1f9
0000040ee302f939
0000040f18f16b19
0000040f2c6fe059
0000040f6fd5f439
0000040f71120479
0000040fd155b0d9
000004101dcf6f59
00000410e239a119
0000082245655a61
0000000002d73971
0000000000000181
0000041195cf65d9
000004119da30e79
000004120ed64b59
0000041239428919
0000041249361259
00000412968c9399
0000041330707a79
0000041354999d99
00000413ea946899
000004151bc7d819
0000041523262819
0000041587357f59
00000415fccae899
00000416418949f9
000004167bccd019
00000416851aadb9
000004168d591659
0000041754a02219
00000417862cd299
0000041922de05d9
0000041963723919
0000041979372259
000004199ea83139
00000419b8d3a259
00000419ea2fa4d9
0000041a53977279
00000834e5cff961
0000000002d73971
0000000000000181
0000041ab2263959
0000041b85d18799
0000041c5df91d79
0000041c8d0755f9
0000041cccfb7b59
0000041ce731ea99
0000041d3b351bb9
0000041d76229099
0000041d8bcceef9
0000041e7285c5d9
0000041ea89f5859
0000041f333de7d9
0000041f3366b279
0000041f4eaca5b9
0000041f72aa1eb9
0000041f8f5af059
000004201847e719
00000420250b4d99
000004203bb55ab9
000004205da51739
000004205eae7019
0000042077846879
0000042124814c79
0000042130cabf59
00000421589ad619
00000421740bb2f9
00000421775ceb19
00000422235843b9
00000422673e98f9
000004227b41d539
0000042288da7079
00000422a8356eb9
00000422fe96ebb9
0000042324996eb9
00000423319d8079
0000042333e9c359
00000423b2664159
00000847863a9761
0000000002d73971
0000000000000181
000004242e151319
000004245c947499
0000042506934639
0000042558ca2419
0000042660dc1c79
00000426668cd9f9
000004266c859af9
00000426c1c86fd9
00000426d2583d99
00000426f9c4db59
000004276fcda759
0000042771fb8d59
0000042829ae8699
0000042852f184b9
00000428d16126b9
0000042900d9c319
0000042921a12159
0000042927c15dd9
00000429c3adaa59
00000429e0600739
00000429fb306359
0000042a3468a8b9
0000042a4060fa59
0000042a583966d9
0000042b345c1419
0000042b4705faf9
0000042b58588cd9
0000042b7abca1b9
0000042bd8b1c239
0000042c7d373b79
0000042cc60ae299
0000085a26a53661
0000000002d73971
0000000000000181
0000042d3478bb99
0000042d6ce508d9
0000042dc7c3c7f9
0000042e6c91da59
0000042e79072699
0000042ea03ea859
0000042f629302d9
0000042f76293e39
0000042f9aff8b39
0000042fd8a38879
0000043069aab259
00000430743b7339
000004307537bed9
0000043079b36d19
00000430a1c1f659
000004315921fa39
00000432071603f9
00000432453b0e99
0000043286a9ad99
0000043314cc06d9
0000043341a64cb9
00000433561012b9
000004336ef96e79
00000433da9317f9
0000043460e4c8b9
0000043500624699
00000435355651b9
000004353b1bb1f9
00000435c36744f9
000004364f6ea079
0000086cc70fd461
0000000002d73971
0000000000000181
00000437081d0d19
0000043763785eb9
0000043797640d39
00000437aaabfad9
00000437f1733879
000004395ec345b9
0000043b1d52a1b9
0000043b3d5e2ab9
0000043b440cdf79
0000043bba3ded19
0000043c2c49c2f9
0000043c4bd91a59
0000043ca05d2f59
0000043ccdf793f9
0000043d06d98659
0000043d1c348a19
0000043d8f7649f9
0000043df5a4bd19
0000043dffa8f239
0000043e013fab59
0000043e01968cb9
0000043e376d6439
0000043e3dc15219
0000043e943ac0b9
0000043eec097df9
0000043f0c940379
0000043faacda9b9
0000087f677a7361
0000000002d73971
0000000000000181
0000043fc4f4d9d9
0000044006722c19
000004407b75dcd9
000004410f240419
000004411ea259d9
000004414b3109f9
0000044156578f59
000004419c945e19
000004419f689079
00000441e0cecfb9
000004423d35beb9
000004425e0d8079
000004427b96d279
00000442b60f38b9
00000442f884fb59
00000443170875b9
000004432c58a879
000004435d91f099
0000044364f00a99
000004439db46d19
0000044409d59739
000004447d593b19
00000444c724b7d9
000004450f2e8239
00000445240fffd9
00000445e38f9cb9
00000446190e4fb9
00000446b44f0cf9
00000447e06099f9
00000447feffc199
0000044818d35739
0000044827250e39
0000044828cbf319
00000448306db639
00000448b298c599
00000448da47a279
0000089207e51161
0000000002d73971
0000000000000181
000004496ebeacb9
00000449e6e9bf19
00000449f9a7adb9
00000449fe93ee79
0000044a252bebb9
0000044a784070f9
0000044a9eebebd9
0000044aa6208559
0000044b4388adf9
0000044b4eb1ef39
0000044b5a766f39
0000044b6af92879
0000044c26b2cb79
0000044c9d5af6b9
0000044c9d8cc3f9
0000044ca48e2ed9
0000044cb2f1bc19
0000044ce2663879
0000044d6b88ab99
0000044d8ffca3b9
0000044ea1cc6ab9
0000044efbe4be99
0000044f44e77d79
0000044fc9202579
0000045007739279
0000045026cfe2b9
00000450895d6739
00000450cd136f59
00000450cea5fd59
00000451271d9839
000008a4a84fb061
0000000002d73971
0000000000000181
00000452c829cdd9
0000045370ff9b19
00000453bbfcb419
00000453cafe5179
00000453ffd26279
00000454c1db6479
000004551e825139
000004553c92c619
000004558c40a359
000004558fb89f79
00000455a6bb0719
0000045651d8afb9
00000456698e1199
00000456e70504d9
00000456f7f7a119
000004570cf7d359
0000045734e4d9d9
000004583441ad59
0000045971d07759
000004598f346b59
0000045a151eab19
0000045a7362ecf9
0000045ac3094399
0000045ae08c7679
0000045b0b54f719
0000045b1681b5f9
0000045b6b3cb659
000008b748ba4e61
0000000002d73971
0000000000000181
0000045bcc0fce99
0000045be251b6b9
0000045bf3317ef9
0000045c1eb9ae39
0000045c4d828879
0000045c7b44fb19
0000045c83b75fb9
0000045c9f70e359
0000045cf5ab6c99
0000045cf8dc7a99
0000045d27c6b779
0000045e2c50c799
0000045ec33f1599
0000045f18f91b99
0000045fd67c9359
0000045fda574259
0000045fde851ab9
000004609c9d9b79
000008c29d802d61
0000000002d73971
0000000000000181
