[MCS8 A] 97 FW 3.104 SV 1.257 
range=1024
periods=2
sweepmode=27e20d0
fstchan=0
holdafter=0
streamstatus=3
calreg0=0
calreg1=0
calreg2=0
calreg3=0
swpreset=8000        
prena=1
syncout=0
cycles=18
sequences=1
tagbits=16
vdac0=92c
vdac1=807
vdac2=8c8
vdac3=8c8
vdac4=8c8
vdac5=8c8
vdac6=8c8
vdac7=8c8
timepreset=120.000     
digio=0
digval=0
autoinc=0 
savedata=2 
mpafmt=asc
sephead=0 
fmt=asc
smoothpts=5 
[CHN1]
REPORT-FILE from 06/23/2026 16:06:49.309  written 06/23/2026 16:06:49
cmline0=06/23/2026 16:06:49.309 
cmline1=A1
range=1024
active=1
bitshift=4
cftfak=2580100
evpreset=10          
roimin=0
roimax=1000
caloff=0.800000
calfact=12.800000
calfact2=0
calfact3=0
calunit=nsec
caluse=1 
[CHN2]
REPORT-FILE from  written 06/23/2026 16:06:49
cmline1=A2
range=1024
active=0
bitshift=4
cftfak=2580100
evpreset=10          
roimin=0
roimax=1000
caloff=0.800000
calfact=12.800000
calfact2=0
calfact3=0
calunit=nsec
caluse=1 
[CHN3]
REPORT-FILE from  written 06/23/2026 16:06:49
cmline1=A3
range=1024
active=0
bitshift=4
cftfak=2580100
evpreset=10          
roimin=0
roimax=1000
caloff=0.800000
calfact=12.800000
calfact2=0
calfact3=0
calunit=nsec
caluse=1 
[CHN4]
REPORT-FILE from  written 06/23/2026 16:06:49
cmline1=A4
range=1024
active=0
bitshift=4
cftfak=2580100
evpreset=10          
roimin=0
roimax=1000
caloff=0.800000
calfact=12.800000
calfact2=0
calfact3=0
calunit=nsec
caluse=1 
[CHN5]
REPORT-FILE from  written 06/23/2026 16:06:49
cmline1=A5
range=1024
active=0
bitshift=4
cftfak=2580100
evpreset=10          
roimin=0
roimax=1000
caloff=0.800000
calfact=12.800000
calfact2=0
calfact3=0
calunit=nsec
caluse=1 
[CHN6]
REPORT-FILE from  written 06/23/2026 16:06:49
cmline1=A6
range=1024
active=0
bitshift=4
cftfak=2580100
evpreset=10          
roimin=0
roimax=1000
caloff=0.800000
calfact=12.800000
calfact2=0
calfact3=0
calunit=nsec
caluse=1 
[CHN7]
REPORT-FILE from  written 06/23/2026 16:06:49
cmline1=A7
range=1024
active=0
bitshift=4
cftfak=2580100
evpreset=0           
roimin=0
roimax=1000
caloff=0.800000
calfact=12.800000
calfact2=0
calfact3=0
calunit=nsec
caluse=1 
[CHN8]
REPORT-FILE from  written 06/23/2026 16:06:49
cmline1=A8
range=1024
active=0
bitshift=4
cftfak=2580100
evpreset=0           
roimin=0
roimax=1000
caloff=0.800000
calfact=12.800000
calfact2=0
calfact3=0
calunit=nsec
caluse=1 
;MCS8 #97 Sversion=1.257 Fversion=3.68
time_patch=1
;datalength=8 bytes
;bit0..3: channel# 1..8 ( 4 bit)
;bit4: edge 0=up / 1=dn ( 1 bit)
;bit5 ..57: timedata    (53 bit), max sweep length 2001.6 h
;bit58..62: tag0..tag4  ( 5 bit)
;bit63:     data_lost   ( 1 bit)
[DATA]
0000000000000016
00000000053e6839
000000000bd8f219
000000004fb5d919
0000000089aae319
00000000d5fccab9
00000000f8397479
00000001d007c8d9
00000001f139ec39
00000002a03c9979
00000002b649a719
00000002d77b6b59
00000002fd550fb9
000000036477a859
0000000381733c59
00000003c9ff18b9
00000003dc1ca919
000000042d892219
0000000464d5c299
00000004d0938839
00000004dfbdae59
000000051157b559
000000053bc50ff9
00000005566b1a39
00000005731225d9
000000069f46fd99
00000006a8b738b9
00000006ab955df9
0000000730ae1459
0000000742fa3199
0000000774589bd9
0000000774e99979
000000078fa5e019
00000007ce798b79
00000007d54783b9
000000080fd44219
000000081d88f3f9
000000081dedc7f9
000000083715ad59
000000086c264899
0000000902a77659
00000009428d0cb9
0000000947f9b719
00000009480c3379
0000000966a61659
000000096cdcdf39
00000009d77f0879
00000009e4ffd8d9
0000000a334e3d19
0000000a4f6c4a59
0000000b17dac8d9
0000000bba9514f9
0000000c69774e19
0000000ccc2df539
0000000ccecbf519
0000000cdc6f99b9
0000000ce6de1e39
0000000d1fcf5e39
0000000d77c77ab9
0000000dfa4ef079
0000000e19ffda99
0000000e5b430239
0000000f82c293b9
0000000fa9329cd9
0000000fb722c319
0000000fe8789899
00000010643db819
0000002157957461
0000000002d20171
0000000000000181
00000010b2524179
00000010d0d9ba99
0000001154212ef9
000000116ffe9eb9
000000119e943f79
00000011dc817f19
000000126cb25799
0000001290351b99
00000012b61342f9
00000012f0894e79
0000001334f270f9
00000013740cdf39
00000013cf0edc99
00000013e2cd4d39
00000013ef803d59
000000146992bd79
000000154ee0ca19
00000015659b0379
0000001575e2cd99
000000158e21da99
000000159cf75cf9
00000015a782f819
00000015ec151d59
00000016110ef819
000000161c374af9
0000001636d79579
00000016459d1d39
0000001658fa0eb9
00000016b9623379
00000016c6c386d9
0000001742d2acf9
00000017ad3bd1f9
00000017cdc72cb9
000000180085ca59
0000001825d42479
000000184aeebd39
0000001855d43899
00000018a8e8e259
00000018e4f04899
00000018efaefa39
00000018f9c4b1b9
000000190335c759
0000001960adbe39
000000198f10b6d9
00000019ad518cd9
00000019c7d114b9
00000019d078eff9
00000019e5f6a3d9
00000019f57272d9
00000033f800b761
0000000002d20171
0000000000000181
0000001a1765f299
0000001a46020479
0000001a9d468399
0000001a9e1ab1d9
0000001aa3688939
0000001b7b96c799
0000001b80063099
0000001b8878ea39
0000001c03863bd9
0000001c5c3196b9
0000001c623bf2f9
0000001cab6dc4d9
0000001cd9bf9e19
0000001d42aa47d9
0000001db3adee79
0000001dea6acfd9
0000001df3290bb9
0000001e27305759
0000001f13a4e339
0000001f52d0fcb9
0000001fbc55d6b9
0000002041f3e0f9
000000207bdb99b9
00000020bf650cd9
00000020c6325a79
00000020d6186eb9
00000020e74a1ad9
000000214a0d61b9
0000002169b244d9
000000216ef0d2b9
00000021a5b23299
00000021b150a899
00000021c66a1c59
00000021e245d639
000000224069d0b9
00000022762d3cf9
000000227fcd2859
000000228c5f8119
00000022a828cc39
00000022aa1ddb19
00000022b87a5359
00000022e57d4a19
00000046986bf961
0000000002d20171
0000000000000181
00000023a0ef9779
000000242f6398d9
00000024a0042eb9
00000024efe04eb9
000000253232c119
000000257c17e559
0000002596447fb9
0000002625659559
000000264308f559
00000026621b82b9
0000002698bb4659
00000026a4496319
000000270d0f0a79
00000027ddd3f619
00000027f9874319
0000002804e4d979
000000280fd50a59
0000002810029659
00000029005a7db9
0000002903a82a99
0000002913d485f9
0000002929b19659
000000296760a5f9
0000002976d04c79
0000002978a28499
00000029c9c5e819
00000029ddca8739
0000002a05ea42d9
0000002a0d090fb9
0000002a0ee783b9
0000002a311de739
0000002aad540459
0000002aaec98259
0000002add946619
0000002b1f0ce339
0000002b3854f4b9
0000002b720a6cd9
0000002b93610639
0000002bf9065b59
0000002c71fd1279
0000002c7853ff59
0000005938d73c61
0000000002d20171
0000000000000181
0000002d5a507a79
0000002d6012fcf9
0000002d89f3a559
0000002d98e4ccf9
0000002dc243b399
0000002dc81b70f9
0000002e46a27d99
0000002e9147f0f9
0000002ea8665d79
0000002eb2f1f759
0000002eb89291f9
0000002ed4b798b9
0000002ee44dd0d9
0000002ef593ac19
0000002f9c744d39
0000002fabd25c79
0000002fdd909879
0000002fe896bbf9
00000030332740b9
0000003042081239
000000304cba9ff9
000000306fe5daf9
00000030e02d2259
0000003110c29159
0000003131d2cdd9
0000003150664319
00000031f6cb4c99
00000032498edd19
0000003252bf75f9
00000032be700cf9
0000003317e0e599
0000003321469d19
00000033289e13b9
00000033319051f9
0000003346399159
000000335bad0519
00000033653e2299
0000003384d58af9
00000033921d50d9
00000033a320e0b9
00000033e18116b9
0000003457521d39
00000034c7da86f9
00000034ca80ce59
0000003513f78e19
00000035257b1b39
000000353bf94799
0000003553f128d9
000000357968db19
0000006bd9427f61
0000000002d20171
0000000000000181
00000036347ca3b9
00000036763aee79
000000368a10eb59
00000036d44cf019
00000036f9884b99
000000372094f879
00000037232d8019
00000037688fcf99
000000387638c539
0000003882f763b9
00000039065d2019
0000003997437939
00000039a21ed0b9
00000039a3533b99
00000039ac90e4b9
00000039b09bf759
00000039e3f915f9
0000003a45751079
0000003a6adf7dd9
0000003a7cb4ceb9
0000003a94c13e59
0000003a98f2ec59
0000003aa1411279
0000003b4794a799
0000003b5ddd2f39
0000003b892325f9
0000003bb3f071d9
0000003be786a379
0000003bf01b62f9
0000003c1b5c1b39
0000003c5a6ec4f9
0000003ce14758d9
0000003d434a9c99
0000003d59a5ed19
0000003d5e4a35f9
0000003dddd310d9
0000003de345e1b9
0000003df45c4399
0000003e587cf679
0000003e7f498239
0000003ea3e25a59
0000003eae07e619
0000003ec0e0cad9
0000003f1b0b2b19
0000007e79adc261
0000000002d20171
0000000000000181
0000003f63664f99
0000003fde87cbf9
000000407d4beaf9
00000040b2333319
00000040ba47fb39
00000040c2f1a3f9
00000040fd1da0d9
0000004100f4adb9
00000041762b4d39
00000041ebc8de39
000000421b2702d9
00000042272aa199
00000042954b2c79
00000042c1652c19
00000042e103a419
00000042f9a6a4b9
00000043663689b9
000000436e33bdf9
00000043c1fcfb59
0000004402f05a79
000000446cb38ab9
00000044b9614279
00000044c2cc7f99
00000044d9dd2059
000000455aa2ebf9
00000045ae099c79
00000045d0220679
000000464610ced9
00000046e8df8e19
0000004732a8bd99
00000047474ec179
000000475f898599
00000047a16f76d9
00000047b98ec7d9
00000047df9a4779
0000004847e113f9
00000048792dc679
000000911a190461
0000000002d20171
0000000000000181
000000489fcd6499
0000004a79796b39
0000004afd586f99
0000004b593f2e59
0000004b88633e79
0000004c178e0039
0000004c233927d9
0000004c4d08dfb9
0000004ce30323d9
0000004cf0764859
0000004d2d564a59
0000004d93cbdc59
0000004d9af3a1d9
0000004dc6885259
0000004dd2226099
0000004ddd66b0f9
0000004e02daaa99
0000004e2cd89339
0000004eee7829d9
0000004f3f707599
0000004f9e91fb79
0000004fb06d3539
0000004fb0ab0799
0000004fcd0c2db9
000000501ea7eed9
000000503adfc7b9
000000503b5cb519
00000050a2ac5e39
00000050bef9b959
00000050cadec499
00000050d0afb539
00000050e3596ff9
00000050ed0aabb9
000000512ea59cb9
000000514049bc39
0000005146336fd9
00000051673b9779
000000a3ba844761
0000000002d20171
0000000000000181
0000005232f25fb9
000000525cae1e39
000000526e9277b9
00000052d8e5e4d9
0000005301f528f9
000000534a530eb9
00000053693519b9
000000538db93a19
00000053f3ca2db9
00000054e32098b9
000000551d780c99
000000552fe465f9
0000005545737cb9
000000555e143fd9
00000055ebc08e79
00000055f58cc199
0000005615ab80d9
000000563a3d9979
00000056cdf31159
00000056f5dcf339
000000572349e5f9
0000005755e405d9
000000576cc780f9
0000005790985c19
000000579d38c7d9
00000057a6810f79
000000582bd3f6b9
000000589de1ed19
00000058cda4a4f9
000000591df208b9
0000005921567cd9
0000005929da0cb9
000000592d646699
0000005962730f19
0000005a6319cf19
0000005a89a94599
0000005a908542b9
0000005ad407d999
0000005b26b28b39
000000b65aef8a61
0000000002d20171
0000000000000181
0000005ba1e9e499
0000005c2568d6f9
0000005c2fc8ced9
0000005cb14096f9
0000005cf7237b59
0000005d10f46a39
0000005d38f839f9
0000005d73780179
0000005de5d0b219
0000005e1d93aad9
0000005e50bc69d9
0000005f0a746819
0000005f35e4c2b9
0000005f4bbd1959
0000005f9dfef4f9
0000005ffb240a19
0000006063595059
00000060b1f12fb9
00000060ee964339
000000614acc5779
0000006186278c99
00000061fcf31e59
0000006278894df9
000000628dbe8d79
000000631f772999
000000632dc38a59
0000006374026d19
00000064136a49b9
0000006447a6e519
000000644e704c59
000000644ea2b019
0000006462ed7239
0000006479c19e99
000000c8fb5acc61
0000000002d20171
0000000000000181
00000064e72a4519
00000064f78da759
00000065327a24d9
00000065725ed299
00000065b61177d9
00000065bd67a0f9
0000006601d1ff79
00000066781658f9
0000006693b7ca39
00000066ccc060b9
0000006719f961d9
000000672149bc19
00000067af9a02f9
00000067c038ec39
00000067c1cb5439
00000067c6f2ff19
00000067e2f683d9
00000067eaefcb39
00000068019fb9f9
000000681e708619
0000006833ee7379
000000683f3c73b9
00000068b45ceab9
00000068defa1079
000000690c888b39
000000691beaf959
0000006920129139
0000006af7bd8c19
0000006b5009e1b9
0000006bab1690d9
0000006bde879219
0000006bfe24e419
0000006c21c709b9
0000006c2665ee79
0000006c466baa79
0000006c4de49819
0000006c72f38239
0000006d1cea8799
0000006d23e6f7f9
0000006d542c32b9
0000006dab19b839
0000006dac589019
000000db9bc60f61
0000000002d20171
0000000000000181
0000006dce072339
0000006dde764fb9
0000006ed7c33439
0000006f0ed30df9
0000006f66d12b79
0000006f67fcb6f9
0000006f6ace1c39
0000006fe5e7dd19
000000700a5d4299
0000007030242e19
0000007062979d19
000000716a84f639
0000007186ec8459
00000071d398b0d9
000000725c56e7d9
000000727e9a2559
00000072a6022b19
00000073077f5259
000000730e9a0cd9
00000073270e0a79
00000073e6ac14f9
00000073edf85d39
000000740e864519
000000742f5d66f9
0000007477010199
00000074a5d7b0d9
00000074fcdcc299
000000752560ea39
00000075dd469cb9
0000007664d709f9
00000076a0fbe979
00000076b3bd1999
00000076e08d05b9
000000ee3c315261
0000000002d20171
0000000000000181
000000771dc9d519
000000781aa55459
00000078a06d4779
00000078bb55ab39
00000078c5b88799
00000078dfdc1d19
000000790cb645f9
00000079540eeaf9
000000797a36d839
00000079b0973a79
00000079c7dbf0b9
00000079d485ba39
00000079e04a2599
0000007a5f3caa79
0000007a81325fd9
0000007a9ca6f079
0000007ab7872a99
0000007b4955def9
0000007bc7ae7cd9
0000007c00a62a99
0000007c30518c99
0000007cee9d3d39
0000007d01647e59
0000007d1432b239
0000007d944e0179
0000007e4352f7b9
0000007e730afeb9
0000007e905c4c79
0000007e90ae5739
0000007eeba55679
0000007f3d857e99
0000007f5c0811b9
000000801398b799
000000803f4dc899
0000008067653cf9
00000100dc9c9561
0000000002d20171
0000000000000181
000000808bcc37d9
00000080917da819
00000080bf7602f9
00000080d1db5759
00000081fbc6b8f9
00000081fc556279
0000008230621619
000000823409ce79
00000082583d4c99
0000008268d22eb9
0000008374a96eb9
00000083b497e8f9
000000847a64b939
00000084f55681d9
0000008550d527f9
0000008574f6cd19
0000008586a1cef9
000000858a8d09f9
00000085997275b9
00000085f61d6279
00000086294a1c59
0000008629cb0019
000000866595b219
00000086b9b19139
00000086c9dfd099
00000086d3a9ecb9
00000086f85d14f9
0000008814287d79
0000008843057439
00000088a84989b9
00000088c7511d19
0000008918a15ab9
0000008941d83739
00000089576f0719
0000008986157699
00000089b79bbcb9
000001137d07d861
0000000002d20171
0000000000000181
0000008a07de5b39
0000008a8560fbb9
0000008a90087b79
0000008af8b284d9
0000008b4de3e2b9
0000008bb7c18c39
0000008cc6b1e999
0000008ccb49d7d9
0000008cdbaf8e79
0000008d385573f9
0000008dcb030ed9
0000008e107d47b9
0000008e18baf2b9
0000008e5b9fa1d9
0000008e687f4eb9
0000008e769112f9
0000008ee30652b9
0000008f3a301399
0000008f3c8cf8f9
0000008fe06d80b9
0000008fe1b7ecb9
0000009041fff9b9
0000009074779599
00000090851f4619
00000090a87de999
00000090e6187019
00000090fe0c7a99
0000009107fd6b79
000000915cb8f179
00000091b11ac699
0000009220016fd9
000000922e97c019
00000092cbd5ec19
00000092f8fcc219
000001261d731a61
0000000002d20171
0000000000000181
00000093c6ffa1d9
00000093e0663ab9
00000094140869f9
000000941d9a64b9
000000941d9a7f39
0000009475727c99
00000094c05b9c19
00000095516aeaf9
00000095592c5af9
000000956246c539
00000096035466d9
0000009621b09239
0000009662870db9
00000096b0389759
00000096b0389dd9
0000009710e434f9
0000009728b00c19
000000973d148e59
00000097754b7339
00000097a0e20d79
00000097d6a0e5b9
000000983c19e119
000000984b7f9659
000000987fcebb19
000000988d2af859
0000009981939119
00000099ae541af9
00000099d7a4bcd9
00000099f0ed60f9
0000009a72612db9
0000009a9f0372b9
0000009abefe2fb9
0000009af77f8779
0000009b0c8ba6d9
0000009b3e41da79
0000009b62725819
0000009b75433839
0000009b87227ab9
0000009bc0e85e59
0000009c026fe5d9
0000009c0ad26e59
0000009c334d42d9
00000138bdde5d61
0000000002d20171
0000000000000181
0000009c6b1d7ed9
0000009c7e208b79
0000009d1662c8f9
0000009d3a3765b9
0000009d751f6019
0000009db81db6b9
0000009de3ef1ed9
0000009de3ef27d9
0000009e07390b99
0000009e7adb0859
0000009ebe8d6bb9
0000009f04446799
0000009fcf442d19
000000a050eb4819
000000a09af34759
000000a0a714edf9
000000a0c57e5399
000000a0dd3f2cb9
000000a0ee6dfcf9
000000a11bf4e659
000000a20bdc4b39
000000a24682e379
000000a29616c859
000000a2d6d5f139
000000a31146d1d9
000000a362fc55b9
000000a39dda00b9
000000a3b9eaf039
000000a3c12408d9
000000a3c3990dd9
000000a3ceeef1d9
000000a3fd937599
000000a4627310d9
000000a470f82099
000000a4c7c51779
000000a4f14f3d19
000000a4fdd407d9
0000014b5e49a061
0000000002d20171
0000000000000181
000000a5f2612e19
000000a638fd6ed9
000000a684c68119
000000a6a4ea5279
000000a6b06f29b9
000000a752bf1f99
000000a76f2ae599
000000a7eb764819
000000a87bd77f79
000000a8898187d9
000000a88cfd92b9
000000a892cc6419
000000a8b1538139
000000a904fb8339
000000a936561e19
000000a98610cc79
000000a98b341259
000000aa0fec5e39
000000aa325c6d59
000000aad04c6a99
000000aaf8040059
000000ac33e98b19
000000ac38ba17b9
000000aca9216939
000000acaabf2299
000000acbf4be4d9
000000accfe88179
000000ad0edeb059
000000ad128c2359
000000ad49b25bf9
000000ad94e6d6b9
000000adc3af05b9
0000015dfeb4e361
0000000002d20171
0000000000000181
000000af22842139
000000af81fff639
000000afbfaffcb9
000000afe903ca59
000000b00ed18619
000000b011bbad59
000000b012898859
000000b0144e0399
000000b071841279
000000b07d931659
000000b093fe7799
000000b0b7d56ab9
000000b0ed66d4b9
000000b1165dfc19
000000b17b193a39
000000b1bee0b3b9
000000b1d141cc99
000000b1d80db3f9
000000b1da7be519
000000b1ed84a3b9
000000b257611c79
000000b259ce30b9
000000b2b3fc7d59
000000b32003e659
000000b392268139
000000b3bfa902d9
000000b400734a79
000000b400735099
000000b40c7a9db9
000000b42e068e39
000000b44c5002f9
000000b454359eb9
000000b4732cd039
000000b4cf894459
000000b51d8fa479
000000b54fe777b9
000000b551ef8dd9
000000b56155bf59
000000b5aac1a8b9
000000b5d417bf39
000000b5f0c827d9
000000b5f4f39b79
000000b601a30759
000000b6546d44f9
000000b654d02c19
000000b686ef9739
000000b69c37ac79
000000b6b6efb679
000000b6d6373459
000000b6d6373dd9
000000b6d84465d9
000000b73ad6e619
000000b749c50f39
000000b75bd8ef39
000000b7660c0859
000000b775089e19
000000b782b337d9
000000b7a6615619
000000b7d4b9e599
000000b82a7022b9
000000b83aafd019
000001709f202661
0000000002d20171
0000000000000181
000000b86b5701b9
000000b87db899d9
000000b87eee0ad9
000000b8ba5cc5d9
000000b97bf070d9
000000b9af7b20d9
000000b9ca0b9799
000000b9ca0c0639
000000ba28415999
000000ba4c3b57f9
000000bae1f4e759
000000bb0d03fb59
000000bb49c39fd9
000000bb4c68d519
000000bba7916f99
000000bbb624d2d9
000000bbb6284659
000000bc39ed2659
000000bcb781b9b9
000000bd2ec560b9
000000bd42e53039
000000bdc8178cd9
000000be19272f39
000000be26fa6039
000000beadab3959
000000becb13fb19
000000bef0ce00b9
000000bf142083f9
000000bf640fe1d9
000000bf6b089859
000000bf83646879
000000bfe71f6359
000000c08bbe42d9
000000c09f55d9f9
000000c0a339f7b9
000000c0c3830ff9
000000c17da57699
000000c17da587f9
000001833f8b6961
0000000002d20171
0000000000000181
000000c23caf24f9
000000c23ef780d9
000000c291b9ce99
000000c2e0636f99
000000c30ca7ae59
000000c316837ff9
000000c36518a699
000000c40b2f4fb9
000000c41e2122d9
000000c42a50c3d9
000000c43d2b96d9
000000c477fc3af9
000000c4c82b51d9
000000c4e9679999
000000c543eb7859
000000c55450deb9
000000c5787a8f59
000000c57cff6b79
000000c5d5b64ff9
000000c5e787f3d9
000000c6127e2559
000000c61a5ece19
000000c63e83ad59
000000c6f7c1bbf9
000000c711944a79
000000c7502f6559
000000c75f841dd9
000000c7c4a22d99
000000c7f65b55b9
000000c8544dd479
000000c8544de2d9
000000c873385c59
000000c89bdb8899
000000c8dd28bc19
000000c925438999
000000c961781d39
000000c98a492d59
000000c9b0accf19
000000c9bac75ad9
000000ca1c861339
000000cad7cec5b9
00000195dff6ac61
0000000002d20171
0000000000000181
000000cb213ad7d9
000000cb81a549f9
000000cbd4913819
000000cbe323e579
000000cc20bfdf39
000000cc31f560f9
000000cc4f4eccf9
000000cc91be9999
000000ccb53a1679
000000ccef918759
000000cdc0c6b319
000000cdf0412019
000000ce1b8aef19
000000ce64b3b599
000000ceccd5d719
000000cedbb0eef9
000000cf02edcab9
000000cf1de045f9
000000cf6145fa79
000000d03a106499
000000d0a8df0279
000000d117bcdcf9
000000d1427199d9
000000d154984ef9
000000d23968f819
000000d277d5bd79
000000d2ac7a57f9
000000d2ac83a1d9
000000d2bdedca39
000000d2fb03e4b9
000000d3502f7459
000000d3be183179
000000d3ef910679
000000d43b850e39
000001a88061ef61
0000000002d20171
0000000000000181
000000d440ed5c19
000000d4801a9239
000000d48d2f3799
000000d48f090899
000000d4bcb28819
000000d51a0db459
000000d5409771b9
000000d572896259
000000d5802f3819
000000d5c5965a59
000000d5eaa1b8f9
000000d6044d82b9
000000d60d452399
000000d64112a419
000000d66e6ecc59
000000d6729c0a59
000000d6a1de4039
000000d6dd87f379
000000d6e19230b9
000000d7071d78b9
000000d7261d6ff9
000000d72c0be879
000000d73e2400b9
000000d7b7f555b9
000000d7e2b9b159
000000d8138c17f9
000000d8767c6c99
000000d882021459
000000d8c16192d9
000000d95b6926f9
000000d9fd09b9b9
000000da0f6b05b9
000000da21079ad9
000000da263b4819
000000da30110b99
000000da713a3539
000000da8a175ff9
000000da8bfab7f9
000000daa4cf8519
000000daff759859
000000db03ce15f9
000000db152a8359
000000db1b3d70d9
000000db1e765e99
000000db91e9d4d9
000000dbbf01cd99
000000dc05db78f9
000000dc196a63b9
000000dc8e849219
000000dcb96013d9
000000dcbda086f9
000000dcfd5e9f19
000000dd1a24e899
000000dd1add7bd9
000000dd1f17ac19
000000dd682abe99
000000dd6ad288b9
000001bb20cd3161
0000000002d20171
0000000000000181
000000ddf2f06a19
000000de4267f899
000000df33997339
000000df408ea659
000000dfd0cf8599
000000dffdaa9479
000000e024545cf9
000000e046d85199
000000e06bce4f59
000000e0f8eea079
000000e11119baf9
000000e1203ed459
000000e169324dd9
000000e18969f0d9
000000e193d175d9
000000e1ae020459
000000e2067864d9
000000e212ca93d9
000000e212e98af9
000000e229cfaff9
000000e240570d19
000000e2756982d9
000000e2d31a9319
000000e340ddf579
000000e3483233f9
000000e34bf67e39
000000e3fe68d879
000000e3ffd2ad39
000000e409091df9
000000e4b745fcb9
000000e4c1616679
000000e4da9e0139
000000e55cb7f519
000000e5e49e75f9
000000e5eea61bb9
000000e5eea61d99
000000e636716499
000000e645268399
000000e647407bf9
000000e67acbf659
000000e6877cfcd9
000000e6ba980439
000000e6bf79f979
000001cdc1387561
0000000002d20171
0000000000000181
000000e72a96f1f9
000000e752e447f9
000000e75612bbb9
000000e75a6679b9
000000e79a6a5f99
000000e7a0ccaa39
000000e7fcd1d2b9
000000e80c035739
000000e854c8e9b9
000000e857d69339
000000e8f79e3479
000000e922bf5879
000000e9403a1519
000000e98a497ed9
000000ea15b2f8d9
000000ea3fbd5db9
000000eaba47da39
000000ead53971f9
000000eaf1023479
000000eb28594c59
000000eb5a4fdc79
000000eb6e77dcf9
000000ec27bc4099
000000ec6d9b1fd9
000000ec72c96a19
000000ec8c275c79
000000ecb5aa30b9
000000ece7c77e19
000000ee49df11f9
000000eedb8dd0f9
000000ef0dc54399
000000ef191440b9
000000ef32173499
000000ef8a3dde19
000000ef915f4e79
000000efbd318619
000000efe570aa59
000001e061a3b861
0000000002d20171
0000000000000181
000000f0543c1fd9
000000f058db9f19
000000f063efaef9
000000f06bbd3fd9
000000f0855b09d9
000000f085c5e959
000000f088ace8f9
000000f12c2a4079
000000f13b33d119
000000f1b0d94839
000000f1cc55de39
000000f201984cb9
000000f26c685c39
000000f298a985f9
000000f2b5d892d9
000000f2e288c459
000000f2f5023239
000000f31ea33279
000000f35c9c4b59
000000f38229e6b9
000000f3c927d799
000000f3d70ae819
000000f3dcd07359
000000f411052e59
000000f415c0ee79
000000f43159d7f9
000000f434d952f9
000000f4560aa7b9
000000f46fddcd59
000000f4864ebbb9
000000f4984b2559
000000f501597739
000000f5dc6417f9
000000f6118c80d9
000000f6695e0bb9
000000f7486c4ed9
000000f7c9097639
000000f7cca18db9
000000f7dcea5499
000000f8182d99f9
000000f8b7ab4439
000000f8d0a89119
000000f8d1c7acf9
000000f906568e19
000001f3020efb61
0000000002d20171
0000000000000181
000000f9ffe59119
000000fa000fa4b9
000000fa7a500ff9
000000fa9cda3599
000000faa7c918d9
000000fadc4c3219
000000fadf01f959
000000fb65ec0339
000000fb679c38d9
000000fbbc4bb9b9
000000fbc63ca499
000000fcb8584239
000000fcc34192b9
000000fcca320db9
000000fce2c73c79
000000fce4ba8539
000000fd7a586a59
000000fd892c9c99
000000fdbdd163b9
000000fdc39e2479
000000fe287966f9
000000fe2c5dcc99
000000fe50ccc999
000000feb5f7a279
000000fec3236659
000000fec9cc3019
000000fef33197f9
000000fef34ea7b9
000000ff27a33e39
000000ff60fa68b9
0000010014527ed9
000001001f9ba6b9
000001005cdfd299
0000010224f3ad19
0000010239057679
0000010290062639
00000102a6997759
00000102a8937bb9
00000102b956c119
00000205a27a3e61
0000000002d20171
0000000000000181
00000102d2b1dfd9
00000102ee536959
0000010329710199
0000010333057599
0000010467ecdb39
00000105974da279
00000105b97e6b99
00000105ba434579
00000105c824e2d9
00000105cdcd3519
00000105d63f6759
00000106794ac0f9
00000106874bb859
0000010690a74099
0000010790e92a39
00000107d26239b9
00000108233d3d79
0000010832a15a19
00000108457ea739
00000108acd32519
00000108b857a879
0000010938702f19
000001095a21c819
000001097b9fbd79
00000109a78299b9
0000010a2af4dbb9
0000010b0197e699
0000010b1bbd5199
0000010b509ee219
0000010b79ca9eb9
0000010bc3af95f9
0000010bcc5a72d9
0000010bdc72fc59
0000010be0502b19
0000021842e58161
0000000002d20171
0000000000000181
0000010c43625259
0000010c539013b9
0000010c73c55539
0000010ca9c839b9
0000010d2142bd19
0000010d373d5539
0000010d73ff85b9
0000010d892ef5d9
0000010da77773d9
0000010e470b4259
0000010e82986639
0000010ebfec9fd9
0000010f4727be79
0000010f4d47f379
0000010f80074af9
0000011042215d19
0000011051157e59
000001108c5e6c59
00000110e90b76d9
00000110f6ac5f39
00000110fc097599
000001110a8712f9
000001118329f8f9
00000111873c6bf9
000001119e514e99
00000111c89835d9
000001121fbcaa79
00000112645653f9
000001126f00d119
000001128a3a9939
000001129d78eff9
00000112ce1af5d9
000001132d56ed79
000001134a4e8179
0000011383151c79
00000113ad4f6d99
00000114325c5479
00000114331e8d99
000001143b893ff9
000001145cfff099
0000011460268f39
000001147504be99
00000114a1efc019
00000114b8f56219
000001150f257bd9
000001154fc4e3f9
0000022ae350c461
0000000002d20171
0000000000000181
00000115c427b579
00000116354fc6f9
000001166838b379
000001166ccbffd9
0000011678800919
00000116f2d29cd9
00000117179d4d19
00000117238e4779
000001174dd59839
0000011760b44959
0000011762deb1b9
000001178a834179
000001179a4d0fb9
000001179ef75c79
00000117b0c02219
00000117d2eab2f9
00000117e3cbc499
00000117f403a3b9
00000117f6273439
000001181e167839
00000118703b77b9
000001187c85da59
00000118c0fd26f9
00000118c9f2fbf9
00000118fd74df19
0000011986a180f9
00000119ff458839
0000011a00c953f9
0000011a67855459
0000011a75190c59
0000011ab18f6b59
0000011b08124059
0000011b554a9399
0000011b98fb6d39
0000011c32442259
0000011c513f2719
0000011c8b7aacb9
0000011cfaff4319
0000011db0ed3199
0000011dc827c879
0000011dc872b299
0000011de68dbdb9
0000011def014a39
0000011e711b8759
0000011e75d256d9
0000011e7da3c439
0000011ea7d49659
0000023d83bc0761
0000000002d20171
0000000000000181
0000011ec0f36679
0000011ed2879c99
0000011f08d83919
0000011f5849e9b9
0000011f6ecb73d9
0000011f8fd1bb79
0000011fb8a6abb9
0000011fe30c3cd9
0000011ffa47dd59
000001200731e259
0000012021113719
000001202439fcd9
0000012040bad939
000001209ed008d9
00000120a0379779
00000120b472c019
00000120de775799
0000012128d050b9
000001214c063899
00000121bf086cb9
00000121ccc5dfd9
00000121e65f3319
00000122a1d33d59
00000122da9ee079
0000012348edcb79
00000123a2ee2859
00000123b86a8919
00000123c41aca79
000001241ac24f59
000001246231f319
0000012568e194b9
00000125904e64b9
00000125b923a719
00000125bbaf5419
000001261c0b2d99
00000126adbe0a79
00000126be656459
00000126ceb1b119
000001271cdaa7b9
000001271e1f5f59
000001273e0ec2d9
00000127f3edf699
00000127f66bfa39
0000025024274a61
0000000002d20171
0000000000000181
0000012833dafcb9
00000128a7507859
00000128c3547159
00000128e5f1aa19
000001294ba10b19
000001299083ec99
00000129b29542b9
00000129b71428f9
0000012a4e570779
0000012a78b73ff9
0000012ac87b1299
0000012b0037b779
0000012b0e0e8899
0000012b3ac7b899
0000012b5898b4b9
0000012b843354b9
0000012c064c6939
0000012c8d18d499
0000012ca5d60d79
0000012cb3f73f59
0000012cc9cad5f9
0000012d01edb259
0000012d863b6079
0000012dc69920b9
0000012dcc348ff9
0000012e272fa0f9
0000012e2c5b94b9
0000012e395e7719
0000012e4aa64ed9
0000012e56b659d9
0000012ea302fe39
0000012f80a9fe39
0000012f8f4fb699
0000012fac2a8f59
00000130160b3979
00000130362c3f39
000001307c08dab9
00000130ef5cbf99
00000130f7bee7f9
0000013105a8ab39
0000013126365ed9
00000262c4928d61
0000000002d20171
0000000000000181
000001316446b319
00000131b983f8d9
000001323f107ef9
0000013278b0ddb9
00000132b4025239
00000132dd98f259
000001332086f899
0000013396e55439
000001339f766a79
00000133fe073299
000001340abe30f9
00000134fb08dfd9
00000134fef16ff9
000001358eb25d19
00000135d58b9199
0000013650399bd9
00000136ae067799
00000136d3f62a39
00000136f8ced2d9
0000013719e79539
000001371d8eb5f9
00000137f18a4ad9
000001382ba47a99
000001387c237db9
00000139d77ff4d9
0000013a0e196179
0000013a2fe838f9
0000013a5be24b19
0000013a5ea029b9
0000027564fdd161
0000000002d20171
0000000000000181
0000013b5ae86f99
0000013b8b30beb9
0000013b8db2b6b9
0000013bd681f0d9
0000013bd9afee39
0000013c59ff0f59
0000013c88d37c99
0000013c90b551f9
0000013cfd41daf9
0000013d006e5af9
0000013d5dd444b9
0000013da743fe79
0000013dcfac67f9
0000013e4001a3d9
0000013ead8fccf9
0000013eb9fd3ab9
0000013f04eae119
0000013f22ccff59
0000013f5ab18579
0000013f981803b9
00000140748585d9
00000140bc31bad9
00000140f84623b9
000001412d85fc39
0000014173e8a119
000001418f3c9239
000001419f0e9a19
00000142bf526f99
00000142d8e4ab19
0000014325233d59
000001433955fdb9
000001434c106399
00000143a9382579
00000143dc634fb9
00000143fd487579
00000143ff940a39
0000028805691461
0000000002d20171
0000000000000181
000001443fb814f9
000001448b7a9cb9
00000144c288a939
00000144cceecbd9
00000144da76e879
000001452d901799
00000145d7eb3cd9
00000145f12d3f19
000001466b104fd9
000001474b2a7819
0000014786cd1379
00000147a65b9af9
00000147a8f40ad9
00000147b2fc2039
0000014814a13459
000001481ee10c59
0000014887f7eab9
00000148d56d57d9
000001490ea71939
00000149665fbfd9
000001497ebd6ed9
00000149e9ee4e39
0000014a5469b2b9
0000014a9d3cb899
0000014ac0465819
0000014ad1c748b9
0000014af6dc5239
0000014b09c64ab9
0000014b76eb3b79
0000014bbb4cf2d9
0000014be8f1d779
0000014c1925c9d9
0000014c32a68199
0000014c42da0a79
0000014c67a6d119
0000014caabd4e59
0000014cf6d62f79
0000014cf7bd2b59
0000014d154145f9
0000014d3616f719
0000029aa5d45761
0000000002d20171
0000000000000181
0000014de5a6e519
0000014de6129d59
0000014e208d3759
0000014e4466b679
0000014e52d59059
0000014eaff754b9
0000014ed16d3e99
0000014eded05cd9
0000014ef790d879
0000014f29aa3419
0000014f44651af9
0000014f54cf1879
0000014f59861859
0000014fe3b91059
0000014ff75b95b9
0000015014096919
000001501a3b8199
0000015021d6be39
00000150a48a7e99
00000151443e0279
000001515dd98f39
00000151980d8399
00000151fe865399
00000152099f9879
00000152f8084bb9
000001531bf91ed9
0000015337776ff9
000001535fa74b19
00000153bbd5e499
00000153f025a659
000001540634dc99
000001542a9e6d39
00000154520203f9
000001547ef6d359
000001556c41b3f9
00000155fcf7d039
00000156a05094d9
000002ad463f9a61
0000000002d20171
0000000000000181
00000156da218639
00000156de3262d9
00000156e2b02b59
00000157281892f9
0000015748a50159
000001575af641b9
00000157a803e219
000001584c0ce4f9
000001585b1ea4d9
0000015888267fb9
0000015897620bb9
00000158a683c5b9
00000158d21482f9
00000158fc85fe79
000001592c90ec59
0000015960272519
0000015a0acdaa19
0000015a12950499
0000015a59fd5a99
0000015a76ea2659
0000015a8a0f01d9
0000015a8af54379
0000015a983b39f9
0000015af04b4a79
0000015b65add6f9
0000015b709bb5d9
0000015b8bc266f9
0000015bc7564eb9
0000015c44c842d9
0000015c8a1b5259
0000015c9f754039
0000015d44372a79
0000015d8ce69559
0000015dea122059
0000015e48d13e99
0000015e7b337d79
0000015eac420f39
0000015eeb60f319
0000015f13328cb9
0000015f2d490bb9
0000015f4f2ef359
0000015f9ba438f9
0000015fa23044d9
0000015fbb071339
0000015fe0406079
0000015fea7352b9
000002bfe6aadd61
0000000002d20171
0000000000000181
0000015ff4074d99
0000016025ececb9
00000160426ef219
000001604c4e3559
00000160686cb559
00000160832be699
0000016095c34179
00000160b98a3c59
00000160cd4e5f39
00000160f9fbc319
0000016118cc71f9
00000161745b41b9
00000161e4a81f19
0000016275d38619
000001629f750b59
000001632e0ff0b9
000001633d5c05d9
000001636e1ea7b9
0000016388b45cd9
00000163eb8226b9
00000163f5d8a479
0000016428cee9b9
000001643e01fe19
0000016454cc5439
0000016474045659
00000164833440d9
000001648a1b4759
00000164d58e2c99
00000164fed1ea19
00000165090ba2d9
00000165a824c179
00000165d1ff03b9
00000165e09da019
00000166424a0619
000001665cc3a879
000001666adaf719
00000166f132a959
000001673352c079
0000016782f8f739
00000167f03b9ff9
000001680c543a39
0000016817803c59
00000168ff578839
0000016920394fd9
00000169305e4ab9
000002d287162161
0000000002d20171
0000000000000181
00000169546a0e59
00000169883a5e59
00000169bceb87f9
00000169c2bee6b9
00000169f904e9b9
00000169fde40499
0000016a1ffa5a19
0000016a4e0f99d9
0000016a640b2999
0000016a7fac1df9
0000016ae13fc079
0000016ae13fd7d9
0000016b0743a939
0000016b2ee7ce39
0000016b4cea4139
0000016b5f8b83b9
0000016b646f2819
0000016ba5f7f1d9
0000016bc0761219
0000016be40326f9
0000016c052293d9
0000016c071da779
0000016c1e210179
0000016c3d4b1e99
0000016ca199e8f9
0000016cb9b16359
0000016d40ac0f19
0000016d436e1ff9
0000016d4aeae019
0000016d73b031d9
0000016d82736879
0000016e12073f79
0000016e1680e399
0000016e51007759
0000016e6ff30139
0000016e730ca8f9
0000016e80228d79
0000016ea9f73bb9
0000016ebd918b59
0000016ecde09019
0000016ed9a43539
0000016f1755f699
0000016f4e6680b9
0000016f7d3a1d59
0000016f8e6b73d9
0000016fcf4096d9
0000016fff401c19
0000017077f17679
00000170b64f94f9
00000170bae59a59
00000170beea5759
00000170dd24e739
00000171388d1679
000001713921ceb9
0000017145e7b179
000001714ba62239
00000171ac4e6e79
00000171ba55c8b9
00000171e5b062b9
00000171f86ee939
00000171f9ae5679
000002e527816461
0000000002d20171
0000000000000181
0000017297755bb9
000001730b197bf9
000001733136aa59
00000173a1746719
00000173b28457d9
00000173d0f35e99
00000173df3539f9
00000174551842f9
000001749596e679
0000017503d87219
000001752379b079
00000175b5240dd9
00000176abc94dd9
000001770e4f88d9
00000177360b2dd9
00000177483e4319
00000177dfefe379
00000177f56236b9
000001782bca2719
0000017833176819
00000178c8376039
0000017929144879
00000179edd8edb9
0000017a8e432bf9
0000017ac69b2019
0000017ac69b3099
0000017ae3d160b9
0000017b3ff30a19
0000017b8470a039
0000017bb600f839
0000017bd7f7fb19
000002f7c7eca761
0000000002d20171
0000000000000181
0000017be3bce6b9
0000017bf3fe51b9
0000017c0a0326b9
0000017c175009d9
0000017c474f5179
0000017c4f7285d9
0000017c6a9d2fd9
0000017c916791d9
0000017d1df99db9
0000017d415983b9
0000017d4a683939
0000017d4f14a1f9
0000017da16da119
0000017dbd9ebf59
0000017dce9e7a59
0000017de24efc39
0000017df6f558d9
0000017e165e5439
0000017e26f3ea99
0000017e2b6f6379
0000017e94539459
0000017e9c242e59
0000017edbb12279
0000017ef5e20019
0000017f80d0add9
0000017fb51e3759
0000017fe14ea879
000001801405d099
000001801d4faab9
0000018024f8efd9
00000180540c4879
00000180dd35e0d9
00000180fd93df59
0000018204961a39
00000182b3c0a839
00000182c1771bf9
00000182cbe1ca99
000001832dd89719
00000183b6dc55d9
000001840dae36b9
000001844a500d59
00000184671f0979
000001846a6645d9
00000184de7a3919
000001850f360f79
000001852298fed9
0000030a6857eb61
0000000002d20171
0000000000000181
0000018540887599
000001863cc63799
00000186978296f9
00000186b47110b9
000001875ae69df9
00000187a1dc5f59
00000187a47ef819
00000187fe921f59
0000018801dd5bf9
00000188326e3b79
000001884849d779
0000018877662bf9
00000188c2ef98f9
00000189201afb99
00000189460904d9
00000189be194d59
00000189c0fed5f9
00000189f8ef02d9
0000018a11502e99
0000018a6a631639
0000018a6b279759
0000018a6e2c43f9
0000018ae61bac99
0000018b273912b9
0000018b35511f19
0000018b38c392f9
0000018b38c39a99
0000018c00fe92d9
0000018d5e5cfff9
0000018d9f67fd99
0000018e136409b9
0000018e2c9b6f79
0000018e5a883ab9
0000031d08c32e61
0000000002d20171
0000000000000181
0000018f293870d9
0000018f7e300d39
0000018fc45b6df9
0000018fe39ffc79
0000018ffbf52439
000001904f70c6b9
0000019071672cb9
00000190845f4bb9
0000019088f73239
00000190dc621ef9
000001913abdbd19
000001913e3aca99
000001917327c919
00000191b9dfec19
00000191ba541479
00000191bedf1d79
0000019220a8e179
000001922f638939
00000192556051b9
00000192e0ee6d19
00000192f261ab99
00000192fdd6a059
0000019315ac6e99
0000019318e88939
0000019322c10f79
0000019340cd95b9
000001936adcfdf9
000001936faa23d9
00000193bab1d8b9
00000193bcfbaa99
00000194c13f3099
0000019507c2ba79
0000019558186059
000001959a6cb999
00000195c32d2cd9
00000195e1d2f859
00000195eea1a539
00000195f77d83f9
00000195f85d00b9
000001961e93e179
000001964141bc99
00000196c26d48b9
000001974bbd6239
000001977faf74d9
0000019796ca4739
00000197ab2aa699
0000032fa92e7261
0000000002d20171
0000000000000181
0000019890cc1759
00000198a1069179
0000019906949899
000001995b240ed9
000001995d451859
000001996cd29639
00000199af8cc9f9
00000199ca492fd9
00000199f1c96fb9
0000019a37edfad9
0000019a3e430fd9
0000019ae620e759
0000019af9389599
0000019b2da17e59
0000019b43b2cdb9
0000019b630db9f9
0000019b9a927219
0000019bb1cfb3b9
0000019bd57095f9
0000019c145f0fb9
0000019c1af693d9
0000019c472dd9d9
0000019c6276d259
0000019cffee8ff9
0000019d095a5319
0000019d4d772919
0000019d57a46799
0000019d73c17fd9
0000019da0c280d9
0000019dc7a3d6d9
0000019dde570499
0000019e213ccbb9
0000019e45ef6359
0000019ec62cb0d9
0000019ecc4facf9
0000019ed9a179f9
0000019eea867cf9
000001a08641eb59
000001a0a21e7e39
000001a0aff28339
000001a0d72951b9
000001a100331919
000001a1070ae319
000001a1120217f9
000001a11517dcf9
000001a1206ea339
000003424999b561
0000000002d20171
0000000000000181
000001a14efe5d39
000001a1ed7c7579
000001a2b6ee3339
000001a2c3968d59
000001a2ec4cca19
000001a301795179
000001a39109bb99
000001a3fe4c2a59
000001a421e2f899
000001a451793259
000001a45b075c59
000001a462ec5a19
000001a4702d4db9
000001a4775c9df9
000001a4b5870899
000001a509509fb9
000001a5162697b9
000001a54ee0c839
000001a5731959b9
000001a59a532459
000001a5a80f7af9
000001a5bb0a6b79
000001a5ce272719
000001a607d51619
000001a63466c859
000001a65d2d6219
000001a72e221bf9
000001a7501a04f9
000001a7975f3ff9
000001a7f857d2f9
000001a810e693f9
000001a8144a7039
000001a8aa6e5439
000001a8f21f3479
000001a8f2e0ba79
000001a9011ad779
000001a968a9fed9
000001a97198bd99
000001a9a3fa5199
000001a9c6de0d19
00000354ea04f961
0000000002d20171
0000000000000181
000001aa97292b79
000001aaadd64f79
000001ab0490f9b9
000001ab980161d9
000001abfb45e339
000001ac02461239
000001ac981bbf79
000001acffc5f4b9
000001ad50a07e99
000001ad64f1f299
000001adedddc799
000001adfc003659
000001ae176264d9
000001ae97257819
000001ae9774e499
000001af407abd99
000001af75d8e3b9
000001afe04fbbb9
000001b05e02b559
000001b0cb38f0d9
000001b0d4e613b9
000001b13cba9899
000001b151787d59
000001b2626eead9
000001b2c6147439
000001b2cbf44099
000001b31a8dfb19
000001b35d669719
000001b395216fb9
000003678a703c61
0000000002d20171
0000000000000181
000001b4367eaf19
000001b4367eb099
000001b56868fc79
000001b56a993799
000001b56d3be4b9
000001b57a8b3179
000001b5d60e8859
000001b5dce37ef9
000001b5efdfe3d9
000001b692185559
000001b6d7667db9
000001b6de749f79
000001b7332fba79
000001b7581ded99
000001b773e730b9
000001b7949f1a79
000001b79870dff9
000001b8258d1279
000001b83775d419
000001b89a0b8559
000001b9335f4719
000001b94b1c5119
000001b955d6ae39
000001b9baefc339
000001b9bfd4f599
000001b9c09b8839
000001b9ed40b699
000001b9ff87b439
000001ba2aa597f9
000001ba352bcb59
000001bab452b6d9
000001bac01d6279
000001bb41ef6d99
000001bbe0562499
000001bca91b1999
000001bcae2b8319
000001bd0e855cb9
0000037a2adb8061
0000000002d20171
0000000000000181
000001bd2f24ff39
000001bd713d7259
000001bd76717f79
000001bd85894059
000001bd8e30f459
000001bda4b15739
000001bdb1e33979
000001bdb95fdfb9
000001bdfc28d199
000001bdfeeac619
000001be5d0ff5d9
000001bea327b019
000001bee7c6c719
000001bf373a6359
000001bf5002bf59
000001bf59eb5759
000001bf7557f6f9
000001bf75f5ac79
000001bfcc925519
000001bfe1a6e5d9
000001c03599d7b9
000001c0c6d11539
000001c14f6c9939
000001c15fb8d919
000001c1e4e807b9
000001c1e7fa6cb9
000001c20f7f1c39
000001c2e992f379
000001c2fb79c879
000001c3aba440d9
000001c3ef18c679
000001c3f682b199
000001c4dfc72cf9
000001c4ea87a379
000001c4f54b1839
000001c57b311759
000001c5812e8979
000001c5bed7abb9
000001c5d1b0ae79
000001c5e4d0fa59
0000038ccb46c361
0000000002d20171
0000000000000181
000001c6772a8499
000001c685dd3c79
000001c6ef74c759
000001c6f10d4df9
000001c6f7263d59
000001c74aac2dd9
000001c811898e59
000001c813992c79
000001c831a20419
000001c884726f99
000001c8c20c93b9
000001c8e285a719
000001c93887d2b9
000001c96a8e6db9
000001c98c0ba019
000001c9e58e7799
000001ca1d010eb9
000001ca1d011d19
000001ca7e088299
000001ca90324819
000001cabd166959
000001caf6c9ac19
000001cb6ec85979
000001cbd73e6659
000001cc5274e959
000001cca0b9c919
000001ccb5dc6df9
000001ccdd097379
000001cce1352719
000001cd670a11b9
000001cdae2b3c79
000001cdc407e379
000001cde9daba79
000001ce105cd699
000001ce2153e899
000001ced4c22a59
000001cf7bd24679
0000039f6bb20761
0000000002d20171
0000000000000181
000001cfd4982df9
000001d00a1176d9
000001d048221fb9
000001d05e94b979
000001d084a6a379
000001d091cc6e99
000001d0c02ff9b9
000001d0f16120d9
000001d0ffd1c599
000001d13c7519d9
000001d174d9d579
000001d19da9b159
000001d1ef434059
000001d1f4193179
000001d2255d4b99
000001d248108b39
000001d24e62de19
000001d251f42899
000001d262da78f9
000001d2eecead59
000001d3158c7a19
000001d31f5864b9
000001d323200819
000001d353615499
000001d4632d42b9
000001d49799bcf9
000001d4f605f699
000001d512933879
000001d516be57d9
000001d544604139
000001d54cc2f9b9
000001d54f5bce59
000001d5cc694d19
000001d624cb3359
000001d683f2ed99
000001d7545b3a99
000001d763b9b8d9
000001d79b4f9d79
000001d7c0ea9e39
000001d7cbdeeb79
000001d800f120f9
000001d85fb53bf9
000001d8650f0099
000001d866b1cf39
000001d886ce3d39
000001d8b51da9d9
000001d8d9396719
000003b20c1d4b61
0000000002d20171
0000000000000181
000001d9057f2ab9
000001d9645f24b9
000001d96968d439
000001d987273079
000001d9d0263179
000001da26fc3699
000001da2a066499
000001daac86b799
000001dab9adda99
000001dae1830319
000001dae69e8219
000001db60dea2d9
000001db7ea83599
000001dba3706c59
000001dbc4ffda59
000001dbd4fb2099
000001dbffd47a39
000001dc310f9df9
000001dc9fed1319
000001dccdc882d9
000001dcdd560099
000001ddf7baa259
000001ddf88cc9b9
000001de2531c119
000001de26a63cf9
000001de9343b919
000001df145d0659
000001e01cb233d9
000001e0246928d9
000001e04e2fe3f9
000001e05412e419
000001e067e644d9
000001e08d4d22d9
000001e09780cdd9
000001e118d86eb9
000001e1312d9bd9
000001e15cc48c59
000001e164f78119
000001e1682eccf9
000001e1746329d9
000001e17a6011d9
000001e189c73f39
000001e1b2edba59
000001e1b78330b9
000001e252bfb939
000003c4ac888e61
0000000002d20171
0000000000000181
000001e29ef042f9
000001e2a9ec0dd9
000001e2db60cad9
000001e2e880e099
000001e312329f79
000001e337d23479
000001e36bf0b219
000001e380416079
000001e4613b2159
000001e46a2697d9
000001e46fe65639
000001e4beb3bdf9
000001e4c3f47239
000001e4c60e3179
000001e526c17259
000001e56d2c8bf9
000001e5db373fb9
000001e5ecfa5d39
000001e67fe6c5f9
000001e684453219
000001e724ddcdb9
000001e7bf0ab799
000001e8b6129d19
000001e8f8ed5bb9
000001e923218539
000001e92e3b1779
000001e9ae319459
000001e9f3765c59
000001ea4288c5f9
000001ea70672159
000001ea787005d9
000001eaa7002f59
000001eb2c4e4bd9
000001eb82029359
000003d74cf3d261
0000000002d20171
0000000000000181
000001ec259db099
000001ec8ae1cc39
000001ec8e390259
000001ed7f407c19
000001eda3d066b9
000001eda4128319
000001edf214c359
000001ee15593699
000001ee3e6879f9
000001ee5bbfe039
000001ee6da056b9
000001ee90e7d0b9
000001eef38e4ed9
000001eefd56deb9
000001ef05eeca79
000001ef30757df9
000001ef3e6ac099
000001ef46778719
000001ef96ca7f39
000001efb4c9ec39
000001efb55d8df9
000001efe91fdf99
000001f03324a059
000001f047cef819
000001f0c10448d9
000001f107205879
000001f174e23259
000001f1bf36e2d9
000001f2013896b9
000001f23004ba19
000001f24f629e39
000001f263ff62b9
000001f2b0c89899
000001f2cb733519
000001f3fdd2b239
000001f4107f35d9
000001f428d51259
000001f45ac532d9
000003e9ed5f1661
0000000002d20171
0000000000000181
000001f4fc399d39
000001f501bdf1f9
000001f501be0199
000001f5154d9179
000001f5280d7959
000001f5916fad99
000001f5d8169639
000001f5e95d2eb9
000001f650be5659
000001f6ab42dbd9
000001f6ad52abd9
000001f6d1dc3899
000001f775df6c79
000001f7862976b9
000001f8097a1c99
000001f84b5dd299
000001f8a1184779
000001f91f8cedd9
000001f97ed07339
000001f98a5d12d9
000001f9b2970cd9
000001f9b4bfaa19
000001f9c64f4d39
000001f9e167cdd9
000001fa47d25939
000001fa5013d079
000001fa5d640659
000001fa60028cb9
000001fa66695039
000001fa763d8699
000001fa843c71d9
000001fabc634399
000001fac8811879
000001fad38d4299
000001fb06550ed9
000001fb400ab579
000001fb4a322a19
000001fb7e106799
000001fbe69ab459
000001fbec9711b9
000001fc29e6d779
000001fc33dbc979
000001fc56731039
000001fc623d6a19
000001fc63777e19
000001fc800144d9
000001fd09b2e679
000001fd10bf5399
000001fd8a5e5199
000001fdb4663799
000001fdb9404f99
000001fe04dd98f9
000001fe3d2a6439
000003fc8dca5961
0000000002d20171
0000000000000181
000001fe9a06d1f9
000001ff731fcc59
000001ffd2d41df9
00000200178e21f9
0000020029ec7a99
0000020047e20b19
0000020052916799
0000020069471c79
000002007470b759
0000020088035f19
00000200b9c43bb9
00000201495676d9
000002018ccc7379
00000201921f0a19
0000020198f4a059
00000201d1cb4cb9
000002029dbcdcf9
000002030eb0b5b9
0000020318ac5399
00000203a62ab859
00000203b4fc3d99
00000203f6be6459
0000020422df2cd9
000002043b9b3199
00000204637d9999
00000204977b2919
000002049f607479
00000204b317cb99
00000204ee19aa59
0000020549286419
0000020565b696f9
0000020595121c39
00000205a86c6299
00000205ab2d99d9
00000205d164ed39
0000020609042d19
000002065cbda1b9
00000206687a4ab9
0000020692444c59
00000206a9915db9
00000206cd2a5779
00000206eca01119
00000206fa909eb9
000002071634e279
00000207174931f9
00000207179d6599
0000020719d16439
0000040f2e359d61
0000000002d20171
0000000000000181
0000020798261499
0000020799bfc7d9
00000207d3338e79
0000020800580b99
000002084c957079
000002085a8b1119
000002086fed3399
0000020882cf3959
00000208a4657459
00000208d25f8b39
00000208ee0fd219
0000020902e893b9
000002091c8986f9
000002092868de59
00000209b05ead79
0000020a229a3f79
0000020a72cda239
0000020ac45cd459
0000020acd7a4e79
0000020b08f4ea59
0000020b56e23399
0000020b57191cf9
0000020b64ad0659
0000020b6e786a79
0000020bd4257519
0000020bdf573839
0000020bf2245439
0000020c08b82559
0000020c463a53f9
0000020c9787d359
0000020cf46ff819
0000020d3f2e4299
0000020d637b4e19
0000020d998ddab9
0000020e21876a79
0000020e26d814f9
0000020e6bcafa79
0000020e913911b9
0000020ee60df399
0000020f27305599
0000020f4fd1f899
0000020fc13e6cd9
0000020ffcafb4f9
00000210a81763b9
00000421cea0e161
0000000002d20171
0000000000000181
00000210e6a33279
00000210e9b4e599
000002111ba50f99
0000021125766b59
000002114ca43439
00000211b063d919
0000021229957f59
0000021233b41499
0000021233b43339
00000212d4ccd519
00000213130eb619
0000021318e81f79
000002131a0e0bf9
0000021342a148b9
00000213a0959179
000002155c0abf19
00000215d62e7559
00000215d7b14479
0000021606685279
0000021624bb5ef9
00000216ecf6ebf9
000002170b5412b9
00000217665814f9
00000217e89c5e19
000002181235fe59
000002182a0a15f9
000002183d7b4d19
00000218515bcf59
000002188b2527f9
00000218b5b0d819
00000218bec56119
0000021954934839
00000219cdcd5e39
00000219f8112ad9
000004346f0c2461
0000000002d20171
0000000000000181
0000021ae788fed9
0000021b150c6f19
0000021b331b1a79
0000021b5e5c9579
0000021b7c1a2a19
0000021b9369b319
0000021ba1189659
0000021be84e37d9
0000021be95d9b39
0000021c4bbc6df9
0000021c69c46919
0000021cf94f24b9
0000021d0fe519d9
0000021d2e28f379
0000021d4b97cc99
0000021d7c8b2099
0000021e15e78c79
0000021e2b6ebcf9
0000021e6fa58859
0000021ea197aa99
0000021f7b266959
0000021f997ed059
0000021fb5efdf39
0000021fc3f8f6f9
00000220068f4659
000002203f011139
00000220f21bedd9
000002213eeabc59
0000022197348979
00000221bc617699
00000221c9d0ba79
00000221cfd9cc59
0000022281a33a19
00000222a6292499
000002235f2fd2b9
000004470f776861
0000000002d20171
0000000000000181
0000022432c8af79
00000224337898f9
000002243c1e9ad9
0000022441d006d9
0000022442cb4dd9
00000224664c52b9
0000022467def1d9
0000022469e88fb9
00000224af586779
00000224c3e7ea19
000002252f318439
0000022543ec9f59
0000022567662b99
00000225743359b9
00000225b08c5439
000002261edf5ef9
0000022626e02df9
0000022639baed79
0000022641466ed9
0000022641ea5839
000002268ef708d9
00000227048bf419
000002270f6e0239
0000022711bdb899
000002275c35aed9
00000227a88c79d9
00000227afe87d19
00000227c4533599
00000227e92e32d9
00000228351e4a99
0000022879ca3c79
00000229207b0f79
0000022934059499
000002297fa6e359
00000229b4677ab9
0000022a1194aeb9
0000022a200e1819
0000022a22e75f99
0000022a2517a939
0000022a5c1b2859
0000022aebcfef39
0000022b2a0f1ef9
0000022b2a3b6739
0000022b74651479
0000022b95278b99
0000022ba38a1199
0000022bc1bd4d99
0000022bdc40cc79
0000022be46b6399
0000022c1ca631f9
0000022c4b44bc99
0000022c9788fa19
00000459afe2ac61
0000000002d20171
0000000000000181
0000022d3ad1e2f9
0000022d4d942379
0000022d6079cc19
0000022d69a336d9
0000022dd0c19659
0000022e01fe3b99
0000022e563981f9
0000022e8d8c5bb9
0000022ee4493c99
0000022f4be3ca19
0000022f7684caf9
0000022f7ed60cf9
0000022f86dc2779
0000022fc5eb2479
0000022fe6ffd3f9
0000022ffd689af9
00000230c9dfdf79
00000230cd4a2ab9
00000230ed8a66f9
00000231050eafb9
000002314deeea39
00000231721f5bd9
000002320b709819
0000023234868819
000002324390dc19
000002328a543a59
00000232ad3ea359
00000232af5de9f9
00000232b1e9d399
00000233e9bd9159
00000235e9678859
0000046c504def61
0000000002d20171
0000000000000181
00000236325c8819
000002363e514e19
000002365c5833b9
000002368d82bd39
00000236cd506139
0000023711f98659
000002373d9c62f9
00000237772a5299
00000237cc814359
00000238705d8dd9
00000238d36fbd59
00000238d6a61db9
00000238ef4c87f9
00000239213871f9
000002394fe58179
000002396a8b12b9
00000239af8a9379
00000239d9ee9fb9
00000239f2717ef9
0000023a982b4e19
0000023afc072059
0000023b033812b9
0000023b8f517979
0000023bdb31ea39
0000023bdeaa8139
0000023c1780d5b9
0000023c2ae78599
0000023c30b03699
0000023c4e45d119
0000023c5b8d42f9
0000023c6df4a739
0000023d27fd6e99
0000023d3e4fcab9
0000023d7afe19f9
0000023d857fb439
0000023d8d417419
0000023db7d6ee59
0000023db893fcf9
0000023dd9404db9
0000023e717df339
0000023e78b46439
0000023ed811a9d9
0000023ee3db23d9
0000023ef20d7c59
0000023f20fd19d9
0000023f257441d9
0000047ef0b93361
0000000002d20171
0000000000000181
0000023f96946959
0000023fd7fda299
000002413bd73db9
000002414c92ce19
000002414ff00039
00000241ee7ded79
000002423714deb9
000002426ce07139
000002429b570db9
00000242a0e2db99
0000024304ec4f99
000002438c6e3779
00000243f7b89199
000002442ac58b19
00000244389f97f9
00000244518c1119
0000024488724e19
00000244dc5da339
00000244f5dae559
00000245599da499
0000024592435a59
00000245d266c8f9
00000245d92b8a19
00000246073e16b9
000002460fd5b199
000002462a41c279
000002463edf7019
00000246432b3419
000002464c9524d9
000002465078f059
000002465a658699
0000024746292759
000002475ebabe19
000002478c4bb7f9
000002478c4bd5d9
00000247ab6d61f9
00000247c04b2999
000002480694b4d9
000002486461ebf9
00000248ad624a19
0000049191247761
0000000002d20171
0000000000000181
0000024904cc0eb9
000002491df0a2f9
000002493b7e1959
000002498cae6019
00000249e211bf99
0000024a03b307d9
0000024ab6dcea59
0000024c1542dfd9
0000024c432ac579
0000024d3aba8fd9
0000024d432e3e19
0000024d5415eeb9
0000024ddeedb2d9
0000024ddf9c4179
0000024e0fcb54d9
0000024ea4926099
0000024eb897fdd9
0000024f467be4d9
0000024f9c2a33b9
0000024fd413ba59
000002503e8a1779
000002504a1a3179
00000250880044f9
000002508cdb0a59
0000025090072fb9
00000250b874d7d9
00000250f03b3979
0000025107993639
0000025115293c39
0000025124f0c059
0000025131aa0339
00000251400bd739
0000025165669779
00000251e8f8ad19
0000025208dae359
000004a4318fbb61
0000000002d20171
0000000000000181
0000025250d9efd9
000002525c9ca719
000002533c32c179
000002534a30cd59
00000253680b5a99
00000253737877d9
0000025441f59139
00000254878fbd19
00000255249bd099
0000025553cea2f9
0000025571277859
00000255805b3379
0000025592fae0d9
000002564c22a1b9
000002568ff0bdf9
0000025714887239
0000025784989b79
000002580a9e5af9
000002585521c539
0000025877a3d659
00000258cd37e5b9
00000258ee09ff19
0000025966e32c59
00000259bc558459
00000259c8eba039
00000259f24abdd9
0000025a4c829979
0000025ac1ca8999
0000025b04e01f99
0000025b04e02619
000004b6d1faff61
0000000002d20171
0000000000000181
0000025ba2af8bd9
0000025be4ca2179
0000025c08d755d9
0000025c29e5dcf9
0000025c327e6fd9
0000025c3f8f9739
0000025c9bc3ead9
0000025c9fbd1a19
0000025cc4f99159
0000025d5d44dd39
0000025dcaa5a599
0000025e126fb8b9
0000025ec1d274d9
000002607d263099
00000260a2e85db9
00000260f5730919
00000260fdeb3d59
000002610abdbc59
00000261376ae3d9
0000026184c0a6b9
00000261e3f1f8d9
000002620a385fd9
00000262177a14d9
000002625ee45e19
00000262701210b9
0000026321268419
0000026321268b19
000002633ee03139
000002636a558a39
000002637821ec39
000002637b3df8d9
00000263a1980bb9
00000263a7e97e79
00000263c17dae99
00000263ee1fc319
00000263efb3df99
00000264257f5a79
000002649fd455b9
000004c972664361
0000000002d20171
0000000000000181
00000264d98f7fd9
00000264e9d50199
00000265051969b9
000002650eff0e59
00000265299b1fd9
00000265d97779f9
00000266268aa179
0000026630ff9399
0000026645b05839
000002664b95ebb9
0000026683377339
000002669b152619
00000266c01c17b9
00000266c18bb739
00000266c4844b99
000002675b232a39
000002675d2e0439
00000267ee0da039
00000268b1172a59
00000268cd6cc359
00000269013e4e99
000002694578bc59
00000269815ce1f9
0000026981d88659
0000026a099ef1f9
0000026a20b33939
0000026a45857cb9
0000026a4dcbe0d9
0000026a8f42a919
0000026a9baf5319
0000026abb349a99
0000026b0abd93b9
0000026b12ad0219
0000026b2802c9b9
0000026b576ee499
0000026b6cef0319
0000026b80e23479
0000026c4fa43139
0000026c8c423279
0000026c8c4b9619
0000026cc28cd8f9
0000026cebe2a179
0000026d9e4a01f9
0000026da93d58f9
0000026db51b4939
0000026dbfc75439
0000026dc5df0359
0000026de61b12d9
000004dc12d18661
0000000002d20171
0000000000000181
0000026e87331b99
0000026ea546d239
0000026f08839ed9
0000026f62b6d639
0000026f83d7adf9
0000026f8cb66f79
0000026f9d5c3659
0000026fef8a3199
000002701d4d37b9
00000270307bca39
00000270485dbb99
00000270cc77b959
00000271150c2579
0000027129951279
000002716277c759
000002717101d4b9
000002718ee49ad9
00000271f06f58b9
00000272037a0a99
000002725e6401b9
00000272895e4d59
000002733d18e0d9
00000273c36f3559
00000274726ce759
0000027532f16e79
0000027543977839
000002754806ca59
00000275b95a1079
000002763942ebb9
000002763b0a0099
0000027650760df9
0000027688f3e379
0000027700562539
000002774ab3cb99
000004eeb33cca61
0000000002d20171
0000000000000181
000002775c8fecb9
00000277a824d3b9
00000277f26bf119
0000027816ba5c19
00000278222235d9
00000278b3846519
0000027917aece59
00000279615c4df9
00000279d1a6a319
00000279f28d6479
0000027a3bcac179
0000027a75e6af79
0000027a7bdff099
0000027a8719cd99
0000027aefe89eb9
0000027af085d719
0000027af926bf19
0000027b09646f99
0000027b2778baf9
0000027b56a31e19
0000027ba38bce79
0000027bdfd5f019
0000027c0260a139
0000027c4c510fd9
0000027c57532339
0000027c7bbc6a79
0000027cf910c219
0000027cfc2efc19
0000027d6777e9f9
0000027d7afa6a99
0000027d8e330939
0000027d94000e79
0000027db7943579
0000027dd256a9d9
0000027dde823779
0000027e510791f9
0000027eac99fd79
0000027ef6856679
0000027f28bb9019
0000027f375d9579
0000027f47c10e99
0000027f668e3e79
0000028061d22a79
000002809a8c41d9
0000050153a80e61
0000000002d20171
0000000000000181
00000280b7368499
00000280cc1759b9
00000280e9bf83d9
0000028122ee6f39
0000028145a18159
000002814c6fed79
0000028178e3da19
00000281b89eb799
00000281d31e61f9
00000281de513199
00000281e35f5679
000002826ce0d019
0000028277307039
00000283750b9659
00000283bf7fafb9
000002843b6f0d59
00000284bedfcdf9
00000284f25a7e79
00000284fd23aa99
0000028510885139
00000285c63837b9
00000285d2c3b7f9
00000285fdf54239
000002866e2ca979
0000028687849c79
00000286e004fbf9
0000028700024599
000002870c31da99
000002871a2b8bd9
00000287d64e8619
000002880c485479
000002881ac31239
0000028837678d39
00000288378bce79
00000288689ec379
00000288815840b9
00000288cb5d61b9
00000288cd6906b9
000002894246bcb9
00000289dd48f719
00000289e6f5d039
00000513f4135261
0000000002d20171
0000000000000181
0000028a850f1b59
0000028a90a2cdf9
0000028abb35e419
0000028aec863899
0000028b46efbaf9
0000028b6420a6f9
0000028bbb00bfb9
0000028cdd205ab9
0000028d11591a99
0000028d1b8f59b9
0000028de9ec5af9
0000028e30605c79
0000028e4699f559
0000028e5e887219
0000028ea28f1959
0000028ed0bd60f9
0000028f2dd4f599
0000028f66e42939
0000028f828a9239
0000029016fa1cd9
000002914805adb9
000002916e8970f9
00000291acf31a19
00000291c9f8b419
00000291f3dcab59
000002920845baf9
0000029215aaa199
000002921b5d6659
000002922f52bf59
0000029272d64239
0000029272d65559
00000292a12382f9
00000292fc466539
000002933caeee79
0000029342b53139
00000526947e9661
0000000002d20171
0000000000000181
000002938dc21cf9
000002938de26319
00000293bd2a2a39
00000293ca03d139
0000029416466a39
0000029461270719
0000029461f9bc99
000002946b72a639
000002949f155e19
00000294e9f20279
00000295120601d9
000002953e2d6c79
00000295c9d756d9
00000295cfb81459
00000295da7f80b9
0000029608442439
0000029653c25659
00000296baf46219
0000029708207d99
0000029709d23eb9
000002971c6b1df9
000002976a67a859
0000029778ff17b9
000002978fcdfe59
00000297a0bb5bb9
00000297b8982199
00000297cbbf9579
00000297f6291c39
00000297f8583ab9
00000297ffa58259
000002988cc3eb39
00000298ea3cdb39
00000298fe45e6b9
000002990b1e0a19
00000299141081d9
0000029928553859
00000299401e03d9
000002994df58059
0000029952d0c099
000002995b0b3999
000002995f753f59
0000029976535359
00000299927b2ad9
00000299cd5b9ed9
00000299f8e74639
0000029a2b8f8699
0000029a3b839619
0000029a69e53b99
0000029aa36a3259
0000029ab9c07a19
0000029ae9c19ff9
0000029afe95f2f9
0000029b0fdcc3f9
0000029b22b15cb9
0000029bdf319d39
0000029c3d68d119
0000053934e9da61
0000000002d20171
0000000000000181
0000029d8ddcdeb9
0000029daa09a5b9
0000029de7307039
0000029e1796ea79
0000029e3c264ef9
0000029eab3a4219
0000029ec356d379
0000029f2a4777f9
0000029f2cead5d9
0000029f4cfcfcb9
0000029fbf75a039
000002a019100ad9
000002a01d6839d9
000002a022f64519
000002a07a9aa819
000002a0add74479
000002a0b135cdd9
000002a0fc7c91d9
000002a1509a5f19
000002a1509a60f9
000002a1c575cb99
000002a2142c8a59
000002a28f178c39
000002a29c541639
000002a2a1d2f579
000002a2b8fa9399
000002a2ecc94919
000002a2ff3ef879
000002a40bad4df9
000002a42093ba19
000002a4c19c2479
000002a4db4ce719
000002a59767bd39
000002a5cc548c59
0000054bd5551e61
0000000002d20171
0000000000000181
000002a5ff73bff9
000002a66dbad9d9
000002a6c6fb1499
000002a6e2081019
000002a7087925b9
000002a70f602a99
000002a711f63fd9
000002a719b5fad9
000002a7289034b9
000002a759d27ff9
000002a780ac29b9
000002a786b4abf9
000002a786f79339
000002a7b093bcf9
000002a7e6df1059
000002a7f7039839
000002a87866fb39
000002a8e2bbe699
000002a8f6a88419
000002a903e72359
000002a92d1efb79
000002a972debf79
000002a9d2989559
000002a9ddada479
000002a9f6cb4099
000002aa8885a979
000002aa91c91619
000002aac5808059
000002aac7f22279
000002aaf3d5e179
000002ab1135c5f9
000002ab439a76f9
000002ab971933b9
000002ab9b596e59
000002abb0e061d9
000002abb40466f9
000002abdbbea819
000002abef953e39
000002abffd01559
000002ac187d79d9
000002ac3c0207b9
000002acba632439
000002acca6c8e79
000002ad0d288459
000002ad47645c19
000002ad86f796f9
000002adb1dff219
000002added3bbf9
000002ae0ff86759
000002ae3650b659
000002ae4dd97819
000002ae5bd6c039
000002ae62a53b59
000002ae64b8a559
000002ae6b11dc59
000002ae89bfb659
0000055e75c06261
0000000002d20171
0000000000000181
000002afd90cb3b9
000002afdf2287f9
000002affbc14599
000002affe884db9
000002b044da2519
000002b055e1d539
000002b07165aff9
000002b0e9cb32b9
000002b10795e2d9
000002b14bedf099
000002b14d17eef9
000002b15f1e4b39
000002b180199539
000002b1d0be2c79
000002b1d2c32b39
000002b2eaeb2799
000002b34c282e79
000002b3615d1339
000002b37d7f1759
000002b381275f19
000002b3857517d9
000002b3b9c916d9
000002b3e37c0fb9
000002b4ab0582f9
000002b53d049699
000002b561e083b9
000002b56cb44d59
000002b58d620ff9
000002b5927918f9
000002b5bf4c2cb9
000002b5f345d279
000002b604334819
000002b61023a079
000002b613d4f019
000002b6556ccf79
000002b67e57cb99
000002b69264b6b9
000002b6b5d0fd99
000002b6d36775d9
000002b767f315b9
000002b786133bf9
000002b7a88bc4f9
000002b828e3ad79
000002b854ee2999
00000571162ba661
0000000002d20171
0000000000000181
000002b89bc67039
000002b8aa4b1b19
000002b8c4981fd9
000002b8e0adf679
000002b8e0ae0d59
000002b91657af79
000002b93609b519
000002b9933ecb39
000002b9c291ee59
000002b9c7331099
000002b9d2007fd9
000002b9f15a12d9
000002b9f2826499
000002ba54ed8519
000002ba6b21bf59
000002ba8d403159
000002bb037e70d9
000002bb09b44f59
000002bb19b4a779
000002bb1e3e7259
000002bb517b8f19
000002bb89ae6f59
000002bbafdd2f79
000002bbcd358999
000002bc0b44a539
000002bc3f442579
000002bc7f973199
000002bca419e199
000002bcbc3bf679
000002bcd5661df9
000002bd08c39cb9
000002bd76a9c239
000002be45e79c39
000002be4cc36a39
000002be54308239
000002bebbaae259
000002bf45c3a319
000002bf7cd873f9
000002bfdb1919d9
000002bfdd4077b9
000002bfdd6b83b9
000002c04f9d6739
000002c09429b0d9
000002c138985639
000002c139f28199
000002c149d391d9
000002c197447e99
00000583b696ea61
0000000002d20171
0000000000000181
000002c21dde28b9
000002c23d738819
000002c249104379
000002c297691dd9
000002c361b88719
000002c3659cee19
000002c3f6024b79
000002c4009f1099
000002c431e08fd9
000002c439cc5879
000002c447211a79
000002c4a2f8d7f9
000002c4b8d7ea99
000002c51bf236b9
000002c58522f5d9
000002c6267b2f19
000002c66d1df539
000002c68d84c639
000002c7049accd9
000002c740e93739
000002c75221f4d9
000002c759f585d9
000002c792a25bf9
000002c799e04959
000002c7a3992a79
000002c7d0473559
000002c7d64cf6f9
000002c83a262c19
000002c86bd80bd9
000002c921a39f79
000002c98f7de239
000002c9ae489ef9
000002c9f9b5f399
000002c9fec73ad9
000002ca14fede79
000002ca192b5819
000002ca22824319
000002ca538ce579
000002ca6be2b379
000002caa3b42619
000002cabf4735f9
0000059657022e61
0000000002d20171
0000000000000181
000002cb77c86b19
000002cb788ab2b9
000002cbc7b23e59
000002cbd7467b99
000002cda07daa19
000002cdd627d299
000002cdf26d6719
000002ce4b845719
000002ce4c9da5f9
000002ce57f1cd79
000002ce58dab2b9
000002cefe7fd099
000002cf167f49d9
000002cf677ce8b9
000002cf7ae3aef9
000002cf9ee7b2d9
000002cfe10f4159
000002d093abc8b9
000002d0f2d437f9
000002d119918539
000002d11b7eabd9
000002d125649419
000002d13e7f3079
000002d16a4adcb9
000002d187f2b059
000002d1dba96639
000002d224b1fdd9
000002d2295ca779
000002d24f053bb9
000002d33c60c339
000002d3b6ae5379
000002d46ea59b59
000005a8f76d7261
0000000002d20171
0000000000000181
000002d47fe14519
000002d4e84e3199
000002d50e3f3f39
000002d5154a7799
000002d5307e47f9
000002d54e616499
000002d5804dfb79
000002d58d19dbd9
000002d59026a2f9
000002d5b3bcc3d9
000002d6316c76d9
000002d64c3db859
000002d650a3e779
000002d69e9326f9
000002d6aaaaf699
000002d6c79fded9
000002d713142e99
000002d720221839
000002d74d14c319
000002d74df64b99
000002d86c54cdb9
000002d88bf240d9
000002d8a09ba899
000002d8e5b4cf39
000002d917b3b3b9
000002d959ace0b9
000002d97b32de19
000002d99438ddb9
000002d9b0d0e119
000002d9bc8ef5b9
000002d9c3e13db9
000002da5b4c3d39
000002daa9e9b8f9
000002db01eb42d9
000002db236fef79
000002db91a3e1d9
000002dbdc8f3879
000002dc427df939
000002dd221903b9
000002dd268d8139
000002dd52c41ef9
000002dda1925fd9
000005bb97d8b661
0000000002d20171
0000000000000181
000002de5456f299
000002de76046579
000002de7e670159
000002de898f9199
000002dea5dcc3d9
000002defb02e4b9
000002df859efdf9
000002dfafabaf99
000002dfb2d09f19
000002e04510cad9
000002e091162d19
000002e123d68d79
000002e14929acd9
000002e163f61139
000002e176189639
000002e1f49dd059
000002e2051580f9
000002e252fb2919
000002e2af93e3b9
000002e2b9975e19
000002e2d0808ff9
000002e2eb6ba239
000002e30061e739
000002e33f5fb599
000002e345e0dd19
000002e362178439
000002e379d06c79
000002e38b812099
000002e3c4b06c19
000002e3cb83a5b9
000002e4055d27f9
000002e41b194fd9
000002e45791d379
000002e46b0ca299
000002e480a435d9
000002e4883a7d59
000002e491af5139
000002e4f7ed6879
000002e55d079b19
000002e56356a6d9
000002e5835ea779
000002e58909d259
000002e5f8a11959
000002e611fe19f9
000002e674d972f9
000002e679236059
000002e6cdfb0079
000005ce3843fa61
0000000002d20171
0000000000000181
000002e7411f0b39
000002e7441555b9
000002e7464656b9
000002e7a83630d9
000002e7da628b59
000002e82c4db8f9
000002e835979019
000002e85216fbd9
000002e857ebd7f9
000002e866bcb1b9
000002e8724d22b9
000002e9234f6139
000002e9441543b9
000002e99c91fa99
000002e9f2f734d9
000002ea25088139
000002ea3882d439
000002ea45b03459
000002ea48f45bf9
000002eabf00e6f9
000002ead2af01b9
000002eaf5d505d9
000002eb07c9ab39
000002eb09970db9
000002eb0b26d839
000002eb1899ded9
000002eb3ab9bb79
000002eb7bf43479
000002ec099548b9
000002ec313b18b9
000002ec658647d9
000002ec72a03c99
000002ec8f2eda59
000002ec9cd5b299
000002ed445eb719
000002ed5c49ab19
000002eddebc2699
000002edfec0baf9
000002ee1dc0b759
000002ee1f708c19
000002ee32aa1dd9
000002eed289fff9
000002ef22e3d5f9
000002eff8215d59
000002f00b94b699
000002f00f898b19
000005e0d8af3e61
0000000002d20171
0000000000000181
000002f09d271919
000002f0d720c099
000002f0f0e011d9
000002f0f6e93739
000002f115256639
000002f11fb3c099
000002f16c7f99d9
000002f17249d6d9
000002f17249ea99
000002f24c5774b9
000002f2d2caecd9
000002f2f04aea19
000002f2f8883c79
000002f2fe334299
000002f312772859
000002f32bc7c379
000002f34a1b8d19
000002f3b29cd3f9
000002f3e52af8f9
000002f3f8c11859
000002f3ff007cf9
000002f4239d2ab9
000002f521e025d9
000002f531cf4dd9
000002f5611f8e39
000002f5cd850879
000002f5dd52e439
000002f651324f39
000002f69ae158f9
000002f7034df9d9
000002f718054c99
000002f720a69479
000002f758f1e959
000002f75e941039
000002f767065dd9
000002f76709f0d9
000002f7fad983b9
000002f84122b879
000002f844c402b9
000002f89ce75539
000002f8c1adf979
000002f8dbc53cb9
000002f908ac05d9
000005f3791a8261
0000000002d20171
0000000000000181
000002fa34d6e399
000002fa92c8d399
000002fa93bf0eb9
000002faa853f739
000002faef747279
000002fafaf8ea39
000002fb129b6e39
000002fb64039a59
000002fb7741be39
000002fc100e34f9
000002fc26d8e359
000002fc48db7039
000002fcaf872ad9
000002fd82bb6c59
000002fdacc6e599
000002fdbbaff419
000002fdcb6d97f9
000002fe8a6bb279
000002febd220259
000002fede7d4439
000002ff368d2799
000002ff419c66d9
000002ff7f09fef9
000002ff87317139
000002ff9314ffb9
000002ffc75ba3d9
000003004a34d359
000003007af0b1d9
0000030095b25a39
00000300d024c7f9
00000300f4832999
0000030156f75d19
00000301675fb919
00000301679b4119
000003017e375979
00000301c1c55539
00000301c3e916f9
000003023f4b3219
000003024efd6719
000003029b096859
00000302c1c32119
00000302cb9d0899
000006061985c661
0000000002d20171
0000000000000181
000003030d98b239
00000303631d6899
000003037383fef9
000003039002b679
0000030390b07799
0000030395b2da99
000003039f8e8f99
00000303c0a99b99
00000303c16bb6b9
00000303c86d4d19
00000303d71228f9
0000030440bbe019
000003047a32b959
00000304c542f519
0000030501253099
000003058af99d19
00000305c4ffa299
00000305ea7f5999
00000305ea7f67d9
00000305ea7f69b9
000003061a08b679
000003063a0491b9
000003064e58bb79
000003064ec1e239
0000030655c61879
00000306cbbf7319
00000306d120f979
000003071e326fb9
00000307362af439
000003079bafc779
00000307de9664b9
00000307e9ead559
0000030811c33e39
000003085a821cf9
00000308903f8539
0000030891d86a19
00000308e9d6e3f9
00000308fc6d7d19
000003090fa65639
000003095cbf9a99
00000309651c1499
000003097c78e159
0000030988730459
00000309fb718799
0000030a107ebc99
0000030a3fb5d599
0000030a65499039
0000030a810ce999
0000030a89b444b9
0000030ac80bda39
0000030adee8b359
0000030b090b44b9
0000030b8c83da19
0000030b9bbdcc99
0000030c23373299
00000618b9f10a61
0000000002d20171
0000000000000181
0000030c6d087ef9
0000030cd0d9bcb9
0000030d053388f9
0000030d6ee19b79
0000030d9edac919
0000030e00560679
0000030e21f85199
0000030e948bb8f9
0000030ea304b799
0000030f027e4119
0000030f0b421d39
0000030fa69d6eb9
0000030fec042859
0000031016eac979
00000310564b8579
00000310853f07d9
0000031085e45299
00000310952d61d9
00000310bf70d319
00000310d18da399
00000310f7de7859
00000310fab2e719
0000031178930899
00000311d8173939
00000311ef4408f9
000003125a160cf9
00000312d2ca8e59
00000312ff63a819
00000313bd12e679
00000313fb2f5a19
0000031422734259
00000314589a9499
000003151c7e1639
000003152d079a99
000003154f2d0a39
00000315ab267d39
0000062b5a5c4e61
0000000002d20171
0000000000000181
00000315bf8f0e39
00000315fb517219
0000031600b7dd99
000003163b8b7099
000003166d697979
00000316938dd5b9
000003173cde8fb9
00000317de888619
00000318131ff559
0000031823eb87d9
00000318a5500039
00000318d6fa61b9
00000319315b6739
000003193e6ed0b9
0000031952cd04d9
00000319993d24b9
00000319d2835359
00000319f2d20199
0000031a056da8f9
0000031aa4914df9
0000031aabb8da19
0000031ac1e3d9f9
0000031ad1bf0f19
0000031ad76331b9
0000031b52fe42f9
0000031ca727c019
0000031cd33df779
0000031d35bb66f9
0000031d552ed159
0000031d646932f9
0000031d7e0a98f9
0000031d8a1ec639
0000031dd618da39
0000031dde1f4159
0000031e53b18c99
0000031e642f2999
0000031ec401f119
0000031ef6b87ab9
0000063dfac79261
0000000002d20171
0000000000000181
0000031f283fa179
0000031f396a61f9
0000031f44d45b19
0000031f67bc18f9
0000031fe8c5d599
0000031fefe06999
0000031ff54461d9
000003201d74f359
0000032035d87179
0000032066b748d9
0000032079591199
0000032081c0e139
000003208814f1f9
00000320b5bf8699
00000320c7f83899
00000320c974ed59
00000321039525f9
0000032108710af9
00000321a4086db9
000003223cbb4cd9
0000032240f9a4f9
00000322864a9e59
0000032293cf99d9
00000322b5541559
000003232254ae59
0000032347390079
000003235ecd8459
0000032367041599
000003236f1df539
00000323750bd259
00000323a9041bf9
000003244cc67719
00000324c3133139
00000324d6d0f699
0000032529754ab9
000003259d6c66f9
00000325d8cffd79
0000032604480fb9
000003262e842fd9
000003263d51ecf9
000003263dd927b9
0000032675784a19
00000326a68327b9
00000326b4d52499
00000326b8ddb7b9
00000326c586beb9
00000326f50389f9
00000327ac129e79
000003280395a039
000006509b32d661
0000000002d20171
0000000000000181
00000328a6da8479
00000328c2a642d9
00000328ef51de59
0000032905dd7ff9
000003291454fc59
0000032956186779
000003295dbf1319
000003296dcd2cd9
000003297fcd9179
0000032980a12339
00000329ded4d9b9
0000032a84389bf9
0000032aaae15f19
0000032aae08f599
0000032abd008d39
0000032af42fb859
0000032b510171b9
0000032b7c80ff59
0000032b7ca09679
0000032b9a3fdf19
0000032ba4178e99
0000032ba4be9459
0000032c45140599
0000032c54f5ec59
0000032c89a75cb9
0000032c9c4d6ad9
0000032d0cdbfb79
0000032d3cf0bd39
0000032ed5b3e2f9
0000032eea1473f9
0000032f5bc22fb9
0000032f71f2e2f9
0000032fcbccea59
0000032ffbe9f679
000003302da5cb19
000003303c8ef759
000003303cd7ca39
0000033040c21b39
000003304afd2ab9
000003306feacb39
00000330a7e12c19
00000330ba28dc79
00000330e25edff9
00000330f8ba8ef9
000003314c175b99
000003315fd32e59
0000033166c8c4b9
000006633b9e1a61
0000000002d20171
0000000000000181
00000331b1cff079
00000331e7c2dab9
0000033245958b39
000003326ea607d9
00000332930ef519
00000332a82f3ed9
00000333338b7fd9
000003334213e6d9
00000333a2fc80f9
00000333af1c4419
00000333e1467b79
00000334a7ebb999
00000334e3676399
00000334eb5a0639
00000335008d6779
0000033529dcdb99
000003354a483299
00000335aaeed6d9
00000335eb22be79
00000335f0d23cb9
00000335f99c9279
000003360e894f39
00000336315bf2d9
000003364d276519
0000033665300499
00000336748c1a79
00000336758fbc39
00000336b0cbbfb9
00000336f512a239
00000336f55ace19
000003370cd12cd9
00000337c15cde99
00000337ecb75cb9
000003386d3212b9
000003387bc91619
0000033881ae5a99
0000033888d8a499
00000338915398b9
00000338e5649db9
0000033931ab2879
00000339332e50b9
000003394324e459
000003396a19cc39
00000339741220b9
00000339955cfc59
00000339aafc30b9
00000339ac4e2d79
00000339b8734399
0000033a4afe69f9
0000033a7b5ed939
0000033aa75e7019
00000675dc095e61
0000000002d20171
0000000000000181
0000033af08dcbf9
0000033afcd2e499
0000033b3a0453f9
0000033bce7d80d9
0000033bd374a059
0000033c11cc1e19
0000033c4d20ae59
0000033c9bf60c19
0000033cba9628d9
0000033ce50c7d99
0000033d5a321bd9
0000033d7fd1e679
0000033d9aa0bdd9
0000033d9ef93299
0000033de27bc939
0000033e07cb4fb9
0000033e2e61f479
0000033e34fc4a19
0000033e4893dc79
0000033e84d5e119
0000033ee0000519
0000033eef29e379
0000033f234bebf9
0000033f60a846d9
0000033f71333219
0000033f8483e719
0000033fc31b2ab9
0000033fd9939259
0000033fde633bf9
000003402d4cbdf9
000003405a9c5079
0000034088326ef9
0000034095b76dd9
00000340af8417b9
00000340c1858779
00000340dd55c659
000003410bd53b99
0000034111a8aed9
0000034142802f79
00000341482931d9
000003415189a5f9
00000341715d6079
00000341ad99c4f9
00000341b1377959
00000341e73a0959
00000341f69120f9
000003424b11f619
00000342c5fca019
00000342cd7cc0d9
00000342de2184f9
000003432610a359
000003433107d179
000003433e058319
000003434c92de79
000003434fe2c799
000006887c74a261
0000000002d20171
0000000000000181
0000034449b2c6d9
00000344a720edb9
00000344b58827f9
000003450bd2e899
00000345600a2399
000003457d761b99
00000345babd4279
0000034651d79e59
000003469821ce19
00000346bbf8e6b9
00000346bd1e5e99
0000034727962979
00000347500725d9
000003477d599ef9
000003479ad6b679
00000347d991a2b9
0000034816bff6d9
0000034846bb8939
000003484e346379
000003489a1720b9
00000348a512d9f9
00000348a5ee6799
00000349e9b09139
0000034a0254b9f9
0000034a85076d59
0000034afba8fbf9
0000034affc189f9
0000034b14432459
0000034b2f67a259
0000034b7eedd2d9
0000034b8ae33ab9
0000034b8f04ddf9
0000034b93d28379
0000034c0a688519
0000034c3b714a79
0000034c73edb5b9
0000034ca068c7f9
0000069b1cdfe661
0000000002d20171
0000000000000181
0000034d995e8639
0000034e420bf039
0000034e4db90159
0000034e64fe28d9
0000034ed896c4f9
0000034eded62239
0000034f03251359
0000034f41118779
0000034f5333f399
0000034f6158a4b9
0000034f635ab399
0000034f6aa1d7b9
0000034f8e4ba159
0000034fb47da939
0000034fdfab2899
0000034fe4a2bad9
0000035026029c79
00000350aee2c7f9
00000350da91d159
0000035121455e19
000003512b097859
0000035146f15c99
00000351903bc8b9
0000035216f7a299
000003522f044e99
0000035296a64dd9
00000352caf07099
00000352fb30a5b9
000003531f9388f9
00000353b6f5ba59
000003540b6c3d39
00000354c740b8b9
00000354c740ba99
00000354f2169119
00000354fbcb9819
0000035515a50b79
000003554daab879
00000355a9f05419
00000355eb9c5e79
0000035602b14579
000003563a1b1919
000003564c7f1399
0000035677ba8e99
00000356b7de2819
00000356c1388b59
000006adbd4b2a61
0000000002d20171
0000000000000181
00000357dece9739
00000357e8246b59
00000357ec29b6b9
00000357f9d92439
00000358143866f9
000003581cf82339
000003581f224e59
00000358262252d9
0000035827b3d9f9
000003584546a019
000003585e85b219
000003588d0d1b79
00000358ee98b9b9
00000358fab50f79
00000358fd08dd79
000003590c4a23b9
000003596b66c5d9
00000359a81bd5f9
0000035a387babf9
0000035ac58084f9
0000035ac875c379
0000035ae7c4e8d9
0000035aff56cb79
0000035b024bf639
0000035b12dcea39
0000035b246c4f59
0000035b2fa7c019
0000035b823d7f19
0000035bf7dd9e59
0000035c0991b839
0000035c44d0d619
0000035c96cee539
0000035ca8bf5ed9
0000035cb530bbb9
0000035d17803559
0000035d41682819
0000035d5f5c9339
0000035d9fc17a39
0000035ded35ca79
0000035e26b6c939
0000035e61e61659
0000035ec0d9b439
0000035ec88df179
0000035ece161499
0000035eec3a3039
0000035f219c5779
0000035f4e9b1e79
0000035f4ee64099
0000035f7d28c1b9
0000035f834cdcb9
000003602896ffb9
000006c05db66f61
0000000002d20171
0000000000000181
000003605021d8f9
0000036082c3fb19
00000360b8e66039
000003612ebab2f9
0000036141fc7139
000003615a8d40d9
000003616261bd99
000003618487d379
00000361a687e7d9
00000361f7c27259
0000036202801e79
000003623a83e339
000003627f42ef39
00000362c87fc039
00000363171bb9b9
000003631a069099
000003633fca74b9
00000363440058d9
0000036364f20459
0000036381f07b19
00000363b03440b9
00000363b2bb8a99
00000363eeebda39
0000036424eef619
0000036448d1dc99
00000364492a5ef9
000003645cd8b719
00000364742de979
000003648f8fc8f9
00000364bc2245d9
00000364ebacff99
00000364ecff9b59
000003651641ee19
000003651c647c99
0000036533552739
0000036587ad1299
00000365adcd1bb9
00000365b72bec99
00000365e4c4d719
00000365f8b8a219
00000365fc959a79
0000036602b880d9
000003664632e3d9
000003665343ad99
0000036673922c99
0000036696d7f139
000003669b417eb9
00000366aa410679
00000366e738eaf9
00000366e7915579
00000366ed963499
000003672c3c5eb9
00000367784d21d9
0000036782050819
00000367a5b1eb79
00000367a5b1ed59
00000367b26df159
00000367ee094219
0000036848c5e119
0000036857ade3b9
00000368ebaf4059
00000369281a56f9
000006d2fe21b361
0000000002d20171
0000000000000181
0000036986932c59
00000369dc8ed699
0000036a73e053f9
0000036aabfe5cf9
0000036ae0679739
0000036aff0e5859
0000036b2c572019
0000036b58e7c2d9
0000036b7a396299
0000036bbc39d719
0000036c09622df9
0000036cc7d11b99
0000036d4ee88859
0000036d8776df99
0000036dfe7066b9
0000036e2e33a2b9
0000036e34b33a39
0000036e4d90aa59
0000036e7a2febd9
0000036e9b96fc79
0000036edd93ba99
0000036f25df0b19
0000036f32c71eb9
0000036f35929359
0000036f3b346419
0000036f5ae97879
0000036fcad30af9
0000036fcadf6619
0000037037a089d9
0000037122f343d9
000003716f2d8219
00000371c14ff9f9
0000037223e858b9
0000037240ed88f9
0000037250dd4239
0000037265197ed9
00000372bd48d7f9
000006e59e8cf761
0000000002d20171
0000000000000181
00000372d0990ab9
00000372d41559b9
00000373221194b9
0000037395265f99
000003740d3b8ef9
000003754e746cb9
000003755564cfd9
000003758ccdf979
00000375c9719259
00000375d907ec39
000003761db08e39
00000376518e1239
0000037679978fb9
00000376857730f9
00000376a36cce99
00000376be50f6b9
00000377050d20b9
000003772c5ac7b9
000003774a94bbf9
0000037754b8c279
000003775812ed79
000003777292a639
00000377c6518c99
00000377e79e72b9
0000037805535919
000003785b7d8b59
000003786ead8c99
00000378e823aaf9
00000379c7792eb9
00000379e8b22819
0000037a60604df9
0000037ab8cdfb99
0000037ad1f7f019
0000037b5210fd59
0000037be9b63f19
0000037c15563359
000006f83ef83b61
0000000002d20171
0000000000000181
0000037c2323f8b9
0000037c4016d179
0000037c60ee8219
0000037c85ae0a59
0000037c97f16df9
0000037cbada5339
0000037cbe38f6f9
0000037ce0ff7e99
0000037d41aa7119
0000037d96e037f9
0000037dd51f40f9
0000037def6a6fd9
0000037df47f6f19
0000037eace75d39
0000037eed3b6379
0000037f2a0ea559
0000037f4641b0b9
0000037f7922e2d9
0000037f7ec51f39
0000037faaad2459
0000037fb83e5559
0000037fc80a4e99
0000037fdf688219
0000037fe3be4099
000003800593a7f9
0000038025e72a79
000003802c10eef9
00000380a2345979
00000380e83cc419
00000381051f79d9
000003813c521099
000003815ab78c19
00000381ac066b79
00000381ac067459
00000381cf629279
00000381e4c07639
000003821b7ed9f9
0000038263625c59
00000382698ea259
0000038291e61f79
0000038297c7e799
00000382e994f659
00000383cb988559
000003847748caf9
0000038485781479
00000384a28075d9
00000384c6355a99
00000384ef697819
00000385371e98b9
000003854a71d319
0000070adf637f61
0000000002d20171
0000000000000181
00000385ab890019
00000385c94da2b9
000003868c197d99
000003871e7a10f9
000003879c1b57f9
00000388277f2679
000003884196e459
00000388781fdcf9
00000388b8c05b79
000003890513f239
000003890e61e779
00000389227d77f9
0000038998e965f9
00000389b96a22b9
00000389c04efb79
00000389c0a0ccb9
0000038a2d7c1e79
0000038a2d8ceb79
0000038a50a006b9
0000038a62149079
0000038aa1473bd9
0000038aa815bf79
0000038ab5fea979
0000038ae309b2f9
0000038b76eb70f9
0000038b93c98bf9
0000038bf10ce6f9
0000038bf1369c39
0000038d98277d99
0000038d982786f9
0000038dc8baee79
0000038df6904159
0000038e48f19cb9
0000038ebe24cad9
0000071d7fcec361
0000000002d20171
0000000000000181
0000038edb481fd9
0000038ef258a339
0000038eff0ed359
0000038f099b6db9
0000038f2c8acf99
0000038f50bc3c79
0000038f7854a9d9
00000390b48ff2f9
00000390b4c7d6b9
00000390d3da7139
00000390ea099ef9
000003911dcd5319
0000039145270279
000003918df38b99
0000039245bdb7f9
00000392b1c8df39
00000392c2f71319
00000392cb616739
00000392d3318099
000003930e1d67d9
0000039321112cd9
0000039401fce0f9
0000039411e83299
00000394a39a6ff9
000003951a250519
0000039550e489d9
00000395928bc299
000003966cdc6db9
0000039711a9feb9
000003971275c259
000003973918ebb9
00000397721ff8b9
00000397795ab659
00000397d81e9179
00000730203a0761
0000000002d20171
0000000000000181
0000039874260f59
0000039906afa219
0000039957f2ed19
00000399b05d53b9
00000399be66fcb9
00000399c1f781f9
0000039ab2c7e959
0000039abcad8a19
0000039b004cc699
0000039b3d1c7fd9
0000039b5786f9f9
0000039b99c72779
0000039baa43c599
0000039bdc7a7cf9
0000039c233428f9
0000039c36e6dcf9
0000039c5947b219
0000039cc40789d9
0000039d22d45399
0000039dd1d201d9
0000039def4f2719
0000039e00de9c39
0000039e08778799
0000039e134414f9
0000039e4d477c59
0000039e7d691b99
0000039e95ffd559
0000039ea8143479
0000039eac2b6ed9
0000039eb8743879
0000039ec07fe599
0000039f2680c419
0000039f53299859
0000039f554b1879
0000039f710b5819
0000039f75926559
0000039f90f999b9
0000039fad8dbf99
0000039fb7359dd9
0000039ff87232b9
000003a0177453f9
000003a07b6b9659
000003a0a53eb7b9
000003a0b36c9dd9
000003a0be91bb39
000003a122f22639
00000742c0a54c61
0000000002d20171
0000000000000181
000003a19c0bd9f9
000003a1e18b9a19
000003a1f2ee7279
000003a1f43880b9
000003a22a7d4b19
000003a26f7fa919
000003a2fd90ebd9
000003a3f4dc21b9
000003a43df12ef9
000003a4e7824c59
000003a4e9eea539
000003a5084cdd59
000003a532a1d679
000003a54de5b719
000003a57f15acf9
000003a5bb426f99
000003a5cee81919
000003a5e6ed0e99
000003a608ba3bd9
000003a6f6abc6f9
000003a702093e59
000003a7150cfd19
000003a73ab753b9
000003a740d2ee99
000003a7ade30a19
000003a808107c39
000003a81fa007b9
000003a833420d59
000003a8588d6f19
000003a9075d61b9
000003a9081ec179
000003a90e78d5b9
000003a937ef2379
000003a956b8bed9
000003a96c7c8579
000003a9a0563dd9
000003a9c7dce279
000003aa01df8299
000003aa08df3859
000003aa27c32e99
000003aa3763ee39
000003aa97b54bd9
0000075561109061
0000000002d20171
0000000000000181
000003ab0930e959
000003ab4cb605f9
000003ab52185499
000003ab681b5979
000003ab8953d0f9
000003abbb9d8b79
000003ac82278e79
000003ac8f45a959
000003ac8faf8579
000003acf0243739
000003adcb2f93d9
000003ae48a24b39
000003ae83f1fa79
000003aeaa0f1679
000003aef60dce59
000003af34730b39
000003af533c5a19
000003af99f756d9
000003afd870e479
000003aff1f086b9
000003b0308747d9
000003b07faa7359
000003b0d80062b9
000003b0e33b7b99
000003b138545bf9
000003b17d492359
000003b183b5b0b9
000003b1edb359b9
000003b258ebee19
000003b2a0d7c419
000003b2ad99c159
000003b33518c559
000003b3d41b4239
00000768017bd461
0000000002d20171
0000000000000181
000003b41c530fb9
000003b424fc2899
000003b4577923f9
000003b4d67b20d9
000003b5ea2764f9
000003b612704699
000003b6b4f0f219
000003b7c98c4859
000003b7ec0d9659
000003b81cf2a339
000003b822703979
000003b87fbd9159
000003b8a56a2539
000003b94d35cb99
000003b999242ab9
000003b9ca03ac19
000003b9e9dbf1d9
000003ba2724a4f9
000003ba59b31d19
000003ba7250f8b9
000003bb1f4a3c59
000003bb6962e279
000003bbd8449839
0000077aa1e71861
0000000002d20171
0000000000000181
000003bd8cb99b59
000003bda0f9efb9
000003bde1a23d19
000003be1979c3d9
000003be20082e59
000003be6f6041d9
000003be766d9e39
000003be7d78fdb9
000003be84a50219
000003beded02db9
000003bf0766d039
000003bf5e55ea79
000003bf62d883b9
000003c002bf9339
000003c06bec5f99
000003c07e55a099
000003c0890a9cb9
000003c0cf8258d9
000003c118998719
000003c166efcb79
000003c196e056b9
000003c2493862f9
000003c25f55c199
000003c28e2f2439
000003c2b2cc5eb9
000003c2eba43439
000003c394e30a59
000003c3b9697039
000003c44edf6a19
000003c465e1e639
000003c4d66cd2f9
000003c4e9f02cf9
000003c4ed67eb39
000003c5292e4159
000003c52a269f19
000003c5945e8259
000003c5945e97f9
000003c61e248cf9
000003c668423179
000003c688c80119
0000078d42525c61
0000000002d20171
0000000000000181
000003c6cd248e59
000003c704957799
000003c726c5c7b9
000003c7278f0ed9
000003c7596c2ff9
000003c779c1fa79
000003c7a06ae559
000003c7f20ca019
000003c8b810b8f9
000003c8f43c9559
000003c92167c5b9
000003c96ad0c5d9
000003c9a4191a39
000003c9abebea19
000003c9fc407c79
000003ca0433c7d9
000003ca455693d9
000003cb2f8fe859
000003cb5993f7b9
000003cba2fe7e99
000003cbc95c7a19
000003cbef687479
000003cc110b43d9
000003cc1351ef39
000003cc3f8ccd79
000003cc4e293959
000003cc59d977b9
000003ccb9d2a119
000003ccc9bcedf9
000003ccdaf32bb9
000003cce9823919
000003ccea6da0d9
000003cd6d12a219
000003cd82ed9039
000003cde58a3599
000003cde921d6d9
000003ce28fbdab9
000003ce30063f59
000003ce33788ab9
000003ce7cfd28d9
000003ce8ef51759
000003ce992e1839
000003ceb98076d9
000003cf18716679
000003cfb840c119
000003cfcfda3cf9
0000079fe2bda061
0000000002d20171
0000000000000181
000003d03f386f19
000003d0656b4179
000003d0ed50c1b9
000003d1053b3f39
000003d1164eaa99
000003d11c1f5d39
000003d1554b0699
000003d163a631f9
000003d173add7d9
000003d1744f1039
000003d17a1517b9
000003d1f0151c79
000003d206cdf539
000003d23aaa8979
000003d2f06b7959
000003d31cd5dcf9
000003d329372439
000003d355aacaf9
000003d399886059
000003d3f12027d9
000003d429e241d9
000003d4518b2679
000003d47fe76c39
000003d4a029bcf9
000003d4bbb3ee59
000003d4d93b6bf9
000003d50afb8e19
000003d57db027d9
000003d5a8f38b99
000003d5b0099d19
000003d63151b139
000003d679266f79
000003d696ae93b9
000003d6c8e11819
000003d71b7a4d79
000003d728a82db9
000003d79825fd79
000003d8035ce239
000003d8384181d9
000003d8f5de3ad9
000003d93d72c339
000003d93d9ba839
000007b28328e561
0000000002d20171
0000000000000181
000003d94380d879
000003d9e5cedb99
000003d9e8a1df19
000003da01bce279
000003da0dc6f1f9
000003da1f076599
000003da514d6eb9
000003da9a659919
000003db42c181f9
000003db6ccf27b9
000003db91e8d659
000003dbf3aecf19
000003dbf5e80579
000003dbf90d3739
000003dc003d0299
000003dc5e41ba19
000003dc5f01f999
000003dc84f6ea39
000003dc8f710799
000003dd572990d9
000003dddca4ad99
000003de02d6c2b9
000003de2e93d419
000003de31ff32b9
000003de6904b5f9
000003de6d2e3799
000003df32b766b9
000003df5f581159
000003dfba1cd279
000003dffd244ab9
000003e01de74679
000003e035aa94d9
000003e03c2fd599
000003e03e999999
000003e10f901379
000003e17f9602d9
000003e21db53759
000003e25e0c5799
000007c523942961
0000000002d20171
0000000000000181
000003e2d1b5f119
000003e2d53df379
000003e33b8926d9
000003e34b0a8999
000003e386551e19
000003e3a015df99
000003e4110149f9
000003e46340a199
000003e48f507499
000003e498841c59
000003e53691bed9
000003e5ebf947b9
000003e62f8903f9
000003e65f62c899
000003e6a62554f9
000003e6c4cd6d59
000003e8035eadb9
000003e823f1ec19
000003e8560e2219
000003e87a321d79
000003e8b1894c79
000003e8dcff8239
000003e91218f279
000003e943c404b9
000003ea404a4dd9
000003ea482d8279
000003ea4ec22359
000003ea6c54ba99
000003ea6cdfb799
000003ea70a65079
000003eaa1c78659
000003eae91bd259
000003eb6bbfe1d9
000003eb7193b2b9
000003eba874b3f9
000003ebbe830a99
000007d7c3ff6d61
0000000002d20171
0000000000000181
000003ec03309999
000003ec4f22ae79
000003ec976396b9
000003eca11384b9
000003eccbac1899
000003eccc9cc839
000003ed052ef0f9
000003ed18eaed99
000003ed5dda0759
000003ed85baa9b9
000003eda0b3dad9
000003eeae29ed99
000003eebe0e7e59
000003ef25b96ab9
000003ef51155399
000003ef55048e59
000003ef615a8459
000003ef616c22f9
000003ef8f05e099
000003eff72ec9f9
000003f03f664219
000003f083aa52d9
000003f0ab6a2039
000003f0bc242739
000003f0bf42c0d9
000003f0df7ec6f9
000003f10b98bb99
000003f1484d2179
000003f164ca75b9
000003f1a5bd60b9
000003f1b6a2c559
000003f1fc74ec59
000003f245d77b99
000003f24b1298d9
000003f2575579b9
000003f25d1c65b9
000003f2b8712c19
000003f33b7ba219
000003f36e206bf9
000003f4549b6299
000003f463784659
000003f4a24d5399
000003f4fb223c19
000003f50619f959
000007ea646ab161
0000000002d20171
0000000000000181
000003f5431ad459
000003f54babc819
000003f5b0619b79
000003f5c5cc1a39
000003f5cad478b9
000003f5d0b3d919
000003f5ec9ee9f9
000003f5ffe521d9
000003f626ac50d9
000003f6530a7c59
000003f66e8afa19
000003f6cfac7f99
000003f6dda6f139
000003f6de4b1039
000003f6e8e335b9
000003f71198dbb9
000003f72b782159
000003f7394aeff9
000003f77121cdd9
000003f7768fe859
000003f782922f59
000003f7b81be799
000003f7edb50f99
000003f81a562439
000003f840ab16f9
000003f8624a4419
000003f8e7584279
000003f8fc85fab9
000003f92fe2a359
000003f9abd10fd9
000003f9c93176b9
000003f9d338bcd9
000003fa52becf99
000003facfea8899
000003fad77d1999
000003fbf3730e79
000003fc0ae747b9
000003fc2528f639
000003fc7b623c79
000003fcb9464a19
000003fcb9fe1619
000003fcbea42719
000003fcd2203579
000003fcf8188339
000003fd46876bf9
000003fd4b34cc79
000003fd6401ac19
000003fddc0a9ed9
000003fde2c7fa99
000003fdf462f899
000003fe70356b79
000007fd04d5f661
0000000002d20171
0000000000000181
000003ff0fac31f9
000003ff1f7bfb39
0000040014286bf9
00000400639ef359
000004008b79c5d9
00000400a971ed19
00000400d9cb1b39
00000401025e76d9
000004013aec48f9
00000401e071c7f9
00000401e218f2f9
00000401f897e339
000004022679def9
000004025a885359
000004027d5f4159
00000402c895cd39
00000402c8f1c2b9
0000040323c1e579
000004034bb7ad19
00000403cfaedcb9
00000403eb762e99
000004045494caf9
000004045e4482b9
00000404be04e7d9
00000404ecb13099
00000404edccf359
00000404f43c4139
000004050ee7a959
000004052deac079
00000405819b99b9
000004058d6e6ad9
00000405a0202c99
00000405eaef3e19
0000040648289959
000004071c8a9399
0000040763ee2b39
000004076a76b5f9
0000080fa5413a61
0000000002d20171
0000000000000181
000004082bcc2839
000004088299e419
000004088e0107d9
00000408e72ee079
00000408f0a1a279
00000408fdbcda59
0000040911745859
00000409513e06d9
0000040992246f59
00000409998a3079
00000409f3eb8619
0000040a0b213f19
0000040aa576bdf9
0000040b6edb0139
0000040b716c97f9
0000040bfc1622b9
0000040c63bac699
0000040c7201e3d9
0000040c8c3f3cb9
0000040c8f3101f9
0000040ccb99e759
0000040d0520ecb9
0000040d73e881b9
0000040d73e89d59
0000040e4b5fdd59
0000040e5ac742d9
0000040e67922c39
0000040ebaf93ff9
0000040ebd2d0a39
0000040ec424ceb9
0000040f3c832a39
0000040f771058b9
0000040f77e0dbb9
0000040fa5ff0499
00000410065fcdd9
0000041007d10c59
00000410317369b9
000004109b4f6a59
00000410a74acfb9
00000411019254d9
0000082245ac7e61
0000000002d20171
0000000000000181
000004113aaf61f9
000004120e5daab9
000004129570f819
0000041296729eb9
0000041297a94c79
000004131058f3f9
0000041316e109d9
000004139118ca79
00000413a8503659
00000413caeff6f9
00000413f80f8f79
000004142b728979
0000041437501ef9
000004147c97c219
00000414a81dbf79
00000414bad06c99
00000414ff6ce4d9
000004152c712219
0000041530d31d59
00000415506ff739
0000041575013739
00000415b35f8af9
000004164218b2b9
000004165a9a9259
0000041720732ed9
000004173498c739
0000041741d71739
0000041746463599
00000417548bbf39
000004175fec1b39
0000041791b85319
000004185db5a919
000004187c17c559
00000418ac91ebf9
00000418c2b1d6f9
00000418f3120d99
000004190bfb66f9
0000041930497759
000004194b8e2ff9
00000419847c5a79
00000419d54b0959
00000419f2f4a9d9
00000419fea47679
00000834e617c261
0000000002d20171
0000000000000181
0000041a842cff59
0000041aa0ab9c19
0000041ada4dd9f9
0000041b68e71559
0000041be547e999
0000041bf980def9
0000041c442b0499
0000041c56b7f7f9
0000041c57a70339
0000041c8381acb9
0000041ca3eea179
0000041d1b215199
0000041d1c6b5ed9
0000041d7cef4499
0000041d7cef46b9
0000041ecd75d239
0000041ef8125b39
0000041f238f8ad9
0000041f2c419219
0000041fce650ab9
0000041fd6b37139
0000041fe8541619
0000041fe8542ad9
0000042026c3bcf9
000004203a819779
0000042043d4e659
00000420f18f22f9
000004214167bb39
000004217072ee79
000004217d142df9
00000421ca232279
00000421ca77f2d9
00000421e30a2ad9
00000422352b3319
00000422cb18d079
000004230e0bf279
0000042313199dd9
000004233536e1d9
0000084786830761
0000000002d20171
0000000000000181
00000423d12b76d9
00000423e3770e99
00000423f4beb259
0000042436ecb659
0000042438c6cef9
000004244b157d79
00000424a99df359
0000042548be5219
0000042579463a59
000004257fe1b859
0000042589d54db9
000004259596eab9
0000042621729079
00000426448341f9
0000042654b89a59
00000426c2dec6d9
00000426d269bbf9
000004277d703c99
00000427a8e10139
00000427ccefec19
00000427f80bbb19
000004284af6ce79
000004289bf0fc19
00000428c0ad75b9
000004291d9de699
0000042969a35839
00000429761abd99
00000429b3c1f179
00000429bc239019
00000429c0bead59
0000042a06e38cd9
0000042a298b73f9
0000042a831ebb59
0000042a9105cd19
0000042a99b269b9
0000042ac2ead659
0000042b0223ae39
0000085a26ee4b61
0000000002d20171
0000000000000181
0000042d25d40939
0000042d2658f299
0000042d76820cd9
0000042d853a4fd9
0000042dd3b5c5b9
0000042de8d7df99
0000042e6ebe7c59
0000042e866b3eb9
0000042ee2a6fb39
0000042eea290db9
0000042f73f9bd79
0000042f7c7ed779
0000042f9bce2a99
0000042faf38abd9
0000042fe2fe34d9
000004308ab432d9
00000430a526dab9
0000043102fe3cd9
0000043164afcb19
000004318b6f8d79
00000431ecfb4d79
00000431f4ef60d9
000004326bc429d9
00000432af819c79
00000432effc21b9
000004331c4abe79
0000043365ca9839
00000433ab025ff9
00000434162a1f59
0000043439adc039
00000435189d8479
00000435287a11b9
000004355b2d3279
00000435cfd77dd9
00000435e06a8679
000004360ec67419
00000436189c2f19
000004365a1dae59
0000086cc7598f61
0000000002d20171
0000000000000181
00000436e4216f59
00000436f1b99859
00000436fe5acd99
0000043709783959
000004373a038c19
0000043741e0e1d9
0000043759f23d19
00000437a06a6859
00000437b8d36f99
00000437c0e770b9
00000437d8b53b99
00000438a8906299
00000439b22f8a99
00000439c3f1c219
0000043a03b04e99
0000043a74892319
0000043a788af079
0000043aca3a29d9
0000043ae1a151b9
0000043aff1c5ed9
0000043b9821acf9
0000043bb07d24b9
0000043be96f4a79
0000043c45d20d19
0000043c63ef8319
0000043c7c6cbed9
0000043d0b9c0559
0000043d2d341759
0000043d67b10f99
0000043d69051599
0000043d6f001499
0000043d77e181d9
0000043d82a68db9
0000043da6444279
0000043dba2f4479
0000043dfe267379
0000043e337d2fd9
0000043e422ca5f9
0000043e655935b9
0000043e6edeac19
0000043e7fcca579
0000043e83b57259
0000043e9e913859
0000043ea0368239
0000043ec733a439
0000043ed76d0c79
0000043ef0dc7299
0000043efbe1c3d9
0000043f67b20e19
0000043f96da8119
0000087f67c4d461
0000000002d20171
0000000000000181
000004401bd89e79
0000044040742b39
000004407f4f4359
00000440a706fd79
00000440afb94959
00000440cf81c1f9
00000440e581da19
000004412514d719
0000044196bdf159
00000441e08eadf9
00000442063f5ad9
0000044250e84399
00000442b2083ed9
00000442cbbb2c19
000004433003a239
000004436104f5b9
000004437bc39f79
0000044391742f79
00000443d0f09bb9
00000443d2747d99
00000444117dd939
000004451bd1b599
00000445b0d70ef9
00000445b60c1f59
00000445c1ff2199
00000445e49da1f9
0000044653264819
00000446d8f9a3b9
00000446edd8ffd9
000004470a42b0d9
000004471afca7b9
000004479c9140d9
0000044819a8cb79
0000044844a3ed19
000004488ddcfbb9
00000448a57c3359
00000448afe934b9
0000089208301861
0000000002d20171
0000000000000181
000004490d53e039
000004492e80cdf9
0000044987514919
00000449950bf719
00000449d8fe2019
00000449e2d9eeb9
00000449f2736f99
0000044a3c860c99
0000044a435e65d9
0000044a4dfe2899
0000044abb14e739
0000044afefa27b9
0000044b3c3761d9
0000044b3d3a4d19
0000044b471bf059
0000044b7817a919
0000044bb065b579
0000044be2df47b9
0000044bf882e799
0000044bfae77499
0000044c00ee3f39
0000044c18017d79
0000044c3bcaec79
0000044cbae56739
0000044cc8ed3739
0000044d0236f039
0000044d2fc82d39
0000044d31810979
0000044d389d9259
0000044d3e14a7d9
0000044d5a511539
0000044d5b0b5c59
0000044d61ecf479
0000044d63bcb479
0000044d76844a39
0000044d80a10c39
0000044e45067619
0000044e72ea7ff9
0000044e75c5c639
0000044eb4ae0a39
0000044ed7735599
0000044ef00a7359
0000044f58c1d539
0000044f5b7d81f9
0000044fa669f299
0000044fef0a90d9
000004503e9634f9
0000045047b68599
000004504e799179
00000450864572f9
00000450f1e97a39
00000450f7acd3f9
00000450fe8f4b59
000004514c03b159
000004516f50f5d9
000004518d1ae6f9
000004519880aeb9
00000451d54412d9
000004522729db59
000008a4a89b5c61
0000000002d20171
0000000000000181
00000452ceac7c59
00000452cee08af9
000004535cb32ed9
000004537047cd19
00000453ae7f1959
000004540cea06d9
0000045427d25ff9
0000045427d27279
0000045438f54339
00000454402b4919
000004546263da19
000004547877b839
000004547a762639
00000454959cecf9
0000045514abf879
0000045533aef3b9
0000045538241c79
0000045557dff6d9
0000045568b88f79
0000045603e11fb9
000004566574bb99
00000456745c69d9
00000456b9f079b9
00000456d4b7ffb9
00000456e940f079
0000045703f6db99
000004573b92cb99
000004574035f1f9
00000458086eeeb9
000004581c4537f9
0000045871138a59
0000045883deda99
0000045883dedef9
000004592926bd39
0000045951fad919
00000459e0f976b9
00000459edf4ceb9
0000045a0bdf50d9
0000045a15a00fd9
0000045a58871bf9
0000045ace23c2b9
0000045af224f3b9
0000045afe3afeb9
0000045affe5ffd9
0000045b0554ce59
0000045b48892ff9
0000045b5cfaf8f9
000008b74906a161
0000000002d20171
0000000000000181
0000045bb3007199
0000045bb5c10d59
0000045bd5203979
0000045c1355afb9
0000045c4a504b99
0000045c9e929e79
0000045ca4f96439
0000045cd4a82879
0000045d3fb029b9
0000045d5f972fb9
0000045d7ff42899
0000045d7ff43739
0000045ddddb5c59
0000045e16b83dd9
0000045e2682ad59
0000045e87d13a39
0000045e9aaaccb9
0000045eb122c999
0000045eeb82ae59
0000045f2a6dd159
0000045f5bda88d9
0000045f5d40cf59
0000045f78b51939
0000045f82545cb9
0000045f8fbd0d39
0000045fd5e203d9
000008bfdfaef261
0000000002d20171
0000000000000181
