[MCS8 A] 97 FW 3.104 SV 1.257 
range=1024
periods=2
sweepmode=27e20d0
fstchan=0
holdafter=0
streamstatus=3
calreg0=0
calreg1=0
calreg2=0
calreg3=0
swpreset=8000        
prena=1
syncout=0
cycles=18
sequences=1
tagbits=16
vdac0=92c
vdac1=807
vdac2=8c8
vdac3=8c8
vdac4=8c8
vdac5=8c8
vdac6=8c8
vdac7=8c8
timepreset=120.000     
digio=0
digval=0
autoinc=0 
savedata=2 
mpafmt=asc
sephead=0 
fmt=asc
smoothpts=5 
[CHN1]
REPORT-FILE from 06/23/2026 15:57:18.215  written 06/23/2026 15:57:18
cmline0=06/23/2026 15:57:18.215 
cmline1=A1
range=1024
active=1
bitshift=4
cftfak=2580100
evpreset=10          
roimin=0
roimax=1000
caloff=0.800000
calfact=12.800000
calfact2=0
calfact3=0
calunit=nsec
caluse=1 
[CHN2]
REPORT-FILE from  written 06/23/2026 15:57:18
cmline1=A2
range=1024
active=0
bitshift=4
cftfak=2580100
evpreset=10          
roimin=0
roimax=1000
caloff=0.800000
calfact=12.800000
calfact2=0
calfact3=0
calunit=nsec
caluse=1 
[CHN3]
REPORT-FILE from  written 06/23/2026 15:57:18
cmline1=A3
range=1024
active=0
bitshift=4
cftfak=2580100
evpreset=10          
roimin=0
roimax=1000
caloff=0.800000
calfact=12.800000
calfact2=0
calfact3=0
calunit=nsec
caluse=1 
[CHN4]
REPORT-FILE from  written 06/23/2026 15:57:18
cmline1=A4
range=1024
active=0
bitshift=4
cftfak=2580100
evpreset=10          
roimin=0
roimax=1000
caloff=0.800000
calfact=12.800000
calfact2=0
calfact3=0
calunit=nsec
caluse=1 
[CHN5]
REPORT-FILE from  written 06/23/2026 15:57:18
cmline1=A5
range=1024
active=0
bitshift=4
cftfak=2580100
evpreset=10          
roimin=0
roimax=1000
caloff=0.800000
calfact=12.800000
calfact2=0
calfact3=0
calunit=nsec
caluse=1 
[CHN6]
REPORT-FILE from  written 06/23/2026 15:57:18
cmline1=A6
range=1024
active=0
bitshift=4
cftfak=2580100
evpreset=10          
roimin=0
roimax=1000
caloff=0.800000
calfact=12.800000
calfact2=0
calfact3=0
calunit=nsec
caluse=1 
[CHN7]
REPORT-FILE from  written 06/23/2026 15:57:18
cmline1=A7
range=1024
active=0
bitshift=4
cftfak=2580100
evpreset=0           
roimin=0
roimax=1000
caloff=0.800000
calfact=12.800000
calfact2=0
calfact3=0
calunit=nsec
caluse=1 
[CHN8]
REPORT-FILE from  written 06/23/2026 15:57:18
cmline1=A8
range=1024
active=0
bitshift=4
cftfak=2580100
evpreset=0           
roimin=0
roimax=1000
caloff=0.800000
calfact=12.800000
calfact2=0
calfact3=0
calunit=nsec
caluse=1 
;MCS8 #97 Sversion=1.257 Fversion=3.68
time_patch=1
;datalength=8 bytes
;bit0..3: channel# 1..8 ( 4 bit)
;bit4: edge 0=up / 1=dn ( 1 bit)
;bit5 ..57: timedata    (53 bit), max sweep length 2001.6 h
;bit58..62: tag0..tag4  ( 5 bit)
;bit63:     data_lost   ( 1 bit)
[DATA]
0000000000000016
000000005cd11459
00000000876d43b9
000000009dc4ec79
000000017416b699
00000001b903e059
00000001cff03359
00000001f300ff99
00000002359672f9
0000000260fa8db9
0000000288677599
00000002db8d95b9
0000000322169ed9
0000000364499219
00000003a023e3b9
00000003d6eb0cb9
00000003df129099
00000004264f2eb9
000000045d38b7d9
00000004a23b7d99
000000054fe1dd39
0000000583ac0bb9
00000005f32bce79
00000006126d4859
000000066f0ddb19
0000000672aaedb9
000000079573a059
000000079e3bba19
00000007a4c3b8f9
00000007c121a279
00000008383a8c79
000000089a70e719
00000008fbaa0559
0000000905c999f9
000000091faf5259
000000095a236039
0000000a2fe6e859
0000000a5ecb2f59
0000000b1808f499
0000000b34f84af9
0000000bfa225a59
0000000bfb00c499
0000000c35851eb9
0000000c4c419399
0000000d268e1ef9
0000000dd45031f9
0000000dfd636c99
0000000e251b1a79
0000000e8cfa3239
0000000ebdcdccd9
0000000ece224cf9
0000000ffefd8259
000000104f2d0319
000000215735d361
0000000002480671
0000000000000181
000000113069e4d9
0000001132d29e99
00000011634e5339
000000116e768e19
00000012246037f9
000000122ada55f9
0000001292a84399
00000012fda86099
0000001325e16339
000000137a090679
00000013c3f8b2d9
000000141e358f99
000000152969e859
0000001540aed2f9
0000001544993af9
000000156d993a59
00000015b32e6639
00000015de7445d9
000000166b434cb9
00000016ccc24d79
000000177eda8d99
0000001798dd7419
000000182f664059
000000188838fef9
00000019183c7ad9
00000019ed0da8f9
00000033f7a12661
0000000002480671
0000000000000181
0000001a092d4c79
0000001a41e041d9
0000001a47adaa99
0000001aa5b89699
0000001ad4510899
0000001b360fde39
0000001be7aeccf9
0000001bfdd5bd59
0000001c6b541ed9
0000001d953a8cb9
0000001da4b95639
0000001de9ea3179
0000001e9f0e0219
0000001eb210e119
0000001f29f1caf9
0000001f3dbbce19
0000001f4c4e3779
0000001f63e7e379
0000001f8762ea59
0000001f895bb859
0000001fb70458d9
0000001fcbae31f9
000000209fecaf79
000000211fbf7e39
00000021aa5513d9
00000021b88d23d9
0000002326b92fd9
000000233f5dd1d9
0000002348414319
00000046980c7961
0000000002480671
0000000000000181
00000023606a2079
00000023666578d9
00000023a63d8ad9
00000024358df699
000000245799daf9
000000247ac97db9
00000024d2ad7039
0000002510f469f9
0000002515e5e279
00000025c58ff7b9
0000002613526179
000000265f5f79f9
0000002694dec8f9
00000026b4a0ba99
00000027a73a5339
00000027bd404b99
0000002821f23ed9
000000282588b4b9
0000002837c44b39
0000002878ab90f9
000000289d8f9a59
00000028fb560299
000000294802cc39
0000002999b7c5b9
00000029a7b99719
00000029f2584619
0000002a34b56839
0000002a45e62e19
0000002abefb83b9
0000002adf86ef19
0000002ba71244f9
0000002c306c8339
0000002c398cb3d9
0000002c39e16b39
0000002c9282bed9
000000593877cc61
0000000002480671
0000000000000181
0000002d66c8d3b9
0000002db411f3d9
0000002dccf70cf9
0000002dd6f657d9
0000002de40b3a99
0000002def4549b9
0000002e0fc19d19
0000002e2ef727d9
0000002eb27fee99
0000002fabfbf599
0000002fc2e000b9
0000002ff9fd17d9
0000002fff76eef9
00000030b9c8c159
0000003118d07d79
00000031634f6c79
0000003204529919
0000003296e39379
00000032c51bdc79
00000032d0636959
00000033464ab879
0000003391981c99
000000349078c499
00000034ebe8c779
00000035197eaad9
000000357d122659
00000035e9cf0f39
0000006bd8e31f61
0000000002480671
0000000000000181
0000003632d7e8b9
000000363baa0c19
00000036966b0659
00000036b65bf499
00000036d7f1a199
00000036ead3c579
000000379a5667f9
00000037c1da41f9
000000393cfaef19
00000039687f60b9
0000003a98b27259
0000003b72ef7f19
0000003b73612d39
0000003b7b342fb9
0000003c17354c39
0000003c260b17d9
0000003d100ed119
0000003d490698d9
0000003d840f1099
0000003db4514839
0000003dc0b7ecd9
0000003e72190139
0000003ee7acc539
0000003ef2166579
0000003f2f024dd9
0000007e794e7261
0000000002480671
0000000000000181
0000003f951976b9
0000003fbe8c5db9
0000004038072519
0000004059363d19
000000406a485e99
00000041452d00f9
000000419faec179
000000424ecdffd9
00000042781de3f9
00000042986ad2f9
00000043086c71b9
0000004311f7d559
00000043bb013279
00000044076cd459
00000044157031d9
0000004480bfc759
00000044a808cdf9
000000454c0720f9
0000004670f4ad19
0000004678f924d9
00000046c8f32059
00000046d898e699
00000046e6cf6919
00000046e6d7ae99
000000470f82e119
00000047d603a159
000000480c0dc979
00000048169b31b9
000000486715fe79
000000487b410599
0000009119b9c561
0000000002480671
0000000000000181
00000048c9aae279
00000049d1071899
0000004adb9dbe59
0000004b76cf8819
0000004ceb085699
0000004de90d8719
0000004e1f57ed39
0000004e5bae2199
0000004e9149a2f9
0000004e9c0891b9
0000004eb36b5419
0000004ed52683d9
0000004f221aaf19
0000004f7776b0b9
0000004f89a6f839
0000004fd3ed4f79
0000004fde00a579
000000500cce7039
0000005038782a39
000000505d920459
00000050f870e039
00000051622d2ed9
000000a3ba251861
0000000002480671
0000000000000181
0000005233802f39
00000052fc3292f9
000000537950fb79
000000538dad59b9
00000054258064d9
000000556d250c39
000000556f38b1b9
0000005577c55f59
00000055abcf7bd9
000000565fe64539
00000057a7388279
000000584b0cfbf9
0000005879b0b199
00000058b984e499
0000005950daa3d9
00000059835c0d39
00000059d2f81899
0000005a63055ab9
0000005a745f56d9
0000005b078cd339
0000005b1f3ac639
0000005b2448aa99
000000b65a906b61
0000000002480671
0000000000000181
0000005b81f87e79
0000005b903ca699
0000005bfa3bca59
0000005c0b4690d9
0000005c64de6e59
0000005c84212cf9
0000005d325575d9
0000005d8ddcf0b9
0000005e483dafd9
0000005e7e56d6b9
0000005f2c612219
0000005f30509799
0000005f42172e79
0000005f6bbd6859
0000005fd2eff1d9
0000005fed717959
00000060215837d9
000000602a5ec0b9
000000602a5ec839
0000006035c698d9
00000060546f8639
00000060d64c5799
00000060d6fe2d19
0000006112780139
000000613dc19479
00000061eb084e59
000000620f1a1f59
000000624ae64599
0000006324a875d9
0000006349fec199
000000636224e059
000000637fba2899
00000063f94b4c59
0000006456529d99
000000645b4752b9
000000c8fafbbe61
0000000002480671
0000000000000181
00000065000003b9
00000065c0747c99
00000065d8dcd019
00000066e5c93599
00000067968747b9
00000067bf0a79d9
00000067f76b62d9
00000068dd527ff9
00000068eb49d179
00000069087d45d9
000000690a2c0719
000000693af8c439
00000069462a5ad9
000000697cdf5519
000000699bf6cc59
0000006a046e4fb9
0000006aa28905d9
0000006b7df36659
0000006b89e015f9
0000006b8ea5be99
0000006bd8af9999
0000006bf0571139
0000006c8ba428d9
0000006c972a8399
0000006cd6970699
0000006d68bb81d9
0000006da02525b9
000000db9b671161
0000000002480671
0000000000000181
0000006e45c16259
0000006e51c9f839
0000006e90ce2699
0000006eed259599
00000070c89eda19
0000007100dd4f19
0000007103bac6b9
0000007104d54cd9
00000071ec587439
0000007320a323f9
0000007351695d99
0000007429c02e79
000000746a66a339
000000752082ba59
000000754e0caa99
000000758bca43b9
00000075d2bba0f9
00000075e8bf80d9
0000007612df7539
00000076261c24d9
000000768f6e42b9
00000076fb6d64b9
000000ee3bd26461
0000000002480671
0000000000000181
000000776f9e3119
000000778c07ceb9
000000778e19e0f9
00000077d1a39cf9
000000780a031a79
000000783c0c4df9
000000793dd07999
0000007956649119
0000007a1fcb9499
0000007b1fd07819
0000007b53450999
0000007b6b7d8ed9
0000007c2571e5d9
0000007c74ebdc59
0000007cd8782eb9
0000007ce7f49119
0000007d64c0d819
0000007dda9829b9
0000007de64d8139
0000007defdc7699
0000007f862dae99
000000801e117399
0000008064fc4a99
00000100dc3db761
0000000002480671
0000000000000181
000000807b1e1bf9
00000081354243b9
000000818ceb6679
00000082a8a8d939
000000831d801779
00000083b56002d9
00000083d0eb24f9
00000083d19015b9
00000084b299d239
000000850ef01fd9
000000852ae8dc59
000000854320d2b9
0000008570597379
00000085b90015d9
00000085bc7a5239
00000085ff2bbff9
00000086072ac0d9
000000861f2f38d9
00000086e243d799
00000086e7c9bd19
00000086f4602e19
000000873a4ba439
000000875b4dc0d9
00000087620226b9
000000878e3d3399
0000008879adb479
000000887af38659
0000008881a04319
00000089187b8f19
000001137ca90a61
0000000002480671
0000000000000181
00000089c5a75479
00000089d4dcc3d9
00000089f22d4039
0000008a956fefb9
0000008b320ff879
0000008b8ca2fdf9
0000008baae42a79
0000008c15e979f9
0000008c402bf619
0000008c435a4559
0000008cd8ea8ff9
0000008ce61fc479
0000008cef99cb59
0000008cf3a76539
0000008d6728c639
0000008d9f08dc39
0000008df8d0a119
0000008e18feb0d9
0000008e1f162559
0000008e2ce72e19
0000008e3f7143f9
0000008e690ebaf9
0000008eba1c8ef9
0000008ebd6f65b9
0000008f81b8fa19
0000008f9aaa9a19
000000902b814e79
00000090521e0679
00000090c5024739
00000090ce3bb1d9
0000009134b08ff9
000000919ca1f5d9
00000091da1fe6d9
0000009284de3539
000000929d73b2d9
00000092a6726e19
000001261d145d61
0000000002480671
0000000000000181
000000936dfa1099
000000936f44e219
000000939a783359
00000093ed9971b9
000000940088cd59
0000009416250ab9
0000009467eea199
00000094ac088299
00000094e5914639
000000953af2c1d9
00000095747d2879
00000095883eaf39
000000958e2d6b19
0000009598b37eb9
00000095df1dfe59
0000009627a7a259
00000096334f6af9
00000096cf305b99
00000096ecdf79d9
000000973ea15359
000000979faa6e99
00000097ef7ad4f9
00000097fbedb939
000000981a196959
000000982f8d4359
000000985c300b59
00000098b0965e79
0000009a2b8d4999
0000009a79bbfd99
0000009a7f912a39
0000009ac85c5479
0000009b0cf304f9
0000009b90c6e639
0000009bd23cded9
0000009bed42ced9
0000009bf6694999
0000009c1c271819
00000138bd7fb061
0000000002480671
0000000000000181
0000009c67785779
0000009c9ecd0e39
0000009cbb5e7199
0000009cc67afc39
0000009d078315b9
0000009d2ef2cdf9
0000009ddb7fd039
0000009e36d528f9
0000009ea6346839
0000009f24fe30d9
0000009fca61e699
0000009fffc7d899
000000a008331699
000000a09aa0c219
000000a0cdf4c559
000000a13f2325f9
000000a161f44379
000000a1660aab19
000000a1a22bc399
000000a29a24d7f9
000000a29ce9e979
000000a36fd76279
000000a3e5a96a19
000000a5022ec759
000000a592ec6db9
0000014b5deb0361
0000000002480671
0000000000000181
000000a6279fa2d9
000000a63641cb99
000000a648f06c59
000000a67710f2d9
000000a6c0e84459
000000a6d59759b9
000000a6edea5f59
000000a7b0164ab9
000000a7c8cad339
000000a8293ede19
000000a83827c719
000000a8fbfd4899
000000a99411c999
000000a9ef8e7b59
000000aa0e621cf9
000000aa9a8df4d9
000000aaa9559079
000000aafffccb59
000000ab625a8ed9
000000ab9d2c2779
000000abd983cb79
000000ac252ce079
000000accde079f9
000000ad097615b9
000000ad2c139159
000000adae38ccf9
000000add05e7199
000000adfa614799
000000ae0d546639
000000ae28894f79
000000ae9d192739
0000015dfe565661
0000000002480671
0000000000000181
000000af28472bf9
000000af6ccb5659
000000af96fd15d9
000000aff5e3ab19
000000b08cf9f5d9
000000b0f0cec119
000000b1b31f48b9
000000b1e01dde19
000000b1e1a7bfd9
000000b243a577f9
000000b278a6bb19
000000b2a28f6059
000000b2c4759db9
000000b34650ba19
000000b3b2ab10b9
000000b497713ff9
000000b4abab24b9
000000b4ee714a79
000000b538b13839
000000b59d4820f9
000000b6022bcbb9
000000b609c46ab9
000000b64d903179
000000b6a7b26cf9
000000b6ac5cbad9
000000b718653e99
000000b76000c6f9
000000b76d446279
000000b770cdeb39
000001709ec1a961
0000000002480671
0000000000000181
000000b8822bf7f9
000000b8851aaf79
000000b893388dd9
000000b8e44497b9
000000b976f67eb9
000000b9ce796f19
000000ba72c9edf9
000000badc22bbb9
000000bb9ceffa19
000000bb9d731639
000000bba3bca579
000000bbf02dead9
000000bc3adfb259
000000bc81239979
000000bc865bc819
000000bc8c3b4139
000000bc94c1f7f9
000000bce22725f9
000000bcebc21099
000000bd72b9b4d9
000000bd8b2cb7d9
000000bde1ba57b9
000000bdec9b0d59
000000bdf5739ab9
000000be69ef1879
000000bef9a91139
000000bf22c49599
000000bfaa0fd379
000000c08b0ace59
000000c0ddfaa939
000000c145b951b9
000000c156509f79
000000c183542df9
000001833f2cfc61
0000000002480671
0000000000000181
000000c247511a79
000000c259c3ced9
000000c2665ff259
000000c27abba639
000000c282506e79
000000c28d074559
000000c338460919
000000c3cab63619
000000c3dc481579
000000c587898199
000000c5e417b879
000000c724e76399
000000c7ac16d019
000000c7ac7d07d9
000000c7d81debb9
000000c7e0dbb099
000000c8516da8d9
000000c85f7efa99
000000c871be07d9
000000c8bd670c59
000000c969225b59
000000c9a92c92b9
000000c9d6dd53f9
000000c9e6405f79
000000c9f2a4af59
000000ca1739d039
000000ca2202f5f9
000000cae24ceb19
00000195df984f61
0000000002480671
0000000000000181
000000cb02819139
000000cb3d2c6cf9
000000cb53dd1cf9
000000cb8c000619
000000cbacae6599
000000cbf2211279
000000cc664859f9
000000cc7ff55499
000000cc8dedb319
000000cd0d56db39
000000cd19eb1159
000000cd2e8e6cd9
000000cd97100379
000000cdde3220d9
000000cea3f7d419
000000ced24bfc59
000000cefd751759
000000cf1da37439
000000cf7722e4d9
000000d0c797a339
000000d0d1fd8819
000000d105a67e79
000000d12ace1c59
000000d1bbe81159
000000d2327fe6b9
000000d278e21d19
000000d3041dd739
000000d327bce259
000000d33e6919f9
000000d3f138dcf9
000000d40caf48b9
000001a88003a261
0000000002480671
0000000000000181
000000d493b090f9
000000d4a82f8ff9
000000d4eff23599
000000d616fce399
000000d61934f9b9
000000d65a47d879
000000d66b1156b9
000000d68146d039
000000d6a12d9779
000000d6a3c15f39
000000d73789f1f9
000000d73812d559
000000d74622be59
000000d76da3c9f9
000000d7bd3c4359
000000d7c2c1d119
000000d7d1a18699
000000d7e75b79b9
000000d8378be419
000000d8998cd7f9
000000d8b053ecb9
000000d914e88dd9
000000d9172cb379
000000d94a2cb459
000000d9b6c74d59
000000d9b80f0919
000000da224e8219
000000da3e6ec419
000000da8b733099
000000da901809d9
000000daff2153b9
000000db2d1e2899
000000db49c46b19
000000db5d2bce19
000000db6ee511f9
000000dbd7b32b79
000000dbe7e264b9
000000dc11bc2259
000001bb206ef561
0000000002480671
0000000000000181
000000ddec6ddd39
000000ddee7f8b99
000000de53997399
000000deadb78b39
000000df111e8419
000000df192b2079
000000df31cc2cf9
000000df68df8cf9
000000df9d73b319
000000df9d73c6d9
000000e05178db39
000000e075db4699
000000e0b16e9119
000000e118e2fe59
000000e18c3498b9
000000e18cddc419
000000e1dae6a3f9
000000e25ccc9f39
000000e272b61d59
000000e2d424ee79
000000e34b5fe919
000000e3a2df8f79
000000e45123e7b9
000000e484a85199
000000e491334ef9
000000e53af4dd99
000000e5f00643b9
000000e63a6bc4d9
000000e63f874d99
000000e6c9d37859
000001cdc0da4761
0000000002480671
0000000000000181
000000e73f68b6b9
000000e76ca57339
000000e79c14d159
000000e7abde3039
000000e7d7ce87d9
000000e8acafceb9
000000e8f54037d9
000000e907439ab9
000000e983180f19
000000e989614659
000000e98e6f4ab9
000000e9a1b33fd9
000000e9a5a46459
000000e9b0b868b9
000000e9c1ff2179
000000e9d1f29819
000000ea082ecd19
000000ea29b814d9
000000eb0324ea79
000000eb06682959
000000eb0ee00bd9
000000eb2b009e39
000000eb311b31b9
000000eb77c63639
000000eca0fe4339
000000ed1ceebb99
000000ed83a831b9
000000edebf59f59
000000eeaa37e619
000000ef00bc6c39
000000ef0f992c99
000000ef1d5eb819
000000efe631dfd9
000001e061459a61
0000000002480671
0000000000000181
000000f03f474379
000000f068823699
000000f1226ebb99
000000f169d4cc39
000000f19c428239
000000f1daa18799
000000f22832ac19
000000f277ac8479
000000f2bee12099
000000f2e3ebd639
000000f2f93ab9f9
000000f39f9444b9
000000f3af8f3519
000000f3c3de4479
000000f3cf031f79
000000f40b782499
000000f46bff5dd9
000000f55ed77179
000000f5610d5c19
000000f5c236f159
000000f5ec43d4d9
000000f61b706bf9
000000f7a8902db9
000000f7dd8138d9
000000f7e4df6e99
000000f81a9d5039
000000f8259faf19
000001f301b0ed61
0000000002480671
0000000000000181
000000f9b028c579
000000fa118911d9
000000fa34dcecd9
000000fa643a7bd9
000000fab33be419
000000fb09652499
000000fb6bab5eb9
000000fbaa2e8539
000000fbe9c86419
000000fc07a454f9
000000fc3e0a79b9
000000fc79c838f9
000000fc7e3abd19
000000fc92370fd9
000000fcb95adad9
000000fce6803a99
000000fcf9992819
000000fd2331ed99
000000fd688fddd9
000000fd7ecb1279
000000fe921beb99
000000fee2359119
000000ff1c4b9179
000000ff2f68a959
000000ff919cda79
000000ffccbee459
0000010030308119
0000010047bdb4f9
0000010095a64519
00000100f3c1b259
0000010165623a59
0000010180388ff9
00000101ec6a7699
00000205a21c4061
0000000002480671
0000000000000181
000001030dc98f59
000001033dc6d299
0000010365a85dd9
000001038a6b7819
000001038ead38d9
00000103929aa2f9
000001044e1ab9f9
0000010515f256d9
0000010545e1eaf9
00000105dbc8a579
0000010631545c39
00000106653dfc59
000001066fe20f59
00000106e8630bb9
000001073a836bd9
0000010750392f59
00000107c1835cf9
00000108458b38d9
0000010856eb1119
0000010893b170f9
00000108b14a3a59
00000108cf85ee59
000001095fc1fcf9
00000109eee6f379
0000010a0d5de7f9
0000010a24fd6a39
0000010a53dfbeb9
0000010ab3dd1739
0000010ac62f2dd9
0000010adb4c4c99
0000010ae35600f9
0000010af1270299
0000010b54a61059
0000010b6dac8c39
0000010b6dfa9b79
0000010b784c0d19
0000010bc6462359
0000010bcca87919
0000010bd8245399
0000010be2131b59
0000010bff9eaf39
0000021842879361
0000000002480671
0000000000000181
0000010c32c87419
0000010cb3709db9
0000010cd310f9d9
0000010cf314e5d9
0000010d06636959
0000010d2448d0f9
0000010d3da45539
0000010d9fbd5c99
0000010dcbcaf6b9
0000010dfcf84bb9
0000010e6bdeec39
00000110038f6919
0000011003a71219
0000011037a83bf9
00000110571a5f79
000001108d91a7f9
00000110bb2f5b79
000001110d94b6d9
00000111997519d9
00000111b8ec5a59
00000111ce511399
00000111d377b459
00000111dc3e8139
0000011260070219
00000112988460d9
00000112e4aa17f9
00000113d96840f9
000001141a2716d9
00000114bff61bb9
0000022ae2f2e661
0000000002480671
0000000000000181
0000011594d9b779
0000011597200f99
00000115dbd7cf99
000001160ec96d99
000001161fbba899
0000011676c75619
000001175ce36d99
0000011762949439
0000011802b78159
00000118afeaa659
0000011a1c64deb9
0000011a4c31c1f9
0000011a708f2f19
0000011a794b90b9
0000011ab98d85b9
0000011afaef99f9
0000011b87cc89d9
0000011b8a4e98f9
0000011c00506a39
0000011c4b4d3619
0000011cb764a7d9
0000011cc0ec3519
0000011cd03b5859
0000011d13523a59
0000011d3ac23639
0000011d3e786139
0000011d8dc28139
0000011dd753c3d9
0000011dd9eb9919
0000011e04080419
0000011e1a655939
0000011e7c80e519
0000023d835e3961
0000000002480671
0000000000000181
0000011f06f66cf9
0000011f0d4cb739
0000011f1facb479
0000011fa5df32b9
0000011fc7bea619
000001200ee0c859
000001205e99a059
00000120793e1b19
000001207f437ff9
00000120b9c16a39
000001216b2f4cb9
000001218a862f59
00000123238615d9
0000012336a960d9
000001234a8ca419
0000012383dd8419
00000123ac98d339
00000123eb323df9
00000123f48f0639
00000123fe37f2f9
0000012419b7cb99
0000012436f32f19
00000124ada59dd9
00000124d319e7f9
00000124f5c20799
00000125235bfd79
0000012588ab1f59
000001258a544a39
000001258f6f9239
00000125b3b766b9
00000125c59ddff9
00000125f4172559
00000126ba42e219
00000126d3d55d39
0000012745793db9
0000025023c98c61
0000000002480671
0000000000000181
00000128e0a02a39
0000012917ff6b59
0000012935996c79
0000012992c0e339
00000129be45ccd9
00000129c73592d9
00000129c839ed59
00000129cc0e0479
00000129cd2f9159
0000012a17b79f39
0000012a27884459
0000012a7a6eff39
0000012ab7432459
0000012afc6173b9
0000012b00d915f9
0000012b726e7ef9
0000012ba482f399
0000012bcee50f19
0000012bd4678c39
0000012c31a10d59
0000012c5c5e7739
0000012cf01f8099
0000012d2c972319
0000012da04424b9
0000012e28fe4859
0000012e34bc1a19
0000012e4d579759
0000012e7ce6d259
0000012f456bdf99
0000012f7cd6ae99
0000012f957fe9f9
0000012ff19ca7d9
00000130d1db8239
0000013120ed9bb9
000001313073b679
000001313c695e39
00000262c434df61
0000000002480671
0000000000000181
0000013164dc6479
0000013165738399
00000132032eead9
000001320ebd9b19
0000013279245cd9
000001328d004bb9
00000132b3647fb9
00000132c663fc79
0000013352aa8719
00000133b587c999
0000013498efb799
00000134bb18aa99
00000134e8ea1ef9
00000134eea7c939
0000013502228e79
00000135a40a0ff9
0000013646562eb9
0000013690c631f9
00000136c41fdc79
00000136f5c504b9
0000013718478199
000001373fe0da59
000001376b16c659
00000137b62e6399
0000013827fe3fb9
000001386ccae0b9
000001386d5170b9
0000013884675319
0000013889b3b1d9
00000138e5240bb9
000001392cfe41d9
00000139871d2c79
0000013a92de8e19
0000013aac8490b9
0000027564a03261
0000000002480671
0000000000000181
0000013ab3631b59
0000013aeb008699
0000013b4849fad9
0000013b6fb79639
0000013b79cf3139
0000013be0f02619
0000013c07f08639
0000013c18519259
0000013c38c89879
0000013c45d1a619
0000013c87668f39
0000013cbc8a3e19
0000013cc65d7319
0000013cf24617f9
0000013d1bbdabb9
0000013d25e89979
0000013e13753f39
0000013e39154c99
0000013e452b09b9
0000013e89254759
0000013ec4c7f139
0000013ed3fb6079
0000013f1cb05099
0000013f24f28a59
00000141650d4cf9
000001417ee4d4d9
0000014183090599
0000014192beded9
000001421f7f8659
000001426c1bdb79
0000014297f42979
00000142bd80a259
000001434e1bcdf9
000001436f205a59
000001439c20bfb9
00000288050b8561
0000000002480671
0000000000000181
00000144543ba159
00000144bbf2e619
00000145620e98d9
0000014581f92c59
0000014716800b39
000001476fb62659
00000148261442d9
000001483ccbd959
000001490085f839
0000014972e08179
00000149ca87adb9
00000149f170c599
0000014a2dd6e3f9
0000014ac7554f99
0000014b28f8d9b9
0000014b57a18f19
0000014b60e942f9
0000014b6da51299
0000014b732d3db9
0000014bc601b739
0000014be6684b59
0000014bedd87359
0000014bfc929899
0000014c91dbe099
0000014c94df49b9
0000014c9ac8bfb9
0000014cd2d8d359
0000014ce77b2d59
0000029aa576d861
0000000002480671
0000000000000181
0000014e74698c19
0000014e9b83a2d9
0000014ec2604e59
0000014f457ea739
0000014fabc49439
00000150090f9459
000001501117cc99
00000150187d4d79
0000015035d2ff59
0000015053561579
000001508cc0bcd9
00000150cf723679
00000150d04cce99
00000150fc437679
0000015129ef5739
000001523638a879
00000152ef5e4e39
00000153245f2d59
0000015346b69bd9
0000015391d13859
00000153e0ff9719
00000153e918feb9
00000153f2c47019
0000015403093df9
00000154033d3a99
00000154ee36c639
00000154f1d80dd9
00000154f79087d9
0000015517a230f9
0000015523a60f79
0000015540d4b159
0000015560a76639
00000155af5bcaf9
00000155b59f0c99
00000155ffbd6259
0000015664cbf6b9
000001567bacb9b9
000002ad45e22b61
0000000002480671
0000000000000181
00000156d3800379
00000156db189b99
000001573dd72859
00000157f420d659
0000015827076b59
000001587b7817d9
000001589676ee59
0000015906a3fc79
0000015943c1e6f9
0000015951d088d9
000001599c813eb9
0000015a1bf4d019
0000015a29f7b179
0000015a53af6fd9
0000015a811b2b19
0000015abf92f459
0000015ac88c66b9
0000015b8982c139
0000015b8f868719
0000015c48a6c7b9
0000015c73c786b9
0000015c846b10d9
0000015d146ab4f9
0000015d336a7e99
0000015d417296b9
0000015e3d86a7b9
0000015e4a437859
0000015e97838599
0000015eae65f4d9
0000015ef98b1479
0000015efc4dab99
0000015f93473019
0000015fbaafcb19
000002bfe64d7e61
0000000002480671
0000000000000181
000001601334bcd9
00000160f12230f9
000001610deb5819
000001612546aeb9
0000016159ff4699
0000016245becc99
000001625da45c19
0000016280a021b9
00000162a7802619
000001634f777399
000001634f955279
00000163920898d9
00000163c2cc3779
00000163e91e36b9
000001641134db19
00000164800ae259
00000164c1ab69b9
00000165793ea199
0000016593a8eb39
000001662cefaa99
00000166bf60ba19
00000167082e0b79
000001673f943cb9
000001677766e339
00000167dc32c0b9
00000167e1080e59
00000167fb018799
0000016826080599
0000016848fde9b9
000001693213b739
00000169341a5059
000002d286b8d161
0000000002480671
0000000000000181
000001697cac8379
0000016a8d6772d9
0000016b10bef019
0000016b1339a8d9
0000016c89263f39
0000016ce0c76b39
0000016dbb7510b9
0000016e48879019
0000016e4e68d7b9
0000016e8c829679
0000016ea15ddd99
0000016ed00331f9
0000016ee649e739
0000016f09be01d9
0000017024c1aa39
000001704abce999
0000017059219779
00000170fbf172f9
000001714c8890f9
0000017267ba9879
000002e527242461
0000000002480671
0000000000000181
00000172be435cd9
0000017339de3ef9
000001735a61a579
000001739ec0a519
00000173a6938039
0000017435033519
00000174757ef259
00000174b2fe8819
00000174d78faa59
00000175bfe6ad19
00000175ea217279
00000175ef645159
0000017604e74ff9
000001764e363879
0000017755c973b9
00000178217fcef9
000001784a7c5819
0000017858c94959
0000017876e0bff9
000001788b940199
00000178abeb1bf9
00000178cb857ff9
00000178e896fc59
00000179c284a019
0000017aba874019
0000017ad1b696b9
0000017b51404fb9
0000017b809c6359
0000017bcf6bd9b9
000002f7c78f7761
0000000002480671
0000000000000181
0000017be423fc99
0000017c27e992b9
0000017c8e20ec19
0000017d8fc61939
0000017e07126719
0000017e19e26b99
0000017e37ad7459
0000017e8d9cbf59
0000017e9aaf44f9
0000017eeb71d5d9
0000017ffdae98b9
0000018030a1ba59
00000180688c0179
000001806ae18eb9
000001812870bf99
00000181953e6559
000001819d4f41b9
00000181c9602999
000001821eaf67d9
000001822dbb44f9
0000018235542239
00000183126310b9
00000183c40dd479
00000184210ae159
000001848ad70579
00000185112f4bb9
0000030a67faca61
0000000002480671
0000000000000181
000001853a46bdb9
0000018546233859
0000018546234199
00000185962365b9
00000185a40733d9
00000186d5357bf9
0000018725e43299
0000018753a99799
00000187976ef839
00000187b4a07459
00000187d0062c59
00000188033e3bb9
000001885e9dfdf9
00000189f58ef2f9
00000189f5acbf79
0000018a1c225879
0000018a2aa28b79
0000018a6856b6b9
0000018a805ca4d9
0000018a817bf239
0000018a8209d199
0000018a9d043659
0000018abc2b0459
0000018b031b09b9
0000018b3b45c139
0000018b50ddcf39
0000018bd2aa38d9
0000018bf8f40fb9
0000018bff5110f9
0000018c058f5cf9
0000018c74a80f59
0000018c9181fa79
0000018cc0d8c5d9
0000018d0b5622b9
0000018d93ef3079
0000018e2a409d39
0000031d08661d61
0000000002480671
0000000000000181
0000018e8c315699
0000018ea43551f9
0000018ec8c63ed9
0000018f1e9fc1f9
0000018f21fa7759
0000018f7218ead9
0000018fb64b2bf9
00000190456e0e99
000001904ed23ff9
00000190d23e0419
00000190f7e0b3f9
000001922bbcfa39
00000192f4a94299
000001932e19ca19
0000019340395ff9
000001941d5a9719
000001948d7ed699
000001953db7d459
0000019551fd6979
000001959ee692d9
00000196171b41b9
0000019703073879
0000019708c9b959
00000197bc5c55d9
00000197c23ec859
00000197c901c359
0000032fa8d17061
0000000002480671
0000000000000181
00000198442d5dd9
0000019860548b99
0000019862a18639
00000198886ec679
00000198b3529bd9
00000199b0acbdf9
00000199d1921519
0000019a0ea1e1d9
0000019abc6f6c19
0000019b3113a7d9
0000019b5ee29b39
0000019b9d01c899
0000019ba8ffb2d9
0000019c645d37d9
0000019c767a2319
0000019ce02adaf9
0000019d55ccf0b9
0000019d7fb7c5d9
0000019de1070139
0000019df2989399
0000019e24347a19
0000019e613396b9
0000019e9cf43019
0000019eb0db5859
0000019f05833cb9
0000019f1aba0b19
0000019f1b6923f9
0000019f1f8148b9
000001a007591b59
000001a0394592b9
000001a07674e7b9
000001a0a8b9c8f9
000001a0ab4f78d9
000001a0e4fe8bd9
00000342493cc361
0000000002480671
0000000000000181
000001a19c5d86d9
000001a1c6ee8099
000001a1ef54e799
000001a231ffe699
000001a2624b0479
000001a2c850d619
000001a3705694f9
000001a398ed57b9
000001a3a5e6fbf9
000001a3e10f4f59
000001a419c1ea59
000001a4d7190979
000001a5585a4879
000001a569987cf9
000001a5954e3a39
000001a6b3441079
000001a6b66d51d9
000001a7024647d9
000001a744d31699
000001a7f4c0d739
000001a82ccb7b59
000001a9348c55d9
000001a9398b1499
000001a980359859
000001a9c29a81f9
000001a9cdbcf399
000001a9d9b19879
000001aa2a599299
000001aa5993f8b9
00000354e9a81661
0000000002480671
0000000000000181
000001aa9fa3c139
000001acb3a7eab9
000001acd103fb99
000001ace6325339
000001ad4fe79f59
000001ad87723e39
000001ad89a1ec59
000001adff64f2d9
000001ae31958239
000001ae5723c879
000001ae6afb0219
000001aeae7bdf39
000001aebb74e259
000001af158238d9
000001af894bf1b9
000001afcb1749d9
000001b0381f4d79
000001b0c2683759
000001b0d86747d9
000001b0daccd4d9
000001b121c32739
000001b20fac6559
000001b2152d5ed9
000001b2da991679
000001b323d77ab9
000001b328615a79
000001b3bd9527d9
000003678a136961
0000000002480671
0000000000000181
000001b3cfeee9f9
000001b3ee8a3bd9
000001b491d8f239
000001b4a801d8b9
000001b5332b4cd9
000001b540961179
000001b550e3abf9
000001b5fb42e039
000001b600a011f9
000001b68eddb939
000001b70d678179
000001b72ed68399
000001b7c2937bd9
000001b8d1087579
000001b8f95437d9
000001b91f89cfd9
000001b95121ba39
000001b994d67979
000001b9a47d5759
000001b9aabd5fb9
000001b9ebcc77f9
000001ba320b9599
000001bac2a28cb9
000001bad2280499
000001bafaf0db59
000001bb3c52c579
000001bba3611ff9
000001bbb0e50f59
000001bbe5bc3459
0000037a2a7ebc61
0000000002480671
0000000000000181
000001bd59194b59
000001bda27b2179
000001bdcbbb3ed9
000001be011cc4f9
000001bec3c95a19
000001bf13c267b9
000001bf21e9a379
000001bf590c59b9
000001bf6c2442f9
000001c00403a8d9
000001c06bfe13b9
000001c0b1f241b9
000001c12b952299
000001c1418b09d9
000001c14a865d59
000001c14b41ee59
000001c19b944eb9
000001c1b9710fd9
000001c21160d499
000001c264cbf659
000001c2decb7a19
000001c4151e4939
000001c41e0b9f39
000001c48643dcf9
000001c4c926e9f9
000001c4f7d511f9
000001c5b4149dd9
000001c5dccedc99
000001c5f1e5f759
0000038ccaea0e61
0000000002480671
0000000000000181
000001c68bbc8019
000001c6a0d62b39
000001c6d03917b9
000001c75d27f319
000001c790202ef9
000001c7bdb1cad9
000001c80b950eb9
000001c8b8e958d9
000001c92e503359
000001c98348bfb9
000001cab4810119
000001cadc3e2419
000001cb4dcdab79
000001cc53499879
000001cca21226d9
000001ccb90aef39
000001cd6f295719
000001cd83dad0d9
000001cda7b58979
000001cdd4a822f9
000001cde24e4419
000001ce127b1159
000001ce6de10919
000001ce909f02f9
000001cf042d7419
000001cf35bb3399
000001cfadf1eb59
0000039f6b556161
0000000002480671
0000000000000181
000001cfd5f8f9b9
000001cfe42fed39
000001d000843979
000001d0ed8d75b9
000001d0f02e1259
000001d0f0eb71b9
000001d124596a99
000001d15d92ac59
000001d1914e1219
000001d1f1153019
000001d20d351cf9
000001d2d0415e59
000001d2f5dfa639
000001d305450c99
000001d49a553fd9
000001d4f50903f9
000001d4fa9f4099
000001d5c80280d9
000001d60da63cb9
000001d6ec449679
000001d759c0a8f9
000001d76b0ae319
000001d7700d73f9
000001d81506af59
000001d8774a80f9
000001d88103c999
000001d89df08bd9
000001d8b1d76739
000003b20bc0b461
0000000002480671
0000000000000181
000001d9306675d9
000001d9743621d9
000001d9cdaf9039
000001daabd36819
000001dacf193619
000001dad40c9a99
000001db6ce52bd9
000001db893d6b19
000001dbe00e47d9
000001dc1df23a19
000001dc672a4f19
000001dce5d019b9
000001dd598c5579
000001dd9dde3e59
000001dd9e662179
000001dda113c599
000001dda9e2e419
000001de39f4bbf9
000001df59ea0259
000001e0644d8e19
000001e0e9a6c4f9
000001e0f6f9bf79
000001e1a9a63db9
000001e1d2a9e979
000001e1dd52ae19
000001e1ef581d79
000001e23f5f0019
000003c4ac2c0761
0000000002480671
0000000000000181
000001e29b251d19
000001e2e55bcaf9
000001e313425a59
000001e40a073659
000001e4763c39f9
000001e490630699
000001e4b0a5e3d9
000001e4bb1bad79
000001e519ca1959
000001e53346b499
000001e539009119
000001e5b201c7d9
000001e5d76067f9
000001e610a59159
000001e62ce26499
000001e67de14079
000001e6dccac859
000001e6f1c2a419
000001e7903e0e19
000001e7abf9f379
000001e7b6701df9
000001e7ee7af879
000001e8379533d9
000001e8b7b28659
000001e9094bc619
000001e91b94f719
000001e9bae5f519
000001e9c4af7c99
000001e9d6b2d599
000001ea2bd979f9
000001eb8bb1d339
000001eb8cd63539
000003d74c975a61
0000000002480671
0000000000000181
000001ebcdfb1499
000001ec6de872d9
000001ec6fc6beb9
000001ec87bb4359
000001ec96062c99
000001eca264d199
000001ed13db0d39
000001ee9035a919
000001ef4e2b3959
000001ef7264c9d9
000001ef85c63719
000001efaeb7bbd9
000001efb4671c59
000001f008dffbf9
000001f0bec24f99
000001f13cee8ff9
000001f1fb5ef2f9
000001f20842fdd9
000001f218ef6eb9
000001f2d0097a19
000001f311aba239
000001f3f93e6199
000001f446eaef79
000001f4ba69ee39
000001f4c7591ff9
000003e9ed02ad61
0000000002480671
0000000000000181
000001f5288dffb9
000001f538002c19
000001f576882cd9
000001f5919f1ff9
000001f5f58d6659
000001f62168c479
000001f6766eb719
000001f6d3a91459
000001f7dd0125f9
000001f8a5c096d9
000001f957689a99
000001f96ebf2319
000001f9817b27f9
000001f9e1450df9
000001f9eb50d8b9
000001fa400ebef9
000001fa73ae5599
000001fa936996d9
000001fc622962d9
000001fcb72e8739
000001fd0bc02519
000001fd1473e359
000001fd15a967b9
000001fd8b7d5779
000001fdf8a9b239
000001fe2e6ed919
000001fe30bd5199
000003fc8d6e0061
0000000002480671
0000000000000181
000001fe91faf1d9
000001fe932cfd99
000001ff44b2a379
000001fffd09c8b9
0000020024f09219
000002002d4a9719
00000200a53bda39
00000200a9315519
00000200ce036219
00000200eb668df9
000002014148b9b9
000002016ded3159
000002017829bc19
00000203a01a4c39
000002042645ffd9
000002052274f0d9
00000205910421b9
00000205be1cb8b9
00000206166b45d9
0000020623e59459
000002064e5bafb9
000002067d8bd3d9
00000206ce949139
00000207043b9ef9
0000020756a1d6b9
00000207740a2399
000002078b136259
0000040f2dd95361
0000000002480671
0000000000000181
00000208097b2639
0000020818e8a2f9
000002084f7bce79
00000208e1954759
00000208f14cd899
000002092ab4ca59
000002093e6d1b59
000002095a2ca8d9
00000209bfd969d9
0000020a7da5ec59
0000020b200ac539
0000020b3dc3ab39
0000020b4daa5499
0000020bae0b99d9
0000020bfe057b79
0000020bff1af179
0000020c40dda279
0000020c6696a499
0000020cc66d3d39
0000020cd12903d9
0000020cf03de6b9
0000020de9d5f8f9
0000020df01eae19
0000020e2cda3c19
0000020e4155e4d9
0000020e52556139
0000020e55e64259
0000020f17d7f419
0000020f282d1c79
0000020f3b8a8639
0000020f799b04d9
0000020fd4178c99
0000021045582539
000002108b132479
00000421ce44a661
0000000002480671
0000000000000181
000002110fee1e19
00000211921ac959
00000211e5087939
00000211f65960f9
000002121a579819
000002130f82db99
0000021362a79719
0000021369e91a19
000002145b8b6f39
000002148214fad9
000002155a8d3dd9
0000021565539559
000002156b8bd3b9
00000215b516c699
0000021647faacf9
00000217004e3119
00000218a767e699
00000218ecd155f9
0000021919d7c9b9
0000021975dc9059
0000021996c2ad79
0000021a1d0de8f9
000004346eaff961
0000000002480671
0000000000000181
0000021aa8a14899
0000021aea7555b9
0000021b335a54d9
0000021b4a6e3e19
0000021c747d9779
0000021cbc2b6839
0000021cd372ce79
0000021d6661bfd9
0000021daa692819
0000021de28ba099
0000021e88d80a79
0000021fae95efb9
0000021ff2491f19
000002200c7e0699
0000022054e90019
0000022058f3e2d9
00000220a7d10bf9
00000220c3eabb19
000002224a53c799
000002226427ae59
00000222954992b9
00000222ac2093f9
00000223063a07f9
000002233cb173b9
000002234b9b5059
000004470f1b4c61
0000000002480671
0000000000000181
00000224dcafe019
00000225442b7779
000002254a169ed9
000002254d3ac579
000002257d80ccf9
00000225838b5139
00000225bfa02159
00000225dce7c419
000002264ba96719
0000022654801899
000002271be07cd9
000002272e8bbf79
0000022748164b99
00000227762a8799
00000227dcc6ccb9
000002281467cd59
000002283d07b0d9
000002288fad2719
000002289c6ec579
00000229481e1ab9
0000022a0cc3b899
0000022a50ec63d9
0000022abfe96cb9
0000022ad0094539
0000022afaa04639
0000022b25646af9
0000022b6a7690b9
0000022bdaa61c99
0000022c0d0dd8d9
0000022c15aef579
0000022c1c9cd439
0000022c42eb5c79
0000022c90177079
00000459af869f61
0000000002480671
0000000000000181
0000022ced8092f9
0000022da7466f99
0000022dcfa72ff9
0000022df1584519
0000022e4d6ef819
0000022e941971f9
0000022ef2f5ab39
0000022f176be4b9
0000022f4b6eb799
0000022f4d5ef499
0000022f4d687dd9
0000022fa25f3339
0000022fdf723639
0000023011e936b9
00000230b96fe9f9
0000023142f22eb9
0000023199226e59
00000231c03d4719
000002320b35ffd9
000002325c720bf9
000002333572bdd9
00000233c1fed4b9
00000233cfbabd99
00000233f4885d99
000002349e4c5eb9
000002349f6866f9
000002351187d2b9
000002353b360559
0000023559d20df9
00000235dc4fbb19
0000046c4ff1f261
0000000002480671
0000000000000181
00000236b5282459
000002388c56c3d9
00000239075e3219
000002396b0ae6b9
00000239c130a499
0000023a2a13eff9
0000023a42cc8df9
0000023a4610aed9
0000023a77996dd9
0000023a876a69b9
0000023ac8b6a8b9
0000023b3e59de19
0000023b58d97979
0000023b7b0af899
0000023b8a1b6cd9
0000023bd3bd1759
0000023c0c463e79
0000023cc9aa43f9
0000023d9adc4939
0000023e027c9039
0000023e1a7d2019
0000023e1f1f3e99
0000023e871b55d9
0000023edbb8adf9
0000023efbf15a59
0000047ef05d4561
0000000002480671
0000000000000181
0000023fc3bfabd9
0000023ff9081cf9
0000024019699ff9
00000240592a5c79
000002407bca7d39
00000241a2cb15d9
00000241f4e68839
0000024200c7a499
000002420b3b5819
00000242925590b9
00000242efa09fd9
00000242fa308539
000002435c8ee039
00000243c519c1b9
00000243ea4152f9
000002446e7cf0f9
0000024472df9159
000002447ae288b9
00000245b4b26bd9
00000245e6f72d39
00000246656e87b9
00000246c95f1599
00000246f28937b9
0000024710d08b39
0000024747ecc3f9
000002483a44b439
00000248c3d8e1d9
0000049190c89861
0000000002480671
0000000000000181
00000248ddc04939
00000249303b8f59
0000024a28c2d7b9
0000024ab066b939
0000024b449e6e79
0000024b7671fb99
0000024beef159b9
0000024cdd09edf9
0000024cdf615159
0000024d12ed2099
0000024d54198839
0000024e80e6ea99
0000024e91522939
0000024f11162a19
0000024f62334599
0000025001179ff9
000002500a61dcb9
00000250256510f9
000002513d92a239
00000251d8422299
00000251e0fbf599
00000251ffffcf79
000004a43133eb61
0000000002480671
0000000000000181
0000025256107419
000002527295d859
00000252a491bbb9
00000252b4c23339
00000252c5ebc6b9
0000025324f44359
0000025340432439
0000025392b7f159
000002545ff3ed19
00000254c45fd0f9
00000254f5f7feb9
000002553a85c459
00000255f70185d9
00000255ff88e299
00000256196679f9
0000025621116af9
000002569b5ea719
000002572d9f78d9
0000025777d6f699
000002579e82cc39
00000257a4673c79
000002589ced4f79
000002590c946af9
000002593b83d7b9
0000025944cd2159
000002596ae75d79
000002597ec9d3f9
00000259a4ebcc99
0000025a0b93b7f9
0000025a17a47e19
0000025adbcf2819
0000025addb02419
0000025af44ed459
000004b6d19f3e61
0000000002480671
0000000000000181
0000025b6af256b9
0000025c908d9059
0000025c95b138b9
0000025caec3aef9
0000025cf17302d9
0000025d4f4e40b9
0000025dbbbf31f9
0000025eee53f439
0000025efd00f9b9
0000025f02a63579
0000025f0e7b7499
0000025f16a1db19
0000025f52085c99
0000025f5b750519
0000025ff0e099b9
0000026027ce4399
000002603256e899
0000026046100539
00000260796c0cd9
00000260fefe4339
0000026128cc4af9
0000026146882399
00000261b3db5799
0000026213a55579
000002624bc71bf9
00000262712bd059
00000262774e2999
00000262906a4c99
000002635e2ebbd9
000002638e8abe79
00000263a4f22b39
00000263cd70b4b9
00000263d19cad79
000002640361fa79
000002644a2d0079
00000264afaa1659
000004c9720a9161
0000000002480671
0000000000000181
00000264d1984539
0000026566234819
000002658f740619
00000265d29bbc79
000002665b698ff9
00000266834768b9
00000266b4dd95f9
000002673fc4a499
00000267a1a2b079
00000268113f3cb9
000002685e9a27f9
000002686bf05559
00000268d25dd739
000002690ee14ad9
000002699488f279
00000269bda1c799
00000269d2867779
00000269f6c46939
0000026aa4207e39
0000026b778dd8d9
0000026bb5c3ac19
0000026bd2757079
0000026be2a70dd9
0000026c3f054979
0000026c4a4c58f9
0000026c9eec5dd9
0000026ccc570bb9
0000026ce8583e59
0000026d7d7d7a59
000004dc1275e361
0000000002480671
0000000000000181
0000026e10149559
0000026e18c7a7d9
0000026e1bc5bd59
0000026e4b88a639
0000026ea6d57a19
0000026ee16ece79
0000026ef9348b59
0000026ef95b5e79
0000026f57032599
0000026f735f9f79
0000026f78b3d359
0000026f8326aeb9
0000027006b0a099
000002703095c859
00000270360b7b59
0000027038ab6d39
000002703cd5e3f9
00000270711923f9
0000027129c416b9
00000271710dc179
000002717b6ee499
0000027231ba9539
000002730aaf66d9
00000273fd37a919
00000273fddad119
000002742a7a78d9
0000027452edaa99
0000027486cd31d9
0000027495f876f9
000002758126aa99
0000027582e02659
000002763d33b4f9
00000276547985b9
00000276c2bb1219
000002770e526e59
0000027756ca5979
000004eeb2e13661
0000000002480671
0000000000000181
00000277b5f68839
00000277cd4703d9
00000278eb902c79
00000279f3b94859
0000027a8e97c3f9
0000027b200b11b9
0000027b3de3bc79
0000027b87e87c79
0000027ba6871c19
0000027bd46d9799
0000027bff1e8519
0000027c0134e159
0000027cd0299939
0000027cf3977879
0000027d09735d19
0000027dd0aa38f9
0000027df06c5179
0000027dfd27bf19
0000027e205f9319
0000027e99dbcc99
0000027ec1cc6999
0000027f4cc9c4d9
0000027f5deca819
000002804aba1ff9
0000028091aa38d9
00000501534c8961
0000000002480671
0000000000000181
00000281f3d770f9
0000028211b436f9
0000028267340bf9
0000028287df8159
00000282f538b139
00000283484fb6b9
000002841e3adb19
000002843b4b1859
000002848ca588f9
000002848ca59059
0000028541bc1879
00000285d3439079
000002862b9f78f9
000002865389d419
000002869991fbf9
00000286bc699779
00000286e626b739
00000286ec154e59
0000028776ac72f9
000002882948f779
0000028837f169d9
0000028848d11bb9
00000288751b48b9
00000513f3b7dc61
0000000002480671
0000000000000181
0000028a0e274ef9
0000028a1491a439
0000028a84fef159
0000028aa2b389d9
0000028aa804a979
0000028adfc50699
0000028b25fdf8d9
0000028b92e784b9
0000028c552fc1d9
0000028c8f7ae0d9
0000028d0aebd8d9
0000028d167094f9
0000028d624754b9
0000028e6e6992b9
0000028f37e0dcb9
0000028f38bb56d9
00000290cb413b79
00000291e8818c99
0000029253285679
0000029260a2aeb9
00000292abc7ccb9
00000293067f1199
0000052694232e61
0000000002480671
0000000000000181
00000293b01850b9
000002940e34c2f9
000002943881f1b9
000002956fd8bb79
000002959cb1e979
00000297518d4c99
00000297c9def699
00000297d682fd59
00000297fbfef9d9
000002980dbccbd9
00000298105690f9
00000298987a93f9
00000299c1a4b399
00000299d77b10f9
00000299f7a8c959
0000029abfe7cc79
0000029b079a4c59
0000029b49995919
0000029b78ad3759
0000029b9e854759
0000029bf625f479
0000029c1473c739
0000029c1554d279
00000539348e8161
0000000002480671
0000000000000181
0000029cbff6c7d9
0000029cc3655079
0000029d416c7439
0000029d69f0e379
0000029dacd6e299
0000029ddbee8c19
0000029ee041d139
0000029f2eaefff9
0000029f370c1959
0000029f5465e339
0000029fa0837e79
000002a063751bd9
000002a0b1517bb9
000002a0e5c35dd9
000002a13bfc5b39
000002a19b9e4499
000002a2f8e2c3b9
000002a37a8f1c19
000002a3e1433019
000002a3f4f2bc99
000002a41e553d79
000002a47082c3d9
000002a4a7c1cb99
000002a4cca38fb9
000002a59a5e5499
000002a5c659ee59
000002a5cd1c2a19
0000054bd4f9d461
0000000002480671
0000000000000181
000002a615fe53f9
000002a64305ea59
000002a6d2415499
000002a7472aee59
000002a851bb46b9
000002a871afc7b9
000002a8a8868179
000002a8af46d319
000002a937ad50f9
000002a94a6a7799
000002a98b338239
000002a994c8af59
000002a9af215e59
000002a9b9421739
000002a9c3a32a59
000002a9efefdad9
000002a9fa984279
000002aaa212fc99
000002ab5225a839
000002ab53d6e659
000002abb50551f9
000002ac0ca4ec99
000002ac17804499
000002ac438f39b9
000002ad7d6b8219
000002ad85b9bf99
000002ada9525e79
000002aed8787359
0000055e75652661
0000000002480671
0000000000000181
000002af56450b99
000002af63b4d099
000002af87fa9459
000002afbecb50b9
000002b048151b79
000002b0e834a779
000002b177934bd9
000002b19925c819
000002b2e72c9299
000002b329329cb9
000002b33ff98ab9
000002b35364b439
000002b386dc68d9
000002b38e152a59
000002b3aaea5cf9
000002b3b600c499
000002b3c3f54d59
000002b4dbff6af9
000002b51542c959
000002b51b298879
000002b56fc2a819
000002b5a1db20b9
000002b6e10ac419
000002b6e5681af9
000002b712563139
000002b785b20bb9
000002b79f3be759
000002b7baacfad9
000002b7bf857a99
000002b7fec181d9
000002b85c56b1f9
000002b888abbe99
0000057115d07961
0000000002480671
0000000000000181
000002b893e2ca99
000002b898245739
000002b8d103e199
000002b93c1d5e99
000002b9dc838979
000002bb57011d39
000002bcceef6019
000002bdaf3b6f19
000002bdd1eff479
000002be7c795339
000002bf032e2fb9
000002bf18bf7279
000002bf3191a659
000002bfd6765bf9
000002c04a4bb3d9
000002c0af8927b9
000002c119d640f9
000002c1452c7899
00000583b63bcb61
0000000002480671
0000000000000181
000002c22ef5c699
000002c285a86af9
000002c290b89d19
000002c2b49791b9
000002c2c72f66d9
000002c31f5c7a99
000002c34026ceb9
000002c366ddefd9
000002c38d4455f9
000002c3e8a40cf9
000002c46098d5b9
000002c479b369f9
000002c47aa8c059
000002c4cd5b1c19
000002c4db7c4359
000002c4ddc23979
000002c50775e4f9
000002c53687ac79
000002c57bd6c1f9
000002c5df3f4959
000002c5e0f1ab59
000002c61c2b6979
000002c68572a919
000002c698375ef9
000002c69e16c919
000002c6b4a75bb9
000002c6bf6e95b9
000002c758d081b9
000002c76c101cd9
000002c7e6a8dd99
000002c8f7d35679
000002c95475b159
000002c9e72a54b9
000002c9fae47eb9
000002ca075a9979
000002ca13801299
000002ca7a0bc1d9
000002cad4913099
000002caea0f1619
0000059656a71e61
0000000002480671
0000000000000181
000002cb8450f8f9
000002cbb7ed7bf9
000002cc8fadd4f9
000002ccfc541119
000002cd386d3ef9
000002cd3ef23959
000002cd62412b59
000002cd7279a319
000002cd74e354d9
000002cdd05c8959
000002cec15ef4d9
000002cecf2a3479
000002cefa7290b9
000002d09ef32c19
000002d177144ef9
000002d1c13a5739
000002d1ea07f759
000002d1edf60179
000002d25b3adf19
000002d2b60b0b99
000002d2da232e59
000002d32921b2d9
000002d36a6b5419
000002d3a48d49f9
000005a8f7127161
0000000002480671
0000000000000181
000002d4a53b4979
000002d4d8b42979
000002d51167d759
000002d516caab39
000002d55251c979
000002d5785acd79
000002d5b0289b99
000002d5cfc3cd99
000002d5e1d48759
000002d607d2c839
000002d609b97d79
000002d69d9fbe99
000002d6a4219df9
000002d6b48c7579
000002d6e3b58b99
000002d702fee719
000002d7b3789719
000002d823eedf79
000002d84ab2ad39
000002d85d534539
000002d9a6704879
000002d9c1f85e19
000002da08c15199
000002da2d78f199
000002da3f782959
000002da68798119
000002da789eeb79
000002dc146defd9
000002dc24658c99
000002dc69e984d9
000002dccdc76ad9
000002dcd2e36e19
000002dd0ef0a759
000005bb977dc361
0000000002480671
0000000000000181
000002ddd9bdd859
000002de2dfc3319
000002de7febb3d9
000002df6470b519
000002dfaa16bf39
000002dff8ca6cd9
000002e001cedd79
000002e0a58e8ad9
000002e0c9082119
000002e13dc88739
000002e1988b3ff9
000002e1ecd4ab59
000002e25939cb99
000002e3eba611f9
000002e3f1f53bb9
000002e3f6d71839
000002e3fb424c19
000002e482beaef9
000002e4a1bdf719
000002e4f4a60eb9
000002e54e014259
000002e59d9c84b9
000002e5b3f69f59
000002e6147a1439
000002e624a60119
000002e67bdd9899
000002e6820565b9
000005ce37e91661
0000000002480671
0000000000000181
000002e72bbe8ad9
000002e7a0778099
000002e80feaa8f9
000002e8ac492339
000002e8bbd89139
000002e8f83ef519
000002e928d94f39
000002e9d1996b59
000002ea9e4a39f9
000002eb5fe09a59
000002ec2a254739
000002ec474ae5f9
000002ec587c7579
000002ec5fc4d759
000002ec88b32999
000002eccbb75259
000002ecf0baa639
000002ed4d3ff1b9
000002ee506a4c79
000002ee5484e619
000002eeea73a139
000002ef085902f9
000002ef72fc8819
000002efc8068bb9
000005e0d8546861
0000000002480671
0000000000000181
000002f08d44e619
000002f08d596799
000002f091f4ba19
000002f0dee1e979
000002f117c18519
000002f11bdf65b9
000002f14d7f9279
000002f1554b08f9
000002f295154539
000002f296ec3559
000002f2b2fd0959
000002f332081319
000002f35b624399
000002f44d836359
000002f48c929db9
000002f4f46a5fd9
000002f54a940619
000002f54ff5cbf9
000002f55d72dc39
000002f5a0032e19
000002f5b796fe99
000002f5f3059739
000002f5f30598f9
000002f600a63899
000002f63f686179
000002f67ac6fd99
000002f6a158b339
000002f724ee79d9
000002f7a7078a99
000002f7dfcae699
000002f7ef40eab9
000002f811e0d619
000002f8599fc219
000002f8b1b36519
000002f8ce5407b9
000002f922c27f39
000002f9290718f9
000002f941b0f399
000002f961273d19
000005f378bfba61
0000000002480671
0000000000000181
000002fa300cb679
000002fa4cda6079
000002faf4e15ab9
000002fb32f25db9
000002fb87d9e519
000002fbbe6ff139
000002fbbfef20f9
000002fbd33c72b9
000002fbd55bdb19
000002fca2846699
000002fcb4bfead9
000002fcbb892979
000002fcc10c7cb9
000002fd14a2dc79
000002fd4849b5d9
000002fd5a2a5c19
000002fd9000baf9
000002fd974b6419
000002fdea87d739
000002fe21bb6b99
000002fe33f863d9
000002fe49777ed9
000002fe5fbfb6b9
000002fe9aa834d9
000002febb3130f9
000002ff39737dd9
000002ff42f1fc99
000002ff42fb8459
000002ff4b69b959
000002ff4c3faff9
000002ff938c7e19
000002ffbf1c7019
000002ffca74b0b9
000003000d5a78b9
00000300e4a13ad9
00000301453fb979
0000030178ff7ad9
00000301c3d75659
0000030232355739
00000606192b0d61
0000000002480671
0000000000000181
000003033450d579
00000303773cde19
000003037e7e4d59
00000303963b1e19
00000303e1c055b9
00000304a8b0ccf9
00000304cf0cbcb9
00000304ddea01b9
0000030509b9a959
000003051df35af9
0000030543527e39
0000030583079219
00000305991e2559
00000305ac99ccf9
00000305c41f2c59
0000030676c0a299
000003074b854519
0000030753f69359
000003077283adf9
0000030780dfdf39
0000030782ed9399
000003080599ad19
00000308564baf99
00000308564bc739
00000308867d9299
00000308f71b1a59
00000309d8320759
0000030a1ae4c6b9
0000030b590a30f9
0000030b64ee06d9
0000030bac698299
0000030c1cebd139
00000618b9965f61
0000000002480671
0000000000000181
0000030c6a65c919
0000030d10fde9d9
0000030d557167d9
0000030d5888d259
0000030d880379d9
0000030d947aa859
0000030dceac4ff9
0000030e30fa9459
0000030e6bcd7179
0000030e72928479
0000030ee04dd539
0000030f4816e1d9
0000030f5dbd84d9
00000310456c4219
000003111062a599
00000311475b53b9
000003114b7c7a99
00000311706caa99
00000311a7737ed9
00000311ce68d439
00000311f5f25019
00000311fb8d4299
000003121d362ed9
000003126224ffb9
000003129bc4d099
0000031310a73559
00000313913764d9
0000031400f47699
00000314ac8b7079
00000314cd5abf59
000003152582dab9
00000315519e5d99
000003159c04fc79
0000062b5a01b161
0000000002480671
0000000000000181
00000315cf1dc6d9
00000315e4bc01d9
00000316243bd039
0000031666fc2819
00000316a66d9d59
00000316ae967839
00000316dfc11e79
00000317ec5a8cf9
000003181a784039
0000031836aac4d9
00000318838cc179
0000031988c90f59
00000319c33daef9
0000031a1c5e02f9
0000031a2d5d2999
0000031a76642f79
0000031b848bc819
0000031c4bd7d079
0000031cc7869859
0000031d96788999
0000031dfb4a58d9
0000031eb40aaaf9
0000063dfa6d0461
0000000002480671
0000000000000181
0000031f33a9e159
0000031f34d9b999
0000031fb7ba2479
0000031fc8de8a79
0000031ffb93e859
0000031ffc73cef9
0000032008d70559
000003201c267db9
00000320292c4df9
00000320524dd599
000003208397e759
0000032092b464f9
00000320edb44339
00000320fe5c2979
000003216aeb26d9
000003226e31d399
00000322788e35b9
00000322c2210959
00000322d555ceb9
00000323a7234119
0000032414a9d3b9
000003244153c719
000003245d0535f9
00000324efed1a99
0000032527f0f0d9
00000325f85905d9
000003261021e2d9
0000032680fba799
000003272d05fd19
000003274a6cfd99
00000328375c20d9
000006509ad85661
0000000002480671
0000000000000181
00000328bdbf3899
00000328d8f1df59
000003294a622db9
00000329590ff399
0000032986c71e19
0000032a38d30639
0000032a621c0259
0000032b2ec2e619
0000032b3835b159
0000032b5289d099
0000032b8699f199
0000032baf28c699
0000032bdccfaa79
0000032c4be7b5d9
0000032c701b9b79
0000032d0abd6879
0000032d367339d9
0000032d73034379
0000032d84e85359
0000032d8d3ad479
0000032d9463f099
0000032daac22ef9
0000032ee482bc39
0000032efce70f99
0000032f1a6d8279
0000032fe2d58499
0000032feb7a9fb9
0000033001937619
000003305f63fe19
000006633b43a861
0000000002480671
0000000000000181
00000331f47eb9f9
00000332a7a12c79
00000332d87fb799
00000332ea873579
0000033301f8b859
0000033440089f59
000003355d905619
000003358e41da19
00000335a1360599
00000335b124c5b9
00000335dfd30179
00000335f83a3e79
00000336553a03b9
000003366870a679
00000336f27f4959
000003376e0add19
00000337ba57d739
00000337ed09a279
00000338d3b6b059
00000338d51f5af9
000003393357a9f9
0000033940eda0f9
00000339a3f464f9
00000339be0a0a39
00000339c4f689b9
0000033a22978099
0000033abc59e579
00000675dbaefa61
0000000002480671
0000000000000181
0000033b017fdbd9
0000033b2108ed39
0000033b84cf1659
0000033baa04b719
0000033bb56cb259
0000033bc64d9bd9
0000033c27a89419
0000033d2cb3ff19
0000033d3b515f99
0000033de776a4b9
0000033e00d67b99
0000033e061dd019
0000033e8ae8f299
0000033eb90814d9
0000033f71c482f9
0000033f9d7251f9
0000033fa4ab9039
000003400651edb9
0000034082bd5f59
00000340eb2687d9
000003410e46b2d9
000003410f675cb9
000003410f676f79
0000034197d7a7b9
000003420340c079
00000342532162b9
0000034372abbfb9
0000034373a041d9
00000343bc673399
000006887c1a4d61
0000000002480671
0000000000000181
00000344ceaf3db9
00000344fb4c11b9
00000345a63ca359
00000345caba5d19
00000345da3b3339
000003467f742999
000003473f849f79
00000347704f02b9
00000347a75c5af9
000003481ed3e7b9
0000034846899279
00000348795b1df9
00000348eec45f59
0000034912eb9a99
00000349dba01039
0000034a4a028459
0000034a6563cf39
0000034a8744abb9
0000034ab5e82d39
0000034aba5f1459
0000034ac130b539
0000034b1a786fb9
0000034b828eca39
0000034bd08e0319
0000034bf92d9ff9
0000034c38162d99
0000034c4641a579
0000034c71a18a39
0000034c99328c19
0000034cb888a1d9
0000034cbd030e39
0000069b1c859f61
0000000002480671
0000000000000181
0000034dc04ca859
0000034dcbdaab59
0000034df0e82359
0000034dfc051639
0000034f3fab6639
0000034f4fa357f9
0000034f6176e859
0000034f7fb97459
0000034fba8783b9
0000034fd4663b59
000003508d82c999
000003509ad54639
0000035213bc5d19
0000035226f47bf9
00000352fa9f7799
0000035474ecc839
000003548149a7b9
00000354cf00eb79
00000355ca86cd99
00000355f0182e19
000006adbcf0f161
0000000002480671
0000000000000181
00000357b680add9
000003589b565f59
00000358ac587c19
000003599c35ed79
0000035a21ec3dd9
0000035a4e76b419
0000035b69577db9
0000035c6f69c019
0000035c7b520199
0000035c7fef9179
0000035d6b68b7d9
0000035d953465d9
0000035e0a410d79
0000035e216c28d9
0000035e657b4ed9
0000035e677df8f9
0000035ec9320239
0000035f0f6822b9
0000035f64705519
0000035f6c783839
0000035f8bef7899
0000035fb1d32ed9
000003601df57bd9
0000036022f12699
000006c05d5c4361
0000000002480671
0000000000000181
000003603da35a39
000003606e031539
0000036179ca7ad9
000003618630cad9
00000361ff420459
00000362368f04b9
00000362d88119b9
0000036382ed7f59
00000363c06bb1d9
0000036441f51379
000003644a5645d9
000003646e90b5d9
00000364eb3472b9
00000364ee092099
000003654acaf999
00000366022fe619
000003664f8c90f9
00000366c3cce559
000003670ee1a5f9
00000367384b6719
00000367d623e3d9
00000367f7d866d9
00000368cb501699
00000368d9e4fc79
00000368dec378b9
0000036929c5d8f9
000006d2fdc79561
0000000002480671
0000000000000181
00000369894c1959
0000036a306f9599
0000036a5dee07d9
0000036a8aace199
0000036ad0897019
0000036b23d01a59
0000036b2532fa99
0000036b41d00dd9
0000036b44983359
0000036bc1394ad9
0000036c0ddeb479
0000036c13626179
0000036c1d0ece99
0000036c6eec7619
0000036cbf543d59
0000036d066492f9
0000036d259e1e79
0000036d94d28b39
0000036dd3578739
0000036e71fcb0b9
0000036e71fcc0b9
0000036ed153f3f9
000003704c5bcff9
000003705d545939
000003707c4a2df9
0000037086c712f9
00000370a38df899
00000371349767d9
0000037149d1fab9
000003722e42c579
000003728ee4d079
000006e59e32e761
0000000002480671
0000000000000181
00000372efe4acd9
000003735067f559
0000037471fef559
000003749d3161d9
00000374a7bca2f9
00000374e22fdf39
00000374e9d51a39
000003753c55c419
00000376062e2959
000003770d63ccd9
0000037772c7e639
00000377a64abc39
00000377e6799659
000003780d12b8b9
0000037850c793b9
00000378f14ce039
00000379668ea3b9
0000037b516f1659
000006f83e9e3961
0000000002480671
0000000000000181
0000037c42c5def9
0000037c7a101dd9
0000037c81042439
0000037cf5bc6959
0000037d0c03a359
0000037de2c30019
0000037e24a1ec19
0000037e4080f6d9
0000037e596d2b79
0000037e98c84699
0000037eb255c9d9
0000037ec42bba79
0000037f002ba279
0000037f24700299
0000037f696c9e39
0000037f97adc859
0000037fb5d9c479
0000037fef5a0e39
0000038119575f79
00000381ee2789b9
0000038219960e99
0000038289178639
00000382916ab599
00000382da12c979
00000383c330d4f9
00000383dc6e5379
000003843bb474b9
000003849e589599
000003855b8b7399
0000070adf098b61
0000000002480671
0000000000000181
000003858bb4e119
000003858da2e779
0000038596e67df9
00000385c63ca139
000003860b281f39
0000038676295239
0000038693b05639
000003869cd3e3b9
00000387c0b53cb9
00000387d2f9d8f9
00000388220e2f59
0000038836f56d99
000003885fc37bf9
00000388a333e839
0000038a3070a5d9
0000038ab9c6a0f9
0000038afa5b7199
0000038b3bf39e59
0000038b60710a39
0000038bcc4817d9
0000038bf10e0879
0000038d00494cd9
0000038dd4aed659
0000038e5ce99bb9
0000038e8c2abeb9
0000071d7f74dd61
0000000002480671
0000000000000181
0000038f40e7d859
0000038f7055ffd9
0000038fd1bdced9
0000039033837919
00000390bb1541f9
00000390ef3d8639
000003911e79da19
00000391802c5cb9
00000391862473f9
000003918a52d7d9
0000039194a3fbf9
00000391ce223bf9
00000391e9116e19
000003921fc4b399
000003928705d7f9
00000392c0b5f579
00000393100486f9
00000393125d16b9
000003933d6b9919
000003939a325959
000003939d4006b9
00000393e75d13d9
000003942ab2d939
00000394f92f9079
000003957087c2b9
000003957f1a4879
00000395c7a50f19
000003963a9637d9
000003964059d919
000003967af0ab19
00000396f7191179
000003972060bcd9
000007301fe03061
0000000002480671
0000000000000181
00000399f947e119
0000039a960c81d9
0000039b541ee0d9
0000039bb1d602f9
0000039cdf4fda19
0000039d561e2559
0000039d74784639
0000039dab71acd9
0000039dff252cf9
0000039e2f939bb9
0000039e5efe1f99
0000039ecf438699
0000039f5aa236f9
0000039f76f0b8d9
0000039f90ce2319
0000039fcdf94ff9
000003a09ce869f9
00000742c04b8261
0000000002480671
0000000000000181
000003a197975979
000003a1a122fc19
000003a209a842f9
000003a361bf34f9
000003a3b9eeac19
000003a3ca9380d9
000003a40af6f9f9
000003a42a8a4079
000003a43b68f719
000003a4edd10b39
000003a55fee9159
000003a62d33d239
000003a633e54499
000003a68400fd19
000003a7533d1e79
000003a780574bf9
000003a791652a79
000003a7aa652c19
000003a7cc5b6439
000003a7daa196b9
000003a894574379
000003a8e7a0be99
000003a918feafb9
000003a9c57b6799
000003aa2b3bf839
000003aa32468219
000003aa5f93f9b9
000003aa7f2c6e39
0000075560b6d461
0000000002480671
0000000000000181
000003aae2acfa99
000003ab97713019
000003abaee3a6f9
000003abb86850f9
000003abe343dc59
000003ac028e2cf9
000003ac045c5dd9
000003ac169646f9
000003ac9c366799
000003acab606ed9
000003acbc6158d9
000003acc74475b9
000003accba7e479
000003ad04bd6839
000003ada8fbaf99
000003ae2231cbb9
000003ae5cd51999
000003aea96b4c39
000003aeee555cd9
000003af18efb699
000003af1951e939
000003af5c9edb79
000003af6fc05479
000003afe254e3d9
000003b0b18262b9
000003b2008984f9
000003b27b56d119
000003b288217159
000003b353037519
000003b3797ec8d9
000003b3d90c4c79
0000076801222661
0000000002480671
0000000000000181
000003b3ff956579
000003b401815059
000003b4b52967f9
000003b50094b059
000003b50a82d5b9
000003b5ae24a039
000003b62a5d4a39
000003b677cbf779
000003b689b24839
000003b6911f3299
000003b7578a24b9
000003b768075019
000003b78ad74739
000003b847653df9
000003b85c4e7579
000003b8a1098699
000003b92ecdb959
000003b93fc19299
000003b9b5807ed9
000003ba0dff1af9
000003bba13e3659
000003bbaccc34d9
000003bbe2462c79
000003bcdd264ff9
000003bd2768b1b9
0000077aa18d7861
0000000002480671
0000000000000181
000003bd7b5b0c19
000003bd9e356479
000003be28a62b79
000003be92782c39
000003bec2a10739
000003bee0d0a6d9
000003bf6bc1d879
000003bfd2fb7c79
000003c06755f7d9
000003c089124ed9
000003c09f9d64f9
000003c2cadfe679
000003c2ecdebd79
000003c330a8c799
000003c348bc4a39
000003c35d7dcd19
000003c3aabee6d9
000003c3b39e7dd9
000003c3ccb0a099
000003c3d836bcf9
000003c42b67b7d9
000003c49b93be99
000003c4d08ca999
000003c4f70e4399
000003c57e318579
000003c590afc6f9
000003c5f1d70a99
000003c5f223c2d9
000003c6678323b9
0000078d41f8ca61
0000000002480671
0000000000000181
000003c6b7adaa39
000003c700667a19
000003c732755279
000003c7522d4639
000003c75538ffd9
000003c89039a619
000003c89fe18939
000003c912233679
000003c912b99ad9
000003c9e236e679
000003ca1e431f79
000003ca4c9c1a99
000003ca4ea34059
000003ca82a920b9
000003cb1f457f19
000003cb1f996f39
000003cb21f10b19
000003cb57d64f19
000003cbf8ae7b39
000003cc056a86d9
000003cc6fe7b499
000003cc860fc5d9
000003ccb49892d9
000003cce2c7cb99
000003cce693a079
000003cdf95eb959
000003ce93b84bd9
000003cf1c8f9219
000003cf81947d59
000003cf823d3819
000003cf8aa194b9
000003cfe66b8cf9
0000079fe2641b61
0000000002480671
0000000000000181
000003d066379cb9
000003d0cd0b60f9
000003d1246d6f79
000003d1944067b9
000003d1c5e0aeb9
000003d1e9070859
000003d24ebed9d9
000003d253e335d9
000003d340c831b9
000003d341820459
000003d3e9ed9399
000003d4424d19d9
000003d4920fba79
000003d50b65fbb9
000003d64daa7279
000003d6e83d24f9
000003d728740eb9
000003d76c2f5159
000003d7cf5c7239
000003d823416cf9
000003d83cddf7b9
000003d8429ee2f9
000003d8df4b46d9
000003d92a413b59
000007b282cf6d61
0000000002480671
0000000000000181
000003d94ef1da19
000003d967bea439
000003d99e009eb9
000003da63ce16d9
000003daef8a7699
000003daff3f65b9
000003db13824239
000003db1d890199
000003db3548f879
000003db3a294659
000003db3aa9bf59
000003dc38fa7d39
000003dc94ce5f59
000003dcb3adc739
000003dce307aa19
000003dd7943d6b9
000003de44b85159
000003de63568799
000003ded7f5f179
000003dfe100fb59
000003e050548af9
000003e05e206799
000003e0c9ecc9b9
000003e106bfffd9
000003e151f1b6b9
000003e1b7ff79d9
000003e1bc443cf9
000003e266f1cdb9
000003e26be43659
000007c5233abf61
0000000002480671
0000000000000181
000003e2c0a3def9
000003e2d2dbe6d9
000003e2de0aa579
000003e2f34b20b9
000003e35b7d32b9
000003e3d87d1e99
000003e404268459
000003e43002bb79
000003e43002d259
000003e4663cabf9
000003e501722239
000003e573ee97f9
000003e60614d9b9
000003e6d24426f9
000003e6ea63ca59
000003e72a5b58d9
000003e742197a79
000003e8095f4839
000003e80c082d39
000003e80dc5d5d9
000003e81043a5d9
000003e828da27d9
000003e83e815139
000003e841697a39
000003e8add98e39
000003e8b3538259
000003e95344c259
000003e9d14d0399
000003ea411b5cd9
000003ea7c581ef9
000003eae6cf5eb9
000003ebc27d23b9
000003ebd7e77e39
000007d7c3a61161
0000000002480671
0000000000000181
000003ebeb4cdf39
000003ec813b14b9
000003ed2c0b5479
000003ed48c7b799
000003edb2245199
000003edfad139b9
000003eeb52208d9
000003eecdbc3a99
000003ef9afb1c39
000003ef9cebcef9
000003efc6cd8019
000003f0403fcdb9
000003f0468ff739
000003f06f6d8f99
000003f0d058f8b9
000003f0e8f53479
000003f14139b1d9
000003f1c4e87a19
000003f217d46dd9
000003f267911df9
000003f27ed31039
000003f2ad7a59b9
000003f2d559d0f9
000003f2e2fa0159
000003f35bb82899
000003f3c1b89539
000003f3c67d5d19
000003f41abfa879
000003f47f4255d9
000007ea64116361
0000000002480671
0000000000000181
000003f55334e4b9
000003f5f2aa37f9
000003f67c927779
000003f732cf9479
000003f749045af9
000003f75e4ebcf9
000003f7865cd279
000003f806a6e9b9
000003f81da3f9f9
000003f838498479
000003f83b2a28b9
000003f83f0c7b19
000003f8651ea4b9
000003f872aaa1d9
000003f89eb52939
000003f9026d3e79
000003f9b282c359
000003f9bbc80779
000003fa1cad15b9
000003faa823e019
000003fabb9a8279
000003fb1fea7d59
000003fb3db56179
000003fbd668b2f9
000003fce6a436b9
000003fd318aac19
000003fd4e42e7f9
000003fd54bdfff9
000003fdc02844d9
000003fe013852b9
000003fe42168099
000003fe58b51c59
000007fd047cb561
0000000002480671
0000000000000181
000003fed3949bd9
000003ff0eed9b99
000003ff1be7ee79
0000040006f3f4f9
00000400318121f9
000004007464f779
00000400b8327339
00000402295123b9
000004023e739a19
00000402c4aeb1b9
00000402e8c9b039
00000402eef7f6d9
00000402fc82c959
00000403720dad19
00000403720dccf9
000004038693f599
00000403d75c1439
00000403d77bc399
00000403fb76f379
000004047062d8f9
0000040478dabc39
00000405142f91f9
0000040597767a79
000004059cff6c39
00000405e6556d19
0000040652109499
00000406838a4ed9
00000406a0df8179
00000406c7f6ad79
0000040720dfddf9
0000080fa4e80761
0000000002480671
0000000000000181
00000407ea8ff419
0000040852714259
0000040864cea6d9
000004087416b1b9
00000408770573f9
00000408a055f6f9
00000408b6605919
00000408bc46a739
00000408df4c2bf9
00000409e19bcbf9
0000040a12268739
0000040b06668e59
0000040b19fea959
0000040b1cbf6579
0000040bb37f6e19
0000040be43d6d59
0000040be8293f19
0000040bfc8c7d19
0000040c30678d19
0000040c44ff9739
0000040c6de6dd59
0000040c792dd179
0000040cce2147d9
0000040d22230c39
0000040d3523e919
0000040da2507fb9
0000040de4037899
0000040e70942d99
0000040ea8d005d9
0000040f3d2a9319
0000040fb0557639
0000040fbbf3f779
0000041007b95399
0000041014876439
0000041090dea979
000004109e05ddd9
00000410a0449f99
0000082245535961
0000000002480671
0000000000000181
000004115ed08759
0000041217de1d19
00000412321afcb9
000004125d824eb9
000004126499a319
000004128f668979
00000412a1b3ef99
00000412a5a14339
00000412d53638f9
00000412eb827179
00000412f982ded9
00000412f9e4feb9
000004131afd24f9
000004135681b999
000004135bc434b9
0000041373570c19
0000041381791479
00000413890437d9
000004140a4d2b39
0000041419af2099
00000414213b0a99
000004143a86e8f9
0000041458876ef9
000004146ba1fbf9
0000041476ad8839
00000414772eb3b9
00000414de0fb799
0000041529e29479
00000415792918f9
000004164e91a339
0000041676ee4019
000004168cccd899
00000417351de619
00000417fe625a79
0000041808944bd9
000004180d943a99
000004181c00f279
00000418b9d72fb9
000004190fa7ac79
00000419261aef59
000004193707d7f9
000004193ff1c7b9
00000419d94e1fb9
0000041a03e39bd9
00000834e5beab61
0000000002480671
0000000000000181
0000041ae3834e39
0000041af855d999
0000041b176e67b9
0000041b61a0fdb9
0000041bba8b1b19
0000041bc448cd99
0000041c2ae5a039
0000041c9dc84bb9
0000041d3536e0f9
0000041d722e1519
0000041f008ba6b9
0000041f03fee299
0000041f0acfd539
0000041f57c45df9
0000041f5cb15d59
0000042053b46899
000004205e799cd9
000004206d952399
00000420aaa014b9
00000420b6c8c479
00000420b798ea39
000004228a332859
00000422bf336399
00000422bf3364d9
00000422d737cd59
0000042306403b79
000008478629fd61
0000000002480671
0000000000000181
0000042424660d19
00000424480e9419
0000042466b44e99
0000042491039119
00000424cfc7d479
00000425103053d9
0000042513f487d9
000004254be2b1d9
00000425ac885d39
000004261cf453b9
0000042620e871f9
000004268bdbbd99
00000426c5551eb9
00000426cf516819
00000426f44f5819
000004270a0cff59
00000427ef1cf8f9
00000427f09e2ab9
000004287f96f839
00000428f70bcd39
000004290ba62959
0000042929eaf1b9
00000429735ada19
000004299c00bd39
00000429dd161f59
0000042a0cd6b899
0000042a46c63f99
0000042a879d5f79
0000042ad09a9a79
0000042b1750cdb9
0000042c05dd20d9
0000042c36004f39
0000042c96263019
0000042ca2ccd119
0000042caa624679
0000042cac292b19
0000042d0563c2d9
0000085a26954e61
0000000002480671
0000000000000181
0000042d6abf05f9
0000042d6e8f0659
0000042d96f47c59
0000042de433fb19
0000042e00987519
0000042e02fd4879
0000042e1f0f13b9
0000042e21a5ce99
0000042ef8694099
0000042efe9e7fd9
0000042fc102c179
0000042ffb34d919
0000042ffe1748b9
0000043013b09b79
00000430365f9d19
000004307fb36179
00000430af8c7eb9
00000430f9372cb9
000004312ca8bc99
00000431608f8019
00000431ad575b79
00000431cbc41ab9
00000431e27f4c39
0000043268956799
000004329686c1d9
000004336753a319
0000043368c1eff9
000004339fb801b9
00000433a17e3619
00000433ddd91d59
00000434265a16d9
00000434d0c40479
00000434d2973679
00000434daf05c79
00000435def0beb9
00000435dfa29b59
0000043603f8f2f9
0000086cc700a061
0000000002480671
0000000000000181
0000043681d22179
00000436ae5d20b9
00000436b5cd5079
00000436fabcf4b9
0000043735873419
00000437cfec6eb9
00000438a72fdcd9
00000438ee494bb9
0000043904157299
000004393bc848d9
0000043953fd8659
000004397cd71879
0000043a0604dd79
0000043a49ed2539
0000043b401d3439
0000043b6720fe99
0000043b99cbb479
0000043bf9b98db9
0000043c6771c619
0000043c92102619
0000043d1db5a7b9
0000043d226452d9
0000043d5e054659
0000043d5e78d319
0000043d8555fa79
0000043db7c041b9
0000043dc4cb2b19
0000043dfe9952f9
0000043e239afcd9
0000043e2d70b559
0000043e54378459
0000043e5eeaec19
0000043ea54019d9
0000043eb6c7cf39
0000043ecad32819
0000043ef9b70979
0000043f0869c279
0000043faa3bea39
0000087f676bf261
0000000002480671
0000000000000181
0000044034fc82b9
000004411d92ae59
0000044176aa71b9
00000441a57b22b9
000004423fa88f79
000004428db0f819
00000443c2152b19
00000443e56388f9
000004440550f859
00000444a19369d9
00000444f2239bf9
0000044533b8ac59
000004458f1d2559
000004458f1d3f59
000004459913ac19
00000446470daff9
00000446eee70ed9
000004473bce48f9
000004474dfa8059
000004480de83b19
000004480e41e9f9
0000089207d74461
0000000002480671
0000000000000181
0000044908af83f9
000004490af28ed9
00000449161b6199
0000044928123219
000004499534ad39
00000449b8573fd9
0000044a1c335159
0000044aa5432b79
0000044b377faef9
0000044bb9afeaf9
0000044bba0cde99
0000044bbf1eaa59
0000044c85090219
0000044c876ceaf9
0000044c94083799
0000044ca023d4d9
0000044cacbdcf39
0000044d13f5d579
0000044d75051079
0000044dd162ccf9
0000044df2cd1cb9
0000045044d42879
0000045046b24879
000004506d9edb39
000004506e1ee6f9
000004509a8f3659
0000045137ebb379
000004517b067039
0000045212374b59
000008a4a8429561
0000000002480671
0000000000000181
0000045253d6bbf9
00000452e68a83f9
00000452eebd4999
00000453185fd319
000004533ef2e2b9
0000045498dda899
00000454e24e3979
00000454ecb8ebd9
0000045567075eb9
0000045567076e99
000004558d75d619
00000455bda72e39
00000455c0dcb819
0000045616cb5d59
00000456689d2f19
00000456a7749899
00000456c1d74ff9
00000456fdc061b9
0000045726f17eb9
00000457a5f026f9
00000457ffe83019
0000045845558259
00000458a2d3bf99
00000458a95ab799
00000459a8e7bb79
00000459aa786b19
0000045a2ef83b59
0000045a52816b59
0000045a81379cb9
0000045af5c577d9
0000045b6bafe1d9
0000045ba310b6b9
000008b748ade761
0000000002480671
0000000000000181
0000045bbe3fcb19
0000045c07047cb9
0000045c8dda4b99
0000045ca234dc39
0000045d43d9ea59
000008bb3de3dd61
0000000002480671
0000000000000181
