[MCS8 A] 97 FW 3.104 SV 1.257 
range=1024
periods=2
sweepmode=27e20d0
fstchan=0
holdafter=0
streamstatus=3
calreg0=0
calreg1=0
calreg2=0
calreg3=0
swpreset=8000        
prena=1
syncout=0
cycles=18
sequences=1
tagbits=16
vdac0=92c
vdac1=807
vdac2=8c8
vdac3=8c8
vdac4=8c8
vdac5=8c8
vdac6=8c8
vdac7=8c8
timepreset=150.000     
digio=0
digval=0
autoinc=0 
savedata=2 
mpafmt=asc
sephead=0 
fmt=asc
smoothpts=5 
[CHN1]
REPORT-FILE from 06/24/2026 12:54:36.119  written 06/24/2026 12:54:36
cmline0=06/24/2026 12:54:36.119 
cmline1=A1
range=1024
active=1
bitshift=4
cftfak=2580100
evpreset=10          
roimin=0
roimax=1000
caloff=0.800000
calfact=12.800000
calfact2=0
calfact3=0
calunit=nsec
caluse=1 
[CHN2]
REPORT-FILE from  written 06/24/2026 12:54:36
cmline1=A2
range=1024
active=0
bitshift=4
cftfak=2580100
evpreset=10          
roimin=0
roimax=1000
caloff=0.800000
calfact=12.800000
calfact2=0
calfact3=0
calunit=nsec
caluse=1 
[CHN3]
REPORT-FILE from  written 06/24/2026 12:54:36
cmline1=A3
range=1024
active=0
bitshift=4
cftfak=2580100
evpreset=10          
roimin=0
roimax=1000
caloff=0.800000
calfact=12.800000
calfact2=0
calfact3=0
calunit=nsec
caluse=1 
[CHN4]
REPORT-FILE from  written 06/24/2026 12:54:36
cmline1=A4
range=1024
active=0
bitshift=4
cftfak=2580100
evpreset=10          
roimin=0
roimax=1000
caloff=0.800000
calfact=12.800000
calfact2=0
calfact3=0
calunit=nsec
caluse=1 
[CHN5]
REPORT-FILE from  written 06/24/2026 12:54:36
cmline1=A5
range=1024
active=0
bitshift=4
cftfak=2580100
evpreset=10          
roimin=0
roimax=1000
caloff=0.800000
calfact=12.800000
calfact2=0
calfact3=0
calunit=nsec
caluse=1 
[CHN6]
REPORT-FILE from  written 06/24/2026 12:54:36
cmline1=A6
range=1024
active=0
bitshift=4
cftfak=2580100
evpreset=10          
roimin=0
roimax=1000
caloff=0.800000
calfact=12.800000
calfact2=0
calfact3=0
calunit=nsec
caluse=1 
[CHN7]
REPORT-FILE from  written 06/24/2026 12:54:36
cmline1=A7
range=1024
active=0
bitshift=4
cftfak=2580100
evpreset=0           
roimin=0
roimax=1000
caloff=0.800000
calfact=12.800000
calfact2=0
calfact3=0
calunit=nsec
caluse=1 
[CHN8]
REPORT-FILE from  written 06/24/2026 12:54:36
cmline1=A8
range=1024
active=0
bitshift=4
cftfak=2580100
evpreset=0           
roimin=0
roimax=1000
caloff=0.800000
calfact=12.800000
calfact2=0
calfact3=0
calunit=nsec
caluse=1 
;MCS8 #97 Sversion=1.257 Fversion=3.68
time_patch=1
;datalength=8 bytes
;bit0..3: channel# 1..8 ( 4 bit)
;bit4: edge 0=up / 1=dn ( 1 bit)
;bit5 ..57: timedata    (53 bit), max sweep length 2001.6 h
;bit58..62: tag0..tag4  ( 5 bit)
;bit63:     data_lost   ( 1 bit)
[DATA]
0000000000000016
0000000001c7d5b9
00000000959e92d9
00000000b3ec0ed9
000000026de4e0b9
00000002c6b61b59
000000048d50e239
00000004b7e02899
000000054abd9659
00000005cdcde9b9
0000000675ed7c39
00000006b9f383d9
000000072ef6c499
000000092168b019
00000009aa0b83f9
0000000b9dd33a39
0000000bd08b5479
0000000bed970379
0000000c57419879
0000000c787e1df9
0000000e2905b6d9
0000001061b54399
0000001064617f79
00000021571c4361
000000000241a771
0000000000000181
000000131fc312d9
00000014924946b9
00000015ebb06499
0000001643779cb9
00000016ac6c5839
00000017454825b9
0000001896d86fd9
00000018f38ce8f9
00000019c8a26fd9
00000033f786ee61
000000000241a771
0000000000000181
00000019ff8a6779
0000001a785a6899
0000001baad93559
0000001c45713819
0000001d3151b9d9
0000001e03e8f179
0000001e853501d9
0000001e85b18ad9
0000001e8d15c7f9
0000001f4ed1ce99
0000001f8ba70399
0000001fa374c9d9
0000002002681d19
000000203b734cf9
00000021069dded9
000000212372f4b9
0000002136577d79
00000021e3b00859
0000002226675179
000000225cac3059
000000227e75f639
00000022c00dd179
0000004697f19961
000000000241a771
0000000000000181
000000249eb93459
00000025467fc7d9
0000002576102519
000000257acf9ef9
00000025ba283b59
00000026318e9839
00000027267e6b99
00000029a9d83659
0000002b14499d39
0000002b4c770cb9
0000002bd44dfdf9
0000002c60aaed39
0000002c80b12299
00000059385c4461
000000000241a771
0000000000000181
0000002ce4428e19
0000002d711d45f9
0000002dce8dbb79
0000002e6e0ae6f9
0000002ee6c89c99
0000002f10be63d9
0000002fba7b9ff9
000000309dc0ef19
00000030c284e7f9
00000031292b62f9
0000003136df6ff9
00000032f97c23b9
0000003306446299
000000335266ddd9
00000034c7c86ef9
00000034e7564b19
000000352c73cbd9
00000035be31d5b9
00000035c12ed9f9
0000006bd8c6ef61
000000000241a771
0000000000000181
0000003634b87259
00000036c9ecb899
00000036ec655ed9
0000003703c99939
000000374a71cb19
0000003808d2aff9
0000003810a39f99
00000038224feed9
0000003856731359
00000038bd192999
000000390f766b19
0000003976672319
00000039ad2a2a79
0000003b3f28ea19
0000003b438cbdb9
0000003f31e799b9
0000007e79319a61
000000000241a771
0000000000000181
0000003f67b5cb39
0000003f8c039a59
00000040ed051459
00000042698eb6d9
000000435dcafcf9
0000004482bb3df9
00000044a18ee1f9
00000044e8ddb819
000000466a3526f9
000000478de3fff9
000000478dfdcad9
00000091199c4561
000000000241a771
0000000000000181
000000499c040ab9
0000004a37dfbe19
0000004ac5cc5ab9
0000004b92afdab9
0000004ba2ba14d9
0000004dd7cdc1b9
0000004e8721e479
000000500e364e79
0000005014dc4b19
000000a3ba06f061
000000000241a771
0000000000000181
0000005367ff7c59
00000053b2a4fd39
00000053e991c3b9
000000543ae4cb99
0000005646c46a99
0000005659cba9b9
000000573883a319
000000589d236c79
00000059203a7479
0000005ac9883d79
000000b65a719b61
000000000241a771
0000000000000181
0000005b32838879
0000005c514275f9
0000005cf359f499
0000005d7bb036b9
0000005dd87ebe39
0000005eb093ab59
0000005f95dfb279
0000006105338479
00000061177dcdf9
000000624d483179
000000637e271c19
00000063aa88c7f9
0000006406987d79
000000c8fadc4661
000000000241a771
0000000000000181
000000655ffaca59
00000066b4ebfa39
00000066cc8f3ff9
0000006795d6a239
0000006801aaf199
0000006899130719
00000069af8ad6f9
0000006ab1b97a19
0000006af5452ad9
0000006c20477099
0000006cd3a11819
000000db9b46f161
000000000241a771
0000000000000181
0000006dfd231759
0000006e27787019
0000006e494df679
0000006e8730b6d9
0000006f6cce4e39
0000007109b1fd79
0000007193c11919
00000071a287ed79
000000724b5ece39
000000729a9316d9
00000072f856fbd9
00000073568652f9
0000007483dbf2f9
00000075d99e2db9
000000ee3bb19d61
000000000241a771
0000000000000181
000000773650f259
000000779a19a839
00000078c9761fb9
00000079dab15879
0000007a288e5eb9
0000007ac23e1419
0000007b6213db39
0000007c02cc3259
0000007c8a94c6f9
0000007dc70322b9
0000007decba4339
0000007e5113ba99
0000007e5fbd1d19
0000007eb5330279
0000007edd6e78d9
0000007ef360cfd9
0000007f636cd339
0000007fdf9d5559
0000007fe4dad0d9
00000100dc1c4861
000000000241a771
0000000000000181
00000081456e16f9
000000818de46ab9
00000081f79b4f59
0000008225b70d19
000000837a9db4d9
0000008392463bf9
00000083a396e2f9
00000083b8ef89f9
00000084a7321999
0000008546b5d639
000000856136e3f9
0000008612768cf9
00000086b59ca619
00000086f099bdf9
000000873b2a47f9
000000882b96d679
00000088752ef219
00000088c11f1a39
000001137c86f361
000000000241a771
0000000000000181
00000089e30d8019
0000008a16da5d19
0000008a21459f59
0000008ab0ce2739
0000008b0820b159
0000008b53c8f6d9
0000008bf6d20139
0000008c606698d9
0000008cb8f06699
0000008ce37b84b9
0000008d3ae7e2f9
0000008dde719959
0000008e3d806f19
0000008e8c08c579
0000008eba5e2799
0000008ed9f0d439
0000008ee4550379
0000008fd3628cf9
000000901d233919
00000090274f2f99
0000009089cc3619
0000009272694bd9
00000092cb57b979
00000092d4b3f4f9
000001261cf19e61
000000000241a771
0000000000000181
000000930fdb12b9
0000009490a06e19
000000951d550e59
0000009786008e19
000000981cbb07f9
0000009a79f0fd39
0000009ab8282399
00000138bd5c4961
000000000241a771
0000000000000181
0000009d0086fc99
0000009d9ceb1539
0000009e5fb81a39
0000009e8b4f95f9
0000009f8825cbb9
0000009f96a188d9
0000009fea3eed59
000000a08a46df79
000000a12fefe839
000000a1e724fbf9
000000a32131d959
000000a451e1d259
0000014b5dc6f461
000000000241a771
0000000000000181
000000a5d5ee7759
000000a6653eb3b9
000000a718338359
000000a73c7ebf99
000000a7cfa562d9
000000a825c1f839
000000a885bbf399
000000a8a906c219
000000a960d14759
000000a9a97c9e19
000000a9c2620a79
000000a9d0563cd9
000000aa32a7d399
000000aa63dc6939
000000aa6663c4b9
000000ab0ce39ff9
000000ab0d5a3659
000000ac61279fb9
000000ad6f5401d9
000000ad8bf8bb99
000000ad9f3e8d19
000000ae6833c459
0000015dfe319f61
000000000241a771
0000000000000181
000000af17780579
000000b02b32ca59
000000b0770d7839
000000b102ac9a99
000000b1659b0839
000000b2b352f399
000000b2fe0fb3b9
000000b34b7856b9
000000b371375159
000000b477557e99
000000b56a40e419
000000b59c423ef9
000000b79128efd9
000001709e9c4b61
000000000241a771
0000000000000181
000000b8d2a73319
000000b94f592419
000000b9f287d799
000000ba30872319
000000ba45bfbf79
000000ba707e7a19
000000ba74a9ac39
000000baa4d73859
000000bb0ccea4f9
000000bbbc901fd9
000000bbd2a7da79
000000bbe4289099
000000bccf272a19
000000be0ac45d59
000000be3b9d0a59
000000be9228b199
000000bf396b9019
000000bf4cb78a19
000000bfc6b30799
000000c0d1f57c19
000001833f06f661
000000000241a771
0000000000000181
000000c1b4117d19
000000c34d543e19
000000c4b396cdf9
000000c5cf8edc59
000000c6a059e079
000000c6b1b2fbd9
000000c6b2604ed9
000000c721d22279
000000c818b8dd59
000000c87b2b2e99
000000ca599873b9
00000195df71a161
000000000241a771
0000000000000181
000000cc0c787599
000000cc89e20099
000000cdcc888699
000000ce95f89e99
000000cef9fb0a99
000000cf17b32b59
000000cf4b6370b9
000000d044286f59
000000d0992b8c79
000000d1362cff79
000000d1a3963f79
000000d33aea8c39
000000d36435a3d9
000000d39ffd9bd9
000001a87fdc4c61
000000000241a771
0000000000000181
000000d46ddf1379
000000d4757aca59
000000d4c5bd9339
000000d515ce5839
000000d52996d299
000000d5423905d9
000000d65bb1bdf9
000000d65f99c6d9
000000d6d8afec19
000000d8b98a81f9
000000da2631ca39
000000dae4652b59
000000db06fb41d9
000000db5d213859
000000dc76c0d739
000001bb2046f861
000000000241a771
0000000000000181
000000de26d6bf39
000000de6bf8dd19
000000dede7f5ab9
000000df42674839
000000e16247d339
000000e1c8338639
000000e23951bd59
000000e2e275ddf9
000000e47306b8f9
000000e68ff694f9
000001cdc0b1a361
000000000241a771
0000000000000181
000000e82c17c959
000000e853831f79
000000e8b6f72af9
000000e998accd99
000000eb956402d9
000000ebf63f1f59
000000ece9e9d899
000000edb8edc839
000000ee1dd1db39
000001e0611c4e61
000000000241a771
0000000000000181
000000f0b282a0b9
000000f1408cef39
000000f17455f3b9
000000f1bcf827b9
000000f328e49159
000000f43e00cab9
000000f4d58dacb9
000000f56bba32b9
000000f5c891c219
000000f5de131b39
000000f64c75ec39
000000f6aac36f79
000000f6d4fe3079
000000f6e8b3c0b9
000000f6ead4b459
000000f75bafc919
000000f7cc7c56d9
000000f8fa92e9f9
000000f8fe0a49f9
000000f96a1b2979
000001f30186fa61
000000000241a771
0000000000000181
000000f9ce088eb9
000000fa07dc7639
000000fa5c3adc59
000000fb065d2799
000000fbaaa1e179
000000fbe0974b99
000000fc269d4a39
000000fc4d2f5fb9
000000fddd3e6df9
000000fe46a02b79
000000fe5c8eadb9
000000ff24e6fb19
000000ff24e6fcf9
000000ff374c6899
000000ffbc407859
00000100f8752019
00000101883b25b9
0000010238ca6739
000001026a0dfb39
00000102c5540eb9
00000205a1f1a561
000000000241a771
0000000000000181
00000103e52d0ad9
00000104ebfbdf79
00000105979a9619
00000105e92e4ef9
000001070e9e35f9
000001074b3f1639
00000107d98f9879
00000107e0834579
000001089f479b99
0000010a890f5e79
0000010b1d67d479
0000010bb811c399
00000218425c5061
000000000241a771
0000000000000181
0000010c35b00359
0000010c53cc9579
0000010cd97064d9
0000010dbbf516b9
0000010e889ced19
0000010e9248eef9
0000010f609ff2d9
0000010fd53ff4d9
000001105245d7b9
0000011068b5d9d9
000001110b997919
000001115dfd7619
0000011171a72079
000001117b24e759
00000111ba90b4d9
00000111c601c339
000001122c740c59
00000112384d6719
0000011240ae72f9
00000112fa701f39
000001132254beb9
00000113723722b9
0000022ae2c6fc61
000000000241a771
0000000000000181
00000116da32d479
00000116f4eeee59
0000011ae746c379
0000011bc54f6079
0000011bc57b6119
0000011be3501df9
0000011c89089fb9
0000011c8a124759
0000011c9f8c5819
0000011cd2b76ef9
0000011d65623579
0000011e212eb299
0000023d8331a761
000000000241a771
0000000000000181
0000011fc0f1df39
0000012089e71419
00000120c95aab39
00000121c0c4e9f9
000001232677e319
000001234d17baf9
00000123953ae179
00000123fbeee999
00000124e6c699d9
00000125859dedf9
00000125bdc65bd9
00000125f104c8b9
000001260eea11b9
000001268d9aa579
00000126aac99919
000001274a567cb9
00000250239c5261
000000000241a771
0000000000000181
00000128b88fdef9
0000012a8982d7f9
0000012a8a83ffd9
0000012ae6016a99
0000012b968fe779
0000012c3fdbef39
0000012ca53ca039
0000012d67b7c1d9
0000012e783393f9
0000012e87e4d619
0000012e87e4d7d9
0000012ebef08bb9
000001304bda7f99
00000130818e92d9
00000130c4ddee39
00000130cd1bc679
0000013102c970b9
00000262c406fe61
000000000241a771
0000000000000181
00000132f608c5b9
000001339dd930f9
00000134412f4a59
000001345fec8f59
0000013525e3de39
000001359eb22e19
00000136afdb76b9
0000013774547719
0000013784f66839
00000139d2f5aff9
000002756471a961
000000000241a771
0000000000000181
0000013bcf17df39
0000013beef261f9
0000013caf2ba699
0000013cbd977f39
0000013cdc4ee519
0000013d154ef459
0000013e48567dd9
0000013e564a3c79
0000013ea9dcdbd9
0000013f68100599
0000013fa2dcc3f9
0000014057223cf9
00000140a23f2e39
0000014107ffb859
00000142a9b68019
00000143c705baf9
0000028804dc5561
000000000241a771
0000000000000181
00000144e81489b9
0000014529072b39
00000145dff26899
00000146841f5839
00000146b3fb0d19
00000146b9695ed9
000001479b3bb839
000001482bb7b099
00000149b7664c59
00000149e1d95699
0000014a24eb2a79
0000014b2e2c0439
0000014ce5a5cc59
0000029aa5470061
000000000241a771
0000000000000181
0000014d9006c6d9
0000014ddcd29cb9
0000014ed20eca19
0000014fd7112e99
0000014ffb2c4a39
000001500505e419
00000151e0c90899
00000152473a3939
00000152ce5a3699
00000152cfc48979
00000153a18ebc19
0000015432a79af9
00000155409c9439
000001555fbad819
00000155eecf4cb9
0000015686f90a39
000002ad45b1ac61
000000000241a771
0000000000000181
00000157cad76ed9
00000157cbbbd639
0000015847bffa19
0000015885eaaf39
00000159547a6039
00000159e33349f9
00000159e6b957b9
0000015c0bb83c79
0000015c2878f159
0000015cbb8bb3b9
0000015d049a5519
0000015d660ece19
0000015eda961bf9
000002bfe61c5761
000000000241a771
0000000000000181
00000160b60827b9
00000163103a9d79
00000163e672e4f9
0000016520550e19
00000165535a5e99
000001656b8d5859
00000165dce759f9
00000165ec8a8a79
000001668d66c5f9
00000166b7ec9cf9
00000167afb6baf9
000001690bcd0c19
000002d286870361
000000000241a771
0000000000000181
0000016a7e852799
0000016b44980ef9
0000016b4c191cb9
0000016b6cd85f59
0000016bc58ad9f9
0000016c340dc9f9
0000016c48d4dd59
0000016c9c71c1d9
0000016ccd426039
0000016d1dd47df9
0000016df3f87e79
0000016e01d43c19
0000016e699e6eb9
00000171714fbf79
000002e526f1ae61
000000000241a771
0000000000000181
00000173e2b25ad9
00000173f4a2c8b9
000001747c3c6f99
00000176baf41af9
00000177044e2db9
000001776e0eae19
0000017892d14379
00000178a4d243f9
00000179d2dbdd79
0000017a6e723fb9
0000017ab7629239
0000017b3ad3f539
0000017b6fb78919
0000017b79a304b9
0000017b8a408db9
000002f7c75c5a61
000000000241a771
0000000000000181
0000017c32853dd9
0000017d4b3ea999
0000017f9766dcb9
0000017fd6c5c9d9
0000017fe376c539
00000180ae867ab9
000001840d56aed9
00000184ae22f079
0000030a67c70661
000000000241a771
0000000000000181
00000185c1444f39
00000186f799d9d9
000001871ce15579
00000187818260d9
00000187d2e2f619
00000188bf1aed19
000001896ba95b59
00000189efba87d9
0000018aa396f5b9
0000018b1b27c219
0000018b8b3d85f9
0000031d0831b161
000000000241a771
0000000000000181
0000018ea0fd72f9
0000018edeb4b9b9
0000018f3cba5b99
0000018f5e39dbb9
000001915e5c09d9
000001927f9f9fb9
00000193d6406039
0000019433804ed9
000001943e649059
000001944ffd1559
000001946e8da3b9
0000019476d1d679
000001948ae34f19
000001959a76df79
0000019669648859
000001966d071739
0000019760851299
000001976a201479
000001977e964019
0000032fa89c5d61
000000000241a771
0000000000000181
000001995e8b0a59
00000199eb557459
00000199eccb1ed9
0000019a7c8d7899
0000019b39c9c459
0000019da3178af9
0000019e4fb05c39
0000019f15dc3e39
0000019f61f3bb79
0000019f8a6a9a59
0000019f9199e059
0000019fb1cbbf59
000001a05d70ac79
000001a05dba3199
000001a092d8f879
000001a0bbc9b079
0000034249070961
000000000241a771
0000000000000181
000001a19ab5e739
000001a21d531659
000001a29d9bc9d9
000001a3872bcbd9
000001a40843b4b9
000001a60cc76eb9
000001a60e1b5f39
000001a67300bcb9
000001a84a1e7cf9
000001a87b910a59
000001a9798db199
000001a97f7b1c39
000001a9e5c33659
000001aa62b52f99
00000354e971b561
000000000241a771
0000000000000181
000001acbf600fd9
000001ad7ab76c79
000001ae9e2eb119
000001afdbb55319
000001b0f148a3f9
000001b10c3fc399
000001b1653d5759
000001b16fa57f19
000001b1a7326b39
000001b2193e7d79
000001b2abe14b59
000001b38c112a79
0000036789dc6061
000000000241a771
0000000000000181
000001b48d7da6f9
000001b4b70ef9f9
000001b4bdbe6619
000001b541f1bdd9
000001b550406c59
000001b66cf4fd59
000001b71efe32d9
000001b76c5ec8f9
000001b7fc66bbb9
000001ba063f41d9
000001ba2d3d9219
000001ba4344c3f9
000001bb20e14fd9
0000037a2a470c61
000000000241a771
0000000000000181
000001bdbcd68b19
000001be899361d9
000001bf5c603b59
000001bf72271099
000001bfd23216b9
000001c02b281759
000001c081b12579
000001c0a35182b9
000001c1547d3bf9
000001c2c7927759
000001c2d0c28b39
000001c3769a42d9
000001c385028019
000001c4322dfb99
000001c567e623b9
000001c59658f9d9
000001c602c2c9d9
0000038ccab1b861
000000000241a771
0000000000000181
000001c90643a059
000001c94d129ab9
000001cacb249559
000001cb0e243b79
000001cb780dce39
000001cd4a1fb2d9
000001cd97e1ae39
000001cf1a9cecb9
0000039f6b1c6461
000000000241a771
0000000000000181
000001d07ece4ad9
000001d1907be819
000001d2d9860db9
000001d493e7e559
000001d4b556bcb9
000001d4d6e2b679
000001d58c891e39
000001d59e70ddd9
000001d60b6e79d9
000001d6d8dd1639
000001d8a1117859
000003b20b871061
000000000241a771
0000000000000181
000001d933afaad9
000001da1c39ed99
000001dac369b7d9
000001dad17423d9
000001dbb01867d9
000001dbb8c4b999
000001dbdeb94e99
000001dbef286399
000001dd5e519ad9
000001ddbe814c59
000001ded3ff7159
000001def9dec379
000001df0fb348f9
000001df1b791879
000001df7bf9f199
000001e1f77355d9
000001e20ea56759
000003c4abf1bb61
000000000241a771
0000000000000181
000001e2edef4d79
000001e30fb82db9
000001e313f22479
000001e49f844099
000001e4c6d125b9
000001e4f8beadb9
000001e58ce019b9
000001e6bea24959
000001e89862ee99
000001e8fa469e39
000001ea04dbe399
000001ea5e69d899
000001ea5ed02fd9
000003d74c5c6761
000000000241a771
0000000000000181
000001ebb07b9ff9
000001ebcc318579
000001ec690baa19
000001ed986d9f39
000001edad212f19
000001ede31a1379
000001ef3dc41af9
000001f17247acb9
000001f18c7cd299
000001f1f2c24ff9
000001f2b81d9359
000001f4ed28cb39
000003e9ecc71361
000000000241a771
0000000000000181
000001f518f55419
000001f5c4b7ca99
000001f6fbfdd699
000001f7279bc199
000001f77cf91699
000001f89b4a3079
000001f8ccb18979
000001f923ae85d9
000001f95a445719
000001f9666fce39
000001f9e968f8d9
000001fa1a137079
000001faf19915f9
000001fd2cf8dc99
000001fe38a5ea79
000003fc8d31bf61
000000000241a771
0000000000000181
000001fe65834f59
000001fe8cf8c1b9
000001ff8f6fab79
000001ffbbb077d9
000002038add5799
0000020390644cd9
0000020598931379
00000205d7ee9979
00000206129f74f9
00000206abac3799
0000040f2d9c6b61
000000000241a771
0000000000000181
00000208c971ff19
00000208d4016a79
00000208fb026ad9
0000020a6de69239
0000020ab48cf799
0000020adbbf8ad9
0000020c98f55df9
0000020d42898ad9
0000020ecd786f39
0000020f8e8a3c19
000002106b504b19
00000210a2205339
00000210a2a826f9
00000421ce071761
000000000241a771
0000000000000181
000002112688da59
000002124aa21279
0000021278e473d9
00000212e155d099
0000021601ca16f9
000002163f2b8af9
00000216c3ae4219
00000216e13d6a99
00000217433e47b9
00000217b9602a99
00000217d7e2df19
0000021841a07fb9
000002195e6c7539
000004346e71c361
000000000241a771
0000000000000181
0000021a54e20cf9
0000021ac85f7eb9
0000021b1eb3a1f9
0000021b3b754559
0000021b49c26e39
0000021d11f7ba19
0000021daf138f19
0000021e0b679379
0000021f6649fe99
00000220dc148b39
0000022187d9e719
000002221f27f399
00000222efb74539
0000022333ed1719
0000022356825df9
000004470edc6f61
000000000241a771
0000000000000181
00000223f0a62b19
0000022496220fb9
0000022516ec21f9
00000227550b3819
000002276e249019
0000022957aed839
000002298857f0b9
0000022ac2060419
0000022c20b706b9
0000022c4aab9139
0000022cbf8c9899
00000459af471b61
000000000241a771
0000000000000181
0000022cdb2cc6d9
0000022dc8e3b299
0000022f39779bf9
0000022ff31611b9
0000022ff3162df9
00000230096c2899
0000023168eeb9b9
000002320b03aff9
00000232510936f9
0000023295688bb9
0000023371075c79
00000233d94c20d9
00000233eebeac39
00000234036466d9
00000234f3484379
00000234f6966ad9
0000046c4fb1c761
000000000241a771
0000000000000181
0000023730b4d559
0000023847cb0f99
000002393fdc6fb9
000002398ac7ed19
0000023b5c3eac79
0000023b9c0b3bb9
0000023c3daf1619
0000023c6aa7d6d9
0000023d1cdc1959
0000023daa47ce59
0000023e43f34df9
0000023e4cb2d339
0000023ee50611b9
0000047ef01c7361
000000000241a771
0000000000000181
000002415bf8a799
0000024160d83199
00000242c83542b9
00000244d465e0f9
00000244f698d699
00000244fb042b19
000002467c0e98f9
0000024737765599
00000247c03d97f9
0000049190872061
000000000241a771
0000000000000181
0000024bb13c53f9
0000024bcb6a6019
0000024cabb85039
0000024d401e74d9
0000024dd11206b9
0000024e8486fc99
0000024edf56a5b9
0000024f048c6059
0000024f17072f19
0000024f5ffa6519
0000024f7c831499
0000024f950cf959
000002501bf9aa79
0000025066e402b9
00000250983d32f9
000002516f2e1599
00000251a3495e99
000004a430f1cc61
000000000241a771
0000000000000181
000002528af826f9
000002544f769419
000002555cbdc499
00000255bf853339
00000256038e61d9
000002561927ec59
00000257dfde1bd9
000002597bd74559
0000025983281e59
0000025afda19999
000004b6d15c7861
000000000241a771
0000000000000181
0000025c4839d199
0000025c4a038f19
0000025defaf8819
0000025e4fa96739
0000025ebbb2c6b9
000002629af3fe99
00000262f3d2d5b9
00000262f4184bd9
000004c971c72461
000000000241a771
0000000000000181
0000026535c3fe99
0000026563820539
000002672d7d9379
000002679aeaee59
00000267d468e1f9
0000026837414379
000002686e3bc679
0000026916297fd9
000002695ba531b9
0000026984f79cb9
0000026b8eeb6919
0000026c2ac666b9
0000026c35fc2a19
0000026cc5d60df9
000004dc1231d061
000000000241a771
0000000000000181
0000026e1149d679
0000026e90a0be79
0000026f59c1d4d9
0000026f7f38ce19
00000270a6f13a99
00000270d94b4019
000002715ee4f019
000002731c912ab9
00000273ba045bd9
00000274ee4ef639
00000275015fd8b9
0000027524a9fe99
00000275a4c6f279
00000276197703b9
000002770032da59
0000027721aca019
0000027726ea0f19
000004eeb29c7c61
000000000241a771
0000000000000181
000002790bbf1199
0000027931a45619
000002793f3f3bb9
0000027abd513139
0000027b7e77f779
0000027c2c5207f9
0000027c33538d99
0000027d052ee739
0000027d6994f239
0000027e52468fb9
0000027e5cda4fb9
0000027f04f9e839
0000027fb2d4bdd9
0000050153072861
000000000241a771
0000000000000181
00000280e7134c19
00000280e8142e19
000002831722dfb9
000002833b391cf9
000002834daa4a99
00000283cff78ad9
000002842961b8b9
00000284c779b7f9
000002859c2d1bd9
00000285ccd69e19
00000285fda0f6d9
000002866e56db59
000002881ff6d199
00000288fd08e279
0000028975b2fa99
00000289f4f43399
00000513f371d561
000000000241a771
0000000000000181
0000028a064a51d9
0000028b1348b899
0000028bae9d17d9
0000028d3ffdd8b9
0000028d7283ba99
0000028db06caa39
0000028fc4a4d9f9
0000028fd78d33b9
00000290c44abb59
00000291301c7ed9
000002928987e159
00000292becc5799
0000052693dc8161
000000000241a771
0000000000000181
0000029361fd3059
00000293bb28aeb9
00000294d24b3b99
00000294f0f4ba59
00000296d7b20e39
00000296de83c039
000002974aa546f9
000002977f83c3d9
000002978cd28ef9
00000297a1d758b9
00000298f97a6b19
00000299c68c1199
00000299d172b199
0000029abbfc4d59
0000029c3e370cf9
0000053934472d61
000000000241a771
0000000000000181
0000029d879baaf9
0000029dae85bef9
0000029db28912d9
0000029e53ccf6d9
0000029f447f8239
0000029f9b4f9cd9
000002a2a031f079
000002a2cbbc4f59
000002a3860d5fb9
000002a43f1c51b9
000002a53987f699
000002a561bb1af9
000002a5d79db739
000002a5dacc9f59
0000054bd4b1d961
000000000241a771
0000000000000181
000002a611ba2d79
000002a64049fe39
000002a6c0f7b2b9
000002a6fff49799
000002a74e930819
000002a844405c79
000002a8e4823679
000002aa6a09e359
000002aafd607099
000002ab7e7c8479
000002ab92544af9
000002abe589aef9
000002abe589de59
000002ac9a9c2f99
000002acbee94fd9
000002ad0fb394b9
000002ae1bdf5a39
000002af0c19a619
0000055e751c8561
000000000241a771
0000000000000181
000002af48b89679
000002af6d19f599
000002afadff76d9
000002b0287c8b59
000002b16e750179
000002b18d8d58b9
000002b2021b5f19
000002b2a88e2fd9
000002b35ea7b699
000002b4eedb2fd9
000002b57f92f8b9
000002b806b225d9
0000057115873161
000000000241a771
0000000000000181
000002b91662f179
000002bab18beb79
000002bb0e4e2a79
000002bb65f8caf9
000002bbef355c19
000002bd4fd47319
000002c1c59870b9
00000583b5f1de61
000000000241a771
0000000000000181
000002c1fb85d159
000002c211405759
000002c27d0a6b19
000002c49ecd73b9
000002c4c7296c99
000002c529809c39
000002c5391b3d79
000002c549fb8139
000002c58cb66e99
000002c6514c2659
000002c773a924d9
000002c7c053dab9
000002c8641e1c19
00000596565c8a61
000000000241a771
0000000000000181
000002cc01a2d259
000002cd026f6c59
000002cd85aabfd9
000002cdb50b1f19
000002cdea7e4419
000002ce85e4da39
000002d00af9df59
000002d125e67879
000002d188bf6df9
000002d4470476d9
000002d461e1ed79
000005a8f6c73661
000000000241a771
0000000000000181
000002d57882dc59
000002d623f7c779
000002d684d82f59
000002d6d3afb199
000002d71c674979
000002d8ff2907f9
000002dac95575d9
000002dafd65f999
000002dbae827599
000002dbd625ecd9
000002dd4e109bf9
000005bb9731e261
000000000241a771
0000000000000181
000002de8dfc00b9
000002dec96a80d9
000002df357866d9
000002df5c036e59
000002e0282f9c79
000002e03ad67799
000002e0e05500f9
000002e22b1e42d9
000002e2de7eef59
000002e2de7effb9
000002e329f0d699
000002e4e490a359
000002e546e9d079
000002e6d3cad2f9
000005ce379c8f61
000000000241a771
0000000000000181
000002e7bf860919
000002e8b4a0a059
000002e93a87c199
000002e9614a7199
000002e9a81ac779
000002ea628a7c79
000002ea6c1e74b9
000002eabec031d9
000002eafe07a999
000002eb91897c79
000002ed705363b9
000002edbb8917f9
000002eee2bd0859
000002ef08380fb9
000005e0d8073b61
000000000241a771
0000000000000181
000002f0b62b5db9
000002f164db5159
000002f1781998d9
000002f18e7b5259
000002f2be62cb19
000002f35a45ffb9
000002f395f43ed9
000002f398ea1879
000002f44d3aa659
000002f473109159
000002f5ab3135f9
000002f60586c999
000002f639ee3739
000002f785ea9699
000002f8bf0d2db9
000002f964b94b19
000005f37871e761
000000000241a771
0000000000000181
000002fb3dfc40b9
000002fb41773599
000002fbb3a45df9
000002fc3c330999
000002fc604aa859
000002fd2be3bfd9
000002ffb7c29059
00000300485882b9
00000300ae174279
00000302837ad739
0000060618dc9361
000000000241a771
0000000000000181
0000030321421619
0000030348808059
000003036b393cb9
000003047ca152f9
00000304a4210239
000003055498a639
0000030564dadcb9
00000305a5835bf9
00000305b57b0fb9
00000306c1423f59
00000307857163b9
00000307df3fee59
00000307e1325ad9
00000307e4f3e599
00000308e18db0b9
000003092e5f1439
000003093c891c59
000003098bb66459
0000030bc32706b9
0000030c2443ab99
00000618b9474061
000000000241a771
0000000000000181
0000030c7640c1f9
0000030c8411bc99
0000030d0e163239
0000030d737c32b9
0000030e3a64d359
0000030ee5b2a639
00000310103cd0f9
00000310365ec379
00000310fc0b9179
000003110e523ad9
0000031220cc03b9
000003123cc012b9
000003124bab8979
00000312696b5979
0000031285973819
00000312b28e5419
00000312e6473039
000003142a865e59
0000031503b3f6b9
000003151a3fb499
000003155a205f79
0000062b59b1ec61
000000000241a771
0000000000000181
00000316db9cda99
0000031717c17a19
00000317b6c0baf9
0000031845bd80b9
00000318c9683339
000003199ef1d139
0000031adb606bf9
0000031c0a345eb9
0000031c72075d99
0000031ca17d3c39
0000031cbbbe49f9
0000031d02091f59
0000031dbff1fa99
0000031ddd18b399
0000031e97998599
0000063dfa1c9861
000000000241a771
0000000000000181
0000031f1a0f6dd9
0000031f586236f9
0000031fd789cf39
00000320694e94d9
00000321acab5cf9
00000321b0107919
00000323b1677619
0000032405475f79
000003242f67d4f9
0000032432d90459
00000324505b8a39
000003252dbbaf59
0000032598d869b9
00000327dbe871f9
00000327dc5bfe19
000006509a874461
000000000241a771
0000000000000181
0000032852f7fef9
0000032863e03e39
0000032898a4b4d9
0000032b09985eb9
0000032c68e81459
0000032c74d494f9
0000032cb184fb19
0000032d25606d39
0000032d4c8e3af9
0000032eb6397479
0000032f54a02eb9
0000033124bed179
000006633af1f161
000000000241a771
0000000000000181
00000332fb834f19
00000335bcdbc199
000003365a38d279
0000033740513c39
00000337c6ed66d9
00000337dfb19f39
000003380b850bb9
000003383a2d8139
00000338456f5399
000003398d6af799
00000339a800f499
0000033a609f8379
00000675db5c9d61
000000000241a771
0000000000000181
0000033c713c1279
0000033d4e2b8699
0000033f56926379
0000033f72a11fd9
0000034018f6a6f9
0000034193f59859
00000341e69e2279
0000034227813f39
00000343b41f5d39
00000343dc3dad39
000006887bc74961
000000000241a771
0000000000000181
00000344a4f09799
000003454b823b99
00000345804e4a79
00000345abe33699
00000345bced9e79
000003470a671fd9
00000347300ae199
0000034747db58b9
000003488d1ebcd9
000003489eddd279
00000348af062c79
00000348eb519919
000003493d886039
00000349fbe5a979
0000034a253fba39
0000034ac9ef0799
0000034adb33ae99
0000034b3d618c39
0000034bbb971f79
0000034c4a317999
0000034cd2014f19
0000034d10224259
0000069b1c31f661
000000000241a771
0000000000000181
0000034e34901279
0000034e7f652539
0000034f439a9c39
0000035156fd9439
0000035184d96f39
00000352ebc25839
00000353068ceb59
000003532742e199
000003532742e8f9
000003538cb2fe19
000003551af878f9
000003557652abf9
000003557e5bb719
00000355a0de3639
0000035607f0e719
000006adbc9ca261
000000000241a771
0000000000000181
000003577b10db39
00000357efd29cf9
00000357f0c85fd9
00000358fcdebab9
000003597ec02c99
00000359c639ddb9
00000359ef4bcb39
00000359fda6a5f9
0000035ace3a4d59
0000035b66f34bf9
0000035bcd318a99
0000035d21bf0ff9
0000035d91808cb9
0000035ebc4c5c59
0000035f3c787019
0000035fdea56919
000006c05d074e61
000000000241a771
0000000000000181
00000360e51a7c99
0000036300554539
0000036322bdfa99
00000363c8d6cb99
00000363df17ebf9
00000363f561e299
00000364f2a198d9
000003652a75b919
000003652e826bf9
00000365f423d039
0000036785859379
00000367be2d2dd9
00000368156378b9
0000036821c3b5f9
00000368a732d6b9
000006d2fd71fb61
000000000241a771
0000000000000181
0000036a5f8676b9
0000036bbed82a59
0000036c1ff549f9
0000036c46c12a59
0000036cedef3ad9
0000036e24e15f79
0000036e3786ac39
0000036f4d860f39
000003704a9bf539
0000037099511bf9
0000037117dc0b39
00000371a147f019
00000371c4caac19
000003728b4b0f19
00000372a3b29af9
000006e59ddca761
000000000241a771
0000000000000181
000003730a40a8d9
0000037327f74159
0000037416fdac39
0000037488c423b9
00000374a4b8f0f9
00000374b933e979
0000037551ebbe19
00000376dd76dfb9
00000377106d9259
000003781481b879
000003787dd7eef9
00000379063e1599
0000037a7ba9db79
0000037a9d15c939
0000037a9e7c33d9
000006f83e475461
000000000241a771
0000000000000181
0000037cf5619a59
0000037d659a5c39
0000037d9307dc99
0000037dc4467d79
0000037ddcefa579
0000037f2d775bd9
0000037f3ccbe279
0000038016101459
0000038188e666b9
00000381acf142b9
00000382463762f9
00000382ed899eb9
000003833280b919
000003836ffed479
00000383791b1db9
0000038428652a19
00000385173875d9
0000070adeb20061
000000000241a771
0000000000000181
00000385c9957d59
00000386a1345e39
00000387156ed899
00000387557830d9
0000038770216ff9
0000038880096379
00000389307eb0d9
0000038adf15fb39
0000038ba0c59ff9
0000038c0d105799
0000038c26695f99
0000038cfb9f5a99
0000038d90043739
0000038d9bbc9ef9
0000038ddf3c5d99
0000038dff419a59
0000038e5cfe78d9
0000038e764527f9
0000071d7f1cac61
000000000241a771
0000000000000181
0000038fd0f8c8b9
000003908297d539
000003913e7241f9
000003913f87a4d9
000003921c23a1d9
00000392f78d6ff9
000003935a5d31f9
00000394b550b019
00000394ea9856b9
00000394f966f699
00000394ffc25ed9
000003963abdce19
000003964e379cf9
0000039682ee7a99
000003978213b439
000007301f875961
000000000241a771
0000000000000181
00000398a18dc6f9
00000398c8254a39
0000039ab5b37c39
0000039aba646e39
0000039bdc94af39
0000039c3629d879
0000039d22d85bf9
0000039d3ea00e99
0000039ec7ab9499
0000039efe692579
0000039f530ee939
0000039f9482cc99
0000039fc9825079
00000742bff20561
000000000241a771
0000000000000181
000003a160975a59
000003a165d49ab9
000003a191c03db9
000003a1ec4c3a79
000003a2d5863c79
000003a2e043f2d9
000003a2e1055ed9
000003a306589899
000003a3bb757b79
000003a52a6a2cb9
000003a57160ec19
000003a6503e0819
000003a69fbea979
000003a74c661d39
000003a80a7e4e19
000003a8c03b9479
000003a903a78879
000003a9558b0a19
000003a9baff1ab9
000003aa5f977419
000003aa9f8b2339
00000755605cb261
000000000241a771
0000000000000181
000003ab4fb9b6f9
000003abcc2a6cd9
000003ae358bdf59
000003ae4bf105f9
000003ae68743059
000003ae687440d9
000003aea20b9b59
000003afa26bbe59
000003afe41fc539
000003b285d78799
000003b2f4fdeed9
000003b3884b22b9
0000076800c75e61
000000000241a771
0000000000000181
000003b5683b5899
000003b595113bb9
000003b5ba1492d9
000003b6ae426819
000003b77a13bed9
000003b7dbca6959
000003b856d01439
000003b86244c0d9
000003b8a7ba8859
000003b96a5bd559
000003bab7326af9
000003bb0a05b3d9
000003bb31dc9559
000003bb53fa1e99
000003bba5ec4079
000003bbfedfc099
000003bc1c9d39f9
000003bd1f646199
000003bd35f247f9
0000077aa1320a61
000000000241a771
0000000000000181
000003bd7a32b3f9
000003bd8f9b6dd9
000003bdf9ee1519
000003beb723a159
000003bee85e3739
000003beebd584b9
000003c026e86759
000003c0ae9fdd19
000003c11cd62e19
000003c1a4872a19
000003c2b0237119
000003c3be88d639
000003c4f78681b9
000003c5047b6af9
000003c62afcc219
0000078d419cb761
000000000241a771
0000000000000181
000003c71e01e759
000003c7e7a2c919
000003c8c711c8b9
000003ca20e8aff9
000003ca71b6d979
000003ca9ca01539
000003cb53fb7f99
000003cbac702139
000003ccef7efdf9
000003cd80b56fd9
000003ce1b1bb6f9
000003cf195e5fd9
000003cf3770f679
000003cfb1efed59
0000079fe2076361
000000000241a771
0000000000000181
000003d0004f5019
000003d19418aab9
000003d197969379
000003d292713079
000003d37db98b79
000003d38342c279
000003d43434f859
000003d43768d7b9
000003d47c971a99
000003d48e173e99
000003d5a9d5e1d9
000003d74aaeba99
000003d77b590e99
000003d7841bb879
000003d79d38fef9
000003d8da75c1d9
000007b282721061
000000000241a771
0000000000000181
000003d96ba509f9
000003d9e64acd79
000003dafbe918b9
000003dbab155fd9
000003dc08454df9
000003dd1b23abb9
000003dd2dc37259
000003dd49a89539
000003ddb8420739
000003ddce3bcb79
000003ddd24dbbd9
000003de8fa7fb19
000003dee135e799
000003deecf5f219
000003dfdcf4d419
000003dffa3ebd79
000003e050433519
000003e0695e1139
000003e20d63b199
000003e222ffb519
000003e25f452259
000007c522dcbc61
000000000241a771
0000000000000181
000003e2b521d4b9
000003e304c1b039
000003e4aaf3f959
000003e4c055f979
000003e5d2a31339
000003e6b1e88959
000003e6bf305719
000003e6d8e6ad79
000003e713fdd819
000003e77a671e99
000003e8f7110979
000003e92afebcf9
000007d7c3476961
000000000241a771
0000000000000181
000003ee15e16f79
000003ee70fd5cd9
000003ee7dd1b5b9
000003ee9680e579
000003eefcceb539
000003ef4d64da19
000003ef86e058d9
000003efec4a1e19
000003f0670f4699
000003f1c19dcd39
000003f4ce725bb9
000003f51fafa0f9
000007ea63b21561
000000000241a771
0000000000000181
000003f538ce3af9
000003f53daf0159
000003f5c7d72319
000003f5d91b7339
000003f67c729099
000003f722802739
000003f78c2a20b9
000003f9378e1119
000003fa488ffb99
000003fa65428999
000003fad5e43a39
000003fb24560359
000003fcfcf942d9
000003fd2b2d8db9
000003fe648e7839
000007fd041cc261
000000000241a771
0000000000000181
000003ff58a35799
000003ff9c07c0f9
000003ffeb0dca19
000004001e948e39
0000040189774939
00000401de8c3199
000004027e25c6f9
00000402e6d31899
000004030201c339
00000404bd4e5a39
00000405350b7459
000004053f284b19
00000405a9718379
00000405d7806d39
00000405f69f2179
000004073fcc3a59
00000407bbe268d9
0000080fa4876e61
000000000241a771
0000000000000181
00000408a14c5979
00000408ac0042d9
00000409652b0d79
0000040aaa038a99
0000040ad4ffa5f9
0000040afa123879
0000040bbc2657d9
0000040bcb406b99
0000040dd5d9cd79
0000040e07b2e659
0000040f04146bd9
0000040f29d2d719
0000040fe8ad2bb9
000004101e7b1a79
000004105e297cb9
0000082244f21b61
000000000241a771
0000000000000181
00000411c72cded9
00000412f2145379
00000413138de039
000004141bbf09b9
0000041433db3519
00000414bb404199
0000041520d90f19
000004153866e959
0000041545fa58b9
00000415818e0e79
0000041613e32d19
000004164a6a26f9
00000416ff3bbb99
00000417aeef9979
00000418148b9ef9
0000041942d56719
00000834e55cc761
000000000241a771
0000000000000181
0000041a74196a39
0000041b77e380d9
0000041b77e39339
0000041b9e22b419
0000041c53241539
0000041d0bce6579
0000041d7ce36ed9
0000041eb35c5999
0000041f07833579
00000420b2c061d9
00000420b4b978f9
00000422598c58b9
00000422a76871d9
000004232274beb9
0000084785c77461
000000000241a771
0000000000000181
0000042412bb8e79
0000042460518959
00000424cae86e99
00000426a01e6ef9
00000427c2471e19
00000428f6642959
00000429ef408859
0000042ac8d63e59
0000042b94b525f9
0000042ca1a1c6f9
0000042cd5b8dfb9
0000085a26322161
000000000241a771
0000000000000181
0000042f2076f3f9
0000042fd72cb759
000004317cbd8499
0000043233d23e39
0000043309ef58b9
0000043344e02ef9
00000433bd7761d9
00000434fb3d3459
0000043511a31af9
0000043565a9b599
0000086cc69ccd61
000000000241a771
0000000000000181
00000436b336edb9
00000437354f45d9
000004375f92b999
000004379aac3399
00000437e420e019
0000043804c6ca59
00000438b0bde359
00000438baec54b9
00000439ad436d19
0000043d39f4ff59
0000043d692fcb19
0000043e2b721ff9
0000043e306b6319
0000043e3323fa59
0000043edf5bdc39
0000043effa1eef9
0000043f97856579
0000087f67077a61
000000000241a771
0000000000000181
0000044003e8ff79
000004407a96c2f9
00000440834a53d9
0000044160f83259
0000044179460e99
0000044214880d79
00000442808fc739
0000044296d670b9
00000443f65bfa99
00000443fe37e7b9
0000044461348ed9
00000444fe7514d9
0000044533d68f99
000004469a8783b9
00000446de4da7b9
0000044783383db9
000004485c824e59
000004486775c399
0000044877e93099
00000448d30a1e19
0000089207722661
000000000241a771
0000000000000181
0000044928fbb5f9
000004492bca1279
000004494c064459
0000044984ce24d9
0000044bf7625859
0000044c81d20619
0000044cf9132319
0000044d7d878d99
0000044d8ae02999
0000044db383e799
0000044eb75555d9
0000044ef91c4f79
0000044f0664ebf9
0000044f22b57ad9
000004502006bcd9
00000450b0d94779
00000451472596f9
00000451c95f12d9
0000045200097b99
000008a4a7dcd361
000000000241a771
0000000000000181
0000045324ad9159
000004537ea19059
00000454b8daeb19
00000455bb9217b9
00000455d5fc2939
00000456f7e98919
00000457497ed199
00000458330a9979
0000045aab9d7e19
0000045b528a2999
000008b748478061
000000000241a771
0000000000000181
0000045bd34b2259
0000045c5ff864b9
0000045c9e01d2d9
0000045ffc23f179
000004616ed95e19
00000461a6fd12d9
00000463b13d0799
000008c9e8b22c61
000000000241a771
0000000000000181
0000046586a69c59
00000465f9a6fb99
00000467141833d9
000004676a6f4a59
00000467a1a7a2f9
0000046835f48bd9
000004692d4975b9
0000046a056f75f9
0000046a90718c39
0000046b217ceef9
0000046b86dcd919
0000046b8e39e739
0000046b9a8e6ff9
0000046c1d18da19
0000046c1d4223d9
0000046df7c365b9
000008dc891cd961
000000000241a771
0000000000000181
0000046fdb614339
000004701afbb579
00000471d834c699
000004726f9be679
0000047288e424f9
000004729543fa99
00000472d55193b9
0000047449d63af9
0000047497015f79
000004750ab16079
00000475221c1ef9
000004765855c219
0000047695598cf9
00000476b5b4a439
0000047742eec1f9
000008ef29878661
000000000241a771
0000000000000181
000004781ebd61b9
00000479e389b959
0000047aab5f61b9
0000047b2a7606f9
0000047bb930a699
0000047c5b7f3d19
0000047c64a1e479
0000047d2a48daf9
0000047ec33e3979
0000047ed0c23439
0000047fe4350739
0000047ff3fddc39
000004804bd72839
00000901c9f23261
000000000241a771
0000000000000181
00000480e57425d9
000004817497be39
00000481b21f0b79
00000483739e33d9
000004854bfe96f9
000004862e0bcdd9
00000488fe77c3b9
0000048900b3c039
000004892e0be159
000004894c3fa919
000004895ec22f59
000009146a5cdf61
000000000241a771
0000000000000181
0000048a620c4819
0000048a7e551979
0000048b0be5c7b9
0000048b21b82d19
0000048bff724939
0000048cc299a459
0000048cc77ebd19
0000048f7e369259
0000048fab32db99
000004902521f5b9
0000049097bd42f9
000009270ac78c61
000000000241a771
0000000000000181
00000493c06007d9
00000493e121e619
0000049496318999
0000049496318eb9
000004956a15f1b9
00000495e7de5619
0000049666ea3c99
0000049681b8cfb9
000004968b008679
00000496e9f824b9
0000049788bc1ed9
00000497acc5dfb9
0000049817aae939
00000499d611ff39
0000049acc82f8f9
0000049b6f89b8f9
0000049c23480479
0000049c28c55bb9
0000049cbcdd6af9
0000049cd3ad4659
00000939ab323961
000000000241a771
0000000000000181
0000049d0bfc2ab9
0000049d7053d8d9
000004a01916ce19
000004a16566e6d9
000004a1a61e92d9
000004a1c23ce3d9
000004a26d643179
000004a2be3edc19
000004a360f7aab9
000004a3ed9dc4b9
000004a3f4d2f1b9
000004a4b8ab14b9
000004a5ccbc50d9
000004a601631cf9
0000094c4b9ce561
000000000241a771
0000000000000181
000004a683799a39
000004a6b1277759
000004a74c24c719
000004a7b8a1f4d9
000004a86ac74299
000004a9e9899fb9
000004ab25b99d39
000004ab9ded8439
000004abf16d2f79
000004acfc67ceb9
000004add3712279
000004ae1dc40f19
000004ae7f996719
000004aefc338039
0000095eec079261
000000000241a771
0000000000000181
000004afa0377af9
000004b1730b84b9
000004b19432ecb9
000004b427efa759
000004b4ede801d9
000004b5012e3259
000004b58ab5d2d9
000004b5a5a6fbf9
000004b6b4978779
000009718c723f61
000000000241a771
0000000000000181
000004b9202a64f9
000004bb110fdc19
000004bc004e7cf9
000004bcdfc7f339
000004bd665df159
000004bda52298d9
000004be4dc7ddf9
000004bfc032e9f9
000004bfd6d30e59
000004c042e8ca59
000004c0462e4a39
000009842cdcec61
000000000241a771
0000000000000181
000004c2bd7a7979
000004c2ee463b59
000004c34432b9f9
000004c43694c0f9
000004c5dea7e379
000004c63b957939
000004c660019639
000004c67c6b7259
000004c828b90719
000004c835b0d819
000004c8e9801f19
000004c9ceca0559
00000996cd479861
000000000241a771
0000000000000181
000004cbcf574e59
000004cbf0c370b9
000004cd2793b579
000004cd5569fd79
000004cd7bdbcbb9
000004cdc6103a59
000004cdd8f5e699
000004cf54044bd9
000004cf953f6959
000004cfcd1dab39
000004d07e311599
000004d0da01d279
000004d198f0ced9
000004d259bc8a19
000004d3d4360799
000009a96db24561
000000000241a771
0000000000000181
000004d5dc608599
000004d6dc8a9ef9
000004d7d29c9639
000004d885a78ed9
000004d8d3fd1f79
000004d8e0bec6b9
000004d989178539
000004d9db898a99
000004d9e1272019
000004da1145a619
000004da161f2a19
000004da7d3d1419
000004dad34ddbd9
000004dc8e515999
000004dcfdbbd4d9
000004dd898679d9
000009bc0e1cf261
000000000241a771
0000000000000181
000004de15338dd9
000004de62fe0ef9
000004de71466679
000004dfdd1a3739
000004e0cd623139
000004e1360eb6d9
000004e1c8717099
000004e1cb61dc99
000004e285c2ca19
000004e337119059
000004e476567159
000004e5e9edbad9
000004e6f46a4099
000004e721181139
000009ceae879f61
000000000241a771
0000000000000181
000004e77e232c19
000004e7e170d039
000004e83669e2b9
000004e8597baf19
000004e86421cf99
000004e8c6b987f9
000004e93c5bfe99
000004ea45752059
000004ea9d3876d9
000004ec1e143cd9
000004ec923882b9
000004ed9a5dfa39
000004ef1379df99
000004ef6fe1b039
000004efd6fb9fb9
000009e14ef24b61
000000000241a771
0000000000000181
000004f1724ae839
000004f29e039959
000004f3e04bceb9
000004f465a1bb59
000004f4aaba58d9
000004f4c20d4b39
000004f4e3a409b9
000004f60db65219
000004f715c76039
000004f811c803f9
000004f915483539
000004f915484a39
000009f3ef5cf861
000000000241a771
0000000000000181
000004fa3f5f0159
000004fae51e29f9
000004fb23340dd9
000004fb7fe9b3b9
000004fbc1e28cf9
000004fc1198b0f9
000004fca89cddd9
000004fd02bc4599
000004fdfedf8d79
000004ff17ea7839
000004ff57507a59
000005000e383899
0000050020faa399
0000050078843d39
00000500c6334379
000005018e489979
00000501b1efa4f9
00000501befd28b9
0000050291146a39
00000a068fc7a561
000000000241a771
0000000000000181
00000503633d12f9
00000503696684d9
000005039c4fbb99
00000503b8fa35d9
000005047e60a0f9
00000505aa862e99
00000509345b74b9
0000050935a040b9
00000509c8433dd9
0000050a0ead01d9
0000050a14623fd9
0000050a1b6f35d9
0000050ad55ab819
0000050c68f59419
0000050c742fd159
00000a1930325261
000000000241a771
0000000000000181
0000050cf3a7fb59
0000050d516f7959
0000050daafa4a59
0000050e09478d79
0000050e1160c039
0000050e98818419
0000050f1f75cc99
0000050f48134339
0000050fb9538a19
00000510b9d2b299
00000510ee32e9d9
000005110d05aef9
00000511e99d83f9
00000512cf3d8819
00000512d4ef5019
000005151bc6d2f9
0000051572b611d9
00000a2bd09cff61
000000000241a771
0000000000000181
0000051688e6df79
00000517391c27f9
00000517c5f27bf9
000005180196d959
0000051817856f99
000005189854e279
00000518f1eb62b9
0000051900751d19
0000051988eabb39
0000051a6aff59f9
00000a3e7107ac61
000000000241a771
0000000000000181
000005212a832979
0000052184cc4959
000005218b2a3cf9
00000521f53cc5f9
00000521ffa201b9
00000522148917d9
0000052254f70e99
000005226929a2d9
000005238d9db399
00000523c68120d9
00000523f378d719
0000052479ec72b9
00000524a32b3179
0000052556958279
00000525e8317399
000005269631b119
000005284654cad9
00000a5111725861
000000000241a771
0000000000000181
00000528fc6bfcb9
0000052972d588f9
0000052a910884b9
0000052b2e064d59
0000052be0e04af9
0000052c20de58b9
0000052c5cc3f4d9
0000052cd7126079
0000052e6c534859
0000052efaa50b99
0000052f58ebf6f9
0000052faa634f19
00000530046ce2f9
000005302b415859
00000a63b1dd0561
000000000241a771
0000000000000181
0000053225e9da39
000005322753f219
000005322ec986f9
000005339e11dc99
00000533f1cf4e19
0000053498697f39
000005388a45c3b9
00000539519983b9
0000053a2798db99
00000a765247b261
000000000241a771
0000000000000181
0000053bf4fd2999
0000053cc33faa39
0000053cc60dac99
0000053cca3e67f9
0000053d025b6099
0000053e546ef819
0000053fa82ac059
0000054045c476f9
000005408b658c19
0000054095683379
00000541b1ac18f9
00000542056a4d99
0000054209bd1a79
000005422196d0b9
000005428f06f379
000005429946ce59
00000542f7ab43b9
000005433cd38f19
00000543b7868e59
00000a88f2b25f61
000000000241a771
0000000000000181
00000545e71298d9
00000546ebc1ed59
00000546f4610a79
00000546fb399439
000005474278c5f9
00000547915687d9
000005488fcb5199
0000054902a6dd79
0000054906390039
00000549a747ebd9
0000054a6f87e5d9
0000054b6e684cf9
0000054c44ba2bf9
0000054c9e147ad9
00000a9b931d0c61
000000000241a771
0000000000000181
0000054de36101d9
0000054ec4fa0f99
0000054f083ca459
0000054ffd7cbc79
00000550cb50b2f9
0000055131c4b299
0000055175c8dcb9
0000055175c8f6d9
000005522998a659
000005536f6688f9
000005538cfa1fb9
00000553a3ed0e59
0000055432fbc919
00000554df067df9
00000554f0d8c539
000005554c09be19
000005565a913659
00000556c628a8d9
00000556d63de419
00000aae3387b961
000000000241a771
0000000000000181
00000557892f1fb9
00000557da309579
0000055865e64739
0000055892bd4f99
00000558e27784f9
0000055934026279
0000055a337fa2d9
0000055a784f7219
0000055b176cf759
0000055cfb481f59
0000055d4ffe3b19
0000055d578ad5f9
0000055d70e1d179
0000055f0426bcb9
00000ac0d3f26561
000000000241a771
0000000000000181
00000560c9967cd9
000005610d2687f9
000005619c2513f9
00000561baffb699
00000562a27f7939
00000562a9ca1219
00000562b5de4359
00000562b6ef8f79
00000563d9d16c39
00000564847a38d9
00000564e5afa2f9
0000056551431f99
000005658a3aef59
00000565932d4f59
00000565989c26f9
00000565bab1ea39
00000566d82b4f39
00000566f7a42a39
0000056722af95d9
000005682f519699
00000568af92b779
00000ad3745d1261
000000000241a771
0000000000000181
0000056a26110059
0000056bd26ffe19
0000056c11fac699
0000056c346dbbd9
0000056c586d1f39
0000056d542836b9
0000056daa0a4599
0000056e65270a79
0000056ee671e039
0000056f610791b9
0000056f6812dff9
0000056fb9a2f199
000005706fdc6c59
000005709a7ba379
00000570ce740cf9
00000571b5241c39
00000571f5951b79
00000ae614c7bf61
000000000241a771
0000000000000181
000005736bf0b699
0000057385352319
00000573fe2c5899
00000574c43b85f9
0000057535351679
00000575829b7c99
00000575afe6dd99
00000aeba1331a61
000000000241a771
0000000000000181
