[MCS8 A] 97 FW 3.104 SV 1.257 
range=1024
periods=2
sweepmode=27e20d0
fstchan=0
holdafter=0
streamstatus=3
calreg0=0
calreg1=0
calreg2=0
calreg3=0
swpreset=8000        
prena=1
syncout=0
cycles=18
sequences=1
tagbits=16
vdac0=92c
vdac1=807
vdac2=8c8
vdac3=8c8
vdac4=8c8
vdac5=8c8
vdac6=8c8
vdac7=8c8
timepreset=150.000     
digio=0
digval=0
autoinc=0 
savedata=2 
mpafmt=asc
sephead=0 
fmt=asc
smoothpts=5 
[CHN1]
REPORT-FILE from 06/24/2026 13:02:21.079  written 06/24/2026 13:02:21
cmline0=06/24/2026 13:02:21.079 
cmline1=A1
range=1024
active=1
bitshift=4
cftfak=2580100
evpreset=10          
roimin=0
roimax=1000
caloff=0.800000
calfact=12.800000
calfact2=0
calfact3=0
calunit=nsec
caluse=1 
[CHN2]
REPORT-FILE from  written 06/24/2026 13:02:21
cmline1=A2
range=1024
active=0
bitshift=4
cftfak=2580100
evpreset=10          
roimin=0
roimax=1000
caloff=0.800000
calfact=12.800000
calfact2=0
calfact3=0
calunit=nsec
caluse=1 
[CHN3]
REPORT-FILE from  written 06/24/2026 13:02:21
cmline1=A3
range=1024
active=0
bitshift=4
cftfak=2580100
evpreset=10          
roimin=0
roimax=1000
caloff=0.800000
calfact=12.800000
calfact2=0
calfact3=0
calunit=nsec
caluse=1 
[CHN4]
REPORT-FILE from  written 06/24/2026 13:02:21
cmline1=A4
range=1024
active=0
bitshift=4
cftfak=2580100
evpreset=10          
roimin=0
roimax=1000
caloff=0.800000
calfact=12.800000
calfact2=0
calfact3=0
calunit=nsec
caluse=1 
[CHN5]
REPORT-FILE from  written 06/24/2026 13:02:21
cmline1=A5
range=1024
active=0
bitshift=4
cftfak=2580100
evpreset=10          
roimin=0
roimax=1000
caloff=0.800000
calfact=12.800000
calfact2=0
calfact3=0
calunit=nsec
caluse=1 
[CHN6]
REPORT-FILE from  written 06/24/2026 13:02:21
cmline1=A6
range=1024
active=0
bitshift=4
cftfak=2580100
evpreset=10          
roimin=0
roimax=1000
caloff=0.800000
calfact=12.800000
calfact2=0
calfact3=0
calunit=nsec
caluse=1 
[CHN7]
REPORT-FILE from  written 06/24/2026 13:02:21
cmline1=A7
range=1024
active=0
bitshift=4
cftfak=2580100
evpreset=0           
roimin=0
roimax=1000
caloff=0.800000
calfact=12.800000
calfact2=0
calfact3=0
calunit=nsec
caluse=1 
[CHN8]
REPORT-FILE from  written 06/24/2026 13:02:21
cmline1=A8
range=1024
active=0
bitshift=4
cftfak=2580100
evpreset=0           
roimin=0
roimax=1000
caloff=0.800000
calfact=12.800000
calfact2=0
calfact3=0
calunit=nsec
caluse=1 
;MCS8 #97 Sversion=1.257 Fversion=3.68
time_patch=1
;datalength=8 bytes
;bit0..3: channel# 1..8 ( 4 bit)
;bit4: edge 0=up / 1=dn ( 1 bit)
;bit5 ..57: timedata    (53 bit), max sweep length 2001.6 h
;bit58..62: tag0..tag4  ( 5 bit)
;bit63:     data_lost   ( 1 bit)
[DATA]
0000000000000016
000000006de57599
0000000072152439
00000000c1f722f9
00000000fbe368b9
000000014b311299
00000001c9d61559
00000002573f1a39
00000002dd3790b9
0000000310d4ad19
000000031d8decd9
000000038e7b7a99
00000003a2d9a739
00000003c67f05f9
000000042af217d9
000000048bd9e5f9
00000004fb053679
000000059e49c4d9
00000006b96f2039
00000006d2c626f9
00000007168eda59
000000074c3af179
0000000877626819
00000008b955d559
000000090d48c439
00000009eecccd39
0000000af60a1119
0000000b10b00559
0000000b71070059
0000000ba8e2e599
0000000baa3210b9
0000000c0249f679
0000000c7fd290d9
0000000cdea91cb9
0000000d8c874df9
0000000df35a2319
0000000e8a38cf99
0000000e96004319
0000000f6e36ceb9
0000000fa8ec4219
0000000fffb18bf9
0000002156ed1f61
0000000001e1ec71
0000000000000181
000000119fe4c079
000000121035dcb9
0000001418210159
0000001427dac439
00000014435f0459
000000144ad11779
0000001463d85e79
000000148614ed99
00000014d3a5b339
00000015703808f9
000000158e40a2b9
00000015a0ea9d39
000000162b9911b9
000000169fa1ae59
000000170db12ad9
000000172a00cd79
000000177d121ef9
00000018bcd33d19
000000191181e239
000000195e43eb99
000000196d9e2ef9
00000019b0a2fb79
00000033f757c361
0000000001e1ec71
0000000000000181
0000001ab35ccd59
0000001b3d53eff9
0000001c68bcc879
0000001e7ae11259
0000001eace29359
0000001ef2d73c79
0000001f3e27b5d9
0000002000cb8279
000000207fc3bdd9
000000209c0e9519
00000021c7e34e59
000000222fabe679
00000022b2fe9bf9
0000004697c26761
0000000001e1ec71
0000000000000181
0000002385d1ce59
0000002406b07259
0000002450621899
000000245f9def39
0000002462c12339
0000002466a12fd9
00000024d6b5f579
0000002532d36279
000000253d73a399
0000002680c42ed9
0000002683fbc799
0000002767997919
000000279fd8c7d9
00000028c4dff939
00000028c6dd0af9
0000002927409859
0000002976a87b79
000000297dfee459
0000002a3e926fd9
0000002a78b78eb9
0000002b073f0e59
0000002bb7651a59
0000002bf18d3bb9
0000002c2383a5f9
0000002c458ce9d9
00000059382d0b61
0000000001e1ec71
0000000000000181
0000002d5e48eb99
0000002d81e175d9
0000002daba021d9
0000002db24dc139
0000002dcc9e33b9
0000002e3cea7d39
0000002e4fe6ea99
0000002e9401fc39
0000002eb7b26bb9
0000002f352bea39
0000002f39e02159
0000002f4eb713b9
0000002f61bc4e79
0000002f96e53839
0000002fb5041919
0000003061b8d739
0000003081184999
0000003082171f19
0000003263ef6339
00000032b1528a59
00000032f3d08059
00000032f7d76579
000000332b1592b9
000000336088a919
000000336e7220f9
00000034e20ece59
0000003536eb5479
000000355bced1b9
00000035d5661df9
00000035e75305d9
0000006bd897af61
0000000001e1ec71
0000000000000181
000000360617c2b9
000000374f634119
00000037dfa71519
000000381cfc0479
0000003871622619
00000038cd75f6d9
00000038f4681619
00000038fd1d4a79
000000398989e9d9
0000003993c2c1f9
000000399e482a99
0000003abafa9739
0000003af8c0a6d9
0000003bb950bf79
0000003bc7fae599
0000003beee3ecd9
0000003c2123a679
0000003c4a76b639
0000003c971f02d9
0000003cbbd20a19
0000003d2a8b53d9
0000003e517c9579
0000003e7f8d5ab9
0000007e79025261
0000000001e1ec71
0000000000000181
0000003f72cd0279
0000003fafa10ef9
0000003fb1bb60d9
0000004007573eb9
000000405f5ebf99
0000004076295a99
00000040bc43a659
000000412e8351d9
00000041553b1159
000000418705d759
00000041c34777d9
00000041dff0e159
0000004205875119
0000004393b02119
00000044e4f4ea39
0000004529cd4ef9
000000456c465a79
00000046045b4a79
0000004686f48879
00000046aeae8399
00000046fb786219
000000478e0718b9
00000047a0c14839
00000047c043ae79
00000047cb6d5699
00000047f1fca2d9
00000048195d4359
000000485a6c1d59
00000091196cf661
0000000001e1ec71
0000000000000181
0000004a0967f5b9
0000004a3ce8dab9
0000004a5f5c2e99
0000004abd013459
0000004b4dc4b7b9
0000004b90211cf9
0000004baf2e3279
0000004d21151db9
0000004d6db0e1b9
0000004e0bace019
0000004e65960ab9
0000004ef5a833d9
0000004fdd522e79
0000005115aafd59
0000005125528179
0000005147bca359
000000a3b9d79a61
0000000001e1ec71
0000000000000181
00000051ff0faf99
0000005278817639
000000527a3e4a59
000000535eb17f99
000000540d6eca39
00000054e4c65ad9
00000054fdb60f59
0000005512e3f839
00000055ab23aef9
000000565a20aeb9
000000566fe99519
00000057890c8559
00000057dacaee99
000000589170d939
0000005995820159
00000059e40a5bd9
0000005a14705099
000000b65a423e61
0000000001e1ec71
0000000000000181
0000005b2ead6679
0000005b64043559
0000005b76be7e19
0000005c4d5927d9
0000005d84d9bc79
0000005dc6a32179
0000005df177c779
0000005e27f5bd59
0000005ecb281399
000000608369ef19
00000060b89c3b99
00000060f56de439
000000613d727599
000000614c8f7859
0000006169b9faf9
0000006273f46e79
00000062a002da99
000000635f56fd79
0000006364e475f9
000000c8faace161
0000000001e1ec71
0000000000000181
00000064c14772d9
00000064ea54ab79
000000650d86c939
000000659567d499
000000662483f319
00000066973010d9
00000067168148b9
000000677d632f99
00000068a20c17b9
00000068c1ec7739
0000006968a61859
0000006bb1c84d19
0000006bb1c84ed9
0000006bf72a5019
0000006c49d1edd9
0000006cd6d6bcd9
0000006d147bdab9
0000006d6097ad39
0000006d79727f79
000000db9b178561
0000000001e1ec71
0000000000000181
0000006e6454bef9
0000006eb818f019
0000006ee200c199
0000006f0f5fae39
0000006f92694e39
0000007000e55059
00000070671a3579
000000706f58c319
00000072113eaf19
000000726c608f59
00000073b2945e99
00000073fc6ccf59
000000741c07f6b9
0000007536083159
00000075414b4199
00000075f1158999
000000760b149ef9
000000760d217759
000000761af0ad39
00000076850f2119
000000ee3b822861
0000000001e1ec71
0000000000000181
0000007724dd7719
0000007746d0f099
00000077b2b6a1b9
00000078421d9f59
000000784fed5a19
00000078569243d9
00000078a5449d19
000000795a892c19
00000079678c4779
00000079678c5f79
00000079b8ad7b59
0000007a9871f659
0000007a9a5948b9
0000007add149919
0000007b0165e1f9
0000007b93f5b3f9
0000007bd17a2039
0000007e052e9e39
0000007f5fe0ca59
0000007f7ec90f39
0000007f80d6f699
00000080015718d9
00000100dbeccc61
0000000001e1ec71
0000000000000181
00000080e1bc67d9
00000080ef1695d9
000000816ca8d0f9
00000082533df4d9
00000082577c49d9
000000846671e899
000000848b991979
00000084ac2606f9
00000084e8165559
000000856a202379
00000085f26b0659
0000008632e9b579
000000864e545af9
000000865c236619
000000868c30abf9
0000008703adbb79
000000876933e739
0000008794ce77f9
0000008856d4d019
00000089a96d4a19
000001137c576f61
0000000001e1ec71
0000000000000181
00000089f78c1319
0000008a6ebdc539
0000008adf991db9
0000008af28bbbd9
0000008b8f722c79
0000008bd0f9f979
0000008c89b96739
0000008c8aade119
0000008d4c9ca119
0000008e12451499
0000008e1675bb79
0000008e4905bc99
0000008e9c1e8bf9
0000008eea6dd719
000000914b70d039
00000091b3e56059
0000009244a0adb9
0000009303978e39
000001261cc21361
0000000001e1ec71
0000000000000181
00000093f9b980b9
00000094baa99579
00000094e874d379
0000009527898099
0000009577f12a39
00000095f6fc4ef9
000000963c7aeb79
000000964f97cdd9
00000096aa69d019
00000096ae563e79
00000096bee8d359
0000009734be1819
000000973c584959
00000097a497e159
00000097c1ac04b9
00000097f86f7259
00000098c3055779
00000098c690ae99
00000099047d0959
000000994aedf9d9
0000009a309744f9
0000009a4941b379
0000009a81a76f99
0000009a87c729f9
0000009a8dbf8919
0000009aa5d77e79
0000009b48218df9
0000009b48e782d9
0000009ba00210b9
0000009c00908c59
0000009c13a89079
0000009c4b1d8e39
00000138bd2cb661
0000000001e1ec71
0000000000000181
0000009cc0455db9
0000009d1ce83bb9
0000009d92d435f9
0000009e501c5479
0000009f51420259
0000009f66fa3579
000000a0cfb778d9
000000a132ea44d9
000000a1773453f9
000000a17b343159
000000a1872b49b9
000000a34f4c9d79
000000a396a91059
000000a39e055df9
000000a55ba03299
0000014b5d975961
0000000001e1ec71
0000000000000181
000000a61ac2fcf9
000000a63e84a439
000000a6568ac399
000000a738fff399
000000a742e9dd99
000000a74cb52099
000000a7cbdf5cd9
000000a924a63d39
000000a9f1ccef99
000000aa2ce44f59
000000aae4b10859
000000aafd99b1d9
000000ab2cd896d9
000000ab38d997b9
000000ab478692b9
000000ac0f992919
000000acba3e1079
000000acbd9394f9
000000acc2612459
000000add9dd7919
000000ade75f8059
000000ae85ecf5d9
000000aea41b4659
000000aeeb66c679
000000aef19a6379
0000015dfe01fc61
0000000001e1ec71
0000000000000181
000000af43ef0b19
000000afbfafc3f9
000000b001d24459
000000b16ca25819
000000b19dcc4039
000000b1bca07df9
000000b2bf308719
000000b3b59acf99
000000b3d1082379
000000b47c9c6859
000000b48f71b839
000000b496e3f3f9
000000b51e926d99
000000b5a1097e19
000000b5b012a379
000000b695759379
000000b6cf65ef79
000000b7a91d3b39
000000b8121d2a79
000001709e6ca061
0000000001e1ec71
0000000000000181
000000b86e99f599
000000b87ee27039
000000b943d421d9
000000b954751f19
000000b977ffbd39
000000ba4627c7f9
000000bb148588d9
000000bbe06767f9
000000bbf94f36b9
000000bc7d4da1d9
000000beb30cdbd9
000000bec2984499
000000bef12ed419
000000bf2ed194b9
000000bf4c9fd539
000000bfcb95b9b9
000000c0ff665e99
000000c132eb60f9
000000c159d15ef9
000000c1820c11d9
000001833ed74361
0000000001e1ec71
0000000000000181
000000c1b96d6959
000000c1e0fad379
000000c280cd74f9
000000c2f02e34d9
000000c320715499
000000c33205b5d9
000000c334f69779
000000c4e3cfb579
000000c58064b5b9
000000c5d75b9999
000000c5ddb119f9
000000c625c84e19
000000c63ebd26d9
000000c68a2c5b79
000000c6bf1c1359
000000c85c640ef9
000000c8b2d40f39
000000c9397b4719
000000c9d2928f19
000000ca568a5c59
000000ca60f88a79
000000ca8c23df59
000000caac02e5d9
00000195df41e661
0000000001e1ec71
0000000000000181
000000cb5c91b9d9
000000cb5c91c6d9
000000cc8b5000d9
000000cd0fbbdcf9
000000cd59194a39
000000cd66e0ab19
000000cd83a6d899
000000cdd68d3159
000000cedd744719
000000cee4240099
000000cf00066159
000000cf200e16f9
000000cf822b8819
000000cfa4ed48f9
000000d071a75719
000000d0a6f6ee39
000000d12e1499d9
000000d1b5b62e79
000000d1f1dd5379
000000d262acee59
000000d3690a3499
000000d3ec1d2339
000001a87fac8961
0000000001e1ec71
0000000000000181
000000d484748079
000000d4a24fe5b9
000000d4a3c47559
000000d4c3722899
000000d53f3bf4f9
000000d55ce7fd59
000000d5fb6ac6b9
000000d6427d3459
000000d64f6a9c99
000000d68a793a19
000000d6a69a1159
000000d6dea87519
000000d74172d8f9
000000d75b7174b9
000000d7f47d5b79
000000d81d9d6019
000000d87546f719
000000d8ba50bb39
000000d8f1b595f9
000000d99862d379
000000d9aac4d1f9
000000d9c4dba439
000000dab6daf8d9
000000db7411a819
000000dbe35b9c19
000000dbf09cf359
000000dc019100f9
000000dc22f1e0b9
000000dcdca99a99
000000dcf6cce5b9
000001bb20172b61
0000000001e1ec71
0000000000000181
000000ddbdbf0b79
000000df2a7581d9
000000dfd3b5e4b9
000000dfda3c3bd9
000000e06e180219
000000e06ea4f619
000000e0e834c679
000000e0f7b995b9
000000e2cf691899
000000e2cf691f19
000000e368506519
000000e376c3ffd9
000000e411df66f9
000000e44b8abbd9
000000e4d00e0059
000000e541925099
000000e550e29379
000000e586994b79
000000e5a50760b9
000000e5d1a81a39
000000e616a96ff9
000000e68e3fe279
000001cdc081ce61
0000000001e1ec71
0000000000000181
000000e6e5c098f9
000000e71a4e84d9
000000e77de618d9
000000e81712c659
000000e826279759
000000e8aea4a4d9
000000e9ceefd1b9
000000ea060686f9
000000eb64be1259
000000eba8ef28d9
000000ec323cbd79
000000ec84fe85d9
000000eca1c589b9
000000ecc1b1f119
000000ed9352b619
000000ee50825a99
000000eecadff039
000000eee42298d9
000000f0052b1cb9
000001e060ec7161
0000000001e1ec71
0000000000000181
000000f036291bd9
000000f04e7bdb39
000000f0669a6439
000000f09325a719
000000f095c52bd9
000000f0bccabe19
000000f0cf1733f9
000000f1b29a8e79
000000f22b238299
000000f2a743fb59
000000f2fd8d0979
000000f3826585b9
000000f3cf9f4f79
000000f422fd0f19
000000f459668d19
000000f4af47a799
000000f4e9d24219
000000f553356a19
000000f55d3dcf39
000000f5604122b9
000000f6346e5879
000000f685a6b239
000000f761109119
000000f7bd0de1b9
000000f81c7f1019
000000f8ffefa479
000000f979136579
000001f301571461
0000000001e1ec71
0000000000000181
000000fb0c782159
000000fd1bfc17f9
000000fe11217759
000000fe3f3d5239
000000fe797f43f9
000000ff63d30199
000001010342e739
0000010111df0539
000001013956df99
0000010153ea4b39
00000101dbdb89b9
0000010236ddb2b9
0000010258392699
00000102aec4c039
00000205a1c1b761
0000000001e1ec71
0000000000000181
00000103faa96a79
000001053bcaaab9
000001059c807499
000001065381e6b9
000001067fe5b7f9
00000106a1caa679
0000010826c1e999
00000108b4fa7b99
0000010928acd519
00000109f39806f9
0000010a75044279
0000010a87930fb9
00000218422c5961
0000000001e1ec71
0000000000000181
0000010c3eed1399
0000010d1482bd39
0000010d420d4439
0000010fda41e5d9
000001104e489399
0000011070eae879
00000111124adaf9
000001118a50ab19
00000111ae8bb259
00000111b0d381b9
00000111e0bf26b9
000001124092ae19
0000011291502e59
0000011349fa50d9
000001136edd9819
0000022ae296fc61
0000000001e1ec71
0000000000000181
00000115ebf9ba19
000001175dd09899
00000117f8b7d3d9
000001182df5e499
00000118b5143af9
00000119539b0819
0000011a1f82b0f9
0000011a52f19559
0000011a92269ed9
0000011a97dd0319
0000011ab76104f9
0000011add7da399
0000011b92671c99
0000011bd216ae99
0000011c50ea82b9
0000011c5435ee79
0000011cca431739
0000011d305ca8b9
0000011d9b5acdb9
0000011dbeb99b19
0000011df3e91639
0000011e814c0f39
0000023d83019e61
0000000001e1ec71
0000000000000181
0000011f24dcdc59
0000011f5bbcc839
0000011fc4cef639
00000120836b1779
00000120eaf44f59
00000120ec3e7019
00000120ed5ad5b9
00000121a3a4b399
0000012245edd7b9
00000122c3bdebd9
000001232211fbb9
0000012335bb5399
0000012366af4239
0000012390ed26b9
00000123b1f82b59
0000012432825599
000001244f886619
00000124e73eded9
00000125f7521379
000001266c9315f9
000001268b14a079
00000250236c4161
0000000001e1ec71
0000000000000181
0000012816d11559
0000012818f825d9
00000129b841b0b9
0000012a163078d9
0000012a47eff5d9
0000012a4d2278f9
0000012a712670f9
0000012a7d08d2b9
0000012aae8cbe79
0000012bd53a0e39
0000012bfafd4899
0000012c02668159
0000012c9297ebd9
0000012cab7f2e99
0000012ce94fb839
0000012d14aaaf99
0000012d696caab9
0000012dd1cf6019
0000012e74dd99d9
0000012e7e846799
0000012f4da0cf39
0000012f9209dc39
0000012f9895a2b9
0000012f9a3209d9
0000012fbb1d2939
0000012fea0dc6b9
00000130091fa759
0000013014d9ed19
000001308938e0b9
00000262c3d6e361
0000000001e1ec71
0000000000000181
000001319bbc9959
00000131c0a3b2b9
00000132352867d9
0000013270942759
000001333de0ea39
00000133d7d429d9
00000134b3dadd59
00000135469eb6b9
000001364133feb9
000001369c3a9c59
000001371ebe1299
000001372f87a699
0000013731ddb8b9
00000137b383d1b9
0000027564418661
0000000001e1ec71
0000000000000181
0000013ad1963459
0000013ca0ab6bd9
0000013dde962a19
0000013e7204d879
0000013eacb2c639
0000013f201294d9
0000013f332c1819
0000013f5fddbdf9
0000013fb298d879
0000013fed0a9f39
00000140be3e4ef9
00000141102e7b59
000001416c1c1799
00000141c177e079
00000141ce007ab9
000001424268cf39
00000142fe4d36b9
00000143aeb6eb39
00000143ca4dfdf9
00000143ca4e06f9
0000028804ac2861
0000000001e1ec71
0000000000000181
00000144218b5099
0000014492145259
0000014497b61959
0000014498f44339
00000144e9b75979
000001459974b6d9
00000145be52a0b9
00000145ce4147b9
00000145fbbc15f9
0000014612251f59
00000146337c6b59
00000146bbe84fd9
00000147189d68b9
0000014720ef7459
0000014723fc1579
000001478e674719
00000148566aceb9
00000148bb6a3bd9
0000014931876579
0000014931e692d9
0000014977fbe219
00000149e2e0cad9
0000014a41a9e2b9
0000014b735ff279
0000014c1c1df8d9
0000014c1d599c59
0000014cb092e5b9
0000014ccbffd379
0000014cd6b02339
0000014d09239c19
0000014d49d5c579
0000029aa516ca61
0000000001e1ec71
0000000000000181
0000014dca772cb9
0000014e767af7f9
0000014edcea7bf9
0000014f39da4539
0000015087ded9f9
0000015097de2939
0000015103e19359
00000151dd95d279
0000015200dfab59
000001520e6b5619
000001526e6df2f9
00000152898ea099
00000152b514ee19
0000015332a3f999
0000015364c4d319
00000153e3014839
000001542add3299
00000154ddc36239
000001553d47ec99
00000155855b5d99
000002ad45816d61
0000000001e1ec71
0000000000000181
00000156fdcbe6b9
00000157b7418b19
0000015842652af9
000001587d183539
000001593eaaee19
00000159a39c9659
0000015a1e53c339
0000015a89ab5499
0000015bb82b4cb9
0000015c2b689fb9
0000015c2d4c40f9
0000015c959d8d19
0000015cd1041bf9
0000015d3f709139
0000015dd109e0f9
0000015e92a9a359
0000015f40c70d79
0000015fa1b38bf9
000002bfe5ec0f61
0000000001e1ec71
0000000000000181
000001610417ed99
000001614c8c23d9
0000016212e44d79
00000162806910d9
0000016362328179
0000016383509eb9
000001642ba896d9
00000164792e3e39
0000016484754719
00000164a1707799
00000164d9b53399
00000164ed3fd819
000001650eb2eaf9
0000016513509cd9
0000016691d51859
00000166b9a2e079
000001686915e079
00000168e92a7939
000002d28656b161
0000000001e1ec71
0000000000000181
00000169805175d9
00000169a985be19
00000169de59c839
0000016a5e1b2a19
0000016a7827d5d9
0000016a7eeeccf9
0000016b40339879
0000016cafe23eb9
0000016cf5d6bd99
0000016d0af7e859
0000016d94172539
0000016db6964059
0000016e301942d9
0000016f149cb559
0000016f3f1b5c99
00000170dcf6c699
00000170fb98c959
000001710716a3f9
00000171322164f9
00000171900e1c59
00000171a1cf3c99
00000171ca8a5ff9
00000171e53946b9
00000172232137d9
0000017225584139
00000172381b7659
000001725c63e759
000002e526c15361
0000000001e1ec71
0000000000000181
0000017298b96659
0000017349d28d59
000001737e3c3339
00000173bdd79639
0000017494c4ba19
0000017571b05559
0000017571b06fd9
000001760ccd5df9
000001763350a7b9
00000176c08e9fd9
000001782eba81b9
0000017831e111b9
0000017855332b79
00000178db2f04f9
0000017995e459f9
0000017a4459b619
0000017ac1b5c2b9
0000017b2dca4cd9
0000017b5b01ad79
0000017b7a8b37f9
0000017b825fa379
0000017b82ec17b9
000002f7c72bf561
0000000001e1ec71
0000000000000181
0000017c76050a39
0000017c7b17b099
0000017d3e94b959
0000017e7fa5c759
0000017e9c7af759
0000017ecc2a02f9
0000018076f17699
000001811b262379
00000181a0c023f9
000001823a657d39
000001828bde9e79
00000182ddc47b19
00000182e6694139
00000183b7e51eb9
00000183e1a60f79
0000030a67969761
0000000001e1ec71
0000000000000181
00000185ce185279
00000185d5110d99
00000186fefb7659
000001871da760d9
0000018744b52d19
00000187742ae9b9
0000018799874fb9
000001882b9e6059
000001889d8099b9
00000188a62e61b9
00000188b8ab1a79
0000018993b77bf9
00000189bb8054b9
0000018a4717e959
0000018a4d5b9239
0000018a5c6088f9
0000018ac4d87b39
0000018b2ac37519
0000018bacf5d979
0000018bcd244ab9
0000018bdf7ffad9
0000018c42095399
0000018d061813b9
0000018d3362d499
0000018dc3946ff9
0000018df5257559
0000018e071a0ab9
0000018e341b0359
0000031d08013961
0000000001e1ec71
0000000000000181
0000018fdf302e19
000001900ae421b9
00000192541d54b9
00000192d655dfb9
000001934406aaf9
0000019381435259
000001940a00d179
0000019421c4b2f9
000001942d96faf9
00000194f3c8ea79
00000195091f3ff9
000001956b201259
0000019683b516f9
0000019712b9b9f9
00000197265b25f9
0000032fa86bdb61
0000000001e1ec71
0000000000000181
00000197e444d2f9
00000197ea057bf9
00000198804e5c19
00000198eafbadb9
0000019905529b79
0000019934ee6b79
0000019938b07c19
000001994105bb19
000001995d9820d9
00000199fe400759
0000019a7599fc59
0000019a7ed32eb9
0000019aa980c539
0000019b2189fcf9
0000019ba8c0a719
0000019bb4bbcd79
0000019c4f76f919
0000019d2832cdf9
0000019dedb21e59
0000019e09fadd99
0000019eccaca7b9
0000019ed982c539
0000019ef5610f59
0000019fcd9f0e99
000001a0ce270059
000001a0cedc9299
0000034248d67c61
0000000001e1ec71
0000000000000181
000001a18c3e2499
000001a1f31a8f79
000001a228ab8ff9
000001a259758e39
000001a25d0447d9
000001a27517b7b9
000001a42f152039
000001a528a99f19
000001a65d880b79
000001a700ee7239
000001a70c87e319
000001a72660c719
000001a773400ab9
000001a787446f59
000001a794821d59
000001a86bb37199
000001a91114f2f9
000001a97b3c02f9
00000354e9411e61
0000000001e1ec71
0000000000000181
000001aac7d630b9
000001ab53387e19
000001ab773db2d9
000001abbb103219
000001ac2070f3d9
000001ac5ad9cdd9
000001afb7daddb9
000001afe47155d9
000001b05957da99
000001b0b2a84df9
000001b0f4a1b799
000001b14ed9dc19
000001b15c606cb9
000001b3100f8039
000001b39cb111b9
0000036789abc061
0000000001e1ec71
0000000000000181
000001b473b521f9
000001b489d79cd9
000001b4b62f02d9
000001b520da6d79
000001b566cb2b79
000001b5939d3679
000001b5a2a8f2f9
000001b5bcc0e9d9
000001b6e13ce179
000001b70cf50f99
000001b7b572e479
000001b8027e02f9
000001b81209edd9
000001b8424e0579
000001b9456daeb9
000001b9663aa739
000001b993861a99
000001b9f6663c19
000001ba119cdc19
000001ba4fc9f539
000001baba625299
000001bcba0e28f9
0000037a2a166261
0000000001e1ec71
0000000000000181
000001bd3d889d59
000001bd3f604d99
000001bdaaee9699
000001be2ecee459
000001bed652ad99
000001bedbf45f19
000001bf35d9dc99
000001bf8f2678f9
000001c043e0fc99
000001c1913a1cb9
000001c2146ff379
000001c25272c3f9
000001c302aee0b9
000001c338618839
000001c622b77719
0000038cca810361
0000000001e1ec71
0000000000000181
000001c6b63f6879
000001c8005edcb9
000001c8399b6ab9
000001c93ad19239
000001c93c761039
000001c9c4b4b319
000001cb3bbf38f9
000001cc7760def9
000001cc92b51339
000001ce58e0cab9
000001ce8fb55bf9
000001cf0b37ba79
000001cf1fc18df9
000001cf5a229eb9
000001cf970eb8b9
0000039f6aeba561
0000000001e1ec71
0000000000000181
000001d024c1eb19
000001d29ae69eb9
000001d2bd6c7d19
000001d3b5b4e639
000001d426f73919
000001d43badb799
000001d451f4bfb9
000001d4751aa599
000001d5067f2119
000001d667183b19
000001d66bbc0d19
000001d66c8c44f9
000001d6b2dca1f9
000001d6de4f3b19
000001d6e94107f9
000001d70a55ccb9
000001d7cbf1dc19
000001d83fff19d9
000001d8445ff279
000001d8839f2e99
000003b20b564661
0000000001e1ec71
0000000000000181
000001d9dc9fa419
000001d9e6a56a59
000001da1eb25759
000001da5b4df6d9
000001db25b86d59
000001dbcf806f79
000001dd7d53ae79
000001ddaffda739
000001de2393bef9
000001de69d838f9
000001de872eaf59
000001defcc952b9
000001e0244211b9
000001e028ff5099
000001e0573d8099
000001e0d6e8bb19
000001e0dbab5899
000001e162928219
000001e1910c25d9
000003c4abc0e861
0000000001e1ec71
0000000000000181
000001e277a29419
000001e411fedf19
000001e4f6ac3059
000001e587ab1f39
000001e7ae702e59
000001e7b828e7b9
000001e7e5c27db9
000001e898585239
000001e8ba2bccd9
000001e97c09ed79
000001e9a0d76299
000001e9c41a1959
000001ea17f1ec79
000001ea8f76a0f9
000001eaa18f5fb9
000001eab3b04bb9
000001eb4e44d839
000001eb64421179
000001eb8c756699
000001eb96c79559
000003d74c2b8961
0000000001e1ec71
0000000000000181
000001ebe1307239
000001ec000765f9
000001ec49b42619
000001ec60cd4e19
000001ec8362b5b9
000001ed889cebd9
000001ee650f6659
000001ef00212479
000001ef2eab6239
000001ef5f427439
000001ef64e35479
000001ef7154fd19
000001efb19a7ef9
000001eff9593b59
000001f03cec7fd9
000001f0b77295f9
000001f190743179
000001f19e137ef9
000001f1e4abbb59
000001f202dbccb9
000001f2155faab9
000001f21e73b7b9
000001f2984787f9
000001f2fd015f39
000001f33cfda5f9
000001f34d7f6fb9
000001f3d033db39
000001f450f95779
000001f47b522519
000001f4aaaaa6b9
000003e9ec962b61
0000000001e1ec71
0000000000000181
000001f535c5ce99
000001f57fbd97f9
000001f5af875b99
000001f61ec5c759
000001f66f0d21b9
000001f6e9960759
000001f6f33e7c19
000001f727886779
000001f7ab1aca79
000001f83a9c7179
000001f8fc89af59
000001f9484ccf79
000001fa24e89239
000001fb0af443b9
000001fb28b15839
000001fbc99c6f79
000001fcdf0345f9
000001fd00871739
000001fd029d9659
000001fd46741139
000001fe034fead9
000003fc8d00cc61
0000000001e1ec71
0000000000000181
000001febe484f99
000001ff839fb679
000001fff77757f9
00000200684f6a79
000002017541e8b9
000002024688c219
0000020255e5bdd9
0000020278a066f9
0000020343909e19
000002034fccc599
00000204b78aad99
00000204d0912199
00000205caa093f9
00000206a2979979
000002074503de59
000002076e733d99
0000040f2d6b6d61
0000000001e1ec71
0000000000000181
0000020847445b19
00000208f1731f79
000002092c1798b9
000002093b308d99
0000020a2c47dfb9
0000020a9aa3cd99
0000020aa28d56b9
0000020aa48f6239
0000020aaae78319
0000020b3375f779
0000020b89d2ab19
0000020c30f58b59
0000020caa155cb9
0000020cf2ae3619
0000020e0f8c62f9
0000020e56dcf859
0000020e5dab5bd9
0000020ea27a6319
0000020ec2d254d9
0000020ef970a5f9
00000210206cbf79
000002102295f2d9
000002104023a519
00000421cdd60f61
0000000001e1ec71
0000000000000181
0000021126241c99
000002119fc3e2d9
00000211ec5a0af9
0000021297426af9
000002129839b5d9
000002129b5d0779
000002136a5adc59
0000021396b3d219
00000213efd083f9
0000021407e416b9
000002145f10a779
000002146aff8239
000002149f1a12b9
00000214df8aff99
0000021657ff5d99
000002167bbba5b9
000002169038c8f9
000002169d148539
000002173eeed699
000002173f1f7cb9
00000217d8482359
000002189bf22939
00000219517b1b79
00000219547e85b9
00000219bbf40439
0000021a11266cd9
000004346e40b061
0000000001e1ec71
0000000000000181
0000021a5e585e99
0000021ab93cd079
0000021b33611ad9
0000021bd38d1959
0000021c33dee559
0000021c4773b599
0000021cc5906c39
0000021d6b1e63b9
0000021ddffbd0f9
0000021efe9ce139
0000021f95d333b9
00000220547ad379
0000022257cc8cb9
00000222b4eaaef9
000002238124f8f9
000004470eab5161
0000000001e1ec71
0000000000000181
00000223938854d9
0000022398d2df59
00000224df8b98f9
000002259193e619
000002260899c319
000002263dfcc199
000002269b8aba99
00000226d6379639
000002274c677b59
000002288aadd159
00000228a118ccf9
00000228db50d739
00000229c8bf1139
0000022a8020d6f9
0000022ab306d619
0000022ae3b78779
0000022b0515bd39
0000022b3f6c5319
0000022bc2c00419
0000022bf4d398b9
0000022cb81d42d9
00000459af15f261
0000000001e1ec71
0000000000000181
0000022cf87ea9d9
0000022dfd644b79
0000022e0d21ffd9
0000022e3082a3b9
0000022ec8b84499
0000022ed9ea9139
0000022f7e07db99
00000230226d61f9
00000230332e89b9
000002305654f399
00000232233470d9
000002325b73f299
0000023282bceb99
00000232849561f9
000002329339ff79
00000233c91d4f99
000002342c421bb9
00000234bb1b5d19
000002350f42bab9
00000235bb42a079
0000046c4f809361
0000000001e1ec71
0000000000000181
000002369b811359
00000236f0237559
0000023794dacb99
000002380a7763b9
000002387ffa6619
000002391f1c5179
0000023924a9c4f9
0000023a6f49e599
0000023b3e4c42b9
0000023baa321739
0000023bda6765d9
0000023c2a94cef9
0000023d33fc9c79
0000023d6d407f99
0000023dbaec0239
0000023dbecc14b9
0000023e476f67b9
0000023ea1881939
0000023eb4163dd9
0000023f0501c7d9
0000023f2629ef19
0000023f29567679
0000047eefeb3461
0000000001e1ec71
0000000000000181
0000023f94fc2459
0000023fd79fa939
00000240c6e6d1b9
0000024139fec8d9
000002419d5072d9
00000241ea07f499
00000242291439b9
000002422f056519
000002425982ca79
00000243264e2dd9
000002439cdf5819
00000243b7c25099
000002443c9b8eb9
00000244d5e12ff9
00000246a2b9db99
000002471be5d019
0000024743b96059
000002475caaa3d9
0000024821816f39
0000024854e802b9
000004919055d561
0000000001e1ec71
0000000000000181
0000024a774e2e39
0000024aa44376d9
0000024aabecc1b9
0000024b33b7fbf9
0000024b38019119
0000024c4985d059
0000024c883511d9
0000024d4aaafc79
0000024d4c70c5b9
0000024d9bc73199
0000024dde6aa8b9
0000024e7fb096d9
0000024f5aaecbf9
0000024f8d3fd479
0000024fb3871539
0000024ff7f87539
000002500a131439
000002513d8f9039
000004a430c07661
0000000001e1ec71
0000000000000181
0000025355e7d599
00000253e625aa19
000002556faca119
0000025677f8a959
00000256d5ecd959
0000025732d09ab9
00000257550c4dd9
00000257890d4eb9
000002597a129299
00000259d658fa59
00000259f21d3f59
00000259f9d2a119
0000025a12411d99
0000025a23120779
0000025a3f5a85b9
0000025aad57ff19
0000025b4ed48ef9
000004b6d12b1661
0000000001e1ec71
0000000000000181
0000025bac785bf9
0000025c2aaa8259
0000025c3d1ff0f9
0000025d14087259
0000025d207745f9
0000025d2942d099
0000025d46ccaed9
0000025daa4728f9
0000025e11459979
0000025e73fe57b9
0000025e8c9b5819
0000025f50b98859
0000025f6d6451f9
0000025fa13bc579
0000025fb555ac99
000002601a326339
0000026026b83679
00000260d83e08f9
00000260e0971ff9
0000026193ab5579
00000261e2654d79
00000262268e3f19
0000026241523bf9
0000026267585179
0000026361687a79
00000263d6e92639
00000263e11748d9
000004c97195b761
0000000001e1ec71
0000000000000181
00000265778c0f39
0000026590c98a19
000002667f735239
000002672283c8d9
00000267cc110459
00000268e30ca219
0000026915178d59
00000269fbb76599
0000026b1ebd3319
0000026b424bdc19
0000026b4302a839
0000026b9637f4d9
0000026be7cb96d9
0000026bfbe99cf9
000004dc12005861
0000000001e1ec71
0000000000000181
0000026ece7ea4d9
0000026f11bed339
0000026febdf9ad9
000002700053f7f9
0000027010ca7879
000002707ad30b79
00000270f2e967d9
00000270ff5e5659
00000271891f50b9
00000271f89a3e59
00000272a2509519
00000272d1fc4539
0000027314236a59
00000273a1e9bd39
00000273a9a87e39
00000273d7f794f9
00000273e9b0b859
00000274530afa39
000002746936c899
000002749c1cfc99
00000274cd864b99
0000027655161a79
0000027674a35fb9
000004eeb26af961
0000000001e1ec71
0000000000000181
00000277871ec7d9
00000278c19f34f9
000002796fd31999
00000279857f68d9
0000027986738459
00000279d7913b39
00000279efaab299
0000027ade714599
0000027b1350f419
0000027b613e2b39
0000027b7cca61d9
0000027c0daf89f9
0000027dbec9dbd9
0000027de6c7f559
0000027e3ec76d39
0000027ec8c03139
0000027f58f931f9
0000027f61e2d3f9
0000027f961cf999
0000028004ed11d9
0000028065705219
0000050152d59961
0000000001e1ec71
0000000000000181
00000280c1e0a799
00000281bcffc959
00000281d9b50499
000002822819e6d9
000002823c1c16f9
000002827a307639
000002828b4e3e59
00000282b63ccc39
00000282b80cd999
00000282d40a24d9
000002836fbe3f59
0000028377efcc99
000002839b727999
000002840f8f69f9
000002841758ca59
00000284d8097179
0000028671083a19
000002868e574759
00000286e2e8bf79
000002871a63b999
000002875486c659
00000287896570b9
0000028791b7fc39
0000028826639159
0000028872dae559
00000288cfbf65d9
00000513f3403a61
0000000001e1ec71
0000000000000181
0000028a42cc56f9
0000028aeecb75f9
0000028b204f28f9
0000028b47aae9f9
0000028b4b49e539
0000028b79746df9
0000028c2531fb79
0000028cdf7687b9
0000028d23b884d9
0000028d40f70a59
0000028dd7aabcd9
0000028e686bcf39
0000028e686be8d9
0000028ebdf4f599
0000028f21127439
0000028f2cda5ad9
0000029013e410d9
000002909d47fe79
00000290fcbac779
0000029197e630b9
00000291c3926579
0000029291142919
00000292c4ffc0d9
00000292d540f179
000002932ab8c259
0000029331ebce99
0000052693aada61
0000000001e1ec71
0000000000000181
0000029439190859
00000294e2e3e859
00000295c9693919
0000029610a9b419
00000297bd16ebd9
00000297e7990339
00000298a546b819
00000298ed1a9959
00000299746c9099
00000299bfd67899
00000299ce64eb19
00000299e3786a59
0000029a9a10a899
0000029aa3a34719
0000029aa47c85d9
0000029b06af4cf9
0000029b1c4b3dd9
0000029bc420b939
0000029c51ad5eb9
0000029c8729a579
0000053934157b61
0000000001e1ec71
0000000000000181
0000029d43b305d9
0000029d62a1b8f9
0000029dd2d5fb79
0000029f4b413e99
0000029f51c8f779
0000029f83bfd7d9
0000029f9f40cff9
0000029fac213279
0000029fe22fc799
0000029ffcf06719
000002a05009e439
000002a14a9aea99
000002a186aa1cf9
000002a1a16500f9
000002a247282359
000002a26f718539
000002a2ca6452d9
000002a2cdd66a39
000002a3111c8db9
000002a3210ca699
000002a33747c839
000002a33e45ea79
000002a374f0f939
000002a37af5d219
000002a441af01f9
000002a44e9024b9
000002a514fc5eb9
000002a514fc6eb9
000002a520238899
000002a5aa31fb19
0000054bd4801b61
0000000001e1ec71
0000000000000181
000002a66dd3c499
000002a698a716f9
000002a7db43b599
000002a81a886db9
000002a84d6fcff9
000002a88e6a6779
000002a9436d39f9
000002a9593fecd9
000002a9e83c5c79
000002aa750168b9
000002aa7b7fc4b9
000002ab711876d9
000002acb1416179
000002adb6e8f039
000002aed33ca499
0000055e74eabc61
0000000001e1ec71
0000000000000181
000002b0a4a544f9
000002b0c8461459
000002b0dc795259
000002b1481d9b59
000002b1969a9cf9
000002b296020219
000002b2da9058b9
000002b34cde5df9
000002b3d64f76f9
000002b4175da339
000002b4462037d9
000002b4518625f9
000002b495225ed9
000002b5baf0ef39
000002b606709979
000002b6099f94f9
000002b6dfe93e19
000002b79b5367f9
000002b7dcaf8319
0000057115555c61
0000000001e1ec71
0000000000000181
000002b93c6804d9
000002b9f31e07f9
000002ba104ff6f9
000002bac2397a79
000002bae61fa9b9
000002bb07537759
000002bb72d629b9
000002bb8f6b3039
000002bbc7f626f9
000002bc581ed519
000002bc8e631359
000002bd4830c699
000002bd88350f39
000002beb928ae39
000002c08abc7e79
000002c0da301e79
000002c14d500d19
000002c157d86019
00000583b5bffc61
0000000001e1ec71
0000000000000181
000002c32b21ded9
000002c32f7bfcd9
000002c3513c3859
000002c400c4add9
000002c5193b11d9
000002c58bccccd9
000002c685f5a859
000002c74fdb0999
000002c76d773779
000002c785f5c3d9
000002c7bb6ab7f9
000002c94c7a7679
000002c96c8ae9b9
000002ca2223ed79
000002ca6bac5399
00000596562a9c61
0000000001e1ec71
0000000000000181
000002cc3f6102b9
000002cc4c8a2e39
000002cc4d1d3939
000002cd57275cd9
000002cdb3ad7cd9
000002ce45c7c7d9
000002cede6d5499
000002d0293a0ab9
000002d0b49a1f59
000002d0d512aed9
000002d0d76e8499
000002d0dd5d8079
000002d0e6798cf9
000002d17998f8b9
000002d244de0a19
000002d244de0c59
000002d24a12cc79
000002d27aabd119
000002d27b921459
000002d2be4794b9
000002d3efac23d9
000005a8f6953d61
0000000001e1ec71
0000000000000181
000002d58d882919
000002d5a3aa0fd9
000002d614f1cbf9
000002d6a5275cb9
000002d6f4d92df9
000002d787165ff9
000002d7cf4d6019
000002d7cf4d6219
000002d7d08bce79
000002d846646b19
000002d851069979
000002d887eee419
000002d8dd6022b9
000002d92519fcb9
000002d92a9fc3b9
000002d949cb5879
000002d9578423d9
000002d966907b39
000002d9b32edf39
000002da0b35e2f9
000002da69270b39
000002dab8b382b9
000002db162752f9
000002db4dc06699
000002db6ff95c39
000002dbae28d2d9
000002dbd3eae579
000002dcf3bd3b19
000002dd0bb098f9
000002dd5bf06779
000002dd9887e959
000005bb96ffdd61
0000000001e1ec71
0000000000000181
000002ddda8d44b9
000002de3029ffb9
000002deaaba54f9
000002deb2126ed9
000002debfa004b9
000002df3b334459
000002e01125d219
000002e032e00f79
000002e035baa099
000002e0513a46b9
000002e1ddae40d9
000002e2691a3799
000002e29f6c9cb9
000002e394ab3719
000002e3aae5ab79
000002e3bb267a19
000002e40fe4c979
000002e42058c479
000002e4771dd1d9
000002e4f626c5b9
000002e5114a3299
000002e55893aab9
000002e61b7f78b9
000002e690313999
000002e696e7a759
000002e714ee8679
000005ce376a7d61
0000000001e1ec71
0000000000000181
000002e71e424b39
000002e73023a819
000002e7863fe659
000002e787cc1679
000002e81ef263d9
000002e838690d39
000002e83aa4d8f9
000002e8e2df3939
000002e936e104b9
000002e99f05c7f9
000002e9bfcf8d99
000002e9d22c7bb9
000002ea0b963719
000002ea339fc599
000002ea47c153d9
000002ea61051519
000002eadebac059
000002ebe8149ad9
000002ec52797339
000002eccd207219
000002ed0c8dddd9
000002ed69acdff9
000002edeecd4c59
000002ee0b82ec79
000002ee50b15519
000002ee59e39e39
000002ee7f168679
000002eeba451ab9
000002eeef8bde19
000002eefe309a99
000002ef63c44159
000002efa08cf599
000002efdc874c19
000005e0d7d51d61
0000000001e1ec71
0000000000000181
000002f0da910939
000002f0e0747879
000002f141b34a39
000002f1432ed419
000002f1560f4179
000002f293bc4899
000002f297922079
000002f2ba2309d9
000002f2d61d1079
000002f302079339
000002f36bab3719
000002f615277a99
000002f6afbcf3b9
000002f6b45f4cf9
000002f6cd34bcf9
000002f755e81fb9
000002f8165535d9
000002f878e82d59
000002f941db50f9
000005f3783fbd61
0000000001e1ec71
0000000000000181
000002f9fd316919
000002fa0ffffed9
000002fadd0240d9
000002fc0fd5dd99
000002fc2fe97f59
000002fc46707a59
000002fc6b9c9e99
000002fc83fe9e99
000002fcba07a1d9
000002fcbf391679
000002fce2472cd9
000002fd168fa3f9
000002fd794acc19
000002fda48d6cd9
000002fdeb898af9
000002ff0c0b3579
000002ffc71dee59
000002ffeb581219
00000300a09f0099
00000300a35dfff9
00000300fa5d0159
000003013bfce999
000003015ebf3c79
000003017d9d26d9
000003022d0bed19
0000030243d6a7d9
0000030280366b19
0000060618aa5d61
0000000001e1ec71
0000000000000181
00000303539ce119
00000303a689c979
00000303c8a1c319
00000303e8dfdb59
00000304b706c219
00000304e8bdd279
00000305af8cabb9
00000305cdee3539
000003064df317f9
000003072fface99
000003078610ba39
00000307d3f0f059
00000307d951ea19
00000307f8a99ef9
00000308a5e177d9
0000030933705b19
000003094d653719
00000309e41fc779
0000030aa6f8d459
0000030bb824ba79
0000030c44a554f9
00000618b914fd61
0000000001e1ec71
0000000000000181
0000030c604fb979
0000030c6a97a099
0000030c703607f9
0000030c84d338b9
0000030c9c25bdb9
0000030d15e83819
0000030d42c79279
0000030d70458339
0000030ddb4f32f9
0000030e4e628159
0000030e6db21679
0000030f532b07f9
0000030f960f79d9
0000030fb7d800d9
000003103d340a59
00000310983d4699
000003111869afd9
000003113ae6aa79
000003113f5e8079
00000311b8cfd759
00000311f9bec719
0000031214dd4cd9
00000312c6f609f9
00000312e5fa7659
00000313210e38b9
000003135d0d7a79
000003137288de79
000003145a1a13d9
00000314e576e2d9
0000062b597f9d61
0000000001e1ec71
0000000000000181
00000315d334aa19
00000316a7c85d59
00000317243e6a39
000003172a0a4a59
00000317f5974219
000003186a1aa2b9
000003187444dd79
00000318af752399
00000318cf145f99
000003196fbdf1d9
0000031973718079
00000319e56326b9
0000031a3d669239
0000031a561bdd59
0000031a798b4339
0000031a88bc39b9
0000031b2921f9b9
0000031b46a4c959
0000031ba232ebb9
0000031bdb7dd5f9
0000031bdcc13eb9
0000031c61211fd9
0000031c879431b9
0000031d04d5f5f9
0000031e0a268a19
0000031ed7baa239
0000063df9ea3d61
0000000001e1ec71
0000000000000181
0000031f421bca79
0000031f63c6fdf9
00000321b5c60079
00000322ea901399
0000032319223579
0000032331dc9d99
00000323771819b9
00000323c63ce339
0000032429464239
000003242f0121f9
0000032432716f39
000003243da489f9
00000324a78c75f9
0000032525def859
0000032659b90539
000003269653bbd9
00000326d083b819
00000326e8b6f7f9
000003272942c839
000003272e71c8d9
000003275fd19c79
000003276a548359
00000327ce283119
00000327f5f972b9
000003281d6c6199
000006509a54dc61
0000000001e1ec71
0000000000000181
000003292adb3719
0000032996ab75b9
000003299f682ef9
00000329b2bc6159
0000032a597dd5b9
0000032ab79dddb9
0000032adedbfa59
0000032adee226b9
0000032d31f85479
0000032dc25ab0d9
0000032e2d185cd9
0000032e32cbd939
0000032ebeb6ee39
0000032ed84b8379
0000032f9a8ff5b9
0000032fd8491bd9
00000330371a2cb9
000003306521aa59
000003306c3230b9
000003306c324d39
00000330f1c119f9
0000033133a66179
000006633abf7c61
0000000001e1ec71
0000000000000181
00000331f290ca59
00000333ce00e319
00000334545e7bb9
000003349d5b2739
00000334aef988d9
00000334cf289679
00000334d04bd2f9
00000335655808d9
00000335d7c87fd9
0000033613f30ed9
00000336a704c6d9
00000337031d2af9
00000337dbaf8d39
0000033800322a79
000003385ce8a159
00000338646b91f9
00000338fdd01199
0000033a055c9439
00000675db2a1c61
0000000001e1ec71
0000000000000181
0000033be0f29899
0000033c0b1dd3d9
0000033e19a65819
0000033e261f0a39
0000033e7b7fafd9
0000033f0479ff79
0000033f6b8a9679
00000340edabe1d9
00000341db8ee3b9
000003423b0a7cd9
00000343bbe3ecd9
000006887b94bb61
0000000001e1ec71
0000000000000181
000003451062c0b9
000003456e2801d9
000003458d731a19
0000034629d9c6d9
00000347be354ab9
00000347f07ddbf9
000003480b02b699
00000348350d3039
00000348586e3a59
00000349e01a1399
0000034b78de2419
0000034b7aea6819
0000034b8c2ac9d9
0000034ba1126639
0000034c01edbf59
0000034d3aae2979
0000034d4ba1b279
0000034d803c59d9
0000069b1bff5b61
0000000001e1ec71
0000000000000181
0000034de32a2b99
0000034df22b4139
0000034e147b20d9
0000034f5965a159
0000034f9914fdb9
0000034fecfeb959
00000351182ac5f9
00000352b9574379
000003541ced8c19
00000354256262f9
00000354264813f9
00000354ab92c5d9
00000354edad2699
00000354ff76dab9
000003555d4e2979
00000355745d5ed9
000003558de2cb79
0000035626794559
000003566a5fe219
000003567b64e919
0000035683a283f9
000003569dff4539
000006adbc69fb61
0000000001e1ec71
0000000000000181
00000357e3d3e339
00000358293f6f59
000003584b55ad19
00000359c0f22399
00000359e3cb4a59
00000359fee08d59
0000035a316e9379
0000035af41e3839
0000035b5c3ca119
0000035b73e97419
0000035b7bdb0cd9
0000035bd3ed8959
0000035be975b819
0000035c66d1c899
0000035cd0284719
0000035dde6a75b9
0000035de04ffd99
0000035e3692d999
0000035e3ab6d1f9
0000035f74c083d9
000006c05cd49a61
0000000001e1ec71
0000000000000181
000003607eb4d199
00000360e1b74e79
00000360e498f5d9
00000361664a5579
00000361b08bd819
00000361d10522d9
00000362bba86199
00000362d9dd38d9
00000363c550cf39
000003645979e059
00000365522e2319
00000365a94f1099
000003663e832079
000003665992ae59
00000366fe1f1779
000003674caf17b9
000003687a221e79
000006d2fd3f3a61
0000000001e1ec71
0000000000000181
0000036a4b01b439
0000036a4cc4ad79
0000036ac9651219
0000036b34e9a7f9
0000036b4438d099
0000036b4d3161b9
0000036b7c1f47d9
0000036bc381d239
0000036bfa7479f9
0000036c7c8713f9
0000036c915e0df9
0000036cfefd0919
0000036d80bdbe99
0000036e3dd3def9
0000036ec3107839
0000036f1156f6f9
0000036f4aa014f9
0000036fbea9ea79
0000036fcb9a7659
0000037025f92c79
000003708eb940f9
00000370fb277819
000003714c16b399
000003715feb0bf9
000003717a9b1059
00000371fbb98619
000006e59da9d961
0000000001e1ec71
0000000000000181
00000372e3495df9
0000037307747779
00000373ba2e4599
00000373bc4a9f59
00000373bcdec879
00000373d547dfb9
000003748938c3d9
00000374995c6719
000003754e027979
00000375d85dfc19
00000375f495bfb9
000003768931b499
000003769ab16f79
000003781368a819
0000037849b77339
0000037871b488f9
000003789cd9e599
00000378aaad50d9
000003790759bc39
000003794f85b5b9
00000379780a0219
0000037979823af9
000003798d41e7b9
00000379a13bb879
0000037a43e707f9
0000037a49d22759
0000037a797881b9
0000037b3d19a6d9
0000037b967ef779
0000037b9ac11319
0000037bcba69b19
000006f83e147861
0000000001e1ec71
0000000000000181
0000037c8801c179
0000037daafac899
0000037db6cb7099
0000037f06c6ac19
0000037f3dbc3e79
0000037fbd01c079
000003800de74899
000003805dfa98b9
0000038079608599
000003807c4b5d99
000003816602e1d9
0000038212e07639
000003823d5b9ad9
00000382d5e23e59
00000383512723d9
00000383b87311b9
0000038421645579
0000070ade7f1861
0000000001e1ec71
0000000000000181
000003858b49a939
00000385c96d9b19
000003866a748979
00000386a705db59
00000386fe423559
000003871fb87a39
000003872d3f2b39
0000038775842599
00000387776503d9
000003883c6ce8b9
000003883ffb4db9
0000038866c4a1f9
00000388f44f31f9
0000038a2f528f19
0000038a55ee54d9
0000038b0e961c59
0000038b53b7b5f9
0000038c6b6af8b9
0000038c7939f7f9
0000038d0399cf99
0000038d0c1cb039
0000038d739e4439
0000038d89661c19
0000038e67354a59
0000071d7ee9b761
0000000001e1ec71
0000000000000181
0000038fc4c7c8b9
000003902ef0ee99
0000039058121299
00000390bf46a939
000003911d5825b9
0000039139b5d339
0000039194762cf9
000003927b53b8f9
000003938ebcda19
00000393a492f7f9
00000393e9e673b9
00000394338f8bb9
000003951181d7f9
000003952654ae79
000003956d24fa39
00000395fdcd3259
000003966087abd9
0000039677de8e99
00000396ea007db9
000003972252ff19
0000039731dc7319
000003973cd6b979
000003976e503739
00000397c25732b9
000007301f545661
0000000001e1ec71
0000000000000181
0000039830ffc159
0000039862dd55f9
00000398aebbd7b9
00000398b4d05d99
00000398cf5607b9
00000399569d02d9
000003997a2d83f9
00000399aff9ffd9
0000039a04e91e59
0000039b9be45699
0000039bced36739
0000039c1de653d9
0000039c9e94fa39
0000039cb4ac61f9
0000039cbc57e839
0000039cd4aecad9
0000039d85503539
0000039da6c5f9f9
0000039e8aa2db79
0000039f69a08d99
0000039ffaa1c499
0000039ffb04ff39
000003a0798a0639
000003a0b78963f9
000003a127da4579
00000742bfbef561
0000000001e1ec71
0000000000000181
000003a1929fad79
000003a1e98e0f99
000003a2f780ce19
000003a2fb2172b9
000003a41e703379
000003a468a5c359
000003a485d147f9
000003a551af85f9
000003a55e5f2679
000003a583602dd9
000003a5e4547a19
000003a61813cfd9
000003a6993e3839
000003a816c46219
000003a8d95084d9
000003a96c863559
0000075560299461
0000000001e1ec71
0000000000000181
000003ab111583d9
000003ab4b2a9c59
000003ab538b86f9
000003ab5e93bfb9
000003ac3b16c7b9
000003ac7cd46379
000003acf09486b9
000003ad312bba59
000003aeed0c42d9
000003afa7196d99
000003affa7da099
000003b0d29ea179
000003b0d68e2d79
000003b10b03eb79
000003b10d060979
000003b18f6f02d9
000003b2b93b4cf9
000003b340855a19
000003b37a0b1db9
0000076800943461
0000000001e1ec71
0000000000000181
000003b64d860a19
000003b6749f05f9
000003b7829bd3b9
000003b7c6737b99
000003b83463c5d9
000003b8dc566ed9
000003b9686f3fb9
000003baff630a59
000003bb06c263b9
000003bb4a8a11d9
000003bba89be4b9
000003bba907e879
000003bbce37e219
000003bbe032cf99
000003bbe6438cd9
000003bbf4d6a5b9
000003bcf55d5699
000003bd09ba26b9
0000077aa0fed361
0000000001e1ec71
0000000000000181
000003be00b7fad9
000003be221df379
000003be36396779
000003be39245d99
000003bec0e10ef9
000003bfed925179
000003c1e71c2a79
000003c298caef99
000003c2d58b23f9
000003c372884db9
000003c3af5e0419
000003c4619335d9
000003c4fba4cbf9
000003c6465b0079
000003c6488f4f39
000003c67ff68b99
0000078d41697261
0000000001e1ec71
0000000000000181
000003c6a9c1c0f9
000003c6d113cad9
000003c6dfd8f779
000003c7064ebbd9
000003c73df0b099
000003c796662f79
000003c7a3db9039
000003c7cabb9b59
000003ca32851c99
000003cac2ffa279
000003cb35de4df9
000003cc2170bff9
000003cc3b6858d9
000003cc51697519
000003cc78048339
000003cc9426f0f9
000003ccc6c6e539
000003cd5cd97519
000003ceca966f19
000003cf3bbbddb9
000003cf5ad30019
000003cf7a38a979
0000079fe1d41161
0000000001e1ec71
0000000000000181
000003d0dc356079
000003d11195bd59
000003d14aa5d2f9
000003d1a5dcecf9
000003d1ecbba319
000003d1fc3e2859
000003d2218c86b9
000003d2a4dd8d59
000003d2c52a6439
000003d3b41df5f9
000003d45fe1d139
000003d4ab6766f9
000003d4cebfcfb9
000003d5a40b63b9
000003d60a517599
000003d6d7862bb9
000003d6e092ee99
000003d6f9d2aed9
000003d7059aaa99
000003d7a8776c59
000003d7c86caa39
000003d7de48cb19
000003d81bbd60d9
000003d85a1bb2f9
000003d906767099
000003d91e0981f9
000007b2823eaf61
0000000001e1ec71
0000000000000181
000003d9cd71eb59
000003da81cc8e99
000003da874d2f99
000003db4379fa39
000003dba22cb099
000003dc0e482859
000003dc45b032b9
000003dcc2e1dc19
000003dd34124939
000003dd9150e459
000003df7ee0f3f9
000003e02718aff9
000003e068ac4ab9
000003e0ae60e639
000003e0f3c2c459
000003e0f3c2d279
000007c522a94e61
0000000001e1ec71
0000000000000181
000003e2d39673f9
000003e304590279
000003e32c139cd9
000003e38f57e5d9
000003e3a5ace119
000003e3d3797f79
000003e4da8b90d9
000003e4e8ceee39
000003e57be40439
000003e5b6fc5159
000003e60b3977d9
000003e6ad69c1b9
000003e715f4cad9
000003e71abe0cb9
000003e720179e39
000003e77f51e599
000003e783624959
000003e7b3cd0179
000003e7f014e079
000003e80ab4c639
000003e81cf5a3f9
000003e8544307f9
000003e8e535a1b9
000003e8f33fca79
000003e97bdd3bd9
000003e9d0642a59
000003ea5d385f39
000003ea835f58d9
000003eacf15eaf9
000003eb07b3a919
000003eb11148879
000007d7c313ed61
0000000001e1ec71
0000000000000181
000003eca4014ef9
000003ecb5b02c59
000003ee3df07b39
000003ee744529f9
000003ee84265ad9
000003ef53db0759
000003efc2f25c59
000003f0997f5079
000003f273546179
000003f3f6535d39
000003f4768f18b9
000003f4826c39d9
000003f505001e99
000007ea637e8c61
0000000001e1ec71
0000000000000181
000003f536e577b9
000003f569dae659
000003f58307a539
000003f5cdaaf139
000003f607038279
000003f6af19f919
000003f6af19fad9
000003f7dc278f59
000003f7e0f47319
000003f88a326f39
000003f8cd2ec1d9
000003f97885ded9
000003f9c5380539
000003fa3d9969f9
000003fae3709b99
000003fc2ec18279
000003fcdaba1ad9
000003fd13993f39
000003fd713db1b9
000003fdc19de639
000007fd03e92b61
0000000001e1ec71
0000000000000181
000003fec87347f9
000003ff2482fa79
000003ff92930299
000003ffbac13179
000004008b22bc79
0000040100435719
00000401711fa399
00000401a8ccad79
00000401c57e6199
00000401d4376799
000004025f6ec359
000004035d531579
00000403e93fd4b9
00000404cb373619
00000404cb4da6b9
0000040578bb9df9
0000040592a0ba59
00000405d5dc56b9
00000405dc188cb9
00000405df09ff39
0000040674291a39
0000040762352b39
0000080fa453c961
0000000001e1ec71
0000000000000181
00000408e9bf40d9
000004090f988d99
0000040a802d4419
0000040aea1affb9
0000040b318c7859
0000040c10fc1939
0000040cb4915179
0000040e55cd5a59
0000040eb623c119
0000040f73258519
0000041001dc7339
0000041012299579
00000410342f31d9
00000410834786d9
00000410cdd86259
0000082244be6861
0000000001e1ec71
0000000000000181
00000412022f2859
00000412a5ee5159
00000412c0d574f9
0000041328c2ed99
00000413ed36dcd9
000004140ffdabb9
0000041437055f39
000004164207ee99
000004171dbca339
000004179c772459
00000418908be439
00000418df33dff9
00000418ec382479
00000418fbdf50d9
0000041a69c5c659
00000834e5290761
0000000001e1ec71
0000000000000181
0000041a71a583b9
0000041ac1fd6bf9
0000041b767e90b9
0000041b962c61d9
0000041c38e2fff9
0000041c563f4bf9
0000041cc6f0dcd9
0000041ce49520b9
0000041cef8aef39
0000041d0194f339
0000041db3a16cd9
0000041e8165b039
0000041e98360459
0000041eb94727b9
0000041ec6c0ebd9
0000041f41f05b79
0000041f4d2664f9
0000041f5660b5d9
0000041fc2676ed9
00000420175cab79
000004208ef9a6b9
00000420a04945d9
0000042122aed059
00000421f6b806d9
000004226c98f419
00000422efa6ca79
00000423bcdf9a19
000008478593a561
0000000001e1ec71
0000000000000181
000004242c43b379
000004245921d059
000004256b1611b9
00000425f2668e19
00000426cdec4bf9
00000427d3eca3d9
00000427eb72bb59
000004281c276899
000004288768fc19
0000042966612bb9
0000042a2bca1939
0000042ba43d9a19
0000042c6fb10439
0000042c760072f9
0000042ca51c06f9
0000042cc6e2bc79
0000042ceeac0779
0000085a25fe4461
0000000001e1ec71
0000000000000181
0000042da7725b79
0000042e1821cc19
0000042e4b5cadd9
0000042e62874299
0000042e6a9f18b9
0000042e6e4ffd59
0000042f19b210d9
0000042faefa1fd9
00000430061f28d9
00000430843922f9
00000430d0864779
00000431606f93d9
00000431b5acf299
000004320a3d6a19
0000043233e25799
000004327aa81459
000004328043e539
00000432eac88659
00000433614bbb59
000004339f080fd9
00000434efb79ff9
00000434f5008639
000004353c0e7b59
00000435d0680479
00000435f448fab9
000004363fcd52d9
0000043661d99779
0000086cc668e261
0000000001e1ec71
0000000000000181
000004367f931e99
00000436941e2759
000004369a378e79
000004369c662539
00000436e3aed759
00000437fcf26ff9
000004386a7de1b9
00000438e57cbc19
0000043903dfe079
0000043957040c19
00000439acbba719
0000043a3cf6ac99
0000043b1c4df619
0000043b7b6ddff9
0000043c378dd519
0000043c43921859
0000043d9558a619
0000043dcb6f4d79
0000043e493eff99
0000043ed1959ed9
0000043f8777ba99
0000087f66d38161
0000000001e1ec71
0000000000000181
00000440643ac439
000004418c1dea79
00000441c91a4d39
00000441f71f63b9
00000443ec5ff779
0000044401c2a479
000004443e0ec059
000004448f225299
000004463db08579
000004466b8dbdd9
00000446cee46e59
0000044709fded59
0000044724c996f9
0000044855c79739
00000448bc927799
00000448dcf8f219
00000448ed107279
000004490168aa99
00000892073e1f61
0000000001e1ec71
0000000000000181
0000044908616259
000004494b545439
0000044a223c5d19
0000044b14c347b9
0000044bcf5eae39
0000044c1459ee59
0000044cae45c559
0000044cc40229f9
0000044d514f2a79
0000044e06f0cb19
0000044e12358a59
0000044e233ce959
0000044e99b40f19
0000044ecaad4799
0000044ee14ca4f9
0000044f06e375f9
0000044f68446379
000004506b104cb9
00000450c3a77519
00000452170f40d9
000004523289a339
000008a4a7a8bd61
0000000001e1ec71
0000000000000181
000004528344d999
00000452aa5f72d9
000004532926c8b9
00000453632d61f9
00000453695d8819
000004542def6759
00000454356ad7f9
000004549a16fbd9
00000454f678f879
000004551d2c7af9
0000045606986319
00000456dae35e99
000004570d3ffc79
000004572ba00a39
00000457a288bdb9
0000045826a856b9
0000045853954cd9
000004589f9203b9
00000458dbff3299
0000045961f1ea59
0000045969531679
00000459c5530879
0000045ad5875bf9
0000045af8afd4f9
0000045b08bcca79
000008b748135c61
0000000001e1ec71
0000000000000181
0000045c42d47699
0000045c59645399
0000045ca425a159
0000045da78436d9
0000045db6517999
0000045decd9a579
0000045f6562a899
0000045fe4248d19
0000046178759259
000004617eaad259
00000461811446d9
000004619b9729f9
00000461c5aadc79
00000462a77593f9
000004630762edf9
000004636d0fd559
000004649425b8f9
00000464c6976079
000008c9e87dfa61
0000000001e1ec71
0000000000000181
0000046587ee7979
00000465d3114139
000004661ebe6b39
000004662a8a9e79
00000466b4ef4ad9
00000466f80ef7b9
00000466f8104ef9
0000046705fed619
00000467bdc91519
00000468b6304479
00000468e2e7a6d9
0000046941f505b9
000004695a633899
0000046a00b81639
0000046b612fd5f9
0000046befcc5c59
0000046c4963e019
0000046d5c37b6d9
0000046dd206d0f9
0000046dd5ecbfd9
0000046dfc7ada99
000008dc88e89861
0000000001e1ec71
0000000000000181
0000047053c3c639
0000047071c83519
0000047076a7fc19
000004715da2c199
00000471a19b8279
00000471fee241b9
000004727b98f039
000004728d96a439
00000472a3549bd9
00000472d2348d59
00000472d5bd87f9
0000047305eb5039
0000047464c91719
0000047484d580f9
000004748ea99879
00000474a1ce0b39
00000474bb92fe79
000004762b448db9
000008ef29533661
0000000001e1ec71
0000000000000181
00000477ac6617d9
00000477ddf4b7d9
00000479a943c659
0000047a5b9be139
0000047afb539c79
0000047b07062339
0000047b7c4deeb9
0000047be57b2e39
0000047cc7d311d9
0000047d0e1d8fd9
0000047d15d4a879
0000047d56ee0c19
0000047dac9b67d9
0000047e842a35d9
0000047e9471f159
0000047ea7796319
0000047ec4e603d9
0000047f116f4eb9
0000047f33ad4ff9
0000047f63b493d9
0000047fb5ff9ed9
0000047fdcbbbc39
00000901c9bdd461
0000000001e1ec71
0000000000000181
00000480f10ff5d9
00000481a5777e99
00000481e09c8259
00000482b4ece6f9
00000482be79e299
00000483c62c6799
00000483d3c6c4b9
000004852dbf2679
00000485a72eb7f9
000004860d1fba99
00000486517cc8d9
0000048654978ed9
0000048658929119
00000486a02a0dd9
00000486c05aa039
0000048724c81ad9
00000487382a3919
00000487c05d8119
00000487fbedbf59
0000048806ee9459
0000048875d5f839
00000488ef63e3b9
0000048918b033f9
000004896cde2519
000009146a287261
0000000001e1ec71
0000000000000181
0000048a82379bb9
0000048b7a1076d9
0000048c0d7f18d9
0000048d1d4802b9
0000048d8191cf99
0000048dbdad6e19
0000048e196f3879
0000048e8d418bf9
0000048ed10717b9
0000048f075ca619
0000048f3ddf5f59
000004906718ed19
000004919486cb19
00000492879b6619
000009270a931061
0000000001e1ec71
0000000000000181
00000493b0a6cf19
00000493ec190079
000004941b7758f9
0000049440bf12d9
00000494f7e13bb9
00000495510bbfd9
00000495d19f3239
00000495db681599
00000495fdadce39
000004962df789d9
00000496fd9060f9
000004970555dab9
00000497459f2619
0000049751526719
00000497c4b26219
00000498adb5d4d9
00000498eab16a79
000004994e251d19
000004995e88b1b9
0000049965dcd919
0000049992324af9
000004999e23dc99
0000049a4fa6a119
0000049a7fb84f39
0000049b04add879
0000049b75eb12f9
0000049ba59fbcf9
0000049c5c7105f9
0000049c72577a79
0000049c793a6a99
00000939aafdae61
0000000001e1ec71
0000000000000181
0000049dc08f3259
0000049e28cdda79
0000049ef1ce6139
0000049eff328659
000004a056b34799
000004a07197f399
000004a0b0db50b9
000004a1175f7279
000004a1494e52f9
000004a16ef28d19
000004a1c3b19859
000004a1dfe2fbf9
000004a26d0acc19
000004a318dd7179
000004a3fd434df9
000004a4b2881039
000004a4c37dddb9
000004a520079af9
000004a53923e739
000004a5409399f9
000004a61504bf39
0000094c4b684c61
0000000001e1ec71
0000000000000181
000004a67994b5f9
000004a6a22fc8f9
000004a6b0d456b9
000004a706483d19
000004a71358b039
000004a7a1d985d9
000004a83cb990d9
000004a90024f059
000004a93e318399
000004a9bf781579
000004aa15947799
000004aa4b1eaab9
000004aade75a839
000004aadf59f7d9
000004aafe251639
000004ab04587e59
000004ad12dcbc39
000004ad4b38b759
000004adccb01959
000004ae157565b9
000004ae80988cf9
000004aeb6e0cc59
000004aed05a4d19
000004af184bfd79
0000095eebd2ea61
0000000001e1ec71
0000000000000181
000004afd266f3b9
000004b00a3f4179
000004b02f5c5799
000004b0bd133739
000004b2784c2799
000004b38d0d47b9
000004b3ea2d4f39
000004b46e281639
000004b5695c9bb9
000004b5ae2960b9
000004b6448ae479
000004b64fd6ccd9
000004b72abfbcd9
000004b76c957019
000004b76f337f99
000004b7926d37b9
000004b808e77559
000004b89142f079
000009718c3d8761
0000000001e1ec71
0000000000000181
000004b99f7341d9
000004b9e53e1579
000004b9fbc770f9
000004ba36b83cb9
000004bb15aa69f9
000004bbc8d346b9
000004bbe8817db9
000004bbfc19d239
000004bc5d3779b9
000004bc7890a659
000004bca5492959
000004bca9f1baf9
000004bcdaf8f479
000004bffb7b3499
000004bffdd343b9
000004c0088d1bb9
000004c033d98899
000004c0a8412e39
000004c0e8b0a799
000004c0f05cf999
000004c19c1d0f59
000009842ca82561
0000000001e1ec71
0000000000000181
000004c487e89999
000004c4fb0e3ef9
000004c5c34c2db9
000004c66ae20d79
000004c6c0a5f919
000004c72cc74b99
000004c7433ebbb9
000004c7c7719e99
000004c8ab0bb7d9
000004c99f7a9c99
000004ca609778d9
000004cac8a82d39
00000996cd12c361
0000000001e1ec71
0000000000000181
000004cc364df819
000004cc636ebbf9
000004cd342f1199
000004cd5d196f59
000004cd8e1aeb99
000004cda9496899
000004ce0cd87f99
000004cee7a449b9
000004cf8cca6a39
000004d08cd716f9
000004d14b7b3999
000004d20ab8cf99
000004d236047919
000004d2a5fcbcd9
000004d2d68a64b9
000004d2dc31aa59
000004d31b51a739
000004d35e199199
000004d410022bd9
000004d43c7468d9
000009a96d7d6061
0000000001e1ec71
0000000000000181
000004d59f029c39
000004d670502f79
000004d685f70319
000004d6d78971b9
000004d7bbbadbf9
000004d862eb0ab9
000004d8636c3e79
000004d89e94fdf9
000004d8a0ae33d9
000004d8d50df299
000004d917922a59
000004d9616999b9
000004d9c7696979
000004d9eda56679
000004da026e6dd9
000004da88afcb39
000004dae7b4e9f9
000004db77a83db9
000004dbcc120a99
000004dbd11303b9
000004dc8e5d3fb9
000004dcea3b9ab9
000004dceb92d3d9
000004dd67b49639
000004ddecb20f99
000009bc0de7fe61
0000000001e1ec71
0000000000000181
000004df04f31479
000004df24369fd9
000004df81bcfd39
000004dfe9dd0e99
000004dfefd53199
000004dff2292e59
000004e12ca44fb9
000004e133516779
000004e15cec0979
000004e17befff99
000004e18e3b2eb9
000004e208c681f9
000004e27c407379
000004e29fe61f19
000004e2a5dafc39
000004e344c88bb9
000004e384504ff9
000004e42d26c2b9
000004e500d7f3f9
000004e5520d9999
000004e565b0b839
000004e5cd05fe99
000004e5f88bb179
000004e606201a19
000004e74f929c59
000009ceae529b61
0000000001e1ec71
0000000000000181
000004e78a395659
000004e7eced9999
000004e8c8dbe539
000004e8fe39ba19
000004e9447b0ab9
000004e9a3db4c59
000004ea124ed579
000004eaba4daab9
000004eabed1e219
000004ead8c2cb39
000004eae19e0c59
000004eb203647b9
000004ebb04f3739
000004ebc81d3c19
000004ec1c8a4f79
000004ec2fbf2a99
000004ed3cfdbd79
000004ed5a9bb059
000004ed67dbd479
000004ed91bc0ed9
000004edb3799bd9
000004edfdf36c99
000004eeb7ed5599
000004ef14469c99
000004f02d7b13b9
000004f041145219
000009e14ebd3861
0000000001e1ec71
0000000000000181
000004f1643e2ef9
000004f176eb3339
000004f1d53abed9
000004f1ffb9b959
000004f33e44d0d9
000004f340149439
000004f36b2dd299
000004f4b2c936b9
000004f53c7a3019
000004f61ee4ad59
000004f70c735239
000004f73f2833d9
000004f8bb86d7f9
000004f8f6b6ddf9
000004f96e6f53f9
000004f9b54c19b9
000009f3ef27d661
0000000001e1ec71
0000000000000181
000004faa94bb799
000004faba1ee659
000004fadf1ac8f9
000004fb239b4479
000004fb971d1b79
000004fd34c611d9
000004fd5e085cf9
000004fe13b44c79
000004fe7ae77359
000004fe7d2d7299
000004feac5f3f79
000004fec5a00839
000004ff3d8d4719
000005002cc1afd9
0000050077a2bbf9
00000501397948f9
00000501a97fdc59
00000501bfcedbf9
00000501cc912c19
00000501ee6e42f9
0000050266d62b39
00000a068f927361
0000000001e1ec71
0000000000000181
00000503886cc8d9
00000503b3bb7c39
00000503ca52ae39
00000503e9427299
00000504f2b9a0d9
000005054dbb6279
00000505d0223479
00000505d50d31b9
000005068f345eb9
00000507000fe919
000005074657a139
000005075b7065b9
000005090a1f79b9
0000050987455159
00000509e3c45e39
0000050a395e3f19
0000050a67f63a79
0000050ac57b33b9
0000050b104bdf79
0000050b1c1b2939
0000050b44bf07d9
0000050c5df2ee79
00000a192ffd1061
0000000001e1ec71
0000000000000181
0000050d20416619
0000050e954842f9
0000050e99b98239
0000050ea4af65f9
0000050f0ae368b9
0000050f3b089e79
0000050f956e2879
000005108f790e59
00000510fa443279
000005110c637879
000005121da0db99
00000512aa30d739
00000512c31da4b9
00000512dfbe6f79
000005130a103399
00000513660cec79
0000051480007cb9
00000514f55fbc19
0000051536973159
000005159b69db39
00000515c9668f59
00000a2bd067ae61
0000000001e1ec71
0000000000000181
00000515ec773c79
000005164777b019
00000516bb89a299
000005175d59f519
0000051786d6b139
00000517a434b719
00000517d9cd54b9
0000051800478c19
00000518041fb499
00000518412ea119
00000518a99f0f79
0000051999cdbef9
0000051a08ed1d79
0000051a82518879
0000051a94405159
0000051ad8d8c6f9
0000051b4b9061b9
0000051bd4879559
0000051c96bd01f9
0000051d0febf759
0000051e0e37b2d9
0000051e102d9979
0000051e46e46b99
0000051e5517f659
0000051f3659cf39
00000a3e70d24b61
0000000001e1ec71
0000000000000181
000005207b6484f9
00000521f72d7b19
000005225b094659
0000052289ca0df9
00000522bdd821b9
0000052309fe96b9
000005233f0867b9
000005236319c599
00000523744ca539
000005247dfd9699
00000525458a60f9
000005255856d1f9
0000052575241dd9
00000525a0354959
0000052678749999
000005267a1e7459
000005277392f079
00000527f7daf179
000005286b3ff8f9
00000a51113ce861
0000000001e1ec71
0000000000000181
0000052916c91979
0000052a15eb5f59
0000052ac6e7b399
0000052b65745ab9
0000052b7ea787b9
0000052b965cc619
0000052be4a435f9
0000052c09e47b99
0000052c12615919
0000052c33976999
0000052cec5719b9
0000052d1e29cd39
0000052dbdecc2f9
0000052eb2e187d9
0000052fb310dfd9
0000052fe946aaf9
00000531ca374879
00000a63b1a78561
0000000001e1ec71
0000000000000181
00000531db3f6559
00000531ebf11bf9
00000531f2a352f9
000005338c5494d9
00000533a5bfbbb9
000005341e35af59
000005355c71a359
00000535ee64fc79
0000053645d084f9
00000536ef8b3df9
0000053712049819
000005373075d159
00000537874bab19
0000053791ce2279
0000053791ce30d9
0000053842c614f9
0000053858cde739
0000053862bac7f9
0000053874e31379
0000053877bb9b99
000005390f22a979
0000053a2ed724b9
0000053a331e9159
0000053a3ffd3b59
0000053a880d0499
00000a7652122261
0000000001e1ec71
0000000000000181
0000053b9895dc19
0000053ba60082b9
0000053c6d4a3c39
0000053c77949559
0000053c7f7b8759
0000053cf9a2f599
0000053d61a25099
0000053d77c7f299
0000053da86ff1f9
0000053e27f94439
0000053e79360979
0000053ea4edf999
0000053f6b226619
0000053f8175ed79
0000053fe33d12b9
0000053ff35b25d9
00000541ab79a7f9
00000542c53e20b9
0000054343ec14f9
000005435b8a1d19
000005443ea85eb9
00000a88f27cbf61
0000000001e1ec71
0000000000000181
00000544bcfe1c99
00000544c9097e39
00000544d0f70319
00000544f208f139
00000546c80edc99
00000547228a8419
000005472fc008d9
0000054784a714b9
00000547de197439
00000548015a75d9
000005489876d919
00000548bfddc5b9
00000549505cf379
00000549e7a63359
0000054a5adc2a59
0000054a9d74e3d9
0000054bff288499
0000054c536cf899
0000054c81cecf59
0000054c8bfd4299
00000a9b92e75c61
0000000001e1ec71
0000000000000181
0000054e62ebdd79
0000054f0cb66679
0000054f566c0979
0000054fe485e0f9
0000054ff5a02919
0000055012d1b739
000005503d85dc99
00000550d8061f99
00000551f15e27b9
00000552b4fd97d9
000005532a9ba1b9
0000055358d2c859
00000553a3b32fb9
0000055439c5b7b9
00000554f5462419
0000055515f59a19
000005559195cdd9
00000555b8386579
00000556248d2379
000005562e0f6439
000005570a5d8d99
00000aae3351f861
0000000001e1ec71
0000000000000181
000005577a9de019
00000557b3af7259
0000055819148079
000005581b74aa99
0000055828bb0bb9
000005589d173f79
00000558b5f3ddf9
0000055945493af9
000005594d4a0479
000005594d7996d9
0000055a5b4cd1f9
0000055bbd7aed19
0000055c6bdf3039
0000055cb1b28599
0000055d3e9e0419
0000055d7c93a9b9
0000055de4031e19
0000055e5d9cbf79
0000055e7979ba79
0000055f396e4399
0000055f968046d9
00000560095f2159
0000056066c4c9b9
00000ac0d3bc9561
0000000001e1ec71
0000000000000181
0000056150278ff9
000005615769eaf9
00000561bd2c41b9
00000561f09d06f9
00000562fba3adf9
00000562fd577459
00000563160f1c79
000005632f3a5279
000005638811e159
00000563c4816639
000005648c3888d9
0000056572529359
00000565a3f97ed9
00000565a7eb8679
00000565ff84b159
0000056635135df9
000005665fa5b7d9
0000056698a02c39
00000566b47605d9
00000566c0e93039
00000566fe9060b9
000005681857ca99
00000ad374273261
0000000001e1ec71
0000000000000181
0000056a63b96979
0000056a63b97c59
0000056a9af33919
0000056af77200b9
0000056bdf676299
0000056c05bbff59
0000056c68f223b9
0000056ceff4e1d9
0000056d3f005519
0000056e1ac6f5d9
0000056e398b8459
0000056e55bf0759
0000056ec2ffb9b9
0000056ece752ad9
0000056f4efd4859
0000057072b7d459
00000570d3d7af99
0000057108c28f39
00000571a5804dd9
00000571af7bba79
00000571ba71aa99
00000571d8002c59
00000572feb427f9
00000ae61491cf61
0000000001e1ec71
0000000000000181
0000057352a21099
00000573dcf6a679
00000573e6a81db9
0000057476bead19
0000057493bfc0d9
00000574f6a71619
00000575282a6039
00000575a6766b59
00000aeb8e643561
0000000001e1ec71
0000000000000181
