[MCS8 A] 97 FW 3.104 SV 1.257 
range=1024
periods=2
sweepmode=27e20d0
fstchan=0
holdafter=0
streamstatus=3
calreg0=0
calreg1=0
calreg2=0
calreg3=0
swpreset=8000        
prena=1
syncout=0
cycles=18
sequences=1
tagbits=16
vdac0=92c
vdac1=807
vdac2=8c8
vdac3=8c8
vdac4=8c8
vdac5=8c8
vdac6=8c8
vdac7=8c8
timepreset=120.000     
digio=0
digval=0
autoinc=0 
savedata=2 
mpafmt=asc
sephead=0 
fmt=asc
smoothpts=5 
[CHN1]
REPORT-FILE from 06/23/2026 16:02:18.985  written 06/23/2026 16:02:18
cmline0=06/23/2026 16:02:18.985 
cmline1=A1
range=1024
active=1
bitshift=4
cftfak=2580100
evpreset=10          
roimin=0
roimax=1000
caloff=0.800000
calfact=12.800000
calfact2=0
calfact3=0
calunit=nsec
caluse=1 
[CHN2]
REPORT-FILE from  written 06/23/2026 16:02:18
cmline1=A2
range=1024
active=0
bitshift=4
cftfak=2580100
evpreset=10          
roimin=0
roimax=1000
caloff=0.800000
calfact=12.800000
calfact2=0
calfact3=0
calunit=nsec
caluse=1 
[CHN3]
REPORT-FILE from  written 06/23/2026 16:02:18
cmline1=A3
range=1024
active=0
bitshift=4
cftfak=2580100
evpreset=10          
roimin=0
roimax=1000
caloff=0.800000
calfact=12.800000
calfact2=0
calfact3=0
calunit=nsec
caluse=1 
[CHN4]
REPORT-FILE from  written 06/23/2026 16:02:18
cmline1=A4
range=1024
active=0
bitshift=4
cftfak=2580100
evpreset=10          
roimin=0
roimax=1000
caloff=0.800000
calfact=12.800000
calfact2=0
calfact3=0
calunit=nsec
caluse=1 
[CHN5]
REPORT-FILE from  written 06/23/2026 16:02:18
cmline1=A5
range=1024
active=0
bitshift=4
cftfak=2580100
evpreset=10          
roimin=0
roimax=1000
caloff=0.800000
calfact=12.800000
calfact2=0
calfact3=0
calunit=nsec
caluse=1 
[CHN6]
REPORT-FILE from  written 06/23/2026 16:02:18
cmline1=A6
range=1024
active=0
bitshift=4
cftfak=2580100
evpreset=10          
roimin=0
roimax=1000
caloff=0.800000
calfact=12.800000
calfact2=0
calfact3=0
calunit=nsec
caluse=1 
[CHN7]
REPORT-FILE from  written 06/23/2026 16:02:18
cmline1=A7
range=1024
active=0
bitshift=4
cftfak=2580100
evpreset=0           
roimin=0
roimax=1000
caloff=0.800000
calfact=12.800000
calfact2=0
calfact3=0
calunit=nsec
caluse=1 
[CHN8]
REPORT-FILE from  written 06/23/2026 16:02:18
cmline1=A8
range=1024
active=0
bitshift=4
cftfak=2580100
evpreset=0           
roimin=0
roimax=1000
caloff=0.800000
calfact=12.800000
calfact2=0
calfact3=0
calunit=nsec
caluse=1 
;MCS8 #97 Sversion=1.257 Fversion=3.68
time_patch=1
;datalength=8 bytes
;bit0..3: channel# 1..8 ( 4 bit)
;bit4: edge 0=up / 1=dn ( 1 bit)
;bit5 ..57: timedata    (53 bit), max sweep length 2001.6 h
;bit58..62: tag0..tag4  ( 5 bit)
;bit63:     data_lost   ( 1 bit)
[DATA]
0000000000000016
00000000634695f9
000000006a1cebd9
000000007c933799
0000000094d3b639
0000000112c1ad99
0000000178f42059
000000018d7733f9
00000001dbc01099
00000001f231e259
0000000216204c59
000000027bfd4659
000000036253f999
000000036b61ca59
000000042b7556b9
000000042bbe2f59
00000004631c5fd9
0000000492518619
00000004e4977839
000000054f49aa79
00000005df4dc939
000000060a736b79
00000006719b39b9
000000070a0f0fd9
000000070f3aded9
0000000735adb359
0000000748976859
000000077950f839
00000007a47bb839
000000080e96c039
000000082da09a99
000000084dcd6139
000000086e2d7599
00000008b5668f99
00000008bbe100d9
00000009320d1a79
00000009c4c813f9
00000009d6bb3259
0000000a055eb519
0000000a639543b9
0000000aaccebb99
0000000b36426499
0000000b5c157599
0000000b96e9ef79
0000000c27fce799
0000000c53fa9a39
0000000ca8f89f99
0000000cfa818519
0000000ebd569e79
0000000f36f3d419
0000000f37506c19
0000000f4fe88279
0000000f708dbdf9
0000000ffc878df9
0000001096fb1339
0000002156ed2761
0000000001ddc871
0000000000000181
00000010d08dbef9
0000001115885cb9
00000011752ecc79
00000011877361b9
0000001191acd779
000000125eff1499
000000126e2954f9
0000001318e369f9
000000131fb79319
0000001346dff839
00000013a59c5b59
00000013bd15f839
00000013c52da719
000000142fa5de99
000000144d87dc79
000000145fa04d79
0000001471e4af39
00000014ba41c0f9
0000001509bc4a19
00000015103a90f9
00000015a802e979
00000015f8678f39
000000166977fd39
000000169f721b19
00000016bf7b9139
00000016cb8198d9
0000001709024699
00000017748e9599
00000017d01e3579
00000018671665f9
00000018b04a1f79
00000018cabb5a79
00000018eb91f2b9
0000001996cdf679
00000019d14953b9
00000033f7587561
0000000001ddc871
0000000000000181
0000001a958885f9
0000001ac0ccb439
0000001afd498319
0000001b14691cd9
0000001b7bb137d9
0000001b9b00ecb9
0000001ba5800df9
0000001bcb2b0179
0000001bd023c119
0000001d6529b959
0000001d6529ca39
0000001da4a1e0b9
0000001dda004119
0000001e19741279
0000001e3eb012f9
0000001eeb22f7b9
0000001eedaeb0d9
0000001fb8a4b679
0000001fd9a19f79
0000001feba4ba39
000000204f86eeb9
000000205987a159
00000020f7475539
000000214966e039
00000021b645b539
00000022038eba59
00000022038ebc39
000000221d6b9939
0000002248deafd9
000000224d00e159
00000022d325d039
0000002315514879
0000002318434319
0000004697c3c261
0000000001ddc871
0000000000000181
00000023d6474ad9
00000023ef164919
000000243078ae19
00000024df186479
00000025984ad879
00000025e94a7679
0000002642786719
00000026551a8a79
00000026b05789b9
00000026d60dbc39
0000002775e48819
000000277df712d9
00000027f2a94ff9
0000002831bbceb9
0000002848f79339
000000289febd159
00000028afce1a59
00000028b3f48df9
000000295047e7d9
00000029eef23439
0000002a3aa9e939
0000002a699fd1f9
0000002ac7b25399
0000002acfe28dd9
0000002af5979079
0000002b1a578b19
0000002bd70a9b79
0000002bfda02399
0000002c2dcd5d39
0000002c48023df9
0000002c5973e299
0000002c82dcd179
00000059382f1061
0000000001ddc871
0000000000000181
0000002d112cf759
0000002d1a08e579
0000002d5bfce619
0000002d918ba9d9
0000002da08b0019
0000002da84df839
0000002de0787279
0000002e2b404e79
0000002f00ed0799
0000002f48478c39
0000002f8dbf5659
0000002fad1abd79
0000002fc0623b39
0000002fd9b08df9
000000309c8a8eb9
00000030dcdc9799
00000031355ef479
00000031a5c929f9
00000031b1d90e19
00000031eb34ecd9
00000031f56b9879
00000031f955c3d9
0000003205999e39
0000003214f682d9
000000322e163739
000000323a221d99
00000032864be439
0000003308475b59
00000033174508f9
00000033576b2c19
000000336e59f839
0000003374b20ff9
00000033bb1d6499
00000033e715a2b9
0000003488f98399
00000034c7c41139
00000034f88a36d9
000000350e3a1619
0000003515b45bd9
000000353b1b78d9
000000356954d319
00000035ea19fab9
0000006bd89a5d61
0000000001ddc871
0000000000000181
000000368c41fc59
000000368dac7fb9
00000036b7528939
00000036f18b3179
0000003721eb57b9
000000378e96f719
00000037f3458839
00000038039e7799
00000038ad071179
00000038ed67f4f9
000000392adb6119
000000393dd9f8f9
0000003948987d79
0000003a3ba74319
0000003a55ddcab9
0000003a9baba8b9
0000003abd565559
0000003af04ae639
0000003b7ebc2679
0000003bd744f039
0000003be5e2fa59
0000003c47352fb9
0000003cd1a803d9
0000003d00747f79
0000003d2c170899
0000003d86bd0679
0000003dcb5f2059
0000003dfeb19119
0000003e2f084139
0000003e60d5e7b9
0000003ecab75979
0000003edbf58339
0000003edfac18d9
0000003ee9f4edb9
0000007e7905aa61
0000000001ddc871
0000000000000181
0000003f5cc0ba79
0000003f5fc06cf9
0000003f6d6f3cd9
0000003f6e3292d9
0000003f915fb779
0000003fb1a482b9
0000003fd9f48d99
0000004022daef59
000000414c778939
000000416b009b59
00000041bd6ad699
00000041c03e81d9
00000041f02c24b9
000000421317e959
0000004217394a99
0000004322a1d8b9
00000043a9f1d5d9
000000440984aeb9
000000440efebcd9
0000004448d47c99
00000044940688f9
00000044d7d34819
000000459c0252d9
00000045be5f3ff9
00000045f20b1fd9
0000004603dcafb9
000000461ef87b59
000000463089c5b9
00000046bf410039
00000046efdb73b9
00000047380c3d39
000000477ab3f5d9
000000479a65e879
00000048895ed2d9
000000911970f861
0000000001ddc871
0000000000000181
00000048aa0b77d9
00000048b29665b9
00000048e1df5e79
00000048e4ae4759
00000049103362f9
000000492365c799
00000049297f63b9
0000004935d59799
00000049c7af74d9
0000004a3717c119
0000004a8b45d599
0000004aa0979a99
0000004ad409f259
0000004af8e74499
0000004b28f26479
0000004b40ff8739
0000004bae2ea4f9
0000004bf160ba59
0000004c0fb62b59
0000004c4b3649b9
0000004cae1c1779
0000004d4bcd1ab9
0000004d5c2cd339
0000004d6ccfee99
0000004e1a2bcef9
0000004e51a8df59
0000004ebaa57f59
0000004fbf9d6b99
0000004fd01a9139
0000005033a67e99
00000050c2187cb9
00000050d3dab4f9
0000005117a2dc99
000000a3b9dc4561
0000000001ddc871
0000000000000181
00000051e1dbc699
00000051f44d2879
00000052351a25f9
0000005283a29c79
000000529e541499
00000053107c04b9
00000053a6bcc0d9
00000053fd740f19
000000540f675439
000000547b670d79
00000054b54cab39
00000054f464c219
00000054fa2965d9
000000550b8a3039
000000553d4c7039
0000005558682979
000000555a34b699
00000055a0680ad9
00000055c1491859
00000055cdae9219
00000056334361f9
00000056aa1c1659
00000056aa1c2e59
00000056ed440579
000000576cba7f39
00000057c6f05879
000000580020b699
000000580e6f06d9
000000584c9e2819
0000005889281159
00000058b6c46ad9
00000058d0cf9cd9
00000059130c2839
000000591ab38df9
000000597ee4cd19
00000059816abd99
0000005981cd7939
0000005991be4b39
00000059f8063379
00000059fa388539
0000005a8d3ea259
0000005a982b6ff9
0000005ab5586379
0000005aec86f579
000000b65a479261
0000000001ddc871
0000000000000181
0000005b713959d9
0000005b7f993b59
0000005cee93b6b9
0000005cfe0d6f59
0000005d066b2259
0000005d3882bb39
0000005d94486099
0000005dbcac8599
0000005f10fb7859
0000005fc4ec3b19
0000005fc9e2d459
0000005fedc35599
0000005ff3e941f9
00000060c99bbc39
00000060f66bff99
0000006134377079
0000006156b843b9
000000615f2a3ef9
000000617af98939
00000061e2e0f599
00000061e6580cb9
00000062cfb7c879
00000062d71eca59
0000006336681c79
000000634d857af9
0000006366e617d9
000000637b889619
00000063cda5a359
0000006474cf12f9
000000c8fab2df61
0000000001ddc871
0000000000000181
00000064e0292079
00000065a82bf9f9
00000065d9502579
00000065ee2311d9
0000006648b84899
00000066592ac519
000000667090d459
000000667b3717d9
00000066a17a7a79
0000006766e4afd9
00000067e7e69819
000000680bd02f39
000000682c4d2919
000000682ee38919
00000068383fe879
000000685664f7f9
000000686a603299
000000689a4eb599
00000068cbc217b9
00000068e36c0e99
0000006915df3ff9
0000006948c6ff39
0000006996153879
0000006996b9d9f9
00000069b767f539
0000006a05c26bb9
0000006a23c0ac59
0000006a49dca2f9
0000006aab2ca279
0000006abc70a719
0000006ad7db16b9
0000006adbec9db9
0000006ae5432299
0000006af553c479
0000006b13ba7fb9
0000006b2189cf19
0000006b2d4bb7f9
0000006b34ed58f9
0000006b4228e059
0000006bb1797e59
0000006c59c3d4b9
0000006c63f04fd9
0000006c985a8359
0000006d338f9659
0000006d63030219
0000006d7aba8e99
0000006daca65af9
000000db9b1e2c61
0000000001ddc871
0000000000000181
0000006e27d98719
0000006ee5fa5e39
0000006f3e3238f9
0000006ff0da5eb9
000000702b600cd9
00000070d1690759
00000071186b9f19
0000007174994859
000000719bace799
00000071a77dd839
00000071c4950739
00000071e8963239
00000071ffeb1819
000000722ce06559
00000072558e1939
0000007306877ab9
0000007388ecc719
00000073abf384f9
00000073bae88e39
0000007431535c79
00000074803c5379
00000074d12df999
0000007515b0b0d9
0000007527387a19
00000075b2f0b6f9
00000075bf508259
00000075c6df8699
00000075d72a4759
000000761ee21779
0000007675c66c19
00000076cd78d399
00000076f211aad9
000000ee3b897961
0000000001ddc871
0000000000000181
0000007784faf299
00000077d1019cf9
00000077e2bf26d9
00000077e3f39af9
00000077f09a5bd9
0000007816eb3999
000000784fca5579
0000007887470d99
0000007912d77019
0000007969170119
0000007a0c03cf99
0000007a12c5c559
0000007a6efddd39
0000007a8d36f239
0000007addc99579
0000007ae2a405f9
0000007b1c2d4579
0000007ba17ba839
0000007bd5c02eb9
0000007bf8c7cc59
0000007c43b32959
0000007c9514ab79
0000007cc8164419
0000007cf34b3239
0000007d143560d9
0000007d189d9139
0000007de865cbd9
0000007ea9e55159
0000007ee223a8b9
0000007efe103099
0000007f3ab71219
0000007fefc8bbd9
000000801337fed9
000000802dd81fb9
00000100dbf4c661
0000000001ddc871
0000000000000181
0000008073abab19
000000807cc22819
000000807f9073d9
00000080c6334739
00000081039c2cd9
000000810784fbf9
0000008113a66159
0000008114522659
000000811f2c42f9
000000818ec4d739
00000081a93aca79
00000081afb88bb9
00000081e9125859
000000826d39aef9
0000008307491a79
00000083093df799
000000835bda5479
00000083739b55d9
000000838725c5d9
00000083a5e12eb9
00000083a791e4d9
0000008423a25179
00000084898c27d9
000000848dad6719
00000084ae98a6d9
00000084d7f14a59
0000008527cfd8d9
000000857aff3a59
000000859eb9b4f9
00000085aa2a3319
00000085d81a29b9
000000863fcd1f99
0000008644976459
000000867388fa99
00000086f18488b9
00000086f7dca199
0000008739cf2619
00000087b6a01a39
0000008849572279
00000088c2e66159
0000008916be51b9
00000089439de8d9
0000008983c17319
000001137c601361
0000000001ddc871
0000000000000181
00000089e856b179
0000008a63014f59
0000008a9598bff9
0000008abd5fa119
0000008af0d504d9
0000008b5fa57159
0000008b75cc1e39
0000008c1a9520b9
0000008cc23eae99
0000008d25e56fb9
0000008e0587a879
0000008e06048bd9
0000008e3a4e9d19
0000008e72454439
0000008e74a0a0b9
0000008f28433379
0000008f34b59c79
0000008f6eb3ed59
0000008fdaee0099
00000090467611f9
000000905c15ed59
00000090b63fbb39
00000090cf953f19
00000090dacac6f9
00000090e2a36939
000000917f68edf9
00000091a156be59
00000091ac1d2df9
00000091ac780a19
00000091bc2cb979
00000092125aad59
0000009256e98ff9
00000092afade039
00000092c40d7c59
000001261ccb6061
0000000001ddc871
0000000000000181
0000009324626299
0000009411f55639
000000948fa4c5b9
00000094b27c8bd9
0000009527437779
0000009572463759
00000095908b4839
00000095b6985ed9
00000095d66c1d79
000000961b9d4959
0000009669370119
0000009681950079
00000096a3042579
000000975134ffb9
0000009751cd7119
00000097be11dd99
00000097ec692179
00000098e6f24eb9
000000999197a1b9
00000099cc628cb9
00000099fd47a7d9
00000099feb19879
0000009a0bc33b99
0000009a48f51619
0000009a6cdf9a99
0000009b4373ec99
0000009ba39c7c99
00000138bd36ad61
0000000001ddc871
0000000000000181
0000009c8e537c59
0000009cf787bbf9
0000009da7576659
0000009e00638f39
0000009e30260679
0000009e72f980b9
0000009e8d4c5d39
0000009e93a66119
0000009eb3ee9ed9
0000009f2f09cd19
0000009f76544159
0000009f892d7c79
000000a035570f59
000000a0f183e0b9
000000a16d6a2579
000000a226a34b59
000000a23e473819
000000a298d99059
000000a2cab52219
000000a2e45083d9
000000a2eab972b9
000000a332ec9399
000000a3a1a96159
000000a3d827a019
000000a3da9baa79
000000a3f519e999
000000a432cf21f9
000000a46d68e119
000000a4d721d659
000000a50f38f3b9
000000a53ccd50f9
000000a5a40b1f99
0000014b5da1fa61
0000000001ddc871
0000000000000181
000000a651b68c79
000000a6550db179
000000a6776566f9
000000a6a2322a39
000000a6e3257799
000000a7abdf2c39
000000a828c6a319
000000a880665c39
000000a89c057cb9
000000a8aa266af9
000000a8f05fd4d9
000000a9281bc5d9
000000a944559439
000000aa0c095899
000000aa647400f9
000000aa7e1efd99
000000ab12384cb9
000000ab55c422d9
000000ab7e69ac79
000000ab9e712879
000000abbae03a59
000000abc7dd85f9
000000abd7abcf99
000000ac51fdbcb9
000000ac6977beb9
000000ac6ac94a79
000000ac76fcf0d9
000000acfe1b0279
000000ad5d66e659
000000adfee760f9
000000ae85a18db9
000000ae97c93719
0000015dfe0d4661
0000000001ddc871
0000000000000181
000000af1f936379
000000af60b176d9
000000afc62672d9
000000b02e0f3519
000000b065739819
000000b0725dc3b9
000000b098a94239
000000b0db386a39
000000b165fa39f9
000000b169d16fb9
000000b1a4871ad9
000000b1a4a2cb39
000000b20ec47819
000000b2358ace79
000000b25ce2b519
000000b2614658f9
000000b291491059
000000b328bc4079
000000b3627e2299
000000b3abc6a079
000000b3c7400059
000000b41f9b66d9
000000b45c3aeb39
000000b46c68bf99
000000b4c8ce7019
000000b567437739
000000b6750679b9
000000b681bd87b9
000000b68537fc99
000000b74555aff9
000000b755fc5dd9
000000b7a624f859
000000b80880cf19
000000b8173e00f9
000001709e789361
0000000001ddc871
0000000000000181
000000b889ca4f99
000000b8b9275519
000000b902fea859
000000b94566ec39
000000b948fef779
000000b96877de19
000000ba1ece0779
000000ba209b2ff9
000000ba3021e7b9
000000ba352d22f9
000000ba91d50f19
000000bac17191d9
000000bae222bfb9
000000baf5cf73b9
000000bb36232f39
000000bb4c6440f9
000000bb8a4d39f9
000000bbb1feeff9
000000bc19944c79
000000bd57a6d119
000000bd87e07539
000000bdfbdaef79
000000be29c08639
000000be42571199
000000be67701ff9
000000be9558f299
000000bf09b4d199
000000bf374f5c79
000000bf794546b9
000000c02a1b70f9
000000c02b7e94d9
000000c03bd61739
000000c060f652d9
000000c0bea241b9
000000c0fed16f59
000000c14e381bf9
000000c15602b0b9
000000c1604895f9
000001833ee3e061
0000000001ddc871
0000000000000181
000000c1ec20cb19
000000c29e8e0af9
000000c2a2ebf079
000000c35a06d0f9
000000c35c5860f9
000000c3bf8a3699
000000c3f435b619
000000c44aa8d8f9
000000c461b69f39
000000c4bd182119
000000c528c6d8b9
000000c553813cb9
000000c5ad2022b9
000000c5afc69119
000000c60a5441f9
000000c60b5e7ab9
000000c6139c1119
000000c62a0492b9
000000c65a6402d9
000000c690d97919
000000c7015dbe59
000000c7962a4db9
000000c866a6fdb9
000000c86bd29039
000000c89caa88f9
000000c8bae1d399
000000c9018e4219
000000c90585f7d9
000000c910329559
000000c9a7112239
000000ca449bdef9
000000ca6a459d19
000000ca87affd19
000000cab7598b19
000000cab76dfcd9
000000cabdc6e4b9
00000195df4f2c61
0000000001ddc871
0000000000000181
000000caf0033679
000000cb084bdab9
000000cb7c6a6d19
000000cbabbfc799
000000cbc3b82df9
000000cc2d7115d9
000000cc46671599
000000cc6a32f4d9
000000cc748d0379
000000ccd2c73439
000000cd75bdbc99
000000cda5b46b19
000000cdac1cf999
000000cdbecfbb39
000000cdde55c739
000000ce44f37219
000000ce473508f9
000000ce55b1c9f9
000000ce7170a659
000000ce8996f8d9
000000ced6ff10d9
000000cf048e7cd9
000000cf2ebe4f19
000000cf4b35a839
000000cf59c21bf9
000000cfbe9f8239
000000cfcd8edfd9
000000d0e8691bd9
000000d1079e69f9
000000d143b2e0f9
000000d146643af9
000000d14e504af9
000000d19b824ef9
000000d1c29622d9
000000d214da1079
000000d2bde6cb39
000000d2d7558a79
000000d2ef99ad59
000000d3343cc739
000000d339476919
000000d3a337bdd9
000000d3e9d93159
000000d3fdb89879
000000d42aa5b179
000001a87fba7861
0000000001ddc871
0000000000000181
000000d46c9145d9
000000d4785a9559
000000d48a3f0e19
000000d526383739
000000d566bae2b9
000000d5808717d9
000000d58fd2da79
000000d5f49de9d9
000000d63324d599
000000d647f4b459
000000d68572b599
000000d73d68e9b9
000000d74374ed59
000000d74bfbbc99
000000d7735df9d9
000000d7967d3c59
000000d7fcb34bd9
000000d801d6fd79
000000d80bf7bb39
000000d81a2099d9
000000d8bd9a26d9
000000d970a162d9
000000d9b529e579
000000da0e856fd9
000000dba7403239
000000dbe44c9a19
000000dbfc8dc079
000000dbfcc76319
000000dc125ffe59
000000dc32d854d9
000000dc95caaff9
000000dc961b4b19
000000dcab5b2099
000000dcaeb66319
000000dcc5bad699
000000dcd7e14a99
000000dcf4f30b59
000000dd6becd219
000000dd7b798659
000001bb2025c561
0000000001ddc871
0000000000000181
000000dda021e8f9
000000ddcc66a279
000000de9ab60ad9
000000df0f0dfab9
000000df36dadc19
000000df57815a39
000000dfcfdfb1d9
000000e018e449d9
000000e028c6d039
000000e0892a4d59
000000e0a0869f19
000000e174fd42d9
000000e1ee729a19
000000e22f4db4f9
000000e24d9a1e59
000000e2f638fd39
000000e2fa662679
000000e3c301fa99
000000e412c885f9
000000e45821d979
000000e4b9ade059
000000e4e8547939
000000e5198d6319
000000e5307868d9
000000e62ed3fef9
000000e639d47299
000001cdc0911161
0000000001ddc871
0000000000000181
000000e6e8152f39
000000e745202139
000000e7ad395a79
000000e81c0c9179
000000e8431048d9
000000e8debfb459
000000e8f8d7a399
000000e96549df59
000000ea028a42d9
000000ea2f1e9019
000000eae8165819
000000eb48d654d9
000000eba23f6839
000000ebbbed4179
000000ec2fc8bab9
000000ec35540fb9
000000ecabd7c2d9
000000ecf079aa99
000000ed33f922f9
000000ed41a9af79
000000ed53cd2919
000000ed6628a959
000000eda0b37139
000000ee8af43a99
000000eed0c30179
000000eed0eaefb9
000000eedac933f9
000000eeeff326f9
000000ef5e36e919
000000ef86985d99
000000efb347f4b9
000000efb49d92b9
000000efe4b25719
000000eff26ef079
000000eff9491059
000001e060fc5d61
0000000001ddc871
0000000000000181
000000f07e9bac59
000000f08e4a8819
000000f1e41ecdb9
000000f208364e19
000000f222a37fd9
000000f233776a19
000000f246a0dbb9
000000f255feccd9
000000f25fa86d39
000000f298627a79
000000f2a1696279
000000f2fd492f99
000000f30b4532f9
000000f351b9a279
000000f3b7864bb9
000000f49274e9d9
000000f4f8e76f19
000000f67c48f879
000000f6c953a1b9
000000f7024514d9
000000f714f967f9
000000f807ee5f59
000000f8174fdb99
000000f83cf3e139
000000f851b1a5d9
000000f85e4602b9
000000f863302cd9
000000f896be8c79
000000f94af123f9
000001f30167a961
0000000001ddc871
0000000000000181
000000f9b8f96499
000000fad1b708b9
000000fb0480a499
000000fb2e8e3b39
000000fb694a2219
000000fb7fa328f9
000000fba99f3d19
000000fbcc94df79
000000fc023d6019
000000fc05422259
000000fc06d82d99
000000fc089047d9
000000fce0e669f9
000000fcfae5f419
000000fd3f4fee19
000000fdba3e0679
000000fde4d9d3d9
000000fde4d9e4b9
000000fde62fc719
000000fdee1fae19
000000fe65526759
000000fe975a9959
000000fef5160ff9
00000100223857b9
00000100d9d10699
00000100ebb5f919
00000100f31affb9
00000100f4355c99
000001012ea4b6d9
0000010198ee4879
00000101cf34d159
00000101f4a1eab9
000001028d7398b9
00000205a1d2f561
0000000001ddc871
0000000000000181
00000102f57ffc39
00000103489a4a59
00000103701fd519
000001037be34bf9
00000103ec5327b9
00000103fef2b7b9
0000010444a2b059
000001046b6a9799
0000010472c4a899
0000010481e28f59
0000010486617f59
00000104b271ee59
00000104c67174b9
0000010547ec0899
00000105d8215a79
000001064e89ae79
00000106714fec39
0000010692d86ed9
00000106ac59d959
0000010719ee8439
000001072b0a99b9
00000107e92e0639
0000010800b3abf9
0000010842573ff9
000001084f44e879
00000108d9229cf9
00000108e87bd059
0000010934521759
0000010991518ed9
00000109a3d22e59
0000010a06654259
0000010a3ae4c999
0000010a47f949f9
0000010adba1b9b9
0000010ae57c0679
0000010afd9de819
0000010b18d9e359
0000010b48a623b9
0000010b894570b9
0000010bc5b87db9
0000010c05ea5a99
00000218423e4161
0000000001ddc871
0000000000000181
0000010c36419819
0000010c537b37d9
0000010c5bc019d9
0000010c98a723d9
0000010c9ac39099
0000010cea6c1179
0000010d3925cf99
0000010d651ab339
0000010df0402bb9
0000010e0bc83dd9
0000010e484fffd9
0000010e8082d1d9
0000010f79d23439
0000010f9b45df79
0000010fc2956819
0000010fcb38f919
000001108e4eef99
00000110b990a679
00000110ca4a0079
000001117d9faf19
0000011200b31179
00000112104ce0f9
0000011213340df9
0000011226c15ab9
000001129d68fd79
0000011325ad5df9
000001133a994c59
000001140f647319
000001143a425459
0000011448360399
000001144cd766f9
00000114ccb397f9
00000114ce3a8ef9
00000114d00af5f9
00000114d93ae939
0000011524efa319
0000022ae2a98d61
0000000001ddc871
0000000000000181
00000115f660dff9
000001164c138c39
0000011694cd6399
00000116dbf81739
00000116e35d9199
00000116fff02819
00000117498cd499
0000011766fd5cb9
0000011790ac99d9
00000117e9a64499
000001186edc0b59
0000011890979cd9
00000118c95f60b9
0000011933844fd9
00000119611f3319
00000119af091459
00000119c09f6d19
00000119c1149e99
00000119d1672259
0000011a2a060219
0000011b792714d9
0000011b9a25f3f9
0000011c3a8c0c79
0000011c6e3aeeb9
0000011ca19ee3d9
0000011d076c6ff9
0000011d3b5c3bf9
0000011d6b1c1959
0000011db3f9ca99
0000011dc6aa2299
0000011e0f056579
0000011ea56c2d39
0000011ebc237239
0000023d8314d861
0000000001ddc871
0000000000000181
0000011ef10fe639
0000011f4ce7ef59
0000011f968e35b9
0000011f9b7357b9
0000011fd93636f9
000001203e67eff9
0000012056dc1b99
000001206ee6ebb9
00000120c2cb4c19
00000120e8ce1ab9
000001214601dc59
00000121ace9fbf9
00000121d4f5d4b9
00000121f6a60ed9
000001221c739579
000001221dbc90d9
000001227e656ef9
00000122b2597479
0000012324a58319
000001236aeac2b9
000001237da93d19
00000123c5b2fab9
00000123ce420f59
00000124f8753ff9
000001265ceb9839
0000012699e8e1d9
00000126a4d90759
00000127098c10b9
0000012716df7e99
0000012740669379
00000127985a11b9
0000025023802461
0000000001ddc871
0000000000000181
00000128e96f3579
000001294a5e3839
0000012954bd7359
00000129703f3819
00000129b294eb19
00000129f5c7c519
0000012ab00d91b9
0000012ac545a859
0000012ad0f22bb9
0000012b1c7574b9
0000012b6c4de2d9
0000012bc6b651b9
0000012bf8962099
0000012cf50ca619
0000012d1c64f999
0000012d52978399
0000012d7251a399
0000012da59e04f9
0000012da96283f9
0000012defc16699
0000012defe92dd9
0000012df49f5e59
0000012e3e296159
0000012e4cb1ed99
0000012eabfca7f9
0000012f3a7b6e19
0000012f60b23099
0000012fa36008d9
0000012fb79445f9
0000013028ba5a59
0000013059188e59
000001305918a4d9
00000130fbba7d99
000001310b984939
000001312011a019
000001314f6c1eb9
000001315d158179
00000262c3eb7061
0000000001ddc871
0000000000000181
00000131973108b9
00000131a05c6579
00000131ae901eb9
00000131b6f36779
000001324b435259
00000132684b11f9
000001329e3bd3b9
00000132f3ed7f19
00000132f56bbc19
000001333593e239
0000013340d8c559
000001339373c099
000001339942ef39
00000134095c2a59
0000013445e04279
000001348b438139
00000134901e73d9
0000013523ba6c79
000001353ba6b3b9
000001354441e559
0000013609212799
000001362521c399
0000013626798419
000001364bb6a559
0000013667982679
000001366ec34579
00000136ab1f3db9
00000136bd2a2919
00000136e25f5bb9
00000136e5bfeed9
0000013777c45179
00000137d7fc5ef9
00000137e3a3fd39
0000013861eb9159
00000138c6c8ca99
00000138da4c4759
00000138f02fc979
00000139aeb6c1d9
00000139e1c93fb9
00000139edd06539
00000139fa8cff99
0000013a1079fa99
0000013a3d92b079
000002756456bb61
0000000001ddc871
0000000000000181
0000013aefef7af9
0000013b4db475d9
0000013b922bf7d9
0000013bd02ceeb9
0000013bd2a81219
0000013bf8ab6a39
0000013c30ad5d59
0000013c639c0a79
0000013cb3319b99
0000013cd433c439
0000013d073fe119
0000013dd5568a79
0000013e03bf5eb9
0000013e2a2dc6d9
0000013e7ab22919
0000013f0d0ee0f9
0000013fbf8099f9
0000013feaad3319
00000140254121f9
00000140254132d9
00000140589afff9
0000014066507879
00000140c8c4e399
00000141202c0419
0000014192072679
0000014195aac799
00000141e95114f9
0000014246901319
00000142843e8f59
00000142b87f6b99
00000142d6799099
00000142d6971c59
000001439a772459
00000143a24c0e99
0000028804c20761
0000000001ddc871
0000000000000181
00000144bb521b19
0000014571777ad9
000001464640faf9
00000146938c5319
00000146a27e4239
00000146c16976f9
00000146fa3d9939
00000147f5e1a7f9
000001488dbbd259
000001490b306999
0000014965ce0399
0000014a228e32b9
0000014a34207659
0000014a38b21d79
0000014a8538e519
0000014ac43304f9
0000014b20e25c59
0000014b2f2e8a99
0000014b992d9579
0000014b9b8bf2d9
0000014bb3ab2df9
0000014c4e986039
0000014c58bdc779
0000014cb8b909b9
0000014cd2f81e79
0000014cf80cb339
0000029aa52d5261
0000000001ddc871
0000000000000181
0000014d872466d9
0000014d8da333d9
0000014d9b16e1b9
0000014dc8ea80b9
0000014e466346b9
0000014e64cccfb9
0000014ea04655b9
0000014f37079ff9
0000014f766f77f9
0000014fbc4f5959
000001501f14ed79
000001505df36919
0000015115bd1d19
00000151f95adff9
0000015318c86999
00000153699b7699
00000153d7e03639
0000015472ca7f99
00000154a85fe879
00000154ed560679
0000015582e2c359
00000155ffc9c899
00000156343836d9
000001565a5b9019
00000156673bb499
000002ad45989d61
0000000001ddc871
0000000000000181
00000156c5dee4f9
00000156dd270959
00000156e8379eb9
00000156ee0696d9
00000157acda5d59
00000157c4854df9
000001580b1082b9
00000158518c1359
00000158562665d9
00000158c563bcb9
00000158dace8379
000001590282dd59
0000015907bd94f9
0000015920be90f9
0000015933508219
0000015948b1fe79
000001594e631bd9
00000159651855b9
0000015999e53859
00000159b55a75f9
0000015a01f5c0b9
0000015a0f72c9f9
0000015a8aaa3319
0000015aed571899
0000015aed5739f9
0000015b21f5c059
0000015b5bffb979
0000015b7cfe4479
0000015ba4d24939
0000015baa3fd5b9
0000015bb92f5ff9
0000015bbd496899
0000015c3a42fe79
0000015c50b34939
0000015c80fba599
0000015c91451a99
0000015ca0a28539
0000015cce6083b9
0000015cf8cfce79
0000015d86bd7479
0000015dca662cb9
0000015e1a566179
0000015e53588279
0000015e5e1b5b39
0000015e92f49e19
0000015f50403b79
0000015fcc5b5219
0000015fcde699f9
000002bfe603e861
0000000001ddc871
0000000000000181
0000016030a9d999
000001603ae0faf9
00000160cf135239
00000160dd0ae759
00000160e1b8e579
0000016196f08cf9
0000016248264179
00000162beb41099
00000162fca3ac19
00000162ffd89239
000001641cd281b9
000001641e543b79
0000016473979159
0000016475586cf9
000001647a763ab9
00000164877040d9
00000164c14c7439
00000164c4bc00d9
00000164e63cabb9
00000164ed7e1ef9
00000165167b44b9
000001655c69ef59
000001662c819cd9
0000016667899699
00000166a5ac9a99
00000166a9fa1299
00000166b72fe799
00000166bd725999
00000167346e4f79
000001677518a4b9
0000016793f25459
000001679dfece99
00000167ae584b79
00000167becb3319
00000167c28accf9
00000167c93b32d9
0000016808a58239
000001680ce5ca79
000001681c1905f9
000001686161dc99
0000016867cebab9
00000169222c2679
000002d2866f3361
0000000001ddc871
0000000000000181
000001694fb15499
0000016969ef16b9
000001699d9e7299
00000169ccf55719
0000016a02807ff9
0000016a5ed1f9b9
0000016a71691ef9
0000016a7bc153d9
0000016ac2325499
0000016b15c5bbd9
0000016c238ea639
0000016c3508d4f9
0000016c4d4ff359
0000016c9f8e7ff9
0000016cfc16a9b9
0000016d052e8319
0000016d67783499
0000016d8640d0b9
0000016d9fdd5539
0000016e55e6f559
0000016e690a8d59
0000016fa9988ad9
0000016fad4a39f9
0000016fd2235ad9
000001700a360b39
00000170605aa959
00000170acaa28d9
00000170f06e57f9
00000170f10dadf9
000001714a2675f9
000001717838fff9
00000171e8b7ee19
000001722d0d5619
0000017263f75d39
00000172679d8c79
000002e526da7e61
0000000001ddc871
0000000000000181
00000173b46a0eb9
00000173bc047279
00000173ee1c04b9
000001747c0b1359
0000017490ffecf9
0000017529346519
0000017533fc86f9
0000017556e2b4d9
00000175fd101c99
000001760b981019
00000176357e4b39
000001763f196b59
000001764d5de499
0000017663ab7b79
000001769651db59
00000176b5e164d9
000001774635f9d9
00000177ef6ae659
0000017829d96a59
000001783cff5a99
000001786cd770b9
00000178c08cf1f9
00000178d0d7d6d9
0000017907555819
00000179b7867379
0000017a97886d79
0000017aba4452d9
0000017b2fb9f899
0000017b75edc299
0000017b7790c079
0000017bd6e44559
000002f7c745c961
0000000001ddc871
0000000000000181
0000017c0d94cb19
0000017c4264c479
0000017d4107ae79
0000017db473cc39
0000017e1c49cdb9
0000017e62ed4099
0000017e93ac8959
0000017f42f77a19
0000017f64ec4f19
0000017fa02efc99
0000017fce0f24b9
000001804e668c79
000001806911e4d9
00000180a02abcf9
00000180f741fe59
0000018142f31679
000001819c7dd9b9
000001820ddb4059
000001822347eb99
000001823982deb9
000001826fad4999
00000182d7132579
00000183a3a60999
00000183f9573f99
00000184a3322b39
0000030a67b11461
0000000001ddc871
0000000000000181
000001857a7eb159
00000185a8cc9099
000001862e1687f9
000001865b19e699
000001876770b8d9
00000187cc878d19
00000187d7a18e79
00000187daba8779
000001885bd1bf39
0000018868a81719
00000188761e73f9
0000018899542cd9
00000188c493aa39
0000018918137d99
0000018919a2b739
00000189761dcf79
000001898412dd39
00000189ad468139
0000018a05d89f99
0000018abbdfaef9
0000018af056fa39
0000018b4d5b3919
0000018b9bf744f9
0000018bb41f1539
0000018bdda69139
0000018c7839a819
0000018cef562819
0000018cffe89819
0000018d31eb6259
0000018d45e3c079
0000018d7f5a6279
0000018d839c0a99
0000018d8435d179
0000018dcf0ed319
0000018de8de5bf9
0000018deb18d2f9
0000018df575a039
0000018dfa55ca59
0000018e17ce4af9
0000018e6747d819
0000031d081c5e61
0000000001ddc871
0000000000000181
0000018e966fa139
0000018f09eef9d9
0000018fcfb1dfb9
0000019012487439
00000190a9075af9
00000190d4612af9
0000019100327539
0000019115579299
00000191b440c019
00000191f78dc419
0000019210eeceb9
000001929c875339
00000192a12443d9
00000192b187bf39
00000192e5dd38d9
000001931fd7fc39
000001933f0bee59
00000193645a49d9
000001939f50b059
00000193a12ffb79
0000019438c3d2d9
000001947e637459
00000194a881a2b9
000001952d4a1959
000001956457f399
0000019575f33559
0000019597f14939
000001959b4c9cb9
00000195e68fac39
000001960f248fb9
00000196211e3339
0000019699243499
00000196a2cc0e99
00000196b3507bd9
000001978d6e8499
0000032fa887a961
0000000001ddc871
0000000000000181
0000019829566119
00000198926e4bb9
0000019968ae3d59
00000199b2fb7bf9
00000199b4529a79
00000199d7aa1399
00000199e8cd87f9
00000199fddf1b99
0000019a0d2aac19
0000019a138a0d19
0000019a3e9f5f59
0000019a40d6e299
0000019a4d7c6519
0000019a52c81e39
0000019a994cf659
0000019ac35fd499
0000019ad2917179
0000019b0d39eef9
0000019b535ee3b9
0000019b805817f9
0000019bcd6fad79
0000019bf9495759
0000019c2b56f4f9
0000019c7b9f51b9
0000019c849a2359
0000019cbc07cc79
0000019d6b716e19
0000019deb97d419
0000019e42809b99
0000019e44c7e659
0000019e750c1339
0000019e7fc7c5f9
0000019e87eee999
0000019eede20e79
0000019f2d79b999
0000019f3edbbc19
0000019f9a931139
0000019fa1320659
000001a04bcd0259
000001a087902ab9
000001a09870ddb9
000001a09e4325d9
000001a0ed8faa59
000001a0ee517979
000001a0f3e2be59
0000034248f2f461
0000000001ddc871
0000000000000181
000001a13b1bf599
000001a187e0cc99
000001a1b957db39
000001a1c9b3ad59
000001a20514a619
000001a217feead9
000001a233d1de19
000001a2429a1bb9
000001a3486dde19
000001a385d7a439
000001a38a35ab19
000001a4061bd219
000001a4137b0d59
000001a4269bdb39
000001a432afdbf9
000001a451ff82b9
000001a467e1f2f9
000001a4d023edf9
000001a59a20a519
000001a5a261a399
000001a5ab98b7d9
000001a5b1089319
000001a5bbee2d59
000001a5ed6d5859
000001a63a647e59
000001a664f9cc59
000001a6d0de82d9
000001a79e766e59
000001a7e29f4679
000001a82a8395f9
000001a8804e90d9
000001a89894e3f9
000001a8da9e6299
000001a8e6261c59
000001a8f89539b9
000001a9c9c492d9
000001aa446642d9
000001aa5419eb19
000001aa672a57b9
000001aa7279df39
00000354e95e3e61
0000000001ddc871
0000000000000181
000001aaa4c7f879
000001aac2374859
000001aad17cfef9
000001aad5ac0e39
000001aad8082fd9
000001aadb9c87b9
000001ab1c86bf99
000001ab7bc09e19
000001abb6c826f9
000001abb9e67cb9
000001ac3f55d039
000001ad55eaeaf9
000001addfd636f9
000001ae0296ef99
000001ae0296fff9
000001ae4858d7d9
000001ae5102db59
000001ae7cd66579
000001aecb11f1d9
000001aed52ea719
000001af1a5e5259
000001af2408ccb9
000001b111417639
000001b130df9f79
000001b18586ca19
000001b19c207659
000001b2250ee579
000001b384d94df9
000001b39d1de759
0000036789c98861
0000000001ddc871
0000000000000181
000001b4e61039b9
000001b4efc89139
000001b50a862fd9
000001b5216d5699
000001b558430279
000001b5c0dacd59
000001b5eeb51fb9
000001b617eb2f39
000001b632d0ed99
000001b64dff22f9
000001b6579c0879
000001b690ea0df9
000001b6fb546839
000001b70a6a93f9
000001b7462bdb59
000001b754f05139
000001b79dfa2a99
000001b832245fd9
000001b8b2adb8d9
000001b93f260c99
000001b95e225859
000001b96e784079
000001b9a0fb6859
000001b9ada98f99
000001b9fae75c59
000001ba048aa499
000001ba98bc9439
000001baac2ac279
000001bafa2d9f39
000001bb16811cd9
000001bb961898f9
000001bc2421b839
000001bc2bd437f9
000001bc379827f9
000001bc49880079
000001bc5d933439
000001bcd4873d19
0000037a2a34d361
0000000001ddc871
0000000000000181
000001bd2c822659
000001bd307888d9
000001bdcb2cc879
000001bf200cd8d9
000001bf4d37f2b9
000001bf4d3807d9
000001c0192e2b39
000001c1f8dd5179
000001c2293bac99
000001c23cbdaf99
000001c2a4e05079
000001c2b1e181d9
000001c2c2b4adf9
000001c372f19df9
000001c3820a5679
000001c3decd7c79
000001c475011079
000001c4a42d1839
000001c4eca9acd9
000001c55f2d4139
000001c582949b99
000001c58ca817d9
000001c596eaed39
000001c597657ad9
000001c5cacf2a19
0000038ccaa01d61
0000000001ddc871
0000000000000181
000001c6a851c7b9
000001c6c65cb059
000001c738e204f9
000001c73e778879
000001c7994c0c39
000001c848d54f19
000001c86c812cb9
000001c873370839
000001c879fb4579
000001c89dc52ed9
000001c8e2007cb9
000001c91b9a41f9
000001c948229a39
000001c9551a6e59
000001c9b138f019
000001c9e705d799
000001c9f4847279
000001ca245d24d9
000001ca3a9760d9
000001caaeab2059
000001cbe1e324d9
000001cc21025039
000001cc271fb459
000001cc824916f9
000001cd1e22b5b9
000001cd382f96b9
000001cd59ca72b9
000001cd6dc9f499
000001cd7cd1fd99
000001cd8c115bb9
000001cde1455eb9
000001ce55cc8b99
000001ceec881219
000001cf02d2c3d9
000001cf17a5ee59
000001cfb0ee6939
0000039f6b0b6761
0000000001ddc871
0000000000000181
000001cfdc3dc979
000001cffbe46cb9
000001d00b8e9579
000001d012765859
000001d02b5762d9
000001d03e5cf159
000001d0492426f9
000001d0c349ec19
000001d149ba41f9
000001d18216cc39
000001d1843fc599
000001d19b4bee39
000001d1cf939a99
000001d210e56799
000001d2359bd1d9
000001d26ba75e39
000001d272bef9d9
000001d3ab377a79
000001d3b6962f39
000001d3f4c681b9
000001d42d8ec179
000001d4a1254759
000001d4a58aed79
000001d4b3b8ba99
000001d52b219059
000001d5bcc12a19
000001d6466578f9
000001d6694577f9
000001d6f02040f9
000001d75198e619
000001d796a8d699
000001d7a24321b9
000001d7ce619e99
000001d7cfa74ef9
000001d89dbad1b9
000001d8d8a760d9
000001d8daa94199
000003b20b76b161
0000000001ddc871
0000000000000181
000001d90df60a39
000001d93d63b419
000001d96d2548b9
000001d99a7ff519
000001da3332abb9
000001da34fe1739
000001da78a2e8d9
000001da82465eb9
000001dab0e8c619
000001dabf7fd599
000001db352f0a79
000001dbbea858d9
000001dbe9bbca19
000001dc20230699
000001dc30b8dc99
000001dc35e74899
000001dc9da16559
000001dcb08ff679
000001dcfc35b559
000001dd15a7b039
000001dd18be4b39
000001dd4f56e239
000001dd753d0939
000001ddfd3f7879
000001de09afc6b9
000001de0dd18379
000001de93b229b9
000001de9d988d39
000001dea9d21b59
000001df17e77e19
000001e03195f979
000001e0aca8e279
000001e14eb50839
000001e15eea8899
000001e1cc001d59
000001e1d6768939
000001e1dde5c6b9
000003c4abe1fb61
0000000001ddc871
0000000000000181
000001e2827dc039
000001e2b7183439
000001e31db7a419
000001e33ddf78d9
000001e359094ef9
000001e373b2dd59
000001e37bc68399
000001e3d29ecab9
000001e5005935b9
000001e53d1458d9
000001e5d6d97099
000001e6a2f02db9
000001e719662479
000001e7eb99f5b9
000001e84de900d9
000001e88904c4f9
000001e8a6a7ec99
000001e8c5fd8399
000001e938ce9219
000001e95b61d399
000001e9ce3ea199
000001e9d49058d9
000001e9dcafbe19
000001e9ef4b2279
000001ea0bd41199
000001ea10db0639
000001ea25cce3f9
000001ea31a9dd39
000001ea707b1d19
000001ea980a2f79
000001eaa180a4b9
000001ead7c0f319
000001eafe2e9bd9
000001eb3f75e839
000003d74c4d4561
0000000001ddc871
0000000000000181
000001ebb8c8f4f9
000001ec02f44e19
000001ec53d37cd9
000001ec64231059
000001ec88079299
000001ecc434d779
000001ecfda0ee79
000001ed013cfb39
000001ed2076e939
000001ed337abfb9
000001ed88d45319
000001ee191bb9d9
000001ee293a24d9
000001ee3e1f2eb9
000001ee79850419
000001ee8bb9c699
000001eebb0514f9
000001eecd386fd9
000001eef79fca99
000001ef2130eb99
000001ef22b7e7b9
000001ef8e721099
000001efca558439
000001f044dea839
000001f056619939
000001f0acad8a59
000001f12759cc79
000001f160418819
000001f1607bd0b9
000001f178cf4bd9
000001f1bf518c79
000001f1dd9ad079
000001f21d8919d9
000001f261b4abf9
000001f2bd1757d9
000001f2bf9f49f9
000001f2f2831a59
000001f32a280a79
000001f361d69659
000001f3bd9a3d39
000001f3d3155899
000001f3ef17fd19
000001f3f4c8b919
000001f40e4e2139
000001f415d89939
000001f49e00baf9
000001f4e8d73699
000003e9ecb88f61
0000000001ddc871
0000000000000181
000001f52649be99
000001f55b1078d9
000001f55e878ed9
000001f55e87a139
000001f5ac436af9
000001f5d3301179
000001f5d46c7b39
000001f5fd567a99
000001f620127819
000001f6434b0019
000001f6711e3079
000001f6c0d66539
000001f6f88218d9
000001f7fd22bb19
000001f862df61f9
000001f8f6b18199
000001f8fa2fcb59
000001f96590e919
000001f9b3b14979
000001f9c9838e99
000001f9f4a90f79
000001fa018055d9
000001fa2e494279
000001fa420c2ff9
000001fa523faff9
000001fabb762e79
000001fadfa86d59
000001fb03226ef9
000001fb09e20bd9
000001fb3e19a2d9
000001fb49039699
000001fb65a49099
000001fb6ad6b0f9
000001fbacef1659
000001fc1d8a09d9
000001fc32030e39
000001fc9f7a2619
000001fcf7ef46b9
000001fd55d13d39
000001fd8aa30939
000001fda0bc3d79
000001fdb042c4b9
000001fdeda05e19
000001fdf42aec59
000001fe074f15d9
000003fc8d23d961
0000000001ddc871
0000000000000181
000001fec5b49e99
000001fecf8b2559
000001fee517c1b9
000001feee1dd4b9
000001feee7fc219
000001ffd27772f9
000001ffeb3509f9
000002001d64a8b9
000002001d88adf9
000002001ecc9ad9
00000200916b8e39
00000200f5df40b9
00000200f5df4279
0000020102306f79
000002019d681c59
0000020224999ed9
00000202362f87b9
00000202569530b9
00000202cd42aab9
00000202d110e379
00000202e951a459
00000202ff9e4f99
000002032c573459
000002032d8bcaf9
00000203be64d7f9
000002043f643619
000002044adf13f9
0000020486a4fbb9
000002049d781cb9
00000204c85e0899
00000204dc8eeeb9
000002055e89b879
000002058c499999
000002059b9c8c39
00000205bf7a3d19
00000205dbb9d139
00000205fb9219b9
0000020611111279
000002066783f239
0000020684ddb159
000002070c40dc19
0000020730aa3619
000002075887fc79
0000040f2d8f2261
0000000001ddc871
0000000000000181
00000207a1509219
00000207a4d060f9
000002080f7e6219
000002081b9155d9
00000208d2b43019
00000208e66dc679
00000208f64dfbd9
000002099cf31f59
0000020a1b422c39
0000020a5f7204b9
0000020a8f4a2e39
0000020b0dd35019
0000020b40fe5cf9
0000020b71339739
0000020be7725859
0000020be7c6fa59
0000020c082a9979
0000020c1802a799
0000020c39bf1059
0000020cbb007359
0000020d5f134b79
0000020d69b935d9
0000020d81ae9579
0000020db15efab9
0000020df0bd3099
0000020e3d508439
0000020e51e02679
0000020e902b1759
0000020f2059e219
0000020f6c5dd359
0000020ff4ebb479
00000210ac6ae519
00000210b95ddd79
00000421cdfa6c61
0000000001ddc871
0000000000000181
00000211145cb2d9
000002111ccaa8f9
00000211476e2f39
000002114f0ee6d9
00000211545e1b39
0000021171c24239
00000211b32f03b9
00000211eec4fa39
000002125d9236d9
00000212a494bb59
00000212aaa03ff9
00000212d93286b9
00000212fcd1d799
00000213cf7eef99
0000021445390bf9
0000021497a7cc79
00000215329f8a59
00000215477efd19
0000021559a6fd99
00000216028b4059
000002161ce658f9
000002163ba9bed9
00000216472596b9
00000216521fa059
0000021690d90b39
00000217a034dd99
00000217f62a82b9
00000218219cde19
00000218865a9759
00000218e3189f39
00000218f2fa79d9
0000021964108919
0000021976083f59
0000021a04b85959
000004346e65b661
0000000001ddc871
0000000000000181
0000021a5ce91999
0000021ab51e2499
0000021ac30ffdf9
0000021b2d445d79
0000021bc2a147b9
0000021bc62067d9
0000021bf3b8f3d9
0000021c00c03199
0000021c4f3a5b99
0000021d3918f459
0000021d4afac9f9
0000021d81337fb9
0000021d917df9d9
0000021e3dbab959
0000021e5c3aa1f9
0000021e839ca759
0000021e8eb00659
0000021eb303cd19
0000021ec060a4f9
0000021ed1a053f9
0000021efe686a79
0000021f284e7d59
0000021f510097d9
0000021fbb966939
0000021fc0efb3d9
0000021fc9d74399
0000021fd5e82a19
00000220571211b9
00000220688cc779
000002210532d099
00000221538a52f9
00000221e673f7b9
0000022288b46759
0000022297b03cf9
00000222d568b5f9
00000222d8da74f9
00000222efa46b39
0000022366d21299
000004470ed0ff61
0000000001ddc871
0000000000000181
0000022393bb7dd9
00000223d1b357f9
00000223e0b4b399
00000223f9eb81f9
000002240d79c659
00000224152fe919
0000022435ab67b9
0000022457b6bef9
000002249b07c579
00000224d316e579
00000224ed281b99
00000224f16441f9
00000225275674f9
000002257def7f79
00000225ac0f4fd9
000002265275b419
00000226b69f9f39
00000226cf15b8f9
00000226ef9f5959
00000227193b29f9
000002277f7f9f39
000002278e4ec7b9
00000227c3778ab9
0000022804951c39
000002280d361279
0000022810d679f9
0000022826f894d9
000002286f49ebd9
0000022898dba8d9
000002289e4c0099
00000228a1f71a19
0000022939a29959
000002294ca259b9
000002297425f239
00000229a91a0cf9
0000022a33954db9
0000022a3566dd19
0000022a6c3e5c19
0000022a795b5bd9
0000022ad445a0b9
0000022b0053da19
0000022b48744c39
0000022b595df679
0000022b877138d9
0000022c42c4a0d9
0000022c65699db9
0000022c782dcf79
0000022c7cdec519
0000022cb556a6b9
0000022cd18e50b9
00000459af3c4861
0000000001ddc871
0000000000000181
0000022cd94661d9
0000022d29af69d9
0000022d90254759
0000022e1f1e4959
0000022f38d5a479
0000022f3dc95f79
0000022f5d7f1579
0000022f5d7f6d59
0000022f7f6113d9
0000022f8c0180f9
0000022f947c8e59
0000023047674259
00000230476761f9
0000023073b55c39
00000230c55f5659
00000230e12d33b9
00000230ef19b4d9
00000231132fd219
000002313e53f439
00000231bfcff0b9
000002321a1df439
00000232949549b9
00000232d75844d9
000002330cc4a779
0000023360c8dc59
0000023414579279
0000023426fda7f9
000002343e8d34f9
00000234a8007db9
000002354dc25ad9
00000235fa160b99
00000235feb2db79
000002361d777e79
0000046c4fa79261
0000000001ddc871
0000000000000181
00000236637b8659
00000236661e0259
000002367f204ab9
000002370ec12579
0000023795ca11f9
00000238704f71b9
00000238760f9e59
00000238fa8cb899
000002391c011b19
0000023924865279
000002392c44f3b9
00000239365894d9
0000023949433639
00000239c9d04c59
00000239d984fdf9
00000239de2bc499
00000239dfb64699
00000239ebc223f9
0000023a0d1dae99
0000023a7fd00b19
0000023a9d2cc139
0000023ab20b91f9
0000023b6503a739
0000023bf89b1699
0000023c088a0b59
0000023cce409559
0000023d3f22c999
0000023dcf8081d9
0000023dda9c7939
0000023de6e3ac79
0000023df348a299
0000023e02cfbef9
0000023e97e030b9
0000023e9c1b40b9
0000023eb4a42f39
0000023ef9e24639
0000023f15a689d9
0000047ef012db61
0000000001ddc871
0000000000000181
0000023f80832699
0000023fa77777d9
0000023ff0e17cd9
0000024030d31479
000002406576def9
00000240688a9579
000002408223c019
00000240da1186d9
00000241048bad39
00000241697389f9
000002416a0fced9
000002416b454079
0000024186189c19
000002419c327d39
00000241b31ab0b9
00000241facb2559
00000242b4a2f859
00000242fe83d539
00000243270a2bf9
0000024327348639
00000243506f8639
00000243f2a18df9
0000024435b93279
00000244d26c8c39
0000024500dc3699
00000245838c6659
000002458be46bd9
00000245a9d89499
00000245bbadfd99
00000245c0c6ca79
00000245e29c84f9
000002461301be59
0000024621d2ac59
00000246697f9f79
0000024682119839
00000246b67bc6d9
00000246cdc6b179
0000024711596959
0000024728b6c2d9
00000247447380f9
00000247feaf6159
00000248396111d9
0000024865da7d99
000002488f9a50d9
000002489b984419
00000491907e2461
0000000001ddc871
0000000000000181
00000249326fdff9
00000249374bd439
000002496fca35d9
00000249a0024659
00000249f8ee6db9
0000024a53512dd9
0000024aa93280f9
0000024bbc247819
0000024c009e3e19
0000024c00db9fd9
0000024c22643d19
0000024c514f12f9
0000024ccab377d9
0000024d664906d9
0000024d791b30b9
0000024d941ca919
0000024db92af699
0000024ddc9e6bd9
0000024deb7e1ad9
0000024e3c3880f9
0000024e50dce519
0000024e90139979
0000024fba4e8299
0000024fde74f7d9
0000024fe4b037b9
000002500116d679
000002500d045b19
000002506b85d659
0000025094b49b19
00000250b667e0f9
00000251009af719
000002510795fe79
00000251364299f9
00000251a359bf39
00000251a77b2539
00000251c5d9f019
000004a430e96d61
0000000001ddc871
0000000000000181
000002522a6b4959
000002522f262e59
000002528e575379
00000252c4b73739
00000252d0802d79
00000253969097d9
0000025403c0de39
0000025447b04259
00000254605ab9b9
0000025483263df9
00000254bd572cf9
000002558055a8b9
00000255f1b47dd9
000002562f9999d9
00000256ab61cbd9
00000256e9c06499
00000257591ec7f9
00000257a470aab9
000002585c3ac8d9
0000025876a9cb39
00000259233671d9
000002592593abd9
000002593a3b7399
000002593c876239
00000259837abf59
00000259b63005b9
0000025a26f4c6b9
0000025ab5861ad9
0000025ad8e12959
0000025ada3708b9
000004b6d154b661
0000000001ddc871
0000000000000181
0000025b8475e3b9
0000025ba4141739
0000025bad79ca79
0000025c2e053c19
0000025c95e64579
0000025cbdf1a9b9
0000025cd8a06539
0000025d2bf8a199
0000025d898a6ed9
0000025da72926b9
0000025dad4cffd9
0000025dd61af5f9
0000025ddeaf2f59
0000025e59e15d59
0000025e72d99039
0000025ea0fa87b9
0000025ed62e26d9
0000025f65672539
0000025f80390279
0000025f9a949c19
0000025fcc930819
0000025fec352ed9
0000026031efe1f9
000002607b9678f9
00000260832b96f9
00000260ab1e5679
00000260e5685dd9
00000260fbf99dd9
00000261bde72eb9
00000261f089aa19
0000026223c3dad9
000002625b51f4f9
0000026267332d99
0000026286de90d9
00000262fe230179
000002630acde739
0000026314679739
00000264b0201fd9
000004c971bfff61
0000000001ddc871
0000000000000181
00000264f1f260b9
0000026519548739
00000265ed745fd9
000002665fe52f99
000002669a72e539
00000267199a6999
0000026730fce1b9
000002676b9eff79
000002676b9f1259
00000267b2a3fd19
00000267d0ecca19
00000267f21e2099
0000026806538239
0000026811bcba39
000002687b242a19
000002687ed98339
00000268ade6ba19
00000268c236ebd9
00000268c2ee85b9
00000268e44c9479
000002692526a299
0000026947828fd9
0000026968c5e8b9
00000269fe88d7f9
0000026a062b1539
0000026a468dfe19
0000026a8b4811b9
0000026a8dbfcfd9
0000026b387c6979
0000026c4c968899
0000026cb8863399
0000026d0fed06d9
0000026d5201fe19
000004dc122b4861
0000000001ddc871
0000000000000181
0000026e6a76fab9
0000026ecb655019
0000026ee066b939
0000026f8d8cc879
000002700ef12759
000002701890a2d9
00000270509a5159
000002707dce1a99
00000270d46d2799
00000270dbd89a19
000002711870c939
000002714e9d3879
000002716c1a1e59
00000271ae9745b9
00000271b77d54d9
00000271df9ac739
00000271e5869ad9
00000272313e5479
000002724bb46859
000002724bb4e7b9
00000272efcfa3f9
000002732ae35db9
0000027385f2f0b9
00000273c0e913f9
00000273db8ee8f9
00000273f59ee699
0000027405a7bf59
00000274071067f9
00000274b2435a59
00000274f32ce559
000002757b25f5b9
000002765ad45379
000002769bc5c159
000002771efd01f9
000004eeb2969161
0000000001ddc871
0000000000000181
00000277b281d9d9
0000027802b847b9
000002783bf31bf9
00000279912d2779
00000279c15ea379
0000027a0474c879
0000027a5b726459
0000027aa9f1cad9
0000027ab02f7db9
0000027ade880659
0000027b67470959
0000027bbd28e179
0000027bdf93e039
0000027c44b2b0f9
0000027c8c7195b9
0000027c8d036cf9
0000027cc1d6aaf9
0000027cfba2de19
0000027df15a6ff9
0000027e022d5599
0000027e1d07afb9
0000027e3b0ca4d9
0000027ed3c70599
0000027f2f0f79b9
0000027f365105b9
0000027f65a294b9
0000027f8b40e779
0000027f9e497ad9
0000027fbaea8a39
000005015301da61
0000000001ddc871
0000000000000181
00000280c7a58e79
00000280ed9d1fd9
0000028119ed3599
0000028172d84239
0000028209f928b9
00000282577572b9
0000028271e68cd9
0000028302c9f5d9
000002837d5cef79
000002839919aa19
000002839a910419
00000284247762f9
00000284356517f9
0000028469d26859
0000028486fcc099
00000284d0af0159
000002857e2c2d59
00000285f645b799
000002868f008239
00000287412f9179
000002874a79ca59
000002874d82cc59
000002878b6ba759
00000287bc369e19
00000287be5bd879
00000287d4a876f9
00000287deff8eb9
00000287ee4029f9
0000028862aed999
0000028882816719
00000288bb84ecb9
00000288c6cf7b39
00000288e0093439
000002893be2dfb9
0000028990e71f39
00000513f36d2361
0000000001ddc871
0000000000000181
0000028a39ed67d9
0000028a49b51fb9
0000028a93b5c179
0000028aa2208059
0000028ac3213c19
0000028b247b4ff9
0000028b3391e9b9
0000028b6188ab39
0000028b6188c8d9
0000028ba8c95419
0000028bd0c5fad9
0000028c081a24b9
0000028d1f244cf9
0000028d534213b9
0000028e343b0b39
0000028e7ec841d9
0000028e9f6b23f9
0000028eace50359
0000028eae98e0f9
0000028ebe3cd079
0000028f169f3c59
0000028f3f75e019
0000028f733106d9
0000028f7926dd19
0000028fad155359
00000290051fa419
000002902253ab19
000002905f8cd559
000002919e1ae339
00000291a73e1419
00000291c67b77d9
00000291e06cb1d9
00000292077aa819
00000292235938b9
000002928b679359
00000292b2b03f59
00000292c9b70079
000002933a362699
000002933ec2f4b9
0000052693d86b61
0000000001ddc871
0000000000000181
00000293646fc5d9
000002939c19faf9
00000293d7dbfd59
00000293e779c8f9
0000029497ed3e39
00000294e94c47b9
0000029556a12739
00000295afa3fb39
00000295c449d279
00000295cf580d79
00000296066ab839
0000029606e836f9
000002961193a8d9
000002966ac5ad79
00000296c9f7c939
00000298068e1259
00000298482dc379
0000029869f8d9f9
00000298fef83c79
0000029917dd7039
0000029945947139
00000299d60f6a79
0000029ab1369199
0000029b46644d59
0000029b47e9a979
0000029b5c767579
0000029b911d7f79
0000029b9c9e3e59
0000029bb268e299
0000029bc7759b19
0000029bcbbc7259
0000029c4bda9139
0000029c6beca999
000005393443b461
0000000001ddc871
0000000000000181
0000029cb891acf9
0000029ce3325779
0000029d57f12f99
0000029da04813d9
0000029da6001eb9
0000029da9448919
0000029db4bb12b9
0000029dc3723979
0000029e197f8e19
0000029e49a475b9
0000029eb35d3b39
0000029f45bdf699
0000029ff14c0a19
000002a01b0fab99
000002a026353cb9
000002a079fe36b9
000002a094d51bf9
000002a0ad092c19
000002a0cd7e5db9
000002a1246dc539
000002a147d7e7f9
000002a169941b19
000002a20f74da79
000002a248df5339
000002a253699539
000002a28330c859
000002a2ce3021d9
000002a2d79f3e59
000002a3162998b9
000002a31f303bf9
000002a382e6ed79
000002a388717cf9
000002a40d448519
000002a45e2b7af9
000002a467ee24f9
000002a535f3d959
000002a554d66879
000002a57cd21c99
000002a580847ef9
000002a5b1b0c3f9
000002a5cc75a7b9
0000054bd4aefc61
0000000001ddc871
0000000000000181
000002a5fff45c59
000002a606d221f9
000002a6a12b4d59
000002a6e5f740b9
000002a713a0e839
000002a71602d639
000002a731512279
000002a7de01b559
000002a7e0dcf0d9
000002a7e6cb80f9
000002a85c4ff619
000002a8898ffa59
000002a8d019f179
000002a975de9db9
000002a9a8c1a119
000002aa2e382a39
000002aa31af0ad9
000002aa7676a6f9
000002aa7f9321f9
000002aa8af4e9b9
000002aae0030479
000002abfdfe29d9
000002ac7f6a01f9
000002acdb231a79
000002ad28d2f219
000002ad34c14939
000002ad94c14979
000002ade7e47d19
000002ae31cb8999
000002ae485fb0b9
000002ae51e4f059
000002aebd30d7f9
0000055e751a4461
0000000001ddc871
0000000000000181
000002af7a4cce19
000002af7a4cdfb9
000002af7fcce179
000002afe7c3c8b9
000002afeae47219
000002b014ae23d9
000002b04eef4479
000002b052df5439
000002b071d96cb9
000002b0bfbcf0d9
000002b1078d6af9
000002b126a070f9
000002b13d4d5879
000002b1404bc919
000002b1440a8d79
000002b18760c379
000002b1a4234af9
000002b1b451e499
000002b242601439
000002b359f8a159
000002b35f75db99
000002b37babb5b9
000002b3811d8459
000002b3ab76c499
000002b3cf064539
000002b3d0f2dfb9
000002b3f84eaa39
000002b45a8430f9
000002b45cf97319
000002b46a14d3f9
000002b49a561c39
000002b4cd4f6a19
000002b4d2df1499
000002b4e23dcd99
000002b5535f5559
000002b56ed03b99
000002b56ed08f79
000002b59fe7a159
000002b5a3b5c879
000002b5cf7975f9
000002b5e3a22719
000002b5f6941879
000002b6bc5f90f9
000002b71d8df0d9
000002b730734ef9
000002b816cd3499
000002b864fb4e79
0000057115858d61
0000000001ddc871
0000000000000181
000002b8a2dc58b9
000002b98395e9b9
000002b9f7fb52d9
000002ba05a33539
000002ba0a9c4139
000002ba36534139
000002babacbbe39
000002bae4ca8a79
000002bb1570d379
000002bb55fd2979
000002bbb43eb3b9
000002bbbff39e99
000002bbf5c16719
000002bc0196e499
000002bc2bba66d9
000002bc6a339959
000002bca0f11899
000002bcc63d4879
000002bd7940a079
000002bd8040ded9
000002bd8fb817b9
000002bdb9148839
000002be56ae2699
000002be5e9d4139
000002bf2b325d79
000002bf32c35ed9
000002bf400b7419
000002bf5c073839
000002bf750008b9
000002bf7cb0a399
000002bf9d4b9439
000002bfb3230979
000002c00927f559
000002c02da0c7b9
000002c04503d1d9
000002c0e989abb9
000002c0ff27ad19
000002c15b5ac0f9
000002c15d0fa219
000002c18ea3bc59
00000583b5f0d561
0000000001ddc871
0000000000000181
000002c1ef86f839
000002c205295ad9
000002c2362981b9
000002c2457d59f9
000002c2695390b9
000002c2a0668459
000002c2c4a8f699
000002c2dceabfd9
000002c34c7a79d9
000002c37df755b9
000002c397eec7b9
000002c3e4032639
000002c424b90199
000002c426a281d9
000002c472557f59
000002c4909e2bb9
000002c49ac63cd9
000002c4a73277f9
000002c52450a779
000002c529fb0759
000002c5487f9439
000002c57243ba99
000002c5b95cc759
000002c64aba25f9
000002c653a1d079
000002c788d011b9
000002c7f168ae59
000002c89dbcaa99
000002c89f33b3f9
000002c8e4a1f399
000002c9050e7239
000002c918bcac19
000002c94b3a5199
000002c97f898979
000002c994b33a79
000002c9a18db779
000002c9e3efdfd9
000002c9e805e9d9
000002ca23f7a6d9
000002ca311139b9
000002ca58ee7879
000002ca9e15e2f9
00000596565c1d61
0000000001ddc871
0000000000000181
000002cb4b176619
000002cc020ec199
000002cc0788f779
000002ccc5596f39
000002cd137d6959
000002cd167a1719
000002cd7161ec59
000002cd71620a19
000002cda9d08e19
000002cdb2ddd1d9
000002ce20f7ff39
000002cec23261f9
000002cf88305259
000002cfeda07059
000002d0144a9f59
000002d03994fe99
000002d0503bcb79
000002d05f8d6139
000002d073322439
000002d252aca699
000002d27d955a19
000002d2ee5545b9
000002d37aee5e19
000002d38eb34d79
000002d451b73f59
000002d452cfbdf9
000002d466560f99
000002d46c33c9d9
000005a8f6c76561
0000000001ddc871
0000000000000181
000002d47c568f79
000002d498735ef9
000002d4a7308cb9
000002d55d7a0cb9
000002d5c1d5b799
000002d5e52d4b59
000002d613faa439
000002d638e23079
000002d64df58d59
000002d6eeaa8f19
000002d74dd0cd39
000002d77c692839
000002d812fc6559
000002d87ce13b79
000002d8e3b383d9
000002d91a6ec259
000002d9300a3339
000002d9856e6d99
000002d99c488c79
000002d9b6178719
000002d9c86d2dd9
000002da66673cb9
000002da75982119
000002daa97dfd59
000002dae0487d59
000002db265f1919
000002db78194ed9
000002dba53da8f9
000002dcc4cd3af9
000002dce41360d9
000002dd1621f399
000002dd1a223319
000002dd23d71cd9
000002dd52748a99
000002dd71623559
000005bb9732ad61
0000000001ddc871
0000000000000181
000002deaebd7a99
000002decba9c419
000002dee566e319
000002df33f33ad9
000002e10384fdb9
000002e16c383c99
000002e1f0d037f9
000002e1ff7da339
000002e2040be559
000002e23e3ffd19
000002e270fd44f9
000002e28a0c5119
000002e29aef5bb9
000002e2e2bc3ff9
000002e356295379
000002e35e2847f9
000002e38d747579
000002e39bb559d9
000002e3b0817a59
000002e4dc92ed59
000002e555b11379
000002e5be06dc99
000002e6426b77d9
000002e6646e7319
000002e668252ed9
000005ce379df561
0000000001ddc871
0000000000000181
000002e75a23a279
000002e78d531799
000002e7e2a65839
000002e841fc70f9
000002e847a8a039
000002e8b2bb54b9
000002e8f4480b79
000002e8fcb07719
000002e9017738b9
000002e935b67bd9
000002e989bbcdb9
000002e9a9c5a359
000002e9d1d55879
000002ea04a826d9
000002ea063b5b59
000002ea5800bcb9
000002ead41a26d9
000002eb3670dfd9
000002eb4cf40019
000002eb68c8be39
000002eb81f1d699
000002ebaeeeca19
000002ebfe7d0539
000002ecb9a95139
000002ecf86e88f9
000002ecfe4f09b9
000002ee34d624b9
000002eeb483d239
000002eec34b3d19
000002eec7390fd9
000002eec9d44a99
000002eed98bdad9
000002ef21dc22d9
000002ef47129ff9
000002efe30a8399
000005e0d8093d61
0000000001ddc871
0000000000000181
000002f0f4663959
000002f122af26b9
000002f167201919
000002f18c1e5fd9
000002f20ed42f99
000002f23ac503b9
000002f2497890b9
000002f252507339
000002f2a273b9d9
000002f2f37dc659
000002f376066f39
000002f404956039
000002f4a94232d9
000002f4b748b579
000002f4d72202b9
000002f4e0d4f179
000002f5137096d9
000002f524bddaf9
000002f58a08cab9
000002f5e0b34639
000002f657572c79
000002f6980f9cf9
000002f70df3edb9
000002f7af6728f9
000002f7b950ce99
000002f7cc367539
000002f7d73c7999
000002f8000c55b9
000002f802e74d19
000002f81185bad9
000002f8216793d9
000002f827341e19
000002f839f13379
000002f841a5ee19
000002f87e81f999
000002f890a35799
000002f8982bc819
000002f8c34807d9
000002f96d500a59
000002f9ae8df2b9
000005f378748561
0000000001ddc871
0000000000000181
000002fa0c921819
000002fa2fb10df9
000002fa3753c579
000002fa88ddd759
000002fab1de7fd9
000002fcc6bb0999
000002fccde03239
000002fce3b7d879
000002fce5ab6319
000002fd0fc8ced9
000002fd458e1c99
000002fd6626a379
000002fd7009d739
000002fdbfcd8499
000002fdf9223019
000002fe9c7bdfd9
000002fe9e903739
000002fecb939af9
000002fedd56b019
000002fff3a648f9
000002fff591aad9
000003001680aaf9
0000030068db47f9
0000030094d769b9
00000300abba6d39
00000300bf3214d9
000003017b5f0219
00000301ad088859
000003021421cab9
000003022b0276b9
000003023fd91639
00000302613e7fd9
0000030293a08e99
00000302969cda99
00000302d1f774f9
00000302db8acdf9
0000030308f0db19
0000060618dfcc61
0000000001ddc871
0000000000000181
000003030fc79239
000003032501e559
0000030335df7679
000003033b7443f9
00000303906ec759
00000303f91f07d9
000003048f012db9
0000030511cda959
00000305891957b9
00000305c4dec939
00000305cde0e3b9
00000305ec87a3f9
0000030799641cd9
00000307db5d6599
00000307e3996d39
00000308468823b9
000003099b8906b9
00000309a4cef759
0000030abcf6bf99
0000030ad8b57db9
0000030b35800199
0000030bc2fd6059
0000030be7431b59
0000030beaceb959
00000618b94b1461
0000000001ddc871
0000000000000181
0000030c8717e539
0000030cbf8ecb99
0000030cf64349b9
0000030d38fe16d9
0000030d541ab079
0000030db9642759
0000030dda1c4dd9
0000030ded4613f9
0000030e47099279
0000030e494663f9
0000030e5ccc6a79
0000030e8bfb22d9
0000030eab0a67d9
0000030ef04f26d9
0000030f11bd1d99
0000030f16a83d79
0000030f24a55db9
0000030f815316f9
00000310ae37bd79
00000310f4597c19
00000311639ffbf9
0000031165297af9
000003118fbcbb99
00000311b3f8d699
0000031217506599
0000031328f56cf9
0000031337e0ff59
000003133df0d019
00000313a51a08f9
00000313a6384619
0000031406a6b079
00000314c61010b9
0000031511ff13f9
00000315270f5959
000003152fdf4739
000003157f48b1b9
00000315802259d9
0000062b59b65c61
0000000001ddc871
0000000000000181
00000316780250b9
00000316f79c0839
0000031738f86019
000003173c849459
00000317889b0e79
00000318b97b7ad9
00000318bc260979
00000318f1564fd9
000003193c82f6d9
000003193d9f05d9
00000319d47b13b9
00000319ebc56f79
0000031a06c465f9
0000031a97acb439
0000031af2cd0919
0000031afae4b319
0000031aff2fafb9
0000031b3e6e6fb9
0000031b698bb219
0000031bb1f72599
0000031bd70ab479
0000031c6cfff699
0000031d24912939
0000031d73f36d59
0000031d7ffc7559
0000031d91f48419
0000031dc2182ed9
0000031de0d25bb9
0000031e4892c319
0000063dfa21a361
0000000001ddc871
0000000000000181
0000031efd5e9359
0000031f0d4d25f9
0000031f20b28919
0000031f3f0d6ef9
0000031f4cf4b079
0000031f7f182b79
0000031fb00b6759
000003202a0925b9
00000320c905c419
00000320c95124b9
00000320d86c71f9
000003215a6179b9
00000321eb3702b9
0000032211c96159
000003221931c4b9
00000322380c25d9
000003224cc68159
00000322568127b9
000003225b2bbdd9
00000322bff659f9
00000322e2cf29f9
00000323df17ccd9
000003243eeb9c59
00000325003896d9
000003253002cd19
00000325543c43b9
00000325bb2ceab9
000003262f9e86b9
00000326624afe79
00000326c1403b59
000003277081e979
00000328128fb099
000003284ac1c4d9
000006509a8cea61
0000000001ddc871
0000000000000181
00000328a5346279
00000328b9ba69d9
00000328c9bcc959
00000328e253e1f9
00000328fb8a04b9
0000032980967339
0000032a001f5939
0000032a6acf3e59
0000032ac055c019
0000032ac099de19
0000032b58d54099
0000032b7724b499
0000032c007521d9
0000032c0cdd6a99
0000032c12379a39
0000032c94a87c19
0000032cb281b639
0000032cc1dd4af9
0000032d2d2e8739
0000032d53bc9779
0000032d53bcbb99
0000032d70d761b9
0000032dd8ad7259
0000032eb9862e39
0000032ed544cb79
0000032f01289399
0000032ffccf9b99
00000330301b5e79
0000033032636f19
0000033072c74239
000003308b902179
00000330c530c839
000003312f6a74f9
000003316efe2db9
00000331723fc159
000003318c8a1919
000006633af83261
0000000001ddc871
0000000000000181
00000331d180a6f9
000003321419e839
000003322038c019
000003322e707359
000003324701edb9
00000332fb470959
00000333306795d9
0000033374747c19
00000333f169a359
0000033434d4fc79
00000334381faeb9
000003343b723ab9
00000334752bf039
0000033497856c19
00000334b623ca59
00000335085ad2b9
00000335858a0a19
00000335ebbb91b9
0000033654c777d9
000003369599dfd9
00000336fc6667b9
000003370a2f5739
0000033784832a39
000003379a97aff9
000003379a97bdf9
00000337c2be80f9
000003381a76d119
000003384ac5c6f9
0000033855fbd259
00000338874989d9
00000338f654b7d9
00000339258ba879
0000033931d8e139
000003397953d939
00000339caa8d779
0000033a0de42c99
0000033a0fb520d9
0000033a8499c519
0000033ac6674439
00000675db637961
0000000001ddc871
0000000000000181
0000033b43395959
0000033ba16ba919
0000033bc76df979
0000033bd1b266b9
0000033bd842bff9
0000033c0ffe6099
0000033cdc8c86f9
0000033d51327279
0000033d58135d39
0000033d767e7639
0000033d870cd2d9
0000033d870ce739
0000033d983239d9
0000033d9db25179
0000033d9db29b79
0000033db33641d9
0000033dd22d0019
0000033deb442b99
0000033deb7c6439
0000033df7ebc919
0000033e961950d9
0000033e98238b19
0000033e9cba9239
0000033f07b75479
0000033f20416a19
0000033f39985539
0000033f4ee9cf39
0000033fc117c859
0000033ff50df339
00000340f2ed9599
00000341217cca59
00000341697938f9
000003419f8a6df9
00000341a7bd1ad9
00000341e39122d9
000003420e6e11b9
0000034256814779
000003432410bd19
000003432f2b4e59
0000034405087619
00000344156ac259
000006887bcec061
0000000001ddc871
0000000000000181
00000344425292b9
000003447dc99119
000003448babb059
00000344a3ba05d9
00000344ccfaf619
00000344e746e119
00000344ef861439
000003450cc89479
0000034510de8959
0000034551ba1c39
0000034611aee1b9
000003461dbaff99
0000034620988839
0000034622564ad9
00000346468eebf9
0000034674b11ad9
00000346a04f5ab9
0000034727b326f9
00000347e2cccf99
00000347e358d759
00000347fbe44fd9
0000034842a41c19
0000034861399699
00000348c651f579
000003491e8d7419
00000349a27428f9
0000034a4a92ab39
0000034a90d29f79
0000034ada43fc79
0000034b1a6cd279
0000034b360dd959
0000034b77f2c339
0000034b816ba499
0000034b918756b9
0000034b98129cf9
0000034bf5630879
0000034c01b69139
0000034c28673799
0000034c554188d9
0000034cca872af9
0000034ceffa4379
0000034d48443e19
0000034d6a9d07d9
0000034d7d3227b9
0000069b1c3a0761
0000000001ddc871
0000000000000181
0000034da0385199
0000034df416f9b9
0000034e07b85e39
0000034e326dd259
0000034e4376a4d9
0000034e7b3e1819
0000034e836fc859
0000034e8f1ecf39
0000034e9e0ca5d9
0000034eb5dddbb9
0000034ece0bcab9
0000034efddd70d9
0000034f0b297279
000003503d006e59
000003509feca3b9
00000350f8e6a499
000003512bdaf9d9
0000035194842d39
00000351b9a20c79
00000351bfe4cdf9
000003522c536bf9
000003522d63d219
00000352a8017f79
00000352c07253d9
00000352c7a40f39
000003533beb73b9
00000353a3e3f3b9
00000353a3e40c99
00000353be023e79
00000353c9593599
00000353e54830f9
0000035405dbd799
0000035433ad1259
000003543a84e399
00000354bc685d99
00000355b8d1ad19
0000035694ccb699
000006adbca54e61
0000000001ddc871
0000000000000181
000003574c655ad9
0000035768405cf9
00000357994f2c39
00000357d8514619
00000357e3245b79
00000357eddcadd9
000003582b40c9f9
00000358631c4a39
0000035877e98979
000003598b1f36b9
00000359d0fc3eb9
0000035a1a56a199
0000035a1bb25d79
0000035a3941c999
0000035a8dd4a319
0000035b1d9e1d99
0000035b28940e59
0000035b3a461739
0000035bc0983a59
0000035beeb145f9
0000035cc0ab7159
0000035cc0c15a39
0000035cee5fdc99
0000035dae2e42f9
0000035e1230d479
0000035e322ca459
0000035e3f13d099
0000035e4275c2d9
0000035e4d534d19
0000035e6f4b3b99
0000035ea7d98d79
0000035eed5b5ab9
0000035f2d6b8939
0000035f3b8fc659
0000035f476e9bb9
0000035f95f70159
000003600c5cfe19
000006c05d109561
0000000001ddc871
0000000000000181
0000036063061919
0000036071ff04f9
00000360972229f9
000003614c97b239
00000361731e0839
00000361f5b69239
0000036200f968f9
000003624f2a6059
0000036269c645b9
0000036273eb45b9
000003628f9285f9
00000362c4253c39
00000362ec905719
0000036375e04779
0000036382085ef9
00000363fa6b2979
000003645687e599
0000036466d48e99
000003647f5a8db9
00000364a50fc6f9
00000364d32920f9
000003651592a2b9
000003654d313479
00000365bb20ad39
00000365c329c1d9
00000365ffb3c259
0000036681069b99
000003669391bff9
00000366980039f9
00000366985f0059
0000036738c7e039
0000036759afc199
000003676c0c39b9
000003676e6e4859
00000367b6c17079
000003681b038719
000003687a702439
00000368cc56bcb9
00000368e7f12999
00000368e8ccb7f9
000006d2fd7bdc61
0000000001ddc871
0000000000000181
00000369e7014a19
0000036ad9d325b9
0000036aecfa33b9
0000036afbff22d9
0000036b652ed819
0000036bf19d2d59
0000036bfe0561f9
0000036c791e9fb9
0000036c9445aab9
0000036ca119c1d9
0000036ce05b46d9
0000036dc9cfe3b9
0000036dd00cd9f9
0000036dfc09c479
0000036e038664f9
0000036e322a4cf9
0000036ea30b7ad9
0000036eeacd17b9
0000036f40e47a39
0000036f414b4cb9
0000036f66670a99
0000036f7dd1f2f9
0000036f9bec1ab9
0000036fca56d0d9
0000036fcb7f2d79
0000036fcf4186b9
000003704e106859
00000370a5dc7c79
000003719dbbde99
00000371f3e9d6f9
000003722f48f9f9
000003729854fbd9
000006e59de72361
0000000001ddc871
0000000000000181
00000372ed0a8a39
000003735e3b1479
0000037376cfff19
00000373bcfb8bf9
00000373dc11f279
000003742eba2499
000003744030f2b9
0000037532799739
0000037570cb6639
00000375c9bcbf99
0000037675c63039
000003775b79f939
00000377687b0219
000003779af01bf9
00000377d1c24a39
00000377e2afbe99
00000378769f0ab9
00000378a3f48999
00000378d5310339
0000037903ca9a59
00000379598765d9
0000037959877679
00000379c38f16d9
0000037a60468179
0000037a7dd30679
0000037a7dd31c79
0000037a8a786d39
0000037b8f8dfdf9
0000037bb47b82f9
0000037bb67e37b9
0000037bba58eab9
0000037c0583c1d9
0000037c0997ec19
0000037c0fccdc19
000006f83e526a61
0000000001ddc871
0000000000000181
0000037c4abfeff9
0000037c662e4699
0000037c80784a99
0000037d19e9c059
0000037d39b63859
0000037d6c640619
0000037d7725da99
0000037e00375899
0000037e2d3e5879
0000037e4570ca99
0000037e72ce4f79
0000037f5623f4b9
0000037f79233ed9
0000037f98702d19
0000037ffb771bb9
000003800bef8119
000003802878f519
000003803d186319
00000380473acef9
00000380a60a8399
00000380c7b809d9
0000038119a564b9
000003812b8f9c39
000003813197ca19
00000381754fd819
000003819e1a2dd9
00000381d03d0a99
00000381e3cbf0f9
0000038218928279
000003821f5e16b9
000003823273b9d9
000003824c160799
00000382be6012b9
0000038320fa1d39
0000038332cdd039
000003833319adb9
000003838b6d1a99
00000383c0bb7179
00000383cb3061b9
000003841a8f4e19
00000384307bee79
0000038450ced339
00000384fbabfd39
0000070adebdb161
0000000001ddc871
0000000000000181
00000385b189ffd9
00000385c48a9b99
00000385f0072719
0000038674978019
00000386c5cac1f9
00000386d47c2a79
00000386eef00bd9
00000387239de0b9
0000038727823b79
000003873b8d4599
000003873e642e79
0000038778518ab9
0000038786d1b5b9
00000387ecff9a99
000003885236c399
000003889aabe259
00000388e2229519
00000389190fb139
0000038977562eb9
000003899703ba39
00000389c3d5a299
0000038ac678a6f9
0000038ad10cdbd9
0000038adbefe579
0000038b1051f139
0000038c4cb15659
0000038c7c73a799
0000038c92c6cdb9
0000038ca43de899
0000038d7e254bd9
0000038db33f5cd9
0000038e1cdcbcd9
0000038e47d89b39
0000038e8e9eafd9
0000038e9c3ee619
0000071d7f28f761
0000000001ddc871
0000000000000181
0000038edd81e9d9
0000038ef59b32f9
0000038f4fd121b9
0000038fd5f84ff9
0000038fdca7e899
0000039112f195b9
000003916d41f139
00000391993978f9
00000391b4f66459
000003922885b979
00000392bdea7839
00000392c2360fd9
00000392f745bf99
00000392fc3b7779
0000039335605d99
000003933a17e4d9
0000039342edf439
0000039371c44df9
00000393f54be459
00000393f75b0779
000003943bfd2af9
000003943c7a8379
00000394a5d35c99
00000394fa7d9239
000003956d500179
0000039582cbcd99
00000395d90d7939
00000395fbccca99
000003963b09b379
00000396691dd4b9
000003968c9a64b9
00000396a87fb0d9
00000396fb7b8639
0000039752719bd9
000007301f943e61
0000000001ddc871
0000000000000181
0000039820cbb799
000003982f572ef9
000003983ee0c619
0000039854d6c239
0000039868c2feb9
0000039895b8f2f9
000003989f308e39
00000398a36c5939
00000398debe0239
00000398fa3eff39
000003998a1ff4d9
00000399afba3019
00000399f1987a19
0000039aa2a964d9
0000039aeba4b5b9
0000039b2b231179
0000039c09ed88b9
0000039c3ed95a19
0000039c8d416839
0000039ce83e6839
0000039cec22c019
0000039ed4869df9
0000039ed60f1839
0000039ee8e9c3d9
0000039f26142599
0000039fdce9a9b9
0000039fe3712819
0000039ff6d10999
000003a06107e2b9
000003a065f861b9
000003a09f1b6499
000003a0c077afb9
000003a0d5e0f479
000003a0d9dc93f9
000003a0f4bf7099
00000742bfff8461
0000000001ddc871
0000000000000181
000003a1b9a8d7d9
000003a29fb50d19
000003a2dd014459
000003a2f5551019
000003a31c3e3019
000003a3cb278a19
000003a3dae4a399
000003a4aee4e2b9
000003a4c6222159
000003a4e19f3379
000003a4e39a4799
000003a4e5a06999
000003a4f05ae4d9
000003a4f6946419
000003a5152dbe59
000003a518617f19
000003a52d185039
000003a573e837f9
000003a5766f8e39
000003a5d5450279
000003a6aff8bff9
000003a766c92539
000003a766c935f9
000003a7751277d9
000003a7b72d16f9
000003a7b72d2519
000003a7db5247d9
000003a7ddf820b9
000003a818aae299
000003a83996cbb9
000003a84bcef659
000003a8c7210cf9
000003a8e20deb99
000003a9325a61f9
000003a9f2ff1d99
000003aa18e40c39
000003aa3d56e5f9
00000755606acb61
0000000001ddc871
0000000000000181
000003ab3637cc79
000003ab6a20f259
000003ab71d642b9
000003abce5956f9
000003abefd99579
000003ac0e465af9
000003ac11279319
000003ac25b729d9
000003ac5a9b2999
000003ac721b2fb9
000003ac9d7065d9
000003ad2c9adf19
000003ad35453a39
000003ad70e71679
000003ad7885d099
000003ad98a516d9
000003ae1c4bc3f9
000003aeb2564619
000003aee3511359
000003af1f4bd019
000003af309aa7f9
000003af7fb37319
000003b052382bd9
000003b0a1d62fb9
000003b0ae0868b9
000003b11c589479
000003b158b15279
000003b1e424fe39
000003b1e53bc039
000003b25ff732f9
000003b2a84e0239
000003b2d79c1f59
000003b2eca8a919
000003b338dc3fd9
000003b348b04f39
000003b35ec7e3f9
000003b3865e0e19
0000076800d61161
0000000001ddc871
0000000000000181
000003b51a0cdd79
000003b533960419
000003b582f536d9
000003b5902a9f99
000003b6070d4239
000003b64352c0d9
000003b6939c43f9
000003b6bb9ca4d9
000003b6e432f979
000003b72864d819
000003b73478d779
000003b7374facf9
000003b7db863ef9
000003b7de2a9459
000003b800eb34b9
000003b8129a08f9
000003b8308242b9
000003b871522ed9
000003b8ba112899
000003b8e983ff79
000003b9784dcb19
000003b9bdaa2819
000003b9cdd25499
000003ba252a0bf9
000003ba67ca32b9
000003bad58fc079
000003bb17cc6af9
000003bb4f368339
000003bb8b46aaf9
000003bbcf4f3e59
000003bc12815f59
000003bc24b7b139
000003bc7d305a19
000003bcef6383f9
000003bcfdd8d6b9
0000077aa1415861
0000000001ddc871
0000000000000181
000003bdb2908ab9
000003bed163bdb9
000003bf13c15c99
000003bf17cce439
000003bf770b5f39
000003bfeaf61c99
000003c083a56159
000003c10b7bf559
000003c126dea799
000003c12f10c339
000003c2a83d7b19
000003c2de5fde39
000003c2ee97aa59
000003c2f4ec86b9
000003c452b5bbf9
000003c4593d0ef9
000003c476807b59
000003c49fd405d9
000003c4b8d08379
000003c4c3817539
000003c4f0a98a59
000003c532185bb9
000003c56814fa99
000003c57e8cc3d9
000003c5a78574f9
000003c5e7abef19
000003c61a1cd919
000003c626ca36d9
000003c627fa35f9
0000078d41ac9e61
0000000001ddc871
0000000000000181
000003c6a80e2519
000003c6c3a9a679
000003c6ca6555d9
000003c6da9c1a19
000003c6e1504c19
000003c6f3459b99
000003c706d3bef9
000003c7125431d9
000003c7a5e0efb9
000003c7ddd3d799
000003c80b5d3259
000003c8185e9cf9
000003c826ea7bf9
000003c8d294b379
000003c8e03404b9
000003c9d82155b9
000003c9fc4a29b9
000003ca2e82c719
000003ca47e39339
000003ca4ea45319
000003cb380f04b9
000003cb5f359719
000003cc09280059
000003cc2cad8139
000003cc41153019
000003cca0d05359
000003cd3f963c19
000003cd9afa4cf9
000003cea0cb39d9
000003ceb2bfc0b9
000003cecd0440b9
000003cecfc39859
000003ceda06bbf9
000003cf0efc6e39
000003cf1e2c6499
000003cf42ad2299
000003cfaf65ea79
0000079fe217e461
0000000001ddc871
0000000000000181
000003d0770d6dd9
000003d0795e1e39
000003d0bba31e79
000003d0d256ed19
000003d10158f9f9
000003d10315ddf9
000003d10ec5a3b9
000003d18179ef99
000003d1b1128bd9
000003d20d2cf2b9
000003d20f9b5559
000003d2202aa019
000003d228f3c059
000003d23cbc7479
000003d26ae837f9
000003d28fd15119
000003d2e05bdc19
000003d2eae065b9
000003d31b3f1e19
000003d43276acf9
000003d490ed0a79
000003d4982b5e39
000003d4b8905dd9
000003d4ba1e00d9
000003d4ba803e79
000003d4bd99ccb9
000003d4e26ca3d9
000003d505d51359
000003d59219d1d9
000003d59ad07999
000003d59ad08a59
000003d5ada77fb9
000003d651a8ca39
000003d694243df9
000003d6beceb919
000003d6c3142019
000003d6d09b3399
000003d76ca58e99
000003d7993faf39
000003d7e0711a59
000003d830c22699
000003d8496a0259
000003d88c6577d9
000003d8d61ef3f9
000007b282832a61
0000000001ddc871
0000000000000181
000003d976eb6279
000003d9fb7ed279
000003da455dbf79
000003da60a5ae59
000003da6cb3acb9
000003daf9d53c99
000003db72b9cd19
000003dc290c4319
000003dc36fc7419
000003dc40ec0bb9
000003dc84ad0699
000003dd24daa3d9
000003dd43d12579
000003dd53428c19
000003dd8a1ec879
000003ddcfed16d9
000003dde47ffa59
000003ddfb189919
000003de09d8d459
000003de6bfef019
000003de95832219
000003dea17271b9
000003dec06cd239
000003dec50337d9
000003deffa3e3f9
000003df0c74e139
000003df1750a799
000003df781c7f99
000003e06bcbbc59
000003e0764ca779
000003e07fed16d9
000003e0d46f6d59
000003e0f579d2d9
000003e10e96e9f9
000003e143833b99
000003e17b7b13d9
000003e197e72039
000003e1a1f71d59
000003e1bd942ed9
000003e1d9d1c839
000003e1eeca5439
000003e20c37ecd9
000003e22b31db39
000003e23c4a2839
000003e2468b7b99
000007c522ee7061
0000000001ddc871
0000000000000181
000003e29f8e59d9
000003e2c77f4139
000003e3a0151719
000003e3c84231d9
000003e3f92af939
000003e465633e19
000003e487adbfd9
000003e549047a59
000003e57a24b459
000003e5813003b9
000003e5a168fdb9
000003e5f53fd859
000003e6804da2f9
000003e699df8db9
000003e7558acfb9
000003e7aa819db9
000003e7ae66f799
000003e7b6316779
000003e7bb514c19
000003e7df1200d9
000003e80516c639
000003e80d021519
000003e82f009099
000003e84774a3b9
000003e87ea31959
000003e8d3a8fff9
000003e907438a79
000003e931262a99
000003e96e513dd9
000003ea2534a5f9
000003ea271a1699
000003ea3373a759
000003ea8b9bc5f9
000003eb0c9e7d99
000003eb1e335ad9
000003eb2066e1f9
000003eb4891f999
000007d7c359b661
0000000001ddc871
0000000000000181
000003ebfeea9239
000003ec20432059
000003ec2cd3c8d9
000003ec70d70999
000003ec718091b9
000003ecf5eb1459
000003ecfdac7ab9
000003ed24420c39
000003ed670cfb59
000003edcec55f59
000003ede0b3dfb9
000003ee345b4899
000003ee43b00999
000003ee999689f9
000003ef246a9679
000003ef45150ff9
000003ef79e6dbb9
000003efc80cb659
000003eff475df59
000003f007228ab9
000003f02cf2c939
000003f02cf2df39
000003f04c17d2d9
000003f079750019
000003f086190039
000003f0c9be1a19
000003f0d61f4f39
000003f29341a699
000003f314f91d79
000003f31900d339
000003f33d788399
000003f3777268d9
000003f396b89fd9
000003f3c8af5479
000003f3ffa4e1b9
000003f4011bf1d9
000003f44c11db59
000003f4653377b9
000003f477daa0b9
000003f4afbc8a39
000003f51f65c6d9
000007ea63c4fc61
0000000001ddc871
0000000000000181
000003f535981259
000003f5c5ce5fd9
000003f664bb14b9
000003f692eb9d19
000003f6eb4a1039
000003f710d3ab59
000003f715547d19
000003f7410f4439
000003f784c828b9
000003f89c418019
000003f8dc0a71f9
000003f8e0188f19
000003f92d8182b9
000003f9654d14b9
000003f982a36fb9
000003fa42c029d9
000003fa42c02bb9
000003fa7417a659
000003fa76d2f139
000003fa9e2857b9
000003fae803e8d9
000003fb3386e919
000003fb7d4a2419
000003fb80927399
000003fb9f1ae9d9
000003fb9f1afe59
000003fbd1d25759
000003fbeeb49ef9
000003fc158bee59
000003fc2d2812f9
000003fc3163ef39
000003fce75e1bd9
000003fd460400b9
000003fd4acd7bd9
000003fd79723c59
000007fd04304261
0000000001ddc871
0000000000000181
000003fee24ccb79
000003ff5c006439
000003ffb54e3bd9
000004002c9784b9
0000040098883ef9
00000400d0f56839
00000400d50766b9
00000400e06adf79
0000040169294f19
0000040231aa2c19
000004024adbb5d9
000004028272fb59
00000402ead3f999
00000402ed5a67b9
0000040322d90f19
00000403c0d01519
00000403cff0c7f9
00000403d5b30759
00000405387a5259
0000040549e7d979
00000405c0e502b9
00000405fea55b19
0000040620768799
000004063e2a2079
000004065d163519
00000406f465ecf9
00000407c6cec119
0000080fa49b8861
0000000001ddc871
0000000000000181
00000407d60ea119
00000407e2d5d759
00000408657319b9
000004089ab9c099
000004089e7daf39
00000408b7e23879
00000408bd034bd9
00000408c39b19b9
0000040936634b79
00000409501965b9
0000040ad9894499
0000040b0169a159
0000040b43e4ee39
0000040b781d3159
0000040b8b3f2a59
0000040b96f28059
0000040bad12f019
0000040bb693c7b9
0000040bd46baff9
0000040c70443c19
0000040c900686f9
0000040c94eb9679
0000040caaabe8d9
0000040cd94d08b9
0000040cf2d87c99
0000040d1073ed99
0000040d12d768b9
0000040d28fbff59
0000040d42a5d959
0000040d51ae2a39
0000040e21946899
0000040e7d50ccb9
0000040e9a963079
0000040f2d42b8b9
0000040f40539df9
0000040f43167559
0000040f72870e19
0000040fb17cf679
0000040ff149a819
0000041051140d39
000004105877af39
0000041111b6c199
000008224506ce61
0000000001ddc871
0000000000000181
000004114f7a3fd9
00000411ae595ab9
00000411b5a8f939
00000411cf89ce59
00000411fe60e019
0000041213ad0f19
000004125277cc59
00000412b63c2b19
00000412d7d77ed9
00000412e65b7bd9
000004130fb34719
000004135ad73219
00000413847cbd39
00000413a9377cb9
00000413bcec31f9
00000413df909a99
000004142a980c79
0000041439ceac99
0000041445b4ed99
00000414748ca5f9
00000414c9e665b9
000004153511e059
0000041562b4eb19
000004159a36d399
000004159a36d559
00000415cfbd7d99
0000041646a16399
000004164f1e8eb9
00000416f2d25c99
000004173de3a759
000004179621ccf9
00000418a94f5cf9
00000418ac5dc7b9
00000418c3a34e99
00000418ea134a59
00000418ecd86b99
000004191e7ed159
0000041932456879
00000419cb5b4b99
00000419ee0b02d9
0000041a32864799
00000834e5721361
0000000001ddc871
0000000000000181
0000041add8610b9
0000041aeeda4279
0000041b13627079
0000041b4faa2f19
0000041b544696f9
0000041ba214a6d9
0000041ba214bed9
0000041bdd3741f9
0000041bee93aa79
0000041bf89ca119
0000041c2d7bfff9
0000041c51bc0f19
0000041c6667aaf9
0000041c71f9e859
0000041c9df094b9
0000041d0cea6d99
0000041d296456b9
0000041d5426ed39
0000041d56f70999
0000041d6650eb19
0000041d6c85c559
0000041d756ff1d9
0000041d8e239959
0000041e4e2406b9
0000041e4fa51759
0000041e9ec3d019
0000041eece67c39
0000041f363d8179
0000041f48868c19
0000041f4dbfbaf9
000004201f559579
0000042083f2a979
00000420ae0ce8b9
000004214b0abed9
00000421bc10b599
0000042283fb5359
0000042330751ab9
000004235eefc699
00000423888bcbb9
000004239806d159
0000084785dd5961
0000000001ddc871
0000000000000181
00000424152bf3f9
0000042433e34c79
000004246e523d99
00000424a0343359
00000424d9a2b959
0000042667810cd9
00000426798091d9
000004269327fb79
000004269821e1b9
00000427a0859ab9
00000427af6c4419
00000427df2b9c99
0000042812bfa5d9
000004282d1bbf79
000004287e79f4b9
00000428f454c739
000004290f5f10f9
000004295f3336f9
0000042a2e994479
0000042a70180c99
0000042aa1e9f2f9
0000042b4523b1b9
0000042b5bb7bab9
0000042bbd81ad99
0000042bd5c92ab9
0000042be531ba59
0000042c005d3259
0000042cd3f5a699
0000042cf5da4819
0000085a26489e61
0000000001ddc871
0000000000000181
0000042d32c1a599
0000042d4f201119
0000042d547fb019
0000042d676a0df9
0000042dbb40ea99
0000042dbbc4c459
0000042de87d6a79
0000042ea34f23d9
0000042edf9c5e39
0000042f07586d39
0000042fb9bfab19
0000042fc0f7da19
00000430079089d9
000004303d8e8539
00000430417b6cb9
0000043042c8f179
000004304b37c539
00000430928e94d9
00000430b431d419
00000430d8119f39
000004313c475279
000004313c4760f9
000004315b433ef9
000004321c5949d9
000004329f537619
00000432c413f419
00000432c8bca879
00000432e26f6cb9
0000043341df0ff9
00000433d632a819
00000434232cbe59
00000434b7bf55d9
00000434c47e4df9
0000043549388b99
000004356a4ee019
0000043580fcdcb9
00000435b1578299
000004362d59e5b9
0000086cc6b3e461
0000000001ddc871
0000000000000181
0000043699b2f439
00000436a4187c79
00000436e7c0af99
00000437044ce6f9
0000043763e9ca39
000004377ec9cdf9
00000437a33a5e19
000004384ecbfcb9
000004387b31ea59
00000439a6046639
0000043a1e926699
0000043a32d01859
0000043abfcba259
0000043b2f5cbff9
0000043b4bd42979
0000043b4f91df19
0000043b6f0fa119
0000043b81a9a9d9
0000043bab382759
0000043bf7300c59
0000043c09fbbdb9
0000043c1a37aa39
0000043c5328e439
0000043c72428519
0000043c778dd959
0000043c81ee97d9
0000043cf5e78859
0000043d0f24a619
0000043d439d9c59
0000043df0978559
0000043e07201ed9
0000043e090fc4f9
0000043f013265b9
0000087f671f2961
0000000001ddc871
0000000000000181
0000043fbc222379
0000043fd99296b9
000004402a11caf9
00000440a4e78c19
00000440acca0dd9
00000440ca7b1e59
00000440d7cdef19
0000044118ee7c59
000004416e484f39
00000441751bbd19
0000044175ed6a79
0000044175f9bbb9
00000441a814f0b9
00000441f841ce39
0000044217caee59
000004421ba586b9
0000044239744559
0000044258ba7f99
000004425e8f2819
00000442ae1bf859
0000044347449c59
00000443a4e2d4b9
00000443b92ffa19
0000044425ce9b99
0000044494d53019
000004449cb5cd59
00000444ba9b4339
00000445a65462b9
00000446197483b9
000004464878b719
0000044660bd4e59
00000446afaacd59
00000446c22cae79
00000446d20849b9
0000044718a48759
000004472e8a2c99
0000044771019eb9
000004478b4f50b9
00000447c03e2039
00000447c3916f79
0000044809592eb9
0000044842150a99
00000448608605f9
000004486b172ed9
00000448957b4039
00000448988aa719
00000448a650c019
00000448f7a71ff9
00000448f971b539
00000892078a6f61
0000000001ddc871
0000000000000181
00000449287954f9
0000044985685959
00000449c743c559
0000044a402e2f79
0000044ab4cd0039
0000044b029fa539
0000044ba1b88799
0000044bb6097bf9
0000044bb8cdea99
0000044c5e0e35f9
0000044c99fb94d9
0000044cadcd83b9
0000044d096eb159
0000044da6fafed9
0000044dcd5e87b9
0000044dd7e05019
0000044e5623fbb9
0000044eb6d949d9
0000044f1fa38af9
0000044f238ecb79
0000044f42a53a59
0000044ff8b79d79
000004500cc0f499
00000450166da9d9
000004510571a359
000004519cea7ad9
00000451e7bdc619
00000451ed1ab499
0000045213ad9a79
0000045238eb6e59
000008a4a7f5b461
0000000001ddc871
0000000000000181
0000045253675b59
00000452f3567219
000004531cdca0f9
0000045323ca0a59
00000453352e3279
0000045348aeeff9
000004534ae273b9
000004536fb30519
0000045424cffed9
0000045458913879
000004551b13c199
000004556b9d8779
00000455dc4fae99
00000455dd19e0d9
00000455dea1d179
00000455e3175099
000004563c160f79
000004565426bd59
000004567b2642f9
00000456cf508459
00000456f3b4e9b9
00000457e5aa68b9
00000459206bcaf9
000004596dcdab59
000004596fb54259
00000459fbbc0139
0000045a67b372b9
0000045aa92f1639
0000045af4008a99
0000045b13158019
0000045b136754f9
0000045b3819c459
0000045b5bd9f9f9
0000045b71c45d59
0000045b73dec099
0000045ba1915859
000008b74860f961
0000000001ddc871
0000000000000181
0000045c0a5f1a59
0000045c9c55b759
0000045d12ec0559
0000045d2a4ce099
0000045d4ee55b19
0000045d69e0aff9
0000045d6ef43ab9
0000045da2ca2959
0000045e02ad9d19
0000045e2cd359d9
000008bd15123e61
0000000001ddc871
0000000000000181
