[MCS8 A] 97 FW 3.104 SV 1.257 
range=1024
periods=2
sweepmode=27e20d0
fstchan=0
holdafter=0
streamstatus=3
calreg0=0
calreg1=0
calreg2=0
calreg3=0
swpreset=8000        
prena=1
syncout=0
cycles=18
sequences=1
tagbits=16
vdac0=92c
vdac1=807
vdac2=8c8
vdac3=8c8
vdac4=8c8
vdac5=8c8
vdac6=8c8
vdac7=8c8
timepreset=150.000     
digio=0
digval=0
autoinc=0 
savedata=2 
mpafmt=asc
sephead=0 
fmt=asc
smoothpts=5 
[CHN1]
REPORT-FILE from 06/24/2026 13:10:25.478  written 06/24/2026 13:10:25
cmline0=06/24/2026 13:10:25.478 
cmline1=A1
range=1024
active=1
bitshift=4
cftfak=2580100
evpreset=10          
roimin=0
roimax=1000
caloff=0.800000
calfact=12.800000
calfact2=0
calfact3=0
calunit=nsec
caluse=1 
[CHN2]
REPORT-FILE from  written 06/24/2026 13:10:25
cmline1=A2
range=1024
active=0
bitshift=4
cftfak=2580100
evpreset=10          
roimin=0
roimax=1000
caloff=0.800000
calfact=12.800000
calfact2=0
calfact3=0
calunit=nsec
caluse=1 
[CHN3]
REPORT-FILE from  written 06/24/2026 13:10:25
cmline1=A3
range=1024
active=0
bitshift=4
cftfak=2580100
evpreset=10          
roimin=0
roimax=1000
caloff=0.800000
calfact=12.800000
calfact2=0
calfact3=0
calunit=nsec
caluse=1 
[CHN4]
REPORT-FILE from  written 06/24/2026 13:10:25
cmline1=A4
range=1024
active=0
bitshift=4
cftfak=2580100
evpreset=10          
roimin=0
roimax=1000
caloff=0.800000
calfact=12.800000
calfact2=0
calfact3=0
calunit=nsec
caluse=1 
[CHN5]
REPORT-FILE from  written 06/24/2026 13:10:25
cmline1=A5
range=1024
active=0
bitshift=4
cftfak=2580100
evpreset=10          
roimin=0
roimax=1000
caloff=0.800000
calfact=12.800000
calfact2=0
calfact3=0
calunit=nsec
caluse=1 
[CHN6]
REPORT-FILE from  written 06/24/2026 13:10:25
cmline1=A6
range=1024
active=0
bitshift=4
cftfak=2580100
evpreset=10          
roimin=0
roimax=1000
caloff=0.800000
calfact=12.800000
calfact2=0
calfact3=0
calunit=nsec
caluse=1 
[CHN7]
REPORT-FILE from  written 06/24/2026 13:10:25
cmline1=A7
range=1024
active=0
bitshift=4
cftfak=2580100
evpreset=0           
roimin=0
roimax=1000
caloff=0.800000
calfact=12.800000
calfact2=0
calfact3=0
calunit=nsec
caluse=1 
[CHN8]
REPORT-FILE from  written 06/24/2026 13:10:25
cmline1=A8
range=1024
active=0
bitshift=4
cftfak=2580100
evpreset=0           
roimin=0
roimax=1000
caloff=0.800000
calfact=12.800000
calfact2=0
calfact3=0
calunit=nsec
caluse=1 
;MCS8 #97 Sversion=1.257 Fversion=3.68
time_patch=1
;datalength=8 bytes
;bit0..3: channel# 1..8 ( 4 bit)
;bit4: edge 0=up / 1=dn ( 1 bit)
;bit5 ..57: timedata    (53 bit), max sweep length 2001.6 h
;bit58..62: tag0..tag4  ( 5 bit)
;bit63:     data_lost   ( 1 bit)
[DATA]
0000000000000016
0000000044ac7359
00000000e55910b9
000000010eecfa19
000000016c87e679
000000016ea1bd99
00000001a859abf9
00000001b7d4cfd9
00000001d0321879
00000001f77497d9
0000000266f2ecb9
000000029e6e9f19
00000002c557ce99
0000000317e27d79
0000000344618f39
00000003a1a85bd9
00000003c1378db9
000000057aec32f9
000000058b693cf9
00000005a3210799
00000005b3ea8ad9
00000005b3ea9a99
000000066020e5b9
000000066e1cddb9
00000007183c52d9
000000074a4a0619
0000000772d018b9
0000000776b8acf9
000000079bf019b9
00000008125875b9
000000088cc56ab9
000000095ee4fcd9
00000009f13a0939
0000000a25cdd2d9
0000000b4ee895d9
0000000b85b29ab9
0000000bf756ef59
0000000c172e7439
0000000c37489eb9
0000000c3748b459
0000000c45e1fc99
0000000c7a8b2519
0000000c9d52a639
0000000cf9c4ad59
0000000d0d8ec479
0000000d124b6459
0000000db687ec99
0000000dff1a5a39
0000000e088f05f9
0000000e312a9f99
0000000eb3289239
0000000ec7d71c99
0000000f1e09abf9
0000000f898bc839
0000000fb48e0f19
0000001040e10939
000000105c797ad9
0000002157aefb61
0000000002e87f71
0000000000000181
00000010b4836699
00000010b9164b59
00000010cc74ca39
000000117e44db39
00000011eeb7d299
000000129d9b9ed9
00000012d666eab9
00000012da3883f9
00000012e6185639
00000012f223cc59
00000013214acb79
0000001439591c99
00000014411ba5b9
00000015668080b9
00000015eb8cdef9
00000016427d5179
0000001659ae7f79
0000001672c15e59
00000016a29ca519
00000016b0a4d019
00000016fa8427f9
000000172e376139
00000017786b40b9
000000177870b779
00000017c3c628d9
00000017d10d6139
0000001814b88d99
000000186855f739
00000019bbd2c2d9
00000033f8199361
0000000002e87f71
0000000000000181
00000019fc926879
0000001ab2a2b439
0000001ad4df3f99
0000001aeedfedb9
0000001c6ed32cf9
0000001cb921b3f9
0000001d98e60919
0000001e2a6612d9
0000001e6f682799
0000001f242e7659
0000001f2f79d559
0000001fbb292979
0000001fc6c3a379
0000001fda3892f9
00000020904f0579
000000215347a5b9
0000002164867479
000000218e6a35d9
00000021c8397f59
00000021cc06f559
000000222272acf9
000000222542a8f9
0000002270dd16f9
00000022f0f9caf9
0000004698842b61
0000000002e87f71
0000000000000181
00000024d415b539
00000024e02c2079
00000024f9e3d6d9
00000026019165f9
000000261f632d79
0000002663bc9cb9
00000026d40a27d9
00000027ae358219
00000027b92ba619
00000028902e8ef9
0000002a19c0a639
0000002bacb18339
0000002bb5306d79
0000002bcb5cfa79
0000002c1f41e139
0000005938eec461
0000000002e87f71
0000000000000181
0000002caa722a99
0000002cb7362699
0000002cb760aa39
0000002ce86423f9
0000002cf7ee6399
0000002d094359d9
0000002d3ecf2159
0000002da0bdb0b9
0000002e3c00c179
0000002e4d3f0799
0000002f0222d379
0000002fb49e20f9
0000002fbf8f8bd9
000000302f6f48b9
00000030415435b9
0000003097171679
00000031372937b9
000000319a66d7d9
00000031af9d3c39
00000031e1db59b9
00000032007018d9
00000032475762f9
000000324d1acd79
00000032802ae099
00000032af39da19
000000333a956a99
00000033411740b9
0000003341175319
0000003358956d19
000000336903b1d9
000000354a5cef39
00000035e85803b9
0000006bd9595c61
0000000002e87f71
0000000000000181
00000036137d75d9
000000362f74ebf9
0000003666c5b919
000000366ff6b779
000000367c19fe19
000000375fbab5f9
00000037c1ae32f9
0000003824fcd1d9
00000038350fabf9
0000003840196259
0000003865cb9a19
000000392c3845b9
00000039ee6015b9
00000039fe4cabb9
0000003a01b296f9
0000003a40f2f4f9
0000003a41e5d519
0000003a585b3bf9
0000003a66db8b59
0000003b1e4900d9
0000003b6f3b3a19
0000003c4823ab59
0000003c889149d9
0000003cce313d19
0000003dafac0879
0000003db3a352b9
0000003dec92deb9
0000003e46292399
0000003ed2ebf979
0000003ed625ecb9
0000007e79c3f461
0000000002e87f71
0000000000000181
0000003f92ba14b9
0000004004b92fd9
00000040226ad179
0000004030e3a9b9
00000040351ffe39
00000040aff657b9
00000040e5e64279
00000040ff58d379
000000412311e599
000000414a95f7d9
000000418fa89a99
00000041fedcf439
00000042aca8c339
00000043019eecd9
000000430b0dd5b9
0000004366822cd9
00000043a1662c59
000000441a9183f9
000000452508e659
000000459a4dfbf9
00000045d6d95999
000000462965def9
000000462d3b07f9
0000004647bfddd9
0000004675b30539
000000468285e159
00000046ec368db9
000000470b070059
000000471a20b019
00000047a5081e59
00000047e8626059
00000047fd8e8659
00000048311e1039
000000911a2e8d61
0000000002e87f71
0000000000000181
000000489076a5d9
0000004892527139
00000048ab19d7b9
00000048f7fa1e99
00000049054f63b9
000000494e042d39
000000496d6f15f9
00000049c2fab499
0000004ac4a45f39
0000004b82b61c39
0000004be10c5ed9
0000004ca9749b39
0000004cede72319
0000004d0b1a6539
0000004d2ad9b179
0000004d74425e99
0000004e3d48aa39
0000004e4a2ea719
0000004eb6a3b539
0000004ec2d616f9
0000004fcd4a3059
000000501fd54139
00000050635a8c59
000000506dce7eb9
00000050fb5f0959
00000051a9e4ab59
000000a3ba992561
0000000002e87f71
0000000000000181
00000052114dc279
000000522e012579
0000005233316a99
00000052714fe499
00000052a0422959
00000052e8e42c39
00000053101a35f9
0000005315d83b99
000000532b758859
0000005332421379
00000053810f0939
00000053dec6da79
0000005424efedd9
000000545b38c319
000000550c428b79
000000556f7de199
00000055c8457bf9
000000562940a919
000000565acc3159
0000005692cc2c59
0000005750858bb9
0000005753dcf379
00000057f4d9ed59
00000058380dea39
0000005867d71259
00000058734781d9
00000058bb6639f9
00000058ca139bd9
000000591fc06359
0000005988a9cf39
0000005a124ac839
0000005a50738799
0000005a5cf888f9
0000005a84247f59
0000005aa810a619
0000005aae222dd9
000000b65b03bd61
0000000002e87f71
0000000000000181
0000005b839f98f9
0000005ba36bf8b9
0000005be1ba6399
0000005bfc7a94d9
0000005c051501d9
0000005c0def70f9
0000005d11bbee19
0000005d4a030799
0000005d56892b39
0000005dd58697b9
0000005de0ed0839
0000005e3169c279
0000005e62b48119
0000005e773b43f9
0000005e79e42c59
0000005f21a9f8b9
0000005fbdc1e7b9
0000005fd19abbb9
0000006065218399
000000612086bdb9
000000614d2d9c19
000000616a784999
0000006173e66eb9
00000061e5b077f9
00000062209c82b9
0000006251e98d19
000000631393ee59
0000006335c45bb9
00000063f4332039
0000006445f75999
000000646379d919
000000c8fb6e5661
0000000002e87f71
0000000000000181
000000659dc64d59
00000065b403fd19
00000066196e4659
000000669f87d899
00000068149498b9
0000006826728599
000000692ded09b9
0000006957bf0159
000000695a5a97d9
0000006960c1e5d9
0000006a2db23cd9
0000006a486949f9
0000006a64b6e299
0000006a69bd5a79
0000006adb785fd9
0000006b0e5c4a19
0000006b1a07bd79
0000006b1d311ff9
0000006b46ff7619
0000006bd1461119
0000006cf948d359
0000006d2b707139
0000006d48d635f9
0000006d4e59f5f9
0000006d73cd2699
000000db9bd8ee61
0000000002e87f71
0000000000000181
0000006e13def6f9
0000006e376184d9
0000006f32a49d99
0000006f3ed4af99
0000006f4d12ea99
0000006f69356339
0000006f77870c99
0000006f81382e99
0000006fb2775479
0000006fe1af63b9
000000702b3cf459
000000704eeca799
00000070cc127b59
00000071494d8839
0000007188bde559
00000071a4bd6b19
00000071b9a092b9
00000071cdb51a99
00000071e33bbfd9
00000071fa11b519
000000725e470059
0000007364304019
0000007373904b39
00000073baa84e59
00000073ccd401b9
000000742bbaa519
00000074dd5a2a79
00000075592f2a59
000000758cae2719
00000075bff83f39
00000075ea681a79
00000076e3604039
000000ee3c438761
0000000002e87f71
0000000000000181
000000774af387f9
0000007810535819
000000783f77c499
00000078b4c89db9
000000792d378f39
0000007a18972c39
0000007a29e608d9
0000007a6afef5b9
0000007a9975a659
0000007aa137ae39
0000007ac9bdf059
0000007ae2ee1959
0000007ae9c63c19
0000007af4f18b19
0000007b0c8b8679
0000007b4b9399d9
0000007c96006639
0000007ce87b97d9
0000007cea2858b9
0000007d359e4bb9
0000007d64bba9d9
0000007ddb853c99
0000007e28cd8ff9
0000007e4bbbc259
0000007e879e98d9
0000007ed50fc279
0000007f745acc99
0000007fa4c52419
0000007fc3105639
0000007fc95a2799
00000100dcae1f61
0000000002e87f71
0000000000000181
0000008173ce8a79
00000081a8b74059
00000081ab477119
00000081be03fbb9
000000824e899f79
000000825d352439
000000825f66cf79
00000082e328a359
0000008314fc8659
000000831574a299
00000083c3127419
000000858c661079
00000085a7fabfd9
00000085d2ad2419
00000086772e7839
00000086830bddd9
00000087b2475679
00000087d2921e59
0000008849347579
00000088ac5bf939
000001137d18b861
0000000002e87f71
0000000000000181
00000089bd3612b9
00000089c5ccf2f9
00000089d5267b79
00000089dcba7c39
00000089dcf1c119
0000008afa17c4f9
0000008b10ed45f9
0000008b1c043f99
0000008bbe6215f9
0000008c1bcf9cd9
0000008d4e2c2119
0000008d56dfc139
0000008d5f601799
0000008da7776b79
0000008dab17bb19
0000008dbb11f619
0000008de2ba1d59
0000008df2808799
0000008df56f64b9
0000008e20f96319
0000008e953d7219
0000008ec2f5d9b9
0000008ecc879d39
0000008f72bf5099
0000008ffcd23859
000000902ee349b9
00000090315db099
00000090c4b2f8f9
00000090eb804239
00000091735b3b59
0000009177d19b99
0000009236927839
0000009236f6a019
00000092b6e626b9
000001261d835061
0000000002e87f71
0000000000000181
00000093d009b439
0000009484822039
00000094ae1c9d39
00000094e8d46fb9
000000954026c639
000000961642ef19
00000096968f7fb9
000000976a03d8d9
0000009835110339
0000009842c4b5b9
000000989dd9fa59
000000991524a779
000000992decf679
0000009a12523579
0000009a56808d59
0000009a9cd69e99
0000009aa86f8cf9
0000009b897d6219
0000009b8cc796b9
0000009bde056bb9
0000009c436e49d9
00000138bdede961
0000000002e87f71
0000000000000181
0000009cbb27bdf9
0000009d97ffc299
0000009df4003379
0000009e2a565e79
0000009f34aefc79
0000009fa19a2a79
0000009fdb1be8b9
0000009ff3aca959
000000a0588e2f79
000000a0c0f13f79
000000a0f3495859
000000a114406a59
000000a11af7af19
000000a1fcc03359
000000a22803b519
000000a229b3e059
000000a22bdb5499
000000a277c73ff9
000000a2e1fda6d9
000000a2e9569bd9
000000a30e3d48b9
000000a32f16b859
000000a47fd5c0f9
000000a485425659
000000a501a366d9
000000a51e0d6159
0000014b5e588161
0000000002e87f71
0000000000000181
000000a5c4d51099
000000a60d79b799
000000a749df6599
000000a7a1902d79
000000a84ac64ab9
000000a85393c439
000000aa5b151f79
000000aa6014f2b9
000000aa78f4c439
000000aae8a475f9
000000ab1d6f2e59
000000ab26394e19
000000ab4aa88eb9
000000ab58ba1039
000000abb2151c59
000000abb69b2c39
000000ac327bd639
000000ac580d0139
000000ac82285ef9
000000ad8147f1d9
000000adb14dc4f9
000000adbdf5c099
000000ae76b4f3b9
000000ae82ff6f39
0000015dfec31a61
0000000002e87f71
0000000000000181
000000af2df7f079
000000af30812a39
000000af6f00f759
000000b04973c259
000000b0c6292479
000000b184399579
000000b18455c8d9
000000b18695a279
000000b1dd681639
000000b27694b379
000000b2d3b0a119
000000b3fe99aa79
000000b4196e48b9
000000b48f438199
000000b497df58f9
000000b49bc2f9d9
000000b4f2235159
000000b5345cabd9
000000b5895dae99
000000b5ff262159
000000b77405ee79
000000b7a2ff0ed9
000000b80d8ff839
000000b814f5a8b9
000000b83918f399
000000b8485850f9
000001709f2db361
0000000002e87f71
0000000000000181
000000b87b377e59
000000b93646f7d9
000000b98a2ba979
000000b9bccaee39
000000b9bccafe59
000000ba02947799
000000baa8e25299
000000baf5fdfe39
000000baf9e8c339
000000bafaf46db9
000000bb349e6099
000000bb4bd399b9
000000bb6c9b14d9
000000bb6cfd5c19
000000bb9315da99
000000bbaa376a39
000000bbf0a2a2f9
000000bcca414f79
000000bccbca5139
000000bd4a337d79
000000bd6253ec19
000000bd82404119
000000bdb238c699
000000bdc5c78e79
000000bdd90a1379
000000be85a1a739
000000bf57f010d9
000000bfef871f19
000000bff857f919
000000c02b4274b9
000000c032b0eb79
000000c06990b759
000000c08709b419
000000c0b3f0aef9
000000c0efa3cdb9
000001833f984b61
0000000002e87f71
0000000000000181
000000c219379c39
000000c28bcb7b59
000000c3895b5119
000000c3bee85579
000000c3dd5de1f9
000000c3ef615739
000000c5b69f4a19
000000c5bd45e8f9
000000c5c26e9ad9
000000c5d5374439
000000c5dd365cd9
000000c640168779
000000c73ff79dd9
000000c74392b859
000000c749133079
000000c7f777eb79
000000c81e5450d9
000000c847034039
000000c861234319
000000c89c352759
000000c89fe73099
000000c947fad7b9
000000c99160e199
000000c99e2e6e99
000000c9f984d3d9
000000ca3fcad5d9
000000ca96e29639
000000ca97527219
000000cade1b2ed9
00000195e002e461
0000000002e87f71
0000000000000181
000000cb1564eb39
000000cb733bc4b9
000000cc299a4119
000000cc4520eb79
000000cc88e676b9
000000ccf257de39
000000cd0463f359
000000cd5454f099
000000cd8fb8e139
000000cd9fb27a39
000000cdaed82319
000000cdc691eaf9
000000cde3bd3b99
000000cdfebc0359
000000ce0dcf5d79
000000ce6a647679
000000cea43b5839
000000cece600cb9
000000ced830a7f9
000000cf3445fed9
000000cf8a073399
000000d009572db9
000000d169095579
000000d181c3e479
000000d1932df7f9
000000d211a45c59
000000d222d8a359
000000d2d25e5d19
000000d2ee8f9819
000000d315f9a8b9
000000d338a1fbd9
000000d35f8f3299
000000d36da9b719
000000d392e752d9
000000d42768d819
000001a8806d7d61
0000000002e87f71
0000000000000181
000000d468fe6dd9
000000d4b0e871d9
000000d5656c0f79
000000d5a6e01739
000000d5a83c98b9
000000d5cb4b0619
000000d5df00d559
000000d5e1bc50b9
000000d642e41279
000000d66bfe0839
000000d68e1a43d9
000000d6ba5a01b9
000000d6f48d5df9
000000d71a79b999
000000d778570cd9
000000d78484a879
000000d809b08679
000000d8198aaa19
000000d827c95579
000000d837fc41b9
000000d8cc36ea99
000000d8d0218f99
000000d9af349539
000000d9d596cb79
000000da1b314ab9
000000db3990efb9
000000db75d382d9
000000dbea1bd0b9
000000dbea1bd279
000000dc4a6184d9
000000dc6bf2d7b9
000000dd48c914b9
000000dd80bb3d39
000001bb20d81661
0000000002e87f71
0000000000000181
000000dda27f5779
000000ddb1e9a799
000000de1aa37a39
000000de3e1fe859
000000de810794d9
000000df1c8ba239
000000df32159d59
000000dfb6c7cdf9
000000dfce575899
000000e0bc1ac079
000000e0bfeafd79
000000e0dfe3f959
000000e0ff1d6b99
000000e158d4b659
000000e278114d39
000000e2a12818b9
000000e326d93659
000000e3cf449c39
000000e40d037439
000000e485e44599
000000e5f7062559
000000e625f78319
000000e6d13907d9
000001cdc142ae61
0000000002e87f71
0000000000000181
000000e6eaf7b2f9
000000e6f856c1d9
000000e732de35f9
000000e737f19e39
000000e77a3c9a19
000000e84ec7a5b9
000000e87285e4f9
000000e89c8a8419
000000e9b1981bd9
000000ead1dc29f9
000000ead63b66f9
000000eb246a75b9
000000eb5f256c79
000000eb9ae1e939
000000ebbed836f9
000000ecd92afb59
000000eda3acd8d9
000000edfb2eb619
000000ee39caf579
000000eeb30cb659
000000ef65521519
000000efc37f4439
000000f00adfe7f9
000000f016394779
000001e061ad4761
0000000002e87f71
0000000000000181
000000f04fad4939
000000f06b1aefb9
000000f12eb46af9
000000f19b809399
000000f1ba44a6f9
000000f1c3d37259
000000f1cf6053f9
000000f1dc28b719
000000f1e409fdb9
000000f1f0def3b9
000000f203577a39
000000f274fd8279
000000f2c5f6f6b9
000000f2f66c1859
000000f3c8909279
000000f3e5801a39
000000f499dc0739
000000f50b5b4f39
000000f5256ea179
000000f5575b7bd9
000000f58cabf919
000000f5ab454db9
000000f63cd1b559
000000f6ab9c56f9
000000f71430b299
000000f73f04bff9
000000f762b59999
000000f86f780a99
000000f901f61479
000000f93fca28b9
000001f30217e061
0000000002e87f71
0000000000000181
000000f9a0778af9
000000facaa98179
000000faf7d4a299
000000fafee9aef9
000000fb1103f839
000000fbc426d3b9
000000fbda1c1b19
000000fbdeef1fb9
000000fc73c1dc39
000000fcf3296979
000000fd26a56b79
000000fd2e628759
000000fe4d3d35b9
000000fe634b3159
000000fedea3f059
000000ff560df659
000000ff7e6489b9
0000010010542879
000001001b1ead39
00000100405ed5b9
000001004c47ccd9
000001007b325c39
0000010092527539
00000100bc430cd9
00000100c3326f79
00000100ea0e5259
000001010a49ee79
000001010d8fbd79
0000010176e19639
00000101e4e0dc99
000001020ac80c59
000001020d2eea19
00000205a2827961
0000000002e87f71
0000000000000181
00000102dea3ba19
00000102e077e3d9
00000103010c31b9
0000010372493079
00000103e7e469d9
000001040c9584f9
00000104267c4cb9
00000104352d3919
000001049e09c879
00000104a6610519
0000010544529659
00000105e31f82f9
000001063d3d0779
0000010649195919
00000106d9388fb9
000001071df90d79
00000107315f16f9
00000107473b5e99
000001078faef7d9
00000109543f34f9
0000010a0c8f4f79
0000010a56ea89d9
0000010beda5bf79
0000010c021624d9
0000021842ed1261
0000000002e87f71
0000000000000181
0000010cbf676499
0000010d0bfd0259
0000010d2a91b679
0000010d2d321779
0000010d5d379ab9
0000010d7d446af9
0000010df9502339
0000010eba5fdd39
0000010efc1905f9
0000010f34aca699
0000010f3eb86819
0000010fc34077f9
0000011003ebe979
00000111014d08f9
000001114c663f19
0000011277711e79
000001129aab88b9
00000112d4b7cc59
00000112f7d70fd9
000001136b0a6759
00000113bf824d39
000001144ca1b379
00000114870307d9
0000011487e357b9
0000011499a5af99
0000011538c71539
0000022ae357ab61
0000000002e87f71
0000000000000181
0000011593454f99
00000115ed1b3f19
000001163c799d59
000001164337ca59
000001164e015cb9
00000116a1902939
00000116b801a939
00000117c76fb2d9
0000011819b79b59
000001184931d1d9
0000011879717cd9
00000118b6d82079
00000118b81844d9
00000118d7aee139
0000011af67bbdf9
0000011bfb42f079
0000011c2646deb9
0000011c41d5ee19
0000011cd6e2de39
0000011d41cf49f9
0000011d948a44d9
0000011da1fa22b9
0000011da23bf579
0000011dca8974b9
0000011df99a30d9
0000011e58005b99
0000011e968f8c99
0000011eba61a479
0000023d83c24461
0000000002e87f71
0000000000000181
0000011edac87999
0000011f35f16239
0000011ffecb38f9
000001200b87c7b9
000001209ccc5f59
000001209ccc8b19
00000120b0dd0a99
00000120c0a3b2f9
00000120c9e1cc39
00000120e375ebf9
00000120fbf18319
0000012148930b39
0000012212eedd79
0000012305845079
0000012305eab859
0000012338a1cb19
000001234614d679
00000123b3dea519
000001241ee0d119
000001244547fa59
0000012468580f79
0000012492d50539
00000124c0be73b9
00000124dab06059
00000125328e6919
0000012619242ff9
00000126345d9c79
0000012646bcfef9
000001264cfdf6b9
00000126631662d9
00000126bb44ddb9
00000126bbeef5d9
000001275e3b2e39
00000127b400a079
00000250242cdd61
0000000002e87f71
0000000000000181
00000128e30ce0b9
000001291d11c059
000001295a547f59
0000012a59b0e1b9
0000012a8703c699
0000012abd857a39
0000012ba6f2cdb9
0000012bab7882b9
0000012bf5459759
0000012bff78fb99
0000012c51374b39
0000012ca0892519
0000012cfa1a2ab9
0000012d47fc9259
0000012d8063e559
0000012daa4bbcb9
0000012dce9913b9
0000012ddf305639
0000012e111a8099
0000012e34b72839
0000012e6e192679
0000012e97458299
0000012eeddf3fb9
0000012f061d7c79
0000012f714aa239
0000012fb2ef8e39
0000012fc3f01119
0000012ff9acc0d9
00000130666acd79
00000130842ec9b9
00000130b5bed559
00000130c7bde8b9
00000130c7bdfbf9
000001313f98c259
00000262c4977761
0000000002e87f71
0000000000000181
00000131bccd5a19
00000132e1ae43f9
0000013310221059
000001332be75ef9
00000133e1946779
000001344a2752d9
00000134a68bbc99
0000013597d1cd39
0000013638997f59
000001366d2fb5d9
00000136a54cda99
00000136b4f490d9
00000136ca309479
00000136e38f5439
00000136f2be9139
000001372776f119
000001372da5ed39
00000137af892cb9
00000137da272299
00000137e0274d79
000001381f5e71f9
000001382310bb39
000001385fd439d9
00000138d2aef999
00000138d8355159
0000013938737759
00000139442e1239
0000013945765899
00000139fc441f99
0000013a1f6f5559
0000013a3335cb99
0000013a49400e59
0000027565021061
0000000002e87f71
0000000000000181
0000013b0850c499
0000013b808e4639
0000013b899febf9
0000013c40178f59
0000013c5f4ad9b9
0000013c7eced899
0000013d3b6e8919
0000013dda4220d9
0000013e26a0c4f9
0000013f594a0499
0000013f6f11be79
0000013f90a1b679
0000013fc17283b9
00000140140f68d9
0000014102c2ba59
000001417a26a299
00000141e9f48a59
0000014206c832d9
000001421b8f9a99
0000014231b7fd39
0000014254322779
0000014279230419
00000142de1e0499
000001432c54ed39
000001435f266079
000001435f59ac39
00000143bf8be699
00000143ee6f1179
00000288056ca961
0000000002e87f71
0000000000000181
0000014463bb7d39
00000144fb0c29b9
00000145300a4c79
00000145b473b019
00000145fbb1f319
000001463bd368f9
000001466aba1359
0000014677017e79
00000146a11da479
00000146e2a9fd19
00000146f02e4559
000001471de76a99
000001473a3d4919
00000148f85ed159
00000149dd814499
00000149e0b133d9
0000014ad1e15bb9
0000014b2dcfe539
0000014b6d326299
0000014bf9c64399
0000014c6a3563d9
0000014ce53f1559
0000014d270cfb39
0000014d383948f9
0000029aa5d74261
0000000002e87f71
0000000000000181
0000014d6b66a099
0000014dc0c1bf59
0000014e1d661d39
0000014eb5b625d9
0000014ef5438799
0000014ff6c13639
00000150258df159
00000150ae080c99
00000150c37a5cb9
00000150cf5003f9
00000150e9b14059
000001512dda62f9
0000015148601c99
000001520a15c039
000001521041f819
00000152c84716b9
00000152e06d2079
00000153091d05b9
0000015317e294b9
000001531e70d7b9
00000153b61539f9
00000153c001a6d9
00000153dce38e99
0000015423503719
00000154ae90a839
0000015562307379
00000155fc252c59
000001560dd08139
0000015655476059
00000156879939d9
0000015694adff19
000002ad4641db61
0000000002e87f71
0000000000000181
00000156d241a9d9
0000015712aadfb9
00000157a61d5859
00000157a9a940f9
0000015897047539
00000159010f8119
00000159042191f9
0000015931c765d9
000001594530a6f9
00000159649fbeb9
000001599089f099
0000015998cca479
00000159c20337f9
00000159de6f18f9
00000159ef560059
00000159f353f439
0000015a87254559
0000015afc5eadd9
0000015b2bedeff9
0000015b5be611b9
0000015b65311759
0000015b727bb899
0000015c46cea359
0000015c5979a079
0000015cd669ba79
0000015e50ca3279
0000015f4ea82499
0000015f51bafd39
0000015f61fe7959
0000015f80bf06f9
000002bfe6ac7561
0000000002e87f71
0000000000000181
0000016005a04319
0000016037ce8919
0000016090f7c699
00000160e0dda3f9
0000016154748c19
000001616239e2f9
00000161dc417c39
0000016234cf3bf9
0000016236eb23f9
000001623e499f19
000001624e6937d9
0000016254810a39
00000162cbd2f119
0000016334cc3e79
000001633a9a0339
000001636ad44a99
0000016439fd9dd9
0000016458ef5919
0000016471395bd9
00000164d6286899
00000164f307c6b9
00000164ff462159
00000165648f1f19
0000016683766199
00000166aa6f0959
00000166edceb8f9
0000016711b57139
0000016714461f99
00000167405b49f9
00000167829ca5d9
00000167a079ba99
00000167b48e48d9
00000167ebb95639
000001680d40dc79
000001683e40a639
000001688695d1d9
00000168f2e4f099
0000016912e717f9
000002d287170e61
0000000002e87f71
0000000000000181
00000169728a3839
00000169d43f5439
00000169e71af039
0000016a03a41739
0000016a270c9279
0000016a83d2b6d9
0000016a8e8b1339
0000016ac5eadd79
0000016afcfc8919
0000016b15357359
0000016b7d668619
0000016b92c8d119
0000016bc69476b9
0000016ca72f9919
0000016cbe8d16d9
0000016cd6087839
0000016d062c0679
0000016f17fba839
0000016f725881f9
0000016f74bb2bd9
0000016f972c2739
0000016fafc7e459
0000016fb0003af9
0000016fc78577b9
0000016fe0c19419
000001702c9d06d9
000001704a59ef79
0000017052610b19
000001707140ef99
00000170d6963bb9
00000171045b83d9
0000017135b5f859
00000171568be119
00000171aaf76ef9
00000172521d9a99
0000017278423239
000002e52781a761
0000000002e87f71
0000000000000181
00000172e9f1b979
00000172f0ecc179
00000173345cfe39
000001734b0f97f9
0000017426de0419
00000174827675f9
00000174acaae3f9
000001758d623419
00000175e9a5f799
000001766da6fc79
0000017681b1bab9
000001768380ce59
00000176a04baf59
00000176d903f9b9
00000176dd8e5699
00000176e4cae0b9
00000177049b9ff9
000001773d8e6339
0000017745c612b9
0000017783889279
000001779c597759
00000177e3a0be79
00000177ecb93299
00000177f8a98699
00000177fe23cc99
00000178296c2b39
000001784c294df9
00000178e67d8b39
000001799bc02979
00000179a124f359
00000179caeaa339
0000017a1a7cfbd9
0000017bd7721479
000002f7c7ec4161
0000000002e87f71
0000000000000181
0000017bfc785d79
0000017c16051159
0000017ce80d4859
0000017d58f0dd99
0000017d67dc21f9
0000017d840e9579
0000017e2fba8059
0000017f2f911339
0000017f97ef8df9
0000017fa0018999
0000017fce8e9559
0000018013d32439
0000018017be2eb9
00000180552c9799
000001809db6ba79
00000180aecd75f9
000001815284a9f9
0000018174dac379
000001817d16efb9
000001819ef58ef9
00000182034ea399
00000182fbe63a79
00000183dac08839
00000183e9c15179
0000018404bc3839
000001841a349b99
000001843adc6419
000001844ba2cf19
00000184e65a6139
0000018504fddb19
000001851850bb19
000001851a7c7319
0000030a6856da61
0000000002e87f71
0000000000000181
000001857070b059
00000185b21ed0b9
0000018604a17659
000001868a0c3859
00000187762c0f39
000001877d6b7679
00000187d5ff81d9
000001884fc219b9
000001885c4f8bd9
00000188f39a8679
0000018931907599
0000018954eb0eb9
0000018993840519
0000018a5cde78f9
0000018a6b0951b9
0000018ac49466d9
0000018af2cbb839
0000018b2e02e0f9
0000018c649b9d59
0000018c69f907d9
0000018dcc40e3f9
0000018dda7d7a39
0000018df95fa899
0000018e35a05b19
0000018e7051e119
0000018e74bcde19
0000031d08c17461
0000000002e87f71
0000000000000181
0000018e83bc49d9
0000018f88dddcd9
0000018fbc782699
0000019016c96719
00000190d05d47b9
0000019109c68fb9
0000019144b48fb9
00000191748a4259
00000192090e78b9
0000019233882559
00000192386d3b59
000001931096ef99
000001937bacf6f9
0000019385d093f9
0000019399991b39
000001939f0f0fb9
0000019449899e59
000001946ebcfd59
00000194f5433499
00000195224260f9
0000019535fedf59
0000019580e43d19
00000195c1f97179
000001961002c819
000001965d7fe319
0000019660492459
0000019666925779
00000196b32de359
00000197b02231d9
0000032fa92c0d61
0000000002e87f71
0000000000000181
0000019877316439
000001989dc7ad39
00000198f1ccb0d9
000001996b41eb19
00000199a02f8f99
0000019a644f3019
0000019b4b6f8999
0000019bab3e0e59
0000019c3e39cff9
0000019d675b6719
0000019d69dc5f19
0000019d722fea99
0000019d73b654f9
0000019de8bdfef9
0000019df3189b59
0000019e6191e4b9
0000019ea7cc35b9
0000019ec608d619
0000019ef4eb4319
0000019f04990799
0000019f0a5dfe79
0000019f203ec0d9
0000019fce3b1279
0000019fd596d2f9
000001a0011acdd9
000001a074e44bb9
000001a0c03ad359
000003424996a761
0000000002e87f71
0000000000000181
000001a17db50899
000001a18f758ab9
000001a1b99598f9
000001a259106399
000001a2f79465f9
000001a2facaffd9
000001a32c1c00f9
000001a34b3c83b9
000001a34d356a19
000001a3892fa679
000001a43e07f159
000001a451b74579
000001a466480a19
000001a4a9ed8979
000001a4beaf2bb9
000001a4cd6f6f79
000001a4d881e7f9
000001a55ba444f9
000001a572c62ad9
000001a59aff1a19
000001a59d838259
000001a5be599a39
000001a62867b7d9
000001a66901ad79
000001a69fd16e59
000001a6a7b484f9
000001a6a869f5b9
000001a6cc0787d9
000001a71193c699
000001a7403ab839
000001a78ca87a39
000001a79f36e739
000001a7f9edf9d9
000001a860f1e639
000001a89046bf99
000001a8b40d8e59
000001a8c1a3c039
000001a979b92b99
000001a9b3720739
00000354ea014161
0000000002e87f71
0000000000000181
000001aa8d4a7ed9
000001aa915ea619
000001aac7bf7f59
000001aaf2b58099
000001ac4e9d4e39
000001ac55859079
000001ac95c48499
000001acaf8702f9
000001acb99c8e39
000001ad56f3a099
000001ad8183d5f9
000001adaaacc5d9
000001ae1b9c0799
000001ae24597639
000001af8ba2bd19
000001afb014e039
000001afde2fef39
000001b06e2f55f9
000001b081e7d0f9
000001b0f8535e19
000001b1190831d9
000001b1305ba5f9
000001b15401a5f9
000001b2bcabb879
000001b2c9ac3af9
000001b2e3026039
000001b2f0b3b159
000001b315ab8179
000003678a6bda61
0000000002e87f71
0000000000000181
000001b423f577b9
000001b46df1ae19
000001b48742ea99
000001b4fb7286f9
000001b562853819
000001b57dd5d619
000001b5876519b9
000001b5a67850b9
000001b5a992da59
000001b5d6b25179
000001b6369468b9
000001b66a330239
000001b6ca770d99
000001b6ec82f999
000001b6fbbb8cd9
000001b73b8fe079
000001b7500ef4b9
000001b7746d54f9
000001b79af42899
000001b7cbb41679
000001b8b6e04eb9
000001b8bf36e579
000001b8dc2e06d9
000001b91774d5b9
000001b9505ab0b9
000001b95a24c1f9
000001b96666d4d9
000001b9679c3df9
000001ba51635399
000001ba7dcc3619
000001bae1111939
000001bbc72b4cf9
000001bbd4635459
000001bbfd8c75b9
000001bc3e82ac59
000001bd05527479
0000037a2ad67461
0000000002e87f71
0000000000000181
000001be71682bd9
000001be9928d619
000001bef33d36f9
000001bf3ffca139
000001bf4a0404d9
000001c00affd699
000001c014d13a19
000001c093824779
000001c0b9eff559
000001c0e6e00b39
000001c13fdb6919
000001c1431f0d39
000001c16ef58959
000001c1bb6967f9
000001c2242bd6d9
000001c234482779
000001c2a4168799
000001c2ec95baf9
000001c362265219
000001c39bbcd2f9
000001c3c55b0db9
000001c3df140e19
000001c3f1eb1939
000001c4069b90f9
000001c45c22f1f9
000001c4b2cddb79
000001c4b4c10bb9
000001c56759ddb9
000001c5a4035959
000001c5a78e8b59
0000038ccb410e61
0000000002e87f71
0000000000000181
000001c67a850e19
000001c6a03dc159
000001c6b129a7d9
000001c6c48e1439
000001c7901fefd9
000001c7afba5659
000001c7d17465b9
000001c881c9c259
000001c886561d59
000001c8d37fa359
000001c8e7c0a4b9
000001c9478e2fb9
000001c9b251a8d9
000001c9bd349419
000001cac706f099
000001cacb3edff9
000001cae7a24359
000001cb2fa4e439
000001cb4b0c4e39
000001cc25220019
000001cc2ef5acb9
000001cc400ea539
000001ccd63ac639
000001cd29c06759
000001cd7ff99db9
000001cd93b86c39
000001cddaa91279
000001ce5f3f67d9
000001cebd8dc639
000001cf27fe0a39
000001cf798593f9
000001cfa1e999f9
000001cfafeb02d9
0000039f6baba761
0000000002e87f71
0000000000000181
000001d16b056139
000001d19c92a0f9
000001d1ab93e919
000001d1d3e97919
000001d1ef23fdb9
000001d2328bb7f9
000001d2ee6cad39
000001d37dcdc619
000001d399b07799
000001d3db48e139
000001d4565cf679
000001d47eb54a79
000001d49fd56239
000001d4cd9cfdb9
000001d4da673f59
000001d56349a979
000001d57787c8f9
000001d600b5f6f9
000001d633bcb3b9
000001d6a695d2b9
000001d6ad474eb9
000001d701666359
000001d70c191699
000001d73fba7f19
000001d79abc86b9
000001d79d360939
000001d7b39adfd9
000001d874d0f079
000003b20c164161
0000000002e87f71
0000000000000181
000001d9def05619
000001db0fd8a039
000001dcce2f6099
000001dd3cc2d7f9
000001dd860fbe19
000001dd860fd119
000001dd87006979
000001de098d3c39
000001de09d74459
000001de2d3488f9
000001de60746279
000001de730ba879
000001debcebf839
000001df4c6ca479
000001df742d4bf9
000001e024040939
000001e20698b199
000001e2194f7f99
000001e243a9b5d9
000003c4ac80db61
0000000002e87f71
0000000000000181
000001e2682de279
000001e278945eb9
000001e336f14cd9
000001e34526c1b9
000001e372fa7fd9
000001e37844d0f9
000001e3f138eff9
000001e41b7abc39
000001e4591636b9
000001e4b57f2f79
000001e4df16e219
000001e5ce26acf9
000001e6c9647ab9
000001e70d8bfef9
000001e738fe0cd9
000001e74f31e139
000001e7f8c6c739
000001e804630879
000001e8b86cf3b9
000001e90c62c7f9
000001e943e3bef9
000001ea063e4199
000001ea64588e39
000001eae45fb699
000001eb3efb6939
000001eba41aa5f9
000003d74ceb7561
0000000002e87f71
0000000000000181
000001ec0e48f4b9
000001ec6d291e59
000001eccef207d9
000001ecd8d62eb9
000001ecdd752ad9
000001ecef36f9d9
000001ed8f445639
000001edec5ffaf9
000001ee2ad85799
000001ee3ef2c8b9
000001ee52294299
000001ee7830a3d9
000001ee8c15b4b9
000001ee907e6059
000001eea4bbb3f9
000001ef269c35d9
000001ef27719939
000001ef2b68f4f9
000001ef54c521d9
000001efb48a3fd9
000001efbb7beef9
000001efda483419
000001f099148ed9
000001f1556fa859
000001f1751d8939
000001f195f14919
000001f214d2c879
000001f272f1bd39
000001f2e5d1ae99
000001f321c6d439
000001f327b3c619
000001f35a35e019
000001f3747779f9
000001f3fac9fff9
000003e9ed560f61
0000000002e87f71
0000000000000181
000001f5b37a7779
000001f5c5f964b9
000001f5f93e5279
000001f61daa1559
000001f6678f7699
000001f667f988b9
000001f6805622b9
000001f684a5a9d9
000001f68528b119
000001f68b68a5f9
000001f6a53b9979
000001f6a92e7f79
000001f6fda02099
000001f706d5bc19
000001f799d23ef9
000001f7c3d781f9
000001f816e8dc39
000001f81b90e4b9
000001f82a2e24f9
000001f846ac1fd9
000001f8744b5f99
000001f896d75439
000001f96b0a6559
000001f9741426d9
000001f98c099019
000001f9b73d6ab9
000001fa4ee5be19
000001fa7f3e0b39
000001fc348cb499
000001fc551bea59
000001fceb21f3f9
000001fd827912f9
000001fd9a5f3079
000003fc8dc0a961
0000000002e87f71
0000000000000181
000001fed4774a19
000001feff206d39
000001ff93ffabf9
000001ffba27f399
000001ffdc465eb9
000002000a8049f9
000002002b6aab99
0000020052c31e79
000002010e062f79
000002014eb3c099
00000201ab4ceb39
0000020202bebd19
00000203f4dcdc99
00000203f8c03cd9
000002040ef6cb59
00000204b23f9e79
00000204d1d6a999
0000020576723019
00000205a31ffd39
00000205ed73ce79
000002063f70e499
00000206751b45d9
00000206aaa90479
00000207232ff5b9
0000020724a760d9
0000040f2e2b4261
0000000002e87f71
0000000000000181
0000020847086af9
000002084758b6b9
0000020872ac04b9
00000208e1e0d7f9
00000208f300a8d9
0000020942c07d99
0000020ac58ef099
0000020b15553019
0000020b224c87d9
0000020b7f7631d9
0000020b800280b9
0000020bdd659739
0000020bf07ec539
0000020bf0f8dcb9
0000020c1b1f4579
0000020c3a9c9359
0000020c457761f9
0000020d1acab599
0000020d524d2939
0000020d78582039
0000020d8cdedc19
0000020e08d58a59
0000020e4a453659
0000020eb17b5b19
0000020ec9156f59
00000421ce95dc61
0000000002e87f71
0000000000000181
0000021151e522b9
000002119d354a39
00000211c1843e99
0000021236a67099
0000021239624e59
00000212d76b1799
00000212fe8636f9
0000021366b18b99
000002138b5b9619
00000213ac8e7cb9
00000213d795b739
000002144968c3f9
00000214a5425eb9
0000021577e5caf9
00000215c67e0d39
0000021664c04e99
000002166be0cbd9
00000217b02f68f9
00000217d02074f9
0000021937569ad9
000002193e0586d9
000002194cdffc39
00000219cc366579
00000219d64cb3d9
00000219e65042b9
00000219f7598db9
000004346f007661
0000000002e87f71
0000000000000181
0000021a3c222b19
0000021a5a53ec59
0000021ab1e70339
0000021af8c4fb19
0000021bf6a94e19
0000021cbbd45939
0000021d5e56dbd9
0000021e2795f059
0000021ec0d5d4b9
0000021efad04bb9
0000021f290d8cf9
000002207253b459
000002221fc7d839
000002226a4def39
000002226bac0ef9
0000022361c9b599
000004470f6b1061
0000000002e87f71
0000000000000181
00000223ef66b219
00000223fecd8819
00000223fecd8a19
0000022431c44319
000002250f61c979
000002257ff65b19
000002259074bf59
00000225c3e1b379
000002260b7b9479
000002260ecaed59
000002263337a699
00000226338bae79
00000226372fcbb9
000002270fd4b119
00000227203b8d99
0000022739a7e579
000002274fd5da59
0000022812094719
000002283939f699
000002288cfe8c79
00000228a4d1ce79
00000228f5908179
00000228fd3e0d99
00000228fd6484b9
0000022925ce1079
000002292c1fdcf9
000002294fb88159
0000022a8745a499
0000022add97b859
0000022ae6133399
0000022b3d464059
0000022b6b4f79b9
0000022bf6362d39
0000022c241c4639
0000022c33192019
0000022c34de8199
00000459afd5aa61
0000000002e87f71
0000000000000181
0000022d334423b9
0000022dc0a70759
0000022dcdcce1d9
0000022dffcb9a39
0000022e026cd339
0000022e1cd25b99
0000022e264a2219
0000022e4f086499
0000022ea0642439
0000022f67563c39
0000022f683ae4f9
0000022fe79f31b9
00000230f987b0f9
00000230fff35639
00000231246fe179
00000231630e5139
00000231dd8f14b9
00000231f6af5219
000002321dc60e99
00000232459fca79
000002339625f459
00000233cc635379
00000233ef4480b9
00000234832fb0b9
000002348db1de59
00000234cc1a8159
00000234cfada659
00000234de002619
00000234ef9cc239
000002360a73c439
0000046c50404561
0000000002e87f71
0000000000000181
0000023656a82d39
000002365d1ea099
00000236c0c3a0b9
0000023709b227b9
000002388fdaf4d9
00000238960bbc59
000002390db59019
000002396ebbed79
00000239e22ca6d9
0000023b053ed199
0000023b13979339
0000023b236f28d9
0000023b63f53539
0000023c8169de79
0000023ddaceb339
0000023e582b7059
0000023ebcb64e59
0000023f0119d739
0000023f0d4a8e59
0000023f1135e859
0000047ef0aadf61
0000000002e87f71
0000000000000181
0000023ffc612cf9
000002409ddc6899
00000240c58addb9
0000024102cc8b79
00000241e9e99b99
000002423f076b79
00000242cb49c859
00000242d9bb1219
0000024324aa0d99
000002440d8e7259
0000024418030d79
000002441bf60279
000002445b2ea6d9
00000244d9225179
00000244eadb25d9
000002453c67ccb9
00000245dd733399
00000245edb2acd9
00000245efc010b9
00000245fb2deb59
000002461404d699
0000024650994999
000002466607e3d9
00000247216befb9
0000024731f51519
0000024748e7df39
000002475f316d59
00000247db48ccb9
0000024849134159
000002488958d639
000002489d36f5f9
0000049191157961
0000000002e87f71
0000000000000181
0000024952b8d639
000002495ca538d9
00000249738bbb79
0000024975765379
00000249a5e68859
00000249d7433619
0000024a15af6419
0000024a66157499
0000024a668673d9
0000024a873819f9
0000024aa828ea19
0000024b5e9a6cf9
0000024b658952b9
0000024b73c6f9d9
0000024bfadf4239
0000024c1b2f0419
0000024c8eb83cd9
0000024ca56f4039
0000024d115cc7f9
0000024d35e23f39
0000024dcfe3e939
0000024e4ba6d599
0000024e5dd28459
0000024f06caf1b9
0000024f09f45a19
0000024f2348ca79
0000024f9263ed19
000002505d165179
00000250b055a9f9
00000250e7461a59
00000250edd23fd9
000002511538d959
00000251343c23f9
000004a431801361
0000000002e87f71
0000000000000181
000002523193c499
000002529b6dc739
000002533cfd8a59
000002542e9db5f9
00000254d45ed6f9
00000254e3571599
0000025510f0a1d9
0000025517b85cf9
0000025537a47899
000002554540df39
00000256161b42d9
00000256298360f9
00000256eab5dcb9
00000256eb73a739
000002570dbadb99
0000025747dbed19
0000025771b8b699
0000025774bb6ff9
000002579c54acd9
00000257c9da2199
00000257ef639699
000002581c2c47f9
00000259c62dc1f9
0000025aabcb7b39
0000025aabcb8ab9
0000025b1edba7d9
0000025b4554d499
000004b6d1eaad61
0000000002e87f71
0000000000000181
0000025c23d66e19
0000025cb3d8ee39
0000025cd31e30b9
0000025daaa03f59
0000025dc5122219
0000025def0494b9
0000025e3e024d99
0000025e79e63499
0000025e7b97b159
0000025e7ec56759
0000025edcad0df9
0000025f32d003b9
0000025fa34a2c59
0000025fb4da79f9
0000025ff59a70d9
0000026076ab0dd9
00000261141bfe99
00000261224f40f9
000002613af7a4b9
00000261b074e539
00000261e0f09b39
000002624426ead9
00000262d2a3f039
00000262d964fbf9
0000026378905519
00000263793a91d9
0000026433dc5c79
000004c972554761
0000000002e87f71
0000000000000181
0000026509a00399
0000026511d6f379
000002651ac45e99
00000265912414f9
00000265e76ba979
0000026672c78099
0000026680826a79
00000266989dce99
00000266be662f19
00000266f13794f9
00000268378b3a59
00000268422d8319
000002687a388419
000002687ea28ff9
00000268c779f259
00000268ccbd1c79
00000269a0e0e7b9
0000026acb87c679
0000026af56a2659
0000026b5f7a90b9
0000026baac94359
0000026bc1cbb659
0000026bff6b8059
0000026c0d23f2b9
0000026c260b3ff9
0000026c49315f59
0000026c798be479
0000026c7995e3b9
0000026cecb52b39
0000026cfe9aaad9
0000026da788d439
0000026de3cf0e79
0000026dfaf92879
0000026e04e63a99
000004dc12bfe261
0000000002e87f71
0000000000000181
0000026e2b09ef79
0000026e486aca39
0000026e4a73caf9
0000026f6b908ef9
00000270249449b9
0000027087a52679
000002709c6775b9
0000027212a80619
000002729a805a39
00000273a90816b9
00000273ee7a30b9
000002744b406919
0000027476f7baf9
00000274d3b4fbd9
000002751d1d27f9
00000275b6604259
00000275d0d58ab9
000002765c33f179
00000276e87ce499
00000277002a16d9
0000027725782ab9
000002773875a3f9
000004eeb32a7c61
0000000002e87f71
0000000000000181
0000027779123139
00000278323a7d19
00000278c5d13859
0000027906e4dbd9
0000027915273319
0000027928480899
00000279bba46599
00000279c23b8559
00000279d0f1acb9
0000027a02538759
0000027a8beb8479
0000027a9857a619
0000027c10a1f419
0000027c6776c459
0000027c8ef98979
0000027caa9ebe19
0000027d312dff79
0000027d3c40aab9
0000027d5629a319
0000027d5efe3af9
0000027d851168f9
0000027dd023f719
0000027dfe8e5859
0000027ecdd796d9
0000027ed40ddc79
0000027f322b7359
0000027fa73d9f19
0000027fb8838839
0000050153951661
0000000002e87f71
0000000000000181
00000280b61d2439
00000280d0674279
00000280d0674419
00000281bd928e39
00000281cf8a7899
00000281ff3dd959
0000028207c9d499
0000028230774cf9
00000282fa24d559
00000283795e6119
00000283adb32bb9
00000283e9fdc6f9
000002847b911079
00000284efe4dc59
000002852d971099
00000285330c3c99
00000285503fcf99
00000285740fe199
0000028594769c79
000002859476acf9
00000285f12e8d39
000002866b08ce19
000002868b16bb99
00000286a4677bb9
00000286a6160bb9
00000286df35c059
0000028723c65159
00000287a795c099
00000287bea2b659
00000287e4137439
00000288220443b9
000002882d9df959
0000028880ce42f9
00000288b437c239
00000288bb2f3b99
00000288dcf7e9b9
000002894ebfb999
0000028955637559
000002896a0e7919
00000289a5de2299
00000289c1a66a39
00000513f3ffb161
0000000002e87f71
0000000000000181
0000028a05bae079
0000028a28782559
0000028a45db3d99
0000028acccb2119
0000028b9662deb9
0000028c007ea0d9
0000028c5ed186f9
0000028c9730a6f9
0000028cdaa7ced9
0000028d26d47e99
0000028d2c636259
0000028d37eac279
0000028d45ff3af9
0000028d49717279
0000028d7b4e6079
0000028db34f05d9
0000028df1ed46f9
0000028ec8e69e99
0000028edf4e2779
0000028f52c59e19
0000028f7d535839
0000028fbf4ae1b9
0000028fe1f64699
0000028ff4c97859
0000029025e2cb99
0000029085aa71d9
00000290ea4f67f9
0000029136f08b79
00000291a7e16ad9
00000291bbff1ad9
00000291fd4b4579
000002920e59fdf9
000002929ecf77f9
00000292cb4380d9
00000292cf505d59
00000526946a4b61
0000000002e87f71
0000000000000181
00000293c3145579
00000294414a1839
0000029445d42fd9
000002945191e8f9
0000029451d6b879
00000294d058b479
0000029531523679
00000295707cad59
00000295f0ec93d9
0000029609099219
000002965dd45339
00000297597eb839
00000297cce304f9
000002999036ceb9
00000299e5363559
0000029a2c782e39
0000029a5bf9d5f9
0000029a95306919
0000029aaef0e699
0000029ad6c94db9
0000029ad6c95f59
0000029b05451c79
0000029b705f7619
0000029b7a963d99
0000029b80195479
0000029bb0d83b19
0000029bddeece39
0000029c1a98b5b9
0000029c70962df9
0000053934d4e661
0000000002e87f71
0000000000000181
0000029ca1163fb9
0000029ca7c6a659
0000029cf5f06119
0000029d59f1e1b9
0000029dcfb46ff9
0000029e42a0d499
0000029ea05a4f59
0000029f3e7429d9
0000029f7c28d799
0000029f9ee37c59
000002a190c6c639
000002a191328459
000002a1a139d939
000002a1d1a765f9
000002a1d630dbb9
000002a27e618099
000002a2e0a2b0d9
000002a372965079
000002a3aa013059
000002a3c35b1099
000002a3db856f99
000002a420b7cfd9
000002a4de94b219
000002a53f824c19
000002a553e310d9
000002a573788719
0000054bd53f8061
0000000002e87f71
0000000000000181
000002a66bd1c879
000002a6a785eaf9
000002a7269c4af9
000002a75b5b7d19
000002a7684e1159
000002a79515ceb9
000002a953db69b9
000002a95fbe3d79
000002a9e6983df9
000002a9fc5b5af9
000002aa3c4f1df9
000002aa9c971bf9
000002ab4d22a6d9
000002ac9a0571f9
000002acf4536af9
000002ad22f33279
000002ad46b07359
000002ad89afe8d9
000002adc62f1cf9
000002ae0e353fd9
000002ae48d9e739
000002ae775073f9
000002aeb56dda99
000002aeb6947259
000002aeb6ce9819
0000055e75aa1b61
0000000002e87f71
0000000000000181
000002af832f8ed9
000002af954f37f9
000002afe0aaff19
000002b07d096539
000002b0a33e2c19
000002b0ee1b49d9
000002b1270dfe59
000002b187920f19
000002b247e06179
000002b25ba276d9
000002b2afbd87f9
000002b2d34a02f9
000002b3203d4f59
000002b4279edad9
000002b4a8e08879
000002b4ffbdcc39
000002b5842c5e19
000002b584e2d9f9
000002b591775539
000002b5a9089239
000002b5a90893f9
000002b5b6de0f39
000002b5cbffeb39
000002b67c8892d9
000002b6b8e9f799
000002b716d48b19
000002b773802eb9
000002b7b0815279
000002b7bf6de4f9
000002b808b245d9
000002b8735b48b9
000002b88950a699
000005711614b561
0000000002e87f71
0000000000000181
000002b8f21cedf9
000002b8f2ee4d19
000002b9c071c239
000002b9eb202779
000002ba0d1f0199
000002ba1bedefb9
000002badadba559
000002bb8d4d63b9
000002bbd8a8b519
000002bc7a805e59
000002bcdcd15cf9
000002bcee5d98f9
000002bceeaf4d39
000002bd6a8e3479
000002bd8f8044f9
000002be6411d919
000002be79ee9a59
000002be7f258499
000002bf07f6c659
000002bf46d5ca79
000002bf796c7d59
000002bfb373f519
000002c02571afb9
000002c02bf47cd9
000002c02dfc3c19
000002c0476484d9
000002c08f0a9f59
000002c11b11f6f9
000002c1d687c599
00000583b67f5061
0000000002e87f71
0000000000000181
000002c2178e2fd9
000002c2369c7279
000002c28ed3f039
000002c29a5cee39
000002c32e17f179
000002c3a9ae2639
000002c3c3b38ed9
000002c3c60a2c19
000002c42c833959
000002c43e217cb9
000002c47934b6f9
000002c4c8fa1779
000002c4d2cc8e59
000002c530482799
000002c5776da939
000002c588e85439
000002c70b3f10d9
000002c734d4e379
000002c7f9eea739
000002c816fc2019
000002c861d1f4b9
000002c933f24159
000002c9680983d9
000002c9bd887419
000002cb214c6579
0000059656e9ea61
0000000002e87f71
0000000000000181
000002cb2a6184f9
000002cb63b623d9
000002cb97da10b9
000002cbae871c19
000002cbb8db5259
000002cbf422c939
000002cc389560d9
000002cc4bee84d9
000002cc63c14599
000002cc723e9f19
000002ccf7e381b9
000002cdd4d25999
000002ce01dfae99
000002ce0eaa1b99
000002ce81492819
000002cf55795ff9
000002cfac3ada79
000002d034c8def9
000002d05da6f599
000002d08be52bd9
000002d1220ed4f9
000002d177a0f3b9
000002d17b5e60d9
000002d2b297da79
000002d3631dc119
000002d38b6c26b9
000002d421516159
000002d43f02b3f9
000002d45bc8a7b9
000005a8f7548561
0000000002e87f71
0000000000000181
000002d4828a48f9
000002d4acf3a359
000002d5311c8f39
000002d5a82b7db9
000002d64082b359
000002d67b1606b9
000002d6b09dab79
000002d6e84eaa59
000002d6f4dae9d9
000002d792907af9
000002d808366659
000002d8d3ced859
000002d91c986659
000002d95a5e6ff9
000002d991d72979
000002d9a6b28d59
000002da459985b9
000002dab16ae8b9
000002db597b32b9
000002dbe6333939
000002dc43b5ed39
000002dcdc869899
000005bb97bf2061
0000000002e87f71
0000000000000181
000002ded8bf6519
000002dee3982b79
000002defd1af9b9
000002df04230ef9
000002df3a6ec859
000002df4cfdd879
000002df6e298c79
000002dfac9c0179
000002e04faff8d9
000002e08ab5f679
000002e0afc320b9
000002e0b3bb0a99
000002e0e4230519
000002e1289593d9
000002e138f087b9
000002e15a612599
000002e161016f79
000002e1a5b51eb9
000002e1f336db99
000002e21ce43f99
000002e2213ef959
000002e250ce54f9
000002e2e0a654b9
000002e315dc0b19
000002e37d54f8b9
000002e37fd93d39
000002e44cd126b9
000002e4628ca799
000002e46b760f39
000002e49137e579
000002e49ba56e19
000002e4b8f78859
000002e4cf077f99
000002e4df786839
000002e50fe2bd59
000002e69660fd19
000002e6ae1863f9
000002e6b6e3ba39
000002e6d5774739
000005ce3829ba61
0000000002e87f71
0000000000000181
000002e720ba41f9
000002e7e2875679
000002e8058033b9
000002e820188479
000002e87687a199
000002e877dace79
000002e8a023a959
000002e95db08ff9
000002e965f9b499
000002e966457179
000002e9ff770bd9
000002ea60495079
000002ea8f16ddd9
000002eaa4defdf9
000002eaa8f649b9
000002ec173d92b9
000002ec6dbdddb9
000002ec7fd1c1b9
000002ed1f903419
000002ed3f839a99
000002eddda58079
000002ee31f23199
000002ee45be2e79
000002eebe8c06f9
000002eed046b839
000002eef87adcd9
000002ef718cbcd9
000002efda8c28d9
000002effd41ba39
000005e0d8945561
0000000002e87f71
0000000000000181
000002f09e8b4e79
000002f0e533ee99
000002f0e93db239
000002f19757e019
000002f221764fd9
000002f23cca0959
000002f2f64851b9
000002f30db6e699
000002f3635d9459
000002f3aa49fc59
000002f438c4c979
000002f446622419
000002f4654c17f9
000002f525d54c19
000002f592d3e7b9
000002f620b6b639
000002f629d40c99
000002f661978839
000002f6db40b8f9
000002f777b26359
000002f79298ac79
000002f7bd65abb9
000002f7f5d9e0b9
000002f80d2a0d19
000002f92cfcdb99
000002f937b021b9
000002f991255199
000005f378fef061
0000000002e87f71
0000000000000181
000002fa37d7e419
000002fb33e30559
000002fb66822e99
000002fb9e3771b9
000002fba79e5159
000002fbd8afcd99
000002fc756ac1d9
000002fc9ea7dd79
000002fcb3450a99
000002fd1bccad39
000002fd2a34cd79
000002fd89c97d99
000002fda5569db9
000002fdc3f09139
000002fe3ea675d9
000002fefac95919
000002ff59ee3459
000003008b221639
00000301f0478b99
0000030242f4fbf9
0000030254c2ccd9
00000302ad69c519
00000302d11c60f9
0000060619698b61
0000000002e87f71
0000000000000181
000003032095e099
00000303a2e3c979
00000303b31b5a79
00000303d8e074b9
000003040c6620f9
000003046c99ed79
00000304c92c82f9
00000304d5804779
0000030511ceba99
000003056648d4f9
00000306e43804d9
000003076ac49139
0000030781300a59
0000030781301119
00000307920a1099
00000307ad2d4379
00000307bf0c15b9
000003083cf1bcf9
0000030896ea6559
000003089fc16f39
0000030a1893f9d9
0000030aab5ad439
0000030b081124f9
0000030b740f9ef9
0000030b80d43ad9
0000030bb491ffb9
00000618b9d42561
0000000002e87f71
0000000000000181
0000030cd244c019
0000030cdda27db9
0000030d0a691cd9
0000030d5e8b38d9
0000030da3b73c59
0000030f3541f379
0000030f4961e2f9
0000030fcec7ec59
0000030fddfe2499
0000031002c7d619
0000031007075559
0000031123ac4539
000003112c6075d9
0000031186862bf9
00000312444678b9
000003124c479d19
000003124f3636d9
0000031259138579
0000031268147a39
00000313166a9bd9
000003134ae13c39
00000313f0683e19
0000031414b8c039
0000031419528a39
0000031462bdca59
0000031482114d99
00000315754a6539
0000062b5a3ec061
0000000002e87f71
0000000000000181
000003165a702399
0000031680e2b419
00000316bfc40e39
0000031787cfff79
0000031870a01af9
000003189fa00879
00000319a26df299
00000319d93b7539
00000319e4ecc379
0000031a1f7f6df9
0000031a679e1979
0000031a98c92a19
0000031abc35b519
0000031ad58bb5f9
0000031ada6d1af9
0000031b3c9c8319
0000031b976f39b9
0000031bf2d84f79
0000031d1c2497b9
0000031d32687e59
0000031d927c5ab9
0000031da7af38f9
0000063dfaa95b61
0000000002e87f71
0000000000000181
0000031f06b9af19
0000031f727de099
0000031fe3701f19
0000031fe84159b9
000003202233f319
00000320e6b8f4b9
0000032145c1d299
000003214fed66f9
000003215cd68bf9
0000032189bf6379
000003219c06b1f9
00000321a5efd719
0000032245d8c8b9
00000322d78055f9
000003231fd93f19
0000032371c74279
0000032388de93b9
0000032406f43bd9
00000324186709f9
000003243cf88a19
000003248b8d0c39
0000032523f27839
00000325caa543d9
0000032637cc1ff9
000003263b4e6419
000003279e314a59
00000327ad8abad9
00000327d09e87b9
00000327d8b337f9
00000327e0cb5579
000006509b13f661
0000000002e87f71
0000000000000181
00000328b110a859
000003296776e019
00000329a7df2d99
00000329de3233b9
00000329ee186459
00000329f4bf0819
00000329f6bcd119
00000329f9341019
0000032a1f7a1939
0000032ac27f1b39
0000032b09cacd59
0000032b1a2f5a19
0000032b648b8879
0000032bfd4052b9
0000032cbe7a8cf9
0000032cdc7e8c59
0000032d230448d9
0000032d36d165b9
0000032d78ef74f9
0000032d7a8f0639
0000032dacce6219
0000032dcb134499
0000032dd0f833f9
0000032df7808859
0000032e13779ef9
0000032e1ad7b9d9
0000032e2f0e80b9
0000032e63ba5df9
0000032ece5c7f39
0000032f23af7bd9
0000032f72a9b659
0000032f7d487b99
0000032f9ce3e3b9
0000033071b018b9
00000330e4743839
00000330ed37e719
00000330f3179819
00000331417ca979
000006633b7e9161
0000000002e87f71
0000000000000181
00000331a7f858d9
000003334d8d8c19
000003335eb6d619
00000333cb18d6f9
00000333e8d3ec39
00000333fbf6e059
0000033401df5ad9
0000033489d1af99
000003348b31d119
00000334bb187c59
00000334d4e73b79
00000335734a1fb9
0000033585a16359
000003360af7a5d9
000003360af7b6d9
000003361106ca59
000003361422ed39
0000033686007439
00000336cd45a999
000003374c722f79
0000033796d8e4b9
00000337d3b22259
00000337fb9fb279
000003388f9f34f9
0000033946d0da79
000003395532ae99
000003395e7db1f9
00000339688fa919
000003398a6750b9
00000339fc174079
0000033a7325b639
00000675dbe92c61
0000000002e87f71
0000000000000181
0000033aee5d6939
0000033b20bafbb9
0000033b41d95eb9
0000033b6e9abf59
0000033b8b5714b9
0000033b91d97b59
0000033bf0c75499
0000033c1cbb8f79
0000033c3ee8a859
0000033cf4c27819
0000033d69574799
0000033dc207a999
0000033e6b1edc39
0000033e8052de39
0000033f64faa079
0000033fec809619
0000034082f45639
00000340b312db99
0000034140419c79
000003417f27feb9
000003418abb05b9
00000342927f4dd9
00000342a0f9ecf9
00000343eae39b79
000006887c53c761
0000000002e87f71
0000000000000181
0000034484b8dcf9
000003449b583c59
0000034515896639
000003454d5fe579
00000347066c42b9
00000347992529b9
00000348100e60f9
00000348a2afb779
00000348ad1d8f79
0000034914cb1939
000003494ebf49f9
000003497239d119
00000349fb483f99
0000034a3bad4519
0000034a4ffe94f9
0000034ad3801459
0000034c1bf1db79
0000034c28df4519
0000034c3cb900d9
0000034c3e9f5779
0000034c41834d99
0000034cc183f439
0000069b1cbe6261
0000000002e87f71
0000000000000181
0000034decefc3b9
0000034e321fdc99
0000034e3b6f8dd9
0000034e6fa3d059
0000034e96c7c7d9
0000034f8e00b359
000003505c7cbeb9
00000350cd472099
00000351844a85f9
00000351984762b9
00000352213edff9
00000352213f2979
000003528544d579
000003528b686159
00000352e617a879
0000035331c7ceb9
00000353d647ff39
0000035444582b99
0000035467f8d919
0000035484415a79
000003551473a9d9
000003556c821039
000003559c09dd39
00000356909813b9
000006adbd28fd61
0000000002e87f71
0000000000000181
00000357103eec59
0000035723e827d9
0000035723e83bf9
0000035762d0a499
0000035a425f89d9
0000035a715061b9
0000035a733a2319
0000035a73943bf9
0000035b33611b79
0000035b38b9fdb9
0000035b4e2081f9
0000035b8b2d06f9
0000035bacdec499
0000035bf0c04a79
0000035c176b4b39
0000035c3a19fd19
0000035c4876e1b9
0000035c730a3319
0000035d64469499
0000035e46fff2d9
0000035e9a956c99
0000035ef367bd19
0000035f15871c99
0000035f3e4a0e79
0000035f3eb39379
0000035f5e74bf39
000003602bcc28b9
000006c05d939961
0000000002e87f71
0000000000000181
000003609265b0d9
00000360d3a478f9
00000360f168feb9
00000360f7a570b9
000003620faba739
00000363031d7299
00000363330521f9
000003635fa93619
000003637d495a59
00000363d8dbf239
000003640a3839b9
000003643826c519
000003647e957fb9
000003650e38bbf9
00000365406a76d9
000003654a993339
00000365a5859699
00000365d16a1579
00000365dc2b5e19
0000036623555879
00000366ef0130f9
000003672564fd59
0000036790565f79
0000036796c31539
00000367a275ff79
000003684fc25d99
000003696a7b64b9
000006d2fdfe3461
0000000002e87f71
0000000000000181
0000036a0d4ef579
0000036a2a1ba199
0000036a35cafd79
0000036ad95a09b9
0000036b6576e739
0000036b781fbd99
0000036bbb269019
0000036c30099fd9
0000036c4041fcb9
0000036cc43d8459
0000036d912459f9
0000036db04235f9
0000036dfc9e4dd9
0000036e4c5a0d59
0000036e69e3a859
0000036ecda114b9
0000036ef14a2559
0000036f7f5c9439
0000037078646e19
000003708d9220b9
000003709125a0b9
00000370b1236db9
00000370c5c0f5b9
00000371828ca8d9
0000037218e0ee99
00000372484e8f39
000006e59e68cf61
0000000002e87f71
0000000000000181
0000037313ffb579
0000037333c5fcb9
0000037369901819
00000373757ad539
000003737793d699
00000373fd6946f9
0000037466c92899
00000374741e1879
0000037483c0a5f9
000003749c273499
000003752821a579
00000375c519ec19
00000375ce59cb59
0000037606ae7b19
0000037658169ff9
000003769ef16759
00000376c2258279
00000377072a3a19
0000037771a28659
00000377812e1f79
00000378626b5a79
00000378cffee379
00000379e8b3ca59
0000037a492fbe59
0000037a6ff60f39
0000037ac10f4cd9
0000037ae1786b39
0000037b7428b239
0000037b779527f9
0000037bab575d99
0000037c10e656b9
000006f83ed36a61
0000000002e87f71
0000000000000181
0000037d42211979
0000037dae50f1b9
0000037e96a2e699
0000037ec4682e39
0000037f176d6799
0000037f1e988ab9
0000037f5ab502f9
0000037f860f0639
0000037f8bd22b39
0000037f9c421419
0000037fb4375999
0000037fc17e2e39
0000037ff51ca4f9
0000038101754bf9
000003811e44acd9
00000381efa6b599
0000038403715d59
0000038429bdad19
00000384528d0ff9
0000038456ef7d19
00000384a91e3199
000003852d701099
0000070adf3e0561
0000000002e87f71
0000000000000181
000003867ddacdf9
00000386c740a939
000003870932e559
000003881a6665b9
000003886071e219
000003886071f859
00000388882c4899
00000388b908c499
00000388ba2f3d79
00000389753f2619
000003897dc27cd9
0000038a3871ecd9
0000038a54f0f9b9
0000038a6e7afb99
0000038a8e94f5b9
0000038ab6198ef9
0000038b67c37df9
0000038bcda3d599
0000038c112e7ad9
0000038c720a5bf9
0000038cc4901f99
0000038cfb829339
0000038d46c377f9
0000038dc1781159
0000038df3072a59
0000038e0ca050b9
0000038e62701319
0000038e9a6e7639
0000071d7fa8a161
0000000002e87f71
0000000000000181
0000038f095159f9
0000038f985b8399
000003902c235299
000003902c5a4259
00000390ac123059
00000390e1815339
0000039128b367f9
000003918d137079
00000391917e2dd9
000003925bb94b79
00000392661fe1d9
00000394a855e1d9
00000394c89b9839
00000394fe4eae59
000003951f303179
0000039547f9d8b9
0000039568407039
00000395bc6dcfb9
00000395e42739d9
0000039640dbc4f9
00000396bd18dcf9
00000396d953cef9
00000396eab12a19
0000039723bdf0b9
0000073020133c61
0000000002e87f71
0000000000000181
00000398c305a119
00000399bcac5899
0000039a6ebdf8f9
0000039a7dcc8f19
0000039aa000a0f9
0000039abc82d7f9
0000039b0a6a5c79
0000039b5e595e59
0000039b604e5239
0000039b89645119
0000039bc7e21859
0000039bdb1499f9
0000039bdb58f8f9
0000039c7ae4ec79
0000039c86131dd9
0000039c8ce178b9
0000039c9f9caa99
0000039cbdd40e99
0000039ceb8f1559
0000039d195eca39
0000039d6098bd59
0000039ddcd57e79
0000039e17d884f9
0000039e3affaed9
0000039ea1decff9
0000039ecfe2b579
0000039ed2038439
0000039f206fd239
0000039f238a4b79
0000039f49259ff9
0000039f4ee92579
0000039f698f7d19
0000039f9897ab99
0000039fbdaed259
0000039fc83e0799
000003a040d28379
000003a07449c2f9
000003a0c1d12679
000003a0cb2671f9
000003a0e1b60159
00000742c07dd761
0000000002e87f71
0000000000000181
000003a1a7677979
000003a24383b319
000003a2d0542339
000003a326319679
000003a35c49ecd9
000003a38fb54c59
000003a46a565b99
000003a51b41feb9
000003a51d4a7659
000003a556728099
000003a58d59e4b9
000003a5bd4f2019
000003a5ec8e1b79
000003a5f0bf7579
000003a6ad4a26b9
000003a7e87e9a99
000003a83980e3b9
000003a8deee70d9
000003a9c8179e19
0000075560e87361
0000000002e87f71
0000000000000181
000003ab7d6142b9
000003ab9d7c7419
000003abef6f0f39
000003ac0b47d579
000003ac51307359
000003ac736c8a59
000003ac91e68c19
000003aca1ae9f59
000003acbc01c999
000003ad0403d8d9
000003ad48550439
000003ad5ee574b9
000003ad6e247e19
000003ada0378259
000003ade2a92619
000003ae33d44f79
000003ae8f5a5019
000003ae9eddef19
000003aebc5b96d9
000003af2a4abe19
000003af3b88c2d9
000003b02c673599
000003b08c529479
000003b09224b999
000003b17d3d7819
000003b2a307b659
000003b2fb20b659
0000076801530e61
0000000002e87f71
0000000000000181
000003b440837b59
000003b4b880ce99
000003b4cf925799
000003b5d33e50b9
000003b6abff4219
000003b7154efbd9
000003b73d10f679
000003b748966d59
000003b759aa1039
000003b76c751939
000003b785325379
000003b7e74379d9
000003b7ec6b2479
000003b7ec6d06d9
000003b81d12d1f9
000003b888da8f19
000003b88f9cce19
000003b8e989d279
000003b8ef275ed9
000003b95314a259
000003b9a5c823d9
000003ba5b6abe99
000003ba90b051b9
000003bac1646199
000003bad92ef599
000003bb37a9e5d9
000003bc0a081519
000003bc3fb52519
000003bc5ff7c3b9
000003bc7a20f3f9
000003bc7fd3a219
000003bce174f419
0000077aa1bdaa61
0000000002e87f71
0000000000000181
000003bd5d878e59
000003bd625e9e79
000003bd663d4499
000003bd7aad35d9
000003bd98b5ca19
000003be1e572b19
000003be510c9c59
000003be8f518f19
000003bec74b8159
000003bef32cf399
000003bf3d387599
000003bf3d387e79
000003bf9c20bd59
000003c001937eb9
000003c00410b4f9
000003c00c07bd79
000003c07ac8f6b9
000003c0b3a8abd9
000003c137db1139
000003c17301beb9
000003c1c675a959
000003c22d559bb9
000003c23709c3b9
000003c2621dd819
000003c2766eef79
000003c28a95d3d9
000003c2b4172459
000003c2d1413399
000003c2ec406c99
000003c36a555af9
000003c3e96dec59
000003c459311b79
000003c4e7119bb9
000003c54a0a51f9
000003c565936519
000003c5733c3899
000003c58f7a3f79
000003c692506b79
0000078d42284561
0000000002e87f71
0000000000000181
000003c6d21f4a79
000003c6e0954db9
000003c752e5f0b9
000003c7731f8db9
000003c78a9b6ad9
000003c7cdb88b59
000003c7fc14c999
000003c7fc14cbf9
000003c813f50a79
000003c881d1c679
000003ca48fcbd79
000003caa9e72f99
000003caaca82f39
000003cad2cb66d9
000003cb01352e59
000003cc1461e279
000003cc4e68d859
000003cdd22f3cd9
000003cdec427199
000003ce0509e519
000003ce626373b9
000003ced4907959
000003cee1fc41b9
000003cf3652fa19
000003cf9a3e1539
000003cfa2acab79
000003cfbd6415b9
0000079fe292e161
0000000002e87f71
0000000000000181
000003d02df96599
000003d0493b03d9
000003d05233bef9
000003d10081a0f9
000003d1854ddff9
000003d1c52e5a99
000003d20eebe2b9
000003d274c5ba39
000003d280e57259
000003d30c5a1819
000003d34fd0c479
000003d43002bf99
000003d47869dc59
000003d50b6e0079
000003d55e06a339
000003d5bbd1eaf9
000003d5e1ce3119
000003d64ef7fa79
000003d665a5e039
000003d66f796339
000003d6b85871b9
000003d721004639
000003d763d91099
000003d7803bbc99
000003d7e35b1459
000003d86303b2f9
000003d88c757f79
000003d930c71a99
000007b282fd7c61
0000000002e87f71
0000000000000181
000003d9d7de09d9
000003d9e4ee4bf9
000003da0a5f1779
000003da2d03f6f9
000003da4ddb8cb9
000003da766c5f99
000003dac4a4ffb9
000003dade17e979
000003dafdbda919
000003dca9ce0d19
000003dce3de8239
000003dcea7a0379
000003dcf98d8b39
000003dd44f6aa59
000003de932f79f9
000003deffde1199
000003df16fb4e39
000003df988f77d9
000003dfd4208719
000003e002583479
000003e031ac6639
000003e0897cafb9
000003e14473bf19
000003e1c1411359
000003e25c30ad39
000007c523681861
0000000002e87f71
0000000000000181
000003e2c2417759
000003e3250eb479
000003e352548cb9
000003e3dca33e99
000003e41d20f419
000003e46a895879
000003e50a16e8d9
000003e53dc1a439
000003e548b70f19
000003e5498fd4f9
000003e55cbf8359
000003e57e4c41b9
000003e5d6005399
000003e655a7eeb9
000003e65fe6bc39
000003e68bfd2259
000003e6933f3b59
000003e6e7501ef9
000003e6f673bd39
000003e7063a33f9
000003e77f203db9
000003e78d208b79
000003e81001b839
000003e85d4e5479
000003e8e2eccc59
000003e8f8c656b9
000003e977d27799
000003e9af3bd7f9
000003e9b1fbf039
000003ea577a14b9
000003eabce1d1b9
000003eb6bc6e119
000003eb779aadd9
000007d7c3d2b461
0000000002e87f71
0000000000000181
000003ec690f44d9
000003eccc50e819
000003ed67877439
000003ed7a7ef5f9
000003eead4ab6b9
000003eee460ea59
000003efa75f1a99
000003effbb40199
000003f008cb5ff9
000003f01a3c4539
000003f01ddac619
000003f03e530819
000003f0a586ecd9
000003f10409af59
000003f10a31a239
000003f274717b39
000003f2b7b63c79
000003f2d96261f9
000003f326d1bd19
000003f328cba079
000003f3772ea259
000003f41e7d3c79
000003f4a2eb66d9
000003f4b28486b9
000003f524be4439
000003f52d139bb9
000003f53031c499
000007ea643d4f61
0000000002e87f71
0000000000000181
000003f55fc1d799
000003f58a95b0f9
000003f605983899
000003f621d1c3b9
000003f70a4006b9
000003f7c3f90af9
000003f7e0e91619
000003f7ed92ec39
000003f854dcc599
000003f898d9f099
000003f8a48cd499
000003f8c9c4b9b9
000003f8fa611ed9
000003f9c9cbed19
000003fa06dd9019
000003fa53b0e2d9
000003fa638ce019
000003fa7e6027f9
000003faf458d559
000003fb252a1379
000003fc22857259
000003fca9ab6159
000003fd0c532eb9
000003fda0b31119
000003fda2d9d8d9
000003fe0861f679
000003fe7ed505b9
000007fd04a7eb61
0000000002e87f71
0000000000000181
000003fec2833559
000003ff37214039
000003ff9e440cb9
000004002fad0279
0000040032e0e719
0000040085a669d9
00000401392c9f79
00000401bbc85b99
00000401c2b727d9
00000401e6d23b39
000004022bb224f9
000004024d558939
00000402eb381419
0000040363e55539
000004038ff183b9
00000404764ef199
000004055232b559
00000405736b5299
000004057e5baa99
00000405aa994479
00000405b1835579
00000405f23cf439
000004062d9cbb59
0000040638b5b879
0000040639819bd9
00000406f765c199
000004076b52aa59
00000407a6ca7399
0000080fa5128761
0000000002e87f71
0000000000000181
00000407f6068899
00000407f6f06719
000004081a7bdcf9
0000040857230d79
000004093b58a359
0000040969f9d499
00000409de1438d9
00000409e200d359
0000040a33b208b9
0000040a7cf18179
0000040b0d6003f9
0000040b5857f7b9
0000040c3f71cb99
0000040c6ccdb499
0000040ca7bea199
0000040ce90977d9
0000040cf0dd5e79
0000040da4308579
0000040dab311d79
0000040e5055b3f9
0000040ed323c7d9
0000040edd635879
0000040f81d64d99
0000040fc4f41959
00000410677d6cf9
000004108600b959
0000041112d19bd9
000004111b9e72d9
00000822457d2361
0000000002e87f71
0000000000000181
000004116a1a33d9
0000041192531d39
00000411b08e8dd9
000004129a232539
00000412ea852dd9
00000412ec952699
000004130b1a3439
0000041338a87b99
00000413ba4e50d9
00000413ec2ec019
0000041445bbb6d9
00000414920d9739
000004152f2b1859
0000041540140679
000004156f4e7c59
00000415b7ce8af9
00000415d7f88179
000004162875c299
000004163e862899
0000041664969199
00000416f8605299
0000041750a1bdd9
0000041766d68699
00000417faacc459
00000417fc631d39
00000419401dde39
000004195b178839
00000419d760f119
00000834e5e7be61
0000000002e87f71
0000000000000181
0000041ab5255239
0000041abaf8b0d9
0000041ada89d019
0000041b4f467139
0000041b6c7c1659
0000041b833f1219
0000041bc8cdf5d9
0000041bd2577279
0000041c29a9bd19
0000041c3c216779
0000041c676608b9
0000041cc81cbef9
0000041cf83eb299
0000041d92fde3b9
0000041db78dbaf9
0000041e788951f9
0000041fc593aab9
000004202f08d119
00000420f1987299
00000420fe0ced99
0000042142296979
00000422b3e26939
00000422d9205959
00000422f9bfd519
0000084786525a61
0000000002e87f71
0000000000000181
00000423ff7a0139
0000042405672879
000004246441cc59
000004251440bb79
00000425a1ccacb9
0000042676c61b99
000004267ca5ca59
00000426bbffcf19
000004270f675b79
00000427372a5d19
00000427752ddc99
00000427aea77359
00000427e29bd879
0000042820b079d9
00000428cb0d1419
00000428cd56b759
00000428e2af08f9
000004290e52d5b9
0000042915729919
000004292f70b1d9
00000429403c8819
00000429fe9c88b9
0000042a18af8079
0000042a377cb1d9
0000042b9cc60779
0000042bb05e1679
0000042bf12b3559
0000042cc77f8979
0000085a26bcf661
0000000002e87f71
0000000000000181
0000042d3ec35a39
0000042dbc4a2399
0000042dc70bf119
0000042e104c4a39
0000042e3d3a1939
0000042e73e98bd9
0000042e9d5e43f9
0000042eaead92d9
0000042f431036f9
0000042fb3e9f439
000004309a7353b9
00000430c85f3019
000004323d726879
00000432498f02d9
0000043360cf8c59
00000433fb9d29b9
0000043425f83739
00000434676ea859
000004349650ea99
00000435129f92b9
000004351e028a99
0000043524ef5b79
00000435544e0639
000004358f611f39
0000086cc7279261
0000000002e87f71
0000000000000181
00000436cb701a19
00000436dc66b519
0000043709707d79
0000043817483799
000004383869f299
00000438ac390339
000004393cc68379
00000439bb3596f9
0000043a47829bd9
0000043a6441ce39
0000043a7c628999
0000043a9a4502b9
0000043adc9a2e19
0000043b2594e459
0000043b2dacb8d9
0000043b30af10d9
0000043b789b92d9
0000043c3b29e739
0000043c7007ac39
0000043d48cacb19
0000043dafa4a499
0000043dff849699
0000043eb5b40dd9
0000043ee7c1fe99
0000043f1c2bbb79
0000043f86f8fcf9
0000043fa0a1d7b9
0000043faa875a99
0000087f67922e61
0000000002e87f71
0000000000000181
0000043fb3ada839
0000043fc7475379
0000043fd0e006b9
0000043ffbeac519
0000044017403ad9
00000440af0c9ab9
000004423803bbf9
00000442c30dcff9
00000442d09b8a79
0000044356e88ed9
000004443b810d59
00000444527d2e19
00000444fd46c7f9
00000445c950fcb9
00000445d45fe159
000004460d2a3059
00000446babee739
000004483656efd9
00000448d0db6e99
00000448f81d9959
0000044901cd6859
0000089207fcca61
0000000002e87f71
0000000000000181
00000449049a8039
00000449707d0379
00000449749c0ab9
00000449f0980f59
0000044a09959a39
0000044a30586db9
0000044a5c83b779
0000044ad455a879
0000044b499430f9
0000044b56b50c39
0000044bcdcb7039
0000044bf5232ed9
0000044c425c8499
0000044cca7bca39
0000044d49fa4e59
0000044d808e32f9
0000044d84901179
0000044dcdf903b9
0000044dda790d19
0000044e03128599
0000044e2b25daf9
0000044e45ee32b9
0000044e854482f9
0000044ed209a2b9
0000044f46d01b59
0000044f949c34d9
0000044fbea89df9
0000044fe457a2b9
00000450acd4a599
00000450c9fc8299
00000450ddade9d9
000004510f1a5279
0000045176c6e4b9
00000451a4033299
000008a4a8676661
0000000002e87f71
0000000000000181
00000453917afcb9
00000453e778a959
0000045497e413d9
000004552a33b6b9
000004552f65e3f9
000004556129b499
000004556438ca99
000004559ee251f9
000004562c9f06b9
000004567e350b59
00000456a5603479
00000457771c4bf9
0000045797d216f9
0000045825d7a5f9
00000458777642f9
0000045896ac5a39
000004595de69739
000004597be1f219
0000045983bf73b9
0000045a328edd99
0000045a5c2e1199
0000045a6ba02459
0000045b1328e699
0000045b1cfe37b9
0000045b54c43599
000008b748d20261
0000000002e87f71
0000000000000181
0000045c084e45b9
0000045c1debf9f9
0000045c5fbb6219
0000045cdd5e17b9
0000045d021145b9
0000045d5deab2b9
0000045dbdc161d9
0000045e049fd8f9
0000045e1c2d1ad9
0000045e4b6f9419
0000045ec5520d99
0000045eeb15a459
0000045ef6723239
0000045f419d50b9
0000045f66b5ddb9
0000045fab4a10d9
0000045fe58cd499
0000046056b8c599
00000460ff3f2c19
000004614a62a899
000004616565ec59
000004620cacae99
0000046272fdcb99
000004632c253379
0000046362a9efb9
000004636ed79c39
00000463ad5b0c39
00000463b15643f9
00000463dbb2cc79
000004641662b619
00000464427ec659
000004646ac41719
0000046481416bd9
000008c9e93c9e61
0000000002e87f71
0000000000000181
0000046567b1bff9
0000046570472cb9
00000465994a6eb9
00000465e10f70f9
00000465fe97b299
000004660cbd1e59
0000046638ff6179
000004671e69cf59
00000467543d1319
00000467b73c2119
00000467b98f4639
00000468005e7ab9
0000046846af3ab9
00000468b3344459
00000468c8979499
0000046a83aee5b9
0000046a96b544d9
0000046b0dd58019
0000046b6a4b4ad9
0000046b8bb76179
0000046bfe82d619
0000046c40970db9
0000046c94fcf5b9
0000046cab4fb3d9
0000046cab4fcbb9
0000046cedfd9939
0000046cf334a659
0000046d95f57d99
000008dc89a73a61
0000000002e87f71
0000000000000181
0000046e48711b59
0000046ece1153f9
0000046f2aed8df9
0000046f4f789db9
0000046f6834a499
0000046f74632619
0000046fc94587b9
0000046fdec9b299
00000470c65f2a99
000004720df44119
000004722c423719
000004725508ca99
000004731b7c2cd9
00000473d3640f19
0000047404fa2099
000004741871d519
000004745163a939
00000474bfb8fb79
00000474ffa83b39
000004757403e799
000004757eada159
000004763da5a3f9
00000476b717d5d9
00000476b87f7cf9
00000476f61d0e59
00000476ff96ce99
000004771d4f9159
000008ef2a11d761
0000000002e87f71
0000000000000181
000004780581ca59
0000047840acd959
000004787c861239
000004792221e279
000004794f94c499
00000479568a4399
000004798ea9d899
00000479eab67239
0000047a2f9d85b9
0000047a36f29fd9
0000047a445e1eb9
0000047aa2bc3e19
0000047aa605ec79
0000047afec58939
0000047b57b29399
0000047bc624a419
0000047bd8be6d39
0000047bf8c9f1d9
0000047c43c5ce79
0000047c87051cb9
0000047c88d98a39
0000047c8d32bf99
0000047c91b14679
0000047ce2401139
0000047ce6286779
0000047d1b4c86f9
0000047d5b4a78d9
0000047e12ee8399
0000047ed504fab9
0000047efa74c5f9
0000047f300ff439
0000047f51bd5d99
0000047f990729f9
000004803b3c00f9
00000480a146df79
00000901ca7c7361
0000000002e87f71
0000000000000181
000004825b0918d9
000004827eb0aa59
000004829a0b42d9
00000482ebde70f9
000004830f5db679
000004832111c459
000004836d367c19
000004837a61e719
00000484ad7a5c99
0000048548cfd5b9
0000048550647df9
000004855a74a499
000004856d0fbab9
00000485aa530639
00000485e1886739
000004860f301619
00000486b93d1f79
00000486dae0a119
00000486f49c1e19
0000048753e35499
00000487644d7db9
000004876ef4b679
00000487d5bcdb19
00000488077bcf99
000004881cc67519
0000048860145319
0000048895015f79
000004893a061099
000004897cebd1f9
000004898807d959
00000489dca5dfb9
0000048a0a6527f9
000009146ae70f61
0000000002e87f71
0000000000000181
0000048ab93d9cb9
0000048af35670b9
0000048afd296919
0000048ba60aa699
0000048c15265a19
0000048c2fa85739
0000048c343dcb99
0000048d1283db59
0000048d2d9f0fb9
0000048d350af359
0000048deff14899
0000048deff15c59
0000048f1cc2e559
0000048f37351299
0000048f54922419
0000048f79540a39
0000049016612079
000004907d5ee319
000004908f959cf9
0000049097c50b99
00000490a829f399
00000490c27ba759
0000049105681139
000004914b4854f9
00000491b82cff19
00000491bf7e00f9
00000491fda8a5f9
000004931d68e479
000009270b51ac61
0000000002e87f71
0000000000000181
00000493c721af39
00000493d1e21f19
00000493f99ff559
0000049452d62719
000004949b92a3d9
000004949d102079
00000494bee9d859
000004957693ee99
00000495aa173fd9
00000495b00f4ab9
00000495cd2f0ed9
000004961060f9f9
00000497746e7519
00000497867de059
000004982e9a7319
0000049876dd6b19
00000498b156a0b9
00000499cd93a399
00000499f8152f99
0000049a3c3d0c19
0000049b0936e619
0000049b1137be19
0000049b4b6fd919
0000049bf7f51a99
0000049caabf7499
00000939abbc4861
0000000002e87f71
0000000000000181
0000049d9e5c1af9
0000049e33c35599
0000049ee4cdb4b9
0000049f52a91779
0000049fa5664199
000004a01829dad9
000004a01b587b39
000004a0479b5959
000004a0c1db0bf9
000004a0ce4482f9
000004a140ab18b9
000004a14c7abdf9
000004a1f3e1a2f9
000004a222d22999
000004a2bb656c59
000004a389954339
000004a3c52fa519
000004a3d5f13fd9
000004a407f15999
000004a40c4e7219
000004a445c20799
000004a45212c459
000004a47a8e6d19
000004a485365a99
000004a4c26e39b9
000004a5a19ed159
000004a5d118ff19
000004a5d2182ab9
0000094c4c26e461
0000000002e87f71
0000000000000181
000004a62f274939
000004a65edfc279
000004a66fec1fb9
000004a6c78180b9
000004a6e0f45eb9
000004a7068b5fb9
000004a75c3b0cf9
000004a7a1a72c79
000004a7eadd3a99
000004a83a4a8939
000004a8aefe4d19
000004a8b2ed3ef9
000004a8e1131e19
000004a8f0a9c159
000004a93749c4d9
000004a954f1c9b9
000004a97bff9c59
000004a984a9b699
000004aa3669e539
000004aad39836b9
000004ab2a308439
000004ab2dcb7619
000004abb1086899
000004abb1f8c359
000004abf0e26879
000004acef9c13b9
000004ad0a924819
000004ad2e214039
000004ae564788b9
000004ae6e2a9bf9
000004aea4b5c979
000004aeec9bac59
000004af0d4e5c19
000004af3f311f99
000004af71eb04b9
0000095eec918161
0000000002e87f71
0000000000000181
000004afa740beb9
000004b06529ef99
000004b158879a59
000004b18b79c0b9
000004b2c7db1e99
000004b2e9b94259
000004b3443e7fb9
000004b363a38c39
000004b367f4c7f9
000004b38e2d0239
000004b39fe7b1f9
000004b44574c179
000004b462215e59
000004b4cd902439
000004b5083af679
000004b5794ebe79
000004b5890b68b9
000004b606c0b0b9
000004b627275539
000004b689ff7f59
000004b69bc29c99
000004b6afc7bfb9
000004b739bd2e99
000004b81c5caaf9
000004b81f940099
000009718cfc1d61
0000000002e87f71
0000000000000181
000004b944aa4eb9
000004b950f32159
000004b98d7f6b19
000004b9d53cc639
000004ba4d4522b9
000004bb2680bb99
000004bb6e3535b9
000004bbaa4fd219
000004bbd302f7b9
000004bc496c27b9
000004bc62a35f59
000004bca2093799
000004bcc2bf2519
000004bd743acc79
000004bd90804db9
000004be1abed519
000004be20d14b59
000004be29406af9
000004be46d2d839
000004be501b2939
000004be72fc6ff9
000004be99afd279
000004bec16ccc19
000004bed8f58339
000004bedb9983f9
000004bf156bd0d9
000004bf3856d1b9
000004c0032a26f9
000004c0127bc0b9
000004c04e6eded9
000004c092a3bf19
000004c182a84339
000004c186422939
000009842d66ba61
0000000002e87f71
0000000000000181
000004c21bfa8a79
000004c2878e4eb9
000004c2b9416a79
000004c3675b3999
000004c37f027e79
000004c37f539219
000004c3baa11479
000004c495d97ad9
000004c4c37d09b9
000004c60e1465d9
000004c66f4c5799
000004c68a406399
000004c6b6486c19
000004c6c8e4af19
000004c72827be19
000004c732480179
000004c7749edc19
000004c7d0188ad9
000004c7fee805d9
000004c88e539ff9
000004c8d94e53b9
000004c93d3305f9
000004c9f7de3db9
000004ca2308e239
000004ca531bff39
000004ca531c0e19
000004ca682e76f9
000004ca9ac9e3d9
000004caad913519
000004caae6abff9
000004cabb0a4e19
000004cad5c01439
000004cafc50c2f9
00000996cdd15661
0000000002e87f71
0000000000000181
000004cb6b41bad9
000004cbf0d8a4d9
000004cc6457b819
000004ccb3edd4d9
000004cd1f781559
000004cdef04dd79
000004ce2a30b059
000004ce9b84edf9
000004cedbdeaa19
000004cedbfd7df9
000004cf01ac7e59
000004cf9fb4fff9
000004cfccefe399
000004d046eba9f9
000004d05d2cb7b9
000004d132778359
000004d1327796f9
000004d1c540b499
000004d1dd883719
000004d279c5b259
000004d2d77f6259
000004d3977cfc99
000004d3b8904639
000004d4000febf9
000004d402e940d9
000004d40c355c79
000004d46cc81af9
000009a96e3bf361
0000000002e87f71
0000000000000181
000004d5036ca199
000004d53d1df3d9
000004d59a586699
000004d5cb8954f9
000004d644cf4639
000004d64a2e5039
000004d65ab0ef59
000004d68093d699
000004d6b81daf59
000004d725474919
000004d72d0c0af9
000004d7f5765139
000004d84e5bdd99
000004d8a83f0839
000004d9332cc619
000004da603df7f9
000004dad3e337b9
000004db25f03a59
000004dc43b8def9
000004dc6e0efdb9
000004dcd8dc6ff9
000004dd11f92899
000004de05c84359
000009bc0ea68f61
0000000002e87f71
0000000000000181
000004de676e93d9
000004de87f65199
000004de997f0519
000004deb9f27499
000004deea728c19
000004df0c42b439
000004dfb1ea8a59
000004e09adaded9
000004e0e5bdced9
000004e148025ef9
000004e14cfc3739
000004e150543df9
000004e41a9a3d59
000004e49a0dc139
000004e4d3644b99
000004e5ae8b1b79
000004e5e21e90b9
000004e62f44c6d9
000004e6ed0be339
000004e6efce9db9
000004e6fa847519
000004e709b39819
000004e716e00ed9
000009ceaf112c61
0000000002e87f71
0000000000000181
000004e7b7214939
000004e7d679a299
000004e7e2092359
000004e874e90dd9
000004e88e753a99
000004e8eb17e1b9
000004e94e4bf039
000004ea191c5279
000004ea90e33f99
000004eaae1a2079
000004ec09ee0d99
000004ec31da66f9
000004ec4366fa79
000004edc3279679
000004edcdb634d9
000004ee1ce8e659
000004ee34787379
000004ee431b6ff9
000004ee50b2e079
000004ef078fa939
000004f0474b2159
000004f0715b5dd9
000009e14f7bc961
0000000002e87f71
0000000000000181
000004f0ca828679
000004f11df64a19
000004f121d08079
000004f177ed4919
000004f1f8ba7619
000004f2220c1db9
000004f26f207d99
000004f29266ef19
000004f2f37ffb19
000004f351bb7139
000004f371bf0cb9
000004f3aaab49f9
000004f3af433139
000004f3f016e899
000004f3f8e09eb9
000004f48863d619
000004f5541e54f9
000004f6b8a9d699
000004f6bf890399
000004f6f503cfb9
000004f74550e6f9
000004f76f1933b9
000004f80fe44a79
000004f844644079
000004f8d0f7f639
000004f92d4d2979
000004f9358ce859
000004f947491779
000004f9bff16659
000004f9c315c2d9
000004f9efd78319
000009f3efe66561
0000000002e87f71
0000000000000181
000004fa6fe81af9
000004fab1f61c79
000004fb9bfc6c59
000004fbaca20579
000004fbf7ce0dd9
000004fc0966ac59
000004fc843b5099
000004fc93f66e59
000004fcdbd19059
000004fd0e98e339
000004fd1150b779
000004fe0dcc9439
000004ffd29ff6d9
000004ffdf082d99
000005003bdff439
000005004d906699
00000500cae5ae39
00000501443ceb59
000005014db10dd9
0000050182daa0b9
000005030cef96b9
00000a0690510261
0000000002e87f71
0000000000000181
000005035aff16b9
00000503964ed4b9
00000504704c6d59
00000504ef4feb39
0000050582715c99
00000506b9fe53f9
00000506f03d1279
000005072cdc1f99
00000507957620f9
0000050807dff0b9
000005091a6f7ff9
000005095a987d79
0000050ab49d6cf9
0000050b26a03b19
0000050b558cd039
0000050c15890fd9
0000050c1edddfb9
00000a1930bb9f61
0000000002e87f71
0000000000000181
0000050cbd42c8b9
0000050ccb1fbbb9
0000050cd462a4d9
0000050d04018d79
0000050d3b2cd0b9
0000050d7c6b6a59
0000050d90e7df99
0000050df46d5339
0000050df6059359
0000050e488d0b99
0000050ef057e2d9
0000050f24569679
0000050f55554659
0000050f8780e1b9
0000050fcf7bfdf9
0000050ff721c399
000005103370d979
000005105c409c99
00000510e07c3179
0000051157ec93d9
00000511701f54b9
0000051186bddad9
00000511b6374c79
00000512b0e4bfd9
00000512cd3839b9
00000513d29b7639
00000513d931f3d9
00000513f1986019
000005144e361979
00000514583d5c59
0000051463bfd539
000005149da81239
0000051545cc3fd9
000005154edf9999
000005154fc12099
000005155b1cfed9
0000051575810c99
0000051598658ab9
00000515be1803b9
00000515cf19f259
00000a2bd1263c61
0000000002e87f71
0000000000000181
00000515fcece8f9
000005162d8775f9
000005180de9fb19
00000518bbb29ff9
00000518cdddcc39
00000518d2fa6ed9
000005192b7e4f59
00000519d5d79e19
0000051a07c117f9
0000051aba7cdbb9
0000051b463e4959
0000051bdf271ef9
0000051bf060db99
0000051c152c9fb9
0000051c67d80f39
0000051c6a1c9439
0000051cde033619
0000051d5c270d19
0000051d7a7e1c99
0000051de7bbca19
0000051e24f99219
0000051e5ee3ab99
0000051efa91af99
00000a3e7190d961
0000000002e87f71
0000000000000181
00000520a92823b9
00000520b65303d9
00000520f68c60b9
0000052120979e39
0000052155fc00b9
00000521717b3f79
0000052197ff05f9
00000521d5640319
00000523032a3ed9
000005235daa08b9
0000052375c8e3f9
000005239e6350d9
00000523b3e0ee79
00000524e6100dd9
00000524f71776d9
00000526cc24d5b9
00000526fe2777d9
00000527b14647b9
00000527f33a4f99
000005281170fef9
000005282c566239
00000a5111fb7661
0000000002e87f71
0000000000000181
000005297977c559
00000529aa3401d9
0000052a61cf50d9
0000052a76d18b99
0000052a9b299ef9
0000052af4ad65b9
0000052b13d06a19
0000052b150c37d9
0000052b23297919
0000052b4ec98f99
0000052c87744199
0000052caf9af7f9
0000052cfd3f5319
0000052e44f2e599
0000052fa2a25b79
0000052faa252a79
0000052fc02585f9
0000053073891559
0000053082398ab9
00000530db70c3d9
00000a63b2661361
0000000002e87f71
0000000000000181
000005320624ec39
000005325165f879
000005330186fe79
000005333fdae319
0000053429ca3179
00000535c2115f79
00000535e08506b9
0000053603fbd9b9
00000536147d3399
0000053656b25cf9
000005366b2f8db9
00000536dbfcba99
00000536e9491899
00000536fde000d9
000005375f258239
0000053774a610b9
0000053775911459
000005388af919b9
00000538c2d301d9
00000538f58eb4d9
00000539cd4a9979
00000539f78b9859
0000053a1b895999
0000053a40c048b9
0000053a790542f9
0000053a79056179
0000053a82b59159
0000053aab5fc519
0000053aefd764d9
00000a7652d0b061
0000000002e87f71
0000000000000181
0000053c1025ba59
0000053c4807bb59
0000053c5a11e779
0000053ca13c82f9
0000053cd7c67779
0000053d15af0b19
0000053d19b2a179
0000053d1eab2059
0000053d402e22f9
0000053d885ef099
0000053d8a65c359
0000053df35d5d79
0000053e2529acf9
0000053ebdb63179
0000053ed88d6719
0000053f0a835a19
0000053f1918ac39
0000053f4889d739
0000053f78eb47d9
0000053fdbcf62f9
00000540039c8ab9
0000054052e060d9
00000540789125b9
000005409ea6dcd9
00000540b6edb7d9
00000540c437dab9
000005410dc1c6f9
000005414dc69199
000005418b1499f9
00000541b6ad41f9
00000541e19a2d99
0000054215ac88f9
00000542207dcfb9
0000054244ff1b39
00000542b81b2b79
000005435e6a6239
0000054451dd3a79
00000a88f33b4d61
0000000002e87f71
0000000000000181
00000544eb654299
00000545c3ccc0f9
00000545fa8fe0b9
000005467a6f6df9
00000547080f4e59
00000547208ec399
0000054756b50619
000005479c7cb639
00000547c94cecf9
00000547d213e8f9
000005486ba3c839
00000548fccf34d9
00000549092009f9
00000549248e5d79
000005495265a3b9
0000054955746cb9
00000549eea4f879
0000054ab14e44b9
0000054aceaff8d9
0000054adb4a3939
0000054add3262d9
0000054b7b202cf9
0000054c07c7e3b9
0000054c38a5cd99
0000054c532c3db9
0000054c6b7ce659
0000054cbc75db99
0000054cc6737fb9
00000a9b93a5ea61
0000000002e87f71
0000000000000181
0000054dca945ff9
0000054ea2ec2919
0000054fdec845d9
0000054fed095ef9
000005504bf6a719
000005505af00219
000005506c4634b9
0000055168314879
00000551698dac79
00000551f0762ab9
000005525d000e79
0000055275891e59
00000552acc820f9
0000055398d662b9
00000553f28e5bd9
000005543c202519
0000055479b1bb79
00000554fad2d599
000005559f52e3d9
00000555bcfb74b9
000005562ad718d9
00000556df916e59
00000aae34108761
0000000002e87f71
0000000000000181
000005572fd8cc79
00000557a620a5d9
00000557de054cd9
00000558e1cece19
000005599630abb9
000005599933b959
00000559f43905d9
0000055a242bbed9
0000055a82823bf9
0000055aa02b03d9
0000055b79e25d99
0000055b7d68cf39
0000055bc7cd0619
0000055bcbe48739
0000055bd2a0f439
0000055be93819f9
0000055c3bc2a7f9
0000055c45b805b9
0000055c5e55b2f9
0000055c72df0799
0000055cc40f9ad9
0000055d57dee659
0000055d5a642d39
0000055d752b6a59
0000055d803486b9
0000055db296b019
0000055e0b84fab9
0000055e1770bb79
0000055e44d594d9
0000055ef74825d9
0000055f103b7ef9
000005603f1b03f9
0000056042fbc479
00000ac0d47b2461
0000000002e87f71
0000000000000181
000005606e622ab9
00000560f8bedf59
00000560f8bef539
000005612319e9b9
00000561d0b12639
000005620d6113f9
00000562434bf4f9
00000562740fe639
00000562ade7ee39
00000563310b7579
000005633440b6b9
000005633f6c8059
00000563cb4de639
0000056456dfc399
000005656b5ceef9
0000056599dc9d79
00000565bd672779
00000565ce118e99
000005664ecabb79
00000566a4a172d9
00000566e45efd39
0000056718ecb8b9
0000056767a4a7b9
00000567d964b759
00000568338999d9
000005685c64fd99
0000056868e71ff9
00000568987c5559
00000568e2e790f9
00000568f175bad9
00000568f30e3a99
000005690210baf9
00000ad374e5c161
0000000002e87f71
0000000000000181
0000056a1eb23279
0000056a229733d9
0000056a2482ad99
0000056a8814edf9
0000056a8cec90f9
0000056b3ad54479
0000056b511841f9
0000056c1ba187d9
0000056c363cdef9
0000056c40e14cb9
0000056c7dd0dbd9
0000056d91684759
0000056d988c92b9
0000056d9cfa7ed9
0000056db6ac7c99
0000056de3d40699
0000056e0b8a99d9
0000056e1102c099
0000056e4b216359
0000056f1159d3d9
0000056f4583e519
0000056fa9233a79
0000056fbeabb699
0000057011f50db9
000005705e1ff699
00000570781a1a39
00000570b23d7bd9
000005714a438419
0000057235e53099
00000ae615505e61
0000000002e87f71
0000000000000181
0000057313ec8019
000005734625bd19
00000573844de3b9
000005738f4ff399
00000573edccb839
000005740cc27739
00000574571f8f79
00000574c9cfcab9
0000057516fb8b39
00000aeb1a01b961
0000000002e87f71
0000000000000181
