[MCS8 A] 97 FW 3.104 SV 1.257 
range=1024
periods=2
sweepmode=27e20d0
fstchan=0
holdafter=0
streamstatus=3
calreg0=0
calreg1=0
calreg2=0
calreg3=0
swpreset=8000        
prena=1
syncout=0
cycles=18
sequences=1
tagbits=16
vdac0=92c
vdac1=807
vdac2=8c8
vdac3=8c8
vdac4=8c8
vdac5=8c8
vdac6=8c8
vdac7=8c8
timepreset=120.000     
digio=0
digval=0
autoinc=0 
savedata=2 
mpafmt=asc
sephead=0 
fmt=asc
smoothpts=5 
[CHN1]
REPORT-FILE from 06/23/2026 15:59:39.903  written 06/23/2026 15:59:39
cmline0=06/23/2026 15:59:39.903 
cmline1=A1
range=1024
active=1
bitshift=4
cftfak=2580100
evpreset=10          
roimin=0
roimax=1000
caloff=0.800000
calfact=12.800000
calfact2=0
calfact3=0
calunit=nsec
caluse=1 
[CHN2]
REPORT-FILE from  written 06/23/2026 15:59:39
cmline1=A2
range=1024
active=0
bitshift=4
cftfak=2580100
evpreset=10          
roimin=0
roimax=1000
caloff=0.800000
calfact=12.800000
calfact2=0
calfact3=0
calunit=nsec
caluse=1 
[CHN3]
REPORT-FILE from  written 06/23/2026 15:59:39
cmline1=A3
range=1024
active=0
bitshift=4
cftfak=2580100
evpreset=10          
roimin=0
roimax=1000
caloff=0.800000
calfact=12.800000
calfact2=0
calfact3=0
calunit=nsec
caluse=1 
[CHN4]
REPORT-FILE from  written 06/23/2026 15:59:39
cmline1=A4
range=1024
active=0
bitshift=4
cftfak=2580100
evpreset=10          
roimin=0
roimax=1000
caloff=0.800000
calfact=12.800000
calfact2=0
calfact3=0
calunit=nsec
caluse=1 
[CHN5]
REPORT-FILE from  written 06/23/2026 15:59:39
cmline1=A5
range=1024
active=0
bitshift=4
cftfak=2580100
evpreset=10          
roimin=0
roimax=1000
caloff=0.800000
calfact=12.800000
calfact2=0
calfact3=0
calunit=nsec
caluse=1 
[CHN6]
REPORT-FILE from  written 06/23/2026 15:59:39
cmline1=A6
range=1024
active=0
bitshift=4
cftfak=2580100
evpreset=10          
roimin=0
roimax=1000
caloff=0.800000
calfact=12.800000
calfact2=0
calfact3=0
calunit=nsec
caluse=1 
[CHN7]
REPORT-FILE from  written 06/23/2026 15:59:39
cmline1=A7
range=1024
active=0
bitshift=4
cftfak=2580100
evpreset=0           
roimin=0
roimax=1000
caloff=0.800000
calfact=12.800000
calfact2=0
calfact3=0
calunit=nsec
caluse=1 
[CHN8]
REPORT-FILE from  written 06/23/2026 15:59:39
cmline1=A8
range=1024
active=0
bitshift=4
cftfak=2580100
evpreset=0           
roimin=0
roimax=1000
caloff=0.800000
calfact=12.800000
calfact2=0
calfact3=0
calunit=nsec
caluse=1 
;MCS8 #97 Sversion=1.257 Fversion=3.68
time_patch=1
;datalength=8 bytes
;bit0..3: channel# 1..8 ( 4 bit)
;bit4: edge 0=up / 1=dn ( 1 bit)
;bit5 ..57: timedata    (53 bit), max sweep length 2001.6 h
;bit58..62: tag0..tag4  ( 5 bit)
;bit63:     data_lost   ( 1 bit)
[DATA]
0000000000000016
000000000002c519
0000000004d63e39
000000003b10d719
00000000b4beed79
00000000b99e05f9
0000000117fecb59
00000001e6c41c99
000000025b70d119
00000002bf09d239
0000000315ce9259
0000000319355bd9
0000000353ebc979
00000003cc56c159
00000003d9d81799
00000004431fa619
0000000481223c79
00000004c46b14b9
00000004eda6eed9
000000050f42ac19
00000005798caab9
000000062641b339
00000007099a9d19
000000076c7ed1d9
0000000792618839
00000007d6e98f39
000000081f2e8899
00000008f8203539
00000009089cbe59
0000000923ccfcd9
0000000980166bf9
00000009848f7b79
0000000a702eead9
0000000ac29b39d9
0000000ae3585cf9
0000000b1540f919
0000000b375cf2b9
0000000b4c81a7b9
0000000b61db4f99
0000000c1bfb2a19
0000000d84209839
0000000dca0110b9
0000000dcad15fb9
0000000e3b245f39
0000000edbf22979
0000000f26469479
00000010397b0ed9
0000002156c29a61
0000000001ce3871
0000000000000181
00000010c067d799
0000001111cdc2d9
000000112befe819
00000011538f7c19
0000001198c73359
00000011ee776219
00000011f4ce33b9
000000122e842e99
0000001251f47ef9
000000125658c419
00000012e2349619
0000001334545b59
00000013406e5e39
0000001385254f79
000000138d74f3d9
0000001398b77a79
00000013af2191d9
0000001428189139
00000014d77847d9
00000014e80a7919
0000001584b6fb99
00000015af3bda39
00000015bf8e5a59
00000015c5e7e439
00000015d32cf699
00000016451a3359
00000016eb9fd0d9
0000001713fa9d39
00000017a9638e59
00000017cd237ab9
000000181f78eed9
00000018aefe2019
00000018bd1b8c19
00000018db6b5119
0000001905916c59
0000001906f42779
000000191fcc3fb9
00000019442c4e79
00000019a1fddbf9
00000019f0eee839
00000033f72deb61
0000000001ce3871
0000000000000181
0000001a04e82ad9
0000001a19a73499
0000001a43d0e9b9
0000001a5d2b5979
0000001aabff8e99
0000001ab1759ed9
0000001ae22ac8b9
0000001b3b5f24b9
0000001bbe5669f9
0000001bccfab5d9
0000001c0220c479
0000001c0a3ec579
0000001c1b82c739
0000001c218977b9
0000001c32f858b9
0000001cf2121e39
0000001d135a0c79
0000001d5258df39
0000001db7b88499
0000001dc9090cd9
0000001dca0b1019
0000001e9905acd9
0000001eba8e6a19
0000001ee75e0479
0000001f57118f19
0000002028dcea59
0000002044a8f3d9
00000020559d1439
00000020bfdd2739
0000002136f587b9
000000215b1da079
000000216f379f19
000000216fe1fd39
0000002192c2fb79
00000021cbe45279
0000002322e25819
0000004697993c61
0000000001ce3871
0000000000000181
000000242d3eb359
0000002430fbe639
000000245dda2999
00000025407e7379
000000255e13af39
00000025792d7859
0000002590d2ddd9
0000002590d2ecb9
000000272e19b1f9
000000278273de59
00000027e99f21f9
000000284e03b499
000000286b6e8119
000000288e4aa9d9
00000028d2181659
00000028e9c886f9
00000029228f5b99
0000002945b3d839
00000029fc9beed9
0000002a6f2b6a79
0000002aaceca759
0000002b6a37a219
0000002bbc659ff9
0000002bccc3e8b9
0000002bff8cda19
0000002c0bea99f9
0000002c494c56b9
0000002c76b74759
0000005938048d61
0000000001ce3871
0000000000000181
0000002cc6720479
0000002d144517b9
0000002d75721759
0000002d78faa119
0000002d91732fb9
0000002e4bad62b9
0000002e4f886fb9
0000002e617681d9
0000002e682a2e99
0000002eb1464ed9
0000002ed68b3639
0000002efd7198d9
0000002f6c078f79
0000002f9c29a059
0000002f9c29b799
0000002f9f9fcd19
0000002fb028b239
0000002fb6ab9c19
0000002fbb30a1b9
0000002fdc7a7319
0000002fe32fe819
0000002fe63e7039
0000002fec43cf79
000000300c203b79
0000003012cbca59
00000030f3ead4b9
00000031080eca19
000000310dc0bfb9
000000310dc0c7f9
000000313be7b699
0000003142668cb9
000000314b4c1ed9
000000314f3610d9
000000314f3617d9
0000003158437579
000000319e3819b9
00000031cb816879
00000031d4b133d9
00000032788f88f9
00000032a60c3019
00000032aabb4439
000000331ec1a179
000000335c4bf899
00000033c07cd299
00000033db4ee3f9
0000003446269639
00000034731da139
0000003485f03559
0000003491d973f9
000000351f28d9d9
0000006bd86fdd61
0000000001ce3871
0000000000000181
00000035ffc91819
0000003606b37099
0000003631018a99
00000036c5991219
00000036d4dd8899
00000036fb8f6e39
000000370a770d79
0000003733297e19
00000037500bc899
00000037aa26bc19
00000037e6fde119
00000038166f4979
0000003861b3a9b9
000000389f3c19d9
00000038bce4e799
00000038c4900719
0000003944b7afd9
0000003944b7b759
0000003965ca6519
000000396a9daf79
00000039843b8939
00000039aaee24f9
0000003a217a2fd9
0000003a31c9c4f9
0000003adec11cf9
0000003b38e488f9
0000003b687cfcb9
0000003b7e39e8f9
0000003bb7ce0e39
0000003bdc434bf9
0000003d59deb0d9
0000003d5c099a79
0000003d61379e99
0000003dc19b4759
0000003dd6518639
0000003dd933c159
0000003de65b2df9
0000003e03252339
0000003e35632179
0000007e78db2e61
0000000001ce3871
0000000000000181
0000003f553bbb39
0000003f80c83d59
0000003f834726d9
000000400556c0d9
00000040125bac39
0000004016c36bf9
000000409cb43b99
0000004167513d99
00000041da7a2f19
00000041fc10f259
0000004227c145d9
000000428b8a5619
0000004298c0d219
00000043bed7ca39
0000004416407a39
00000044201688d9
0000004462cd0f59
0000004473675df9
0000004478979239
00000044a8bd9d19
00000044df2115d9
00000044f6ec1859
0000004518b63299
000000455c8bc9f9
00000045886b5359
0000004591a75339
00000045de61b9b9
000000464be2f3b9
00000046951d9099
000000469c851a59
00000046cc2db339
00000046f0c0bd99
0000004708f60e19
000000472e88f279
0000004820c88539
0000004829e26ff9
0000004844978dd9
00000048521bd9d9
00000048587ca939
00000048734ccd39
0000004876c4bef9
0000009119467f61
0000000001ce3871
0000000000000181
0000004891de0a79
00000048a273b879
00000048c5e15159
00000048fabc1219
0000004954f71b39
00000049ba7554b9
00000049c4454b39
00000049e4c94119
00000049ed353ab9
0000004a1e0fad39
0000004a88e9d059
0000004aa46665b9
0000004b7e05faf9
0000004bb2ccfeb9
0000004bcd89e119
0000004c25bb6e59
0000004c9efb4ef9
0000004d3bbe8b19
0000004dbdc51739
0000004e9d214819
0000004f0a13e8b9
0000004f681c0f19
0000004f9f63bcb9
0000004fd7600819
0000004fd9659499
000000502fe859f9
000000504ab96fd9
0000005090fbe199
0000005132715679
000000514ef1be79
00000051523f7119
000000a3b9b1d061
0000000001ce3871
0000000000000181
0000005237f4df59
00000053afc2ea39
000000548a972eb9
00000054b7f190f9
0000005515f56619
000000551f76f6f9
0000005523cc6b79
0000005529bd21f9
0000005560337899
0000005562e05959
00000055b46f6f79
00000055d9566c39
00000055f5039419
000000561741e039
000000566cfc3499
00000056e436cb39
000000571b3063f9
000000578f2c1c59
00000057dec6efb9
0000005817d56299
000000581c2b0ab9
000000583d41f5f9
0000005855e28c19
00000058a68f7719
00000058b75a4339
00000058d9e2ba19
00000059483d21f9
00000059d0d152b9
00000059d8597119
00000059e04af4f9
0000005ab2e08c79
0000005aba2b18d9
000000b65a1d2161
0000000001ce3871
0000000000000181
0000005b67122d59
0000005ba8a30f19
0000005c72a21459
0000005cbeda4659
0000005ccec576b9
0000005d56477cf9
0000005d8de275b9
0000005dde0936b9
0000005e7d52c819
0000005f48ed9959
0000005fc12d0779
0000005fc4080d59
000000600bf16139
000000601a26adf9
0000006056163039
00000060c18f0259
0000006174860c99
0000006174f40419
000000617eb6c3d9
00000061b86648f9
00000061b99fddb9
000000623a392ab9
00000062be496099
00000062c46e6839
00000062de452819
000000630c890eb9
00000063c744f419
00000063e66b1d39
00000063fd219179
00000064191a35b9
000000c8fa887261
0000000001ce3871
0000000000000181
0000006489645d19
00000064de93fd99
00000064f89a07d9
0000006502ad6519
00000065533664b9
0000006593317c99
0000006596ffaa99
000000659910e759
000000659c2dc8b9
00000065c15712f9
00000065d892c9b9
000000667cdf6579
00000066d41352f9
00000067183d5919
0000006769bc68f9
00000067735717f9
00000067d0fb1b59
0000006813d3d759
0000006840d9f1f9
00000068be589ab9
00000068ea04a2b9
0000006974ebb5d9
0000006977614879
0000006a1260d019
0000006a2817ea99
0000006a64354879
0000006a672e3059
0000006a9c0a8e59
0000006aafe2a319
0000006ac8eb0939
0000006b816def19
0000006bb9fa0a59
0000006be59c0019
0000006cd0a6e539
0000006d5257c539
000000db9af3c261
0000000001ce3871
0000000000000181
0000006e3e565319
0000006e522bf359
0000006ed5a8d359
0000006fb3f3e639
0000006fc2e081d9
0000006fde2e9eb9
000000703b4db1f9
00000070b06dc3f9
0000007110d04959
000000713639a039
000000713e5fa919
00000071d05f1119
0000007253b1fc79
00000072981fd5f9
000000734c2de3f9
00000073552c98d9
00000073771216b9
000000742d7215d9
0000007485a77b39
000000748cbca7b9
0000007498f68719
000000755778f499
00000075828dd679
000000767afbef19
00000076cf5606b9
00000076f08db3b9
000000ee3b5f1361
0000000001ce3871
0000000000000181
00000077411a7b59
0000007769c1cbb9
00000077a5eeff79
000000781590de39
000000784b57bad9
00000078bf450f19
000000790848d339
000000799c15b4d9
00000079b4d349b9
0000007a65b0a519
0000007a97242939
0000007b2451b499
0000007b7921e179
0000007b7eb59559
0000007b7fbe4e39
0000007b92a18699
0000007c2746df59
0000007c4b367c79
0000007c83fa6419
0000007ca51ed759
0000007d0ac9d3b9
0000007d8eaa1259
0000007df19da8d9
0000007df2c0f8b9
0000007e065b3f79
0000007e667a9159
0000007eb01c17b9
0000007eb5e4c5f9
0000007fdf0613b9
00000080261e7a79
000000804575dbd9
00000080673d52d9
00000100dbca6461
0000000001ce3871
0000000000000181
000000808db6e759
00000080cfb6cc39
000000810bbe1119
000000811eb3c2d9
00000081693d2759
0000008189478119
000000818a1ac6b9
0000008310a764d9
000000839d6df919
00000083e42fb739
00000084cdfc16b9
00000084da3db739
0000008568fc3e79
00000085ca062099
000000860cbcf139
0000008684d63639
00000086cb079839
000000872d0498f9
00000087b5e14279
00000087ba8824f9
00000087ba883d39
00000088569e5959
00000088731dc979
0000008881afb1b9
00000088984165d9
00000088e463bbb9
00000088f4b4eb99
000000890bdb6c19
000001137c35b461
0000000001ce3871
0000000000000181
0000008a13a1c839
0000008a669843d9
0000008bc3030759
0000008c09cf5539
0000008c4dec5859
0000008d2e6ea5b9
0000008d57a98c59
0000008d6e0a0339
0000008dad3e9659
0000008e4f81ccf9
0000008e59c81279
0000008e9f719e39
0000008ebb27c699
0000008efc967619
0000008f1cf1a5f9
000000907b686639
00000090e083b319
00000091b9bea1b9
00000091b9beb439
00000091d077d679
000000925c77bb79
0000009268f5bcd9
000000930cdb0e99
000001261ca10561
0000000001ce3871
0000000000000181
000000931ba20f99
0000009325918cf9
00000093606ac619
0000009408f47719
00000094972b42f9
00000094af93e2d9
0000009588bd2659
0000009605917699
000000963b9c0699
00000096732d6279
00000097b0e0c839
00000097c10b3a39
000000980a842719
0000009833ca0159
00000098973ad859
00000098be328579
000000994ccc2cb9
000000994d0b8359
00000099a9d513d9
00000099d2711319
00000099e5c40b79
0000009a5033fa39
0000009a919dd799
0000009a98d4bf99
0000009aedcd46f9
0000009b0e446439
0000009b22626419
0000009be0b54cf9
00000138bd0c5661
0000000001ce3871
0000000000000181
0000009c6f338e19
0000009caf78a059
0000009cb22f6279
0000009d128167b9
0000009d419c3659
0000009d61f31539
0000009d68ad58f9
0000009d77cf21d9
0000009ea48662b9
0000009efb8a56d9
0000009fd1629bd9
0000009ff95d7999
000000a044dbd0f9
000000a0a0b0ca39
000000a0b8bd0b79
000000a0be9943d9
000000a1b7fb6f99
000000a2832af719
000000a2c94d6b59
000000a2e917a499
000000a306e59799
000000a380d5d8f9
000000a390820d99
000000a39bbf04f9
000000a3a2cf77f9
000000a3ac57dd99
000000a3e37e5799
000000a427195f39
000000a45d1e7419
000000a46bef7599
000000a4a2fc2179
000000a4eca98e19
000000a533452139
0000014b5d77a661
0000000001ce3871
0000000000000181
000000a5b2f89099
000000a5c8226419
000000a5ef61a359
000000a69932fdf9
000000a72ad32699
000000a740d00899
000000a85e59b4d9
000000a8e1603179
000000a92b69ecd9
000000a93da8e799
000000a9a7f44299
000000aaa803c239
000000aae5471a79
000000ab8930ea99
000000abf510a999
000000ac033102b9
000000ac1a4e9e59
000000ac246bc259
000000ad3457be79
000000ad3457c699
000000ad6cd78ab9
000000addaa4a679
000000ae691e1c79
000000ae720f3879
000000aefb886d19
0000015dfde2f761
0000000001ce3871
0000000000000181
000000af3b570919
000000af45d0e479
000000af47571db9
000000afbcb388f9
000000aff1768b39
000000affd024f79
000000b027391af9
000000b03aedddb9
000000b0591d47b9
000000b08d5ade19
000000b0bd803a39
000000b0bd8041d9
000000b0c7b4f039
000000b0ea3d5e79
000000b17bf4b9b9
000000b1f8d63ff9
000000b207a451b9
000000b243182679
000000b248824199
000000b25b487339
000000b3288f4479
000000b367270939
000000b407ab1d39
000000b45f447879
000000b4c7f07419
000000b4d9ecf2f9
000000b508873419
000000b5490ac479
000000b55a340d39
000000b55a341339
000000b55aa71ad9
000000b5e1efc719
000000b642ec2899
000000b699e5ee59
000000b69d06be79
000000b738067e79
000000b74e8b7499
000000b75039ec99
000000b750e1c3b9
000000b823e397b9
000000b82d80eed9
000000b8306b4dd9
000001709e4e4761
0000000001ce3871
0000000000000181
000000b865bda099
000000b90af09139
000000b9aa1fbff9
000000b9c999def9
000000bb42ccd1b9
000000bb469d6419
000000bc01142299
000000bc6fd60a79
000000bc802deb79
000000bcc05e6899
000000be0230cc19
000000be0230d639
000000be3a759139
000000be6d3bd659
000000bec9fdaa39
000000bf10a0ef19
000000bf3c41adf9
000000bf55f63559
000000bf5829bcd9
000000bf73aee4d9
000000bf9621c6b9
000000bfbe350639
000000bfefe209d9
000000c019f61ff9
000000c0b8dd2db9
000000c0f1778f59
000000c0fb3729f9
000000c11b9a5e19
000000c152dc5219
000000c173456139
000001833eb99861
0000000001ce3871
0000000000000181
000000c1bf971719
000000c305c0a0b9
000000c395e007b9
000000c421047fb9
000000c476057bf9
000000c4f0137fb9
000000c545330f39
000000c54c637e99
000000c5e8968579
000000c5fbc93d39
000000c614dc8ab9
000000c627b7a079
000000c669b5ee59
000000c66f24fe39
000000c6b8dc1f59
000000c6c8c93039
000000c6cd3a98f9
000000c75103e019
000000c75d02ab19
000000c769054bb9
000000c798276339
000000c7bd97f959
000000c7cea72a19
000000c8261af7d9
000000c8355f39b9
000000c8b31df8f9
000000c90df146f9
000000c9bf267af9
000000ca2dc5d7f9
000000ca71e54319
000000caeb564939
00000195df24e961
0000000001ce3871
0000000000000181
000000cb123121d9
000000cb86a7ce39
000000cb9a2aa519
000000cbf3e28d79
000000cc24fe6339
000000cc85236819
000000cce02bf719
000000cd0625fbd9
000000cdff244459
000000ce0bd69219
000000ce366d2239
000000ce4089f299
000000ce473977b9
000000ce59d9a559
000000ced0c4f219
000000cf03362cb9
000000cf7f119d59
000000cf9cd55059
000000cfcd925fd9
000000d01bc55639
000000d070d9baf9
000000d08fd77519
000000d0a84350f9
000000d0c103cf79
000000d112665a19
000000d1394a98d9
000000d14ceba279
000000d1bc106339
000000d22a086439
000000d26a8f9019
000000d2a20fe9f9
000000d2b120c4d9
000000d2b6a86839
000000d2b7657659
000000d31077e1b9
000000d31f120b59
000000d36e298d99
000000d3c85aa919
000000d3f7465a99
000001a87f903961
0000000001ce3871
0000000000000181
000000d457217839
000000d46e991df9
000000d529dfc279
000000d6082e1519
000000d60c24ac59
000000d65f1c5af9
000000d7229f6db9
000000d78f71df59
000000d7e5e6ab99
000000d8200cc999
000000d82b38d699
000000d87227a1f9
000000d8acc79b99
000000d8ceef9659
000000d8e8cb2339
000000d949b90179
000000d99969a379
000000da6ac453f9
000000dabda85379
000000dac2bbff19
000000dacd1613f9
000000dc43018d59
000000dc6cac82f9
000000dce00ca6b9
000000dd54c54259
000001bb1ffb8a61
0000000001ce3871
0000000000000181
000000de1bbdd499
000000df0cc946d9
000000df4f806f19
000000df807c05d9
000000df8fcc98b9
000000dfe2523999
000000e02a74f419
000000e0615c8ab9
000000e0d7cdb5b9
000000e0f1b83d39
000000e154a6d3d9
000000e2ad54b899
000000e2b8646959
000000e38b7c6e59
000000e49df1d219
000000e4e4968d79
000000e5429dba99
000000e54abedd59
000000e595c7c919
000000e6644fa1d9
000000e685176a99
000000e6ab8e9e99
000001cdc066da61
0000000001ce3871
0000000000000181
000000e6f13e1439
000000e7d8ca1839
000000e81348ac79
000000e8bef584d9
000000e8c3377e19
000000e8d5ba9319
000000e90c49bab9
000000e93a2ba639
000000e9b88f3c19
000000ea10290c99
000000ea9e30b559
000000eaecf62159
000000eb6643b2b9
000000eba131e419
000000ebc8bb5d19
000000ebd1e5e8d9
000000ec05f202b9
000000ec5b17aa99
000000ecbca8e499
000000ecf8425cb9
000000ed00ba2bf9
000000ed23713cf9
000000ed767abf79
000000ed9a948199
000000ee3c224279
000000ee58d91af9
000000ee6a044019
000000ee6a044179
000000eee422fd79
000000ef4ed62119
000000ef50e85519
000000ef78307559
000000ef8d1a5939
000000f010003579
000001e060d22b61
0000000001ce3871
0000000000000181
000000f037eefb79
000000f078a63239
000000f0b914d1b9
000000f1664f91d9
000000f18ba3a419
000000f1a7461a39
000000f225ec68f9
000000f3cbfc71f9
000000f3eb9c5f19
000000f42e7a4bf9
000000f42e829839
000000f484a6e919
000000f4953f6399
000000f4a2aedab9
000000f4c2c48e59
000000f4c595f3b9
000000f5046398b9
000000f568298139
000000f5763d6b59
000000f5763f7819
000000f587158e19
000000f59f7f4b79
000000f5fe689d79
000000f608acfad9
000000f61ee29199
000000f6e36eabf9
000000f764324e99
000000f7645ef799
000000f77f498cb9
000000f7f2654919
000000f7f370db59
000000f8618edab9
000000f87d3c0979
000000f8a51ca719
000000f8f7dee579
000001f3013d7b61
0000000001ce3871
0000000000000181
000000f99f366539
000000f9aa323a99
000000f9e1b74659
000000fa388bb419
000000fa48230dd9
000000fa77351e79
000000fb46874419
000000fb6cb91639
000000fb910938d9
000000fba2109e39
000000fc1bd36759
000000fc2c649f79
000000fc60d58779
000000fc69025379
000000fcff703a99
000000fd3c7f04b9
000000fdb923f8b9
000000fe8f54d559
000000fea37029d9
000000fef702e299
000000ffe52c59f9
000001005c738639
0000010065dbe559
0000010098319499
000001018cfe9a19
00000101be18fa79
00000102a1393db9
00000205a1a8cc61
0000000001ce3871
0000000000000181
00000102f52c48f9
00000103100faef9
0000010334a8d699
00000104a881bcd9
000001051147e699
000001056e15a339
0000010592d1c759
00000105c8756579
00000105f5136859
0000010615929dd9
000001063fecc739
000001069387ac59
00000106a5439c59
00000106cd4db699
00000106df2dec19
0000010719724af9
000001072f2838b9
000001078fa644b9
00000107ac990a59
00000107b66cf959
000001084121d1b9
0000010876cd9719
000001089ea0cdd9
00000108aba6e2d9
0000010914b26f19
000001093be35ed9
0000010971c5eaf9
00000109a5bae5f9
0000010a6d8f9cd9
0000010a8c22b939
0000010a9ba28a59
0000010a9ba2bfb9
0000010ab1eaba39
0000010ab5867139
0000010b112c22f9
0000010b25b172d9
0000010b4ac48299
0000010b6c2cd4d9
0000010bda9db6d9
0000010be09e77f9
0000021842141c61
0000000001ce3871
0000000000000181
0000010c3b680c99
0000010cd4e04a39
0000010d119a0a19
0000010d54149bf9
0000010dfd8d9979
0000010e028bad59
0000010e20bd9df9
0000010ead5ca699
0000010eb7bfb1b9
0000010f7679b699
0000010fb8b51af9
0000010ff5fd10d9
00000110218c3059
0000011027100199
000001110ec5c5b9
0000011118535499
000001111e366559
0000011122ad1f59
000001112dabb879
000001113fbe21f9
0000011157bdb019
0000011179948459
00000111850d6319
00000111b10620f9
0000011233fa8db9
000001123416e979
000001129ef7eab9
00000113b502abf9
00000113b8ea1039
00000113c927ee39
0000011423e3a4b9
0000011478dcd539
00000114a5522b19
00000114f48b75f9
0000022ae27f6c61
0000000001ce3871
0000000000000181
000001157ac7eed9
00000115a87c37f9
00000116423899d9
00000116537278b9
00000116a0d7fa19
000001170fcd7cb9
00000117f4c06619
00000119169c25b9
0000011943570939
00000119795e2619
00000119884d4ff9
000001199650a6b9
00000119cf27aa99
0000011a0e910af9
0000011a5c821779
0000011a7fd4ee79
0000011a9bd70979
0000011ac51d0719
0000011b00d30659
0000011b52e16019
0000011bc9c93619
0000011bcc87c359
0000011bf3c3fb39
0000011c29763c19
0000011c99699019
0000011ca4ad70d9
0000011d323403b9
0000011d701dfe79
0000011dbc2f3e99
0000011e285a2e79
0000011e2b818619
0000011e5ce6dc79
0000023d82eabd61
0000000001ce3871
0000000000000181
0000011eec7f9a19
0000011ef1e5bdf9
0000011f060c2799
0000012032706a39
0000012068e22579
0000012088415939
000001212dbde399
0000012184fe20b9
00000121a0857cb9
00000121a5141a39
0000012214280ff9
0000012226b99279
000001223d6b0059
000001223eb3ea99
00000122bb53bed9
00000122f91eb5b9
00000123a81db1d9
00000123ab311b79
00000123e2e66459
000001240b628c19
000001243f31efd9
000001247a40a7b9
000001248a166c19
00000124bc9adbf9
00000124e6891db9
00000125829c60f9
0000012594cadf19
0000012598399359
00000125a5fb6d39
00000125ae0af9f9
00000125b0c1e9f9
0000012600f18139
00000126619020f9
00000126709a6059
00000126833a73b9
000001268f4e3139
0000012690baf2b9
0000012705b018f9
000001273261abf9
00000127543f49d9
000001279bd8b559
00000127a7529939
00000127b94b9699
0000025023560d61
0000000001ce3871
0000000000000181
0000012826d9a979
000001283d4d9619
00000128a6d93739
0000012912c924f9
0000012957c4bc39
0000012971fea539
00000129db024b19
0000012a095499b9
0000012a8a516959
0000012a953af559
0000012a9a29dc59
0000012b4ce1fc39
0000012b73e04fb9
0000012b87c0be19
0000012bebe78ff9
0000012c20718779
0000012c3ff4d659
0000012c69645f79
0000012d01d9aab9
0000012d1a528c99
0000012d6ce08f99
0000012d9589a979
0000012dbe5b0579
0000012dc9ce9579
0000012df1fb7fd9
0000012df628d9b9
0000012e6b25cbb9
0000012ee90a5cb9
0000012eed445539
0000012ef54bfb59
0000012efd5eea59
0000012f0d2a8479
0000012fe8f11179
0000012ffff1a739
000001310b3ade19
0000013118f98d79
000001312e469b19
00000262c3c15d61
0000000001ce3871
0000000000000181
0000013182075ad9
000001318512f2b9
00000131f1466659
00000132321ca1d9
000001326871b3d9
000001326cbc98d9
00000132e6bf3b79
000001335517b2d9
0000013365f1dff9
00000133bd1fd2f9
00000133e1d1fb39
00000133ebcd92d9
0000013439ae5639
00000134980c5d99
00000134df122b19
0000013516ab44f9
00000135bb3fbdf9
00000135c7e4a0b9
00000135d270a159
000001364324f659
00000136b4b51499
000001372fa765f9
000001373508dcd9
00000137aa718f59
00000137aa71af39
000001388d534e99
00000138a57c5279
00000138f1811e59
0000013950831fd9
0000013a599b6719
00000275642cae61
0000000001ce3871
0000000000000181
0000013b536e9a19
0000013b6cf22d19
0000013bdea8af99
0000013c9b15eeb9
0000013d738f87d9
0000013d9c390399
0000013e05d58239
0000013e41653859
0000013e8c915f39
0000013edb8f0259
0000013efc1320f9
0000013f79fa25d9
0000013f97fc2e59
00000140bbbc34f9
00000140d42aa6d9
00000140ff7f6db9
00000141c313ed39
00000143bfcf61d9
00000143dd5e67f9
00000143e0751759
00000143f628e5d9
000002880497fe61
0000000001ce3871
0000000000000181
00000144561a4f79
0000014587459219
000001465613c059
000001469a56fd19
00000146e17a20b9
00000147052a0ad9
0000014718b520d9
00000147b27ce2d9
000001483e581139
0000014843b252d9
000001486c76aa59
000001497d90a179
00000149fa96dc39
0000014a1cb418d9
0000014b03717b19
0000014b06ce0c99
0000014b5c4fcf79
0000014b77a9eb79
0000014b9c40bb59
0000014ba1b89439
0000014c045a9519
0000014c73619459
0000014cdf4d3419
0000014ce8048bb9
0000014d0f002199
0000014d23bfebd9
0000029aa5034e61
0000000001ce3871
0000000000000181
0000014d97d7be19
0000014e31648439
0000014e56dca919
0000014ea9b484f9
0000014ebbcd4b39
0000014f2caa6bd9
0000014f34e74e59
0000014f907c6039
0000014fbbad8e59
0000014fbbad96b9
0000014fda1b0f39
0000014fe0ac5cd9
0000015006f60559
00000150287d1df9
000001503872dfd9
00000150b893e139
000001518d9addd9
00000151af25b7d9
00000153389dff79
000001533a6980d9
000001541ae57659
0000015463ad1d39
000001547b00f619
000001549b4e1a39
00000154a8087f99
00000154ba823e99
00000155180bd739
0000015617d66f39
000001564429e9b9
000001564dfffab9
000002ad456e9e61
0000000001ce3871
0000000000000181
00000156ad3dd599
00000156ce242419
0000015738207759
0000015780651f59
00000157a02a9539
00000157f7ae4779
000001592af098d9
00000159481657f9
00000159839dcd79
0000015a07e3a6f9
0000015adf8a3359
0000015b497fa119
0000015b9c3b9e19
0000015bf09ad519
0000015bf13a4599
0000015bf1eab4d9
0000015c2bc4d639
0000015ca92061b9
0000015cba311bf9
0000015d1cedacd9
0000015d3d44bf79
0000015d920efbd9
0000015dee9ebfd9
0000015e977ada19
0000015eafa4d419
0000015f8a10c059
0000015f99cfc7d9
0000015fd37581d9
0000015fe7f0e619
000002bfe5d9ef61
0000000001ce3871
0000000000000181
000001609a6a0e19
00000161f874d8f9
000001621b060cb9
0000016254eddbd9
000001626b2c39f9
00000162e312f1b9
00000163206853b9
0000016334c48a39
00000163589ff339
00000164d5522859
0000016517b51139
000001656c7ecb19
00000165d2d735d9
00000165d2d75819
00000165dd567819
0000016645c6e1d9
000001666e250639
00000166af774d99
00000166b20c54f9
00000166dfa11bf9
00000166f1d3a179
00000167410acb59
0000016741bdb1f9
00000167ad259619
00000167b5b4ac59
00000167c6e91519
00000167de88fb39
00000168640a1399
000002d286453f61
0000000001ce3871
0000000000000181
0000016994df9839
00000169d0870dd9
0000016a3d9aa019
0000016adf225579
0000016af5f119f9
0000016b11324d79
0000016b7d074179
0000016badbd5819
0000016bfa393f39
0000016c070e8039
0000016c3c7fee19
0000016cbd9d7799
0000016ce1f4ef19
0000016d745c4cb9
0000016d9ce71b79
0000016dd0959099
0000016ea35d2159
0000016ec5b09ff9
0000016f0ce835b9
0000016fb65832d9
0000016fe51118f9
00000170157477f9
000001706961a5b9
00000170dff34899
000001711a258819
00000171882f0539
00000171e3935d19
000001728c2451d9
000002e526b08f61
0000000001ce3871
0000000000000181
00000172a87c0219
0000017338b55ff9
0000017362e339d9
00000173dc684939
000001744cd9e179
000001746b3e3379
000001752ef2ca39
000001753fd473b9
0000017553c0e119
0000017577c16a39
0000017608a542f9
000001763df1e559
0000017686743439
00000176e3e31139
000001772e2d9699
00000177c035fb99
0000017806368179
0000017852190f59
000001790891ba59
000001791028f579
000001794af372b9
00000179ec22b859
0000017a391de039
0000017a64a95c39
0000017a93c730b9
0000017ab6f6f839
0000017b08b14719
0000017b2148e8f9
0000017b62e74079
0000017b80333b19
0000017b884a5f59
0000017b95963c59
000002f7c71bdf61
0000000001ce3871
0000000000000181
0000017bedbd81d9
0000017c1aa46559
0000017db1dfc359
0000017dd80aac99
0000017de1dc4fd9
0000017de8442bd9
0000017df14f6039
0000017e17630639
0000017e4d493999
0000017e895e4279
0000017ed472c459
0000017ef1ac4279
0000017f33d73ab9
0000018043edda39
000001806d8eaff9
00000180a285ecb9
00000180b7429dd9
00000180bba10e39
00000180d01dcbd9
00000181116b7719
00000182106c9ef9
00000182106f1cd9
00000182a41cb499
00000182b7290919
00000182d7f15c59
00000182f0e277f9
00000182f7d8d699
0000018365c123d9
00000183bb12a0d9
00000183bf61c299
00000183c96e6af9
00000183d2b27239
000001841dc4eb59
000001841eab11d9
00000184218d1539
000001846891b639
0000018481c684b9
0000018489c99fd9
00000184bc18f6d9
000001850956e719
000001852c355d19
0000030a67872f61
0000000001ce3871
0000000000000181
00000185392a71b9
00000185e5414d39
00000185fff800d9
000001868d3abc59
000001869f508b39
00000186a737ceb9
0000018703eff699
0000018739d34dd9
00000187682756f9
000001878ab5e3b9
00000187cd132899
00000188191ef859
000001881ced1319
000001881ff8f3d9
00000188442c1ad9
0000018845bf24f9
0000018873f3bf59
000001889eb264f9
00000189adcb4839
0000018a04b35f79
0000018a17765f99
0000018a1bc1f0f9
0000018a1dc0dd59
0000018a65b0b4b9
0000018b21bd39b9
0000018c516ca479
0000018d9cd7e759
0000018da54e1ad9
0000018e0e005af9
0000018e796e2739
0000018e796e34d9
0000031d07f28061
0000000001ce3871
0000000000000181
0000018ebdcc06d9
0000018ec39d5c39
0000018f25b17899
0000019043a2e659
0000019095f5da79
00000190cc05b179
00000190fdc85459
00000191460257f9
000001914e660679
00000191c187e539
000001924e5ba1b9
00000192759e3839
00000192b7172c19
00000192e6b0bd59
000001938e36a0d9
00000193981a10b9
000001940e30f6b9
000001945932fc59
00000194f784eff9
000001952a23be59
000001953091d919
00000195548506d9
000001959dfdb6f9
00000195a1b896d9
00000195ff28f779
00000196d961ed59
0000019726665b59
000001975afed999
000001975df50c39
0000032fa85dd061
0000000001ce3871
0000000000000181
0000019803c46e99
00000198260407b9
00000198e24ef9d9
00000199def10af9
0000019ace4c93f9
0000019b2360bfd9
0000019b41173759
0000019b46bfc159
0000019c48880779
0000019c5d957e99
0000019c6afaaa79
0000019c6fc5fc19
0000019c81df73b9
0000019c895acd99
0000019cda3cae59
0000019d7ac99579
0000019de7c1e139
0000019e3532f7b9
0000019f1a3c5659
0000019f506b33f9
0000019fc3e44e99
000001a035752759
000001a047c8b759
000001a0bc9e2959
0000034248c92061
0000000001ce3871
0000000000000181
000001a16cde0bb9
000001a24fb14379
000001a272f1fbf9
000001a3014699b9
000001a439a096b9
000001a4423848f9
000001a4f6761a99
000001a53a516d19
000001a542ec6c99
000001a54ba8be19
000001a5912521b9
000001a599252119
000001a5a1bdd959
000001a5bea79bb9
000001a6042e68f9
000001a61b8333f9
000001a6878f3a79
000001a6b4050eb9
000001a6f2933259
000001a7350103f9
000001a73ceaa479
000001a791e42819
000001a7ad29d6b9
000001a875244079
000001a8c26976d9
000001a8e5b09039
000001a8f3f6bf59
000001a8ffc9d639
000001a938ef5a59
000001a96300a839
000001aa33f39f99
000001aa3450ddf9
000001aa53f8e839
000001aa649982f9
00000354e9347061
0000000001ce3871
0000000000000181
000001ab61fc2999
000001ab9550d339
000001ac069606b9
000001acba619619
000001acbf68ab39
000001ace4d47819
000001ace5a7faf9
000001acf80c8bd9
000001ad6c7d5399
000001ae5ec7e199
000001ae8f2e4b99
000001aec781bc59
000001aed3786699
000001aede7ffff9
000001aefeea3679
000001af8867b4f9
000001aff3810479
000001aff83c0cb9
000001b006309ad9
000001b047974479
000001b0761682d9
000001b19fcd6339
000001b1b3065e39
000001b1cebf4399
000001b22f6f0479
000001b275425819
000001b28ed97a79
000001b314725219
000001b366db39b9
000001b37dee50b9
00000367899fc061
0000000001ce3871
0000000000000181
000001b3c69aff19
000001b3cd840059
000001b4491963b9
000001b44cb41119
000001b48e2fa879
000001b4fd38e9f9
000001b518f7a739
000001b5d5d36ff9
000001b5daddef99
000001b60ddd0c59
000001b67ad53eb9
000001b69b07a8d9
000001b725a4ab39
000001b73106be19
000001b7562294b9
000001b7c9025fb9
000001b7d82d5e99
000001b7e501b2d9
000001b7ef00eef9
000001b80f56e1b9
000001b8a908ba99
000001b8ac492639
000001b8d9740819
000001b8f74066b9
000001b943040919
000001b9917b7c59
000001b9c3977e39
000001b9e72cb5d9
000001bb1cd75399
000001bb77cd9399
000001bc48f905d9
000001bcbc52acf9
000001bcc2250179
000001bcded371d9
000001bd0c715019
0000037a2a0b1061
0000000001ce3871
0000000000000181
000001bd1c84b3d9
000001bd2afa3619
000001bd4b656b19
000001bd5ee6b579
000001bdcf4d8f39
000001be5c4383b9
000001becf3dfb19
000001bedc8982b9
000001bf2416f719
000001bf40dec039
000001bff4b41179
000001c03af31cd9
000001c067138959
000001c0cc6320d9
000001c11cc91559
000001c136eedfd9
000001c1b0d23d79
000001c20ad24179
000001c2d4ebed59
000001c2d4ebef79
000001c2e38c3c99
000001c325f8bf99
000001c378862399
000001c37d048159
000001c380eaceb9
000001c39659b179
000001c3ac6f5659
000001c3cb417079
000001c408afa939
000001c429c54379
000001c45e20c599
000001c5437ebb19
000001c55099d119
000001c62aca2499
0000038cca766061
0000000001ce3871
0000000000000181
000001c6703e0279
000001c6831588d9
000001c6998a3f99
000001c6eb7d0c79
000001c76eda9d39
000001c817d5a079
000001c88b195879
000001c8d1b537b9
000001c922a58099
000001c9b0a0e2f9
000001ca2c894bf9
000001ca6cbaf7f9
000001ca72d33319
000001cb2aa957f9
000001cb4309c379
000001cb5803f439
000001cbcfa5b8b9
000001cbe399c599
000001cbf8e9e5f9
000001cc08091f39
000001ccae433db9
000001cced5bd359
000001cd4e7f45d9
000001cdfa6cc079
000001cdff3718d9
000001cedac23159
000001cedac24279
000001cf54320dd9
000001cf7cb96b19
0000039f6ae1b061
0000000001ce3871
0000000000000181
000001cfc71892f9
000001d0125db419
000001d09131adf9
000001d0f7cb5d39
000001d0ff6f8599
000001d1313d5599
000001d1431a6499
000001d19d4df2d9
000001d2059e52f9
000001d29479cef9
000001d2faa3f8d9
000001d30f2f7359
000001d3e9e84519
000001d42cf05cf9
000001d4f4509939
000001d56a9a11f9
000001d61f884f19
000001d65d810d79
000001d6686a6fb9
000001d67ff2eeb9
000001d6cb9c2f79
000001d700d643b9
000001d701cd8b19
000001d79f662179
000001d7b33b24d9
000001d8154c2079
000001d84e315759
000001d8f0cde939
000003b20b4d0061
0000000001ce3871
0000000000000181
000001d92fd405d9
000001d977b70ed9
000001d9deedcf99
000001d9eea3deb9
000001d9f8360599
000001da7ce651b9
000001daadb0ea99
000001dae31dc8f9
000001daf4272859
000001db22173919
000001db883c4c79
000001db94c81a19
000001dc7a34d1d9
000001dc8da71e99
000001dc9bae7bb9
000001dcc3c103b9
000001dcebd0d699
000001ddb3cf3f99
000001de0cca4519
000001de20a95539
000001dea21642f9
000001debeaf4899
000001defa7eb4d9
000001df0bbf4759
000001df3d46efb9
000001df5e9f0139
000001df82652a79
000001dfc8b5a9d9
000001dfc9539d59
000001dfd492d0d9
000001e0ce9ae239
000001e0d72d6819
000001e12ccefe59
000001e15044ed99
000001e15044ff59
000003c4abb85061
0000000001ce3871
0000000000000181
000001e2680b0d79
000001e2c1fee739
000001e2e8a8e4b9
000001e3bba0ac99
000001e3ddcd8599
000001e439193d99
000001e43e9966f9
000001e440e47d59
000001e440e49419
000001e44529cc39
000001e4706b0ff9
000001e4a22c7299
000001e4b226e259
000001e4d79e09f9
000001e505cbaa39
000001e52550ae19
000001e57f88e7f9
000001e5ab108fd9
000001e5b8fb42d9
000001e5d49579f9
000001e5da4bfe59
000001e5e2e504f9
000001e5fcce57d9
000001e6021b4a99
000001e6b77ccd19
000001e7ef840ab9
000001e828d50d99
000001e86c41fcf9
000001e870eeb9b9
000001e938d3d619
000001e93ee24759
000001e992720159
000001e9a0490759
000001e9b6d67ff9
000001ea5b936959
000001eaa15602f9
000001eae928de59
000001eb2a040699
000001eb92f2b2f9
000003d74c23a061
0000000001ce3871
0000000000000181
000001ec42705599
000001ec6e846819
000001ec700210f9
000001ec92777579
000001ec93b97fb9
000001ecee674619
000001ed012a6b39
000001ed0505c439
000001ed293efa39
000001edf96f6359
000001eed1567139
000001ef2fd9f399
000001ef8a328339
000001ef9699a179
000001efaafcb199
000001f09bc2c3d9
000001f0b588b7d9
000001f0e53d9579
000001f119c35db9
000001f137afb139
000001f14acad0b9
000001f1876ce499
000001f1cae7ddf9
000001f21d0429d9
000001f21d4d3719
000001f250cb1959
000001f285091b99
000001f2a9113c39
000001f2c12d0859
000001f301e2a439
000001f39358e139
000001f39d02bdb9
000001f3d7c9c719
000001f41380c239
000001f47d21b099
000001f4830dc9f9
000001f4a1e1ce59
000001f4d66700d9
000003e9ec8ef061
0000000001ce3871
0000000000000181
000001f51cc78c99
000001f5fda366b9
000001f6914124f9
000001f6955c2ab9
000001f6dc716f99
000001f7625552b9
000001f8bf12dd19
000001f8fa5eedd9
000001f915f731b9
000001f93c3f42d9
000001f94d22c959
000001f97d607319
000001f97f152d99
000001f9c3a75979
000001fa576abbd9
000001fad0d27619
000001fbbdef95b9
000001fbfdeff959
000001fc05a6d2d9
000001fca6237139
000001fcd2fe0519
000001fcf2bba799
000001fd3b538359
000001fd6f3e59f9
000001fd70d47f39
000001fddd5c7f99
000001fdef7fb539
000001fdef7ffb79
000001fdfffdad99
000001fe321c1cd9
000003fc8cfa4061
0000000001ce3871
0000000000000181
000001fed4c6f079
000001feecc8a6d9
000001ff384dd379
000001ff3e531179
000001ff5142b8d9
000001ff53e1b0d9
000001ff6f134f39
000001ffe068e319
000002001d240dd9
000002004911f1f9
00000200bca217b9
000002015ed049f9
00000201dca06b99
0000020242674a39
00000202495c7599
00000202aed45339
0000020369a1a419
000002039c3e4fb9
00000203de0af7b9
00000204c1066b59
00000204cf2b5cf9
00000204e9a54ab9
000002050782a8f9
0000020508a81c19
0000020521471959
000002053cc10579
0000020579639259
00000205a9b17eb9
00000205b329d1b9
00000205dd05fe79
00000205e6755a39
00000206025225f9
0000020655b3beb9
00000206903b6179
000002069f930cb9
00000206e96e1b19
000002073833a059
00000207647bd819
00000207734c35d9
0000040f2d659061
0000000001ce3871
0000000000000181
000002081b640af9
00000208adda14f9
00000208e9c55159
00000208f618a219
00000209220a62d9
00000209220a7d59
0000020a3193c079
0000020a4b803039
0000020a75edb639
0000020a89f77e99
0000020aa20f51d9
0000020af72acb79
0000020bb80fbab9
0000020c3a955819
0000020c54e5e9f9
0000020ce9bbcd39
0000020d18a544b9
0000020d6e279bf9
0000020d9c824199
0000020dbe772bf9
0000020e1bf92439
0000020e59046959
0000020e5d533e19
0000020ecac65419
0000020f871c5f19
0000020f9fdec8b9
00000210c376ed19
00000421cdd0e061
0000000001ce3871
0000000000000181
000002114280b1f9
00000211afc001f9
0000021232a05899
000002126930e439
00000212df130799
000002130bf0b2b9
000002136e5ef019
0000021392753839
00000213e1775779
0000021442998119
000002148fd55f19
000002149c0c9159
000002156fa2c179
00000215a76e5a59
00000215b6b0a579
0000021619bd65b9
00000216e42a0939
0000021875c748f9
000002188a54a919
00000218c2efb839
00000218d6130619
0000021938356bd9
000002194aea1af9
0000021959f4b619
00000219887e3939
00000219a219c879
00000219a9295df9
00000219d4dc8699
00000219d83656b9
000004346e3c3161
0000000001ce3871
0000000000000181
0000021a3cb742d9
0000021ab3ff1fd9
0000021ac4e10b79
0000021b007ed839
0000021b24b410b9
0000021b27fcced9
0000021b287095f9
0000021b7b8445d9
0000021b8572f159
0000021c54f284f9
0000021c798618f9
0000021d18a00939
0000021d7e2b5fd9
0000021dcf8c4239
0000021e64470279
0000021f0b724d39
0000021f0e0fef19
0000021f4fd752f9
0000021f54758a99
0000021ffe4671f9
00000220348c11d9
000002205e61eab9
00000220c7c7e319
000002211824d0f9
000002212d0a9fd9
0000022158d69bf9
000002218a461e79
00000221b2a3c5b9
000002224b4e0eb9
000002228de9c0b9
0000022292fd2199
00000222eb92e519
00000222ff8c26f9
00000223713c44f9
000004470ea78061
0000000001ce3871
0000000000000181
00000223bdb586b9
00000223fa15a6d9
0000022403085a79
0000022414976719
00000224292e5439
000002244283d5f9
00000224bda803b9
00000224e63f1719
000002250889e479
000002254c029a99
00000225ccab4b59
00000225e4e0df79
00000226f1e42539
00000226f2f3b579
0000022700756319
00000227079a67f9
000002273fea9119
000002279fd39019
000002283881bbd9
000002284681bad9
00000228a4d4ab19
00000228be48f1d9
00000228f9cc8db9
000002290f3a4a19
0000022964a83879
0000022970ef04d9
00000229a3b89ff9
00000229b6dd0979
00000229b92967d9
0000022a0a8da3d9
0000022a44fc4a79
0000022a52ce5999
0000022a8eeec0d9
0000022ab78fa679
0000022ac27151d9
0000022ade05d659
0000022af746be79
0000022b2feaeaf9
0000022b52176dd9
0000022bd2fe56b9
0000022bee91b4d9
0000022c1b57e2d9
0000022c39e60999
0000022c59bcf999
00000459af12d061
0000000001ce3871
0000000000000181
0000022cd7fb9939
0000022cef4dc0b9
0000022d33c930b9
0000022d406ebe59
0000022d56d670d9
0000022d90a6dfb9
0000022db819feb9
0000022db81a2e39
0000022dc80aaa19
0000022df4933639
0000022dfded3dd9
0000022e292e7919
0000022e39b5b039
0000022e6fbb2899
0000022e73abf7b9
0000022eb43371f9
0000022ee0ac01f9
0000022fa3956cf9
000002305a8cd6f9
00000231375a8e19
00000231375aa279
000002313c849339
000002326beac0f9
00000232b72d70f9
00000232c0608219
00000232f237ff39
0000023304d87179
00000233ab766ff9
00000233c3b755d9
00000233cf164459
000002343a77c9d9
00000234692e5699
00000234a40bf2d9
00000234cea027f9
00000234cfd82319
00000234ddb00879
00000235453434d9
0000023569cf7f59
0000023586e13979
00000235876eb479
0000023596e1c899
00000235a62fa239
0000046c4f7e2061
0000000001ce3871
0000000000000181
0000023654a42999
0000023689cc9579
00000236f8e7c299
00000237c74316d9
0000023833546c19
0000023838399999
0000023869987839
0000023887f04e99
000002388da1cf99
0000023a11dbfff9
0000023a436dc0f9
0000023a5dc09f79
0000023a6a39cbb9
0000023a8f64d919
0000023ad4f83e39
0000023b25e7d479
0000023b558ae2d9
0000023b812f2b39
0000023bc66cc679
0000023bfa2d2fd9
0000023c1ef477f9
0000023d9263d999
0000023e1a80b6d9
0000023f6508af59
0000023f74c00d79
0000047eefe97061
0000000001ce3871
0000000000000181
0000023f7e0da299
0000024064a0a9d9
000002408cc2b999
00000240b694a5b9
00000240ba580119
00000240bb0a76f9
0000024113b5e319
000002417d302539
000002418d898ad9
00000241c3730079
00000241c772be59
0000024205443cf9
000002422ea648f9
00000242bb054b99
00000242d7461d79
0000024328669af9
000002432cceb999
00000243466dba39
00000243593177f9
0000024367957d79
00000243cc981579
00000243cec355f9
00000243f168cf59
000002443ac123d9
000002443c5cd259
0000024465b96a99
00000244dd511819
00000245685a1299
0000024576cf3ef9
00000245810d4bd9
00000245c0a11179
0000024609167999
00000246824121f9
00000246fe8f43d9
00000247658a1b39
00000247768177d9
0000024795980c39
00000247fb9f7479
000004919054c061
0000000001ce3871
0000000000000181
00000248dc2e4c99
00000248ec755a99
00000248fc086d19
0000024976c53999
0000024983da41f9
00000249bf904919
0000024a2b2bcf19
0000024a8a6fec19
0000024ac4c27999
0000024bbca99b79
0000024bd5117299
0000024c55e80b99
0000024c7b9fca39
0000024c8d49e3f9
0000024cc6c0d799
0000024d7ab95d19
0000024dcd1cdbf9
0000024dd97f6859
0000024df6683c59
0000024dff42c859
0000024e5427e139
0000024f0d44acd9
0000024f19d323b9
0000024f76ff5119
0000025018be80b9
0000025062ae1eb9
00000250934099f9
00000251fc46ef39
000004a430c01061
0000000001ce3871
0000000000000181
0000025239a691f9
000002529cc0a9d9
00000252e5e05499
000002534e1d3e79
00000253b48b4979
000002541e1014d9
00000255124e6b59
000002555d0fb419
00000255bb7d67b9
00000257840c1679
00000257a69ae939
00000257b6bbf779
0000025803c39f99
00000258369b3d39
000002586f08d539
000002586f08e1f9
00000258b19f6f59
00000259389c6d79
0000025940765ff9
00000259a70c0c79
00000259c421ebf9
00000259cb932c19
0000025a25b18799
0000025a2eee5e39
0000025a4926be59
0000025a50a73999
0000025adaab8fd9
0000025b12635179
0000025b264b0839
0000025b34842a59
0000025b40b97af9
000004b6d12b6061
0000000001ce3871
0000000000000181
0000025c0c98f0b9
0000025c3c9e9df9
0000025c5154c2f9
0000025c86e72c79
0000025ccee07e59
0000025d020d8679
0000025d301becd9
0000025da1cf4c59
0000025da20680b9
0000025dc586d0b9
0000025dd54eb519
0000025de8b429b9
0000025e47d3e519
0000025e4d21e399
0000025e5d5db959
0000025e7d3fc239
0000025e8340f2f9
0000025f61e3bc59
0000025f742bdf19
0000025fa5e7b0d9
0000025fc64b94d9
000002605014fbd9
00000260aa362e39
00000260b160c4f9
00000260b4b38259
00000260ca549c39
00000260e29fb8f9
00000261408d9259
000002626caf2ff9
0000026273b96d59
00000262af42a4b9
00000262ce5424d9
00000262daba6779
00000262fff55459
00000263cd811439
0000026401278819
000002643267e859
0000026437c77079
000004c97196b061
0000000001ce3871
0000000000000181
000002650ad498b9
0000026523a271f9
00000265a7a50b39
00000265d1d95119
00000265d98d6499
00000265f524c139
00000266116bc899
0000026649081579
0000026654558739
0000026661f262b9
0000026698e74e79
00000267626ba979
000002678d395ff9
00000268099c9539
00000268364ef219
00000268c840d919
00000268d1afd7f9
00000268e8adfdb9
00000269ce351839
0000026a3c2ce919
0000026a6afbde39
0000026ac86104b9
0000026af7dc3f79
0000026b0c0baa19
0000026ba4a418f9
0000026bb0ab4c19
0000026bc3edd0d9
0000026c946991f9
0000026cd456aed9
0000026ce0d044f9
0000026d49013439
0000026d81faef79
0000026d91e62519
0000026db4bbee59
000004dc12020061
0000000001ce3871
0000000000000181
0000026e79cb8039
0000026e8e0989d9
0000026ee40b9579
0000026f38599219
0000026f938c00d9
000002702c32a899
000002703f9f22b9
00000271ecae7879
0000027243fc0af9
000002726a1534b9
000002728dc39b79
00000272b118c279
000002731043f059
0000027320182679
0000027323e7ba39
000002735dff80b9
00000273682859b9
0000027385e63539
000002739f7eb6f9
00000273b078d219
00000273e8646b59
0000027407a71a19
000002740f22d2b9
0000027440e0abf9
0000027471891819
00000274b13201b9
00000274cfe00e59
00000275a0765459
00000275ba5c6779
00000275e09f9b39
00000275ff0dcff9
00000276188889f9
000002761f4421b9
0000027632a151f9
00000276938fa2f9
0000027698ef9ff9
000004eeb26d5061
0000000001ce3871
0000000000000181
0000027790a56f59
00000277ba2c1f99
00000277c0a29c39
00000278ecbfa199
00000279b85ce499
00000279bf3da859
00000279fc6d8839
0000027a1d7f7a59
0000027a2f39a659
0000027a447edd39
0000027a496a5f19
0000027a58e89b79
0000027a9f9da059
0000027b834dfcb9
0000027c7a531e39
0000027dde158719
0000027de781b679
0000027e01b9ce79
0000027e4c26a0d9
0000027e56d42559
0000027eae091259
0000027eb3c593b9
0000027eb68a49d9
0000027ee1da0099
0000027f1b34a399
0000027fa3c02ad9
0000027ffa34c759
000002803eaf3019
0000028080ed6359
0000050152d8a061
0000000001ce3871
0000000000000181
00000280b2c894d9
00000280b9cc72b9
000002810f868659
000002814c9150b9
000002824d4e69b9
00000282d70336f9
000002839671ced9
00000283fdaaf679
000002840d991c79
000002852184c139
0000028586c243f9
000002859a5d3099
00000285ba1c5f19
00000285c21b9939
00000285d10f2219
00000286bce3e219
00000286c6b2dad9
000002873e910c59
00000287a5073399
00000287f5e9d079
00000289b27ba099
00000289f473a519
00000513f343f061
0000000001ce3871
0000000000000181
0000028a326079f9
0000028a819f78b9
0000028a866f7819
0000028adcaf7439
0000028ae9e0f8d9
0000028b17a82a19
0000028b2bd98239
0000028cc85c6c19
0000028ccc0af359
0000028d3b5b6bf9
0000028d40420559
0000028d9c80ebf9
0000028de9c04bd9
0000028e71f87c59
0000028f28d872b9
0000028fc62635b9
0000028ff951bdb9
0000029033654a39
000002906516ad99
000002908390bbb9
00000290e72f53b9
0000029134257919
000002913603b219
00000292069cf579
0000029254cbe1f9
000002927427ad79
000002927e5e76b9
00000292a1593d79
00000292c05ad299
00000292c31958d9
00000292ddf92db9
0000052693af3f61
0000000001ce3871
0000000000000181
00000293bae422f9
00000293d896de59
0000029405afa3f9
000002945aa414b9
00000294d0f31db9
00000294f9f793f9
000002956be9afd9
000002956c3efbd9
0000029598a54179
00000296496e1539
000002964a4ac159
0000029687867fd9
000002969adae459
00000296e9789799
000002977fdef7f9
00000297b21c4099
00000297be240bd9
00000298177ef1b9
0000029820ef7999
0000029859533df9
000002985b9d7799
00000298633ed5d9
0000029877ebff79
00000298a55666b9
00000298b281c7f9
00000298d554c279
0000029920154fd9
0000029974b5f0b9
00000299df03fe79
0000029a577cbe19
0000029ad63c9059
0000029b723866d9
0000029c3dbc68d9
0000029c50cdb139
0000029c8fbfa819
00000539341a8f61
0000000001ce3871
0000000000000181
0000029cd41cfe39
0000029cf4e15f99
0000029d875c7979
0000029d9061e919
0000029d93f36979
0000029dde770179
0000029df4975299
0000029dfc989819
0000029e623cc219
0000029ea994bd39
0000029eafab6239
0000029eb29350b9
0000029ebf3afd59
0000029ec0025539
0000029fb67241b9
0000029fcd5940f9
0000029fd46e6f39
000002a02f78ff59
000002a05312ff39
000002a0f63f8639
000002a10208b8b9
000002a13aec8079
000002a13cb4e119
000002a14557c479
000002a14d9da979
000002a177a9cab9
000002a181e25b99
000002a1dc3ee379
000002a2115b6f79
000002a250453e19
000002a2853dcad9
000002a2a96a6dd9
000002a2c0337bb9
000002a3f7f80ed9
000002a44a3bdaf9
000002a4acb10599
000002a4e24fcd59
000002a511bb52f9
000002a55d30a319
000002a564527259
000002a5791bc699
000002a5dfaa44b9
0000054bd485df61
0000000001ce3871
0000000000000181
000002a5f3b47d79
000002a617503b99
000002a6370c9599
000002a6d026fb79
000002a71bb5fc59
000002a73f558479
000002a77fa3ad39
000002a86c77ca59
000002a8706b5779
000002a9774444f9
000002a9c7465959
000002aa2d23fad9
000002ab315549f9
000002ab77954439
000002abd6e1ee79
000002ac13cb9b79
000002ac4e1820d9
000002ac65e9d899
000002ac67d1b599
000002acd064e719
000002acf33d4019
000002ad2330e639
000002ad2822b599
000002add50496b9
000002ae4372a4f9
0000055e74f12f61
0000000001ce3871
0000000000000181
000002af57d63199
000002af68c69e19
000002af7f0075d9
000002af83ef6dd9
000002af951510f9
000002af9ce868f9
000002afb339bb19
000002b00863e319
000002b0f8225599
000002b0f96c7f39
000002b11ca64279
000002b11ca653f9
000002b11f5f0f99
000002b1305381d9
000002b1ba2ad119
000002b226df1fd9
000002b26217fb39
000002b2690a4759
000002b30e54d519
000002b31cef4ef9
000002b3456baa59
000002b38f529eb9
000002b3950002f9
000002b3c187fe59
000002b426714a39
000002b4465139b9
000002b46a406e59
000002b4aaa10159
000002b52b78bf79
000002b61a1382d9
000002b6469b3d99
000002b686704159
000002b6b36c0899
000002b75b7383f9
000002b75bd0ead9
000002b8653fa1b9
000002b86cf4c299
000002b86cf4c499
00000571155c7f61
0000000001ce3871
0000000000000181
000002b8ac0d74b9
000002b933aab479
000002b93cd99439
000002b97288ef19
000002b995bea3b9
000002b9b7e9d4f9
000002b9e20a5659
000002ba268bd5b9
000002ba8501fcf9
000002ba891895d9
000002bac6a2b819
000002bb1d020359
000002bb24d47119
000002bb443b1c19
000002bb611495d9
000002bbaea23599
000002bc4ba87399
000002bc4c42cdd9
000002bc4d808199
000002bc6593a5d9
000002bcd5bb8fb9
000002bd17391859
000002bdaba3a359
000002bdf2c38cb9
000002be077f3b39
000002be173b8839
000002be70974c59
000002bea6b9fb59
000002beba242479
000002bf219ba9b9
000002bf6c0fc219
000002bf736f2eb9
000002bf74d6a899
000002c034cbba99
000002c04734b159
000002c053a9ea99
000002c08111b019
000002c102645599
000002c17483c019
000002c1b2db1139
00000583b5c7ce61
0000000001ce3871
0000000000000181
000002c1f92fa119
000002c29931e2d9
000002c2b17227f9
000002c2f31b4659
000002c2fdc3c9b9
000002c322881699
000002c3574cc4b9
000002c35b3866d9
000002c36315fbf9
000002c42d97b279
000002c432c80639
000002c49bb152f9
000002c4a9126d99
000002c4d66f8bd9
000002c52ffb5559
000002c53112eed9
000002c5938e48f9
000002c5cac85059
000002c5d1026939
000002c5ee594a79
000002c61c887679
000002c64e987a79
000002c660b23979
000002c730604079
000002c76c904b19
000002c791b2ad79
000002c7dc021df9
000002c855eb2f39
000002c9035c65f9
000002c90c916d99
000002c954a7c2f9
000002c96ca42b39
000002ca0a6a2739
000002ca23da6cd9
000002ca3ae156d9
000002ca536ace79
000002ca984d4e39
000002cac11c9f19
0000059656331e61
0000000001ce3871
0000000000000181
000002cbd0c1d639
000002cbd928f9d9
000002cbefa73a39
000002cc06eed8b9
000002cc20bb8919
000002cc5cee59b9
000002cc666f8699
000002cd13c15a99
000002cd1ecdd099
000002cd38bb43f9
000002cd659c9079
000002cd77552e99
000002ce10732439
000002ce1243c839
000002ce1ffa4239
000002ce4428d2d9
000002ce5fa14e79
000002ce887b44f9
000002cf7cfcacf9
000002cfa4a44ff9
000002cfeeab3f19
000002d01ccd8999
000002d04c347d39
000002d090cc2679
000002d0f5d5e879
000002d1d45b1859
000002d1f17e94f9
000002d1f2ecbc99
000002d1f49181b9
000002d28cdeef39
000002d2b27ef8f9
000002d2b4cc4dd9
000002d2fb1c9b59
000002d3e3ee77b9
000005a8f69e6e61
0000000001ce3871
0000000000000181
000002d4c60948d9
000002d511b6dc99
000002d5159ebd79
000002d5227fd139
000002d574502df9
000002d57b33b919
000002d5f5e60f39
000002d61ed2dbb9
000002d61ed2ee99
000002d624408339
000002d6a0260799
000002d6dd521959
000002d71beb18f9
000002d76c40a1b9
000002d823d18af9
000002d853ca0899
000002d85bebbcd9
000002d8f7ef2b39
000002d9015f3d59
000002d90fac1ef9
000002da050ba239
000002dabc63a9f9
000002dad6e81839
000002db025099b9
000002db268b85f9
000002db499e5f99
000002dbea85ad79
000002dc42b55219
000002dcc4237ab9
000002dcee2677b9
000002dcefcbe499
000002dd29c9c579
000002dd355d34d9
000002dd37726979
000002dd909f4039
000002ddbedadd59
000005bb9709be61
0000000001ce3871
0000000000000181
000002dde2f13af9
000002de41a82bf9
000002de743b0c19
000002de81533919
000002deaa552519
000002dee303adf9
000002df39d97c39
000002dfaeeb8299
000002e006bb0a59
000002e012133eb9
000002e04b1c97f9
000002e070358539
000002e0af444b19
000002e0f2347ab9
000002e0fb1ba7d9
000002e0ff35c979
000002e14611dd99
000002e15d2b7139
000002e1902c9359
000002e22a044319
000002e238adc4b9
000002e23eb85af9
000002e245f2df19
000002e26f2d0019
000002e2b529ed19
000002e32b5726d9
000002e33c354139
000002e35012b519
000002e3839b6639
000002e4aa2228d9
000002e4b2062b59
000002e4d1463cb9
000002e51c537439
000002e558786159
000002e5587e31d9
000002e5a3b1d859
000002e5bd838dd9
000002e5dba34699
000002e5fac98199
000002e60afe9759
000002e62b63c459
000002e651f2eab9
000002e66597e899
000002e6c5b57899
000002e6f3324859
000005ce37750d61
0000000001ce3871
0000000000000181
000002e750ec17d9
000002e7dbe5e239
000002e7e8632ad9
000002e81d9d1159
000002e8ee283d99
000002e8fa2c35b9
000002e905670999
000002e91ea19df9
000002e92ba7ef99
000002e965bef539
000002e983348599
000002ea71c70279
000002eab897e179
000002ead6d68e59
000002eb33b49259
000002eb69ebec79
000002ebc7b28e79
000002ebf7f5b259
000002ec00a6e4f9
000002ed0a17b699
000002ed14aed6b9
000002ed2f295819
000002ed7ec227d9
000002ed88d071f9
000002ed8aaaecb9
000002ed95584c99
000002edb83cb799
000002ee652ca599
000002f049e4ae39
000002f05781c859
000005e0d7e05d61
0000000001ce3871
0000000000000181
000002f06c7b6ad9
000002f09b1ccd19
000002f0da0d28b9
000002f128f17399
000002f1418ccc99
000002f1487e8379
000002f150a9b879
000002f1545ef119
000002f2513f8bd9
000002f312db6d39
000002f349845b19
000002f359c2bff9
000002f3f1eee1f9
000002f41c17c399
000002f449149e39
000002f45ad69259
000002f4eb0d7339
000002f514053b99
000002f60a0b6619
000002f67033b079
000002f6c4ad9c99
000002f7739471f9
000002f7e5e91019
000002f80a721679
000002f81a4eb739
000002f81e5ab8d9
000002f86a32b579
000002f87ac5c939
000002f909410119
000002f927353639
000002f948640419
000005f3784bac61
0000000001ce3871
0000000000000181
000002f9c3bbf719
000002f9de6d16f9
000002f9fc42a7f9
000002fa07132a79
000002fa0814d9f9
000002fac9542a79
000002fad1d784d9
000002fb0b1faef9
000002fb878b1019
000002fbbcbbd579
000002fc68e6b119
000002fc9516d5f9
000002fcbd521c99
000002fd2453ab59
000002fd90a956d9
000002fe08092879
000002fe19c59bb9
000002fe28e51359
000002fe77dca119
000002fe9a6b99d9
000002fee9e820b9
000002fefe5a27b9
000002ff1a7799b9
000002ff36b96df9
000002ff7ddcc1f9
000002ff9b6e80d9
00000300928c6fd9
00000300ad72be59
00000300bd8bb779
00000300f96e3e99
00000301542fc259
000003017b3e99d9
000003017ef03799
000003017ef03f79
000003018a02ea79
000003018cdc18b9
00000302c2f9d299
00000302d10d69b9
00000302f24b3759
0000060618b6fc61
0000000001ce3871
0000000000000181
000003036e644479
0000030420ba2479
0000030484bf9bd9
000003052a738d99
000003054bfee8f9
0000030567f34e19
00000306013595b9
000003065bea0bb9
00000306e167c019
0000030732796379
00000307542546d9
000003081a1f8af9
00000308ba802919
00000308bf7df759
0000030913684319
000003092b1ef0f9
0000030a17e2ff19
0000030a81bb8939
0000030aa449f759
0000030aadde50b9
0000030b7d42f859
0000030bcbee06d9
0000030c12da37b9
00000618b9224c61
0000000001ce3871
0000000000000181
0000030c99a72399
0000030c9c9b3af9
0000030cae6cfd39
0000030d5a3d5e19
0000030d7e2225f9
0000030d86bcbb79
0000030daf319619
0000030e421fb479
0000030e45667dd9
0000030f8babdd79
0000030fc56ee5f9
0000030fee5d3a19
000003104f4f67d9
0000031071f024d9
000003109f2cbf79
00000310b6690d99
00000310edc17b99
00000311136f0ef9
0000031163424699
0000031181ccf0d9
00000311873c3979
00000311ab150d99
00000311c371f599
00000311d53fb1d9
00000311e869b319
000003121d885c39
0000031234a53679
000003126a56c6d9
000003126fd69459
000003127446f3b9
00000312a56aecf9
00000312cb8e5419
00000312f7c71d59
00000314a4139e59
00000314fa5ca159
0000031562a6edb9
0000031587a30579
0000062b598d9b61
0000000001ce3871
0000000000000181
00000316efe97819
00000317066548f9
0000031721806dd9
000003174d4272d9
00000317863ae8d9
000003193e678019
000003195f419dd9
00000319a6c99fb9
00000319e152f839
0000031ab0a278b9
0000031b71bc0339
0000031b73591d39
0000031b92ca0379
0000031bc2fdbdd9
0000031beaa2f659
0000031c7c47e659
0000031da330df19
0000031da8fdfb39
0000031dca96ae99
0000031e50127d19
0000031e5d898d99
0000031ea4bce0b9
0000063df9f8eb61
0000000001ce3871
0000000000000181
0000031f3ccab7b9
0000032001ae6d99
00000320665054d9
00000320b9bbfbb9
00000320d4853fd9
00000320e8923a19
000003213294ffb9
000003215e0c4879
000003219c5cbb19
000003223bccbeb9
0000032245dbd659
0000032281a98279
0000032344b054f9
00000323e0ba1339
0000032408d179d9
0000032456120d79
000003246938b319
00000324a8163819
00000324f00a7319
00000325019145d9
00000325484234b9
0000032564ae5c99
00000325bee961b9
00000325c8decd79
00000325cb097979
0000032603e4b819
0000032610822f99
000003262a82a3f9
0000032632fe6119
000003269eefec79
0000032712ca97d9
000003272c2a9f79
000003278b860cb9
000003279352f859
00000327caca3399
00000327da36c719
00000327e3fed759
000006509a643a61
0000000001ce3871
0000000000000181
0000032862451759
00000329670f4799
0000032a4a182dd9
0000032a61a85739
0000032a72141899
0000032abe5c4919
0000032af76da2d9
0000032afb6d5c19
0000032b3e1b70f9
0000032be8e0dcd9
0000032c48c38459
0000032c51b96b99
0000032c54142f99
0000032c8713f559
0000032d70c53f79
0000032d92c4d7d9
0000032dd9982979
0000032dfc5c02d9
0000032e6de23f59
0000032eacc80a79
0000032f7964d819
0000032f92ed5ff9
0000032fed164859
0000032ff70280b9
0000033021f8f3d9
0000033037ce3699
0000033057d0c5b9
0000033065c7edd9
000003308fd1a519
00000330cb1c6d59
000003310fef1739
0000033123301a99
00000331640a9699
000003316b473819
0000033193f3be39
000006633acf8a61
0000000001ce3871
0000000000000181
00000331e0e85159
000003322a274b59
000003325188c459
000003329a747ef9
00000332b3a5ed79
00000332f6b8e519
000003331d1cf7b9
000003335f4f8159
00000333640f6199
0000033375628039
000003339ba86599
000003345d1ba579
000003347d023cb9
00000334b510dc79
000003351c1d6dd9
00000335523c08d9
00000335d713b0d9
0000033676e67a39
00000336e7aea3b9
00000336ec29e319
00000337069bd819
000003372d558f79
000003373f471639
00000337445aa7b9
0000033751fbd5d9
000003380dbe9739
000003388f4839f9
00000338a8a15f59
00000338e1a98c79
0000033937bb6f39
0000033940633939
0000033960b90999
000003398e1b7dd9
00000339b3b0ded9
0000033a07ce8239
0000033a59b250d9
0000033a663a7959
0000033ae2835339
00000675db3ad961
0000000001ce3871
0000000000000181
0000033b07520e19
0000033b4fccc5d9
0000033c065ff4f9
0000033cbeedd939
0000033cf20153f9
0000033e7f0506d9
0000033e87a0c279
0000033e915a3d99
0000033f238cd299
0000033fb851ca59
0000034023e7e6d9
0000034035a66739
00000340d8aca119
000003411d98c5f9
000003415c38a699
00000341afb093f9
0000034215f10f19
000003421f7a98f9
000003426b613299
000003428e3803f9
000003432f2e42b9
00000343347c0459
00000343948654f9
00000343ab56cff9
00000343c26d9959
00000343eaaebbb9
000003442139b019
000006887ba62961
0000000001ce3871
0000000000000181
000003444d7d3399
00000344d3cf1759
00000344e1847d99
000003455bbbeef9
000003459ebcd059
00000345e3589cf9
000003463c854d59
0000034688613359
00000347bbe2e299
00000348550428f9
0000034862b26a39
00000348aafcb1d9
0000034914130ef9
00000349255e38b9
000003495289e3d9
0000034a1e4a1699
0000034a286263f9
0000034ab8de7fb9
0000034af3b1ea19
0000034b74c3ccf9
0000034b7e4ea4b9
0000034b82e36439
0000034c09dae7f9
0000034c0f98b9b9
0000034c2cb526d9
0000034c2e9e3e59
0000034cc93128f9
0000034d4e8bc359
0000069b1c117861
0000000001ce3871
0000000000000181
0000034dff686e59
0000034e22038719
0000034e23e94d99
0000034e62fef0d9
0000034eb4002279
0000034f7a071ed9
0000034f86c7acd9
0000034f917b5839
0000034fd6b2e079
0000034fdd7129f9
0000034fe2cc43f9
00000350513717b9
0000035143251ef9
0000035172d24419
0000035194dd0cb9
00000351a2d958b9
00000352107cea79
00000353e14fd4d9
0000035442c2ab39
0000035465d7e0b9
00000355380a70b9
0000035549587719
00000356082d6459
0000035659577079
00000356d5666e99
000006adbc7cc761
0000000001ce3871
0000000000000181
00000356f85f7d59
0000035752708bf9
000003576bc2d519
000003578f17f7f9
00000357cf32fcf9
00000357d8ab3a79
00000357e140fcd9
000003580dde6bb9
000003580dde7879
00000358ce290f19
000003592e1570d9
000003592fd3bbf9
000003595f4b7c59
0000035987443079
00000359c2fa35b9
00000359d8bd5ad9
00000359f1f78db9
0000035a08e1dd59
0000035a16b82419
0000035c53ca4cd9
0000035c8e3e2199
0000035d05914479
0000035d499ffad9
0000035d98bf1999
0000035dd9160bd9
0000035e962966d9
0000035eafe49df9
0000035eb75a0fb9
0000035eedd5f719
0000035f36d1b099
0000035fd7b3c779
0000036027dd0779
000006c05ce81761
0000000001ce3871
0000000000000181
000003605dcbea19
00000360b6688679
00000360cd3377f9
00000361086f44f9
00000361672bc719
000003617b64f779
000003618d11b539
00000361ad535339
00000361fe24fb39
000003626ae30019
000003626fafe1d9
0000036330926199
0000036374a83299
00000363aa3d8bd9
000003649e9467b9
00000364a431c039
00000364b32f47d9
00000364d332b739
0000036540535f79
000003654717c759
000003656321f179
000003656a549299
000003656dbada99
0000036599458b59
00000366a6bd0439
00000366b7705e39
000003670604f479
000003670a5a5119
000003678d91f719
00000367e0cc8839
00000368037f8159
00000368254f81d9
0000036844e08c59
0000036888c8de39
00000369523f5799
000006d2fd536661
0000000001ce3871
0000000000000181
00000369a98d4cd9
00000369c24d5c99
0000036b2f0cf119
0000036b385e1859
0000036b46273299
0000036b8981d919
0000036bbbde2c99
0000036c5df244b9
0000036cb2c00339
0000036cb46baab9
0000036d1cd52b99
0000036d47212c19
0000036d6a3df939
0000036d7f146af9
0000036d945d3b59
0000036dcc4bd9d9
0000036df363c339
0000036e7c7a7b39
0000036e7f5218f9
0000036f3b2e84d9
0000036fd8656119
000003705d32b179
00000371451a6d19
0000037168072d19
00000371a07c59f9
00000371e3480299
00000371ed74a679
00000372328e8299
00000372bbd44d19
000006e59dbeb561
0000000001ce3871
0000000000000181
00000372e2289439
00000372f538ebf9
0000037343464c19
0000037345024339
00000373ba095339
00000373dbc95df9
00000373e2442619
00000373e7a5f459
0000037417080db9
000003746df19779
00000374c455bab9
00000374d2c13719
0000037508bb50d9
000003750f4e4239
00000376160a6459
00000376391b9699
00000376391bae79
000003770c217619
00000377324b0619
000003774a71e1b9
0000037754bb5759
0000037767988719
00000377d4bae2b9
00000377e8b3e2d9
00000377eb16f059
000003786b403e99
00000378f11e0919
00000379970074f9
00000379b5ec28b9
00000379e38a4999
0000037a04a83779
0000037b2ee1eb39
0000037b35aed999
0000037b7d7354f9
0000037bcabba7d9
000006f83e2a0561
0000000001ce3871
0000000000000181
0000037cc6ddd339
0000037e5332d939
0000037fb680ac99
0000038033b487b9
000003805b040bf9
00000380ab938459
00000381237d7419
000003816d4f81d9
0000038188878719
000003818ee96339
00000381aae7b3f9
0000038278722ff9
000003830fcf42f9
000003832e6458f9
00000384caf60979
00000385011ff859
000003852175fb59
0000070ade955461
0000000001ce3871
0000000000000181
000003857eac34f9
00000385a0f94d19
00000385da747979
00000385dd3130f9
000003865a2b0f59
0000038684c5abd9
00000386ba3b0579
00000386cd275b19
00000387153bd6d9
000003872ec280f9
0000038761923899
00000387ab376599
00000387ca26c639
000003882c19c0d9
00000388d6cb1859
0000038966667079
000003898cbf46f9
00000389b72ec179
00000389cdcb68b9
0000038a017b2379
0000038a42d92359
0000038a7fd13a19
0000038ab0ce21f9
0000038ad3406979
0000038b598cd379
0000038b775bb679
0000038c76e9c739
0000038c8982a139
0000038ca41a6059
0000038cf4fed5f9
0000038d23575f19
0000038d396fab59
0000038d6d2e56f9
0000038d99958559
0000071d7f00a361
0000000001ce3871
0000000000000181
0000038ee16547d9
0000038ef65a2399
0000038f56401b39
0000038f865196f9
0000038ff788d339
000003901ddef659
00000390a4afd419
000003918e8fbe79
0000039206ccae39
0000039218873ed9
000003924a50c5b9
0000039280b05879
00000392a48623b9
00000392e3307059
0000039319d97dd9
000003933351aad9
0000039395cf1e39
00000393a313edd9
0000039417a7af79
00000394d9e9da39
000003950e08ae79
0000039553658319
00000395ba86f7d9
00000395ce391839
000003964e704db9
00000396b4fc60b9
00000396fc708a99
000003973ffda779
0000039740c35859
000003978e9d8c79
00000397b01e9e79
00000397f8d57f59
000007301f6bf261
0000000001ce3871
0000000000000181
000003989b42f979
00000398b6b57f19
00000398da4549f9
000003990bd07eb9
00000399ddb7eaf9
0000039a68086839
0000039ab6ecd579
0000039b7831e139
0000039c69d15939
0000039cb5b71b59
0000039d680a5139
0000039d8054cfb9
0000039d8f68b1f9
0000039de8ec9339
0000039e38cb9db9
0000039e8baa3499
0000039eb9940179
0000039eca9e1219
0000039f4f134359
0000039f6a0cf999
0000039fc9ab8919
000003a04741a359
000003a0a8a1f519
000003a0ddd2a099
000003a0e070fff9
000003a0fa2bc5b9
000003a0fb6e7159
000003a13374f739
000003a15d215319
00000742bfd74161
0000000001ce3871
0000000000000181
000003a212384a39
000003a2243ee9d9
000003a2a09fa639
000003a2e93255d9
000003a2f2f5ab59
000003a31863b1f9
000003a3b8bc4399
000003a3bb76da79
000003a3f33f20b9
000003a3fe5592b9
000003a494c40399
000003a4a43570d9
000003a4ea455cb9
000003a4f5230af9
000003a553726d19
000003a583c37dd9
000003a5cba93a99
000003a5e0ea64b9
000003a6564fb139
000003a66c38ae39
000003a69b802839
000003a6b1164159
000003a6bdbe9539
000003a74e8a3839
000003a7ae884519
000003a7ca1fd779
000003a7e3df1679
000003a7e472e259
000003a80333ebd9
000003a85f08cad9
000003a8ba05c7f9
000003a8f6328a79
000003a9448a4899
000003a9bd7423d9
000003aa3c872499
000003aa5a172259
0000075560429161
0000000001ce3871
0000000000000181
000003aad94daf39
000003ab0b518239
000003ab26358ff9
000003abb02be599
000003abd1349039
000003ac062adf39
000003ac723e6179
000003ac743e97d9
000003accb7b94b9
000003ad5802ff79
000003ad5c328859
000003adb7a4cb39
000003adbe087e39
000003ade9fecb59
000003ae55e2c2d9
000003ae8f65dc99
000003ae8f928579
000003aefb22ce99
000003af0056cc59
000003af4db14bd9
000003afec084259
000003affc40c119
000003b00dc9d6d9
000003b01dbe5399
000003b0444aae19
000003b05f34f5f9
000003b10d303db9
000003b18d2323d9
000003b23163ba19
000003b23a8b88d9
000003b2cacef879
000003b2f6a7c299
000003b3181a5ed9
000003b31acbeb39
000003b35901e199
000003b3bf9475f9
0000076800ade061
0000000001ce3871
0000000000000181
000003b428b7ae19
000003b4ba4fd9f9
000003b4cd93eab9
000003b503bb4319
000003b529c406b9
000003b55ee44619
000003b5a7cc60b9
000003b5bcabce39
000003b5dfd518d9
000003b641837cd9
000003b68ce73ab9
000003b69af42ed9
000003b6cd3b2c79
000003b7626009b9
000003b78e53bb19
000003b7ae71a719
000003b825deac59
000003b8596234d9
000003b89a403299
000003b89d40bfd9
000003b96d5276d9
000003bad7effc59
000003bafeb5e659
000003bb10405b59
000003bb1d7952b9
000003bb757e0279
000003bbe5930619
000003bbe8c89759
000003bc01468139
000003bc5691dc59
000003bca297d6f9
000003bcaeeeb439
000003bd3685d179
0000077aa1192f61
0000000001ce3871
0000000000000181
000003bd640da099
000003bd86886ad9
000003bd9470a199
000003be2da77639
000003bec1a99b39
000003beec7dd159
000003bf0f495459
000003bf30771f19
000003bf350e7e39
000003bf7be91099
000003bfe170acf9
000003c04e410439
000003c093bbbff9
000003c0cc0ab3d9
000003c0ea48b899
000003c13a92fb19
000003c167896c99
000003c1c05dc4d9
000003c1e7088299
000003c1fa000ab9
000003c2176aa5d9
000003c25e6362b9
000003c265cef879
000003c2fff81219
000003c305a261b9
000003c3924108d9
000003c3e46bb179
000003c42b6b7039
000003c443d2acf9
000003c4831abb79
000003c51254d739
000003c55497f439
000003c56146bbf9
000003c5bac79579
000003c5db98a099
000003c6125cb399
000003c669683e19
0000078d41847e61
0000000001ce3871
0000000000000181
000003c7855cfb79
000003c7a44577d9
000003c7eb2b4539
000003c82c373a79
000003c8848d5e79
000003c88a1162d9
000003c88a850379
000003c8ab9b8e39
000003c8bafec1b9
000003c8c71f9379
000003c91b605b59
000003c9301d5739
000003c93dc508f9
000003c9482399f9
000003c9840382f9
000003c9980ae199
000003ca2c4ccb79
000003ca5fd55639
000003ca744491d9
000003caa1077a39
000003cb01a229d9
000003cb108a2dd9
000003cb7d65b4b9
000003cc113ee2f9
000003cc246075d9
000003ccd71e62d9
000003cd372c6ad9
000003cd66505859
000003cd6d27bb19
000003cd7b10a479
000003ce2062dfb9
000003ce9685be59
000003cf4e547ff9
000003cfd8c95939
0000079fe1efcd61
0000000001ce3871
0000000000000181
000003d01431d419
000003d03edbdc99
000003d089278db9
000003d0c6108a39
000003d0c953fdb9
000003d141e2a559
000003d142257899
000003d1c2968c19
000003d1ca31c879
000003d1dc9e3579
000003d21f06b559
000003d222962659
000003d2b1484cf9
000003d33247c199
000003d3cc533d59
000003d3f0aa5ab9
000003d4ee9c9839
000003d52e8cfb39
000003d53d7e1399
000003d5556ecdf9
000003d571d5cc79
000003d586ce17b9
000003d595819dd9
000003d5d57f1ab9
000003d6daac15d9
000003d8000b8239
000003d8a902a679
000003d8f38383b9
000007b2825b1c61
0000000001ce3871
0000000000000181
000003d96a3db919
000003da0420a6d9
000003dab2361719
000003dba4ac6719
000003dbf4464c19
000003dc44d12839
000003dc4804ec59
000003dc61842439
000003dc66830479
000003dc6e320519
000003dc9c3c1c59
000003dd601c19f9
000003ddc7429099
000003de02abc3f9
000003de4e1da7f9
000003de639411d9
000003dea3760ed9
000003dead442dd9
000003ded877ccb9
000003df02775799
000003df3c31a979
000003df42209b79
000003df68a56db9
000003e033af1499
000003e03f182579
000003e102a3f079
000003e13dc9c379
000003e17f328339
000003e1df5d99b9
000003e1e96efc99
000003e233c209b9
000003e2415c5af9
000007c522c66b61
0000000001ce3871
0000000000000181
000003e2be582df9
000003e2c7b0d2f9
000003e2f41c9ad9
000003e3483baad9
000003e352c2a6b9
000003e4263977f9
000003e43b04df99
000003e4b6230359
000003e50f48bb59
000003e575277319
000003e5aad35659
000003e61df8ce59
000003e6753c9759
000003e67699bc19
000003e693441179
000003e696fe6179
000003e72d0285b9
000003e76798ae79
000003e79d815cb9
000003e803dfcb39
000003e81e15feb9
000003e84ea13a79
000003e852ea9d79
000003e86296dd59
000003e8836afaf9
000003e89860ed39
000003e8d1a1f359
000003e9444c9ab9
000003e95041c479
000003e99e910fb9
000003ea14239d99
000003ea7c62bcd9
000003eabe3d92d9
000003eb653b64d9
000003ebbdd0eb79
000007d7c331ba61
0000000001ce3871
0000000000000181
000003ebf86e17f9
000003ec3ba90579
000003ec51e413b9
000003ec7b3922f9
000003ecb78a9919
000003ecd1599d59
000003ed4854f359
000003ed5b9ad6d9
000003ed60297bb9
000003eda5069219
000003ee3d9181b9
000003ee6f649cd9
000003ee9d5189d9
000003ef08c31459
000003ef20bda519
000003ef4f45d339
000003ef73daf1f9
000003f041ccc139
000003f06ee7fc39
000003f0c4df4c39
000003f150c09d79
000003f193ff4e59
000003f1b48af8d9
000003f20a1af759
000003f2ad8428f9
000003f2b36d6539
000003f2d95e6f19
000003f2dc9f6559
000003f394ca4d99
000003f3a4d6a359
000003f3f7b02899
000003f47257e279
000003f4728abc19
000003f5157a29b9
000007ea639d0961
0000000001ce3871
0000000000000181
000003f5664a7859
000003f5a87a1b59
000003f5df1c80d9
000003f614c45039
000003f685eae699
000003f7aec627f9
000003f7e80e4239
000003f8056d4f79
000003f884f116b9
000003f88f028cf9
000003f98d8ca079
000003faa11e22f9
000003fb1d870e59
000003fb2852d379
000003fb2bc07c99
000003fb72fb9079
000003fb86ac17b9
000003fbda8356d9
000003fbf6f92a79
000003fbfd1501f9
000003fc09569319
000003fca15bf519
000003fd04393e59
000003fd4b3199f9
000003fd7199d259
000003fe491a0459
000007fd04085861
0000000001ce3871
0000000000000181
000003fef13bf8d9
00000400df3acdb9
000004013d7689f9
0000040226964719
000004024f171599
0000040276aca359
00000402b25f2e39
00000402e0ca1859
00000402e5f21c19
00000402f8088559
000004030b65db39
0000040352fd5cd9
000004035e1459b9
00000403c76a1039
00000405197860f9
00000405d371caf9
00000406313759f9
00000406627bc8b9
000004067207e9d9
0000040686d096f9
000004074b2ffa39
0000040750b4c7f9
000004077cc5d899
0000080fa473a761
0000000001ce3871
0000000000000181
00000407f3ce19b9
0000040858fa4939
00000408986e1ad9
00000408b9887f59
00000408bd597659
00000408d7394b39
00000409228f38f9
00000409264de019
000004094420c0d9
00000409a88b19f9
00000409b55018d9
00000409b58e2a19
00000409cbd022f9
0000040b629228f9
0000040b926eb379
0000040c407ca839
0000040c589ba559
0000040c981b3499
0000040cb3deeaf9
0000040ccee91599
0000040ccf6b2899
0000040ce074c019
0000040d3539d7d9
0000040d3c643959
0000040d4245b839
0000040d8f71d779
0000040e4edf4ab9
0000040e55abb079
0000040e97574679
0000040f4e352e79
00000410cc304259
00000411197876f9
0000082244def661
0000000001ce3871
0000000000000181
000004114ecd0ed9
00000411923f2039
0000041206212d19
00000412c21fc359
00000412f1336759
000004130b920279
00000413c36920b9
00000413d2ccc7f9
00000413fa48c9d9
00000414187693d9
00000414f2263179
00000414f42a9619
00000414f42aaed9
000004154b517879
00000415611de899
00000415b9804e99
00000415ce95c019
0000041637896eb9
0000041658758dd9
000004167fb20059
0000041690108ad9
00000416f3bf6039
000004173e18cff9
0000041795806539
00000417a7324619
00000417cb116859
0000041878881fd9
0000041896cebe79
000004189b195ed9
00000418bbaa5f39
00000418e1b8cc79
0000041937916ef9
00000419fb4fc9f9
0000041a25694679
00000834e54a4461
0000000001ce3871
0000000000000181
0000041aeaf43439
0000041b09278eb9
0000041b71bdd6f9
0000041c16f5d1b9
0000041c6094c3f9
0000041caab81e79
0000041cb2ec8f79
0000041ce0b608f9
0000041d0bfb7859
0000041d31ee4d79
0000041d50fb3d59
0000041dfb1c1a99
0000041e1e58b1b9
0000041ef6d7f599
0000041f6a9766b9
0000041f76fcc599
0000041f8b3153d9
0000041fca71ccf9
0000041fd1140599
0000041fd5f39199
0000042040ed7fb9
000004207b3042b9
00000420ce6edbb9
00000420ef2f2b39
0000042109b5a4d9
00000421766f0659
00000421bf0b1df9
000004226b7d0699
00000422c6da3c59
000004233c7ef099
000004236d81aef9
000004238a91b359
00000423a04bfcb9
0000084785b59361
0000000001ce3871
0000000000000181
00000423c5d3d9f9
00000423e0e49bd9
00000424a3904839
00000424d4c7d059
00000424e4961cf9
00000424f3c489f9
000004250f02a499
0000042511f23279
000004258042b399
00000425c2a587b9
00000425f08aad19
0000042612a061b9
000004263192c419
0000042651a9f259
00000426c0f02859
00000426fc5b1799
00000427555d13b9
00000427575ff699
00000427eea99df9
000004283214d539
000004284aa0c979
00000428c8973e59
00000428d729ce39
00000429e9fb3639
0000042a347f27b9
0000042a3ac11799
0000042aa715c099
0000042aac890e59
0000042aeaf8ff59
0000042b0cdcc1d9
0000042b1fc13ad9
0000042b2d449419
0000042ba0701739
0000042be3e57259
0000042bebe09259
0000042c188e9ef9
0000042c433a0239
0000042c97bdb379
0000042cb81fefb9
0000085a2620e261
0000000001ce3871
0000000000000181
0000042d34fdc559
0000042d52f634b9
0000042d71681219
0000042d969e9139
0000042e42d6ca19
0000042e62aa00d9
0000042e7fa7d519
0000042e8568eab9
0000042ea2beccf9
0000042f467053f9
0000042fdaba26f9
0000042fe5a6d339
0000042ff792bab9
0000043011807039
000004301d8829b9
000004301e20c139
0000043060925d59
000004308e943959
00000430d0494399
00000430eb292599
000004317f080259
00000431a824b779
00000431e8dac939
0000043200f28a19
0000043205a90219
0000043230a2d2b9
000004332aed6099
00000433513642f9
000004338e58d119
00000433b4975c99
00000433dfe37f59
00000433fe0c2239
000004348b280c99
00000434da0334d9
000004354a523ab9
00000435cdbbebf9
0000086cc68c3161
0000000001ce3871
0000000000000181
000004369be71f39
00000436c4a83199
00000436e2781719
00000436edb01939
00000436fd89ad59
0000043709b54df9
0000043718a3f559
0000043728544919
00000437a6c8e319
00000437bf0cd839
00000437ec2e5cd9
000004380a866ed9
00000438103a7199
00000438649d50b9
0000043882bffa39
00000438e6049ed9
00000438fd0444f9
000004390ef916d9
000004392dbfe3f9
00000439847d4699
00000439c78e13b9
0000043a65d19d19
0000043b506566b9
0000043b5440bc59
0000043ba0c67179
0000043be8585df9
0000043c0ba28b39
0000043c42fafff9
0000043c95df4bd9
0000043ca9cf2319
0000043cb7f38199
0000043cba618c19
0000043cdfe4ec99
0000043d3b25c8d9
0000043db7352e39
0000043de18a9379
0000043df8ee33d9
0000043ee46bad39
0000043ef3b2fd19
0000043f4e78c5d9
0000043f7da9e599
0000043faee54ff9
0000043fafdaf459
0000087f66f78061
0000000001ce3871
0000000000000181
0000043fbac903d9
000004401da5c139
0000044045a80499
0000044092ca0b19
00000440f3c2da19
000004415dbf8a79
0000044176883a39
00000441818ab6f9
000004419322bcd9
0000044257e5a299
000004432cb29559
00000443ca36d3d9
00000443f3331599
000004449a574af9
00000444bc63dd79
00000444d4408bb9
000004458cd19c59
00000445a6ee11f9
000004460e4b1f99
00000446168276f9
0000044625dd48d9
000004462c3e91d9
00000446ade04719
00000446ce16a499
000004476b2b5b39
00000447c207bc99
000004483cd477f9
000004484aca1459
0000044876589959
00000448eabdef99
00000448efb22a39
000008920762ce61
0000000001ce3871
0000000000000181
000004492684a9f9
000004496549cc79
00000449bf857879
00000449c3332659
00000449da656e99
0000044a6ac0e039
0000044ae123c159
0000044aedbcad19
0000044b819125d9
0000044c38369039
0000044cc3818bb9
0000044d7a006f59
0000044db93a1379
0000044dd9956bb9
0000044eace1cb59
0000044f1ab9dfb9
0000044f4a6fe439
0000044f60763999
0000044ff6cdee59
00000450146ff979
00000450976c7fb9
00000450e971c2b9
0000045102e91459
000004515d915a99
000004519245f379
0000045220909019
000008a4a7ce1d61
0000000001ce3871
0000000000000181
000004526fb38679
0000045278001cb9
000004533ce47279
000004536bdc81f9
000004541931b359
0000045440063d99
000004548b7c6739
0000045495223039
00000454b33fdad9
0000045514c91279
000004552eea2919
00000455523a4b39
00000455c482d1b9
0000045656401b79
000004566c3c5619
00000456923fa859
00000457a3246af9
000004587e138e19
00000458b6dcf839
00000458c1098b59
00000459be236099
00000459c8c30039
0000045a03e26139
0000045a0ae46ef9
0000045a1377ab59
0000045a60a33d99
0000045a63937899
0000045af533f119
0000045b05169d59
0000045b5d13f3b9
000008b748396c61
0000000001ce3871
0000000000000181
0000045c1637b0f9
0000045c47af5a79
0000045c9fd11599
0000045cddceb899
0000045ce448b239
0000045d0c6bd9b9
0000045d46dfc419
0000045d99a66f59
0000045dba67cc19
0000045de0b19c79
0000045e52e645f9
0000045ebda4e039
0000045ec3683ed9
0000045f3160c419
0000045f397d6a99
0000045f4cd40819
0000045f7c7369d9
0000045f7c911f39
0000045f8e422bd9
0000045fb1d95159
0000045fd1a21439
00000460280e8579
0000046036b595f9
000008c06eb65d61
0000000001ce3871
0000000000000181
