[MCS8 A] 97 FW 3.104 SV 1.257 
range=1024
periods=2
sweepmode=27e20d0
fstchan=0
holdafter=0
streamstatus=3
calreg0=0
calreg1=0
calreg2=0
calreg3=0
swpreset=8000        
prena=1
syncout=0
cycles=18
sequences=1
tagbits=16
vdac0=92c
vdac1=807
vdac2=8c8
vdac3=8c8
vdac4=8c8
vdac5=8c8
vdac6=8c8
vdac7=8c8
timepreset=120.000     
digio=0
digval=0
autoinc=0 
savedata=2 
mpafmt=asc
sephead=0 
fmt=asc
smoothpts=5 
[CHN1]
REPORT-FILE from 06/22/2026 16:26:22.417  written 06/22/2026 16:26:22
cmline0=06/22/2026 16:26:22.417 
cmline1=A1
range=1024
active=1
bitshift=4
cftfak=2580100
evpreset=10          
roimin=0
roimax=1000
caloff=0.800000
calfact=12.800000
calfact2=0
calfact3=0
calunit=nsec
caluse=1 
[CHN2]
REPORT-FILE from  written 06/22/2026 16:26:22
cmline1=A2
range=1024
active=0
bitshift=4
cftfak=2580100
evpreset=10          
roimin=0
roimax=1000
caloff=0.800000
calfact=12.800000
calfact2=0
calfact3=0
calunit=nsec
caluse=1 
[CHN3]
REPORT-FILE from  written 06/22/2026 16:26:22
cmline1=A3
range=1024
active=0
bitshift=4
cftfak=2580100
evpreset=10          
roimin=0
roimax=1000
caloff=0.800000
calfact=12.800000
calfact2=0
calfact3=0
calunit=nsec
caluse=1 
[CHN4]
REPORT-FILE from  written 06/22/2026 16:26:22
cmline1=A4
range=1024
active=0
bitshift=4
cftfak=2580100
evpreset=10          
roimin=0
roimax=1000
caloff=0.800000
calfact=12.800000
calfact2=0
calfact3=0
calunit=nsec
caluse=1 
[CHN5]
REPORT-FILE from  written 06/22/2026 16:26:22
cmline1=A5
range=1024
active=0
bitshift=4
cftfak=2580100
evpreset=10          
roimin=0
roimax=1000
caloff=0.800000
calfact=12.800000
calfact2=0
calfact3=0
calunit=nsec
caluse=1 
[CHN6]
REPORT-FILE from  written 06/22/2026 16:26:22
cmline1=A6
range=1024
active=0
bitshift=4
cftfak=2580100
evpreset=10          
roimin=0
roimax=1000
caloff=0.800000
calfact=12.800000
calfact2=0
calfact3=0
calunit=nsec
caluse=1 
[CHN7]
REPORT-FILE from  written 06/22/2026 16:26:22
cmline1=A7
range=1024
active=0
bitshift=4
cftfak=2580100
evpreset=0           
roimin=0
roimax=1000
caloff=0.800000
calfact=12.800000
calfact2=0
calfact3=0
calunit=nsec
caluse=1 
[CHN8]
REPORT-FILE from  written 06/22/2026 16:26:22
cmline1=A8
range=1024
active=0
bitshift=4
cftfak=2580100
evpreset=0           
roimin=0
roimax=1000
caloff=0.800000
calfact=12.800000
calfact2=0
calfact3=0
calunit=nsec
caluse=1 
;MCS8 #97 Sversion=1.257 Fversion=3.68
time_patch=1
;datalength=8 bytes
;bit0..3: channel# 1..8 ( 4 bit)
;bit4: edge 0=up / 1=dn ( 1 bit)
;bit5 ..57: timedata    (53 bit), max sweep length 2001.6 h
;bit58..62: tag0..tag4  ( 5 bit)
;bit63:     data_lost   ( 1 bit)
[DATA]
0000000000000016
000000000859abb9
000000005d5c7979
0000000148d02359
00000001527994b9
000000018e4e00f9
00000001a44f7199
00000001da5eaa19
0000000230581339
000000025c5fb9f9
000000028d2eae39
000000031f60e7b9
00000003ff637b39
00000004240441f9
0000000478de6c39
000000047b8fee19
00000004831fbe59
00000004ae435e19
0000000572de6459
00000005ead2e9f9
00000006800e4a39
0000000686cf0eb9
00000006b5da7cb9
00000006b93938f9
00000006c2a367f9
0000000744bceaf9
000000077a708639
00000007d802a8f9
00000007f891a619
00000008036fd099
00000008123bb359
000000086cd43e59
0000000878a5c699
00000008db557359
00000009160239f9
00000009230c6c39
000000093d5fba59
00000009ed75a659
0000000a2d92c459
0000000a6ea6c679
0000000abb7c60d9
0000000abed208d9
0000000b54e91e19
0000000b6248fab9
0000000bf40cfc39
0000000cd2b600b9
0000000d179e7cd9
0000000d5260ec99
0000000d69f0c0b9
0000000da2686299
0000000e390473f9
0000000e6e7297d9
0000000ea813b739
0000000ec9870c99
0000000f059b9c99
0000000f686dd339
0000000f7ffe7559
0000000f936f9059
000000104f87b059
00000021572d8561
000000000252da71
0000000000000181
0000001100a4af39
00000011677e42f9
0000001177d9cab9
0000001189ab36f9
00000011cfec5899
00000011cfec6e79
00000011d4b113b9
00000011e23d4ed9
00000011ef6f5839
000000120cd60759
0000001261e1b179
0000001266fe0019
000000129e1b0379
00000012e01bd739
00000012e3683bf9
000000135d07d979
00000013903218d9
00000014039430f9
000000141dc19779
0000001463a265f9
00000014aa293f99
00000014b56bd5f9
00000014cff5bb59
00000015c0a929d9
00000015d2f6a5b9
00000015ee6c0cd9
0000001603d959b9
000000169774eb19
00000017397d16f9
000000175b9a9fb9
00000017b140e819
000000180cea0d59
0000001827ff6f59
00000018b84bc019
00000018fafe1af9
000000190e033ab9
0000001982f38cd9
00000019a0798d99
00000033f7982361
000000000252da71
0000000000000181
0000001a28aa1759
0000001a3e88c859
0000001a4f573eb9
0000001a89ad5cd9
0000001ae5213e79
0000001aeb9a6959
0000001b26591339
0000001b2859ebd9
0000001b41c99a59
0000001b67dff3b9
0000001b850c4119
0000001ba09443f9
0000001bf3dd0519
0000001c1e96f399
0000001cacf390f9
0000001cc1ff23f9
0000001cc81b9499
0000001d14cc9439
0000001d2edad4d9
0000001dae26b659
0000001dee876ed9
0000001e07244799
0000001e15bfca99
0000001e16794859
0000001e5769abb9
0000001ea3160419
0000001ec7cc2619
0000001edb040999
0000001f69899b59
0000001f8ca62859
0000001f9cd6eed9
0000001fbd0eb4d9
0000001feb25e3b9
0000001ff65f0e99
00000020543b5fd9
000000209b7e0779
00000021047fa179
000000218c6ae8d9
00000021981367b9
000000219e8c4339
00000021b1112019
00000021ffa739d9
0000002210672339
0000002216eec2f9
00000022a40a4459
00000022d8d5dc99
000000469802c161
000000000252da71
0000000000000181
000000239b55c359
00000023d3cadc19
00000023e11ff219
00000023f54205f9
0000002404b1a899
0000002418086d79
000000249dc13ef9
00000024e58ebcb9
000000251e49ec59
0000002532348719
000000254a2679f9
000000260aa50139
00000027365364b9
000000274ebf0659
00000027b07e44b9
0000002808b2b8f9
000000282b29d0f9
00000028597c0d39
000000287974f139
000000289ee581b9
00000028dc4e55f9
00000028f1866479
00000028f4a5b819
0000002937d11cf9
0000002938c07c79
000000293f7ad3d9
0000002985cd6f19
000000298c961c39
0000002aab5339f9
0000002ab77fd8d9
0000002bb76521f9
0000002c240cbbd9
0000002c44ac0119
0000002c5ea010d9
0000002c5ea02f19
0000002c6dfc8ff9
00000059386d6061
000000000252da71
0000000000000181
0000002cdde55819
0000002d03830179
0000002d125066f9
0000002d7e0a57d9
0000002d9f8c0299
0000002e677cbab9
0000002eaa8789d9
0000002f1bf471f9
0000002f1dca9039
0000002f8dcae7f9
000000301e9f8a19
000000310ef0e259
00000031a322e7f9
00000031b13bc4f9
000000327ef0d0d9
00000032a3a7b6f9
00000032d395b559
00000033073fbf39
0000003308963c59
000000336ad91e19
000000339872fbd9
00000033c73abe39
00000033d337c739
00000034687d6639
00000034999eedb9
00000034e8567459
000000350ae1cb19
00000035640b7599
00000035b3440d59
00000035bd3c7d39
0000006bd8d7fe61
000000000252da71
0000000000000181
000000363e415199
00000036c1f89ef9
00000036ce5fcdf9
00000036dc120079
00000036ed4e7979
000000376d90dc59
000000379d2d0cf9
0000003800c3ecd9
0000003824714b59
0000003837b067b9
00000038448eb1d9
00000038470b3539
00000038bebf86d9
00000038c173cc99
00000038d446f7f9
00000038d927db99
0000003909b1c939
00000039a7838b99
00000039d00db7f9
0000003a732d9a19
0000003a9adea539
0000003afd05fad9
0000003be3cd50d9
0000003c3f8e78f9
0000003cd9394799
0000003ce36eb6b9
0000003d15a01679
0000003df498a959
0000003e1bcec799
0000003e50b0dab9
0000003eebb1da19
0000003ef0a040f9
0000007e79429c61
000000000252da71
0000000000000181
0000003f45415639
0000003f5e35f479
0000004094b408b9
00000040958688d9
0000004096f87d79
00000041d012c6f9
00000042126ac979
00000042ae740f19
00000042b77a4859
00000042bd8adb79
00000042f6a15c79
00000042f8663359
0000004308cbc559
00000043198ee939
00000043486ad159
00000043b470e019
00000043d9309cd9
00000044283cae59
00000044886c2539
000000449beb0939
00000044b3726519
00000044d6c49dd9
00000044e41fac99
00000044efb7b379
000000457e5a4159
00000045f469caf9
00000045fb9a3659
000000460a3c1899
0000004646945319
00000046abcf7159
00000047dd23bb99
0000004831ecd619
000000483eb4ac59
0000004850155079
000000486f7fea19
0000004880614339
0000009119ad3a61
000000000252da71
0000000000000181
00000048d38e43d9
00000048d9c81619
0000004951a02139
00000049b529ea79
00000049b7ccf399
0000004a24c44e39
0000004a890f18f9
0000004a94f280f9
0000004abf533a19
0000004b1b646d99
0000004b44848c19
0000004b659fc039
0000004c56cba299
0000004d5e7a5359
0000004db9731cf9
0000004dcc46a179
0000004e292e6159
0000004e411933f9
0000004ec21752d9
0000004eeac74b79
0000004f79360c19
0000004f8cbdea39
0000004fd066dcb9
0000004fd4f6ce79
0000004ff181f2f9
000000501fd89559
0000005031004f99
000000503d0949b9
0000005070de6139
00000050ac038fd9
000000510fbd0279
0000005113d717b9
000000512b2c7af9
0000005162cf7299
000000516a609539
00000051c50a6bd9
000000a3ba17d861
000000000252da71
0000000000000181
0000005208106059
000000523fc80039
0000005258aa12b9
000000526a4146b9
000000529d10dfd9
00000052e2ae3399
0000005342646f19
0000005365903299
000000538a1574d9
00000053a139a4f9
000000543cbd7219
00000054495eb919
000000556f049a99
000000557afd75b9
000000559f982679
00000055c513e7b9
00000055c7c74b19
00000055d8dbd819
00000055f2cff9b9
00000056223e6bd9
000000565af0ae79
00000056dd053ef9
000000570e892d19
0000005852f3f959
000000585b1bdbb9
0000005884ecf919
00000058ae932159
000000598243e759
0000005a1c034919
0000005a3aaaf3d9
0000005b180aa239
000000b65a827761
000000000252da71
0000000000000181
0000005b43326079
0000005b96172219
0000005bd1ca0879
0000005c0ae5f9d9
0000005c114e6659
0000005c315c8a79
0000005cf8f5ed19
0000005d94fd06b9
0000005df1c41b39
0000005e3a8fa699
0000005f0e938b39
00000061543bb659
0000006159bdc5d9
000000621177abb9
000000623e9fe019
000000624df8aab9
0000006254778c19
00000062d55e6d99
000000632bdd6ab9
00000063474ff599
000000637291d7d9
00000063a15d3bb9
00000063abc5d359
00000063f4d87d59
000000640f49d9b9
000000c8faed1561
000000000252da71
0000000000000181
00000065a5425f19
00000065bc03f4b9
00000065bcb1a819
00000065c08fa179
00000065cecdc799
00000065db0f18f9
00000065f19cfc99
00000066965e4579
000000670c31ae99
00000067137496d9
000000671b8d48f9
0000006746994bb9
0000006756704839
0000006770313259
000000683fd58659
000000684fdb0af9
000000687cef0bb9
000000687e8a65b9
00000068fbd54639
0000006906f0ef79
000000693452b999
000000698a52ef79
00000069fc15de39
0000006a456670f9
0000006adcd699b9
0000006b321b82f9
0000006b40c48db9
0000006b66ee83d9
0000006b79320f99
0000006b8b7644d9
0000006bf73510d9
0000006c024c3dd9
0000006c3cd3eb19
0000006c41bf0ad9
0000006c41f303f9
0000006c89c3ee79
0000006c9e617579
0000006cdd7fb819
0000006d3bffb159
0000006d8e108159
0000006da47353b9
000000db9b57b361
000000000252da71
0000000000000181
0000006df52f47b9
0000006f5fd9d459
0000006fbfaa4e59
000000701a478539
000000702ab01739
0000007071aa32f9
00000070ba578d99
00000070f53b7cd9
0000007139899439
000000715f84e939
000000716df5a6f9
000000718a599959
000000725487f9f9
00000072ede05a59
0000007316294eb9
000000735c8a9ed9
000000736a16c3f9
0000007388034d79
00000073e8c344f9
00000074903e8e19
00000074a8023e19
00000074eaeb6dd9
000000755f232699
0000007575bdf959
00000075853800b9
00000076458e3079
000000ee3bc25261
000000000252da71
0000000000000181
000000773f18a5b9
00000077be07d979
00000077d7aa27b9
00000077dc590b79
000000781139deb9
0000007830137bf9
0000007849c72b59
000000784f01dab9
00000078933bf039
00000078b9c847f9
00000078f580b0d9
00000078f580c239
00000078fe0783d9
0000007911825399
000000793f2ec459
000000795f837c79
000000795fa323d9
000000797659f179
00000079a9e1a459
00000079b0143b79
00000079b8be6179
0000007a03151e79
0000007a65f7eb99
0000007a770d6d79
0000007a7de6b219
0000007aba258e79
0000007b5e0725d9
0000007b9d335f99
0000007c5e9197d9
0000007c988f99b9
0000007ca794d6b9
0000007d1133c379
0000007dc78f24f9
0000007dde414f79
0000007e03111a59
0000007e0c0b7639
0000007e5a72e299
0000007ebb674479
0000007fc1d4e4f9
000000802f856439
0000008032e8d099
000000803a866d39
00000100dc2cf061
000000000252da71
0000000000000181
000000810c937fb9
000000830edd3d99
0000008384666e39
00000083db2ada19
00000084671bad39
0000008473a155f9
0000008537a111b9
000000859587f9b9
00000085a4825159
00000085d38ee079
00000085db508b19
00000085de3a2339
0000008643805379
0000008656aa1599
00000086ad112d99
00000087027c0459
000000873e4edd99
000000874c6af039
000000875b4d7fd9
0000008769e3a859
000000877dfb0e59
0000008822986a39
0000008857f0c919
0000008919c047f9
000000898a7b8999
000001137c978e61
000000000252da71
0000000000000181
0000008a5385b5b9
0000008aaecd2f99
0000008abab58f99
0000008b0e6f95b9
0000008b17a625f9
0000008b50016b39
0000008d101b41b9
0000008d33b75099
0000008d79ffb5b9
0000008e09826399
0000008e0e1339b9
0000008e64fb8899
0000008e688e9239
0000008eac113c19
0000008f3658cb99
0000008f935f21b9
0000008fa4ec9019
0000008fde28c799
0000008ff53e5979
0000009000dbc139
0000009012703f59
0000009033c84899
000000912566e639
00000091f3b7fd79
0000009202965299
0000009286360fd9
000000928df1ddf9
00000092907974f9
00000092bd7045d9
00000092d09cf439
00000092ead50b99
00000092fc056e39
000001261d022c61
000000000252da71
0000000000000181
000000934e6c2cb9
0000009373550e99
000000938705f4f9
000000941600a9d9
0000009422724d79
000000944a9cc3b9
000000946a54a2b9
00000094df9182d9
00000094f3a24339
000000953ddc8a19
0000009548407a99
000000957eeee199
0000009583aecdd9
00000095dfc71e39
00000095f714b9f9
000000962b65eaf9
00000096adf0edd9
000000978bfd3c19
00000097fa8f1c79
0000009813b77879
00000098a13a0ff9
000000993f8e6fb9
0000009999c76d99
0000009a0ae3bb99
0000009a1b0d2db9
0000009a694f51d9
0000009a70629899
0000009a8ad62419
0000009acd1f8599
0000009b68be9799
0000009b9fb2d9f9
0000009c34901999
0000009c426e2619
00000138bd6cca61
000000000252da71
0000000000000181
0000009c7b39bb19
0000009c89a8dc99
0000009ca363eaf9
0000009d8bfe79b9
0000009d96c19679
0000009dae408699
0000009e677ac4d9
0000009e754e7739
0000009f91a72e59
0000009fa7d923d9
0000009fd4ad57d9
0000009fe399f799
000000a01d577399
000000a07654e579
000000a0dead4739
000000a135b7ab99
000000a14fd56079
000000a18dc7ea59
000000a1ba46c119
000000a1d1580d99
000000a283aaddf9
000000a2f50b91d9
000000a2fa1c1df9
000000a33c5f8959
000000a3755a4959
000000a3b8b16099
000000a3e5a76679
000000a448a913b9
000000a476ed87b9
000000a54abb7ef9
000000a580a6a4f9
0000014b5dd76961
000000000252da71
0000000000000181
000000a5b6983e59
000000a60395b1b9
000000a62307e039
000000a6d2ac4259
000000a7668ed759
000000a7fd41def9
000000a8515dfdf9
000000a8e98eb359
000000a8f9e31ab9
000000a9dd234239
000000aa074c73f9
000000aa3fdcd4d9
000000aafaa352b9
000000ab014c3899
000000ab7cdbb4b9
000000abdb225cb9
000000abe1797a59
000000abfe02ddb9
000000ac437acb79
000000acaa55ef19
000000aceac27d39
000000aceb82e7d9
000000ad6cb99eb9
000000adb600c0f9
000000aed93e3939
0000015dfe420761
000000000252da71
0000000000000181
000000af965a9a19
000000afe67725f9
000000b013f20d19
000000b013f22dd9
000000b022f9c879
000000b03e7082f9
000000b076ecda79
000000b0a65b05f9
000000b0aa6a0099
000000b0ee374719
000000b10b9c1c79
000000b157c42e79
000000b1f9e968d9
000000b239fe0819
000000b26796e3d9
000000b28ae5d5f9
000000b2ab0da759
000000b2cf92c539
000000b2f55cbc19
000000b2f89970f9
000000b31b903d99
000000b377164c19
000000b3a0169a39
000000b43d49fa19
000000b4b5161939
000000b4c54cf3f9
000000b4edd70c19
000000b52974bab9
000000b539927479
000000b59715ea79
000000b6c81185b9
000000b7b60fa399
000000b7ecbd94f9
000001709eaca561
000000000252da71
0000000000000181
000000b9908cb179
000000b9adf12219
000000b9f178beb9
000000bb62d287b9
000000bc1c9b8fd9
000000bc47f6ebb9
000000bc9083d559
000000bca6e894d9
000000bd0a305399
000000bd1977ed19
000000bd98a258d9
000000bdaab963f9
000000bdd3e516d9
000000beb5c287b9
000000bee72d7559
000000bfe1f618f9
000000c0fc0e3059
000000c10f2b2639
000000c16c51ab59
000001833f174461
000000000252da71
0000000000000181
000000c1d9331479
000000c2029cf7d9
000000c251ecef19
000000c3af7f4ff9
000000c3f6667259
000000c3ff7888d9
000000c42b8de559
000000c439adf399
000000c491eff1f9
000000c51f311859
000000c529c31b99
000000c54785b779
000000c586e65319
000000c5f85a94b9
000000c6ce6b9af9
000000c6f59f4299
000000c75d012459
000000c76fc049d9
000000c7e572a839
000000c7e5eaccb9
000000c7f51f8f59
000000c8778d37f9
000000c8813da439
000000c8defb4c79
000000c8f6500e19
000000c98d19d439
000000c9a8508f39
000000ca39d1b159
000000ca65ca9499
000000ca9a68a739
00000195df81e261
000000000252da71
0000000000000181
000000cb33943659
000000cb46ad0259
000000cbdfb152d9
000000cc9950a9b9
000000cce23f8039
000000cd5e6bedb9
000000cdc81fcb39
000000cec374def9
000000cf11923f99
000000cf30005459
000000cf92b6a339
000000cfff5a68f9
000000d013b164d9
000000d0160b8bd9
000000d04520acb9
000000d05903c479
000000d06ab1d879
000000d0b85033f9
000000d0e8467999
000000d11a2a6799
000000d13f5742b9
000000d168a92739
000000d16cfea999
000000d1717ce459
000000d1d75a3499
000000d2227ffbd9
000000d230059cb9
000000d24ea5d959
000000d25530bfb9
000000d2806c2819
000000d296468239
000000d2a13800f9
000000d2fcbdcff9
000000d41f7d5319
000001a87fec8061
000000000252da71
0000000000000181
000000d4c755ab19
000000d51ae80179
000000d5357e3179
000000d54624b2f9
000000d56b47ec79
000000d599daa439
000000d5b104e879
000000d5e1948cb9
000000d659eb9e19
000000d65b14b4d9
000000d668310e59
000000d66961a759
000000d68781d8d9
000000d69e0701f9
000000d6a2f76ef9
000000d6a68c9d59
000000d6b1027f59
000000d6dc6cb639
000000d72fbc86f9
000000d7428dd559
000000d821093139
000000d8ac0c2a79
000000d8ce9129d9
000000d8e67844b9
000000d8eecc8079
000000d980735b39
000000d9c1b2f619
000000d9e00f5499
000000d9e941b359
000000da7b48a2d9
000000daac69f319
000000dad49954d9
000000dbe9d141f9
000000dc01ef1d59
000000dc237739f9
000000dc8e6d3839
000000dcb5554a99
000000dce28aefd9
000000dd079f7d79
000001bb20571f61
000000000252da71
0000000000000181
000000ddcaf11599
000000de426584b9
000000de4ce1db19
000000debd165619
000000df3be2f1b9
000000df7041d339
000000df836345f9
000000dfb63b6d59
000000dfebc64ad9
000000e0118f0a19
000000e052af7719
000000e05a3bde99
000000e0edbd6cf9
000000e14a747df9
000000e1b800a3b9
000000e1ff812fb9
000000e221339bf9
000000e247ca88b9
000000e299317899
000000e2bc3763d9
000000e34a6671d9
000000e353269c19
000000e35e144139
000000e3b3e0e659
000000e3e9cde479
000000e43d1c4fb9
000000e48a076cd9
000000e4d6c7ff99
000000e5379f7879
000000e554a5cef9
000000e559c52b59
000000e5717022f9
000000e5f2f3ff99
000001cdc0c1bd61
000000000252da71
0000000000000181
000000e75700f659
000000e7572268b9
000000e8a8baaf59
000000e8c0186279
000000e8f75f9099
000000e92d0aa3b9
000000e9e4ced379
000000eaa1260d79
000000eabc445c59
000000eb06af84f9
000000eb4c1b5cd9
000000eb5b92d019
000000ebb9fe21b9
000000ebd189b599
000000ebe4ac8119
000000ec02a0b579
000000ec1ccd84f9
000000ec5ea0c379
000000ec629bcef9
000000edc7b07799
000000eee8084399
000000ef40424ff9
000000ef5e7f3219
000001e0612c5b61
000000000252da71
0000000000000181
000000f135048b79
000000f15ea85dd9
000000f1bb2aa259
000000f1ce7d1399
000000f2542aa6f9
000000f262bfd539
000000f2a3c5d299
000000f2b6b56f99
000000f2c14ad279
000000f2df111ed9
000000f2e3db77d9
000000f334433359
000000f3410951f9
000000f365670ed9
000000f3f12aa739
000000f3fa635939
000000f524a29ad9
000000f53f9a4599
000000f589698f39
000000f5a8c732b9
000000f6167194f9
000000f654aaf479
000000f6714cdd99
000000f684614ef9
000000f6ed130d39
000000f6ed246a99
000000f78962d479
000000f7cbb28979
000000f7e531a5d9
000000f807975df9
000000f8c8cc2539
000000f9774e7719
000001f30196fa61
000000000252da71
0000000000000181
000000f995b56cb9
000000f99b098699
000000fa02263459
000000fa18393339
000000fa6e03e199
000000fa73625c39
000000fad55e32d9
000000fb38d6c159
000000fbdc8825d9
000000fc287eb4f9
000000fc77910779
000000fda502b999
000000fe12ff71b9
000000fe57b04339
000000fe7d5dcbf9
000000fe94421979
000000fed8804239
000000feef7e2b99
000000ff3f5d8a59
000000ff4c9bdb19
000000ff85dd2d79
000000ff95d69359
000000ff9b42de39
000000ff9b46b159
000000ffd8ea3239
0000010030d64379
00000101edc37f39
000001021f3770f9
0000010226e61319
00000102909b45d9
0000010295252319
00000205a2019861
000000000252da71
0000000000000181
00000102d35d2fd9
00000103ae0fdb99
00000103c1560eb9
000001050a9f3739
0000010593bcc3d9
0000010666ffc599
00000106b630f7b9
00000107359bbf59
00000107598132b9
00000107db568699
000001082131af19
000001087dede859
00000109e515db79
0000010a35d80159
0000010a3edb2ff9
0000010b3e46fef9
0000010bb69f60b9
0000010bf495eed9
0000010c147351f9
00000218426c3661
000000000252da71
0000000000000181
0000010c411f04d9
0000010d893d91d9
0000010decedcf39
0000010ee9531919
0000010fad80b599
0000010fd8455439
0000011020131c79
00000110222a0599
000001103c6bd9d9
0000011086360899
0000011099003d59
00000110d7e3e339
00000112288468b9
0000011232c16a19
000001128f903e39
00000113929efbf9
00000114180867f9
00000114eb740339
00000114ff5838d9
0000022ae2d6d461
000000000252da71
0000000000000181
000001158c69b479
000001162548a579
0000011643ec5159
00000116d938f5d9
00000116ed4cd6d9
00000117380c7dd9
0000011744258799
0000011760416f19
00000117877ff6f9
00000117e040ad99
00000117e040af19
00000118645426b9
00000118a4f5aab9
00000118f0a92779
0000011901d1ab79
000001191c7ef5f9
0000011936bac159
000001194e2ceb59
000001196593a5f9
000001196f46e8b9
00000119741ced59
00000119ee523799
0000011a41502559
0000011a70c91e59
0000011aaa836f59
0000011b4ca97b39
0000011b52483479
0000011b5883be39
0000011bcc123999
0000011c05a50bd9
0000011c64f4eb99
0000011c713be199
0000011c826dde19
0000011cb8c9beb9
0000011cca6a4179
0000011cdc1424b9
0000011d34ce1739
0000011d4ee26a39
0000011d7f58a119
0000011e0e29f599
0000011e14cb4019
0000011e42d88f39
0000011e5f0709b9
0000023d83417361
000000000252da71
0000000000000181
0000011ec7d59db9
0000011f139d0f19
0000011f3a504d59
0000011f531d3919
0000011f58795c59
000001203fe17859
00000120fcd6cd59
000001219641ca59
00000121b4b94499
00000121f602aab9
00000121f602c939
00000121fe5599d9
00000122512f1519
00000122aaa393d9
00000122c7e57579
0000012305fb8759
00000123155be879
000001238038aad9
00000123b4d0dfd9
00000123c0f2a399
000001245a1e93f9
000001247d882ff9
000001251e57abd9
0000012538016879
000001259910cbd9
00000125aaf92959
00000125d8359899
000001260c459539
000001265b4b6759
0000012692e47739
00000126c4f50d79
000001270f6a8659
0000012718faaaf9
00000127f2bb7519
0000012800ee5b59
0000025023ac1161
000000000252da71
0000000000000181
000001285a282079
000001288e3f0ad9
000001290193a799
00000129495b45b9
000001296b8408f9
00000129ed4212f9
0000012a3119db79
0000012ae019f759
0000012afd6519d9
0000012b1fbe9919
0000012b36c06959
0000012b58b39cf9
0000012ba4779699
0000012c0e215c79
0000012c3dac1b59
0000012c6f782199
0000012c87ee97d9
0000012c8fd3e5f9
0000012d3cf35db9
0000012d51555f79
0000012d74b44059
0000012d8ba0e639
0000012e1c2f9219
0000012e2119fe99
0000012e82cbd359
0000012ecddcc759
0000012ee355f6d9
0000012f31eec919
0000012f3c370a19
0000012f5936da19
0000012f67a34fb9
0000012f746f1179
00000130247b9af9
00000130b8b4adf9
000001313b2364b9
00000262c416b061
000000000252da71
0000000000000181
0000013199a622b9
00000131c1899dd9
00000131e7330279
00000131f3385d59
000001325b21d9b9
000001325f4e9859
00000132770b4939
0000013286379819
00000132b385dab9
00000132bee668b9
00000132c36efdd9
000001330f68e219
000001347b33e099
0000013528efc0d9
000001352ad7f9f9
00000135a2a827f9
00000136414139b9
000001366869f0f9
00000136a8552bf9
00000136da747139
00000136ec7388b9
0000013729e1b499
0000013780fc4059
000001379e1e28f9
00000137e4fb0f19
00000137e9561c39
000001381f43b8d9
000001384a519619
000001385bb7f519
000001385f4f8799
0000013878f7f719
000001388e1b9179
00000138a47f4db9
00000138a90048d9
0000013956981b79
00000139a6fb1099
0000013a4b705f79
0000013a4deb6d99
0000013a5eeb1079
0000013a91ba1959
0000027564814e61
000000000252da71
0000000000000181
0000013be35dcdb9
0000013bf3d14af9
0000013c343deb39
0000013c5612a499
0000013ca37989f9
0000013d175a4899
0000013d781136f9
0000013d7e09b2b9
0000013de1358f19
0000013eed58abf9
0000013f9704bd99
0000013f9d404859
0000013fd5c6a319
0000014048627699
000001406414de19
000001406a724579
000001406c4e99d9
000001408c4cf3b9
0000014094ec6199
000001411e11cbb9
000001415ae8b979
000001416762dc99
0000014167a97519
000001416c88db19
0000014190b187b9
00000141a707ec59
00000141a7361d59
00000141dc211999
00000142345f38b9
00000142919bdfd9
00000142acc97a39
00000142d6de9e19
000001431c985eb9
0000014327721e79
00000143b78688b9
0000028804ebec61
000000000252da71
0000000000000181
000001444750a179
00000144a0182719
00000144dac8b6b9
0000014502533279
0000014554192b99
000001458a0908f9
00000145bbefded9
00000145c36253f9
00000146372278f9
00000147925482d9
00000147dbb87999
00000147e056bc19
0000014869a5c059
00000148f76f9a79
00000149094719f9
0000014a5a7c20d9
0000014ab469bb79
0000014b71762fd9
0000014b725205d9
0000014ba9dd92d9
0000014bbbe19979
0000014c440ef999
0000014c896c5459
0000014cf1f8bf59
0000029aa5568b61
000000000252da71
0000000000000181
0000014e76df6779
0000014eb44f0199
0000014ebc2621b9
0000014ecc331019
0000014eceaaae79
0000014f6c5c2ff9
0000014f81a5ed59
0000014fd5276759
000001504e0be879
00000150b1ac54d9
00000150c1f01a59
0000015110126819
000001513a9f4059
000001515b2574f9
0000015176bfa1d9
0000015190b5a039
00000151e9c628f9
00000151eb9c2379
000001523b52cbd9
0000015315463979
000001532d4584d9
0000015377dcf199
00000153b34e0219
00000153e5567b19
000001545d003839
000001545e445d39
00000154a69266d9
00000154b620f059
00000155821e2819
000001559ac1a839
00000155b55dd0d9
00000155bda5e559
00000155dd59a2d9
000002ad45c12961
000000000252da71
0000000000000181
00000156a6eaef99
00000156c3913bf9
00000156e6c05ef9
00000156febba299
00000157372d52d9
00000157740ec3b9
00000157d9435fb9
000001587b8f0f59
000001589f66e239
00000158eee59e19
00000159188744f9
00000159c5c29dd9
0000015a55c7ec19
0000015aa61cec59
0000015af0734799
0000015b5f3cc219
0000015b89630f39
0000015b896323d9
0000015b96986999
0000015ba26ccbf9
0000015c5fbdc559
0000015c611bf539
0000015dff94bf99
0000015ebaa0c9d9
0000015efbabcdb9
0000015fa7ac1af9
0000015fe094dc19
000002bfe62bc861
000000000252da71
0000000000000181
0000015ff21644d9
0000016033f12019
000001603cc3ea39
000001603e8d1779
000001604801d599
000001607c213fd9
0000016082392bd9
000001608fb5b239
00000160e80ac179
0000016100073b19
0000016170f234f9
00000162431b5bd9
00000162c69d3159
00000162dfd8c819
00000162e50b0af9
000001638ed1e239
00000163914f0b19
00000163aa2293f9
00000163be9d62f9
00000163d3bf68d9
00000163e5f600d9
00000163ea2490d9
0000016438c6e519
0000016449209979
00000164851d1eb9
000001649d78de79
0000016504f86679
000001650fb8b139
0000016553484cd9
000001664ac5d799
00000166f2816a99
0000016730796719
0000016747bd66b9
00000167e77468f9
0000016814709699
00000168415f3759
0000016867383fb9
000001686d699bd9
00000168fbbaa319
000001690bc96b79
000002d286966661
000000000252da71
0000000000000181
000001699402fb19
00000169a099aa39
00000169bcaa4319
00000169df1ee2f9
0000016a3f3bfaf9
0000016a51ca23f9
0000016a75829a59
0000016a8158cc79
0000016a87fff8d9
0000016aa3f8c7f9
0000016ade7cc119
0000016b40109059
0000016b50cac3d9
0000016b769fad59
0000016b91f72ad9
0000016c00802a79
0000016c441e08f9
0000016c62b54ad9
0000016cc6992f39
0000016d01f02e79
0000016d5ad6bd59
0000016deef24739
0000016e344cc2b9
0000016e5508e199
0000016eb3fd95f9
0000016f01058a79
0000016f274f4099
0000016f6e8475d9
0000016fd18d1ef9
0000016fe0575ed9
0000016fe1c475b9
0000016fece8cb19
0000016ff36a27d9
00000170ae467ef9
00000170b201d459
000001710dc30dd9
000001712ddb9a99
000001715801f279
000001721ef095d9
0000017253181bd9
0000017282486779
000002e527010561
000000000252da71
0000000000000181
000001731e067079
00000173f0936999
00000173fe40c8f9
0000017428ebff59
000001748cb15439
00000174d08abc39
0000017576116359
00000175905dc6d9
00000175c4d7e199
00000175c5ad3039
000001763ee0fa99
0000017676d4fef9
00000176904a64d9
00000176c9d7abd9
00000177322805b9
00000177cb78fbd9
00000177fe1f1119
000001781ba88d99
000001797bef2319
0000017992214099
0000017995c34299
00000179b25e1719
00000179b9a98e99
0000017a03d4cfb9
0000017a8babb5f9
0000017a96b2ba59
0000017aed8121d9
0000017b6f0a26d9
0000017b85499eb9
0000017bd839b3d9
000002f7c76ba361
000000000252da71
0000000000000181
0000017c28a78419
0000017c80b5f6b9
0000017d3b8f3239
0000017d43080239
0000017d98938b59
0000017dfab8a099
0000017dffe2ddf9
0000017e748bb179
0000017ea562e539
0000017edbb8e899
0000017f39596bf9
0000017ff9f9d3d9
0000017ffa8e5279
000001810be08439
00000181653881d9
0000018166132af9
000001816709a139
000001824d003db9
000001825c10ebd9
00000182c1afe639
00000182c6ec8779
00000182e74e96d9
00000182f77ea199
000001836ea97cf9
000001840c23b999
0000018415ea88f9
0000018474bfb679
0000030a67d64261
000000000252da71
0000000000000181
000001867d2530b9
00000186ce0544f9
00000186d7ac11f9
0000018706a4b1b9
0000018736b21ef9
00000187a7642359
0000018814f6e739
000001887ca81d79
00000188b3ae5499
000001894f8343f9
0000018978936a79
0000018978937df9
00000189b3ac3d99
0000018a5b9fb5b9
0000018a76bd6b79
0000018a9bf467f9
0000018a9ce25db9
0000018b044ea819
0000018bcd490cd9
0000018bcd496c59
0000018c61c39539
0000018c89d14b19
0000018ce9fa45f9
0000018d2914c2b9
0000018daf9b9319
0000018dea7c21d9
0000018e18383c19
0000018e1f6b40f9
0000018e23faae79
0000018e7afb25f9
0000031d0840e061
000000000252da71
0000000000000181
0000018eff5767b9
0000018f410f7539
0000018f9a276959
0000018fe61a5879
0000018fed586e59
000001903215a0d9
00000190b3a51bd9
00000190edb9bc59
0000019127bc6839
000001913a701679
000001919ba987d9
000001922759a1b9
000001925122e1f9
000001929d1bf2d9
000001929d5f0539
000001932962fd79
0000019388385759
00000193b9e66ed9
000001942094b1f9
0000019422297859
000001944f0a7199
000001952c264119
000001955536a5b9
0000019599a90959
0000019637262d99
000001963a6c2399
00000196d2f04f39
000001972f6732d9
000001975a9e1b79
000001979240d419
00000197c8f81519
0000032fa8ab7f61
000000000252da71
0000000000000181
000001981e443f99
000001982eb2a8d9
0000019860d29559
00000199001c98f9
00000199049d12d9
000001991cec3a99
0000019986058299
000001998a4e1d19
00000199936264f9
00000199b7008a59
00000199bb6d94b9
0000019a043f88d9
0000019a492b5859
0000019a58dd7b99
0000019ac8f74819
0000019b0d61e3f9
0000019b1fa03d39
0000019b79bc6039
0000019bcbaf13b9
0000019bd38617f9
0000019bdd21fed9
0000019c00bf1b79
0000019c54cb0779
0000019c94169739
0000019cb0de3ef9
0000019cfa421259
0000019d0da9c1d9
0000019d9273dff9
0000019e5321f5f9
0000019e76387259
0000019efd52e939
0000019f531ad059
0000019f607f66b9
0000019fe0c2a1b9
0000019fe0c2b099
0000019ff93c2cf9
000001a03744c439
000001a0483c4b59
000001a0491d69d9
000001a07634b159
000001a0939e0539
000001a0fead3af9
000001a11f7d7b59
0000034249161d61
000000000252da71
0000000000000181
000001a1382ffbb9
000001a1e7719239
000001a204163fb9
000001a217b217b9
000001a2321f96f9
000001a2511c25d9
000001a29c1c27f9
000001a29d33d179
000001a2b484d319
000001a2e158e9d9
000001a2f87939d9
000001a327c5d599
000001a35ce73ef9
000001a39f5ea3f9
000001a3a6dfe3d9
000001a4054c9659
000001a48db3a339
000001a4da3f0399
000001a4e8c97e39
000001a5526bb019
000001a699019579
000001a69fa0bc19
000001a758ba9e59
000001a784ee4839
000001a877848259
000001a896127239
000001a8dd777bd9
000001a902a43eb9
000001a92bcbc159
000001a9c3e2d639
000001aa51bdec59
00000354e980bc61
000000000252da71
0000000000000181
000001aac7ecee39
000001aae8acb4d9
000001ab0d79f259
000001ab387ffa99
000001abad556d59
000001abf7407399
000001ac570adf99
000001ac5a4afe79
000001ac6bf92079
000001ac93945099
000001acae0cfb79
000001ad16805579
000001ad4841a419
000001ad61fa6819
000001ade558dbf9
000001adfb925219
000001ae9e7d4ad9
000001aeb7626c39
000001aefd9a1359
000001af5c1e3759
000001af652e32d9
000001af930e0c59
000001afe3e8cf59
000001aff07adab9
000001b02f7d2999
000001b07ec47399
000001b11ac28359
000001b13ce3fef9
000001b19839b099
000001b1f25a12d9
000001b272929219
000001b287b9e3b9
000001b2bd567a19
000001b2c22176b9
000001b3057280d9
000001b3354b3059
000001b3372cb299
000001b341f8e319
000001b3920f5c99
0000036789eb5a61
000000000252da71
0000000000000181
000001b3c98b3499
000001b3d2f7bcf9
000001b3d4f46ef9
000001b3fe49d059
000001b42ba72019
000001b45d0ae8b9
000001b51d8be479
000001b527b28819
000001b52ba8c879
000001b5bb72c619
000001b5f8972559
000001b75d38feb9
000001b79e0d6579
000001b7f4509a79
000001b895af4979
000001b8d62c8559
000001b8e4e72619
000001b9162a2699
000001b939d62cf9
000001b957bd6b79
000001b9e101a319
000001ba8dacb619
000001baa5c8ee79
000001badf07ec59
000001bb86640b59
000001bc18848479
000001bc19ef8339
000001bc4a25b379
000001bc8b31c179
000001bccc9bb2b9
0000037a2a55f961
000000000252da71
0000000000000181
000001bd80e6e359
000001bdeafaf2f9
000001be818d8279
000001bea7dbbc79
000001becd3d0799
000001bf01c965b9
000001bf1cb9d5d9
000001bf70e3c579
000001bfcd950319
000001c01b366a79
000001c03b5af6b9
000001c06f20f459
000001c07bcf2399
000001c0d3d61159
000001c1036068d9
000001c19b331319
000001c29acc79f9
000001c34ff83739
000001c399363bb9
000001c3b3868119
000001c4075da319
000001c449bd13d9
000001c4a8b209f9
000001c4b9db5799
000001c52c2cd439
000001c5629313f9
000001c589fc7039
000001c59b1922f9
000001c5fc7caad9
000001c620af4999
000001c650d1af99
0000038ccac09861
000000000252da71
0000000000000181
000001c67de0a719
000001c6cdeb67d9
000001c7010ed2d9
000001c70fbd9719
000001c7169639d9
000001c720cb1139
000001c7230a5299
000001c7392d9299
000001c762c4ab59
000001c762cefdd9
000001c7cfed9419
000001c856c44d19
000001c8a75a8499
000001c8e3414079
000001c8edb874d9
000001c94224e879
000001ca294a0dd9
000001ca46125f59
000001ca73e8b119
000001cacf2de819
000001cb2536c6d9
000001cb3a3a4419
000001cc49f63f79
000001cc57ae7b79
000001cc68f5d599
000001cd16e2bc39
000001cd3b1d7cf9
000001cd85785139
000001ce54581139
000001ce5b811e19
000001ced533e519
000001cf34c4e839
000001cf39474719
000001cf45ffe0b9
000001cf80c91a79
000001cfa5dfc2d9
0000039f6b2b3661
000000000252da71
0000000000000181
000001cfdc685179
000001d0c5059fb9
000001d0ce14e2d9
000001d0fa79d8d9
000001d0fe3c9a79
000001d17e4ca559
000001d18d9efa79
000001d1f7459f79
000001d2a857e319
000001d3dc3a1279
000001d4026dd3b9
000001d46c9b43f9
000001d473fb5919
000001d4a6c4b119
000001d5145008d9
000001d53839b779
000001d55fee0bd9
000001d64f82f2b9
000001d65c35bb59
000001d789142659
000001d7bf10de39
000001d7f902ffd9
000001d8302536f9
000001d89af0afd9
000001d8bf440919
000003b20b95d561
000000000252da71
0000000000000181
000001d92d4de999
000001d946394919
000001d98e802f39
000001d9c337baf9
000001da38611659
000001da39cc5ab9
000001da4cd22a59
000001da61741779
000001db67b38379
000001dbb9ccf999
000001dbf6123f59
000001dc67aef359
000001dc7b4e2b79
000001dc989eab59
000001dd3a37cd59
000001de079b4499
000001de490322f9
000001de90ffd9f9
000001deb4857db9
000001df127f6959
000001df4ea36859
000001dfa2fdb2d9
000001dfad610e39
000001dfb4cf3979
000001e0142725f9
000001e0550795f9
000001e0a8252f59
000001e2121822b9
000003c4ac007361
000000000252da71
0000000000000181
000001e2d7acbbb9
000001e3d72ea239
000001e3f1b9d9f9
000001e423bd55b9
000001e425f755b9
000001e42e925479
000001e473797799
000001e510d90f59
000001e54e1d32d9
000001e59f3734f9
000001e5d459c1b9
000001e60b01bc39
000001e673075279
000001e67e6f9939
000001e7075ed1f9
000001e717208459
000001e79e3f8e59
000001e7b0d95e79
000001e7d4376c59
000001e7ec8da839
000001e83635d779
000001e873b16059
000001e96f9ac6d9
000001e9f50635f9
000001ea087dee59
000001ea5b665019
000001eb57eba4b9
000001eb76adda99
000003d74c6b1261
000000000252da71
0000000000000181
000001ebaf97e2b9
000001ec298428f9
000001ecae481a99
000001eceab194b9
000001ed63f41c99
000001ed66efed79
000001ed88757019
000001edd7152419
000001ee209e4839
000001ee2d1fc879
000001ee34037939
000001ee880d40f9
000001eeaba3da39
000001eee57cf719
000001ef1fd9b839
000001ef828842f9
000001efa6f0f359
000001efc4968999
000001eff7dedbf9
000001f00779afb9
000001f02b1a4bd9
000001f03cfedaf9
000001f077e33719
000001f0bf70a019
000001f0c08beed9
000001f154277f39
000001f294c23819
000001f2ca567579
000001f2ec3f3b19
000001f2f1588c99
000001f2fc3a8bf9
000001f34102b9d9
000001f346e0dc19
000001f37c31b459
000001f45d2f8c79
000003e9ecd5b161
000000000252da71
0000000000000181
000001f4fa91fe59
000001f52d664659
000001f6502cc159
000001f71930e1d9
000001f77780a2f9
000001f77e3649d9
000001f7e71d3059
000001f87e4deeb9
000001f9a858e459
000001f9f4142519
000001faccb9eaf9
000001fad117a079
000001fb59e017f9
000001fb65050d79
000001fb6597f079
000001fb73282459
000001fb9e46adf9
000001fbf39e4039
000001fd2a6b8b39
000001fd460b6c19
000001fdb78e4dd9
000001fde49390f9
000001fe3e5f4559
000003fc8d404f61
000000000252da71
0000000000000181
000001fea8d3a2d9
000001fedc48dc99
000001ff34e34b99
000001ff5b349e59
000001ff658daf19
000001ff917603d9
000001ffb1e03999
00000200788682d9
00000200bf096bd9
00000200e5d2abb9
00000201251bc199
000002019b83f919
0000020217381699
0000020276b87f19
00000202770b6d19
000002031b3df7d9
000002036f1a07b9
00000203bf7525d9
00000203f04bd479
0000020445865419
0000020555275a99
00000205c863d459
00000205fc72c339
00000205fdc80df9
00000205ff953699
0000020631e57c59
0000020638094af9
0000020685c57c79
00000206c03d7059
00000206f0aded19
000002072a125739
000002075e2e1a99
0000040f2daaee61
000000000252da71
0000000000000181
00000207ea5c9199
00000208701f8659
000002089315f759
00000208a50afa79
00000208d444ff99
00000208dbfbf6f9
00000208effe3d79
000002096ca710d9
00000209e6ed1619
0000020aee67a179
0000020b372b80b9
0000020b5a4e9319
0000020b9d9b0d99
0000020c8649f479
0000020ca8204579
0000020cc3bbe4f9
0000020cd81ebe19
0000020d52bdfed9
0000020de5d1bdf9
0000020e35348df9
0000020f427ea359
0000020f58fe9759
0000020feade54b9
0000021013efd0b9
0000021063eb6179
000002108581b819
00000210a7025299
00000210c2c6a8f9
00000210ce0e9df9
00000210e07e0739
00000421ce158d61
000000000252da71
0000000000000181
000002110f4cd799
000002117329dd59
00000211fbd37059
00000212c0377479
00000212c0378279
000002132f003379
000002135bb10579
00000213ccf21ed9
000002149ee2db59
00000214d3455bf9
00000214d8b64a79
0000021530fa82b9
00000215fb17e5d9
00000216175bfcf9
000002166acf9679
00000216c44a9139
0000021749322fb9
00000217d5384099
000002185b107959
0000021902bf93f9
000004346e802b61
000000000252da71
0000000000000181
0000021b1cd66f79
0000021bacd27779
0000021bad0f80f9
0000021bec0abad9
0000021bff67b859
0000021c07140919
0000021c1f2d1639
0000021c856630b9
0000021d1abc39f9
0000021e00003079
0000021e243ac999
0000021e39124319
0000021e7f02a859
0000021f298d9a99
0000021f5916c2f9
0000021fa6ccd8d9
0000021fcc5ae3d9
0000022018e36bd9
00000220544adc99
00000220fe5e8419
00000222545f62d9
000002227e9c6ab9
0000022353a02099
0000022382a863d9
000004470eeaca61
000000000252da71
0000000000000181
000002238e5424b9
00000223aec72519
00000224b76aab19
00000224fd85bad9
00000225d3d76499
000002260c873319
000002264918daf9
00000226d3fda199
000002271eb1c9f9
00000227331c63f9
0000022735e1ba19
00000227618bf959
000002281825e939
00000229b4be1e19
00000229b5fad879
00000229b999fd99
00000229eceeaa79
0000022a3acec479
0000022a52f85e59
0000022b037c8739
0000022b8fd81599
0000022be57e3279
0000022c2a3cca99
0000022c67aa1d59
0000022c94e82099
00000459af556961
000000000252da71
0000000000000181
0000022d347b2179
0000022d3bb55679
0000022df0078a79
0000022e005cfd19
0000022e06f4db99
0000022e1e4116f9
0000022e234b11b9
0000022ef1b0be59
0000022f3d601199
0000022fc58fd759
0000022fea11a359
000002307bdab879
00000230a66e2019
00000230c524eb79
00000230fa5d5199
000002311b085919
00000231d4ccb019
00000232228ee7b9
0000023230e8a4f9
000002323ea05ad9
0000023262136f39
0000023267006479
000002327d2b5ff9
00000232a2d9ee99
00000232baeb9319
000002330cf7ecd9
0000023322486519
00000233b8ba8e99
00000233e912e719
000002342b680319
000002345aaa4239
000002348c6b2e59
0000023494f285d9
000002353e211879
000002355d4f1cb9
0000023561692fb9
00000235c991a0b9
00000235fb902d39
0000046c4fc00861
000000000252da71
0000000000000181
00000236590c43b9
000002365e749dd9
00000236dc86f439
000002372a2540d9
00000237ae5b97f9
00000237d0f47259
0000023866a65c79
00000238bcceb0b9
00000238f458ac79
00000239814395d9
0000023a61c481f9
0000023ad0c7c239
0000023b6e1dd399
0000023baebb6439
0000023bc85060b9
0000023bcb5083f9
0000023be23b08f9
0000023bea611b99
0000023c164b45b9
0000023c3695eff9
0000023c4df10db9
0000023ceb72ac39
0000023d1b942759
0000023d7b05a479
0000023d8c7ff6b9
0000023dd37d8a39
0000023e66390e19
0000023f1ecf7059
0000023f52ecdbf9
0000047ef02aa661
000000000252da71
0000000000000181
0000023fae368759
0000024007ef2799
000002414705cbb9
00000241c871ba39
00000241eec3b939
000002421edc0e59
0000024233732b19
000002427d1dc8b9
00000242a339f1b9
00000243c7c975f9
00000243dcf5fbf9
00000244fc4fbef9
000002450d068899
0000024548b959b9
0000024627472739
00000246db9f7539
00000247901f51d9
00000247b3ca52d9
0000024823be6ef9
00000248325d30b9
00000248356a9ef9
00000248483d7519
0000024875b4b639
0000049190954561
000000000252da71
0000000000000181
000002492563bb19
0000024995d98119
0000024a13bdfb59
0000024a71b46379
0000024b1267beb9
0000024b58157cb9
0000024bef085d59
0000024cccc01599
0000024d30e08dd9
0000024d72208d19
0000024d7a17d699
0000024d96c70519
0000024dcbaf1579
0000024dec4206f9
0000024e72e59599
0000024e7988a9b9
0000024f0cf6d159
0000024f9020a979
0000024fab93a4f9
00000250428af2b9
000002505bff4519
00000250759feab9
000002508f9fa339
000002509020ebf9
00000250a56c3359
00000250f6edb7d9
000002515a4dd219
000004a430ffe461
000000000252da71
0000000000000181
000002524a0ae4d9
00000252501cc419
00000252a96ce099
00000252b92ada79
00000252e3e938f9
000002530377e019
0000025369060f39
00000253c68fe799
00000253da857f39
00000255b27c8bf9
0000025600c7a1d9
0000025664dddd19
00000256d3d83b79
00000256d817fd59
0000025739b9edd9
0000025787b2dc19
000002578ad8ad39
00000257d96030b9
000002580524edd9
000002585601d779
0000025890247e39
00000258b3489799
00000259089ef119
000002599b60b019
00000259af5c4b99
00000259eda85779
0000025a43ba83f9
0000025a80081fb9
0000025aa42fc699
0000025b161f7f39
0000025b36f804f9
000004b6d16a8361
000000000252da71
0000000000000181
0000025bb522d119
0000025bf85fb5f9
0000025c3d67e259
0000025c9826fcf9
0000025cf69dee39
0000025cf9fdf359
0000025d17fb9d99
0000025d559f1139
0000025db3282119
0000025dc5fea979
0000025e3e099059
0000025ec5e0c619
0000025ed0474ed9
0000025f49661119
00000260da00d6f9
00000260fe1fe319
0000026101029c19
0000026134476319
000002625c4ec0b9
00000262de595d59
0000026444c79eb9
000002645288fe19
000004c971d52261
000000000252da71
0000000000000181
00000264f69d8399
000002651247c679
000002668406d8b9
00000266a085beb9
00000267012f2a99
00000267404858f9
00000267bbae1359
00000267ebc887b9
00000267ee5f0bd9
0000026804b35279
00000268799990b9
00000268a83f8a19
00000268ca5a2a19
00000268f348ceb9
0000026903313d19
00000269420ae319
00000269d697b399
00000269decdc779
0000026a1afb1459
0000026b5d6dd159
0000026ba7f38ed9
0000026bd2d485f9
0000026c184869d9
0000026c6d1b48d9
0000026c7fe48119
0000026c9c6b0d19
0000026d1a3abb19
0000026d70fc0cd9
0000026d86ab4579
000004dc123fc161
000000000252da71
0000000000000181
0000026e19df6879
0000026f09dd1cf9
0000026f22dca9b9
0000026f8f09c5f9
0000026fdfcc7019
0000027006d61c59
000002707a247d79
000002708c752ad9
000002710fba4a39
0000027176665c99
00000271af31e439
00000271b9cb4af9
00000271cf1f6659
0000027232b4aff9
00000272d31810b9
000002736928d3d9
00000273a04a19d9
00000274aeb95cd9
00000274d1504179
00000274d8719239
00000275189ecb19
000002756383f919
0000027629c14339
00000276d8a0ae59
000004eeb2aa6061
000000000252da71
0000000000000181
000002775f86cd39
000002776c4647d9
0000027808ac8499
000002781789ccb9
0000027818f46fd9
0000027825f44f39
000002783d3992f9
00000278ab4ab579
00000278be42e1b9
00000278cb5f89f9
00000278f0761d39
000002792c86f739
0000027948c65cd9
000002797ee44679
0000027983950039
00000279985d4b19
00000279c25937f9
0000027a39dc97d9
0000027a4fb0d999
0000027a7686e0f9
0000027aabda8219
0000027ac2b75b99
0000027b3b49e919
0000027b3f2cdf79
0000027be73418d9
0000027cade753f9
0000027ce5be10f9
0000027cfc38a5f9
0000027d2e72c1b9
0000027d7aedc0f9
0000027d7aeddaf9
0000027daab52699
0000027dc03e1ab9
0000027e80b08d79
0000027f38af4df9
0000027f67936fb9
0000027f68b824d9
0000027f6e1cc7f9
0000027fbf207239
0000027ffd877bf9
000002808cc41f59
00000280958d5f39
00000280a187d439
000005015314ff61
000000000252da71
0000000000000181
00000280de54ef79
00000280fa35ba59
000002810ae8ee19
000002810c2bf979
00000281c2f6e679
00000281fdc51b19
00000282290c0b79
0000028265dfdf79
000002826b8d6679
00000282fc3cd259
000002832a7b8f99
0000028343bb18f9
0000028350eee4f9
0000028390b49679
00000283f6039079
00000283fc96a679
000002844cc882f9
0000028462b9cf39
00000284a8d85459
00000284f84468f9
000002854f3980f9
000002859e82cb99
00000285ee3d45d9
0000028629841bb9
0000028632880239
000002863aadb0f9
0000028696727cd9
00000286d9ea34d9
00000287a9471579
00000287c7eb4199
0000028815b99699
00000289156a8b39
000002891f18e8b9
00000289d8629a99
00000289dde28719
00000513f37f9d61
000000000252da71
0000000000000181
0000028a45fbbf59
0000028b11b7b5b9
0000028b84590579
0000028b8acf63f9
0000028bc7d905b9
0000028be46ffbd9
0000028be590a4d9
0000028bfb425679
0000028c30020d59
0000028c9f946f79
0000028cd93cc6d9
0000028d02f1a939
0000028d2baf49f9
0000028d91418639
0000028dcb225239
0000028dd4c60539
0000028dfc8c9059
0000028e33fe5799
0000028e442fefb9
0000028f2feaa4f9
0000028fcd3e6819
0000029026190039
000002903b186f59
000002909f6dcd99
00000290f921ab59
00000291e926ffd9
00000291f2b511d9
000002923ac5cd79
0000029296d9f4b9
0000029304452c59
00000293147f0c79
0000029347bdf5d9
0000052693ea3c61
000000000252da71
0000000000000181
0000029357168d99
00000293959cc219
0000029411413459
00000294f66cc459
00000295d80405f9
00000296ba4db179
00000296be92a8f9
00000296d4e94f39
00000296ea703fb9
00000296ff5325f9
0000029783c56b39
00000297ef53d5d9
00000298818dba99
00000298d1a96879
00000298df1d20f9
0000029991e19ad9
00000299abc8bdd9
0000029a552e2219
0000029a76a830b9
0000029a9ceea719
0000029afd441d99
0000029b73b21859
0000029b88d7a6f9
0000029bbcd4d639
0000029c3d4f3df9
0000029c3fc65c39
0000029c4ffd5ab9
000005393454db61
000000000252da71
0000000000000181
0000029d1c6d3bb9
0000029d66bcfcf9
0000029e4dabfe99
0000029e56ec3079
0000029e59a03039
0000029ed01e5999
0000029f05099799
0000029f4a522019
000002a028bb1559
000002a02e80cb59
000002a1151beaf9
000002a192ae9a79
000002a1e73a9639
000002a23f1fd659
000002a2857938f9
000002a285d84339
000002a2a0042c19
000002a2ba260999
000002a2e93784b9
000002a3ba5dcb79
000002a3ed11c9d9
000002a408af6a59
000002a4345b2419
000002a44b1541f9
000002a473255d39
000002a4b234a6b9
000002a4f46891d9
000002a505c42859
000002a55c8c2559
000002a586e2c4b9
000002a5e0903339
0000054bd4bf7a61
000000000252da71
0000000000000181
000002a5efcbc5b9
000002a638109c39
000002a63c0f39b9
000002a63d7a8759
000002a6420aca59
000002a6700ef7f9
000002a687658459
000002a6f476dbf9
000002a710d9c279
000002a716973759
000002a721b6af19
000002a72c8ccfd9
000002a73fffc059
000002a74fc639d9
000002a79af517f9
000002a858d8fa39
000002a8d0b256d9
000002a90599d059
000002a94bee6899
000002a960c1edd9
000002a9abcea179
000002aa39c83859
000002aa4c447639
000002aa4c448879
000002aa8d0a8139
000002aab7c24739
000002aabc749819
000002aaca48c2d9
000002ab03a6dd39
000002ab14f74cb9
000002ac0017ab79
000002ac782f1d99
000002aceaaedeb9
000002acf1522439
000002ad1d1fcab9
000002ad88cf35f9
000002addd55f759
000002ae4aa065d9
000002aeb1ae8a99
000002aec743a059
000002aed376a199
000002aefd26fc79
0000055e752a1961
000000000252da71
0000000000000181
000002af7388a879
000002af7fdd3719
000002afeaac1879
000002b0a5235d99
000002b0fcb19119
000002b1a1d7bf19
000002b24c25d119
000002b2635a0399
000002b264f0ffd9
000002b27aededf9
000002b27ffc46f9
000002b2c1e0cdb9
000002b34dd8a9d9
000002b3532d48d9
000002b3d4dac699
000002b42dc986f9
000002b4db7dfef9
000002b53a4d2919
000002b54fb8d3d9
000002b5ae6bbc39
000002b5c7439939
000002b5fcb4edf9
000002b638ff2359
000002b6e41f1cb9
000002b714a8a459
000002b724fe3c99
000002b72c3fa919
000002b72ce67e79
000002b75ac652d9
000002b7688591f9
000005711594b861
000000000252da71
0000000000000181
000002b89fa3fbb9
000002b92ef88999
000002b93a5fc3f9
000002b93c4891b9
000002b99a1f49d9
000002b9d6c97bf9
000002b9ede74c19
000002ba5392c3b9
000002ba961fa739
000002bafbbc5879
000002bb4dcc3ff9
000002bbcb6f0659
000002bc107b38b9
000002bc450e2639
000002bc6b4798b9
000002bcdc75c599
000002bd14c30dd9
000002bd9455bd39
000002bda18f4db9
000002be822d8539
000002bf0f1f9419
000002bf1bc600d9
000002bf26c57a39
000002bf6ed89539
000002bf8fb489b9
000002bfad2cb5b9
000002c114870ed9
000002c14f512579
000002c18ed9f459
000002c1b38a9479
00000583b5ff5761
000000000252da71
0000000000000181
000002c26ce903d9
000002c27c4d6399
000002c2c2488d59
000002c3476512f9
000002c43b8aab59
000002c4c7650619
000002c4e4a676b9
000002c54e5583f9
000002c56176d199
000002c56680ea59
000002c590239119
000002c5c4a0b1b9
000002c5d63e20b9
000002c63f24ba39
000002c64079f7d9
000002c65a89bd39
000002c6b8f33699
000002c6bb101939
000002c777b82cb9
000002c791730a99
000002c8007e1859
000002c81d957559
000002c8adb55d79
000002c92a48eeb9
000002c93815dcd9
000002ca364306b9
000002ca5a4559d9
000002caaf04fd59
000005965669f661
000000000252da71
0000000000000181
000002cb2aedde19
000002cb8760ec79
000002cbb441c679
000002cbd043e299
000002cc6217b279
000002ccffda2bd9
000002cd2f8de079
000002cdab427159
000002cdbf5fb419
000002cdd8b96179
000002ce30ca1a19
000002cec9f5d2f9
000002cf06ffb6d9
000002cf4e1ab699
000002cf66e86639
000002cf7f2a63b9
000002cfe353fa19
000002d0026b2e19
000002d0334721d9
000002d09c27f399
000002d0c72eacb9
000002d169374299
000002d198e2c3b9
000002d257150179
000002d264c033d9
000002d2a528c0b9
000002d34929f899
000002d34b67db99
000002d34b681759
000002d34c091c39
000002d3c0919199
000002d3e7e43f19
000002d421159159
000002d43876a4b9
000002d43d9036b9
000002d441dd3bf9
000002d442350159
000002d455ff41b9
000005a8f6d49561
000000000252da71
0000000000000181
000002d4853bd5d9
000002d4a0860119
000002d4da96d779
000002d5463d21d9
000002d5792f2139
000002d57f8a2119
000002d5baace579
000002d5bea0fbf9
000002d5c1ddedb9
000002d5f4199e79
000002d603a7f479
000002d603acc639
000002d62525e8b9
000002d64cf0bc39
000002d6ab3de8f9
000002d6b62962d9
000002d6e4211999
000002d80107a759
000002d843f46ef9
000002d8bef85ab9
000002d8cf6c9259
000002d8e99f56b9
000002d8f487e2f9
000002d8f8243879
000002d8fa307ed9
000002d94d5f4f19
000002d9829b0279
000002d9b6228559
000002d9eb5fde59
000002da5624b7f9
000002da65099e39
000002da73c8d059
000002dacfc85d99
000002db819c3279
000002dbf91fd939
000002dc11fcb879
000002dc1474b419
000002dc2fec9199
000002dc4988b619
000002dca068bff9
000002dcbc4397f9
000002dd78285559
000002dda2798e19
000002ddc1090819
000005bb973f3461
000000000252da71
0000000000000181
000002ddd7dd4699
000002de5ff4be99
000002deb83f9199
000002dedd05b579
000002df21d9b0d9
000002e00a564f79
000002e0ad086e19
000002e0bf5fd739
000002e0dc8e1f99
000002e161a891f9
000002e1665dbb59
000002e21bcf6359
000002e231f23d39
000002e232517619
000002e26992ba79
000002e292225df9
000002e2b30a4ad9
000002e30f5bc859
000002e310ab55f9
000002e31abcebf9
000002e32592d439
000002e34f723379
000002e36977fe79
000002e38a000b99
000002e3d569a879
000002e3e808fb39
000002e4334ae479
000002e43f1ec519
000002e466773879
000002e46c655cb9
000002e4751b4779
000002e47fc3d259
000002e53caeca39
000002e56a59ffd9
000002e5e5e69f79
000002e6590ba8b9
000002e6a9d02299
000002e6c231ef79
000005ce37a9d361
000000000252da71
0000000000000181
000002e789efdb79
000002e7bee65639
000002e7e2663a39
000002e7efe14159
000002e81c008519
000002e8565b05d9
000002e85dc6fa99
000002e87cd29db9
000002e891a281b9
000002e91fb47ff9
000002e925a35779
000002e93d0cba79
000002e97ea4f0d9
000002e99c045db9
000002e9fc357399
000002eaae20f439
000002eaba2935d9
000002eb7f8cfab9
000002eb924b1219
000002ebca5080f9
000002ebf3a47fb9
000002ecfa95a919
000002ed61341ad9
000002ed7b156f39
000002ed8c0a9459
000002edfc1a1279
000002ee0d142499
000002ee68c35299
000002eee94261d9
000005e0d8147361
000000000252da71
0000000000000181
000002f07d2445f9
000002f081d2c2d9
000002f0928f8eb9
000002f0ba79e399
000002f0cc102839
000002f1002ea7f9
000002f14444d419
000002f1524eb839
000002f1694c4d79
000002f1df94bb39
000002f20b02b3b9
000002f251262359
000002f27a146579
000002f2b3244019
000002f2e4efd8f9
000002f310f88139
000002f369c55c79
000002f3b672b7b9
000002f3dbc046f9
000002f404f30c39
000002f4313ccd79
000002f46193ea79
000002f4b04089f9
000002f4c4f4bdf9
000002f4c58282d9
000002f4f1e0e7b9
000002f53d934659
000002f64efbd6f9
000002f67812ecf9
000002f6f4f7ced9
000002f707561f79
000002f70ffd8a39
000002f76c796459
000002f83fd341d9
000002f9355b8459
000002f937525439
000002f96cde6019
000002f99ceb1db9
000002f9adebbdb9
000005f3787f1261
000000000252da71
0000000000000181
000002f9bdd51c39
000002f9caf03159
000002f9e6481d99
000002fa0e409859
000002fa13550e99
000002fa2c340099
000002fab49bff39
000002fb84d4ee19
000002fc4eb234d9
000002fc91e452b9
000002fcc7b42119
000002fd7f0e3279
000002fe0657a7f9
000002fe8ee226f9
000002fec52b28b9
0000030016e3d219
000003001f902539
000003006a4449b9
000003007751f3d9
00000300a2ac0f19
00000301765e3099
0000030190b8aa99
000003019cdf1cd9
00000301c20812b9
00000301c512ae19
000003025e8aeb79
000003028ede0a99
00000302940e2ef9
00000302962d5859
0000060618e9b161
000000000252da71
0000000000000181
000003031203f879
0000030312e6f899
0000030324ac4d99
000003038fe04719
00000303948a37d9
000003040f075919
000003044c336f59
000003045b87d9d9
00000304eaea1bf9
0000030581013039
00000306954d5279
00000306b669e059
00000306e9fe71b9
0000030700a41419
000003078782b759
000003079a19ae39
00000307d4563ff9
000003082a730ef9
0000030877efdd79
000003087f95c279
000003089b4f2939
00000308a1b10819
00000308b290a319
000003093ce3de79
000003095fff8259
0000030991c99ed9
0000030991f38bd9
00000309b89bd479
00000309de21df79
0000030a222d84d9
0000030a232fc0d9
0000030adb6e76f9
0000030b0106c819
0000030b1f067b99
0000030be3db75b9
0000030bfb10df99
0000030c0ca78099
0000030c26911b39
0000030c37cb3659
00000618b9545061
000000000252da71
0000000000000181
0000030d890b1c39
0000030d9f869e19
0000030dc4549cd9
0000030e1c024419
0000030f7445aff9
0000030f9df0b699
0000031024a1c219
000003105a083339
00000310805cbe39
00000310a7f4fdd9
00000310bb976959
00000310f5e35d79
00000310f9fbc4d9
0000031166185cf9
000003116a5dd819
0000031201adb299
000003121fa1ae79
000003124c0166b9
000003128273b4b9
00000312b37d2b39
00000312b37d4519
00000312cd6a6ff9
000003132c8a7339
000003135e409f99
00000313dc61b559
000003143de72259
00000314a0b31cf9
00000314bf0f3af9
00000314e86539f9
0000031515a7dfb9
00000315687788f9
000003159b55ac39
0000062b59beef61
000000000252da71
0000000000000181
00000315d8da50b9
00000315f369b779
00000316389b97b9
000003167afd50f9
00000318a6d12a19
0000031949b7ced9
0000031987d8a6b9
00000319d1e00419
0000031a59497959
0000031a69807159
0000031a75d40c59
0000031ae13a5479
0000031afa48ccd9
0000031b6390bbd9
0000031be270fd39
0000031ce0d41899
0000031d30064899
0000031d86411df9
0000031dd76d2639
0000031ddaedf599
0000031e06dc9639
0000031e95badd59
0000063dfa298e61
000000000252da71
0000000000000181
0000031f7e10f5f9
0000031fd39dd3f9
0000031fe5ecf5d9
0000031ff44d94f9
000003201434a1d9
00000320b2257999
00000320ee360859
00000321112d26b9
000003218b6c3b19
00000321efc0d7f9
000003226916f9d9
00000323612612b9
000003242cdfd279
000003246c1e9e39
00000324f6556719
000003253ea70ed9
000003258c25b6f9
0000032597f6c379
00000326580264d9
00000326d24289f9
0000032718d7e4b9
00000327b462d379
00000327cc4768b9
000006509a942e61
000000000252da71
0000000000000181
000003288bd97619
000003290dffcf99
000003297484e079
00000329778bf6f9
000003299fad09d9
00000329cff48079
00000329e7a41579
0000032a39147ff9
0000032a5f1cd899
0000032ad53aa6f9
0000032bb9a38e79
0000032bbeb650f9
0000032bf5241d39
0000032ce4927d79
0000032cede37eb9
0000032d2c420d19
0000032d5b9b8799
0000032dba036d59
0000032dd9ea76f9
0000032ded0ca3d9
0000032df500b4d9
0000032e16a667d9
0000032ef21edbf9
0000032ef3407b39
0000032f954cca79
0000032fedd98679
0000033052c58599
0000033075404199
000003307a58aff9
0000033102684619
000003315e8455f9
000003318b9f0939
000006633afecd61
000000000252da71
0000000000000181
000003321662d5d9
0000033288a44e39
000003328b610399
00000332e8ce8179
00000332edc35719
00000333de6dcf59
00000334d82d34b9
00000336b67a56b9
000003371d0ad479
0000033750f99779
0000033774600879
0000033779c74439
00000337ebe4e099
0000033812be2939
00000338a73653f9
00000338b8c12c99
00000338f25dec39
00000339143d0a79
000003395bf01859
000003399d9ad1f9
00000339b6a87b59
00000339f6cb9c99
00000339fd31ccb9
0000033aa3d96499
00000675db696c61
000000000252da71
0000000000000181
0000033ba6f2f799
0000033bf6216b19
0000033c616ad899
0000033cf31002f9
0000033cfe7cc999
0000033df42c9159
0000033e5771bd59
0000033eb6714db9
0000033ed5354f59
0000033f60538e39
0000033f99797ff9
0000033facfc5959
0000033fea6cd539
0000033fee4f5259
0000034138c4d879
000003415e591559
00000342496ce779
0000034293881ed9
00000342ac4c6839
00000342c1af7599
000003433c44c1b9
000006887bd40b61
000000000252da71
0000000000000181
0000034483d3abb9
00000344b019e119
000003450a5ec1d9
0000034522b7fef9
000003459e1a4fb9
000003465649b119
000003465cbd1e59
0000034698b4f359
00000346e78a6c99
00000347c732c5b9
00000347dc715859
00000347ed38c279
0000034866bc0399
000003489668eb79
000003494a3bedd9
00000349ba5bb5d9
0000034a06e86d59
0000034ac57342b9
0000034b677b7039
0000034bd65f48d9
0000034c1ca216b9
0000034c98c22579
0000034ca8eddf39
0000034ccccff6d9
0000034ce173af99
0000034d058d50b9
0000034d0e8ec219
0000034d84de2d99
0000069b1c3eab61
000000000252da71
0000000000000181
0000034dbaf6e539
0000034dfc61e739
0000034e28214959
0000034edf025e39
0000034eff027eb9
0000034f6f62d939
0000034f7804e659
0000034f8c541899
000003500e256cb9
000003500f780d39
0000035027072099
0000035064a46df9
000003507e67c779
0000035156da7919
0000035188d5f9d9
000003518a59a879
00000351c81c0ef9
0000035203a3d779
00000352382ca439
00000352a5891859
00000352cf148939
000003532045b659
000003532449e579
0000035334159919
0000035357b97d19
00000353633fe179
00000353c8fcfa39
0000035467cb0399
000003547df9fe79
000003556d0bdf19
00000355dc7d0679
000003564fbede79
00000356d3c93cb9
000006adbca94a61
000000000252da71
0000000000000181
00000356f8064e59
0000035760d04bd9
00000358b7d84b39
00000358d3beee99
0000035907e595d9
000003591e10b099
0000035975f6b639
0000035a27b7e779
0000035a37993319
0000035a3f87cb39
0000035ad6594f79
0000035aee0b0299
0000035b7f1405f9
0000035bdd776939
0000035c46b19719
0000035d336ff819
0000035dd0c88019
0000035e1a9fd719
0000035ed445fad9
0000035ee8d072b9
0000035eee6138d9
0000035eff4e0a19
0000035fc4d29259
000003600e92c8f9
0000036016c58059
000003602799e919
000006c05d13e961
000000000252da71
0000000000000181
0000036194119cf9
000003619fe22f39
00000361bd7b41b9
00000361c98edad9
00000361e2cf4099
000003621abd1d59
00000362fb0d7759
0000036327fb2119
0000036349c7ebd9
00000363a87275f9
00000363aef5f5d9
00000363c9256df9
0000036413f3e319
0000036482616bf9
000003649723a499
00000364b469d439
00000364b5d63359
000003650b170119
000003651d9b1a59
0000036597b37fd9
00000365cba63179
00000365cca56899
0000036671a6ab79
00000366736acd99
000003668c2b75b9
00000366955d2939
0000036696c11b19
000003670446fb39
00000367174bfc19
000003673a6a9439
00000367b3a9a4d9
000006d2fd7e8861
000000000252da71
0000000000000181
000003699429f959
00000369a0ec4d39
0000036a0d41e339
0000036a6a3fc879
0000036b02279039
0000036b3145c319
0000036b38888df9
0000036b75ba1519
0000036be550a239
0000036cae33ab19
0000036cf6c929b9
0000036d030c14b9
0000036d03aa07f9
0000036d6006f0d9
0000036d63838d19
0000036d97965019
0000036db1159279
0000036dc5eb83f9
0000036e75093239
0000036e949f5979
0000036f16f76bd9
0000036f22392459
0000036fb20775d9
000003700803bf59
000003701565f859
000003704f662959
000003716090f119
00000371a0da68b9
00000371e7cc3599
000003720c6c6eb9
000003722ca1b459
0000037261b8b999
0000037263fe0299
0000037293c9f659
000006e59de92861
000000000252da71
0000000000000181
00000372d4c78f59
000003737fb4c259
0000037399f39119
00000373b42c63b9
0000037414dd5359
000003746bcb4fd9
000003746f597db9
00000374fb6138f9
0000037539adced9
000003754bce8a79
000003755c714b39
00000375a1ad5779
00000375d74dfe59
0000037612e70a19
000003767ba349d9
00000376911d9d39
0000037699ac83b9
0000037736607259
00000377fbf5a219
00000378595dcd39
000003787f144e59
00000378ab59d5f9
00000378ae4c55b9
00000378ae66c859
00000378c701c6d9
00000378ce9d1619
000003795b937f99
00000379921512d9
00000379fa1a3cb9
0000037a080b46b9
0000037a488f6439
0000037b671cb239
0000037b76391759
0000037b99bb8959
0000037bdbd8ba99
000006f83e53c761
000000000252da71
0000000000000181
0000037c4e5b0859
0000037cad6cad79
0000037cc34efa19
0000037cec90a899
0000037d1a398119
0000037d910e9459
0000037e145e8a39
0000037e21c36b39
0000037e431692b9
0000037eae47def9
0000037f4a9b58b9
0000037f539fbd39
0000037f6d3e5c99
0000037fa87c2d19
000003807def2659
0000038127fd6bf9
0000038129124d99
000003813f9b2339
00000382de6b59d9
00000383d64dfd19
00000384148bd739
000003841cb287d9
00000384451d9a19
0000038451ae9199
00000384b27cd7b9
0000038533f4f059
000003853f5e5fb9
0000070adebe6661
000000000252da71
0000000000000181
000003859a1852b9
00000385c3d02639
00000385e1345659
0000038605a00959
00000386b538c2f9
00000386bd84e8d9
000003870b59e7f9
0000038765887559
0000038784223e79
000003881dc03879
000003896fc25459
00000389db153df9
0000038b51601a79
0000038b69bac559
0000038e9e496059
0000071d7f290661
000000000252da71
0000000000000181
0000038f373beb39
0000038f847c21d9
0000038fcfa90c19
000003905b75dcb9
000003910f78b199
00000391e1587e99
000003923bdad079
0000039242820439
00000392f70ce6f9
00000392f8fba199
0000039318285119
00000393c3450339
00000394eeac0a39
0000039512d0ab19
0000039568d9fc99
00000395c533aaf9
000003962c1874d9
00000396402ef999
00000396a962ff79
00000396ce544e79
000003972b5b1a79
000003977eb4d4f9
00000397859ac519
000003980b548839
000007301f93a561
000000000252da71
0000000000000181
0000039850341059
0000039851011479
000003988170ecd9
00000398e39fe1b9
0000039957c13299
0000039996b9ec79
00000399bba5e539
0000039a6f4ab459
0000039b693302f9
0000039bf1883419
0000039c07970339
0000039c4093cbb9
0000039d3f822f19
0000039d800177b9
0000039da495e579
0000039e1ca79479
0000039e4ac31bd9
0000039e8dc2c159
0000039ea968f9f9
0000039efa8eeeb9
0000039f484e47d9
0000039f608ab5d9
0000039f7c90ec59
000003a034d74339
000003a052409cb9
000003a13e54e439
00000742bffe4561
000000000252da71
0000000000000181
000003a2094e5a39
000003a220d9c939
000003a2a09717b9
000003a3403b2f59
000003a3729b4099
000003a390e09f19
000003a393f83c79
000003a3f00644b9
000003a3f67950b9
000003a417987ef9
000003a48685ba59
000003a48a0da259
000003a4ab9e7f59
000003a531f94039
000003a56ae6ed39
000003a63f4038d9
000003a659607d79
000003a6bac00999
000003a6bf031199
000003a6df497499
000003a7085dc919
000003a727851d99
000003a7338aa0b9
000003a750e2f959
000003a7abc31819
000003a7ed4391d9
000003a80a4d9e99
000003a815517ab9
000003a93a5baed9
000003a947e87e19
000003a9a9bdcd99
000003a9d80d9239
000003aa37c907d9
000003aa5bef74b9
000003aa86697c59
000003aaae88dfb9
000007556068e461
000000000252da71
0000000000000181
000003aaee83d6b9
000003ab249577b9
000003abcb697d39
000003abeb255459
000003ac111ad259
000003ac290c8cd9
000003acabd6d759
000003acf1483d19
000003acfebb6ff9
000003acff30a1d9
000003ad0efe8c99
000003ad25a5bf59
000003ad9f3d4a99
000003adc58c8679
000003ae6c2bef79
000003ae6d882059
000003aee07f3df9
000003af071d1bf9
000003af933077b9
000003b048228319
000003b098f3deb9
000003b0cf77e1d9
000003b111def3b9
000003b15517a819
000003b196ec88d9
000003b1aa6b0bd9
000003b232bf8e19
000003b26f1cacb9
000003b2b2d63a19
000003b2d3bd2f59
000003b2f6ed6739
000003b2ff3e0cb9
000003b340acd939
0000076800d38361
000000000252da71
0000000000000181
000003b4b2c10cf9
000003b4f42cf5f9
000003b564d6e919
000003b601502959
000003b69bac5379
000003b6ae3fbb79
000003b6cc672039
000003b6e2525559
000003b6fb710ef9
000003b70036ef19
000003b71b7f4059
000003b7b7148ad9
000003b7bd692199
000003b82abd7639
000003b863ea6cb9
000003b86b07d979
000003b89019db59
000003b911607a19
000003b96158e639
000003ba20a0fc19
000003ba95474fd9
000003bada93ae59
000003bade65fd99
000003bb2a332d19
000003bb4f0e5f59
000003bbe66dee99
000003bbf0c25fb9
000003bc356fc539
000003bc809c86b9
000003bcb7e224b9
000003bd02649599
0000077aa13e2361
000000000252da71
0000000000000181
000003be2c11ce79
000003be74020fd9
000003be83206e39
000003becd18d579
000003bf5a49d459
000003bfdfedf5b9
000003c141292459
000003c1738b7bf9
000003c1791f15d9
000003c1f00a30f9
000003c289e9d0b9
000003c309d274d9
000003c358c855d9
000003c37bcb3939
000003c3a41ebd59
000003c3ac68bfd9
000003c3f5b542d9
000003c45fa25dd9
000003c481a75539
000003c4af16d279
000003c4bc7233d9
000003c52ddf32b9
000003c5393ef799
000003c545ebbf19
000003c55861dc79
000003c577f67d39
000003c5b55d6399
000003c6003991f9
000003c64ba66e59
0000078d41a8c261
000000000252da71
0000000000000181
000003c7c51aaff9
000003c84ff5d8d9
000003c8f83be839
000003c99ebab419
000003c9b7011719
000003c9f35a9b39
000003ca2e3bd779
000003ca3c69f999
000003ca42b81819
000003ca4d55a099
000003ca5db82359
000003ca5df8a999
000003cab7fd1f39
000003cbc94c5099
000003cc184a0059
000003cc4e1ab1f9
000003ccc7742559
000003cd061666f9
000003ce183d56b9
000003ce49798b39
000003ce76e1d879
000003cf1f6f4bd9
000003cf6f1ed099
000003cf991a57f9
000003cfd8eaaa19
0000079fe2136261
000000000252da71
0000000000000181
000003d0434d1559
000003d09ad6a259
000003d104744179
000003d10e2e00b9
000003d13b7dd7d9
000003d148031819
000003d18e187b19
000003d19fd6fd59
000003d1e4da8039
000003d2163a5e19
000003d2d3c27179
000003d2d5ac07f9
000003d4382bd8b9
000003d4cb917459
000003d529083319
000003d62209d239
000003d7045e5e39
000003d71e64d599
000003d725655839
000003d76b8fe2f9
000003d7bba3b259
000003d7fb9a0119
000003d81db93d19
000003d82f58dfd9
000003d843eb87d9
000003d860908a79
000003d8fd3c4919
000007b2827e0161
000000000252da71
0000000000000181
000003d9b73d6f19
000003d9b75d8479
000003d9dbb7ea79
000003da0bf61ed9
000003db3999e859
000003db52dbe839
000003dbf2959379
000003dbf9f07a19
000003dc0de9ee59
000003dc9b0ab159
000003dccb44abf9
000003dd25a777d9
000003dd926d9659
000003ddd6b21519
000003dde6169139
000003de102fe739
000003de115fa9b9
000003de77cc74b9
000003defe743cd9
000003df158223f9
000003dfab86c099
000003e01f3a2379
000003e1476279b9
000003e177a6c539
000003e1eb030a19
000003e210561cf9
000003e24a17a599
000007c522e8a161
000000000252da71
0000000000000181
000003e2dce0f4f9
000003e2e2930959
000003e3035107b9
000003e3042df5f9
000003e30a589259
000003e32a479659
000003e379ba2719
000003e4c3e4c519
000003e4c8cc8c99
000003e50e7c9a99
000003e5b2e969d9
000003e5de2d43f9
000003e60dc60399
000003e67662d7f9
000003e6f76820b9
000003e7081e3659
000003e7cd712d19
000003e7ed1b72d9
000003e85d555239
000003e8b61f6819
000003e8be70f779
000003e8bf44cdd9
000003e8d8c39359
000003e92a236459
000003e92b6f6c39
000003e939de41b9
000003ea0d932439
000003ea26771c59
000003ea51a293f9
000003eadd195a99
000003eb5ada3319
000003eb713e3979
000003ebba1210b9
000007d7c3534061
000000000252da71
0000000000000181
000003ec5c404299
000003ecd5ea1bd9
000003ed6b4d8e39
000003edc4e0daf9
000003ee5a79df59
000003ee91b15e19
000003eec9891c79
000003eeed708439
000003efad3ab3b9
000003efb40f73d9
000003efdd797919
000003f01fd94d39
000003f0294a43b9
000003f081708d19
000003f0a8c1adb9
000003f0cbca70b9
000003f10834f7b9
000003f16617cd19
000003f213e93359
000003f29d25d5f9
000003f2c5d1f7f9
000003f2fd6b1f19
000003f2ff98ac19
000003f397e4a1b9
000003f39aabe259
000003f3c6377979
000003f420c7b6b9
000003f42c1dea19
000007ea63bde061
000000000252da71
0000000000000181
000003f5419eb1b9
000003f584882ad9
000003f58c98d599
000003f649cef919
000003f6587ab039
000003f6df6e3ff9
000003f6ee4fef59
000003f717a8c699
000003f782e94399
000003f79cb66019
000003f7d1711439
000003f83fba78b9
000003f8fc87ec99
000003f929404f19
000003f92ef5c939
000003f95d033ed9
000003f95d036299
000003faa268d499
000003fb00fe8939
000003fb02d831d9
000003fb4ec0f079
000003fb7aac8239
000003fb84111939
000003fb97e34499
000003fba0e5de59
000003fbc3d0c739
000003fbc4239379
000003fc19727d19
000003fca2d34c79
000003fcbe596f59
000003fcdc331b39
000003fcdc331c39
000003fd2a9cf319
000003fd46540c99
000003fd7226d879
000003fdfd368159
000003fe33edc9f9
000003fe33eddfb9
000003fe6d2bf379
000007fd04287f61
000000000252da71
0000000000000181
000003ff1e487879
000003ff1e7122b9
000003ff20c1db59
000003ff437b0c59
000003ff514de5f9
000003ff57eaacf9
0000040096039779
00000400c72881b9
00000400d4379999
000004012a5a5139
000004014ed0f1f9
00000401587f92d9
000004016d0cbd39
000004019cd6bc99
000004021e947999
000004023bec33f9
000004027b088e79
000004031404c059
0000040316f606f9
00000403a3aa6fd9
00000403e6123619
00000403f8ac52d9
00000404289ceeb9
0000040436266d99
00000404cfe35959
0000040511359539
000004055b5280b9
00000405e6814119
00000405fc77c819
00000406013cd399
000004065aa1b399
00000407671322d9
00000407798cf7f9
000004079b4dd3f9
0000080fa4931f61
000000000252da71
0000000000000181
00000407f57ee2f9
0000040823d631f9
0000040898304479
00000408a6085019
00000408d02360f9
00000408f592a979
000004093683c399
0000040a6debbaf9
0000040a9e16a699
0000040af98fde19
0000040cb5f401f9
0000040cc47fb559
0000040d9b315e59
0000040dc5aa5bf9
0000040e73fbb699
0000040e8c46d319
0000040e99d37279
0000040f0b6438b9
0000040f207eab59
0000040f36fde8f9
0000040f3dd25ab9
0000040f552aaa19
0000040f66ff02b9
0000040fbdf835b9
0000041072427019
00000410915ef339
00000410c4f43279
0000082244fdbe61
000000000252da71
0000000000000181
00000411402d8659
000004119262b0f9
00000412299e4659
000004127d6657d9
0000041368b16299
000004136a721619
00000413869b5e39
00000413b9ac39d9
00000413dd365699
0000041418990bd9
000004147058a019
00000414958cd939
00000414b57bfc59
00000415c88e5659
0000041625f26659
00000416c8c67939
000004170e3310b9
00000417194bce19
000004176220e0b9
000004176d930f59
0000041778ba0939
00000417917a4639
000004181a6e7d59
00000418485b8f59
000004191dc01519
00000419fa23cb19
0000041a444cb099
00000834e5685e61
000000000252da71
0000000000000181
0000041a96cc2f79
0000041aadcab499
0000041aafac15b9
0000041b9ca66f39
0000041bff3a2d19
0000041c09324ab9
0000041c1499f859
0000041c20993179
0000041c82be37f9
0000041c98addf59
0000041cc315cb79
0000041d07c96679
0000041d65a2fa39
0000041e48cc0119
0000041eaba91339
0000041eda510119
0000041f0c708139
0000041f42c66e99
0000041fd7cb07b9
0000041fedd3a919
0000041fef6e6339
000004201473e459
00000420a2e29e59
00000420ca83af39
00000420f89cd799
00000421149ee059
00000421b3f5de19
000004226630be59
00000422f5623039
000004239cb87539
00000423a6e60cd9
0000084785d2fd61
000000000252da71
0000000000000181
00000423de43ebd9
00000424911c06b9
00000424978ac319
00000424a13dfdd9
00000424a453d3f9
0000042515b19e99
0000042517a82fb9
0000042571821e59
000004260f8a8059
00000426a85d73d9
00000426b22cbf99
00000426daf03919
000004270b606bb9
00000427107bc859
0000042716d359f9
000004276a28d4f9
00000427711200b9
00000427a907c739
00000428a24064f9
000004292849aa99
0000042934184939
00000429de392d79
0000042a60426d79
0000042abb472c39
0000042bbe308c39
0000042bfc74a4b9
0000042cbf003bf9
0000042cfbcebef9
0000042d02338a59
0000085a263d9d61
000000000252da71
0000000000000181
0000042e852e2959
0000042ed1c4cdf9
0000042f02ec7939
0000042f21349059
0000042f40221719
000004300486c679
0000043089ed1ab9
00000430a0f518f9
00000431834fbff9
00000431a828d019
00000431b4f20fd9
0000043232c35a79
00000432337116b9
000004323376f459
0000043264d94679
000004326d595679
000004328c9d7ad9
00000432c0dcfc19
00000433c47c7f99
0000043402040199
000004341ce0e0b9
00000434201d4d19
0000043440e209b9
000004344154da99
0000043477952579
0000043483a3ce79
00000434a4932f39
0000043641ddf319
000004365ef11899
0000086cc6a83c61
000000000252da71
0000000000000181
0000043677f4cd59
00000436783bd199
00000436b72d7e99
00000437503d3099
00000437546503b9
00000437bbb89419
00000437ca775f99
00000437e7da34d9
0000043893205339
00000439c1f6fd99
0000043a1ca98b99
0000043a8272bb19
0000043a9c1a9e39
0000043b01d97539
0000043b81e4edf9
0000043ba5b1e979
0000043bf27b5239
0000043bf7061339
0000043c0161fad9
0000043d82c60b79
0000043d97e0a9f9
0000043db410f059
0000043dd7a6c959
0000043e3a128899
0000043e71cd8559
0000043eb6661859
0000043ee3de8a19
0000087f6712dc61
000000000252da71
0000000000000181
0000043fcd918eb9
00000440c51c9cb9
00000442331a8eb9
0000044270c2d219
00000442926aab79
000004432703efd9
00000443d0c27659
00000443d22dda99
00000443e6e18199
00000443fd414419
0000044413e43d39
00000444318d94f9
000004456f67e539
000004456ffe21f9
00000445ce9ee3b9
00000445d434f9d9
000004465db82579
00000446ac537139
00000446e352fcb9
00000447cf11ee99
00000447ed8c2119
000004480ab17559
000004481930c899
00000448913412f9
00000448ce59f539
00000448d0c8c899
00000892077d7b61
000000000252da71
0000000000000181
000004490ecfa0d9
0000044910479879
0000044922259999
000004499267ec39
00000449cbce7b19
00000449da5c1b39
0000044a078c25b9
0000044a127a6359
0000044a469ca9d9
0000044aae52d599
0000044ad42e3419
0000044b1b55da59
0000044b31632f39
0000044bb9ae0e59
0000044c36442759
0000044d18399c59
0000044d44809879
0000044d58c719b9
0000044dcc49e2b9
0000044e2c591479
0000044e4857b9f9
0000044e7410a219
0000044ea2d0b3b9
0000044ea37c0559
0000044f14187ed9
0000044f5bbf4ab9
0000044f6e709799
0000044f73ab8b19
0000044fe2ea8379
00000450abe63399
000004513a82cbb9
000004519da66c19
00000452235740f9
000008a4a7e81b61
000000000252da71
0000000000000181
000004526c889c39
0000045300a0a1d9
0000045330c471f9
000004533c679c59
0000045361395899
000004536dfac079
00000453fc3b24b9
000004545e23ac99
0000045495f3ab59
00000454968aa9f9
00000454b83ba159
0000045566ba53d9
000004558e8de579
00000455d03338f9
000004567250dad9
00000456bf954559
00000456e75ccdb9
00000457bf435179
000004584b1de039
0000045857536e39
00000458e1e07099
0000045938b555f9
00000459a08da1d9
00000459ab7ffd59
00000459b29486b9
0000045a6d7e0459
0000045ace7d6779
0000045b342916d9
0000045b34c5d099
000008b74852bb61
000000000252da71
0000000000000181
0000045bc9836639
0000045c3cb0e299
0000045c7383af39
0000045d0d2f7579
0000045d1e5e4ad9
0000045d538e02f9
0000046019e24179
000004603b065739
000008c2101cbd61
000000000252da71
0000000000000181
