[MCS8 A] 97 FW 3.104 SV 1.257 
range=1024
periods=2
sweepmode=27e20d0
fstchan=0
holdafter=0
streamstatus=3
calreg0=0
calreg1=0
calreg2=0
calreg3=0
swpreset=8000        
prena=1
syncout=0
cycles=18
sequences=1
tagbits=16
vdac0=92c
vdac1=807
vdac2=8c8
vdac3=8c8
vdac4=8c8
vdac5=8c8
vdac6=8c8
vdac7=8c8
timepreset=150.000     
digio=0
digval=0
autoinc=0 
savedata=2 
mpafmt=asc
sephead=0 
fmt=asc
smoothpts=5 
[CHN1]
REPORT-FILE from 06/23/2026 15:44:19.885  written 06/23/2026 15:44:19
cmline0=06/23/2026 15:44:19.885 
cmline1=A1
range=1024
active=1
bitshift=4
cftfak=2580100
evpreset=10          
roimin=0
roimax=1000
caloff=0.800000
calfact=12.800000
calfact2=0
calfact3=0
calunit=nsec
caluse=1 
[CHN2]
REPORT-FILE from  written 06/23/2026 15:44:19
cmline1=A2
range=1024
active=0
bitshift=4
cftfak=2580100
evpreset=10          
roimin=0
roimax=1000
caloff=0.800000
calfact=12.800000
calfact2=0
calfact3=0
calunit=nsec
caluse=1 
[CHN3]
REPORT-FILE from  written 06/23/2026 15:44:19
cmline1=A3
range=1024
active=0
bitshift=4
cftfak=2580100
evpreset=10          
roimin=0
roimax=1000
caloff=0.800000
calfact=12.800000
calfact2=0
calfact3=0
calunit=nsec
caluse=1 
[CHN4]
REPORT-FILE from  written 06/23/2026 15:44:19
cmline1=A4
range=1024
active=0
bitshift=4
cftfak=2580100
evpreset=10          
roimin=0
roimax=1000
caloff=0.800000
calfact=12.800000
calfact2=0
calfact3=0
calunit=nsec
caluse=1 
[CHN5]
REPORT-FILE from  written 06/23/2026 15:44:19
cmline1=A5
range=1024
active=0
bitshift=4
cftfak=2580100
evpreset=10          
roimin=0
roimax=1000
caloff=0.800000
calfact=12.800000
calfact2=0
calfact3=0
calunit=nsec
caluse=1 
[CHN6]
REPORT-FILE from  written 06/23/2026 15:44:19
cmline1=A6
range=1024
active=0
bitshift=4
cftfak=2580100
evpreset=10          
roimin=0
roimax=1000
caloff=0.800000
calfact=12.800000
calfact2=0
calfact3=0
calunit=nsec
caluse=1 
[CHN7]
REPORT-FILE from  written 06/23/2026 15:44:19
cmline1=A7
range=1024
active=0
bitshift=4
cftfak=2580100
evpreset=0           
roimin=0
roimax=1000
caloff=0.800000
calfact=12.800000
calfact2=0
calfact3=0
calunit=nsec
caluse=1 
[CHN8]
REPORT-FILE from  written 06/23/2026 15:44:19
cmline1=A8
range=1024
active=0
bitshift=4
cftfak=2580100
evpreset=0           
roimin=0
roimax=1000
caloff=0.800000
calfact=12.800000
calfact2=0
calfact3=0
calunit=nsec
caluse=1 
;MCS8 #97 Sversion=1.257 Fversion=3.68
time_patch=1
;datalength=8 bytes
;bit0..3: channel# 1..8 ( 4 bit)
;bit4: edge 0=up / 1=dn ( 1 bit)
;bit5 ..57: timedata    (53 bit), max sweep length 2001.6 h
;bit58..62: tag0..tag4  ( 5 bit)
;bit63:     data_lost   ( 1 bit)
[DATA]
0000000000000016
000000006c580bf9
00000000e552ab39
00000000f9f9faf9
0000000160e98899
00000002a3aec359
00000003bdd45a59
000000041261c9b9
00000004c13a3539
00000004c7cd77f9
000000050526ecd9
0000000534b5a8d9
000000076333a1f9
00000007e9feef19
00000007fb07cdd9
000000081ce1c079
00000009844f4759
00000009b8f6aeb9
00000009be624399
00000009c1cdb2b9
0000000a4dcf0df9
0000000a6047cbb9
0000000a628f0839
0000000beda97379
0000000c326a6499
0000000c44796619
0000000cfd5ebbb9
0000000d5c171619
0000000e2db30639
0000000e3c1d16f9
0000000f134472b9
0000000f57941279
0000000fe0f7fab9
00000010359874f9
000000109651ced9
0000002157a69c61
0000000002d51471
0000000000000181
00000010adda21f9
000000124f576879
00000012c9f1e999
00000012dd69d799
0000001332c21879
0000001347662199
000000134b910db9
0000001375771919
0000001389a9fad9
00000013eb3cc939
00000014ef731cf9
00000015311a1259
0000001557063259
000000155c0b4e59
0000001596bdaad9
00000015ba1a8a99
0000001642be9759
00000016ba21bdb9
00000016bcc92ab9
00000016f4335f39
000000173942d139
00000017ca87cb59
00000017efd1abd9
00000018ab808719
000000197a603319
00000033f811f161
0000000002d51471
0000000000000181
0000001a2a2e9699
0000001ac7cc0859
0000001b1a30bdd9
0000001c1c27f7f9
0000001d1cd64cf9
0000001d6ac764b9
0000001e71ef4219
0000001e774a9af9
0000001e77697959
0000001eb963ae39
0000001fc48d8bd9
0000001fef6dcf39
0000002096bc10b9
00000020f7d5e799
000000214fc1f3b9
00000021697968d9
000000217f395a19
00000021c4d573f9
00000022ac59eff9
000000230e0c3f79
000000232164b179
0000002332950079
00000046987d4761
0000000002d51471
0000000000000181
000000237e252b59
00000023c6762d39
000000244c5444d9
00000024817c8f79
00000026b96c8d59
0000002742b1c0d9
0000002825a05c59
00000028a1debe99
000000293dc539f9
000000299394f239
00000029dece8359
0000002a7799fc99
0000002b40d3eb59
0000002c1822c279
0000002c6610ad19
0000005938e89c61
0000000002d51471
0000000000000181
0000002cee32e019
0000002d87581d59
0000002dc0e5ad19
0000002ddcbf1e59
0000002e814e63f9
0000002f31439b79
0000002f59d10cb9
00000030feace9b9
00000031b7021cf9
0000003210e9b399
0000003410d20179
00000034395bb319
0000006bd953f161
0000000002d51471
0000000000000181
0000003600ac4499
00000036a6b6e6f9
00000036e960c999
0000003706395bf9
000000371ecdb4f9
000000385fa75359
000000396c42ef79
00000039706d6759
0000003a0db6e199
0000003bed94bad9
0000003c97aba579
0000003df50e1299
0000007e79bf4661
0000000002d51471
0000000000000181
00000040dd5eac59
000000411c04ab39
0000004232cd7739
000000432c3c7359
0000004374c0b0d9
000000437fbf41f9
00000043a4bb1b79
00000043fdf35d39
0000004424e96999
000000442591d4f9
0000004436f5b219
00000044c7a6bdb9
00000045054d1cb9
0000004507d71a19
000000453746b419
000000457d493e99
000000458b0941d9
00000045a8447e79
000000460e1bcfd9
0000004632f55359
0000004739f42b79
00000047959c7959
00000047e56c5c79
000000911a2a9b61
0000000002d51471
0000000000000181
000000488bad6c79
00000048b235f699
000000492a4e5d59
0000004997166e99
0000004a2f6b05b9
0000004b5fcd0f59
0000004bb5641359
0000004e35ada1d9
0000004e686ade19
0000004e79a1dd99
0000004eea451e79
0000004f17ad4af9
0000005069ff4799
000000510aadf159
00000051463e2f79
000000a3ba95f061
0000000002d51471
0000000000000181
00000051dbf32d19
00000052430af119
00000052a8b04ef9
00000052acd9dff9
0000005360718dd9
0000005392f66d59
00000053ff6e99b9
0000005498d867d9
00000054c25b0b59
00000054df8c13f9
000000554346b359
000000557c074619
00000055c05e3bd9
00000056bfc86e59
000000577049cd19
00000058b9fb6339
0000005979e02ed9
00000059ad16e619
00000059fe1db2d9
0000005af9286d79
0000005b023e58b9
0000005b223a3279
000000b65b014561
0000000002d51471
0000000000000181
0000005b3caab7f9
0000005bc7408d39
0000005c0de73319
0000005c48e20019
0000005cbc9a7d59
0000005e8fc66b19
0000005f961730b9
00000060559f2e39
0000006067fd8a99
0000006086b13e59
0000006295769499
000000638a085219
00000063e880e379
000000c8fb6c9a61
0000000002d51471
0000000000000181
00000064e293b8f9
000000652fac8219
00000065a33a80f9
00000065d6822dd9
00000067911e50d9
0000006827fc2459
000000684b56b9d9
000000687dfec079
000000688d345fd9
00000068c5764bf9
00000069867a5919
00000069f05c2e19
0000006a26d283b9
0000006aa50158f9
0000006b265e75d9
0000006b34970339
0000006b96dea599
0000006c20c96819
0000006c756c1459
0000006cd60b28d9
000000db9bd7ef61
0000000002d51471
0000000000000181
0000006deb9a31d9
0000006e02b5c239
0000006effdc1cf9
0000006f511df559
0000006f78841499
0000006fd10bbd79
0000006fee318519
0000007016abaf99
00000070f513abf9
000000717418f219
00000071a61dd979
0000007283227199
00000072a10da259
00000072cd5f6639
000000737f0bb3f9
0000007482fec639
00000075626566b9
000000757bff75f9
00000075b2608db9
000000760b872839
000000ee3c434461
0000000002d51471
0000000000000181
00000077313cb779
000000785dcf0af9
0000007a43322879
0000007aa8bcd779
0000007b3d294c79
0000007bb47345d9
0000007ca596e299
0000007d29dd56b9
0000007da9669b99
0000007e3e2f2099
0000007efcceb659
0000007fb7a19679
0000008011139099
000000801fea8b79
0000008022cb7839
00000100dcae9961
0000000002d51471
0000000000000181
00000081b793c179
000000822dd48139
00000082fc940659
000000832b231a39
0000008414089c39
00000084f3a08219
00000086e9d33659
000000871e9e8119
000000872c63c199
00000087714d9999
0000008895442019
0000008937a9a5d9
000000895218f1b9
00000089845395d9
00000089bbb31659
000001137d19ee61
0000000002d51471
0000000000000181
0000008ae84b9bf9
0000008b39355139
0000008b4d198b39
0000008cd0f45839
0000008d00118219
0000008d6d3b1f19
0000008d93bbae99
0000008f4928ffb9
00000090162942b9
0000009028da05b9
0000009143c12259
00000091502bf219
0000009158538319
00000092d6e3c219
000000930abc4339
000001261d854461
0000000002d51471
0000000000000181
00000093316d3bb9
000000952a1d4859
000000953b1f4db9
00000095cfdbd3d9
00000095d8e92a59
00000095ddff0ad9
0000009613e1e7b9
0000009681b9dd59
0000009683e35359
0000009728926739
0000009772b44a59
00000098a097e599
00000098eb235db9
0000009921765639
000000997ae31b79
00000099feb3c2d9
0000009a03a880d9
0000009a44fe4859
0000009a45e675d9
0000009a62a4c139
0000009ad874aa99
0000009b640f8f59
0000009bab9fe739
0000009bdcf54c99
0000009c1ba5d6d9
00000138bdf09961
0000000002d51471
0000000000000181
0000009cba22a3d9
0000009cf56eeed9
0000009d11daa139
0000009eaeb7e0d9
0000009f2bea7639
0000009f6fe29199
000000a2de82bc79
000000a32c836cd9
000000a34f5830d9
000000a38c6a61f9
000000a39c50ebd9
000000a452b4bff9
000000a46772cd19
000000a4c25425f9
000000a533574419
000000a572cce2d9
000000a579fcd599
000000a5812a7439
0000014b5e5bee61
0000000002d51471
0000000000000181
000000a5d73e50f9
000000a6f45eb8f9
000000a703f513b9
000000a7087a09d9
000000a73ccc7419
000000a7d84fac39
000000a8167d10b9
000000a86f73e9f9
000000a874590699
000000a8b274c019
000000a93779d2f9
000000a9a137b319
000000aa8293cf99
000000ab3b2c1e79
000000abf43b81b9
000000ac56e6e5d9
000000ad2f8f5899
000000ad600868f9
000000adc039c359
000000ae03793819
0000015dfec74361
0000000002d51471
0000000000000181
000000af42ad4559
000000afb139d499
000000b0bf198479
000000b0cc0888d9
000000b204b1aa99
000000b20f2df199
000000b21b7412f9
000000b28747f599
000000b2f0b52999
000000b3579c2019
000000b56a0f3679
000000b6b0b84159
000000b6b377d159
000000b7211c1fb9
000000b730572739
000000b7972dbe59
000001709f329861
0000000002d51471
0000000000000181
000000b8c9464799
000000b8cfc51e39
000000b8fe432bf9
000000b901c60039
000000ba5665e8b9
000000ba83dee7b9
000000bae6a892b9
000000bdaab28659
000000be10c9bd19
000000beccafe279
000000bf57403919
000000c0516b0a19
000000c0685e2559
000000c13c572039
000001833f9ded61
0000000002d51471
0000000000000181
000000c1d6043ad9
000000c2d5639dd9
000000c37b9c1e79
000000c3c9cbadb9
000000c3cb79ecd9
000000c487658a39
000000c49854f4f9
000000c4d7ae4e99
000000c5b6b93ad9
000000c5f96a6739
000000c6b90ecb39
000000c83a280d39
000000ca87074199
000000ca9ad92999
00000195e0094261
0000000002d51471
0000000000000181
000000cba8c617f9
000000cbe4e5ad99
000000cbeadc25b9
000000cbf82302b9
000000ccebb17e59
000000cd18c68439
000000cd53d37f99
000000cd66fa54f9
000000ce9e48a019
000000cf0cd9e379
000000cf55750a79
000000cf9aa60b19
000000cfe8cce5d9
000000d11126fd39
000000d222f2cfd9
000000d30cb62e19
000000d319e80b19
000000d3b934b2b9
000001a880749761
0000000002d51471
0000000000000181
000000d526138679
000000d57eb10ef9
000000d5dde220b9
000000d663ddd419
000000d674886cb9
000000d679827dd9
000000d69bb8b679
000000d6ac1beb39
000000d6f9d25d59
000000d75fadda19
000000dafd1fac19
000000db33e2d299
000000db8abe1f99
000000dbc3f2f299
000000dc062e3ad9
000000dcddffe1b9
000001bb20dfec61
0000000002d51471
0000000000000181
000000de4621aef9
000000ded83c4c59
000000deec4fa519
000000deee8e6299
000000defae1ad79
000000dfb5580479
000000dffa671839
000000e0df5e6dd9
000000e0fb7468d9
000000e14cd49439
000000e320cf5779
000000e34d1283d9
000000e354171ed9
000000e37aff8679
000000e399de0699
000000e3eb082d99
000000e4d38a1bd9
000000e5154a3b79
000000e54ef1d7b9
000000e56736b879
000001cdc14b4161
0000000002d51471
0000000000000181
000000e72bd24e79
000000e81169a0d9
000000e8b8813b19
000000e9d1f3e799
000000ea8d9143d9
000000eab93c55f9
000000eb8dc4c219
000000ebf3a5e499
000000ec14db1719
000000ec7de6ec39
000000ec90bab7b9
000000ecb8540979
000000ece62d6d79
000000ed355f3eb9
000000edcd044ff9
000000ee06e264d9
000000ef3aed0ef9
000000efce5d5619
000001e061b69761
0000000002d51471
0000000000000181
000000f050842399
000000f090f6a159
000000f0b3ca8039
000000f114288ad9
000000f16f912599
000000f1895c6779
000000f241865ad9
000000f34eeee0f9
000000f396b41659
000000f39e2147f9
000000f3d009dd19
000000f47311f9d9
000000f4abe63ab9
000000f5cd2b4cf9
000000f62f307b19
000000f6f026f1b9
000000f8a270c8b9
000000f8b5853359
000000f90f3aaef9
000001f30221ec61
0000000002d51471
0000000000000181
000000f990937a59
000000f9d2c07f79
000000fa8289cd59
000000fcba76bed9
000000fd0eb0f179
000000fec9616a39
000000fffd563099
00000100234f7139
000001005932aed9
00000100be02c099
00000100eaf581f9
0000010112b88d19
00000101cf681119
00000101fcbbb199
000001025377ed19
00000205a28d4161
0000000002d51471
0000000000000181
00000102d548fd99
0000010350847919
0000010390835859
00000103d6a2ded9
0000010401e315d9
000001042da83e59
000001052ac09999
0000010532939e39
0000010541875859
0000010731b85b39
000001078714c499
00000109699c01b9
00000109c8cfad59
0000010a8315fe39
0000010abdf48c19
0000010abe04c659
0000021842f89661
0000000002d51471
0000000000000181
0000010c55032fd9
0000010cfdd33bd9
0000010d8291ac99
0000010dff5a5639
0000010e2e5c6699
0000010e8dbf4099
0000010ea004cd39
00000110092e64d9
0000011141b22c59
000001114d6525f9
00000112ce01ea59
00000114b4e6e1f9
00000114fa346259
000001155d6b0439
0000022ae363eb61
0000000002d51471
0000000000000181
00000115d8749bf9
00000116210215f9
000001162f4bc719
000001174c6a4c99
000001175c2ff6f9
0000011788360a19
00000117d7986919
00000119c71d62d9
0000011ac27df4f9
0000011bb9756399
0000011da6101539
0000011e63354339
0000023d83cf4061
0000000002d51471
0000000000000181
0000011f3451c159
0000011f36963559
00000120b6b78879
000001211ff06319
0000012201bbdc39
000001229a1dae59
00000123233b79d9
000001238b0c7379
000001239e7fa3b9
00000123e49371d9
000001244e616bf9
00000124b56b4579
00000124d5ae6059
00000124f426d319
000001257a9626f9
0000012646c89279
00000127a13e0f39
00000127bc298839
00000250243a9661
0000000002d51471
0000000000000181
00000128eb67c2f9
000001296921e5f9
00000129a50aeff9
00000129de699159
0000012ad0d677d9
0000012b563aedb9
0000012c770e93b9
0000012c82721d39
0000012d29cdba99
0000012d8a8d5999
0000012dda05ad59
0000012dfd2885d9
0000012ee14f48f9
0000012f3e0dbeb9
0000012fbc3e6839
0000012fef57ccd9
0000013015769179
00000262c4a5eb61
0000000002d51471
0000000000000181
00000132afed66f9
00000132cba20799
00000132e1fd0cb9
00000133839a9af9
000001343f4d8a99
00000134901d2499
00000134a3fe6439
00000134c3d5e719
00000135aab67b59
00000135df2df9d9
00000136138cf379
000001365a389c59
00000136b0e70a19
00000138956bb339
00000138cbbb6639
00000138e942eeb9
000001392c143479
0000013a326a17b9
0000013a550a9699
0000027565114061
0000000002d51471
0000000000000181
0000013b63214379
0000013c5c0971f9
0000013da953c7d9
0000013e628c7439
0000013ef61e2599
0000013f080569b9
0000013f22eb70b9
000001402dc44bd9
000001421d165959
00000142ae8ba4b9
00000143956aa679
00000288057c9561
0000000002d51471
0000000000000181
00000144080fb919
0000014452274f39
00000145e9ec3a59
000001462dfe8dd9
00000146368965d9
00000146a65a14b9
00000146ec053479
000001479b79e019
000001482840a0b9
0000014848bd47f9
000001493c80aeb9
00000149985dcd59
000001499a85f999
00000149d5ba7899
0000014a216865d9
0000014a31e409d9
0000014a38c48d19
0000014a40bdcb19
0000014a48afd699
0000014c38887999
0000014caeee2599
0000029aa5e7ea61
0000000002d51471
0000000000000181
0000014d63b14939
0000014dd0cc7a79
0000014e504ccb79
0000014f5d53f639
0000014fd29932f9
0000014ffe1e0179
000001501444dbd9
0000015100ea8c39
00000151935db9f9
00000151ad0a0d59
00000151f79d9959
00000152417b2859
000001524e1e4939
00000153c6180e79
00000154345a99b9
00000154a0a09d99
00000154f02042d9
00000154f16eb7b9
0000015552915239
0000015561cb0199
00000155ac8eb839
00000156115052d9
000002ad46533f61
0000000002d51471
0000000000000181
00000156ea405319
00000156ece0f7b9
00000157797f8779
000001579430ed99
00000157e480d859
0000015887aa5b19
00000158bbfb6c59
00000158cfb5a199
000001590a320b39
0000015940e694f9
0000015954ae5819
0000015a84a44639
0000015abcab5019
0000015adaa3b039
0000015b260802d9
0000015b492ff7b9
0000015be08f00d9
0000015c0fede6d9
0000015c841f3159
0000015cab8ea9f9
0000015d5c37d7b9
0000015d68196339
0000015deea8e4d9
0000015e5ba88ff9
0000015f5375e159
000002bfe6be9461
0000000002d51471
0000000000000181
000001603fa9aa19
00000160cb82f439
000001616194d699
00000162175ad4b9
0000016266bbee39
000001646424dfb9
00000165eb170f99
0000016687fc7259
000001669ba61eb9
0000016758716059
0000016805094699
0000016894de3c19
00000168ed530ff9
000002d28729e961
0000000002d51471
0000000000000181
0000016960448c19
00000169bccb33b9
0000016a27be4a59
0000016a2e53ba39
0000016a4bc192f9
0000016a93929f59
0000016af7956a19
0000016bc863a299
0000016bf47ff919
0000016bfcddb159
0000016cb780a6f9
0000016e77b97bf9
0000016f0821a879
0000017004a4ff79
00000170887dfe59
00000170a14b11b9
00000170a14b1a99
00000171d99bf299
00000171f90ec2f9
000002e527953f61
0000000002d51471
0000000000000181
0000017298b91c99
00000173291c8099
000001732b2dc7d9
00000173cc409c39
00000173cef5b5d9
00000176683589b9
0000017742a64ff9
000001778b1c5b39
000001794afe8fd9
00000179ef3fc339
0000017a1214abb9
0000017a53fbb5d9
0000017ac3ab5bb9
0000017b16cfc399
0000017b6672f639
0000017bafcb9019
000002f7c8009461
0000000002d51471
0000000000000181
0000017c7e0cf2b9
0000017c84556f19
0000017d7e670e99
0000017dc92bf659
0000017f084c28d9
0000017ff8359a99
00000180392eded9
000001807a920cf9
000001809f48fd39
00000180bdf21099
000001810afa3939
000001814c34e899
000001829449ebf9
00000182e8f74879
00000182fbd15b79
00000184188a6fd9
0000030a686be961
0000000002d51471
0000000000000181
0000018584eba5f9
00000185f4c1fd79
0000018622432779
00000186b2711859
00000186e1ba8059
00000186e9458c19
0000018741fb2d19
0000018742216b99
0000018b5672dbd9
0000018c7ac62b19
0000018ceab05b99
0000018e36b72e19
0000018e3ab5e619
0000031d08d73e61
0000000002d51471
0000000000000181
0000018f0431dff9
0000018f69649559
0000018fa1dfc079
000001912b779d39
000001916ec44039
000001928d1ec3b9
000001929016c1b9
0000019299417c99
00000192f332abf9
00000194f31ef639
000001958861d199
000001959dee6739
000001969864ecf9
00000196ece5d679
0000019747e4a159
000001976d37cb79
0000019785e2ef99
00000197bd3ed0f9
0000032fa9429361
0000000002d51471
0000000000000181
00000197e15008b9
000001981a9016f9
00000198f7e046d9
00000199bfcdfc19
00000199ee6dafd9
00000199ff8b6e59
0000019aa5d046d9
0000019b9ea13c99
0000019c2f4c9739
0000019ca7e510f9
0000019cc3cef319
0000019cfd8d51f9
0000019ddc963619
0000019df5b6de19
0000019e514a8759
0000019e7c9005d9
0000019e98db3af9
0000019f6c920319
000001a0be868699
0000034249ade861
0000000002d51471
0000000000000181
000001a1b001e0d9
000001a1dba59579
000001a1e518deb9
000001a27bf6f839
000001a2f6399199
000001a32914c759
000001a33b1c4999
000001a41aec31b9
000001a4ab94e659
000001a4bc8898d9
000001a4d9f55fd9
000001a56f48eb19
000001a5ed42da19
000001a658e38d59
000001a744ec9a99
000001a7de377a59
000001a8794f4c59
000001a92c33b739
000001a9a07ee579
000001a9c41f5a39
00000354ea193d61
0000000002d51471
0000000000000181
000001ad745eebf9
000001ae696f4ff9
000001af6b95e8d9
000001b066642719
000001b0cc3ff539
000001b14ed40f19
000001b160387df9
000001b1b93a9d79
000003678a849261
0000000002d51471
0000000000000181
000001b3e7a68c99
000001b407938b79
000001b4348b9e99
000001b4e8a851f9
000001b5022c57b9
000001b5ae851899
000001b71c660599
000001b7dbda2859
000001b7f950aa39
000001b871b86f79
000001b96b61c559
000001b99ac03b19
000001ba06878b79
000001ba3a093179
000001bafd428519
000001bb1fc3c919
000001bb591e94b9
000001bb84b472b9
000001bbe08ca939
000001bbe3efd079
000001bbe686d6f9
0000037a2aefe761
0000000002d51471
0000000000000181
000001bd9fae8e99
000001be2652ac19
000001be67064959
000001bee7834419
000001bf00166a39
000001bf1077d9f9
000001bf171d42d9
000001bf1e6ed079
000001bf8cd73039
000001bf9ec7d7f9
000001c008f824d9
000001c00bc26a99
000001c041258619
000001c10268bcb9
000001c250954099
000001c25f02e539
000001c26d0e80d9
000001c2940c4859
000001c29b163519
000001c30e025e19
000001c436cd4f99
000001c4460efeb9
000001c4711b9359
000001c5edb3b879
000001c63fdced99
000001c662c396f9
0000038ccb5b3c61
0000000002d51471
0000000000000181
000001c6a7b15999
000001c758261619
000001c7fe12d139
000001c8633cef79
000001c9ac123479
000001c9b2702e99
000001ca0fd0ab39
000001cad94ba7d9
000001cbcc82dcd9
000001cc1dab83b9
000001cca3e66a59
000001cd7d3fb539
000001cee427ec99
000001cf334e3539
0000039f6bc69161
0000000002d51471
0000000000000181
000001d11f7b2839
000001d1959c4179
000001d1a031f439
000001d1ad342cd9
000001d1af72a3f9
000001d2296000b9
000001d38a137f19
000001d44c774a59
000001d4a1b69fd9
000001d4ec103919
000001d5c95641d9
000001d69ff95ef9
000001d753e61099
000001d844f80af9
000003b20c31e661
0000000002d51471
0000000000000181
000001d940168b79
000001d94297c9d9
000001d9fed94139
000001da88fea299
000001dc977fe259
000001dcda37f479
000001dd1ba92699
000001dd2dab0f59
000001de12d578f9
000001de2f3c24d9
000001de41797cd9
000001e053fe4ab9
000001e244aed8b9
000003c4ac9d3a61
0000000002d51471
0000000000000181
000001e2c3e9e359
000001e2ca5a4a39
000001e2f3382a19
000001e35e2b5df9
000001e3a596a379
000001e3f106e819
000001e59610d499
000001e5e7ffc4f9
000001e694302ed9
000001e6f898ef39
000001e7c8fe7839
000001e8102e8db9
000001e81566f219
000001e8b7f291b9
000001e968522f99
000001eac297e739
000001eb6f210979
000001eb740c9f39
000003d74d088f61
0000000002d51471
0000000000000181
000001ebbbd4c779
000001ed0b64a179
000001ed0eb18f19
000001ed2123fb39
000001ed6941cd19
000001edd87e7fb9
000001ee9fb40079
000001eeace1a699
000001ef49f9f699
000001efe251aaf9
000001f059e2bf19
000001f064136799
000001f0c84b7d59
000001f121b42ad9
000001f13c3dd099
000001f18cfcf719
000001f1b8c8e259
000001f27bec4819
000001f2807c6679
000001f2bed6f7b9
000001f32c5079f9
000001f348f7a039
000001f48dddce79
000001f4970fc479
000003e9ed73e461
0000000002d51471
0000000000000181
000001f54d48b219
000001f5b31a9bb9
000001f70f91a939
000001f735ccb7f9
000001f8a5f7ac19
000001f95dd2b9f9
000001f99c187579
000001f9f878a259
000001fa8b618b79
000001fb863795b9
000001fbbbd21f39
000001fbc3359999
000001fc2737e279
000001fc5427a779
000001fc8a5aeaf9
000001fcb1bb28f9
000001fd0e4766f9
000001fdb1163d19
000001fe2b4ae559
000001fe2bc1b4b9
000003fc8ddf3961
0000000002d51471
0000000000000181
000001fe7430bd99
000001ff55d0c239
000001ff62d0f239
000001ffc04b7b59
000001ffc5186c39
000001ffd2987a59
000002007ca04ed9
00000201e2591f79
00000202c2b36a19
00000202f49379b9
000002031edb52d9
000002051d1edb99
0000020646862df9
0000020662819379
000002067f414b99
00000206f63cfd79
0000020712248999
000002072637e5b9
0000040f2e4a8e61
0000000002d51471
0000000000000181
00000207cbe3f4f9
0000020817d1d6d9
000002081f6db3b9
00000208a51772b9
00000208ca24d539
00000208e05e6c79
00000209310d14f9
0000020990d89b39
0000020a0f67ed59
0000020a51ed6719
0000020a75a11c79
0000020ab7e100f9
0000020b82785b59
0000020c3c63a939
0000020c6d998339
0000020c9ae80639
0000020db0f81c59
0000020dc2f61e19
0000020ddece8939
0000020f7c99a6b9
00000210729813d9
00000210d08f57b9
00000421ceb5e361
0000000002d51471
0000000000000181
0000021106859959
0000021229970819
00000212f42ff019
00000213c81354d9
00000214b9fdb179
00000214c9698239
000002155cf924d9
00000215de396e39
0000021666dc8419
000002169ec35cb9
00000216b268d839
000002175bc814f9
00000217dc4e6719
000004346f213861
0000000002d51471
0000000000000181
0000021bb831fd99
0000021c62cdb199
0000021d1a66af99
0000021d2ab1df99
0000021dcb3409d9
0000021dda8e3d59
0000021e003b2c79
0000021e1ed349f9
0000021e462856f9
0000021ec2554c39
0000021ec8cb4499
0000021ef5815719
0000021f9c29a7f9
000002219c8e8119
00000221c84e1379
000002225fda9b59
000002227863e1d9
00000222dfc48af9
000002230e60e819
000002237c000459
000004470f8c8d61
0000000002d51471
0000000000000181
00000223a01cf5d9
0000022455fce859
00000224b5389439
000002255aa59a19
000002255ee5f199
00000226224cc059
00000226826620f9
0000022709379bb9
00000227e19cfaf9
00000227f4e62c39
000002283ac45459
00000228a14bbe39
00000228e940c459
0000022942bfc719
0000022a84f270f9
0000022b2d0056b9
0000022b777d1479
0000022badb200f9
0000022bc07e9ed9
0000022c2266b439
0000022cd0cea3b9
00000459aff7e261
0000000002d51471
0000000000000181
0000022da7d3d399
0000022eb97f0c59
0000022ecbce0cd9
0000022f79723cf9
00000230552a60f9
00000230e519d059
00000230f66165f9
000002311e3cef39
0000023157351d79
0000023164f008d9
00000231a72700f9
00000233069e1b79
00000233c6e70fb9
00000233f18c47d9
0000023402478019
000002342d15b619
00000234a76841f9
0000023554163e79
00000235773cd5f9
000002357dc60699
00000235fc4822f9
0000046c50633761
0000000002d51471
0000000000000181
00000237251cf479
00000237bd22e559
00000237de1bc6d9
0000023831fff299
00000238ee5470d9
0000023a6e1c3899
0000023bf3f65fd9
0000023bfd114f79
0000023c90787879
0000023d0c2f9239
0000023d6a641cb9
0000023de33b4ef9
0000023e0161a5f9
0000023e1770cc59
0000023e5c1ba139
0000023f37f73999
0000023f479412f9
0000047ef0ce8c61
0000000002d51471
0000000000000181
0000023f84327299
0000023fd8ef7339
000002433a06f359
000002435e8f2ed9
000002435ea82099
00000243716b3eb9
000002459eabb699
00000246a592d859
00000246dd59a879
00000246e3f4ba59
00000246e70a0939
0000024709434ed9
000002481eed0499
0000024836e88779
00000248a3b1b139
00000248aafc59b9
000004919139e161
0000000002d51471
0000000000000181
00000248c9bf68b9
0000024a1d2dddf9
0000024a2d153659
0000024a4ced4ff9
0000024c039a2819
0000024c39d994f9
0000024d24391b59
0000024d29303799
0000024df0f05339
0000024feb14eb79
0000024fed84acb9
000002518ae45739
000002519a3a7239
00000251bdd807d9
000002520ba13ad9
000004a431a53561
0000000002d51471
0000000000000181
000002529bfa1cb9
00000253ea5f2739
000002568e0c45d9
0000025878729279
0000025933909e19
0000025a87609cb9
0000025a91a63a39
000004b6d2108a61
0000000002d51471
0000000000000181
0000025cabea4c59
0000025ccbe0e6d9
0000025cd5125019
0000025ce07fe439
0000025d4609def9
0000025df66ac139
0000025e333bbcd9
0000025f1cad8799
0000025f6243b959
0000025f66235259
0000026060d894d9
000002610b166d59
00000261195343b9
00000261d7d0cdb9
00000261ea1badb9
00000261fa6f49f9
00000262248bf2b9
0000026374f66bd9
00000264404f52f9
000002648b1823b9
00000264908157f9
0000026490818059
00000264b2291e59
000004c9727bdf61
0000000002d51471
0000000000000181
00000264bfbee059
00000264c394da99
000002654b7046b9
0000026562b70f59
0000026587c28b19
00000265a41da819
00000266b7165f99
0000026727e75819
000002675e6a4379
00000267e6466399
0000026955bf7b79
00000269956fb6d9
000002699f726179
00000269ac6493f9
0000026a18c5f879
0000026a819d3f39
0000026ac5110ed9
0000026b1c2f1af9
0000026c7b06a679
0000026cb86c88d9
0000026d68cfdb39
000004dc12e73461
0000000002d51471
0000000000000181
0000026e2f48dc99
0000026f0a164e19
0000026f459cd659
0000026f498f8739
0000026f6b962e79
00000270259d5999
00000270fa73a539
00000271f2621e39
00000272f8b17a39
0000027334e2e579
0000027369978a79
000002751e0cc159
000002757bad2fd9
000002758bb0f5d9
000002762667f539
000002767f8631f9
00000276873c8959
000004eeb3528961
0000000002d51471
0000000000000181
00000277760e7b39
0000027795c11559
00000277b7fbc3f9
000002782e3c9d19
00000278a06c02d9
00000279557132b9
0000027b306f1dd9
0000027c8fd69ad9
0000027ce22d1499
0000027d3c658099
0000027da1edb919
0000027da2dc0d79
0000027dbd2fa299
0000027dc604cc39
000002804df8a899
0000028085b58879
0000050153bdde61
0000000002d51471
0000000000000181
000002810e5bb2b9
0000028188336659
00000282063c6419
00000282b3a4c9b9
00000284827cabb9
00000284d818e479
000002856cf54299
00000285cb9b8799
000002860b7156f9
000002864f65f0f9
0000028773c121f9
0000028783b9f3f9
000002888140e3d9
0000028957ec4039
00000513f4293361
0000000002d51471
0000000000000181
0000028b69b7eed9
0000028cb1ea3519
0000028d6070c059
0000028e893ad419
0000028edb46edd9
000002918a8bc459
0000029201e418b9
000002928b360f99
000002933a8a80b9
0000052694948861
0000000002d51471
0000000000000181
00000293b0fee459
0000029406852819
000002947fc26359
0000029545a90559
0000029765e0a939
00000297ad725379
00000298de8aaf39
00000299aee06739
00000299aee0b6f9
0000029afe0f1179
0000029b4ac544d9
0000029b608e6a99
0000029babf1e719
0000029c1e23ff39
0000029c3228f8b9
0000053934ffdd61
0000000002d51471
0000000000000181
0000029d83042199
0000029d949223f9
0000029d97118e39
0000029df9358ff9
0000029e6c8bff59
0000029e89693d79
0000029ea221d2d9
0000029ebe087bd9
0000029ed4642af9
0000029f1ec7e7d9
000002a1585e0119
000002a1a79d4999
000002a2219b8a79
000002a24b533359
000002a28347d599
000002a2c50b8699
000002a374f41e19
000002a3e48da8f9
000002a3f2d36d19
000002a4277e66b9
000002a42b761819
000002a436a81e79
000002a47d9f9159
000002a47e5dd1d9
000002a486fea839
000002a5c34ef899
0000054bd56b3261
0000000002d51471
0000000000000181
000002a6bbc7e739
000002a7b69b0a59
000002a83c39f479
000002a91aafa499
000002aa15400159
000002aa2e6c1739
000002aaa5cafa39
000002abe1bed2b9
000002ac35c97479
000002ad410a36b9
000002ad58c9d9f9
000002ad6f832979
000002ae1cbecb59
000002ae82e12539
000002aeb5fe2919
000002af2ddb25d9
0000055e75d68761
0000000002d51471
0000000000000181
000002af54ee71d9
000002af7e3b2539
000002b0c0069ef9
000002b11d813299
000002b1ccc3a919
000002b1d101acd9
000002b22d601659
000002b249902519
000002b2e2ad46f9
000002b39fd4ac19
000002b4cf99f759
000002b512580cf9
000002b611726239
000005711641dc61
0000000002d51471
0000000000000181
000002b89c3a0c59
000002b9c1f72c59
000002ba0366e679
000002ba16967299
000002ba534c8259
000002baa3741019
000002bab349cf19
000002bab36d35f9
000002bbbc4c4999
000002bc5eb18219
000002bcfdef01b9
000002bd4e2d7179
000002bd9b1c7519
000002bdc11cdcb9
000002beb236a119
000002bf1b578c39
000002c07892d019
000002c14abb46d9
00000583b6ad3161
0000000002d51471
0000000000000181
000002c209c390b9
000002c265038e59
000002c2b5a0f379
000002c323aee919
000002c32a51fd59
000002c4900d9679
000002c64067fab9
000002c7426c0b39
000002c9225cc639
000002c97984d839
000002caa4b6cdd9
000002cab755ccd9
000002cb199355f9
0000059657188761
0000000002d51471
0000000000000181
000002cc3e2b9299
000002cc52ba4e39
000002cce18d9239
000002ccf28a8a99
000002ce2247e5f9
000002ce4de7cc99
000002ce887f96f9
000002cedc2efe79
000002cf020e2339
000002cf15d6a499
000002cfa25df719
000002cfed0e25f9
000002d039b7b4b9
000002d044b3e659
000002d0fa0d75f9
000002d12b44a6f9
000002d2daeff579
000002d30df67bf9
000002d349e5b399
000002d431bd2919
000005a8f783dc61
0000000002d51471
0000000000000181
000002d4e66255f9
000002d590f9c0f9
000002d6470399b9
000002d658e52939
000002d6fb274dd9
000002d71fdd09d9
000002d729979679
000002d76d7c0d99
000002d800a5a079
000002d81a3bc079
000002d8c3353d39
000002d92262d2d9
000002d9b67bfb59
000002d9c94f4679
000002da463df139
000002db814f4659
000002dc4c3a2819
000002dc644226f9
000002dd096d6e19
000002dd643f1e59
000005bb97ef3161
0000000002d51471
0000000000000181
000002de214b7199
000002ded79947d9
000002df5155a0b9
000002dfeb719fb9
000002e059c7bdb9
000002e0a5e04d99
000002e0b57798d9
000002e1663ba399
000002e175b7b4d9
000002e1cac83ab9
000002e252e39dd9
000002e291dbd239
000002e3a637bcf9
000002e45347cf39
000002e49e991eb9
000002e4eb599699
000002e54f1fc119
000002e5a53ae0d9
000002e608f3ec39
000002e61a1d6019
000005ce385a8661
0000000002d51471
0000000000000181
000002e7af491eb9
000002e8f2a12ff9
000002e96e3d61d9
000002e9c17a7b59
000002e9c7add899
000002ea02f31d59
000002eaa520a019
000002eafdcd7299
000002eb0ec35859
000002ebae86e6d9
000002ec33fbfef9
000002eca6dbb199
000002ecb37c9619
000002ed3ac29999
000002ed6816e679
000002ee37984e39
000002efca0b9699
000002f02d759fb9
000005e0d8c5db61
0000000002d51471
0000000000000181
000002f0b3c9a599
000002f0e9e79eb9
000002f16f141a79
000002f190425e79
000002f195b17499
000002f1cc841059
000002f1cd9b4fb9
000002f208ea27d9
000002f213fc6059
000002f277facaf9
000002f29d3362f9
000002f3bac878b9
000002f445cc52f9
000002f4cd27e1d9
000002f4dbce0999
000002f5ae0ad919
000002f5e0f3e859
000002f679abd1d9
000002f67d7c0fd9
000002f686493799
000002f7c2f80f19
000002f7f9d0c4f9
000002f7fc6a9d19
000002f800240eb9
000002f87701d8d9
000002f91b42d519
000005f379313061
0000000002d51471
0000000000000181
000002f9db0d8ff9
000002f9e7e2c9d9
000002fa16f8dbb9
000002fa8240b739
000002fb017414d9
000002fc1626d8b9
000002fe60c91959
000002fed1125d39
000002ff0c9180d9
0000030158f4ba99
00000301617d79b9
00000301b29b0e59
00000301f9bdbe19
00000302dcab8679
00000606199c8561
0000000002d51471
0000000000000181
0000030341148439
000003038d95a979
00000304d0ef0959
0000030553514659
000003057c2c7799
0000030647b85eb9
0000030670bd2e59
0000030682ea6df9
00000307254f45b9
0000030739993319
00000307b3a61919
00000308015239f9
0000030841b6a379
000003096b8b1f79
00000309879ac559
00000309dc30b4f9
0000030a5daab799
0000030a824ad5b9
0000030ae216ae19
0000030b3722bc99
0000030b70e05379
0000030b9e4cd8f9
0000030c0eb9ed79
0000030c272e3599
0000030c2aedc819
00000618ba07da61
0000000002d51471
0000000000000181
0000030de1b1f019
0000030df05854d9
0000030e04527659
0000030e18b37579
0000030e1c70a359
0000030f20c08659
0000030f9c9c3ab9
0000031039e78699
00000310467bd4b9
00000310daba9839
0000031103894d59
00000311d6a4d359
000003122e65c299
00000312c5e45cd9
000003141b7b0ef9
000003145f788f59
0000062b5a732f61
0000000002d51471
0000000000000181
000003163671dc79
000003165e621c59
000003167a8fb8b9
000003168f9eb339
00000316aba11b39
0000031740b9bf79
000003178f1fb279
0000031900da2979
0000031aacacdb79
0000031c6500b5d9
0000031d646c48b9
0000031dc0800739
0000031eea662699
0000063dfade8461
0000000002d51471
0000000000000181
0000031f0aa9b839
0000031f283205d9
0000031f9149faf9
0000031fff3dc3f9
000003209367eeb9
00000320c1290519
000003221e0f1d59
0000032297263239
00000322a0073919
00000323e04374f9
000003241bc96199
000003247fe1b319
00000325b3f654d9
000006509b49d961
0000000002d51471
0000000000000181
0000032900e82459
0000032913bc6099
0000032978a9d4d9
0000032a99520619
0000032b5139fb39
0000032b9f0b79f9
0000032c4e1be679
0000032c91749bf9
0000032d10d00359
0000032d28fd9ab9
0000032d37d26639
0000032e13f0aeb9
0000032e2f130019
0000032e611af259
0000032f09735b59
0000033128625ed9
000003313b17c899
000006633bb52f61
0000000002d51471
0000000000000181
00000331a6ffb319
0000033208c79a79
000003325e90d139
00000332c16ba679
00000333253c2819
00000334a76d0679
00000335233707b9
0000033605ad8779
000003360ed84519
000003361df2a059
00000336ecc1bab9
000003376e1453b9
00000337d05f7699
00000338039f7a59
0000033919aeead9
0000033942ae78f9
000003395ff06b19
0000033a881ad239
00000675dc208461
0000000002d51471
0000000000000181
0000033b0f36f7f9
0000033b70fa70d9
0000033cb5965c99
0000033ccd0b4199
0000033de92c8899
0000033de9dd6579
0000033f2bc5fd19
0000034071047459
00000340960fcdd9
0000034115c1edd9
000003412aa16cf9
00000341e5d24779
0000034237c10479
0000034248afbab9
000003429c7e2e99
00000342aa9059b9
0000034394ad4d59
00000343ab51b0b9
00000343b1985699
00000343c1550999
000006887c8bd961
0000000002d51471
0000000000000181
00000344b3f5d1d9
000003458a725cd9
00000346b76517b9
0000034745b69c99
00000347ddb3c839
00000348540cec39
00000348a12e29d9
00000348eebca619
00000349217e7279
0000034930287579
0000034b5ade6119
0000034bd04b8d39
0000034c465ea699
0000034cef24fe39
0000034d0d0d7a99
0000034d5714be99
0000034d5e512d79
0000034d5f36e879
0000069b1cf72e61
0000000002d51471
0000000000000181
0000034ddfa56559
0000034dfb0caa39
0000034e0396b439
0000034e0dd42339
0000034e98bc04f9
0000034f06faab99
00000350576aef99
000003505d6f8319
00000351149a5979
00000351150ad1d9
00000352719ea059
00000352ac0fd4b9
0000035343e313d9
0000035349bc02d9
0000035401ae8939
000003545b9ac759
000006adbd628361
0000000002d51471
0000000000000181
00000356f1577199
00000357cdd3adb9
0000035850438059
000003588d4c7079
00000358a9a9d759
0000035911513f79
00000359526f2ad9
00000359a394d099
00000359e8702039
0000035a5c5409f9
0000035b8147abd9
0000035ba73a5959
0000035bf3988a99
0000035c662599d9
0000035da5a13d99
0000035dbd6e27b9
0000035e3a1f2019
0000035ef4506799
0000035fbd7c0d99
0000035fca46df39
000003600cf7d659
000006c05dcdd861
0000000002d51471
0000000000000181
00000360f7daa819
000003615f529cd9
0000036202de6f39
00000362dbcdbfb9
0000036330e4dc99
000003635c9b0999
000003645466fb19
00000365a6b9f619
00000366233862f9
000003666edb9939
0000036877df76d9
0000036886f32ef9
00000368a52a10b9
0000036954eb9979
000006d2fe392d61
0000000002d51471
0000000000000181
00000369df706659
0000036a01f8f679
0000036ab0a82399
0000036ad3db08b9
0000036b869709f9
0000036be4d11c39
0000036be7c38419
0000036c153cbcb9
0000036c539babd9
0000036c7222d9f9
0000036ca5ae8659
0000036d8d3ae759
0000036df81419f9
0000036f10c11b19
0000036f35f7ca79
0000036f47aec539
0000036f9c7f2a59
0000037165a269b9
00000371f3a1a859
00000371fc9213f9
000006e59ea48261
0000000002d51471
0000000000000181
00000372da830bf9
000003738f0b1f99
00000373fb834a79
00000374203031b9
000003743c1ef379
000003747fa224b9
00000374d5dfbcf9
0000037536246c99
000003754fe99a59
0000037658766bd9
00000376632a3039
00000376b1af6239
00000378c2c4c419
0000037953b94899
0000037a1667f899
0000037a16680a79
0000037a420b1c19
0000037afe7478f9
0000037c139804d9
000006f83f0fd761
0000000002d51471
0000000000000181
0000037d8998e819
0000037d9ee04779
0000037effc09319
0000037f0a524859
0000037f40eafab9
0000037f7965f6b9
0000037f7b530bf9
0000037f84bbf159
0000037faa7c2c99
0000037ff37ee7d9
000003802d863999
0000038186b96d39
00000381d7e33fb9
00000381e5b73139
00000382412293d9
000003826a875839
00000383402b3599
000003849cacf859
0000038522e0bf99
000003853237e5b9
0000070adf7b2c61
0000000002d51471
0000000000000181
00000385cb2e37f9
000003880331b1b9
00000389d15a3559
0000038abd237219
0000038b21e4e9b9
0000038ce08fac59
0000038d579949d9
0000038e4f0c7fd9
0000038e5ea7cdf9
0000071d7fe68161
0000000002d51471
0000000000000181
0000038f496a7279
00000390b542e299
000003924574fbf9
0000039245751c39
00000392aa7f8e99
0000039327aa67b9
000003934180e1d9
000003935c1ff119
00000393bcb4eb19
00000394d8404119
000003958b979279
00000395943e47b9
00000396dcc5e8d9
000003972d394739
000003977e355c79
000003979ec07879
000007302051d661
0000000002d51471
0000000000000181
00000399f6af9319
0000039a13d54679
0000039bb0310879
0000039c435c4839
0000039c476e5fd9
0000039c6ba55c19
0000039c9f7345d9
0000039d6d4fa1b9
0000039e3b39c239
0000039e766f9879
0000039ea2800519
0000039fa298c6f9
000003a0adbe6b79
00000742c0bd2c61
0000000002d51471
0000000000000181
000003a1d45f2ff9
000003a2398b0719
000003a3ccfbb319
000003a425d226d9
000003a428e58659
000003a45e47ce59
000003a4cc1c7f79
000003a58b213519
000003a60c566b39
000003a72fa82e79
000003a7f4339239
000003a884ca5299
000003a9a41a3639
000003a9b4efd859
000003aa0a1f3b19
000003aa532f7f59
000003aa93cbf719
0000075561288161
0000000002d51471
0000000000000181
000003aab10539d9
000003ac06572cd9
000003ac56896859
000003ad756d2c79
000003ad8d98c439
000003adb2aca579
000003ae01a9be39
000003ae9ba95879
000003aec04df819
000003b232ea4099
000003b24a042519
000007680193d661
0000000002d51471
0000000000000181
000003b447266eb9
000003b5f12a31d9
000003b7b7884d79
000003b7e5cbd119
000003b9178c88d9
000003ba05d93f99
000003baca4fc8f9
000003baf41561f9
000003bb701667f9
0000077aa1ff2b61
0000000002d51471
0000000000000181
000003be4ccf9e19
000003bed23807d9
000003bed6f21d19
000003bf18b8b059
000003bfc6f05e59
000003c07943d079
000003c1adb60c79
000003c282578719
000003c2cc6323d9
000003c33aa9d679
000003c5612c18b9
0000078d426a8061
0000000002d51471
0000000000000181
000003c92acbd579
000003c92c0a4fb9
000003c93ea5a9d9
000003c9dc7950d9
000003ca8b93e7b9
000003caa7971279
000003cb28ffb239
000003cb28ffbb39
000003cc3770be19
000003cd13304459
000003cda1a39539
000003ce74f01339
000003cea3dc5199
000003cea69326d9
000003cf0515e6f9
0000079fe2d5d561
0000000002d51471
0000000000000181
000003d036e13fd9
000003d0fa19b9d9
000003d13ea69f39
000003d181b5b539
000003d2f9ceee39
000003d3879a4f39
000003d4f36d44f9
000003d5852e5cf9
000003d5c32c6d99
000003d5f236b5d9
000003d627775639
000003d6846b2b19
000003d6892dc5f9
000003d6f39b3079
000003d73d43d119
000003d7c696ad39
000003d89cdcb0f9
000003d8bd5ed219
000003d908e7cbb9
000003d91a77fe39
000003d91a7833f9
000003d939eac3b9
000007b283412a61
0000000002d51471
0000000000000181
000003d94e61a9d9
000003d961a79059
000003da05115fd9
000003da8520ddf9
000003daa137f0f9
000003dab034e1f9
000003db3210dfd9
000003dbad20a7d9
000003dbcc9151d9
000003dbf2578ed9
000003dc2c958859
000003dc3e21da39
000003dcaadceaf9
000003de6da301d9
000003de80310599
000003df543d8119
000003df568f2d39
000003dfe15f4759
000003e0341616f9
000003e0a7fa3799
000003e1fb2789f9
000003e23262b639
000007c523ac7f61
0000000002d51471
0000000000000181
000003e29a788d99
000003e2d9f8a4b9
000003e2feeda4d9
000003e3945b6739
000003e5b2b0d659
000003e99cc3c459
000003e9c746bf59
000003ea247acbf9
000003eadc6f53d9
000003eba4cf2779
000003eba8f34cf9
000003ebd62c5179
000007d7c417d461
0000000002d51471
0000000000000181
000003ebfcc103f9
000003ed5a4fadf9
000003ee4bad1b39
000003f123ba5119
000003f1288cb339
000003f19108b2b9
000003f227855239
000003f40dc26919
000007ea64832961
0000000002d51471
0000000000000181
000003f5883b1cf9
000003f6198167f9
000003f65e5ca279
000003f7a8f51f59
000003f84addb039
000003f8c514cd19
000003fa6b2b6e19
000003faca0f47f9
000003fb0465b679
000003fbe2f2a6b9
000003fca3b3aa99
000003fd881e9ff9
000007fd04ee7e61
0000000002d51471
0000000000000181
000003ffe0a573b9
000004008bc094b9
00000400c44b6259
00000401348b6e19
00000401f7aa7439
00000403010d8dd9
000004034fac3959
000004036a6834b9
000004039ac22e59
000004045f67b219
000004049996d9b9
00000404e3142cd9
000004056e0b41d9
0000040571f7d779
000004064ea646f9
00000406b9f53dd9
00000406db487999
00000407878d4b79
0000080fa559d361
0000000002d51471
0000000000000181
00000407edcb56b9
000004091247bad9
00000409f1ef9c19
0000040a164e3f19
0000040a19442d39
0000040cf2822299
0000040d2c20c339
0000040d75147399
0000040d821dee59
0000040dd58aa4b9
0000040e2f397639
0000040e904fec99
0000040ec6620bf9
0000040ec8c14619
00000410c8b10e79
00000410ffa7e859
0000041116c59299
0000082245c52861
0000000002d51471
0000000000000181
00000411a2a646b9
0000041267834919
0000041357d16679
0000041555c6b479
000004156ee3e079
00000415d285e8f9
000004168fc4a839
000004178ae836d9
00000417cb4d8c19
00000417e3f2c399
00000418aad2cdd9
000004197c41c339
00000419a2a2abf9
0000041a22d9b019
0000041a387c06d9
00000834e6307d61
0000000002d51471
0000000000000181
0000041a94d685f9
0000041af5885099
0000041b633585b9
0000041ba6ae8cb9
0000041cbd3c0e19
0000041cd52afbb9
0000041d1b8dcdf9
0000041d500a4999
0000041d66727159
0000041e2e1c68f9
0000041f49ce5db9
0000041fcef3e3f9
00000420119b3f59
0000042046b88cf9
000004207ac71d79
00000420c9b2e779
000004215d794599
000004216e8c9719
00000421961d86f9
00000422213efeb9
000004228d6babb9
00000422a76c1f39
00000422b43f3ff9
00000422d291b539
00000423026b6039
0000042353b1bc39
000004235b9ed799
00000423b786f199
00000847869bd261
0000000002d51471
0000000000000181
000004241536d979
000004245b662319
00000424626aacd9
00000425622ba619
0000042594105079
00000425c80cccf9
000004262f7e1559
000004267640a179
00000426a5a95f59
000004274edbab39
00000427ba2c1759
00000428c1e627f9
00000428fa8c47b9
00000429552eff99
000004295daf7e39
0000042a029f3f19
0000042abcd6eb59
0000042ae8f87c99
0000042b96e3f5f9
0000042cb887aef9
0000085a27072761
0000000002d51471
0000000000000181
0000042d23d0de59
0000042d803e4b79
0000042d8d309579
0000042d9a609259
0000042ecddfe599
0000042ef0644f99
000004302ecfac39
0000043091cdcdd9
000004314e786979
0000043227125219
000004331c8f8e79
00000433bc12a539
0000043460c76759
00000434cf2acb19
00000434da40ffd9
00000434ec89f319
0000043581a4f919
00000435870b4bd9
0000086cc7727c61
0000000002d51471
0000000000000181
0000043668ec6db9
00000436719b5239
00000437bab9c7d9
00000437c8a22d39
00000438eeebf299
00000438fa4812d9
0000043980f240f9
0000043a3ba2b459
0000043ab063ebf9
0000043c246418f9
0000043d8e72ea39
0000043dad3cbbb9
0000043e0a3c2079
0000043ebb2bd6b9
0000043f3b6114b9
0000043f969bb5b9
0000087f67ddd061
0000000002d51471
0000000000000181
000004402e169ad9
00000440422bd0f9
000004414134e199
000004416be879b9
000004419c84ddf9
00000441aad92819
000004423f9757d9
00000442a46070f9
00000442f913a259
000004436045c279
00000443f98c9a99
0000044427bc61b9
00000445c19621f9
00000446496e0999
00000446a5bc0539
00000447a7771b99
000004480ba1db99
000004485e719d99
00000448dccfddd9
0000089208492561
0000000002d51471
0000000000000181
000004499c328c19
00000449ae7713d9
0000044a84026e79
0000044a97fc6a79
0000044b4f2e9e79
0000044bef7e6139
0000044c78ba33f9
0000044d2545a159
0000044d4296dc19
0000044d72d55fd9
0000044e01197ab9
0000044f00c731f9
000004504cc35cd9
0000045100fa5c59
000004515219cb19
00000451a88f2c39
00000451bb219f19
000008a4a8b47a61
0000000002d51471
0000000000000181
000004527c08a259
00000452a035c379
000004544c735139
00000454b587ea79
00000454d242e9d9
00000455084427f9
000004552c1ec4d9
00000455b2a45579
0000045660d74db9
0000045698409079
00000458613f1c19
00000458c942f099
00000459bda15c99
000008b7491fcf61
0000000002d51471
0000000000000181
0000045caf3bf539
0000045e1813c079
0000045e7560dbd9
0000045feaa893f9
000004605e5e13d9
00000460ccb1e059
0000046138407ad9
0000046390d723b9
000004649580c2b9
000008c9e98b2361
0000000002d51471
0000000000000181
0000046564d2e539
00000466081c66f9
0000046710db3499
000004672a05a299
00000467300d63d9
0000046739337619
00000467d88251f9
00000468cee69bb9
0000046963b17819
0000046a1a6ce019
0000046a267bb039
0000046a99636e79
0000046aba3d8dd9
0000046b7470bdf9
0000046e2b42bed9
000008dc89f67861
0000000002d51471
0000000000000181
0000046e87300bf9
0000046f2ecaa899
0000046f7f183d19
0000046fd30a1db9
00000470051d1f79
000004712d9bcbd9
00000471e4afe099
00000472f5a3a399
00000472ff33c399
000004757f397c39
00000475c9131319
00000476b82cc579
00000476ed784a59
000004777102cd19
000008ef2a61cd61
0000000002d51471
0000000000000181
00000477fcf0ccd9
000004780298fed9
000004790d47e639
00000479b1a78af9
00000479c98a6a39
00000479d84bef99
0000047a0d458a19
0000047a4bf22e59
0000047ac13c3e99
0000047b64adf4d9
0000047b66744819
0000047bc0fbb019
0000047be0b9d079
0000047c1a755459
0000047c5a0ad3f9
0000047cc2dfe439
0000047ccd3f6859
0000047d2a9a3b59
0000047de0701c39
0000047e9b9d8d19
0000047ea0a855b9
000004800da3f739
00000480197d5339
000004803a31f999
00000480bb722179
00000901cacd2161
0000000002d51471
0000000000000181
00000480fe398b19
000004810ef9f459
0000048163bafa79
000004819bc6d2d9
00000482c7bc2f99
000004832aac4f99
000004833a89feb9
00000483737eca99
0000048389baab59
00000483cc00fb39
00000483dfcfa759
000004849b66bef9
00000484af4b5d59
00000484af93e299
0000048522a1bb39
00000485a31a61f9
00000485a351eb99
00000485cabf5c39
00000486017d11d9
000004872877fe59
00000488534bc659
0000048947476839
000004895eaa4c79
000004898baedb99
00000489f67f6439
0000048a20928039
000009146b387661
0000000002d51471
0000000000000181
0000048a56cde519
0000048b6446afb9
0000048cef39ec59
0000048d3fca6d39
0000048d8f9cb939
0000048ee7328319
0000048f8c7adb39
00000490f6bc08b9
000004924252fe19
000009270ba3ca61
0000000002d51471
0000000000000181
00000493f27c3db9
00000493f95be1f9
00000495425664d9
0000049589824a39
0000049640d313f9
00000496c529a999
00000496d8c43ef9
000004976fdeea99
0000049787832b59
00000497d72d5e99
00000497f22adc39
00000497fabef8f9
00000498aa2adcb9
000004992a9b7a39
000004992e102f39
00000499dce188b9
0000049a5c304ad9
0000049c1c6c9fb9
0000049cbbd3c9d9
00000939ac0f1f61
0000000002d51471
0000000000000181
0000049cecf9cb59
0000049dc1053319
0000049e1f8fb8d9
0000049eb5240cd9
0000049f0b82e739
0000049f698d84d9
0000049fa9fb5eb9
0000049fe5eb16b9
000004a057a0a839
000004a09c725dd9
000004a0a9fa2019
000004a0e4209f59
000004a103c95679
000004a22f13dff9
000004a3957b6599
000004a3f6a1eb59
000004a46cda3139
000004a4cc022359
000004a4d480a279
000004a5145e6379
000004a5dd5e5d19
000004a5e37f7e39
0000094c4c7a7361
0000000002d51471
0000000000000181
000004a65ae1eb59
000004a7161ff159
000004a75d0d9739
000004a7b703d219
000004a7b703dc59
000004a847843e19
000004a8e66ecaf9
000004a907f47c19
000004a92bbfd199
000004aaf5cc5dd9
000004ab05f88e39
000004abdde0e999
000004ac118bfc39
000004adf2e83e99
000004ae19006d99
000004af00808fb9
000004af09ea1c99
0000095eece5c861
0000000002d51471
0000000000000181
000004af7d0ef619
000004afb6c0e4d9
000004b0c0effbf9
000004b12a9d49f9
000004b24c27ac79
000004b3948b0e59
000004b3fa045099
000004b44b1d9279
000004b4b4c54a99
000004b5788c8139
000004b5e2fe1b79
000004b6304d05b9
000004b65aa69379
000004b6fd77a019
000004b7dcc17e19
000009718d511c61
0000000002d51471
0000000000000181
000004b9690c4a39
000004b96eac4399
000004b99ba922f9
000004b9d6116fb9
000004bb4c9ced39
000004bb54f5f2b9
000004bb5b092bb9
000004bbcf1368b9
000004bc9e433279
000004bcae521d59
000004bcc998d8d9
000004bcf02061b9
000004bd19cfe019
000004c1a6231f59
000004c1ba312d39
000009842dbc7161
0000000002d51471
0000000000000181
000004c484696cf9
000004c5239d49b9
000004c5e3813539
000004c60c8c8ff9
000004c7bebfe219
000004c7c052b159
000004c8882a3c59
000004c97f61ab59
000004c99e76a279
00000996ce27c561
0000000002d51471
0000000000000181
000004cc13da3ed9
000004ccda09a219
000004cd6a4f7f79
000004cd75810179
000004ce0ddf9099
000004ce1ad8b839
000004cee39231b9
000004cfb963d139
000004cfc089ca79
000004d0050b90d9
000004d017536079
000004d0388f3519
000004d039a35459
000004d092a8e699
000004d0f28203d9
000004d1fc8d9079
000004d259ed5339
000004d30453edb9
000004d377ecf7d9
000004d4614a6119
000004d496871a99
000004d4a1dc6a39
000009a96e931a61
0000000002d51471
0000000000000181
000004d4f1a8a799
000004d597a23d79
000004d639b9d299
000004d6f2f3bff9
000004d706565f39
000004d73f4f5ed9
000004d77bba6979
000004d7aabde7b9
000004d829074bf9
000004d85effe779
000004d8752f7259
000004d88ee61599
000004d941b7cc19
000004d970c4ecf9
000004d9a9bcd1d9
000004d9c10127f9
000004da58d1ee79
000004db1b274fb9
000004db5587e459
000004db8f8fb0b9
000004dbcbc4ed59
000004dbd0fd23f9
000004dca29a74d9
000004ddad1e95d9
000004ddd279dd99
000004ddf518a619
000009bc0efe6e61
0000000002d51471
0000000000000181
000004df5478b599
000004e038222819
000004e172122539
000004e2590971d9
000004e2b9a8d1f9
000004e3a1b6f759
000004e3d8b1d1f9
000004e40798c5b9
000004e426093579
000004e460e36259
000004e4b8c845f9
000004e4be0c5e39
000004e5394cd239
000004e58272ebf9
000004e588ee4cd9
000004e6301e1399
000004e68f12bc79
000004e6d22e1e99
000004e751328719
000009ceaf69c361
0000000002d51471
0000000000000181
000004e8e1020af9
000004e920184c99
000004e96d4673b9
000004eae60cbe79
000004eb2ca55139
000004eb2fefd179
000004eb412fa819
000004eb41e05659
000004eb5b0132b9
000004ecfebcf4d9
000004ed53a18799
000004edc9b04959
000004ee51398759
000004ee850ebe39
000004ef8caa43b9
000004efc68e17b9
000009e14fd51761
0000000002d51471
0000000000000181
000004f0b15917d9
000004f10f127ed9
000004f12ce4b699
000004f13e476859
000004f2a2b53a79
000004f30dd87659
000004f3240372f9
000004f424c6d739
000004f44d09c859
000004f45e687db9
000004f494579fb9
000004f55147fb99
000004f6ac65f859
000004f701285979
000004f745c06719
000004f8330f4ad9
000004f8349eef19
000004f8518299d9
000004f89785cff9
000004f900d793f9
000004f9ec8fff79
000009f3f0406c61
0000000002d51471
0000000000000181
000004fa5fdbfff9
000004fb4fe52159
000004fb63b93b19
000004fb67913399
000004fc41f08e79
000004fcd6f303f9
000004fe566a4099
000004fef9d47a79
000004ff03698259
000004ffc780ef99
000004ffce733639
00000500b6f35339
000005013e917499
000005015d3e92d9
00000501a4673cf9
00000502366b4579
0000050257741839
00000502d4d8ad79
000005030f627079
00000503293fcc79
00000a0690abc061
0000000002d51471
0000000000000181
000005038a248819
00000503cae38259
00000504090af519
000005044ec2d6b9
00000504fe6d9c99
00000505bccaa8d9
00000506ac0de9d9
00000506ea731e79
000005088af28ab9
000005090568a219
00000509353670f9
0000050bb0a211f9
0000050bbf8bcbb9
0000050bda5bdff9
0000050c32702339
00000a1931171561
0000000002d51471
0000000000000181
0000050d30d61af9
0000050e03e9e2d9
0000050e6d2c17d9
0000050e7219fbd9
0000050e75ec0679
0000050ef290b5f9
0000051000d564b9
0000051069c17259
0000051084cfb619
0000051091235279
00000512a17b9139
00000512c969a359
0000051352468db9
00000513fbf9be99
000005147d10f379
00000515cfe1bfb9
00000a2bd1826961
0000000002d51471
0000000000000181
00000516569784d9
0000051695008db9
00000517fcfb1559
000005195d3013d9
0000051a9bfddbd9
0000051b8e107119
0000051cb5a34919
0000051d93021a99
0000051e80830059
0000051e9190e779
0000051ed491e3b9
0000051f26a1ba99
00000a3e71edbe61
0000000002d51471
0000000000000181
0000051f7e5cea59
0000052008eaca99
000005208ce84299
000005217697ba99
00000521ca8e3059
00000521d36bee19
00000523eb907e39
00000524645bc0d9
00000524c92fe0d9
000005251564bbf9
0000052609e923b9
00000526203da279
000005263de13559
000005264c529af9
00000526f1fa5919
0000052745f6b5b9
00000527a1e4eef9
00000527ed64ae79
000005283056eab9
00000528786c0f19
00000a5112591261
0000000002d51471
0000000000000181
00000528b12e2a39
00000529058680f9
000005296632f3f9
000005297fc2d719
0000052990b13199
00000529d6124e99
0000052ad3e5ef19
0000052b1a106fd9
0000052b5c1e9cf9
0000052c3bc67899
0000052c46fa0bb9
0000052d5f4483b9
0000052d900fd659
0000052e71921e79
0000052e93316739
0000052e9cf2c1d9
0000052f19e05439
0000053044eae339
000005306729d679
00000531c7af0399
00000a63b2c46661
0000000002d51471
0000000000000181
000005322e1cc799
0000053279ee7799
0000053295497e79
00000532cc43e719
0000053436305959
000005345f801a59
000005347b88d039
00000534a1fbe8d9
00000535caec7e79
00000537865762b9
00000537ba34bf79
000005381233cff9
00000538decfd2f9
00000a76532fbb61
0000000002d51471
0000000000000181
0000053be153c739
0000053cc7386ad9
0000053d2ebb8139
0000053d8b854d79
0000053dfe182359
0000053e691a9f79
0000053fd05062b9
00000540591e3739
00000540c1a6ec79
00000540f1038d39
000005416786a3b9
00000542a4d5e459
00000543201ac079
0000054349815319
000005435c1bc4d9
00000543eb583039
00000a88f39b0f61
0000000002d51471
0000000000000181
00000544ed478939
00000545e9e87159
0000054698c75f99
000005472bdf5bf9
00000548ca026d39
00000549702f7b99
00000549eccb3619
0000054a3c92b9f9
0000054b8a4b3339
0000054bb3c073b9
0000054c034e9999
0000054d63e0fa19
0000054d89764159
0000054dc7a323d9
00000a9b94066461
0000000002d51471
0000000000000181
0000054e241f8059
0000054e5a4082b9
0000054e6b342c19
00000550a1bf5e79
00000550caefad19
00000550f906d199
00000551ee629559
000005527e0cb779
000005529cb919d9
00000552fa410019
000005531a2a5af9
00000553f1a4ecd9
00000554424ad5d9
0000055603b2c0f9
000005561705b699
00000aae3471b861
0000000002d51471
0000000000000181
00000557b5efb6d9
000005591d2e3039
00000559a38a3ab9
00000559eee56239
0000055a3da5e4d9
0000055a662ddc39
0000055bf01d7159
0000055bf0219839
0000055cd9b2d5b9
0000055d5f1d4c39
0000055d641bfcd9
0000055d9ba18cf9
0000055f6978cdd9
0000055f85cf3919
0000055fa6487df9
0000055fadd6fad9
0000055fbbf92c79
0000055ffea507d9
00000ac0d4dd0c61
0000000002d51471
0000000000000181
00000561815c7f39
00000561e020f579
00000562525ea099
00000562f571bbb9
0000056497954199
000005657d2d2fd9
00000565a5c276b9
000005667a31c659
00000566b0594e19
00000566d53f9b79
0000056776a211d9
00000ad375486161
0000000002d51471
0000000000000181
0000056ace6b1c99
0000056c1c21ea79
0000056cae0cca99
0000056cbc3edf39
0000056d36c45f39
0000056ea4a08399
0000056eb4f78459
0000056f06337359
0000056f0a9ab439
0000056f492f3959
00000570298b9c99
0000057160faff19
000005719a8d3679
00000571b373c299
0000057246369e19
00000ae615b3b561
0000000002d51471
0000000000000181
000005739530e279
00000574667865f9
00000574e1177bb9
000005759a566739
00000575df4c4bd9
000005768c87c819
0000057762d28179
0000057779291459
00000577822c18f9
0000057791f17df9
00000af09ceb4261
0000000002d51471
0000000000000181
