[MCS8 A] 97 FW 3.104 SV 1.257 
range=1024
periods=2
sweepmode=27e20d0
fstchan=0
holdafter=0
streamstatus=3
calreg0=0
calreg1=0
calreg2=0
calreg3=0
swpreset=8000        
prena=1
syncout=0
cycles=18
sequences=1
tagbits=16
vdac0=92c
vdac1=807
vdac2=8c8
vdac3=8c8
vdac4=8c8
vdac5=8c8
vdac6=8c8
vdac7=8c8
timepreset=150.000     
digio=0
digval=0
autoinc=0 
savedata=2 
mpafmt=asc
sephead=0 
fmt=asc
smoothpts=5 
[CHN1]
REPORT-FILE from 06/24/2026 12:57:25.817  written 06/24/2026 12:57:25
cmline0=06/24/2026 12:57:25.817 
cmline1=A1
range=1024
active=1
bitshift=4
cftfak=2580100
evpreset=10          
roimin=0
roimax=1000
caloff=0.800000
calfact=12.800000
calfact2=0
calfact3=0
calunit=nsec
caluse=1 
[CHN2]
REPORT-FILE from  written 06/24/2026 12:57:25
cmline1=A2
range=1024
active=0
bitshift=4
cftfak=2580100
evpreset=10          
roimin=0
roimax=1000
caloff=0.800000
calfact=12.800000
calfact2=0
calfact3=0
calunit=nsec
caluse=1 
[CHN3]
REPORT-FILE from  written 06/24/2026 12:57:25
cmline1=A3
range=1024
active=0
bitshift=4
cftfak=2580100
evpreset=10          
roimin=0
roimax=1000
caloff=0.800000
calfact=12.800000
calfact2=0
calfact3=0
calunit=nsec
caluse=1 
[CHN4]
REPORT-FILE from  written 06/24/2026 12:57:25
cmline1=A4
range=1024
active=0
bitshift=4
cftfak=2580100
evpreset=10          
roimin=0
roimax=1000
caloff=0.800000
calfact=12.800000
calfact2=0
calfact3=0
calunit=nsec
caluse=1 
[CHN5]
REPORT-FILE from  written 06/24/2026 12:57:25
cmline1=A5
range=1024
active=0
bitshift=4
cftfak=2580100
evpreset=10          
roimin=0
roimax=1000
caloff=0.800000
calfact=12.800000
calfact2=0
calfact3=0
calunit=nsec
caluse=1 
[CHN6]
REPORT-FILE from  written 06/24/2026 12:57:25
cmline1=A6
range=1024
active=0
bitshift=4
cftfak=2580100
evpreset=10          
roimin=0
roimax=1000
caloff=0.800000
calfact=12.800000
calfact2=0
calfact3=0
calunit=nsec
caluse=1 
[CHN7]
REPORT-FILE from  written 06/24/2026 12:57:25
cmline1=A7
range=1024
active=0
bitshift=4
cftfak=2580100
evpreset=0           
roimin=0
roimax=1000
caloff=0.800000
calfact=12.800000
calfact2=0
calfact3=0
calunit=nsec
caluse=1 
[CHN8]
REPORT-FILE from  written 06/24/2026 12:57:25
cmline1=A8
range=1024
active=0
bitshift=4
cftfak=2580100
evpreset=0           
roimin=0
roimax=1000
caloff=0.800000
calfact=12.800000
calfact2=0
calfact3=0
calunit=nsec
caluse=1 
;MCS8 #97 Sversion=1.257 Fversion=3.68
time_patch=1
;datalength=8 bytes
;bit0..3: channel# 1..8 ( 4 bit)
;bit4: edge 0=up / 1=dn ( 1 bit)
;bit5 ..57: timedata    (53 bit), max sweep length 2001.6 h
;bit58..62: tag0..tag4  ( 5 bit)
;bit63:     data_lost   ( 1 bit)
[DATA]
0000000000000016
00000000a1d8a259
00000001e9855fd9
0000000244582e39
00000002a31d2699
00000002be3ab2b9
000000042a2e5e59
00000004330235f9
00000004991fef59
00000006d3ab9df9
00000006f4780cb9
000000074b35b039
00000007c5c3c139
0000000805b66839
00000008ae2bf1d9
00000008f3cea7d9
00000009430e18b9
0000000952e4eff9
0000000954476139
0000000a25a218f9
0000000a3766c4f9
0000000d9c3eab59
0000000dfe5ff219
0000000e506aea59
0000000e50cc5179
0000000e8317bc39
0000000e9c2c0159
0000000ebc15e139
0000000f15948ed9
0000000fa675d999
00000010037737b9
00000010963e3df9
0000002157300161
00000000026c6071
0000000000000181
0000001179f19079
0000001189325279
00000011ae40bfd9
00000012096d2479
000000123b628af9
000000124614a819
00000012485f62b9
0000001274ae86d9
00000012c417fa79
00000013929d8559
00000013df0caf59
000000144a4a1a19
00000014e7b9e379
00000016296d3619
000000170f61e759
000000172fb0b739
00000017327ebe59
00000017a0dd5eb9
000000187fde7f79
0000001965250879
00000033f79aae61
00000000026c6071
0000000000000181
0000001ae8ab1139
0000001b3231c179
0000001bbb9cf519
0000001bc91a26f9
0000001c06b57999
0000001c33cbfdf9
0000001c99c01419
0000001d2f17ce59
0000001d9e579379
0000001ea7195459
0000001f3bc77f79
0000001fa1c5af99
0000001fc40d3339
0000002056c44a59
000000211d1f3239
0000002168ed4c99
0000002263b3b299
0000004698055b61
00000000026c6071
0000000000000181
00000023d20d8ef9
00000023d4b8d039
00000024d4f45c19
000000264d8a7739
0000002669f1b639
000000270542aed9
0000002754c6a279
000000278b5f0539
000000287ae703b9
00000028bdfd6999
00000028c6f3d339
00000028db3040d9
00000029925e44d9
0000002b60986979
0000002b6182b379
0000002c3d245a99
0000002c44f9e6b9
0000005938700861
00000000026c6071
0000000000000181
0000002cce387799
0000002d65cc3e19
0000002df6e72bb9
0000002e160467f9
0000002e5871e259
0000002e7260fb99
0000002ef1ef9199
0000002f89810479
0000002fa58c9879
0000002fb80e97b9
0000003045745cb9
00000030a187d7f9
00000030ace9da59
00000030ce177d19
0000003165d4a7d9
000000321fda0c39
00000032619dfc39
00000032f32c6599
00000033527118d9
000000335eb4d659
00000033c9291df9
00000034d25e82d9
00000035139ce0d9
0000003514dd14f9
0000006bd8dab561
00000000026c6071
0000000000000181
00000035ff608839
000000366451dc39
00000036ddace639
00000038ea022dd9
0000003907dba9f9
0000003ad14e17f9
0000003b25f08a99
0000003b65784879
0000003b7797fc59
0000003d72163a59
0000003e208c3399
0000003e3c894fb9
0000003eaa3c7939
0000003eaf685dd9
0000007e79456261
00000000026c6071
0000000000000181
0000003f9534ec39
0000003feb886659
00000040ad927e59
000000419c8b1a19
000000422ea4f699
000000422f585e59
00000042ca001479
00000043c301ac79
000000440a9a1539
0000004433d89b39
000000446375ae19
000000446c4dc1d9
00000044ef81b979
00000045319661d9
000000459d6ff6d9
00000045aac8cc39
00000045b9158499
000000481cf3b1d9
0000004835613c79
000000484a605399
0000009119b01061
00000000026c6071
0000000000000181
0000004996f350d9
0000004a1989f699
0000004a385f1699
0000004b9f3f9179
0000004bd0b85ad9
0000004bdf495099
0000004c23c93c39
0000004c711c4139
0000004c9c2d13d9
0000004ca7cd2e19
0000004cab1f7119
0000004d2ad21a99
0000004d7e122439
0000004eeedc8ed9
0000004f841b7ad9
0000004fda271ed9
000000a3ba1abd61
00000000026c6071
0000000000000181
000000520db74e59
000000522a8696b9
000000530fc4c0b9
0000005339dff939
00000053558a6d79
00000053cf336af9
0000005443340bf9
0000005447933a19
000000551f7d8259
000000558f4ee219
00000055fd98e119
00000056604c2879
00000058016c6b59
000000582b8fea59
00000058a109be59
0000005a56c63a99
000000b65a856a61
00000000026c6071
0000000000000181
0000005b59f893d9
0000005b9ceeda59
0000005ba9d32059
0000005bd0e82959
0000005bf642a159
0000005c8cbfbcd9
0000005cb6705239
0000005e096c4019
0000005e5b9f41b9
0000005ef8fb71b9
0000005f0bcc2f79
0000005f40ed6599
0000005fa8c05839
00000060241152b9
000000608ac58d79
00000061db6d5959
000000620cc3d819
000000620e1a7359
00000062cad1fbf9
00000063987f03f9
0000006406ad6b59
000000c8faf01761
00000000026c6071
0000000000000181
0000006488311499
00000064f7e431b9
0000006684a45f59
00000067372b53f9
00000067500e6659
00000067c20032d9
000000684a6ef359
0000006898881df9
00000068d9d32a99
0000006a14015759
0000006aeae7e3b9
0000006b230f6cb9
0000006ceec8f299
0000006d88486719
000000db9b5ac461
00000000026c6071
0000000000000181
0000006e3216f419
0000006ebe48cd39
0000006ec74b2df9
0000006ecf6c9c39
0000006ed7f2a039
0000006ed80b8839
000000705c335b39
000000734718e3f9
0000007440ebe479
0000007509a55a39
0000007512bae419
0000007554105f59
00000075e568d5f9
000000762642c7b9
00000076a499e219
00000076e6480ab9
000000ee3bc57261
00000000026c6071
0000000000000181
0000007776a30059
0000007800e3cd99
00000078fa737659
00000079f0657179
00000079fb20ef39
0000007a2ccdb439
0000007a9a119f39
0000007c09be5fb9
0000007d477693b9
0000007ed761c519
0000007f887687f9
00000100dc301f61
00000000026c6071
0000000000000181
00000080dd37e179
000000826619e0f9
00000082bfb0a299
000000841fe29af9
00000084d38e23f9
00000084e2974299
00000086bc43fd19
0000008752d8ded9
00000087e0b782d9
00000087e414a4f9
000000884592c219
0000008893e78319
000001137c9acc61
00000000026c6071
0000000000000181
00000089eeb63e39
0000008a14bdd7f9
0000008acb04fb59
0000008ae8095519
0000008bd7cca479
0000008ca375b339
0000008d17e82a39
0000008d31b5ffd9
0000008d4b771579
0000008dac78de39
0000008e068ea979
0000008ec56d9779
0000008edbd29a59
0000008f975e65b9
000000908030e799
00000090c4a060b9
00000090e24452f9
0000009133b877d9
0000009172e783d9
000000921a1ea6d9
000001261d057961
00000000026c6071
0000000000000181
0000009359bac139
0000009378924cf9
0000009399730279
00000093ef809879
0000009401982839
00000094288e06d9
0000009595935a99
00000095aae9ce59
00000096cef04159
00000096dbf5a919
00000097b1526a39
00000097e96dad99
0000009803b80339
00000099415f5819
0000009a220c6219
0000009ad00458f9
00000138bd702761
00000000026c6071
0000000000000181
0000009dc34f8c19
0000009ececc1af9
0000009ed9720e59
0000009f0dc7f999
0000009fc5d0f199
000000a04dfda459
000000a0aeccb199
000000a163275319
000000a1aa93c559
000000a219a88f79
000000a28fae2a39
000000a2e2b5c9d9
000000a342a35499
000000a530be9659
0000014b5ddad461
00000000026c6071
0000000000000181
000000a698e57599
000000a6c066c939
000000a774db2e79
000000a787cb70d9
000000a83887d5b9
000000a83c187f59
000000a89d79fc19
000000a8e9c5dd39
000000a91d5b89b9
000000a987c4d979
000000a98829f2d9
000000aa59b9f1b9
000000aa8c6d3819
000000ab345d5c59
000000ab71b45c39
000000ab8fd88f59
000000ac7bc78299
000000ad66455379
000000ae9b4de039
000000aeb13cce19
000000aec45fd279
0000015dfe458161
00000000026c6071
0000000000000181
000000af06d725d9
000000af3752b9b9
000000b068493499
000000b0dec25ed9
000000b16017baf9
000000b1cefa39f9
000000b23ed28eb9
000000b2a4ae3e79
000000b32bf228b9
000000b441df5b79
000000b45c1c18b9
000000b4db60ed79
000000b5488ac1b9
000000b5c7a59019
000000b626cbaf39
000000b682bfdbf9
000000b6a19ad399
000000b7bc21d239
000000b806403b79
000001709eb02f61
00000000026c6071
0000000000000181
000000ba0e2135f9
000000bafed4a879
000000bbfb8784d9
000000bc6f6138b9
000000bc8662cf39
000000bdbffb7db9
000000be7799b279
000000bec1df1539
000000bee7b78d79
000000bf71c85999
000000c08dc879b9
000001833f1adc61
00000000026c6071
0000000000000181
000000c3d2a85199
000000c3e633eb19
000000c415e85559
000000c417255719
000000c6a28e31b9
000000c745bd1c19
000000c755415819
000000c78e4cbf99
000000c81c6ee139
000000c9794b4ef9
00000195df858961
00000000026c6071
0000000000000181
000000cb0e890059
000000cbae098099
000000cbf2373099
000000cd45422399
000000cda0d37ad9
000000ced4f31579
000000cff66f3c59
000000d016d47b99
000000d04dd96419
000000d089cb1499
000000d158921599
000000d2899af559
000000d2c331d2b9
000000d3c4a28759
000001a87ff03661
00000000026c6071
0000000000000181
000000d47bf88a59
000000d4ae887dd9
000000d4faf1ed59
000000dab0f81ad9
000000db53f41c19
000000db88e58e99
000000dc2c866199
000000dc4bdd0a79
000000dc6de4ae79
000000dcff4569d9
000001bb205ae461
00000000026c6071
0000000000000181
000000dda87e6df9
000000ddc48a3639
000000de0f3d5bd9
000000de39b9cc59
000000de8eda3f39
000000def33b3739
000000df56d354b9
000000e3d1ce1e79
000000e6c576b9d9
000000e6cc0ce019
000001cdc0c59161
00000000026c6071
0000000000000181
000000e77565f019
000000e78395ed39
000000e7999280d9
000000e79f51ae39
000000e98da68439
000000e9db2c0cb9
000000ea481ab5b9
000000eac2e00139
000000eb285ef239
000000ebafaa8a19
000000ebf999d439
000000ec864a7499
000000ece5eecc79
000000ed2164a4f9
000000edcb647539
000000eea80cd5d9
000000efb8264bd9
000000efe9ba1239
000001e061303e61
00000000026c6071
0000000000000181
000000f0fea7ce99
000000f16d005ad9
000000f1d0ee45d9
000000f209d18839
000000f2281cb599
000000f2828ac2b9
000000f2f862a799
000000f351a050b9
000000f358cf91b9
000000f3fb9efe39
000000f41c315a19
000000f45b5552b9
000000f525a837d9
000000f70bdf7099
000000f7d3abe419
000000f81c441339
000000f8fae6f099
000001f3019aec61
00000000026c6071
0000000000000181
000000f9b267a899
000000faf0738539
000000fb65a6f1d9
000000fbcdef2ad9
000000fc2f764159
000000fd9cd5ba79
000000fe2e41da19
000000fed1107a59
000000fee55a85d9
000000ff4c3fd659
00000100168d2a39
0000010025582759
0000010032f39b99
0000010050a9dab9
000001016878ee39
000001021cfaad99
0000010222b98159
00000205a2059961
00000000026c6071
0000000000000181
00000103abe43579
00000103b6842cf9
00000103c7dc2439
00000104407cc519
000001049436c359
00000105643ecd19
0000010578a62fb9
000001068dedff19
0000010693ec5ed9
000001089e61fd39
00000108c8ab11b9
00000108f0245419
0000010920d2c579
00000109963f32f9
0000010a1e63dcd9
0000010a57b70a39
0000010b6ec9d619
0000010b782cccd9
0000010b856b1819
0000021842704661
00000000026c6071
0000000000000181
0000010c638ed479
0000010c960cf439
0000010cac76d559
0000010ee75b1cf9
0000010f20e0fd59
0000010fc941d219
0000010fe2ff3a99
0000011027e3e999
000001102b92f439
0000011076ff26f9
00000110ad882fd9
00000110cc8e2499
0000011127119439
0000011144093459
00000112d2f590f9
000001132bd83719
0000011339b21359
00000113bc0cfb19
00000114736a6f39
0000022ae2daf461
00000000026c6071
0000000000000181
000001159375fef9
000001160f59a779
0000011630a6ddd9
0000011673f9daf9
000001167633b6d9
000001183e1263b9
000001185f364f19
00000119359c9af9
000001197b2b3459
00000119e2075499
0000011bc0901459
0000011c59b9dd59
0000011c9002c7f9
0000011cc12926d9
0000011d86d8dbd9
0000011d89909f19
0000011e2314e799
0000023d8345a161
00000000026c6071
0000000000000181
0000011ed9254f99
0000011f9aed4739
000001212fe613f9
00000121badb5719
0000012246b87319
000001227507ae99
00000122958c9039
00000122c76b5639
000001231d3747f9
0000012409f25d59
0000012412b84c59
00000125b11adc39
00000125d18c21b9
0000012693bb8bf9
0000012737eb3719
000001274c5b2379
00000127ae1bf319
00000127ca133a19
00000127fb94e6d9
0000025023b04f61
00000000026c6071
0000000000000181
000001297f96c639
0000012ab0ac49f9
0000012b2ac7ceb9
0000012ca20f5c59
0000012cb82ac6b9
0000012d713ee619
0000012dc6aa6999
0000012e2e68d799
0000012e4a4c4279
0000012e6d907319
0000012ec7056059
0000012f91eb3819
00000262c41afc61
00000000026c6071
0000000000000181
00000131fadf6e59
000001320c259039
00000132bb06c2f9
00000132f1c6f379
000001333be65fb9
0000013375d2cf59
0000013428e709b9
0000013474271619
000001352d1e0bb9
00000135dc9b84d9
00000135f84426d9
000001368fc30bd9
00000136b61c4a39
0000013712be07b9
0000013753c56299
000001375c939b19
00000137cd4d93b9
00000139705eb1d9
000001399a37dbb9
0000013a9487f539
000002756485a961
00000000026c6071
0000000000000181
0000013c1d8d8c59
0000013c8b350d59
0000013c9103d219
0000013d14a05479
0000013d9a8de4b9
0000013dc7ddbf39
0000013e8c293899
0000013eefb53e19
0000013fc21ebd59
0000013fe1abcaf9
00000141c9cf9e59
0000014275d06859
00000142f7202839
0000014398613659
0000028804f05761
00000000026c6071
0000000000000181
0000014495c0e2f9
00000144b9fca5d9
000001452c477e19
0000014573f32f39
00000145c5a15f39
00000146f4241859
000001487ce8cc99
00000149c513d379
0000014a7bc8c019
0000014aa0e880f9
0000014aa59cee79
0000014ab9599b19
0000014b365bb779
0000014b529fc239
0000014c2497b939
0000014c8ea47639
0000014c8f97d939
0000014d34a5c779
0000029aa55b0461
00000000026c6071
0000000000000181
0000014d710ea3d9
0000014dd4a9eb79
0000014dfac28399
0000014dfebf46f9
0000014eb3a3a5d9
0000014f1adf3799
0000015077d34919
00000150b4b2a019
00000150d775d9d9
0000015279de35b9
00000153923e9939
00000154cbb94999
00000155313b71f9
000001556f9f05d9
0000015582590719
00000155ec7902b9
000002ad45c5b261
00000000026c6071
0000000000000181
00000156f683a139
00000157f8bba619
00000158137f4999
00000159f2e3ce39
0000015a95533c39
0000015ae5895ed9
0000015bbc2507d9
0000015bc3316ff9
0000015c2bc15779
0000015c5180b199
0000015c89f27839
0000015c9bd587f9
0000015d04912119
0000015d077c5299
0000015d75f21af9
0000015e1bbf6279
0000015e61bb71d9
0000015f03335439
000002bfe6305f61
00000000026c6071
0000000000000181
0000015ff33368f9
00000160a399a699
00000162588ed1d9
00000162cde40f39
00000163ba283019
0000016456d82fd9
000001653aa45a59
00000165408205d9
00000165db95ad59
00000166a4d91d39
00000167ab950a39
00000167c8c2b4b9
000002d2869b0c61
00000000026c6071
0000000000000181
0000016966354ab9
00000169f9571e99
0000016b0add0a79
0000016b8dddf279
0000016bd82889b9
0000016bd850cad9
0000016c0d6d7939
0000016c2d8f0d19
0000016c469d8a59
0000016c84297f39
0000016cb6754e99
0000016cb7e88e99
0000016cba385bd9
0000016d1a15e6d9
0000016d43537199
0000016d69725f39
0000016d79bc3659
0000016ee9316f59
0000016f6eccea59
0000016f94b0f219
0000016ff144eeb9
00000170c0da0f99
00000170ed3649f9
00000170f77e4979
0000017133e126b9
00000171e90887d9
0000017215d62079
00000172264dc6b9
0000017240d0b519
000002e52705ba61
00000000026c6071
0000000000000181
00000172e9d2f4b9
000001730c5b5e99
0000017376b74719
0000017416386879
00000174b80b2ad9
0000017705a49859
00000177eb50a419
0000017934e723d9
0000017b1bbb7659
000002f7c7706761
00000000026c6071
0000000000000181
0000017c328fe979
0000017d1b4ff7d9
0000017dada73979
0000017dd0ff8059
0000017e77f12459
0000017f53e451d9
0000017fe1d07399
0000017ffb4299b9
00000180c673def9
00000180c83d7199
00000180c9511819
000001815fc41c19
00000184c1e34499
00000184ebe44219
0000018518af8af9
0000030a67db1561
00000000026c6071
0000000000000181
00000186304b6219
000001870d844d19
0000018730f16339
000001878e749e19
0000018794805719
00000188c374e9d9
00000188ef004f79
000001894b3dee39
0000018adcfc6a59
0000018ae365c2b9
0000018afc361cb9
0000018b1d289859
0000018bac184f79
0000018beae2cbf9
0000018ca1c48f99
0000018cdb2c5ff9
0000018d0e508939
0000018db1c7dbb9
0000018dc2e72f59
0000018dc5592039
0000018e6e3a33b9
0000018e7f4f84d9
0000031d0845c261
00000000026c6071
0000000000000181
0000018f4d48c839
000001903ffe2bd9
00000192bbffdcb9
0000019333a07899
0000019381f59879
00000193be4a2ef9
00000194b4763359
00000194f75f68d9
000001952933f579
000001954e7aec79
00000195827b04f9
000001961fd4a3b9
000001966be57439
00000196b0cbadd9
00000196f650e019
0000019748166d19
000001975808beb9
0000032fa8b06f61
00000000026c6071
0000000000000181
000001989f409399
00000198a5f24959
00000199c759c3f9
00000199d04ef639
0000019bc6a4d819
0000019d1d0a58f9
0000019d20142319
0000019e00b1e679
0000019e28056619
0000019e484ae679
0000019ea2e1fdd9
0000019f17f20dd9
000001a0e804e4b9
00000342491b1d61
00000000026c6071
0000000000000181
000001a1d2c69879
000001a1eab27419
000001a1ec47a579
000001a2319772b9
000001a2c26d6a99
000001a2df728919
000001a3291a3bf9
000001a3794eb1d9
000001a3f58ea439
000001a3f87ae619
000001a49027ab79
000001a4ffd3aab9
000001a59147d179
000001a6a66e8a99
000001a76749fad9
000001a88c203179
000001a93b155379
000001a9fc62f2b9
00000354e985ca61
00000000026c6071
0000000000000181
000001ab78268999
000001acafcb2359
000001ad68f33f99
000001ade86eb6b9
000001adf4c028f9
000001adf69ffa99
000001ae02797a99
000001ae21e51319
000001ae26a7f219
000001ae5ac2e019
000001aec44ae8f9
000001aefff820d9
000001b0a98286d9
000001b23ee8de59
000001b311c737b9
000001b343ca9b59
0000036789f07861
00000000026c6071
0000000000000181
000001b4787a2c79
000001b4891d1679
000001b51aae6a79
000001b551f43cb9
000001b55cd04619
000001b5aa412c59
000001b5b097f319
000001b65eb06439
000001b68514bff9
000001b68c317359
000001b6c33d3c59
000001b6d88c6f59
000001b6eaeee139
000001b778266dd9
000001b826501159
000001b902dfa819
000001b92778da99
000001b9518a63f9
000001b9c0c219f9
000001b9e6d6fa79
000001ba18fec7b9
000001ba6ab0ebf9
000001bbc979e2f9
000001bc10e1b4f9
000001bc3aae2779
000001bcbe5ba599
000001bcfb1a3ed9
0000037a2a5b2561
00000000026c6071
0000000000000181
000001bd286fc3f9
000001bd2bdfed19
000001bd45122499
000001bd4c82fad9
000001bd6f087a59
000001bd731cfdb9
000001be039b90b9
000001be04f4f819
000001be3e36af79
000001bf434122d9
000001bf9ed65a59
000001bfb2e4ee39
000001c069da3db9
000001c0944a1779
000001c13164f499
000001c131cd27b9
000001c1672d9299
000001c197bfe299
000001c282024df9
000001c291943779
000001c29c4aa959
000001c3ced50c99
000001c48c4d9b59
000001c5880f3519
000001c59f471819
000001c62f14fa99
0000038ccac5d361
00000000026c6071
0000000000000181
000001c72ecc3e59
000001c7761dc499
000001c84b9092b9
000001c8b58ad099
000001c97fe594b9
000001c9cd1637f9
000001ca3113db39
000001cbe4fbd019
000001cc63b54fd9
000001cc7e5fefb9
000001ccbc98b8b9
000001ce379fbf19
000001ce3a19d059
000001ce4ba490d9
000001ce81db1fb9
000001cec0073919
000001cf5a0280b9
000001cf719b5719
000001cfa84e3799
0000039f6b308061
00000000026c6071
0000000000000181
000001d2322ad639
000001d3666100b9
000001d4662dfbd9
000001d751df4379
000001d7e2b5d159
000001d87c58bb79
000003b20b9b2e61
00000000026c6071
0000000000000181
000001d93014a9f9
000001da10cc94b9
000001da19e6fd79
000001da7ed5ab19
000001db52e178f9
000001db9ba5f239
000001dbb9ea15f9
000001dc2965e039
000001dd09641d59
000001dda2e10f99
000001de80d3de99
000001df6b634c99
000001df8ce34c59
000001dfb29b76f9
000001dfd45ed339
000001e0211e3119
000001e05fe67f79
000001e0b2d17b19
000001e0e6498039
000001e0e8ca52f9
000001e2495cdc59
000003c4ac05db61
00000000026c6071
0000000000000181
000001e2fceb5bf9
000001e48c566539
000001e499eefa59
000001e6268c3f79
000001e6eb9a0bd9
000001e7dfc7d2f9
000001e937b0e839
000001ea283b5779
000001ea485fa379
000001ea7a452879
000001ea9cafa419
000001eb8cbbcdf9
000003d74c708961
00000000026c6071
0000000000000181
000001ec0a0f1159
000001ec63c791d9
000001ec8caa7579
000001ecfe476119
000001ed3e4cc679
000001edbc60bc79
000001ee6545da59
000001eeb75bde59
000001eef3657939
000001efb3b148b9
000001efb89b9f39
000001f002df3fd9
000001f02ef6f199
000001f074ee6a59
000001f0d400a299
000001f218127c79
000001f32a296c99
000001f3bf2a5459
000001f410f29159
000003e9ecdb3661
00000000026c6071
0000000000000181
000001f65822b999
000001f74f663419
000001f7b873af39
000001f86da72899
000001fa082bb4f9
000001fa88816af9
000001fa8f135619
000001fa9dc9f519
000001fb61132039
000001fbb9a2e459
000001fbd31c0b19
000001fde3ae6cb9
000001fe2c744cb9
000003fc8d45e461
00000000026c6071
0000000000000181
000001fe554c3679
000001fecce9b7b9
000001feeab4dcd9
000001ff026d4cf9
00000200b6e8cb99
00000200de28d979
000002015f3ab919
0000020359ad8db9
000002037cd92839
00000203be604559
00000203e55522b9
0000020545a4da19
0000020562085079
0000020577288299
00000205ff0543f9
000002066602d919
00000206cd8388d9
00000206d336da99
000002076f568c79
0000040f2db09161
00000000026c6071
0000000000000181
000002089c5c3cf9
00000209a67b9ad9
00000209bb496fd9
00000209e313c379
0000020ab27c00d9
0000020acb2d5959
0000020bf6e74679
0000020c63d6e8b9
0000020c70ea99f9
0000020c710206f9
0000020cc18da299
0000020d5be6b379
0000020d8aaee8d9
0000020dcb6f6999
0000020eb45367f9
0000020f490bf0f9
0000020fd8ebcd19
0000021021b869f9
00000421ce1b3f61
00000000026c6071
0000000000000181
000002123797e939
0000021241033d59
00000213f3e05dd9
000002141432e3d9
000002144d9902b9
00000214ad3faa39
000002150f25d139
00000216a75f6fd9
000002174217d599
000002176b0b1b59
00000218ec7ddbd9
000002191fdd1519
00000219458e0d59
00000219628e53d9
00000219c623e5f9
00000219cec86299
00000219e36ae559
000004346e85ed61
00000000026c6071
0000000000000181
0000021a937fea79
0000021ba14b0c79
0000021cb40d7919
0000021e0b4c4939
000002202da8ffb9
0000022050591c19
0000022063e3dcf9
00000220ec7d6359
00000220eeb023d9
000002216182c479
00000221a0be7af9
000002232359ecf9
00000223235a03f9
000004470ef09a61
00000000026c6071
0000000000000181
000002239b9119f9
00000223cd8c74d9
00000224660937b9
00000225536b9819
00000225d4f21179
0000022629a8c519
00000226f08c7159
000002281f73cf19
000002293d630cd9
0000022946f65379
000002297404caf9
0000022a0758bb99
0000022a49f99a79
0000022a7da58cb9
0000022bd8976e79
0000022bfa738379
0000022c7bef6939
00000459af5b4861
00000000026c6071
0000000000000181
0000022dd0920a79
0000022e32d1c1f9
00000230e23819f9
0000023105c9b619
00000233611e2679
000002339165d599
000002339165ea59
00000233d6e08dd9
0000023468a4c839
00000234f02f3939
0000023596405479
0000046c4fc5f561
00000000026c6071
0000000000000181
00000236c9641959
00000236fbb863d9
000002373b2459b9
00000239515957f9
0000023a3ef4ccd9
0000023ab7109e79
0000023b0ba577d9
0000023b41ca9bd9
0000023b4a488e99
0000023ca1bb42f9
0000023cb597e939
0000023df2a0c499
0000023dfa754099
0000023e595a15d9
0000023e5e810a19
0000023ea4310099
0000023ec4934b99
0000023f45ad0859
0000023f72a9f079
0000023f75d5a2d9
0000047ef030a361
00000000026c6071
0000000000000181
0000023facd52639
0000024077283639
000002407f7163f9
00000240ee9b3999
00000241dbbeab19
00000241e9b721b9
00000242419e6e59
0000024299127739
000002435735e819
000002437cb6a839
00000243918a91d9
00000244eae31319
00000244fdb3e079
00000246d2e1d5b9
00000247f03410b9
000002481d03b2b9
00000248497c53d9
000002486067df59
00000491909b5161
00000000026c6071
0000000000000181
0000024a07b95199
0000024ae0276819
0000024b8301dd59
0000024bdd575c59
0000024c07e629d9
0000024c3ae0a759
0000024d606d3539
0000024e2ce491d9
0000024e4220dc99
0000024e8eb00259
0000024fcca929b9
0000025023cfe879
00000250784da779
000002511e117899
000004a43105fe61
00000000026c6071
0000000000000181
0000025248855f59
00000252bc87bd79
0000025332f5e679
0000025344133cb9
000002545c026df9
000002548541b559
000002551187b919
0000025534d31039
000002555310fb39
000002565654ca59
000002567de68279
00000259566a61b9
0000025a2a2c9f39
0000025aa6de5999
0000025ab2016c59
0000025adfa51f79
0000025ae99fbc99
0000025b20730c59
000004b6d170ac61
00000000026c6071
0000000000000181
0000025baf167a59
0000025beed16879
0000025bff2b98f9
0000025c06af3459
0000025c353f8ef9
0000025c871f4d99
0000025d055bad99
0000025de9a0dc39
0000025defde2f79
0000025e90e2afb9
0000025fbab9a139
0000025fe05a9ef9
0000025ff9761719
000002604ba96bd9
000002607769b999
000002609c27cf59
00000261ccd6c7d9
00000261ff988f19
00000262d1a524f9
0000026347045939
00000263fbe889f9
00000263fff59499
000004c971db5961
00000000026c6071
0000000000000181
00000265641e7f99
00000265fefcc979
0000026694c7eaf9
00000267b7ace179
00000267b7ace2f9
00000268702c4cb9
00000268e7d7b4f9
0000026ac4e22759
0000026d14bcf539
0000026d308e5a99
0000026d8c1752b9
000004dc12460761
00000000026c6071
0000000000000181
0000026e12c147d9
0000026e82ff0119
0000026ef1376199
0000026f66264e19
0000026fa737c139
0000026fea2a18d9
0000027051b835d9
00000270a16d7f19
00000271fa3e2119
00000273d4bfbb99
0000027401ffd539
0000027440e67f39
000002747d63c3d9
000002750bd91959
0000027662b81119
000002769176f0d9
00000276975a5d79
000004eeb2b0b561
00000000026c6071
0000000000000181
0000027771fb7419
000002778dc63a99
000002790c150fb9
000002793c197019
00000279e2304679
0000027a22c7acf9
0000027a46d01f59
0000027a698cb299
0000027b7187fb79
0000027bbe2a9819
0000027bc81c38d9
0000027bdb564959
0000027c91c16999
0000027c948b6ef9
0000027cf10ed779
0000027d2f4f9dd9
0000027dbcaadb39
0000027df1519919
0000027df8fc6d79
0000027eb28c7799
0000027f3cc61bb9
0000027fc5009439
0000027fe06ffff9
0000028047893039
00000501531b6261
00000000026c6071
0000000000000181
000002812f804899
0000028168da5939
00000281a2ab29f9
00000281eab64619
00000282ad95ea79
00000282efe9a5b9
00000282f3bdefb9
00000284a5c0ea79
000002859ba229b9
00000285cadd29d9
000002869e419d39
00000287535b12d9
00000287cef0b0d9
00000287eec54619
00000288177ca6f9
000002881bf34b39
000002888c3c87d9
00000288d13ebe19
0000028925d15699
0000028986ab3019
00000289e3e7d279
00000289e6ab5d99
00000513f3861061
00000000026c6071
0000000000000181
0000028a79ac5c39
0000028c65cf2979
0000028d59ec1119
0000028d69200199
0000028da5574519
0000028e217a7599
0000028f8686c059
0000028fdca3be99
0000029119761c79
0000029127d11859
000002912d401419
00000291543a6ff9
0000029190c89559
00000292cde21159
00000293329319b9
00000293479e2339
0000052693f0bd61
00000000026c6071
0000000000000181
00000294ba98a759
00000295ffd22c79
0000029611fe75f9
000002974b401459
000002979ba74319
0000029845904919
00000298ac1173b9
00000298bca50019
000002990bf9f139
000002991efdc4b9
000002992d63a379
00000299728d9999
0000029a1f793079
0000029b62c74739
00000539345b6b61
00000000026c6071
0000000000000181
0000029ca8114db9
0000029db4536ed9
0000029dcdc13099
0000029eae0e3c59
0000029f00e35a19
0000029f00fa8339
0000029f9e4c2399
000002a0766a0139
000002a0d02f1ff9
000002a1e5deb399
000002a1f6a86399
000002a216a6db59
000002a35d8648d9
000002a3d4a7d5f9
000002a3d9088fb9
000002a3e4d4ac59
000002a422b63579
000002a4335c76b9
000002a483d3cd79
0000054bd4c61861
00000000026c6071
0000000000000181
000002a67ebe3e19
000002a7dc9cf7d9
000002a7ef5b7fd9
000002a8760d4139
000002a8c2eb0cb9
000002aaea9e1d19
000002ac14477579
000002ad4c60f439
000002ae2d9386f9
000002ae85b96039
0000055e7530c661
00000000026c6071
0000000000000181
000002b07ce01179
000002b0b77c4ad9
000002b0bdd207d9
000002b2c7fe2cb9
000002b2c97aae79
000002b3df408cd9
000002b4c40da679
000002b4c8160899
000002b5045e6359
000002b6085d5c99
000002b6d88e2039
000002b6d88e3b19
000002b706d46479
000002b7459aa479
000002b7503839b9
000002b785061699
000002b84f9c4079
000002b85e6223d9
00000571159b7461
00000000026c6071
0000000000000181
000002b8997d33f9
000002ba35b36a59
000002ba44dc6039
000002baa5b979d9
000002bc1d0b9539
000002bc29ca28b9
000002bcab54e019
000002bd1422d1d9
000002bd46c856d9
000002be0f464719
000002be1dd37d39
000002be5a31b0f9
000002beb9a65a99
000002bfc55396b9
000002bff25d84d9
000002c05d8f4639
000002c063a5d8d9
000002c096d0b739
000002c0f772c2f9
000002c1492e1799
000002c19eeb7b59
00000583b6062161
00000000026c6071
0000000000000181
000002c1df3c33f9
000002c34dfca339
000002c3aaeebf39
000002c41652bc79
000002c4322b3cd9
000002c44992ff99
000002c4542eb6b9
000002c5197c6919
000002c549e692d9
000002c5e9dd9839
000002c63127be19
000002c697e9ce99
000002c9153147d9
000002c93b4a96b9
000002c9b78f1a39
000002c9db1b5759
000002ca1aa526d9
000005965670cf61
00000000026c6071
0000000000000181
000002cb49734879
000002ccfa5f5859
000002cd98118d99
000002ce1201b4d9
000002ce75990f39
000002cf122f6959
000002cf53b2bef9
000002d02d7bf379
000002d113aa0ff9
000002d1155490b9
000002d1b4be4219
000002d210bbc3b9
000002d2e4f92139
000002d3f254db59
000002d404807219
000002d46d267699
000005a8f6db7c61
00000000026c6071
0000000000000181
000002d4a5d11d79
000002d55fe431d9
000002d6124d0239
000002d6a3afc679
000002d7982fd099
000002d829df9999
000002d8c32fd579
000002d8ea3850d9
000002d8f8f40099
000002d9104f52f9
000002d94b0b7b59
000002d954980199
000002dae4a28239
000002db0a785ad9
000002dc264b1c79
000002dcd692a999
000002dceb4da059
000002dd1c323e19
000002ddae507519
000005bb97462a61
00000000026c6071
0000000000000181
000002deea410a19
000002df5bb88d79
000002e08601a479
000002e0ee73a3f9
000002e249cb64d9
000002e2af4a22b9
000002e3b2bfead9
000002e46a45bc99
000002e596627779
000002e5a6aefc19
000002e5b2346b39
000002e62dd22499
000005ce37b0d761
00000000026c6071
0000000000000181
000002e73b09e7d9
000002e7593f2739
000002e85626d9f9
000002e8fa975319
000002e94eb57a19
000002e963aa2759
000002ea6c183d19
000002eb8ca6a299
000002eba4dccad9
000002ec0e917e99
000002ec85b6d9d9
000002ec9634c759
000002ecb72fe759
000002ed13798999
000002edc50f83d9
000002edca8f87b9
000002ef8a37ad59
000002ef95f454f9
000005e0d81b8561
00000000026c6071
0000000000000181
000002f088d26d19
000002f1424245f9
000002f1cd91ea99
000002f218c739b9
000002f3d2ccfb79
000002f4c87e6439
000002f59822efb9
000002f717b5db39
000002f77e298099
000002f8e798e799
000002f93c274019
000005f378863361
00000000026c6071
0000000000000181
000002f9fd113d79
000002fa2bb32299
000002fa367671f9
000002fb879a0599
000002fd45e2ce79
000002fd5d35f519
000002fdaaae7b39
000002fdca9b0c59
000002fdfbd7fb39
000002fed39f41d9
000002fff88dbf99
000003005d5d7e79
0000030098c13859
0000030183e85899
000003023b844119
00000302d8aced39
00000302ff713f79
0000060618f0e061
00000000026c6071
0000000000000181
00000303541bd7b9
00000303a2571d19
0000030467a810d9
0000030594be0819
00000305a15df379
00000306359f68f9
000003069d90c1d9
000003088cfb7c59
00000308d7a53659
00000308d7a55a39
00000308ec1f4419
00000309a8981399
00000309e76aadb9
0000030a893044f9
0000030b29a178b9
0000030b2c1b6a59
0000030b6e0290b9
0000030b9a1a60b9
0000030bc792e8d9
0000030bdd39a719
00000618b95b8e61
00000000026c6071
0000000000000181
0000030e5de210d9
0000030eaef4b2d9
0000030f460423f9
00000313c334dd39
00000313f37fdf79
0000031478681cb9
00000315206d2db9
0000031562637eb9
0000062b59c63c61
00000000026c6071
0000000000000181
00000316162b08b9
00000316aea2bd59
000003185d823399
0000031867208139
00000318bccf2c99
00000318f6f1d0d9
000003196d1a5f99
0000031a4de35ed9
0000031aff5a3df9
0000031b1f9ab0f9
0000031c089a9499
0000031c12cefe79
0000031c586906b9
0000031c8018ef59
0000031cf33768d9
0000031d51d378b9
0000031d6284b9d9
0000031d934f1479
0000031de0cae239
0000031e02bcb699
0000031e61d86c59
0000031eb73e38d9
0000063dfa30e961
00000000026c6071
0000000000000181
0000031f532359f9
0000031f5b7443f9
0000031f7e755fb9
0000031fcfcee599
00000320413c1b79
000003218ce7b799
0000032230cfcbd9
00000323b63ad379
0000032614c80279
0000032621e94a79
0000032662092c59
000003266336b5b9
00000326f00efef9
0000032780e3b899
00000327ee651bd9
000006509a9b9761
00000000026c6071
0000000000000181
00000328ee253139
00000328fa129759
000003296cf70c19
00000329f025b439
00000329f025c9b9
0000032bcab502b9
0000032c5deac539
0000032d7ce65779
0000032f0144dfd9
000003301d23dd99
00000330669e0dd9
00000330abf8bdb9
00000330fac51c99
000006633b064561
00000000026c6071
0000000000000181
00000331c60b58d9
00000332fdf74c59
0000033330831379
00000333c510a439
0000033599374cf9
0000033633813ef9
00000337f1354ef9
000003392470d779
000003395c0ff0f9
0000033994e014f9
0000033aae23e2f9
0000033ac5febf59
0000033ae439f0d9
00000675db70f261
00000000026c6071
0000000000000181
0000033b48318d19
0000033bb924ccd9
0000033bc8d42e39
0000033c7bed5259
0000033e150b7bd9
00000341ceccd9b9
0000034295fa4299
000003435d1c1739
00000343bff8e659
000006887bdba061
00000000026c6071
0000000000000181
000003447d420c19
00000345f5f6b3f9
00000346c94c20b9
000003473c60c9d9
000003474c29f399
00000347ee2e3579
000003482b20f299
0000034860619399
000003488b1fc5f9
00000348c31005b9
0000034900e42b19
0000034904dc7539
0000034a37a03e79
0000034b8a0f0599
0000034c152e0779
0000034c6478a9f9
0000069b1c464e61
00000000026c6071
0000000000000181
0000034e4d14a819
0000034e5f33c4f9
0000034fad802d39
00000350012a08b9
00000350144d29d9
0000035040f5de79
00000350fafbddf9
0000035156601879
00000351c07de939
00000351c21c5499
00000352c42c35d9
00000352d97ad199
00000353520b4499
000003546623f079
000003546623fc79
0000035503a88e39
000003553726c0d9
000003557ae6db79
00000355e4319719
000003567c576339
00000356a9e4f4d9
000006adbcb0fb61
00000000026c6071
0000000000000181
00000356f5a960d9
0000035748a0f679
0000035753e07ef9
000003575d1d6fd9
0000035764b07279
0000035783893399
000003583b75d2d9
00000358adafb5b9
00000358bdc9f379
00000359fdb05c19
0000035c0650def9
0000035c2ac140b9
0000035c324122f9
0000035c3c67e779
0000035c9c194879
0000035caf313f19
0000035cd7bd5db9
0000035d7b8f6999
0000035de0bd1739
0000035df53234d9
0000035ebad31bb9
0000035ed5baddf9
0000035f507eeeb9
000003600e84e919
000003602b314cd9
000006c05d1ba961
00000000026c6071
0000000000000181
00000360edd11cd9
000003622920e959
00000362591123d9
000003629fa005b9
00000363ebd9cf99
00000364099cc959
0000036505b0ad39
0000036554e10ad9
00000365fc2b2b39
00000366636dd099
000003669b443979
0000036782ee7079
00000367e65c0e59
000003688ce7edb9
00000368fbfa00b9
000006d2fd865661
00000000026c6071
0000000000000181
0000036a2f12f6f9
0000036ab6123a79
0000036ad78c7839
0000036b811595d9
0000036c218bf539
0000036c7dc19939
0000036ebd913419
0000036f2d87df39
0000036f6f5b4659
0000036f8a005819
0000036ff6bd35b9
0000037026c33a19
000003707823b319
0000037183305819
00000371e7667dd9
000003721f2e69d9
000006e59df10461
00000000026c6071
0000000000000181
0000037350e42319
0000037371f650b9
000003740bb9a799
00000374541bf2b9
0000037454325d79
00000374575edfb9
0000037484b11339
0000037515bfe039
000003757ca44dd9
00000375b6fe7d19
00000375bf5e8659
00000375e9667779
00000376aa8b4fb9
0000037731c5a539
000003775874c719
000003779f6d5bb9
00000378473f6099
00000378691b8179
00000378710a2299
00000379777807d9
00000379b5176659
0000037a556747b9
0000037a85cab4d9
000006f83e5bb261
00000000026c6071
0000000000000181
0000037c37115b59
0000037cd4c35639
0000037d91842339
0000037dcabef579
0000037e0cf45f99
0000037e1ffce199
0000037f4f2a64b9
00000380df87ceb9
0000038108353499
00000382cb218e19
000003834508f1b9
000003835dc9e5d9
00000383c20ea419
0000038453f08739
00000384a0d412d9
00000384bf0925d9
00000384d2941099
000003851143fd59
0000070adec65f61
00000000026c6071
0000000000000181
00000385e511b379
00000385eccf8839
0000038604586e59
000003872399fad9
0000038a1a78b5f9
0000038a79e68ab9
0000038b2b8e79d9
0000038b58455fb9
0000038b8e9f3b59
0000038c427b8159
0000038c5b531779
0000038dffdae939
0000038e32a93579
0000038e3b26f6d9
0000038eb2ae6d19
0000071d7f310d61
00000000026c6071
0000000000000181
0000038ef1787539
0000038fd2c26e79
000003901998c979
00000392a6a0d059
0000039346c8dd19
00000393650675d9
00000393b422bc19
00000393c1dae7f9
00000394d4a26939
00000396b3f74bb9
00000397b502b119
00000397e26c51d9
00000397fa90f439
000007301f9bbb61
00000000026c6071
0000000000000181
00000398421440f9
00000398e14f40b9
00000398eb74c619
00000398f02cffd9
000003994c61cf79
00000399ab7a2939
00000399d4cc2e79
00000399ea6dc359
0000039a3af575d9
0000039a8196caf9
0000039c14b69719
0000039cc52ebab9
0000039cf0a0ced9
0000039d8e45f559
0000039e0828e259
0000039e2bee1eb9
0000039f329525b9
000003a035dae779
000003a12b63dd79
00000742c0066961
00000000026c6071
0000000000000181
000003a19f24a3f9
000003a1d1489ed9
000003a260274dd9
000003a2aab23a59
000003a34c58b239
000003a35e444659
000003a50e6c6dd9
000003a5ed97ced9
000003a6ee6240d9
000003a8da6eb299
000003a96ea6f159
000003aa3162cc19
0000075560711761
00000000026c6071
0000000000000181
000003aaf9e08cf9
000003ab0619f359
000003ab21cc9219
000003ab7bc2eb99
000003aba0c75dd9
000003aca84dc519
000003acbe7029f9
000003ad86afa6d9
000003adb2473119
000003ae11e80499
000003aea5a42e59
000003aeee3a5b19
000003aef6cbbc99
000003af591d07d9
000003afa8fd9ab9
000003afba8e5d19
000003afcf9f1099
000003aff7e548b9
000003b05e091039
000003b076539f99
000003b1359164f9
000003b135aa93d9
000003b189f8e1d9
000003b225ac6fd9
000003b3984f51b9
0000076800dbc461
00000000026c6071
0000000000000181
000003b40df9e159
000003b484895519
000003b67ff38919
000003b68a4dda79
000003b765f0c659
000003b7c8b25b79
000003b815a08c59
000003b83039d659
000003b863ced179
000003b972c1b759
000003ba38ea5db9
000003ba48311df9
000003bb0ab87499
000003bc683112f9
000003bcc6e9bf79
0000077aa1467261
00000000026c6071
0000000000000181
000003bd64b72819
000003bf9e092b99
000003c07767cc99
000003c0917d2059
000003c0ea0fbb79
000003c0f21a6559
000003c23881b999
000003c3107add39
000003c3452e4979
000003c3b0950079
000003c49deab0d9
000003c4cd9210b9
000003c540d139b9
000003c548d4da19
000003c5e74e3f99
000003c619a73e59
000003c630c34199
000003c694715559
0000078d41b12061
00000000026c6071
0000000000000181
000003c6cd9aaeb9
000003c6d583a759
000003c734d68999
000003c76137a219
000003c86d845a99
000003c8ad9a77b9
000003c95329a819
000003ca30f2ff79
000003ca473a56f9
000003caa5ca3679
000003cab61ad219
000003cc91c76cb9
000003ce211a91b9
000003ceb2480bb9
000003ceeb16f2b9
000003ceed2e4159
000003cf335e6039
000003cf41b7e559
0000079fe21bce61
00000000026c6071
0000000000000181
000003d04ef3fc39
000003d04ff90719
000003d064cc71d9
000003d139c87019
000003d1e1b28339
000003d3bb16afd9
000003d3cc917c99
000003d4345cd359
000003d44ddd1b79
000003d5463defb9
000003d56ca5a479
000003d706b86df9
000003d7304ac539
000003d731354039
000003d75c78dbd9
000003d7aca9c6b9
000003d7b758ae39
000003d8b05c4419
000003d8bf5ca899
000007b282867c61
00000000026c6071
0000000000000181
000003d959a6c779
000003da1a5d7b99
000003db3d67c939
000003dbd4c795f9
000003dc3cb690b9
000003dc4429bed9
000003dcca14ce99
000003de84c12399
000003df1b8f93b9
000003df3ed47139
000003e0f9a211b9
000003e1c0f1ced9
000003e28d8f3af9
000007c522f12a61
00000000026c6071
0000000000000181
000003e2b668e8b9
000003e2dec05c99
000003e386d43559
000003e38e7ce619
000003e4605032b9
000003e4605046f9
000003e559936379
000003e638211939
000003e6fc278d19
000003e8899dd759
000003e938df5119
000003eb3fe7c599
000003ebaff402d9
000007d7c35bd861
00000000026c6071
0000000000000181
000003ebf58e76d9
000003ec65e5fed9
000003ecad3ef019
000003ecc2dcd9d9
000003ee992f3c99
000003eed96e9499
000003ef28a09cd9
000003ef3c26ddf9
000003ef6e708cf9
000003ef97a28139
000003efef14d899
000003f031dc6e99
000003f082fa1e79
000003f18ce96239
000003f1efcaeff9
000003f25ac34e59
000003f28a059079
000003f2c8c760d9
000003f3a94730b9
000003f49872bf39
000003f4e943dd59
000007ea63c68561
00000000026c6071
0000000000000181
000003f83bdb79f9
000003f86b4ed039
000003f930d79559
000003fc06557639
000003fc28e3e759
000003fc7ae531f9
000007fd04313361
00000000026c6071
0000000000000181
000003ff2cec5799
000003ff4e330f59
000003ff67667739
000003ff733a4719
0000040018ff36f9
000004003ffc1419
00000401026277d9
000004011ac9d779
00000403a60f95b9
00000403cc7bdad9
000004055be57cd9
000004063e2dea59
00000406645a2f19
000004066f1d2bb9
00000406b09637f9
0000080fa49be161
00000000026c6071
0000000000000181
00000408226fcd79
00000408545e2279
00000408df1c5999
000004090f3e4319
000004096cc176d9
000004099ec1be99
00000409a2dc83f9
0000040a1c5cef39
0000040ab04bedb9
0000040acfca4019
0000040bbbced539
0000040c7162ed19
0000040cce97dbb9
0000040e09399f19
0000040e66c36719
0000040e859b57f9
0000040eb95e4bf9
0000040eccfe4ab9
0000040f7a94ead9
0000040f8cb80119
0000040fe35ecff9
0000040ff9a916b9
000004100f4bd7b9
0000041106b0ab19
0000082245068f61
00000000026c6071
0000000000000181
0000041196641739
000004128e7d3bf9
000004134b834e39
00000413e0782439
0000041402132939
00000416166c3659
0000041640392099
00000416c9281879
0000041740163fb9
000004183601c3b9
00000418f9a40df9
00000419334ced79
000004194bfb47d9
00000419cd019139
0000041a1f6912d9
00000834e5713d61
00000000026c6071
0000000000000181
0000041b18973d99
0000041bb0b79cf9
0000041bfa4eaa59
0000041c581d9bf9
0000041c8f77f999
0000041cc3f93339
0000041d6ed3e799
0000041e4565f7f9
0000041f4e2c7499
0000041fe3afee79
00000420316b9259
00000420f71b6a59
000004219bf02c39
0000042254ef4299
00000422d3a75199
000004233c70f2b9
0000084785dbeb61
00000000026c6071
0000000000000181
0000042448f8eb19
00000424773076b9
0000042698b36cb9
0000042759d94ef9
00000427e4e946d9
00000427ebc9f8f9
0000042984f0bbd9
0000042aba669159
0000042b0ebbdfb9
0000042b462c3e99
0000042b989c4e59
0000042bdc95f579
0000042c13c7cdf9
0000042c1c7da1d9
0000042c82700e59
0000042cb3185439
0000042cd3152719
0000042ce1d61299
0000042cf6c63ab9
0000085a26469961
00000000026c6071
0000000000000181
0000042f202d4359
0000042f68226bd9
0000042f6cc161f9
0000043081182279
00000430ab244d19
00000430bc3eb819
00000431a8b25819
00000431b03b4059
00000433478b74f9
0000043358e7e339
000004348a072699
00000434efcccd99
0000043572f83539
0000086cc6b14761
00000000026c6071
0000000000000181
00000437f934f1d9
00000437fd1d3df9
0000043a40c0a8f9
0000043a516efc99
0000043b409ab319
0000043b74e36259
0000043bc297da79
0000043bd3ebb459
0000043c090a5859
0000043c9c9979d9
0000043e5c935979
0000043ef2162039
0000043efd4c6a59
0000087f671bf561
00000000026c6071
0000000000000181
000004418cdfd8d9
00000441c19a0ff9
00000442f3773519
0000044308b6f3f9
0000044359b3e9f9
0000044393f62cb9
0000044518d7ce99
000004456b601d79
00000445aa038519
00000445cdf2ee99
00000445dbc2be19
0000044644c00ad9
000004469ee9fb59
0000044713da9739
000004478bd3fd99
00000447a7663b79
0000044810733519
000004485f8eff59
0000044885a21459
00000448addaa839
00000448d85cd999
000008920786a361
00000000026c6071
0000000000000181
000004494e814ed9
000004498cb447b9
00000449b9a3f0d9
0000044a82896059
0000044aaf0a8279
0000044bc700bb19
0000044c8a895fd9
0000044d5de3e519
0000044d8579c099
0000044da0531879
0000044ec37e8f19
000004500d5254b9
0000045116cbabf9
0000045116e18119
000008a4a7f15161
00000000026c6071
0000000000000181
000004528c1ce1d9
00000452f9775999
00000453997c3c59
00000453cac1bab9
000004547afa0e19
000004549eba1059
00000454b0754059
000004557d79c2b9
000004559806e019
00000455a2426f59
000004561a7eba99
00000456efa8e359
00000457cd2ad799
000004583e5f49b9
00000458b5404e59
0000045a34c6d7d9
0000045b17d1cb99
0000045b6c45d199
0000045ba11196b9
000008b7485bff61
00000000026c6071
0000000000000181
0000045bf1bbc419
0000045c48040df9
0000045e129de199
0000045e6dc46cd9
0000045edd4266d9
0000045f626e2919
0000045f88e854f9
00000460becae699
0000046204cb5879
0000046274a37af9
00000462aa825859
00000463b1d26f39
00000463ba796fd9
0000046484c5e539
00000464d9b8fa99
00000464ebce0ad9
000008c9e8c6ac61
00000000026c6071
0000000000000181
0000046529820979
0000046545b1ccb9
000004661202c259
00000466d8c9a4b9
000004671df2d5f9
000004675aea26f9
000004682b26cbf9
0000046a89d18a19
0000046b52b49a39
0000046bc9a81119
0000046c13891a59
0000046cd4db5979
0000046d9f279cb9
0000046dab96ad99
0000046db7a12019
0000046de5b04e99
0000046e1c7036f9
000008dc89315a61
00000000026c6071
0000000000000181
0000046ea2152839
0000046eec1d2e99
000004702b36b2d9
00000470ad1b2499
00000470e3bf5eb9
000004710e083859
000004712fbf7eb9
0000047181303ed9
00000471a1528079
0000047209c01a59
000004735e745219
000004736b124199
00000473704a5a79
00000473771e1699
0000047401116f79
00000474d515e579
000004750cc18e19
000004750d915cd9
00000475ad24e519
000008ef299c0861
00000000026c6071
0000000000000181
00000477dc7e1d99
00000477f8694cd9
0000047a296f4059
0000047b024cd3b9
0000047c355c2b19
0000047c3ac49519
0000047c3fd2fc79
0000047ccb21d259
0000047d42c836b9
0000047e08e545d9
0000047e8f3cce59
00000901ca06b661
00000000026c6071
0000000000000181
00000481414ba519
00000482765746d9
000004829b8003f9
00000482dee96f59
00000483996de9b9
0000048404c4ac19
000004842bc55e59
0000048458471159
00000485706f6f19
00000486a34dde39
00000487042de339
000004880b51ab39
000004889823aa39
00000488fb0cb779
000004895f322599
0000048968d7f899
00000489842e2df9
00000489df6926b9
0000048a250c1519
0000048a28c71899
000009146a716361
00000000026c6071
0000000000000181
0000048a9106a959
0000048b53a97959
0000048c12b3f8b9
0000048c2baabd79
0000048c551e7ef9
0000048ec8cdd8f9
0000048ed5895339
0000048f24f40fd9
000004900ddf1879
000004905f5e0ed9
00000490a4bb3bf9
000004919e4609d9
000004923d2eb679
000009270adc1161
00000000026c6071
0000000000000181
00000493d7ade339
00000493e2a33fb9
0000049435430b79
00000494b78e5539
000004950ae65439
00000495348f06d9
00000495777c7b99
0000049626f60b19
000004962e4b3339
00000496b05b9119
0000049812497579
00000498ad6b7d99
000004990631b4f9
00000499a4ce6ef9
00000499a5afbc39
0000049a85d713f9
0000049a8a7ca659
0000049afdf828d9
0000049b5c4398d9
0000049b8cdd2799
0000049c896cd9d9
0000049c8d62c299
00000939ab46bf61
00000000026c6071
0000000000000181
0000049d5c9646d9
0000049d830f6d39
0000049dc6b4dbf9
0000049de86fbb39
0000049efa09d7d9
0000049f667ba719
000004a03bef07f9
000004a077576499
000004a138273979
000004a19d498119
000004a348d59299
000004a3e8459899
0000094c4bb16d61
00000000026c6071
0000000000000181
000004a838fba659
000004a8b19d12f9
000004a91789dd79
000004a9ae0648b9
000004aa7541c619
000004ab26fe5e79
000004ab589ea899
000004ab64776cf9
000004ab9c084a99
000004acb7502f99
000004ace0e92cf9
000004ad0fd9bf59
000004ae3dacc359
000004ae78152a59
000004aefdd78e19
000004af13e1e9f9
0000095eec1c1a61
00000000026c6071
0000000000000181
000004af8b62ae39
000004afc17c50f9
000004b006a09a79
000004b1782b0c19
000004b1d8129099
000004b2be64fe59
000004b2f82086d9
000004b378f890f9
000004b3a0db1cf9
000004b4a5f66199
000004b4df780599
000004b4f1828999
000004b5bff949b9
000004b5e4fe35f9
000004b6ec5ef419
000004b7040588f9
000004b806e0da99
000009718c86c861
00000000026c6071
0000000000000181
000004b8f0149eb9
000004bc44fa0b79
000004bc7ea42079
000004bc808b7499
000004bd836629f9
000004bd97303bb9
000004bda7bddf59
000004bdf54ed3f9
000004be56a7f199
000004be760eeb39
000004bef7e25199
000004bf0dc16959
000004c11d84fd59
000004c1adf17079
000004c1e12b86f9
000004c1f4986ff9
000004c212501f99
000009842cf17561
00000000026c6071
0000000000000181
000004c2841085f9
000004c288e59ad9
000004c45bae9719
000004c477653a39
000004c5aebe8699
000004c651b06d79
000004c7821ef179
000004c791e410f9
000004c7d29bc9b9
000004c86be3bbb9
000004c9504b9fb9
000004c9555e58b9
000004c9ca351939
000004ca4c52feb9
000004cac6b403b9
000004cae7b808d9
00000996cd5c2361
00000000026c6071
0000000000000181
000004cc42a40cb9
000004cc5f7adaf9
000004cc70b8a419
000004cc7e188f79
000004cc93192c59
000004ccc2ab2739
000004cd1dbf7559
000004cd9be772d9
000004cdddff5299
000004ce04a83a39
000004ce7ecf3f99
000004ce8476a559
000004cfcc94a759
000004d15cbda119
000004d162bfa8f9
000004d1c42e0559
000004d2784fc219
000009a96dc6d161
00000000026c6071
0000000000000181
000004d56ae680f9
000004d61d806979
000004d653a5c2f9
000004d68031cbf9
000004d6811a8679
000004d6f8d46839
000004d755a5a939
000004d7c5977b79
000004d888d34219
000004d8b54ec839
000004d8be5fd5d9
000004d8eb41ae19
000004d8fceb8859
000004d9161ff199
000004d936165bb9
000004db8b157319
000004dbe45f8b59
000004dbe92e5219
000004dc9b69ca39
000004dcc154e879
000009bc0e317e61
00000000026c6071
0000000000000181
000004de250b8e19
000004dea6686159
000004dee17c59d9
000004e0966fa319
000004e1f93a1399
000004e23033e159
000004e269f0d4d9
000004e2aa2b1d59
000004e45c4364d9
000004e4714f4059
000004e4bdd30339
000004e5db9e6ab9
000004e74b9cad19
000009ceae9c2c61
00000000026c6071
0000000000000181
000004e76d8e0899
000004e7c2f16ed9
000004e7e99ce979
000004e7f7c19379
000004e835aba4b9
000004e8fd3affb9
000004e987059e19
000004e9bc5b3859
000004e9d25585d9
000004eb896aba39
000004ec1b3735f9
000004ed27428839
000004eddfbb8359
000004edee8b4f99
000004ee117da799
000004ee70294759
000004ee75bcc9d9
000004eeec0fb719
000004efb7422c79
000004f00906e119
000009e14f06d961
00000000026c6071
0000000000000181
000004f1020a0a39
000004f105ccfd99
000004f15c9a4e99
000004f1c596b799
000004f243ca49b9
000004f2d2ff65d9
000004f2d8479999
000004f38d0eaf99
000004f3953eddf9
000004f3aa0c2719
000004f4d766a879
000004f5e1ab8a79
000004f5ee7df719
000004f63c302b59
000004f7033b8579
000004f7401b3439
000004f790303a79
000004f7c721ce59
000004f7ddd7bff9
000004f90192df19
000004f96ab94439
000009f3ef718661
00000000026c6071
0000000000000181
000004fa031dbb59
000004fa1e9590d9
000004fb2180d3d9
000004fb5f359c99
000004fc0377cab9
000004fd33b3e1d9
000004fdf60039d9
000004fe74aa99f9
000004ff98e21a79
00000500b33377b9
000005010bd5e479
0000050122eca019
0000050175443019
00000501a3b49ad9
00000501bbef9339
00000501bd73b259
0000050281ebcdd9
00000503029c6719
00000a068fdc3461
00000000026c6071
0000000000000181
00000503be0bf1f9
00000505346219b9
000005070b2f9b19
000005074afe9639
0000050771844599
00000507aea12919
000005082bb449b9
00000509bc6a8579
0000050a02458c79
0000050ac9c5e099
0000050b9138ac99
0000050ba9611cf9
0000050bda015119
0000050c22b9fed9
00000a193046e161
00000000026c6071
0000000000000181
0000050d0ea07259
0000050dee3fb8d9
0000050dfac417d9
0000050e1f2fe739
0000050ea8ad6379
0000050f7bb332f9
0000051151abd0b9
0000051153b2a839
00000511e6fe4299
00000511e9c281b9
00000511f05a2439
0000051307cb5bd9
00000513126db399
00000513426824b9
000005135b7fc7f9
000005136c5cbe79
00000513793eb419
00000513a864b039
0000051445bc41f9
000005149c1dcdf9
000005150f1184b9
00000515105932d9
00000515b9740299
00000a2bd0b18e61
00000000026c6071
0000000000000181
000005175f7488f9
000005179b799ff9
00000517f8f03259
000005180e425039
00000518170bfab9
0000051873406819
0000051994bcacb9
0000051999e57cb9
00000519fc5b7519
0000051a8ab83059
0000051ad7630a59
0000051c95697c59
0000051cafcce2d9
0000051d495906f9
0000051e01115899
0000051e3b1e1879
0000051f04158bb9
00000a3e711c3c61
00000000026c6071
0000000000000181
0000051f53646779
0000051f7a074b39
0000051fde5a0dd9
0000051ffddb7f19
000005203ff6c719
0000052059f371b9
0000052119275179
0000052189cbea99
000005219fb75039
00000521ea67fdb9
00000523ef49b0b9
00000523f32b4099
000005250cd5f599
0000052519fdcd19
000005263792cb19
00000526e4107059
00000526ffae2e19
000005274ba794f9
00000a511186e961
00000000026c6071
0000000000000181
000005293adb57f9
00000529a1f56879
0000052a5c790f19
0000052a8dc5fa39
0000052aae696959
0000052ba9e67899
0000052c0c2332d9
0000052c61202f79
0000052c614d3219
0000052cb77608f9
0000052cdb66ba39
0000052db3c779b9
0000052ddf4e10b9
0000052e3391a299
0000052e8e309d79
0000052f5cc26c59
000005301a2fc039
00000530a6182dd9
00000a63b1f19661
00000000026c6071
0000000000000181
0000053212f52d99
00000532d969b8b9
000005332847f459
000005334e9d33f9
000005335381ec39
00000533a8fbe0f9
00000533c4d421d9
000005352d250319
000005355ed9b5f9
00000535645eb219
000005357da2af19
000005368d740419
0000053780e23559
00000537dadece39
0000053866f67139
00000538ab00ef59
00000538b209dc19
00000538c846a8d9
00000538d306b699
00000538fc52bdf9
0000053971d87eb9
00000539a02472d9
0000053a47d073d9
0000053a522319d9
0000053aa585ca99
0000053aaff8eb19
0000053ae22fcdf9
00000a76525c4361
00000000026c6071
0000000000000181
0000053b6ded5619
0000053b85e7ee59
0000053b938ae239
0000053b953c4939
0000053d9cd03b59
0000053db41ed219
0000053e70bc8f19
0000053f05277719
0000053f2095a859
0000053fe9771579
000005400f2ec539
00000540883f9d59
000005415bc78c59
000005424b8edcb9
00000542f7c4c1b9
00000a88f2c6f161
00000000026c6071
0000000000000181
00000545418af819
000005459ec75419
0000054618835939
0000054645944fb9
00000546990dd799
000005469959b679
000005477a8b59b9
000005479200c439
00000547dad5d7b9
00000548514a29f9
00000548daf2e139
00000549e4d63919
0000054aa07f7ef9
0000054ac09a7259
0000054af8b56379
0000054c23f3c559
0000054c8d266939
0000054ca81c7959
0000054d1dbf06d9
00000a9b93319e61
00000000026c6071
0000000000000181
0000054e89d8fc39
0000054ef97721b9
0000054fd1a8ea79
0000054fd82e1f59
000005503906c259
0000055073333bb9
0000055098f2f639
000005525df2caf9
0000055398a2ec59
00000553b6d72859
00000553eb9ff919
0000055449ca19f9
000005548c4f3db9
000005552bab5599
000005556325e3b9
000005561368e239
00000556710f2b99
00000556a18c78b9
00000aae339c4b61
00000000026c6071
0000000000000181
00000558b8efb899
00000558f58e5fb9
0000055a33a6d6d9
0000055bee7f38f9
0000055cbdb8d919
0000055e61932b19
0000055e917ba619
0000055f6a72bc39
0000055f8b3af9f9
0000055fe2855999
0000056005c792d9
00000ac0d406f861
00000000026c6071
0000000000000181
000005617de00239
000005617e63c979
000005623728f739
00000562bd9518f9
00000562ec3f0239
00000562f403bd99
000005630487bcd9
00000563f33ff939
0000056504ecc719
000005658a63fbd9
0000056619d63359
0000056622bc6539
0000056684730599
00000566e11393b9
000005670ff6e239
000005674b9dbcb9
000005677b958ff9
00000569389ae1d9
000005696b3628f9
00000ad37471a561
00000000026c6071
0000000000000181
00000569bc3d97d9
0000056aabd3fd19
0000056c6d2f8599
0000056cc02a7b19
0000056cc55e0f59
0000056ce5b503f9
0000056d00cf1199
0000056d520c8879
0000056f9590ceb9
00000570574e8c19
000005709bdc9099
00000570c77651b9
00000571979eb7d9
0000057295313519
000005729f2ebfb9
00000572e3758bb9
00000572e9696939
00000ae614dc5261
00000000026c6071
0000000000000181
000005731e1057b9
000005745ee49c99
00000574729ea859
000005753547e399
0000057586de0119
000005764dd78639
000005765bf831f9
00000576728427f9
00000576a418fa59
00000576da6b6ad9
00000576e2924f19
0000057769f7d439
00000af0e74f2761
00000000026c6071
0000000000000181
