[MCS8 A] 97 FW 3.104 SV 1.257 
range=1024
periods=2
sweepmode=27e20d0
fstchan=0
holdafter=0
streamstatus=3
calreg0=0
calreg1=0
calreg2=0
calreg3=0
swpreset=8000        
prena=1
syncout=0
cycles=18
sequences=1
tagbits=16
vdac0=92c
vdac1=807
vdac2=8c8
vdac3=8c8
vdac4=8c8
vdac5=8c8
vdac6=8c8
vdac7=8c8
timepreset=150.000     
digio=0
digval=0
autoinc=0 
savedata=2 
mpafmt=asc
sephead=0 
fmt=asc
smoothpts=5 
[CHN1]
REPORT-FILE from 06/24/2026 12:51:43.343  written 06/24/2026 12:51:43
cmline0=06/24/2026 12:51:43.343 
cmline1=A1
range=1024
active=1
bitshift=4
cftfak=2580100
evpreset=10          
roimin=0
roimax=1000
caloff=0.800000
calfact=12.800000
calfact2=0
calfact3=0
calunit=nsec
caluse=1 
[CHN2]
REPORT-FILE from  written 06/24/2026 12:51:43
cmline1=A2
range=1024
active=0
bitshift=4
cftfak=2580100
evpreset=10          
roimin=0
roimax=1000
caloff=0.800000
calfact=12.800000
calfact2=0
calfact3=0
calunit=nsec
caluse=1 
[CHN3]
REPORT-FILE from  written 06/24/2026 12:51:43
cmline1=A3
range=1024
active=0
bitshift=4
cftfak=2580100
evpreset=10          
roimin=0
roimax=1000
caloff=0.800000
calfact=12.800000
calfact2=0
calfact3=0
calunit=nsec
caluse=1 
[CHN4]
REPORT-FILE from  written 06/24/2026 12:51:43
cmline1=A4
range=1024
active=0
bitshift=4
cftfak=2580100
evpreset=10          
roimin=0
roimax=1000
caloff=0.800000
calfact=12.800000
calfact2=0
calfact3=0
calunit=nsec
caluse=1 
[CHN5]
REPORT-FILE from  written 06/24/2026 12:51:43
cmline1=A5
range=1024
active=0
bitshift=4
cftfak=2580100
evpreset=10          
roimin=0
roimax=1000
caloff=0.800000
calfact=12.800000
calfact2=0
calfact3=0
calunit=nsec
caluse=1 
[CHN6]
REPORT-FILE from  written 06/24/2026 12:51:43
cmline1=A6
range=1024
active=0
bitshift=4
cftfak=2580100
evpreset=10          
roimin=0
roimax=1000
caloff=0.800000
calfact=12.800000
calfact2=0
calfact3=0
calunit=nsec
caluse=1 
[CHN7]
REPORT-FILE from  written 06/24/2026 12:51:43
cmline1=A7
range=1024
active=0
bitshift=4
cftfak=2580100
evpreset=0           
roimin=0
roimax=1000
caloff=0.800000
calfact=12.800000
calfact2=0
calfact3=0
calunit=nsec
caluse=1 
[CHN8]
REPORT-FILE from  written 06/24/2026 12:51:43
cmline1=A8
range=1024
active=0
bitshift=4
cftfak=2580100
evpreset=0           
roimin=0
roimax=1000
caloff=0.800000
calfact=12.800000
calfact2=0
calfact3=0
calunit=nsec
caluse=1 
;MCS8 #97 Sversion=1.257 Fversion=3.68
time_patch=1
;datalength=8 bytes
;bit0..3: channel# 1..8 ( 4 bit)
;bit4: edge 0=up / 1=dn ( 1 bit)
;bit5 ..57: timedata    (53 bit), max sweep length 2001.6 h
;bit58..62: tag0..tag4  ( 5 bit)
;bit63:     data_lost   ( 1 bit)
[DATA]
0000000000000016
0000000030063759
00000001d24306d9
000000026bb6b2d9
000000029716cc79
00000003438c1179
00000003ecd853f9
0000000469ab1c99
00000005434af319
0000000553787f99
00000005db0d2a39
00000006b0e8a339
0000000866879df9
0000000893210059
000000093ef98539
00000009c34f52d9
00000009fef1ddb9
0000000a638f2f79
0000000a6a640a19
0000000b31204459
0000000c8ffeb3b9
0000000ed7f89019
000000101b4f4bf9
0000002156ca6161
0000000001c60471
0000000000000181
0000001155d446b9
0000001255288f79
00000012c68a5a39
00000013077acdf9
00000013d7fd81b9
00000013f159f179
00000014afd82339
000000153174bc59
00000015f0744359
00000016248b4b79
000000166d4add19
00000017c5930979
000000183766d839
0000001920764b79
00000033f7350961
0000000001c60471
0000000000000181
0000001a8dcbdb79
0000001db8e4ddf9
00000020256d0059
00000021cc778df9
000000222f182999
00000046979fb161
0000000001c60471
0000000000000181
00000023c3fd15b9
000000241b7f5659
000000245ed716f9
0000002575a314f9
00000025d438fc19
000000263c59e039
0000002674266759
000000269f672ed9
00000026bfb31a39
00000026ccfd1ed9
000000274a46ec39
000000299d300bd9
0000002a30fdf4d9
0000002a48f32c99
0000002c269feb39
00000059380a5961
0000000001c60471
0000000000000181
0000002ca3af1199
0000002ed3bab9b9
0000002f5f4cb899
0000002ffe290e39
000000305a93bdb9
00000030b6c0a199
00000030ddc2c859
00000031805295d9
0000003187fab379
00000031a2d1cfd9
00000031f43eb7f9
0000003202e11499
0000006bd8750161
0000000001c60471
0000000000000181
000000384e8a9af9
00000038e04a9e99
00000039255741b9
0000003a4ead2979
0000003b15f195b9
0000003d1c3263b9
0000003d53441159
0000003dd86f6c39
0000003e16ab17d9
0000003e63128ff9
0000003edc2190f9
0000007e78dfa961
0000000001c60471
0000000000000181
0000003f73a1ce99
0000003ff422bab9
000000427aa67719
00000042f71803f9
000000435ea20879
000000442fbef039
00000044442be2f9
00000044f5065af9
00000045e471e339
000000462331c779
0000004720ad7019
000000474ec8c779
00000047af51ae19
00000047be42d259
000000483d275699
00000091194a5161
0000000001c60471
0000000000000181
000000494361cfb9
0000004987ce9cf9
00000049e4a14dd9
0000004cf4b1d759
0000004cffb80879
0000004d155db2b9
0000004d6b58d959
0000004db0980359
0000004f14cee479
0000004f348316b9
0000004f6c4d4419
00000050ec0e5259
00000050f34a9d79
000000510cbcbb19
000000514e488c59
00000051d51ea739
000000a3b9b4f961
0000000001c60471
0000000000000181
00000051ee4b6c99
000000522e08a3d9
000000522f605fb9
000000525723f259
0000005280aff039
000000528c5fc9b9
0000005330b051f9
0000005336980bb9
0000005803ff1fd9
00000058745038b9
0000005907662c39
000000591be6ad79
000000595166ebd9
000000595fcd9459
0000005a9f27de39
000000b65a1fa161
0000000001c60471
0000000000000181
0000005b6feb4139
0000005bd8a786f9
0000005bfd283699
0000005ceb6677b9
0000005dbe5398d9
0000005dc9cc4ff9
0000005eddc6a679
0000005f3c7249b9
0000005fc378ebb9
000000605d81a179
00000061289b3cb9
00000062ba4420d9
00000063950d29f9
000000c8fa8a4961
0000000001c60471
0000000000000181
00000065a108a179
00000066a74bf4d9
00000068956c6ff9
00000068f7ac6fd9
00000068fa34ed59
000000693a6886f9
000000697ef605d9
0000006a1f311c79
0000006bd0bf75f9
0000006c8969faf9
0000006ca4b36bf9
0000006cf83724d9
0000006d503d82f9
0000006d76a36a59
0000006da8d258b9
000000db9af4f161
0000000001c60471
0000000000000181
0000006f1892f979
0000006f3b5be379
000000700d0796b9
000000705ead1719
00000071c11d93f9
00000073fe549039
00000074a48836d9
000000759db54179
00000075cd642919
000000760e4a03d9
000000ee3b5f9961
0000000001c60471
0000000000000181
00000077a6d854f9
000000795032c8b9
00000079c7cb28d9
0000007a11ffcf19
0000007ad0b3cbf9
0000007bea085159
0000007d25e18459
0000007ddc23c879
0000007f83691779
00000100dbca4261
0000000001c60471
0000000000000181
00000083ecb32ad9
000000845ab6e6d9
000000850e9d9559
00000085e3cb25d9
0000008636bed239
000000865a709c19
00000086e5fe5b99
0000008882967659
00000088bfc28419
00000089244ee439
00000089956969f9
000001137c34ea61
0000000001c60471
0000000000000181
00000089c6907fd9
0000008a5adb4d39
0000008a81bba939
0000008addd4a479
0000008bb7a68a39
0000008bd9e9bfb9
0000008c66f33419
0000008cd2947139
0000008cdcb882f9
00000090a73e7e39
0000009108952999
00000091c4adfe59
00000091f3184eb9
00000091fd675c99
000001261c9f9261
0000000001c60471
0000000000000181
00000096d38fd9d9
00000096ed71dbd9
00000097fba8df19
000000997e263fb9
00000099822217b9
0000009ab26e3ed9
0000009ae3eece59
0000009af473d879
0000009b7f8b3559
0000009b8a9b4bd9
0000009c019d69d9
00000138bd0a3a61
0000000001c60471
0000000000000181
0000009c82f17859
0000009cad933239
0000009d3b589639
0000009d87660ff9
0000009da0ea1739
0000009e49d6cd19
0000009e81e10159
000000a0aa573019
000000a1f06acc39
000000a200fd1eb9
000000a217882b59
000000a2797580f9
000000a2b56b2d39
000000a336075819
000000a365f65bd9
0000014b5d74e261
0000000001c60471
0000000000000181
000000a5e0f2dc19
000000a6224fa5b9
000000a75c2d9df9
000000a8887a5e79
000000a88daa74d9
000000a915c82539
000000aa6eaa87d9
000000aac26f2e39
000000aba0f4f479
000000acb11a2159
000000ad07211ab9
000000ae32535d19
0000015dfddf8b61
0000000001c60471
0000000000000181
000000afac332519
000000b00444f7b9
000000b2bf5982d9
000000b3bda55a39
000000b4e04efdb9
000000b5ff626519
000000b69fd0e479
000000b75be17a99
000000b7e3082b99
000001709e4a3361
0000000001c60471
0000000000000181
000000b875a3bdb9
000000b8bb776159
000000ba4b5f6899
000000bb0cb44cd9
000000bbec5e7cb9
000000bbfcb8e7b9
000000bcc801eab9
000000bce28c4c39
000000be44553259
000000be55b84639
000000bf58c80039
000000bfa3340519
000000c04f8019d9
000000c101729f59
000001833eb4db61
0000000001c60471
0000000000000181
000000c25b1605d9
000000c2670efa39
000000c3b1fe0439
000000c3d0512d19
000000c69c975ff9
000000c7028fad99
000000c718cf4db9
000000c7847b6bd9
000000c8a4c0b0f9
000000c9e262f539
000000ca5c09a999
000000cae028c999
00000195df1f8361
0000000001c60471
0000000000000181
000000cb39289279
000000cb95b63b79
000000cc64b45fd9
000000cd557c1e59
000000cdcbd20e19
000000cdf1bf4199
000000cdfdd40d99
000000cefcc340d9
000000cf8d56ab19
000000d02188c7f9
000000d0e16c7cd9
000000d2c08fb099
000000d2f86ea499
000000d3188dadf9
000000d36b5a9479
000001a87f8a2c61
0000000001c60471
0000000000000181
000000d4db204639
000000d603c857d9
000000d69ce98319
000000d702a872f9
000000d72daf3ef9
000000d7857e64b9
000000dc2b2d0119
000000dc2b4e8f59
000000dc6decddf9
000000dd70c32df9
000001bb1ff4d461
0000000001c60471
0000000000000181
000000ddb048d219
000000de2596ad59
000000e03773de59
000000e07ea10379
000000e1348fe199
000000e1d5488499
000000e1f6c90839
000000e3892aa539
000000e558a60f59
000000e651c54cd9
000000e6654d28f9
000000e6c5e84d19
000001cdc05f7c61
0000000001c60471
0000000000000181
000000e75855d599
000000e9aeb7c3d9
000000e9d94c5359
000000ea679ef839
000000eaf71f6cb9
000000eb2895ecf9
000000edb83d2b59
000000edef552a59
000000ee28ff8019
000000ee7f8a2f39
000000eeca7de239
000001e060ca2561
0000000001c60471
0000000000000181
000000f04e3d3e39
000000f0b7e1c159
000000f0e533b619
000000f14cf2c479
000000f2d40a4499
000000f30f84f9b9
000000f3242ad179
000000f47d7a0339
000000f4964d7ed9
000000f4a5c1c639
000000f54bb134b9
000000f57eaf77d9
000000f5bd2f60d9
000000f5ecb83699
000000f5fc4364d9
000000f60ffa45f9
000000f66d245379
000000f67f7daf19
000000f72d1681b9
000000f7f1556af9
000000f813ffb8b9
000000f82c998639
000000f84c953299
000001f30134cd61
0000000001c60471
0000000000000181
000000f9f2d30499
000000fb9c0700b9
000000fd787aca79
000000fddb7793f9
000000fe1f4c7ed9
000000fe2d51e859
000000fe77deca39
000000ff15ce46b9
000000ff82a4fb99
00000100f4674619
000001010faf2ef9
00000101b74614b9
00000205a19f7561
0000000001c60471
0000000000000181
0000010327eac479
00000103be2ad1b9
0000010401540b79
00000104d7da9fd9
000001051cd8c7b9
000001065f188e39
000001079ab70a99
0000010848932d19
00000108f65a79b9
0000010920331619
000001093804b659
00000218420a1e61
0000000001c60471
0000000000000181
0000010cfdabad19
0000010d64438999
0000010dde894a19
0000010f8f12aff9
0000010fe0796d99
00000110ad5369d9
00000110fc7652f9
000001110908e2d9
00000112fa39c179
0000011311b4bbd9
0000011388f309b9
000001139a2b9a59
00000114799a1e59
0000022ae274c661
0000000001c60471
0000000000000181
000001169dab42f9
00000117b68d7bd9
00000118cd6af6f9
0000011a207d6419
0000011a59b44fb9
0000011cd2fd94b9
0000011d24ece5d9
0000011e30867ef9
0000011e94dd4779
0000023d82df6e61
0000000001c60471
0000000000000181
000001219b053839
000001228c48c799
000001231d036a59
000001247d336cd9
00000124f049dd79
00000124f31e08d9
000001251b26cd99
000001269645c1b9
00000250234a1761
0000000001c60471
0000000000000181
00000128211c7599
00000128e931a759
0000012967614739
00000129dcca3319
00000129e6c86cd9
0000012b536c9899
0000012caf9ab659
0000012e849981b9
0000012fa6a7b819
0000012ffb2045f9
000001300bf0dcb9
000001303cb80519
00000130a51d6559
00000262c3b4bf61
0000000001c60471
0000000000000181
00000133548caa79
00000133dc55bef9
00000137980f7bd9
00000137bd3c2c59
00000137f4e0b479
00000137f788c799
0000013838e872b9
00000138a563aa79
00000139791be7d9
00000139e0ea84b9
00000275641f6861
0000000001c60471
0000000000000181
0000013ae5f10e79
0000013bc11d7259
0000013bd7675f39
0000013c62a07559
0000013cb52ef379
0000013df78429b9
0000013ee3a76479
0000013fcc43df39
0000014038c508d9
000001421c402019
000001431695bd59
000001438e4653d9
00000288048a1061
0000000001c60471
0000000000000181
000001445c21ff79
000001449de87c59
00000145f2c2a1d9
00000147ddaf8e19
000001485f690ed9
00000148e7b30ff9
000001492ea7aab9
0000014a2c1eb3d9
0000014ac8600e99
0000014d518db4d9
0000029aa4f4b961
0000000001c60471
0000000000000181
0000014f3cfa6b19
0000014f3fb228b9
000001518f9736f9
0000015290e9cb59
00000153561cc7d9
000001546f13b7b9
00000154b4479e39
0000015557c7e019
000001569cbf5559
000002ad455f6161
0000000001c60471
0000000000000181
00000156ce29c439
00000156ef8fde99
0000015b4d7a7b99
0000015c44a04059
0000015e68cc45b9
0000015eba9df359
000002bfe5ca0a61
0000000001c60471
0000000000000181
00000161754de619
00000162820b0f19
00000162e2076959
00000165183c0759
000001667a8974f9
000002d28634b261
0000000001c60471
0000000000000181
0000016b1c5cefb9
0000016bbe05e339
0000016be2964df9
0000016ce3ddf099
0000016cff20fbf9
0000016d60c5b4d9
0000016e8a814879
0000016f5b49c359
0000016fe9642419
00000170b4bfa939
0000017115d8f2d9
0000017121d1eb59
00000171249188f9
000001720490cff9
0000017270973499
000002e5269f5b61
0000000001c60471
0000000000000181
00000172bd9a60d9
000001757dff12b9
0000017582833639
00000176160d5c99
000001762db18679
0000017685bfdff9
00000176bd781679
0000017774eb4719
00000178746b28b9
00000179747a3499
00000179e0917a99
00000179f0918839
0000017aa23a5fb9
0000017b86f36159
000002f7c70a0361
0000000001c60471
0000000000000181
0000017c124781f9
0000017ccddd23d9
0000017dd011f179
0000017dfcfa37f9
0000017ed921ae19
0000017fd8d30c39
00000180c2d81a19
00000182b9d143f9
0000018370569c19
00000183b6958ff9
000001852da1ecf9
0000030a6774ac61
0000000001c60471
0000000000000181
000001868676dbd9
000001871b9bc779
000001876de09899
00000187fdb0fb79
00000188b5a0e399
00000189cd11ab19
0000018a1a696cd9
0000018da73f2739
0000018e0d70b159
0000031d07df5461
0000000001c60471
0000000000000181
0000018ecb488979
0000018f088799d9
0000018f1c65d1f9
000001901592b199
00000190a9e7dfd9
000001912b2d2119
00000191a2c9ec59
000001930a424199
000001938ebf2359
00000193bb105179
00000193d77bd7d9
000001942ad59659
00000194c2b0fa79
00000196f8e9b219
000001972226bcd9
0000032fa849fd61
0000000001c60471
0000000000000181
0000019b4f09a799
0000019c2de21ab9
0000019dcf03d3d9
0000019e963c4d19
0000019ef0ba32d9
0000019f05eb0099
0000019f547f3879
0000019f9b8065f9
0000034248b4a561
0000000001c60471
0000000000000181
000001a1a45d43b9
000001a2bffff419
000001a5c0c1bb99
000001a7443e2179
000001a77999cc59
000001a78e249bf9
000001a7d93bf419
000001a8b321e4f9
000001a98bb4e4b9
000001a993f6aa39
000001aa3fe3cfb9
00000354e91f4e61
0000000001c60471
0000000000000181
000001aad533ac19
000001abc83b5ad9
000001b0470e7979
000001b128beabd9
000001b18f26cef9
000001b241154479
000001b271663ed9
000001b33e7f76b9
000001b3524f1e59
000003678989f761
0000000001c60471
0000000000000181
000001b425827819
000001b453236699
000001b48b67fd79
000001b793fcc559
000001b830ad21d9
000001b88c0221d9
000001b8973d9e59
000001b962bdb6b9
000001b9ba134059
000001b9bec48619
000001b9e9af2599
000001ba51cfa039
000001bb17d0b5d9
000001bb9c1a2279
000001bc13e56a59
000001bc451214b9
0000037a29f49f61
0000000001c60471
0000000000000181
000001bdee55fed9
000001c31b2b7119
000001c4c9205499
000001c56c2261b9
000001c59a325459
0000038cca5f4861
0000000001c60471
0000000000000181
000001c6fde90219
000001c878331fd9
000001c8df4cb119
000001c968847ef9
000001ca224c3df9
000001cb8782a079
000001cb961f5fd9
000001cbd100f619
000001ccd41fa9d9
000001cdc2483319
000001ceeb323e39
000001cef58d3919
0000039f6ac9f061
0000000001c60471
0000000000000181
000001cff14da739
000001d055e96479
000001d0cf281bd9
000001d1226abfb9
000001d3c89c5319
000001d44bf17919
000001d47d6b5819
000001d5777c68d9
000001d5d142aa19
000001d6018d0f79
000001d6ad44b219
000001d6e3b96b19
000001d82761f899
000001d8bef1aad9
000001d8e74cadf9
000003b20b349961
0000000001c60471
0000000000000181
000001d9bbf92479
000001d9e6cecdb9
000001d9fa8b7599
000001dc5fffc699
000001dd50b62499
000001ddae928779
000001ddd01489b9
000001de3c77f9b9
000001de9c6edc79
000001df08f464b9
000001e069575bd9
000001e0806bb339
000001e23ce90879
000003c4ab9f4261
0000000001c60471
0000000000000181
000001e4c5d84cb9
000001e585adbcf9
000001e5d0c19259
000001e632f77819
000001e693deafd9
000001e6d4855899
000001e6f2744199
000001e780691fd9
000001e86404e3d9
000001e868370eb9
000001e8864378f9
000001e9b5e09259
000001eaa508c6f9
000001eaec5026b9
000001eb03adc519
000001eb445a0d99
000003d74c09ea61
0000000001c60471
0000000000000181
000001ed8e47ac99
000001ee839ebc19
000001f133135739
000001f1906c9b79
000001f1da00ead9
000001f36b4b6e79
000001f3d7d45c99
000001f4cc2ff599
000003e9ec749361
0000000001c60471
0000000000000181
000001f7677d85f9
000001f7ea8fa9d9
000001fa1caf7999
000001fa49a58939
000001fb9a613419
000001fc1b767459
000001fcf8084999
000001fd8d9612b9
000001fdfd6f17f9
000001fe20d58919
000001fe2144aad9
000003fc8cdf3c61
0000000001c60471
0000000000000181
000001fec0ab6219
000002002a769e99
000002007d42f759
000002011f5ac979
00000201edccaef9
000002024e1ea6d9
000002024f46c239
0000020771208f39
0000040f2d49e561
0000000001c60471
0000000000000181
00000207b9123419
00000207dc205159
000002084438a259
000002084e2a85f9
0000020a310e2999
0000020a3786d5b9
0000020b6ba24ed9
0000020ba4ffdb39
0000020c38fd2979
0000020c84ac7f59
0000020d7b685959
0000020df82f3819
0000020ea07857b9
0000020f2ee5a059
0000020fcacf8099
00000210331b25d9
00000210a11ded79
00000421cdb48d61
0000000001c60471
0000000000000181
00000212d14a3179
000002133afcce99
00000213e1cb3d39
00000215f0de4cb9
0000021616f73259
0000021823a8ba19
000002193351ea99
00000219cd5dbf59
000004346e1f3661
0000000001c60471
0000000000000181
0000021b8051fe99
0000021be77ca0f9
0000021d759054d9
0000021e515570b9
0000021e80438519
0000021f917da379
0000021f9eefd679
0000021fd18b1ed9
000002200a315619
000002207bd51d39
00000220adb42f19
000002219b679119
0000022347848839
000004470e89df61
0000000001c60471
0000000000000181
000002239986eef9
00000223c895c5b9
00000224ba0e1519
00000227db2e4fb9
00000227e7d771d9
0000022a35506499
0000022b376a95b9
00000459aef48861
0000000001c60471
0000000000000181
0000022cd7edc7f9
0000022d1442b279
0000022e14ace519
0000022e31983319
0000022e783dabf9
0000022e8a7a6c19
0000022ebf88ca99
0000022eda69a7f9
0000022f6e4ac499
0000022fbad1bd59
00000230b744c3b9
00000231796bc539
00000231951359f9
00000231bc80a159
00000232a84d7f59
00000232a9d03179
00000232cec198d9
00000235789f73f9
00000235ebc2aa19
0000046c4f5f3061
0000000001c60471
0000000000000181
00000236dcdf2ff9
000002378d83bd19
00000239bb9c6c99
0000023a52ed4a19
0000023aae1b3399
0000023c22b003f9
0000023c6de5abf9
0000023d74307519
0000023ebdc5bdd9
0000023ed6ef7a39
0000023f321a2ff9
0000047eefc9d961
0000000001c60471
0000000000000181
00000240a955ea19
00000240b1aeaa99
000002419babdcf9
0000024246a80eb9
0000024263367ab9
00000242f658df39
0000024366477a59
0000024388dbb139
000002451e1413b9
00000246d3c91cd9
000002484f4937d9
000002485ed8ba99
0000049190348261
0000000001c60471
0000000000000181
0000024999838d19
00000249c35edad9
0000024b1a58ccf9
0000024b7cf98a59
0000024b9448cdb9
0000024ce75ce139
0000024cf251fc39
0000024e73404279
0000024efa85a659
0000024f808b15b9
0000024fdc7926d9
000002508387a1f9
0000025193c04bb9
000004a4309f2b61
0000000001c60471
0000000000000181
000002527c8d1559
000002527d9603d9
00000253f1753119
00000254c0b85859
000002563f8518d9
00000256e05bee39
000002576776afd9
00000258192319d9
000002595e963039
0000025b0d6e8399
000004b6d109d461
0000000001c60471
0000000000000181
0000025bbe100b19
0000025cb779c119
0000025d15968699
0000025f42433e19
00000260862da2f9
00000260e6b3ef19
00000262057d7ab9
00000262d96b04f9
0000026310435e79
0000026339fd3799
000002636f834d79
00000264236f86d9
000004c971747d61
0000000001c60471
0000000000000181
000002655881fc79
000002657c242f39
0000026690fa01f9
0000026763cb9cb9
0000026786d789d9
00000269506d8639
0000026a1c2e31b9
0000026accdb2f39
0000026b3b5cfcb9
000004dc11df2661
0000000001c60471
0000000000000181
0000026e3e187a39
0000026ef81a5eb9
0000026f79518459
000002700d880f39
000002709d118c19
0000027335a95579
00000273712b10f9
0000027479ed7459
0000027481998099
00000274a55ac1b9
0000027504058c99
0000027680d2bc99
000004eeb249cf61
0000000001c60471
0000000000000181
0000027770ea9919
0000027781382139
0000027b0cbd20b9
0000027c2fc53719
0000027d18ecb739
0000027d8187d539
0000028033740b39
000002803e19f519
0000050152b47761
0000000001c60471
0000000000000181
000002817dd91db9
00000281e05397b9
00000282cc2d8539
000002840d8796d9
0000028443cd0099
0000028515b34739
000002855c9776b9
000002873b63d979
00000289bb18f239
00000513f31f2061
0000000001c60471
0000000000000181
0000028a0ca35b19
0000028b7f94dd99
0000028c10c85fb9
0000028d81bf3479
0000028d983488b9
0000028e9ac9bf59
0000028f00427059
00000291f854c779
000005269389c961
0000000001c60471
0000000000000181
0000029349d481b9
0000029544b03cb9
000002954c6e4179
00000296497b5579
000002967cd6b099
00000297089a7c59
0000029735819a39
00000297439c2879
0000029780da8db9
00000297e4a13339
00000299e037f1b9
0000029a199192b9
0000053933f47261
0000000001c60471
0000000000000181
0000029fe10f7799
000002a187deaaf9
000002a1ef25bd59
000002a2732798b9
000002a2edaf1099
000002a42d27d119
000002a58394de99
0000054bd45f1b61
0000000001c60471
0000000000000181
000002a61be069b9
000002a74d0f56f9
000002a76b2d17f9
000002a797b1cf79
000002a8992ae4f9
000002a8b02750b9
000002a8b22748f9
000002a8d7f14719
000002aa9ed4c9b9
000002aac375c1f9
000002aae2909b99
000002ab9234c379
000002ac9cf1bbb9
000002ad1e1aed79
000002ae0bc4bfd9
000002ae22ca4779
000002ae36440a59
000002ae43a9c939
000002ae57f991b9
000002aed501d2f9
000002af0d14bbb9
0000055e74c9c461
0000000001c60471
0000000000000181
000002b141dc6259
000002b1fc2f4619
000002b28de1af59
000002b4c2c6efb9
000002b508f9eb59
000002b5e8785f19
000002b5ea28b599
0000057115346d61
0000000001c60471
0000000000000181
000002b8cbeb5759
000002b8e18df659
000002b8f4755df9
000002b95b73a479
000002b97bb48c79
000002b9e9a489f9
000002ba7fe547d9
000002bb679e8479
000002bb71fe7eb9
000002bc2f039af9
000002bc565b26d9
000002bc65c88c79
000002bd48f778b9
000002bdd1a46f19
000002be5f3b9899
000002bf1da541d9
000002bfbe1bce39
000002c0e008fa79
000002c1482374b9
00000583b59f1661
0000000001c60471
0000000000000181
000002c3b82bbbb9
000002c43b0e97b9
000002c47435abb9
000002c55712f999
000002c5f039e879
000002c6ca7a28d9
000002c7074409b9
000002c85cf4a9b9
000002c86841acb9
000002c92b2112f9
000002cb18a65fb9
000005965609bf61
0000000001c60471
0000000000000181
000002cc7f3f89d9
000002cdb4544619
000002ce41fd3339
000002cf313cc5b9
000002cf5f1f5259
000002d011443979
000002d1aa6e5ff9
000002d1cecad179
000002d1d84e8ef9
000002d1eee203f9
000002d21ea814d9
000002d24af64e99
000002d260cbb259
000002d2a60d3a19
000002d3a5f59bb9
000002d3d3c2b899
000005a8f6746861
0000000001c60471
0000000000000181
000002d516def059
000002d55f3619d9
000002d65bdde999
000002d748d3a219
000002d7b05c1a39
000002d8276121f9
000002d8b0a93839
000002d92d223619
000002daac5c0879
000002db50a753f9
000002dba415aed9
000002dc336329f9
000002dd1288fdf9
000002dd8cf2ae79
000005bb96df1161
0000000001c60471
0000000000000181
000002dded7f3759
000002de55039af9
000002dee0b10a19
000002df7d8a6cf9
000002dfad857d39
000002e000b62d59
000002e2acfa2c99
000002e37fc3b959
000002e3ea4c2c19
000002e62b172c59
000002e6479633f9
000002e68b325eb9
000002e6e6027c19
000005ce3749ba61
0000000001c60471
0000000000000181
000002e71e904e19
000002e88c236039
000002e9779220f9
000002e9786495d9
000002eb52612ed9
000002eb69416ad9
000002ebe4efd3f9
000002ee48f43719
000002ee9f65cb99
000002eef16a7e99
000002ef368736f9
000002efc1c41779
000005e0d7b46361
0000000001c60471
0000000000000181
000002f0a6370219
000002f1396bfdf9
000002f1408e0d19
000002f2b05465d9
000002f31f674239
000002f3384d7279
000002f585f6fe59
000002f5ead60ed9
000002f6ef985359
000002f767916459
000002f7a4946c79
000002f8406ecfb9
000002f869f59039
000002f86ad25fd9
000002f91f620a39
000005f3781f0c61
0000000001c60471
0000000000000181
000002facb042e39
000002fb247f9bf9
000002fb447e4d39
000002fbf719ef59
000002fd36e9dc59
000002ff81a5b019
000003011d043cd9
00000301e93762d9
000003020ccd9819
000003026541d8f9
0000030268c02079
000006061889b661
0000000001c60471
0000000000000181
000003038115a2f9
00000303d6266cd9
00000304717d1b19
0000030522a90599
000003053e0b6b39
000003076674a3d9
0000030778d2dc99
0000030800919479
000003083942f659
00000309a821fe19
00000309cc837459
0000030ab9d6fed9
00000618b8f45f61
0000000001c60471
0000000000000181
0000030d4896c879
0000030d5be67e59
0000030da4a62c79
0000030ec884b819
0000030f72e4b1d9
000003102d6be059
00000310e1e159b9
000003121e8f57f9
0000031324386eb9
00000314244a5779
0000062b595f0861
0000000001c60471
0000000000000181
00000315c091fe79
000003166eed8e39
00000316cee6b499
00000317d48bfe59
000003180cb350d9
0000031834be10b9
000003191bc649b9
00000319bbc5c099
00000319e7161eb9
0000031a16e7a819
0000031b982422f9
0000031bc03124f9
0000031c81b30e39
0000031e22587a99
0000063df9c9b161
0000000001c60471
0000000000000181
0000031f668fe619
00000321243abd99
00000322729c9139
000003227538dd59
00000322e46544d9
0000032413627d59
000003243c3136b9
000003245822a399
00000325e652d599
0000032631109db9
000003278330ec39
000003282e52d739
000006509a345a61
0000000001c60471
0000000000000181
0000032977e8a059
00000329e640b699
0000032b51ff97d9
0000032b65822b39
0000032c7baf0119
0000032c9b585399
0000032d0c146719
0000032e27889c59
0000032ec4b75959
0000032f2db88cb9
0000033069a5be79
00000331934fd259
000006633a9f0361
0000000001c60471
0000000000000181
0000033270ad9559
00000334a21b94d9
00000334a7f40bd9
00000335ba788199
00000336fa2507b9
0000033842b8c0b9
00000339db4f8919
0000033a0af75bf9
00000675db09ad61
0000000001c60471
0000000000000181
0000033b28b8fa19
0000033bfde249b9
0000033d6e02b239
0000033e05f80479
0000033e9c2fc859
00000341abecfbb9
000003426e10a679
00000342a7b71859
00000342fd1f3879
0000034425506b79
000006887b745661
0000000001c60471
0000000000000181
000003443e9cbe99
000003455a4bb979
0000034736f9d439
0000034751ebc219
0000034757e54339
00000347a4c67499
0000034999cca2f9
0000034b66c7fa79
0000034b91e5d4b9
0000034bee63bad9
0000069b1bdeff61
0000000001c60471
0000000000000181
0000034dbd58dd19
0000034e023f1a59
0000034e25d3a099
000003501c799f39
00000350f41489d9
0000035187ed87f9
00000351aeaeecf9
00000351e0f72959
00000351ff938e19
0000035205e8b2f9
000003549527bed9
000003550639abd9
000006adbc49a861
0000000001c60471
0000000000000181
0000035708741599
00000357bb28df39
00000357bbcd4cd9
00000357f2d462b9
00000357f306dcf9
000003591c28bd19
00000359d02f4019
0000035b4a5583b9
0000035bc1767a19
0000035c6dd63459
0000035cc26075d9
0000035cf668f3d9
0000035d3760d519
0000035d997ff759
0000035ece9bd0d9
0000035f05096699
000006c05cb45161
0000000001c60471
0000000000000181
000003605ac45c39
000003615576b679
00000362566832b9
000003630d0f4e39
00000363f2175219
000003644eb85979
000003662fc66759
000006d2fd1efb61
0000000001c60471
0000000000000181
0000036c2d2dfc99
0000036c9d293019
0000036cdd5a07b9
0000036cfc3e6739
0000036da04c3079
0000036e1ea3e3f9
0000036e51b777d9
0000036f34d91319
0000036f3a40a379
00000371058feff9
000003714a827779
000006e59d89a461
0000000001c60471
0000000000000181
0000037375ce8c39
00000373ffe52879
000003743ddb0959
0000037462bab479
0000037518a0ceb9
000003751cc22e79
00000375a53a9079
00000375cc2dd8f9
000003773bc5d099
000003776eb771d9
0000037902581cd9
00000379ed220c99
0000037a054d4159
0000037a7a4fd059
0000037a9e1c55d9
0000037c05963599
000006f83df44d61
0000000001c60471
0000000000000181
0000037c87a78859
0000037ce2a4fe99
0000037cf6865b19
0000037d0be972f9
0000037d9db3fc79
0000037ef5228139
0000037efdb17679
0000037fb8cd19f9
00000381cba19f79
000003835746a9b9
0000070ade5ef761
0000000001c60471
0000000000000181
000003873a38f019
000003899aeba259
0000038a202fe4f9
0000038a350d6b39
0000038b08714db9
0000038ce77582f9
0000038dd9868a19
0000038ea40dad99
0000071d7ec9a061
0000000001c60471
0000000000000181
0000038ef104b139
0000038f8bc8bc59
0000038fc7865f19
00000390613ee6d9
00000390b0b193f9
00000390eb466b59
0000039320ddc939
0000039393c4f339
000003940fa6a8b9
00000394a57ddc39
00000396ecb0ebd9
0000039711f39db9
000003975d6dea59
000007301f344961
0000000001c60471
0000000000000181
000003984e341079
000003991d1e96f9
00000399daa71559
0000039ab46963f9
0000039af7ce2199
0000039b177f5e39
0000039c8918af79
0000039d564ce259
0000039d5bdd4679
0000039db666b939
0000039dd3edaa79
0000039e74b97259
0000039feaaf9df9
000003a0d127be39
00000742bf9ef361
0000000001c60471
0000000000000181
000003a3a423dc19
000003a46d2d90b9
000003a470242619
000003a657595799
000003a70bca7359
000003a7f82a3df9
000003a8df6b0819
000003a9c17bc2b9
0000075560099c61
0000000001c60471
0000000000000181
000003ab2f3b97b9
000003ad5ab13139
000003af2e9bf9f9
000003af2ee4ddb9
000003afc8a228f9
000003b0054e45b9
000003b01da41839
000003b07dd6aed9
000003b0ed196299
000003b1085f36f9
000003b1e8762699
000003b20f8a9c39
000003b3a4e32779
000003b3bd458739
000003b3eec3b6f9
0000076800744661
0000000001c60471
0000000000000181
000003b635c60679
000003b64a42a779
000003b91fb8deb9
000003bccc3acb99
000003bd4f433019
0000077aa0deef61
0000000001c60471
0000000000000181
000003bdc809ea59
000003be5eeb56b9
000003bea647d0d9
000003bed8ef6179
000003bfade7b499
000003c0c61fa099
000003c593c994d9
000003c64a993859
0000078d41499861
0000000001c60471
0000000000000181
000003c7432ecd79
000003c7b5e3e359
000003c8b37c1b19
000003c993c0d039
000003c9ba90e2f9
000003c9badb5759
000003ca18a3e319
000003cb39d58759
000003cbc4a4a7b9
000003cbffce7d39
000003ce896b1df9
000003ce91327859
0000079fe1b44261
0000000001c60471
0000000000000181
000003d159682439
000003d1a6d76e39
000003d2b31582d9
000003d30487c079
000003d365c52e39
000003d3ae142a79
000003d464e99379
000003d4f2c9acd9
000003d521ddfb19
000003d572b050d9
000003d6123114b9
000003d6b410bd99
000003d6f113ab19
000003d7bb1dab79
000003d7e49c0199
000003d87df30759
000003d931657919
000007b2821eeb61
0000000001c60471
0000000000000181
000003d957f699f9
000003d9ae28fd79
000003d9c0299b99
000003d9d0640b59
000003da61433f59
000003db096b78f9
000003db9ee7b099
000003dca553b8f9
000003dd150d9959
000003dd70be0af9
000003ddea299a39
000003dfeb8956f9
000003dff7c109b9
000003e13e3472b9
000003e19ed9bb99
000007c522899561
0000000001c60471
0000000000000181
000003e2d713f399
000003e2fa090859
000003e39d6488b9
000003e6b39da479
000003e6b7a5bf79
000003e75d380b59
000003e7bf46eb19
000003e9691fd3d9
000003e9f52d15b9
000003ea2397d479
000003ea2a21a019
000003ea35594039
000003eb29438919
000003eb66c09a59
000003eb6dc7da59
000003eb9c58a1b9
000007d7c2f43e61
0000000001c60471
0000000000000181
000003edf70d1299
000003ee119f9639
000003ee49224b39
000003ef164a6919
000003efc4ec18f9
000003efca01add9
000003f30b4c04d9
000003f3514184b9
000003f40ea11359
000003f47fc7a459
000003f518ab12d9
000007ea635ee861
0000000001c60471
0000000000000181
000003f6bcf1b319
000003f75f442a59
000003f7717ab799
000003f7850cf099
000003f896e03819
000003fa42f0d5b9
000003fb2a240179
000003fb553af519
000003fb57c80dd9
000003fcd9cdb3d9
000003fd87afa259
000003fe493afbd9
000007fd03c99161
0000000001c60471
0000000000000181
000003ff9639eed9
000004002956fc99
000004003baacc39
00000401040ed099
00000401e7ea0c99
00000401e9fe9b79
0000040217f04c59
00000402562c7219
000004038bc6a239
00000403929f7519
000004049dff0799
00000405083b7cb9
000004064f7c37b9
0000040729ada519
00000407920372d9
00000407c6b6bd39
0000080fa4343b61
0000000001c60471
0000000000000181
0000040826cd3f19
00000408ccf072f9
00000408e7bd7eb9
000004094e831cf9
000004095aa3b939
0000040993a39659
00000409da3b9c79
0000040a12286d59
0000040a167822d9
0000040ba1567a99
0000040c9c25dc79
0000040d09ce2af9
0000040d25ed3ef9
0000040da94f1a99
0000040ddd7eeb59
0000040e04b211f9
0000040f8ebcec59
00000410acda2c59
00000411021e77f9
00000822449ee561
0000000001c60471
0000000000000181
00000413923ba7b9
00000415dc84e259
0000041615be8159
00000418825501f9
0000041889b066b9
00000418c1247959
0000041929d77159
0000041a27c33c79
0000041a67ac70d9
00000834e5098e61
0000000001c60471
0000000000000181
0000041aacd5b0d9
0000041b8ef2a799
0000041c02d49c59
0000041d6125f739
0000041e11490339
0000041ef24c90b9
000004219a68e979
0000042345b08f39
0000084785743861
0000000001c60471
0000000000000181
000004248b0839d9
000004249e354f79
0000042559912b59
000004263d3f7b19
0000042a52a9aa99
0000042bea266919
0000042c4b5abdf9
0000085a25dee161
0000000001c60471
0000000000000181
0000042d4e55d519
0000042d4e55ec59
0000042dca15ec39
0000042dce261779
0000042ddef596f9
0000042e54516339
0000042f01d378f9
00000430be23a579
00000430f5ab8779
00000431453c8cd9
000004324c2369b9
000004333bf89419
00000433c468df79
0000043479f6aef9
00000434fb4ac019
0000043563e3f099
00000435d7e3b1b9
00000435e55b1799
0000086cc6498b61
0000000001c60471
0000000000000181
0000043a62a8def9
0000043b1d0e1859
0000043cdd938099
0000043cddd4f339
0000043e2bcfc259
0000043efb0d4679
0000043f5cfa0f99
0000087f66b43561
0000000001c60471
0000000000000181
0000043fb3aca019
0000043fe448b9b9
000004403c472eb9
000004404d6fe619
0000044113ac3ab9
00000441db088339
00000442cf0a5f79
000004433c0c9c19
00000443c7256ef9
00000445d4292ff9
00000446a47da199
000004472becdef9
0000044795e630f9
00000447ee4f02f9
00000448ce1b4259
00000892071ede61
0000000001c60471
0000000000000181
0000044a1b28de59
0000044c3d820759
0000044c84c59f99
0000044d6b29b839
0000044dbc19d0d9
0000044dfe678e39
0000044e4bd4a7d9
0000044fd01af439
00000450565c7ff9
00000450e8081ed9
00000451193267f9
000004519dee9f59
000008a4a7898861
0000000001c60471
0000000000000181
00000453badeadf9
000004544eb6b159
0000045459e4a139
0000045534566fd9
00000456ec5aa3f9
000004586f470af9
0000045876c93639
0000045a4b6ddc19
0000045aa469b679
0000045ab0e99359
0000045ac7efe319
0000045b00026399
000008b747f43261
0000000001c60471
0000000000000181
0000045d3e9cadf9
0000045d450d05b9
0000045d756e0fd9
0000045f190440d9
00000460c918fb19
000004617c71af39
00000463622096d9
000004636db7f579
00000463b77e5739
000008c9e85edc61
0000000001c60471
0000000000000181
0000046593e4ae59
00000466e0860d59
00000466eb022a79
000004673afaee99
0000046745470fd9
000004680e187399
000004688b753ff9
00000468d5cbfed9
000004690f018439
000004693155bd59
0000046967a75cf9
0000046a262bce39
0000046a71ed6cd9
0000046b906b17b9
0000046c10ce11d9
0000046d78252919
0000046df29db259
000008dc88c98561
0000000001c60471
0000000000000181
0000046f4e7db959
0000046f55e98ed9
0000046f93b736d9
0000046fdd3b37d9
00000470f81ebf99
00000471f4563af9
000004738965c779
00000473a737f6b9
000004741c809e79
00000474d7f58b39
0000047566d5b8f9
00000477095897b9
0000047775496019
000008ef29342f61
0000000001c60471
0000000000000181
00000477a349d479
00000477f0dca279
00000477fe853c99
000004789a035059
0000047a04d5a499
0000047a07e47e79
0000047a47258579
0000047b2a525479
0000047bdb930a99
0000047c1ff5ff99
0000047e184de1f9
0000047e25a64959
0000047f45ff9359
0000047f5db5d939
0000048066c69699
00000480aeeb3ff9
00000901c99ed961
0000000001c60471
0000000000000181
00000481373a8459
00000482431bbdb9
0000048288bd03f9
00000482d9905cb9
000004830302c4d9
000004836c375df9
0000048395aaa1f9
000004856615fdf9
00000485a9a258f9
0000048664569239
000004867e54bd99
0000048749e2b7f9
000004889d0f8ad9
00000489a1df6399
000009146a098361
0000000001c60471
0000000000000181
0000048b1c6f0a19
0000048b8feb2119
0000048bb123b339
0000048c29380079
0000048d2b23ad99
0000048dc25acf19
0000048f593a1a99
00000490a701e599
00000490dbf43d19
0000049170c77319
00000491d3672439
00000492170b5559
000004928d406a99
000004929f666c39
000009270a742d61
0000000001c60471
0000000000000181
00000493cb6efc19
0000049696bddb59
00000497e9a23739
000004980b308879
00000498968b0a39
0000049a14640d39
00000939aaded761
0000000001c60471
0000000000000181
0000049d7c148f99
0000049eb2d6aa99
0000049f32688559
0000049f383964f9
0000049f61335999
0000049f9bd6e019
0000049fc93e6a19
000004a07f346559
000004a0f4b289d9
000004a1b13ee0d9
000004a1c003cc99
000004a23928a3b9
000004a2b4b451f9
000004a2ee9cb899
000004a3d37b67b9
000004a410fefbd9
000004a43518b299
000004a53ac1fd19
0000094c4b498061
0000000001c60471
0000000000000181
000004a704f57239
000004a78f8d2ff9
000004a7eb713bd9
000004a892cc2d99
000004a8f7c9a619
000004aa575abc79
000004aad24c7b59
000004abc2550199
000004ac653294f9
000004ac7d093bd9
000004acc20cb919
000004acda6d14b9
000004ace84085d9
0000095eebb42a61
0000000001c60471
0000000000000181
000004b014a0a879
000004b2ab7964b9
000004b2e4e44119
000004b2eb0618f9
000004b4e1c22b59
000004b775df47f9
000004b7cddf7f19
000004b8a4584d99
000009718c1ed461
0000000001c60471
0000000000000181
000004b9526844d9
000004b96eb63039
000004baa312abd9
000004bb2dd30379
000004bb32794499
000004bca1f58639
000004bd2215c339
000004bded4aee39
000004be03eacb99
000009842c897e61
0000000001c60471
0000000000000181
000004c309e1cd79
000004c371c139d9
000004c4ffc66c59
000004c53be97539
000004c656572f19
000004c9fba830d9
000004cabc869459
000004cb26c58419
00000996ccf42861
0000000001c60471
0000000000000181
000004cd61bda299
000004cdc5a4e339
000004cf7f926ff9
000004d0544556d9
000004d196c50139
000004d1ab333b79
000004d1ecfaad99
000004d2d3753639
000004d2f46dce79
000004d320182e39
000004d323bd3c19
000004d3c26d1379
000009a96d5ed261
0000000001c60471
0000000000000181
000004d538b46139
000004d548318979
000004d5ba698499
000004d61e5b2d99
000004d633427ff9
000004d69a5109f9
000004d8907ed6d9
000004d9016e07d9
000004da911b2399
000004dab9393b19
000004db193e24f9
000004dbee92c8d9
000004dc14dc3499
000004dc2b0b1f99
000004dd3739f179
000004ddba4b2b79
000009bc0dc97c61
0000000001c60471
0000000000000181
000004e03cbebc79
000004e0a0ea8ef9
000004e130e4d3b9
000004e17edc9619
000004e1a48284b9
000004e202b72119
000004e2af46b599
000004e2d8de7759
000004e364262559
000004e3cd107fd9
000004e4259b6af9
000004e4b050b599
000004e69f85e4d9
000009ceae342661
0000000001c60471
0000000000000181
000004e87d521559
000004e8ee243af9
000004e968db25d9
000004e9e8642859
000004ea1c137279
000004ea67a6a819
000004eac346ddd9
000004eb5e97d679
000004eb7b815299
000004ebc4a7f919
000004ebd3dab3d9
000004ed1f31bab9
000004ee2da06bb9
000004eefd099f39
000004eff61e0019
000004f032989699
000009e14e9ed061
0000000001c60471
0000000000000181
000004f13cf9ba19
000004f1af41e259
000004f1f49d72f9
000004f44f57d259
000004f481ba9ad9
000004f4c4a7ff39
000004f52b431019
000004f5cb56a7f9
000004f67fea25f9
000004f6be19df79
000009f3ef097b61
0000000001c60471
0000000000000181
000004fa68f49bb9
000004fba3569c79
000004fd53840b39
000004fdda5f97f9
000004fe07bc0cb9
000004fec920a159
000004ffbc56ec79
0000050019dee4b9
00000500cbc22bb9
00000500e0607fd9
00000502e12eeb99
00000a068f742561
0000000001c60471
0000000000000181
000005054051f699
000005054051f899
00000507e6ee9959
0000050a5443d299
0000050adc7e5279
0000050b3488da79
00000a192fdecf61
0000000001c60471
0000000000000181
0000050f167a94b9
000005103a49c6f9
0000051096235cb9
00000510cb768ad9
000005123e8405b9
000005139022cab9
00000513f1465f59
00000514656f2d79
000005154f3f2a79
0000051550efcb99
0000051588139a19
000005159f866179
00000515c927e439
00000a2bd0497961
0000000001c60471
0000000000000181
00000516a9ffe3d9
00000516b4f87279
00000517f5eb2399
0000051855dc6c79
000005194adfcbf9
0000051953c17259
0000051ac4673b79
0000051cbecb8719
0000051e4bae5b39
00000a3e70b42361
0000000001c60471
0000000000000181
0000051f9c0814d9
0000052021b46039
0000052082b053d9
000005210ce34299
00000522d7d4cd39
00000523b2c78919
0000052410254a39
00000524fdde6139
0000052623453a99
000005262cd18a59
0000052747211fb9
000005277e94ad79
000005282bc0c839
00000a51111ece61
0000000001c60471
0000000000000181
0000052942766239
0000052a86813359
0000052abf9a6a39
0000052bade825f9
0000052be498ac19
0000052d65bacd99
0000052d775d0759
0000052d7fb5fdd9
0000052ff7933599
0000053118560d19
00000a63b1897861
0000000001c60471
0000000000000181
00000531dd9b8b79
000005364fd55e19
00000538570eff59
00000538eb90e719
0000053a405d8899
0000053ad5699519
0000053b02039d19
00000a7651f42261
0000000001c60471
0000000000000181
0000053bbfe43119
0000053c87a8bab9
0000053de1c4c0f9
000005412d13a7b9
000005431b38a3d9
0000054434b46779
000005446d879659
0000054473ba4ed9
00000a88f25ecc61
0000000001c60471
0000000000000181
00000544962391f9
00000544c8de4419
00000547cc5f7b79
00000548782aa519
000005491919b8d9
0000054a70f3cb39
00000a9b92c97761
0000000001c60471
0000000000000181
0000054df87e5999
0000054e88988f19
0000054f0b321739
0000054f0daf6bb9
0000054ff8583b99
0000055245a93b19
000005527c032519
00000552fa224d19
0000055356475559
0000055359e05159
000005537ff7e0f9
00000555cecb56d9
00000556d009be99
00000aae33342161
0000000001c60471
0000000000000181
00000557d2fa7299
0000055934bf1f59
0000055a4d9c3339
0000055a60795d99
0000055ae2590a79
0000055b5dc764b9
0000055d302a09f9
0000055dece32e99
0000055def38cc59
0000055e24016e79
000005606814ffd9
00000ac0d39ecc61
0000000001c60471
0000000000000181
00000561310a0979
00000561f361b959
00000561f63ebc39
00000563e90538b9
000005647960add9
00000564dd3bd219
000005662b0037d9
00000567c5829e19
000005686792e5f9
00000568964361f9
00000569111435b9
0000056954831519
00000569b38bb179
00000ad374097661
0000000001c60471
0000000000000181
00000569bd6ca699
00000569c8063c99
0000056a7f3c46d9
0000056a82ad89d9
0000056adb8dffb9
0000056b2e387759
0000056b82b36479
0000056d1179bdf9
0000056e886dd939
0000056ec72ad619
0000056ef6dccc99
0000056f90b496f9
0000057091285319
00000570d47f4f79
00000571ee5c8799
00000572c6a71779
00000572d1a45499
00000ae614742161
0000000001c60471
0000000000000181
00000574a08cad79
00000575f169f819
00000575f1de4059
00000aeeca2ca361
0000000001c60471
0000000000000181
