[MCS8 A] 97 FW 3.104 SV 1.257 
range=1024
periods=2
sweepmode=27e20d0
fstchan=0
holdafter=0
streamstatus=3
calreg0=0
calreg1=0
calreg2=0
calreg3=0
swpreset=8000        
prena=1
syncout=0
cycles=18
sequences=1
tagbits=16
vdac0=92c
vdac1=807
vdac2=8c8
vdac3=8c8
vdac4=8c8
vdac5=8c8
vdac6=8c8
vdac7=8c8
timepreset=150.000     
digio=0
digval=0
autoinc=0 
savedata=2 
mpafmt=asc
sephead=0 
fmt=asc
smoothpts=5 
[CHN1]
REPORT-FILE from 06/24/2026 13:05:07.157  written 06/24/2026 13:05:07
cmline0=06/24/2026 13:05:07.157 
cmline1=A1
range=1024
active=1
bitshift=4
cftfak=2580100
evpreset=10          
roimin=0
roimax=1000
caloff=0.800000
calfact=12.800000
calfact2=0
calfact3=0
calunit=nsec
caluse=1 
[CHN2]
REPORT-FILE from  written 06/24/2026 13:05:07
cmline1=A2
range=1024
active=0
bitshift=4
cftfak=2580100
evpreset=10          
roimin=0
roimax=1000
caloff=0.800000
calfact=12.800000
calfact2=0
calfact3=0
calunit=nsec
caluse=1 
[CHN3]
REPORT-FILE from  written 06/24/2026 13:05:07
cmline1=A3
range=1024
active=0
bitshift=4
cftfak=2580100
evpreset=10          
roimin=0
roimax=1000
caloff=0.800000
calfact=12.800000
calfact2=0
calfact3=0
calunit=nsec
caluse=1 
[CHN4]
REPORT-FILE from  written 06/24/2026 13:05:07
cmline1=A4
range=1024
active=0
bitshift=4
cftfak=2580100
evpreset=10          
roimin=0
roimax=1000
caloff=0.800000
calfact=12.800000
calfact2=0
calfact3=0
calunit=nsec
caluse=1 
[CHN5]
REPORT-FILE from  written 06/24/2026 13:05:07
cmline1=A5
range=1024
active=0
bitshift=4
cftfak=2580100
evpreset=10          
roimin=0
roimax=1000
caloff=0.800000
calfact=12.800000
calfact2=0
calfact3=0
calunit=nsec
caluse=1 
[CHN6]
REPORT-FILE from  written 06/24/2026 13:05:07
cmline1=A6
range=1024
active=0
bitshift=4
cftfak=2580100
evpreset=10          
roimin=0
roimax=1000
caloff=0.800000
calfact=12.800000
calfact2=0
calfact3=0
calunit=nsec
caluse=1 
[CHN7]
REPORT-FILE from  written 06/24/2026 13:05:07
cmline1=A7
range=1024
active=0
bitshift=4
cftfak=2580100
evpreset=0           
roimin=0
roimax=1000
caloff=0.800000
calfact=12.800000
calfact2=0
calfact3=0
calunit=nsec
caluse=1 
[CHN8]
REPORT-FILE from  written 06/24/2026 13:05:07
cmline1=A8
range=1024
active=0
bitshift=4
cftfak=2580100
evpreset=0           
roimin=0
roimax=1000
caloff=0.800000
calfact=12.800000
calfact2=0
calfact3=0
calunit=nsec
caluse=1 
;MCS8 #97 Sversion=1.257 Fversion=3.68
time_patch=1
;datalength=8 bytes
;bit0..3: channel# 1..8 ( 4 bit)
;bit4: edge 0=up / 1=dn ( 1 bit)
;bit5 ..57: timedata    (53 bit), max sweep length 2001.6 h
;bit58..62: tag0..tag4  ( 5 bit)
;bit63:     data_lost   ( 1 bit)
[DATA]
0000000000000016
00000000575a3939
000000013e260759
00000001b0373999
00000001bf885dd9
0000000227cf4359
00000002961a08d9
00000002aadd3ab9
0000000301392999
00000003186ab019
0000000375b8f2d9
00000004051f5519
00000004a4107c19
000000055fb0d9b9
000000057fd48f39
000000057fd4a599
00000005ae474ed9
00000005ddd91f79
00000006139989b9
000000066739c199
0000000685d665f9
00000006af8b3e79
00000007a2152cb9
00000007c5ff9619
00000008105aa939
000000081ab92c79
0000000879402ff9
00000008cb02c419
00000009f518f499
0000000a341b1a19
0000000a92555fb9
0000000b71ec19f9
0000000be554d799
0000000c3c8e4ab9
0000000cad0e1a39
0000000cd6946339
0000000d3ccd9359
0000000de1741099
0000000e1d3bcd39
0000000e1ef0b2d9
0000000eb8dd9c19
0000000edc36a139
00000010402a3759
00000010628dcd39
000000107cdd5bf9
000000107daee399
000000108672db79
0000002157195061
000000000230c271
0000000000000181
000000117bf20779
00000011c81d9d19
00000011fb7a4a39
000000121d7a9779
000000123dde63d9
00000012b50c8c59
00000012e651a799
000000138d158b19
00000013da3e3659
0000001434bc0299
000000149f4746b9
00000015eff57979
0000001659eafd99
0000001694da6599
00000016a9d2dc79
00000016caeebbf9
00000017048c6c79
00000017e04ff699
000000181586b059
0000001850ad5239
000000185abeca59
000000186b5d3cd9
0000001892366f79
00000018a0fc4139
0000001984ce8039
00000019d79659f9
00000033f783ec61
000000000230c271
0000000000000181
0000001a590f9239
0000001a78312a99
0000001ae88688f9
0000001b0ef00d39
0000001b1d8e4cf9
0000001b2f7d2fb9
0000001b3cf8d079
0000001bc0e5acf9
0000001cb7e67fd9
0000001d57f9ad79
0000001d88cb27b9
0000001dacdb84f9
0000001dfd8e35f9
0000001e08392e99
0000001ed38d2059
0000001f5f164a39
000000200897fe99
00000020fabf7b39
00000021300b98d9
00000021f581d5b9
0000002213f78f39
00000022a319a5b9
00000022c694cbd9
00000022e34b81d9
0000002314170499
0000004697ee8861
000000000230c271
0000000000000181
0000002351e0d579
00000023b178eef9
00000023ef586879
00000024276a5e99
00000024644cdad9
000000246daedaf9
000000253ab2cc99
0000002586a3a4b9
00000025cae21059
00000025dd3dbf79
00000025df04e4b9
00000026165d60b9
0000002626806f99
000000266e97a8b9
00000026fc992cb9
00000027045815b9
000000275fa30359
0000002831adbc79
000000283b683319
00000029b7b61659
00000029bc0d4619
00000029c4732f19
0000002a52bfa9b9
0000002a8e85a779
0000002afc761239
0000002b0ef94379
0000002b257b5ad9
0000002b50ebafd9
0000002bc1b449d9
0000002c447b1cd9
0000002c61e6fa39
0000002c61e70b59
0000005938592461
000000000230c271
0000000000000181
0000002d2355a119
0000002d72e08659
0000002d7ec1bd59
0000002d9a231c99
0000002df82f1339
0000002e72870d99
0000002ec7650a39
0000002f279d9779
0000002f402eb619
0000002f76f856b9
0000002f99df2079
0000003038b5a3d9
0000003053fe6959
00000030c18b1419
00000030c52f3839
0000003197696239
00000031c1b764b9
000000321b769079
000000327af70a99
00000032eba5e159
000000334f41baf9
0000003363025c79
00000033ba2489d9
00000033d01c1199
00000033f8771d99
000000343b3c11f9
00000034929967d9
000000351e7d2339
000000357ecd9899
0000006bd8c3c061
000000000230c271
0000000000000181
000000366043ed79
00000036a1a42d99
00000036af618ab9
0000003709ed1359
0000003712458159
000000376a88c139
00000037c18b42f9
00000037e31fd9f9
000000381acced99
0000003866f8c3d9
00000038f6b914b9
000000390a51dbb9
0000003b2f2fc359
0000003b7ea67c19
0000003b939e3599
0000003bfd6b9dd9
0000003d04478bf9
0000003d8a514c59
0000003e031c4ad9
0000003ea010b2b9
0000003ec30d48d9
0000003ef095a079
0000003f02f2bcf9
0000003f133aae79
0000007e792e5c61
000000000230c271
0000000000000181
0000003f8779c0d9
0000003fbfb06df9
0000003fc569ef59
0000003ffd6c30b9
0000003ffd6c3279
000000408e766dd9
00000040c8255f19
00000040fabb64f9
0000004160e9c359
00000041674b2579
000000426653c779
00000042dbb23c59
00000042dcc66679
00000043231a1d99
00000043776fd799
00000043c0395799
00000043f82fdf99
000000443e41b399
00000044adc31e59
00000044d8eac099
00000044e8bbabd9
00000044f981fa79
0000004518373bb9
00000045368ef779
00000046173f3bb9
000000462a61b979
00000046913bbad9
00000046913bcad9
00000046eefce899
0000004747958ed9
00000047673b82b9
000000479d512559
00000047bcd31939
00000048826ccf19
000000911998f761
000000000230c271
0000000000000181
00000048cc3af7f9
0000004920f45cd9
0000004943ba4299
0000004983b48b39
000000499065f4f9
00000049c8af60d9
00000049cd5c9619
0000004aa52090d9
0000004b3d4d4999
0000004b3e49c4f9
0000004b5c315679
0000004bbb8d3b39
0000004bbf77a8f9
0000004bcfce4af9
0000004c089f0bf9
0000004c2ffc07f9
0000004c724a4219
0000004cdb7642f9
0000004d1da6ed39
0000004e15ffd519
0000004e85615e79
0000004ed5c07459
0000004ef59d4d39
0000004f48cc7bd9
0000004fa241a259
0000004fb306ceb9
0000004ffb84f119
000000500351bf99
000000500e701e59
000000501634bcd9
000000506ca88ad9
00000050c1caee59
00000051b9371359
000000a3ba039361
000000000230c271
0000000000000181
00000051e02e1499
00000052037dc659
000000523a8aa619
00000052773be3b9
00000052c28150b9
00000052cba5b679
0000005328206a59
00000053d4e74159
00000054760a7b99
000000548d162dd9
00000054b03574f9
00000054f7a5f4f9
00000055288c4639
00000055385a6799
000000553b1e8679
0000005554035c19
00000055623b30f9
000000556ee2b6b9
000000558fa78319
0000005649170599
0000005684661259
0000005690757859
00000056af11cb79
000000572f6bf1d9
00000057993b8739
00000057b5d9dc39
00000057dce99b99
000000586fa17e79
00000058f58477d9
000000595d04a3b9
00000059c10e51d9
00000059f2c44099
0000005a29ba7919
0000005a54d7e4d9
0000005a9a2d7679
0000005aaf993a39
000000b65a6e2f61
000000000230c271
0000000000000181
0000005b332e13f9
0000005bc56f5499
0000005bd27e43f9
0000005c16c965f9
0000005cf6a047b9
0000005d36cda079
0000005daf849f59
0000005dff928659
0000005e21de7f99
0000005ec731c339
0000005eda73c3d9
0000005ef00d7c99
0000005ef3dde5f9
0000005f49dfa399
0000005f7fa896d9
0000005fc50b6599
00000060ad613799
00000060b2fb59d9
00000060ce6f9159
000000618bf80bf9
00000061c303f379
00000062230f8b59
0000006264f5dfd9
00000062d6595239
00000063d232f6b9
000000647c4c87d9
000000c8fad8ca61
000000000230c271
0000000000000181
00000064e3ec3879
000000650486bc99
00000065fd2ccbd9
000000665968e0b9
000000669d481e99
000000670f4b6439
000000677be93859
00000067d9d29259
00000067fc3b7d79
0000006838accb19
0000006897bbc839
0000006902ffdcd9
000000692dd777d9
000000693676a819
0000006962e58459
00000069a63653b9
00000069a63672f9
00000069ada31019
0000006aadcea079
0000006acd97a079
0000006b437dd499
0000006b554a7cf9
0000006c1a021139
0000006cac07f419
0000006cbe59b199
0000006ccd618719
0000006cff87a319
0000006d2bac7519
0000006d4f051ab9
0000006d88609db9
000000db9b436661
000000000230c271
0000000000000181
0000006ddb7de3b9
0000006e15d366d9
0000006e1f3de379
0000006e2c724e39
0000006eac644b99
0000007048875659
00000070ea64bd59
0000007154c086f9
0000007158b1c099
00000071d850a0b9
00000072933d4499
00000072a0b74a39
00000072a0e44f19
00000072cad62119
000000732f4fb179
0000007331aec239
00000073480e7b19
0000007384a38699
00000073a0d19cd9
00000073b777a4b9
000000745326ecb9
000000746f051ad9
0000007488c94479
00000074a3780379
00000074b1dcbbd9
0000007592b63819
00000075a3291099
00000075a8125d39
00000075fd7e6199
000000767357f6f9
000000771961fb79
000000ee3bae0161
000000000230c271
0000000000000181
00000077982b08f9
00000078897c2a79
000000789cfe9d99
00000078b1c4dd19
00000079322f8839
000000797fd5cfd9
0000007a37e5b4f9
0000007ab9558879
0000007adbea6139
0000007aec065df9
0000007b297ea2d9
0000007bf07398d9
0000007c15a59d59
0000007cc1de0899
0000007cfc803cf9
0000007d8445f799
0000007e705bf999
0000007e87250619
0000007ea64a7b59
0000007f8d820ed9
0000007fa0931959
0000007fa0f9e8f9
0000007fa8386499
0000007ff6e52839
00000100dc189d61
000000000230c271
0000000000000181
00000080a7e1b519
00000080aecc4439
00000080cb694319
00000080f8363899
0000008104da5979
0000008114609359
000000815d65a139
000000838c9292f9
00000083969f2539
000000839d1555b9
00000083a645f839
0000008456a307b9
00000084854ce5f9
000000853d49d8d9
000000861d071199
00000086c9704859
00000086e018ed99
0000008743b5e1b9
000000887c61a1f9
0000008901b9b479
0000008905a53f59
000000895bf97d99
00000089870c6559
000001137c833861
000000000230c271
0000000000000181
00000089d88953b9
0000008a4b979f19
0000008ac5b601b9
0000008acda41fb9
0000008c0098fab9
0000008c374f75b9
0000008d99522119
0000008d9ec41f19
0000008da2a2ed59
0000008db44b37f9
0000008e2be975f9
0000008f8c938e99
0000008fe3c9acf9
00000090ce056419
00000091941d2039
000000924f2f69b9
0000009295bdfdb9
00000092cf22dc19
0000009308351519
000001261cedd461
000000000230c271
0000000000000181
000000939b87e399
00000093bc4d4279
00000094a15ff759
00000094a2198ab9
00000094a7be5bf9
00000095f73144b9
0000009615bd81b9
000000971e79d3d9
00000097273d9c99
00000097cd4536d9
00000098489660d9
000000986bd022b9
0000009933fb0a19
0000009940eac039
00000099984d8499
0000009a50d626f9
0000009ad225f539
0000009b259fea79
0000009b6e585fb9
0000009b9b5a86b9
0000009c04eaf2d9
00000138bd586f61
000000000230c271
0000000000000181
0000009c8a9f0679
0000009cbe4003d9
0000009cd3fc2859
0000009d18141619
0000009d231b2e39
0000009d8a4ad619
0000009db7cdcbb9
0000009e07674819
0000009e3f4589f9
0000009f92bd49f9
0000009fe2f2cb59
000000a01ee5f9d9
000000a034986539
000000a0644e3a59
000000a12ea557b9
000000a1a0b6b239
000000a245a250f9
000000a2df0f96d9
000000a431b49b19
000000a43bfa7ab9
000000a46b9ff899
000000a4c8cf1679
0000014b5dc30a61
000000000230c271
0000000000000181
000000a5b37b79f9
000000a5be1e0219
000000a607906359
000000a6f7ebf039
000000a80193cf59
000000a80ca03fb9
000000a80ca04c39
000000a857a60979
000000a86be6aa39
000000a8c5afe559
000000a9e9ef80f9
000000aa1ec7b8b9
000000aab48dbef9
000000aae242efd9
000000ab0e0ef4d9
000000ab28ee0f39
000000abb68eb399
000000abb6a00979
000000abd4c00939
000000ac09048759
000000ac0f7b7a39
000000ad9539a119
000000ada8eb1af9
000000add0aee8d9
000000ae56b268b9
000000aeaa7a0bb9
0000015dfe2da661
000000000230c271
0000000000000181
000000af1b2f6eb9
000000afcf3e4c39
000000afdc4fe979
000000b02fc53279
000000b06125c1b9
000000b0cc8fdb79
000000b11f46c299
000000b2c7839b99
000000b3d5723699
000000b3f148a2f9
000000b436d491d9
000000b460a6cd79
000000b509254479
000000b5446270b9
000000b546b058b9
000000b55963c259
000001709e984161
000000000230c271
0000000000000181
000000b871992dd9
000000b8c1ac1919
000000b8dd74f219
000000b95b5adab9
000000ba7dce5439
000000baa71302f9
000000badd7c83b9
000000bbc8095a99
000000bbc873ffd9
000000bc3603b219
000000bd65d186f9
000000bf4c541399
000000bfa8442679
000000bfd4e9b959
000000bfdeb37279
000000bff779e3f9
000000c00ddb24d9
000000c04b6611b9
000000c105872d99
000000c1335f3fb9
000000c1459cb9d9
000000c16d84ac99
000000c18d5dc879
000000c19a52cbb9
000000c19deddc79
000001833f02dc61
000000000230c271
0000000000000181
000000c1a8c647d9
000000c1deef19f9
000000c1e6996b99
000000c29aaac919
000000c307089159
000000c315fa0599
000000c37ef49d39
000000c385262f59
000000c3f45ca279
000000c453aca1f9
000000c47d1fa059
000000c575880c59
000000c58edbc899
000000c5ba7a2bd9
000000c5f122a139
000000c6178144f9
000000c61f0af619
000000c64d5e75d9
000000c695f8bcb9
000000c72018fc59
000000c7832aa139
000000c8099b2979
000000c812ce7d59
000000c89b1a9739
000000c9f362d659
000000ca009ffb59
000000ca0fefd7d9
000000ca1f6815d9
00000195df6d7761
000000000230c271
0000000000000181
000000cb20e64df9
000000cc46973439
000000cce9ca0e19
000000cd534603f9
000000cdc7c49139
000000ce562d5d99
000000cef6a5ef99
000000cf36aa2819
000000cf71b8c399
000000d02afc1499
000000d067b3dcb9
000000d08c7267b9
000000d0a4a72f19
000000d1b05309f9
000000d1e8f2c4d9
000000d1f95cfa19
000000d2bb78bb39
000000d324ac9f79
000000d3254e03b9
000000d33817acf9
000000d3cd9f94b9
000000d3f6fc6619
000000d41a8ad899
000001a87fd81261
000000000230c271
0000000000000181
000000d49a4a2479
000000d551e22d99
000000d55ba78f79
000000d5abbfb439
000000d64f4f9cd9
000000d64fd181d9
000000d67d14a9f9
000000d7007ca6b9
000000d78973aad9
000000d7a3d0b5f9
000000d7ca0bf299
000000d7d519cc79
000000d818429c19
000000d8d43cd6d9
000000d9627b1e19
000000d9c369def9
000000d9d3ac5a39
000000da65112939
000000da79810e59
000000db4865d1f9
000000db91a38519
000000db9e8fb479
000000dc15ed56f9
000000dccbe9c559
000000dcfc14cd79
000001bb2042ad61
000000000230c271
0000000000000181
000000dde06f72f9
000000de06e658f9
000000de12364fb9
000000de4cc853b9
000000de9ee7da19
000000df4647d559
000000df7753fd39
000000dfffef4a19
000000e02c766979
000000e075aa88f9
000000e0da899079
000000e1786fedd9
000000e1f21f88b9
000000e2ab32d559
000000e3cea01bf9
000000e3edb835f9
000000e4bf127499
000000e523488a39
000000e523bbd359
000000e6886e9ad9
000001cdc0ad4861
000000000230c271
0000000000000181
000000e703c5bc59
000000e7f8b2c239
000000e86ce2c8f9
000000e8aa3effd9
000000e99d8761d9
000000e9a2f6f3b9
000000e9e350f6d9
000000eab784eaf9
000000ead5eaee59
000000ebc5318f59
000000ebe8ecff99
000000ec3782a2b9
000000ec402df4d9
000000ec5ab41539
000000ec81f97499
000000ecbebfeb79
000000ecc56c6f39
000000eccab2ed59
000000ecef4228b9
000000ed1d5e5ef9
000000ed643c8bf9
000000ed7123d519
000000edd45bfad9
000000ee75c877f9
000000eec495b6b9
000000eec4e7f499
000000ef28ef9919
000000ef45e8e299
000000efc8646819
000001e06117e361
000000000230c271
0000000000000181
000000f159afd2d9
000000f1a94fc619
000000f208df1e59
000000f21077ef79
000000f2948fc0f9
000000f3dca2ef39
000000f41b3c63d9
000000f462680959
000000f4848e9279
000000f4d3bfa8b9
000000f52b70ca79
000000f7137d4719
000000f713cbbe59
000000f75b93e679
000000f77c11ac39
000000f79059c119
000000f80b150999
000000f862a64719
000000f8b30058f9
000000f97e29b759
000001f301827e61
000000000230c271
0000000000000181
000000fb7fa033f9
000000fc23ffbc79
000000fc5d6cf059
000000fceb89dc79
000000fd2d1b9fb9
000000fe1b5a79f9
000000fe4e124579
000000ff02183199
000000ff4ae8edb9
000000ff608054f9
000000ff73b8ac79
000000ffc7cc9159
000000ffd4759f59
000001003957c4f9
000001005d659f59
0000010061295ef9
000001007fd25359
000001012623e699
00000101a24fee99
00000101b7d29b39
00000101da4b94d9
0000010279e1f719
0000010285ebe879
00000205a1ed1961
000000000230c271
0000000000000181
00000102e0be32b9
000001031ab6cc99
00000104149558b9
000001044c960419
0000010473423379
0000010499c2ccd9
00000104a21afb99
00000104e1511999
000001058ffc8dd9
00000105cf9e9439
000001079980c779
00000107d88280d9
0000010825cf4f79
0000010858c36139
0000010889ebc199
00000108ae672739
00000108c4ca52d9
00000108cd45a1f9
0000010a0dcf0e59
0000010ab8fdd079
0000010b2b4c4c79
0000010b415c6199
0000010b44a3a339
000002184257b461
000000000230c271
0000000000000181
0000010ced909379
0000010db9ffca59
0000010de5f9f399
0000010deb792db9
0000010e1bae8a39
0000010e2fc195f9
0000010e5a8113f9
0000010f31ccc679
0000010f7f0571d9
0000010f9cc1b1f9
0000010fdc21f959
0000011014a16c19
000001107ac2ba19
000001108b3cbf79
000001117edf9459
000001118194ffb9
00000111db2368f9
000001124f987459
000001125a7c8e79
00000112efd1e959
00000112f39a9ad9
0000011324016d19
000001137d6f8ef9
00000113e3ab9779
0000011411fad819
000001146a157879
0000022ae2c24f61
000000000230c271
0000000000000181
0000011572f11379
000001171ef715b9
00000117206c8499
00000117d63bb779
00000118ce3132f9
00000119067ca7d9
000001192fc9cb79
0000011969669939
0000011971f27059
00000119c21d3f59
0000011a45e92a19
0000011a46abd6f9
0000011a7ec127b9
0000011b700976d9
0000011c16665679
0000011c55208919
0000011c76798299
0000011cc71b3439
0000011d2b4dc0d9
0000011e62a344d9
0000023d832cea61
000000000230c271
0000000000000181
0000011ec4dd3199
0000011f82838b79
0000011f8724acf9
0000011fe58857b9
0000012010abeaf9
000001204d7ac1b9
0000012182c44439
00000121b69773f9
00000122283b2999
0000012250d7bfb9
0000012271a57539
00000122a3272d59
00000122fdb654b9
000001235b71f099
00000123a9a243d9
00000124dd083579
00000124dd0b94f9
00000124fb613b19
000001255ae373f9
000001262609cbb9
0000012631f6d599
000001267fdf46d9
000001274cb1c9b9
000001279f7104b9
00000127a499c639
0000025023978561
000000000230c271
0000000000000181
000001288c2d0fd9
000001291aaba9f9
000001295b2066f9
0000012979e0de79
0000012a68be03d9
0000012a6c452fb9
0000012ab5c6d399
0000012abbe4df19
0000012abff1a619
0000012ae2b7cbd9
0000012aecc2d159
0000012af2798719
0000012b0b4adad9
0000012b1a8d2a39
0000012b2a57d719
0000012b3c97ebb9
0000012cc0f4fa39
0000012cec49ad39
0000012d500e1ef9
0000012da5a71eb9
0000012dd39f02b9
0000012ddbf89879
0000012e082bb579
0000012e0ed278b9
0000012e37cac479
0000012eb79b67b9
0000012ebc220ff9
0000012f4a5e77f9
0000012f50ddcaf9
0000012f7f8b6419
0000013034f975b9
0000013118bc2a59
00000131607e4c39
00000262c4021f61
000000000230c271
0000000000000181
000001318a694039
000001322672eb59
000001324f2b20f9
00000132830f8859
00000132be696759
00000132d4ffd379
000001335a328d99
000001344c9b2b39
00000134675e6f79
00000134a81f4139
00000135c3805a19
00000135dd071c79
0000013600194a39
000001363023ee39
00000136591f3b59
00000137357dbe39
000001377eb25ef9
00000137b2defa39
00000137b3a27bf9
00000138bad2c2f9
00000138e62e43f9
00000138fbba6bf9
00000139d9089ef9
00000139d908a019
0000013a95926119
00000275646cba61
000000000230c271
0000000000000181
0000013b81322939
0000013bda3de6b9
0000013c9ae42bf9
0000013ced736719
0000013d3b243859
0000013d672d1059
0000013dc8f83319
0000013e4133a0f9
0000013ee460c0f9
0000013f36e07139
0000013f73a57959
0000013f99fc6319
0000013ffeb85879
000001401c101ad9
0000014038ecdef9
00000141077f7179
0000014133af2ad9
000001416b932559
0000014175b3eb59
0000014180bebf19
00000142099ceed9
000001437edccab9
000001438e9b1459
00000143ed176439
0000028804d75561
000000000230c271
0000000000000181
000001442df39119
00000144536cfc99
000001449521e239
00000144add4f479
00000145d58cb9f9
0000014642b4d359
0000014648032579
00000146f6679df9
00000147319fb499
000001473d2198d9
000001475c3bb059
00000147660c86b9
00000147b321bb39
00000147f58bb079
00000148510ccd19
00000148bde437d9
0000014917553339
00000149d1fa2919
0000014a3b840079
0000014a42e9ea79
0000014abe79c019
0000014ad37e0db9
0000014ad6746779
0000014af8b8a839
0000014c356679d9
0000014c38688d19
0000014cc9c76259
0000014ce3104739
0000014ce827c459
0000014d049bf139
0000014d1b39e0d9
0000029aa541ef61
000000000230c271
0000000000000181
0000014de5a68d19
0000014dfad514f9
0000014f0afe7dd9
0000014f4c8af6f9
00000150ea3750d9
00000151215517b9
000001512b3dd0d9
00000152775dc119
00000152979b9f39
00000152d49f3319
00000152d79b9319
00000152e1976339
000001532f640db9
000001537a7025f9
0000015449c4a299
00000154693a77f9
00000154a3bb8799
00000155223e14d9
00000155cb1c4479
000001566c7d5579
00000156a17b62f9
000002ad45ac8a61
000000000230c271
0000000000000181
00000156a3129d79
00000157f3e77439
0000015883c28bb9
00000158bde80c59
00000158cb015d59
00000158d68c92f9
00000159ca759d99
00000159d8596099
0000015a16562779
0000015aacbbb4b9
0000015b092b5dd9
0000015b1f94fc19
0000015b7aaeef39
0000015bc27a37f9
0000015bc85a49b9
0000015c61e21979
0000015c690f5179
0000015cc4d2a219
0000015cef2979f9
0000015d767963b9
0000015dd24229b9
0000015dfc9743d9
0000015e0cd124b9
0000015e532987b9
0000015efd2334d9
000002bfe6172461
000000000230c271
0000000000000181
000001608af0ea99
00000160ce1ea4b9
00000161499b7619
00000162d706a1d9
000001633372be39
0000016343f2d639
00000163c14b5c19
00000163c1bb46d9
00000163cbe24db9
000001641ce722b9
0000016426086959
00000164894cea19
00000164c1f5e279
00000165312525f9
00000165a3c66359
00000165c8b5b799
000001667b137c79
000001679f9e0ad9
00000167dc6bfc59
000001687f792a79
00000168bde7b0b9
00000168d908f7b9
00000168d9783019
000001693eefb0f9
000002d28681bf61
000000000230c271
0000000000000181
00000169569c9219
000001699add3dd9
00000169bdb697b9
0000016baa9c6159
0000016bcf00ab19
0000016bf2185979
0000016c03958a79
0000016cf8ed6159
0000016d36ff4b39
0000016d4429e639
0000016deec15bf9
0000016eb71cf759
0000016f6f0618b9
00000170405bbbd9
000001705c44ef19
000001705c44f0d9
00000170b5c7a179
00000171674dc2d9
0000017210df3959
000001724a1851f9
0000017255e7a739
0000017267dac599
000001727431ad99
000002e526ec5a61
000000000230c271
0000000000000181
00000172e23e0e39
00000172e8434339
00000172f9f965f9
00000173075484f9
000001732266b4d9
000001733dee0299
0000017354c28a99
0000017379a071f9
00000173a23f2c59
00000173efa92879
00000174126b3b19
000001747fdde319
00000174e4bad519
00000175eaadb079
00000176e1e23bb9
00000176f5a25a19
00000178bcfd94b9
00000178d2cfcab9
0000017905b3a3d9
00000179282085d9
00000179bf3d5c19
00000179dced9f99
0000017a77177f39
0000017a8e8da459
0000017ad1bcc499
0000017b31fe2559
0000017ba0d385f9
000002f7c756f461
000000000230c271
0000000000000181
0000017bf03ee819
0000017c663f0e39
0000017d908862d9
0000017d92b58159
0000017dc2a27979
0000017ee38a1a79
0000017f57e6b399
0000017fc0f7e8d9
0000017fd2d143d9
0000018092d786b9
00000180f2766599
00000181415c0419
00000181d31837f9
0000018299a9d819
00000182cb420699
000001833ec4a079
0000018364b806d9
00000183ae3680d9
00000183f08e8d59
0000018401d9bc99
00000184836cfeb9
000001850f5fcd59
0000030a67c18e61
000000000230c271
0000000000000181
000001861c17a7b9
00000186b0b82b79
000001872ae487f9
000001873ef85ff9
0000018744fd56b9
000001875979e379
00000187a86533d9
000001883e5a5d39
00000188870d54d9
0000018892f3e019
00000189b170c2f9
0000018a3a004279
0000018a7d92fe59
0000018a84f5d119
0000018aa9508e19
0000018abc971259
0000018bc6a97f99
0000018bd53e2999
0000018be0e0d759
0000018c1046dfb9
0000018c64251a59
0000018c84d256d9
0000018c8ee07679
0000018cab00a519
0000018cb3041479
0000018cbc8a4cd9
0000018d81c442f9
0000018d91724099
0000018db2f23b99
0000018dc08a49d9
0000031d082c2961
000000000230c271
0000000000000181
0000018e9ce12bf9
0000018eabea7a39
0000018ee1c0dd39
0000018eea822ef9
0000018fb53fc7f9
0000018ffb812399
00000190597805d9
000001906f009259
000001907ca1bf59
0000019090d4f059
00000190c83f2999
00000190eebf1bb9
00000191579c7cd9
000001918586fd39
00000191a81657d9
00000191d0c8dcb9
00000191f1c80139
00000192190f8f79
0000019225c573b9
00000192b3c72279
0000019380bd3c19
000001938c74b639
000001941febb159
00000194e9929e39
00000194f44b59f9
00000195316b9199
0000019585613639
00000196048aab39
000001960df3d2f9
00000196486c4bb9
000001969157ebd9
0000032fa896c361
000000000230c271
0000000000000181
000001983fd5f219
0000019849ca94d9
000001986fb5a259
000001993b87f9d9
000001996d851bf9
00000199d38aa999
0000019aa854c219
0000019aace60599
0000019b27197cb9
0000019b6148c139
0000019babe893f9
0000019c33c563f9
0000019d28c95d39
0000019d5dd9e6d9
0000019d63900fb9
0000019e1c65a999
0000019e36130cb9
0000019e9592d7d9
0000019f734acd79
0000019f8df92339
0000019fdff4c239
000001a002270b99
000001a08c77e039
000001a113863559
0000034249015e61
000000000230c271
0000000000000181
000001a1c79eac79
000001a256b5eff9
000001a2f1d43e79
000001a37524c139
000001a3ae7e57f9
000001a418178099
000001a41b2ad5d9
000001a4377e1499
000001a4d3ad93d9
000001a4f9681cd9
000001a538a6c239
000001a5f8630599
000001a5fc749439
000001a60a52e2f9
000001a62843a399
000001a69172d739
000001a6a9843f99
000001a6f99fce59
000001a73f8a6499
000001a792def539
000001a7b2b47559
000001a8b802a119
000001a8da003639
000001aa5f971419
00000354e96bf861
000000000230c271
0000000000000181
000001aa7d2b7f99
000001ab5cd609d9
000001ab65278e59
000001ab87aea299
000001ac1ca86dd9
000001ac34ba9e39
000001ac7372f7f9
000001ac927cd6f9
000001acd038b7d9
000001ade6dde739
000001ade8e84439
000001adf91df0d9
000001ae7a475999
000001af72707a79
000001afe781d899
000001b038661959
000001b0afb68299
000001b0beac3cd9
000001b14feb3379
000001b2249025b9
0000036789d69261
000000000230c271
0000000000000181
000001b3e18ed579
000001b52332add9
000001b530dea719
000001b534b4ce99
000001b5f2e62139
000001b7298714d9
000001b7d84aa579
000001b82852d7f9
000001b87e8d4f19
000001b8f7f44419
000001b8f84e4b99
000001ba388e2639
000001ba8336a859
000001ba87629a19
000001bc0b3632f9
000001bc671ee2b9
000001bc7b4d4f19
000001bcd02ee639
0000037a2a412c61
000000000230c271
0000000000000181
000001bd3094d599
000001bd6eb20899
000001be29ab5239
000001be2fcac279
000001be3d8c15d9
000001bed2029b79
000001bf4b89c139
000001bfa00a63f9
000001bfb557a819
000001bfca693ad9
000001c00500b099
000001c14fb41b59
000001c23f2db239
000001c286607dd9
000001c2b9330fd9
000001c309034359
000001c332b880d9
000001c352ffcd39
000001c377c59df9
000001c3d1917a19
000001c4846742b9
000001c4b924d499
000001c6057861b9
000001c6480150f9
0000038ccaabc761
000000000230c271
0000000000000181
000001c680921b39
000001c6acb49659
000001c7702c7f39
000001c7b373f0d9
000001c7faaeb499
000001c81b177979
000001c850b6d1b9
000001c86f6d1fb9
000001c875e7b5f9
000001c89b50add9
000001c8d30e1d59
000001c8f70a4cf9
000001c9b80a2419
000001ca16adb879
000001caa9952619
000001caba616299
000001cb9d072a79
000001cc014c9e39
000001cc98fa3859
000001ccdfc165b9
000001ce01522059
000001ce87fb5af9
000001cec019f699
000001cecb34fc79
000001cf54423219
0000039f6b166161
000000000230c271
0000000000000181
000001cfb68ed519
000001d020c17bb9
000001d041f67879
000001d08089d1f9
000001d0a77e2bb9
000001d0ffd22bb9
000001d193a9d3d9
000001d1c5b97c59
000001d2137b8cb9
000001d23a51e279
000001d3050eaf19
000001d3dcc56399
000001d41cc757b9
000001d43a885199
000001d44809ce99
000001d46d04e499
000001d48ace2ad9
000001d5332147b9
000001d53583cfd9
000001d57148f999
000001d6c648cfb9
000001d7979b16f9
000001d7c371c799
000001d819b32199
000001d888b46259
000003b20b80fb61
000000000230c271
0000000000000181
000001d98c074e79
000001da0c3e8179
000001da304cea59
000001da8ac77379
000001dac16b27d9
000001daebb93a79
000001db0b4ed0b9
000001db26615bd9
000001db38ee9499
000001db7a260b19
000001dbcd2bdd19
000001dbfea1e7f9
000001dc56847b39
000001dd605a95f9
000001de27d15f79
000001de374f70b9
000001de9fa40479
000001dea8cab2b9
000001deb3422339
000001df23389919
000001df336437f9
000001dfa5834659
000001dfb75e49d9
000001e0877897d9
000001e0889047b9
000001e0bc79e3b9
000001e0ef718099
000001e118daddf9
000001e17a73f3b9
000001e1e7b5bd79
000003c4abeb9561
000000000230c271
0000000000000181
000001e28d28a3f9
000001e28e846479
000001e37ceae7d9
000001e3d3cd1ef9
000001e47683a079
000001e4827408b9
000001e4f23be739
000001e6a087f579
000001e6a1539ad9
000001e764fb6519
000001ea5148dc19
000001eae7f09999
000001eb0b325379
000001eb73324f79
000003d74c562f61
000000000230c271
0000000000000181
000001ec48ae06d9
000001ec727852d9
000001ec7a715839
000001ecc6a85819
000001ee7a8db579
000001eee2165219
000001efa6b31499
000001f08ec409b9
000001f1167cb679
000001f132062e19
000001f1b6a73299
000001f1e04021f9
000001f292f75459
000001f311288eb9
000001f3296f41b9
000001f3b888d179
000001f3d026f539
000001f41b3ffe39
000001f436e4b719
000001f43cfa3a19
000001f44d1b4cf9
000001f45d0d0d39
000003e9ecc0c961
000000000230c271
0000000000000181
000001f503413a19
000001f6994ebed9
000001f6d39fd679
000001f6e9b27b59
000001f6fb6c0259
000001f778979239
000001f7a23998b9
000001f8156fcbb9
000001f8259ba4b9
000001f89bb03c79
000001f8ac41edb9
000001f8b4908279
000001f95fdb42b9
000001f9aedb9ad9
000001f9b5b13399
000001fa2651cbf9
000001fa73b7dbf9
000001fbc4526a19
000001fbfbc89219
000001fbfff948b9
000001fc95ba34d9
000001fcbe474499
000001fde003f5f9
000003fc8d2b6361
000000000230c271
0000000000000181
000001fe95116f19
000001feeb520639
000001ff196bc739
000001ff88237ff9
000001ffe3230079
000001ffe3230299
000002005142d4b9
000002007a379679
00000200c303e959
0000020109afb539
000002011eedd539
0000020174c422b9
00000201ddc734d9
0000020229c7d0d9
00000202699a6859
0000020376fa0bf9
00000203b47a5619
00000204468de479
00000204e266c479
00000205d9417dd9
00000205ee8928f9
000002065f6e0179
000002070d799fd9
00000207405410b9
000002074e2b05d9
0000040f2d95fd61
000000000230c271
0000000000000181
00000207aecc6559
00000207fb0b28b9
0000020840e7b0f9
00000208b2eaed99
00000208c80b35d9
000002093f021919
000002095f6fea39
000002099f896cf9
00000209c3a12ad9
0000020a33efb319
0000020a487a3279
0000020b55562819
0000020bd2d1d319
0000020c94964919
0000020e1e52a239
0000020e746118d9
0000020ea1134059
0000020ee4280579
0000020f0e0443d9
0000020f5f0c36b9
0000020fa563bab9
0000020fe47dc379
0000020fe77ada59
0000021031c47b19
000002103b7f2219
0000021055e080d9
00000421ce009761
000000000230c271
0000000000000181
000002110f16d899
000002111a58b6b9
00000211bb30e259
00000211dbc05b79
00000212ca9f8af9
000002140f514a19
0000021426ffadf9
00000214d1bc62b9
000002155a091599
00000216b373fe99
00000216c02193d9
0000021722ee7799
0000021768e29e79
000002181be71739
000002182dfca5d9
0000021860aec479
00000218913fc179
00000218e92160f9
000002191f3beab9
000002194e8eaf99
000002195b1a9359
000002197d98c299
000002198575e2d9
00000219abc27d39
00000219d2162479
0000021a29764df9
000004346e6b3061
000000000230c271
0000000000000181
0000021a5189bdf9
0000021aef5872b9
0000021b10ee9699
0000021b24804419
0000021b4a2f1899
0000021b5405a2b9
0000021b561a9bf9
0000021bea2c07f9
0000021beee85999
0000021c2c082a59
0000021d3385ac99
0000021d33c295d9
0000021d416cbf99
0000021dab01b6b9
0000021dbabfa2d9
0000021ddd6a2199
0000021e1d119d79
0000021e39c48459
0000021e3bc07799
0000021e61a72479
0000021f9d3593f9
000002203817dcd9
000002203bd2e659
0000022053ef9a59
000002207a50aef9
00000220f598cfd9
00000220f7be5739
0000022127a480f9
00000221997b8e59
000002220a6a2599
000002221a5633b9
00000222df7ed919
000002230e4a0219
000002231bc92cf9
0000022351956f19
000004470ed5ca61
000000000230c271
0000000000000181
00000223e13678b9
000002248234f159
00000224aa1ffd99
00000224d0b8de79
00000224d54b8859
000002251ab332d9
000002251addfdf9
00000225a3f92219
000002261bfd97f9
000002261f660739
0000022621507f59
00000226be0249f9
00000226c36b7379
000002279dda5d19
00000228ea66e579
0000022971d33b99
00000229915c1a19
00000229915c2cb9
00000229e2095db9
0000022a6b8ba939
0000022b0b00d5f9
0000022c14711a79
0000022c1f8f98b9
0000022c59cfc1b9
00000459af406461
000000000230c271
0000000000000181
0000022cd84a4a39
0000022e4096d079
0000023010f938b9
00000230667429b9
0000023155113ad9
0000023208dc9939
00000232347f9d59
00000232a7e964f9
00000232f2d42a39
0000023327096fb9
0000023400591d39
000002343f881179
000002344c033ab9
00000234739111d9
0000023473912f79
00000234848cb559
00000234e5aa6fb9
00000234f1e27ed9
0000023504bb0b59
00000235351d7219
0000023539f9e799
00000235498ae579
000002356f3ef179
000002357375f5b9
0000023586fcda59
0000046c4faafe61
000000000230c271
0000000000000181
000002364f46f3b9
0000023656495df9
000002366eb90159
000002371cf7d319
00000237761f4f59
00000237bbf4b2d9
00000237e39b60d9
00000237f29cb899
00000238e57d7f39
00000238ed207299
0000023931ae0d39
00000239f5400639
0000023af32ef439
0000023b3510a3f9
0000023ba82185b9
0000023cc0f2b8d9
0000023d28367019
0000023d35c3a299
0000023dd118fbd9
0000023e28bed459
0000023ea54f6ad9
0000023f3098e699
0000047ef0159761
000000000230c271
0000000000000181
0000023fccffa399
00000240614b0b19
00000241e5b55139
000002421358e8f9
00000242eb4d32b9
00000244bdc62d19
00000244ee612f99
00000244f8cae5b9
0000024517fbd4f9
00000245511d05b9
000002457ecfd499
00000245ace17ef9
00000248238d3dd9
000002487b573239
0000049190803161
000000000230c271
0000000000000181
00000248ce323559
00000248db840cf9
00000248fcaddd99
0000024906c9ab59
00000249fc2ae579
0000024a8665e9f9
0000024a8af09f19
0000024aba70f1b9
0000024ae213f339
0000024bb9f6bf59
0000024bd15b7ef9
0000024c81dcb3b9
0000024c9c3a7239
0000024d87a69159
0000024da65550f9
0000024dac63b039
0000024e213285f9
0000024eee2bb999
0000024f075f8719
0000024f21dd0079
0000024f294705b9
0000024f546d8a79
0000024f6bf14979
0000024fc1fba259
000002500e5d36f9
000002507ceb8359
000002508b9204d9
00000250a1027139
00000250b2ca1699
00000250b749c699
0000025107ed56b9
000004a430eaca61
000000000230c271
0000000000000181
00000252a4fc6f99
00000252d02500f9
0000025377e49a99
00000253a8071239
00000253f453e819
0000025429d86b99
000002544c1f4859
000002546e089239
000002553639fd39
000002557df2e379
00000255b4022479
0000025693359159
00000256f7e19299
0000025747325919
0000025859e65a99
000002586827e0d9
00000258fbb4ee39
000002597486faf9
0000025979065ed9
00000259a17cc019
0000025a5e66e419
0000025ace417719
000004b6d1556461
000000000230c271
0000000000000181
0000025c006b4ab9
0000025c1fd87759
0000025c6bfec2d9
0000025cc7a92c19
0000025d8cc01239
0000025ddd658719
0000025e7c595a59
0000025eae665659
0000025f8f73ee99
00000260088a0cf9
00000260497cf939
0000026052e7f179
000002617308b2b9
000002619e1b2859
00000261fb157db9
0000026326ecc7b9
0000026452632159
00000264537feb79
0000026465cc7ff9
000002647dd74b79
000004c971bffe61
000000000230c271
0000000000000181
00000265dbe818d9
000002664a9137b9
00000266ea311e19
00000267228fe139
000002678006b699
00000267a5d8b259
00000267e7fb4a39
0000026811bae499
00000268237f22b9
00000268776d5e39
00000268790938f9
000002689cfabb99
00000268abd5ba39
00000268f46b0d79
0000026a568980b9
0000026aab2b0db9
0000026aaeee2739
0000026bdc291ef9
0000026c0a155db9
0000026c4e631a59
0000026c54b53699
0000026c54b53899
0000026c80f5b559
0000026cd3c8d619
0000026d3ae857d9
0000026dc2e8daf9
000004dc122a9761
000000000230c271
0000000000000181
0000026e0af2f619
0000026e34e4c339
0000026ea057b499
0000026ed8cff0f9
0000026f0981ec99
0000026f3ec6f299
0000026f9f3a12f9
00000270612d9719
0000027135df9879
0000027232bee479
00000272c9946799
0000027374bbfe99
00000273ca651bb9
0000027474b29819
00000274c38c1c19
00000275462a3739
0000027589f21d19
000002758c2a6879
00000275e6c4b3d9
000002765e1020f9
00000276ab9513d9
00000276e1333e19
000004eeb2953161
000000000230c271
0000000000000181
0000027782d84bb9
00000278a83a2899
00000278bc744af9
0000027905866f39
000002796ecdd599
000002799f246cd9
000002799f248ed9
00000279bed3e239
00000279cb48b859
0000027a197c23d9
0000027ae76e1079
0000027b611a0259
0000027c0afa02d9
0000027c22cef999
0000027c22cf0079
0000027c677c92f9
0000027c76c66799
0000027c8a5f4bb9
0000027ca32edaf9
0000027cf97dd679
0000027d1ebd2719
0000027d22a88c99
0000027d73cdda79
0000027d80d0a239
0000027d9c12e3b9
0000027da435fa19
0000027de26dfb19
0000027e0dac4159
0000027e9f5bc2f9
0000027ec8761eb9
0000027f1bdc6419
0000027fdd232199
0000050152ffca61
000000000230c271
0000000000000181
00000280b4f13639
00000280b7cd25d9
0000028121400779
00000281a626e779
00000281fd0cf8b9
000002825b220a59
000002826579d8b9
00000283dc004ed9
00000283dcd0bcd9
00000284197fcc19
0000028466128679
00000284c5f1d5d9
00000284c65157b9
00000284f1846579
00000284f5ccbd19
0000028585aa98f9
00000285f1b76939
0000028678cc0499
00000286a75ff179
000002877c916959
00000287be7adaf9
00000288121e0899
000002886fed71f9
000002892ff672f9
00000289a32f3f59
00000289baf00af9
00000513f36a6361
000000000230c271
0000000000000181
00000289fa8f5899
0000028a7e59cad9
0000028a81758799
0000028ab0dade39
0000028b242d3999
0000028b242d4699
0000028bee132ef9
0000028c03aa6c39
0000028c55df7159
0000028d58fff599
0000028dbd4346f9
0000028dd1a95bb9
0000028e5e00aff9
0000028e79663959
0000028ee84690f9
0000028f3df28919
0000028fd1313459
00000290190d4dd9
0000029059325699
00000290b90673d9
00000290d9cedf19
0000029128495159
00000291ca779bd9
00000291e1c2b819
000002920877b279
00000292c9b5f5b9
00000292e54a0479
00000292ef35e559
0000052693d4fd61
000000000230c271
0000000000000181
000002939beab8f9
00000293ef3bbd19
000002942fbdd979
00000294f0458879
00000294ff2b6f39
000002955e0cc4f9
00000295f64cea19
000002969fee0b19
000002979674c7b9
00000297ab80a479
00000298a80657d9
00000298c07b5ed9
0000029a72289979
0000029a7e83fdf9
0000029b4e4110d9
0000029b7327bf59
0000029ba876bcf9
0000029bfc95e8d9
0000029c08d9d779
00000539343f9661
000000000230c271
0000000000000181
0000029cbae8ab99
0000029cbc074639
0000029d02916539
0000029d3eb27879
0000029e66fabc99
0000029f19dc1679
0000029fe6785fd9
0000029ff9097c99
000002a029676099
000002a1319e5579
000002a1834f9839
000002a341d58279
000002a380b231b9
000002a39426daf9
000002a3b1e55459
000002a3b52187d9
000002a4ea3d0999
0000054bd4aa2f61
000000000230c271
0000000000000181
000002a5fd1d5d19
000002a72569e7b9
000002a7799c6739
000002a7c02be859
000002a8247811d9
000002a896d76bd9
000002a89fc28599
000002a8d5588c19
000002a91a66fef9
000002a91cdd9779
000002a94ac86639
000002a9de4f6a59
000002aa0e023b99
000002aa22415d79
000002aa60530cd9
000002aad0cd94f9
000002ab44409ad9
000002ab4ecdf099
000002ab567fa7d9
000002ab5f414e79
000002ab68cb0cb9
000002ab6fae4039
000002ac1cacb7b9
000002ac9d75b6b9
000002ad65897279
000002ad84a5acf9
000002adc53886b9
000002aed945f2d9
0000055e7514c961
000000000230c271
0000000000000181
000002afb62b2b39
000002b042a93299
000002b06cfa9479
000002b077a0a459
000002b101a4c519
000002b11078b3b9
000002b128fe4ed9
000002b28e170cd9
000002b2b6a18819
000002b2bfaf6579
000002b327725a19
000002b3449ead59
000002b3638fb2d9
000002b396e68e99
000002b3a80af399
000002b42d275799
000002b50753e2b9
000002b54b0c0ed9
000002b5662cce19
000002b58c187459
000002b6143f20b9
000002b635b68f79
000002b6612f3999
000002b6c3b79179
000002b8191f42b9
00000571157f6261
000000000230c271
0000000000000181
000002b89d857479
000002b8b2634d79
000002b8b93096b9
000002b8c1182f99
000002b9254c4099
000002b9cb6267f9
000002ba4d3ffab9
000002ba611442b9
000002bb3d29d839
000002bb56ad7939
000002bb602b5e99
000002bc5590a979
000002bc902256b9
000002bcdb47c719
000002bdab1411b9
000002bdd6f43b59
000002be1c17cd19
000002be6326a679
000002bebbea86d9
000002bee8638739
000002bf38fb02b9
000002bf44903d99
000002bf55783919
000002bf56ce1159
000002bf648a84f9
000002c0a16f8939
000002c0b3b3aab9
000002c12d016b19
000002c1c9ee37b9
00000583b5e9fb61
000000000230c271
0000000000000181
000002c1e920ceb9
000002c23750f839
000002c2a6009319
000002c2ab7578d9
000002c48977d579
000002c49987ccb9
000002c58d1fe939
000002c5d034e339
000002c6183ce6f9
000002c653010d79
000002c654188a79
000002c728b21939
000002c79966c899
000002c80407e0f9
000002c84a9a0339
000002c9b8e2e879
000002ca7dbe2f79
000002ca98be4a99
0000059656549461
000000000230c271
0000000000000181
000002cbe2943819
000002cbf3d148b9
000002ce45baebb9
000002cfcfadf319
000002d000ce1af9
000002d02836d099
000002d031166ad9
000002d100de1939
000002d20e96db19
000002d2339df539
000002d2816f9fb9
000002d309b25fd9
000005a8f6bf2d61
000000000230c271
0000000000000181
000002d4e01f9699
000002d542608e79
000002d5745838b9
000002d5893965f9
000002d590081319
000002d5c6858259
000002d5cecd4779
000002d5ea2e7319
000002d6b53b9199
000002d70ea6b679
000002d811620379
000002d8777e1279
000002d879700299
000002d889485ed9
000002d8ae2884f9
000002d957b2c559
000002d9b9152119
000002da1b0dabf9
000002da568dc219
000002dab596ba59
000002dbd25f2d19
000002dc52196779
000002dc7774b1f9
000002dca8f34019
000005bb9729c761
000000000230c271
0000000000000181
000002de262fef99
000002de860c4e39
000002df1013e159
000002df2640fc79
000002df96983559
000002dfc1c34259
000002dfc483b939
000002e011dd1b79
000002e038bc4039
000002e06c07c879
000002e086243359
000002e11455da99
000002e1b63ee819
000002e1e414eb19
000002e3ad260179
000002e3af81d4d9
000002e61c920ff9
000002e6cd0d40b9
000005ce37946061
000000000230c271
0000000000000181
000002e721f33379
000002e785e51bd9
000002e7c9432ed9
000002e8b6dd3499
000002ea1311e9b9
000002eab2443c79
000002ead5d34279
000002eb00b409d9
000002eb08712339
000002eb7c1bddd9
000002ebdba822f9
000002ec20ccb4d9
000002ed8dfe00f9
000002ed99b365b9
000002eddbd9b659
000002ee960d0c79
000002ef68e49059
000002f02d1b69f9
000002f05c96da39
000005e0d7fef961
000000000230c271
0000000000000181
000002f10000d399
000002f104d8d419
000002f149305d19
000002f2212d0e39
000002f304f70cd9
000002f3ca728379
000002f403901b39
000002f482d74439
000002f5ff578679
000002f61f095bd9
000002f6e04069d9
000002f7a21ecd19
000002f8278e5ef9
000002f852f35699
000002f87e121f79
000002f911582379
000002f93740ad59
000002f9572346f9
000005f378699261
000000000230c271
0000000000000181
000002fa4c3abb59
000002fae34bc2d9
000002fb19ae2bb9
000002fb57fe30f9
000002fb893fa679
000002fbbea86339
000002fc048e6939
000002fc0cbd2579
000002fcff1d82f9
000002fd00e0f259
000002fd55b505d9
000002fdbb10d5b9
000002fe130382b9
000002fe35f091d9
000002fe539ec299
000002fef9c897b9
000002ff543f56d9
000002ffd8020199
000002ffe2af3979
000003000a6db979
0000030051876039
00000300fab46f79
000003029d348a39
00000302b04f25f9
00000302f2949f39
0000060618d42b61
000000000230c271
0000000000000181
00000303345861f9
000003037009fb19
00000303a5543d59
00000303c90c1e79
0000030480e33299
00000305177b1fd9
00000305f8180219
000003061ff0be99
00000306b5098159
00000307b905b5b9
00000308b10d8e39
0000030903792ab9
00000309a8f5d9f9
0000030a4e31d259
0000030b9daa6519
0000030bb45c2fb9
0000030bfd4f76d9
00000618b93ec461
000000000230c271
0000000000000181
0000030c635c0ed9
0000030e00c61e39
0000030e60bb0f39
0000030ecf643af9
0000030ef751fab9
0000030fc798eeb9
0000030fd7e2fb59
0000030fdc17c259
0000031076c35419
00000310d1613839
00000310d7764c79
000003110b7542f9
0000031146407ed9
0000031160df1a99
00000311e2b2a3f9
00000312cf76ded9
00000313075ff639
0000031362ecda79
000003144813f3f9
0000031476c19e19
00000314c3c7bcb9
00000314faf869f9
00000315a610c359
0000062b59a95d61
000000000230c271
0000000000000181
00000315dfaa0459
000003164b9b77b9
00000316af68c299
00000317224a2df9
00000317e4ccdbb9
00000318b2e61819
000003191a7b15d9
0000031939731c39
0000031a58736b99
0000031a60a17a39
0000031b1abb4459
0000031b406b43d9
0000031b78341799
0000031b85006539
0000031bd1d05f59
0000031bf68a1879
0000031c10ef1239
0000031d367f8499
0000031db53405d9
0000031db9c0e339
0000031e127d8b99
0000031e15b9bbb9
0000031e62842499
0000031ed8b291d9
0000063dfa13f661
000000000230c271
0000000000000181
0000031f87d96399
0000032007fccf19
000003203066fb99
000003203a7fe639
000003209b2855b9
00000320eb52d9f9
000003210de151f9
00000321ad8382d9
00000321d4a294d9
00000321f67bcc99
00000322c1488439
00000323cb668519
0000032481da8e39
0000032560dc8479
00000325d7e12c99
00000326bb03dc79
00000326c16d0399
0000032719fed599
0000032779ccd9b9
000003279f428cf9
000006509a7e8e61
000000000230c271
0000000000000181
0000032894d3cfd9
00000328a6c70c19
0000032a57af7cb9
0000032ab2a81ad9
0000032b7348b259
0000032c42686bd9
0000032c8bfbdd39
0000032d43508699
0000032d6b7a75b9
0000032d8ebe1539
0000032dfc227579
0000032e3dd61799
0000032e8cd81179
0000032ebbe5ce19
0000032f5e92f1b9
0000032f61158c99
0000032ff8e6b9b9
0000032ffaa33779
000003305647b2b9
0000033061899819
00000330ef707ad9
0000033132608e99
000003316db07239
00000331889fdc39
000006633ae92761
000000000230c271
0000000000000181
0000033228cd2c39
00000332b528c299
00000332b5fabcb9
00000333bed5a2f9
000003345b19d179
00000334a7072759
00000334a75d1379
00000334dff9bd79
00000335126ff8f9
0000033514918139
0000033570fccf99
00000335a71a2d19
00000335d6272119
00000335fdf05db9
0000033607c07119
000003361214ce79
000003364d342dd9
000003370dd1f9b9
00000337a78fc159
000003383dda8919
00000338aafd6df9
00000338d113c239
0000033921def5d9
000003393e69e119
000003399b2caed9
0000033a28f863f9
00000675db53c061
000000000230c271
0000000000000181
0000033c20997b79
0000033c323403f9
0000033c610493d9
0000033c8be86119
0000033cae95baf9
0000033cfaebe619
0000033da9ae87b9
0000033dc3ca4099
0000033dd0b5fa39
0000033e5faf2279
0000033ecb9de3d9
0000033edc3b6db9
0000033eded158d9
0000033fb5f3aeb9
000003412587b6f9
00000341bb015679
000003420d7e88f9
000003423162bcb9
000003428e2a2299
00000342972d2559
00000342b63383b9
00000343991dd8b9
000006887bbe5961
000000000230c271
0000000000000181
000003452cbb4dd9
000003454d5678f9
00000345a45b8899
00000345b2ca24d9
00000345e54d6439
0000034604b46cf9
000003468dde5b39
00000346a18bc2d9
00000346d9a17ed9
00000346fa42d1d9
000003475508db19
0000034775497b79
0000034804131259
000003485ea463d9
0000034880f738f9
00000348ad86c0b9
00000348fc4992b9
00000349d3d3fb99
00000349f37322b9
0000034b0a8eb9d9
0000034b3e5ae0b9
0000034b5080a599
0000034c1eba6b39
0000034d19606c59
0000034d5f921fd9
0000069b1c28f261
000000000230c271
0000000000000181
0000034de6faf379
0000034e19bdd2b9
0000034e8c754919
0000034f00e8c6b9
0000034f3b173219
0000035010674859
0000035066ecfad9
0000035177afd679
00000352a732dc19
000003533fcee359
00000353ca224619
0000035547d4d259
00000355982b0a99
00000356905ae6f9
00000356d4b157d9
000006adbc938a61
000000000230c271
0000000000000181
00000357bbe6c379
000003580d24ad79
00000358d50c9799
00000358f1524519
000003590a2fb199
0000035960909099
0000035966654339
000003596f2b1579
000003599650ac39
0000035b2ef7bd79
0000035b9f14bf39
0000035bb441a299
0000035c57348fb9
0000035c944a3079
0000035cd868a2b9
0000035d60981899
0000035d71009d19
0000035daf334b59
0000035f32d18dd9
000006c05cfe2361
000000000230c271
0000000000000181
000003603b083b99
000003603b872d39
00000360515b64f9
00000361070b5a79
000003612fb3ed19
000003616a6d8bd9
00000361daaefe39
00000362c23bca39
00000362e961d4b9
00000362fa212579
000003631b6fc6f9
0000036372766199
000003637a854259
0000036409c41f59
000003640b9d94b9
00000364561f1139
00000365bc8ec8b9
0000036604310e59
000003660cee1e79
0000036623fd78d9
00000366e7951c79
00000367de45cf79
0000036889ac9379
00000369146b1c39
000003694d607939
000003695a081c99
000006d2fd68bc61
000000000230c271
0000000000000181
0000036a11c71419
0000036a88242b99
0000036a9df705f9
0000036ad5af7fd9
0000036b4e82bbb9
0000036b7b0a3af9
0000036bff52ced9
0000036d4fe2a139
0000036d9133aa59
0000036dc50be499
0000036e06608319
0000036e53f66319
0000036e915a0899
0000036ea0407759
0000036ec1df8b19
0000036f4c581dd9
0000036fe4c2c899
0000036fe5d39739
00000370184dd139
00000370529eb3d9
00000370717068b9
00000370afa4d0b9
00000370eb8b8ef9
0000037154e33979
00000371e1209179
000003721bc4d659
0000037240a699b9
000006e59dd35461
000000000230c271
0000000000000181
000003739d131cb9
0000037405ecb379
0000037487794439
000003762c60eef9
00000376a8eff519
00000377437fd659
000003778911e859
000003778911eff9
00000377e3164eb9
00000378dda4b579
00000378f04f2699
0000037900aa3899
000003790ae43519
000003792087b179
000003792858ef79
000003798f6f0339
0000037991567979
0000037a25c65659
0000037a636ec159
0000037a6f0c4379
0000037af1ebdd59
0000037baccd1539
0000037bb31f6e39
0000037c1bc579d9
000006f83e3ded61
000000000230c271
0000000000000181
0000037c65a53419
0000037c685edcd9
0000037ccb8e2739
0000037ccf0a99f9
0000037d279709d9
0000037d72f2b9f9
0000037ddf5358f9
0000037e3611b859
0000037e3b7cc139
0000037fbce132b9
0000037fcb42d6f9
000003801ee9dcd9
00000380304ccc59
00000380586723f9
00000380765514b9
00000380ecc1acd9
00000381c5f01659
000003826b746799
00000382cc72cf59
000003838238b399
0000038396580af9
00000383d4ad5db9
00000383f6851439
00000384ed000b79
0000070adea88661
000000000230c271
0000000000000181
000003856e949e79
00000385a9548b79
00000385dd0fb4f9
00000386170ba2f9
0000038648cb2319
0000038655495499
0000038672d630b9
00000386a547c319
00000387416d9f39
00000387b2394559
00000387d08cc599
0000038964b4b4d9
0000038980119399
00000389a915f759
0000038a0722edf9
0000038a803a9819
0000038b442a18d9
0000038c03aa02f9
0000038c18e747d9
0000038c46de82d9
0000038c8d8c4699
0000038cf3356079
0000038d55bebd19
0000038d78413719
0000038dcff35159
0000038ddf27dbf9
0000038e77f013d9
0000038e822340b9
0000038ea986e2d9
0000038ead6420d9
0000071d7f131e61
000000000230c271
0000000000000181
0000038ecff1e779
0000038fb6493759
00000390d49a3bf9
00000390eeb3c819
00000391da4722b9
000003920cb34339
000003929c1f4439
00000392bc4b0939
000003930ec1b2b9
0000039374f38499
000003938ebb8899
00000393f515a6b9
0000039435155459
00000395212efdd9
00000395501e1159
00000395e96ba659
00000395f94e4319
000003970accf759
00000397580a0359
000003975dc1a119
00000397e9f3f139
000007301f7db761
000000000230c271
0000000000000181
0000039813774899
000003994ae1b439
00000399a9619c79
00000399ce71dcf9
0000039a80e48579
0000039a851c7bb9
0000039a8ea6cf59
0000039ac02c8119
0000039b6055f899
0000039b62cb9619
0000039b9516f959
0000039bf0fdb259
0000039c177cdcb9
0000039c631a60b9
0000039c6b2679d9
0000039c8a470b39
0000039dabaad199
0000039e83167bb9
0000039edcbbbdf9
0000039f2d868319
0000039f2d868499
0000039f94d680b9
0000039fcc15fad9
000003a13964ff99
000003a13b29a4d9
00000742bfe84f61
000000000230c271
0000000000000181
000003a1a35e4ed9
000003a2834cb659
000003a2d5e3ea79
000003a2fafb76d9
000003a311e65299
000003a34c157d59
000003a4203b6c19
000003a4ccbc1299
000003a4cf501539
000003a54ad8c4b9
000003a648951519
000003a6fa329939
000003a7885fe139
000003a7959ccc79
000003a7ac82deb9
000003a808040f39
000003a8241d5a19
000003a83913a119
000003a981634339
000003a9aaf484b9
000003a9e84a4fd9
000007556052e861
000000000230c271
0000000000000181
000003ab28fb4339
000003ab436b5639
000003ab8c4478b9
000003ab93b4a019
000003ac687b8b19
000003ad644b4839
000003ad67ecf039
000003adcb4d1c99
000003ae3e6a7399
000003ae5db25399
000003ae750258d9
000003aec4e22539
000003aed5676639
000003aedc01b9b9
000003aeffa01cf9
000003af9fb1ce99
000003afb577e9b9
000003b003994799
000003b00520de59
000003b0febb6339
000003b115cf9dd9
000003b11e2acf19
000003b11fe110f9
000003b14637fb39
000003b37721b099
000003b384b263d9
000003b391cf2079
000003b3a7cb2c99
000003b3a83404d9
0000076800bd8061
000000000230c271
0000000000000181
000003b40d7d68d9
000003b4630e0339
000003b481b82099
000003b4a41704f9
000003b5205c2eb9
000003b573338af9
000003b57e58eab9
000003b75ea890b9
000003b7a2e53779
000003b7d3276639
000003b94dcb1099
000003b9d03759d9
000003b9df014e79
000003ba7ba936b9
000003bab72513d9
000003bad83c4bf9
000003baf48a3199
000003bb37884a59
000003bbe3fa6499
000003bbedcef619
000003bc45dde099
000003bd42a02239
0000077aa1281961
000000000230c271
0000000000000181
000003bd51eb64f9
000003bd627994d9
000003bda5f27d99
000003bdc0aad2d9
000003bdf91e4d99
000003be3c4819b9
000003bf629c8f79
000003bfc98090b9
000003c00ed0da39
000003c02f519359
000003c06697bbf9
000003c08f372479
000003c0d2b14919
000003c0e88d6ef9
000003c1815716b9
000003c19675b059
000003c223931039
000003c2bd555599
000003c2fe80d8d9
000003c3b96170b9
000003c4195b8d59
000003c49ba3a6f9
000003c5242a18b9
000003c5b3b28379
000003c698c864f9
0000078d4192b161
000000000230c271
0000000000000181
000003c6abb4cd99
000003c6e66a52f9
000003c766a70039
000003c78d636fd9
000003c7a369ba19
000003c7c16fbd39
000003c8fba6d8f9
000003c9d9e44699
000003c9f4165cb9
000003ca23dfd7f9
000003ca8b2b9f59
000003cad8649cb9
000003cb2395e759
000003cbed150599
000003cbf71e4af9
000003cd9d052239
000003cdfedf3899
000003ce25faf9f9
000003ce270675f9
000003ce8249dff9
000003ceadaa6e79
000003cefcd45419
000003cf128f60b9
000003cf241b0279
000003cf2ec463f9
000003cfb7123299
0000079fe1fd4961
000000000230c271
0000000000000181
000003d03595cfd9
000003d089509a39
000003d08bd09439
000003d0bf44f699
000003d0c9798759
000003d10edc30d9
000003d10f55b759
000003d1daf242d9
000003d1fe743e79
000003d218b371b9
000003d30c3d3599
000003d33f50f419
000003d3e78aad99
000003d430768259
000003d51ffd5679
000003d58bbe6279
000003d62d8d0939
000003d63d2e7799
000003d88ef69e59
000003d8ad343859
000003d8e4179cb9
000003d8e7b4e1d9
000003d8ef705bd9
000003d9026bb459
000007b28267e261
000000000230c271
0000000000000181
000003d9a5daa5b9
000003d9a7e54fb9
000003d9aa697079
000003da3677e019
000003da8bfc8559
000003dade14ba39
000003db6f25d219
000003dbc34fe619
000003dc04be14d9
000003dc6177f159
000003dd395300d9
000003dd48185799
000003ddd6cf69d9
000003de3d10dd99
000003de72b39f59
000003de9b4d59b9
000003df5cc24c79
000003df61fbf0f9
000003df8ce85bd9
000003dffb5b04b9
000003dffe8d5239
000003e012433019
000003e02f62e679
000003e037c53419
000003e08c1cb0d9
000003e0d88dd6b9
000003e11bb5bff9
000003e17ce42cf9
000003e1a9f95e39
000003e246928279
000003e249237419
000003e24e51b4f9
000003e2672d09d9
000007c522d27a61
000000000230c271
0000000000000181
000003e2d0da43b9
000003e32df3f699
000003e42382b5d9
000003e434f87019
000003e4ab762cb9
000003e4dd89b079
000003e50261a279
000003e5d5fe2299
000003e5f4846439
000003e5f99fff79
000003e62da86659
000003e6338c65f9
000003e6e03038d9
000003e6f50edd59
000003e71bf03679
000003e749bd2af9
000003e7ace2ea99
000003e84517eef9
000003e85a136239
000003e92e2e8dd9
000003e9b0757899
000003ea48db5bb9
000003eb783e67f9
000007d7c33d1261
000000000230c271
0000000000000181
000003ebfded6a19
000003eca82aa9f9
000003ecc232b819
000003ee08420db9
000003ee5eef3199
000003ee65d66f59
000003ee95d09879
000003ef0b887159
000003ef876eaa39
000003efcefb3019
000003efe1f2fd99
000003efff2d6a79
000003f014977c99
000003f06ff76819
000003f0abf032f9
000003f0dc046ef9
000003f1392275b9
000003f1552a39d9
000003f1665c7579
000003f184ff6e19
000003f1b370d199
000003f2ace44eb9
000003f2ee3fc6d9
000003f390a38d39
000003f3dbf77999
000003f50c351979
000007ea63a7ab61
000000000230c271
0000000000000181
000003f64d9f5699
000003f6504d5a99
000003f690c6e4b9
000003f6c7259d79
000003f74a2e8219
000003f7b6032399
000003f84833f279
000003f8b6bb3759
000003f9809def59
000003fa82f97919
000003fadb0d23b9
000003fc4390a7f9
000003fcdffd04b9
000003fceb0823f9
000003fdd67d78d9
000007fd04124361
000000000230c271
0000000000000181
000003fee618a5d9
000003fee799c359
000003ffb2909779
000003ffbda62f39
000003ffdf901fd9
000003fff361de99
000004001299b659
00000400b5744c59
00000400e5018cf9
00000400e5e086b9
00000401a3a4ad79
00000403741e07f9
000004046232b899
00000404bc3519b9
00000404d4424dd9
00000404f65cea39
00000404fc601079
000004050c623bd9
00000405841cd919
00000406ccd44979
00000406f1acb6b9
00000406f27c63b9
0000040761753e79
0000080fa47cdb61
000000000230c271
0000000000000181
000004081085e459
0000040861a45339
00000408d987a539
00000408fee46dd9
000004090127e5b9
0000040968ca0319
0000040978b268f9
0000040996082799
00000409ba971779
0000040a41be32f9
0000040ab07f5db9
0000040b2336d239
0000040b767b0e59
0000040bc88b6499
0000040bf55386f9
0000040c106c9e59
0000040c669e1d19
0000040d0ea1cf39
0000040d18a6bb59
0000040d71460c99
0000040d788740f9
0000040d91f4d6d9
0000040da5cfd719
0000040f2411eb39
0000040f38a25a99
000004100734b039
0000041059f9f4d9
0000041073dd9459
00000410dbd298f9
00000410e519f719
0000082244e77361
000000000230c271
0000000000000181
000004115a88aad9
0000041171ccf619
00000412553962f9
00000413626410b9
000004137a8c0259
0000041384531579
0000041401842e19
000004149b0d4d39
00000414cacd52f9
000004155e9d0019
00000416b0e9ab59
00000416b56c7b19
0000041756afd7f9
0000041792989799
00000417da0e9159
00000418bdfafd19
00000418c00cf1f9
000004195bcf2379
0000041978f543f9
000004197f40f879
0000041996c72ab9
0000041a14b29b19
00000834e5520b61
000000000230c271
0000000000000181
0000041aa4137fd9
0000041b747630f9
0000041b7e39cf99
0000041bd8638d79
0000041c3830cfd9
0000041cfa0e0519
0000041d74f47139
0000041d7576d379
0000041dffc35099
0000041e40407e19
0000041e5054c4f9
0000041f22e14759
0000041f33ce7659
0000041f3e3e1579
0000041f736fe8d9
0000041f78608cd9
0000041f7e2444b9
0000042195c552b9
00000422c4766dd9
00000422cd5ce599
00000423698199f9
0000084785bca461
000000000230c271
0000000000000181
00000423d7a4def9
00000423efa4d259
00000424dc04c819
000004253e387ed9
000004254f5f88b9
000004255969e079
000004259e054219
00000425cc51d259
00000425f1c5e939
0000042666996139
000004269538d4d9
000004271432aff9
0000042798da0ef9
0000042826897e79
0000042826898f59
0000042828b20939
000004283fc46759
00000428a015ce59
00000429130a94b9
0000042925757f79
0000042935ac36d9
0000042a0a6bb2d9
0000042b033a9579
0000042b2a5c3ab9
0000042b5c992a39
0000042b6a636259
0000042b7e96b399
0000042ba076d619
0000042c9226d799
0000085a26273c61
000000000230c271
0000000000000181
0000042d737d0fd9
0000042ddd413519
0000042e3bfd2a59
0000042e3c108c59
0000042f35290a59
0000042f7b901fd9
0000042f7e006119
0000042fbf7b1139
0000043020633319
00000431a2417439
00000431cc184e59
000004328ba801b9
00000432a871c4d9
00000433675d1d59
0000043384ff01d9
00000433e05acdb9
00000433f0eebe39
00000434da83f1b9
00000435dc42eef9
0000043623e4aa19
0000086cc691d461
000000000230c271
0000000000000181
00000436aafc4739
00000436f36fd319
00000436f3edead9
0000043794316939
00000437a6947359
00000437db286a39
00000437e9aeadb9
000004380e84c6d9
000004389ff06ed9
00000438fd6792b9
000004391105e139
00000439133a7ab9
00000439c31f8919
00000439fedeb299
0000043ad58f9d99
0000043b83d954d9
0000043bb6539b99
0000043c63a86c39
0000043c7d304a99
0000043cac44c2d9
0000043cdb5c0259
0000043d420fbe79
0000043d79b019b9
0000043e3160f0b9
0000043e8381ed59
0000043e998305b9
0000087f66fc6c61
000000000230c271
0000000000000181
00000440721bc899
0000044079432239
000004408db63499
000004418ebe0539
0000044213d04199
00000442682fd8b9
000004429a2ae939
00000442aa62d3f9
00000442d7369859
000004447473ef79
00000444990e2fb9
00000444b6233719
00000444c9d1f9f9
00000445accf9dd9
00000446332b3339
00000446f23c6739
000004472c983dd9
0000044752cbd979
00000447a811bcd9
00000447e0d20cb9
0000089207670461
000000000230c271
0000000000000181
00000449789c0e19
0000044991794b99
0000044a46612bd9
0000044abef3cf39
0000044ac708f699
0000044ad769dab9
0000044b428d3659
0000044ba11fc1b9
0000044bbd0f8499
0000044bcafe2e19
0000044bd671f3d9
0000044bf6cee819
0000044c22d5e7d9
0000044c71af6999
0000044c7c11bc79
0000044c9cd07cd9
0000044d10e76259
0000044d47a76c99
0000044d4e7086f9
0000044d63fafe19
0000044ee2751719
0000044ef028d799
0000044fa7689739
0000044fabed4f79
0000044fc3d966b9
0000044fd5aa0cf9
0000044ff6bdca39
00000450688fa499
0000045093578b79
000004515520bb79
00000451ccfa2659
0000045205d4ca19
000004521a7b4919
000008a4a7d19c61
000000000230c271
0000000000000181
0000045276953159
00000452d7c86e59
0000045365964219
0000045375458fd9
00000453c3b68fd9
00000453cc0056b9
00000454141407f9
0000045418166c99
00000455229cff59
000004560fe09ef9
000004561b2580d9
00000456d49d1579
000004571d361559
000004573cb913d9
0000045757269059
00000457d7435f79
00000457dbb6d7b9
00000457f31e7ad9
000004582df61f99
000004585becab59
0000045951dc40d9
0000045a82a1ea19
0000045b73d3a2b9
0000045b7df84639
000008b7483c3461
000000000230c271
0000000000000181
0000045c6cdf81b9
0000045ca2f2fb79
0000045caae093b9
0000045ce30fb499
0000045d07d720f9
0000045d6eac9f39
0000045d75358e79
0000045e8cd8a9f9
0000045eb0fc82b9
0000045ecba0e4b9
0000045edb006e79
0000045ef9df6759
0000045f90f63939
0000045fed0f2379
00000460a90b5499
00000460dede95b9
000004613ccce059
000004616ceb3999
00000461a9520dd9
00000461bbd40e79
00000461bc4ef0b9
00000461ce8940d9
000004620c512b59
0000046253495bd9
000004626761b799
00000462c6c442d9
00000462ce283559
000004635c030cd9
00000463c760ee99
00000464eb9a6ef9
00000464ef56dc99
000008c9e8a6cc61
000000000230c271
0000000000000181
000004654c9c2579
00000465533cc159
0000046558d376d9
0000046558d37759
000004661b933a99
00000466202c8c99
0000046684707dd9
0000046719e90d99
000004679c200b99
00000467e2aad039
000004682d0f1379
0000046855ea1b19
00000468aedc18b9
00000468c7508c19
00000469ee28b9b9
0000046a407994d9
0000046ad78d4e19
0000046aeabd5a59
0000046aebfa7339
0000046be4420c99
0000046bf8160d39
0000046bfd35eeb9
0000046c0031de59
0000046c445cc599
0000046cb4c7d699
0000046cf8dbd479
0000046d03bd4e19
0000046d05817699
0000046d29f53d59
0000046d2ab00cf9
0000046d955be519
0000046daeb0f379
0000046dba2c1099
000008dc89116461
000000000230c271
0000000000000181
0000046e7e1d2739
0000046eb292aff9
0000046f2cd644f9
0000046f9f6ae1b9
00000470cb8c41d9
000004713c82b779
00000472365c03b9
000004727c98e899
00000472e6367919
00000473104fb619
000004732cabe439
000004736fa5b219
00000473f4d1fcd9
00000473fda57979
0000047437642ed9
00000474883d9b99
00000474a05e4e79
000004754b0a6539
000004754d1be4f9
000004760dc6d259
0000047615643639
000004767a600979
00000476cd299fd9
000008ef297bfc61
000000000230c271
0000000000000181
00000477ade050d9
00000478006a2e59
000004780f7bc879
00000478581229d9
000004790eee25f9
0000047913ea9d79
000004791fd90dd9
0000047a6427d299
0000047a80f1b7f9
0000047a967f3359
0000047abca81f79
0000047ae221bd99
0000047ae9f02959
0000047b8eba0d19
0000047bce005dd9
0000047c2d9f2579
0000047c4f5c0e19
0000047d2a2fec59
0000047e4f96cc79
0000047ea1372519
0000047f042eb539
0000047f1fe21b39
0000047f421f7f39
0000047f45072e39
0000047f7dd917d9
000004800f5cb019
00000901c9e69461
000000000230c271
0000000000000181
00000481a9055259
0000048245d82cd9
000004832e40b699
000004835964a4d9
000004843a61d519
0000048496d70c19
0000048558a11e59
000004858f2dde79
000004859b4c30d9
000004860dcfd939
000004865c41b319
00000486c49919d9
00000486f7ad8f59
0000048793ca3179
00000487b42832f9
00000487cfb6e839
0000048848a94959
0000048996125299
00000489c4d47a99
00000489ce6350b9
00000489fd1f9cf9
000009146a512c61
000000000230c271
0000000000000181
0000048a48fab7b9
0000048a9edc8a19
0000048b6d80aef9
0000048ba9d44d39
0000048d087d4319
0000048e748a1779
0000048ecc8fd6f9
0000048eebca8a99
0000048f160888f9
0000048f34c57099
0000048f5266fa39
0000048f7fb768f9
0000048fd7063299
000004908b403ab9
000004909e6a6b39
000004913274cd79
000004915c7d4659
000004923ae10b79
00000492727f39d9
000004932f26a2f9
000004934fdecdb9
000009270abbc461
000000000230c271
0000000000000181
00000493de0bfeb9
000004942bf67679
000004943835f599
00000494383606b9
000004953e77a639
00000495652f1a59
0000049607f14579
000004964c6e7c79
000004967e632f99
000004969ebd2b99
00000496a23d9e99
00000496e11a65b9
00000496e1c9b1d9
00000497095546d9
000004976f3cdbf9
000004981cebe0d9
00000498b02af6b9
000004990db69819
00000499e637c559
00000499fddeea99
0000049a3d851039
0000049ac4dc0639
0000049ac4fae8d9
0000049b37d14d59
0000049bca8e2c19
0000049c254cb0f9
0000049c31615239
0000049c53f924d9
0000049c5b9d8939
0000049c8fa6aff9
0000049cb0901679
00000939ab265b61
000000000230c271
0000000000000181
0000049cfc130419
0000049d6e9cf919
0000049db2643cf9
0000049defd2b579
0000049e2bf46f99
0000049e54540e99
0000049e5a27ee19
0000049ebfa614d9
0000049f03d5ce79
0000049f419f6c99
000004a075d51e19
000004a0d15fe959
000004a16064b319
000004a17192fd59
000004a17fd24db9
000004a1eadfee79
000004a26ac0ffd9
000004a33a126f99
000004a453487a99
000004a4a668b159
000004a4d24646f9
000004a51e037079
000004a5656505d9
000004a5afb13319
000004a5b2fdda99
0000094c4b90f361
000000000230c271
0000000000000181
000004a628246bd9
000004a63b1221d9
000004a6cada0f99
000004a6ead74699
000004a728213259
000004a76658c639
000004a7d49d0c39
000004a893981259
000004a96ed3dfb9
000004aa69e6fe59
000004aa78d96639
000004aa84652559
000004ab5c465959
000004abcafc7d59
000004abe529bc79
000004ac9ac2d5f9
000004ad0e40fd99
000004ad121f82b9
000004ad6d7ad579
000004adc0738a39
000004ae1ccb5279
000004ae622f84f9
000004ae6572ac19
000004ae7bb119f9
000004aeac687619
000004af39285279
0000095eebfb8b61
000000000230c271
0000000000000181
000004b004f0b3b9
000004b04043c599
000004b0494b3179
000004b06a4373f9
000004b1099b6699
000004b19ae78c99
000004b207d4f459
000004b2174fa459
000004b25af80cb9
000004b26cff9939
000004b290b50b59
000004b304fe8619
000004b315d4a899
000004b315d4b559
000004b3ae6f7039
000004b3f88647d9
000004b413f35bf9
000004b4582a3ad9
000004b474b9a379
000004b4d75b7699
000004b4e2b9bcf9
000004b539abb419
000004b565f2f679
000004b58dd85459
000004b678c29d19
000004b68f4694f9
000004b6e2a557f9
000004b6f4ac4659
000004b7d1ff0599
000009718c662361
000000000230c271
0000000000000181
000004b9a2733d59
000004b9af9ba079
000004ba301683f9
000004badbb6dcf9
000004bb3bd748b9
000004bb54d934b9
000004bbd8ddf8d9
000004bbe698bc99
000004bbed10ba19
000004bca5d60fd9
000004bd1d2def59
000004bdfd51eff9
000004be3dac52b9
000004be4ca1d479
000004bf131ebf99
000004c084f5c679
000004c107832bd9
000004c107c8b139
000004c16a7906d9
000004c1ebcdcc99
000004c1ee352b99
000009842cd0ba61
000000000230c271
0000000000000181
000004c21f8625f9
000004c23aa94679
000004c2ac590cf9
000004c2ff0faf59
000004c3278702d9
000004c33ecff759
000004c389e815b9
000004c39ef19619
000004c3f91ad619
000004c41acb0f99
000004c471b7b699
000004c5cb9b7cf9
000004c66bb63a39
000004c6ba6228d9
000004c6d47efcd9
000004c73d42e1b9
000004c77b483799
000004c88108f1d9
000004ca78c403d9
000004caa06f78b9
000004cb34ab63b9
000004cb3575b919
000004cb3a8b2c19
000004cb5749f0d9
00000996cd3b5261
000000000230c271
0000000000000181
000004cb67836819
000004cb70433c99
000004cd08100f99
000004cdb4e185b9
000004cdca4c68f9
000004ce76d35d99
000004cf122b5a39
000004cf95f39b19
000004d0bd232139
000004d1457dda79
000004d170f29979
000004d1982d1079
000004d1d428cf99
000004d233df1539
000004d2f99d0b39
000004d32cf82239
000004d388442679
000004d3bd107059
000004d3f6fef139
000004d3fbd94539
000004d4b3fc4599
000009a96da5ea61
000000000230c271
0000000000000181
000004d4f2f7ad19
000004d5dbc63159
000004d645494159
000004d64783ab19
000004d68899bf39
000004d6ebc263d9
000004d74ca34fb9
000004d78d68fb59
000004d7915ba559
000004d7e0a41a19
000004d808a25239
000004d81c4a6c39
000004d89f640e59
000004d8c9456a59
000004d955215d59
000004d98ab66b39
000004d9b6c075b9
000004da4998c019
000004db90f03099
000004dbb8970a79
000004dbc8635c59
000004dc0d57dcf9
000004dccebb2479
000004dd6cda22d9
000004ddc0f0ca79
000004dde6e18db9
000009bc0e108161
000000000230c271
0000000000000181
000004de8fc94779
000004dee9022619
000004df3ca73d59
000004dfcca177b9
000004e063c4d5f9
000004e06d35ebb9
000004e1267cbf39
000004e13e961519
000004e15f4b3ff9
000004e19936df79
000004e1ebcaa9b9
000004e3358701f9
000004e4764c3f59
000004e4e930b9f9
000004e5682c9559
000004e5fe7ea7f9
000004e688418f39
000004e694aed599
000004e6e6d159f9
000004e6eb750e59
000004e70ace8ff9
000009ceae7b1961
000000000230c271
0000000000000181
000004e7c12fbc19
000004e8fbe4e5f9
000004e915281e59
000004e93b5ce539
000004e9847ac5b9
000004e9a9013cb9
000004e9dab3a059
000004eb228d23f9
000004eb37abadb9
000004eb697aedf9
000004ec270ae5d9
000004eca60cdad9
000004ed0dae9b59
000004ed1ce62979
000004ed5aad11b9
000004eda449d879
000004edfb420c39
000004eefeb6f1d9
000004ef50ddecf9
000004ef553ce1d9
000004ef6a8210b9
000004f02da685f9
000009e14ee5b061
000000000230c271
0000000000000181
000004f0f9dba9f9
000004f1645ff6d9
000004f1a61de579
000004f1e90fffb9
000004f2335d2c39
000004f25036cc79
000004f2649aae59
000004f2ac6e49b9
000004f37f4a2759
000004f394c0e3d9
000004f3ae8cb759
000004f3e0560579
000004f4341cf959
000004f5229c4639
000004f54ace5959
000004f568d921b9
000004f578577ff9
000004f6321460b9
000004f63773f3b9
000004f65bdf05d9
000004f6c4adfc79
000004f6ce110bd9
000004f6e213a4b9
000004f6f7f83e99
000004f865ff3cd9
000004f8740e3bb9
000004f886082c19
000004f8967fd8f9
000004f8ca126eb9
000004f9ed1d0619
000009f3ef504861
000000000230c271
0000000000000181
000004fa8c373f39
000004fac80db3d9
000004facc35ddb9
000004fb78aa5a59
000004fbc49a5d59
000004fc25cd01f9
000004fc3276f7d9
000004fc439517d9
000004fc5ace6ab9
000004fc6945f7b9
000004fc78a7a459
000004fc98425fd9
000004fcd8c12799
000004fd19fd97d9
000004fd37f1f2d9
000004fd6a71fdf9
000004fd98248199
000004fdffcb7279
000004feb6bbd719
000004ff3f584459
000004ff6830a659
000004ff7584e459
000005000b46b239
000005001964cef9
0000050046fde879
00000500c80f4c59
00000500cb260c59
00000500fae58d19
0000050156cbc6f9
0000050182625779
00000502117df259
0000050280360d19
000005029b309519
00000a068fbadf61
000000000230c271
0000000000000181
000005038688faf9
00000503b41d9f79
00000503e48ca679
0000050485f852d9
00000504fc57c239
0000050508e932d9
0000050533cba319
00000505576a9d39
00000505fdf9e5f9
000005064ffb9d59
0000050680241919
000005079b48c019
00000508387930f9
0000050917fbdb39
0000050918ffd1b9
000005091dbb7439
0000050a2a23a679
0000050a4795f699
0000050a47c83a99
0000050af0cc11b9
0000050b7cd338f9
0000050b7fc703b9
0000050b96f18e79
0000050b9b9f8299
0000050bb43c4859
0000050c589eccb9
0000050c6f81bb39
0000050c8e6a1659
00000a1930257761
000000000230c271
0000000000000181
0000050cdfa259f9
0000050d117d17d9
0000050d84705099
0000050deb01fe99
0000050dfd2771b9
0000050e3d7dbeb9
0000050eae2c6879
0000050f62efff19
0000050fbc421e19
0000050fc7919a99
0000050fcea0bb79
00000510181f0239
0000051062e00759
00000510e814b659
00000510f340e6d9
0000051158bea699
000005117f4e1f39
00000511e8e2b6d9
00000512120bb799
00000512850ccdb9
00000512a5816739
0000051322a55959
000005156a3bae99
00000515b1f36899
00000a2bd0900e61
000000000230c271
0000000000000181
00000515f6ef14b9
00000516de61aa99
000005170c266839
00000517521bc4b9
000005175936ca99
000005179073d379
00000517d8423e79
0000051818ac6339
00000518b7ed41b9
00000518f088a819
00000519565199b9
0000051960d20ab9
0000051974f03c59
00000519d36a0dd9
0000051a148b0559
0000051adf7f2759
0000051b6c8a3bd9
0000051c6c92f059
0000051c6ecd5479
0000051c978d1139
0000051d38de4159
0000051d4cc57219
0000051dd015c939
0000051ed5c57bd9
00000a3e70faa661
000000000230c271
0000000000000181
0000051f3e21a6d9
0000051f73f67019
0000051f80b83779
0000051fa6b562d9
0000051fb47ce439
0000052005e48e59
000005205e8c1279
00000520902fc799
00000520d59a2519
0000052189bff5f9
000005226bea21f9
000005229996f2d9
00000522a2805ed9
00000522e2d24199
000005233aed71d9
00000523b9e11759
0000052422944ef9
00000525824073b9
00000526d9c5ef59
00000527370ac739
000005280639fb79
00000a5111653d61
000000000230c271
0000000000000181
00000528e7a25ad9
0000052955bdb1d9
00000529863fdbd9
00000529bc0e2579
0000052ab7f4f1f9
0000052ac4d37439
0000052acc491b99
0000052afa5389d9
0000052b144868d9
0000052ba51d6359
0000052bb52e9d99
0000052c8654a319
0000052cbc2e13b9
0000052d3f841a19
0000052e10c5d0d9
0000052e957982b9
0000052f48eb0e79
00000530cbdf62b9
00000531286ebd79
0000053137790df9
000005316c476119
00000531784a8079
000005317f856879
00000a63b1cfd461
000000000230c271
0000000000000181
00000531f1c00b99
00000532022938f9
000005321033a0f9
00000533accd9e79
00000533b5a62c39
0000053468a9b839
000005347d6e5d19
00000535f7a82e99
0000053687ff1699
00000536ad3de259
00000536b525e399
0000053704a0c419
00000537318467d9
0000053741b3afb9
000005374fcdb939
000005375fb4a079
000005383571fcf9
000005389ac371d9
00000538cdcaf5d9
00000538cddf29d9
00000538f3a48399
000005399d098279
00000539a0a21379
00000539c4683619
00000539de43e7d9
0000053a7f979cb9
0000053aa345f119
0000053aff59b5b9
00000a76523a6c61
000000000230c271
0000000000000181
0000053b743c0739
0000053bd197f379
0000053ce6a7c999
0000053e0ca69919
0000053e3de28599
0000053ef3e97cb9
0000053f0694bb39
0000053f4617f1f9
0000053ff29fe0b9
0000054013464559
0000054078813d99
00000540a5a07659
00000540b3e55199
000005413f26a8b9
00000541d63d1859
00000542475cbb99
00000542bbd91d59
000005432d680199
000005433b1a1839
00000543ebcca279
00000a88f2a50361
000000000230c271
0000000000000181
00000544aed3bcb9
00000544c2595d99
00000544c81328f9
00000545230dafd9
000005453883d9b9
000005455c952679
00000545ca6a0179
0000054618690679
000005462baff4f9
0000054636d2edf9
0000054648146559
000005469ec72939
00000547292b4979
00000547f6bb2019
0000054862df4a19
000005487ab4a9b9
000005489c766579
00000548f57123d9
00000549a1ffcd39
0000054a48e34099
0000054ab3b79039
0000054babf22a39
0000054bda95c319
0000054bdae80719
0000054c887d2679
0000054cfe8d4959
0000054d7fcc68b9
00000a9b930f9b61
000000000230c271
0000000000000181
0000054de6b53899
0000054df797cab9
0000054e27bbc6b9
0000054e87c31699
0000054e8ccd0fb9
0000054eaa148159
0000054eea2c97b9
0000054f16e20679
0000054fce746c99
000005503a91db19
000005503e6a0799
000005504d173899
00000550f98af3d9
000005513a5e3739
000005514dcd5219
00000551558f4c39
00000551a8180f99
00000551b6a621d9
00000551dff6f799
00000551f8599ed9
0000055257ccf4f9
00000552eb815699
00000552fadacc39
000005533009b9d9
00000553e6777779
00000554584e0759
0000055484719199
00000554ac304819
000005561d476279
0000055704fe53d9
00000aae337a3261
000000000230c271
0000000000000181
000005575159a6d9
000005578ca05d39
000005578d5cf259
00000557e62d54f9
00000558cddd2b59
00000558e7a8e019
00000559198eb939
0000055959cd2619
0000055972ca5c99
00000559d00ce359
0000055a21050019
0000055a753d9a39
0000055b16395279
0000055b97f122b9
0000055bb009cd59
0000055bff2f2919
0000055c55e41b19
0000055c830bb0b9
0000055cbce67a99
0000055cc68de279
0000055ce8a91d39
0000055d59f3cad9
0000055da862e039
0000055dae563239
0000055dc5f027f9
0000055e0a8c9779
0000055e9e0a3819
00000560002ee459
00000ac0d3e4c961
000000000230c271
0000000000000181
0000056159713fb9
0000056177032d39
000005617b3a9099
00000563efdfbf59
000005640173fab9
000005640ca09359
000005641cdf4639
00000564fb426ef9
0000056501fcb8f9
000005655f0b4459
000005659d47e499
00000565ac94b259
00000565d602c7f9
00000565dbdbb819
000005660bdebbd9
0000056653550379
00000568ab4ae019
00000568ae8d8059
00000568c3bc1b39
00000ad3744f6061
000000000230c271
0000000000000181
0000056a173360d9
0000056ace67ea19
0000056b70f200d9
0000056b861c3d99
0000056ba3941eb9
0000056bb3913ef9
0000056c01083499
0000056c3e025559
0000056cf34a7419
0000056d31656599
0000056d6d246859
0000056ddac652d9
0000056ec98cf3b9
0000056edefebcf9
0000056eeee16639
0000056f2b595139
0000056f378f42b9
0000056f7f9dd039
0000056f896776d9
0000056fb0298dd9
0000056fb02996b9
000005704c7a0799
00000570815bbed9
000005708d129c59
0000057100a1b6b9
00000571d5b72539
00000571e6f226f9
000005729216cff9
00000572f348a239
0000057303468619
00000ae614b9f861
000000000230c271
0000000000000181
000005732f61b1b9
0000057353f874d9
00000573634c9459
0000057368a0e1b9
00000573b64c7459
000005748141aaf9
00000574c278c159
000005753edd4939
000005757b932c19
000005760cbc4eb9
00000576e20f8359
0000057752409c79
00000aefc7437f61
000000000230c271
0000000000000181
