[MCS8 A] 97 FW 3.104 SV 1.257 
range=1024
periods=2
sweepmode=27e20d0
fstchan=0
holdafter=0
streamstatus=3
calreg0=0
calreg1=0
calreg2=0
calreg3=0
swpreset=8000        
prena=1
syncout=0
cycles=18
sequences=1
tagbits=16
vdac0=92c
vdac1=807
vdac2=8c8
vdac3=8c8
vdac4=8c8
vdac5=8c8
vdac6=8c8
vdac7=8c8
timepreset=150.000     
digio=0
digval=0
autoinc=0 
savedata=2 
mpafmt=asc
sephead=0 
fmt=asc
smoothpts=5 
[CHN1]
REPORT-FILE from 06/23/2026 15:47:08.149  written 06/23/2026 15:47:08
cmline0=06/23/2026 15:47:08.149 
cmline1=A1
range=1024
active=1
bitshift=4
cftfak=2580100
evpreset=10          
roimin=0
roimax=1000
caloff=0.800000
calfact=12.800000
calfact2=0
calfact3=0
calunit=nsec
caluse=1 
[CHN2]
REPORT-FILE from  written 06/23/2026 15:47:08
cmline1=A2
range=1024
active=0
bitshift=4
cftfak=2580100
evpreset=10          
roimin=0
roimax=1000
caloff=0.800000
calfact=12.800000
calfact2=0
calfact3=0
calunit=nsec
caluse=1 
[CHN3]
REPORT-FILE from  written 06/23/2026 15:47:08
cmline1=A3
range=1024
active=0
bitshift=4
cftfak=2580100
evpreset=10          
roimin=0
roimax=1000
caloff=0.800000
calfact=12.800000
calfact2=0
calfact3=0
calunit=nsec
caluse=1 
[CHN4]
REPORT-FILE from  written 06/23/2026 15:47:08
cmline1=A4
range=1024
active=0
bitshift=4
cftfak=2580100
evpreset=10          
roimin=0
roimax=1000
caloff=0.800000
calfact=12.800000
calfact2=0
calfact3=0
calunit=nsec
caluse=1 
[CHN5]
REPORT-FILE from  written 06/23/2026 15:47:08
cmline1=A5
range=1024
active=0
bitshift=4
cftfak=2580100
evpreset=10          
roimin=0
roimax=1000
caloff=0.800000
calfact=12.800000
calfact2=0
calfact3=0
calunit=nsec
caluse=1 
[CHN6]
REPORT-FILE from  written 06/23/2026 15:47:08
cmline1=A6
range=1024
active=0
bitshift=4
cftfak=2580100
evpreset=10          
roimin=0
roimax=1000
caloff=0.800000
calfact=12.800000
calfact2=0
calfact3=0
calunit=nsec
caluse=1 
[CHN7]
REPORT-FILE from  written 06/23/2026 15:47:08
cmline1=A7
range=1024
active=0
bitshift=4
cftfak=2580100
evpreset=0           
roimin=0
roimax=1000
caloff=0.800000
calfact=12.800000
calfact2=0
calfact3=0
calunit=nsec
caluse=1 
[CHN8]
REPORT-FILE from  written 06/23/2026 15:47:08
cmline1=A8
range=1024
active=0
bitshift=4
cftfak=2580100
evpreset=0           
roimin=0
roimax=1000
caloff=0.800000
calfact=12.800000
calfact2=0
calfact3=0
calunit=nsec
caluse=1 
;MCS8 #97 Sversion=1.257 Fversion=3.68
time_patch=1
;datalength=8 bytes
;bit0..3: channel# 1..8 ( 4 bit)
;bit4: edge 0=up / 1=dn ( 1 bit)
;bit5 ..57: timedata    (53 bit), max sweep length 2001.6 h
;bit58..62: tag0..tag4  ( 5 bit)
;bit63:     data_lost   ( 1 bit)
[DATA]
0000000000000016
000000000ba80639
000000004446fd99
000000007a460799
000000015a28a239
000000027f900af9
00000002997f69f9
00000002a4488ad9
00000002a6c5bc19
000000030e611eb9
000000037ec633d9
000000042fb389d9
000000050624f119
0000000551c70f39
000000057d355179
0000000608ba6659
000000061b58db19
000000077655d7d9
00000007baf32b39
00000007d5037b59
00000007da5952d9
0000000845b08079
0000000883634039
000000088ec31799
00000008e9fe0099
0000000b94ce9c59
0000000ba6fa46b9
0000000c95595279
0000000cf6117a19
0000000d61d793d9
0000000d75c8d959
0000000e2e00fad9
0000000e2ef57af9
0000000e427ff7f9
0000000ebebdb6b9
0000000f31a87ab9
0000002156a61261
00000000018f5471
0000000000000181
00000010d7d5c8f9
000000116bd289f9
0000001218b28bd9
0000001258ab56b9
00000012e11bcb19
000000131f5877f9
00000013e5155579
00000013ef41b179
000000157341c659
000000158006dab9
00000015ed441f59
000000167982da79
000000168ce13879
00000016c99d47d9
00000016c9cbecd9
0000001718d28579
000000178d7bf559
000000179b9dffd9
00000017c41e92f9
000000180d418639
0000001816858119
000000187365ad39
00000018b8c9fbf9
00000018e69f6d59
000000191aa9e4f9
000000197c134e99
000000199c618059
00000019bbc92b19
00000019f0434c59
00000033f7116761
00000000018f5471
0000000000000181
0000001b1b5e8cd9
0000001b82589a79
0000001bb65f5e99
0000001bbe97a4b9
0000001c3b873359
0000001d36ae5059
0000001d818cd199
0000001d86ac6159
0000001dcf4a4539
0000001e8bac4459
0000001f31a3bf39
0000002012bf26f9
0000002031134b79
00000020798d04f9
00000020a37b77d9
00000020ca048a59
00000020fa83c139
0000002184b9ea99
00000021b53049b9
00000021bc6f9499
00000022beb41a59
000000232f45b779
00000046977cbb61
00000000018f5471
0000000000000181
000000237a3d7719
00000024480576b9
00000025fef47239
0000002658293019
0000002678bd7659
000000272e210a19
00000029aa15dab9
00000029c549aa59
0000002b204b07d9
0000002bbb86c1f9
0000002c05c74999
0000002c3931e399
0000002c3970a7f9
0000005937e80f61
00000000018f5471
0000000000000181
0000002cc02c3599
0000002d077f6eb9
0000002d0d2c0819
0000002d2bf38059
0000002d315f0d99
0000002d41b693b9
0000002e16004479
0000002e97cbdd19
0000002eab57f2b9
0000002fb40ac379
0000002fc5ed1179
00000031bf4e27b9
00000032452d5ef9
00000033998b7899
000000344ee32e39
000000346b840a99
000000347faa50f9
00000034d5333039
00000034e4e1d879
000000353f049299
00000035648239d9
00000035e5161099
0000006bd8536461
00000000018f5471
0000000000000181
00000035f9fe4259
0000003735d98079
000000375b0bb799
000000376b18fd79
0000003799b74759
00000037dea85799
00000038df743e79
0000003b25af1319
0000003d0459fcd9
0000003d2240eaf9
0000003d4a4f4af9
0000003e352bc839
0000003e7f144d79
0000003e7ffaddf9
0000007e78beb861
00000000018f5471
0000000000000181
0000003fae034039
00000040e6c5a7d9
0000004123e8e9f9
00000041c29a31b9
00000041d4ea24f9
000000439ce32199
00000043ae402759
000000442dc25c59
00000045deed8db9
000000460af08239
000000462204a979
000000466ed558f9
0000004742d19c39
0000004867b8b339
00000091192a0c61
00000000018f5471
0000000000000181
00000048b5d42ed9
00000048d0fb7db9
00000049ddac9ab9
0000004b2adb3619
0000004ba6684139
0000004bcbfae619
0000004bf29ef1d9
0000004cc4b54cb9
0000004ceeaaa479
0000004d3b9ad419
0000004e36477f79
0000004e37b4e079
0000004e92168f59
0000004f1bbaaa99
0000004f3c1535b9
0000004f8322c8b9
000000503c890f39
000000a3b9956161
00000000018f5471
0000000000000181
0000005233d64939
0000005294b97519
00000053698cc959
0000005391cde239
000000540bb01ab9
000000540bb02b59
0000005444b78379
0000005467e4e719
00000054c845b799
00000054cf458799
0000005577cb0ef9
0000005600eb35b9
000000560cad1999
000000570899a5b9
0000005714675339
000000573d15ba99
000000573dcf8479
0000005748bdd4d9
00000057be80b1b9
00000057d0076a19
00000057f5a4eaf9
000000583529a999
000000585239b6d9
000000587569c2d9
0000005883b09af9
00000059203a1299
000000596c5ada19
0000005971b7d3f9
0000005a03297bb9
0000005a18ddcb59
0000005aa7d60639
000000b65a00b561
00000000018f5471
0000000000000181
0000005b825ce639
0000005ba79d45b9
0000005bcf921e59
0000005c28155d79
0000005d0e1a62d9
0000005d12b53a39
0000005d8d573959
0000005df3be3099
0000005e03518a19
0000005e92b9c439
0000005ede468679
0000005f283ccaf9
0000005f34205439
0000005f9a1db779
0000006013fd8bd9
000000604cc1d9f9
00000060f416ebd9
0000006120f954d9
0000006127188159
0000006151e10179
0000006257867699
0000006388077b19
000000639c6e4f79
00000063b44c8619
000000c8fa6c0961
00000000018f5471
0000000000000181
00000064bbdfb059
00000064bd322699
0000006508b6f2d9
000000650fc13839
00000065ec08f839
000000660e308619
00000066165afcb9
000000662bf117d9
00000066860f4959
000000668b4e79f9
00000066f40442f9
000000682a69fb39
0000006863027a19
00000069123874b9
0000006a3d84bcb9
0000006b4bb6e6d9
0000006bd3513bb9
0000006be4daa8b9
0000006c34401d99
0000006c84488299
0000006c8f008639
0000006ca03cfa59
0000006d220a9a59
0000006d266ab919
0000006d86968b39
000000db9ad75d61
00000000018f5471
0000000000000181
0000006ddb4e9899
0000006e0a25d759
0000006ecf464d19
0000006ef916dff9
0000006f773bdb59
0000006fa8479499
0000006fd8bf7859
0000006fffb28b79
00000070941cae79
00000071df406ef9
00000072057c7679
00000072739f5919
000000727b99f299
000000728d18c4f9
00000072cacb6e59
000000738cf273b9
0000007465a7ecd9
00000074ced0d959
000000752ed96299
00000075eb22baf9
00000075f1741c39
00000075f3938c79
00000076e800c399
000000ee3b42b261
00000000018f5471
0000000000000181
00000077d2e6b0f9
0000007843b91659
0000007989612b19
0000007a19d58bb9
0000007a7213f4f9
0000007c08351bb9
0000007d06153af9
0000007d8ef0cd39
0000007da51e15b9
0000007dad76c3d9
0000007e53870439
0000007eb9b5db99
0000007ef6370959
0000007f6989da19
0000007fe223a3d9
00000080394ed559
0000008067ef1e99
00000100dbae0661
00000000018f5471
0000000000000181
00000080af118cb9
00000080b393e739
00000081d983cd99
00000082489af539
00000082a768c9f9
000000838a4b5f19
00000083d6c63059
000000841dadd059
000000843f483839
0000008466ec1d79
0000008636c211f9
000000863d5b25d9
00000086573e8479
00000086e82429b9
000000872a4bf739
000000872db902d9
000000873043ae99
00000087322881d9
000000882be55fd9
0000008851a89439
00000088a1450af9
00000088bee59f39
00000088e1a21559
000001137c195a61
00000000018f5471
0000000000000181
00000089d9b84559
00000089dfe29479
0000008a2cfa75b9
0000008a4a161499
0000008a51f410f9
0000008a61b2d1b9
0000008a6cc49119
0000008b4168a699
0000008c1d2dedb9
0000008c3531e639
0000008cfc5a5099
0000008d47b5eaf9
0000008e88f91239
0000008e9e678499
0000008f175275d9
0000009080885cd9
0000009080886499
00000090bf38dc99
00000090ec979f79
0000009193313cd9
00000091a0d16159
00000092a5e4f579
00000092f3b46d99
000001261c84ae61
00000000018f5471
0000000000000181
0000009336fa13d9
000000933bf0f919
0000009380f9f539
000000939b6eb719
00000093c442da19
00000093d0feaaf9
00000094045db179
0000009489495159
0000009518794e59
000000951a797299
00000095269ed199
00000095376e1df9
000000973e41e4d9
0000009782915739
00000098a8c75799
00000098e378a539
000000997d2a2b19
0000009aca472e19
0000009b04368579
0000009c4011f6d9
00000138bcf00361
00000000018f5471
0000000000000181
0000009cb0b73bb9
0000009cfb17c159
0000009d5f132a59
0000009dede69ed9
0000009ec5358ad9
0000009ecc2c6d19
0000009f0324dcf9
0000009f1ff23219
0000009fcc9f0219
000000a0955cbd99
000000a0b7716a19
000000a1a427ff19
000000a20fd031f9
000000a27820ac19
000000a31b622c39
000000a345b27899
000000a39ef93439
000000a3d21e3c19
0000014b5d5b5761
00000000018f5471
0000000000000181
000000a68b488fd9
000000a7e938e1b9
000000a811de4a79
000000a858f6df79
000000a8c21a57b9
000000a8f97e6f99
000000a908463ff9
000000a98c2186b9
000000aa3fb1c6f9
000000aace33ccf9
000000aaf0bf4099
000000ac6c969219
000000acd93d0819
000000acfc0fcd79
000000ad915b0599
000000add8748f99
000000ae22e66779
0000015dfdc6ab61
00000000018f5471
0000000000000181
000000b03d446df9
000000b067171c19
000000b0791f0659
000000b18e5eeab9
000000b1dab273f9
000000b31f160b39
000000b327d59119
000000b38c7be199
000000b3925d2a79
000000b3950d9c39
000000b4d82444d9
000000b520f60379
000000b596fe6559
000000b60c7a2179
000000b684e1c699
000000b848c81d19
000001709e31ff61
00000000018f5471
0000000000000181
000000b862780a79
000000b8c542ed79
000000b9469a4d99
000000b9eca07c59
000000ba2417e299
000000bb60608339
000000bc0fb9cff9
000000bc7fe3f099
000000bcd6be6919
000000bd50dda0d9
000000bd700ac7b9
000000be695355b9
000000be7ee91639
000000c1253fec59
000000c1347fdb19
000001833e9d5361
00000000018f5471
0000000000000181
000000c1b2e4eb99
000000c20fde9b79
000000c2769c19b9
000000c2eb984b39
000000c3cd539ad9
000000c4c8f1be19
000000c4e29c0c19
000000c521e64859
000000c538da7979
000000c54561f3f9
000000c56ea6cdd9
000000c63362b479
000000c72755ad19
000000c73a5c2c39
000000c757ce0cf9
000000c819101259
000000c8b9994379
000000c8c89962b9
000000c99a0cbcf9
000000ca19b091d9
000000ca5a38d5f9
000000ca8f767619
00000195df08a861
00000000018f5471
0000000000000181
000000cb48eb68b9
000000cd094e6359
000000cd6e7b0ab9
000000ce83492039
000000ce83610df9
000000d01c3e84f9
000000d06b4ca579
000000d0f8326499
000000d14c52aa59
000000d16d759999
000000d1cb22ad59
000000d2a4bfe0b9
000000d2f98b4fd9
000000d33baadad9
000001a87f73fc61
00000000018f5471
0000000000000181
000000d493b62239
000000d4c701aa99
000000d5202bf959
000000d52d11bc99
000000d585deeff9
000000d5925f6359
000000d5c5ca0d19
000000d6cd3be779
000000d6fcd329f9
000000d6ffae5099
000000d7ab6c0619
000000d8810a6bd9
000000d8cb9c9d99
000000d95b12dbf9
000000d9e0918739
000000dae42a2519
000000db519ff099
000000dbe5837b19
000000dc3421fcb9
000000dc344d2379
000000dc45e5f1d9
000000dd0e790c79
000001bb1fdf5061
00000000018f5471
0000000000000181
000000de51c9e479
000000de626c5739
000000df1c3ce8b9
000000df48eae6f9
000000dfd342f0f9
000000dfe21f45d9
000000dfeb8fb8d9
000000e0a3a54339
000000e0fa99f4d9
000000e118003d19
000000e1200d4c79
000000e137026d79
000000e1b2a60df9
000000e228ceff79
000000e39d65b8f9
000000e45c8d6d39
000000e61d737459
000000e69a3ed519
000001cdc04aa461
00000000018f5471
0000000000000181
000000e75c05e559
000000e7a54d2679
000000e82bee40d9
000000e849a2e639
000000e998bf5db9
000000e9d8d48179
000000eb6f22b659
000000ebc4b9c0d9
000000ebdd9395f9
000000ec05f65b19
000000edb1040939
000000ee7b6c03b9
000000eee1557679
000000ef67a26559
000000ef70c70479
000000ef7ffaf9f9
000000eff0a04259
000001e060b5f861
00000000018f5471
0000000000000181
000000f04e2c62b9
000000f0b3a4f419
000000f13b354d19
000000f15a6543d9
000000f1edcad279
000000f29a2f1799
000000f2b8d67d79
000000f3a4dc8279
000000f3db064099
000000f3e4a1b9d9
000000f481311079
000000f4e04f4d19
000000f509d35739
000000f55f83b679
000000f571cf1379
000000f5abeea619
000000f5ecee0dd9
000000f692e75139
000000f6e3c80db9
000000f7bb5b4499
000000f819b384b9
000000f91078aa59
000001f301214c61
00000000018f5471
0000000000000181
000000fa3baeb8f9
000000fa415d1559
000000fa46fcd779
000000fadc49af19
000000fb17920739
000000fc0e198399
000000fc46d13719
000000fd024ae559
000000fe3f3e9e59
000000fe78d0b979
000000fe98ef49f9
000000fef43c4939
000000ff7a0ca679
000000ffb6014f39
000000ffd6e923d9
000000ffe4a07899
00000100aaa2e519
000001011aa59659
0000010142bf4e19
00000101a64f73d9
00000101c1362a19
00000101cc9c0c39
00000102ace58cd9
00000102c8a3a099
00000205a18ca161
00000000018f5471
0000000000000181
00000102e5f58bf9
00000103908682f9
00000103a6913d79
00000104c6146d59
0000010507b329f9
0000010596b9ec19
00000105b8389219
00000105bdfac599
00000105d9a9cfb9
000001062d8409f9
00000106d6b8f699
0000010720fdaab9
000001080c9d9499
000001098126ea99
0000010a9f66a139
0000010b51bd28f9
0000010b7293d9b9
0000010bc6470059
0000010bfa59af39
0000021841f7f561
00000000018f5471
0000000000000181
0000010c7d65f499
0000010cb39b3999
0000010cf3aaeaf9
0000010d2dc97e99
0000010d67f52cf9
0000010db56dedd9
0000010e18b54039
0000010e3537db59
0000010e3eb549d9
0000010e52966439
0000010ea01e20b9
0000010ed7e3d239
0000010ee4530379
0000010f6d5a03f9
0000010fcf9aa1f9
000001102a400079
000001103c9fe119
0000011055af9399
00000110a9176b19
000001110640ae99
0000011164cd3d19
00000112330621f9
00000112b6feda39
00000112bab86059
0000011407e10379
000001141f4c6ed9
000001148fb08d99
0000011492488fd9
0000022ae2634961
00000000018f5471
0000000000000181
00000115852e3599
00000115c2e53559
0000011669424cb9
000001166c5bfd59
00000117a4c76dd9
00000117f7f4cc79
0000011960499fd9
00000119cfce9279
0000011aee4c90b9
0000011b84d79fb9
0000011c20769e59
0000011c38dcd139
0000011c3a4a0179
0000011c941a1219
0000011c9e906699
0000011da13d2699
0000011da14d7b39
0000011e25c6d119
0000011e90946d19
0000023d82ce9d61
00000000018f5471
0000000000000181
00000120598361b9
000001208e34a5d9
000001211f2ba719
00000121546e7b79
0000012155843d19
0000012281d96f79
00000122a2c55259
000001255724a5f9
00000125b00a5a99
000001266610b819
000001267370a0f9
000001267c45a6b9
000002502339f161
00000000018f5471
0000000000000181
0000012828f0e439
00000128340b93b9
0000012aed9e54f9
0000012b7aea0bf9
0000012b9e149179
0000012c17d66d39
0000012c7450a4b9
0000012c9ab88f19
0000012cc4bfcb79
0000012d22396359
00000130beba42b9
00000130f0dcaf99
0000013114153659
00000262c3a54561
00000000018f5471
0000000000000181
00000131e6ddb119
00000132f2e36b99
0000013320e07bf9
00000133b853f0d9
00000133d45a9db9
000001342984e7f9
00000134711c3b79
0000013477c3fab9
00000134c3e93479
00000136217ca679
000001364e350bb9
0000013683cfa759
00000136b86105f9
00000137a3f111d9
00000137c08aca99
0000013962336479
000001399f42de59
00000139f0b9f7f9
0000013a3a7e86f9
0000013a57a0df19
0000027564109961
00000000018f5471
0000000000000181
0000013aec0edf19
0000013b6b60ac79
0000013c16f6e6d9
0000013c51ed0e39
0000013c66f0dd99
0000013c8d8a9979
0000013cc73b0db9
0000013d7898b3f9
0000013dce648059
0000013e0e4daf39
0000013e49c78b99
0000013e8c2103d9
0000013ed9a03059
0000013ee5893ab9
0000013eeb289839
0000013eeb28afd9
0000013f40c3a459
0000013fdbd97a59
00000140bd6bbf39
0000014166e05af9
00000141f0bac199
00000142b22732f9
00000143230d7519
000001432cd47479
000001432d7c9559
000001434ec591b9
00000288047bed61
00000000018f5471
0000000000000181
000001445d13e8f9
000001446d244379
00000145591c5999
00000145c69cbb19
0000014681e01579
00000146b2d9feb9
0000014748ed3c79
00000147ac6e2599
0000014853c79059
00000148b569c279
00000148e1feef99
00000148fbd8e159
00000149135cbed9
00000149a388d839
00000149b78d1db9
00000149e6765319
0000014b7b588e99
0000014c69730ab9
0000014c782c51b9
0000014c99eede99
0000014ca4db54b9
0000014d44846dd9
0000029aa4e74161
00000000018f5471
0000000000000181
0000014ea0ba4ed9
0000014ebaa03599
0000014f6bb51039
0000014f77415579
0000014f8693ba59
0000014feb1ce5d9
000001517f332d79
000001517fe2e659
000001538801c7f9
00000154383acf39
00000154d92b2359
0000015570ef1a39
000001569b27e399
000002ad45529661
00000000018f5471
0000000000000181
00000156b2332419
00000156f04b2b19
000001577e5b50f9
000001579bff65b9
00000157c7a0a119
000001583ca10b79
0000015898ab5f79
00000159c0bdfe79
0000015b9abc0019
0000015c1ce75e99
0000015c7e3bf659
0000015daa5ffbb9
0000015db8bbcdf9
0000015e7fd7a619
0000015eb6040059
0000015f81175f19
000002bfe5bdea61
00000000018f5471
0000000000000181
0000016063f17f59
00000160799c0479
00000160a8dc75f9
00000160bbbf8a79
000001627e31bc79
00000162c70299d9
0000016370890b79
0000016397a3c259
00000163c16bb439
00000164137b9d59
000001642296fad9
00000165cb93ae99
000001662998fcf9
000001663302c879
000001665600f919
00000167bda40799
00000167d0ac9bd9
0000016935301399
000002d286293e61
00000000018f5471
0000000000000181
0000016a421f05f9
0000016a6c776bf9
0000016abd049519
0000016b4bbc26f9
0000016b8f7b3779
0000016bc1b014f9
0000016c1ee0fb99
0000016c32029799
0000016df0577479
0000016e2eae3f79
0000016e5b0df319
0000016e93b52899
0000016f7c543339
0000016f8f067f59
0000016ff6d6ed19
000001705c2a8f19
00000172199c10d9
000002e526949261
00000000018f5471
0000000000000181
0000017344401e79
0000017382108679
00000173842b1b99
000001738b664399
00000175f44eabb9
00000176118f57b9
00000176c7db1d99
0000017915ccd479
0000017984405679
000001798b5fe6b9
00000179a7860699
00000179e25ec939
0000017b998825d9
0000017bd878f9d9
0000017bdfbd8e79
000002f7c6ffe661
00000000018f5471
0000000000000181
0000017c5405bb39
0000017ce5ece6f9
0000017d02365919
0000017eb788aed9
0000017fc15e9c19
00000180c4003799
000001815a0d55b9
000001815d3644f9
00000182624f7619
00000182993f5ef9
00000182b561fdb9
000001836bb75e19
00000183c32dbbf9
0000018507f70df9
0000018517e8c9b9
00000185326dd659
0000030a676b3a61
00000000018f5471
0000000000000181
00000186d69103d9
00000186f5233dd9
00000187a4409959
00000187d7548e39
0000018912869819
000001895cad9219
00000189a6a39679
00000189e98e8079
0000018a761de779
0000018ab70d05b9
0000018ae115ccd9
0000018b51d131d9
0000018c1a5062d9
0000018d26c8fdb9
0000018d5ef5fb99
0000018d6b970879
0000018d811eced9
0000018e137661b9
0000018e1d62fff9
0000031d07d68e61
00000000018f5471
0000000000000181
0000018f19837419
0000019045c9a8f9
00000190818eab59
0000019159960199
00000192fd3eb699
00000193a1a3edd9
00000193ffa9c999
00000194487592f9
00000194f89143b9
00000195333ee0b9
0000019588bc5bb9
00000196b0f83a99
0000019757bd85f9
00000197ca86a059
0000032fa841e261
00000000018f5471
0000000000000181
00000197d6e36779
0000019939704f39
000001996bd4f339
00000199e0f303f9
00000199e4a526d9
0000019d292c5559
0000019e655d4b39
0000019e944ac479
0000019fdef91a19
0000019ffed29c99
000001a02787c479
0000034248ad3661
00000000018f5471
0000000000000181
000001a12d6755b9
000001a37a08e159
000001a52dfd45d9
000001a55e09c319
000001a5703025d9
000001a5b45a1579
000001a61874d0d9
000001a65abc0b99
000001a6f9a166d9
000001a712462d99
000001a727d9e5b9
000001a7dd302b99
000001a845cf7af9
000001a86f5a3a59
000001a8f657dad9
00000354e9188a61
00000000018f5471
0000000000000181
000001aab3e814b9
000001aae04e63d9
000001ab0358d939
000001ab6bc08dd9
000001abc4b7c419
000001abf64a2d59
000001ac108b5999
000001ac4b560fd9
000001acb39a7cb9
000001ad487ba359
000001ad65ac95f9
000001adf983c659
000001af738722d9
000001afb0b6d8d9
000001b1312aca99
000001b1a8bf6919
000001b232258d59
000001b235669819
000001b25f9fc5d9
000001b2d4b89f79
000001b2f7ed4099
000003678983de61
00000000018f5471
0000000000000181
000001b3ec2939f9
000001b3ef684339
000001b463172cb9
000001b4dc30d0d9
000001b51c59c219
000001b5f31c0739
000001b62d9bcf59
000001b65a4cba19
000001b65e3fe259
000001b65fa4d4d9
000001b660348fd9
000001b72be87c79
000001b7ae43eb59
000001b85c410899
000001b881053359
000001b8a8641919
000001b9f7551ab9
000001ba8fb170b9
000001bb55e91cd9
000001bb55e92fb9
000001bb9ba86099
000001bbae341f99
000001bcb4119d59
0000037a29ef3361
00000000018f5471
0000000000000181
000001bd48b85e79
000001bdcf0e4db9
000001be4e7633f9
000001bf372cefb9
000001bf3968fd19
000001bf5e2186d9
000001c0427061f9
000001c06692ea99
000001c16d8453d9
000001c22ff81099
000001c24dec7939
000001c2e03a9ef9
000001c2ee000619
000001c3de4ee1f9
000001c4c22030f9
000001c5a700e879
000001c5f8246ad9
0000038cca5a8761
00000000018f5471
0000000000000181
000001c7203eb699
000001c871e34119
000001c8a17f6119
000001ca1f176b39
000001cadc609ff9
000001cb82135f19
000001cbb255abf9
000001cbed8099b9
000001cc019f27b9
000001cc47d85539
000001cc65d37bf9
000001cd489649d9
000001cd6749f699
000001cd6b42a4d9
000001cdd3af4cf9
000001cdd4a7aa79
000001cf7ebfc0b9
000001cf80d38e39
0000039f6ac5db61
00000000018f5471
0000000000000181
000001d00d69b7d9
000001d07ca4b379
000001d0ae9bf6b9
000001d183a0d559
000001d198921dd9
000001d21de20b39
000001d23a2f0819
000001d23f120f39
000001d30ca51ab9
000001d320431179
000001d379a89099
000001d47314bbf9
000001d47d6bc239
000001d4c5af3899
000001d4d8bd7f19
000001d4db9fe219
000001d59244b559
000001d621ca33f9
000001d646655719
000001d6c159ed59
000001d7c78edb99
000001d8b5c158f9
000003b20b312f61
00000000018f5471
0000000000000181
000001da25ffd799
000001db08d196b9
000001db1c18b699
000001dbf6187259
000001dcb99dd9d9
000001de5dec42b9
000001dec57841d9
000001df8eb9ca79
000001e0058f9d19
000001e09c12b599
000001e156259859
000001e1bca7b539
000001e1ef694659
000003c4ab9c8361
00000000018f5471
0000000000000181
000001e3442a2019
000001e3953ec319
000001e44c20c659
000001e465d9b379
000001e4984e4799
000001e552acdaf9
000001e58696bb79
000001e59b1e9f39
000001e5cbf1eb39
000001e680cf25b9
000001e72c136df9
000001e771687b99
000001e806f16bb9
000001e824e4b439
000001e86891a999
000001eab418a819
000001eb23d660d9
000003d74c07d761
00000000018f5471
0000000000000181
000001ec57f15f79
000001ed4451a919
000001edc73282d9
000001edfe0bbf79
000001ef1e134cf9
000001ef5e763239
000001ef6bbf3cf9
000001efe1ff19d9
000001f126b42819
000001f127cb3439
000001f1a95daeb9
000001f221ce00d9
000001f2a2a85db9
000001f3c19381b9
000001f4329bafb9
000003e9ec732c61
00000000018f5471
0000000000000181
000001f5284ba959
000001f561ba5e19
000001f5ba25c459
000001f5d74d0cf9
000001f5eed10d79
000001f62c5ee399
000001f6fb3413f9
000001f6fde1efd9
000001f9ca8debf9
000001f9fffd8639
000001fa16df6419
000001fa2920e999
000001fa6df52c19
000001fa70a64659
000001fab89f6199
000001fb23dc6839
000001fbb4c4c879
000001fbc4652039
000001fd12d4b8b9
000001fdd30a4f39
000003fc8cde8061
00000000018f5471
0000000000000181
000001fe76222cb9
000001fff22703b9
0000020073408119
00000202bc7c79b9
00000202c3ab83f9
000002039769e9b9
0000020401ede359
0000020401edfad9
000002042cc04739
000002049fefc799
00000205179178f9
000002057096bb99
00000205e02d49f9
0000020619cfdad9
000002073cd592d9
0000040f2d49d461
00000000018f5471
0000000000000181
000002079f007b59
00000207b4978a99
00000208081e1ed9
000002084da0faf9
000002086aa94419
0000020932275639
000002095889b459
00000209e49e7a39
0000020a5d465159
0000020ac55d4cf9
0000020aeced7119
0000020b5aace679
0000020bda49ae19
0000020ffa490c59
000002100786ac19
00000210405ba1b9
00000210e1d296f9
00000421cdb52861
00000000018f5471
0000000000000181
000002110d9dbcd9
0000021166709839
00000211991ee4b9
00000212b62f8a19
00000212e4ea9fd9
00000213c67a8ed9
00000213c8361f19
000002154b39b1b9
0000021659f6b939
00000216bab07219
00000216d07c4b99
0000021703f7add9
000002175f7bd519
000002178c837059
00000217a91fb059
00000217ad4c6539
00000218dd3cc5d9
00000219267cdd79
000002198086dc59
000004346e207c61
00000000018f5471
0000000000000181
0000021a5594c579
0000021a69de0359
0000021ad2656259
0000021bd669b3b9
0000021c0a859c99
0000021c5e7dcb79
0000021d040d0fb9
0000021d2ba162b9
0000021f002b1799
0000021f4394d5b9
0000021f44771d59
0000021f6fe7de39
0000021f8a64bf99
000002205ae99099
0000022126269259
000002212d096bb9
000002223876c499
0000022303b63439
00000223185a2519
00000223342fedb9
000004470e8bd061
00000000018f5471
0000000000000181
00000223a4cb7759
0000022483143119
00000225a96c8f59
000002260a2c2479
0000022614739419
000002266d9b6039
000002266ecf8399
000002268fffedf9
00000226955a4ad9
00000226d815cfd9
00000226e8cd9599
0000022831726079
0000022897e75eb9
00000228d8e4a799
00000229495a3779
000002297604b619
00000229797e97b9
00000229a9e50a79
00000229b3eb9959
0000022a0ee8c919
0000022a13a253b9
0000022c17743cd9
0000022c38fdaa59
0000022c40230539
0000022c99ceaf59
00000459aef72561
00000000018f5471
0000000000000181
0000022cedc4a039
0000022d84e4fe39
0000022d9b873579
0000022e0eb455b9
0000022ffb0db759
00000230161de579
00000230733d0359
0000023141c02619
0000023245fd3cd9
0000023251087d19
000002326f8d0c99
000002328a6a82f9
00000232a33d03f9
00000233eb2fd719
00000233fea8d419
0000023407ae4259
00000234d7bf9939
00000234e8e09fb9
00000235f54622b9
0000023602e102d9
000002361dbb2bd9
0000046c4f627961
00000000018f5471
0000000000000181
00000236b1807119
00000237087db9b9
000002375fce43b9
000002383b541b99
00000238e5dd6a59
0000023910e901d9
000002395cf823f9
0000023989165e39
00000239bb156979
00000239f5e32499
00000239f5e33839
00000239f92d2e99
0000023a234a3d39
0000023a7b7440f9
0000023a8651c819
0000023b5706bfb9
0000023b73662839
0000023c0f4f7699
0000023c16afd6d9
0000023c1c0b09d9
0000023c3c052df9
0000023d5b750fb9
0000023e68e34c39
0000023ef73caaf9
0000023f6f2b74d9
0000047eefcdcd61
00000000018f5471
0000000000000181
0000024011c77599
000002408fc9dbb9
0000024101f39259
00000241f2619ab9
000002421ff44059
00000242225d5019
0000024234817e39
00000242ea3e74b9
0000024313ed02f9
000002432de9d979
000002437d8d33b9
00000243c13a7b19
00000244c8fcdaf9
0000024578f897f9
000002458e2cdfb9
00000245dc0ca119
00000245fa98e439
000002464f3b0f99
0000024897e27999
0000049190392161
00000000018f5471
0000000000000181
0000024960a60539
0000024bd2f94419
0000024be8f8cdf9
0000024cdfca4e19
0000024cf57c7539
0000024d03a21ab9
0000024d6b3133b9
0000024e4043b6d9
0000024f8e654579
0000025029ac52d9
00000250992db8f9
000002513622f339
0000025215022d59
000004a430a47661
00000000018f5471
0000000000000181
0000025380c80e99
00000253a9652959
0000025409a2ff39
000002540c6299f9
0000025494061f19
00000255709c7319
0000025599bd9959
00000256147cf759
000002575acedfb9
00000257868216f9
00000257ace00bf9
00000257bdbafc79
00000257e0fb0399
0000025811cae4b9
00000258518a9fb9
000004b6d10fca61
00000000018f5471
0000000000000181
0000025b7e692bb9
0000025bbc782ff9
0000025c103c7ef9
0000025c7f3582d9
0000025c83283d39
0000025d3c6d5ab9
0000025d3e07c059
0000025d54c36779
0000025d634bcef9
0000025d6ea14979
0000025e2671dd59
0000025e3092eed9
0000025ed3ac64b9
0000026079aacef9
000002607fca8ed9
00000260b81ade19
00000261b0b983b9
0000026278b40879
000002628cbdd339
0000026294fe1cf9
00000262cadff279
00000262e3f31dd9
0000026333744519
0000026360a9a919
00000263e147b579
00000263fe1d8e59
000004c9717b1e61
00000000018f5471
0000000000000181
00000264cbeb74f9
000002651b943359
00000266baaa89b9
00000267180d9bd9
00000267342b2fd9
00000267b0ec9859
000002691994e059
0000026941819f19
000002694f6c60d9
0000026957d29b59
0000026997b008b9
0000026a4e85f6b9
0000026aed52e739
0000026bf397ec19
0000026c8ce75b99
0000026d4d7e2279
0000026d5b102f59
0000026d861c0d59
0000026dd42b6239
000004dc11e67261
00000000018f5471
0000000000000181
0000026e607be079
0000026e642047f9
0000026e872a9d19
0000026ef89a9f19
0000026f14b0f979
0000026f99a07db9
000002702f003659
000002703b7e2019
0000027060e2a679
00000270a47f69d9
00000270c1c21879
000002713ee1c439
0000027167375b59
0000027216610039
0000027270772c99
0000027360892459
0000027490eb00f9
000002749f492619
0000027506ca4399
00000275c0936b79
0000027656a4b739
0000027665a02359
000004eeb251c761
00000000018f5471
0000000000000181
000002777ba6ce19
00000277c0150cd9
00000278b62c4179
00000278d1ff5079
00000278d2edc5f9
00000278e14c2159
0000027a09529ef9
0000027ac10c5d39
0000027b25cefd79
0000027b96690e79
0000027ba54e84b9
0000027c45e1e7f9
0000027c46259b19
0000027c690dcc39
0000027d86cbe599
0000027d89c94af9
0000027e18879f59
0000027e8c6b47d9
0000027ec65e3539
000002800176ec19
00000280303db8f9
0000028033b30b99
0000028064c53259
0000050152bd1b61
00000000018f5471
0000000000000181
00000280bef115d9
00000280f3849639
00000281a56393d9
00000282d4b3bd99
000002830f837799
0000028324f69519
00000283ab914299
000002844e93c739
00000285b86cf8b9
000002861f09f359
000002863f30d259
000002865d7b2b59
00000287198d2439
00000287a75db2d9
000002889d0d9779
00000289726cb399
00000289e18b8579
00000513f3286f61
00000000018f5471
0000000000000181
00000289ffe433b9
0000028a17645f19
0000028a90beabb9
0000028b772c7479
0000028b8643d799
0000028bf024b2f9
0000028c439e9879
0000028c58ddea19
0000028d4b538799
0000028e75ddad19
0000028e9b811a79
00000290ea2bb6d9
0000029166296559
0000029180f597d9
00000291a80e9359
000002921d9bf179
000002929d9a2f99
000002934693d8d9
000005269393c361
00000000018f5471
0000000000000181
00000293e2992af9
00000294306fc159
00000294609e2899
000002946f476599
00000295af5136f9
000002964a7dd479
00000296c3a2c6f9
000002979ce00ff9
00000297a4161a59
000002989540ec59
00000298c88bf2f9
000002996be106b9
00000299ef9c16d9
0000029a9bcbecd9
0000029b49716179
0000053933ff1861
00000000018f5471
0000000000000181
0000029c9c8cc1f9
0000029d22548c59
0000029d60ebba19
0000029d6e6f3799
0000029d9067b2d9
0000029e76aff639
0000029ebeff4cf9
0000029edc6fb859
0000029f3aa56f19
0000029f43a3aeb9
0000029f510826b9
000002a063b45519
000002a0c67e3ab9
000002a1303e91b9
000002a135951eb9
000002a2577820f9
000002a28a281c59
000002a2a4a0e4f9
000002a3358cc539
000002a379f01439
000002a37b6d7b19
000002a38fb87c59
000002a3cbbe2659
000002a3cd6fa779
000002a4716debb9
000002a4be63ccf9
000002a4f2173079
0000054bd46a6c61
00000000018f5471
0000000000000181
000002a62d559699
000002a646e69f39
000002a7033c1939
000002a70c3e4239
000002a7be85e919
000002a7f270fbf9
000002a82d247119
000002a879c20d19
000002a8e67f9979
000002a8e8dcc219
000002a90178a439
000002a98aa47919
000002a9addd1af9
000002aa2ccb1d39
000002aadeb5cc79
000002ac3c2a7b99
000002acbf73d9f9
000002acbf8d4b59
000002ad123a9999
000002ad41a42c79
000002adf73b3859
000002aee6e73c59
000002af3072d919
0000055e74d5c061
00000000018f5471
0000000000000181
000002afa4ad4039
000002afbd04d7d9
000002b0b43a4a99
000002b0cc9e19d9
000002b11ec0a3b9
000002b21ea1dbb9
000002b33aa3acf9
000002b3cd491a99
000002b425db86b9
000002b4684d52d9
000002b47bf70c79
000002b4fa86d9d9
000002b561de4dd9
000002b5d98e99d9
000002b67a08ed99
000002b7138c9979
000002b7517f5bd9
000002b7be904199
000002b80e6df139
000002b875ecd3b9
0000057115411561
00000000018f5471
0000000000000181
000002b9ea24b0b9
000002ba9ec0ce99
000002bb4d6e6119
000002bbbd8d7f59
000002bca7bb9ed9
000002bd237d86d9
000002bd2b1d7399
000002bd3ff1d219
000002bf47a10779
000002bf64d88199
000002bf9659cdb9
000002bfca8f1b79
000002c06764e859
000002c0da07a499
000002c15b76ea39
000002c1920e3d59
00000583b5ac6961
00000000018f5471
0000000000000181
000002c1f4cc7939
000002c206d5f779
000002c2eb884059
000002c49be7f6d9
000002c4c206b339
000002c4cbc11579
000002c55533f7f9
000002c59d2ee9b9
000002c5c5c935b9
000002c5e016b9d9
000002c5e1e27c19
000002c5f92a2fd9
000002c669703f79
000002c692fdfa59
000002c73d3c5d59
000002c78c06c459
000002c87e396339
000002c922bd8399
000002c9429d6d79
000002c94f7b1f39
000002c9a789ab39
000002c9b3f58539
000002ca04cde9d9
000002cb003f1859
000005965617bd61
00000000018f5471
0000000000000181
000002cb90705d79
000002ccd1924d79
000002cd7c358bb9
000002cda1a0c139
000002ce1df88bd9
000002ceb71991f9
000002cf6b0bd799
000002d1116b7639
000002d1357e5999
000002d140b17219
000002d15c23d839
000002d165866cd9
000002d23efcf239
000002d2d554fef9
000002d320eaed39
000002d3b5015959
000005a8f6831161
00000000018f5471
0000000000000181
000002d590ae8df9
000002d5a45783d9
000002d5f859c139
000002d62f8f2e39
000002d8025c8cb9
000002d818f49219
000002d82d3ce779
000002d8ac0eb179
000002d90892e699
000002d91c243bf9
000002d91f5c9a79
000002db0bb19839
000002db51f534b9
000002dba7709b79
000002dba8028999
000002dbd8762719
000002dc45957539
000002dd83606699
000002ddaa0e9c39
000005bb96ee6661
00000000018f5471
0000000000000181
000002de8493eb39
000002debcd42599
000002ded85e9259
000002df2a19f499
000002df713ef979
000002dffdbbb719
000002e0a8bcf879
000002e0ae941939
000002e17fc70fb9
000002e1d7ebd479
000002e278ae5599
000002e38c564659
000002e446496eb9
000002e47ba50999
000002e4be2597f9
000002e4c8261fd9
000002e588c46d59
000002e59c653cd9
000002e5b05056b9
000002e6b719c619
000002e6ff229fd9
000005ce3759ba61
00000000018f5471
0000000000000181
000002e767f7c199
000002e7c82ff3f9
000002e872e65b79
000002ea08b96059
000002eb04bbfbd9
000002eb8175bef9
000002eb839c80d9
000002ec33d7baf9
000002ecdc480899
000002eced8a8099
000002ee848d7339
000005e0d7c50e61
00000000018f5471
0000000000000181
000002f07d15a8d9
000002f1956d1879
000002f1b755d0f9
000002f21ba03739
000002f2816fcd59
000002f2a505ae59
000002f2efb4bd19
000002f3024324d9
000002f3093850f9
000002f4b062ff79
000002f5a312ead9
000002f5d7f0a299
000002f5ffabf919
000002f6660b8b19
000002f66bd23339
000002f671eca159
000002f675428b59
000002f68810bb59
000002f802d2aa79
000002f8da913239
000005f378306361
00000000018f5471
0000000000000181
000002f9bc89af59
000002f9d65137f9
000002f9f890e139
000002fa6d987b79
000002fb07479d39
000002fb27ae7dd9
000002fb99fddf19
000002fb9bc11a99
000002fbc385fd79
000002fc143e6db9
000002fc6129d479
000002fd31913179
000002fd679d6639
000002fd9dd136b9
000002fe3dd9cb19
000002fec470dc19
000002feebd56d99
000002ffd31ed199
000003000883f4b9
0000030024951ed9
0000030045232d59
00000300c84558f9
00000300dc8c6e99
000003026a9cd519
00000606189bb761
00000000018f5471
0000000000000181
000003034c7c6c19
00000303fe8c9cb9
0000030400493cd9
0000030439a17039
0000030485460d99
00000305ae628899
000003063a763079
0000030835c1c479
000003083b6bfa99
00000308f03455f9
000003093217ff59
00000309d2535499
00000309fc23e8f9
0000030a940599b9
0000030aa1fd9239
0000030b36fc3879
0000030bba65b1b9
00000618b9070b61
00000000018f5471
0000000000000181
0000030ceae61679
0000030dfc800739
0000030e8abc6b39
0000030efcac5579
0000030f75b60fd9
0000030f82746039
000003102d139a79
00000310521e49f9
00000310b8a50859
00000311c14e6c79
00000311e6622079
000003120800c3d9
00000312cf213bd9
00000313daed9079
00000313ecd70db9
0000031452b1c179
00000314d92e6039
0000031532e75bf9
0000031591bf67f9
0000062b59726061
00000000018f5471
0000000000000181
00000315e562df79
0000031683e70d39
0000031687ba7339
00000316b3c5c199
000003170a69cb39
0000031760127839
00000318111dbd59
000003185ea179f9
000003185ec01219
0000031938fdc8b9
000003196ddf6db9
00000319b26c8bf9
0000031a7046e339
0000031b393411b9
0000031b3ba272d9
0000031bbd851399
0000031cd8698b39
0000031cf20238d9
0000031d5c1519b9
0000031e38db26b9
0000031eb79f04d9
0000031ebe57cfb9
0000063df9ddb461
00000000018f5471
0000000000000181
0000031f62edb919
00000320897143d9
00000321b2286eb9
00000321c5231679
00000321d26342b9
000003227c55cab9
00000323535ec6d9
00000323e3d000f9
0000032594104559
00000325cae66bb9
00000326ee56e199
00000327ab1b5bf9
00000327dc5f66b9
000006509a490861
00000000018f5471
0000000000000181
000003291f16c5d9
0000032939e968d9
00000329d87eccf9
0000032a5cfd2b19
0000032bb8608059
0000032be5682e79
0000032c23fae759
0000032c53b95619
0000032d45995a79
0000032f0f507f59
0000032f97c84359
0000032fb516b199
0000032fb516e1f9
000003305d951319
00000330f687a679
000006633ab45d61
00000000018f5471
0000000000000181
00000331b70b0d39
00000332c2ba31d9
0000033387197039
00000333c1eeeeb9
00000334373ff0d9
00000334cd5df0f9
00000335e45ea259
00000335f36cdd79
000003364cfa85f9
000003367a1fb0b9
000003367d829259
0000033735e40199
00000337fffb6e59
000003383d400499
00000338b4c410f9
00000338c040b0d9
00000338e982eaf9
0000033918915b19
0000033a39035fd9
0000033a41a4e5f9
00000675db1fb161
00000000018f5471
0000000000000181
0000033af61255d9
0000033b3a52ac99
0000033c4b441879
0000033d37a54959
0000033d519f2219
0000033d9e483379
0000033e966f4719
0000033f560a39d9
0000033f7ce8c679
0000033fc8a7f9f9
00000340961e1259
00000340a4370759
0000034167dbd2f9
00000341ea64d179
000003427d784579
000003431d4dc299
00000343d0104fb9
000003442cea69d9
000006887b8b0561
00000000018f5471
0000000000000181
0000034463de3a19
0000034517fb7a19
000003451e582399
00000345f9d93d79
00000345fa037879
000003464efaf959
0000034859b56cb9
000003486548e939
00000349398ebfb9
00000349446d7f79
0000034949a1be79
00000349812b69d9
000003499738bab9
00000349da2f61d9
0000034a1eaf9479
0000034ac63941b9
0000034aef6c8039
0000034c0dead939
0000034c23c776b9
0000034cc17ddb39
0000034cc57f0539
0000034cc6ffa619
0000034cd66cb8b9
0000034d27f23759
0000069b1bf65a61
00000000018f5471
0000000000000181
0000034e78e29a39
0000034ed14358f9
0000034eed22aa79
0000034fbcff95b9
00000350044f6f99
000003500840a999
000003507e576a39
000003513aefe319
000003515a766139
00000351cd71a819
00000351fc09b299
00000352171609b9
0000035275a052f9
00000352bfd2db79
00000352ca07dcb9
000003535f809319
0000035486bb2cf9
00000355b42f32f9
00000355eba7fed9
0000035660239999
0000035668b28fd9
000006adbc61ae61
00000000018f5471
0000000000000181
00000357673e2619
000003576d4570b9
0000035a28d4c3f9
0000035a48ee9639
0000035aaa8230f9
0000035b06c94139
0000035b29436c99
0000035b9e013d39
0000035c26408ad9
0000035cc5101ff9
0000035ce67fd959
0000035d42a75a59
0000035dad393a99
0000035e297a7f39
0000035e568cba19
0000035f053039d9
0000035f0ca8d059
0000035f42aca239
0000035f91c4b4b9
0000035fde87f139
0000035ffe72ddd9
000006c05ccd0361
00000000018f5471
0000000000000181
000003606c2d85f9
000003607e1fc979
00000360e577f0d9
00000360e5802cf9
000003614d2a0339
0000036150f6d659
000003618af2d819
00000362c3bcea99
00000362cd5c39f9
0000036361ecd379
00000363b92128f9
0000036585412639
000003659ca99df9
00000365c5f324d9
000003662c5c5999
00000366b5716179
00000366c20fed99
000003671b64ae19
0000036752c6bc99
0000036757ae3e79
00000367ba095679
00000367c6adb179
000003680c5959d9
000003686a0af399
00000368e6e01ef9
000006d2fd385761
00000000018f5471
0000000000000181
0000036a75473f79
0000036a96606bb9
0000036ba3f5e939
0000036beb63d6f9
0000036c0cea84b9
0000036c305d0cd9
0000036c443c99f9
0000036c57b80a79
0000036dd0326019
0000036f3ebd0c79
0000036f40530ef9
0000036f432a08b9
0000036fd5010359
0000036ff82d8af9
000003703b4fcb79
00000370f75f3999
000003725aa346f9
000003728e3c0d19
000006e59da3ab61
00000000018f5471
0000000000000181
000003732f699459
00000374c00843f9
00000374fafa27f9
0000037525e6bbd9
000003758c088579
00000375959224f9
00000375ed3c42d9
000003762b3f52d9
0000037707280a79
000003781f7f9179
000003782567c679
0000037841fb5379
00000379107245d9
000003792f3c8ef9
0000037943e3bb39
000003795f325599
00000379f6cfdb19
0000037a9bfb24d9
000006f83e0f0061
00000000018f5471
0000000000000181
0000037c8f931599
0000037c9dbc42d9
0000037dcf891459
0000037e2af385b9
0000037e598b9cf9
0000037ef7bfc7b9
0000037f86a9e6f9
0000038002010319
00000381fad08bd9
00000382269f23d9
000003832eee3219
00000383303108f9
0000038363945899
00000383668c8919
00000383fdd7eab9
000003844d0b3bf9
000003849934c9f9
000003849f125299
000003851cfe8c79
000003855ccc5b79
0000070ade7a5461
00000000018f5471
0000000000000181
0000038573857519
0000038590680839
000003862e4eb819
00000386f14042b9
000003877170ea79
000003878d8cf639
0000038851f3d5d9
00000389e1253ff9
0000038a0b5af179
0000038a54b6e9f9
0000038c31c869f9
0000038c3dd1f139
0000038c6d8ca379
0000038cd171aa59
0000038e286e1f59
0000038e830269f9
0000071d7ee5a861
00000000018f5471
0000000000000181
0000038fc5269c79
00000390e5be3a59
00000391296946f9
0000039133a343d9
00000391c41a77b9
00000391d17c6d39
0000039245504499
00000392cb2cb3b9
00000392ec9cf799
00000392efc53a19
0000039369577f39
000003936cca09f9
000003937c883499
00000393f1391fb9
00000394992af5b9
00000394a61158f9
000003952e296b59
000003956118c1f9
000003957e71c359
00000395901675f9
000003972eb9ce59
0000039795ffd599
000003979afaf399
000007301f50fd61
00000000018f5471
0000000000000181
00000398eb7bf159
00000399272d3399
0000039a1d0119b9
0000039a63a7b3d9
0000039b691d69b9
0000039c7d137959
0000039d7bedf739
0000039da5dbff39
0000039df63337b9
0000039e0b4036d9
0000039fddb850b9
0000039fe1dbb639
00000742bfbc5161
00000000018f5471
0000000000000181
000003a170863b79
000003a1714fcb99
000003a1fbd2e219
000003a375256f19
000003a38a74f839
000003a44fb28c19
000003a509468b39
000003a5592ddb19
000003a62d0a0ff9
000003a745c575f9
000003a7f6e75639
000003a855df2db9
000003a887d81a19
000007556027a661
00000000018f5471
0000000000000181
000003ab0751b8b9
000003ab1a019ed9
000003ab9e831b99
000003abe21e3e99
000003ac08c9b599
000003ac1411dc19
000003ac4abb9059
000003acb8228af9
000003ad264fd379
000003ad2d3ef279
000003ad917cb679
000003ad9548fe39
000003ae17896119
000003af1dd494f9
000003af55199bd9
000003b082952e19
000003b0aedee359
000003b0b955d6f9
000003b2cf9cd019
000003b3979ff399
000003b3a0f71039
000003b3d88c14b9
000007680092fa61
00000000018f5471
0000000000000181
000003b442d34ad9
000003b4621f1939
000003b46b3a26d9
000003b49032b779
000003b59c72aaf9
000003b5ea2a0939
000003b615518299
000003b62f7f0199
000003b631c019d9
000003b6467fce99
000003b6da490719
000003b7b5a4cbd9
000003b7be64be99
000003b91f7ce279
000003ba2cd16739
000003bab66e0e19
000003bae4f1c079
000003bb31356af9
000003bb44ef2239
000003bb5d527559
000003bb734e94b9
000003bb75f28f79
000003bb8b2cdd19
000003bbdbc77cf9
000003bbdfdbf439
000003bbfb0b8679
000003bc34a522b9
000003bd309a9e59
000003bd3b9e7b19
000003bd47596e99
0000077aa0fe4e61
00000000018f5471
0000000000000181
000003be330f0839
000003be7173c2b9
000003be9d276db9
000003c0dbf94a99
000003c11d664079
000003c18fc7ba19
000003c20edc1fb9
000003c3d48b11d9
000003c3ecf3c799
000003c44e435d59
000003c57480e2d9
000003c5864a63f9
000003c61deda2d9
0000078d4169a361
00000000018f5471
0000000000000181
000003c7006341d9
000003c71b7c3799
000003c77483b219
000003c7c4e6cad9
000003c8550ab139
000003c89f7d4f59
000003c8c89c9779
000003c9012e0179
000003c958361019
000003c97f98b679
000003c9e2bdc5f9
000003ca02206039
000003ca1d2287d9
000003ca4b1d7f99
000003cab064fc99
000003cbaef74179
000003cd31934439
000003cdc54223f9
000003ceb0a944f9
000003ceeab8a879
0000079fe1d4f761
00000000018f5471
0000000000000181
000003cff9f62df9
000003d0128b1619
000003d0834be7d9
000003d0b2da33d9
000003d134df9459
000003d143013dd9
000003d149dd3419
000003d1c6918a79
000003d1da9aa079
000003d21ec57a79
000003d355abdad9
000003d35bd52c39
000003d3efa8e059
000003d535ef1099
000003d571c1ac79
000003d57312c8b9
000003d5b254b899
000003d5bbe17f99
000003d5f9d9b2b9
000003d6b38bb979
000003d83d090c19
000007b282404b61
00000000018f5471
0000000000000181
000003da19ffe979
000003da3727fd39
000003da4cc011f9
000003dae7b94bd9
000003db71c05139
000003dbc1ea8839
000003dbc8196e39
000003dc19bc7199
000003dc542f5d79
000003dc96abf579
000003dcade41459
000003de2124a479
000003df07048519
000003dfb2c9c179
000003e05bc4bf39
000003e159b65ef9
000003e197a60639
000003e1f8004239
000007c522aba061
00000000018f5471
0000000000000181
000003e2d0c0d099
000003e2da2bf2d9
000003e3079efc99
000003e38795c6d9
000003e3b7315199
000003e453124b79
000003e49ad50e79
000003e533907ef9
000003e568b2af19
000003e57a1cce59
000003e5bf5560f9
000003e653704a99
000003e67ccee9d9
000003e69e62a459
000003e73ec796f9
000003e7e316d519
000003e80032a499
000003e81c3e2239
000003e8cbc532b9
000003e8f185fb19
000003e92b1ef899
000003ea885c20b9
000003eb1d353d39
000003ebb33c26f9
000007d7c316f461
00000000018f5471
0000000000000181
000003ed7e827e79
000003ed899f5599
000003ede2519ed9
000003edffb2a679
000003ee1bd20d59
000003ee3c5afdf9
000003ee4cfcdbb9
000003ee83197ff9
000003eec647b9b9
000003eedd92b919
000003ef1197e879
000003f0230a2e79
000003f0524611b9
000003f0883d4d99
000003f14a85c519
000003f1dac11799
000003f27bfbb9b9
000003f39b97d6b9
000003f3e1466119
000003f3e785fe39
000003f3ebd1a019
000003f4184c09f9
000003f46df136f9
000003f4b154c4d9
000007ea63824961
00000000018f5471
0000000000000181
000003f546176b99
000003f566b14499
000003f5c64783f9
000003f5c6be0e59
000003f6044d61f9
000003f60626ac79
000003f632a4f079
000003f6892f74f9
000003f74bcc2d19
000003f9c0544dd9
000003f9e23dd599
000003fa05fe51d9
000003faa3a3f919
000003fb89f495b9
000003fb8df4cfb9
000003fbbed885d9
000003fd3e0e75f9
000003fd66bdbed9
000003fde7318299
000003fe4f2a6c19
000007fd03ed9d61
00000000018f5471
0000000000000181
000003fe89f42ef9
000003fea443bb79
000003febee59b19
000003feed3d4419
000003ff151e78d9
000003ff4e7e5639
000003ffa259f5d9
000003ffe3e0df19
00000400977be1d9
00000400ddb06bb9
0000040116a64619
00000401641b2599
000004018026c759
00000401965cc519
000004019aee5319
000004020f868b79
000004025702ec79
0000040305d6ee79
0000040331d55119
000004038eec5099
000004041c9581f9
0000040477c0cdd9
000004053d82dfd9
000004053f9c5519
00000406d2a6acb9
0000040786001819
00000407c75250d9
0000080fa458f261
00000000018f5471
0000000000000181
00000407e3327279
00000407f0f36a59
0000040827e01d39
000004083a848999
000004088aebb139
00000408a0525e59
00000408b553d119
00000409c642a939
0000040b832b8259
0000040ba9fec519
0000040bec6bf619
0000040bf64ba2d9
0000040c7b15ec19
0000040cd480c259
0000040ceadd9c59
0000040cf661d5d9
0000040dab91b4b9
0000040dcc08b5d9
0000040e0d343659
000004103c988cd9
00000410a59e83b9
0000082244c44661
00000000018f5471
0000000000000181
0000041157d26159
000004115e2dce59
0000041192165699
0000041196361599
00000411f6434319
00000412e526cb19
00000412f2c1d859
000004135259e3b9
00000413e8f94479
00000414093ec459
0000041481b171f9
0000041489fe5759
00000414a44b8919
00000414b028d939
00000414cef32399
00000415526fc3b9
000004156799be79
0000041633ddc419
00000416f74d7b99
000004179b3ad199
00000417d1b63db9
00000418091d2599
000004180b22a879
00000418d9838319
0000041907fec079
0000041926c1c4d9
0000041977874119
0000041a0cfa89d9
0000041a6502b079
00000834e52f9a61
00000000018f5471
0000000000000181
0000041b8fec1519
0000041b9d25beb9
0000041ba7397339
0000041bb4168b39
0000041bbe98e2d9
0000041c48968319
0000041ccdd5d839
0000041d369e3579
0000041d53273e39
0000041dbd00fd59
0000041dee73e1d9
0000041f2d74ecd9
0000041f33e12b59
0000041f6d6bcd19
0000041fa9e65c39
000004203abc8419
000004209c210859
00000420c9d402d9
00000421c3ed3e19
00000422602895b9
000004226d1cc939
000004228ef87319
00000847859aef61
00000000018f5471
0000000000000181
00000423e37ff7f9
00000424338777b9
000004249201a739
000004252ae4a7d9
0000042531fabcb9
00000425f48d8359
00000426a9bdba59
000004282959a5f9
000004288095a679
000004290eeec679
000004293ce88fb9
00000429ca880559
0000042b11946a99
0000042b307d3839
0000042baf07ad79
0000042c1aae4879
0000042c76819899
0000042c98e061f9
0000042ca1a5c239
0000042cba0ab339
0000042cf9e7b019
0000085a26064361
00000000018f5471
0000000000000181
0000042e02ffb059
0000042e33646f39
0000042e54ac6359
0000042ff1fa2d39
00000430b3a2c839
000004319387ff19
0000043303919559
000004335752c6d9
000004335e138539
00000434962a4cb9
0000043512179219
00000435d0b22499
000004362b45fdb9
000004364728fa59
0000086cc6719761
00000000018f5471
0000000000000181
0000043717e51a39
000004373d1e7cf9
000004379a7a10b9
00000437dac69fb9
00000438608de459
000004390d8987d9
00000439b051cb99
00000439ca9fdc99
0000043a70c4d499
0000043aec45dc79
0000043b68d00019
0000043bbf00be39
0000043c9abfa159
0000043d30bc3259
0000043d4ddcbf99
0000043dd58f4a79
0000043e44869439
0000043f979d1e39
0000087f66dcec61
00000000018f5471
0000000000000181
0000044067374719
00000440d98f05d9
000004410c2e5499
00000441a5e36499
00000441c0466459
00000441fcb75a99
000004432efb2d99
00000444065ab4f9
000004441c3b6739
0000044501fe9b59
000004450339ed19
0000044554e57039
00000446290dde99
00000446458b0599
00000447c08b3399
000004485390ab99
00000448c881e0d9
00000448f6ebbfd9
0000089207484061
00000000018f5471
0000000000000181
000004493dc642d9
00000449acefa639
0000044a1176bf99
0000044a3ccbe379
0000044a627bcd79
0000044b56be1f19
0000044ba903dcb9
0000044bdbc92f59
0000044c35e012b9
0000044c56c3af79
0000044cb788bcd9
0000044ce93d1bd9
0000044d430c37b9
0000044ebce3fc99
0000044f06ed9eb9
0000044f3aa4a099
0000044f73e40e19
00000450f8edfbd9
00000451a767de99
000004521c6a0d99
000008a4a7b39561
00000000018f5471
0000000000000181
00000452a1c076b9
00000452b9356859
00000452bf2cca19
0000045417206159
0000045458e696f9
000004554e28e3f9
0000045588dc7859
00000455ca990bf9
000004572adc9b39
000004574d98f439
0000045755dfa519
0000045797217dd9
00000457a21cb1b9
00000458e8480919
000004594efd1c59
0000045a341cc079
0000045acff4cd79
0000045b1fec8b99
000008b7481ee961
00000000018f5471
0000000000000181
0000045bc4fcf399
0000045bf8fa3f39
0000045bffd42e59
0000045d14c21ef9
0000045dc94bb479
0000045e0ef65e39
0000045f72eec339
0000045f7d08a959
0000045fc1d6a579
0000045fde608099
0000045ff1ac6979
000004602d5777f9
000004610d724119
00000461f9288cb9
0000046204f16759
0000046210473f79
0000046227564cd9
000004622c5af959
000004624b1569d9
00000462b4798f59
000004637254ae79
000004644326d899
00000464777d7e39
000008c9e88a3d61
00000000018f5471
0000000000000181
0000046518d7bbb9
000004659c7ecc99
0000046615bf0c59
000004666984c6d9
0000046671e412b9
00000466cebe56b9
00000466fef2bb59
00000467114cce99
00000467c2375e39
000004680d313e59
00000468b9c2bf79
00000469d5c552f9
0000046a4a8f8559
0000046a54b94379
0000046a76be1e79
0000046ac8b40759
0000046bfe949039
0000046c4f5147d9
0000046cefcf4179
0000046d282c0f79
0000046d3f0351b9
0000046d87d4f239
000008dc88f59261
00000000018f5471
0000000000000181
0000046f3b592df9
0000047034e54d39
000004707c910299
000004730e8223b9
00000473c58a7d99
00000473d1b9a739
00000474b68af9b9
00000474d5893df9
000004758b13b3f9
00000475c72238d9
000004766d0eaf19
00000476b1210bd9
000004778f413359
000008ef2960e661
00000000018f5471
0000000000000181
00000479ccb6ad39
0000047a18dee979
0000047b289c7739
0000047b89b0b8b9
0000047f1c7ad6d9
0000047fae4dadd9
00000480b490d3f9
00000480d85d9399
00000901c9cc3b61
00000000018f5471
0000000000000181
0000048105670859
00000481d1102839
0000048227368419
00000482aaeb53d9
00000482fe434e99
0000048353800519
000004845cf02df9
000004847dd10bb9
00000484b6652239
0000048504f563f9
0000048564e13539
0000048583a974f9
000004860dc649b9
000004872d79a539
000004879ff90a59
00000487cb3c2819
00000487fc98f099
000004885dd3a459
000004886b2e5dd9
0000048875cbbb79
00000489934e9659
00000489c3d5af39
000009146a378f61
00000000018f5471
0000000000000181
0000048a6f8ff359
0000048a6fee90f9
0000048af3aae679
0000048b846837d9
0000048c02228b39
0000048c1ad1afb9
0000048cccb73c59
0000048d39aa6619
0000048d486e2f79
0000048d745b3419
0000048d7ba66279
0000048e06869839
0000048e59d05259
0000048e67d12cd9
0000048eb6798e19
0000048ed13938b9
0000048fdb649479
00000490062b93f9
00000490deb28919
000004916ab59179
00000491c61e6399
00000493797a5f99
000009270aa2e361
00000000018f5471
0000000000000181
000004943c7e3b79
00000495fef97819
0000049654e48779
000004972be0a2f9
0000049756fc6019
000004975a803239
000004978117bad9
00000497fa928a19
000004982aa54179
000004984ee297d9
00000498acaed379
00000498fb779239
000004990a9f4319
000004997dac8ef9
00000499999efcf9
00000499b5edb279
00000499f5966fd9
0000049a1704bef9
0000049a332752f9
0000049a4477d119
0000049aa7b581d9
0000049b5bbc3139
0000049cc170a0b9
0000049cc44371b9
00000939ab0e3861
00000000018f5471
0000000000000181
0000049d21a7e819
0000049d59ea0319
0000049e3179d3d9
0000049e3204a519
0000049ec29ef8b9
0000049f120b22d9
0000049f57d977f9
0000049fdffb9759
000004a09ac33f59
000004a179143659
000004a1b0717479
000004a2030b0759
000004a274752f99
000004a2ff306b79
000004a33edda9f9
000004a396220a99
000004a44fc79c79
000004a4b1e78fd9
000004a4b6c4d3f9
000004a558610819
000004a5590f0059
000004a5d73fc6d9
000004a5deaf1e39
000004a61f9df619
0000094c4b798c61
00000000018f5471
0000000000000181
000004a64ab308d9
000004a651979e59
000004a6bd90ce79
000004a71d330b79
000004a72ecac179
000004a73ddf88f9
000004a7afdce319
000004a854e770d9
000004a8be0c9139
000004a8c4d41859
000004a930a63159
000004aa7acdd4f9
000004aaaeacc379
000004ab6dd03179
000004ab7da90e99
000004abb8bb6c39
000004abba1f8579
000004ac12a99b99
000004aca042daf9
000004adce43b3d9
000004aecd910fd9
000004af62227f79
0000095eebe4e161
00000000018f5471
0000000000000181
000004b07ef28939
000004b11f1dbe99
000004b1a4c14e39
000004b1c9bfa379
000004b1d71e2819
000004b201ac49b9
000004b262c39cb9
000004b2ec154579
000004b3cbe7a7d9
000004b3f9c5ad99
000004b4775e0af9
000004b4880bc259
000004b533b93339
000004b55472ce39
000004b5afbaea59
000004b627159299
000004b63405b359
000004b8b522b179
000009718c503561
00000000018f5471
0000000000000181
000004b913cf3959
000004ba34a0ed39
000004ba6c1c61d9
000004bb54d031d9
000004bbef084719
000004bc7be88139
000004bcfc32ddf9
000004bd23e91119
000004be569cb4d9
000004bedb6794f9
000004c0e531d4f9
000004c0fe6174d9
000004c151969c19
000009842cbb8a61
00000000018f5471
0000000000000181
000004c2ae7f8179
000004c331a38819
000004c41eb3b4d9
000004c44f18ae19
000004c48ff529f9
000004c49bb39799
000004c56a26c4b9
000004c590ae5959
000004c5d5275ad9
000004c5f94bfd19
000004c68e1ddd19
000004c6d7333ef9
000004c7145760d9
000004c7a8c49839
000004c8c1aec419
000004c9f587fed9
000004caad39e699
000004cab6cb2ef9
000004cb34f09579
000004cb457c23f9
00000996cd26de61
00000000018f5471
0000000000000181
000004cb6607d0d9
000004cba49270b9
000004cc5182cf39
000004ccdb7f7f99
000004cd0ffe5099
000004cd15800019
000004cd5ebc9e39
000004cd6433c799
000004cd93548b79
000004cd9fa21b79
000004cdc9d35c99
000004ce5ac5ea99
000004ceb42d6b99
000004cec1d787b9
000004cefa9ff3d9
000004cf3a9d5bb9
000004cf58414839
000004cfab71e7b9
000004d06168aed9
000004d1391731f9
000004d154af96b9
000004d16ebcc879
000004d19e6b0a99
000004d1a357b439
000004d1b074cf19
000004d1cbd24699
000004d2b2ab1139
000004d3744a45d9
000004d410a70df9
000004d438e94f19
000004d4503dcdd9
000009a96d923361
00000000018f5471
0000000000000181
000004d4c6916a19
000004d572059a39
000004d5ec9cf599
000004d5f505d819
000004d63fcb27d9
000004d66be93eb9
000004d6d78466d9
000004d6ffa3def9
000004d74770a059
000004d775406e99
000004d7a11a2c19
000004d7dad26339
000004d862160819
000004d907fb2459
000004d90beb87b9
000004d9acedebb9
000004d9ea028199
000004da44eafdb9
000004dacee8fc79
000004db67e2e139
000004dbdc885439
000004dbfc2b6779
000004dc96726df9
000004dcb8625579
000004dcc0e1c199
000004dcdfa1f739
000004dce340f679
000004ddf6d800f9
000009bc0dfd8761
00000000018f5471
0000000000000181
000004de9bab9059
000004df9411f8d9
000004e0f77f5759
000004e148245719
000004e17520e559
000004e24d923759
000004e329b5e0f9
000004e3710771d9
000004e3b13dd079
000004e495d7e659
000004e49c840a99
000004e5555b4fd9
000004e5ef2c2b39
000004e713751ed9
000004e7447e9239
000004e749ae90d9
000009ceae68dc61
00000000018f5471
0000000000000181
000004e79d72b879
000004e80c877b39
000004e81eff4df9
000004e8327b5b59
000004e895fd6af9
000004e8cd9531b9
000004e8e1dbfcf9
000004e8f8a83a79
000004e925f4eff9
000004e98c0a4c79
000004e99e0eea59
000004e9e66c0e79
000004ea49a7add9
000004eab452f879
000004eb56f28719
000004eb86dc6879
000004ec856d7bb9
000004eccf44e739
000004ed4e6ef8d9
000004edb0d165f9
000004ee12af0679
000004ee2343fff9
000004ee763c53b9
000004ef48dafe99
000004f09d04a899
000009e14ed43061
00000000018f5471
0000000000000181
000004f1efe6add9
000004f21d2e1b99
000004f342333db9
000004f352d67859
000004f3553832d9
000004f4b374af99
000004f57aaedbb9
000004f642024199
000004f6d1d548d9
000004f6f03abc59
000004f71d20c959
000004f76b3c9219
000004f7a5ebad99
000004f930426619
000009f3ef3f8561
00000000018f5471
0000000000000181
000004fb35b76cf9
000004fb4795d5f9
000004fb4e53af19
000004fbeed60bf9
000004fc642928f9
000004fc6dbdd719
000004fc867d8359
000004fc97368299
000004fca686c019
000004fca8868f59
000004fced3a0379
000004fd21da9ad9
000004fd43794bf9
000004fdb14283b9
000004fddb1fc259
000004fe7cf98ef9
000004feeb1a27d9
000004ff1853e959
000004ff8a8c7f59
000005003d7f6e79
00000500615ef219
0000050077a1a979
00000501270623d9
0000050138df4a59
000005014e3c3999
00000502207ebf39
0000050276ca8ff9
00000502a392c379
00000502bed26ad9
00000a068faad961
00000000018f5471
0000000000000181
0000050354d66859
0000050443594bf9
000005046919cd39
00000504ef8b1ef9
000005057f0c18b9
00000505eecc05f9
0000050630e5d259
00000506c95726b9
00000506c9bd8419
00000507da27efd9
0000050828255339
000005087edea8b9
00000508fcab12f9
000005098425b479
0000050a758b2579
0000050a7caf19b9
0000050a93ee34f9
0000050b46a981f9
0000050b5c99cbf9
0000050b96a32459
0000050c49bb0d19
00000a1930162e61
00000000018f5471
0000000000000181
0000050cd71310f9
0000050ce3dc4ad9
0000050d50184f99
0000050fa73e60f9
000005101ff58999
00000511a460f1b9
00000511c4b9a339
000005139e5a7db9
0000051400779c19
00000515696ad659
00000515cae3e199
00000515cea2a399
00000a2bd0818261
00000000018f5471
0000000000000181
00000515ff948439
0000051691c81459
000005175a178759
000005188138e7f9
00000518889bb339
00000518f6f79bd9
00000518f97ea099
00000519671e1dd9
000005198218be19
00000519c4cbad79
0000051a6248b019
0000051b167bbd99
0000051b2f857b19
0000051b5ee399d9
0000051b64b95d39
0000051b9c71c639
0000051d313d8f39
0000051d52d6b2d9
0000051d86c01459
0000051e1269aad9
0000051e7af59999
00000a3e70ecd761
00000000018f5471
0000000000000181
0000051f49abc399
0000051f541b1299
0000052075fba2d9
000005215b310859
0000052168469af9
0000052204e847d9
00000522517b0bd9
000005235a020379
000005244cd24bf9
00000524a32d6c99
00000524b7f82979
00000525def8bfd9
0000052666ab29f9
00000526ba338819
00000526cf1ee299
00000527e2edaff9
00000527ee060ab9
00000a5111582b61
00000000018f5471
0000000000000181
0000052930a54259
00000529690872b9
00000529e0a74d79
0000052b695c6719
0000052c599cb3f9
0000052d649c8079
0000052d714fc0f9
0000052df1aded99
0000052e2fe3c9b9
0000052f43acae99
0000052fd0ad3359
000005303f5592d9
000005304e8ff6b9
000005314a6d0179
00000a63b1c38061
00000000018f5471
0000000000000181
000005329b3ce9b9
000005338c7fe819
000005339697c3d9
00000534826c6459
00000535df68afb9
00000535df68c299
00000536c24a2719
000005373f1124d9
00000537428e6199
000005378582bc19
000005380c908f19
0000053ade134c79
0000053aefc51199
00000a76522ed461
00000000018f5471
0000000000000181
0000053b5b4962d9
0000053c3d517d39
0000053ca36221b9
0000053d7e9b8a79
0000053db1b69739
0000053de45214d9
0000053eb095c539
0000053eee8b67d9
0000053f3d2e3239
00000541cb652759
00000541ef251879
00000541faf70a99
00000542690dc319
0000054280ab9119
00000543254f1dd9
000005441e1179b9
00000a88f29a2961
00000000018f5471
0000000000000181
000005454d8a1af9
00000545581efa59
000005458e14feb9
0000054867b2c959
00000549b1e77cb9
0000054a28e3ea39
0000054b1ab7e9d9
0000054b87e13559
0000054b9a93efb9
0000054be42c17f9
0000054ca737f779
0000054d1d9d1f59
0000054d57925ff9
0000054db0b62519
00000a9b93057d61
00000000018f5471
0000000000000181
0000054e0c828b79
0000054e89d122b9
0000054e8b2695b9
0000054ede514139
0000054f4807cc99
0000054fba351ad9
00000550d2fd16d9
0000055135810db9
0000055281c0a739
000005531fdc6819
00000553410f3919
00000553e1a4caf9
0000055596416f59
0000055623d1fa99
0000055644072019
00000556441de379
00000aae3370d161
00000000018f5471
0000000000000181
000005576a854839
00000557bf9f2959
000005581ade9a79
000005586b7d4259
000005588c6b4b99
00000558fb3b1c79
0000055930b44bf9
0000055a33659ab9
0000055ad0658f39
0000055bf98327f9
0000055c39752179
0000055c6ac72f99
0000055dbc9d58f9
0000055e3a73bc99
0000055f4a269a39
000005605eb7b119
00000ac0d3dc2661
00000000018f5471
0000000000000181
00000560d4bd0619
00000562abeab4d9
00000562c18f3a39
00000562d7ed4ad9
000005642a927039
000005653ba4b759
0000056571710af9
00000565ba121bb9
000005665bdc76d9
000005667c362899
00000566dc824719
000005674ccd0e19
00000567abc1ae99
0000056854e43439
00000569383c5079
0000056965f48659
00000ad374477a61
00000000018f5471
0000000000000181
0000056a2d57dc59
0000056d39174499
0000056da0e2e2b9
0000056e4e898619
0000056eeb71f739
0000056ffd871239
00000570187a2879
000005703b947c59
0000057062f9a759
00000570633e1819
00000570d12e53b9
00000570ddabde59
00000570fcbfeb59
00000571f25b6779
000005725aaef6b9
00000ae614b2cf61
00000000018f5471
0000000000000181
00000573e77464f9
0000057419c891d9
00000574ce4c48b9
00000574f5a2ab59
00000575068cb219
000005761061cdb9
00000576824372f9
00000aede56f3b61
00000000018f5471
0000000000000181
