[MCS8 A] 97 FW 3.104 SV 1.257 
range=1024
periods=2
sweepmode=27e20d0
fstchan=0
holdafter=0
streamstatus=3
calreg0=0
calreg1=0
calreg2=0
calreg3=0
swpreset=8000        
prena=1
syncout=0
cycles=18
sequences=1
tagbits=16
vdac0=92c
vdac1=807
vdac2=8c8
vdac3=8c8
vdac4=8c8
vdac5=8c8
vdac6=8c8
vdac7=8c8
timepreset=120.000     
digio=0
digval=0
autoinc=0 
savedata=2 
mpafmt=asc
sephead=0 
fmt=asc
smoothpts=5 
[CHN1]
REPORT-FILE from 06/22/2026 16:28:36.012  written 06/22/2026 16:28:36
cmline0=06/22/2026 16:28:36.012 
cmline1=A1
range=1024
active=1
bitshift=4
cftfak=2580100
evpreset=10          
roimin=0
roimax=1000
caloff=0.800000
calfact=12.800000
calfact2=0
calfact3=0
calunit=nsec
caluse=1 
[CHN2]
REPORT-FILE from  written 06/22/2026 16:28:36
cmline1=A2
range=1024
active=0
bitshift=4
cftfak=2580100
evpreset=10          
roimin=0
roimax=1000
caloff=0.800000
calfact=12.800000
calfact2=0
calfact3=0
calunit=nsec
caluse=1 
[CHN3]
REPORT-FILE from  written 06/22/2026 16:28:36
cmline1=A3
range=1024
active=0
bitshift=4
cftfak=2580100
evpreset=10          
roimin=0
roimax=1000
caloff=0.800000
calfact=12.800000
calfact2=0
calfact3=0
calunit=nsec
caluse=1 
[CHN4]
REPORT-FILE from  written 06/22/2026 16:28:36
cmline1=A4
range=1024
active=0
bitshift=4
cftfak=2580100
evpreset=10          
roimin=0
roimax=1000
caloff=0.800000
calfact=12.800000
calfact2=0
calfact3=0
calunit=nsec
caluse=1 
[CHN5]
REPORT-FILE from  written 06/22/2026 16:28:36
cmline1=A5
range=1024
active=0
bitshift=4
cftfak=2580100
evpreset=10          
roimin=0
roimax=1000
caloff=0.800000
calfact=12.800000
calfact2=0
calfact3=0
calunit=nsec
caluse=1 
[CHN6]
REPORT-FILE from  written 06/22/2026 16:28:36
cmline1=A6
range=1024
active=0
bitshift=4
cftfak=2580100
evpreset=10          
roimin=0
roimax=1000
caloff=0.800000
calfact=12.800000
calfact2=0
calfact3=0
calunit=nsec
caluse=1 
[CHN7]
REPORT-FILE from  written 06/22/2026 16:28:36
cmline1=A7
range=1024
active=0
bitshift=4
cftfak=2580100
evpreset=0           
roimin=0
roimax=1000
caloff=0.800000
calfact=12.800000
calfact2=0
calfact3=0
calunit=nsec
caluse=1 
[CHN8]
REPORT-FILE from  written 06/22/2026 16:28:36
cmline1=A8
range=1024
active=0
bitshift=4
cftfak=2580100
evpreset=0           
roimin=0
roimax=1000
caloff=0.800000
calfact=12.800000
calfact2=0
calfact3=0
calunit=nsec
caluse=1 
;MCS8 #97 Sversion=1.257 Fversion=3.68
time_patch=1
;datalength=8 bytes
;bit0..3: channel# 1..8 ( 4 bit)
;bit4: edge 0=up / 1=dn ( 1 bit)
;bit5 ..57: timedata    (53 bit), max sweep length 2001.6 h
;bit58..62: tag0..tag4  ( 5 bit)
;bit63:     data_lost   ( 1 bit)
[DATA]
0000000000000016
0000000037024c79
00000000772eb519
00000000e609b0d9
000000014ec73579
00000001b142f519
00000001f66ceb39
0000000228a3fff9
000000030e04d9b9
000000031e60a979
000000032a35d479
0000000330a393f9
000000034221c9d9
00000003639a36d9
00000003c1994fd9
00000003e3508fd9
0000000439a947f9
00000004f1abd7d9
0000000549407c59
00000005a97a48b9
00000005d0225179
00000005e63dffd9
00000005ebcf6ff9
00000005f75d6679
0000000602f729b9
0000000653c10319
0000000701ddf159
0000000725028319
00000007306c4599
000000078561fad9
0000000794a9dfd9
000000079a9e2159
00000007ec265719
000000081b5ecf39
000000084026d619
000000088cb49a79
00000008e9ecaf99
00000009164264d9
000000094ed1bc39
000000096ef5feb9
0000000982d07af9
00000009a85f7299
00000009e643c699
0000000a5c8f2439
0000000aa9abc7b9
0000000ac5460e79
0000000b8ab73739
0000000bf0e98299
0000000c58315579
0000000c90b31d19
0000000ccf1fdc99
0000000d683d1ab9
0000000d6b976899
0000000dcd6d6139
0000000df7175a59
0000000e07e74279
0000000e3c1212f9
0000000e7f8fcd59
0000000ee7e0cef9
0000000f553986d9
0000000facf38b59
0000000fb8ece8f9
0000000fd7384df9
0000001091396f79
00000010a3db9339
0000002156fe6361
0000000002378e71
0000000000000181
00000010c24ae299
000000113823c2b9
0000001144bc14f9
000000114620e699
000000114655c959
000000119e39d939
00000011e63b3b99
000000121139db19
00000012169264d9
00000012199db659
000000123f4744d9
0000001249149e39
00000012792b9c99
0000001285d6fa79
00000012ba2dc5d9
00000012f19f5399
00000013cb3a9d19
00000013f58e0e39
000000140c270af9
0000001436b021d9
000000148d3a3839
00000014a86dffb9
00000014c9e7b9b9
00000015568a9139
0000001591e56b39
00000015b88aef99
00000015e0f2d699
00000015fb934b59
0000001669962f39
00000016b8b83999
00000016d0bc27d9
00000016ef9119f9
00000016f3329c19
000000172466c1d9
0000001752be42d9
000000177a784379
0000001839685ed9
000000188c93eb79
00000018cbf69a79
00000018d0b6c939
000000196ddab3f9
00000019961344d9
00000033f7690261
0000000002378e71
0000000000000181
0000001a5cf8c3b9
0000001abfe4b899
0000001accc1f539
0000001b2c3a6319
0000001c35ce3b99
0000001cb97892d9
0000001cc22ab9b9
0000001cdf040099
0000001ce95366f9
0000001d65dd1539
0000001d8d65d619
0000001d9d357499
0000001d9e673759
0000001da6107bd9
0000001e07a647f9
0000001e40ac7219
0000001eff5d0c79
0000001f99fa9319
0000002042dcdf99
000000211ec31c79
00000021326b9d79
0000002181d58339
00000021f0dad9d9
000000225bbf5e39
000000230872b419
000000231834dd99
000000232a3d5819
0000004697d3a261
0000000002378e71
0000000000000181
000000234c441639
0000002353d33399
00000023cbdd22d9
00000023e9845eb9
00000023faac9719
00000024269860d9
000000244234e6f9
0000002459875219
000000246bbc83b9
000000250890cb99
0000002517851ad9
00000025fec51019
0000002600c512f9
000000260a057a59
00000026de4205b9
0000002792182a99
00000027df11ff99
000000284b641e39
00000028aa405099
00000028b018e719
00000028c29b80b9
00000029083d4519
00000029c5a5f119
00000029f8825df9
0000002a428b7d99
0000002a848a2c99
0000002aa8f44e99
0000002acc2ea939
0000002bc2d25399
0000002c0282ab59
0000002c97933499
00000059383e4261
0000000002378e71
0000000000000181
0000002ccfe8d8b9
0000002d7228cc99
0000002d9352fb99
0000002df9c4c719
0000002e4f05b739
0000002eba85a419
0000002ebb759099
0000002eea9e8639
0000002f24c1b979
0000002f6b176059
000000301440a5d9
000000306512d279
0000003083172139
00000030939307f9
00000030c14a94d9
00000030c14a9b79
00000030c80e7599
000000310e1626f9
000000311ba9a1d9
000000311bf90539
0000003140278a59
0000003188303659
0000003259fcbb39
000000326acf74d9
00000032b4e96039
000000332982b2d9
0000003349873db9
0000003352e8d959
000000335ed85839
0000003361dddd79
00000033f062d639
000000340612fa79
000000346f021439
0000003483b8bb99
00000034e8afc359
00000035367bdc59
0000003576d3c0f9
000000358c0031b9
00000035da00bfb9
0000006bd8a8e261
0000000002378e71
0000000000000181
0000003663cc7c79
00000036895513d9
000000368cf89799
00000036d682d4d9
0000003702059e19
000000373395c6d9
0000003767a57cb9
00000037ed410c79
000000382f398c99
000000386d086c39
000000388b5a8359
000000389172a959
00000038944e45f9
000000389ea93d79
00000038ce8c8b19
00000038d4864679
0000003909fb2779
00000039e22cd019
00000039fca8f6d9
0000003a2e39cff9
0000003a4511c859
0000003a5780c919
0000003ad485f4d9
0000003c9a972df9
0000003d6f35f8b9
0000003d960ecef9
0000003db7bd29b9
0000003dd51e54d9
0000003decf37819
0000003e1b2a7159
0000007e79138261
0000000002378e71
0000000000000181
0000003f6b366e79
0000003f811db079
000000400948bf79
00000040253b1e19
000000404113f699
00000040d47516d9
00000041355c0b79
00000041480dc799
00000041dfd14899
00000042a75410d9
00000043517854f9
000000437af42a59
000000439ea5f3f9
00000043b1fc9c79
00000043b2a68b79
000000444d309539
00000044abb10cf9
00000044fe8d7299
000000450e216319
0000004565c62e99
0000004593848a39
00000045a2c1a6d9
000000460b1284f9
00000046532ba4f9
0000004662b18e19
0000004689e2c8d9
000000474407b959
00000047510d53b9
000000477bbb8039
000000479c380fb9
00000047b60df9b9
00000047d821b959
000000483b4f6859
00000091197e2261
0000000002378e71
0000000000000181
00000048ae1a2c19
00000048b2bb95f9
00000049e9760699
0000004a129a68f9
0000004af14278f9
0000004b0e3fef19
0000004c1204a399
0000004df01c2859
0000004e0aaf19f9
0000004e194e0799
0000004e403a4c79
0000004ec42d6e59
0000004f22db2619
0000004f54b7c639
0000004f9adb1659
0000004fe27568b9
0000005024d9bbf9
0000005031d3fe39
000000503784b319
0000005066731cb9
0000005077984739
00000050d27ff739
000000a3b9e8c261
0000000002378e71
0000000000000181
00000052085a14b9
000000527f045cd9
000000528e2148d9
00000052c043dbf9
000000531973a699
00000053e4187bb9
0000005429386179
0000005466c2a859
00000054c2a2f179
0000005516b73839
00000055407c15b9
0000005583270dd9
0000005619174299
0000005653274599
000000566e26c0d9
000000566e2b6819
0000005682fa50f9
000000573d5bc779
000000574267f2b9
00000057689fd579
000000576d6dab79
000000577b4ede59
00000057b0a53179
00000057d8a18859
0000005837f8d219
000000594e8a8bb9
000000597404b399
0000005a2d1e12b9
0000005a2d47a519
0000005a6b4cff59
0000005a91467bd9
0000005a953c7819
000000b65a536261
0000000002378e71
0000000000000181
0000005b45622cf9
0000005b65f1e079
0000005b872f5559
0000005ba17bc3d9
0000005ce1b8f779
0000005ce1f85359
0000005d337dbc99
0000005dc3b2a699
0000005ddd490c19
0000005dee11af59
0000005e1442c1b9
0000005e4f70cc39
0000005e9f2fd9d9
0000005ec7483df9
0000005efa443279
0000005f54164ff9
0000005f940a3d59
0000005f9bc521b9
0000005fbabeebf9
0000005fe7712b99
0000005fe9681e39
00000060041ed699
00000060431334f9
00000060c395e139
00000060dd002119
0000006103547e99
0000006117ccbe39
00000061182a0199
00000061866e8c39
00000061b8ddc739
00000061dd960d79
00000062060637b9
0000006234496039
00000062508adab9
000000626cc1a879
0000006281664039
0000006329af83f9
00000063664f4699
0000006386315099
000000638d6bacd9
00000063a9577f39
00000063d90c4d99
00000063e6763559
00000063f458a759
0000006402aae979
000000c8fabe0261
0000000002378e71
0000000000000181
00000064803ffbf9
00000064ed4a2bf9
00000065073bf6d9
0000006582c14c99
00000065855957f9
000000660a151679
00000066aa223219
00000066be953519
0000006709b5aa39
0000006716c07979
0000006729d62619
000000673075c7f9
000000681e442379
000000687d0c17d9
000000689e7f8579
00000068cfad05f9
000000691715cd59
0000006940d19239
000000697a965739
0000006988c585d9
000000698b1efd59
0000006a3aae0ad9
0000006a8efa8359
0000006b05195e79
0000006b275808b9
0000006b2e5f03f9
0000006b470a2c19
0000006b9de4e8f9
0000006d8f4f1179
0000006d935a8f39
000000db9b28a261
0000000002378e71
0000000000000181
0000006dee9af8f9
0000006e21bebfd9
0000006eaf16f739
0000006ece4eaef9
0000006ecf67bc59
0000006f6afaa579
0000006f6d9fa239
00000070304194f9
00000070ba44ed19
00000070ee881d19
000000713aa31379
000000715400acf9
00000071ceef35d9
00000071cf1d1039
0000007211cd8bb9
000000724d752819
000000725b846039
000000725be18379
0000007272f48cd9
000000729c988519
00000072ddeb76b9
0000007309cb81d9
0000007369918fd9
00000073f92b57d9
00000074cb1f14f9
00000074e7c9ab19
000000751f8b6ad9
00000076b6be9879
000000771c1ea339
000000ee3b934261
0000000002378e71
0000000000000181
00000077b331c1d9
00000077c9fe3499
0000007802afee59
00000078871aa259
00000079169b6739
0000007a0be32359
0000007a17fbcb99
0000007a1d2ef039
0000007a24144359
0000007a6d2686f9
0000007a848f54f9
0000007ae6670a59
0000007b45e81c79
0000007b490eeef9
0000007b7d00cd19
0000007c1cb5a959
0000007c58ed05d9
0000007cb557f039
0000007cca7b1659
0000007dae555e19
0000007e0ed12299
0000007e40b0c1d9
0000007e6f0690b9
0000007e748c7419
0000007e9644e4b9
0000007eb4000399
0000007f5b2fce79
0000007fd9841879
000000801f2ee759
00000100dbfde261
0000000002378e71
0000000000000181
0000008093e54219
00000081146867d9
000000812e794c99
00000081448afc39
00000081be2c44b9
000000820c15edf9
0000008221229f99
00000082212a79b9
00000082df668db9
00000082e113ea79
0000008376f0dd79
00000083832bfd99
000000838c4c6d59
000000839e77f379
00000083d7d9d3d9
00000083e48cb5b9
000000840a63d739
000000846dd60979
00000084712feb99
00000084907015f9
0000008517e953f9
000000851de09ad9
00000085488b27f9
00000085b8b938f9
000000860eb11bb9
000000861dfdc6d9
00000086265f5039
00000086bd355059
0000008705096499
00000087130292d9
000000871b38b759
000000873c380ad9
000000875a486099
0000008775a9afb9
00000087855c5c59
00000087f7a6fb99
000000883bed4a39
0000008870565999
00000088806e9699
00000088de6218b9
000000894c94e759
000000895a4acc79
00000089686a5bd9
00000089a41af1d9
000001137c688261
0000000002378e71
0000000000000181
00000089d3dfa2b9
00000089ea894f19
0000008a20dda8f9
0000008b36e90b59
0000008ba1491fb9
0000008bf0dd4fb9
0000008c1a5d5dd9
0000008c4e6ae579
0000008c6a25be59
0000008c83ccb999
0000008ca9e53c79
0000008cc6a6b439
0000008cc6b5d7d9
0000008d1d2f90f9
0000008da4cc4959
0000008dc38177d9
0000008dfa8aec99
0000008e113e8d19
0000008e830506b9
0000008eb95964b9
0000008efc0d0359
0000008f2579bf59
0000008f8e0c22d9
0000008ff6b49659
000000907d8965f9
00000090a3207eb9
00000090cfe454d9
000000913706bbb9
000000913abbcc59
0000009142297499
00000091583a2739
00000091696b2059
000000916d6c6199
00000091ca6bfc59
00000091ced14ff9
000000928a9f04f9
000001261cd32361
0000000002378e71
0000000000000181
0000009393ff5659
00000093aa3aa4b9
0000009432c32f79
00000094521bd3f9
00000094cfdcab59
00000094d804cc99
0000009526bf2179
000000959edfa5b9
00000095fa0c0e59
000000960d7b9f99
0000009625114b39
000000964d6ab499
000000967809b259
000000968aa02cf9
00000096faad4e79
00000097a9d61fd9
00000097e8cf1459
000000981e688739
0000009837491c59
0000009872e64739
0000009886559239
00000098a9cda7d9
00000098f0b5f3f9
000000990bb1cf79
000000998bdf8839
00000099c2339c59
00000099f7548ad9
0000009a06e673d9
0000009acc4b6659
0000009b0b13a759
0000009b44b25799
0000009bf1c81979
0000009bf3805cb9
0000009c05bc9399
0000009c0fec1519
0000009c42002e19
00000138bd3dc361
0000000002378e71
0000000000000181
0000009d41e3e4d9
0000009d81702bf9
0000009dc2ee04d9
0000009ddc47eb19
0000009dfe789379
0000009e0764c4b9
0000009e4d4eaa59
0000009ea1cd7819
0000009f3a48efd9
0000009f52de3f79
0000009f6231a8f9
0000009f94310bb9
0000009ffb5caf59
000000a06c9bc7b9
000000a0d07965f9
000000a1262f98b9
000000a178c7d219
000000a1b4659ad9
000000a1d67efa99
000000a21112a6d9
000000a225a861f9
000000a25d728619
000000a29e8ff379
000000a304677039
000000a3203513f9
000000a3c12540d9
000000a3e6217359
000000a4210a32f9
000000a58d1725d9
0000014b5da86361
0000000002378e71
0000000000000181
000000a5bb0ece79
000000a67f4d5d99
000000a695c4d279
000000a6ac016d79
000000a6e9e83339
000000a717c98499
000000a871007179
000000a8a2541b19
000000a8f4028839
000000a8fc7230d9
000000a91c82d8b9
000000a9480f1e19
000000aa06156139
000000aa755176d9
000000ab3c22c759
000000ab651d0239
000000acb8325359
000000ad234af719
000000ad33354a79
000000ad5dc05f19
000000ad636d1599
000000ad6fa913f9
000000ad77bf8699
000000ad87175df9
000000ad96dae859
000000ae10507b99
000000ae333f7ed9
000000ae69311c59
0000015dfe130361
0000000002378e71
0000000000000181
000000afca4f3f59
000000afde601d39
000000b017ecded9
000000b03dd572d9
000000b0624aa859
000000b072af0399
000000b0fa56d399
000000b115d473b9
000000b14cc19499
000000b1642509d9
000000b173a98d39
000000b182d78759
000000b1894b9299
000000b195400ff9
000000b1d5ed0f39
000000b1d63bef39
000000b2352a5479
000000b33424e259
000000b3961ff1f9
000000b42d25aa99
000000b456fcd579
000000b483ee27d9
000000b4851a1679
000000b4ce43daf9
000000b4f8eeced9
000000b519d537f9
000000b60a266199
000000b65dd01c19
000000b6623760f9
000000b6c27f6af9
000000b7517b7a19
000000b7e1934a99
000000b815687ed9
000000b84b70ebb9
000001709e7da461
0000000002378e71
0000000000000181
000000b8ba5bdd79
000000b8e833f339
000000b905e86ab9
000000b9591aee39
000000b992b5bbd9
000000b998f536b9
000000ba22b32b39
000000ba2ab99099
000000ba62d0fef9
000000ba7ceb6b99
000000bac1801cb9
000000bb672ec799
000000bb7d3f85f9
000000bbb96014b9
000000bbbb78a679
000000bbc06a2b59
000000bc381feaf9
000000bc4d377059
000000bcd62a6619
000000bd47669b59
000000bdb1110039
000000bdf174c259
000000be272e98b9
000000be950c67b9
000000bec86253f9
000000bedc932579
000000bef6f033b9
000000bf041326b9
000000bf43fa8779
000000bf4a6c5999
000000bf5a2818b9
000000c006f14fb9
000000c0482ff419
000000c0b1e0f0f9
000000c10b62c719
000000c128198ff9
000000c12bcdcf99
000000c161923cf9
000000c1685adb19
000000c18d0d3b19
000001833ee84461
0000000002378e71
0000000000000181
000000c2260cfc79
000000c27ced8599
000000c2ebe58919
000000c2ec801339
000000c30c52d239
000000c31993c139
000000c323062559
000000c45b67aef9
000000c4753cf479
000000c48a44b8d9
000000c4f59fb3f9
000000c4fdf66f19
000000c55b243fb9
000000c572367979
000000c584e2ce39
000000c5c7230db9
000000c5ce3596d9
000000c611d89319
000000c78a09bd79
000000c841aa2c19
000000c8604efd79
000000c899216219
000000c92936a7b9
000000c9ab2042f9
000000c9ad0c1159
000000c9c16623b9
000000c9cb3e5db9
000000c9e1908e19
000000c9f2d7f899
000000ca781d2af9
000000ca80aec479
000000ca96efc239
000000caa1832599
000000caa335ddb9
00000195df52e461
0000000002378e71
0000000000000181
000000cafa2635b9
000000cb7a8c6919
000000cbc7e8eb99
000000cbdc1f3f59
000000cbe3cf3bd9
000000cc80de9b79
000000ccb774a2b9
000000cccf084d99
000000ccf64144f9
000000cd100a34b9
000000cd53dbadb9
000000cddc06a839
000000ce2096d219
000000cea226c419
000000cf43eeb279
000000cf819f7059
000000d094a09199
000000d0a234c3b9
000000d0cbf0fa99
000000d0d8e45999
000000d0feb90d59
000000d1250d1019
000000d14cc14cf9
000000d16278d179
000000d18df52919
000000d1baf5ec19
000000d270f069d9
000000d28e615139
000000d29bd10bf9
000000d395375e79
000000d3a0e72a99
000000d3e1ba8f59
000000d3e57b60f9
000000d43d9822f9
000001a87fbd8561
0000000002378e71
0000000000000181
000000d4d277d8b9
000000d4f990e519
000000d5426e72d9
000000d5c3764c99
000000d5dc7e2fd9
000000d622d096f9
000000d628a7ed39
000000d7961e2079
000000d7ee847179
000000d812ffa6f9
000000d81bdbfe99
000000d848dfa819
000000d85101b0b9
000000d8e20dc979
000000d8fa0cb459
000000d900346dd9
000000d90972df59
000000d998a54db9
000000d9dfbed4b9
000000da02e37819
000000da64d71f99
000000daa9e2ac59
000000dacfa2af79
000000daf8c910f9
000000db068fbbf9
000000dc01376d59
000000dc78e79919
000000dc7f193c59
000001bb20282561
0000000002378e71
0000000000000181
000000ddb8992a59
000000ddc1fb7019
000000ddd6caeab9
000000de9209f819
000000df9b4620f9
000000dfcb228fb9
000000dfdec63779
000000dfec47c319
000000e0770cb639
000000e09ee2abb9
000000e0f103a019
000000e1fd2a8d99
000000e1fd2a9e19
000000e243684939
000000e2de484699
000000e3658fafb9
000000e3c72be1d9
000000e403418099
000000e42d3b2059
000000e43117a739
000000e453c1d619
000000e47bb68d99
000000e509e919d9
000000e54962d079
000000e59f168799
000000e608983319
000000e60e7dc119
000000e63ee30ad9
000000e65c215a79
000000e6679e3139
000001cdc092c561
0000000002378e71
0000000000000181
000000e7401152b9
000000e7a3578379
000000e7a5892019
000000e7d06e6359
000000e817cf2259
000000e8c1576019
000000e8f7231df9
000000e953d619d9
000000e982951959
000000e9d96bdbb9
000000ea48396939
000000ea57928cf9
000000ea63bccb99
000000eab8982e79
000000ead5c20659
000000eb7c01fcb9
000000eb8841ddb9
000000ecd1961b59
000000ecee6fe1d9
000000edd702e299
000000edf7ddfff9
000000ee39f62ff9
000000ee46cd7ad9
000000ee7dfe1f19
000000ee980f1d39
000000eee9b76d99
000000ef2eb89579
000000ef682683b9
000000ef951a81b9
000001e060fd6661
0000000002378e71
0000000000000181
000000f061582f59
000000f0b166bef9
000000f0c89e3779
000000f0c9e67d99
000000f0e670f879
000000f0eff8bdb9
000000f131ba0a19
000000f1328699f9
000000f163cae359
000000f1ae639419
000000f2093ade99
000000f29180d7f9
000000f2c0db0fb9
000000f2c7789479
000000f2cf573919
000000f37fdd4899
000000f38e248299
000000f3b234b7b9
000000f3eaba9239
000000f431366059
000000f46b9de399
000000f486ff93f9
000000f4a36e5a79
000000f4b3c96559
000000f66f0fbd99
000000f67b82ea99
000000f6801de659
000000f699d1fa19
000000f6d42dc519
000000f6f6811519
000000f71e328a79
000000f7c08c0c59
000000f817117999
000000f85e535459
000000f8ea844b79
000001f301680661
0000000002378e71
0000000000000181
000000f98b52fe59
000000f9bf9f7379
000000f9d2105b39
000000fa3007ba79
000000fb00d62859
000000fb72d4e5f9
000000fc142aca39
000000fc957880b9
000000fd44155739
000000fd650d74f9
000000fd697fb319
000000fdb6fcbe99
000000fe172090f9
000000fe3fe64679
000000fe51947ff9
000000feceb18879
000000fed998de59
000000fee7effa19
000000ff2c49b819
000000ff76228559
000000ff7f2d56d9
000000ffadc751b9
000000ffdaf80619
000001002d8ff2b9
000001005f993ff9
0000010074d99e79
0000010083ea8759
0000010090490079
00000100a02367b9
00000100c65e0459
00000100fd575fd9
000001014c4b62d9
0000010197960fd9
000001019ed9c419
00000101fcceb019
000001021b4e7ad9
000001028055ee59
00000205a1d2a761
0000000002378e71
0000000000000181
0000010316e18259
000001031dda32d9
000001031fb11519
000001031fb11799
0000010340e528b9
00000104228d38f9
00000104380df799
00000104aeffc919
00000104fd0bfad9
0000010511119f99
000001053a3e9fb9
0000010584170379
00000105922298f9
00000105b7a68779
00000105cd7988b9
00000105fc202b79
0000010637c6c239
00000106f7fcfdf9
00000107396996f9
000001073983e519
00000107858304b9
00000107c849ddf9
00000107d47a7359
000001082afd3ad9
000001083bda89b9
000001086886cbf9
000001086ac06b79
0000010872619099
000001087b71f4b9
00000108c26626b9
00000108cf7c1f99
00000108dd499e39
00000109447f6d19
000001095558b1f9
00000109682628b9
00000109b0d1fb99
0000010a28364d99
0000010a3376d4d9
0000010a375d21b9
0000010a719f2b79
0000010a97042979
0000010abaa702d9
0000010b35822359
0000010b80833e39
0000010b8ef222d9
0000010ba9a0aa79
0000010bba780ff9
0000010be472f279
0000010bf48ad839
00000218423d4761
0000000002378e71
0000000000000181
0000010c2d5f3959
0000010d55be6479
0000010dcdbd17d9
0000010dcdbd1959
0000010dde287939
0000010de0ba07b9
0000010ef006a279
0000010f9677b959
0000010fbfb6fb59
0000011082e8a099
00000110cd0331b9
00000110dee92279
00000111f08f5c59
00000112b00a2f79
00000112d0654ef9
00000112d1988fb9
00000112e33edef9
00000112ea291d99
000001136d74abf9
00000113b4bf0b59
00000113dc87bdf9
0000011413895139
0000011417014939
000001145537a2b9
000001147f3dbdb9
0000011484017b19
000001150c4093d9
0000022ae2a7e861
0000000002378e71
0000000000000181
00000116257a8419
000001162c5f7699
0000011681ca12d9
00000116d1a2d319
00000116ee31dd99
000001171b286799
00000117b6eadeb9
00000117d1083d79
00000117efb22819
0000011826c5c419
000001189bbf89b9
00000118b6339039
00000118e231f1f9
00000118f70ff8d9
0000011a4d33ce59
0000011a714f0a99
0000011ac720f439
0000011ad27b53b9
0000011aeb634e99
0000011b26232259
0000011b542d74d9
0000011bb4ec7e59
0000011c98e5c539
0000011ca857a0f9
0000011cc527cad9
0000011ccbb8fbf9
0000011d2267d1d9
0000011d283eedf9
0000011d513976f9
0000011d5e83a559
0000011df476cab9
0000011e40843ff9
0000023d83128861
0000000002378e71
0000000000000181
0000011f09dcb0d9
0000011f14214299
0000011f4a5b4df9
0000011f5ec80419
0000011fa6a28f39
0000011fb78f96d9
0000011fbb2594d9
0000011ffb5ccf59
00000120269ea399
000001214b345e59
00000121b4b79b39
00000121d389b679
0000012214b92e79
000001225502cdf9
0000012285549ff9
00000122959e58d9
00000122f1d796f9
000001237e250b19
00000123cea4e719
000001240531caf9
0000012448d87839
0000012455f6f079
000001245d03ac79
0000012474480499
0000012482694a39
00000124f1d3d119
00000125003fc439
00000125235b13b9
00000125245d4119
0000012551bc0359
00000125877fde39
0000012605407179
000001278ef20c99
00000127a2a07679
00000128067309d9
00000250237d2961
0000000002378e71
0000000000000181
000001281134b819
0000012867fc7679
000001297dc93bf9
0000012a21467379
0000012a86ab2d79
0000012aa23b4cb9
0000012accdbfdf9
0000012afd364199
0000012ba06cd659
0000012c10829839
0000012c172a5259
0000012ca0d31179
0000012cbd689ff9
0000012ccfcf6519
0000012d697dd059
0000012d778e26b9
0000012d8fd45719
0000012e460d18b9
0000012e7aeaba99
0000012eb40c62b9
0000012ede056a59
0000012f74a72cb9
0000012f899ded99
0000012fb9df3e39
0000012fc8822199
00000130334daa79
000001306211e699
0000013074f12cf9
000001307e39acf9
00000131329a8119
00000262c3e7ca61
0000000002378e71
0000000000000181
00000131724b07d9
00000131f5a50bf9
0000013295ebac19
0000013357c48559
0000013402f7a279
0000013473a65a59
000001348740b739
00000134899b7859
00000134bfee7cf9
0000013523510a79
00000135281c4ed9
000001352f8a9e99
0000013574bb0059
000001360afb4779
000001364ea9e419
00000136708bd279
0000013696780279
0000013768ba5159
000001379c81b139
0000013801acf4b9
0000013870d061f9
00000138d092ddf9
0000013910858d99
000001394ad0a179
000001395a1b1b99
000001395a463cb9
0000013976a37139
00000139a7289899
0000027564526a61
0000000002378e71
0000000000000181
0000013c33643019
0000013c3ced6c99
0000013c783c2a79
0000013cb9a740b9
0000013cc1184a79
0000013d600dab79
0000013d6bf82099
0000013d9c8df959
0000013e394ae379
0000013e3c199cb9
0000013f180206b9
0000013fa8243719
0000014003c0e799
00000140c6b99159
0000014116a4c8d9
0000014150dd6379
000001415264ff39
00000141c202c1b9
00000141f81cde79
000001420b100f19
000001424dd326b9
000001428df000b9
000001429bccfab9
00000142b09cb439
00000142c805b5d9
00000142cfb1ff19
000001430cbf4e99
000001431b79d1b9
000001432d419ed9
0000028804bd0b61
0000000002378e71
0000000000000181
000001449103ff39
00000144e8f2f959
00000144fa34d4f9
00000145396b6d19
0000014543feba59
000001458e87efb9
00000146d5f5d639
0000014730b49a19
0000014792fd28b9
00000147a9ad8e99
00000147fa1da8b9
000001480fbb62f9
00000148289dd759
00000149047b0b19
00000149e0f6c359
0000014a2cd31159
0000014a842d2639
0000014ac9977259
0000014c4636e419
0000014d328ca6b9
0000014d37f8e0d9
0000014d463d1c39
0000014d4abe0679
0000029aa527ac61
0000000002378e71
0000000000000181
0000014d51ded899
0000014e250381b9
0000014f75756379
0000014f95918a19
0000014fb38f0599
0000015094ff45f9
00000150bda8abb9
0000015158f0f3d9
000001515ff40119
00000151759bddd9
0000015247c36379
000001524a11b579
000001524dca3e99
0000015336ecccf9
00000153ab2d18f9
00000153b0432a59
0000015407932979
000001543e753399
000001544671a899
00000154adfcc819
00000154bc11fad9
00000154e08f4839
00000154f9503799
000001551bd803b9
0000015525812579
000001555f5c89d9
0000015564d1d679
000001564dd4d499
000002ad45924c61
0000000002378e71
0000000000000181
00000156a528c599
00000156ade0c099
00000156b147b159
0000015717a5bf99
0000015732d2af19
000001573a122ab9
00000158151f69d9
00000158158fc559
000001585d023979
0000015866f92c59
00000158cd97d8d9
0000015922749059
000001595be25839
000001598d76d759
00000159a235e519
00000159a6e76519
00000159ba0034b9
00000159c4405bf9
00000159feaceb19
0000015a228683b9
0000015a34b36e59
0000015a45179139
0000015aad1fa159
0000015acf5d8959
0000015b40c575d9
0000015b6dc39c79
0000015bed8b8c59
0000015c24bf0939
0000015c2ad4a999
0000015c430582f9
0000015cb5201039
0000015cf969e079
0000015d4f4b9f79
0000015d80197ff9
0000015df522f7f9
0000015e5597f359
0000015e8bc90319
0000015ea5bfe199
0000015ec64793b9
0000015f172abcb9
000002bfe5fced61
0000000002378e71
0000000000000181
0000016029ef6f79
0000016050110459
00000160bc2409b9
00000160d5870979
00000160ee8d12f9
000001613ab6ffd9
000001613f2d4579
0000016159899bd9
000001616bb08d19
00000161e7c8db79
000001626b679279
000001630c4709d9
000001633b6d8819
0000016348596299
0000016353e35bb9
0000016366723b19
0000016381f9ebb9
00000163aff17fd9
00000163df3966b9
00000163f03b8f19
00000163f1eaf819
00000164190c9059
000001642b744dd9
000001645681ad79
00000164af5ce3f9
00000164d7db78b9
00000164f795fd19
0000016507e64b79
0000016508f10bb9
000001651306dbf9
000001661dc51679
000001663f7fb379
000001665869dd39
00000166d99f0fb9
00000166effd6eb9
00000167017c53b9
0000016710dc8cf9
0000016735baccf9
0000016797a67719
00000167e4b2df99
0000016837898ff9
000001688883f039
000001690ab9e719
000002d286678e61
0000000002378e71
0000000000000181
000001696f9f0419
0000016af3dfbff9
0000016b06e6ecf9
0000016ba6d7b319
0000016be7796639
0000016c3652fbd9
0000016c5e761759
0000016cea594939
0000016d6337e259
0000016d7b6bb9f9
0000016dcfd5a179
0000016de3ad7759
0000016df46f2779
0000016e0acd7699
0000016e4c99b759
0000016e533ab619
0000016e71217559
0000016ef347c159
0000016f1fec1179
0000016f256ac1b9
0000016f5918edd9
0000016f8528ff59
0000016fee2ed4d9
0000016ff2b7bd79
0000017001edc639
000001700edf5a99
000001705baeb8f9
00000170c8295559
00000170f64afbb9
0000017144736319
00000171ae652419
00000171c4e22b59
00000171ca8207b9
0000017202a0bcf9
000002e526d22f61
0000000002378e71
0000000000000181
00000172aad9ab39
00000172b61f5e39
000001732d7707f9
000001736aa3b439
00000173b5bff699
00000173fe4bd499
00000174169a2019
0000017417f62359
000001744d514399
0000017506061e99
00000175783b15b9
00000175ac06e8f9
00000175bf036d19
00000175d6761f99
00000175fa7825f9
0000017631b712b9
00000176770b9ad9
00000176addcba59
00000176cc35c5b9
0000017723506a39
0000017751c370f9
00000177616ea4b9
00000177731ec299
0000017813fc09b9
000001782e5a3119
000001786a8db6d9
00000178c0964299
00000178c6c0b939
00000178e815cdb9
0000017911f795d9
00000179350215f9
000001796384e039
000001796cc57279
0000017a0a4d6fd9
0000017a6b9e5e19
0000017aadc8bff9
0000017b1c2c5099
0000017b4a90ce79
000002f7c73cd061
0000000002378e71
0000000000000181
0000017cd6fc3b39
0000017d1d6b71f9
0000017d5f5f6bb9
0000017d720f22d9
0000017daf108a19
0000017df142ca79
0000017e72601eb9
0000017e8fb82a19
0000017f740a9ef9
0000017f90eaf7f9
0000017fd3af8f39
0000017fff504699
0000018009db2b39
0000018086e72079
00000180c6e89cb9
00000180e4309c59
000001812b665719
0000018206332699
000001822e20d139
0000018266e54259
00000182a77c9fd9
00000182d2003959
00000182ea0d3fd9
000001830bf33d19
000001832b5c32d9
0000018330cc7019
00000183939f6ff9
00000183fcd3d999
00000184005f4719
0000018431904319
00000184366b1799
000001843c5387b9
0000018469c25d99
00000184975fa4f9
00000184cbf349f9
0000030a67a77061
0000000002378e71
0000000000000181
000001856c236919
0000018599218f19
00000185addb1d79
00000185d354c299
000001864afc60b9
00000186ea42e859
00000186ed841cf9
00000187048ca499
0000018760e630d9
00000187c627c519
00000187dc2f66d9
000001889350bdb9
000001889b92f659
00000188aeeacd59
00000188bca576f9
00000188caa9ac99
00000188e87dac59
000001890f0094b9
000001891e11aff9
0000018957003319
00000189759f5919
00000189867eeed9
0000018a39400c59
0000018a5a19d619
0000018ab4b2d079
0000018aeca7ec39
0000018b71ef16d9
0000018bb278b419
0000018bb733db39
0000018c1a04e239
0000018c3577c6d9
0000018cb0126899
0000018d3e981db9
0000018d8a3954f9
0000018e37b0e959
0000018e4a4a3779
0000031d08121161
0000000002378e71
0000000000000181
0000018e9effee79
0000018f096fdbd9
0000018f188a7b19
0000018f28238bb9
0000018f60f39259
0000018f7c2374b9
000001900cadd419
00000190decee0f9
00000190e5ff5cb9
00000190eb5a5559
0000019133aa7639
00000191c53e7d39
000001925ea8e359
00000192a7465cb9
00000192b81ee819
000001950d9d8939
000001953eb47379
000001954f070739
00000195b4055079
00000195b87ce979
0000019684adc6b9
0000019694068ed9
00000196e2b4ec59
0000019733858a59
00000197527d9e99
000001977cb20179
0000032fa87cb261
0000000002378e71
0000000000000181
0000019827c41759
000001983369fc79
00000198d1c17bf9
00000198ec362f99
00000198f7dc2359
000001993c329cf9
0000019978084099
000001998254ebd9
00000199a940ef19
0000019a68a1abd9
0000019aadc2b599
0000019b8c40c319
0000019ba3ee8f39
0000019bee62d499
0000019c0ad7eaf9
0000019c54f24d39
0000019c88648859
0000019c88d9bbb9
0000019d4a2b73f9
0000019d7129cc59
0000019da4b0f9b9
0000019e05c12939
0000019e1b220059
0000019e341cf819
0000019e6149a239
0000019ea130ff39
0000019ec55c62d9
0000019edc0f34f9
0000019eec97c0b9
0000019f0bb7bc99
0000019fc16a6419
000001a005fb8619
000001a0295f9c99
000001a0964ea299
000001a09a5cbef9
000001a09ca85f19
000001a0b9c3dcb9
000001a0d6cbded9
0000034248e75361
0000000002378e71
0000000000000181
000001a1272ec1d9
000001a1a6702ff9
000001a1a9f17959
000001a218ee4a19
000001a2424a8f19
000001a2663810b9
000001a2bdbe57d9
000001a306774df9
000001a307741a39
000001a335dd59f9
000001a3ac445cd9
000001a48753fad9
000001a490c73b59
000001a52837a3b9
000001a5348d0fb9
000001a534ad2f19
000001a56a3a0e99
000001a58fcf8f19
000001a5c6f1a9d9
000001a61c0ce919
000001a6fb2ffad9
000001a74cafc379
000001a76ce3a439
000001a7ab6bcdb9
000001a7bc1a5759
000001a7e1d0f459
000001a87a560fd9
000001a94ead5b79
000001a95d4da719
000001a969ccd2f9
000001a96fbc2539
000001a9746431d9
000001a97ea56cb9
000001aa4dd8a3d9
000001aa5df79439
00000354e951f461
0000000002378e71
0000000000000181
000001aa858e2859
000001aab68dee99
000001aad571c599
000001abb4cb5ab9
000001abb4ee0719
000001ac4f1c3239
000001ac7ea7c499
000001ad2ebb11f9
000001ad3d86f719
000001ad4ccf04b9
000001adf68e12d9
000001ae0603da99
000001ae145f3fb9
000001ae30f6d5f9
000001aede247939
000001aedfeae7d9
000001aefe84bd39
000001af3c062db9
000001af8143a1d9
000001afc44ca679
000001afc754d6b9
000001b0061c7cd9
000001b07ac8a299
000001b0aca76899
000001b14b9a68f9
000001b1a1c2f859
000001b1a25261f9
000001b22fcd11f9
000001b25d8685b9
000001b2987cc759
000001b2c87e1079
000001b32128ea19
0000036789bc9561
0000000002378e71
0000000000000181
000001b468913af9
000001b5273978b9
000001b5af5fde39
000001b5e9609079
000001b681809e99
000001b69bbe1279
000001b6b7d01df9
000001b6c3a2a9b9
000001b70ab87f59
000001b7e77b6cd9
000001b832e234f9
000001b840382679
000001b8f4f5eb79
000001b8f5fcbc99
000001b9691ff019
000001b9755b1239
000001b9a19dec59
000001b9ac9ba699
000001b9ad56bff9
000001b9d663ed99
000001ba013b3df9
000001ba1c21e499
000001ba97006539
000001baf8780b59
000001baffc58119
000001bb6159b659
000001bcd727b179
0000037a2a273661
0000000002378e71
0000000000000181
000001bd498614d9
000001bda9385ad9
000001be10ca4d99
000001be26cfbb19
000001be749a94f9
000001c033f84d99
000001c03a880cf9
000001c0604ef6f9
000001c0b41ae3d9
000001c0c25dfd19
000001c0e3edab39
000001c1be57a2d9
000001c26e26a079
000001c30a5ffb79
000001c341a339f9
000001c351eefb19
000001c3efe2c2b9
000001c46ea0aed9
000001c475848cd9
000001c4e0416d99
000001c4ff37a0b9
000001c511955af9
000001c545748e99
000001c549b77a59
000001c55d61a579
000001c5628f81f9
000001c5a9c92c39
000001c5babe3b99
000001c5d145cd19
000001c5d7a655b9
000001c5fc0bf719
000001c604cd3f59
000001c65aedb9d9
0000038cca91d761
0000000002378e71
0000000000000181
000001c68f2353b9
000001c6a43daef9
000001c6b405e159
000001c6d76b81f9
000001c6e2c8f1f9
000001c6fce516b9
000001c8b6ed4579
000001c8d1b42c79
000001c8da688ff9
000001c8df57af99
000001c8fc5bd4f9
000001c9da821e99
000001c9de82d619
000001c9ff4d0099
000001ca5114a959
000001cacf244879
000001cb04b4baf9
000001cb140261f9
000001cbeeff48d9
000001cc42526459
000001cc4d60b839
000001cc64f52559
000001cc70b5f919
000001cc741b39f9
000001cc8522ee59
000001ccd561c259
000001cd5d77b019
000001cd83261bb9
000001cd99d8aa59
000001ce0a997a19
000001cf00fa5759
000001cf12a36479
000001cf209d58f9
000001cf3f61b999
000001cf8c4b9319
000001cf98cb96b9
0000039f6afc7861
0000000002378e71
0000000000000181
000001cfe343fcf9
000001d001041b19
000001d063906539
000001d092637979
000001d0f2fd73f9
000001d13e954719
000001d140442fb9
000001d195e3dd59
000001d1fe11b499
000001d210253579
000001d214a6ab19
000001d26151b319
000001d2ff133379
000001d34e7e88b9
000001d38bf7f819
000001d3b4429959
000001d3cebeb759
000001d43b12d0d9
000001d44b3360f9
000001d4aa2568b9
000001d4db9127f9
000001d59cafd1f9
000001d60e5bf199
000001d6df6c05f9
000001d74b3242f9
000001d788089699
000001d7a2a57239
000001d7b12a5f19
000001d7d59eef59
000001d837dcea59
000001d898b7ecf9
000001d8d4843c39
000003b20b671961
0000000002378e71
0000000000000181
000001d90c6a6d39
000001d914d6a839
000001d9451f3e99
000001d9d1552159
000001d9d7e8d9d9
000001da051ef639
000001da4165b2d9
000001dab26a1339
000001dafab2c759
000001db3396fd99
000001db84a0d499
000001dba5458af9
000001dbe66f6e99
000001dbe66f7b39
000001dc26056df9
000001dc2bbaf359
000001dce668f399
000001dd72ce7779
000001de541312d9
000001df679e1479
000001df968dbef9
000001dfc0dbdad9
000001dfcf3893f9
000001dfddc12779
000001e0ef5f2319
000001e10cb50259
000001e1513b7d39
000001e24dfe39d9
000003c4abd1ba61
0000000002378e71
0000000000000181
000001e26d6f9239
000001e280362599
000001e290826fb9
000001e2966b9ed9
000001e2a7755559
000001e2b74585f9
000001e2d4013f79
000001e337c78a99
000001e383826559
000001e3ea8ab099
000001e424c51c99
000001e4bfb1e7d9
000001e4e5aded79
000001e4f8e5f4f9
000001e52fa94339
000001e5d9cd7a99
000001e5f318ef19
000001e665310dd9
000001e674071f19
000001e68a4e3f19
000001e6b70be719
000001e6f57a8e39
000001e70c9ec699
000001e76dd259d9
000001e7cbcaa519
000001e81cbad399
000001e89f9b5bb9
000001e8e56d7159
000001e94575bdb9
000001e968ad31f9
000001e9dc423139
000001ea9049bfd9
000001eab4b35d59
000001eac07a0bf9
000003d74c3c5c61
0000000002378e71
0000000000000181
000001ebe3ef8079
000001ecb1da8a39
000001ecdbab6559
000001ed68af68f9
000001edd47fd879
000001edf5134979
000001ee3879dcd9
000001ee51fb9bb9
000001ee68b2bc19
000001ee6a8d7379
000001ee84bc4d99
000001eeaa9de739
000001eee70c8d39
000001eee989ea39
000001ef521aab99
000001efbb737cb9
000001efce60dc39
000001efd2ec7e79
000001eff5dc9fb9
000001f04b427339
000001f05db12199
000001f0bc846879
000001f0d402e3d9
000001f0eade2859
000001f114e242f9
000001f125511c19
000001f1401f9399
000001f1431f5539
000001f1792cf3d9
000001f1f96d69d9
000001f243c19379
000001f2e6c20739
000001f2f7dc6279
000001f38a24c3f9
000001f3948f97b9
000001f3b8b0bad9
000001f3dd38f3f9
000001f401215379
000001f439821979
000001f4c3d0aa19
000001f4da239939
000003e9eca6fd61
0000000002378e71
0000000000000181
000001f5d9f4c999
000001f5e1bf8339
000001f62e7f8f19
000001f639f5a619
000001f63ba38dd9
000001f693095b99
000001f80a92ff79
000001f83e61b599
000001f88e4d5ed9
000001f8e1e36bb9
000001f9289a8859
000001f947637019
000001f96d4b6fd9
000001f9a4ba1879
000001f9be8f2c79
000001fa08ab9a39
000001fa1e426859
000001fadfd9dfb9
000001fb7d842879
000001fb7ed39e19
000001fbb55faa79
000001fbd6b418f9
000001fc2e517cd9
000001fc6f856f39
000001fc90ca6379
000001fd1bfb20d9
000001fd3c1c5499
000001fd3c738ef9
000001fd9eebaa79
000003fc8d119e61
0000000002378e71
0000000000000181
000001fe496b77b9
000001fe577867b9
000001fe82b298f9
000001fe96e93099
000001ff192e9ad9
000001ff7db4a579
000001ff8378e3d9
000001ff99524c19
000001ffb0cd3419
000002007a46d0d9
0000020086e72a39
000002009b8a51b9
00000200dd540899
00000200f61f20f9
000002015db4cc79
0000020182f74a99
0000020210ec7c79
000002024510e099
000002033d5b1099
000002035034c499
00000203c71ab679
0000020431c2e019
0000020494515259
00000204d8044f59
000002052f677b39
00000205cd9fbf59
000002070891ac39
0000020753f867f9
0000040f2d7c3f61
0000000002378e71
0000000000000181
00000207a35e79d9
00000207be7e62b9
000002083af55619
000002088e908cb9
00000208b83be839
00000208bc991b39
00000208d40dd399
00000209099e1639
000002094d2337b9
00000209f9914679
0000020a3a394e39
0000020a64224079
0000020a809fae39
0000020a9600d679
0000020acdfd8eb9
0000020adc45b1d9
0000020af8ffaad9
0000020afdd4f919
0000020b5d115879
0000020c18354419
0000020c33f4bfd9
0000020c5baf0f19
0000020c5fb385b9
0000020d1b6c58b9
0000020d56326c19
0000020d88b385b9
0000020d92cc3cd9
0000020e008a5bd9
0000020e027454b9
0000020e73349c39
0000020efcc50a59
0000020f9752c959
000002106db2cd19
00000210dcd297d9
00000421cde6e061
0000000002378e71
0000000000000181
0000021115b2d919
0000021141c534b9
0000021173f14e79
000002124f6fc7d9
00000213557ec379
00000213e40551f9
0000021427e9f559
000002142d1407f9
0000021462e7aa79
00000214644834b9
000002149d1f1cd9
00000214d048e539
00000214f03843b9
000002150bc33099
0000021512f69199
00000215583a5579
0000021598677339
00000216089049d9
00000216215bc239
000002164ebf3ad9
00000216cc885139
000002173748c319
000002178e50fab9
00000217fc70f779
0000021848ac7619
0000021931130dd9
0000021942f1ed19
000002195002d879
00000219a3d7fed9
00000219eb268db9
0000021a02fddc39
0000021a17653739
000004346e518161
0000000002378e71
0000000000000181
0000021a75b94c99
0000021b2db44499
0000021b501e82f9
0000021bfc314479
0000021bfe806a99
0000021c29b5fe59
0000021d25f609b9
0000021d62e56619
0000021dc829f819
0000021e6f5f6d19
0000021e8f288d99
0000021e988f1359
0000021eeef45879
0000021f6402b5f9
0000021f6a187e79
0000021fcb39f719
00000220303f2e39
000002207a3e8679
00000220d315e0f9
00000220e144e379
000002211239bdf9
0000022142bd2239
000002222384d179
00000222714f3b19
00000222826953d9
000002229b6a7e39
00000222c1487dd9
00000222c72329d9
00000222d64a58d9
000002230ffafb59
000002231bfe3399
00000223322136d9
000004470ebc2261
0000000002378e71
0000000000000181
0000022457a35d99
00000224b87002b9
00000224c3ba45f9
000002255603f519
000002256a5661d9
00000225d9cce319
000002260b365599
0000022630bf8ed9
00000226350f7e99
000002263bad6eb9
000002269d119739
00000226e09c4439
00000227435b57d9
00000227ab12d119
00000227b1d4f339
00000227c334ef59
00000227f65dcfb9
000002281afeda79
000002283e7fa8f9
000002286fa20399
000002287579b719
00000228b6462a39
00000228c2dc6f59
000002297e94ffb9
0000022986297539
00000229b40225d9
0000022aa79d41b9
0000022aad0ea4d9
0000022ae55d0b19
0000022afaab0db9
0000022b0a748bf9
0000022c49421299
00000459af26c361
0000000002378e71
0000000000000181
0000022d04f69339
0000022d073e0519
0000022d0e1c6159
0000022d40d01959
0000022dc8181179
0000022dd5b73019
0000022dd8cab9d9
0000022e3b94e0d9
0000022e6be2d1d9
0000022ec9db9099
0000022ecbfc9219
0000022eefb14fd9
0000022fe787d719
0000022fef826899
00000230007e63f9
00000230908311d9
000002315db9ae79
000002315eb29699
00000231ba7f5419
00000231e9a50a39
0000023223014299
0000023284ef9d79
000002330b8435d9
0000023334e15f79
0000023357cfce59
000002335b688259
000002336c3aa9f9
0000023404bace79
000002351c55b7d9
0000023564127f39
0000046c4f916561
0000000002378e71
0000000000000181
0000023629937699
0000023635316dd9
00000236538f97d9
000002365decaeb9
0000023667aae6b9
00000237181603b9
000002372782d779
0000023737d19d59
0000023742da2d19
00000237c6934d19
0000023802735939
00000238901a2219
00000238a8306f39
00000238a86e40d9
00000238dac0bd79
000002390d2fcb39
000002391f4e0d19
0000023927035a19
00000239e2251279
0000023a2cf031f9
0000023a42de3e19
0000023a7dfabbf9
0000023a8af38999
0000023ae1e38c79
0000023ae24ebcf9
0000023b0e5c9199
0000023b9006ab59
0000023b99945ad9
0000023be54dedf9
0000023c2dbb5779
0000023c606dbbf9
0000023d11cc2a79
0000023d1d111919
0000023d3509c9d9
0000023da16b7019
0000023e8d5eebf9
0000023f109cc539
0000023f42dc6139
0000023f5cebdab9
0000047eeffc0661
0000000002378e71
0000000000000181
0000023ff6838439
0000024004704499
0000024057c0fa39
0000024073913259
000002416ff871b9
00000241c934ec19
000002435bcfc879
00000243702f7fd9
0000024380aa5bb9
00000243a0ec9d59
00000243a9b82d59
00000243c64c6299
00000244be2332b9
00000244d933f159
00000244e1e10c99
0000024538d405b9
0000024582787e59
00000245ae256c19
00000245f80c5d79
00000245f87711f9
00000245fc3e2299
00000246bd074e79
000002471043e3b9
000002471d736779
000002478291e679
00000247d794a039
00000247f0a493d9
00000248bf9df039
000004919066a761
0000000002378e71
0000000000000181
00000248dfd264b9
00000249728930d9
00000249c86dbc39
00000249e31de6b9
0000024a213b2b99
0000024b20fc6759
0000024b788fffd9
0000024c14763499
0000024c25473599
0000024c2ff8c519
0000024c72d823d9
0000024ccd0ad199
0000024d0504abb9
0000024d17ffb699
0000024d624f0dd9
0000024df7c7d999
0000024e87ced679
0000024f208d3b19
0000024f246961f9
0000024f523876d9
0000025030fef1b9
000002511d46fd99
0000025124b4e339
00000251dffd5899
000004a430d14961
0000000002378e71
0000000000000181
00000252273ba859
0000025247c1f659
000002526cd9b9d9
0000025286935299
000002528fbcd239
00000252c084f199
00000253b714a719
000002540a152359
0000025457d6e7d9
0000025478de5d39
0000025497e24479
00000254f1cfeb19
00000255afd2dcd9
00000255fff63619
0000025623550d79
000002565dc5a679
000002566fe1f5d9
0000025712a7d4d9
000002572421ebb9
000002574cded7b9
00000257dc2830d9
00000257ddb166d9
000002581b71e239
00000258295fa6f9
000002583118d7f9
00000258316768f9
000002584df04279
0000025888946299
0000025924666879
0000025936d31cf9
00000259dadd7479
00000259e5c7f239
0000025a4970b119
0000025a76f8dcb9
0000025a87647ed9
0000025aaaba2759
0000025acc40aed9
0000025af3b68899
0000025b3b132c79
000004b6d13bea61
0000000002378e71
0000000000000181
0000025b899d8499
0000025bbe7ae459
0000025c1f827419
0000025d38567459
0000025e208235f9
0000025e231e4599
0000025e3d181db9
0000025e9cf6bdd9
0000025ed58c32d9
0000025f288c52d9
0000025f385c9a39
0000025f491bd819
0000025f4f906119
0000025fa479b459
0000025fa739fd39
0000025fad4e4a19
0000025fb3abe8d9
0000025fef0eebf9
0000026014ca73f9
0000026023cacb79
00000260d31f6db9
0000026157640859
000002623d0dc2f9
000002624fc61859
000002624fc62e59
00000263831a3bb9
00000263a1d636d9
00000263c1853139
000002641e0f0d19
000002641fa82a79
000002642302e839
000002647737ee39
000004c971a68b61
0000000002378e71
0000000000000181
00000264eeaca939
00000264f68e8419
00000265aa755259
00000265d03f4579
000002667de37539
00000266d919ecd9
0000026709887db9
000002676544fa19
000002679493f7d9
0000026794f4b8f9
000002679597b0f9
00000268811c5a79
00000268b14ed699
00000268c049fd99
00000268f65d0779
000002694ee7c479
000002696e211619
0000026a0d907539
0000026abee3a579
0000026ae1dc1999
0000026b2b1a73b9
0000026b8c663059
0000026c2b51e239
0000026cd5f6f759
0000026d197687d9
0000026d483ddd59
0000026d7a49a279
0000026d88057859
0000026dbdf3ea59
0000026dd7e817f9
0000026e0548c4b9
000004dc12112d61
0000000002378e71
0000000000000181
0000026f162de1f9
0000026f684f55f9
0000027038297bf9
00000270433bb579
000002704fb04059
000002708732e879
000002709072d899
000002714c7ed359
00000271bcac2b39
00000271bd2626f9
00000271eb7c6ff9
00000271fe2f2e19
000002720b08ea19
000002727887ea19
0000027293511839
00000272db33c3f9
0000027307b12ef9
00000273c9ea4619
0000027442f5a979
00000274b0da9519
00000275104e0fb9
0000027548482ed9
00000275c510c6b9
00000275cbb07d59
00000275f7f78279
000002761e538399
00000276c1a5c799
00000276cde7f419
0000027726ccc739
0000027732b62eb9
000004eeb27bce61
0000000002378e71
0000000000000181
000002775d613cb9
000002778ee85339
0000027827d7d359
00000278c042f1d9
00000278c0e67899
00000278e3d338f9
00000278ff9e44f9
00000279a67a8659
0000027a068f1a19
0000027a8391f0d9
0000027aab5472f9
0000027ad33bdfd9
0000027b4d6ef0d9
0000027b8494b1d9
0000027bdb60a359
0000027c22a9dc59
0000027cb115b7d9
0000027cbf1bf3f9
0000027cc669fe39
0000027ce8b8e5f9
0000027d3be6c319
0000027d4bce3a19
0000027d6b79bb39
0000027dee751f39
0000027e0cfacf79
0000027e2817bed9
0000027e490256d9
0000027ea2379fd9
0000027ead84f439
0000027eec0deb19
0000027f02cf9ab9
0000027fc46358b9
0000027ff8abc859
0000050152e67061
0000000002378e71
0000000000000181
00000280b64d4959
00000280e8fcb839
000002811da52299
000002812fe917b9
00000281a5863599
00000281af4fdf99
00000281f1d4c279
00000281f51c0eb9
00000282206d2799
000002822e1f69b9
00000282d5cc9bb9
00000282de98a099
000002834638cef9
000002838329ce19
0000028386483339
00000283b6ac6a39
00000283cedb7bb9
000002843ec52f99
000002846ae17719
00000284e1e34a59
00000285190a7e59
000002851fe4fc39
00000285224eb679
00000285c2535639
00000285d8445899
0000028633c97239
000002864056e419
0000028696901619
00000286bfb1c7d9
00000286bfe38df9
00000286db5c5279
000002870b835259
000002879b0883d9
00000287ca2e6d59
0000028879e79c39
0000028922325139
000002897084f599
00000289b51b90f9
00000289c8b11119
00000513f3511161
0000000002378e71
0000000000000181
0000028a231fee19
0000028a3a4d9219
0000028a51f45dd9
0000028a82899fd9
0000028ac0e802d9
0000028ad08b8f39
0000028ad6ffc859
0000028b014965f9
0000028bab50a3b9
0000028bfebd8af9
0000028cc7c5a979
0000028cee8f7c99
0000028d05b92619
0000028d11d33479
0000028d53b19479
0000028d773d4d59
0000028db817bed9
0000028dcc25cb19
0000028de760a8d9
0000028df0793cd9
0000028e22df4139
0000028ed8a69959
0000028fb1f80a59
0000028fec1c7499
0000028ffde7c719
000002900732b7b9
00000290932b99f9
00000290aa4fe259
00000290ce236499
00000290fa771cd9
000002910019b4b9
000002910da70959
00000291a4ac9239
00000291b96862d9
00000291c6c02119
00000291ccbf7f19
0000029219f1fa79
000002926e784039
00000292dc460fb9
00000292f30345f9
0000029315bc0c39
0000052693bbb361
0000000002378e71
0000000000000181
00000293c3098119
00000293db0bbb79
00000293eca3e3d9
00000294130ef1d9
000002942ea535f9
0000029466213ef9
00000294aef743f9
000002952d6ba899
0000029565c30499
00000295a6609f39
00000295bbb9b179
00000295c56f8d19
000002966bd90439
0000029672d4bc59
000002967dda4a19
000002974c7030f9
0000029778763359
0000029787750059
0000029801cf98f9
00000298c2b14199
00000298c664b439
000002993d18f819
00000299537f9db9
0000029992fcde59
00000299c5074519
00000299e64c9259
0000029a59430fb9
0000029a64204699
0000029a6e40b9d9
0000029a88a9c7f9
0000029aae03b099
0000029ad894eed9
0000029ade9cd0b9
0000029ae38826d9
0000029b05d40239
0000029b37de6cb9
0000029b505f03d9
0000029b878a5c79
0000029b8cae10f9
0000029ba7730019
0000029c2de49139
0000029c346975d9
0000029c5cb55759
0000053934265561
0000000002378e71
0000000000000181
0000029d0f5792f9
0000029d5a10d1f9
0000029dae54c2f9
0000029e10fa3099
0000029e863d53f9
0000029efbdfea99
0000029f824e5a19
000002a0647efe39
000002a10864cab9
000002a148accc19
000002a17d8fd8b9
000002a1f01657f9
000002a1f13cba99
000002a20715ab79
000002a2e10aa919
000002a39bb5d6f9
000002a3a7796739
000002a3c6b857f9
000002a40e28e7f9
000002a42ac7a759
000002a43d701919
000002a4570efa39
000002a470fcd779
000002a47b25e119
0000054bd490f661
0000000002378e71
0000000000000181
000002a6172334b9
000002a638a621d9
000002a694e4fed9
000002a72b8da5d9
000002a73dcc3d59
000002a766b88719
000002a7817e8279
000002a80090aed9
000002a87ba91479
000002a8a69af959
000002a8f4e59bf9
000002a8ffac9039
000002a90d2483f9
000002a987fb8059
000002a9afcd4c39
000002a9f431cb59
000002aa9110b7f9
000002ab3bbefdb9
000002ab562345b9
000002ac01aef1d9
000002ac0d317439
000002ac13fef259
000002ac4a0a0ab9
000002ac6f6e6199
000002aca83f38f9
000002ad2d46c419
000002ad5c7f5519
000002ade4348099
000002ae1d8c3199
000002ae5eeaffd9
000002aea5a8bc79
000002aec5afb979
000002aeca4051d9
000002aed68a4eb9
000002aedd45f1f9
0000055e74fb9861
0000000002378e71
0000000000000181
000002af3ee394f9
000002afdd32ab79
000002b01fbd9a59
000002b030088499
000002b03c9bfef9
000002b06e15d799
000002b0c7296319
000002b0d80d6239
000002b0f8e24ef9
000002b108407739
000002b1505ac159
000002b2700f7bf9
000002b30fe5f859
000002b35f95bd19
000002b393befc59
000002b3bcc39c39
000002b3d51c8f59
000002b411f7c919
000002b4c1116ef9
000002b51c82b5b9
000002b522039639
000002b5c1bea839
000002b61a89a419
000002b6788adf79
000002b722e245f9
000002b723eaa3b9
000002b7258f9cb9
000002b7c648b819
0000057115663a61
0000000002378e71
0000000000000181
000002b88dc8da59
000002b8adc1cf39
000002b8dd46cd19
000002b8eea06ad9
000002b9f4018ed9
000002ba82bc3d59
000002bb5d3b2e59
000002bb643bb419
000002bb8549ce19
000002bb8678f059
000002bd14ba89f9
000002bd15351479
000002bd27b451b9
000002be9a557c19
000002bf0a162af9
000002bf1e551c99
000002bf4e13d0f9
000002bf67387019
000002c014c66999
000002c086fe6ef9
000002c0ad879839
000002c0afeb50b9
000002c0dad4f939
000002c156a62759
000002c17292fcf9
00000583b5d0dc61
0000000002378e71
0000000000000181
000002c214e60cd9
000002c262c414b9
000002c2642dd199
000002c26f2765f9
000002c284fb4e39
000002c290b15df9
000002c2d7064bd9
000002c373a1f479
000002c4135ce619
000002c434f12939
000002c44d8c7439
000002c467b5acf9
000002c47063ce79
000002c5a3ea4f39
000002c5cb946919
000002c615cb7a19
000002c66d416cf9
000002c6916f7b19
000002c6a9c89719
000002c6dfc1c999
000002c6e73eb519
000002c703b27299
000002c71defc679
000002c7795eae79
000002c812ab74d9
000002c81e558899
000002c82f852b19
000002c83d256739
000002c840dc3859
000002c8467242b9
000002c89b311599
000002c91bfdb7d9
000002c9227e94f9
000002c92512b939
000002c973cf51f9
000002c99682d639
000002c9be318039
000002c9d74ace59
000002ca737dc199
000002cb120172f9
00000596563b7d61
0000000002378e71
0000000000000181
000002cb58b588f9
000002cb6365f0f9
000002cc7a114f79
000002cc8a239fd9
000002cd74e950f9
000002cdc4921459
000002cde4d80cf9
000002ce50639d79
000002ceb3c4a7f9
000002cf78eeef59
000002cf7d398f39
000002cfbce95479
000002d00daf0939
000002d04c948199
000002d0734e1539
000002d075862519
000002d0d85a1939
000002d12482f879
000002d13b730ad9
000002d195daedb9
000002d1e2381739
000002d1e4e3c639
000002d23bb82cd9
000002d23d84c879
000002d299f42219
000002d2b9853eb9
000002d2c5b3cd19
000002d2e31d8fb9
000002d3016b8019
000002d344f24459
000002d364377499
000002d4646dccd9
000005a8f6a61f61
0000000002378e71
0000000000000181
000002d48fd3e919
000002d4a46c1a59
000002d4d39c8bf9
000002d4e072f239
000002d55955c559
000002d5a5439299
000002d5f3f499b9
000002d602f53a59
000002d609e40b59
000002d6d71ab9f9
000002d6fb0a30d9
000002d71fa941b9
000002d79cca39b9
000002d8ca452c99
000002d9bd137119
000002da41d0fd19
000002da4c324b79
000002da8b1308d9
000002da9b3d1419
000002db36977639
000002db5640a7b9
000002dbb7623199
000002dc2ad70159
000002dce6eada59
000002dcec3144d9
000002dd46acf999
000002dd7d561c59
000002dd8732f919
000002dd91320a19
000005bb9710c161
0000000002378e71
0000000000000181
000002ddcb689379
000002dde9c9d419
000002deb260e719
000002dee58a3ef9
000002def1f5bcd9
000002df7eab5799
000002dfd7e53bb9
000002dff160d639
000002e2729299f9
000002e273420579
000002e2e09697f9
000002e37a59d759
000002e39b994c39
000002e3af534879
000002e41a4c2279
000002e51acaadd9
000002e51acacdf9
000002e5220c3779
000002e52f9d6e59
000002e59f7d4fd9
000002e675135759
000002e676a01db9
000002e6890f9df9
000002e6f4de6479
000005ce377b6361
0000000002378e71
0000000000000181
000002e78e99f119
000002e852a5ee99
000002e877e38e19
000002e9de66c159
000002ea087096d9
000002ea28493619
000002ea29243659
000002eaaf13aa99
000002eaea11b839
000002eb7a15f0f9
000002ebbfc2af99
000002ec0249e899
000002ec66c6e299
000002ed088ba699
000002ed0bd39dd9
000002ed4530b599
000002ee53f2b839
000002ee972c0a59
000002eec6ec2939
000002eec6ed0299
000002eefd852ef9
000002ef47577e59
000002ef540c0999
000002ef5ff58f99
000002ef82b14039
000002efc8a46e19
000002effc56a619
000002f00a66c619
000005e0d7e60561
0000000002378e71
0000000000000181
000002f123be9159
000002f154ce3d39
000002f1757c6c19
000002f17a2d24d9
000002f17dc6fb39
000002f207970739
000002f23aa8ab79
000002f259cd4bd9
000002f2aab4cf99
000002f2ece87219
000002f30811eff9
000002f3c49268b9
000002f3c934e3d9
000002f41ffc2579
000002f47bd477d9
000002f49daf01d9
000002f4b770cf19
000002f4e2e49879
000002f52e2e68f9
000002f55620d859
000002f5e7bbe6d9
000002f64a8b51f9
000002f6631b1f99
000002f6c68269d9
000002f6ffb12a79
000002f700e20379
000002f705d30339
000002f73f8afe79
000002f764b4ecd9
000002f7a6ecf3d9
000002f7baafdff9
000002f7cfd3d939
000002f8097385b9
000002f8192f0339
000002f8b383a819
000002f8cc649679
000002f8ede858d9
000002f95fbd82b9
000002f964cff5f9
000002f9a9edf459
000005f37850a761
0000000002378e71
0000000000000181
000002f9f2e40219
000002fa4665f0b9
000002fb1371ce59
000002fc6753f1d9
000002fc9de4be99
000002fca575a8d9
000002fca575cdf9
000002fcc71b1939
000002fcd99d09b9
000002fd5de3b719
000002fe2034a7d9
000002fe5b29f6d9
000002fe66720b19
000002feb47391b9
000002ff1adf0d99
000002ff51bb88d9
000003002bf16199
0000030049909e59
00000300afe39179
00000300c05b1b19
00000301830483d9
00000301dff35fd9
000003026ed09c39
00000302d7a8c959
00000302f39b4599
0000060618bb4961
0000000002378e71
0000000000000181
00000303856ef719
00000303f5ceef59
0000030414fbcf99
00000304231d1039
0000030435a466d9
000003043bcff799
0000030486591e19
000003048b9968b9
00000304bc8c2c99
00000304da21cbd9
000003053a83ed79
00000305cd511eb9
00000305fc7337f9
00000306c4f5cf79
00000306d7167979
00000306ef16d919
000003072a2a4d39
0000030841a31bd9
000003087bcd7799
000003087c64f399
000003095b30e519
000003099684f5d9
00000309c5b64fb9
00000309d0b10699
00000309d61abd59
00000309e29dcad9
00000309f09bee79
0000030a0c995bb9
0000030a4424c199
0000030aa24c25f9
0000030aa9637e39
0000030ab07bb439
0000030ab6c69c79
0000030b8b65c1b9
0000030ba13d9c39
0000030bb397ea39
0000030bfd0179b9
00000618b925eb61
0000000002378e71
0000000000000181
0000030c5bc4d4b9
0000030c5fd369d9
0000030c8a1e6b99
0000030d663390b9
0000030d99d35f99
0000030dbce43a79
0000030dfa9c0c19
0000030e87825659
0000030ea05bb0d9
0000030ecf701279
0000030f2aa36b79
0000030faa9d2719
0000030fbd0a1279
0000030fc2bc5599
00000310368f06d9
000003103a778ef9
00000310c1bc9d79
00000310d09a4639
00000310f95c7499
0000031143861bb9
0000031145d0b259
000003116304f139
00000311c1f3c919
00000311f9692cb9
000003122d847ed9
0000031268855379
00000312ae2b0739
00000312e6752519
00000312feb27199
000003136edafd39
000003139de67659
00000313a2f5d579
0000031480cda3f9
000003149fc39839
0000031537ecc059
0000062b59908d61
0000000002378e71
0000000000000181
00000315fa45dbf9
00000316398e4339
0000031651e58979
0000031674fcf0d9
000003169186a7d9
00000316b49a2e79
00000316ca542c19
00000316e54881f9
000003170fcaac79
000003171fca6699
0000031722c429b9
000003174423a319
000003175fcb6bb9
00000317f13b3939
0000031849bc7319
00000318d78e1ef9
000003190fb79df9
0000031940b56799
000003198d8616d9
00000319bef1ca59
0000031a54432c79
0000031a730ca039
0000031acf354fd9
0000031ae84f0459
0000031b0c2fdc19
0000031b34281459
0000031b53cd8799
0000031bfa34b159
0000031c0d3fed59
0000031c50291259
0000031ca78d5959
0000031cafbc32d9
0000031cd8277a99
0000031d1bf7df79
0000031d43bf61f9
0000031dd71536d9
0000031e077adbf9
0000031e94135e19
0000063df9fb2f61
0000000002378e71
0000000000000181
0000031f031c8039
0000031f5f1721b9
0000031f80239439
0000031f813ea0f9
0000031f851d6f39
0000031f91d3ab19
0000032006ccc8b9
0000032016ea6ad9
000003205cafd1f9
0000032085a232f9
00000320b46a5819
0000032101f10b59
000003214aceeff9
0000032154623d99
000003218c0cfc39
0000032190ba3ed9
00000321953251f9
00000321b2a58779
00000321c69cdf79
0000032288bfbc59
00000322c445d8b9
000003231f113119
0000032325078599
0000032359160479
00000323695f9619
000003238a559bf9
0000032423d937d9
00000325638508f9
00000325dd739239
00000325dfdf2b99
00000325fd2a63b9
000003263a62b399
00000326652f36b9
00000326708491f9
00000326cffdc919
0000032752631f59
00000327575c99b9
000003278eb18d99
00000327d17f97f9
000006509a65d161
0000000002378e71
0000000000000181
000003287cf5c4f9
00000328c04fcd39
000003290ad93279
000003291b5b1279
00000329780ae3b9
000003298eb35ab9
000003299b68e6b9
00000329b1ad1679
00000329edc3c959
0000032a69fd72b9
0000032a845590f9
0000032ae01cfaf9
0000032aec30f599
0000032b958923b9
0000032bd70fd3b9
0000032c1af495f9
0000032c42836ef9
0000032c73ebbc59
0000032c929ebd59
0000032cbe9d0599
0000032d4ef2bf79
0000032dc96e6499
0000032e375cf9d9
0000032eb9f949d9
0000032ec7458959
0000032ee5980679
0000032ee7e53059
0000032fe4848e39
00000330f210d979
0000033133c951b9
0000033180ec5c79
0000033195bcf379
000006633ad07361
0000000002378e71
0000000000000181
00000331a9b8a1f9
00000331b7c10fb9
000003329a8deef9
00000332b4d96d99
00000332bb7d6a79
00000333664db839
000003336f5c2219
00000333c98c5f79
00000333cbe262b9
00000333fddcc1b9
000003340b361b59
000003343bd32d79
00000334958628b9
000003349d9eacf9
000003350e749e19
0000033520724b99
000003356ad06c19
00000335bb7fc7d9
00000335d0d89dd9
00000335d96d57d9
00000336285130f9
0000033632ccf499
000003368f5e0059
00000336f3f619f9
00000337385c41f9
000003380692ad19
000003387f1744f9
000003388f7a8c19
00000338abc395f9
0000033916b51319
00000339d592f539
00000339fb5b73d9
0000033a073ee839
0000033a3110b5f9
0000033a752b0439
0000033abb796179
0000033ac8d6ccb9
00000675db3b1561
0000000002378e71
0000000000000181
0000033af201c919
0000033b116b6839
0000033b4c911b39
0000033b514eb0d9
0000033b87c05419
0000033bac6fb219
0000033c299aad59
0000033c9c7cc159
0000033c9f9f5a19
0000033d69f3c439
0000033d73eadfb9
0000033dab3569b9
0000033dc60cd9d9
0000033dd81c3799
0000033ddc1d6ab9
0000033ee02528d9
0000033f759d60f9
0000033fc6283419
000003400d44d519
0000034093351b19
0000034189d85c19
00000341937e23b9
00000341add242d9
00000341c7d90ff9
000003436b9e2c39
0000034379183279
000003437dbda539
0000034406a57dd9
000003442e4cc879
000006887ba5b761
0000000002378e71
0000000000000181
00000345806d1299
000003458b8c4339
00000345c26864d9
000003461b959c99
000003464764d5b9
000003464a6f98f9
0000034719c63019
000003474adcbd59
0000034796db1d99
00000347de3c0619
00000348cb10c279
00000348ee3a7039
000003491e6cd539
00000349c2458979
00000349c9aace59
0000034a71ddb7f9
0000034a80f95ff9
0000034ad7860339
0000034ae2f3f439
0000034aeff30f59
0000034c2a3f0a19
0000034c4e0dded9
0000034c50347c99
0000034c8e0ee119
0000034cc46938d9
0000034cddf78e19
0000034d1f36b4f9
0000034d3a7c7af9
0000034d657ea139
0000069b1c105961
0000000002378e71
0000000000000181
0000034d99927ef9
0000034dab248a19
0000034e05342df9
0000034e7f65fa99
0000034e9e637b79
0000034eacb09319
0000034ebb2c8899
0000034f98d3ead9
0000034ff594a379
0000035046217419
000003504c4bb999
0000035064ed5279
000003511ec8f939
000003514b342059
000003515b3aaa19
000003518e9b0f59
0000035282fc6579
000003529ccd2079
00000352cef42af9
000003530eab8c19
0000035372bc8899
00000353980213f9
00000353be245ed9
000003543f1d2479
0000035450a7f519
0000035471e9ec59
00000354cfa15199
00000354e1861fd9
00000354e9e794f9
00000354f3a4efd9
00000354fd4c5839
00000355591581b9
000003555bc36139
0000035586825e79
000003558f500539
00000355b97c5419
0000035648903999
00000356578e5a99
0000035662b8cfd9
000003566593cb79
0000035675a4cfb9
00000356d5373399
000006adbc7afc61
0000000002378e71
0000000000000181
000003576b814199
0000035790335519
00000357b7569af9
00000358845ff359
00000358963882f9
00000358b2511e19
00000358d1d23579
0000035901b46099
00000359643b1eb9
00000359bbb14819
0000035a0daeb9b9
0000035a6bf660d9
0000035a8a38d099
0000035ab4f544f9
0000035af623a639
0000035b885dd0f9
0000035bfc56e1f9
0000035c564d82b9
0000035c8b8e8099
0000035cbb2524d9
0000035d095577b9
0000035d2d9fdab9
0000035de783cab9
0000035e0c4463f9
0000035e5d613b99
0000035ec1d95119
0000035f2e165779
0000035f477e12d9
0000035f91c030f9
0000035fb8b49a99
0000035fda672859
000006c05ce59e61
0000000002378e71
0000000000000181
000003608976b9f9
00000360922b48d9
00000360f92f27f9
00000360f92f4319
0000036184b0ba59
000003619684aa39
00000361a97d65d9
00000361ab64a479
00000361cf4bb019
00000362020ad4b9
000003623c541219
000003624f620a59
00000362602a1719
000003626c5dfc59
000003627cf1ffd9
00000362a70d0999
00000362d26bd7f9
00000363c822c499
00000364148e24f9
00000365027ad7f9
0000036513e50679
000003651469a839
00000365232cee39
00000365c9660a99
00000366261d8619
0000036626eaad19
0000036672071fb9
000003669ebfd1b9
00000366d1231799
00000366f754b839
00000367023f8ad9
000003678dea9219
00000367c574e8b9
00000367d28b17f9
000003686e1c2879
000003688b59cbf9
00000368bcc17a99
00000368ec827a99
00000368f3919999
0000036916a1acf9
000003691eaa3a39
0000036952c35959
00000369568daad9
000006d2fd504061
0000000002378e71
0000000000000181
00000369cb362b79
0000036a10a0a8b9
0000036a2ad38f99
0000036a3d3f6919
0000036a98472719
0000036b4b2ea539
0000036b90cf25f9
0000036b980f4cb9
0000036bf0cd4239
0000036c0f12a3d9
0000036c423aceb9
0000036ca2b12a39
0000036cb5e13879
0000036cc553bbf9
0000036ce2069419
0000036cfde9c319
0000036d8775c819
0000036d89122e99
0000036dabf752d9
0000036e56f50f59
0000036e699b3dd9
0000036e86a59bb9
0000036f141c6ad9
0000036f1fc865f9
0000036f31009059
0000036f3f3a48f9
0000036f50bf1f79
0000036f5c167f79
0000037019184e99
00000370491b1399
000003705cf0bf39
00000370b4d0c359
00000370d82e3399
00000370f7868a79
0000037129494679
000003715bfa19f9
00000372213fa2b9
000003722cd172b9
000003726963a019
00000372850eb0b9
000006e59dbae261
0000000002378e71
0000000000000181
00000372e51392d9
00000372f08928d9
0000037329ab2d19
000003738c4c74d9
0000037416968fb9
000003741fdf03f9
0000037483d5f039
000003748dbd20d9
00000374da568dd9
00000374dbfcb299
00000374f8e19e59
00000375b4c136d9
00000376250918b9
000003765b5d48d9
000003768682d799
000003769c5e1c39
00000376c1dc9999
00000376c1dca9f9
00000376e20565f9
000003772f9a1ff9
00000377abbdf079
000003781951af19
00000378a800a359
00000378d35bad99
00000378fb0992f9
00000378fedc91b9
0000037935d03099
000003793e2d71f9
00000379496722f9
000003799dc05419
00000379a619e3d9
0000037a165a98f9
0000037a2ebb1bb9
0000037a3f544b79
0000037adf9bb139
0000037aeacf54d9
0000037b9f509ad9
0000037ba26dda39
0000037bc2bbb5b9
000006f83e258561
0000000002378e71
0000000000000181
0000037c543a96d9
0000037c8aad44f9
0000037cf013c4d9
0000037d1d34fdd9
0000037d61561c99
0000037d66abbf39
0000037d7432de79
0000037d756231f9
0000037e3b134619
0000037e74f61b99
0000037e780095b9
0000037e78cb4f79
0000037efe1ba079
000003800a9ce5f9
0000038068447df9
00000380a596cdb9
00000380b030fb99
00000380bde85cb9
00000380c94b1699
00000380e6801679
0000038117ca8579
0000038122ad5d59
00000382481ca819
000003827edceb59
00000382927f9ef9
00000382be9c2179
00000382cad5bcd9
00000382d01a9e19
00000382e9ff7ef9
00000383715d18f9
00000383792b9cf9
00000384a4568019
00000384dac16d19
00000384e87823f9
00000384f7cd0c39
0000038550881319
0000038561e8e4f9
0000070ade902761
0000000002378e71
0000000000000181
000003859cd092b9
00000385dd915f19
0000038613542f19
000003861c3bcd59
0000038647295bf9
000003865ab38099
000003866d5ea339
000003874a0a4199
00000387edd38859
000003880561c039
000003885ef70a99
0000038901e2da39
00000389ae826399
00000389c9775779
00000389f0846df9
0000038b107b6df9
0000038b68d5fd99
0000038b9ddf6419
0000038bdb37e679
0000038c2ba0d719
0000038ccdda3579
0000038d40504499
0000038daf5c4fb9
0000038de6f901f9
0000038e5f87e199
0000038e8400ec59
0000071d7efaca61
0000000002378e71
0000000000000181
0000038ef6c13b39
0000038eff5fdcd9
0000038f288b9739
0000038f37585579
0000038f375856d9
0000038f70d58699
0000038f96138f99
0000038fece62cf9
0000038fedc3c2f9
00000390e9a6d119
000003916a9c7f19
0000039193b2e8f9
00000391adc59419
00000391bfd19479
0000039214e65f79
00000392192e7f79
000003923bac1239
0000039247f63cf9
00000392ebbb5d99
000003940d81b3d9
00000394ac1579b9
00000394efe02199
0000039584bbe599
00000396054c0af9
000003960c034579
000003968fe4ca79
00000396cc19b4b9
00000396d4b55219
00000397a652bf59
00000397ae091ff9
00000397c7f570b9
000003980290df79
000007301f656c61
0000000002378e71
0000000000000181
00000398506d5ad9
00000398683d1919
0000039898b9e6d9
00000398c897ecf9
00000398d82be499
00000399052a2519
0000039905fbb919
00000399761bdbb9
00000399803baad9
000003998f1dc979
00000399ecd73639
00000399fd6f1df9
0000039a11d3c239
0000039a1d9aeed9
0000039a63b32859
0000039a79b39139
0000039ae0a2b2b9
0000039afc9d60d9
0000039b12bf32f9
0000039babf7de19
0000039bf2c39439
0000039bfcfcc439
0000039c62db2b59
0000039d4ba53eb9
0000039dc76cc639
0000039e02afd879
0000039e6c7803f9
0000039e79c85eb9
0000039e9b4de0b9
0000039ee440bd79
0000039efa390539
0000039fd64a30b9
000003a028aabf79
000003a04dd97339
000003a0641f6a59
000003a090d81c99
000003a0f57ab639
000003a109001999
00000742bfd00e61
0000000002378e71
0000000000000181
000003a19f257a79
000003a210f2d299
000003a238a1c7f9
000003a2bb0adcf9
000003a2e8848419
000003a2efaaa5d9
000003a352732759
000003a35ff98879
000003a392ee3259
000003a399bb2bf9
000003a3b3c67ef9
000003a3bfdf7eb9
000003a3d6ae0a39
000003a3fd6c7d99
000003a45c270519
000003a4631f4d19
000003a4c1503599
000003a4e2e7f139
000003a55c2dddd9
000003a5692f8f59
000003a58576c899
000003a58d497759
000003a62dd6bed9
000003a63c512639
000003a67d027db9
000003a688aa9c39
000003a68de042b9
000003a71afafed9
000003a7590058f9
000003a75ddae519
000003a78147d799
000003a7c63755b9
000003a7e60acfb9
000003a8457e5639
000003a8926c1bb9
000003a893892339
000003a8b0e160b9
000003a8c7adcdb9
000003a8ccb26d59
000003a8ed5a5399
000003a9d3924cb9
000003a9e8ca1159
000003aa07dcd619
000003aa1dd88719
000003aa58511479
000003aa95fc7a39
000003aa98cbc4b9
00000755603ab161
0000000002378e71
0000000000000181
000003aab04ad3d9
000003ab47a54619
000003ab77996dd9
000003aca51a1779
000003acdd4049b9
000003ace74c81d9
000003ad327df899
000003af2332d5d9
000003af8aaf2e59
000003b00c528139
000003b074fbaf99
000003b0a1fdacb9
000003b0f4bf10f9
000003b120bc2df9
000003b1588bb4d9
000003b16f87e8f9
000003b19c30e2d9
000003b20c850659
000003b21e291c39
000003b2553bfe39
000003b3215b9699
000003b35ee95c99
000003b39b815e59
000003b3f4ca5e39
0000076800a55361
0000000002378e71
0000000000000181
000003b4d31db2f9
000003b507c2c3b9
000003b51c731eb9
000003b5215d6df9
000003b55845a659
000003b5b93f4759
000003b5d7407299
000003b64364bd19
000003b6dae7fff9
000003b6ed277339
000003b75b49d879
000003b791c9ac39
000003b79b0e3ab9
000003b881272499
000003b89d7382b9
000003b8a714a839
000003b8ce40b279
000003b9501e66b9
000003b966f54899
000003b97665d919
000003b98ab9abd9
000003b9add02839
000003b9c1128239
000003bb1ba884d9
000003bb5c672e59
000003bb933b2b79
000003bbef942e19
000003bbffce6c39
000003bcb22bd739
000003bcb73e2279
000003bcca542bf9
000003bd1c4c9399
000003bd3e3bd819
000003bd4cb61e19
0000077aa10ff661
0000000002378e71
0000000000000181
000003bd915341d9
000003bdc1047a59
000003be06041af9
000003becc685079
000003bf7c622939
000003bf96b77ed9
000003c00ff32899
000003c0265e1339
000003c0335fe8b9
000003c042d5a039
000003c0501e3559
000003c0c4a601b9
000003c0f1bed7b9
000003c100181fb9
000003c15586df79
000003c1693f92f9
000003c22d770c19
000003c26c83a399
000003c2d02b3119
000003c2d02efdf9
000003c2d9076459
000003c2e3905f59
000003c2f2c1b379
000003c2feaf1339
000003c30b7482f9
000003c3121a0679
000003c35e0fb579
000003c3727c7619
000003c38dc5e919
000003c3bf44ab19
000003c3c44af759
000003c3e6e323f9
000003c42bce6939
000003c46a92e339
000003c49bc2b4f9
000003c4b1591af9
000003c519b51a39
000003c533851e39
000003c5914ef0f9
000003c5f55247f9
000003c6893ee0d9
0000078d417a9961
0000000002378e71
0000000000000181
000003c6bf2ee419
000003c6ecc754f9
000003c6ecc75bd9
000003c70c3fd719
000003c71da888d9
000003c824fc9bd9
000003c83d0fd8f9
000003c87cae7739
000003c91c1fd5f9
000003c9977f20d9
000003c9ad2d5619
000003c9d1048259
000003caccfcb019
000003cadb39e8f9
000003caec4c0259
000003cb85ffcf79
000003cbe2620879
000003cbf705bbd9
000003cc3a083399
000003cc3c6d4ab9
000003ccb9446259
000003cce2a46099
000003cd3176ef19
000003cd58908899
000003cd67313779
000003cd6f504a39
000003cd7d923639
000003cddd9a7a79
000003cde1ff7439
000003cdf93d9999
000003ce1d880bd9
000003ce5d65a559
000003cf174c0019
000003cfa79bcdf9
000003cfba056a79
000003cfea72d059
0000079fe1e53b61
0000000002378e71
0000000000000181
000003d007b329b9
000003d00faeed79
000003d02467d0d9
000003d0769d35b9
000003d088ed4579
000003d095546479
000003d0c258b0f9
000003d0c7a114b9
000003d0d37607d9
000003d0ebeb9559
000003d1983e2b19
000003d1af5e3db9
000003d1db680c19
000003d2c4efc8b9
000003d2c8c47b39
000003d2da1131b9
000003d2ebd00259
000003d2f74daff9
000003d2f99cd8d9
000003d31eff0659
000003d3ca425659
000003d3e8fcb419
000003d44749a499
000003d4a787f3d9
000003d5897acd39
000003d63d31d819
000003d6c518ffb9
000003d6dbee44b9
000003d6ee9ee5b9
000003d7703f0859
000003d7e69f1059
000003d80e8bb519
000003d9201138b9
000003d938808f79
000003d93968e3d9
000007b2824fde61
0000000002378e71
0000000000000181
000003d957bbfcb9
000003db1fb24959
000003db40c38199
000003dbc40f35d9
000003dc2fb376f9
000003dd02771fb9
000003dd038232d9
000003dd2caf6d39
000003dd7b99be99
000003dda2085b39
000003de5f15c1d9
000003de67065719
000003decff39199
000003df0b49aa39
000003df34fa4ed9
000003df5179f519
000003dfe4557539
000003dffd926919
000003e08fbe5899
000003e0ed79b479
000003e18f5c9ff9
000003e1b4345359
000003e1ec71dd99
000003e1fa2e8c39
000007c522ba8161
0000000002378e71
0000000000000181
000003e296773339
000003e2f0d28819
000003e33be39579
000003e371190319
000003e38815a3b9
000003e399a2df19
000003e3b360f579
000003e3cbe94b79
000003e3d0957f19
000003e4b5839299
000003e519666479
000003e552d68c59
000003e5aa5309f9
000003e5b05f9e19
000003e65ea7c7f9
000003e6f6a99379
000003e7acadb139
000003e7b031c8d9
000003e7ebd76a99
000003e8177248d9
000003e83e0c6bf9
000003e8a4f57c39
000003e8d4cf1599
000003e95cbeced9
000003e9ea0fd299
000003ea88fde4d9
000003eacaf34c19
000003ead97b0bb9
000003eb5bcc1c39
000003eb6c49e139
000003eb83b2e299
000007d7c3252361
0000000002378e71
0000000000000181
000003ec2791beb9
000003ec9872e559
000003ed11fcf3b9
000003ed19fd97d9
000003ed1f56b799
000003ed2ca7a059
000003ed894aa779
000003ee1e0c36b9
000003ee6e773619
000003eebd23bb59
000003eeedc8af99
000003ef322c6db9
000003ef78b83819
000003ef85c1f959
000003f02db198f9
000003f03b0cb039
000003f04d1420b9
000003f080ec07b9
000003f090e5f1b9
000003f0b08d5e39
000003f0d2987e19
000003f117ca1c99
000003f1256633b9
000003f199421af9
000003f30f7141b9
000003f3ca307959
000003f3da8b6619
000003f44dc2de99
000003f4666644b9
000003f47cf879f9
000007ea638fc661
0000000002378e71
0000000000000181
000003f56b5a6199
000003f5bdf019b9
000003f5e8c96c59
000003f5ecaf6119
000003f6777ac979
000003f7af7d4e79
000003f7c764f279
000003f80d2e0639
000003f835c388d9
000003f86e0cd219
000003f8a5b485d9
000003f8ae9dbd99
000003f8d45e7679
000003f8f3d36939
000003f91a0b04d9
000003f96e12a8b9
000003f9d475f619
000003fa7a0f3a59
000003fa9b12dbb9
000003fac4d418d9
000003fad9578899
000003fba416aeb9
000003fbb3905f99
000003fbf58c8379
000003fc03d005f9
000003fc0b9f6a99
000003fc341309b9
000003fc3c40d6f9
000003fcd9eac439
000003fced261519
000003fcfbb95cf9
000003fd8fe5a119
000003fdbd2ce9f9
000003fde4423419
000003fe3b4bdc99
000003fe61b2c339
000007fd03fa6961
0000000002378e71
0000000000000181
000003febf09de99
000003ff5a5e8b59
0000040001e3b559
0000040023edb139
0000040028aefc59
0000040117169519
0000040137e63dd9
00000401759f9479
00000401a1f51c79
00000402239e6859
0000040299b11cd9
000004029cc76f79
00000402ce8b6479
00000402ef90a299
00000403489ef699
00000403bc8455d9
00000403c6cc9ff9
0000040486fc8739
00000404e0b5a8d9
00000404fb643cd9
000004050232f6d9
00000405264a32b9
000004056a01ea59
000004056d303a99
00000405828f47d9
00000405a93066b9
00000405e31c1919
0000040664f3d099
0000040671a55df9
00000406f5b34f19
0000040754a20919
0000040778139cb9
0000040779913ab9
0000040785e4c559
00000407a2ee8bf9
00000407c54a61f9
00000407cac680f9
0000080fa4650c61
0000000002378e71
0000000000000181
000004088ce37939
000004089720c0f9
000004089ba46f99
00000408e2367cf9
00000408ec7a9b19
000004092870ecf9
0000040977fb4019
000004098d665b99
00000409a1778ef9
00000409f0e02779
0000040a00ce8779
0000040a35add699
0000040a8fb4cf19
0000040b0a1a6b19
0000040ba0cc6599
0000040bde42ad99
0000040c0208adb9
0000040c33d90339
0000040c3545ca59
0000040c52eb8c79
0000040c74837019
0000040cbf9718d9
0000040ceb39be59
0000040cf33d70f9
0000040d41d00159
0000040e078a6659
0000040e86ef0399
0000040f18f261d9
0000040f3e0cc879
0000040f6248d4f9
0000040fa378ebd9
0000040fc6c36f19
0000040ffd107059
0000041031c7bcf9
0000041091b891b9
000004109e29f979
00000410b4cc9959
0000082244cfaf61
0000000002378e71
0000000000000181
0000041128bd9df9
00000411cc11d5b9
00000412290ab5d9
000004122f332c79
00000412a35698d9
00000412a9c88299
00000412b2a0d779
00000412ea15e379
00000412edb6a679
00000412f4376c19
0000041354be1239
000004136085da99
00000413d24072b9
000004145846b819
00000414afcd80b9
00000414bd493f99
00000414fece28d9
0000041521fe4239
000004156af66559
00000415b7745a39
00000415bd8b7b79
000004168f6ae019
00000416dcf9c3f9
00000416f154ec99
000004170b006d19
00000417ec0449d9
0000041800013bb9
0000041844f8b639
000004190593bd39
0000041977245399
000004197f325619
000004199d595eb9
00000419a0bde719
00000419c75c5399
0000041a5258e299
0000041a62854e99
0000041a62856319
00000834e53a5261
0000000002378e71
0000000000000181
0000041ad6893ab9
0000041b490112b9
0000041b6543e7d9
0000041b66e60539
0000041b9a747379
0000041c1fee25b9
0000041c35fc8a59
0000041c4dd39359
0000041cb1fc6d99
0000041cbdd9f179
0000041cc38c5019
0000041ccd6eacd9
0000041cd6651979
0000041ce0b11c99
0000041ce67de5f9
0000041d99d29219
0000041dffb60819
0000041e6e3c8059
0000041f1db90159
0000042014cd9059
000004205cd4e759
000004206d378939
0000042075568379
000004207c97c959
000004208ce5e399
0000042092b64e39
00000421048dfe39
0000042144708e99
0000042167f50699
00000421b7ef5df9
00000421f18e2e79
000004220fa82019
000004222a4bf1f9
000004225a9f9e39
000004226a2bb999
00000422f0021fb9
000004230bbece39
00000423113191d9
00000423167be339
000004231ec24939
000004239de5d199
00000423a0792299
0000084785a4f461
0000000002378e71
0000000000000181
00000424640857f9
000004247d8db039
00000424b053bdf9
00000424f96e87b9
000004258e31ab99
00000425fff3a4d9
000004260771f299
0000042623ef2959
000004262649beb9
00000426c556d299
0000042700e96f99
0000042703e561d9
00000427533d6a39
000004284d99b759
000004286f97e599
000004293ae1aa59
00000429480f8919
00000429711c0b39
0000042a60593479
0000042a6e0c19f9
0000042ae6bb68b9
0000042af3452819
0000042af42eb2b9
0000042b3e72f679
0000042b777b10f9
0000042bc7362699
0000042bfbbec159
0000042c4add04b9
0000042c6f79eef9
0000042c9f484319
0000042cb743e479
0000042cdcadbfb9
0000042cfe494ab9
0000085a260f9761
0000000002378e71
0000000000000181
0000042d25f6d8d9
0000042dd1a86df9
0000042e1fb465d9
0000042e47efd579
0000042e500058f9
0000042e7edc0679
0000042ea84d0559
0000042eeb07bc99
0000042fc5c41899
00000430567ad559
0000043098612339
00000430c2278eb9
000004313585b339
00000431384750b9
000004314245ea59
00000431b0fa9199
00000431ec3fbd59
00000432e3f06899
00000432eb64c899
000004333cbf7239
00000433f7cbd379
000004346fb562b9
0000043475e0cff9
0000043479b7ee19
00000435142c8b99
000004352d967fd9
0000043534eb3db9
000004357b9f1559
000004363ace4619
000004364c381b79
000004364e4ecbd9
0000086cc67a3a61
0000000002378e71
0000000000000181
000004367a64a319
0000043690e4fd59
00000436ace41659
00000437720db9b9
0000043778ec6119
00000437cb8b41f9
0000043859f30919
00000438ce354759
000004392b14ba19
000004399b5c55d9
00000439f09e3b99
0000043a8cc859b9
0000043ac32668f9
0000043acb334f19
0000043ad1c5e9f9
0000043af4be5e39
0000043b30d6d7b9
0000043b451debb9
0000043b5c8185f9
0000043b63c48fb9
0000043b66582f39
0000043b83b69759
0000043c0518f9d9
0000043c05e50a79
0000043c13978359
0000043ca1107459
0000043ce0ca05f9
0000043cf7547859
0000043d1e309559
0000043d83dc5279
0000043df5dd3e79
0000043e2c9073b9
0000043e3d50f499
0000043e6585c779
0000043e6ca63d39
0000043e8167df19
0000043ecbde2599
0000043fa0bc8179
0000087f66e4dd61
0000000002378e71
0000000000000181
000004401afc3b39
00000440ab200df9
00000440c3223d39
00000440e7f7dc59
00000440f35a6859
000004414ea05d19
000004416d1eaef9
000004416d4b1499
00000441863c4959
000004419bc6ff19
00000441b39df7d9
0000044262389899
000004426cdc68f9
00000442977c97b9
00000442ae206139
00000442b3777699
000004430b316c39
000004438ba6bcd9
00000443dd9eefd9
0000044401dae2f9
000004440a5498b9
0000044453f64eb9
00000444ba613719
00000444cf25e179
00000444d7333af9
00000444ffaaba19
000004450b9d79f9
000004451020e239
000004457a632e79
00000445b4d06439
00000445f114c999
0000044666875e19
00000446bee3f5d9
00000446c28a7bd9
00000446e80a1719
000004470a6f0e39
00000447249669d9
000004479f3996f9
00000447c44bfef9
000004485fd1e659
0000044891bd84f9
000004489f5505d9
00000448bb60e2f9
00000892074f8061
0000000002378e71
0000000000000181
0000044940c523d9
0000044988e603f9
00000449ddb47119
0000044a42ea6859
0000044a73f8f5d9
0000044ac8451059
0000044b1c84d619
0000044b3573fc79
0000044b3a5eb9f9
0000044bdd1af099
0000044bef970439
0000044c67bf0419
0000044ca017aaf9
0000044cbcec8679
0000044cd80fb799
0000044cfed36519
0000044dba829399
0000044ddfb5bbf9
0000044dfe65f1d9
0000044e213aed59
0000044e587f7279
0000044ec4a69119
0000044f3fc3bd39
0000044fada4d619
00000450202c6cf9
000004502c8c3a39
0000045047ea7af9
000004505e58db99
00000450bcceff39
00000450c6dab619
00000450f04fa6d9
000004512da94cf9
00000451789b5139
0000045183fb2c79
0000045250610a99
000008a4a7ba2361
0000000002378e71
0000000000000181
0000045298670e79
00000452c6781e39
00000452e78ef439
00000452e99839f9
00000452fe891b99
00000453025e8d39
000004530583db79
0000045327550899
000004535a977639
000004548b2822d9
00000454efe6d479
00000454fea03179
00000455009d4fd9
0000045533227db9
00000455c6fa5039
0000045610574e39
00000456386d8df9
00000456474a4af9
000004564c52dbf9
000004565d016ad9
0000045669be4799
00000456afa76559
00000456b3b77f79
00000456c0447af9
00000456cc8a3ab9
0000045702e55239
0000045771085db9
00000457d9461439
00000458f2ea42b9
00000458fefd5e39
00000459ba1b9cf9
00000459f3e49099
0000045a462b03b9
0000045aaf797619
0000045b56af4699
0000045b9201e399
000008b74824c661
0000000002378e71
0000000000000181
0000045be4bf96f9
0000045c0d994e39
0000045cf9c2b8b9
0000045d867c8e59
0000045de19f09f9
0000045de63c2519
0000045dec86ff19
0000045e094ba379
0000045e15de5699
0000045f04c97e19
0000045f76a03c19
000008bf509b0861
0000000002378e71
0000000000000181
