[MCS8 A] 97 FW 3.104 SV 1.257 
range=1024
periods=2
sweepmode=27e20d0
fstchan=0
holdafter=0
streamstatus=3
calreg0=0
calreg1=0
calreg2=0
calreg3=0
swpreset=8000        
prena=1
syncout=0
cycles=18
sequences=1
tagbits=16
vdac0=92c
vdac1=807
vdac2=8c8
vdac3=8c8
vdac4=8c8
vdac5=8c8
vdac6=8c8
vdac7=8c8
timepreset=600.000     
digio=0
digval=0
autoinc=0 
savedata=2 
mpafmt=asc
sephead=0 
fmt=asc
smoothpts=5 
[CHN1]
REPORT-FILE from 06/23/2026 16:36:25.451  written 06/23/2026 16:36:25
cmline0=06/23/2026 16:36:25.451 
cmline1=A1
range=1024
active=1
bitshift=4
cftfak=2580100
evpreset=10          
roimin=0
roimax=1000
caloff=0.800000
calfact=12.800000
calfact2=0
calfact3=0
calunit=nsec
caluse=1 
[CHN2]
REPORT-FILE from  written 06/23/2026 16:36:25
cmline1=A2
range=1024
active=0
bitshift=4
cftfak=2580100
evpreset=10          
roimin=0
roimax=1000
caloff=0.800000
calfact=12.800000
calfact2=0
calfact3=0
calunit=nsec
caluse=1 
[CHN3]
REPORT-FILE from  written 06/23/2026 16:36:25
cmline1=A3
range=1024
active=0
bitshift=4
cftfak=2580100
evpreset=10          
roimin=0
roimax=1000
caloff=0.800000
calfact=12.800000
calfact2=0
calfact3=0
calunit=nsec
caluse=1 
[CHN4]
REPORT-FILE from  written 06/23/2026 16:36:25
cmline1=A4
range=1024
active=0
bitshift=4
cftfak=2580100
evpreset=10          
roimin=0
roimax=1000
caloff=0.800000
calfact=12.800000
calfact2=0
calfact3=0
calunit=nsec
caluse=1 
[CHN5]
REPORT-FILE from  written 06/23/2026 16:36:25
cmline1=A5
range=1024
active=0
bitshift=4
cftfak=2580100
evpreset=10          
roimin=0
roimax=1000
caloff=0.800000
calfact=12.800000
calfact2=0
calfact3=0
calunit=nsec
caluse=1 
[CHN6]
REPORT-FILE from  written 06/23/2026 16:36:25
cmline1=A6
range=1024
active=0
bitshift=4
cftfak=2580100
evpreset=10          
roimin=0
roimax=1000
caloff=0.800000
calfact=12.800000
calfact2=0
calfact3=0
calunit=nsec
caluse=1 
[CHN7]
REPORT-FILE from  written 06/23/2026 16:36:25
cmline1=A7
range=1024
active=0
bitshift=4
cftfak=2580100
evpreset=0           
roimin=0
roimax=1000
caloff=0.800000
calfact=12.800000
calfact2=0
calfact3=0
calunit=nsec
caluse=1 
[CHN8]
REPORT-FILE from  written 06/23/2026 16:36:25
cmline1=A8
range=1024
active=0
bitshift=4
cftfak=2580100
evpreset=0           
roimin=0
roimax=1000
caloff=0.800000
calfact=12.800000
calfact2=0
calfact3=0
calunit=nsec
caluse=1 
;MCS8 #97 Sversion=1.257 Fversion=3.68
time_patch=1
;datalength=8 bytes
;bit0..3: channel# 1..8 ( 4 bit)
;bit4: edge 0=up / 1=dn ( 1 bit)
;bit5 ..57: timedata    (53 bit), max sweep length 2001.6 h
;bit58..62: tag0..tag4  ( 5 bit)
;bit63:     data_lost   ( 1 bit)
[DATA]
0000000000000016
0000002156924e61
0000000001868e71
0000000000000181
00000033f6fd2261
0000000001868e71
0000000000000181
000000469767f661
0000000001868e71
0000000000000181
0000005937d2ca61
0000000001868e71
0000000000000181
0000006bd83d9e61
0000000001868e71
0000000000000181
0000007e78a87161
0000000001868e71
0000000000000181
0000009119134561
0000000001868e71
0000000000000181
000000a3b97e1961
0000000001868e71
0000000000000181
000000b659e8ed61
0000000001868e71
0000000000000181
000000c8fa53c061
0000000001868e71
0000000000000181
000000db9abe9461
0000000001868e71
0000000000000181
000000ee3b296761
0000000001868e71
0000000000000181
00000100db943b61
0000000001868e71
0000000000000181
000001137bff0e61
0000000001868e71
0000000000000181
000001261c69e261
0000000001868e71
0000000000000181
00000138bcd4b561
0000000001868e71
0000000000000181
0000014b5d3f8961
0000000001868e71
0000000000000181
0000015dfdaa5c61
0000000001868e71
0000000000000181
000001709e152f61
0000000001868e71
0000000000000181
000001833e800261
0000000001868e71
0000000000000181
00000195deead561
0000000001868e71
0000000000000181
000001a87f55a961
0000000001868e71
0000000000000181
000001bb1fc07c61
0000000001868e71
0000000000000181
000001cdc02b4f61
0000000001868e71
0000000000000181
000001e060962261
0000000001868e71
0000000000000181
000001f30100f461
0000000001868e71
0000000000000181
00000205a16bc761
0000000001868e71
0000000000000181
0000021841d69a61
0000000001868e71
0000000000000181
0000022ae2416d61
0000000001868e71
0000000000000181
0000023d82ac4061
0000000001868e71
0000000000000181
0000025023171261
0000000001868e71
0000000000000181
00000262c381e561
0000000001868e71
0000000000000181
0000027563ecb861
0000000001868e71
0000000000000181
0000028804578a61
0000000001868e71
0000000000000181
0000029aa4c25d61
0000000001868e71
0000000000000181
000002ad452d2f61
0000000001868e71
0000000000000181
000002bfe5980161
0000000001868e71
0000000000000181
000002d28602d461
0000000001868e71
0000000000000181
000002e5266da661
0000000001868e71
0000000000000181
000002f7c6d87861
0000000001868e71
0000000000000181
0000030a67434b61
0000000001868e71
0000000000000181
0000031d07ae1d61
0000000001868e71
0000000000000181
0000032fa818ef61
0000000001868e71
0000000000000181
000003424883c161
0000000001868e71
0000000000000181
00000354e8ee9361
0000000001868e71
0000000000000181
0000036789596561
0000000001868e71
0000000000000181
0000037a29c43761
0000000001868e71
0000000000000181
0000038cca2f0961
0000000001868e71
0000000000000181
0000039f6a99db61
0000000001868e71
0000000000000181
000003b20b04ad61
0000000001868e71
0000000000000181
000003c4ab6f7e61
0000000001868e71
0000000000000181
000003d74bda5061
0000000001868e71
0000000000000181
000003e9ec452261
0000000001868e71
0000000000000181
000003fc8caff461
0000000001868e71
0000000000000181
0000040f2d1ac561
0000000001868e71
0000000000000181
00000421cd859761
0000000001868e71
0000000000000181
000004346df06861
0000000001868e71
0000000000000181
000004470e5b3a61
0000000001868e71
0000000000000181
00000459aec60b61
0000000001868e71
0000000000000181
0000046c4f30dd61
0000000001868e71
0000000000000181
0000047eef9bae61
0000000001868e71
0000000000000181
0000049190068061
0000000001868e71
0000000000000181
000004a430715161
0000000001868e71
0000000000000181
000004b6d0dc2261
0000000001868e71
0000000000000181
000004c97146f361
0000000001868e71
0000000000000181
000004dc11b1c561
0000000001868e71
0000000000000181
000004eeb21c9661
0000000001868e71
0000000000000181
0000050152876761
0000000001868e71
0000000000000181
00000513f2f23861
0000000001868e71
0000000000000181
00000526935d0961
0000000001868e71
0000000000000181
0000053933c7da61
0000000001868e71
0000000000000181
0000054bd432ab61
0000000001868e71
0000000000000181
0000055e749d7c61
0000000001868e71
0000000000000181
0000057115084d61
0000000001868e71
0000000000000181
00000583b5731d61
0000000001868e71
0000000000000181
0000059655ddee61
0000000001868e71
0000000000000181
000005a8f648bf61
0000000001868e71
0000000000000181
000005bb96b39061
0000000001868e71
0000000000000181
000005ce371e6061
0000000001868e71
0000000000000181
000005e0d7893161
0000000001868e71
0000000000000181
000005f377f40261
0000000001868e71
0000000000000181
00000606185ed261
0000000001868e71
0000000000000181
00000618b8c9a361
0000000001868e71
0000000000000181
0000062b59347361
0000000001868e71
0000000000000181
0000063df99f4461
0000000001868e71
0000000000000181
000006509a0a1461
0000000001868e71
0000000000000181
000006633a74e561
0000000001868e71
0000000000000181
00000675dadfb561
0000000001868e71
0000000000000181
000006887b4a8561
0000000001868e71
0000000000000181
0000069b1bb55661
0000000001868e71
0000000000000181
000006adbc202661
0000000001868e71
0000000000000181
000006c05c8af661
0000000001868e71
0000000000000181
000006d2fcf5c761
0000000001868e71
0000000000000181
0000036d03938d39
000006e59d609761
0000000001868e71
0000000000000181
000006f83dcb6761
0000000001868e71
0000000000000181
0000070ade363761
0000000001868e71
0000000000000181
00000386dd595759
0000071d7ea10761
0000000001868e71
0000000000000181
000007301f0bd761
0000000001868e71
0000000000000181
00000742bf76a761
0000000001868e71
0000000000000181
000007555fe17761
0000000001868e71
0000000000000181
00000768004c4761
0000000001868e71
0000000000000181
0000077aa0b71761
0000000001868e71
0000000000000181
0000078d4121e761
0000000001868e71
0000000000000181
0000079fe18cb761
0000000001868e71
0000000000000181
000007b281f78761
0000000001868e71
0000000000000181
000007c522625661
0000000001868e71
0000000000000181
000007d7c2cd2661
0000000001868e71
0000000000000181
000007ea6337f661
0000000001868e71
0000000000000181
000007fd03a2c561
0000000001868e71
0000000000000181
0000080fa40d9561
0000000001868e71
0000000000000181
0000082244786561
0000000001868e71
0000000000000181
00000834e4e33461
0000000001868e71
0000000000000181
00000847854e0461
0000000001868e71
0000000000000181
0000085a25b8d361
0000000001868e71
0000000000000181
0000086cc623a261
0000000001868e71
0000000000000181
0000087f668e7261
0000000001868e71
0000000000000181
0000089206f94161
0000000001868e71
0000000000000181
000008a4a7641061
0000000001868e71
0000000000000181
000008b747cedf61
0000000001868e71
0000000000000181
000008c9e839af61
0000000001868e71
0000000000000181
000008dc88a47e61
0000000001868e71
0000000000000181
000008ef290f4d61
0000000001868e71
0000000000000181
00000901c97a1c61
0000000001868e71
0000000000000181
0000091469e4eb61
0000000001868e71
0000000000000181
000009270a4fba61
0000000001868e71
0000000000000181
00000939aaba8961
0000000001868e71
0000000000000181
0000094c4b255761
0000000001868e71
0000000000000181
0000095eeb902661
0000000001868e71
0000000000000181
000009718bfaf561
0000000001868e71
0000000000000181
000009842c65c461
0000000001868e71
0000000000000181
00000996ccd09261
0000000001868e71
0000000000000181
000009a96d3b6161
0000000001868e71
0000000000000181
000009bc0da63061
0000000001868e71
0000000000000181
000009ceae10fe61
0000000001868e71
0000000000000181
000009e14e7bcd61
0000000001868e71
0000000000000181
000009f3eee69b61
0000000001868e71
0000000000000181
00000a068f516a61
0000000001868e71
0000000000000181
00000a192fbc3861
0000000001868e71
0000000000000181
00000a2bd0270761
0000000001868e71
0000000000000181
00000a3e7091d561
0000000001868e71
0000000000000181
00000a5110fca361
0000000001868e71
0000000000000181
00000a63b1677261
0000000001868e71
0000000000000181
00000a7651d24061
0000000001868e71
0000000000000181
00000a88f23d0e61
0000000001868e71
0000000000000181
00000a9b92a7dc61
0000000001868e71
0000000000000181
00000aae3312aa61
0000000001868e71
0000000000000181
00000ac0d37d7861
0000000001868e71
0000000000000181
00000ad373e84661
0000000001868e71
0000000000000181
00000ae614531461
0000000001868e71
0000000000000181
00000af8b4bde261
0000000001868e71
0000000000000181
00000b0b5528b061
0000000001868e71
0000000000000181
00000b1df5937e61
0000000001868e71
0000000000000181
00000b3095fe4c61
0000000001868e71
0000000000000181
00000b4336691961
0000000001868e71
0000000000000181
00000b55d6d3e761
0000000001868e71
0000000000000181
00000b68773eb561
0000000001868e71
0000000000000181
00000b7b17a98261
0000000001868e71
0000000000000181
00000b8db8145061
0000000001868e71
0000000000000181
00000ba0587f1e61
0000000001868e71
0000000000000181
00000bb2f8e9eb61
0000000001868e71
0000000000000181
00000bc59954b861
0000000001868e71
0000000000000181
00000bd839bf8661
0000000001868e71
0000000000000181
00000beada2a5361
0000000001868e71
0000000000000181
00000bfd7a952161
0000000001868e71
0000000000000181
00000c101affee61
0000000001868e71
0000000000000181
00000c22bb6abb61
0000000001868e71
0000000000000181
00000c355bd58861
0000000001868e71
0000000000000181
00000c47fc405661
0000000001868e71
0000000000000181
00000c5a9cab2361
0000000001868e71
0000000000000181
00000c6d3d15f061
0000000001868e71
0000000000000181
00000c7fdd80bd61
0000000001868e71
0000000000000181
00000c927deb8a61
0000000001868e71
0000000000000181
00000ca51e565661
0000000001868e71
0000000000000181
00000cb7bec12361
0000000001868e71
0000000000000181
00000cca5f2bf061
0000000001868e71
0000000000000181
00000cdcff96bd61
0000000001868e71
0000000000000181
00000cefa0018961
0000000001868e71
0000000000000181
00000d02406c5661
0000000001868e71
0000000000000181
00000d14e0d72361
0000000001868e71
0000000000000181
00000d278141ef61
0000000001868e71
0000000000000181
00000d3a21acbc61
0000000001868e71
0000000000000181
00000d4cc2178861
0000000001868e71
0000000000000181
00000d5f62825561
0000000001868e71
0000000000000181
00000d7202ed2161
0000000001868e71
0000000000000181
00000d84a357ed61
0000000001868e71
0000000000000181
00000d9743c2ba61
0000000001868e71
0000000000000181
00000da9e42d8661
0000000001868e71
0000000000000181
00000dbc84985261
0000000001868e71
0000000000000181
00000dcf25031e61
0000000001868e71
0000000000000181
00000de1c56deb61
0000000001868e71
0000000000000181
00000df465d8b761
0000000001868e71
0000000000000181
00000e0706438361
0000000001868e71
0000000000000181
00000e19a6ae4f61
0000000001868e71
0000000000000181
00000e2c47191b61
0000000001868e71
0000000000000181
00000e3ee783e761
0000000001868e71
0000000000000181
00000e5187eeb361
0000000001868e71
0000000000000181
00000e6428597f61
0000000001868e71
0000000000000181
00000e76c8c44a61
0000000001868e71
0000000000000181
00000e89692f1661
0000000001868e71
0000000000000181
00000e9c0999e261
0000000001868e71
0000000000000181
00000757447cf079
00000eaeaa04ae61
0000000001868e71
0000000000000181
00000ec14a6f7961
0000000001868e71
0000000000000181
00000ed3eada4561
0000000001868e71
0000000000000181
00000ee68b451161
0000000001868e71
0000000000000181
00000ef92bafdc61
0000000001868e71
0000000000000181
00000f0bcc1aa861
0000000001868e71
0000000000000181
00000f1e6c857361
0000000001868e71
0000000000000181
00000f310cf03f61
0000000001868e71
0000000000000181
00000f43ad5b0a61
0000000001868e71
0000000000000181
00000f564dc5d661
0000000001868e71
0000000000000181
00000f68ee30a161
0000000001868e71
0000000000000181
00000f7b8e9b6c61
0000000001868e71
0000000000000181
00000f8e2f063861
0000000001868e71
0000000000000181
00000fa0cf710361
0000000001868e71
0000000000000181
00000fb36fdbce61
0000000001868e71
0000000000000181
00000fc610469961
0000000001868e71
0000000000000181
00000fd8b0b16461
0000000001868e71
0000000000000181
00000feb511c2f61
0000000001868e71
0000000000000181
00000ffdf186fa61
0000000001868e71
0000000000000181
0000101091f1c561
0000000001868e71
0000000000000181
00001023325c9061
0000000001868e71
0000000000000181
00001035d2c75b61
0000000001868e71
0000000000000181
0000104873322661
0000000001868e71
0000000000000181
0000105b139cf161
0000000001868e71
0000000000000181
0000106db407bb61
0000000001868e71
0000000000000181
0000108054728661
0000000001868e71
0000000000000181
00001092f4dd5161
0000000001868e71
0000000000000181
000010a595481b61
0000000001868e71
0000000000000181
000010b835b2e661
0000000001868e71
0000000000000181
000010cad61db161
0000000001868e71
0000000000000181
000010dd76887b61
0000000001868e71
0000000000000181
000010f016f34661
0000000001868e71
0000000000000181
00001102b75e1061
0000000001868e71
0000000000000181
0000111557c8db61
0000000001868e71
0000000000000181
00001127f833a561
0000000001868e71
0000000000000181
0000113a989e6f61
0000000001868e71
0000000000000181
0000114d39093a61
0000000001868e71
0000000000000181
0000115fd9740461
0000000001868e71
0000000000000181
0000117279dece61
0000000001868e71
0000000000000181
000011851a499861
0000000001868e71
0000000000000181
00001197bab46261
0000000001868e71
0000000000000181
000011aa5b1f2c61
0000000001868e71
0000000000000181
000011bcfb89f661
0000000001868e71
0000000000000181
000011cf9bf4c061
0000000001868e71
0000000000000181
000011e23c5f8a61
0000000001868e71
0000000000000181
000011f4dcca5461
0000000001868e71
0000000000000181
000012077d351e61
0000000001868e71
0000000000000181
0000121a1d9fe861
0000000001868e71
0000000000000181
0000122cbe0ab161
0000000001868e71
0000000000000181
0000123f5e757b61
0000000001868e71
0000000000000181
00001251fee04561
0000000001868e71
0000000000000181
000012649f4b0e61
0000000001868e71
0000000000000181
000012773fb5d861
0000000001868e71
0000000000000181
00001289e020a161
0000000001868e71
0000000000000181
0000129c808b6b61
0000000001868e71
0000000000000181
000012af20f63461
0000000001868e71
0000000000000181
000012c1c160fe61
0000000001868e71
0000000000000181
000012d461cbc761
0000000001868e71
0000000000000181
000012e702369061
0000000001868e71
0000000000000181
000012f9a2a15a61
0000000001868e71
0000000000000181
0000130c430c2361
0000000001868e71
0000000000000181
0000131ee376ec61
0000000001868e71
0000000000000181
0000133183e1b561
0000000001868e71
0000000000000181
00001344244c7e61
0000000001868e71
0000000000000181
00001356c4b74761
0000000001868e71
0000000000000181
0000136965221061
0000000001868e71
0000000000000181
0000137c058cd961
0000000001868e71
0000000000000181
0000138ea5f7a261
0000000001868e71
0000000000000181
000013a146626b61
0000000001868e71
0000000000000181
000013b3e6cd3461
0000000001868e71
0000000000000181
000013c68737fd61
0000000001868e71
0000000000000181
000013d927a2c561
0000000001868e71
0000000000000181
000013ebc80d8e61
0000000001868e71
0000000000000181
000013fe68785761
0000000001868e71
0000000000000181
0000141108e32061
0000000001868e71
0000000000000181
00001423a94de861
0000000001868e71
0000000000000181
0000143649b8b161
0000000001868e71
0000000000000181
00001448ea237961
0000000001868e71
0000000000000181
0000145b8a8e4261
0000000001868e71
0000000000000181
0000146e2af90a61
0000000001868e71
0000000000000181
00001480cb63d361
0000000001868e71
0000000000000181
000014936bce9b61
0000000001868e71
0000000000000181
000014a60c396361
0000000001868e71
0000000000000181
000014b8aca42b61
0000000001868e71
0000000000000181
000014cb4d0ef461
0000000001868e71
0000000000000181
000014dded79bc61
0000000001868e71
0000000000000181
000014f08de48461
0000000001868e71
0000000000000181
000015032e4f4c61
0000000001868e71
0000000000000181
00001515ceba1461
0000000001868e71
0000000000000181
000015286f24dc61
0000000001868e71
0000000000000181
0000153b0f8fa461
0000000001868e71
0000000000000181
0000154daffa6c61
0000000001868e71
0000000000000181
0000156050653461
0000000001868e71
0000000000000181
00001572f0cffc61
0000000001868e71
0000000000000181
00001585913ac461
0000000001868e71
0000000000000181
0000159831a58b61
0000000001868e71
0000000000000181
000015aad2105361
0000000001868e71
0000000000000181
000015bd727b1b61
0000000001868e71
0000000000000181
000015d012e5e261
0000000001868e71
0000000000000181
000015e2b350aa61
0000000001868e71
0000000000000181
000015f553bb7261
0000000001868e71
0000000000000181
00001607f4263961
0000000001868e71
0000000000000181
0000161a94910161
0000000001868e71
0000000000000181
0000162d34fbc861
0000000001868e71
0000000000000181
0000163fd5668f61
0000000001868e71
0000000000000181
0000165275d15761
0000000001868e71
0000000000000181
00001665163c1e61
0000000001868e71
0000000000000181
00001677b6a6e561
0000000001868e71
0000000000000181
0000168a5711ad61
0000000001868e71
0000000000000181
0000169cf77c7461
0000000001868e71
0000000000000181
000016af97e73b61
0000000001868e71
0000000000000181
000016c238520261
0000000001868e71
0000000000000181
000016d4d8bcca61
0000000001868e71
0000000000000181
000016e779279161
0000000001868e71
0000000000000181
000016fa19925861
0000000001868e71
0000000000000181
0000170cb9fd1f61
0000000001868e71
0000000000000181
0000171f5a67e661
0000000001868e71
0000000000000181
00001731fad2ad61
0000000001868e71
0000000000000181
000017449b3d7461
0000000001868e71
0000000000000181
000017573ba83b61
0000000001868e71
0000000000000181
00001769dc130161
0000000001868e71
0000000000000181
0000177c7c7dc861
0000000001868e71
0000000000000181
0000178f1ce88f61
0000000001868e71
0000000000000181
000017a1bd535661
0000000001868e71
0000000000000181
000017b45dbe1d61
0000000001868e71
0000000000000181
000017c6fe28e361
0000000001868e71
0000000000000181
000017d99e93aa61
0000000001868e71
0000000000000181
000017ec3efe7161
0000000001868e71
0000000000000181
000017fedf693761
0000000001868e71
0000000000000181
000018117fd3fe61
0000000001868e71
0000000000000181
00001824203ec561
0000000001868e71
0000000000000181
00001836c0a98b61
0000000001868e71
0000000000000181
0000184961145261
0000000001868e71
0000000000000181
0000185c017f1861
0000000001868e71
0000000000000181
0000186ea1e9df61
0000000001868e71
0000000000000181
000018814254a561
0000000001868e71
0000000000000181
00001893e2bf6b61
0000000001868e71
0000000000000181
000018a6832a3261
0000000001868e71
0000000000000181
000018b92394f861
0000000001868e71
0000000000000181
000018cbc3ffbe61
0000000001868e71
0000000000000181
000018de646a8561
0000000001868e71
0000000000000181
000018f104d54b61
0000000001868e71
0000000000000181
00001903a5401161
0000000001868e71
0000000000000181
0000191645aad761
0000000001868e71
0000000000000181
00001928e6159d61
0000000001868e71
0000000000000181
0000193b86806361
0000000001868e71
0000000000000181
0000194e26eb2961
0000000001868e71
0000000000000181
00001960c755ef61
0000000001868e71
0000000000000181
0000197367c0b561
0000000001868e71
0000000000000181
00001986082b7b61
0000000001868e71
0000000000000181
00001998a8964161
0000000001868e71
0000000000000181
000019ab49010761
0000000001868e71
0000000000000181
000019bde96bcd61
0000000001868e71
0000000000000181
000019d089d69361
0000000001868e71
0000000000000181
000019e32a415961
0000000001868e71
0000000000000181
000019f5caac1e61
0000000001868e71
0000000000000181
00001a086b16e461
0000000001868e71
0000000000000181
00001a1b0b81aa61
0000000001868e71
0000000000000181
00001a2dabec6f61
0000000001868e71
0000000000000181
00001a404c573561
0000000001868e71
0000000000000181
00001a52ecc1fb61
0000000001868e71
0000000000000181
00001a658d2cc061
0000000001868e71
0000000000000181
00001a782d978661
0000000001868e71
0000000000000181
00001a8ace024b61
0000000001868e71
0000000000000181
00001a9d6e6d1061
0000000001868e71
0000000000000181
00001ab00ed7d661
0000000001868e71
0000000000000181
00001ac2af429b61
0000000001868e71
0000000000000181
00001ad54fad6061
0000000001868e71
0000000000000181
00001ae7f0182561
0000000001868e71
0000000000000181
00001afa9082ea61
0000000001868e71
0000000000000181
00001b0d30edb061
0000000001868e71
0000000000000181
00001b1fd1587561
0000000001868e71
0000000000000181
00001b3271c33a61
0000000001868e71
0000000000000181
00001b45122dff61
0000000001868e71
0000000000000181
00001b57b298c461
0000000001868e71
0000000000000181
00001b6a53038961
0000000001868e71
0000000000000181
00001b7cf36e4e61
0000000001868e71
0000000000000181
00001b8f93d91361
0000000001868e71
0000000000000181
00001ba23443d761
0000000001868e71
0000000000000181
00001bb4d4ae9c61
0000000001868e71
0000000000000181
00001bc775196161
0000000001868e71
0000000000000181
00001bda15842661
0000000001868e71
0000000000000181
00001becb5eeea61
0000000001868e71
0000000000000181
00001bff5659af61
0000000001868e71
0000000000000181
00001c11f6c47461
0000000001868e71
0000000000000181
00001c24972f3861
0000000001868e71
0000000000000181
00001c373799fd61
0000000001868e71
0000000000000181
00001c49d804c161
0000000001868e71
0000000000000181
00001c5c786f8661
0000000001868e71
0000000000000181
00001c6f18da4a61
0000000001868e71
0000000000000181
00001c81b9450f61
0000000001868e71
0000000000000181
00001c9459afd361
0000000001868e71
0000000000000181
00001ca6fa1a9761
0000000001868e71
0000000000000181
00001cb99a855b61
0000000001868e71
0000000000000181
00001ccc3af02061
0000000001868e71
0000000000000181
00001cdedb5ae461
0000000001868e71
0000000000000181
00001cf17bc5a861
0000000001868e71
0000000000000181
00001d041c306c61
0000000001868e71
0000000000000181
00001d16bc9b3061
0000000001868e71
0000000000000181
00001d295d05f461
0000000001868e71
0000000000000181
00001d3bfd70b861
0000000001868e71
0000000000000181
00001d4e9ddb7c61
0000000001868e71
0000000000000181
00001d613e464061
0000000001868e71
0000000000000181
00001d73deb10461
0000000001868e71
0000000000000181
00001d867f1bc761
0000000001868e71
0000000000000181
00001d991f868b61
0000000001868e71
0000000000000181
00001dabbff14f61
0000000001868e71
0000000000000181
00001dbe605c1361
0000000001868e71
0000000000000181
00001dd100c6d661
0000000001868e71
0000000000000181
00001de3a1319a61
0000000001868e71
0000000000000181
00000ef4d83885d9
00001df6419c5e61
0000000001868e71
0000000000000181
00001e08e2072161
0000000001868e71
0000000000000181
00001e1b8271e561
0000000001868e71
0000000000000181
00001e2e22dca861
0000000001868e71
0000000000000181
00001e40c3476c61
0000000001868e71
0000000000000181
00001e5363b22f61
0000000001868e71
0000000000000181
00001e66041cf261
0000000001868e71
0000000000000181
00001e78a487b661
0000000001868e71
0000000000000181
00001e8b44f27961
0000000001868e71
0000000000000181
00001e9de55d3c61
0000000001868e71
0000000000000181
00001eb085c80061
0000000001868e71
0000000000000181
00001ec32632c361
0000000001868e71
0000000000000181
00001ed5c69d8661
0000000001868e71
0000000000000181
00001ee867084961
0000000001868e71
0000000000000181
00001efb07730c61
0000000001868e71
0000000000000181
00001f0da7ddcf61
0000000001868e71
0000000000000181
00001f2048489261
0000000001868e71
0000000000000181
00001f32e8b35561
0000000001868e71
0000000000000181
00001f45891e1861
0000000001868e71
0000000000000181
00001f582988db61
0000000001868e71
0000000000000181
00001f6ac9f39d61
0000000001868e71
0000000000000181
00001f7d6a5e6061
0000000001868e71
0000000000000181
00001f900ac92361
0000000001868e71
0000000000000181
00001fa2ab33e561
0000000001868e71
0000000000000181
00001fb54b9ea861
0000000001868e71
0000000000000181
00001fc7ec096a61
0000000001868e71
0000000000000181
00001fda8c742d61
0000000001868e71
0000000000000181
00001fed2cdeef61
0000000001868e71
0000000000000181
00001fffcd49b261
0000000001868e71
0000000000000181
000020126db47461
0000000001868e71
0000000000000181
000020250e1f3761
0000000001868e71
0000000000000181
00002037ae89f961
0000000001868e71
0000000000000181
0000204a4ef4bb61
0000000001868e71
0000000000000181
0000205cef5f7d61
0000000001868e71
0000000000000181
0000206f8fca3f61
0000000001868e71
0000000000000181
0000208230350261
0000000001868e71
0000000000000181
00001042f291d079
00002094d09fc461
0000000001868e71
0000000000000181
000020a7710a8661
0000000001868e71
0000000000000181
000020ba11754861
0000000001868e71
0000000000000181
000020ccb1e00a61
0000000001868e71
0000000000000181
000020df524acb61
0000000001868e71
0000000000000181
000020f1f2b58d61
0000000001868e71
0000000000000181
0000210493204f61
0000000001868e71
0000000000000181
00002117338b1161
0000000001868e71
0000000000000181
00002129d3f5d361
0000000001868e71
0000000000000181
0000213c74609461
0000000001868e71
0000000000000181
0000214f14cb5661
0000000001868e71
0000000000000181
00002161b5361861
0000000001868e71
0000000000000181
0000217455a0d961
0000000001868e71
0000000000000181
00002186f60b9b61
0000000001868e71
0000000000000181
0000219996765c61
0000000001868e71
0000000000000181
000021ac36e11e61
0000000001868e71
0000000000000181
000021bed74bdf61
0000000001868e71
0000000000000181
000021d177b6a061
0000000001868e71
0000000000000181
000021e418216261
0000000001868e71
0000000000000181
000021f6b88c2361
0000000001868e71
0000000000000181
0000220958f6e461
0000000001868e71
0000000000000181
0000221bf961a561
0000000001868e71
0000000000000181
0000222e99cc6661
0000000001868e71
0000000000000181
000022413a372861
0000000001868e71
0000000000000181
00002253daa1e861
0000000001868e71
0000000000000181
000022667b0ca961
0000000001868e71
0000000000000181
000022791b776a61
0000000001868e71
0000000000000181
0000228bbbe22b61
0000000001868e71
0000000000000181
0000229e5c4cec61
0000000001868e71
0000000000000181
000022b0fcb7ad61
0000000001868e71
0000000000000181
000022c39d226e61
0000000001868e71
0000000000000181
000022d63d8d2f61
0000000001868e71
0000000000000181
000022e8ddf7ef61
0000000001868e71
0000000000000181
000022fb7e62b061
0000000001868e71
0000000000000181
0000230e1ecd7161
0000000001868e71
0000000000000181
00002320bf383161
0000000001868e71
0000000000000181
000023335fa2f261
0000000001868e71
0000000000000181
00002346000db261
0000000001868e71
0000000000000181
00002358a0787361
0000000001868e71
0000000000000181
0000236b40e33361
0000000001868e71
0000000000000181
0000237de14df461
0000000001868e71
0000000000000181
0000239081b8b461
0000000001868e71
0000000000000181
000023a322237461
0000000001868e71
0000000000000181
000023b5c28e3561
0000000001868e71
0000000000000181
000023c862f8f561
0000000001868e71
0000000000000181
000023db0363b561
0000000001868e71
0000000000000181
000023eda3ce7561
0000000001868e71
0000000000000181
0000240044393561
0000000001868e71
0000000000000181
00002412e4a3f661
0000000001868e71
0000000000000181
00002425850eb661
0000000001868e71
0000000000000181
0000243825797661
0000000001868e71
0000000000000181
0000244ac5e43661
0000000001868e71
0000000000000181
0000245d664ef661
0000000001868e71
0000000000000181
0000247006b9b661
0000000001868e71
0000000000000181
00002482a7247661
0000000001868e71
0000000000000181
00002495478f3561
0000000001868e71
0000000000000181
000024a7e7f9f561
0000000001868e71
0000000000000181
000024ba8864b561
0000000001868e71
0000000000000181
000024cd28cf7561
0000000001868e71
0000000000000181
000024dfc93a3561
0000000001868e71
0000000000000181
000024f269a4f461
0000000001868e71
0000000000000181
000025050a0fb461
0000000001868e71
0000000000000181
00002517aa7a7461
0000000001868e71
0000000000000181
0000252a4ae53361
0000000001868e71
0000000000000181
0000253ceb4ff361
0000000001868e71
0000000000000181
0000254f8bbab361
0000000001868e71
0000000000000181
000025622c257261
0000000001868e71
0000000000000181
00002574cc903261
0000000001868e71
0000000000000181
000025876cfaf161
0000000001868e71
0000000000000181
0000259a0d65b161
0000000001868e71
0000000000000181
000025acadd07061
0000000001868e71
0000000000000181
000025bf4e3b2f61
0000000001868e71
0000000000000181
000025d1eea5ef61
0000000001868e71
0000000000000181
000012eef10ca799
000025e48f10ae61
0000000001868e71
0000000000000181
000025f72f7b6d61
0000000001868e71
0000000000000181
00002609cfe62c61
0000000001868e71
0000000000000181
0000261c7050eb61
0000000001868e71
0000000000000181
0000262f10bbaa61
0000000001868e71
0000000000000181
00002641b1266961
0000000001868e71
0000000000000181
0000265451912861
0000000001868e71
0000000000000181
00002666f1fbe761
0000000001868e71
0000000000000181
000026799266a661
0000000001868e71
0000000000000181
0000268c32d16561
0000000001868e71
0000000000000181
0000269ed33c2461
0000000001868e71
0000000000000181
000026b173a6e361
0000000001868e71
0000000000000181
000026c41411a261
0000000001868e71
0000000000000181
000026d6b47c6061
0000000001868e71
0000000000000181
000026e954e71f61
0000000001868e71
0000000000000181
000026fbf551de61
0000000001868e71
0000000000000181
0000270e95bc9d61
0000000001868e71
0000000000000181
0000272136275b61
0000000001868e71
0000000000000181
00002733d6921a61
0000000001868e71
0000000000000181
0000274676fcd861
0000000001868e71
0000000000000181
0000275917679761
0000000001868e71
0000000000000181
0000276bb7d25561
0000000001868e71
0000000000000181
0000277e583d1461
0000000001868e71
0000000000000181
00002790f8a7d261
0000000001868e71
0000000000000181
000013ca411dc159
000027a399129161
0000000001868e71
0000000000000181
000027b6397d4f61
0000000001868e71
0000000000000181
000027c8d9e80d61
0000000001868e71
0000000000000181
000027db7a52cb61
0000000001868e71
0000000000000181
000027ee1abd8a61
0000000001868e71
0000000000000181
00002800bb284861
0000000001868e71
0000000000000181
000028135b930661
0000000001868e71
0000000000000181
00002825fbfdc461
0000000001868e71
0000000000000181
000028389c688261
0000000001868e71
0000000000000181
0000284b3cd34061
0000000001868e71
0000000000000181
0000285ddd3dfe61
0000000001868e71
0000000000000181
000028707da8bc61
0000000001868e71
0000000000000181
000028831e137a61
0000000001868e71
0000000000000181
00002895be7e3861
0000000001868e71
0000000000000181
000028a85ee8f661
0000000001868e71
0000000000000181
000028baff53b461
0000000001868e71
0000000000000181
000028cd9fbe7261
0000000001868e71
0000000000000181
000028e040292f61
0000000001868e71
0000000000000181
000028f2e093ed61
0000000001868e71
0000000000000181
0000290580feaa61
0000000001868e71
0000000000000181
0000291821696861
0000000001868e71
0000000000000181
0000292ac1d42561
0000000001868e71
0000000000000181
0000293d623ee361
0000000001868e71
0000000000000181
0000295002a9a061
0000000001868e71
0000000000000181
00002962a3145e61
0000000001868e71
0000000000000181
00002975437f1b61
0000000001868e71
0000000000000181
00002987e3e9d861
0000000001868e71
0000000000000181
0000299a84549661
0000000001868e71
0000000000000181
000029ad24bf5361
0000000001868e71
0000000000000181
000029bfc52a1061
0000000001868e71
0000000000000181
000029d26594cd61
0000000001868e71
0000000000000181
000029e505ff8b61
0000000001868e71
0000000000000181
000029f7a66a4861
0000000001868e71
0000000000000181
00002a0a46d50561
0000000001868e71
0000000000000181
00002a1ce73fc261
0000000001868e71
0000000000000181
00002a2f87aa7f61
0000000001868e71
0000000000000181
00002a4228153c61
0000000001868e71
0000000000000181
00002a54c87ff961
0000000001868e71
0000000000000181
00002a6768eab661
0000000001868e71
0000000000000181
00002a7a09557361
0000000001868e71
0000000000000181
00002a8ca9c03061
0000000001868e71
0000000000000181
00002a9f4a2aed61
0000000001868e71
0000000000000181
00002ab1ea95a961
0000000001868e71
0000000000000181
00002ac48b006661
0000000001868e71
0000000000000181
00002ad72b6b2361
0000000001868e71
0000000000000181
00002ae9cbd5df61
0000000001868e71
0000000000000181
00002afc6c409c61
0000000001868e71
0000000000000181
00002b0f0cab5861
0000000001868e71
0000000000000181
00002b21ad161561
0000000001868e71
0000000000000181
00002b344d80d161
0000000001868e71
0000000000000181
00002b46edeb8e61
0000000001868e71
0000000000000181
00002b598e564a61
0000000001868e71
0000000000000181
00002b6c2ec10761
0000000001868e71
0000000000000181
00002b7ecf2bc361
0000000001868e71
0000000000000181
00002b916f967f61
0000000001868e71
0000000000000181
00002ba410013b61
0000000001868e71
0000000000000181
00002ba93cb2b461
0000000001868e71
0000000000000181
