[MCS8 A] 97 FW 3.104 SV 1.257 
range=1024
periods=2
sweepmode=27e20d0
fstchan=0
holdafter=0
streamstatus=3
calreg0=0
calreg1=0
calreg2=0
calreg3=0
swpreset=8000        
prena=1
syncout=0
cycles=18
sequences=1
tagbits=16
vdac0=92c
vdac1=807
vdac2=8c8
vdac3=8c8
vdac4=8c8
vdac5=8c8
vdac6=8c8
vdac7=8c8
timepreset=480.000     
digio=0
digval=0
autoinc=0 
savedata=2 
mpafmt=asc
sephead=0 
fmt=asc
smoothpts=5 
[CHN1]
REPORT-FILE from 06/29/2026 16:00:57.248  written 06/29/2026 16:00:57
cmline0=06/29/2026 16:00:57.248 
cmline1=A1
range=1024
active=1
bitshift=4
cftfak=2580100
evpreset=10          
roimin=0
roimax=1000
caloff=0.800000
calfact=12.800000
calfact2=0
calfact3=0
calunit=nsec
caluse=1 
[CHN2]
REPORT-FILE from  written 06/29/2026 16:00:57
cmline1=A2
range=1024
active=0
bitshift=4
cftfak=2580100
evpreset=10          
roimin=0
roimax=1000
caloff=0.800000
calfact=12.800000
calfact2=0
calfact3=0
calunit=nsec
caluse=1 
[CHN3]
REPORT-FILE from  written 06/29/2026 16:00:57
cmline1=A3
range=1024
active=0
bitshift=4
cftfak=2580100
evpreset=10          
roimin=0
roimax=1000
caloff=0.800000
calfact=12.800000
calfact2=0
calfact3=0
calunit=nsec
caluse=1 
[CHN4]
REPORT-FILE from  written 06/29/2026 16:00:57
cmline1=A4
range=1024
active=0
bitshift=4
cftfak=2580100
evpreset=10          
roimin=0
roimax=1000
caloff=0.800000
calfact=12.800000
calfact2=0
calfact3=0
calunit=nsec
caluse=1 
[CHN5]
REPORT-FILE from  written 06/29/2026 16:00:57
cmline1=A5
range=1024
active=0
bitshift=4
cftfak=2580100
evpreset=10          
roimin=0
roimax=1000
caloff=0.800000
calfact=12.800000
calfact2=0
calfact3=0
calunit=nsec
caluse=1 
[CHN6]
REPORT-FILE from  written 06/29/2026 16:00:57
cmline1=A6
range=1024
active=0
bitshift=4
cftfak=2580100
evpreset=10          
roimin=0
roimax=1000
caloff=0.800000
calfact=12.800000
calfact2=0
calfact3=0
calunit=nsec
caluse=1 
[CHN7]
REPORT-FILE from  written 06/29/2026 16:00:57
cmline1=A7
range=1024
active=0
bitshift=4
cftfak=2580100
evpreset=0           
roimin=0
roimax=1000
caloff=0.800000
calfact=12.800000
calfact2=0
calfact3=0
calunit=nsec
caluse=1 
[CHN8]
REPORT-FILE from  written 06/29/2026 16:00:57
cmline1=A8
range=1024
active=0
bitshift=4
cftfak=2580100
evpreset=0           
roimin=0
roimax=1000
caloff=0.800000
calfact=12.800000
calfact2=0
calfact3=0
calunit=nsec
caluse=1 
;MCS8 #97 Sversion=1.257 Fversion=3.68
time_patch=1
;datalength=8 bytes
;bit0..3: channel# 1..8 ( 4 bit)
;bit4: edge 0=up / 1=dn ( 1 bit)
;bit5 ..57: timedata    (53 bit), max sweep length 2001.6 h
;bit58..62: tag0..tag4  ( 5 bit)
;bit63:     data_lost   ( 1 bit)
[DATA]
0000000000000016
0000002156f17661
0000000002058571
0000000000000181
00000033f75c2761
0000000002058571
0000000000000181
0000004697c6d961
0000000002058571
0000000000000181
0000005938318a61
0000000002058571
0000000000000181
0000006bd89c3c61
0000000002058571
0000000000000181
0000007e7906ee61
0000000002058571
0000000000000181
000000911971a061
0000000002058571
0000000000000181
000000a3b9dc5161
0000000002058571
0000000000000181
000000b65a470361
0000000002058571
0000000000000181
000000c8fab1b561
0000000002058571
0000000000000181
000000db9b1c6761
0000000002058571
0000000000000181
000000ee3b871961
0000000002058571
0000000000000181
00000100dbf1cb61
0000000002058571
0000000000000181
000001137c5c7d61
0000000002058571
0000000000000181
000001261cc72f61
0000000002058571
0000000000000181
00000138bd31e161
0000000002058571
0000000000000181
0000014b5d9c9361
0000000002058571
0000000000000181
0000015dfe074561
0000000002058571
0000000000000181
000000b81d2591d9
000001709e71f861
0000000002058571
0000000000000181
000001833edcaa61
0000000002058571
0000000000000181
00000195df475c61
0000000002058571
0000000000000181
000001a87fb20f61
0000000002058571
0000000000000181
000001bb201cc161
0000000002058571
0000000000000181
000001cdc0877361
0000000002058571
0000000000000181
000001e060f22661
0000000002058571
0000000000000181
000001f3015cd861
0000000002058571
0000000000000181
00000205a1c78b61
0000000002058571
0000000000000181
0000021842323d61
0000000002058571
0000000000000181
0000022ae29cf061
0000000002058571
0000000000000181
0000023d8307a361
0000000002058571
0000000000000181
0000025023725561
0000000002058571
0000000000000181
00000262c3dd0861
0000000002058571
0000000000000181
000002756447bb61
0000000002058571
0000000000000181
0000028804b26e61
0000000002058571
0000000000000181
0000029aa51d2161
0000000002058571
0000000000000181
000002ad4587d461
0000000002058571
0000000000000181
000002bfe5f28761
0000000002058571
0000000000000181
000002d2865d3a61
0000000002058571
0000000000000181
000002e526c7ed61
0000000002058571
0000000000000181
000002f7c732a061
0000000002058571
0000000000000181
0000030a679d5361
0000000002058571
0000000000000181
0000031d08080661
0000000002058571
0000000000000181
0000032fa872b961
0000000002058571
0000000000000181
0000034248dd6d61
0000000002058571
0000000000000181
00000354e9482061
0000000002058571
0000000000000181
0000036789b2d361
0000000002058571
0000000000000181
0000037a2a1d8761
0000000002058571
0000000000000181
0000038cca883a61
0000000002058571
0000000000000181
0000039f6af2ed61
0000000002058571
0000000000000181
000003b20b5da161
0000000002058571
0000000000000181
000003c4abc85461
0000000002058571
0000000000000181
000003d74c330861
0000000002058571
0000000000000181
000003e9ec9dbb61
0000000002058571
0000000000000181
000003fc8d086f61
0000000002058571
0000000000000181
0000040f2d732361
0000000002058571
0000000000000181
00000421cdddd661
0000000002058571
0000000000000181
000004346e488a61
0000000002058571
0000000000000181
000004470eb33e61
0000000002058571
0000000000000181
00000459af1df261
0000000002058571
0000000000000181
0000046c4f88a561
0000000002058571
0000000000000181
0000047eeff35961
0000000002058571
0000000000000181
00000491905e0d61
0000000002058571
0000000000000181
000004a430c8c161
0000000002058571
0000000000000181
000004b6d1337561
0000000002058571
0000000000000181
000004c9719e2961
0000000002058571
0000000000000181
000004dc1208dd61
0000000002058571
0000000000000181
000004eeb2739161
0000000002058571
0000000000000181
0000050152de4661
0000000002058571
0000000000000181
00000513f348fa61
0000000002058571
0000000000000181
0000052693b3ae61
0000000002058571
0000000000000181
00000539341e6261
0000000002058571
0000000000000181
0000054bd4891761
0000000002058571
0000000000000181
0000055e74f3cb61
0000000002058571
0000000000000181
00000571155e7f61
0000000002058571
0000000000000181
00000583b5c93461
0000000002058571
0000000000000181
000005965633e861
0000000002058571
0000000000000181
000005a8f69e9d61
0000000002058571
0000000000000181
000002d8d102e499
000005bb97095161
0000000002058571
0000000000000181
000005ce37740661
0000000002058571
0000000000000181
000005e0d7deba61
0000000002058571
0000000000000181
000005f378496f61
0000000002058571
0000000000000181
0000060618b42461
0000000002058571
0000000000000181
00000618b91ed861
0000000002058571
0000000000000181
0000062b59898d61
0000000002058571
0000000000000181
0000063df9f44261
0000000002058571
0000000000000181
000006509a5ef661
0000000002058571
0000000000000181
000006633ac9ab61
0000000002058571
0000000000000181
00000675db346061
0000000002058571
0000000000000181
000006887b9f1561
0000000002058571
0000000000000181
0000069b1c09ca61
0000000002058571
0000000000000181
000006adbc747f61
0000000002058571
0000000000000181
000006c05cdf3461
0000000002058571
0000000000000181
000006d2fd49e961
0000000002058571
0000000000000181
000006e59db49e61
0000000002058571
0000000000000181
000006f83e1f5361
0000000002058571
0000000000000181
0000070ade8a0861
0000000002058571
0000000000000181
0000071d7ef4bd61
0000000002058571
0000000000000181
000007301f5f7261
0000000002058571
0000000000000181
00000742bfca2861
0000000002058571
0000000000000181
000007556034dd61
0000000002058571
0000000000000181
00000768009f9261
0000000002058571
0000000000000181
0000077aa10a4861
0000000002058571
0000000000000181
0000078d4174fd61
0000000002058571
0000000000000181
0000079fe1dfb261
0000000002058571
0000000000000181
000007b2824a6861
0000000002058571
0000000000000181
000007c522b51d61
0000000002058571
0000000000000181
000007d7c31fd361
0000000002058571
0000000000000181
000007ea638a8861
0000000002058571
0000000000000181
000003fc63bc8fd9
000007fd03f53e61
0000000002058571
0000000000000181
0000080fa45ff461
0000000002058571
0000000000000181
0000082244caa961
0000000002058571
0000000000000181
00000834e5355f61
0000000002058571
0000000000000181
0000084785a01561
0000000002058571
0000000000000181
0000085a260aca61
0000000002058571
0000000000000181
0000086cc6758061
0000000002058571
0000000000000181
0000087f66e03661
0000000002058571
0000000000000181
00000892074aec61
0000000002058571
0000000000000181
0000044e4221eb79
000008a4a7b5a261
0000000002058571
0000000000000181
000008b748205761
0000000002058571
0000000000000181
000008c9e88b0d61
0000000002058571
0000000000000181
000008dc88f5c361
0000000002058571
0000000000000181
000008ef29607961
0000000002058571
0000000000000181
00000901c9cb2f61
0000000002058571
0000000000000181
000009146a35e661
0000000002058571
0000000000000181
000009270aa09c61
0000000002058571
0000000000000181
00000939ab0b5261
0000000002058571
0000000000000181
0000094c4b760861
0000000002058571
0000000000000181
0000095eebe0be61
0000000002058571
0000000000000181
000009718c4b7561
0000000002058571
0000000000000181
000009842cb62b61
0000000002058571
0000000000000181
00000996cd20e161
0000000002058571
0000000000000181
000009a96d8b9861
0000000002058571
0000000000000181
000009bc0df64e61
0000000002058571
0000000000000181
000009ceae610561
0000000002058571
0000000000000181
000009e14ecbbb61
0000000002058571
0000000000000181
000009f3ef367261
0000000002058571
0000000000000181
00000a068fa12861
0000000002058571
0000000000000181
00000a19300bdf61
0000000002058571
0000000000000181
00000a2bd0769561
0000000002058571
0000000000000181
00000a3e70e14c61
0000000002058571
0000000000000181
0000052043059f59
00000a51114c0261
0000000002058571
0000000000000181
00000a63b1b6b961
0000000002058571
0000000000000181
00000a7652217061
0000000002058571
0000000000000181
00000a88f28c2761
0000000002058571
0000000000000181
00000a9b92f6dd61
0000000002058571
0000000000000181
00000aae33619461
0000000002058571
0000000000000181
00000ac0d3cc4b61
0000000002058571
0000000000000181
00000563275bdff9
00000ad374370261
0000000002058571
0000000000000181
00000ae614a1b961
0000000002058571
0000000000000181
00000af8b50c6f61
0000000002058571
0000000000000181
00000b0b55772661
0000000002058571
0000000000000181
00000b1df5e1dd61
0000000002058571
0000000000000181
00000b30964c9461
0000000002058571
0000000000000181
00000b4336b74b61
0000000002058571
0000000000000181
00000b55d7220261
0000000002058571
0000000000000181
00000b68778cb961
0000000002058571
0000000000000181
00000b7b17f77061
0000000002058571
0000000000000181
00000b8db8622761
0000000002058571
0000000000000181
00000ba058ccde61
0000000002058571
0000000000000181
00000bb2f9379561
0000000002058571
0000000000000181
00000bc599a24c61
0000000002058571
0000000000000181
00000bd83a0d0361
0000000002058571
0000000000000181
00000beada77ba61
0000000002058571
0000000000000181
00000bfd7ae27061
0000000002058571
0000000000000181
00000c101b4d2861
0000000002058571
0000000000000181
00000c22bbb7df61
0000000002058571
0000000000000181
00000c355c229661
0000000002058571
0000000000000181
00000c47fc8d4d61
0000000002058571
0000000000000181
00000c5a9cf80461
0000000002058571
0000000000000181
00000c6d3d62bb61
0000000002058571
0000000000000181
00000c7fddcd7261
0000000002058571
0000000000000181
00000c927e382961
0000000002058571
0000000000000181
00000ca51ea2e061
0000000002058571
0000000000000181
00000cb7bf0d9761
0000000002058571
0000000000000181
00000cca5f784e61
0000000002058571
0000000000000181
00000cdcffe30561
0000000002058571
0000000000000181
00000cefa04dbd61
0000000002058571
0000000000000181
00000d0240b87461
0000000002058571
0000000000000181
00000d14e1232b61
0000000002058571
0000000000000181
00000d27818de261
0000000002058571
0000000000000181
00000d3a21f89961
0000000002058571
0000000000000181
00000d4cc2635061
0000000002058571
0000000000000181
00000d5f62ce0761
0000000002058571
0000000000000181
00000d720338be61
0000000002058571
0000000000000181
00000d84a3a37561
0000000002058571
0000000000000181
00000d97440e2c61
0000000002058571
0000000000000181
00000da9e478e461
0000000002058571
0000000000000181
00000dbc84e39b61
0000000002058571
0000000000000181
00000dcf254e5261
0000000002058571
0000000000000181
00000de1c5b90961
0000000002058571
0000000000000181
00000df46623c061
0000000002058571
0000000000000181
00000e07068e7761
0000000002058571
0000000000000181
00000e19a6f92e61
0000000002058571
0000000000000181
00000e2c4763e561
0000000002058571
0000000000000181
00000e3ee7ce9d61
0000000002058571
0000000000000181
00000e5188395461
0000000002058571
0000000000000181
00000e6428a40b61
0000000002058571
0000000000000181
00000e76c90ec261
0000000002058571
0000000000000181
00000e8969797961
0000000002058571
0000000000000181
0000074c542c0bf9
00000e9c09e43061
0000000002058571
0000000000000181
00000eaeaa4ee761
0000000002058571
0000000000000181
00000ec14ab99e61
0000000002058571
0000000000000181
00000ed3eb245661
0000000002058571
0000000000000181
00000ee68b8f0d61
0000000002058571
0000000000000181
00000ef92bf9c461
0000000002058571
0000000000000181
00000f0bcc647b61
0000000002058571
0000000000000181
00000f1e6ccf3261
0000000002058571
0000000000000181
00000f310d39e961
0000000002058571
0000000000000181
00000f43ada4a161
0000000002058571
0000000000000181
00000f564e0f5861
0000000002058571
0000000000000181
00000f68ee7a0f61
0000000002058571
0000000000000181
00000f7b8ee4c661
0000000002058571
0000000000000181
00000f8e2f4f7d61
0000000002058571
0000000000000181
00000fa0cfba3561
0000000002058571
0000000000000181
00000fb37024ec61
0000000002058571
0000000000000181
00000fc6108fa361
0000000002058571
0000000000000181
00000fd8b0fa5a61
0000000002058571
0000000000000181
00000feb51651161
0000000002058571
0000000000000181
00000ffdf1cfc861
0000000002058571
0000000000000181
00001010923a8061
0000000002058571
0000000000000181
0000102332a53761
0000000002058571
0000000000000181
00001035d30fee61
0000000002058571
0000000000000181
00001048737aa561
0000000002058571
0000000000000181
0000105b13e55c61
0000000002058571
0000000000000181
0000106db4501361
0000000002058571
0000000000000181
0000108054baca61
0000000002058571
0000000000000181
00001092f5258161
0000000002058571
0000000000000181
000010a595903861
0000000002058571
0000000000000181
000010b835faef61
0000000002058571
0000000000000181
000010cad665a661
0000000002058571
0000000000000181
000010dd76d05c61
0000000002058571
0000000000000181
000010f0173b1361
0000000002058571
0000000000000181
00001102b7a5ca61
0000000002058571
0000000000000181
0000111558108161
0000000002058571
0000000000000181
00001127f87b3861
0000000002058571
0000000000000181
0000113a98e5ef61
0000000002058571
0000000000000181
0000114d3950a561
0000000002058571
0000000000000181
0000115fd9bb5c61
0000000002058571
0000000000000181
000011727a261361
0000000002058571
0000000000000181
000011851a90ca61
0000000002058571
0000000000000181
00001197bafb8061
0000000002058571
0000000000000181
000011aa5b663761
0000000002058571
0000000000000181
000011bcfbd0ee61
0000000002058571
0000000000000181
000011cf9c3ba461
0000000002058571
0000000000000181
000011e23ca65b61
0000000002058571
0000000000000181
000011f4dd111261
0000000002058571
0000000000000181
000012077d7bc861
0000000002058571
0000000000000181
0000121a1de67f61
0000000002058571
0000000000000181
0000122cbe513561
0000000002058571
0000000000000181
0000123f5ebbec61
0000000002058571
0000000000000181
00001251ff26a261
0000000002058571
0000000000000181
000012649f915961
0000000002058571
0000000000000181
000012773ffc0f61
0000000002058571
0000000000000181
00001289e066c561
0000000002058571
0000000000000181
0000129c80d17c61
0000000002058571
0000000000000181
000012af213c3261
0000000002058571
0000000000000181
000012c1c1a6e861
0000000002058571
0000000000000181
000012d462119e61
0000000002058571
0000000000000181
000012e7027c5561
0000000002058571
0000000000000181
000012f9a2e70b61
0000000002058571
0000000000000181
0000130c4351c161
0000000002058571
0000000000000181
0000131ee3bc7761
0000000002058571
0000000000000181
0000133184272d61
0000000002058571
0000000000000181
000013442491e361
0000000002058571
0000000000000181
00001356c4fc9961
0000000002058571
0000000000000181
0000136965674f61
0000000002058571
0000000000000181
000009bdd5094d79
0000137c05d20561
0000000002058571
0000000000000181
0000138ea63cbb61
0000000002058571
0000000000000181
000009ca4358ac99
000013a146a77061
0000000002058571
0000000000000181
000013b3e7122661
0000000002058571
0000000000000181
000013c6877cdc61
0000000002058571
0000000000000181
000013d927e79261
0000000002058571
0000000000000181
000013ebc8524761
0000000002058571
0000000000000181
000013fe68bcfd61
0000000002058571
0000000000000181
000014110927b361
0000000002058571
0000000000000181
00001423a9926861
0000000002058571
0000000000000181
0000143649fd1e61
0000000002058571
0000000000000181
00001448ea67d361
0000000002058571
0000000000000181
0000145b8ad28961
0000000002058571
0000000000000181
0000146e2b3d3e61
0000000002058571
0000000000000181
00001480cba7f461
0000000002058571
0000000000000181
000014936c12a961
0000000002058571
0000000000000181
000014a60c7d5f61
0000000002058571
0000000000000181
000014b8ace81461
0000000002058571
0000000000000181
000014cb4d52c961
0000000002058571
0000000000000181
000014ddedbd7e61
0000000002058571
0000000000000181
000014f08e283361
0000000002058571
0000000000000181
000015032e92e861
0000000002058571
0000000000000181
00001515cefd9d61
0000000002058571
0000000000000181
000015286f685261
0000000002058571
0000000000000181
0000153b0fd30761
0000000002058571
0000000000000181
0000154db03dbc61
0000000002058571
0000000000000181
0000156050a87161
0000000002058571
0000000000000181
00001572f1132661
0000000002058571
0000000000000181
00001585917ddb61
0000000002058571
0000000000000181
0000159831e89061
0000000002058571
0000000000000181
000015aad2534461
0000000002058571
0000000000000181
000015bd72bdf961
0000000002058571
0000000000000181
000015d01328ae61
0000000002058571
0000000000000181
000015e2b3936261
0000000002058571
0000000000000181
000015f553fe1761
0000000002058571
0000000000000181
00001607f468cb61
0000000002058571
0000000000000181
0000161a94d38061
0000000002058571
0000000000000181
0000162d353e3461
0000000002058571
0000000000000181
0000163fd5a8e961
0000000002058571
0000000000000181
00000b22c57a5b19
0000165276139d61
0000000002058571
0000000000000181
00001665167e5161
0000000002058571
0000000000000181
00001677b6e90661
0000000002058571
0000000000000181
0000168a5753ba61
0000000002058571
0000000000000181
0000169cf7be6e61
0000000002058571
0000000000000181
000016af98292261
0000000002058571
0000000000000181
000016c23893d661
0000000002058571
0000000000000181
000016d4d8fe8a61
0000000002058571
0000000000000181
000016e779693e61
0000000002058571
0000000000000181
000016fa19d3f261
0000000002058571
0000000000000181
0000170cba3ea661
0000000002058571
0000000000000181
0000171f5aa95a61
0000000002058571
0000000000000181
00001731fb140d61
0000000002058571
0000000000000181
000017449b7ec161
0000000002058571
0000000000000181
000017573be97561
0000000002058571
0000000000000181
00001769dc542861
0000000002058571
0000000000000181
0000177c7cbedb61
0000000002058571
0000000000000181
0000178f1d298f61
0000000002058571
0000000000000181
000017a1bd944261
0000000002058571
0000000000000181
000017b45dfef561
0000000002058571
0000000000000181
000017c6fe69a861
0000000002058571
0000000000000181
000017d99ed45b61
0000000002058571
0000000000000181
000017ec3f3f0e61
0000000002058571
0000000000000181
000017fedfa9c161
0000000002058571
0000000000000181
0000181180147461
0000000002058571
0000000000000181
00001824207f2761
0000000002058571
0000000000000181
00001836c0e9da61
0000000002058571
0000000000000181
0000184961548d61
0000000002058571
0000000000000181
0000185c01bf4061
0000000002058571
0000000000000181
0000186ea229f261
0000000002058571
0000000000000181
000018814294a561
0000000002058571
0000000000000181
00001893e2ff5861
0000000002058571
0000000000000181
000018a6836a0a61
0000000002058571
0000000000000181
000018b923d4bd61
0000000002058571
0000000000000181
000018cbc43f7061
0000000002058571
0000000000000181
000018de64aa2261
0000000002058571
0000000000000181
000018f10514d561
0000000002058571
0000000000000181
00001903a57f8761
0000000002058571
0000000000000181
0000191645ea3961
0000000002058571
0000000000000181
00001928e654ec61
0000000002058571
0000000000000181
0000193b86bf9e61
0000000002058571
0000000000000181
0000194e272a5061
0000000002058571
0000000000000181
00001960c7950361
0000000002058571
0000000000000181
0000197367ffb561
0000000002058571
0000000000000181
00001986086a6761
0000000002058571
0000000000000181
00001998a8d51961
0000000002058571
0000000000000181
000019ab493fcb61
0000000002058571
0000000000000181
000019bde9aa7d61
0000000002058571
0000000000000181
000019d08a152f61
0000000002058571
0000000000000181
000019e32a7fe161
0000000002058571
0000000000000181
000019f5caea9361
0000000002058571
0000000000000181
00001a086b554561
0000000002058571
0000000000000181
00001a1b0bbff761
0000000002058571
0000000000000181
00001a2dac2aa961
0000000002058571
0000000000000181
00001a404c955b61
0000000002058571
0000000000000181
00001a52ed000d61
0000000002058571
0000000000000181
00001a658d6abf61
0000000002058571
0000000000000181
00001a782dd57061
0000000002058571
0000000000000181
00001a8ace402261
0000000002058571
0000000000000181
00001a9d6eaad461
0000000002058571
0000000000000181
00001ab00f158661
0000000002058571
0000000000000181
00001ac2af803761
0000000002058571
0000000000000181
00001ad54feae961
0000000002058571
0000000000000181
00001ae7f0559a61
0000000002058571
0000000000000181
00001afa90c04b61
0000000002058571
0000000000000181
00000d7d7b20a139
00001b0d312afd61
0000000002058571
0000000000000181
00001b1fd195ae61
0000000002058571
0000000000000181
00001b3272005f61
0000000002058571
0000000000000181
00001b45126b1161
0000000002058571
0000000000000181
00001b57b2d5c261
0000000002058571
0000000000000181
00000daf1c7e80d9
00001b6a53407361
0000000002058571
0000000000000181
00001b7cf3ab2461
0000000002058571
0000000000000181
00000dc4128f30b9
00001b8f9415d661
0000000002058571
0000000000000181
00001ba234808761
0000000002058571
0000000000000181
00001bb4d4eb3861
0000000002058571
0000000000000181
00001bc77555e961
0000000002058571
0000000000000181
00001bda15c09a61
0000000002058571
0000000000000181
00001becb62b4b61
0000000002058571
0000000000000181
00001bff5695fb61
0000000002058571
0000000000000181
00001c11f700ac61
0000000002058571
0000000000000181
00001c24976b5d61
0000000002058571
0000000000000181
00001c3737d60e61
0000000002058571
0000000000000181
00001c49d840bf61
0000000002058571
0000000000000181
00001c5c78ab6f61
0000000002058571
0000000000000181
00001c6f19162061
0000000002058571
0000000000000181
00001c81b980d061
0000000002058571
0000000000000181
00001c9459eb8161
0000000002058571
0000000000000181
00001ca6fa563161
0000000002058571
0000000000000181
00001cb99ac0e261
0000000002058571
0000000000000181
00001ccc3b2b9261
0000000002058571
0000000000000181
00001cdedb964361
0000000002058571
0000000000000181
00001cf17c00f361
0000000002058571
0000000000000181
00001d041c6ba461
0000000002058571
0000000000000181
00001d16bcd65461
0000000002058571
0000000000000181
00001d295d410461
0000000002058571
0000000000000181
00001d3bfdabb461
0000000002058571
0000000000000181
00001d4e9e166461
0000000002058571
0000000000000181
00001d613e811561
0000000002058571
0000000000000181
00001d73deebc561
0000000002058571
0000000000000181
00001d867f567561
0000000002058571
0000000000000181
00001d991fc12561
0000000002058571
0000000000000181
00001dabc02bd561
0000000002058571
0000000000000181
00001dbe60968561
0000000002058571
0000000000000181
00001dd101013561
0000000002058571
0000000000000181
00001de3a16be561
0000000002058571
0000000000000181
00001df641d69561
0000000002058571
0000000000000181
00001e08e2414461
0000000002058571
0000000000000181
00001e1b82abf461
0000000002058571
0000000000000181
00001e2e2316a461
0000000002058571
0000000000000181
00001e40c3815361
0000000002058571
0000000000000181
00001e5363ec0361
0000000002058571
0000000000000181
00001e660456b261
0000000002058571
0000000000000181
00001e78a4c16261
0000000002058571
0000000000000181
00001e8b452c1161
0000000002058571
0000000000000181
00001e9de596c061
0000000002058571
0000000000000181
00001eb086017061
0000000002058571
0000000000000181
00001ec3266c1f61
0000000002058571
0000000000000181
00001ed5c6d6ce61
0000000002058571
0000000000000181
00001ee867417d61
0000000002058571
0000000000000181
00001efb07ac2c61
0000000002058571
0000000000000181
00001f0da816db61
0000000002058571
0000000000000181
00001f2048818a61
0000000002058571
0000000000000181
00001f32e8ec3961
0000000002058571
0000000000000181
00001f458956e861
0000000002058571
0000000000000181
00001f5829c19761
0000000002058571
0000000000000181
00001f6aca2c4661
0000000002058571
0000000000000181
00001f7d6a96f561
0000000002058571
0000000000000181
00000fc011472dd9
00001f900b01a361
0000000002058571
0000000000000181
00001fa2ab6c5261
0000000002058571
0000000000000181
00001fb54bd70061
0000000002058571
0000000000000181
00001fc7ec41af61
0000000002058571
0000000000000181
00001fda8cac5d61
0000000002058571
0000000000000181
00001fed2d170c61
0000000002058571
0000000000000181
00001fffcd81ba61
0000000002058571
0000000000000181
000020126dec6861
0000000002058571
0000000000000181
000020250e571661
0000000002058571
0000000000000181
00002037aec1c561
0000000002058571
0000000000000181
0000204a4f2c7361
0000000002058571
0000000000000181
0000205cef972161
0000000002058571
0000000000000181
0000206f9001cf61
0000000002058571
0000000000000181
00002082306c7d61
0000000002058571
0000000000000181
00002094d0d72c61
0000000002058571
0000000000000181
000020a77141da61
0000000002058571
0000000000000181
000020ba11ac8861
0000000002058571
0000000000000181
000020ccb2173661
0000000002058571
0000000000000181
000020df5281e461
0000000002058571
0000000000000181
000020f1f2ec9261
0000000002058571
0000000000000181
0000210493574161
0000000002058571
0000000000000181
0000211733c1ef61
0000000002058571
0000000000000181
00002129d42c9d61
0000000002058571
0000000000000181
0000213c74974b61
0000000002058571
0000000000000181
0000214f1501f961
0000000002058571
0000000000000181
00002161b56ca761
0000000002058571
0000000000000181
0000217455d75561
0000000002058571
0000000000000181
00002186f6420361
0000000002058571
0000000000000181
0000219996acb161
0000000002058571
0000000000000181
000021ac37175f61
0000000002058571
0000000000000181
000021bed7820d61
0000000002058571
0000000000000181
000021d177ecbb61
0000000002058571
0000000000000181
000021e418576961
0000000002058571
0000000000000181
000021f6b8c21761
0000000002058571
0000000000000181
00002209592cc561
0000000002058571
0000000000000181
0000221bf9977361
0000000002058571
0000000000000181
00001114e445c159
0000222e9a022161
0000000002058571
0000000000000181
000022413a6ccf61
0000000002058571
0000000000000181
00002253dad77d61
0000000002058571
0000000000000181
000022667b422b61
0000000002058571
0000000000000181
000022791bacd961
0000000002058571
0000000000000181
0000228bbc178761
0000000002058571
0000000000000181
0000229e5c823561
0000000002058571
0000000000000181
000022b0fcece361
0000000002058571
0000000000000181
000022c39d579161
0000000002058571
0000000000000181
000022d63dc23e61
0000000002058571
0000000000000181
000022e8de2cec61
0000000002058571
0000000000000181
000022f2bf414561
0000000002058571
0000000000000181
