[MCS8 A] 97 FW 3.104 SV 1.257 
range=1024
periods=2
sweepmode=27e20d0
fstchan=0
holdafter=0
streamstatus=3
calreg0=0
calreg1=0
calreg2=0
calreg3=0
swpreset=8000        
prena=1
syncout=0
cycles=18
sequences=1
tagbits=16
vdac0=92c
vdac1=808
vdac2=8c8
vdac3=8c8
vdac4=8c8
vdac5=8c8
vdac6=8c8
vdac7=8c8
timepreset=480.000     
digio=0
digval=0
autoinc=0 
savedata=2 
mpafmt=asc
sephead=0 
fmt=asc
smoothpts=5 
[CHN1]
REPORT-FILE from 06/29/2026 15:52:37.496  written 06/29/2026 15:52:37
cmline0=06/29/2026 15:52:37.496 
cmline1=A1
range=1024
active=1
bitshift=4
cftfak=2580100
evpreset=10          
roimin=0
roimax=1000
caloff=0.800000
calfact=12.800000
calfact2=0
calfact3=0
calunit=nsec
caluse=1 
[CHN2]
REPORT-FILE from  written 06/29/2026 15:52:37
cmline1=A2
range=1024
active=0
bitshift=4
cftfak=2580100
evpreset=10          
roimin=0
roimax=1000
caloff=0.800000
calfact=12.800000
calfact2=0
calfact3=0
calunit=nsec
caluse=1 
[CHN3]
REPORT-FILE from  written 06/29/2026 15:52:37
cmline1=A3
range=1024
active=0
bitshift=4
cftfak=2580100
evpreset=10          
roimin=0
roimax=1000
caloff=0.800000
calfact=12.800000
calfact2=0
calfact3=0
calunit=nsec
caluse=1 
[CHN4]
REPORT-FILE from  written 06/29/2026 15:52:37
cmline1=A4
range=1024
active=0
bitshift=4
cftfak=2580100
evpreset=10          
roimin=0
roimax=1000
caloff=0.800000
calfact=12.800000
calfact2=0
calfact3=0
calunit=nsec
caluse=1 
[CHN5]
REPORT-FILE from  written 06/29/2026 15:52:37
cmline1=A5
range=1024
active=0
bitshift=4
cftfak=2580100
evpreset=10          
roimin=0
roimax=1000
caloff=0.800000
calfact=12.800000
calfact2=0
calfact3=0
calunit=nsec
caluse=1 
[CHN6]
REPORT-FILE from  written 06/29/2026 15:52:37
cmline1=A6
range=1024
active=0
bitshift=4
cftfak=2580100
evpreset=10          
roimin=0
roimax=1000
caloff=0.800000
calfact=12.800000
calfact2=0
calfact3=0
calunit=nsec
caluse=1 
[CHN7]
REPORT-FILE from  written 06/29/2026 15:52:37
cmline1=A7
range=1024
active=0
bitshift=4
cftfak=2580100
evpreset=0           
roimin=0
roimax=1000
caloff=0.800000
calfact=12.800000
calfact2=0
calfact3=0
calunit=nsec
caluse=1 
[CHN8]
REPORT-FILE from  written 06/29/2026 15:52:37
cmline1=A8
range=1024
active=0
bitshift=4
cftfak=2580100
evpreset=0           
roimin=0
roimax=1000
caloff=0.800000
calfact=12.800000
calfact2=0
calfact3=0
calunit=nsec
caluse=1 
;MCS8 #97 Sversion=1.257 Fversion=3.68
time_patch=1
;datalength=8 bytes
;bit0..3: channel# 1..8 ( 4 bit)
;bit4: edge 0=up / 1=dn ( 1 bit)
;bit5 ..57: timedata    (53 bit), max sweep length 2001.6 h
;bit58..62: tag0..tag4  ( 5 bit)
;bit63:     data_lost   ( 1 bit)
[DATA]
0000000000000016
000000215778c061
0000000002b7a571
0000000000000181
00000033f7e36961
0000000002b7a571
0000000000000181
00000046984e1261
0000000002b7a571
0000000000000181
0000005938b8bb61
0000000002b7a571
0000000000000181
0000006bd9236461
0000000002b7a571
0000000000000181
0000007e798e0c61
0000000002b7a571
0000000000000181
0000009119f8b561
0000000002b7a571
0000000000000181
000000a3ba635e61
0000000002b7a571
0000000000000181
000000b65ace0661
0000000002b7a571
0000000000000181
000000c8fb38af61
0000000002b7a571
0000000000000181
000000db9ba35761
0000000002b7a571
0000000000000181
000000ee3c0dff61
0000000002b7a571
0000000000000181
00000100dc78a861
0000000002b7a571
0000000000000181
000001137ce35061
0000000002b7a571
0000000000000181
000001261d4df861
0000000002b7a571
0000000000000181
00000138bdb8a061
0000000002b7a571
0000000000000181
0000014b5e234861
0000000002b7a571
0000000000000181
0000015dfe8df161
0000000002b7a571
0000000000000181
000001709ef89961
0000000002b7a571
0000000000000181
000001833f634161
0000000002b7a571
0000000000000181
00000195dfcde861
0000000002b7a571
0000000000000181
000001a880389061
0000000002b7a571
0000000000000181
000001bb20a33861
0000000002b7a571
0000000000000181
000001cdc10de061
0000000002b7a571
0000000000000181
000001e061788861
0000000002b7a571
0000000000000181
000001f301e32f61
0000000002b7a571
0000000000000181
00000205a24dd761
0000000002b7a571
0000000000000181
0000021842b87e61
0000000002b7a571
0000000000000181
0000022ae3232661
0000000002b7a571
0000000000000181
0000023d838dcd61
0000000002b7a571
0000000000000181
0000025023f87461
0000000002b7a571
0000000000000181
00000262c4631c61
0000000002b7a571
0000000000000181
0000027564cdc361
0000000002b7a571
0000000000000181
0000028805386a61
0000000002b7a571
0000000000000181
0000029aa5a31161
0000000002b7a571
0000000000000181
000002ad460db861
0000000002b7a571
0000000000000181
000002bfe6785f61
0000000002b7a571
0000000000000181
000002d286e30661
0000000002b7a571
0000000000000181
000002e5274dad61
0000000002b7a571
0000000000000181
000002f7c7b85461
0000000002b7a571
0000000000000181
0000030a6822fa61
0000000002b7a571
0000000000000181
0000031d088da161
0000000002b7a571
0000000000000181
0000032fa8f84861
0000000002b7a571
0000000000000181
000003424962ee61
0000000002b7a571
0000000000000181
00000354e9cd9561
0000000002b7a571
0000000000000181
000003678a383b61
0000000002b7a571
0000000000000181
0000037a2aa2e261
0000000002b7a571
0000000000000181
0000038ccb0d8861
0000000002b7a571
0000000000000181
0000039f6b782e61
0000000002b7a571
0000000000000181
000003b20be2d561
0000000002b7a571
0000000000000181
000003c4ac4d7b61
0000000002b7a571
0000000000000181
000003d74cb82161
0000000002b7a571
0000000000000181
000003e9ed22c761
0000000002b7a571
0000000000000181
000003fc8d8d6e61
0000000002b7a571
0000000000000181
0000040f2df81461
0000000002b7a571
0000000000000181
00000421ce62ba61
0000000002b7a571
0000000000000181
000004346ecd6061
0000000002b7a571
0000000000000181
000004470f380661
0000000002b7a571
0000000000000181
00000459afa2ac61
0000000002b7a571
0000000000000181
0000046c500d5261
0000000002b7a571
0000000000000181
0000047ef077f861
0000000002b7a571
0000000000000181
0000049190e29d61
0000000002b7a571
0000000000000181
000004a4314d4361
0000000002b7a571
0000000000000181
000004b6d1b7e961
0000000002b7a571
0000000000000181
000004c972228f61
0000000002b7a571
0000000000000181
000004dc128d3461
0000000002b7a571
0000000000000181
000004eeb2f7da61
0000000002b7a571
0000000000000181
0000050153628061
0000000002b7a571
0000000000000181
00000513f3cd2661
0000000002b7a571
0000000000000181
000005269437cb61
0000000002b7a571
0000000000000181
0000053934a27161
0000000002b7a571
0000000000000181
0000054bd50d1661
0000000002b7a571
0000000000000181
0000055e7577bc61
0000000002b7a571
0000000000000181
0000057115e26161
0000000002b7a571
0000000000000181
00000583b64d0761
0000000002b7a571
0000000000000181
0000059656b7ac61
0000000002b7a571
0000000000000181
000005a8f7225261
0000000002b7a571
0000000000000181
000005bb978cf761
0000000002b7a571
0000000000000181
000005ce37f79c61
0000000002b7a571
0000000000000181
000005e0d8624261
0000000002b7a571
0000000000000181
000005f378cce761
0000000002b7a571
0000000000000181
0000060619378c61
0000000002b7a571
0000000000000181
00000618b9a23261
0000000002b7a571
0000000000000181
0000062b5a0cd761
0000000002b7a571
0000000000000181
0000063dfa777c61
0000000002b7a571
0000000000000181
000006509ae22261
0000000002b7a571
0000000000000181
000006633b4cc761
0000000002b7a571
0000000000000181
00000675dbb76c61
0000000002b7a571
0000000000000181
000006887c221161
0000000002b7a571
0000000000000181
0000069b1c8cb761
0000000002b7a571
0000000000000181
000006adbcf75c61
0000000002b7a571
0000000000000181
000006c05d620161
0000000002b7a571
0000000000000181
000006d2fdcca661
0000000002b7a571
0000000000000181
000006e59e374c61
0000000002b7a571
0000000000000181
000006f83ea1f161
0000000002b7a571
0000000000000181
0000070adf0c9661
0000000002b7a571
0000000000000181
0000071d7f773b61
0000000002b7a571
0000000000000181
000007301fe1e061
0000000002b7a571
0000000000000181
00000742c04c8661
0000000002b7a571
0000000000000181
0000075560b72b61
0000000002b7a571
0000000000000181
000007680121d061
0000000002b7a571
0000000000000181
0000077aa18c7561
0000000002b7a571
0000000000000181
0000078d41f71a61
0000000002b7a571
0000000000000181
0000079fe261c061
0000000002b7a571
0000000000000181
000007b282cc6561
0000000002b7a571
0000000000000181
000007c523370a61
0000000002b7a571
0000000000000181
000007d7c3a1af61
0000000002b7a571
0000000000000181
000007ea640c5561
0000000002b7a571
0000000000000181
000007fd0476fa61
0000000002b7a571
0000000000000181
0000080fa4e19f61
0000000002b7a571
0000000000000181
00000822454c4461
0000000002b7a571
0000000000000181
00000834e5b6ea61
0000000002b7a571
0000000000000181
0000084786218f61
0000000002b7a571
0000000000000181
0000085a268c3461
0000000002b7a571
0000000000000181
0000086cc6f6d961
0000000002b7a571
0000000000000181
0000087f67617f61
0000000002b7a571
0000000000000181
0000089207cc2461
0000000002b7a571
0000000000000181
000008a4a836c961
0000000002b7a571
0000000000000181
000008b748a16e61
0000000002b7a571
0000000000000181
000008c9e90c1361
0000000002b7a571
0000000000000181
000008dc8976b961
0000000002b7a571
0000000000000181
000008ef29e15e61
0000000002b7a571
0000000000000181
00000901ca4c0361
0000000002b7a571
0000000000000181
000009146ab6a861
0000000002b7a571
0000000000000181
000009270b214d61
0000000002b7a571
0000000000000181
00000939ab8bf261
0000000002b7a571
0000000000000181
0000094c4bf69761
0000000002b7a571
0000000000000181
0000095eec613d61
0000000002b7a571
0000000000000181
000009718ccbe261
0000000002b7a571
0000000000000181
000009842d368761
0000000002b7a571
0000000000000181
00000996cda12c61
0000000002b7a571
0000000000000181
000009a96e0bd161
0000000002b7a571
0000000000000181
000009bc0e767661
0000000002b7a571
0000000000000181
000009ceaee11b61
0000000002b7a571
0000000000000181
000009e14f4bc061
0000000002b7a571
0000000000000181
000009f3efb66661
0000000002b7a571
0000000000000181
00000a0690210b61
0000000002b7a571
0000000000000181
00000a19308bb061
0000000002b7a571
0000000000000181
00000a2bd0f65561
0000000002b7a571
0000000000000181
00000a3e7160fa61
0000000002b7a571
0000000000000181
00000a5111cb9f61
0000000002b7a571
0000000000000181
00000a63b2364461
0000000002b7a571
0000000000000181
00000a7652a0e961
0000000002b7a571
0000000000000181
00000a88f30b8f61
0000000002b7a571
0000000000000181
00000a9b93763461
0000000002b7a571
0000000000000181
00000aae33e0d961
0000000002b7a571
0000000000000181
00000ac0d44b7e61
0000000002b7a571
0000000000000181
00000ad374b62361
0000000002b7a571
0000000000000181
00000ae61520c861
0000000002b7a571
0000000000000181
00000af8b58b6d61
0000000002b7a571
0000000000000181
00000b0b55f61261
0000000002b7a571
0000000000000181
00000b1df660b861
0000000002b7a571
0000000000000181
00000b3096cb5d61
0000000002b7a571
0000000000000181
00000b4337360261
0000000002b7a571
0000000000000181
00000b55d7a0a761
0000000002b7a571
0000000000000181
00000b68780b4c61
0000000002b7a571
0000000000000181
00000b7b1875f261
0000000002b7a571
0000000000000181
00000b8db8e09761
0000000002b7a571
0000000000000181
00000ba0594b3c61
0000000002b7a571
0000000000000181
00000bb2f9b5e161
0000000002b7a571
0000000000000181
00000bc59a208761
0000000002b7a571
0000000000000181
00000bd83a8b2c61
0000000002b7a571
0000000000000181
00000beadaf5d161
0000000002b7a571
0000000000000181
00000bfd7b607761
0000000002b7a571
0000000000000181
00000c101bcb1c61
0000000002b7a571
0000000000000181
00000c22bc35c261
0000000002b7a571
0000000000000181
00000c355ca06761
0000000002b7a571
0000000000000181
00000c47fd0b0d61
0000000002b7a571
0000000000000181
00000c5a9d75b261
0000000002b7a571
0000000000000181
00000c6d3de05861
0000000002b7a571
0000000000000181
00000c7fde4afd61
0000000002b7a571
0000000000000181
00000c927eb5a361
0000000002b7a571
0000000000000181
00000ca51f204961
0000000002b7a571
0000000000000181
00000cb7bf8aee61
0000000002b7a571
0000000000000181
00000cca5ff59461
0000000002b7a571
0000000000000181
00000cdd00603a61
0000000002b7a571
0000000000000181
00000cefa0cadf61
0000000002b7a571
0000000000000181
00000d0241358561
0000000002b7a571
0000000000000181
00000d14e1a02b61
0000000002b7a571
0000000000000181
00000d27820ad161
0000000002b7a571
0000000000000181
00000d3a22757761
0000000002b7a571
0000000000000181
00000d4cc2e01c61
0000000002b7a571
0000000000000181
00000d5f634ac261
0000000002b7a571
0000000000000181
00000d7203b56861
0000000002b7a571
0000000000000181
00000d84a4200e61
0000000002b7a571
0000000000000181
00000d97448ab461
0000000002b7a571
0000000000000181
00000da9e4f55a61
0000000002b7a571
0000000000000181
00000dbc85600061
0000000002b7a571
0000000000000181
00000dcf25caa661
0000000002b7a571
0000000000000181
00000de1c6354c61
0000000002b7a571
0000000000000181
00000df4669ff261
0000000002b7a571
0000000000000181
00000e07070a9861
0000000002b7a571
0000000000000181
00000e19a7753e61
0000000002b7a571
0000000000000181
00000e2c47dfe461
0000000002b7a571
0000000000000181
00000e3ee84a8a61
0000000002b7a571
0000000000000181
00000e5188b53061
0000000002b7a571
0000000000000181
00000e64291fd661
0000000002b7a571
0000000000000181
00000e76c98a7d61
0000000002b7a571
0000000000000181
00000e8969f52361
0000000002b7a571
0000000000000181
00000e9c0a5fc961
0000000002b7a571
0000000000000181
00000eaeaaca6f61
0000000002b7a571
0000000000000181
00000ec14b351661
0000000002b7a571
0000000000000181
00000ed3eb9fbc61
0000000002b7a571
0000000000000181
00000ee68c0a6261
0000000002b7a571
0000000000000181
00000ef92c750961
0000000002b7a571
0000000000000181
00000f0bccdfaf61
0000000002b7a571
0000000000000181
00000f1e6d4a5561
0000000002b7a571
0000000000000181
00000f310db4fc61
0000000002b7a571
0000000000000181
00000f43ae1fa261
0000000002b7a571
0000000000000181
00000f564e8a4961
0000000002b7a571
0000000000000181
00000f68eef4ef61
0000000002b7a571
0000000000000181
00000f7b8f5f9661
0000000002b7a571
0000000000000181
00000f8e2fca3c61
0000000002b7a571
0000000000000181
00000fa0d034e361
0000000002b7a571
0000000000000181
00000fb3709f8a61
0000000002b7a571
0000000000000181
00000fc6110a3061
0000000002b7a571
0000000000000181
00000fd8b174d761
0000000002b7a571
0000000000000181
00000feb51df7e61
0000000002b7a571
0000000000000181
00000ffdf24a2561
0000000002b7a571
0000000000000181
0000101092b4cb61
0000000002b7a571
0000000000000181
00001023331f7261
0000000002b7a571
0000000000000181
00001035d38a1961
0000000002b7a571
0000000000000181
0000104873f4c061
0000000002b7a571
0000000000000181
0000105b145f6761
0000000002b7a571
0000000000000181
0000106db4ca0e61
0000000002b7a571
0000000000000181
000010805534b561
0000000002b7a571
0000000000000181
00001092f59f5c61
0000000002b7a571
0000000000000181
000010a5960a0361
0000000002b7a571
0000000000000181
000010b83674aa61
0000000002b7a571
0000000000000181
000010cad6df5261
0000000002b7a571
0000000000000181
000010dd7749f961
0000000002b7a571
0000000000000181
000010f017b4a061
0000000002b7a571
0000000000000181
00001102b81f4761
0000000002b7a571
0000000000000181
000011155889ee61
0000000002b7a571
0000000000000181
00001127f8f49661
0000000002b7a571
0000000000000181
0000113a995f3d61
0000000002b7a571
0000000000000181
0000114d39c9e461
0000000002b7a571
0000000000000181
0000115fda348c61
0000000002b7a571
0000000000000181
000011727a9f3361
0000000002b7a571
0000000000000181
000011851b09db61
0000000002b7a571
0000000000000181
00001197bb748261
0000000002b7a571
0000000000000181
000011aa5bdf2a61
0000000002b7a571
0000000000000181
000011bcfc49d161
0000000002b7a571
0000000000000181
000011cf9cb47961
0000000002b7a571
0000000000000181
000011e23d1f2061
0000000002b7a571
0000000000000181
000011f4dd89c861
0000000002b7a571
0000000000000181
000012077df47061
0000000002b7a571
0000000000000181
0000121a1e5f1761
0000000002b7a571
0000000000000181
0000122cbec9bf61
0000000002b7a571
0000000000000181
0000123f5f346761
0000000002b7a571
0000000000000181
00001251ff9f0f61
0000000002b7a571
0000000000000181
00001264a009b761
0000000002b7a571
0000000000000181
0000127740745f61
0000000002b7a571
0000000000000181
00001289e0df0761
0000000002b7a571
0000000000000181
0000129c8149ae61
0000000002b7a571
0000000000000181
000012af21b45761
0000000002b7a571
0000000000000181
000012c1c21eff61
0000000002b7a571
0000000000000181
000012d46289a761
0000000002b7a571
0000000000000181
000012e702f44f61
0000000002b7a571
0000000000000181
000012f9a35ef761
0000000002b7a571
0000000000000181
0000130c43c99f61
0000000002b7a571
0000000000000181
0000131ee4344761
0000000002b7a571
0000000000000181
00001331849ef061
0000000002b7a571
0000000000000181
0000134425099861
0000000002b7a571
0000000000000181
00001356c5744061
0000000002b7a571
0000000000000181
0000136965dee961
0000000002b7a571
0000000000000181
0000137c06499161
0000000002b7a571
0000000000000181
0000138ea6b43961
0000000002b7a571
0000000000000181
000013a1471ee261
0000000002b7a571
0000000000000181
000013b3e7898a61
0000000002b7a571
0000000000000181
000013c687f43361
0000000002b7a571
0000000000000181
000013d9285edc61
0000000002b7a571
0000000000000181
000013ebc8c98461
0000000002b7a571
0000000000000181
000013fe69342d61
0000000002b7a571
0000000000000181
00001411099ed661
0000000002b7a571
0000000000000181
00001423aa097e61
0000000002b7a571
0000000000000181
000014364a742761
0000000002b7a571
0000000000000181
00001448eaded061
0000000002b7a571
0000000000000181
0000145b8b497961
0000000002b7a571
0000000000000181
0000146e2bb42261
0000000002b7a571
0000000000000181
00001480cc1ecb61
0000000002b7a571
0000000000000181
000014936c897461
0000000002b7a571
0000000000000181
000014a60cf41d61
0000000002b7a571
0000000000000181
000014b8ad5ec661
0000000002b7a571
0000000000000181
000014cb4dc96f61
0000000002b7a571
0000000000000181
000014ddee341861
0000000002b7a571
0000000000000181
000014f08e9ec161
0000000002b7a571
0000000000000181
000015032f096a61
0000000002b7a571
0000000000000181
00001515cf741361
0000000002b7a571
0000000000000181
000015286fdebd61
0000000002b7a571
0000000000000181
0000153b10496661
0000000002b7a571
0000000000000181
0000154db0b40f61
0000000002b7a571
0000000000000181
00001560511eb861
0000000002b7a571
0000000000000181
00001572f1896261
0000000002b7a571
0000000000000181
0000158591f40b61
0000000002b7a571
0000000000000181
00001598325eb561
0000000002b7a571
0000000000000181
000015aad2c95e61
0000000002b7a571
0000000000000181
000015bd73340861
0000000002b7a571
0000000000000181
000015d0139eb161
0000000002b7a571
0000000000000181
000015e2b4095b61
0000000002b7a571
0000000000000181
000015f554740461
0000000002b7a571
0000000000000181
00001607f4deae61
0000000002b7a571
0000000000000181
0000161a95495861
0000000002b7a571
0000000000000181
0000162d35b40161
0000000002b7a571
0000000000000181
00000b1e60a03eb9
0000163fd61eab61
0000000002b7a571
0000000000000181
0000165276895561
0000000002b7a571
0000000000000181
0000166516f3ff61
0000000002b7a571
0000000000000181
00001677b75ea961
0000000002b7a571
0000000000000181
0000168a57c95261
0000000002b7a571
0000000000000181
0000169cf833fc61
0000000002b7a571
0000000000000181
000016af989ea661
0000000002b7a571
0000000000000181
000016c239095061
0000000002b7a571
0000000000000181
000016d4d973fb61
0000000002b7a571
0000000000000181
000016e779dea561
0000000002b7a571
0000000000000181
000016fa1a494f61
0000000002b7a571
0000000000000181
0000170cbab3f961
0000000002b7a571
0000000000000181
0000171f5b1ea361
0000000002b7a571
0000000000000181
00001731fb894e61
0000000002b7a571
0000000000000181
000017449bf3f861
0000000002b7a571
0000000000000181
000017573c5ea261
0000000002b7a571
0000000000000181
00001769dcc94d61
0000000002b7a571
0000000000000181
0000177c7d33f761
0000000002b7a571
0000000000000181
0000178f1d9ea261
0000000002b7a571
0000000000000181
000017a1be094c61
0000000002b7a571
0000000000000181
000017b45e73f761
0000000002b7a571
0000000000000181
000017c6fedea161
0000000002b7a571
0000000000000181
000017d99f494c61
0000000002b7a571
0000000000000181
000017ec3fb3f761
0000000002b7a571
0000000000000181
000017fee01ea161
0000000002b7a571
0000000000000181
0000181180894c61
0000000002b7a571
0000000000000181
0000182420f3f761
0000000002b7a571
0000000000000181
00001836c15ea261
0000000002b7a571
0000000000000181
0000184961c94c61
0000000002b7a571
0000000000000181
0000185c0233f761
0000000002b7a571
0000000000000181
0000186ea29ea261
0000000002b7a571
0000000000000181
0000188143094d61
0000000002b7a571
0000000000000181
00001893e373f861
0000000002b7a571
0000000000000181
000018a683dea361
0000000002b7a571
0000000000000181
000018b924494e61
0000000002b7a571
0000000000000181
000018cbc4b3f961
0000000002b7a571
0000000000000181
000018de651ea561
0000000002b7a571
0000000000000181
000018f105895061
0000000002b7a571
0000000000000181
00001903a5f3fb61
0000000002b7a571
0000000000000181
00001916465ea661
0000000002b7a571
0000000000000181
00001928e6c95261
0000000002b7a571
0000000000000181
0000193b8733fd61
0000000002b7a571
0000000000000181
0000194e279ea861
0000000002b7a571
0000000000000181
00001960c8095461
0000000002b7a571
0000000000000181
000019736873ff61
0000000002b7a571
0000000000000181
0000198608deab61
0000000002b7a571
0000000000000181
00001998a9495761
0000000002b7a571
0000000000000181
000019ab49b40261
0000000002b7a571
0000000000000181
000019bdea1eae61
0000000002b7a571
0000000000000181
000019d08a895a61
0000000002b7a571
0000000000000181
000019e32af40561
0000000002b7a571
0000000000000181
000019f5cb5eb161
0000000002b7a571
0000000000000181
00001a086bc95d61
0000000002b7a571
0000000000000181
00001a1b0c340961
0000000002b7a571
0000000000000181
00001a2dac9eb561
0000000002b7a571
0000000000000181
00001a404d096161
0000000002b7a571
0000000000000181
00001a52ed740d61
0000000002b7a571
0000000000000181
00001a658ddeb961
0000000002b7a571
0000000000000181
00001a782e496561
0000000002b7a571
0000000000000181
00001a8aceb41161
0000000002b7a571
0000000000000181
00001a9d6f1ebe61
0000000002b7a571
0000000000000181
00001ab00f896a61
0000000002b7a571
0000000000000181
00001ac2aff41661
0000000002b7a571
0000000000000181
00001ad5505ec361
0000000002b7a571
0000000000000181
00001ae7f0c96f61
0000000002b7a571
0000000000000181
00001afa91341b61
0000000002b7a571
0000000000000181
00001b0d319ec861
0000000002b7a571
0000000000000181
00001b1fd2097461
0000000002b7a571
0000000000000181
00001b3272742161
0000000002b7a571
0000000000000181
00001b4512decd61
0000000002b7a571
0000000000000181
00001b57b3497a61
0000000002b7a571
0000000000000181
00001b6a53b42761
0000000002b7a571
0000000000000181
00001b7cf41ed461
0000000002b7a571
0000000000000181
00001b8f94898061
0000000002b7a571
0000000000000181
00001ba234f42d61
0000000002b7a571
0000000000000181
00001bb4d55eda61
0000000002b7a571
0000000000000181
00001bc775c98761
0000000002b7a571
0000000000000181
00001bda16343461
0000000002b7a571
0000000000000181
00001becb69ee161
0000000002b7a571
0000000000000181
00001bff57098e61
0000000002b7a571
0000000000000181
00001c11f7743b61
0000000002b7a571
0000000000000181
00001c2497dee861
0000000002b7a571
0000000000000181
00001c3738499561
0000000002b7a571
0000000000000181
00001c49d8b44261
0000000002b7a571
0000000000000181
00001c5c791eef61
0000000002b7a571
0000000000000181
00001c6f19899c61
0000000002b7a571
0000000000000181
00001c81b9f44a61
0000000002b7a571
0000000000000181
00001c945a5ef761
0000000002b7a571
0000000000000181
00001ca6fac9a461
0000000002b7a571
0000000000000181
00001cb99b345261
0000000002b7a571
0000000000000181
00001ccc3b9eff61
0000000002b7a571
0000000000000181
00001cdedc09ac61
0000000002b7a571
0000000000000181
00001cf17c745a61
0000000002b7a571
0000000000000181
00001d041cdf0761
0000000002b7a571
0000000000000181
00001d16bd49b561
0000000002b7a571
0000000000000181
00001d295db46261
0000000002b7a571
0000000000000181
00001d3bfe1f1061
0000000002b7a571
0000000000000181
00001d4e9e89bd61
0000000002b7a571
0000000000000181
00001d613ef46b61
0000000002b7a571
0000000000000181
00001d73df5f1861
0000000002b7a571
0000000000000181
00001d867fc9c661
0000000002b7a571
0000000000000181
00001d9920347361
0000000002b7a571
0000000000000181
00001dabc09f2161
0000000002b7a571
0000000000000181
00001dbe6109cf61
0000000002b7a571
0000000000000181
00001dd101747d61
0000000002b7a571
0000000000000181
00001de3a1df2a61
0000000002b7a571
0000000000000181
00001df64249d861
0000000002b7a571
0000000000000181
00001e08e2b48661
0000000002b7a571
0000000000000181
00001e1b831f3461
0000000002b7a571
0000000000000181
00001e2e2389e261
0000000002b7a571
0000000000000181
00001e40c3f49061
0000000002b7a571
0000000000000181
00001e53645f3e61
0000000002b7a571
0000000000000181
00001e6604c9ec61
0000000002b7a571
0000000000000181
00001e78a5349a61
0000000002b7a571
0000000000000181
00001e8b459f4961
0000000002b7a571
0000000000000181
00001e9de609f761
0000000002b7a571
0000000000000181
00001eb08674a561
0000000002b7a571
0000000000000181
00001ec326df5361
0000000002b7a571
0000000000000181
00001ed5c74a0261
0000000002b7a571
0000000000000181
00001ee867b4b061
0000000002b7a571
0000000000000181
00001efb081f5e61
0000000002b7a571
0000000000000181
00001f0da88a0d61
0000000002b7a571
0000000000000181
00001f2048f4bb61
0000000002b7a571
0000000000000181
00001f32e95f6a61
0000000002b7a571
0000000000000181
00001f4589ca1961
0000000002b7a571
0000000000000181
00001f582a34c761
0000000002b7a571
0000000000000181
00001f6aca9f7661
0000000002b7a571
0000000000000181
00001f7d6b0a2561
0000000002b7a571
0000000000000181
00001f900b74d361
0000000002b7a571
0000000000000181
00001fa2abdf8261
0000000002b7a571
0000000000000181
00001fb54c4a3161
0000000002b7a571
0000000000000181
00001fc7ecb4e061
0000000002b7a571
0000000000000181
00001fda8d1f8f61
0000000002b7a571
0000000000000181
00001fed2d8a3e61
0000000002b7a571
0000000000000181
00001fffcdf4ed61
0000000002b7a571
0000000000000181
000020126e5f9c61
0000000002b7a571
0000000000000181
000020250eca4b61
0000000002b7a571
0000000000000181
00002037af34fa61
0000000002b7a571
0000000000000181
0000204a4f9fa961
0000000002b7a571
0000000000000181
0000205cf00a5861
0000000002b7a571
0000000000000181
0000206f90750861
0000000002b7a571
0000000000000181
0000208230dfb761
0000000002b7a571
0000000000000181
00002094d14a6661
0000000002b7a571
0000000000000181
000020a771b51661
0000000002b7a571
0000000000000181
000020ba121fc561
0000000002b7a571
0000000000000181
000020ccb28a7561
0000000002b7a571
0000000000000181
000020df52f52461
0000000002b7a571
0000000000000181
000020f1f35fd461
0000000002b7a571
0000000000000181
0000210493ca8361
0000000002b7a571
0000000000000181
0000211734353361
0000000002b7a571
0000000000000181
00002129d49fe261
0000000002b7a571
0000000000000181
0000213c750a9261
0000000002b7a571
0000000000000181
0000214f15754261
0000000002b7a571
0000000000000181
00002161b5dff261
0000000002b7a571
0000000000000181
00002174564aa161
0000000002b7a571
0000000000000181
00002186f6b55161
0000000002b7a571
0000000000000181
0000219997200161
0000000002b7a571
0000000000000181
000021ac378ab161
0000000002b7a571
0000000000000181
000021bed7f56161
0000000002b7a571
0000000000000181
000021d178601161
0000000002b7a571
0000000000000181
000021e418cac161
0000000002b7a571
0000000000000181
000021f6b9357161
0000000002b7a571
0000000000000181
0000220959a02161
0000000002b7a571
0000000000000181
0000221bfa0ad161
0000000002b7a571
0000000000000181
0000222e9a758261
0000000002b7a571
0000000000000181
000022413ae03261
0000000002b7a571
0000000000000181
00002253db4ae261
0000000002b7a571
0000000000000181
000022667bb59261
0000000002b7a571
0000000000000181
000022791c204361
0000000002b7a571
0000000000000181
0000228bbc8af361
0000000002b7a571
0000000000000181
0000229e5cf5a461
0000000002b7a571
0000000000000181
000022b0fd605461
0000000002b7a571
0000000000000181
000022c39dcb0561
0000000002b7a571
0000000000000181
000022d63e35b561
0000000002b7a571
0000000000000181
000022e8dea06661
0000000002b7a571
0000000000000181
000022f2c83a3561
0000000002b7a571
0000000000000181
